+
1.2.3
1e+
--2
-
--2
1e-
+
1e
+
1e
+
+
-
1ee2
.
0e
abc
1.2.3
1e+
0e
1ee2
.
000.e
1e
1e
1.2.3
+
1e+
1e+
1e+
--2
abc
++1
1e+
0e
1ee2
1ee2
++1
1ee2
-
1e
e10
abc
1e-
--2
1ee2
1ee2
.
1e+
e10
1ee2
-
1.2.3
abc
1e
1e-
.
++1
--2
-
1e-
1ee2
1e
000.e
abc
e10
+
1e
1e
--2
++1
1ee2
e10
1.2.3
1e
++1
1.2.3
1e+
1.2.3
-
1.2.3
1ee2
++1
e10
--2
e10
++1
++1
1e
1ee2
--2
--2
1e+
.
0e
e10
1e+
1.2.3
1ee2
1e+
000.e
e10
++1
++1
1e-
1ee2
e10
1e-
0e
++1
1e
abc
0e
+
1e
1e-
-
e10
-
e10
e10
-
1e-
--2
++1
000.e
+
+
abc
+
1.2.3
+
1e
++1
1e+
000.e
1e-
abc
1.2.3
1e-
1e+
1e+
1.2.3
++1
e10
0e
e10
1ee2
abc
1.2.3
e10
++1
1e-
1e-
+
1.2.3
0e
1e-
1ee2
.
abc
1.2.3
0e
1.2.3
1e
000.e
0e
e10
e10
1e
0e
1e-
1e
e10
1ee2
1e-
e10
--2
e10
abc
e10
0e
abc
1ee2
1.2.3
abc
1e-
1e-
1.2.3
.
--2
1e-
++1
1e
.
e10
-
0e
1e
0e
+
000.e
--2
-
0e
1e
.
1.2.3
1e
--2
0e
+
1e-
--2
-
e10
1ee2
1ee2
1e
abc
1ee2
1e+
1.2.3
0e
000.e
1ee2
--2
e10
000.e
-
1e-
000.e
.
1e+
1e-
0e
++1
1e+
abc
1e
abc
e10
--2
++1
++1
.
1e-
1.2.3
0e
e10
--2
.
1e-
++1
.
0e
--2
+
1e+
1e+
1.2.3
1e+
0e
1e
1.2.3
abc
abc
-
1e
-
0e
+
--2
.
abc
e10
.
000.e
1ee2
.
++1
000.e
0e
1e+
-
0e
++1
0e
1e
0e
0e
1ee2
1e+
1e+
0e
1.2.3
0e
--2
1e
0e
1e
abc
1ee2
0e
1.2.3
1e+
-
.
0e
abc
++1
1e
e10
1e-
abc
1e+
000.e
1e+
000.e
--2
1e+
1.2.3
.
1.2.3
1e+
1e+
+
e10
.
--2
1e+
.
1e-
++1
+
--2
--2
--2
1ee2
-
1ee2
1e-
abc
--2
abc
1e+
0e
1e
1ee2
1ee2
1ee2
e10
1ee2
000.e
abc
e10
1ee2
++1
1e
++1
1e-
++1
1e
+
1e
++1
1ee2
1e-
1ee2
--2
0e
++1
.
--2
000.e
1ee2
0e
--2
.
abc
.
000.e
--2
.
1e
1ee2
--2
.
0e
--2
1e
1e+
--2
++1
e10
1e+
1.2.3
.
abc
abc
1e-
1e+
1ee2
e10
+
--2
000.e
1.2.3
.
000.e
1ee2
1e
1e
1e-
e10
++1
abc
1e
+
0e
0e
000.e
0e
000.e
.
e10
1e+
e10
1ee2
-
1.2.3
.
1e
1e-
e10
000.e
1e-
1e+
0e
1e-
.
1ee2
abc
e10
.
1e-
+
-
0e
0e
1e+
1e-
1e-
1e-
-
+
1ee2
e10
1.2.3
-
+
+
.
000.e
-
.
1e+
1.2.3
0e
1e-
1e
0e
.
-
1.2.3
0e
+
1ee2
e10
++1
-
.
000.e
0e
-
1e+
++1
1e+
--2
0e
.
1e+
++1
abc
abc
abc
0e
abc
0e
0e
+
0e
abc
0e
1e-
1e
0e
1e
++1
1e+
1ee2
--2
0e
abc
1.2.3
--2
++1
1.2.3
++1
.
1e
1ee2
1e
1e+
1.2.3
-
1e-
000.e
1.2.3
abc
++1
1e+
1.2.3
1e
1.2.3
-
--2
1.2.3
-
1.2.3
1e-
++1
0e
1e
0e
1e+
abc
0e
1e-
1e+
000.e
--2
0e
abc
1e-
1ee2
1e+
.
1e-
e10
0e
1.2.3
++1
.
.
1ee2
1.2.3
0e
--2
e10
-
+
1ee2
e10
abc
--2
000.e
1e+
1e
1e
1e-
--2
1e-
1e-
0e
1e
0e
1e+
.
-
1e+
.
1ee2
--2
--2
0e
0e
e10
++1
abc
++1
000.e
1e-
1e-
1e
1e
1e+
.
1e-
++1
--2
1e
++1
0e
0e
000.e
1ee2
e10
1e-
.
1e+
0e
0e
1e+
.
000.e
0e
1e+
1ee2
000.e
0e
.
+
e10
+
.
+
.
e10
1e+
++1
abc
-
++1
++1
++1
0e
1ee2
e10
1e
1e+
1ee2
000.e
-
1e-
e10
1e+
-
1e
1ee2
000.e
1ee2
1ee2
1e
++1
0e
++1
1e
1e+
--2
.
1ee2
1e-
1e+
1e
1.2.3
1e-
e10
1e
.
1e
000.e
abc
abc
1e+
1e+
++1
+
abc
-
1e+
0e
+
1ee2
.
+
e10
1.2.3
+
++1
-
++1
+
000.e
--2
1e-
1e+
+
abc
++1
1ee2
000.e
.
+
1e-
++1
.
+
.
0e
000.e
1e+
1ee2
--2
e10
--2
1e-
1.2.3
abc
1e+
+
-
1e
abc
e10
+
1ee2
+
1e
.
+
000.e
abc
0e
e10
0e
-
1e
.
--2
e10
1ee2
1e+
1e+
++1
1e+
1e
1e-
--2
+
++1
--2
1e+
1e-
1ee2
.
--2
1e+
1e+
abc
1e
000.e
abc
0e
1e+
1e+
000.e
000.e
1ee2
++1
1.2.3
1e+
abc
000.e
.
1e-
++1
abc
+
1e
abc
1.2.3
++1
1e+
0e
1e
++1
1ee2
++1
++1
1e-
1ee2
-
abc
-
1ee2
e10
000.e
++1
0e
+
++1
+
1e-
1.2.3
1e-
1e+
1.2.3
1e
--2
1e
++1
.
1ee2
e10
1e-
000.e
0e
1ee2
+
1e-
+
1e+
.
000.e
0e
+
1e+
-
1e
000.e
1.2.3
--2
e10
-
0e
e10
--2
e10
0e
0e
+
1ee2
abc
.
0e
1.2.3
1e
1e
1e
1.2.3
abc
1e
1ee2
1.2.3
1e-
1e+
abc
1e
+
abc
--2
+
1.2.3
1e-
-
1ee2
-
1ee2
1ee2
1e+
--2
-
abc
1ee2
1e+
++1
1e-
1e+
1.2.3
e10
1e+
1.2.3
--2
1.2.3
abc
abc
abc
1ee2
000.e
1ee2
1.2.3
++1
++1
.
1e+
1e
1e+
++1
-
abc
0e
++1
e10
1ee2
+
1.2.3
1.2.3
abc
0e
1ee2
1e
--2
--2
1e
++1
.
--2
+
e10
000.e
1e
1ee2
0e
--2
1e-
+
000.e
.
0e
1.2.3
1e+
000.e
1e-
abc
000.e
1e+
abc
++1
e10
.
abc
e10
1e-
0e
e10
.
-
.
++1
000.e
1ee2
--2
1ee2
000.e
.
1e
e10
1e-
e10
1e
1e-
1e+
1.2.3
1ee2
+
1.2.3
1e-
1e
.
+
.
0e
000.e
0e
0e
.
e10
e10
abc
e10
e10
-
000.e
abc
+
1e
1e+
++1
1ee2
++1
.
-
e10
-
1e+
.
000.e
000.e
1e+
1.2.3
--2
abc
e10
e10
+
--2
1e
e10
-
e10
1e-
++1
000.e
1ee2
e10
1e
1e
+
1e+
1e+
1ee2
+
0e
e10
000.e
0e
e10
1ee2
000.e
--2
1e+
abc
abc
0e
1e
0e
1.2.3
1e+
1e-
1e
.
.
abc
0e
.
+
0e
-
0e
abc
1ee2
-
1e+
1e
1e-
1.2.3
e10
e10
0e
--2
--2
e10
1ee2
1e+
1e-
0e
++1
1ee2
abc
+
1e
1ee2
1ee2
-
1.2.3
1ee2
1e-
+
000.e
--2
--2
-
1e
+
--2
1e
1.2.3
1e+
abc
.
--2
1.2.3
--2
1e+
e10
000.e
1ee2
abc
1ee2
1e-
1e+
0e
1e+
1.2.3
--2
0e
-
000.e
--2
++1
1e-
+
--2
+
.
abc
000.e
1.2.3
--2
1e
1ee2
0e
++1
-
abc
++1
e10
.
.
1ee2
.
--2
.
+
1e-
e10
--2
+
--2
000.e
000.e
1e
1e+
1e
1e
+
.
000.e
0e
1e+
0e
1e+
+
1e-
abc
e10
.
abc
abc
1ee2
++1
1e
.
-
0e
.
1e+
abc
.
e10
1e-
1.2.3
0e
1e
000.e
abc
+
1e+
1ee2
++1
0e
.
e10
++1
abc
000.e
+
abc
.
+
1e+
1.2.3
abc
-
000.e
abc
++1
1e
0e
1ee2
1ee2
1ee2
1e
+
1e-
e10
0e
.
1.2.3
1e+
1.2.3
++1
-
1ee2
--2
.
.
1e-
+
000.e
1ee2
0e
000.e
--2
+
.
e10
+
abc
e10
0e
1e
++1
abc
1ee2
++1
000.e
1.2.3
1e
1e+
e10
.
+
1e
0e
+
.
.
--2
-
1e+
1e
abc
-
1e
+
.
0e
0e
1e-
000.e
1e-
e10
+
.
1e
.
++1
-
e10
1e-
-
--2
abc
--2
abc
-
++1
--2
e10
1e+
1e
1e+
+
1e
+
abc
1e+
1.2.3
--2
+
1.2.3
.
1e+
0e
1e
1e
0e
1.2.3
+
abc
1e-
1e+
+
1e-
++1
000.e
000.e
.
1.2.3
.
--2
+
1.2.3
.
--2
1ee2
--2
000.e
1.2.3
e10
0e
.
e10
1.2.3
1e
1e+
000.e
1e+
+
1ee2
0e
1e-
0e
1ee2
-
--2
1e
0e
1e+
abc
1e+
--2
+
abc
1.2.3
1e+
1ee2
+
abc
++1
abc
+
.
--2
000.e
+
1ee2
1ee2
1e-
abc
1e-
-
1.2.3
e10
1.2.3
abc
1e-
000.e
e10
--2
1.2.3
1e
e10
1e-
0e
1e
1ee2
.
e10
000.e
.
1e
abc
000.e
abc
+
000.e
abc
abc
000.e
1e-
e10
.
e10
1.2.3
-
e10
e10
+
++1
1e-
-
1e+
1ee2
1e
1e+
-
--2
-
--2
1e-
1ee2
++1
1e+
1.2.3
e10
1e+
1e+
+
1ee2
0e
+
1.2.3
-
abc
1e-
-
-
--2
e10
.
--2
1ee2
e10
-
abc
1e
1e
1ee2
1e
.
000.e
-
000.e
1.2.3
.
1ee2
--2
1ee2
.
1e
+
e10
e10
1ee2
1e
.
+
0e
1e
++1
1.2.3
.
1e
abc
+
000.e
0e
++1
.
1ee2
1ee2
abc
e10
abc
1e-
1.2.3
000.e
1.2.3
+
0e
1e
1e-
1e+
.
++1
1e+
e10
1e
--2
+
0e
++1
000.e
1.2.3
1ee2
-
1e
-
+
1e
+
1ee2
1.2.3
++1
abc
1e
abc
000.e
e10
0e
++1
1e+
000.e
1e+
1e+
+
1.2.3
abc
abc
1e+
abc
-
000.e
1e-
++1
++1
abc
+
.
0e
-
+
1e-
-
000.e
1e+
++1
1e+
--2
++1
1.2.3
1e-
--2
1e
1ee2
++1
++1
0e
1e
.
++1
-
.
1.2.3
0e
.
-
abc
-
1e-
1.2.3
1e
--2
1e
--2
1e+
1ee2
0e
0e
++1
.
--2
000.e
1ee2
1e-
abc
+
1e-
abc
1ee2
000.e
-
abc
+
1e+
000.e
1.2.3
--2
1e+
1e-
1e-
abc
-
abc
1e
1ee2
0e
1e-
000.e
e10
e10
.
-
1e+
1e
1e-
000.e
+
1ee2
e10
1e+
1e
abc
.
-
--2
+
e10
1e+
1.2.3
++1
abc
+
0e
1e+
abc
.
+
+
e10
1e+
.
abc
++1
1.2.3
000.e
1.2.3
--2
abc
--2
-
1e-
0e
0e
.
0e
1ee2
1e-
.
1.2.3
.
1ee2
1e+
1e+
1e
1e+
000.e
1ee2
1.2.3
-
1ee2
-
e10
1e
+
1e
-
++1
1.2.3
1ee2
1e-
abc
.
1ee2
1e
++1
1e
0e
1e-
.
1e+
1ee2
.
1e
1e-
--2
1e-
-
1e
1e+
-
.
abc
1e-
-
.
-
.
1e+
1e-
+
1e
.
000.e
1e-
1e
.
-
abc
.
1e
-
--2
abc
abc
+
1.2.3
.
++1
--2
+
0e
--2
0e
e10
e10
1ee2
abc
e10
1ee2
1e
+
1e
1e+
0e
000.e
++1
1e+
1e+
e10
1.2.3
-
0e
1ee2
1ee2
-
++1
.
++1
.
+
.
1e+
--2
1ee2
1e
1e
-
abc
-
.
e10
e10
1e
+
++1
+
1e
1ee2
000.e
0e
.
1e-
.
-
e10
1e
1ee2
++1
1.2.3
1e
1ee2
0e
abc
1ee2
1ee2
1.2.3
++1
1ee2
+
++1
0e
--2
000.e
-
e10
+
1.2.3
1.2.3
0e
1.2.3
1e+
0e
abc
0e
0e
1e-
1e-
1e+
0e
1e-
abc
1e
0e
.
000.e
0e
1ee2
--2
-
000.e
abc
1e
--2
1e-
e10
1e-
++1
abc
1.2.3
.
e10
--2
1e
0e
++1
++1
++1
--2
1e-
e10
1e-
1ee2
e10
++1
e10
1ee2
++1
e10
e10
1ee2
0e
1e+
1.2.3
1e+
e10
-
--2
1.2.3
1.2.3
1e
000.e
1e+
abc
--2
--2
0e
1e-
0e
1e-
--2
1.2.3
1e-
000.e
1.2.3
1ee2
+
0e
0e
000.e
+
.
1e+
1ee2
1e
-
+
.
e10
abc
--2
-
1e+
-
0e
abc
.
abc
abc
++1
abc
000.e
1e+
0e
1.2.3
1e+
1e-
.
1ee2
--2
1e
abc
1e
e10
-
e10
+
1e+
-
1e
1ee2
-
0e
1ee2
.
-
1ee2
1e
1e-
1ee2
1e+
--2
1e+
0e
++1
++1
1.2.3
abc
000.e
.
abc
1.2.3
0e
.
1e-
1ee2
+
1ee2
1e-
--2
1e-
e10
000.e
+
1e+
++1
+
-
abc
++1
1.2.3
e10
1ee2
abc
abc
0e
000.e
-
1ee2
1e+
1e
abc
-
1ee2
++1
.
-
e10
++1
1e-
1.2.3
e10
000.e
e10
1e+
-
0e
1.2.3
++1
1.2.3
.
e10
1ee2
abc
e10
--2
-
+
+
--2
+
-
1e
1ee2
1ee2
.
1e+
1e-
-
.
--2
.
.
abc
1e+
abc
000.e
--2
1.2.3
1e
1ee2
1.2.3
1e+
e10
1e-
0e
e10
e10
-
0e
++1
.
1ee2
1e
1e+
+
abc
e10
-
.
--2
0e
-
++1
1e+
+
1e-
.
abc
.
++1
abc
000.e
000.e
abc
0e
0e
.
1e
abc
0e
++1
1e
.
000.e
e10
000.e
000.e
000.e
--2
1.2.3
1e
000.e
.
1e
1ee2
abc
--2
+
+
1e-
1ee2
000.e
abc
.
abc
1e
abc
000.e
--2
1e-
-
abc
1e+
-
++1
++1
-
++1
e10
1e-
.
.
abc
000.e
+
1e
1e-
abc
1e-
e10
000.e
++1
000.e
-
1.2.3
1ee2
0e
+
1e+
abc
abc
1e
-
1e+
.
1e-
abc
000.e
++1
1e-
++1
1e
1e+
0e
abc
--2
1ee2
1e
+
1e
000.e
.
1e
1e
--2
++1
.
1e+
e10
abc
-
1.2.3
1.2.3
.
.
++1
1e
000.e
++1
1e+
0e
1ee2
1ee2
0e
--2
1ee2
abc
-
--2
abc
.
abc
1e+
0e
e10
0e
--2
1ee2
--2
1e
000.e
abc
+
1ee2
1e-
1.2.3
000.e
1e+
1.2.3
+
1e-
0e
1e
1ee2
+
1ee2
1.2.3
e10
abc
1e+
1e
0e
1e
1e+
1e-
.
1ee2
++1
++1
--2
0e
0e
abc
abc
e10
1e-
e10
abc
1ee2
1.2.3
1e-
--2
1ee2
++1
.
+
1e
abc
1e
e10
1e
1e+
e10
1ee2
e10
1.2.3
e10
+
.
abc
1e
e10
1ee2
1e+
0e
+
--2
--2
1e
1e-
.
e10
++1
1ee2
-
000.e
1e-
1e-
000.e
1e-
1e+
++1
1.2.3
1e+
.
1e+
+
0e
+
1e-
-
-
.
1e
1e-
1e
1e-
1e-
e10
-
1ee2
000.e
0e
1e+
+
0e
0e
e10
0e
++1
-
abc
.
--2
1ee2
000.e
.
1e
abc
1e+
1.2.3
-
--2
1.2.3
1.2.3
1ee2
1.2.3
-
e10
1e
--2
e10
1ee2
abc
1ee2
0e
1.2.3
1ee2
1.2.3
+
-
abc
+
1e+
abc
1e+
e10
1e
1ee2
e10
--2
+
0e
-
+
--2
1e+
e10
1.2.3
abc
.
0e
000.e
0e
1ee2
e10
abc
1e
.
1e
abc
1e+
e10
1e
0e
000.e
1e-
--2
abc
1e+
1e+
1ee2
1.2.3
++1
0e
000.e
--2
abc
0e
1.2.3
-
abc
--2
1e+
++1
--2
.
1e+
-
1e+
000.e
--2
1e+
++1
e10
1.2.3
abc
++1
0e
-
e10
e10
+
+
++1
abc
000.e
000.e
-
1.2.3
++1
1ee2
1e-
1ee2
++1
.
--2
+
1e
000.e
.
abc
000.e
1e+
1e-
1e-
e10
+
1e
000.e
.
+
.
0e
1.2.3
e10
-
e10
0e
1e+
1e
1.2.3
1e+
--2
0e
1e-
1ee2
.
++1
abc
--2
1.2.3
1ee2
1ee2
0e
e10
--2
000.e
1.2.3
1e-
1ee2
1.2.3
abc
0e
0e
1e
0e
e10
+
1ee2
1e-
e10
e10
++1
-
0e
1.2.3
1ee2
.
1e
+
e10
-
1ee2
.
1e+
e10
1ee2
--2
abc
1.2.3
1ee2
1.2.3
-
+
e10
1.2.3
000.e
1e+
.
000.e
e10
1ee2
-
1e
--2
e10
1e-
e10
0e
+
+
1e-
1e
++1
e10
-
++1
--2
1e
e10
1e
-
0e
1e
0e
e10
.
.
-
.
-
-
+
++1
1e
1e+
1ee2
000.e
+
e10
1ee2
.
1.2.3
e10
1e-
1ee2
++1
1.2.3
--2
0e
e10
1e-
1ee2
1e
1e-
1ee2
--2
++1
+
0e
e10
.
1e
+
1.2.3
++1
-
--2
++1
abc
++1
++1
+
1e+
e10
1e
0e
+
1e+
abc
1e
++1
1e+
abc
.
1ee2
abc
1.2.3
1.2.3
--2
.
1.2.3
1ee2
1e-
+
+
abc
.
1e
++1
abc
+
1e+
1.2.3
1e
-
+
--2
1e
1e-
1e
++1
000.e
0e
.
000.e
1.2.3
1e-
0e
++1
1e-
-
1ee2
e10
1e-
--2
1e-
-
1e+
1e+
1.2.3
+
.
--2
1.2.3
e10
--2
1e-
e10
-
++1
1.2.3
e10
--2
000.e
0e
e10
.
1e+
1e-
-
1ee2
--2
1e+
1e
.
abc
1ee2
1e-
1e-
e10
1.2.3
1e
1.2.3
.
-
1ee2
1e-
1e-
1.2.3
1ee2
e10
000.e
abc
e10
++1
abc
1e+
++1
.
e10
--2
e10
1.2.3
000.e
1e+
++1
1e+
1.2.3
1e
0e
++1
-
.
-
e10
--2
1e-
1ee2
1e+
1e+
1ee2
1e+
+
1e+
1e+
1.2.3
-
e10
1e+
000.e
000.e
1e+
1e+
.
000.e
.
--2
1ee2
1e+
abc
++1
abc
+
+
abc
1e+
000.e
1ee2
.
++1
000.e
+
.
1e-
0e
e10
1.2.3
000.e
1e+
0e
++1
-
++1
+
-
++1
abc
1.2.3
e10
-
-
abc
-
+
abc
.
000.e
000.e
1.2.3
+
++1
--2
1e
1.2.3
1e+
0e
0e
++1
abc
--2
0e
1e-
++1
000.e
1e+
0e
+
-
e10
.
000.e
--2
1e
e10
abc
--2
--2
1ee2
.
1e
--2
e10
abc
+
1e-
abc
1e+
--2
1e+
0e
000.e
000.e
+
abc
1e
1e+
1e
1e
1.2.3
1e+
000.e
0e
000.e
e10
1e+
-
000.e
1e+
+
+
--2
000.e
.
1e+
.
.
-
1ee2
-
000.e
e10
-
1ee2
++1
0e
1.2.3
++1
1ee2
e10
1e-
-
--2
--2
000.e
000.e
abc
abc
1e
1e
abc
--2
1e-
++1
1e
.
0e
-
1e-
1e+
0e
-
1ee2
000.e
+
abc
++1
.
1.2.3
000.e
abc
e10
-
.
1e
1e-
-
+
000.e
000.e
++1
.
1.2.3
+
1ee2
e10
1ee2
-
1e-
1e+
--2
1e-
abc
1.2.3
++1
+
1e+
.
+
1e+
--2
1e
+
-
1e-
1ee2
.
++1
1e
1.2.3
1e
abc
1.2.3
.
+
e10
1ee2
1e
e10
abc
-
1ee2
1e-
-
1e+
1ee2
--2
abc
1e+
1e+
--2
abc
abc
abc
000.e
1ee2
000.e
abc
1ee2
1ee2
1.2.3
1.2.3
1.2.3
1ee2
abc
abc
-
1e-
e10
+
1e
1e+
--2
e10
--2
0e
+
1e-
.
e10
++1
1ee2
-
abc
1e
000.e
abc
000.e
e10
-
1e-
.
++1
+
1e
1ee2
e10
+
.
1e-
1e+
--2
.
abc
1ee2
+
1e
1ee2
abc
000.e
1e
e10
.
1.2.3
.
1.2.3
1e
000.e
++1
-
1e+
++1
e10
000.e
.
1.2.3
0e
1.2.3
--2
1e+
1.2.3
000.e
abc
-
1ee2
++1
0e
-
++1
1ee2
.
++1
-
abc
1e+
1e
1e
-
1e
.
e10
1.2.3
--2
.
-
--2
000.e
1e-
--2
--2
-
--2
1.2.3
1e
1e+
1ee2
-
000.e
1.2.3
0e
000.e
abc
-
1e
-
--2
.
1.2.3
1.2.3
++1
--2
-
000.e
++1
1e
+
1.2.3
e10
abc
1e-
++1
000.e
++1
--2
1.2.3
1e
e10
0e
.
1ee2
1.2.3
abc
1e
1ee2
000.e
.
1ee2
1e+
1ee2
0e
abc
e10
+
--2
.
0e
1.2.3
1.2.3
-
1e+
000.e
abc
--2
1e+
0e
--2
-
000.e
.
++1
abc
-
1e
.
1e+
e10
1e
1e-
.
1ee2
0e
-
++1
1e+
1e+
-
1e-
1e+
-
0e
e10
-
.
--2
000.e
abc
.
+
1e
++1
1e+
--2
++1
++1
.
0e
1.2.3
1.2.3
abc
1e-
+
+
+
1e
1ee2
+
.
1ee2
++1
++1
--2
+
++1
1e-
1.2.3
++1
e10
1e
1e
1e
1e
--2
0e
++1
1e+
0e
.
-
++1
1.2.3
--2
1e-
1e-
++1
+
.
.
0e
1ee2
000.e
-
++1
1e
e10
e10
abc
abc
.
++1
0e
0e
1.2.3
--2
000.e
1ee2
1e+
000.e
1e
1e
--2
1e+
++1
000.e
1.2.3
1e-
0e
0e
0e
1.2.3
--2
abc
1e+
e10
0e
1.2.3
1e+
1e+
1e
1ee2
abc
abc
.
1e-
e10
000.e
+
abc
+
000.e
+
++1
abc
000.e
1.2.3
.
-
0e
+
1.2.3
.
--2
1e
++1
1e-
.
.
000.e
e10
0e
--2
000.e
1.2.3
1ee2
+
e10
1e-
-
1e+
--2
1e
1e-
+
e10
abc
1e
--2
1e+
+
abc
1.2.3
--2
-
1e-
1e+
abc
-
1e-
-
.
abc
1ee2
0e
--2
--2
000.e
--2
1e-
.
++1
1e+
e10
1.2.3
1ee2
+
1e-
000.e
--2
0e
000.e
000.e
1e
1e-
abc
abc
1e
1e+
--2
+
1e
++1
+
1.2.3
++1
--2
1.2.3
1ee2
++1
1e-
1ee2
-
1e+
1e-
000.e
+
0e
1e
++1
abc
+
++1
--2
-
+
--2
e10
++1
1e+
abc
1e
+
1e-
0e
++1
000.e
++1
1.2.3
++1
1e+
e10
1e-
++1
+
1e
.
1e
.
1ee2
0e
1.2.3
++1
abc
e10
--2
e10
1.2.3
abc
1e+
0e
1.2.3
0e
1e+
abc
abc
.
1.2.3
+
1e+
++1
--2
0e
1e
1e-
1ee2
1ee2
-
--2
abc
-
e10
--2
.
.
0e
++1
1e
1.2.3
+
.
--2
+
++1
.
1ee2
0e
.
000.e
1e
--2
1ee2
000.e
--2
000.e
1e
--2
1e+
1e+
1ee2
1.2.3
abc
+
0e
0e
1e-
++1
1ee2
.
e10
1ee2
1e-
.
1e-
1e+
000.e
1e-
++1
1ee2
1e+
1ee2
000.e
1e+
000.e
++1
++1
1.2.3
1e+
-
e10
000.e
--2
1.2.3
1ee2
1e
--2
abc
--2
0e
1e+
--2
1e-
-
.
-
1ee2
+
--2
+
1ee2
e10
1e+
+
1.2.3
1ee2
000.e
1e-
000.e
0e
+
.
1e-
1e
1e
0e
0e
000.e
--2
0e
1ee2
--2
+
-
+
000.e
-
1.2.3
++1
0e
1ee2
abc
1e+
.
abc
1e
+
-
1e-
.
1ee2
000.e
abc
+
1.2.3
1.2.3
+
-
1e-
++1
.
++1
-
1.2.3
1ee2
1ee2
+
e10
1ee2
1ee2
+
.
.
+
1ee2
1e-
1.2.3
000.e
abc
1e+
000.e
1e-
1e
1ee2
1.2.3
++1
++1
+
1e-
1.2.3
abc
.
abc
--2
+
-
-
1.2.3
.
1e+
000.e
1e
.
1e+
++1
1e
1e-
1e
.
1e+
--2
--2
0e
000.e
1.2.3
1e-
e10
1ee2
e10
--2
1e
0e
+
-
+
--2
1e
-
1e-
000.e
1e-
1e-
.
abc
0e
1e+
++1
e10
-
++1
abc
1e+
--2
1e
1ee2
.
e10
1.2.3
1e-
000.e
abc
abc
+
.
1.2.3
1e-
000.e
e10
1ee2
1e
e10
+
++1
1e
+
000.e
1e-
1ee2
+
-
abc
1.2.3
-
-
-
000.e
0e
--2
++1
1ee2
--2
+
++1
++1
++1
.
e10
e10
1.2.3
1e-
+
1e
abc
.
000.e
abc
--2
-
1.2.3
--2
1e-
e10
0e
1e+
--2
e10
1e+
1.2.3
+
1e+
.
000.e
++1
1.2.3
--2
1ee2
1.2.3
1e
-
e10
0e
-
e10
1ee2
abc
1e
abc
1e+
000.e
abc
1e-
000.e
1.2.3
abc
0e
1e
e10
1e-
000.e
+
abc
.
1e-
1e-
1e
0e
e10
+
1e-
--2
1e-
1.2.3
--2
.
.
e10
++1
e10
0e
+
1e
.
.
1e
.
-
-
000.e
-
+
--2
.
abc
+
000.e
1e
1e
0e
1e-
1e
1e+
0e
e10
0e
--2
0e
++1
0e
1.2.3
-
++1
--2
.
abc
e10
abc
000.e
1e
1e-
0e
000.e
e10
-
++1
+
--2
1e+
1e+
0e
-
++1
++1
1e
e10
e10
+
--2
e10
0e
0e
1e
1e-
+
--2
0e
.
+
+
-
+
-
000.e
abc
abc
-
e10
++1
--2
0e
+
1e+
1e
1ee2
+
-
.
1e-
.
1e+
1e
.
1ee2
.
0e
-
1e-
1e
1e-
-
0e
++1
+
e10
e10
abc
1e+
++1
abc
000.e
-
1e
++1
1e-
1e+
abc
+
1ee2
1e-
1e+
-
e10
e10
1e
1e+
+
1ee2
1e
-
0e
000.e
++1
1.2.3
abc
+
+
1e-
abc
abc
++1
1ee2
+
1e
abc
.
.
000.e
+
1ee2
1e-
-
0e
1e-
++1
000.e
+
--2
abc
1e
0e
+
+
1e-
1e-
1.2.3
1e+
--2
1e-
+
++1
-
--2
1e-
--2
e10
1e+
.
+
000.e
1ee2
abc
+
e10
--2
1e-
0e
1e
1ee2
.
1e-
1e-
--2
abc
1.2.3
1e+
1.2.3
1e
0e
.
1e
000.e
.
abc
.
1e
1.2.3
000.e
000.e
1e
abc
1ee2
000.e
.
.
--2
1e
e10
--2
.
++1
--2
.
.
--2
e10
++1
++1
1ee2
1ee2
--2
e10
1e-
1ee2
+
1e
0e
1e+
+
000.e
++1
1e+
1.2.3
1e
e10
.
--2
1e-
e10
-
++1
abc
1e+
000.e
1ee2
1e-
1e+
1e-
1e-
1ee2
0e
1.2.3
1e+
1e-
.
000.e
1ee2
000.e
--2
.
0e
+
1e-
1ee2
1ee2
+
e10
.
0e
abc
.
+
abc
000.e
1.2.3
1e
e10
e10
1e+
1e-
1e-
1e+
.
abc
.
1e
.
+
-
1.2.3
1e+
1.2.3
1ee2
000.e
e10
0e
1e
++1
000.e
1e+
abc
--2
1e+
++1
.
.
1ee2
1e+
abc
e10
.
1e+
++1
0e
1e
1e
0e
1e-
+
++1
e10
.
e10
1e
1ee2
1e-
1e
abc
0e
abc
.
++1
+
+
1ee2
+
e10
1e
.
e10
1.2.3
+
--2
+
abc
++1
1e+
1e
1e
1ee2
1e+
0e
1e-
1.2.3
--2
000.e
000.e
1.2.3
.
1e-
++1
-
1e
1e
1e+
000.e
1.2.3
++1
--2
+
1e+
1e
000.e
-
++1
1e-
--2
--2
000.e
.
000.e
1e
1e+
.
1.2.3
+
-
0e
--2
1.2.3
1e+
abc
abc
1e-
--2
1ee2
1e+
000.e
e10
.
abc
e10
0e
0e
++1
-
1e-
0e
abc
++1
-
++1
1e-
1.2.3
1.2.3
1e-
1e
1e-
1e+
abc
1e
-
1.2.3
+
++1
-
--2
1.2.3
000.e
e10
1ee2
1.2.3
1e-
++1
.
1e-
.
0e
abc
++1
1ee2
1e+
0e
--2
1e-
0e
0e
+
++1
0e
e10
000.e
1e-
++1
1.2.3
1e+
--2
-
.
0e
+
1e
-
1e
e10
-
+
e10
1e-
--2
000.e
++1
1e+
-
1e
-
--2
0e
abc
1ee2
.
1e
1e+
1.2.3
1e+
0e
abc
000.e
0e
0e
0e
1e+
.
1e+
0e
abc
1ee2
1e-
e10
++1
-
++1
1.2.3
e10
1.2.3
abc
1e-
1.2.3
e10
-
1ee2
e10
000.e
.
000.e
++1
abc
1.2.3
000.e
+
1.2.3
.
++1
+
++1
0e
+
0e
1e-
1e+
-
1e-
e10
.
1.2.3
1ee2
+
1e-
--2
abc
1e
1e-
e10
-
abc
e10
1e-
1ee2
.
1e
0e
-
.
0e
++1
+
1.2.3
abc
1e
--2
e10
1.2.3
.
1e+
1e-
1.2.3
.
000.e
-
0e
-
abc
-
0e
.
0e
1e+
1e-
1.2.3
--2
000.e
000.e
+
+
--2
1e+
e10
++1
-
abc
+
e10
0e
1e-
1.2.3
+
1e
abc
abc
000.e
e10
1e+
abc
++1
000.e
000.e
000.e
-
1e
abc
1e-
++1
--2
1e-
1.2.3
e10
1e-
1ee2
-
abc
1e+
0e
0e
++1
.
++1
--2
.
-
000.e
1e+
e10
0e
1.2.3
.
e10
1.2.3
.
.
1e+
++1
+
-
.
++1
+
0e
1e-
0e
-
++1
1e+
1ee2
1.2.3
000.e
.
1ee2
abc
+
0e
000.e
e10
--2
1e
1ee2
abc
1e
1e-
1.2.3
+
abc
1.2.3
-
1e+
1e-
000.e
++1
1ee2
abc
0e
--2
+
1e
1.2.3
.
+
++1
1ee2
1.2.3
000.e
1e-
1.2.3
1ee2
abc
abc
1ee2
1.2.3
+
abc
1e-
1ee2
1e+
abc
1.2.3
1e+
0e
1e-
++1
1.2.3
0e
1e-
+
1.2.3
+
-
1e
.
1ee2
1.2.3
1.2.3
1e+
e10
--2
1ee2
1e
1.2.3
.
000.e
1e
1ee2
abc
1e
e10
.
1e+
e10
1.2.3
1e-
0e
1e-
.
++1
e10
000.e
+
000.e
000.e
1e
1e
abc
--2
+
-
1.2.3
.
--2
1e+
+
++1
e10
0e
e10
.
--2
abc
1ee2
++1
.
+
1.2.3
1e+
+
--2
1e-
1.2.3
--2
.
1e+
-
e10
1e-
+
1ee2
1.2.3
e10
-
1e-
1ee2
0e
--2
0e
1e+
1e+
++1
e10
1.2.3
1.2.3
--2
1e-
--2
-
++1
--2
e10
.
-
--2
e10
000.e
--2
1e+
e10
--2
.
1ee2
.
abc
e10
1e+
1ee2
-
++1
0e
-
1.2.3
1e
1e+
abc
-
000.e
1e+
1.2.3
-
000.e
e10
1e-
1e-
1e+
0e
1ee2
.
-
1.2.3
.
000.e
++1
+
1e-
e10
1e+
+
++1
1e-
+
abc
abc
-
abc
0e
abc
1.2.3
1.2.3
--2
e10
1e-
1ee2
++1
1e
1e+
000.e
1.2.3
abc
++1
.
1e+
1.2.3
1.2.3
1.2.3
1ee2
e10
++1
--2
abc
++1
+
1.2.3
e10
++1
--2
-
-
0e
1e
0e
e10
1e
0e
+
000.e
.
e10
1.2.3
1.2.3
+
+
--2
e10
--2
e10
1e
abc
1ee2
-
1.2.3
++1
+
0e
-
000.e
1e+
1ee2
++1
000.e
1e-
+
e10
--2
1.2.3
+
--2
1e
-
++1
1.2.3
e10
1ee2
-
--2
-
-
++1
.
1.2.3
1e+
1e
0e
+
000.e
+
1ee2
1.2.3
+
+
1e
1e
1ee2
abc
1e
--2
++1
1ee2
1.2.3
1.2.3
abc
-
.
1.2.3
e10
++1
--2
-
abc
1e+
1e
1e
1e+
abc
e10
++1
000.e
1ee2
++1
--2
++1
-
1e+
abc
abc
-
1e+
0e
1.2.3
0e
--2
1e-
--2
.
0e
+
+
1e
e10
1ee2
e10
abc
e10
--2
1ee2
1e-
1e-
abc
++1
+
1e
000.e
1ee2
.
e10
-
abc
+
000.e
1e+
.
1e+
1e
e10
-
1e-
1.2.3
abc
e10
1.2.3
1e
0e
++1
0e
-
abc
e10
abc
+
e10
1ee2
0e
1e+
1e+
-
++1
0e
++1
-
.
abc
1e-
0e
1e+
-
abc
abc
1.2.3
e10
-
000.e
.
1e-
1.2.3
++1
0e
1.2.3
1ee2
1.2.3
+
-
e10
1e
-
++1
1ee2
abc
1.2.3
+
e10
000.e
e10
.
--2
.
.
1ee2
1e+
000.e
1e-
--2
1ee2
-
0e
e10
1e+
+
1e
1ee2
e10
0e
1ee2
0e
000.e
abc
-
e10
abc
-
0e
1ee2
+
abc
1e-
+
1ee2
1.2.3
.
1ee2
000.e
e10
0e
e10
0e
abc
-
+
abc
1e-
.
1e-
1.2.3
+
abc
+
.
1ee2
++1
.
1ee2
abc
e10
+
abc
+
++1
1e+
abc
1e+
0e
++1
1e+
++1
e10
abc
0e
++1
.
1e+
000.e
-
abc
--2
--2
1ee2
1e+
1ee2
0e
1ee2
abc
++1
000.e
1ee2
1ee2
1e
1.2.3
-
000.e
0e
-
0e
1e+
+
000.e
0e
--2
abc
1e+
000.e
+
000.e
++1
.
000.e
e10
abc
0e
1e+
e10
000.e
1e-
.
1ee2
1e
.
-
1ee2
e10
e10
1e
1e+
0e
.
1e+
++1
1e
.
.
1ee2
1ee2
1e+
abc
e10
abc
+
-
--2
.
000.e
1e+
.
++1
1e
-
000.e
.
1.2.3
+
abc
1e-
1.2.3
++1
++1
1ee2
1ee2
--2
++1
e10
1e-
e10
+
1ee2
-
1e-
000.e
e10
1.2.3
+
-
1e-
1e-
--2
--2
--2
0e
e10
--2
000.e
++1
.
1e
++1
++1
-
+
-
-
1e+
+
000.e
000.e
e10
1e+
000.e
--2
1e
1e
1ee2
0e
+
1.2.3
e10
1ee2
000.e
1ee2
0e
000.e
0e
0e
1e
.
.
0e
.
1ee2
e10
abc
000.e
1ee2
.
.
abc
-
abc
1.2.3
-
abc
abc
-
1e-
0e
1e-
1.2.3
1e-
1e-
1.2.3
0e
abc
+
000.e
--2
1e-
1e
e10
1ee2
0e
.
0e
1e-
1e
-
.
1.2.3
e10
1e-
-
0e
.
1e+
--2
+
1e-
++1
+
0e
1e+
1e+
1.2.3
e10
e10
1e+
1e
e10
1.2.3
1e
1e+
e10
-
1ee2
000.e
0e
+
1.2.3
abc
1.2.3
1ee2
1ee2
000.e
1e+
1e-
1e-
-
1.2.3
1e-
.
+
1e-
e10
1.2.3
--2
.
--2
+
0e
.
1.2.3
.
++1
-
++1
1e+
1e+
000.e
abc
abc
.
0e
1e-
-
1ee2
1.2.3
+
+
e10
+
000.e
.
.
.
000.e
-
e10
0e
++1
000.e
e10
+
+
.
1e+
e10
++1
1e
1e
abc
1.2.3
0e
0e
e10
0e
abc
1e
abc
abc
1e+
1e-
1e+
--2
--2
+
++1
1ee2
1.2.3
++1
0e
.
abc
1.2.3
1.2.3
1ee2
e10
--2
e10
-
.
-
.
0e
1e+
.
1e-
1e+
1e-
e10
1ee2
1ee2
e10
1e+
0e
1ee2
abc
1e-
1e+
--2
000.e
1e
--2
000.e
1e-
+
+
000.e
+
--2
1ee2
1e
+
0e
1.2.3
1e-
.
1e-
1.2.3
--2
1.2.3
--2
++1
1.2.3
e10
0e
+
1e-
1e
e10
1e
0e
--2
+
1.2.3
+
--2
++1
1ee2
abc
000.e
++1
000.e
1e-
0e
0e
1e-
1e+
1ee2
1e
+
1ee2
e10
++1
-
.
000.e
000.e
1ee2
000.e
++1
1.2.3
+
.
++1
-
--2
000.e
1.2.3
.
--2
1e-
000.e
1e-
abc
.
0e
--2
e10
++1
1.2.3
1e-
0e
--2
++1
1e
1e+
e10
.
000.e
1e
000.e
--2
+
+
.
-
abc
1e+
1e
1ee2
abc
1.2.3
+
1e+
.
1e+
-
000.e
--2
.
0e
--2
++1
000.e
--2
+
.
e10
1ee2
1ee2
.
e10
1e
.
000.e
-
--2
+
1ee2
1.2.3
e10
.
e10
e10
++1
++1
1.2.3
000.e
-
e10
0e
1e
1e-
1e+
000.e
.
1.2.3
0e
-
0e
0e
e10
1e
000.e
1ee2
++1
1e-
1e
1.2.3
1e+
-
1.2.3
--2
--2
--2
1e+
0e
abc
+
1e+
e10
0e
-
+
1.2.3
--2
-
000.e
1e+
1e+
abc
0e
1ee2
abc
e10
-
abc
1e+
000.e
abc
1.2.3
1e-
.
.
1e+
.
000.e
.
1e+
1.2.3
0e
000.e
000.e
--2
--2
+
abc
1e
+
0e
000.e
+
1e+
000.e
--2
++1
++1
000.e
1e+
--2
.
+
1e
--2
++1
+
abc
+
1e-
1.2.3
1e
e10
++1
1.2.3
--2
++1
.
++1
.
1e
-
1e+
1ee2
1e
.
1.2.3
1ee2
-
abc
.
000.e
1e+
+
++1
1e+
.
+
1ee2
1e+
1e
1ee2
abc
1e+
.
--2
--2
e10
000.e
-
1e-
++1
1e
1ee2
abc
0e
1ee2
e10
abc
+
1e
e10
000.e
1e
+
abc
abc
1ee2
0e
++1
++1
++1
1ee2
+
++1
0e
e10
abc
1e+
000.e
abc
-
1.2.3
1ee2
e10
1ee2
1e
.
e10
-
000.e
1e+
++1
1e-
+
1e-
1e-
1e+
1e
.
+
++1
e10
abc
.
--2
1e
.
0e
-
1ee2
000.e
e10
1e-
1ee2
1.2.3
abc
abc
1ee2
1ee2
0e
+
000.e
-
e10
.
.
1e+
1.2.3
1e
1ee2
000.e
1ee2
-
1e
--2
000.e
.
000.e
000.e
-
000.e
0e
.
+
1e
--2
-
.
1e+
--2
1.2.3
abc
000.e
1.2.3
abc
0e
1e+
1ee2
1e-
1e
--2
-
++1
1e
-
000.e
abc
--2
e10
e10
1e+
abc
e10
1e-
0e
1.2.3
++1
--2
1e+
1e+
1e+
000.e
1.2.3
abc
1e
000.e
0e
0e
1ee2
abc
1.2.3
e10
++1
000.e
1ee2
+
-
1e+
e10
.
+
+
abc
++1
1ee2
--2
000.e
e10
.
1.2.3
+
000.e
abc
++1
++1
-
+
1e
--2
--2
1e+
1e+
++1
0e
1e-
.
++1
abc
.
1.2.3
1e+
e10
--2
0e
.
--2
--2
--2
1e
0e
+
1.2.3
--2
-
+
1e-
1.2.3
+
0e
1e+
1e+
1e+
1e+
.
++1
abc
1e
abc
1e-
1e-
.
e10
+
++1
++1
--2
1e-
1.2.3
1e-
--2
1e+
++1
--2
++1
1e+
000.e
1e-
+
000.e
+
+
1e-
-
abc
1e
-
1ee2
e10
abc
1e-
e10
-
+
.
0e
+
abc
1.2.3
e10
-
+
.
++1
abc
0e
1.2.3
000.e
--2
000.e
e10
1e+
1e-
1ee2
abc
.
-
1ee2
1e
1ee2
1e+
+
-
1e-
000.e
1e-
--2
000.e
1ee2
1e-
+
0e
0e
-
1.2.3
--2
0e
000.e
1e
1e-
1e+
e10
0e
1e+
e10
1e
1e
1ee2
++1
++1
1e+
0e
e10
000.e
000.e
1.2.3
1e
.
1ee2
abc
1.2.3
e10
-
000.e
000.e
000.e
1ee2
0e
1.2.3
1e+
1e+
1.2.3
+
e10
.
+
0e
-
e10
++1
e10
--2
--2
+
0e
+
-
000.e
1e+
-
1e
1e-
0e
-
1ee2
abc
1ee2
0e
abc
.
1e-
abc
1e-
++1
+
-
.
1e-
1.2.3
+
1.2.3
.
000.e
--2
0e
1e-
--2
000.e
.
-
+
000.e
1.2.3
-
1e
1.2.3
-
e10
.
+
0e
--2
0e
e10
1e+
1e
1e-
-
1ee2
abc
e10
1.2.3
.
1e+
1e+
1e
.
++1
1e-
e10
1ee2
--2
1ee2
+
.
.
000.e
++1
++1
+
++1
1ee2
.
-
e10
1e
1e-
1e
0e
1e-
+
e10
-
++1
1e+
1e
1.2.3
-
1e+
++1
++1
1e
abc
abc
+
1ee2
1.2.3
1e
1e-
+
.
0e
.
1e-
-
000.e
+
abc
0e
1ee2
1e
--2
-
0e
1e+
1e
000.e
-
1e-
-
.
+
.
-
+
.
0e
1ee2
1.2.3
--2
-
1.2.3
+
1e-
abc
1ee2
--2
1ee2
1e-
0e
--2
000.e
1e-
++1
1e
+
0e
1e+
1e+
++1
-
1e
000.e
abc
.
abc
--2
e10
.
-
1e
0e
000.e
--2
abc
1e+
1e-
1.2.3
1e
1e+
++1
0e
0e
000.e
1.2.3
1e-
1e+
1e-
1e-
.
1e+
abc
1e-
abc
1.2.3
++1
1e
e10
1e+
1e
--2
--2
e10
1e+
1e-
+
000.e
--2
abc
++1
1e+
-
1.2.3
1.2.3
+
0e
1ee2
e10
+
000.e
-
abc
1.2.3
1e+
1.2.3
abc
1e-
1.2.3
abc
e10
-
1e-
1e-
+
abc
1ee2
e10
1.2.3
++1
0e
abc
-
--2
1.2.3
1e
e10
.
1e
0e
1ee2
-
++1
1e-
1e
e10
abc
.
1.2.3
e10
1ee2
1e-
abc
e10
1.2.3
1.2.3
1e-
abc
++1
000.e
--2
+
1.2.3
000.e
000.e
.
e10
000.e
abc
abc
000.e
abc
1e+
e10
1e+
1e-
000.e
0e
e10
1e+
--2
++1
000.e
1e+
1e+
000.e
000.e
--2
1e
+
--2
+
-
1ee2
--2
0e
1e-
000.e
.
000.e
++1
000.e
.
1e
.
1e+
e10
--2
+
1e-
0e
1e+
1e-
0e
++1
--2
000.e
.
--2
1.2.3
0e
1.2.3
1.2.3
abc
++1
0e
e10
--2
1e+
-
1e
0e
--2
-
1e+
1e+
0e
-
1e-
--2
1e-
000.e
-
1e+
0e
0e
e10
--2
1ee2
.
+
-
0e
1e
abc
1e+
000.e
000.e
0e
1e-
.
++1
000.e
abc
1e+
1.2.3
+
1.2.3
+
++1
e10
1.2.3
1ee2
.
e10
-
1e+
0e
-
1e
1.2.3
e10
1e-
--2
1e+
.
1e-
000.e
1e
1e-
1ee2
1e-
+
000.e
1e-
1e-
.
.
0e
000.e
1e+
+
-
e10
000.e
1ee2
1e+
1ee2
000.e
.
000.e
000.e
1e-
1e-
+
1.2.3
1e+
-
++1
++1
abc
1ee2
--2
1e+
+
++1
1ee2
1e
1e-
1.2.3
+
.
+
1e-
000.e
1e
1ee2
1ee2
1ee2
1e-
1ee2
e10
--2
+
1e
1.2.3
0e
+
+
abc
+
1ee2
000.e
e10
000.e
1ee2
1ee2
-
+
1e-
1e+
abc
1e
1e
++1
1e-
.
+
1ee2
e10
1.2.3
--2
1.2.3
e10
--2
.
+
1e+
1ee2
--2
0e
1ee2
1ee2
1e
+
000.e
--2
1.2.3
1.2.3
abc
1e-
000.e
+
.
000.e
1e
+
000.e
e10
+
-
++1
.
0e
1ee2
--2
++1
e10
++1
1ee2
1e-
abc
abc
abc
-
-
1e-
000.e
e10
++1
0e
abc
-
1e-
abc
1.2.3
000.e
0e
1e-
-
+
--2
1e
--2
0e
.
0e
-
1ee2
1e+
1ee2
++1
--2
1e+
000.e
1e-
1.2.3
+
++1
.
--2
+
-
.
000.e
000.e
1ee2
-
++1
1e+
1e-
0e
-
1ee2
000.e
1ee2
-
.
--2
1e
e10
++1
-
.
-
e10
0e
1e-
.
1e-
-
++1
++1
++1
.
abc
abc
1e-
e10
0e
000.e
+
0e
e10
1e-
+
1e
+
1ee2
+
e10
0e
++1
1.2.3
+
1e
.
+
--2
1e
abc
1.2.3
1e-
1.2.3
1e-
.
1e-
0e
000.e
0e
1e-
000.e
.
+
--2
++1
1.2.3
1e
0e
abc
++1
++1
abc
1e
+
1e+
1e-
++1
-
--2
0e
0e
000.e
1.2.3
1ee2
++1
1e
1e+
1ee2
e10
++1
1e-
++1
+
1e+
e10
abc
1e-
e10
abc
-
--2
1.2.3
000.e
++1
.
abc
1e-
e10
.
++1
-
++1
-
++1
1e
abc
.
e10
abc
e10
++1
1e
-
1e
0e
1e-
0e
1e+
1ee2
.
1ee2
--2
abc
abc
.
1.2.3
1ee2
--2
1ee2
000.e
abc
1.2.3
1e-
1ee2
abc
e10
--2
1e
1e-
-
.
-
+
--2
000.e
1.2.3
1.2.3
000.e
.
1e
++1
abc
1e
1ee2
+
1e-
++1
++1
1.2.3
000.e
e10
+
++1
1e+
+
1.2.3
-
--2
1e
+
1e+
1e
abc
000.e
1e-
0e
1e+
e10
1e+
--2
1e-
1e
++1
.
1e
-
1e+
.
1e
--2
1e-
-
0e
1e-
++1
.
000.e
1e
e10
1.2.3
1.2.3
1.2.3
1e
e10
--2
++1
--2
1.2.3
.
+
e10
1.2.3
--2
e10
+
.
-
000.e
++1
1ee2
--2
1e
++1
++1
e10
abc
1.2.3
1e-
++1
1.2.3
--2
++1
000.e
1e-
0e
.
.
000.e
000.e
++1
1e-
++1
1e-
1ee2
1e
1ee2
.
e10
1e-
-
e10
1.2.3
abc
+
.
1.2.3
-
0e
-
0e
1e-
1e-
0e
000.e
1e
abc
+
.
1ee2
1e+
000.e
0e
++1
1ee2
-
+
1ee2
-
++1
--2
1ee2
--2
e10
1e
0e
1ee2
000.e
1ee2
.
.
1.2.3
-
000.e
abc
++1
0e
--2
+
1e-
+
0e
1.2.3
000.e
1ee2
abc
--2
+
.
e10
000.e
--2
1e-
-
.
--2
000.e
1e+
1ee2
--2
e10
--2
1e+
--2
1e
000.e
-
+
--2
1ee2
1ee2
.
1e+
1e+
000.e
.
abc
e10
-
abc
1.2.3
.
000.e
--2
0e
abc
++1
0e
000.e
.
1e-
1.2.3
--2
1ee2
+
000.e
++1
-
1e
1e+
--2
.
000.e
++1
1e+
.
1ee2
--2
1e+
-
++1
.
000.e
1e-
000.e
e10
1.2.3
1e-
++1
1.2.3
.
0e
1.2.3
abc
0e
+
e10
-
.
e10
1e
1.2.3
1e+
abc
-
1e+
-
1ee2
abc
1e
-
1e-
abc
1ee2
1ee2
abc
0e
1e-
-
+
++1
--2
+
1e+
1.2.3
1e+
1e-
1ee2
1ee2
1e-
e10
+
1e
1.2.3
1ee2
abc
1e-
1ee2
1e+
1e-
.
++1
--2
1.2.3
1ee2
000.e
1ee2
1ee2
1e-
1e+
1e
abc
-
.
-
1ee2
1.2.3
++1
1e-
1e
1ee2
1ee2
.
1e+
-
.
abc
0e
1.2.3
--2
-
-
++1
e10
e10
1ee2
1e
+
1e-
1e+
1ee2
1e
1e
1e
+
1ee2
e10
+
1e
1.2.3
1e
000.e
++1
1e-
abc
1e-
e10
0e
++1
1e+
abc
.
-
abc
0e
1.2.3
1.2.3
e10
++1
000.e
++1
1ee2
1e-
-
1e
000.e
--2
0e
-
-
000.e
+
.
++1
1.2.3
1e
-
-
abc
-
++1
e10
++1
0e
000.e
++1
000.e
+
0e
abc
-
--2
-
1.2.3
1.2.3
+
+
1.2.3
1.2.3
+
1ee2
--2
-
1e
1.2.3
000.e
0e
0e
-
abc
+
abc
000.e
--2
+
1.2.3
1e+
1.2.3
1e-
1e
.
1e+
e10
--2
++1
1ee2
++1
+
0e
--2
.
--2
000.e
0e
1.2.3
1.2.3
1e
1e-
1e+
-
000.e
1e-
abc
++1
--2
1ee2
--2
e10
1.2.3
1e-
1.2.3
0e
000.e
000.e
0e
+
1e-
0e
-
000.e
+
abc
++1
--2
0e
.
000.e
1e+
0e
1e+
000.e
1e+
0e
e10
e10
abc
1e+
++1
abc
abc
1ee2
1ee2
abc
--2
++1
abc
1ee2
1ee2
--2
e10
1ee2
1e
e10
1.2.3
1e
++1
000.e
1e+
+
--2
--2
1ee2
--2
.
000.e
1e+
++1
1.2.3
1e
1e+
1e-
1e
1ee2
1.2.3
++1
++1
1e
000.e
e10
1e+
0e
abc
000.e
+
-
.
--2
+
-
1e-
abc
-
++1
--2
--2
+
1ee2
abc
000.e
000.e
1e+
0e
--2
1e
e10
--2
1.2.3
1e-
abc
1.2.3
abc
abc
1e
e10
000.e
0e
1e+
1e+
abc
+
-
1e
1e
.
1ee2
1e
-
1.2.3
1e
--2
e10
1e
--2
e10
000.e
-
1e+
+
1e
1ee2
e10
e10
1ee2
.
1ee2
1e-
1e-
000.e
e10
1e
000.e
--2
--2
-
1.2.3
0e
abc
000.e
abc
1e
000.e
.
0e
--2
abc
000.e
-
e10
abc
+
1e+
.
1.2.3
e10
-
1e
+
.
e10
1e
1e-
1e-
--2
-
abc
.
1e
0e
.
abc
1e
1.2.3
1.2.3
1e-
1.2.3
1e
e10
.
++1
.
abc
++1
++1
1e+
1e
000.e
1.2.3
abc
.
000.e
--2
0e
--2
000.e
1ee2
e10
e10
--2
0e
abc
1e
000.e
1ee2
+
1.2.3
.
-
1.2.3
1e
1e+
.
1e+
++1
1ee2
e10
000.e
e10
1e+
abc
000.e
++1
--2
++1
000.e
++1
e10
1e-
++1
--2
0e
+
1e-
1.2.3
+
1e+
abc
1e
1ee2
.
++1
--2
.
1e+
1ee2
.
0e
1ee2
1e+
1e-
.
1ee2
+
1ee2
.
1e
abc
-
1ee2
-
abc
e10
abc
1e
0e
1e+
++1
abc
abc
1e+
1e+
1e+
1e+
+
e10
.
1e+
--2
1ee2
1ee2
++1
abc
++1
.
abc
000.e
000.e
1e
0e
1e+
1e-
1e-
0e
000.e
++1
--2
1.2.3
abc
1e
1.2.3
.
1e
0e
1e+
abc
1e-
1e-
1e
--2
++1
--2
1e-
1e+
abc
++1
1e
000.e
+
--2
1e+
-
-
0e
000.e
.
.
1.2.3
--2
.
1.2.3
1e-
000.e
--2
1e
1e+
e10
--2
e10
-
.
1e
1e
e10
1.2.3
1.2.3
.
1.2.3
1.2.3
1e-
--2
.
1e
abc
abc
+
e10
-
.
++1
abc
abc
0e
--2
abc
--2
abc
1e+
e10
abc
1e
+
+
-
1e
e10
--2
1ee2
1ee2
1.2.3
0e
+
1ee2
+
++1
.
abc
0e
.
1e
1e
1e+
1ee2
.
abc
e10
1ee2
1.2.3
1ee2
abc
0e
1e-
+
--2
.
--2
-
abc
-
--2
.
e10
-
1ee2
abc
++1
+
e10
--2
1e-
e10
-
+
+
--2
.
--2
++1
++1
++1
-
.
000.e
1e-
-
1e-
e10
+
0e
e10
000.e
e10
.
++1
1e-
abc
1e-
0e
.
1.2.3
000.e
-
++1
abc
++1
1e
--2
++1
1e-
1e
1e+
1e+
1e
000.e
.
++1
1e
1.2.3
1ee2
1e-
abc
+
000.e
1.2.3
abc
1e-
--2
1e+
-
e10
-
e10
0e
1ee2
++1
0e
1e
+
++1
++1
1e-
++1
1ee2
-
-
e10
abc
1.2.3
.
++1
--2
1e-
000.e
1e-
1e
.
-
.
000.e
1e+
.
.
1e+
1e-
1.2.3
+
e10
.
0e
+
.
abc
.
1.2.3
1ee2
1e-
e10
0e
1.2.3
-
000.e
++1
++1
+
abc
1e+
-
-
e10
-
000.e
++1
abc
++1
abc
.
+
abc
1e+
+
1e
1e+
++1
1.2.3
000.e
+
1e+
1ee2
1e
abc
0e
+
1.2.3
.
1e
-
1ee2
.
+
0e
abc
1e-
.
1.2.3
+
0e
--2
0e
000.e
++1
++1
abc
0e
1e+
0e
--2
1e
+
1e+
+
--2
1ee2
.
.
1ee2
000.e
1e-
0e
1e+
--2
+
000.e
-
1e+
abc
+
-
abc
+
--2
0e
--2
-
1e-
-
-
+
-
1e+
.
1e
1ee2
0e
1e
-
+
1e
e10
.
.
++1
1e+
1e-
-
--2
000.e
1e+
+
1ee2
-
1e-
+
1.2.3
1.2.3
++1
1e-
1e+
1e
000.e
.
.
1e-
+
-
+
1e
abc
0e
000.e
abc
.
1e
1e+
1e+
+
abc
1e
1.2.3
abc
-
1e+
1e+
1ee2
-
+
0e
0e
abc
1e-
+
1e
-
1.2.3
.
000.e
e10
-
1.2.3
e10
.
--2
000.e
1e+
e10
-
1e
1.2.3
1e-
000.e
-
1e-
000.e
.
+
1e+
abc
++1
+
-
+
e10
000.e
1.2.3
000.e
++1
abc
000.e
1.2.3
e10
e10
0e
1e-
000.e
1e+
-
1e+
1e+
1e-
0e
e10
-
000.e
1e+
000.e
1e
--2
++1
+
000.e
1.2.3
.
.
000.e
abc
--2
1e
abc
1e-
1.2.3
e10
1e+
0e
1e+
+
1e-
abc
1e
--2
+
1ee2
1ee2
.
.
++1
++1
1e
0e
1e+
1e+
000.e
1ee2
--2
0e
--2
000.e
--2
1e+
1.2.3
++1
-
abc
1.2.3
++1
+
+
e10
1e
abc
abc
+
1e+
000.e
+
+
000.e
e10
-
--2
000.e
--2
1e
1ee2
e10
1e
0e
0e
000.e
e10
1ee2
abc
e10
--2
e10
1ee2
1e+
1.2.3
++1
1e-
e10
.
abc
.
1e
e10
1e+
000.e
.
1e-
1e-
1.2.3
1e
++1
e10
-
1e-
--2
000.e
000.e
1e
1e-
abc
1.2.3
000.e
--2
--2
0e
1e
--2
1.2.3
++1
1e+
.
1e
000.e
1e-
1e-
1e+
1e
.
1.2.3
000.e
1e
+
abc
1e+
1.2.3
000.e
++1
+
0e
abc
1e+
1.2.3
1.2.3
.
-
0e
e10
--2
1e-
1ee2
1e-
1e
.
1.2.3
0e
1e+
e10
1.2.3
abc
1.2.3
0e
--2
--2
abc
--2
1.2.3
e10
-
1ee2
1e-
++1
e10
e10
000.e
1.2.3
1ee2
.
-
+
.
e10
++1
--2
1ee2
0e
-
1.2.3
--2
+
0e
e10
+
1e
1.2.3
+
.
+
-
+
++1
1e-
abc
+
0e
1.2.3
--2
--2
abc
.
--2
1.2.3
e10
1e+
1ee2
1.2.3
++1
++1
1.2.3
1e-
++1
1e
1e
e10
1e-
abc
--2
++1
.
1e+
1.2.3
1e-
-
000.e
+
000.e
+
0e
1e
abc
--2
1e-
-
abc
1e+
000.e
--2
e10
000.e
+
0e
1ee2
000.e
-
--2
--2
--2
+
1e+
1e-
-
e10
-
++1
+
e10
0e
-
-
1e
1e
1e+
0e
0e
1e-
1e
--2
1e
e10
--2
0e
1e+
1.2.3
1e-
e10
0e
+
1e-
1.2.3
++1
1ee2
+
+
++1
000.e
000.e
1e+
1e
1e+
e10
1e-
1e+
1.2.3
1e
+
abc
1ee2
+
++1
--2
abc
0e
abc
.
abc
0e
.
.
-
1e
.
1e+
1.2.3
-
000.e
0e
abc
e10
1ee2
--2
1.2.3
+
0e
1e
+
1ee2
000.e
e10
--2
+
1e+
+
e10
1e
1ee2
1.2.3
--2
1ee2
.
000.e
1.2.3
1e
+
0e
abc
-
+
1e+
abc
-
1e+
0e
+
+
e10
1e+
abc
1.2.3
0e
++1
1ee2
++1
e10
.
1.2.3
000.e
1e
-
1e
.
0e
1e+
--2
1e
--2
.
1e+
--2
0e
+
.
++1
-
+
1e+
1ee2
1e-
--2
++1
0e
.
1.2.3
-
0e
.
1e+
000.e
1e-
++1
1ee2
abc
-
+
1e
-
1e
--2
000.e
000.e
abc
1ee2
000.e
1.2.3
++1
1.2.3
0e
e10
000.e
-
-
1ee2
abc
1e
1.2.3
+
1e+
-
1e-
1e+
0e
abc
000.e
1ee2
+
1e
.
1e
--2
-
++1
-
0e
0e
-
1e+
0e
1e
+
1e-
--2
--2
0e
++1
abc
000.e
-
1e
e10
+
1ee2
1e+
+
1e+
.
1e-
1.2.3
-
1.2.3
0e
-
1ee2
e10
-
1.2.3
e10
1ee2
++1
1ee2
0e
0e
1ee2
1.2.3
1e
1e-
.
++1
1.2.3
--2
-
0e
1e-
1e
-
000.e
1.2.3
--2
1e
+
abc
000.e
--2
1ee2
++1
--2
1ee2
1e
.
1.2.3
1.2.3
+
1e-
0e
000.e
000.e
+
000.e
000.e
1e-
-
1e
+
1.2.3
e10
+
.
abc
0e
--2
000.e
1.2.3
0e
1e
1.2.3
000.e
0e
--2
e10
++1
-
abc
e10
0e
.
++1
+
--2
++1
1e+
1ee2
.
++1
1e-
000.e
-
1ee2
-
0e
1e-
1e+
0e
1e-
--2
.
e10
1.2.3
1e
1e
.
abc
1e+
e10
1ee2
++1
1.2.3
1e+
1e
1e-
.
1e+
1e+
+
0e
.
0e
.
.
000.e
--2
++1
1e+
abc
--2
abc
.
e10
1e-
000.e
++1
0e
+
++1
-
+
.
++1
1e
-
1.2.3
1e+
+
--2
-
1.2.3
0e
+
1e+
-
.
1ee2
1e-
abc
0e
--2
-
1e-
.
-
.
1.2.3
000.e
1e
1.2.3
1e
1.2.3
1ee2
1e
--2
1e-
1.2.3
0e
1e
1.2.3
0e
000.e
1e+
1ee2
++1
.
.
1e+
1e+
+
-
+
1e
.
.
1e
--2
++1
++1
abc
1e
-
+
000.e
000.e
--2
1ee2
1e-
+
-
000.e
--2
e10
.
000.e
++1
++1
-
1e-
--2
1ee2
e10
.
1e
e10
e10
0e
1e+
1e-
000.e
000.e
1.2.3
000.e
1e+
++1
-
1.2.3
--2
1e+
1e+
++1
.
1.2.3
1ee2
--2
1e
0e
1e
1e
1ee2
e10
+
e10
000.e
--2
e10
+
000.e
1e
-
0e
e10
1e+
abc
1ee2
1.2.3
+
.
++1
1e+
++1
--2
1e+
.
+
--2
1ee2
1e+
1e+
abc
000.e
++1
1ee2
++1
1e
1.2.3
1.2.3
-
1e-
-
1ee2
1e-
0e
1e+
0e
+
e10
1e
.
000.e
1.2.3
000.e
-
+
1e-
++1
abc
e10
1e+
1e+
+
-
abc
0e
+
++1
++1
1e
1.2.3
-
1e-
-
.
-
1.2.3
1e-
abc
.
1ee2
1.2.3
1.2.3
1.2.3
1.2.3
1e
1ee2
1e-
1e-
1e-
-
abc
1e-
1ee2
1e+
1.2.3
+
1e+
--2
++1
.
000.e
1.2.3
1e-
-
0e
e10
1ee2
1e-
abc
-
1e-
+
--2
abc
1.2.3
.
0e
++1
e10
.
++1
1ee2
1ee2
1ee2
e10
1ee2
1ee2
e10
1.2.3
-
abc
abc
000.e
abc
1e+
-
1ee2
++1
-
+
--2
e10
1e
1e+
abc
--2
1ee2
.
1e
000.e
0e
1e-
1.2.3
000.e
-
1.2.3
e10
1e+
++1
-
e10
.
1.2.3
abc
1ee2
++1
.
abc
abc
1.2.3
abc
++1
000.e
1e
1e
.
.
.
1e
-
1.2.3
e10
abc
+
+
-
+
++1
--2
0e
1e+
+
-
++1
000.e
1.2.3
abc
++1
000.e
1e
++1
+
-
0e
.
--2
+
0e
1e+
1ee2
1e-
+
1e
+
+
--2
+
-
.
e10
--2
1e
1e-
--2
000.e
1ee2
-
1e-
e10
abc
000.e
--2
1e-
1e-
1e
-
e10
000.e
abc
1e
abc
++1
+
e10
0e
.
+
000.e
1e
0e
abc
1.2.3
1e-
000.e
1e
0e
--2
abc
e10
1e+
+
000.e
1e+
000.e
1ee2
0e
0e
000.e
e10
e10
1.2.3
1e
++1
abc
+
1ee2
1ee2
1e+
1e+
++1
abc
0e
1ee2
1e-
1ee2
e10
.
1ee2
1e+
1ee2
--2
1ee2
-
1e+
1ee2
1e+
.
1e+
e10
+
++1
1ee2
1.2.3
e10
0e
e10
.
abc
.
--2
0e
1e+
000.e
1e+
abc
1e+
.
.
-
--2
-
++1
.
000.e
--2
e10
0e
1ee2
abc
-
abc
e10
1.2.3
1e-
+
0e
abc
1e-
abc
++1
.
e10
abc
000.e
-
1e-
000.e
1e-
1e+
++1
1ee2
--2
1e-
e10
1e-
1e
000.e
1e-
1e
1e-
1e-
+
1e-
0e
+
0e
.
1ee2
++1
1.2.3
e10
.
+
abc
000.e
0e
-
++1
1.2.3
1.2.3
1e+
1.2.3
1ee2
+
1.2.3
1.2.3
++1
+
-
1ee2
000.e
0e
e10
000.e
.
1e+
1ee2
e10
++1
.
++1
1e-
1e+
abc
abc
1e
1e+
000.e
--2
000.e
e10
++1
0e
1e-
++1
1e
abc
1ee2
1.2.3
000.e
1e-
1.2.3
e10
1.2.3
abc
--2
1ee2
000.e
.
-
+
--2
000.e
1e-
--2
1e
1e+
1.2.3
--2
++1
1.2.3
1e+
-
1.2.3
e10
++1
1e-
000.e
1ee2
000.e
.
abc
+
1e
000.e
000.e
1e
--2
000.e
-
.
1e
-
.
.
.
abc
000.e
.
e10
--2
0e
1e-
abc
1e+
000.e
000.e
1.2.3
+
++1
e10
1e-
1e-
1e+
++1
0e
+
+
1e
.
1.2.3
1e
.
e10
1e
1e-
1e-
.
1e
abc
0e
1ee2
1e-
1ee2
1e
000.e
e10
--2
+
+
abc
++1
0e
1e-
0e
1.2.3
1e-
.
1.2.3
1e+
1.2.3
--2
0e
1e+
abc
abc
-
1e+
1ee2
000.e
abc
abc
e10
+
--2
1.2.3
1e+
000.e
0e
--2
000.e
1e-
++1
1ee2
e10
++1
abc
++1
000.e
abc
--2
1e
1ee2
000.e
1e
1e-
1.2.3
++1
.
e10
+
-
0e
.
e10
.
1e+
e10
1e+
1e-
+
.
1e
000.e
1.2.3
e10
0e
++1
e10
0e
.
.
000.e
1e-
abc
000.e
000.e
--2
1e+
1e-
+
+
.
0e
1ee2
1.2.3
e10
1e-
1ee2
1e-
0e
1ee2
1e
0e
1e
0e
1e-
-
--2
+
1e+
+
++1
1e+
--2
1ee2
1ee2
.
0e
-
e10
1e-
abc
1e-
0e
e10
-
1e-
+
1ee2
0e
000.e
+
++1
1e
1e+
-
+
1e-
1ee2
.
--2
++1
+
1ee2
.
1e
0e
1.2.3
0e
e10
1e-
abc
000.e
.
abc
-
1e-
1ee2
e10
abc
0e
1ee2
1e
++1
1.2.3
++1
0e
+
+
abc
1e
0e
1.2.3
-
000.e
.
1.2.3
1ee2
.
e10
abc
000.e
1ee2
1e+
1e
1.2.3
1e
++1
--2
1e+
++1
000.e
1e+
.
-
1.2.3
+
1e+
1ee2
000.e
e10
0e
0e
1e+
++1
e10
++1
1ee2
0e
++1
1ee2
000.e
000.e
abc
++1
000.e
1e
--2
.
0e
1e-
e10
1e
e10
.
abc
000.e
000.e
++1
++1
abc
0e
+
000.e
++1
e10
-
1e-
+
1e
000.e
-
1ee2
-
-
abc
+
abc
abc
000.e
000.e
1e+
abc
1ee2
1.2.3
0e
1.2.3
1.2.3
000.e
e10
1e
+
e10
0e
1e-
abc
.
--2
+
abc
--2
+
+
000.e
1.2.3
--2
1.2.3
--2
1e-
1e
e10
+
abc
-
1e
1e-
000.e
--2
.
-
e10
abc
1e
0e
000.e
e10
1.2.3
--2
0e
e10
1e
+
--2
abc
++1
abc
abc
1e-
--2
000.e
1e+
abc
-
1.2.3
1.2.3
++1
abc
-
1.2.3
.
1ee2
++1
e10
0e
-
+
1ee2
1e
-
1e
1e-
1.2.3
1e+
+
--2
0e
1ee2
1e-
--2
abc
abc
1ee2
.
000.e
.
.
1ee2
-
1e+
0e
.
e10
1e
000.e
1.2.3
.
1.2.3
1e+
1ee2
++1
.
1ee2
1e+
1e
1e+
abc
+
.
abc
1.2.3
abc
e10
.
1e-
.
000.e
1e
000.e
+
+
++1
1e
-
1.2.3
1.2.3
-
1e+
0e
000.e
1.2.3
1e
1.2.3
000.e
-
--2
++1
0e
abc
abc
e10
1e-
.
+
--2
--2
0e
1e+
.
1ee2
1e-
1e+
1.2.3
++1
+
-
1e
++1
0e
-
0e
.
1.2.3
1e-
e10
e10
1ee2
--2
abc
1ee2
1e
++1
-
1e+
+
1.2.3
.
000.e
++1
.
1e-
1ee2
+
1e-
-
000.e
1e-
1e-
++1
--2
0e
1.2.3
1.2.3
000.e
+
+
.
abc
1e-
1ee2
--2
+
++1
1.2.3
000.e
1e
1ee2
.
0e
--2
1ee2
.
0e
1ee2
1e
-
+
.
1ee2
.
000.e
-
1.2.3
1e-
.
++1
0e
-
-
+
000.e
--2
1ee2
1e+
1.2.3
e10
-
.
e10
1.2.3
1e
abc
abc
1e-
.
1ee2
+
0e
e10
1e
1.2.3
1e
1e
1.2.3
-
000.e
abc
abc
e10
1ee2
.
1e-
1e+
1e+
--2
e10
e10
1.2.3
1e-
1e
1.2.3
.
--2
1ee2
1e-
1e+
-
1e-
1.2.3
1ee2
e10
0e
-
1.2.3
1e+
1.2.3
0e
e10
1e+
++1
1e+
000.e
abc
000.e
--2
abc
++1
++1
1e
1.2.3
1.2.3
abc
++1
abc
.
1e+
abc
++1
1e
1e+
-
-
1.2.3
-
1e-
e10
1e-
+
--2
0e
--2
1e+
abc
1e
+
1e+
0e
e10
--2
++1
-
abc
++1
1e
0e
1.2.3
000.e
1.2.3
+
1e
e10
++1
-
1.2.3
1ee2
+
-
1e-
-
-
--2
1.2.3
1e+
+
1.2.3
1.2.3
1e
1e
1.2.3
+
abc
+
.
++1
1ee2
abc
0e
++1
abc
1e
0e
1e-
1e-
++1
abc
1.2.3
.
-
1e
000.e
1.2.3
--2
1e
e10
+
abc
e10
1ee2
--2
1e-
.
++1
1e-
000.e
1e+
000.e
++1
+
1e
e10
1ee2
1.2.3
1e-
-
0e
.
-
0e
++1
1e+
1e+
1.2.3
abc
--2
--2
1e+
0e
--2
1ee2
1e+
+
+
-
++1
1e-
1ee2
--2
1e+
1e+
1ee2
--2
e10
.
++1
++1
+
e10
+
.
1e-
+
abc
+
abc
1e-
++1
++1
++1
-
.
000.e
1e
--2
--2
-
1e-
000.e
1e
1e
-
++1
1e
1e
1e+
1e+
++1
abc
1e
e10
e10
0e
abc
000.e
1e
1e-
-
1ee2
1ee2
1.2.3
-
1e-
-
1e-
.
++1
++1
abc
.
++1
1e
1e+
0e
1e-
0e
1e
--2
000.e
1ee2
--2
+
1.2.3
e10
000.e
1e+
--2
-
abc
1e-
0e
e10
0e
++1
1ee2
.
1e+
1e
++1
--2
.
++1
-
1ee2
1e-
1e-
.
0e
-
++1
1e+
abc
++1
1e+
1e-
abc
++1
abc
++1
0e
++1
1ee2
1.2.3
+
1ee2
1ee2
+
e10
1e+
abc
-
.
e10
1.2.3
1e+
0e
++1
1e+
+
-
1e+
abc
0e
++1
1e
.
1e-
+
1.2.3
000.e
e10
e10
1ee2
1e
1.2.3
--2
1e
+
+
1e
-
.
abc
1e-
++1
000.e
+
--2
abc
abc
.
1e-
0e
.
1e+
-
-
1ee2
.
1e+
1e
1e-
1e
e10
1ee2
1ee2
e10
--2
1.2.3
1ee2
1.2.3
++1
1e+
.
++1
e10
+
--2
0e
1.2.3
000.e
e10
-
.
+
++1
+
1e+
+
--2
abc
1e+
1.2.3
0e
1e
1ee2
1e
-
e10
1e
0e
.
1.2.3
1e
1ee2
000.e
1.2.3
1.2.3
.
1e+
1e
e10
1e-
1.2.3
abc
--2
1e+
1e-
e10
000.e
+
--2
++1
.
1e
0e
1ee2
-
1ee2
-
.
0e
++1
0e
1.2.3
000.e
e10
1ee2
1e
++1
1ee2
abc
1e+
1.2.3
1e-
1e-
.
1e+
1.2.3
000.e
e10
1e-
1e+
1e-
0e
+
1ee2
1e-
e10
-
abc
-
++1
1ee2
1e-
abc
.
1ee2
abc
1e
.
1.2.3
1ee2
++1
e10
000.e
abc
.
0e
++1
e10
1.2.3
abc
1ee2
1e+
1.2.3
++1
1ee2
abc
++1
0e
--2
--2
000.e
1e+
abc
++1
1ee2
1e
-
1e-
1e+
+
1e+
++1
1.2.3
1.2.3
1e+
.
1e-
1e
-
0e
e10
0e
1e+
1e+
--2
0e
abc
1e-
0e
0e
1ee2
0e
+
-
1e
1e-
-
-
0e
1e-
1e-
000.e
e10
++1
.
1e+
--2
++1
-
1e
1e+
1.2.3
+
0e
-
-
abc
000.e
1e+
-
1e-
--2
1e+
1.2.3
--2
0e
1ee2
1ee2
000.e
--2
+
-
.
-
0e
-
1e-
.
-
000.e
1.2.3
e10
++1
abc
--2
+
-
++1
.
0e
000.e
1e+
1e+
1.2.3
1e-
+
1e+
1ee2
1.2.3
e10
+
1ee2
-
.
-
e10
++1
1e-
-
1e-
+
1.2.3
1.2.3
1ee2
-
000.e
--2
e10
1ee2
++1
1e-
1e+
+
0e
e10
1e+
1e+
++1
1e+
000.e
1e
1e
1e-
0e
1ee2
1.2.3
.
1e
--2
+
.
000.e
-
e10
1e-
1e-
1e-
.
1e+
1.2.3
1e+
--2
1ee2
++1
000.e
1e
-
abc
1e+
000.e
1e
1ee2
1e+
--2
1.2.3
1e
1e+
1e
.
-
-
0e
+
--2
e10
1ee2
e10
abc
1ee2
.
e10
++1
+
.
000.e
+
1e
0e
0e
1e
0e
e10
abc
.
.
1.2.3
.
1e+
-
1e
e10
abc
+
1.2.3
1e-
-
abc
.
0e
--2
1e
--2
--2
1e+
-
.
--2
0e
+
abc
1.2.3
1e+
1ee2
1e
1.2.3
1ee2
.
abc
+
1.2.3
--2
1e+
.
--2
1e+
1.2.3
-
1e-
e10
--2
1e+
000.e
abc
1.2.3
--2
0e
--2
abc
1e
+
abc
0e
1ee2
.
abc
000.e
1.2.3
++1
1ee2
+
1ee2
.
-
1e
1e-
e10
abc
0e
0e
--2
.
1.2.3
1e
1e-
000.e
--2
e10
e10
1e+
0e
e10
e10
000.e
0e
1e
+
++1
000.e
e10
.
1e+
abc
++1
1e
+
--2
abc
+
.
--2
1e+
1ee2
1e
1e-
+
+
-
++1
e10
1ee2
++1
0e
1e
+
1e+
.
+
1.2.3
1e
+
-
e10
abc
abc
-
+
0e
1e-
abc
1ee2
1ee2
e10
0e
0e
.
+
.
+
++1
abc
++1
--2
++1
1.2.3
1ee2
0e
000.e
--2
000.e
+
1e
1e+
1.2.3
1.2.3
1e-
--2
1e+
e10
--2
--2
.
000.e
1e
1ee2
0e
--2
+
0e
1.2.3
1ee2
.
abc
1.2.3
++1
--2
++1
e10
0e
1e+
1e
--2
--2
e10
0e
1e
e10
1e
1ee2
1ee2
abc
-
1e+
-
1.2.3
1.2.3
--2
e10
1e
1.2.3
1e+
++1
.
+
0e
1ee2
abc
0e
.
1e+
1ee2
.
e10
1.2.3
1e
--2
-
1e-
1ee2
+
+
1ee2
--2
000.e
abc
--2
.
++1
-
++1
-
--2
1e-
000.e
1.2.3
1e+
0e
0e
1e
.
1e-
-
+
1e+
000.e
000.e
--2
--2
1e+
1ee2
000.e
0e
1e-
++1
e10
e10
1.2.3
1e+
--2
1e+
000.e
1.2.3
1e-
--2
abc
.
.
.
1e-
--2
+
abc
+
1e-
+
e10
1e
++1
1e
1ee2
.
+
++1
e10
.
+
abc
e10
0e
1e+
1e+
.
+
1e-
+
e10
1.2.3
e10
-
1e+
+
-
1e
abc
--2
abc
.
++1
1.2.3
1ee2
1e+
1e-
1e
++1
1ee2
1e
.
--2
abc
1e
0e
000.e
-
1e-
e10
1ee2
1.2.3
.
.
--2
000.e
1e-
1e+
e10
1.2.3
0e
abc
1e-
--2
1e+
1e+
+
1e-
0e
-
e10
1e
abc
1e
000.e
1e
e10
abc
+
++1
+
-
abc
1ee2
e10
000.e
abc
1.2.3
1e+
1.2.3
1e+
1ee2
1.2.3
1ee2
e10
1e
1ee2
0e
e10
e10
--2
+
-
1e
-
abc
1e+
abc
--2
1e
1.2.3
1e+
1ee2
++1
e10
1e-
1ee2
0e
.
1ee2
0e
+
1e+
--2
e10
0e
++1
1e
.
+
1e
000.e
+
0e
--2
1e
abc
0e
abc
1e
1.2.3
abc
1e-
e10
+
e10
+
e10
e10
.
e10
1e+
0e
-
abc
0e
1ee2
1e-
1e-
1e+
++1
0e
--2
000.e
1.2.3
000.e
+
+
1e
1e
0e
0e
1ee2
abc
1e-
e10
000.e
1e
1e-
+
1e-
e10
++1
1.2.3
+
1e
1.2.3
abc
1.2.3
e10
++1
--2
+
+
+
1e+
1e
0e
0e
.
.
1e-
+
e10
0e
1ee2
000.e
1e+
1ee2
1e-
abc
0e
e10
1e-
1.2.3
--2
e10
--2
.
e10
e10
++1
1e
.
0e
1.2.3
.
.
.
abc
1.2.3
-
-
--2
1e+
0e
.
-
1e+
1e+
.
e10
1e+
++1
abc
1.2.3
++1
1e
1.2.3
1e+
1ee2
1e+
1e
1e-
.
1e+
0e
1e-
e10
++1
abc
000.e
1e-
+
1e+
--2
--2
0e
1e-
000.e
1.2.3
--2
-
e10
++1
1.2.3
e10
.
1.2.3
1ee2
1e+
++1
abc
-
1e+
e10
1.2.3
abc
1.2.3
1.2.3
--2
.
1.2.3
1ee2
1ee2
0e
.
0e
1e+
1e-
1e-
.
--2
1e-
1e
000.e
1ee2
0e
.
abc
-
1e+
-
1.2.3
e10
+
1e-
1e-
+
.
1.2.3
+
1.2.3
1.2.3
abc
1ee2
1e
e10
1e+
1.2.3
-
000.e
1e
--2
1e
+
++1
abc
1e-
000.e
0e
++1
1.2.3
e10
1e+
1ee2
++1
1ee2
0e
e10
1e-
abc
000.e
1e+
++1
1ee2
-
1.2.3
--2
++1
.
0e
000.e
1e-
++1
abc
e10
1.2.3
.
+
000.e
0e
1e+
1e
1ee2
+
.
1e-
abc
e10
abc
--2
1ee2
1e+
abc
e10
1.2.3
1ee2
++1
--2
1e
++1
e10
1e-
000.e
+
1e+
--2
--2
abc
.
.
1e-
--2
abc
0e
0e
--2
e10
abc
000.e
abc
1e-
0e
++1
+
-
+
-
.
1.2.3
.
1e+
.
000.e
1e-
1e
0e
--2
1ee2
000.e
1e-
abc
abc
1e+
++1
abc
1.2.3
1.2.3
1e+
-
000.e
.
1ee2
000.e
1ee2
.
000.e
1e-
000.e
++1
-
e10
000.e
--2
e10
0e
1.2.3
0e
abc
000.e
--2
abc
e10
0e
+
1e
000.e
+
.
1ee2
e10
--2
++1
1.2.3
1ee2
+
-
-
e10
1.2.3
++1
000.e
-
.
++1
e10
.
--2
+
1e+
1.2.3
.
1ee2
1.2.3
0e
0e
++1
000.e
1.2.3
++1
abc
+
abc
++1
e10
1e-
1e
1ee2
abc
1.2.3
abc
1ee2
++1
abc
1e-
+
abc
abc
0e
1e-
.
.
1e+
--2
000.e
1ee2
1e
1ee2
abc
0e
abc
+
0e
--2
+
e10
1e
1e
0e
-
-
1.2.3
-
.
-
-
.
1e-
1ee2
000.e
-
--2
1e+
+
1ee2
e10
0e
++1
1e+
e10
1e+
0e
e10
++1
abc
1e+
e10
++1
000.e
1e
1.2.3
1.2.3
.
1ee2
+
1e
0e
1e-
++1
000.e
0e
000.e
1.2.3
1e
e10
e10
1e
000.e
1e+
1e+
-
.
0e
++1
0e
--2
++1
+
abc
1ee2
1e
.
+
1e+
+
1e-
0e
1e
.
1ee2
-
1ee2
e10
1ee2
1e+
+
-
1.2.3
-
1ee2
1e-
000.e
0e
1ee2
e10
0e
--2
.
1.2.3
.
--2
1e
1e-
1ee2
1e
1e
000.e
.
--2
abc
1e+
1.2.3
.
1e-
+
1e-
e10
.
--2
.
--2
1e-
1.2.3
000.e
abc
1ee2
--2
1e
0e
abc
1e+
-
1e+
abc
1e
e10
--2
0e
.
0e
1ee2
000.e
1e
1e-
1.2.3
e10
++1
abc
1e-
-
1e
1.2.3
1ee2
1e-
++1
1.2.3
--2
0e
1ee2
1e
++1
--2
abc
1ee2
1e
1e-
++1
abc
abc
0e
++1
1e+
1e
--2
--2
1e-
1e-
.
1.2.3
abc
0e
e10
1e+
e10
.
e10
.
-
1e+
++1
1e+
1.2.3
1e
++1
1.2.3
1e
e10
--2
0e
-
000.e
.
++1
0e
+
++1
.
.
1e
++1
1e+
1e
1e
-
1e
1ee2
abc
abc
1e
+
000.e
--2
0e
.
.
1e+
000.e
1e
e10
e10
+
1e+
abc
.
0e
+
abc
1e+
--2
000.e
+
.
1e-
--2
1.2.3
1e-
1.2.3
.
.
1e-
-
++1
+
.
--2
1e+
.
-
1ee2
e10
abc
000.e
++1
-
1e-
1e+
.
+
e10
+
e10
-
abc
.
e10
1.2.3
e10
1ee2
--2
+
e10
.
1ee2
0e
000.e
000.e
1e+
+
+
abc
+
.
e10
--2
1e
1ee2
e10
.
--2
+
abc
0e
1e+
1ee2
1e-
0e
e10
.
++1
1.2.3
1ee2
.
1ee2
1e-
0e
1e
1e-
abc
1e-
--2
1ee2
.
1e+
++1
1e+
abc
1ee2
0e
-
1.2.3
e10
-
1e+
000.e
+
1ee2
-
+
0e
1.2.3
1ee2
1.2.3
.
1e+
abc
1ee2
1.2.3
1.2.3
--2
1.2.3
0e
1ee2
--2
e10
1e-
-
e10
+
000.e
.
0e
1e+
.
-
1ee2
++1
000.e
0e
.
-
000.e
--2
1e+
1e
1e-
--2
+
-
0e
1e
0e
+
1e
-
--2
1e+
1e-
1e
1ee2
.
1e
000.e
1ee2
++1
+
.
0e
1e
1.2.3
1ee2
000.e
-
--2
000.e
+
e10
abc
+
e10
0e
.
e10
1e-
--2
1e
+
abc
.
000.e
abc
1e+
1ee2
1.2.3
abc
1e
1e-
-
+
.
e10
.
+
000.e
--2
1ee2
abc
e10
000.e
++1
1e
++1
1ee2
0e
+
0e
e10
++1
++1
1.2.3
000.e
abc
1.2.3
+
++1
-
--2
.
1.2.3
--2
e10
e10
000.e
0e
1e+
-
.
1.2.3
1e
1e
++1
--2
e10
-
.
++1
+
1e-
000.e
+
--2
000.e
+
1e
1e+
e10
1e+
--2
+
0e
abc
abc
++1
e10
1ee2
000.e
1e+
++1
e10
0e
1e+
e10
abc
e10
.
-
1.2.3
0e
.
0e
0e
abc
abc
abc
+
1e+
1ee2
--2
.
++1
1e+
++1
.
1e+
.
-
1e+
-
1e+
-
+
e10
1.2.3
1ee2
1e
e10
abc
abc
++1
000.e
1.2.3
--2
abc
abc
abc
--2
++1
.
++1
.
abc
1e-
1ee2
1e
++1
1.2.3
.
+
1e
1.2.3
1e-
--2
1ee2
0e
.
--2
000.e
1e
+
1e
+
-
000.e
1e-
e10
0e
1e+
.
1ee2
++1
-
--2
abc
1.2.3
1ee2
--2
e10
1e+
--2
1e-
1.2.3
1ee2
abc
000.e
.
1.2.3
1.2.3
.
1e
1ee2
e10
1e
--2
-
e10
1e+
1e+
1.2.3
++1
1e
0e
abc
e10
000.e
--2
1e-
0e
--2
1e
e10
1e-
0e
abc
0e
1e
1e-
1e-
1.2.3
++1
1.2.3
1e
-
++1
-
1e
1ee2
1e-
000.e
1ee2
1e+
++1
1ee2
0e
1e
000.e
-
-
1.2.3
--2
1.2.3
000.e
1.2.3
1e+
1ee2
000.e
.
.
1.2.3
+
++1
abc
++1
0e
e10
000.e
--2
+
1ee2
--2
000.e
0e
--2
.
-
-
++1
1.2.3
0e
000.e
0e
1ee2
.
+
000.e
.
1.2.3
.
000.e
1e+
1e-
1e+
1e-
++1
--2
1e
-
-
1e-
++1
1.2.3
e10
1.2.3
.
.
++1
e10
000.e
1e+
1e
++1
1ee2
1e
1ee2
000.e
--2
1e-
1.2.3
-
0e
1e-
0e
--2
-
-
++1
1e+
++1
1.2.3
--2
--2
1ee2
1e
0e
e10
-
1e
1e+
-
0e
1e+
--2
1.2.3
abc
1.2.3
+
1ee2
1e
-
1e
1e+
++1
++1
1ee2
000.e
--2
1e
.
1e+
-
-
1e-
+
1.2.3
++1
1e+
0e
1e+
1e
abc
1e+
1ee2
abc
1.2.3
abc
e10
1e+
000.e
++1
1e
abc
++1
--2
++1
0e
0e
000.e
1e-
1e-
1e-
0e
0e
++1
1e-
0e
000.e
.
+
1ee2
.
000.e
1e
--2
--2
.
-
1e+
--2
++1
1e-
1ee2
0e
-
+
1.2.3
1.2.3
.
-
+
+
1e
1e
0e
-
abc
abc
0e
1.2.3
1e+
1e+
1e
+
e10
1e
000.e
1.2.3
000.e
-
1e-
--2
000.e
abc
e10
1.2.3
1ee2
e10
.
++1
+
1e+
++1
000.e
--2
000.e
1.2.3
1e+
--2
1e-
1.2.3
1ee2
1ee2
.
1e+
0e
+
++1
-
+
1.2.3
1e-
e10
1ee2
1.2.3
000.e
abc
1e-
1ee2
000.e
1.2.3
abc
+
1.2.3
e10
abc
-
0e
-
-
abc
.
000.e
abc
1e-
1.2.3
1e-
1e
--2
+
++1
1e-
1ee2
-
+
1ee2
++1
--2
--2
0e
000.e
1.2.3
e10
-
-
1ee2
1e+
1e+
000.e
-
.
++1
1.2.3
abc
1ee2
e10
abc
-
000.e
e10
-
.
--2
--2
0e
0e
1e-
++1
1e
1.2.3
abc
1ee2
+
1e-
0e
--2
.
e10
+
0e
+
1.2.3
++1
1.2.3
--2
1e-
1e-
+
1e+
000.e
1.2.3
.
++1
--2
1e+
--2
1e
--2
--2
.
1e-
1e
1e-
0e
1.2.3
-
0e
1ee2
0e
0e
1e-
abc
1e+
--2
1e+
++1
1e
e10
-
e10
+
1e+
e10
++1
--2
e10
e10
1e+
++1
-
e10
--2
abc
e10
abc
+
e10
000.e
e10
-
+
000.e
000.e
abc
++1
1e+
.
0e
.
-
0e
e10
++1
e10
+
+
-
-
+
-
e10
000.e
1e+
1e
-
e10
1ee2
1ee2
+
--2
1e
1e-
0e
1ee2
e10
.
000.e
1ee2
--2
1.2.3
1e+
1e
1e+
1e
--2
e10
1e+
--2
--2
1e+
1ee2
abc
--2
--2
abc
--2
1e
1e
1e
1e
e10
abc
+
0e
++1
1e-
1ee2
-
0e
e10
+
+
++1
1.2.3
--2
1ee2
+
0e
.
--2
-
+
-
++1
1e+
0e
--2
-
e10
.
0e
0e
000.e
1e+
++1
1e+
1e
e10
e10
1e+
000.e
000.e
1e
e10
1e-
+
1e-
--2
.
1e-
1ee2
000.e
.
e10
+
000.e
e10
0e
abc
1e
1e
e10
1.2.3
000.e
--2
000.e
+
1ee2
e10
1e+
1ee2
+
0e
1.2.3
0e
-
e10
1ee2
abc
1e
e10
abc
++1
.
000.e
++1
1ee2
1e+
1e-
e10
1.2.3
0e
+
e10
000.e
1ee2
1e-
1ee2
1e-
1.2.3
1ee2
0e
.
1ee2
+
0e
e10
1.2.3
000.e
.
e10
++1
abc
++1
000.e
1e-
1e-
1e+
1e
++1
abc
1ee2
abc
--2
abc
+
-
1e
1e+
--2
1.2.3
1e-
0e
1e
.
abc
abc
.
+
-
abc
++1
1e
.
1e
1.2.3
e10
.
1ee2
--2
e10
1e-
abc
1e
1.2.3
abc
1e
1e
000.e
1e-
1.2.3
+
-
000.e
abc
0e
++1
1ee2
1e+
1e-
1e+
1ee2
.
1.2.3
.
.
000.e
++1
-
000.e
1.2.3
0e
000.e
-
--2
1e+
1e+
1e-
1e+
--2
--2
.
1e+
abc
--2
.
000.e
e10
000.e
-
000.e
1e-
1e+
e10
1e
1.2.3
0e
+
000.e
0e
1e-
++1
1.2.3
1e-
1e+
1ee2
1e+
1e-
1.2.3
-
1.2.3
.
.
000.e
.
abc
0e
1e+
++1
abc
.
1.2.3
+
1e-
1e+
+
+
.
1e
1e
++1
+
1e+
.
--2
e10
abc
.
-
0e
-
1e
-
1e-
.
000.e
++1
1ee2
++1
1ee2
+
1e+
1e+
1e-
1e
-
.
000.e
++1
000.e
1e+
++1
-
e10
000.e
0e
1e
-
1.2.3
1.2.3
0e
++1
--2
++1
1.2.3
abc
000.e
-
--2
1e+
.
1.2.3
abc
e10
0e
++1
+
0e
1e+
--2
1e+
000.e
e10
++1
1e
e10
0e
1ee2
--2
1.2.3
e10
1.2.3
1ee2
1ee2
1.2.3
e10
1.2.3
000.e
.
1ee2
1e+
0e
1e+
+
.
e10
1.2.3
--2
.
-
e10
-
abc
++1
--2
1e+
.
abc
1.2.3
1ee2
1e+
++1
1e
abc
1ee2
-
--2
1e-
++1
000.e
1e
1ee2
abc
--2
--2
-
1ee2
++1
e10
e10
1ee2
1ee2
abc
.
1e+
-
.
000.e
e10
1ee2
abc
--2
1.2.3
1ee2
++1
-
1.2.3
--2
++1
e10
1e-
0e
abc
000.e
abc
1.2.3
1e+
1.2.3
e10
++1
1ee2
+
.
+
1e+
.
.
1e+
--2
e10
1.2.3
000.e
.
e10
000.e
--2
++1
1e
.
0e
1e-
.
+
abc
+
1e+
.
--2
abc
abc
0e
-
--2
1.2.3
abc
0e
1ee2
1.2.3
0e
1e-
000.e
-
e10
1.2.3
1ee2
1e
1e
e10
-
+
1ee2
+
abc
.
000.e
1e+
-
++1
e10
.
abc
++1
1e
.
1ee2
0e
000.e
e10
1ee2
0e
1e-
1e
--2
1ee2
+
1ee2
e10
1e+
.
+
1e
abc
e10
1e
0e
1e+
.
1e-
+
1ee2
-
+
1.2.3
--2
e10
0e
-
1ee2
1.2.3
1e+
1e+
000.e
.
1ee2
1.2.3
1.2.3
1e+
1e-
1e
--2
.
1.2.3
0e
-
abc
-
0e
.
1.2.3
1.2.3
--2
1ee2
0e
1e+
1.2.3
-
.
000.e
++1
.
1ee2
0e
1ee2
e10
0e
e10
1e-
++1
0e
1.2.3
++1
1e-
1.2.3
-
1ee2
-
+
abc
1.2.3
0e
--2
1.2.3
1ee2
0e
-
1e-
1.2.3
000.e
1ee2
-
.
.
1e+
1.2.3
000.e
--2
--2
1e+
1e+
e10
.
0e
abc
1.2.3
1e
1e+
e10
1ee2
--2
+
1e
e10
+
1e-
.
abc
+
1ee2
-
--2
--2
1e+
1e+
--2
1ee2
0e
+
.
1ee2
000.e
1e-
.
000.e
1e
abc
e10
++1
+
e10
0e
1.2.3
1e+
1.2.3
1e
1e-
+
+
1ee2
.
++1
+
1e-
.
++1
0e
1e
1e
1e-
-
1.2.3
1e
abc
0e
1e
0e
+
abc
e10
1e-
1ee2
.
-
1e+
000.e
1e
-
-
-
1e+
-
1e-
1e+
1e
.
abc
1e
1e-
++1
1e
++1
.
1.2.3
e10
1e-
0e
1e+
e10
1.2.3
1e+
abc
1e
+
.
e10
-
1e-
++1
.
1ee2
1ee2
abc
1e-
1e+
1ee2
+
--2
abc
--2
0e
--2
e10
--2
.
++1
e10
000.e
0e
1e-
++1
1ee2
0e
1ee2
0e
1e+
e10
1ee2
abc
e10
0e
--2
abc
1e-
.
-
1e
-
+
e10
1e-
1e
1e-
1e
e10
-
1e-
1.2.3
000.e
1e-
++1
.
-
0e
+
1e+
1e+
1ee2
1ee2
+
1e+
e10
+
--2
.
1ee2
e10
abc
-
1e+
1e-
1e-
1ee2
+
1ee2
--2
1ee2
000.e
abc
.
abc
1e-
1.2.3
1e
1ee2
1e
.
0e
1ee2
--2
e10
1e+
1e-
--2
.
++1
1e+
.
+
1e+
1.2.3
1ee2
1ee2
1e
0e
1e-
000.e
1e
--2
1ee2
--2
1e+
+
.
abc
-
+
000.e
.
0e
1e
++1
000.e
.
1e
0e
1ee2
--2
.
1.2.3
abc
++1
000.e
000.e
1e-
-
1e+
abc
1.2.3
1e+
+
+
1e
1.2.3
.
1e+
1e+
abc
0e
.
-
1e
1e
1ee2
-
.
0e
+
++1
--2
000.e
1e+
1e-
e10
+
--2
abc
abc
++1
++1
1e+
--2
-
0e
-
1.2.3
1e+
+
1.2.3
+
000.e
abc
1e-
1.2.3
0e
1.2.3
.
-
1ee2
0e
-
+
--2
1e+
--2
-
+
1e
000.e
+
1e
000.e
0e
-
1.2.3
1e-
1e
000.e
--2
1e+
e10
++1
+
1ee2
--2
1ee2
abc
1e+
1e
1e-
1e
.
++1
1e-
0e
1ee2
1.2.3
.
-
.
.
-
--2
1.2.3
--2
1e
--2
--2
--2
1ee2
-
.
1ee2
.
.
1.2.3
1ee2
1.2.3
0e
e10
e10
1e
1e
1e+
++1
0e
000.e
.
--2
--2
0e
abc
1e-
000.e
1e
1e+
+
1e+
e10
000.e
++1
1e-
1ee2
+
1e+
--2
1e-
--2
++1
1e
1.2.3
1ee2
e10
++1
1.2.3
000.e
1e
.
1ee2
e10
.
+
1ee2
++1
.
1ee2
abc
1e
-
++1
++1
--2
0e
+
1e+
1.2.3
e10
1.2.3
1.2.3
000.e
abc
1ee2
--2
++1
e10
-
-
1ee2
.
1e+
1e
++1
.
1.2.3
+
e10
--2
++1
1e-
-
--2
000.e
000.e
1ee2
0e
000.e
.
.
1e
1e+
0e
.
++1
-
0e
--2
1ee2
0e
1.2.3
abc
e10
1e-
-
1ee2
.
++1
++1
e10
e10
+
+
0e
++1
0e
--2
--2
++1
0e
e10
1e+
1.2.3
1e
--2
+
abc
--2
000.e
0e
+
abc
++1
1e
0e
1e-
0e
++1
1e
0e
1.2.3
e10
000.e
.
++1
0e
000.e
1e
abc
--2
000.e
1.2.3
1e+
1e
.
+
e10
abc
+
1e+
1e+
0e
0e
-
--2
1e
1ee2
++1
.
abc
000.e
--2
abc
.
1.2.3
+
000.e
--2
abc
1e
1ee2
++1
-
1e
.
e10
e10
000.e
000.e
abc
abc
1ee2
1e
000.e
--2
1.2.3
1ee2
1.2.3
1e+
++1
1e-
1ee2
+
000.e
.
+
e10
000.e
1.2.3
0e
e10
000.e
1ee2
abc
1.2.3
-
+
1e
1e
++1
.
.
000.e
+
abc
+
e10
000.e
.
--2
e10
1e+
1e+
+
000.e
1e-
1e+
.
1e
-
+
1e-
000.e
1.2.3
++1
.
--2
1ee2
1ee2
+
.
-
1ee2
--2
++1
1e
abc
--2
0e
.
0e
0e
++1
e10
.
.
1e-
1.2.3
000.e
1ee2
e10
-
++1
++1
-
1ee2
e10
1ee2
abc
.
+
e10
.
1e+
0e
e10
1e+
1e-
-
-
+
1e-
000.e
++1
1e-
1ee2
1e
1e+
++1
000.e
1.2.3
0e
++1
abc
1.2.3
0e
e10
+
1.2.3
1.2.3
-
1.2.3
1ee2
++1
--2
e10
e10
0e
++1
.
++1
+
1.2.3
e10
0e
000.e
+
-
1e-
--2
++1
-
++1
-
1e-
1.2.3
0e
e10
000.e
--2
e10
abc
+
1e-
1e-
abc
1e-
++1
1e-
e10
++1
+
1ee2
abc
1e
1e+
-
-
.
1e+
++1
e10
000.e
1e+
000.e
++1
0e
000.e
++1
1e+
1ee2
0e
1e-
++1
abc
+
000.e
.
1ee2
1e+
1.2.3
e10
.
--2
1ee2
-
--2
abc
0e
--2
.
1e+
abc
.
0e
1e
-
--2
--2
000.e
--2
0e
abc
1e-
-
.
-
1e
1e
+
0e
1e
abc
+
0e
1.2.3
000.e
+
1ee2
abc
.
1.2.3
++1
000.e
1e
+
000.e
1.2.3
abc
1e+
000.e
000.e
+
++1
e10
0e
1e
e10
++1
.
1ee2
1e
1e
1e-
1e+
0e
abc
1ee2
0e
0e
.
e10
1.2.3
1e-
+
e10
abc
e10
.
0e
.
1e-
++1
1ee2
1e+
e10
1e
--2
1e+
000.e
0e
1.2.3
1.2.3
--2
.
000.e
1e+
-
1e
1ee2
++1
1e
1e+
1e
abc
1ee2
abc
e10
1e-
abc
1e-
1ee2
0e
e10
1e+
1e-
000.e
+
1.2.3
1e-
0e
0e
abc
+
000.e
1e-
++1
0e
1ee2
000.e
0e
1.2.3
1e
000.e
.
-
1ee2
++1
e10
abc
1ee2
+
-
--2
--2
000.e
.
--2
000.e
abc
000.e
abc
1ee2
++1
e10
0e
1e-
0e
--2
.
1e-
e10
++1
0e
000.e
000.e
1e+
1ee2
0e
+
e10
1e
abc
1e+
1e+
abc
000.e
--2
++1
0e
.
000.e
abc
+
1e-
++1
1e+
--2
1ee2
+
1e
+
-
+
1e+
-
000.e
1.2.3
.
e10
.
1e+
-
1e+
-
0e
1e
e10
+
e10
1e-
0e
-
e10
+
1e-
1e+
1e
+
-
0e
abc
+
++1
1.2.3
abc
-
++1
--2
0e
1e-
1e-
1e+
++1
abc
1ee2
abc
++1
e10
.
000.e
0e
1e-
1e+
0e
e10
.
1e+
1e-
1e
e10
--2
+
1e-
000.e
0e
+
abc
-
1e+
+
000.e
0e
1e
1e+
+
-
--2
--2
1e
1.2.3
1.2.3
1e
.
1e-
e10
1e
abc
1e
1e+
abc
1e-
--2
1ee2
1e+
1e+
1e-
++1
1e-
1.2.3
abc
+
--2
.
1ee2
++1
1e
1e-
1ee2
1e+
-
-
1e-
e10
1e-
1ee2
1.2.3
-
--2
+
abc
1e
.
000.e
0e
-
1.2.3
--2
-
0e
-
+
1ee2
+
e10
abc
1e
1e+
abc
1.2.3
++1
000.e
1ee2
1.2.3
1e
1e
++1
+
1e
1.2.3
abc
.
1.2.3
++1
1.2.3
--2
1.2.3
0e
+
-
1.2.3
+
0e
0e
000.e
-
+
+
000.e
1e
000.e
1e+
--2
000.e
+
1e+
++1
1e
+
1.2.3
.
++1
.
000.e
abc
1ee2
1.2.3
1e-
abc
0e
abc
1ee2
-
1e+
000.e
abc
1ee2
e10
-
000.e
000.e
000.e
abc
-
000.e
1e-
--2
1e+
1e-
1ee2
abc
e10
--2
1.2.3
++1
1e+
-
1e-
abc
.
+
+
1e-
+
1e
--2
+
++1
-
--2
--2
-
0e
1e+
000.e
1.2.3
++1
1e+
e10
++1
e10
.
+
0e
e10
1e-
abc
1e+
--2
1e
1e+
+
1e+
000.e
--2
1.2.3
abc
--2
1e+
e10
000.e
000.e
--2
abc
+
000.e
abc
+
abc
1e-
1e+
++1
1e+
--2
abc
-
1e+
1.2.3
000.e
e10
e10
e10
1.2.3
abc
e10
+
e10
1e+
1e
--2
1e-
++1
++1
--2
abc
1ee2
1.2.3
000.e
0e
++1
-
e10
1e
1.2.3
e10
1.2.3
1e
abc
-
1.2.3
+
1e+
e10
--2
+
abc
1ee2
000.e
++1
abc
e10
1e+
+
-
1e-
000.e
1e+
+
0e
1ee2
-
1e+
-
+
abc
++1
-
--2
-
.
-
1.2.3
+
abc
1.2.3
1e+
1ee2
1e-
--2
1e
1e
1.2.3
1e+
000.e
1e-
1e+
0e
1ee2
++1
.
000.e
+
1ee2
1e
0e
000.e
1e
.
e10
000.e
.
1.2.3
0e
1e
1e+
+
.
1e-
1.2.3
abc
1e+
+
e10
1.2.3
e10
.
1e
1ee2
1e
0e
1.2.3
e10
+
000.e
.
1e+
000.e
++1
1.2.3
-
abc
abc
1.2.3
++1
1ee2
--2
0e
++1
1e
e10
e10
1.2.3
abc
+
1e-
1ee2
1ee2
.
e10
++1
e10
+
000.e
-
1e-
1e
1e
000.e
-
abc
e10
1e-
1e-
-
-
1e-
+
++1
e10
+
000.e
abc
.
1ee2
1ee2
e10
abc
--2
1e+
-
0e
-
1.2.3
000.e
-
1e+
-
abc
e10
+
1.2.3
.
e10
0e
1e+
e10
+
1ee2
-
++1
1ee2
000.e
++1
abc
abc
-
.
-
++1
++1
--2
1e+
.
0e
1e
--2
.
+
--2
1e+
abc
.
1e+
000.e
000.e
000.e
1e+
000.e
000.e
+
1ee2
1e
000.e
abc
1e-
abc
1.2.3
1ee2
e10
0e
e10
e10
--2
++1
1e
1e-
0e
1e+
000.e
0e
+
+
+
-
1ee2
abc
.
abc
--2
+
1ee2
+
-
0e
000.e
1e+
1.2.3
1e-
1ee2
1ee2
.
abc
abc
1ee2
++1
1e
++1
1.2.3
++1
1e
e10
1e
.
1.2.3
1e+
abc
--2
000.e
1e+
++1
1e
--2
1e
.
--2
abc
1e
.
-
+
0e
1e-
1ee2
e10
e10
000.e
+
0e
abc
1e+
+
1.2.3
abc
--2
.
++1
0e
1e-
+
.
-
-
--2
1ee2
abc
1.2.3
000.e
+
abc
-
++1
1ee2
-
-
0e
1e+
e10
000.e
-
-
++1
abc
e10
1e+
e10
1.2.3
++1
1.2.3
1e-
1e-
e10
000.e
1.2.3
+
1ee2
+
abc
--2
++1
--2
++1
abc
000.e
abc
+
1e
-
e10
1.2.3
.
000.e
1e+
abc
abc
-
+
-
1.2.3
1e
1e-
.
++1
000.e
1e+
--2
abc
--2
++1
1e+
1e+
--2
abc
--2
0e
-
1e-
000.e
--2
abc
1ee2
1e-
-
1ee2
abc
0e
.
1e-
--2
+
1.2.3
--2
abc
1e-
abc
000.e
1e-
000.e
1e
++1
--2
0e
1e+
--2
-
-
abc
.
+
--2
1e-
+
abc
++1
1e
1.2.3
1ee2
0e
1e+
.
1e
abc
1e+
--2
++1
-
0e
1.2.3
1e-
000.e
-
-
--2
1e
--2
--2
1e
0e
++1
1.2.3
1.2.3
++1
1e
abc
1e+
000.e
1ee2
000.e
1.2.3
1ee2
1.2.3
e10
1e
000.e
--2
000.e
0e
000.e
1.2.3
1e+
abc
1.2.3
1.2.3
.
1ee2
e10
++1
1.2.3
1e+
--2
+
-
1e-
.
abc
000.e
1.2.3
e10
--2
++1
abc
+
1e+
1e+
1ee2
.
1e-
++1
000.e
e10
1e-
0e
1ee2
1e+
e10
1ee2
1ee2
1e+
1e
e10
+
0e
e10
1e+
1e
1e
1.2.3
000.e
--2
1.2.3
+
1ee2
e10
000.e
e10
000.e
1e
000.e
.
1e+
1e+
-
--2
1ee2
+
abc
abc
+
0e
0e
abc
e10
.
1ee2
1e
++1
1e+
1.2.3
e10
e10
1e+
1.2.3
.
1.2.3
abc
1.2.3
1ee2
1.2.3
abc
1e
1.2.3
--2
1e+
--2
1ee2
--2
000.e
1ee2
0e
1e
abc
000.e
++1
000.e
1ee2
-
-
1e-
e10
1e-
++1
1ee2
++1
abc
+
-
++1
++1
1.2.3
1e-
++1
1ee2
+
--2
1e
1e+
1ee2
1ee2
0e
1.2.3
abc
++1
1e
e10
e10
++1
0e
--2
++1
1e+
1e
abc
-
e10
abc
000.e
1e
0e
+
1e-
1e-
1e-
--2
--2
1ee2
1.2.3
-
+
0e
e10
-
1ee2
-
000.e
--2
+
--2
000.e
e10
-
1.2.3
1e
0e
++1
1e-
1e
.
1e+
--2
1.2.3
1.2.3
--2
1e-
e10
1ee2
1e+
1.2.3
++1
e10
1e-
e10
1e+
-
-
+
1.2.3
1.2.3
--2
1e-
--2
1.2.3
0e
abc
+
1e-
++1
1e+
.
1ee2
000.e
-
0e
+
+
-
1.2.3
+
1e
1e+
1e
0e
1e-
abc
0e
e10
abc
0e
-
-
1e
1ee2
+
1.2.3
-
-
0e
0e
1e
-
+
1e+
1e-
+
++1
.
++1
.
-
++1
1e+
-
1e-
.
+
1ee2
e10
1e+
1e-
-
--2
abc
1ee2
0e
000.e
000.e
1e
++1
000.e
e10
1e
1ee2
1e
++1
abc
-
e10
.
1e-
e10
+
++1
1e-
-
1e+
--2
1e-
.
1e
1e
1e-
-
1e+
++1
abc
-
1e
1e+
-
++1
++1
e10
++1
1.2.3
1e
1e
++1
1ee2
e10
0e
1e+
e10
0e
000.e
++1
1e-
1ee2
1.2.3
--2
1e+
1ee2
0e
1ee2
1ee2
0e
1ee2
abc
1e-
--2
000.e
1e-
e10
000.e
++1
abc
1.2.3
+
1e+
1ee2
0e
abc
.
1e+
1e+
--2
1ee2
000.e
1e+
-
.
1e-
1e-
+
e10
e10
e10
1e+
1ee2
+
abc
abc
000.e
--2
1e+
+
--2
1.2.3
0e
1e-
--2
abc
e10
+
1e
0e
-
000.e
e10
000.e
1ee2
abc
++1
.
e10
000.e
1ee2
1e-
1e
1e
++1
1.2.3
++1
+
++1
-
1.2.3
1e+
1.2.3
1ee2
e10
1ee2
++1
e10
++1
1e
1e+
1e
+
--2
1ee2
.
-
-
0e
++1
+
e10
1e+
0e
000.e
.
abc
1e+
1e
0e
--2
+
1.2.3
abc
-
1e-
1.2.3
0e
1e
1.2.3
.
1ee2
000.e
.
--2
1e+
--2
1ee2
1ee2
1e-
000.e
1ee2
+
1ee2
--2
1ee2
abc
-
1e
1.2.3
abc
-
0e
1ee2
1ee2
1e+
1ee2
.
abc
1e-
1e-
.
e10
e10
1e+
e10
e10
1.2.3
.
1e
.
1e
-
1ee2
+
1e+
abc
--2
++1
abc
1.2.3
000.e
.
e10
e10
+
-
e10
1e
000.e
1e
e10
1e
0e
1e+
abc
+
--2
abc
abc
1e+
1ee2
++1
--2
0e
1e-
1e
0e
-
e10
++1
.
++1
1e+
++1
1e-
1e-
0e
0e
e10
000.e
+
1e+
1e+
1e
+
e10
1e
000.e
1.2.3
abc
abc
--2
1ee2
1e+
000.e
+
1ee2
++1
-
e10
abc
-
1e
++1
1.2.3
++1
0e
1e+
+
--2
1e-
000.e
+
e10
1e+
1.2.3
+
1e-
1ee2
000.e
1e+
--2
--2
e10
++1
.
+
.
1e+
1e+
000.e
--2
1.2.3
1e
0e
1.2.3
1ee2
--2
abc
000.e
.
0e
--2
-
.
1e-
000.e
--2
1e
+
1e-
1e
1e-
0e
1e+
-
--2
1.2.3
e10
+
-
1e
++1
1e+
-
1ee2
0e
0e
.
1e-
++1
abc
1.2.3
0e
abc
abc
++1
1.2.3
1e-
abc
abc
e10
++1
0e
abc
+
abc
1e-
abc
1e-
+
000.e
--2
abc
1e+
1e-
1.2.3
++1
+
+
+
1ee2
0e
+
+
1ee2
1e
1e-
--2
--2
1ee2
+
1e+
1e
0e
1ee2
abc
1.2.3
000.e
1ee2
++1
+
1e
1ee2
++1
1e-
-
1.2.3
.
1.2.3
1e
--2
1.2.3
0e
e10
1ee2
e10
1e-
1e-
.
++1
1ee2
-
++1
1e
000.e
1.2.3
++1
000.e
000.e
++1
1e
1e
e10
1e
++1
abc
1e
1e
--2
1e-
1ee2
-
abc
1e+
-
1ee2
abc
.
1e
--2
1ee2
.
abc
e10
e10
1.2.3
1e-
1e+
.
+
+
1.2.3
e10
e10
abc
.
1.2.3
-
-
-
+
1ee2
1e-
-
abc
1ee2
abc
++1
.
.
000.e
--2
+
1e
abc
000.e
0e
+
-
.
--2
++1
++1
0e
+
1ee2
e10
+
++1
1ee2
1e+
-
-
1e+
0e
++1
1ee2
abc
--2
0e
1e-
1e-
abc
1e+
.
1.2.3
1ee2
+
1e
0e
1e+
+
1e
++1
000.e
1.2.3
--2
abc
.
.
-
e10
1e-
+
1ee2
+
++1
1e-
+
+
-
0e
-
1ee2
1e+
++1
1e-
1e
1e
1ee2
000.e
abc
1.2.3
1e-
1e+
1.2.3
--2
-
--2
1.2.3
.
1e
abc
0e
1e-
000.e
1e-
0e
++1
1e-
0e
1.2.3
e10
1e
1e+
1ee2
1.2.3
e10
1e+
.
1e+
e10
.
1e
1e-
.
-
000.e
1e
1e+
.
e10
.
0e
.
++1
000.e
-
+
.
++1
1ee2
0e
000.e
000.e
.
1e-
-
1ee2
1e-
1ee2
e10
1e
1e-
-
.
1e+
.
1ee2
++1
abc
-
1ee2
1e-
1e+
000.e
.
1e+
1e-
-
abc
1e
-
+
++1
0e
1.2.3
.
1.2.3
-
0e
--2
.
1e+
1e+
-
1.2.3
--2
1e
000.e
000.e
-
.
+
1e+
1e
.
-
1e-
-
1e+
e10
0e
e10
--2
++1
1e
1.2.3
000.e
000.e
1ee2
1e+
1.2.3
1e+
1e-
-
1ee2
1e-
-
1e-
++1
+
e10
.
1e
1ee2
--2
000.e
1e+
1ee2
-
1e+
abc
--2
1e
1e-
e10
abc
1ee2
1e-
1e-
e10
1.2.3
-
1e+
--2
1ee2
1.2.3
-
1ee2
.
++1
1e
-
+
1e+
.
1e+
0e
1.2.3
++1
000.e
--2
.
abc
1ee2
1ee2
1e-
abc
--2
000.e
+
abc
e10
1.2.3
-
1e-
--2
000.e
++1
1ee2
1e
000.e
000.e
e10
0e
000.e
e10
-
1e-
1.2.3
++1
abc
.
+
-
1e-
1e+
e10
0e
.
1e+
--2
-
+
+
1ee2
abc
.
0e
--2
1e
1e+
1.2.3
1e+
1e+
1e
abc
abc
1e-
1e+
1e-
+
1.2.3
-
1e
0e
1ee2
1e
+
.
-
abc
.
.
1.2.3
1e-
e10
0e
abc
++1
1ee2
1e
1e+
e10
--2
+
e10
1.2.3
+
e10
.
1e-
-
+
1e
1ee2
0e
000.e
1e
+
--2
-
1e+
1.2.3
e10
.
1e-
.
1ee2
e10
-
--2
-
.
1.2.3
1e+
1.2.3
000.e
1e-
e10
.
0e
.
1ee2
.
0e
-
1e
e10
1.2.3
++1
.
-
+
abc
0e
e10
1e+
1e
-
e10
1e
+
1.2.3
1e-
.
e10
-
1e
1e+
abc
--2
1e+
1e+
1e
1.2.3
++1
.
--2
++1
abc
1e+
+
1ee2
--2
1e
0e
000.e
abc
e10
0e
1e
.
1e+
++1
1.2.3
0e
000.e
e10
1e-
000.e
+
++1
-
1ee2
+
e10
1ee2
--2
1ee2
000.e
.
e10
0e
1.2.3
+
++1
--2
.
abc
000.e
1ee2
abc
++1
+
1e-
abc
+
abc
1e
0e
e10
0e
1ee2
e10
.
++1
.
-
000.e
1e+
-
1e
-
0e
1e+
000.e
++1
abc
+
+
++1
1.2.3
++1
.
1e
--2
e10
.
1.2.3
e10
1e
1ee2
0e
1e+
000.e
000.e
0e
0e
+
1e
e10
1e+
1e
abc
-
1e
--2
1e-
.
.
--2
e10
1ee2
+
--2
++1
1e-
1e-
e10
1.2.3
.
e10
1e-
000.e
--2
1e-
1ee2
.
1e-
1ee2
.
+
+
1.2.3
++1
e10
.
000.e
--2
+
-
+
.
-
+
1e+
1e
000.e
1e-
.
0e
e10
++1
1ee2
e10
0e
-
000.e
++1
--2
--2
+
1ee2
1e
1.2.3
1e
1ee2
0e
1e-
--2
000.e
.
000.e
1e-
+
000.e
000.e
+
1ee2
0e
.
--2
1e+
1e+
--2
++1
--2
e10
1ee2
1e+
--2
1.2.3
1.2.3
abc
1ee2
.
1e
1.2.3
1e+
000.e
1.2.3
abc
1e+
abc
000.e
000.e
1ee2
000.e
++1
e10
++1
-
+
.
e10
1e
e10
abc
e10
+
1e
--2
1e-
1e-
000.e
++1
e10
++1
1e+
1ee2
1ee2
1e-
1e+
-
1e+
000.e
1e
+
1.2.3
abc
1e
1.2.3
.
1ee2
+
e10
abc
abc
1ee2
000.e
000.e
++1
--2
.
000.e
1e-
000.e
++1
-
1e
1ee2
abc
++1
.
0e
1ee2
000.e
e10
1e-
000.e
1e-
1ee2
1ee2
e10
000.e
1ee2
000.e
1e+
.
0e
1e+
--2
1e-
abc
.
abc
000.e
1e+
000.e
abc
0e
0e
1e+
1e-
1e+
1ee2
-
1.2.3
+
++1
1e+
abc
1.2.3
++1
000.e
1e
1.2.3
1ee2
.
--2
1ee2
.
1ee2
0e
+
1e+
abc
-
.
++1
++1
0e
-
1ee2
++1
1e
000.e
1e-
1.2.3
-
-
1.2.3
-
e10
+
1ee2
000.e
++1
.
1e+
1ee2
1e+
0e
000.e
+
+
--2
0e
abc
.
--2
1e
1e-
+
000.e
1e+
e10
0e
e10
0e
1ee2
++1
1e
++1
000.e
abc
1e+
e10
1e+
1e+
0e
0e
1ee2
0e
.
+
0e
1.2.3
-
.
1e-
1ee2
++1
+
1.2.3
1.2.3
abc
--2
1ee2
+
abc
1.2.3
000.e
000.e
++1
1e
--2
--2
0e
0e
++1
.
000.e
++1
1e+
1.2.3
-
1e+
e10
000.e
--2
+
1.2.3
-
--2
.
abc
--2
1e
.
--2
1.2.3
++1
.
1e-
abc
--2
abc
1.2.3
1ee2
.
0e
1e-
000.e
--2
1e-
000.e
1.2.3
--2
-
0e
000.e
-
1.2.3
++1
e10
1e+
++1
1e+
1.2.3
1ee2
1e+
++1
0e
1.2.3
e10
--2
--2
1e
--2
1e
000.e
+
000.e
1e+
+
000.e
--2
++1
1ee2
000.e
1e
1.2.3
e10
1ee2
abc
+
1e+
.
1e-
--2
1.2.3
abc
1ee2
1ee2
abc
-
1e-
e10
000.e
1ee2
000.e
000.e
--2
1.2.3
0e
abc
000.e
1.2.3
1e+
--2
000.e
e10
1ee2
1e+
++1
.
-
1e-
1e-
1e
++1
--2
+
1e+
0e
++1
+
1.2.3
abc
0e
1ee2
abc
--2
1e-
0e
abc
1e+
++1
-
+
--2
1e+
-
1.2.3
1.2.3
1e+
1ee2
-
1e
1.2.3
000.e
1ee2
1e-
abc
+
++1
++1
1ee2
1e+
1e-
1.2.3
1ee2
++1
e10
--2
abc
-
-
++1
++1
--2
000.e
+
e10
1.2.3
1ee2
-
1e+
1e-
-
0e
1e
1e+
1e+
-
0e
000.e
.
0e
0e
1.2.3
-
0e
--2
1.2.3
abc
--2
0e
000.e
1ee2
1.2.3
1e-
++1
--2
e10
+
++1
1.2.3
000.e
+
1e-
0e
.
000.e
0e
abc
1e+
.
1ee2
-
1.2.3
abc
1e
+
1e+
000.e
1.2.3
000.e
0e
.
1e+
0e
.
++1
--2
abc
++1
--2
abc
000.e
-
1e+
1ee2
1.2.3
000.e
1e+
1e+
++1
e10
000.e
1e-
0e
.
1ee2
1e-
1e
-
1ee2
--2
.
1e+
abc
.
-
1.2.3
++1
1e-
++1
+
abc
1e
--2
++1
e10
1e-
1e+
++1
1e+
1e
abc
++1
+
0e
1e+
abc
abc
+
e10
--2
abc
--2
1e-
abc
0e
1.2.3
1.2.3
000.e
++1
-
e10
e10
1e
1.2.3
abc
0e
1e-
000.e
1e-
+
.
1e-
1ee2
1ee2
1e+
1e+
e10
000.e
000.e
+
1e-
1e-
1e+
1ee2
1e-
1e+
1e+
-
0e
1e-
0e
1.2.3
0e
++1
e10
-
+
1e-
abc
1.2.3
0e
000.e
0e
+
-
-
++1
e10
--2
e10
1e-
++1
1e-
.
e10
+
1.2.3
0e
abc
1e-
1ee2
0e
1e
-
-
+
++1
1.2.3
e10
1ee2
.
1e
0e
000.e
.
-
000.e
--2
1ee2
0e
-
e10
++1
--2
--2
+
-
++1
-
abc
e10
0e
++1
0e
000.e
+
1e+
++1
++1
1ee2
1e-
1e-
000.e
0e
.
+
.
+
0e
1ee2
++1
1ee2
0e
0e
e10
1.2.3
1e+
abc
1.2.3
1.2.3
1.2.3
000.e
abc
.
--2
0e
1e-
1ee2
e10
000.e
0e
1.2.3
.
1ee2
.
-
1e+
.
1e
.
0e
1e-
1.2.3
--2
++1
abc
--2
abc
000.e
+
1e-
--2
1e
1e
0e
0e
--2
1e-
1.2.3
+
+
1e
e10
e10
0e
1e-
e10
1e
--2
1e-
-
1e+
++1
++1
1.2.3
1e+
1e
1ee2
++1
--2
e10
000.e
++1
000.e
.
e10
abc
e10
+
abc
1.2.3
1e
+
1.2.3
1e
abc
1ee2
++1
+
.
1ee2
++1
-
-
-
1e
1e
000.e
1e+
-
abc
1ee2
1e+
++1
1e
1ee2
000.e
000.e
-
-
0e
.
.
1e-
1e-
000.e
1e-
000.e
1e
++1
.
1e
.
1.2.3
0e
++1
.
000.e
1.2.3
abc
abc
1ee2
1.2.3
1.2.3
e10
--2
e10
e10
1e
000.e
--2
1.2.3
1e-
1e-
.
++1
e10
1e-
1ee2
0e
e10
++1
.
.
-
1e
1e-
-
++1
0e
abc
+
-
000.e
1e
e10
--2
-
+
1ee2
1e-
.
1.2.3
1e
000.e
1e
++1
000.e
++1
1e+
0e
1e-
1ee2
+
++1
1e
1ee2
-
+
++1
000.e
000.e
1.2.3
.
--2
1e-
--2
.
1e+
0e
1.2.3
1ee2
1ee2
1e
1.2.3
1e+
.
0e
-
++1
++1
e10
0e
.
1ee2
.
0e
1e-
1ee2
1e
1ee2
1.2.3
+
abc
+
0e
1.2.3
++1
000.e
0e
.
1e-
000.e
1.2.3
abc
--2
e10
--2
e10
-
1e-
1e-
-
000.e
1e-
1e
1e
1e-
000.e
--2
.
1ee2
abc
.
++1
1ee2
1.2.3
1e-
0e
1e+
-
++1
1e+
000.e
1e
0e
000.e
1.2.3
0e
abc
0e
1.2.3
e10
e10
e10
e10
1e-
000.e
1ee2
1e
0e
1ee2
1ee2
abc
-
--2
+
1e+
++1
1e+
++1
-
000.e
1.2.3
1e-
000.e
1e-
0e
000.e
1e+
1.2.3
-
1.2.3
1.2.3
e10
++1
++1
++1
1e-
--2
--2
++1
abc
-
1.2.3
abc
1e
1e+
++1
0e
1ee2
1e-
1e
-
1e
1e
-
-
0e
000.e
+
++1
abc
1.2.3
1ee2
1e-
.
+
--2
1e+
e10
e10
.
1e-
e10
++1
.
++1
++1
0e
1.2.3
1e-
--2
1e-
.
.
1e+
.
++1
1e
1e+
--2
++1
1e+
1ee2
1e
++1
1.2.3
++1
.
.
.
0e
0e
1ee2
1.2.3
++1
++1
1e
++1
-
1e+
000.e
1.2.3
--2
abc
1e
1e+
1.2.3
.
0e
++1
++1
1.2.3
1e+
--2
1ee2
--2
++1
1ee2
e10
1e-
++1
-
000.e
++1
1e
1ee2
1e-
1e+
+
++1
++1
--2
1e+
1e-
abc
e10
0e
abc
e10
1e
-
0e
1e
1e
000.e
+
abc
++1
000.e
--2
e10
000.e
1e-
1ee2
1.2.3
1e
1ee2
1e-
1e+
1.2.3
+
+
1e
1ee2
1.2.3
000.e
+
.
e10
1e-
--2
+
abc
e10
1.2.3
-
abc
.
e10
++1
.
1ee2
1ee2
1ee2
e10
1e+
.
--2
+
000.e
1e-
1e
+
1.2.3
abc
1e-
e10
--2
++1
.
--2
+
1e+
.
--2
abc
+
1.2.3
-
e10
0e
.
abc
e10
0e
.
1ee2
-
1e
-
.
1e
000.e
e10
1e+
1e
e10
+
1e-
1e+
0e
1e+
-
0e
1e-
1e+
1.2.3
e10
1e
++1
0e
000.e
.
000.e
1.2.3
--2
.
1e-
--2
1.2.3
1.2.3
1ee2
++1
1.2.3
-
1e+
000.e
--2
--2
--2
000.e
000.e
000.e
1ee2
e10
-
++1
1e+
0e
1e
--2
--2
1e+
0e
abc
1ee2
1e-
1.2.3
1e+
.
e10
abc
+
1ee2
1ee2
1.2.3
1e-
000.e
1ee2
000.e
abc
1.2.3
000.e
+
000.e
1.2.3
e10
e10
0e
++1
++1
1e+
1e+
000.e
abc
.
1.2.3
1e-
-
0e
1e+
000.e
--2
0e
000.e
1e
1ee2
e10
++1
-
1ee2
1ee2
1.2.3
++1
0e
.
--2
000.e
.
1ee2
1ee2
.
0e
abc
1e+
1ee2
1e-
-
--2
1ee2
abc
000.e
1.2.3
--2
e10
1e
.
-
1e-
1e-
1.2.3
-
000.e
abc
.
000.e
0e
1ee2
++1
0e
e10
000.e
1e-
1ee2
-
++1
000.e
000.e
1e-
1ee2
++1
-
000.e
e10
1.2.3
1.2.3
-
1e
000.e
1ee2
1e
.
e10
000.e
1.2.3
000.e
++1
abc
++1
000.e
+
+
000.e
1e-
--2
1e-
0e
abc
000.e
+
1e
+
e10
abc
000.e
.
e10
1e-
--2
1e+
+
1.2.3
.
++1
++1
-
e10
--2
++1
abc
e10
abc
000.e
000.e
.
1e
1e-
1e+
1.2.3
e10
+
1e+
+
--2
0e
++1
++1
+
1e-
1.2.3
e10
000.e
1ee2
++1
1e
+
000.e
abc
1e-
--2
++1
1e+
.
1ee2
--2
1e+
++1
-
--2
1ee2
0e
.
e10
++1
000.e
abc
0e
-
1ee2
0e
1e+
--2
0e
+
1e
1e+
1e+
.
.
1.2.3
000.e
--2
1.2.3
--2
.
000.e
.
1e+
--2
+
1ee2
abc
+
e10
000.e
1e
e10
+
1ee2
1e-
1ee2
e10
1e
1e
000.e
abc
-
abc
-
000.e
1ee2
1ee2
0e
--2
1e+
-
000.e
1e+
++1
e10
0e
++1
1ee2
1e
1ee2
.
1ee2
+
1e-
000.e
abc
1ee2
1.2.3
e10
.
1e
0e
+
0e
000.e
-
e10
1ee2
--2
000.e
e10
-
++1
--2
1e
-
0e
000.e
++1
abc
1.2.3
000.e
1e-
0e
--2
1ee2
1e-
--2
0e
--2
0e
1e
.
--2
1.2.3
--2
abc
1e-
e10
.
1e-
0e
1ee2
1ee2
+
000.e
e10
e10
-
+
e10
1.2.3
1e
1e+
++1
1e+
e10
++1
abc
1e
1ee2
-
1e+
+
e10
+
++1
.
1e-
1ee2
.
000.e
1e-
1ee2
+
-
+
e10
+
0e
1.2.3
0e
abc
.
1e-
abc
++1
0e
0e
e10
--2
+
1ee2
1e
1e
000.e
++1
000.e
1e-
e10
.
++1
+
-
-
-
e10
e10
abc
++1
++1
abc
-
1e-
1.2.3
000.e
1.2.3
1e
0e
+
+
1e
1e+
.
e10
0e
0e
+
+
1.2.3
1e
1e-
1e+
.
-
1.2.3
e10
000.e
--2
abc
1ee2
0e
1e-
1.2.3
1ee2
abc
.
1ee2
+
1ee2
1e-
+
1e+
1.2.3
e10
--2
abc
1e
++1
1ee2
1e
abc
.
1e-
0e
0e
1e+
abc
.
abc
000.e
1e
1e-
--2
-
+
abc
1e+
1.2.3
-
e10
.
0e
1.2.3
1.2.3
1e
1e
1e+
e10
-
e10
-
abc
1ee2
0e
e10
++1
1e
++1
-
000.e
abc
1e-
--2
000.e
--2
-
.
++1
0e
abc
1.2.3
1e+
-
1e
abc
1e-
--2
e10
abc
--2
000.e
-
--2
+
++1
1e-
--2
--2
--2
1e-
+
++1
+
1e-
++1
-
+
--2
.
1e
+
abc
0e
++1
++1
-
1e-
000.e
0e
+
1e+
++1
1e
++1
-
abc
0e
1.2.3
000.e
0e
1.2.3
1e+
-
000.e
0e
0e
+
++1
1e+
e10
-
.
1e
--2
0e
e10
--2
1ee2
0e
++1
1e-
1e
000.e
--2
1e
+
--2
-
1e+
--2
-
000.e
.
-
++1
000.e
1e
1e+
++1
1e+
0e
1.2.3
1e-
1e-
1.2.3
1.2.3
++1
-
++1
0e
++1
1e-
1e
000.e
abc
++1
-
e10
-
0e
++1
1e+
-
++1
0e
0e
0e
--2
1.2.3
++1
abc
1.2.3
--2
0e
--2
--2
1e
.
++1
+
1e
-
--2
0e
1ee2
1ee2
++1
1e-
++1
1ee2
1.2.3
1.2.3
1.2.3
e10
1e
.
1e-
0e
1e
1e-
-
0e
-
1ee2
--2
++1
+
e10
--2
+
1e-
1.2.3
--2
000.e
1e+
0e
0e
e10
1e+
--2
.
++1
000.e
1e
1e+
--2
0e
1e-
1ee2
1e-
0e
0e
1.2.3
.
.
+
+
1e
1.2.3
0e
1e
1e+
1e
++1
-
0e
-
abc
e10
--2
1ee2
1ee2
1e-
+
abc
1ee2
1e
1e+
1e-
e10
++1
--2
--2
e10
+
1e+
abc
e10
abc
1e-
1e+
e10
1e+
1.2.3
-
abc
1ee2
1e+
--2
--2
1e
--2
1e+
++1
e10
abc
+
1e+
--2
e10
--2
--2
1e
+
1ee2
1e+
1e-
1.2.3
++1
.
++1
1e
0e
1ee2
--2
+
1e-
--2
1e-
e10
1e+
+
1.2.3
--2
abc
1.2.3
e10
1e
0e
0e
++1
e10
+
++1
+
+
.
+
1e-
1e+
1ee2
++1
-
-
1ee2
abc
--2
++1
1e
1ee2
+
1e+
.
++1
0e
0e
1.2.3
++1
1.2.3
1e
1.2.3
1.2.3
-
++1
1.2.3
abc
e10
abc
e10
e10
1e-
--2
1e+
+
1.2.3
0e
++1
-
000.e
+
1ee2
+
++1
abc
.
1e
-
1e+
1e+
++1
1e-
0e
000.e
1.2.3
.
0e
1e-
1e+
0e
1.2.3
1.2.3
0e
abc
1.2.3
-
1.2.3
1e
e10
abc
000.e
++1
1.2.3
e10
1e-
1ee2
--2
abc
1e-
1e
1.2.3
1.2.3
+
000.e
+
0e
+
++1
1ee2
--2
1e
1e
1e
000.e
1ee2
abc
+
+
0e
1ee2
.
++1
+
--2
.
1e+
1ee2
1ee2
1e-
1.2.3
abc
1.2.3
000.e
000.e
--2
1.2.3
+
000.e
0e
1ee2
-
+
abc
000.e
1e-
e10
.
0e
000.e
e10
abc
1ee2
1e+
++1
-
.
-
0e
--2
+
++1
-
e10
e10
1e+
1ee2
++1
0e
e10
1.2.3
++1
1e
0e
abc
1e+
-
--2
-
1e
000.e
abc
1.2.3
e10
--2
1.2.3
1.2.3
1.2.3
1.2.3
1e-
-
1e-
1.2.3
1e
1e
000.e
1ee2
.
1e-
0e
+
--2
-
e10
1e+
1e
.
1e+
000.e
--2
000.e
+
1ee2
0e
1e-
1e+
0e
++1
1.2.3
000.e
++1
1e
-
1e+
1e+
1e
-
-
-
1e+
1e-
e10
--2
e10
1.2.3
1.2.3
++1
+
++1
1e-
1e-
0e
abc
1e+
+
1e-
abc
-
1ee2
--2
1e
++1
1e-
1e+
abc
1.2.3
-
--2
abc
1.2.3
1.2.3
abc
--2
1.2.3
-
1e
abc
000.e
000.e
1.2.3
+
+
+
+
1e+
-
.
000.e
.
abc
--2
1e+
++1
1.2.3
--2
000.e
1ee2
e10
e10
1e
-
1.2.3
--2
1ee2
e10
0e
++1
+
1ee2
--2
+
1.2.3
abc
1e+
++1
e10
e10
+
abc
.
-
--2
1e+
.
1ee2
e10
000.e
+
1e+
++1
-
1e
1e+
1e
+
--2
1e
1.2.3
-
++1
1ee2
+
1e-
1.2.3
1.2.3
000.e
.
.
1e-
1.2.3
1e-
+
1ee2
0e
000.e
1e-
1.2.3
000.e
1e-
000.e
1e-
1e
--2
1e+
++1
++1
1.2.3
000.e
1e+
1e-
1e
1ee2
e10
--2
1e+
e10
+
000.e
1.2.3
e10
abc
+
1e-
0e
1e+
1e+
abc
1ee2
.
.
1e+
1e
1e+
+
.
abc
.
-
++1
-
1.2.3
000.e
1ee2
+
0e
000.e
e10
1e
1e-
1.2.3
1e-
-
+
abc
++1
+
-
1e
1.2.3
1e
abc
+
1e
.
0e
e10
-
abc
0e
++1
+
abc
++1
abc
-
--2
++1
1ee2
e10
abc
1e-
+
1e-
000.e
+
++1
-
+
1e
1ee2
1ee2
+
+
1ee2
1.2.3
0e
1e
--2
1e+
1e+
1e-
1e-
1e+
e10
e10
1ee2
+
+
1ee2
e10
000.e
--2
--2
1.2.3
1e
++1
e10
1ee2
1e+
1ee2
.
000.e
1.2.3
abc
e10
+
e10
.
e10
1e
--2
1.2.3
abc
abc
+
.
+
1e-
abc
--2
1e
--2
1e-
1.2.3
e10
abc
++1
.
0e
1.2.3
1e
-
+
000.e
--2
0e
1e+
.
+
abc
++1
1.2.3
++1
abc
.
1ee2
abc
abc
e10
-
++1
+
e10
abc
1ee2
--2
e10
-
abc
1.2.3
abc
1.2.3
++1
--2
1ee2
++1
1ee2
-
1.2.3
1ee2
1ee2
abc
.
--2
1e+
1e-
000.e
abc
1e+
0e
1ee2
1e-
++1
.
0e
1.2.3
1ee2
+
+
000.e
.
-
+
1ee2
000.e
000.e
.
0e
1e
--2
e10
0e
1e+
-
--2
abc
1.2.3
1ee2
e10
-
000.e
1.2.3
1.2.3
e10
1ee2
1e-
000.e
--2
abc
++1
abc
--2
1e
1e
abc
abc
1e
000.e
1e+
.
1e
+
.
000.e
1e+
--2
1e+
.
1.2.3
++1
0e
1e
--2
0e
e10
1.2.3
--2
1e
1e
.
--2
1e+
--2
0e
--2
1e
--2
1.2.3
abc
1ee2
abc
e10
0e
1e
abc
--2
++1
1e-
+
-
abc
1e
abc
1ee2
.
1e-
1.2.3
abc
0e
1ee2
1e
abc
1e
1e+
1ee2
1.2.3
++1
--2
abc
.
000.e
+
000.e
abc
+
++1
1e-
1e-
--2
0e
0e
1e-
1.2.3
--2
1e
-
++1
-
e10
+
++1
1e+
1e
.
e10
1e+
1e
1e-
e10
e10
1ee2
.
++1
0e
++1
+
-
000.e
0e
+
-
000.e
.
-
e10
0e
1ee2
1e
+
--2
1e-
1.2.3
1e+
0e
1e-
-
1e
+
abc
++1
1e
++1
.
0e
--2
0e
.
000.e
e10
abc
-
1.2.3
1e+
1.2.3
++1
1e
abc
e10
0e
++1
--2
e10
abc
e10
abc
-
0e
-
-
1e-
++1
1e+
e10
.
-
1.2.3
+
0e
1.2.3
000.e
.
1e-
1e-
-
+
+
1.2.3
e10
1.2.3
0e
-
++1
+
1e-
000.e
-
--2
0e
+
1e
0e
1e+
e10
++1
1e
++1
1ee2
--2
1e
abc
0e
abc
000.e
-
++1
.
0e
1e+
-
1e+
+
--2
--2
abc
1e+
1e-
.
-
000.e
.
000.e
1e-
1e
++1
1ee2
.
+
0e
1.2.3
000.e
.
-
1e
.
0e
1e
000.e
--2
1ee2
abc
abc
++1
-
1.2.3
--2
e10
.
1ee2
++1
--2
0e
0e
0e
e10
++1
1e
abc
.
1e
0e
abc
1ee2
1ee2
--2
1ee2
--2
e10
1.2.3
1.2.3
++1
++1
++1
1e
e10
1.2.3
-
1ee2
000.e
+
000.e
1e+
1ee2
1e
1.2.3
1e
-
+
-
000.e
1e-
1e
e10
.
e10
0e
+
1.2.3
abc
1e+
1e-
1ee2
e10
e10
.
-
1e
e10
1e+
+
.
abc
1e+
1e-
e10
++1
0e
1e
--2
--2
1ee2
1ee2
1e+
1.2.3
+
1ee2
+
0e
abc
--2
1ee2
-
+
1ee2
.
1.2.3
--2
+
000.e
1ee2
+
000.e
+
-
1ee2
1e-
e10
1e-
1e
000.e
1ee2
-
.
000.e
1e+
e10
e10
1.2.3
1e+
0e
+
-
1ee2
1e
-
000.e
++1
+
++1
abc
1e-
abc
.
.
.
.
1ee2
0e
1e-
1e
000.e
.
1e-
0e
1e+
1ee2
++1
1e
e10
e10
e10
1e-
-
000.e
--2
000.e
1e+
1.2.3
e10
abc
000.e
1e
e10
+
abc
++1
1.2.3
0e
++1
1.2.3
1.2.3
1.2.3
1ee2
000.e
0e
--2
0e
0e
1ee2
.
.
-
1.2.3
000.e
abc
++1
.
1e-
1e+
1.2.3
1.2.3
0e
0e
1e
1e+
1.2.3
+
1e-
+
--2
.
.
++1
++1
+
1e
+
1e+
1.2.3
1ee2
1e-
1e-
-
+
1e+
0e
++1
--2
1e+
1.2.3
e10
1e+
--2
e10
e10
+
1e-
-
0e
e10
1e-
+
0e
1ee2
.
--2
abc
abc
0e
1e
1e-
+
1ee2
e10
+
+
--2
--2
000.e
.
1e-
1e
0e
1ee2
000.e
000.e
.
000.e
1e
++1
0e
+
++1
000.e
e10
1e-
++1
1e+
.
1e+
1e+
1e+
--2
+
++1
000.e
++1
000.e
1e
e10
-
1ee2
1ee2
-
.
abc
000.e
--2
.
+
-
000.e
1e
++1
1e+
1e+
1e-
--2
1ee2
abc
abc
--2
--2
1e+
e10
.
++1
1e
.
1.2.3
1.2.3
000.e
abc
abc
000.e
1e+
000.e
abc
1e-
0e
1e+
--2
+
+
1e-
1e
000.e
abc
--2
++1
+
--2
1.2.3
1ee2
000.e
abc
++1
000.e
+
++1
1.2.3
1e-
1e-
+
.
-
+
1e+
1ee2
1ee2
-
-
1e
1ee2
abc
++1
000.e
000.e
+
1.2.3
1ee2
000.e
.
.
+
0e
.
1e-
++1
--2
-
--2
000.e
.
+
abc
1ee2
--2
1e+
1ee2
-
000.e
.
1e-
1ee2
0e
1ee2
+
1e
.
1e-
.
1e+
0e
e10
1e-
1.2.3
1e-
-
+
1e+
++1
1e+
-
++1
1ee2
.
--2
e10
+
abc
-
000.e
1.2.3
-
000.e
0e
abc
++1
--2
-
abc
0e
++1
+
000.e
abc
-
1ee2
1e
0e
1.2.3
000.e
--2
e10
e10
+
1ee2
1e+
e10
1e-
--2
1.2.3
0e
1ee2
1ee2
1e
--2
-
1.2.3
000.e
1e+
-
1ee2
+
0e
.
.
.
--2
-
.
1e
++1
1e+
+
abc
++1
1ee2
1ee2
1e
000.e
.
000.e
++1
000.e
1e+
1e+
1ee2
0e
1ee2
1e-
++1
-
1.2.3
e10
1e
.
1.2.3
++1
+
0e
+
.
abc
1e-
-
--2
0e
-
+
1.2.3
1e
1ee2
1e+
++1
--2
000.e
+
e10
-
-
1ee2
+
0e
1e-
1e
.
.
1e
++1
--2
--2
+
1ee2
1ee2
0e
1e+
1e+
0e
000.e
.
.
1e+
--2
.
abc
-
abc
1ee2
1e+
000.e
1.2.3
++1
1e
.
000.e
e10
++1
++1
abc
0e
-
1e
1ee2
abc
1e
-
e10
1e
1e+
1ee2
abc
1e-
1e-
+
++1
.
000.e
++1
++1
1ee2
+
1e-
1e+
1e+
.
.
.
1e
abc
0e
++1
1e-
-
1e+
+
1.2.3
+
000.e
1.2.3
++1
e10
1.2.3
+
1e-
e10
++1
1e+
abc
e10
.
++1
--2
000.e
1ee2
1e+
.
1e
++1
--2
e10
1e+
+
1ee2
1e
1e
000.e
abc
1e
1.2.3
000.e
1e+
0e
1e-
1ee2
1ee2
1ee2
-
1e+
1.2.3
0e
e10
.
.
000.e
++1
++1
.
e10
000.e
0e
000.e
1ee2
000.e
e10
abc
1e
0e
0e
abc
abc
-
1e-
0e
--2
1.2.3
++1
--2
1ee2
e10
1ee2
e10
1e+
+
+
abc
1e+
0e
-
1ee2
++1
e10
+
1e-
1e-
1e+
++1
1e+
1e
-
1.2.3
e10
++1
1e+
.
1.2.3
.
1e-
0e
.
0e
1e
1e-
+
abc
1.2.3
1e+
abc
e10
.
1e-
.
e10
-
-
+
+
0e
+
0e
1e+
1ee2
1e
000.e
1e
1.2.3
1e
abc
1e+
++1
1e-
0e
1ee2
1.2.3
0e
.
--2
1ee2
abc
+
abc
000.e
1e+
.
0e
0e
1.2.3
1ee2
1ee2
1ee2
1.2.3
1e+
1e
1e-
1.2.3
-
0e
+
++1
.
-
1e
1e
++1
--2
abc
abc
.
--2
1ee2
0e
1e
1e+
0e
++1
1e
000.e
000.e
.
++1
++1
--2
--2
1.2.3
--2
.
.
000.e
000.e
.
1.2.3
--2
abc
e10
-
1e
++1
--2
0e
1ee2
000.e
1e+
1e
-
000.e
-
1e+
-
.
1e
--2
++1
--2
++1
1.2.3
1e+
+
e10
++1
000.e
+
1e-
0e
1e+
.
1ee2
e10
1e
++1
1e+
1e+
1ee2
--2
1e-
000.e
0e
000.e
abc
--2
1e-
1e
0e
e10
1.2.3
1e
0e
+
000.e
0e
0e
1e-
e10
1ee2
++1
--2
-
1e
.
1.2.3
1e+
--2
+
++1
000.e
1e
+
1e+
e10
e10
-
.
abc
1.2.3
1e-
++1
000.e
.
e10
1.2.3
000.e
1e
-
1e
000.e
+
+
1ee2
1.2.3
1ee2
.
1e-
--2
1ee2
++1
++1
-
1e-
0e
000.e
1e
1ee2
1e
e10
1e
1.2.3
+
1.2.3
1e
--2
--2
1e-
1e+
e10
1ee2
1e
1.2.3
--2
e10
.
0e
1e+
-
.
++1
1ee2
.
e10
1.2.3
e10
1e
abc
1.2.3
1ee2
abc
+
1e+
abc
++1
1e-
-
++1
abc
++1
abc
.
1e
1e+
1e+
.
1e
abc
1.2.3
1e+
1.2.3
1.2.3
--2
+
1e+
1ee2
0e
-
.
e10
1e-
1.2.3
0e
1e+
1ee2
1e+
e10
1e
e10
-
0e
++1
+
-
+
++1
0e
-
+
abc
+
1e+
++1
0e
1e-
-
1e-
abc
1ee2
--2
+
--2
1e
0e
--2
1.2.3
++1
-
.
+
-
1e
1.2.3
000.e
0e
1.2.3
e10
abc
1e+
.
1e+
-
000.e
1e-
e10
1e
++1
-
1e+
1ee2
1ee2
1e+
.
0e
000.e
1e-
--2
1e-
abc
e10
1e
+
0e
e10
1e+
000.e
0e
1e+
1.2.3
000.e
000.e
abc
1e+
abc
1e-
1e
1e
1e
.
0e
-
++1
0e
.
1ee2
0e
+
abc
abc
1e-
1ee2
e10
+
1e+
e10
1.2.3
e10
000.e
1ee2
-
000.e
1.2.3
1.2.3
e10
1e-
0e
+
abc
--2
--2
1.2.3
-
1.2.3
000.e
++1
++1
-
0e
1e-
1.2.3
++1
1e-
.
1ee2
1e-
1e-
1ee2
--2
-
abc
.
1e
0e
1e+
++1
1.2.3
.
-
+
1e+
000.e
1e
+
++1
--2
++1
1.2.3
--2
++1
+
--2
abc
1e-
-
-
--2
abc
++1
1ee2
+
000.e
000.e
e10
1ee2
.
abc
.
e10
1e
+
.
+
-
-
--2
abc
--2
1ee2
+
1e+
1e-
000.e
-
-
1e
1.2.3
++1
0e
1.2.3
1.2.3
1ee2
1e-
++1
.
-
+
.
--2
1ee2
1e+
1e
++1
1e+
1e+
++1
.
.
++1
0e
-
+
1e+
1ee2
1.2.3
++1
0e
1ee2
0e
1ee2
.
--2
.
+
000.e
1e-
.
1ee2
1e
--2
-
+
1e+
abc
000.e
000.e
1.2.3
--2
+
abc
0e
--2
1ee2
0e
000.e
++1
1e-
1ee2
1e+
--2
+
1ee2
000.e
0e
-
1e
0e
1.2.3
1e
1.2.3
+
e10
1.2.3
1e
1ee2
.
1e
.
1e
1e-
-
000.e
-
.
1.2.3
1e+
-
+
000.e
-
1.2.3
.
1e-
1ee2
1e-
+
--2
-
.
1e-
-
1e-
--2
.
0e
abc
000.e
+
000.e
+
abc
1e+
-
1.2.3
1e-
1e+
abc
.
+
1e-
abc
1ee2
.
1e+
1e
1ee2
e10
+
abc
1e+
++1
1e
.
e10
--2
abc
e10
0e
000.e
1e+
1ee2
0e
1.2.3
-
1e+
1.2.3
1e+
++1
abc
-
1e
1e+
e10
1ee2
--2
e10
1e+
--2
1ee2
e10
1e+
1e-
1.2.3
0e
.
1e-
1e-
+
e10
+
++1
1.2.3
e10
1e
.
0e
++1
abc
1.2.3
1.2.3
000.e
--2
++1
0e
-
--2
1e+
--2
1ee2
1e+
1e+
--2
++1
1e
1e-
1e
1e-
1.2.3
1ee2
+
++1
.
++1
.
0e
1ee2
-
1e+
1ee2
1e-
1e
1ee2
1e
++1
+
-
e10
1.2.3
1e+
-
--2
1e
1.2.3
1e+
1e-
1e+
1ee2
e10
abc
.
1ee2
1e+
+
.
1ee2
0e
++1
abc
0e
1e-
abc
1e+
0e
+
+
1ee2
-
0e
abc
0e
1ee2
0e
+
1e
abc
1e+
000.e
.
000.e
1.2.3
0e
++1
.
1e+
000.e
++1
1e-
++1
--2
+
abc
-
0e
-
abc
++1
1ee2
1e-
abc
0e
++1
+
1e
0e
1ee2
1e+
1e
++1
1e-
+
abc
1.2.3
--2
000.e
abc
+
1e+
000.e
000.e
1e+
abc
++1
000.e
.
1e
1.2.3
1ee2
000.e
+
1e+
+
e10
1.2.3
e10
-
.
e10
000.e
0e
e10
e10
e10
1e
+
abc
.
000.e
1.2.3
1.2.3
1.2.3
e10
--2
++1
abc
e10
--2
++1
.
1.2.3
1ee2
1e
abc
e10
1e+
++1
+
000.e
1e
--2
--2
0e
++1
1.2.3
-
abc
++1
-
0e
0e
abc
.
0e
-
1e
1e+
+
e10
1.2.3
000.e
1ee2
0e
1.2.3
1.2.3
1e+
-
abc
1e+
1e
1e
abc
1e+
0e
0e
--2
abc
1.2.3
++1
1e
1e-
0e
e10
0e
-
-
--2
1e
-
-
1.2.3
abc
1e+
1e
000.e
000.e
.
.
++1
-
1.2.3
+
--2
+
1e
.
1.2.3
--2
1e
.
.
1.2.3
1.2.3
0e
1ee2
1e
.
.
--2
.
+
e10
1.2.3
1e
1e
abc
1.2.3
-
1e-
++1
000.e
.
1e
.
+
abc
-
abc
1ee2
1e+
e10
-
1e
1e-
0e
-
1ee2
e10
1e-
1ee2
--2
1e+
-
+
.
+
1.2.3
1e+
1.2.3
--2
1e-
1e+
-
1.2.3
+
1e-
++1
1e
1e-
0e
1ee2
abc
.
++1
.
-
abc
e10
1e+
1e-
1e-
1e
++1
e10
1ee2
1.2.3
abc
000.e
1ee2
e10
-
1e+
1.2.3
0e
e10
.
++1
0e
--2
abc
000.e
++1
000.e
++1
.
++1
1e-
++1
.
-
--2
+
1e+
0e
1ee2
+
1.2.3
.
--2
--2
1ee2
.
1e
+
1e
++1
++1
1e
000.e
0e
1ee2
abc
1e
1e+
e10
1e
.
-
-
e10
1e-
.
1e-
-
e10
1.2.3
1e
--2
1.2.3
e10
1e+
1ee2
-
0e
++1
1e+
--2
000.e
abc
1e+
1.2.3
++1
-
-
1ee2
++1
--2
.
abc
1e
1.2.3
1e+
e10
e10
1ee2
abc
-
+
-
abc
0e
1e
.
1ee2
000.e
1ee2
e10
1e
+
abc
1e-
1.2.3
abc
000.e
.
1.2.3
0e
++1
--2
1ee2
1e-
.
1ee2
000.e
e10
000.e
--2
0e
.
1e
e10
1e-
1e-
+
1ee2
-
0e
1e
1e+
1.2.3
1ee2
000.e
e10
000.e
abc
1.2.3
1e-
1e
1.2.3
1.2.3
++1
++1
e10
e10
++1
1e+
1e-
1e
1ee2
++1
-
+
000.e
+
1e-
1ee2
1e+
1.2.3
abc
1ee2
++1
1e-
.
.
0e
e10
1.2.3
0e
1ee2
abc
1ee2
1.2.3
e10
-
1e
1ee2
abc
++1
1e+
1.2.3
++1
1e+
+
1ee2
-
abc
1e+
abc
abc
abc
abc
1e
e10
++1
abc
-
abc
abc
--2
.
--2
.
000.e
1ee2
0e
1e
1.2.3
0e
++1
.
-
+
e10
1e-
+
+
+
1ee2
0e
0e
0e
1.2.3
000.e
e10
1ee2
.
++1
1e-
1e+
--2
1e+
-
--2
++1
1e
1e-
0e
+
-
-
1.2.3
1e
1.2.3
1ee2
abc
1ee2
e10
1e-
.
1e+
1e
1e+
1e-
000.e
++1
1e-
1e+
--2
+
1e-
1e
++1
.
e10
1.2.3
0e
-
000.e
1e-
abc
1e
++1
e10
abc
abc
abc
1ee2
1.2.3
0e
1.2.3
1e
-
.
--2
++1
e10
+
1.2.3
abc
++1
--2
.
e10
1e
--2
e10
-
.
-
e10
1e+
-
e10
++1
000.e
1e+
1ee2
e10
1e+
000.e
1e
e10
abc
1ee2
1e-
000.e
1.2.3
0e
e10
e10
abc
abc
1e+
0e
1ee2
1e
--2
abc
--2
.
abc
--2
1ee2
1e-
.
1.2.3
++1
1ee2
1e+
.
1ee2
-
0e
e10
.
0e
000.e
-
1e+
.
++1
1.2.3
--2
1e-
+
1e
000.e
1e-
+
0e
1e-
abc
abc
0e
.
1.2.3
--2
.
000.e
1.2.3
1e+
000.e
-
--2
++1
e10
+
.
0e
-
.
abc
0e
--2
-
1e+
000.e
.
0e
1e+
-
000.e
1ee2
+
--2
--2
--2
1.2.3
abc
000.e
abc
e10
+
1e
1.2.3
e10
+
000.e
1e-
+
+
1e
-
1.2.3
1ee2
1.2.3
+
1e-
++1
-
++1
000.e
-
1e-
1e-
-
0e
0e
.
1.2.3
e10
-
++1
++1
1e
-
-
--2
-
000.e
1e+
000.e
+
0e
e10
.
-
+
1e-
1e-
.
+
.
1.2.3
++1
1.2.3
1e-
++1
000.e
+
--2
1e
1ee2
--2
000.e
-
1ee2
e10
1.2.3
++1
1.2.3
e10
0e
--2
--2
0e
+
++1
1.2.3
.
0e
1e-
1e-
1ee2
++1
++1
1e-
--2
1.2.3
000.e
1e-
.
1ee2
abc
.
.
+
1e+
e10
1.2.3
e10
e10
1e-
++1
-
000.e
000.e
++1
000.e
1ee2
-
1e-
.
1.2.3
.
--2
1e-
++1
.
.
000.e
++1
1.2.3
-
+
abc
e10
1e-
000.e
1e
.
--2
-
1e
e10
0e
0e
abc
1e
0e
+
1.2.3
1.2.3
1e-
1ee2
.
abc
1ee2
+
e10
1e
0e
.
.
.
--2
-
1e
.
1e
1e
1e-
e10
++1
1e-
abc
-
--2
1e-
1e+
1e-
+
++1
.
000.e
.
1ee2
++1
1ee2
+
abc
e10
-
1e
-
1e+
1.2.3
1e
+
1e+
+
1ee2
abc
-
1e+
--2
1e-
--2
0e
1e
1e+
+
--2
e10
e10
.
++1
0e
.
0e
000.e
1e
1ee2
-
abc
++1
1.2.3
--2
1e+
1ee2
1e-
e10
1e
1e-
1e-
+
--2
.
0e
1e+
000.e
1e-
1e
e10
000.e
e10
+
++1
0e
0e
abc
++1
.
1e
e10
1.2.3
abc
1e-
abc
1.2.3
+
-
1e
-
1e+
++1
-
abc
++1
--2
1e+
000.e
0e
-
abc
e10
1e-
1e
000.e
1e
+
.
0e
1e+
e10
1e+
1ee2
1e-
1.2.3
e10
-
1e
-
1.2.3
000.e
++1
--2
1e
0e
1e-
--2
000.e
1ee2
1.2.3
000.e
++1
+
+
000.e
000.e
.
.
000.e
abc
1ee2
0e
000.e
1ee2
-
1e+
000.e
1ee2
++1
1e-
.
++1
1e-
1e-
000.e
1ee2
1e
.
++1
000.e
-
0e
-
e10
1e
++1
000.e
0e
e10
e10
.
+
1.2.3
e10
0e
abc
1.2.3
abc
0e
-
0e
1e-
1.2.3
--2
--2
0e
1ee2
1ee2
1.2.3
e10
1e-
1ee2
000.e
000.e
1.2.3
--2
000.e
1e+
1e
+
000.e
1e
e10
1e
e10
++1
e10
--2
1.2.3
1.2.3
1.2.3
1ee2
e10
1ee2
1e-
abc
0e
1e
abc
000.e
.
1ee2
abc
-
0e
1ee2
--2
1.2.3
1.2.3
.
abc
.
000.e
1e
++1
++1
.
abc
++1
--2
000.e
abc
-
++1
1e
0e
--2
++1
--2
0e
++1
+
-
-
--2
1.2.3
1e+
abc
1e
000.e
.
1e+
1e+
--2
1.2.3
1ee2
++1
1.2.3
1.2.3
1.2.3
.
1.2.3
1e-
1.2.3
1.2.3
000.e
1e+
1e-
-
.
0e
++1
000.e
1e
.
e10
1.2.3
-
++1
e10
abc
++1
.
1.2.3
--2
e10
e10
1e+
+
.
--2
1e
e10
-
++1
000.e
abc
1ee2
0e
1ee2
-
--2
abc
abc
.
1e-
-
--2
e10
+
1ee2
1e
--2
-
1e
000.e
000.e
000.e
0e
--2
1ee2
1ee2
000.e
e10
-
+
000.e
1.2.3
0e
1e-
000.e
0e
0e
1.2.3
000.e
0e
1e
.
-
abc
000.e
.
1e-
1e+
.
+
e10
+
000.e
1e-
abc
1e+
1e
e10
e10
--2
++1
1e-
++1
--2
1e+
--2
1ee2
+
1ee2
1e-
1e-
000.e
1e+
1e+
.
+
1e
-
000.e
++1
0e
1e-
000.e
000.e
e10
1e-
1e
0e
1e+
1e+
+
e10
+
-
.
0e
1e-
abc
e10
1e-
1e
abc
1.2.3
1e
.
e10
0e
000.e
1e+
e10
-
-
1.2.3
000.e
--2
1e
++1
000.e
--2
0e
++1
.
abc
1e+
1.2.3
abc
1ee2
1.2.3
abc
++1
1ee2
1e
1ee2
abc
++1
++1
1ee2
0e
1ee2
1ee2
1e
1e
+
.
1e-
1ee2
0e
1e
+
1.2.3
--2
1.2.3
1e+
abc
1ee2
1e-
1e
.
1e
-
000.e
1e+
abc
0e
000.e
1ee2
1e-
1e-
1.2.3
.
e10
000.e
0e
abc
--2
+
1e+
--2
1e
000.e
000.e
.
1e
1ee2
1.2.3
+
1e-
++1
abc
.
.
--2
e10
1.2.3
-
1e
1e
1e-
1e-
.
000.e
.
1.2.3
+
abc
++1
abc
+
1e
1.2.3
1e-
e10
+
--2
1e+
1ee2
--2
.
1ee2
000.e
1.2.3
1.2.3
e10
abc
1e-
+
000.e
1e+
1e+
0e
1e
+
++1
abc
1e-
0e
1.2.3
1.2.3
e10
.
e10
+
++1
abc
--2
0e
1e
--2
000.e
1.2.3
1ee2
+
000.e
000.e
-
1e-
--2
0e
0e
.
--2
-
abc
1e
1e
++1
000.e
e10
000.e
1ee2
.
+
++1
-
-
e10
0e
000.e
++1
1e
1e-
1e+
0e
--2
--2
1ee2
--2
000.e
1e
--2
.
000.e
1.2.3
1e+
1e
1e-
1e+
+
.
0e
++1
e10
.
1.2.3
e10
000.e
1.2.3
+
-
e10
abc
abc
+
--2
1e
abc
e10
--2
.
-
1e-
000.e
1ee2
.
abc
e10
.
+
1e+
1e+
0e
000.e
1.2.3
1ee2
+
.
abc
1ee2
1e+
1e+
1ee2
1ee2
1.2.3
0e
0e
++1
++1
e10
++1
.
.
000.e
+
-
1e
e10
.
1e-
000.e
1.2.3
000.e
--2
++1
1ee2
-
-
1.2.3
1e+
000.e
++1
1ee2
--2
.
-
++1
+
1.2.3
++1
e10
1e+
0e
--2
++1
1.2.3
e10
1.2.3
0e
--2
1.2.3
-
.
1ee2
+
1e-
--2
1ee2
1e
.
1e+
e10
--2
1ee2
1e
.
+
++1
--2
+
1ee2
abc
.
e10
1e+
.
1e
++1
1.2.3
0e
1e-
1e
1e-
e10
0e
1e-
--2
1e-
1e+
1.2.3
1e-
1e+
-
abc
+
0e
000.e
1.2.3
1.2.3
.
+
+
e10
.
1e
1e+
abc
.
abc
--2
--2
1ee2
--2
--2
+
1.2.3
-
-
+
1e+
-
++1
1e
0e
0e
1e-
e10
-
-
1e
1e-
abc
0e
1ee2
.
--2
1e
.
abc
--2
000.e
++1
0e
++1
1e
1ee2
-
+
abc
e10
--2
1ee2
1.2.3
1e+
1.2.3
0e
1.2.3
+
1e
.
1ee2
1e+
1ee2
1e-
1e+
1e+
1.2.3
1.2.3
1e
abc
.
0e
1.2.3
1e-
-
1ee2
000.e
++1
1e
000.e
e10
-
1ee2
abc
abc
-
000.e
-
1ee2
.
e10
abc
1e
1ee2
0e
-
0e
abc
0e
1e
++1
1e
1e+
000.e
1e+
1e-
--2
abc
++1
0e
0e
1e-
000.e
000.e
000.e
1.2.3
abc
.
.
-
--2
.
.
e10
abc
--2
1.2.3
-
1ee2
000.e
--2
1e+
abc
.
abc
1e+
-
1e+
e10
abc
.
000.e
0e
--2
e10
+
abc
1e
1ee2
+
1e
+
++1
1.2.3
1e-
0e
1ee2
++1
abc
1.2.3
-
++1
1e+
0e
1ee2
.
1ee2
000.e
.
-
0e
--2
1.2.3
.
--2
1e+
--2
--2
-
-
1.2.3
0e
1e-
1ee2
e10
1e-
-
1e-
1e
1e+
e10
++1
1e-
1e
000.e
1e+
000.e
e10
1e+
1ee2
.
e10
1e
--2
1ee2
1e
000.e
e10
.
-
000.e
1e
1ee2
+
e10
e10
0e
0e
abc
abc
+
-
abc
+
++1
1e
1e
e10
--2
++1
0e
-
1e+
--2
--2
1e
+
1e-
-
--2
0e
1e-
.
++1
000.e
-
1e
-
1e-
1.2.3
1.2.3
e10
abc
abc
e10
-
++1
1e
--2
e10
1.2.3
000.e
1e-
0e
1e
1e
++1
1e-
1e
1e
1e+
1.2.3
1.2.3
e10
abc
--2
.
++1
1e
1e
.
0e
++1
++1
abc
1.2.3
1e+
000.e
1e+
+
1e+
+
1e
1e-
1e
000.e
--2
--2
-
1ee2
1.2.3
1e
000.e
1.2.3
1e
.
+
abc
-
--2
0e
+
abc
+
1ee2
.
.
0e
.
e10
0e
e10
1e-
1e+
1e+
++1
--2
-
.
0e
1e+
.
1e
--2
000.e
.
++1
1.2.3
1.2.3
-
1e
1e+
+
1.2.3
abc
abc
e10
.
1e
++1
abc
1e
-
abc
abc
abc
1.2.3
000.e
--2
1ee2
-
1ee2
1e
e10
1e-
.
++1
++1
++1
e10
++1
000.e
000.e
1.2.3
000.e
1ee2
+
1e+
abc
0e
e10
000.e
abc
1e+
++1
000.e
000.e
1e
e10
abc
1.2.3
abc
1e-
1e
1e+
0e
1ee2
000.e
000.e
1.2.3
e10
1.2.3
abc
1e
1.2.3
--2
--2
1e-
0e
1e+
1.2.3
1e-
abc
1e-
+
+
+
+
1e-
-
1.2.3
e10
abc
--2
--2
0e
1e
1e+
+
abc
+
--2
+
.
+
1.2.3
--2
1e
1ee2
--2
--2
1e+
-
abc
0e
000.e
abc
-
1e-
1ee2
++1
1e
--2
--2
++1
+
1e
.
++1
++1
abc
1e-
0e
--2
000.e
+
1e
e10
--2
1e
1e
-
+
1ee2
000.e
++1
++1
0e
++1
1ee2
.
1e-
1.2.3
++1
.
++1
0e
.
e10
1e-
--2
++1
0e
-
0e
000.e
abc
1e+
1e+
0e
1e-
.
1ee2
--2
--2
1.2.3
++1
1e
abc
.
--2
++1
-
-
.
+
1ee2
-
e10
e10
1ee2
1e+
1.2.3
1ee2
e10
1ee2
++1
0e
.
000.e
1e
1.2.3
++1
1e
+
+
000.e
1e
1.2.3
--2
++1
1e
1e+
000.e
e10
++1
1.2.3
-
-
1ee2
1.2.3
.
0e
abc
e10
1e
--2
1.2.3
1e+
1e-
1.2.3
1e
1e-
1e-
e10
+
+
1e
--2
0e
0e
+
e10
.
1e
0e
+
1e
1e+
1.2.3
++1
0e
0e
000.e
1e
--2
000.e
e10
1ee2
+
1e-
abc
+
1e-
1ee2
-
000.e
1ee2
++1
0e
1ee2
1e-
0e
.
1e
abc
--2
1.2.3
0e
e10
.
e10
-
--2
0e
000.e
-
1e+
1e
1ee2
1e+
++1
1e-
e10
.
.
abc
+
.
abc
1e+
1e-
000.e
0e
--2
--2
1e-
0e
1ee2
000.e
0e
1.2.3
1e+
++1
1ee2
000.e
++1
1ee2
--2
+
+
.
000.e
0e
000.e
+
1e-
-
1e+
-
1e-
1e
e10
-
000.e
.
abc
1.2.3
1e
--2
1e+
--2
1.2.3
1e+
1e+
abc
+
abc
e10
--2
--2
--2
0e
--2
-
0e
0e
++1
.
-
.
abc
--2
1e+
1e-
1e+
1ee2
.
++1
1e-
.
1.2.3
1ee2
0e
abc
e10
1.2.3
1e+
1e
1e-
.
1e-
0e
1e+
+
000.e
+
abc
0e
abc
1e+
abc
++1
1ee2
1e+
+
000.e
000.e
1e+
000.e
abc
abc
0e
0e
1e+
1.2.3
abc
1.2.3
-
0e
1.2.3
e10
abc
1.2.3
1e+
-
1e+
e10
--2
1.2.3
1ee2
+
+
.
000.e
+
-
1e+
1.2.3
1e-
abc
.
.
1e+
-
000.e
-
+
1e-
abc
1e-
.
000.e
.
1e+
1e-
1e-
1e
1ee2
1e-
1e
abc
1.2.3
+
1e
1e
1e-
.
1e
e10
e10
.
1ee2
.
1e
.
.
1e-
-
++1
1.2.3
0e
++1
++1
0e
.
++1
.
++1
-
000.e
000.e
.
-
1e+
e10
e10
.
1e-
0e
1e+
.
-
1e-
1ee2
e10
1e-
1e+
+
.
1.2.3
.
0e
0e
.
.
000.e
.
1e+
1.2.3
1e-
e10
1ee2
000.e
+
1e+
000.e
0e
+
1e-
-
000.e
0e
1e
-
e10
000.e
000.e
1e+
e10
1e+
.
1e-
++1
1e+
.
.
0e
1e-
1e-
1e-
+
1e
++1
.
-
1e
000.e
.
1e
1e-
.
abc
1ee2
000.e
abc
1ee2
e10
0e
000.e
1ee2
1e+
e10
1e
-
e10
0e
abc
++1
000.e
abc
0e
e10
1.2.3
abc
1e
+
++1
1.2.3
e10
0e
+
1.2.3
1e+
1e+
1ee2
e10
+
1.2.3
1e
--2
000.e
1ee2
1e-
--2
abc
1ee2
1ee2
1ee2
1e
000.e
.
0e
abc
+
000.e
++1
1.2.3
abc
000.e
1.2.3
++1
++1
-
+
e10
.
000.e
1e+
0e
1.2.3
-
+
--2
++1
1e+
1.2.3
1e
e10
1.2.3
0e
++1
abc
+
-
.
--2
1e-
0e
e10
000.e
000.e
++1
abc
1e
1.2.3
++1
--2
1e+
e10
e10
000.e
.
1e-
1e+
1e+
e10
0e
+
1ee2
1.2.3
++1
0e
.
000.e
--2
0e
++1
000.e
1e+
1ee2
abc
-
+
--2
e10
1e
0e
1e-
abc
e10
-
1e-
-
abc
000.e
1e+
1e-
1e
1.2.3
1ee2
++1
e10
.
-
abc
1ee2
1e-
+
0e
1.2.3
1e+
1ee2
abc
abc
0e
.
++1
+
1.2.3
++1
1e
-
1.2.3
1e-
1ee2
-
1e+
1e-
1e
1e+
+
000.e
1e-
-
abc
-
+
+
1e-
++1
++1
0e
1e-
1e+
-
.
++1
.
abc
abc
1ee2
1ee2
1e+
-
1.2.3
+
1ee2
1e
.
abc
-
abc
-
abc
0e
e10
1e-
1.2.3
1e
0e
e10
000.e
1e+
1ee2
0e
1.2.3
--2
.
+
1.2.3
0e
--2
000.e
abc
-
1e
1e-
--2
1e+
1e
1ee2
000.e
-
1ee2
e10
0e
abc
++1
--2
e10
--2
1.2.3
1e-
+
.
0e
1.2.3
1e-
1e+
e10
abc
1ee2
1.2.3
.
--2
.
1ee2
abc
abc
+
e10
000.e
1.2.3
-
1e-
000.e
1e-
-
1ee2
000.e
1.2.3
000.e
.
0e
abc
0e
1ee2
--2
0e
1e-
1.2.3
.
+
1ee2
e10
000.e
--2
.
.
--2
++1
1e
abc
1e+
abc
--2
1e+
0e
+
1e-
0e
1e+
abc
1ee2
0e
1e-
-
.
1e
1e+
.
++1
1e
0e
000.e
1e
abc
0e
.
-
.
+
++1
++1
++1
--2
--2
e10
abc
000.e
1e-
abc
1ee2
1.2.3
++1
-
1e-
1e-
e10
1e-
e10
1e-
0e
1e-
1ee2
1e
+
1ee2
+
1.2.3
abc
-
+
++1
e10
1.2.3
.
1.2.3
1.2.3
-
+
+
++1
1e+
-
--2
--2
1e-
1e
-
1e+
.
e10
-
0e
--2
+
.
.
0e
0e
000.e
1ee2
--2
e10
e10
1e-
abc
1e
--2
1ee2
++1
-
-
.
1e-
1e-
1ee2
000.e
.
1e-
abc
1ee2
1e
abc
.
--2
++1
1ee2
-
-
e10
-
-
1e-
e10
++1
-
0e
--2
1e+
1ee2
-
+
1e+
++1
e10
1e-
+
1e+
0e
1.2.3
0e
-
+
abc
e10
++1
1e+
++1
000.e
1e
-
1e+
e10
-
e10
e10
++1
++1
+
1ee2
e10
.
1e-
e10
abc
-
000.e
1e
1e
000.e
1.2.3
1ee2
--2
000.e
000.e
e10
000.e
000.e
1ee2
++1
1e+
1.2.3
+
++1
1e
1.2.3
abc
e10
1ee2
0e
+
1e+
--2
1e+
++1
000.e
+
-
1e-
1e+
1.2.3
e10
1e-
abc
+
abc
++1
e10
++1
-
.
1ee2
--2
1ee2
1e
1e-
000.e
-
+
1ee2
+
0e
abc
-
+
1.2.3
1e
++1
1e+
e10
1e+
1ee2
abc
--2
.
0e
000.e
1.2.3
1.2.3
-
1ee2
abc
.
-
.
1.2.3
1.2.3
1ee2
.
1.2.3
--2
1ee2
--2
1e-
1e+
000.e
1e-
-
+
.
+
1.2.3
-
-
e10
0e
0e
--2
.
-
1e+
--2
-
abc
+
1e+
0e
1e
1.2.3
1e
abc
1.2.3
abc
1e-
--2
.
1e
1e+
.
e10
abc
1ee2
++1
++1
.
.
1e-
e10
--2
e10
000.e
1e-
1e+
1e+
1e+
-
-
1.2.3
1e-
-
-
1e
++1
-
0e
1e+
abc
-
++1
++1
+
000.e
+
000.e
++1
abc
++1
+
+
abc
0e
1e+
+
++1
0e
+
1ee2
.
1e
++1
++1
1ee2
1e+
1e+
+
1.2.3
e10
1e-
1e-
000.e
000.e
000.e
-
e10
e10
1e-
1.2.3
1e+
e10
+
1e-
--2
.
-
1ee2
1ee2
-
e10
++1
abc
1ee2
1e
e10
0e
1ee2
0e
-
+
1ee2
1e+
-
0e
++1
abc
1e
1.2.3
.
abc
000.e
++1
+
1e+
+
1ee2
000.e
-
0e
+
1e
000.e
1ee2
-
abc
1.2.3
e10
1.2.3
1e
.
1e-
-
1e
0e
000.e
000.e
1e
.
1e+
1e+
1.2.3
1e-
+
1e+
000.e
1e+
+
1e
+
+
abc
0e
1e
--2
e10
-
+
1e
+
-
1e-
1e
+
1e-
000.e
000.e
abc
1ee2
1e+
e10
++1
000.e
1e
1e-
0e
1e-
abc
000.e
e10
abc
0e
e10
1.2.3
1.2.3
++1
e10
1e
0e
0e
--2
e10
1ee2
1e-
-
abc
1e-
-
++1
e10
+
1e+
1.2.3
1e
+
1ee2
1e-
.
.
1ee2
1ee2
1ee2
.
1.2.3
abc
1ee2
e10
0e
--2
1e+
++1
1e+
.
--2
000.e
+
1ee2
1ee2
1e+
e10
.
abc
abc
-
-
--2
abc
000.e
-
e10
+
++1
1e+
.
1.2.3
+
0e
000.e
e10
1e-
+
--2
.
1e
000.e
1e+
++1
0e
.
1e-
--2
+
e10
-
1e-
1e+
1e-
.
1e
1e+
--2
1e-
++1
++1
1ee2
.
-
abc
0e
-
.
.
.
+
++1
1e
0e
++1
+
1e-
1e
--2
e10
1ee2
-
0e
+
+
1e+
++1
1ee2
--2
--2
.
+
000.e
000.e
1.2.3
1e+
+
0e
0e
.
-
abc
1e-
abc
1.2.3
-
.
0e
++1
--2
000.e
-
++1
-
+
0e
e10
1.2.3
1ee2
+
1e
-
1e
abc
++1
1ee2
abc
--2
000.e
1.2.3
++1
000.e
1e+
+
++1
1e-
1ee2
+
000.e
--2
000.e
--2
++1
e10
+
1e-
--2
1e
1e
+
.
1.2.3
-
--2
-
1.2.3
abc
1.2.3
1e-
--2
1e
+
++1
.
1e+
--2
+
0e
1e+
1e-
000.e
1e+
abc
1.2.3
1.2.3
--2
+
000.e
-
--2
1.2.3
--2
1e
++1
.
--2
1e+
000.e
1ee2
1e+
abc
--2
.
1ee2
e10
+
1.2.3
1.2.3
000.e
-
000.e
+
.
1e+
1ee2
1.2.3
000.e
1e-
000.e
1.2.3
1.2.3
1.2.3
.
--2
++1
1ee2
0e
+
1e-
-
-
--2
1e
1e
000.e
1.2.3
1e
1e
1ee2
1e-
.
0e
1e
1.2.3
+
1e+
1.2.3
000.e
1e-
0e
1e-
0e
1ee2
.
-
1e-
+
0e
1e
-
1e-
e10
e10
++1
--2
e10
e10
1.2.3
1e+
0e
abc
1e+
1ee2
000.e
1e
.
+
e10
--2
abc
0e
1ee2
1e+
0e
1ee2
0e
-
0e
1.2.3
1.2.3
--2
++1
.
1e
0e
abc
000.e
0e
0e
0e
000.e
1ee2
+
.
0e
++1
abc
--2
--2
+
1ee2
+
e10
-
1ee2
+
e10
0e
1e+
000.e
-
1.2.3
1e
++1
+
abc
--2
000.e
+
e10
1.2.3
abc
e10
1e
000.e
-
+
000.e
0e
+
0e
000.e
-
1e
1e
--2
000.e
1e
1.2.3
-
-
e10
1e+
e10
abc
1e
1ee2
e10
1.2.3
+
+
+
+
1.2.3
1.2.3
+
++1
e10
e10
0e
-
1ee2
1e-
.
000.e
1e+
+
1ee2
e10
1e-
.
1.2.3
000.e
1e-
++1
1ee2
1e+
++1
0e
abc
+
000.e
1e+
++1
e10
0e
+
1e-
+
--2
1e+
1e-
-
1e-
1ee2
1e
0e
.
+
++1
1.2.3
000.e
e10
1e
e10
abc
-
1e
1e+
-
000.e
.
1e
000.e
-
abc
0e
1e
-
abc
.
1ee2
.
0e
+
0e
1ee2
abc
abc
1.2.3
1e
0e
1e+
1e+
--2
++1
000.e
abc
-
++1
--2
--2
0e
abc
1.2.3
+
e10
.
--2
+
1e-
++1
000.e
000.e
1e-
1.2.3
+
--2
.
+
1e-
+
1e
abc
0e
000.e
1ee2
+
000.e
000.e
.
1e+
++1
1e-
1e+
-
000.e
1ee2
000.e
e10
1.2.3
e10
-
0e
1.2.3
1ee2
0e
0e
+
abc
1e+
1e+
--2
e10
1e-
0e
abc
e10
+
e10
1ee2
1e
abc
0e
1e
++1
+
1.2.3
abc
e10
0e
0e
e10
.
1e
-
1.2.3
0e
0e
--2
1.2.3
000.e
1ee2
000.e
+
.
++1
1e-
+
1e
abc
--2
1e
e10
abc
++1
abc
abc
0e
1.2.3
.
-
0e
++1
1e-
1e-
0e
.
1.2.3
++1
+
++1
e10
.
1e-
0e
-
000.e
++1
abc
e10
-
e10
++1
.
1e+
.
.
--2
1.2.3
1.2.3
++1
+
+
--2
1.2.3
e10
1e+
1e-
000.e
000.e
--2
abc
1.2.3
-
000.e
1e
1e
+
000.e
1ee2
--2
abc
+
abc
-
.
++1
.
000.e
.
1e+
1e-
abc
1ee2
-
++1
--2
--2
1e+
--2
1e
1e-
0e
000.e
++1
0e
.
e10
++1
-
-
e10
e10
1ee2
0e
e10
.
+
--2
-
0e
e10
0e
1e-
abc
000.e
1ee2
e10
1e-
-
.
++1
1ee2
+
1ee2
1e
abc
000.e
000.e
-
++1
--2
000.e
1e
++1
-
abc
1e
1e+
1e-
1e+
abc
1e-
1.2.3
e10
0e
--2
abc
1e-
1ee2
++1
.
+
e10
0e
1e-
000.e
.
1ee2
0e
abc
1e-
1e-
-
1e+
1ee2
++1
e10
e10
0e
1e
000.e
.
1e
0e
1e+
1e+
000.e
++1
-
1e-
1.2.3
1e
1e
abc
-
1e-
1e-
1ee2
1ee2
-
1.2.3
1.2.3
1.2.3
.
e10
1e+
0e
++1
000.e
e10
000.e
abc
1.2.3
--2
--2
e10
1e-
e10
000.e
+
0e
0e
1e-
1e-
++1
++1
.
e10
000.e
1.2.3
000.e
e10
1e
1ee2
1.2.3
1e
000.e
++1
1.2.3
0e
--2
1e
000.e
++1
+
0e
1.2.3
e10
-
e10
-
1e-
-
+
.
1ee2
abc
++1
1e-
1e
1.2.3
abc
abc
1ee2
abc
--2
-
e10
abc
.
abc
000.e
-
1ee2
1ee2
--2
--2
abc
++1
1.2.3
.
1e
--2
1e-
-
1ee2
1e-
1e+
--2
.
1e
abc
--2
0e
e10
1e
1e
.
++1
+
1e
.
1e-
--2
1.2.3
e10
1e-
0e
abc
1.2.3
+
--2
1e
1e
1e+
++1
--2
0e
--2
1e-
1e+
1e-
e10
e10
1e
000.e
abc
--2
--2
-
--2
1ee2
e10
000.e
1e
-
++1
e10
e10
000.e
.
e10
+
1.2.3
-
0e
-
.
e10
1e
0e
000.e
000.e
1e-
1e-
1e
--2
1.2.3
1ee2
+
000.e
+
abc
1e
--2
++1
++1
1e-
.
.
-
++1
abc
.
.
-
++1
1e+
1e+
1ee2
1.2.3
.
000.e
1e+
++1
-
e10
e10
e10
e10
1ee2
-
0e
1e
--2
abc
-
1e+
+
0e
+
-
1e-
.
000.e
++1
e10
++1
1e-
-
.
1e
-
1e
--2
abc
e10
++1
.
abc
.
abc
1.2.3
.
++1
0e
abc
1e
+
--2
abc
1.2.3
+
++1
0e
1e+
1e
1ee2
++1
1ee2
+
1e+
1e-
abc
1.2.3
1e-
.
e10
1.2.3
1ee2
--2
000.e
1e-
1e
1.2.3
000.e
000.e
1e-
.
1e-
abc
-
1.2.3
.
1.2.3
++1
--2
1ee2
1e-
++1
.
1ee2
000.e
--2
1e
e10
1ee2
000.e
e10
e10
1e+
1ee2
1e+
-
.
1ee2
1ee2
000.e
e10
++1
1.2.3
000.e
1.2.3
-
-
0e
--2
1e-
e10
000.e
--2
++1
abc
1e-
1e
abc
e10
1e
.
1e-
.
1ee2
1.2.3
000.e
-
.
1e-
1e+
1e+
.
1ee2
1ee2
e10
+
e10
+
+
--2
e10
1e
1ee2
--2
1e
1ee2
abc
-
1ee2
1e+
--2
e10
1ee2
1.2.3
000.e
0e
--2
1ee2
++1
1e+
-
1.2.3
000.e
1ee2
000.e
1.2.3
--2
000.e
000.e
abc
+
--2
1e
+
1e
++1
-
.
1e-
+
++1
1e+
--2
1.2.3
+
.
++1
1e+
-
1ee2
1e+
+
abc
--2
1.2.3
--2
--2
1ee2
1e
abc
+
e10
1e-
-
1e
1e-
1ee2
-
0e
.
1e
.
1e-
1e
1e-
+
1ee2
.
1ee2
abc
1e+
e10
1e+
.
1ee2
-
0e
+
1e
abc
1e
-
1e+
e10
abc
1.2.3
1e+
e10
-
1e
.
0e
--2
abc
abc
1e
abc
1e-
1ee2
1e+
.
e10
abc
0e
--2
-
++1
000.e
1e-
++1
-
abc
+
1e-
abc
1e-
0e
0e
abc
0e
1.2.3
abc
1e+
1.2.3
abc
++1
-
abc
--2
.
abc
abc
1.2.3
abc
++1
1e+
+
1e+
0e
+
1.2.3
e10
++1
1e+
+
+
e10
1ee2
-
0e
000.e
0e
1e-
.
1e-
abc
+
1e-
000.e
000.e
1e+
.
1e
1e+
--2
++1
-
+
1ee2
+
1ee2
++1
000.e
1ee2
.
1e+
1e-
++1
0e
+
-
000.e
1e-
.
1e+
1ee2
1e+
--2
+
1.2.3
1.2.3
abc
1e
1.2.3
1e
1e+
1ee2
000.e
1e-
0e
1e+
1e
e10
-
1.2.3
-
0e
000.e
1e+
.
1e
1.2.3
1e+
-
+
--2
1ee2
+
1e+
.
1e-
1e+
++1
abc
1ee2
1e-
e10
.
e10
+
1.2.3
+
1e
1ee2
e10
000.e
++1
1e
000.e
++1
000.e
.
000.e
++1
0e
1e
000.e
000.e
1e-
-
0e
1.2.3
0e
+
000.e
+
1e+
1e-
1e-
abc
1e
.
+
e10
1e+
++1
abc
abc
1e+
000.e
1e+
-
1ee2
1ee2
++1
++1
--2
1ee2
0e
1.2.3
.
++1
++1
1e-
1.2.3
+
1e
1ee2
000.e
-
++1
++1
-
0e
.
e10
--2
e10
1e+
1.2.3
1ee2
.
1e+
--2
1e-
e10
1ee2
e10
1e+
e10
1e
0e
0e
.
-
1ee2
-
++1
.
abc
1e
1.2.3
abc
1.2.3
++1
1ee2
000.e
.
1.2.3
--2
+
000.e
0e
--2
--2
++1
++1
000.e
1e
+
.
-
e10
0e
1e+
--2
1ee2
--2
1ee2
e10
+
1.2.3
1.2.3
1e+
000.e
+
-
1e-
1.2.3
--2
1e
.
1e+
-
+
.
0e
1e+
1e-
000.e
000.e
1e
1ee2
+
e10
.
1ee2
000.e
1ee2
-
000.e
000.e
++1
000.e
--2
abc
1e
1e
+
1.2.3
1e-
000.e
1ee2
000.e
--2
1e
000.e
000.e
--2
-
1.2.3
abc
++1
000.e
--2
e10
+
0e
--2
-
1.2.3
e10
000.e
++1
1ee2
e10
1e-
e10
1ee2
1e-
--2
+
--2
abc
1e+
e10
1e-
1ee2
+
+
000.e
++1
abc
1e-
e10
0e
1e-
1e+
1e+
e10
-
1e-
1e-
1e+
0e
1.2.3
1.2.3
-
++1
1e-
1e
++1
1e-
1e
+
e10
-
e10
1ee2
0e
0e
.
++1
++1
1.2.3
0e
e10
1ee2
1e+
+
0e
.
1ee2
++1
1e+
1e+
-
e10
1e-
000.e
0e
+
1.2.3
.
1.2.3
--2
1ee2
1.2.3
1e+
000.e
e10
000.e
.
1e+
1.2.3
-
1ee2
1e
.
.
1e-
0e
+
abc
1.2.3
1e-
e10
0e
0e
1ee2
--2
1ee2
1e-
abc
-
1e-
1e+
0e
abc
+
+
e10
1e+
000.e
0e
1.2.3
1.2.3
e10
1e+
abc
abc
.
1e+
1e
1ee2
++1
-
--2
e10
--2
1ee2
--2
1e+
1e-
000.e
1ee2
1e-
.
1e
--2
0e
1.2.3
.
e10
1e-
1e+
++1
abc
e10
--2
1e+
++1
-
0e
--2
e10
1ee2
1e-
1.2.3
-
1e-
--2
1ee2
1e+
1ee2
++1
1e-
-
0e
++1
1e+
-
1e-
000.e
.
1.2.3
--2
1ee2
1e
--2
000.e
abc
--2
.
abc
1e
+
1e+
e10
--2
1.2.3
1e+
1e+
--2
1.2.3
e10
++1
1e+
-
abc
.
-
e10
1ee2
1.2.3
1ee2
1ee2
++1
+
1ee2
1ee2
e10
1e-
--2
-
1.2.3
0e
1.2.3
000.e
1e-
abc
abc
e10
0e
0e
abc
+
000.e
--2
1e+
++1
000.e
++1
1e
1e+
0e
1.2.3
abc
+
+
e10
.
--2
-
++1
abc
0e
--2
0e
1ee2
.
--2
1ee2
1ee2
1e-
0e
1.2.3
-
1ee2
.
e10
1ee2
e10
+
1.2.3
1.2.3
+
1e-
++1
+
1e+
0e
+
abc
1e+
--2
.
1ee2
--2
000.e
1e+
1ee2
e10
1e
1e-
1.2.3
-
1ee2
--2
0e
abc
+
+
++1
000.e
000.e
abc
1.2.3
1.2.3
0e
1e+
0e
1e+
e10
.
1ee2
1e+
1ee2
1e+
1e
1.2.3
1e+
abc
000.e
1ee2
++1
.
000.e
0e
++1
++1
1ee2
.
1.2.3
1ee2
1e+
1ee2
1e
1e+
1ee2
.
000.e
1e
e10
.
abc
++1
1e
1e+
abc
1e-
1e+
e10
+
1e-
1.2.3
1ee2
++1
1.2.3
abc
.
0e
000.e
1ee2
1e+
1.2.3
++1
+
1e
--2
.
abc
abc
+
1e+
abc
abc
+
-
.
.
.
1ee2
0e
0e
1e-
+
-
-
--2
--2
+
0e
+
e10
e10
0e
+
1e+
--2
+
e10
1ee2
0e
1.2.3
+
1e
++1
000.e
1e+
1e+
1.2.3
1e+
1e+
abc
abc
1e+
++1
0e
++1
+
1e+
1e-
.
1ee2
--2
1e+
1.2.3
1e-
abc
1.2.3
abc
--2
1ee2
++1
1.2.3
1e-
1e+
0e
0e
1.2.3
+
e10
.
+
000.e
-
0e
1e
1e
1e
000.e
1e
+
--2
1e
000.e
++1
+
1e-
-
1.2.3
1ee2
+
.
1ee2
-
abc
1.2.3
1.2.3
1e+
abc
--2
-
-
1e-
+
1ee2
+
.
1ee2
1e-
e10
1e
abc
1e
1.2.3
e10
-
1ee2
1e
.
++1
--2
+
1ee2
1e
e10
--2
--2
-
1e
1.2.3
000.e
+
1e-
abc
abc
+
--2
1.2.3
1ee2
0e
.
+
+
--2
1ee2
e10
++1
1.2.3
-
1e-
+
1e+
000.e
++1
e10
++1
1e
1e
--2
1e+
1e-
.
000.e
+
000.e
1ee2
abc
++1
1.2.3
++1
1e
-
000.e
-
1ee2
.
--2
1e
e10
000.e
1e+
1e
0e
1e+
1ee2
1e+
0e
-
-
++1
000.e
++1
1e+
1e
1e
++1
1e-
0e
--2
1e-
e10
1ee2
++1
1e+
e10
++1
1.2.3
1e
e10
+
1e
-
+
1e
1e+
1e
-
+
1.2.3
1e+
e10
1e+
1e
0e
-
e10
.
--2
abc
++1
1ee2
1ee2
.
-
1e+
.
0e
abc
+
0e
++1
.
++1
0e
-
1e-
abc
e10
e10
e10
++1
+
-
abc
000.e
1e+
+
e10
++1
1e
1e+
+
1.2.3
-
1ee2
++1
++1
1e
++1
1e
1ee2
++1
+
1e+
1.2.3
1.2.3
1ee2
e10
-
1e-
e10
000.e
--2
-
.
--2
1e+
--2
+
0e
1ee2
0e
--2
+
1e
1e
.
-
1ee2
1e
-
1e
-
1e-
1e
-
.
--2
+
1e
1ee2
.
++1
000.e
--2
1.2.3
++1
+
0e
000.e
--2
1e+
.
e10
e10
1e-
1.2.3
--2
+
1e+
+
-
++1
--2
abc
-
-
.
++1
e10
1e+
1ee2
+
000.e
1.2.3
-
e10
1e-
1e
e10
+
++1
1.2.3
++1
+
++1
++1
++1
1e-
--2
++1
0e
abc
e10
1e
1.2.3
1e-
1.2.3
1e+
--2
1e+
-
abc
1e-
--2
-
++1
0e
+
1ee2
e10
-
1.2.3
0e
000.e
0e
e10
1e-
000.e
-
.
1ee2
abc
1ee2
1ee2
1.2.3
1ee2
++1
1e-
1ee2
--2
++1
-
1e-
1e-
-
++1
1ee2
.
+
++1
1e+
1e+
0e
1e+
abc
0e
0e
abc
-
1ee2
e10
-
000.e
e10
1e+
000.e
000.e
abc
+
-
1e+
--2
.
++1
1e
+
e10
1e+
0e
-
1ee2
0e
++1
000.e
--2
.
1e
abc
abc
--2
abc
+
0e
-
--2
.
1e-
1.2.3
++1
--2
000.e
1e
1e+
1e+
0e
e10
1.2.3
e10
1.2.3
--2
++1
e10
1e
0e
--2
1.2.3
++1
.
1.2.3
1ee2
1e
++1
+
e10
1e-
1ee2
e10
1e-
+
000.e
1e
--2
-
+
0e
--2
1.2.3
000.e
+
0e
abc
-
000.e
--2
+
e10
1.2.3
abc
1e-
000.e
1ee2
1e-
--2
abc
1e
-
.
1e-
.
0e
1e
--2
++1
1e-
0e
-
000.e
1e+
000.e
.
1e
-
--2
--2
0e
.
+
+
1e
0e
e10
-
-
+
0e
-
++1
-
1e
.
1e
+
abc
1ee2
000.e
1ee2
e10
1e-
+
1e-
-
--2
++1
1.2.3
000.e
+
1ee2
e10
1.2.3
1e+
1ee2
abc
-
.
e10
+
0e
1e-
000.e
000.e
e10
1e-
0e
000.e
--2
1e
abc
1e
1e
-
.
000.e
1.2.3
e10
1e-
1ee2
1e-
1ee2
0e
1e-
--2
++1
0e
+
+
++1
e10
1ee2
e10
0e
++1
--2
0e
000.e
1.2.3
abc
e10
1e
abc
0e
1e
++1
e10
e10
1e-
1e+
.
abc
1e+
++1
1.2.3
1.2.3
++1
1.2.3
+
++1
1e
e10
-
1e+
1e-
1e
0e
++1
+
--2
--2
1e+
1.2.3
++1
1ee2
000.e
+
-
abc
1e-
1.2.3
1e+
0e
000.e
000.e
++1
1e
000.e
e10
1e+
000.e
.
1e+
--2
++1
000.e
1e-
++1
++1
1e
+
-
++1
+
1e
1e+
1e-
abc
++1
+
1e-
-
1ee2
e10
--2
--2
1e-
1e-
-
1.2.3
e10
1e+
.
--2
000.e
1e
000.e
1e+
abc
abc
.
--2
1ee2
1.2.3
-
000.e
1e+
e10
1e+
-
++1
0e
000.e
0e
+
1e
1e
--2
1.2.3
1e-
--2
1e+
1ee2
1ee2
000.e
--2
1.2.3
+
.
1e-
abc
-
1e+
--2
1e-
+
000.e
1.2.3
.
1e-
.
-
0e
1e+
e10
-
1ee2
1e+
1e+
1e-
1e
+
1e+
abc
1.2.3
-
.
-
0e
1ee2
.
000.e
+
e10
e10
1e-
1e-
-
1.2.3
++1
-
0e
+
1e
-
+
e10
abc
--2
e10
--2
+
++1
000.e
e10
--2
000.e
1e
--2
++1
.
1.2.3
1e+
0e
1e+
-
e10
1ee2
0e
1e+
e10
0e
1e+
1.2.3
000.e
1e
++1
abc
1ee2
1e
-
--2
abc
++1
+
e10
000.e
++1
000.e
000.e
1.2.3
++1
1.2.3
1e
e10
abc
++1
--2
1.2.3
+
1e-
.
.
0e
+
1e
e10
e10
.
1e+
1ee2
-
000.e
.
--2
--2
.
--2
000.e
000.e
++1
1.2.3
++1
1e
abc
abc
++1
abc
++1
+
1e+
1.2.3
+
--2
--2
1e
0e
--2
1e+
-
000.e
1e+
1e-
.
e10
++1
-
1e-
+
+
000.e
++1
0e
1e+
1e
-
--2
--2
+
--2
1e
000.e
-
++1
1e+
--2
-
e10
-
--2
e10
+
1e
++1
1e
1ee2
+
1e-
0e
+
1.2.3
++1
0e
-
1e
1e+
1e
++1
--2
abc
1.2.3
-
--2
--2
abc
0e
1ee2
++1
1e+
0e
1.2.3
1.2.3
+
e10
1ee2
0e
abc
-
-
--2
e10
000.e
--2
++1
--2
1.2.3
1e
-
1e
--2
1e
.
abc
0e
0e
1.2.3
.
1ee2
1e
.
-
-
-
e10
1e
++1
0e
0e
1e
++1
1ee2
+
000.e
000.e
abc
1e-
+
-
++1
0e
++1
1ee2
-
0e
++1
e10
1e
--2
1e
0e
e10
1ee2
-
.
e10
+
+
.
1ee2
1e+
abc
1e
--2
1e
++1
1.2.3
++1
--2
000.e
1e+
1ee2
e10
000.e
1e
-
e10
000.e
1e-
0e
000.e
abc
e10
--2
1e
1ee2
++1
--2
1e
1ee2
1e
++1
.
0e
e10
1ee2
1e-
0e
+
1e
-
0e
+
1e-
abc
1.2.3
1e+
abc
+
0e
1ee2
.
1ee2
0e
000.e
1e-
--2
.
-
000.e
1e+
1e
+
1e
.
1ee2
1e
1e-
.
+
1e
e10
0e
e10
abc
1e+
1ee2
-
000.e
++1
0e
1e
e10
e10
1e-
1ee2
0e
--2
1e
.
-
e10
1e-
000.e
1e+
+
0e
++1
1.2.3
1e
abc
abc
1ee2
1e
++1
--2
1e
--2
++1
abc
abc
+
--2
1ee2
+
1e+
-
+
1.2.3
-
1.2.3
1e
.
e10
1.2.3
.
0e
+
1e
1e
1e+
1.2.3
1e-
abc
1e-
--2
000.e
+
.
+
1e+
.
-
.
000.e
.
1e+
1ee2
000.e
000.e
1e+
.
1e-
++1
abc
e10
abc
--2
e10
+
0e
++1
0e
1e-
1.2.3
1e-
-
abc
e10
1.2.3
000.e
1ee2
abc
--2
++1
e10
--2
0e
1ee2
1e-
1.2.3
-
0e
.
++1
000.e
abc
000.e
1e-
0e
0e
.
000.e
1e
000.e
1.2.3
++1
e10
-
1e
1e+
.
1ee2
++1
+
.
000.e
+
++1
1e-
0e
0e
++1
1e
1e
--2
+
+
+
1e-
1e-
.
1e
0e
+
000.e
--2
1ee2
1.2.3
1e
-
1ee2
1ee2
1.2.3
1e-
-
++1
++1
000.e
000.e
--2
1.2.3
abc
0e
e10
1ee2
++1
0e
+
1e
-
e10
e10
-
--2
--2
1.2.3
++1
0e
000.e
+
0e
1e+
1e
.
e10
1.2.3
+
1e+
.
.
1e-
1e+
1.2.3
++1
abc
abc
1e+
0e
+
abc
1e+
.
abc
1.2.3
0e
++1
1e-
1e
1e
1e+
1.2.3
000.e
--2
1e-
--2
1e
0e
1e
abc
1e-
.
--2
000.e
1e-
++1
+
000.e
1.2.3
-
1.2.3
++1
-
1e
1e-
++1
+
1.2.3
+
1e-
.
--2
1ee2
++1
1.2.3
0e
--2
1.2.3
--2
e10
--2
0e
e10
e10
abc
0e
--2
++1
1e+
0e
1e+
.
000.e
-
--2
.
1.2.3
++1
1e-
e10
--2
++1
-
000.e
0e
++1
1ee2
+
1e-
.
1.2.3
abc
0e
++1
++1
1e
+
000.e
1e-
1ee2
+
0e
0e
1.2.3
++1
abc
0e
++1
e10
.
1e
1e+
1ee2
1e+
abc
++1
e10
1ee2
+
.
1e+
1ee2
abc
abc
.
0e
1e
1.2.3
+
1ee2
++1
.
+
+
1.2.3
.
--2
-
e10
-
0e
.
e10
-
1ee2
+
0e
1e-
e10
000.e
1ee2
--2
e10
-
abc
0e
000.e
e10
1e+
abc
1e+
0e
abc
1e
.
1ee2
000.e
--2
000.e
0e
+
1e+
abc
1e+
1e
1e
1.2.3
1e
e10
1e-
000.e
++1
1e-
++1
1ee2
+
1.2.3
abc
-
1ee2
1e-
++1
+
e10
1.2.3
1e
000.e
1e+
++1
1e-
1e+
1e
e10
1e-
1ee2
-
0e
abc
abc
1ee2
.
1.2.3
0e
.
.
abc
.
0e
--2
e10
--2
--2
++1
1e-
1e+
--2
.
-
++1
abc
1e-
+
++1
--2
1e-
1.2.3
.
--2
--2
--2
abc
1ee2
1.2.3
--2
1e-
-
--2
000.e
000.e
1e-
--2
1.2.3
abc
.
1ee2
1e
1ee2
.
--2
--2
+
1e+
abc
1e
1e
--2
--2
1e+
1e
e10
e10
-
1ee2
+
1e
1.2.3
++1
1e-
e10
1ee2
1e+
1.2.3
abc
1ee2
+
.
0e
000.e
+
.
-
+
1e-
1.2.3
1e
000.e
.
e10
1e+
1.2.3
-
000.e
1e+
--2
e10
1e
1ee2
abc
--2
+
0e
000.e
1ee2
0e
.
000.e
e10
1ee2
-
1e
1ee2
+
abc
e10
1e-
1e+
1ee2
e10
++1
.
++1
e10
++1
1e
.
e10
-
++1
1.2.3
+
abc
1e+
--2
--2
1e-
1e+
e10
1.2.3
1ee2
000.e
e10
+
e10
.
e10
abc
0e
1e+
e10
1e+
e10
000.e
+
.
1e+
.
+
1e+
1e-
1e+
-
000.e
.
+
abc
e10
-
1.2.3
1e
0e
1e
e10
-
e10
e10
++1
0e
+
.
+
++1
000.e
--2
.
-
1ee2
1e+
1e+
1ee2
.
+
1.2.3
.
.
abc
000.e
1e+
e10
.
++1
1e+
++1
1e+
--2
++1
+
.
+
.
--2
e10
1.2.3
+
--2
--2
1.2.3
1ee2
1e+
000.e
000.e
+
.
++1
--2
1.2.3
abc
1e-
1.2.3
e10
0e
1ee2
++1
+
1e-
++1
-
0e
1e-
1e
e10
abc
000.e
-
1ee2
--2
abc
+
000.e
0e
-
1e
abc
.
+
1ee2
1e
++1
1e-
abc
e10
000.e
1e-
1.2.3
1e-
--2
1ee2
000.e
abc
+
e10
abc
1e+
e10
+
.
++1
0e
1ee2
1e
.
000.e
1e-
1e
+
000.e
abc
1e+
-
1ee2
1e
1e+
abc
1e+
e10
-
1e
abc
++1
e10
+
1.2.3
000.e
.
abc
e10
++1
1e+
-
000.e
.
000.e
.
abc
+
1e-
1ee2
.
1ee2
--2
-
.
000.e
1.2.3
1e-
1e
.
1e
1e
+
-
++1
000.e
1e+
+
--2
000.e
1ee2
1e
e10
abc
+
abc
e10
+
-
1ee2
.
0e
1e-
abc
1e
1.2.3
000.e
-
e10
-
++1
1.2.3
abc
.
+
++1
abc
1e
1e+
1e+
+
1e-
+
1e
++1
1.2.3
1.2.3
-
e10
1e+
-
1e
-
0e
-
+
.
1e
000.e
.
1e
.
1ee2
--2
1e+
abc
--2
1e
+
e10
-
0e
++1
+
+
000.e
1e-
-
1ee2
1e
1ee2
1e
--2
e10
000.e
++1
1.2.3
0e
1e
abc
1e+
0e
--2
abc
1e+
--2
abc
e10
e10
-
000.e
1e-
000.e
1e+
-
--2
.
e10
1ee2
abc
1e+
-
000.e
++1
e10
1ee2
0e
-
.
e10
1ee2
1e
1.2.3
1e-
abc
e10
0e
.
1.2.3
+
e10
+
1e+
1.2.3
+
e10
1e+
1e-
++1
++1
1.2.3
0e
000.e
++1
abc
000.e
1e-
1e+
000.e
++1
1.2.3
.
0e
1e
++1
-
e10
1.2.3
1ee2
--2
0e
1e
1e
abc
--2
-
000.e
0e
1.2.3
000.e
--2
abc
--2
-
abc
-
-
+
1e-
-
1e-
.
-
000.e
1e
++1
.
000.e
++1
-
--2
++1
.
1.2.3
1e+
+
1.2.3
0e
1e+
0e
000.e
-
e10
1e+
e10
1e+
+
abc
.
0e
000.e
1.2.3
0e
e10
+
1e
0e
e10
1.2.3
1ee2
abc
000.e
e10
1ee2
++1
1e+
1e-
--2
-
.
1.2.3
abc
0e
--2
1ee2
+
++1
1e-
1e
1e
1e
1.2.3
abc
++1
0e
++1
+
1.2.3
1e+
1e-
1ee2
1.2.3
1e-
0e
1e-
1e
+
1.2.3
1ee2
1.2.3
000.e
.
1e-
abc
1e+
000.e
e10
.
.
abc
+
--2
1e+
1.2.3
0e
abc
0e
1.2.3
-
1.2.3
1e
-
abc
-
1.2.3
0e
-
e10
-
+
1e+
.
++1
1e+
1e-
.
--2
+
1e
000.e
1.2.3
+
+
abc
1e-
1ee2
e10
++1
1ee2
1ee2
-
000.e
1ee2
000.e
+
.
1e+
++1
--2
.
++1
--2
+
--2
e10
++1
++1
+
e10
1e
1e
000.e
e10
--2
abc
000.e
--2
--2
-
--2
+
1e+
0e
1e-
1ee2
-
e10
1e+
e10
++1
++1
1e+
.
1ee2
e10
1e
0e
+
1e
--2
.
1e+
1ee2
-
0e
++1
1e-
1e-
e10
0e
000.e
-
1e
+
.
1e+
.
-
1.2.3
--2
1e-
.
+
++1
1e+
1e
000.e
.
1e-
1e-
e10
1ee2
.
+
.
1e
++1
+
0e
e10
1ee2
+
1e+
1.2.3
+
1.2.3
-
1ee2
1e-
1.2.3
1ee2
1.2.3
.
1e-
1e-
1e+
e10
0e
1e-
1.2.3
-
1.2.3
1e+
--2
e10
1.2.3
1.2.3
000.e
++1
1e-
++1
.
abc
e10
+
000.e
.
+
++1
1ee2
000.e
0e
abc
1e
e10
++1
0e
000.e
1.2.3
e10
e10
1ee2
--2
1e
0e
.
1ee2
1e-
1.2.3
1.2.3
--2
.
1e-
1e
e10
1e+
+
1ee2
abc
000.e
0e
1e
1ee2
0e
1e+
1e
000.e
1ee2
1e
.
e10
.
--2
000.e
1.2.3
abc
1e+
1ee2
-
+
0e
--2
e10
abc
1ee2
0e
abc
1ee2
e10
-
1e+
+
.
e10
++1
1e+
1.2.3
1e
-
0e
1.2.3
1ee2
-
1ee2
++1
0e
1.2.3
e10
e10
-
1e+
abc
.
1e
1e
1e+
1e
-
e10
1.2.3
1ee2
1e-
000.e
abc
--2
1e+
1e-
e10
-
e10
0e
+
abc
-
1e-
1e-
1e
-
1e-
++1
--2
--2
1e
1e
abc
1e+
e10
000.e
1.2.3
1ee2
--2
1e
--2
1e+
.
+
+
0e
.
1.2.3
1ee2
1e
1.2.3
-
1e
1e
.
abc
1ee2
.
++1
1ee2
.
1.2.3
1e
.
1e+
1e
000.e
1ee2
-
-
1ee2
--2
1e+
--2
--2
0e
1e-
+
1e+
+
e10
000.e
++1
+
.
+
1e-
e10
1e+
.
1e-
000.e
000.e
1e+
0e
+
e10
--2
.
+
1e
-
1e
0e
.
++1
0e
1e+
1e+
1ee2
1ee2
e10
++1
000.e
--2
++1
.
1e+
--2
1e-
++1
.
1ee2
abc
1e
1ee2
e10
0e
-
abc
-
abc
abc
000.e
e10
1.2.3
e10
abc
.
.
0e
-
e10
1.2.3
1e
1e
1.2.3
1e+
1e-
1e+
1e
1e-
000.e
-
1e
-
000.e
1ee2
1e
000.e
+
abc
++1
1e+
1e+
000.e
1e-
1.2.3
e10
000.e
1ee2
1.2.3
++1
1e-
e10
.
++1
1e
000.e
1.2.3
1ee2
++1
abc
abc
1.2.3
--2
e10
e10
1e
1e+
000.e
0e
--2
e10
++1
0e
1.2.3
000.e
++1
1e+
1.2.3
-
--2
1.2.3
0e
000.e
0e
1e+
e10
e10
e10
1e
e10
-
1.2.3
-
1ee2
++1
++1
e10
0e
+
1e+
0e
1.2.3
.
0e
--2
e10
1ee2
+
0e
1e+
++1
++1
-
000.e
1.2.3
1e+
++1
e10
+
++1
--2
--2
e10
+
e10
1.2.3
abc
--2
--2
.
abc
0e
e10
0e
++1
e10
e10
1ee2
++1
1e
abc
abc
++1
0e
+
0e
--2
1e-
1e
1e
e10
.
++1
abc
1e-
1e
1e-
++1
--2
-
.
1e+
1e-
--2
0e
abc
++1
0e
--2
000.e
1e-
0e
--2
1e+
abc
0e
.
.
+
1ee2
+
1ee2
000.e
1.2.3
000.e
1e+
-
++1
1e
1.2.3
+
1e-
1e-
e10
--2
abc
-
1e-
1e+
1e-
-
1e+
000.e
0e
000.e
++1
0e
e10
1.2.3
1.2.3
--2
e10
1e
-
000.e
-
0e
1e
1e+
++1
--2
abc
e10
.
000.e
1e+
.
1e-
1e-
--2
1e
abc
e10
e10
1ee2
e10
1e-
++1
+
1.2.3
.
1.2.3
.
1.2.3
0e
000.e
e10
abc
+
1e-
000.e
.
1.2.3
0e
1e-
--2
+
+
abc
1.2.3
++1
++1
1ee2
--2
0e
1e-
--2
1e-
--2
abc
000.e
abc
1e+
0e
.
++1
1e-
e10
abc
.
--2
1e-
+
--2
1ee2
e10
1e
e10
1e
1e+
1e-
++1
+
1ee2
000.e
1e+
000.e
1e+
abc
1ee2
--2
1e-
1e
1e-
--2
-
1ee2
+
1ee2
0e
1.2.3
e10
1e-
1e-
.
-
1e-
1e-
1e
1.2.3
1ee2
0e
1ee2
1ee2
--2
abc
1ee2
1e
--2
-
.
abc
-
++1
1ee2
.
abc
++1
1e+
-
++1
1.2.3
.
000.e
1e+
.
0e
e10
000.e
1.2.3
1e+
++1
++1
0e
1ee2
--2
abc
abc
1e-
1e+
.
1e-
+
+
++1
1.2.3
.
--2
e10
abc
1e+
--2
abc
abc
0e
1e-
1e+
++1
1ee2
1ee2
-
0e
000.e
1e+
e10
++1
e10
1.2.3
-
--2
1ee2
1e-
-
++1
abc
--2
--2
1.2.3
-
1e+
e10
1e-
1.2.3
-
1ee2
+
0e
1.2.3
++1
1ee2
-
1e
e10
++1
1e
+
1e
000.e
0e
.
1ee2
1e
1e
--2
000.e
1ee2
++1
-
++1
1.2.3
++1
0e
e10
+
abc
.
1e
abc
-
1.2.3
-
abc
1ee2
++1
abc
.
-
1.2.3
e10
abc
0e
++1
+
++1
1.2.3
++1
1e-
--2
1e-
1e-
abc
--2
abc
e10
+
1e+
0e
000.e
++1
1ee2
000.e
1e+
+
000.e
1e+
abc
e10
1e-
-
1e
e10
+
1e+
000.e
1e
-
+
--2
1.2.3
1.2.3
++1
1e-
abc
.
1e
0e
1e+
-
1e-
e10
000.e
1.2.3
1e+
1e-
--2
1e+
1e
1e-
abc
1.2.3
0e
++1
abc
1.2.3
e10
1ee2
000.e
0e
1e-
-
1e-
0e
1e+
1e-
000.e
1.2.3
1.2.3
0e
1ee2
.
1e-
000.e
1ee2
abc
e10
1ee2
1e+
1e
abc
.
+
1ee2
1ee2
0e
+
1e-
000.e
.
1e
1e+
1e-
1e
1e-
000.e
++1
+
e10
1e-
abc
-
-
abc
-
.
abc
0e
1ee2
abc
++1
++1
++1
0e
abc
abc
--2
0e
0e
.
1e+
--2
1ee2
abc
1e-
abc
-
--2
000.e
1e
+
abc
1e
+
0e
1e
1e+
1e
+
1e
1e+
+
e10
1e
0e
000.e
1e
0e
e10
1e-
abc
e10
000.e
1e
++1
000.e
--2
1e
++1
0e
abc
1ee2
-
1.2.3
.
0e
0e
0e
0e
+
0e
1e-
1.2.3
1.2.3
--2
-
e10
1e+
000.e
.
1.2.3
++1
1e-
1e+
.
+
--2
.
1e+
--2
--2
e10
1ee2
0e
--2
e10
++1
++1
abc
++1
e10
-
1.2.3
0e
--2
000.e
--2
-
1.2.3
1e
+
+
abc
e10
0e
1e+
000.e
++1
++1
--2
-
.
++1
-
-
1e-
+
--2
1e-
1.2.3
abc
1e+
000.e
--2
1e-
--2
0e
--2
1e-
.
1.2.3
.
+
1.2.3
+
1e+
e10
--2
+
1e-
1.2.3
+
0e
1e
0e
abc
1.2.3
--2
-
1e-
1e
1.2.3
abc
1ee2
abc
000.e
000.e
+
000.e
--2
1e
1e
-
1ee2
000.e
+
1e
1ee2
1e-
abc
-
-
1e-
-
+
abc
1e+
1e+
++1
--2
.
0e
abc
1.2.3
0e
-
1e
1.2.3
000.e
1e+
1e-
.
.
e10
1e
abc
abc
1e
++1
1ee2
1.2.3
1.2.3
.
1e
0e
1e
--2
-
1e-
0e
1ee2
1e+
abc
0e
e10
1ee2
++1
1e
e10
e10
1ee2
1e+
++1
e10
1ee2
abc
1e
1e
000.e
1ee2
e10
1e-
abc
abc
1.2.3
-
1ee2
1.2.3
1ee2
+
abc
abc
+
e10
1e-
+
-
+
0e
0e
1e-
1e-
-
e10
1e+
e10
-
e10
1e
000.e
1e
1ee2
1.2.3
1e+
1ee2
.
1.2.3
000.e
-
+
abc
1e+
e10
0e
1e-
--2
1e-
--2
--2
000.e
1ee2
000.e
1ee2
1.2.3
--2
+
abc
-
1e+
1e-
e10
1e+
--2
.
--2
1e-
+
abc
.
+
e10
1.2.3
0e
--2
1e
000.e
++1
abc
--2
abc
1.2.3
1.2.3
-
+
+
0e
1e
1e-
.
0e
+
e10
abc
1e+
1e
1.2.3
1e+
000.e
1e-
+
.
000.e
000.e
1e
abc
0e
0e
abc
.
1.2.3
-
abc
--2
1.2.3
1e
1ee2
1e+
0e
000.e
-
abc
+
1e
1ee2
1e-
++1
++1
.
-
1ee2
000.e
1ee2
1.2.3
++1
000.e
e10
1e+
000.e
1ee2
1e+
1.2.3
1.2.3
1e-
-
e10
000.e
1e+
1e+
000.e
-
+
-
abc
000.e
e10
1e+
1.2.3
1ee2
e10
++1
e10
000.e
e10
++1
1e
1e-
++1
-
--2
abc
000.e
abc
+
.
abc
-
000.e
+
1e+
+
1e
0e
1ee2
1.2.3
1e-
--2
000.e
abc
--2
-
0e
abc
++1
1.2.3
1ee2
1ee2
1e
1e-
1.2.3
+
++1
e10
1.2.3
+
1ee2
1e+
.
1e-
.
1.2.3
1e+
++1
++1
1e
1e-
1.2.3
abc
.
000.e
--2
1e-
1.2.3
1ee2
1e-
e10
++1
1e-
.
e10
+
abc
1.2.3
1.2.3
1.2.3
1.2.3
-
++1
1ee2
1e+
000.e
1ee2
1e-
1e+
0e
--2
.
.
++1
e10
abc
1ee2
1e
1ee2
.
1e+
abc
1e+
1.2.3
1e+
0e
--2
1e
0e
1ee2
1e
000.e
e10
.
1e+
1e
+
abc
e10
0e
-
1e
--2
-
.
-
e10
.
1.2.3
.
1e-
000.e
000.e
abc
+
-
+
1e+
.
abc
1e+
000.e
1.2.3
.
000.e
1e
abc
1e-
++1
abc
1e
1e-
000.e
1e+
1e
1.2.3
1e+
.
++1
1e+
++1
abc
1e
.
+
.
0e
e10
1.2.3
-
1ee2
.
+
1.2.3
1.2.3
0e
+
1e
++1
1e-
1e+
.
++1
1e
e10
000.e
1.2.3
.
1e
1e
-
1ee2
abc
1e
1e-
1e+
--2
++1
0e
--2
1.2.3
-
1e
1e-
0e
000.e
1.2.3
-
1.2.3
-
1e
++1
e10
--2
+
-
+
.
abc
1e
e10
-
--2
e10
1ee2
++1
+
--2
.
1e
1e
++1
1e
abc
++1
+
++1
1ee2
abc
abc
.
abc
-
--2
--2
abc
-
000.e
abc
1ee2
.
.
.
1e-
1e+
1.2.3
.
0e
1.2.3
e10
.
e10
1.2.3
--2
++1
.
e10
0e
0e
-
0e
abc
abc
.
1e+
e10
1e+
0e
--2
1e
--2
abc
1ee2
1ee2
+
e10
1e-
1ee2
.
0e
--2
1e+
000.e
e10
000.e
0e
1e
e10
-
-
-
e10
--2
1.2.3
++1
abc
--2
0e
abc
+
.
0e
1e
e10
.
++1
1e+
--2
-
e10
++1
abc
1e-
1e-
abc
.
++1
+
++1
++1
++1
1e
++1
--2
+
1e+
1e-
--2
0e
1e+
.
+
e10
-
1ee2
++1
000.e
1e-
1e
++1
e10
1e
000.e
-
1ee2
1e
-
.
1.2.3
000.e
0e
1e+
1.2.3
++1
1e-
0e
0e
-
--2
1e+
-
-
++1
0e
++1
.
++1
0e
1.2.3
-
1ee2
1ee2
1ee2
--2
e10
0e
1e+
1e+
0e
0e
+
e10
0e
.
e10
-
1e
1ee2
-
1e
--2
.
++1
1.2.3
1e+
e10
--2
-
1e
.
000.e
--2
e10
1e
1.2.3
e10
+
abc
--2
1e
--2
0e
0e
1e
++1
++1
1ee2
1ee2
1ee2
1.2.3
1ee2
++1
1e-
-
0e
000.e
.
0e
0e
--2
abc
000.e
000.e
1ee2
-
+
.
1ee2
abc
-
abc
1e+
1.2.3
++1
1e+
1e-
000.e
1e
--2
abc
1e-
1ee2
1e
1ee2
1e-
-
+
--2
000.e
1e+
-
0e
+
e10
000.e
0e
1e
+
1ee2
1e+
1e
1.2.3
000.e
--2
1e
.
0e
+
1e-
1e
abc
1e-
000.e
1.2.3
e10
++1
+
abc
1e
1.2.3
abc
1e+
-
.
1e
+
1.2.3
1e-
-
1e
000.e
1ee2
1.2.3
1.2.3
+
++1
1.2.3
-
1e+
1e
1.2.3
e10
-
1e
.
e10
1e+
0e
000.e
000.e
1e
1e
1.2.3
0e
0e
000.e
1e
1e-
1e-
++1
-
1e-
1e
++1
1e-
1e+
-
-
.
.
-
e10
abc
0e
1e
1e-
--2
+
000.e
-
0e
--2
1e+
1e
0e
0e
1e+
000.e
1e
1e-
0e
++1
0e
--2
1e-
--2
-
1.2.3
e10
1ee2
000.e
++1
000.e
1e-
000.e
1e-
1.2.3
1e-
.
.
1e-
e10
0e
1ee2
0e
-
+
1e+
abc
1.2.3
--2
e10
1e
++1
1ee2
++1
1e+
e10
000.e
1e+
1e+
1e-
1ee2
.
1ee2
-
1.2.3
--2
+
1ee2
-
.
1e
1ee2
1.2.3
1.2.3
1.2.3
0e
.
1.2.3
-
0e
-
++1
-
1.2.3
++1
-
e10
++1
1e+
1e+
abc
-
-
+
.
1e+
1ee2
abc
1e-
0e
+
-
1ee2
000.e
.
1e-
e10
1ee2
1e
abc
000.e
.
--2
abc
e10
++1
1e+
.
.
++1
e10
1e
--2
000.e
abc
1ee2
1e-
abc
000.e
0e
1.2.3
-
++1
1e+
1e+
1.2.3
000.e
++1
-
000.e
abc
1e-
1ee2
1.2.3
++1
1e+
1e+
abc
abc
1e
++1
-
+
1e-
1ee2
000.e
1.2.3
1ee2
1ee2
e10
-
000.e
--2
1e+
--2
abc
-
abc
-
0e
-
+
0e
abc
000.e
++1
abc
1ee2
.
++1
++1
-
abc
abc
0e
1.2.3
.
0e
1.2.3
1ee2
1.2.3
++1
-
+
1e
000.e
abc
.
1e
.
-
0e
+
abc
1.2.3
.
1.2.3
1e
-
1.2.3
.
1ee2
1e-
1.2.3
1e-
1.2.3
0e
-
.
e10
--2
++1
1e-
1e-
.
000.e
0e
-
1e+
0e
0e
--2
000.e
1.2.3
.
+
+
++1
0e
1ee2
1ee2
++1
000.e
--2
abc
e10
1e-
-
1e
1e
1ee2
+
+
.
1e-
.
.
e10
1ee2
0e
0e
++1
.
1e
e10
1e-
1e+
--2
0e
1ee2
.
1e-
000.e
1e-
1.2.3
++1
+
++1
1ee2
e10
.
+
0e
+
1ee2
++1
abc
1ee2
1.2.3
.
abc
000.e
++1
.
-
1.2.3
1e-
1e
-
--2
000.e
abc
1e+
1e
abc
1.2.3
abc
.
e10
+
1e
1e+
1e+
000.e
.
-
000.e
000.e
1ee2
000.e
e10
+
e10
1e
--2
e10
1e+
.
1ee2
000.e
+
-
0e
.
0e
000.e
.
000.e
--2
-
1e+
e10
1ee2
++1
.
1e-
-
.
e10
.
--2
++1
--2
--2
1e
++1
++1
1ee2
1e+
+
1e+
-
abc
1e
++1
1e
000.e
1e-
e10
++1
--2
1e
+
1e-
1e-
-
-
1e+
1e-
1e
1e-
1ee2
000.e
000.e
1e-
000.e
1e+
--2
0e
.
1e+
e10
000.e
1e+
1e+
-
e10
abc
1ee2
abc
1e
e10
++1
1e-
1.2.3
0e
000.e
-
1e
1e+
1ee2
++1
++1
000.e
e10
+
1.2.3
1e+
-
-
1ee2
++1
1ee2
1e+
1e
+
1e
+
0e
1.2.3
1e
.
e10
1e+
++1
1e-
1e+
abc
--2
.
000.e
1.2.3
0e
000.e
1ee2
000.e
++1
1e
+
1e-
000.e
000.e
1e+
++1
.
e10
1e+
+
000.e
e10
.
e10
abc
000.e
1e
abc
1.2.3
1.2.3
1.2.3
.
++1
abc
.
1.2.3
+
-
1.2.3
++1
1e+
000.e
+
--2
1e
--2
0e
--2
.
1e+
-
1e+
abc
.
1e-
--2
++1
000.e
.
0e
+
1ee2
e10
000.e
--2
1e-
++1
++1
1e+
000.e
--2
e10
++1
e10
1ee2
1e
abc
.
--2
-
abc
1e+
.
++1
++1
abc
1e
0e
0e
+
1.2.3
.
000.e
1e+
0e
1.2.3
000.e
+
--2
abc
+
1.2.3
1e
1.2.3
--2
1e-
abc
1e+
.
++1
1e-
1e-
e10
1.2.3
.
1e
1.2.3
.
1e+
0e
e10
1e-
e10
.
1ee2
1e+
e10
.
1e+
-
-
abc
0e
abc
-
abc
000.e
1e-
-
e10
1e+
0e
-
-
1e-
abc
000.e
--2
1e-
+
1e
++1
1ee2
1ee2
abc
1e-
++1
abc
.
e10
e10
abc
+
+
-
1ee2
1.2.3
e10
.
000.e
+
1e+
abc
--2
-
1e+
000.e
++1
+
++1
000.e
.
000.e
1e+
1e-
e10
000.e
-
1e
--2
+
1.2.3
1.2.3
1.2.3
.
0e
.
.
1.2.3
000.e
1.2.3
--2
1.2.3
e10
1e-
e10
0e
1ee2
1e-
1ee2
--2
1e
1e-
+
1e+
1e
1e
1e
0e
1ee2
-
--2
1e
1ee2
1e-
abc
000.e
-
-
.
1ee2
1.2.3
1e+
1e+
--2
+
1e-
000.e
+
1ee2
abc
0e
1e+
1.2.3
abc
1e-
0e
1ee2
.
1e
--2
-
000.e
e10
0e
0e
e10
abc
1ee2
abc
1.2.3
1.2.3
1e
--2
0e
1e-
000.e
1e+
abc
--2
000.e
abc
--2
0e
e10
.
0e
e10
abc
1ee2
-
--2
000.e
--2
1e+
e10
e10
1e
000.e
1e-
1ee2
0e
-
1e+
1e-
+
--2
1ee2
abc
e10
1e-
1e
e10
1e-
1e+
--2
--2
-
-
000.e
+
1ee2
1e-
.
abc
1.2.3
e10
e10
1ee2
000.e
000.e
1.2.3
1.2.3
1ee2
++1
--2
1e+
1e-
e10
1ee2
.
e10
e10
.
1e-
1ee2
1.2.3
.
0e
abc
1e
.
1e-
--2
1e
e10
0e
000.e
1.2.3
e10
1.2.3
e10
1e
+
1e
+
1ee2
++1
1e-
0e
-
1ee2
1e-
0e
1e-
1e-
--2
abc
1e
1ee2
.
++1
e10
1e+
1.2.3
1.2.3
1e-
.
1e+
0e
abc
--2
1ee2
1.2.3
000.e
0e
000.e
-
1.2.3
1e-
abc
1e
1e-
.
++1
0e
000.e
e10
--2
1e-
0e
1e-
1e+
1.2.3
1.2.3
1.2.3
0e
1e-
000.e
000.e
-
1e+
000.e
-
1e-
1ee2
++1
1e-
0e
1e-
1e
-
e10
abc
-
.
++1
+
++1
++1
--2
1e+
++1
0e
abc
e10
+
++1
1.2.3
1.2.3
-
0e
--2
1ee2
1.2.3
abc
--2
abc
abc
+
1e+
abc
abc
1e
1e
000.e
e10
--2
abc
1ee2
-
+
.
--2
abc
++1
1ee2
++1
1.2.3
0e
e10
abc
0e
1e+
++1
000.e
+
1e
e10
1.2.3
1ee2
1e+
1ee2
.
e10
1.2.3
1e-
e10
0e
.
1e+
1e
1.2.3
abc
abc
e10
1e
-
1e
.
++1
e10
abc
abc
1e+
000.e
0e
000.e
e10
abc
1ee2
--2
1ee2
--2
1e-
-
+
+
e10
++1
e10
0e
abc
1e
-
+
+
1e-
abc
--2
+
+
-
000.e
-
+
000.e
1e+
1ee2
++1
++1
+
1e
--2
.
e10
1e
e10
0e
+
1ee2
1.2.3
--2
+
+
.
1e
1e+
1e+
-
1e
-
.
000.e
1e+
++1
--2
e10
.
e10
1e+
1e+
e10
1e+
++1
abc
1ee2
1ee2
000.e
000.e
+
-
-
abc
1e
.
0e
e10
000.e
--2
000.e
abc
1.2.3
1ee2
++1
+
1.2.3
1e
1e-
++1
abc
++1
1ee2
e10
--2
1e-
0e
e10
e10
1e-
-
abc
1e+
1e+
-
0e
0e
abc
e10
++1
1e-
1e
1ee2
-
-
+
0e
++1
1e+
000.e
1e
1ee2
1e+
1ee2
+
e10
000.e
-
0e
+
--2
++1
1.2.3
1e
1e-
e10
1e+
000.e
++1
1e+
1ee2
abc
1e+
e10
0e
000.e
++1
abc
1.2.3
.
1e-
+
e10
--2
1.2.3
1.2.3
.
0e
1.2.3
e10
1e+
1ee2
1e-
0e
--2
.
1e
+
1e
1e+
0e
+
1.2.3
1e+
0e
abc
e10
+
1e-
++1
1e
1e
1ee2
++1
0e
.
000.e
1ee2
.
1e-
000.e
.
-
1ee2
--2
++1
++1
-
-
abc
-
-
1e+
.
1e-
1e-
--2
0e
000.e
e10
1e-
000.e
1e
1e-
1e-
1.2.3
000.e
-
+
--2
-
++1
1e-
000.e
++1
000.e
1e
--2
-
--2
++1
abc
1e
000.e
--2
1.2.3
abc
-
-
++1
1e
000.e
1.2.3
-
++1
abc
-
abc
0e
-
1ee2
-
.
1.2.3
1e
1e+
abc
.
abc
.
++1
1e-
1ee2
++1
000.e
++1
1ee2
-
0e
--2
0e
-
1ee2
1.2.3
1.2.3
1.2.3
-
1.2.3
1e+
-
0e
abc
+
1e
1e-
000.e
000.e
1e
++1
1ee2
--2
1e+
1ee2
.
0e
abc
000.e
0e
1e
++1
1e
.
000.e
abc
++1
1e+
-
1.2.3
1ee2
0e
abc
.
1e
1e-
1ee2
1e+
1e+
1e+
1e+
e10
+
++1
++1
abc
1.2.3
--2
1.2.3
000.e
0e
+
abc
1e-
-
--2
e10
++1
-
e10
1e
0e
e10
000.e
000.e
-
e10
+
1e+
1ee2
--2
0e
1e+
++1
-
1.2.3
.
-
e10
0e
abc
abc
abc
1e
1e-
1e+
e10
+
-
abc
++1
+
-
--2
1.2.3
-
.
--2
--2
1e+
++1
000.e
abc
1e-
1e+
1.2.3
1ee2
1ee2
1e+
-
.
1e
--2
+
abc
000.e
abc
-
1ee2
+
abc
1e
000.e
++1
000.e
1.2.3
+
--2
e10
abc
++1
1.2.3
++1
.
0e
1e
++1
1e+
000.e
+
1.2.3
1e
++1
e10
e10
abc
1e-
+
abc
1e
1ee2
--2
-
+
++1
1ee2
1ee2
1e
abc
-
1.2.3
.
000.e
1e+
-
1e
1e
.
1e+
++1
abc
-
1e-
1e-
++1
+
1.2.3
1e
++1
1ee2
1.2.3
--2
+
1e-
1ee2
-
.
--2
++1
--2
e10
1e-
1e-
.
1e-
--2
.
1ee2
--2
1e+
-
++1
1e+
000.e
1e
abc
000.e
--2
abc
1.2.3
--2
1e-
++1
-
1e-
1ee2
abc
1e
1e
1ee2
-
0e
1e+
+
1e+
abc
++1
1ee2
0e
1e+
e10
1e+
+
.
+
--2
-
++1
1e-
++1
--2
+
e10
000.e
1e
+
--2
1.2.3
e10
-
0e
1e
1ee2
++1
+
--2
.
-
--2
--2
-
abc
++1
0e
1.2.3
1e-
1.2.3
1e+
1e+
e10
1e+
--2
0e
000.e
e10
abc
1.2.3
++1
e10
++1
++1
--2
000.e
1e+
0e
1e-
abc
1ee2
1.2.3
0e
+
+
1.2.3
1e
000.e
.
1ee2
e10
abc
0e
1.2.3
1.2.3
+
0e
-
1e+
1ee2
1e
e10
--2
0e
+
--2
1ee2
1e+
1e-
.
1ee2
+
.
1ee2
abc
000.e
e10
++1
0e
1e
++1
--2
0e
0e
+
000.e
e10
1e
000.e
1e-
1ee2
0e
1e-
e10
.
+
abc
0e
e10
+
abc
++1
e10
1e+
-
e10
1e+
e10
-
abc
.
1.2.3
-
1e-
++1
1e+
1.2.3
1e+
1e+
+
abc
--2
1.2.3
.
1e+
-
000.e
1ee2
0e
e10
1e+
e10
1e
1.2.3
1e-
1e-
abc
1e+
e10
--2
++1
++1
0e
+
--2
e10
000.e
1e-
1.2.3
+
0e
-
.
0e
--2
1e
0e
e10
e10
1.2.3
++1
1e
abc
--2
-
1e
1ee2
--2
-
++1
1.2.3
++1
0e
+
1e
000.e
0e
1.2.3
.
000.e
1ee2
--2
000.e
.
.
1.2.3
e10
e10
-
abc
000.e
000.e
abc
+
1.2.3
.
1.2.3
000.e
+
0e
1.2.3
-
-
abc
1ee2
1.2.3
.
++1
abc
1e
000.e
e10
1.2.3
--2
0e
1e-
++1
0e
e10
.
--2
1ee2
1e
1ee2
++1
.
1ee2
+
+
1e
+
e10
e10
abc
--2
1e-
-
++1
-
e10
--2
1e
1.2.3
1ee2
1.2.3
--2
+
-
abc
++1
1ee2
0e
1e+
1ee2
--2
0e
e10
0e
e10
-
1.2.3
1e+
1e+
1.2.3
-
1e
1.2.3
1ee2
1e
0e
1e+
e10
0e
1ee2
e10
1e+
++1
.
+
1.2.3
1ee2
1e+
0e
1.2.3
.
1e
1ee2
1e
0e
1e+
0e
1e-
e10
1e-
1.2.3
.
e10
1.2.3
0e
0e
1e
-
1e-
1.2.3
1e
--2
+
000.e
1e-
1.2.3
1e
1e
1.2.3
000.e
000.e
-
1.2.3
1e
1ee2
1e
1e
1.2.3
1e+
--2
++1
1e-
1.2.3
--2
++1
+
1e-
-
+
1e
++1
e10
++1
e10
--2
1e
000.e
1ee2
.
abc
1ee2
+
+
1e-
1.2.3
++1
1.2.3
.
.
abc
1e
1e-
.
1e
++1
1e-
1.2.3
--2
.
-
++1
1.2.3
++1
1e
1e+
1e
.
++1
e10
1ee2
0e
++1
000.e
++1
000.e
1e+
++1
0e
abc
.
--2
1e
-
--2
0e
1ee2
+
-
1.2.3
++1
0e
1e
++1
1ee2
0e
1e+
-
--2
.
--2
-
.
1e+
1e
1e
.
1e-
1e
1ee2
0e
1.2.3
.
1e
abc
0e
1e-
1ee2
1.2.3
1.2.3
.
++1
.
e10
1e+
0e
000.e
--2
1e+
-
1e-
0e
1.2.3
-
abc
1e
abc
1ee2
1e-
-
0e
1e
1.2.3
1e-
0e
1e
1.2.3
+
++1
1ee2
0e
--2
1ee2
abc
1.2.3
+
1e+
1.2.3
+
0e
-
-
000.e
++1
++1
1.2.3
0e
1e+
1e+
++1
1ee2
abc
1e-
1.2.3
1ee2
++1
000.e
e10
1e+
e10
000.e
+
abc
++1
--2
e10
+
.
1ee2
abc
1ee2
-
000.e
000.e
-
.
abc
000.e
+
1ee2
--2
abc
.
--2
1e-
1e
++1
+
.
e10
--2
0e
.
1ee2
-
e10
+
1e
.
abc
.
abc
1e+
1e+
1e-
1e-
0e
-
+
--2
+
abc
1e+
1.2.3
++1
++1
--2
--2
abc
abc
e10
++1
1ee2
e10
0e
1e
--2
abc
1.2.3
1ee2
abc
++1
e10
-
1ee2
e10
1e-
000.e
abc
1e-
++1
000.e
000.e
0e
++1
abc
1e+
e10
-
abc
1.2.3
1ee2
1ee2
e10
1e+
--2
e10
1e+
1e-
1ee2
-
1.2.3
.
1e
e10
+
.
--2
1e
1ee2
--2
1e+
abc
0e
1e
+
000.e
.
+
e10
++1
-
0e
1e-
1.2.3
1.2.3
1e-
.
1ee2
e10
-
--2
.
--2
000.e
+
--2
--2
1.2.3
-
1e+
1e+
000.e
0e
1ee2
++1
1e+
0e
abc
e10
1ee2
000.e
000.e
1.2.3
--2
.
abc
1e
0e
++1
000.e
000.e
1.2.3
1.2.3
abc
abc
.
1e-
1e+
.
1ee2
1e-
1e+
000.e
e10
1e+
++1
000.e
1e-
000.e
1.2.3
1e+
1e-
--2
--2
000.e
000.e
000.e
.
.
1e
000.e
+
1e+
0e
abc
-
0e
abc
+
+
1e-
++1
-
++1
abc
0e
e10
--2
0e
1e-
000.e
0e
0e
0e
.
1ee2
1ee2
1.2.3
1e-
abc
+
1e
+
1ee2
.
abc
+
1e+
--2
1e
1.2.3
--2
1e+
0e
1ee2
-
e10
+
abc
1.2.3
++1
abc
-
-
++1
e10
1e+
1e
--2
0e
1ee2
++1
abc
--2
1.2.3
1e-
1.2.3
e10
e10
.
1e
1e-
--2
1ee2
abc
1ee2
1.2.3
+
000.e
-
1ee2
--2
e10
1.2.3
-
0e
1.2.3
1.2.3
1e
1e
e10
1e-
-
++1
++1
.
+
+
1e
1ee2
abc
abc
.
+
1e+
+
+
1ee2
1.2.3
1e+
+
+
+
1e+
000.e
abc
+
1e-
abc
.
000.e
e10
++1
1e-
.
1ee2
abc
1ee2
+
.
1e
e10
1.2.3
1e-
+
-
abc
++1
000.e
1e-
--2
e10
000.e
1ee2
--2
0e
-
.
+
abc
1e+
e10
e10
+
.
1e+
.
1e-
abc
.
1.2.3
000.e
--2
abc
.
1ee2
+
1ee2
++1
1e+
1.2.3
+
--2
1ee2
000.e
-
1e-
1e+
000.e
000.e
1e+
1.2.3
1e-
-
e10
abc
1e
-
1e+
0e
0e
++1
--2
++1
1e-
-
.
000.e
000.e
0e
++1
++1
1e
.
abc
e10
1e-
abc
1e
+
--2
++1
--2
-
1e-
1e
--2
--2
1e+
+
0e
1ee2
++1
.
1ee2
000.e
++1
e10
1ee2
e10
-
+
+
++1
+
e10
abc
abc
1e-
-
--2
000.e
1e+
++1
1e+
+
abc
000.e
--2
e10
1e-
1e-
1ee2
e10
.
--2
1ee2
1e+
-
abc
1.2.3
--2
-
1e
1ee2
0e
1.2.3
abc
000.e
-
abc
1ee2
1e
1e+
-
++1
1e
--2
000.e
.
000.e
.
abc
abc
1ee2
1ee2
1e-
1e
+
.
1e+
1ee2
.
e10
1.2.3
1e+
++1
abc
1e+
1.2.3
e10
1ee2
++1
e10
abc
1e-
-
+
000.e
1ee2
++1
1ee2
1ee2
--2
1e+
1e-
1e+
1e-
-
++1
-
abc
000.e
++1
-
1ee2
e10
abc
++1
1ee2
e10
+
.
--2
abc
.
+
000.e
1ee2
1e-
1.2.3
1e-
1e
0e
abc
.
.
1ee2
000.e
++1
++1
1e+
1.2.3
1e-
abc
1e+
000.e
--2
--2
1.2.3
++1
+
000.e
++1
-
abc
abc
1ee2
abc
000.e
1.2.3
000.e
abc
-
++1
-
1e
1e-
1e+
abc
+
0e
1e+
e10
000.e
+
000.e
abc
1.2.3
abc
0e
1e
1e-
abc
000.e
000.e
1.2.3
0e
1e+
000.e
--2
e10
--2
1ee2
--2
e10
1e+
0e
1e
+
1e-
e10
000.e
1ee2
e10
0e
+
.
+
1e-
1e
1ee2
1.2.3
0e
1e
0e
1ee2
.
1e+
1e-
+
.
1e-
e10
1.2.3
1e+
1.2.3
1e-
e10
-
000.e
e10
-
1e-
1ee2
1e+
-
000.e
+
1ee2
1e+
0e
e10
1.2.3
1ee2
.
1e
1e
++1
abc
--2
1e+
1.2.3
-
+
+
++1
abc
.
.
+
abc
++1
000.e
e10
.
1e-
e10
1e+
0e
.
abc
++1
0e
--2
1.2.3
1.2.3
1e-
1e+
0e
1e+
000.e
+
1e
000.e
.
1ee2
1e-
-
000.e
1e
000.e
1e+
--2
0e
+
.
--2
+
000.e
0e
+
0e
1e-
1e+
1.2.3
1e
abc
1e-
e10
1.2.3
000.e
1ee2
.
abc
1e
1.2.3
1e+
.
000.e
1e+
abc
1.2.3
abc
000.e
abc
1ee2
-
.
1e
1e
000.e
1e-
0e
+
0e
000.e
abc
+
0e
1e+
1e
1ee2
1e
1e-
-
.
-
0e
000.e
1e+
000.e
1.2.3
e10
e10
+
000.e
1ee2
1ee2
000.e
1e-
--2
-
1ee2
1ee2
1.2.3
--2
--2
.
.
1e
.
++1
e10
abc
1ee2
.
e10
abc
1e
e10
1.2.3
-
-
1e+
1ee2
1ee2
e10
abc
1e+
1e
1e+
1e
1ee2
-
e10
++1
000.e
e10
.
1.2.3
--2
000.e
1ee2
000.e
1e
-
abc
++1
--2
1e
1.2.3
1e+
000.e
+
abc
1.2.3
e10
1e+
.
1e
1e+
1.2.3
1.2.3
+
1e
abc
1e-
1e+
1e
abc
+
1ee2
.
1.2.3
.
1e+
+
e10
1ee2
abc
++1
+
.
-
1.2.3
--2
000.e
0e
e10
0e
1e-
1.2.3
--2
1e-
--2
+
+
abc
+
--2
-
+
++1
1e+
000.e
++1
-
-
1e-
-
1e-
+
.
1e+
1e-
e10
-
abc
e10
++1
1ee2
++1
1.2.3
1.2.3
1e
+
0e
000.e
e10
-
1.2.3
++1
.
e10
1ee2
-
1e+
.
1e+
0e
0e
0e
1ee2
0e
e10
e10
e10
e10
1.2.3
-
0e
e10
1e
abc
1.2.3
.
.
1ee2
e10
0e
.
1e+
1e-
1e+
e10
-
1ee2
1ee2
000.e
1e
-
--2
1e
-
1.2.3
abc
.
+
000.e
e10
000.e
1.2.3
1.2.3
+
1.2.3
1ee2
000.e
e10
e10
abc
abc
1e+
000.e
0e
000.e
1e
1.2.3
-
1.2.3
+
e10
.
1e-
1.2.3
1e+
1e-
abc
-
--2
1ee2
+
1.2.3
0e
1.2.3
1ee2
1e+
+
--2
.
e10
-
000.e
--2
e10
--2
1e+
1ee2
1ee2
-
.
1e-
1e
1e+
000.e
-
e10
1e+
1.2.3
e10
.
-
1e
1e-
1e+
1ee2
++1
-
abc
++1
e10
0e
--2
0e
abc
--2
-
1e
1.2.3
1e+
+
0e
1ee2
1e-
e10
.
.
--2
.
--2
1e
1e-
1e+
--2
1.2.3
abc
1e-
++1
+
1e-
+
1e
000.e
1e+
1e+
-
1e+
1ee2
1ee2
-
abc
-
.
.
e10
--2
-
+
++1
+
-
++1
1.2.3
1e-
e10
++1
1.2.3
1e+
--2
++1
1ee2
e10
e10
abc
0e
1ee2
000.e
+
+
+
1e
1e+
+
1ee2
.
e10
1e
1e
++1
++1
1e
1ee2
-
+
1.2.3
+
+
++1
0e
1.2.3
1.2.3
.
1ee2
.
++1
++1
1e-
+
--2
0e
1e+
1.2.3
000.e
e10
e10
000.e
--2
0e
++1
1e-
1.2.3
1e
1ee2
000.e
+
1e+
e10
+
1e+
1e+
1e+
0e
+
0e
1ee2
++1
1.2.3
1.2.3
e10
1e
000.e
-
e10
1e-
1e+
+
1.2.3
0e
1e
1e+
+
abc
.
1e+
0e
++1
+
1e+
--2
000.e
.
++1
0e
1ee2
0e
++1
1e+
1.2.3
abc
1e-
1.2.3
000.e
1e
000.e
0e
.
.
.
1.2.3
1e
1e+
+
-
++1
1e
e10
1ee2
1.2.3
.
1e-
1e
1e
-
-
1ee2
abc
++1
1.2.3
0e
1e+
1e
e10
1e+
e10
--2
000.e
1ee2
++1
1ee2
abc
1e-
e10
1ee2
1e-
-
--2
0e
000.e
--2
.
000.e
1e
abc
.
+
.
+
1e+
e10
+
0e
+
0e
1ee2
1e+
1ee2
+
+
000.e
1e-
1e-
1e-
++1
1e
000.e
e10
--2
0e
1ee2
1e-
-
1.2.3
e10
.
1e
1e
+
1ee2
1ee2
e10
1ee2
+
0e
1e-
0e
1e+
abc
--2
1.2.3
000.e
-
0e
0e
e10
--2
1.2.3
0e
0e
-
0e
1e
1.2.3
.
1ee2
-
1e+
-
1e
1.2.3
e10
1ee2
-
1.2.3
1e-
1ee2
-
1.2.3
1e+
1.2.3
1e-
1.2.3
--2
1e+
1ee2
.
1e+
1e+
000.e
1e
1e-
000.e
1e+
e10
abc
.
1e-
++1
0e
++1
0e
--2
-
+
1e+
e10
-
1e-
+
1e+
.
000.e
1e
e10
+
++1
-
1e
++1
e10
1e-
-
e10
--2
1ee2
++1
0e
0e
1ee2
0e
e10
1e-
1ee2
+
1.2.3
1.2.3
e10
--2
000.e
-
1e-
+
-
0e
1e-
1ee2
abc
1.2.3
abc
1e
++1
000.e
000.e
--2
0e
000.e
1.2.3
1ee2
1.2.3
1.2.3
e10
++1
e10
1.2.3
++1
1ee2
000.e
000.e
1ee2
abc
++1
+
1e+
1ee2
+
0e
1e+
abc
1ee2
++1
-
1.2.3
abc
abc
1e+
000.e
+
1e-
+
.
.
1e
+
abc
1e
--2
abc
1e
abc
1e
.
+
0e
1e+
+
000.e
.
+
e10
abc
1e+
1e+
-
1e+
1e
1e+
abc
0e
1ee2
abc
++1
--2
abc
++1
-
e10
++1
1e+
--2
e10
+
1ee2
0e
1e
+
1.2.3
000.e
.
000.e
1.2.3
--2
-
1ee2
+
abc
1e-
1e
+
000.e
+
--2
0e
++1
e10
.
000.e
000.e
--2
abc
+
--2
e10
0e
--2
000.e
0e
000.e
0e
1e
++1
1e+
++1
+
1e+
000.e
--2
000.e
++1
1e
-
++1
1e-
1.2.3
0e
++1
1ee2
1e+
+
++1
0e
1ee2
+
0e
.
++1
1ee2
1e+
1ee2
.
++1
0e
-
-
.
1.2.3
1.2.3
1.2.3
--2
1e
-
--2
0e
0e
1e+
+
1e+
--2
1e+
1e
1e
-
1.2.3
000.e
abc
++1
++1
1e+
1ee2
e10
.
1ee2
++1
--2
1.2.3
1e
1e+
e10
-
1e-
++1
000.e
1e
.
--2
--2
0e
-
1e+
-
.
++1
+
++1
--2
000.e
0e
1e
1.2.3
1e+
+
.
+
+
e10
1e-
0e
--2
abc
++1
+
1e
1e-
-
1ee2
000.e
.
.
0e
-
.
1e
1e
1e
1ee2
++1
1.2.3
1.2.3
.
+
-
1e
1e+
1e-
0e
1.2.3
1e
0e
.
1e-
+
1e+
-
.
--2
000.e
--2
e10
.
1e-
-
++1
1e+
1e+
1e-
1ee2
1e
1e-
1ee2
1e+
--2
++1
abc
1e-
-
1.2.3
0e
1.2.3
1e+
000.e
e10
1e
abc
.
1ee2
-
.
1e-
--2
+
1ee2
.
e10
1ee2
--2
-
.
e10
e10
-
e10
++1
-
e10
+
++1
--2
1.2.3
000.e
+
+
1e+
0e
1ee2
++1
abc
1ee2
++1
++1
1.2.3
1.2.3
.
1e
e10
1e
000.e
-
abc
.
+
abc
+
1e
1e-
1e
.
++1
0e
+
1ee2
--2
--2
-
abc
e10
abc
+
abc
abc
0e
1ee2
1.2.3
e10
1e-
1ee2
-
e10
1e-
.
e10
000.e
1.2.3
1ee2
--2
-
-
1e
1ee2
0e
1e-
1.2.3
000.e
++1
--2
abc
1.2.3
1e+
1e+
1ee2
1e+
1e
0e
1e+
000.e
1e+
1e-
++1
0e
1e
e10
-
1e
0e
.
++1
0e
--2
1ee2
.
abc
1e
--2
1e+
++1
e10
0e
1e-
+
abc
abc
1e-
0e
1e
1e-
+
1.2.3
e10
-
+
+
1.2.3
1e
++1
e10
abc
1ee2
abc
1ee2
-
1e-
abc
1.2.3
0e
1.2.3
++1
1e
--2
0e
000.e
e10
0e
++1
e10
--2
-
e10
+
1e
1.2.3
abc
abc
-
--2
e10
abc
0e
-
+
abc
1e
+
000.e
abc
+
1ee2
000.e
+
.
0e
0e
abc
+
1ee2
1e-
abc
1ee2
000.e
1e-
-
000.e
000.e
1e+
1e-
000.e
++1
e10
+
000.e
abc
1e
++1
1ee2
0e
--2
1e-
++1
1.2.3
1ee2
e10
0e
000.e
1e+
+
--2
++1
1e+
e10
.
1.2.3
+
000.e
-
e10
e10
.
1.2.3
1e
000.e
--2
1.2.3
0e
-
-
--2
.
1e-
1.2.3
1e
.
0e
--2
.
--2
++1
1.2.3
++1
1e-
-
1e-
000.e
1ee2
1e
1ee2
abc
1ee2
-
0e
e10
-
1.2.3
e10
+
1.2.3
1.2.3
--2
++1
000.e
-
+
++1
e10
0e
0e
-
e10
+
-
000.e
1e
-
0e
1ee2
e10
1ee2
e10
0e
e10
1e+
0e
1ee2
-
000.e
e10
-
000.e
1.2.3
000.e
0e
-
+
1e
1e+
1ee2
++1
+
.
-
+
1.2.3
abc
.
--2
1e-
1e
.
1e-
1.2.3
.
1e
--2
1.2.3
--2
abc
000.e
-
000.e
abc
1e-
1ee2
--2
--2
0e
1e+
1.2.3
1e+
--2
1e
e10
1e
1e
1ee2
.
+
.
000.e
-
000.e
-
1e
e10
1e+
1ee2
1e
+
1e+
abc
1.2.3
abc
1.2.3
1e-
-
1ee2
e10
--2
+
--2
abc
abc
.
e10
-
--2
e10
1ee2
000.e
-
abc
--2
e10
1.2.3
1e-
e10
-
.
1ee2
++1
1e+
1.2.3
1e-
-
-
1e
000.e
1e+
1e+
e10
-
e10
1ee2
+
-
1.2.3
++1
e10
1ee2
1.2.3
1.2.3
1e+
-
1.2.3
-
1e
000.e
--2
e10
+
1.2.3
abc
-
1.2.3
1.2.3
-
1.2.3
1.2.3
+
0e
.
-
1e+
++1
--2
+
1e-
1.2.3
--2
abc
+
++1
--2
abc
+
0e
.
-
1e+
1e-
000.e
e10
1.2.3
1e-
-
1e
abc
1ee2
--2
1.2.3
1ee2
1.2.3
1e
abc
1ee2
e10
1.2.3
1.2.3
-
1e
000.e
1.2.3
1e
1.2.3
.
+
1e+
.
1ee2
++1
1ee2
+
1ee2
1e
1e
1e-
1e-
e10
1e-
1e
-
-
+
.
-
++1
-
0e
0e
--2
e10
1e
000.e
1ee2
1e
-
++1
e10
e10
1ee2
+
+
+
1.2.3
000.e
0e
e10
1e-
.
1ee2
1.2.3
++1
1e+
--2
.
000.e
++1
+
1ee2
e10
1ee2
1e-
1e
-
1ee2
--2
++1
1e
1e+
0e
abc
0e
1.2.3
000.e
1.2.3
1e+
1e
000.e
0e
e10
0e
1e-
--2
1e-
1ee2
0e
abc
abc
++1
1e-
1e-
1ee2
000.e
1ee2
1.2.3
1.2.3
+
e10
--2
--2
-
e10
++1
abc
e10
1.2.3
1e+
--2
1e
0e
--2
1ee2
++1
-
1ee2
++1
1ee2
000.e
1.2.3
.
0e
1e+
+
.
.
1e+
-
000.e
1.2.3
0e
1ee2
.
0e
e10
0e
--2
1ee2
1.2.3
e10
++1
e10
.
0e
.
.
+
1e+
abc
--2
-
1.2.3
1e-
1e+
0e
000.e
1e-
1e+
000.e
1.2.3
1.2.3
+
1e
e10
1e-
-
0e
1e-
+
e10
++1
.
0e
e10
1e
+
--2
-
.
--2
e10
0e
1ee2
1e-
1e
e10
-
e10
1ee2
1e
++1
abc
++1
000.e
1e-
--2
1e-
.
0e
1e+
e10
+
++1
-
+
+
1ee2
1e
1e
abc
e10
--2
1e+
abc
abc
--2
e10
-
1ee2
000.e
1.2.3
1.2.3
++1
1e-
-
abc
abc
1e-
e10
0e
.
--2
e10
000.e
--2
1ee2
1ee2
000.e
abc
1e+
1e-
.
.
000.e
1e-
000.e
++1
.
--2
--2
1e-
0e
1ee2
+
000.e
1e
-
.
--2
000.e
1e
000.e
abc
.
+
000.e
1e+
1ee2
--2
-
+
1ee2
e10
1e
1e+
e10
e10
0e
000.e
000.e
1e
0e
e10
1.2.3
.
000.e
++1
1e+
+
.
++1
.
-
e10
0e
1e-
-
000.e
1e-
1e
++1
0e
--2
1e-
1e
abc
--2
abc
1.2.3
0e
1ee2
1e-
--2
1ee2
1.2.3
000.e
e10
1.2.3
1e-
0e
.
1e
abc
1ee2
000.e
1e-
-
1e
0e
++1
1e+
.
++1
e10
000.e
1e-
1e
1.2.3
--2
0e
abc
1e
0e
.
1e+
000.e
e10
+
abc
0e
.
0e
+
abc
0e
++1
abc
1e
000.e
1ee2
abc
1.2.3
0e
1e-
1e+
abc
-
+
1e+
.
abc
abc
e10
.
abc
1e-
0e
1e-
+
1.2.3
1e+
+
--2
1e-
1.2.3
1ee2
+
1e+
--2
--2
e10
1e+
+
1e
++1
e10
0e
1e
1e
1e+
e10
.
000.e
1e+
e10
1e-
+
.
--2
1e+
1e
1ee2
0e
1e-
1ee2
e10
abc
0e
.
1e
1e+
e10
1e
++1
1e
1e+
1ee2
1.2.3
++1
1e
abc
++1
1e+
.
e10
-
.
abc
0e
--2
0e
e10
-
abc
1.2.3
.
-
abc
+
1ee2
0e
e10
1.2.3
++1
1.2.3
000.e
abc
e10
-
-
000.e
-
1e+
++1
1e-
1.2.3
1e+
abc
1e-
+
abc
0e
1e
0e
000.e
1ee2
000.e
1e
1ee2
-
+
1ee2
000.e
--2
000.e
++1
1ee2
++1
1e+
+
e10
abc
1.2.3
e10
.
++1
-
1.2.3
-
1ee2
1.2.3
++1
++1
1e+
1e+
0e
++1
1.2.3
-
1e-
1ee2
1.2.3
+
1.2.3
1e
1.2.3
1e
1e-
-
1e
000.e
+
+
1e+
1ee2
+
000.e
000.e
1.2.3
.
++1
--2
.
1.2.3
1e+
-
--2
1ee2
1e-
1e-
e10
1.2.3
++1
0e
+
1e-
1e-
0e
000.e
0e
--2
1e
1e+
+
abc
.
--2
.
0e
1e-
1ee2
++1
1e+
0e
+
e10
.
0e
0e
e10
0e
+
++1
0e
000.e
++1
000.e
--2
1.2.3
1.2.3
--2
-
1e-
--2
-
1ee2
++1
1e-
-
abc
1ee2
000.e
e10
1e-
++1
1ee2
++1
1e+
1e
000.e
1e
abc
1e+
.
++1
e10
000.e
e10
-
1e+
0e
--2
1ee2
1e-
1ee2
1e-
++1
e10
--2
0e
1.2.3
1ee2
1e-
++1
++1
--2
1.2.3
000.e
+
+
abc
++1
1e+
++1
1e
-
1e-
++1
1e
-
1e-
0e
1e-
-
e10
--2
+
-
e10
1e-
1e
abc
abc
1ee2
--2
--2
1ee2
1e-
e10
1.2.3
e10
1e+
1ee2
.
000.e
1e
+
1e-
1.2.3
1ee2
1.2.3
e10
+
1e-
--2
+
e10
0e
1e
1e-
1.2.3
1e-
-
e10
1e
1.2.3
abc
1.2.3
abc
--2
.
1.2.3
e10
abc
abc
+
1e+
1e
000.e
1ee2
abc
--2
1e+
000.e
000.e
+
abc
0e
1e+
1ee2
1.2.3
1e+
000.e
1ee2
1e
++1
1e
-
0e
000.e
1e-
1e-
++1
+
000.e
1e-
1e+
1e+
.
abc
-
+
000.e
e10
abc
.
--2
abc
000.e
1e-
1e
+
.
++1
abc
1ee2
1ee2
1e
1e
1e-
--2
e10
-
--2
e10
+
1ee2
.
-
--2
1e
abc
1e-
-
1e+
.
abc
+
1e-
++1
0e
1e-
1e+
1e+
1.2.3
1ee2
e10
1ee2
1e-
-
++1
0e
++1
-
1e
-
0e
.
+
1e
1ee2
e10
--2
e10
-
1e-
e10
1.2.3
1e-
1.2.3
e10
1.2.3
--2
--2
-
1ee2
+
000.e
++1
1e
1e+
1e
++1
-
1e-
1e
e10
1e+
e10
-
0e
abc
e10
e10
1e-
abc
.
abc
abc
1e+
.
1.2.3
++1
.
1e
++1
1e+
1e+
1e
000.e
1.2.3
++1
1.2.3
+
1e+
1ee2
--2
.
1ee2
1.2.3
.
++1
1e-
e10
1e+
+
0e
1ee2
--2
e10
1e+
e10
++1
0e
0e
e10
0e
1.2.3
-
-
--2
-
1e
000.e
++1
0e
1ee2
e10
abc
e10
abc
1e-
.
+
0e
000.e
+
e10
+
e10
e10
000.e
--2
++1
++1
-
1e+
1e+
.
abc
e10
e10
-
1e
.
e10
-
1ee2
1e
--2
--2
+
abc
+
.
+
e10
1e-
1.2.3
+
1.2.3
1e+
+
1ee2
+
--2
e10
000.e
1e-
abc
++1
0e
1e+
1.2.3
1e
1e-
1.2.3
1e
1e
-
e10
1.2.3
1e+
000.e
+
1e+
1e
++1
+
1e+
1e-
0e
000.e
++1
1e-
-
0e
1.2.3
+
.
+
000.e
abc
-
--2
--2
e10
.
1e+
-
abc
1.2.3
1e
-
+
--2
1ee2
+
e10
--2
1e
--2
e10
1.2.3
.
000.e
0e
.
1ee2
0e
+
1e-
-
e10
1e+
+
-
0e
000.e
1ee2
-
.
.
.
--2
1.2.3
++1
1ee2
1e-
abc
1e-
0e
1e
abc
+
--2
0e
1e
1ee2
1ee2
1.2.3
++1
1e+
1.2.3
000.e
000.e
1ee2
0e
++1
1e
1e
-
1.2.3
1.2.3
+
000.e
++1
1e+
--2
1e+
1ee2
--2
abc
++1
1.2.3
++1
1e+
abc
--2
1e
000.e
0e
-
1.2.3
.
e10
1e
-
000.e
1.2.3
1e
++1
1e-
+
.
000.e
e10
1e
.
--2
+
++1
--2
e10
1ee2
.
1ee2
1ee2
+
--2
1e+
0e
+
e10
1e
-
++1
1.2.3
.
++1
-
-
1ee2
1ee2
1e
+
-
-
--2
1ee2
000.e
1e
abc
abc
.
-
1e-
-
--2
1e+
1e+
000.e
000.e
1.2.3
1e-
--2
--2
-
1e+
1e
1e
++1
1e
1ee2
e10
1e-
-
abc
--2
++1
e10
e10
1e
--2
abc
1e
1e+
-
0e
.
1e
1e-
+
1e
--2
abc
1ee2
1e+
1ee2
++1
1e
.
000.e
abc
1.2.3
--2
.
1ee2
abc
.
.
1e+
abc
abc
1e
+
000.e
1e+
1e+
000.e
.
e10
1e
++1
1e
.
000.e
e10
1.2.3
.
1e
1e+
1e
+
-
1e-
0e
+
1.2.3
--2
0e
1e-
abc
0e
1e+
--2
1.2.3
+
1ee2
+
e10
-
abc
1e
++1
1ee2
1e-
1e+
0e
+
abc
000.e
abc
.
1e-
1e
abc
1e+
1.2.3
++1
0e
abc
--2
1.2.3
1.2.3
1e
1e-
++1
000.e
1e
0e
1.2.3
abc
0e
1.2.3
1ee2
000.e
--2
.
000.e
1.2.3
abc
000.e
++1
.
.
-
1ee2
1e+
--2
abc
--2
1e
-
-
e10
e10
000.e
-
1e+
abc
1e-
1e
.
0e
1e-
.
-
1e+
000.e
--2
--2
+
1.2.3
1ee2
e10
1e-
.
abc
abc
000.e
1e+
abc
1e
--2
--2
.
abc
+
abc
e10
-
1ee2
abc
e10
+
000.e
e10
+
1ee2
0e
1.2.3
.
1e
1ee2
000.e
e10
000.e
000.e
1e
.
e10
1ee2
++1
++1
000.e
1e+
+
000.e
++1
1e
000.e
+
e10
1.2.3
1e
0e
.
1e+
1e+
1e+
000.e
e10
1.2.3
-
e10
1.2.3
1e
1.2.3
0e
1.2.3
000.e
1e+
--2
1e
1e
e10
.
1e
abc
0e
0e
0e
e10
0e
++1
1.2.3
1e-
.
.
--2
0e
-
.
--2
--2
++1
++1
abc
0e
++1
0e
1ee2
-
1.2.3
--2
+
e10
+
1e+
1e
1.2.3
1e+
abc
0e
1e-
-
1.2.3
1e+
1e-
000.e
1e+
000.e
++1
+
++1
1e+
1e-
1e
++1
1e-
abc
.
1ee2
abc
0e
1e
+
++1
1ee2
e10
-
1e+
1ee2
1e-
++1
-
1e-
000.e
000.e
1.2.3
abc
1.2.3
0e
0e
e10
-
-
1.2.3
.
.
1.2.3
++1
abc
.
.
1e
1ee2
000.e
1e
++1
000.e
1e
1e+
-
e10
abc
.
e10
++1
++1
1.2.3
+
1e-
1e-
e10
0e
1e-
1e-
-
abc
1.2.3
+
--2
--2
1e-
0e
1e+
000.e
1e
1ee2
abc
1e-
0e
+
--2
1ee2
1e+
1e+
-
1ee2
+
000.e
--2
.
++1
++1
e10
1e+
000.e
000.e
1e-
1e
1ee2
1e+
000.e
0e
e10
+
1.2.3
000.e
1e
e10
abc
abc
--2
.
0e
e10
1ee2
1e+
-
.
++1
1e
abc
000.e
000.e
.
abc
0e
e10
abc
1e
000.e
000.e
000.e
+
1e+
1e-
.
.
e10
--2
1.2.3
--2
1e
1.2.3
.
.
e10
.
000.e
1e-
1ee2
1e+
1e
1e-
+
000.e
1ee2
1e
0e
1ee2
.
-
1e-
e10
0e
1e-
1e+
.
abc
000.e
+
abc
abc
0e
1e-
1ee2
+
1ee2
++1
--2
e10
1e-
1e
-
000.e
+
1ee2
++1
-
--2
1.2.3
1e-
1e-
000.e
-
000.e
0e
1.2.3
0e
1e+
.
abc
abc
-
e10
1ee2
++1
--2
1.2.3
1e+
1ee2
000.e
1e
.
000.e
1e
1ee2
0e
1e
1e
1e
1ee2
1e+
000.e
1e+
1e-
000.e
-
e10
+
1e
++1
1e-
abc
abc
++1
000.e
000.e
.
-
0e
1e
e10
1e
1e-
-
-
1e
abc
-
1e-
000.e
000.e
000.e
000.e
--2
.
--2
0e
e10
000.e
1ee2
++1
-
0e
--2
1e
--2
1e-
++1
--2
-
1.2.3
1e
1e-
++1
1ee2
1e-
000.e
000.e
1e
1e+
.
1ee2
-
1e-
1.2.3
abc
1e
+
++1
--2
1e-
e10
+
1e
1ee2
++1
1e
1e
0e
e10
+
1e-
-
000.e
1e-
abc
--2
1e-
1e+
+
abc
e10
1ee2
1ee2
0e
abc
1e+
e10
abc
1e
1e+
e10
-
1e-
0e
1e-
.
++1
abc
1e
++1
1e
1e
1.2.3
--2
1.2.3
++1
000.e
1.2.3
000.e
-
1e
-
++1
1e
1.2.3
.
-
1e
1.2.3
000.e
1e-
.
++1
1.2.3
0e
1e-
+
abc
++1
abc
1e
0e
++1
e10
1.2.3
1e-
1e+
++1
abc
-
abc
++1
1e
1e
-
abc
1ee2
1e+
--2
000.e
000.e
.
1e+
1e-
e10
1e-
1e+
1.2.3
1.2.3
1e
+
1ee2
1ee2
--2
+
1.2.3
+
abc
1.2.3
++1
-
1e-
--2
++1
1e
000.e
000.e
+
+
+
+
abc
e10
1e+
1ee2
1.2.3
1e+
--2
1.2.3
+
++1
1ee2
.
e10
++1
1e
e10
1.2.3
000.e
++1
+
1e
1ee2
1e+
abc
000.e
.
000.e
-
0e
1e
.
1e-
-
0e
e10
1.2.3
1e
++1
1ee2
++1
++1
--2
++1
.
0e
1e-
1e
-
--2
1.2.3
.
.
.
1e+
e10
.
-
0e
++1
000.e
1ee2
000.e
1e-
.
++1
000.e
+
++1
e10
1ee2
-
abc
abc
1e
+
e10
+
1.2.3
++1
abc
e10
1e-
abc
1e+
-
1ee2
+
--2
000.e
0e
1e+
-
abc
-
1ee2
.
.
-
.
1.2.3
e10
1e
1.2.3
abc
000.e
0e
1.2.3
abc
.
++1
1.2.3
.
1ee2
1.2.3
0e
.
1e+
1.2.3
1e+
1ee2
++1
1e
.
1.2.3
++1
1.2.3
+
1.2.3
+
1.2.3
000.e
1e
1.2.3
-
1e-
-
1.2.3
++1
1ee2
1e
1ee2
--2
+
1ee2
1e
1e
abc
++1
1ee2
+
1ee2
--2
+
1.2.3
.
+
1e+
abc
e10
-
+
000.e
-
.
abc
1e+
1e+
000.e
++1
0e
000.e
--2
+
0e
e10
+
1e
1.2.3
1e+
.
000.e
0e
abc
+
++1
1e-
1.2.3
abc
abc
1.2.3
0e
++1
++1
--2
++1
--2
--2
abc
-
0e
1.2.3
1ee2
--2
000.e
+
1.2.3
1.2.3
1ee2
abc
-
0e
1e+
000.e
1e
++1
1e-
abc
.
++1
+
1e-
1e+
0e
+
1e+
e10
000.e
1.2.3
1.2.3
1.2.3
-
0e
1e+
abc
1ee2
0e
1e
0e
1e-
--2
.
0e
-
000.e
-
1e
e10
+
000.e
-
1e
000.e
1ee2
0e
+
0e
1.2.3
1.2.3
1e
-
1e-
++1
1ee2
abc
1.2.3
1e-
-
0e
1e
000.e
++1
+
000.e
000.e
1e+
1e-
0e
1ee2
-
--2
abc
1ee2
000.e
1e
.
.
.
1.2.3
1ee2
1.2.3
e10
000.e
++1
-
+
1.2.3
abc
++1
1ee2
--2
+
++1
abc
1e-
++1
000.e
.
0e
e10
1ee2
000.e
000.e
1e
-
1e-
000.e
abc
.
.
abc
e10
-
.
1.2.3
abc
0e
1ee2
0e
0e
+
.
--2
0e
.
1e-
+
1e-
e10
+
1ee2
abc
1.2.3
0e
--2
1e+
1e-
000.e
1.2.3
0e
abc
e10
-
e10
+
1.2.3
e10
+
-
+
-
1.2.3
0e
.
abc
000.e
000.e
1e+
1e+
1e-
.
1ee2
1e-
+
abc
1e-
+
--2
abc
-
1.2.3
000.e
1.2.3
1e+
1e+
1e-
1e-
1e
-
+
e10
1ee2
-
1ee2
+
1ee2
.
1e
-
-
abc
+
--2
1e
1.2.3
1e+
++1
1e-
-
000.e
+
1.2.3
-
++1
abc
1ee2
1e+
+
e10
1ee2
1.2.3
1e
e10
1ee2
.
000.e
+
1e-
abc
1.2.3
1e-
1e
abc
--2
1.2.3
0e
abc
1.2.3
+
000.e
+
++1
1e+
000.e
1.2.3
000.e
1e-
1e-
++1
1e-
-
1e
e10
0e
1.2.3
000.e
e10
++1
abc
.
+
0e
1e-
e10
+
000.e
-
0e
1e-
--2
.
e10
1e+
++1
1e-
1.2.3
1.2.3
e10
e10
--2
+
++1
--2
e10
.
1ee2
1.2.3
+
abc
e10
.
1e
1ee2
++1
1e-
e10
1.2.3
+
++1
--2
000.e
1e+
000.e
1.2.3
.
+
e10
-
1e-
0e
++1
--2
1e+
1ee2
000.e
0e
--2
1e+
1e-
.
1e-
abc
1ee2
.
--2
1e
1e+
e10
1.2.3
abc
++1
1e-
1e
000.e
--2
1e-
e10
e10
0e
++1
1e
-
1e
000.e
e10
000.e
abc
000.e
++1
1ee2
abc
--2
abc
1e+
1e
1e-
0e
e10
--2
1e+
-
1e
--2
e10
1e
1.2.3
1.2.3
1.2.3
+
1e
000.e
++1
abc
1e+
.
1e
abc
0e
+
+
000.e
1ee2
-
--2
.
--2
000.e
1e-
--2
++1
1e+
abc
+
1ee2
1.2.3
1e+
++1
.
--2
+
++1
1e
++1
1e
++1
1e+
1e+
1e+
1e-
--2
+
000.e
e10
1.2.3
1e-
abc
abc
-
e10
-
1.2.3
1.2.3
1ee2
-
e10
e10
1.2.3
e10
e10
1e+
++1
--2
1e+
1e
1ee2
1ee2
1.2.3
.
1e+
000.e
1e
--2
1.2.3
-
--2
-
e10
000.e
1ee2
-
1e
+
+
000.e
-
++1
1e
000.e
0e
1ee2
-
1e-
1ee2
e10
-
000.e
0e
1e
abc
--2
1e+
++1
0e
abc
0e
0e
000.e
abc
+
+
000.e
-
1ee2
0e
abc
-
1e+
.
000.e
1ee2
abc
.
++1
1e-
0e
1e+
1.2.3
+
abc
e10
.
0e
-
--2
++1
1e-
1e
1e
-
-
000.e
0e
1e-
1e-
0e
++1
.
-
-
++1
+
--2
.
1e+
000.e
0e
--2
.
000.e
abc
1e+
1.2.3
1e-
-
1e
1ee2
1ee2
1.2.3
++1
.
++1
000.e
--2
abc
+
1e
1.2.3
.
0e
1ee2
1e-
0e
abc
0e
000.e
0e
.
1e-
1e
1e-
1e
+
-
1.2.3
+
1e
0e
1e
-
1e-
.
1e
1e+
1ee2
1e+
1e-
abc
1e+
1e-
1e+
abc
++1
1e+
1e-
abc
1e+
1e-
0e
++1
1e+
1ee2
abc
++1
0e
1e
0e
.
-
000.e
+
+
000.e
1.2.3
e10
1e
--2
+
e10
--2
.
abc
++1
1e
000.e
abc
-
abc
1.2.3
1.2.3
1e-
.
.
000.e
--2
e10
+
.
.
+
000.e
abc
1e+
1e
+
-
-
.
1e+
.
1e+
+
1.2.3
1e
--2
1e
abc
1e-
.
.
++1
1e-
1e
1ee2
--2
1e-
1e+
1e-
1.2.3
--2
1ee2
000.e
-
e10
e10
abc
+
e10
.
0e
++1
0e
--2
1e+
+
1e
1ee2
abc
.
-
--2
1e
1e
abc
--2
e10
000.e
1.2.3
++1
1ee2
1ee2
abc
0e
1e+
1e-
++1
1.2.3
1e+
abc
1e-
1e
e10
+
1e+
000.e
1e+
-
+
.
e10
1e+
abc
1e
-
e10
1e+
1e+
000.e
1.2.3
0e
1ee2
-
1.2.3
000.e
-
1e
abc
1e+
-
0e
--2
1e-
1e+
000.e
abc
abc
1ee2
000.e
1e
abc
1e+
1e-
1e+
-
.
0e
1e-
--2
++1
1e
++1
0e
1.2.3
1e
1ee2
+
++1
++1
0e
0e
-
++1
-
1e
1e-
0e
--2
-
1ee2
1e-
.
++1
1e
e10
--2
++1
1ee2
-
1e+
.
000.e
1e-
--2
1e+
-
-
000.e
e10
-
000.e
1e+
1e+
++1
0e
.
abc
1e+
000.e
1.2.3
.
--2
1e-
e10
.
--2
e10
1.2.3
0e
-
000.e
1e-
.
000.e
1e-
.
-
1ee2
1ee2
1e-
.
e10
--2
1e
--2
1e+
1e
1.2.3
--2
++1
1e+
000.e
1e-
+
1e+
+
1.2.3
-
000.e
1.2.3
000.e
0e
1.2.3
abc
1e+
.
1.2.3
.
1.2.3
abc
+
0e
.
e10
1.2.3
1ee2
1e-
e10
000.e
abc
++1
++1
1ee2
1e-
0e
1e+
1.2.3
abc
--2
.
0e
1e-
abc
1ee2
1e+
000.e
000.e
0e
-
+
abc
1.2.3
0e
-
1e
e10
.
+
1ee2
1ee2
+
.
1ee2
e10
abc
+
abc
.
+
000.e
-
e10
1e-
1ee2
1e+
-
1e+
1e+
++1
e10
-
1e
1e-
e10
1.2.3
1e-
1e-
1e+
1e-
1e-
000.e
.
++1
+
0e
-
-
+
.
++1
+
e10
1e-
1ee2
-
1e-
.
1ee2
abc
1ee2
1.2.3
1e+
1e-
e10
1ee2
1ee2
1e-
++1
-
+
1.2.3
+
--2
.
.
1.2.3
++1
--2
1ee2
++1
000.e
1e+
--2
.
1.2.3
+
+
1.2.3
1e
1e
1.2.3
1ee2
1e-
+
1e
1e
--2
++1
000.e
1e+
+
1.2.3
+
1e-
1.2.3
000.e
++1
1e
0e
+
1e+
0e
++1
0e
+
e10
0e
+
000.e
+
1e-
1.2.3
++1
.
1ee2
++1
000.e
1ee2
--2
--2
e10
-
--2
e10
--2
e10
.
--2
0e
1e-
e10
--2
1e
--2
1ee2
1e
1e-
e10
e10
1e-
++1
0e
+
++1
++1
1e
1e+
e10
e10
e10
--2
abc
1.2.3
0e
1ee2
0e
1e+
++1
1ee2
1e+
abc
e10
1.2.3
++1
1e
--2
abc
1e
--2
1ee2
1e+
1e-
e10
.
--2
0e
++1
1e
1.2.3
abc
000.e
0e
1ee2
e10
--2
abc
1e-
000.e
0e
1ee2
1.2.3
.
0e
.
+
+
++1
000.e
000.e
+
.
1e
abc
-
abc
abc
1e+
.
abc
1e-
1e-
1e-
-
+
1.2.3
++1
++1
1e+
000.e
-
1ee2
0e
0e
abc
1e-
++1
1.2.3
e10
+
-
1e
abc
++1
+
--2
e10
1e-
+
abc
abc
1e+
-
++1
-
++1
000.e
++1
1e+
1.2.3
1.2.3
1e+
1e-
0e
e10
.
1e-
1.2.3
1e+
1ee2
1.2.3
e10
1.2.3
++1
-
1ee2
++1
1e+
1e+
-
.
1e
-
abc
1e-
+
1ee2
0e
-
1e-
-
e10
1e
abc
--2
1.2.3
000.e
+
abc
abc
1.2.3
1e
1e+
-
--2
000.e
e10
e10
--2
0e
--2
1.2.3
1ee2
abc
1e+
abc
-
+
0e
1e-
--2
1e
1.2.3
abc
1e-
1e
e10
++1
1.2.3
-
++1
+
1e-
e10
--2
.
e10
1e
1e
1.2.3
-
1e+
-
.
--2
+
++1
++1
+
+
-
abc
000.e
-
+
1e+
e10
0e
-
1ee2
++1
000.e
--2
1.2.3
--2
+
+
-
1e
1.2.3
1ee2
abc
000.e
1.2.3
000.e
++1
++1
.
.
1ee2
++1
1e+
abc
++1
++1
1ee2
+
e10
-
1e-
0e
1e+
--2
1.2.3
abc
0e
1.2.3
--2
1ee2
1e
abc
1.2.3
+
++1
1ee2
1e
e10
1e
1e-
+
1e
1e+
-
+
.
e10
abc
--2
+
--2
1ee2
1e+
1.2.3
--2
1ee2
000.e
1e-
abc
.
000.e
++1
++1
-
-
1e-
abc
abc
1e-
-
--2
1e+
+
+
1e
e10
1.2.3
1ee2
1e-
e10
1e
1e-
000.e
1.2.3
e10
1e+
000.e
--2
abc
.
1.2.3
1ee2
--2
.
+
e10
0e
e10
e10
1.2.3
1.2.3
--2
1ee2
--2
e10
abc
1e
e10
1ee2
000.e
1ee2
0e
e10
++1
--2
++1
-
0e
1e+
++1
++1
1ee2
++1
0e
-
+
1ee2
-
1.2.3
1e-
1e+
000.e
1e-
0e
-
1.2.3
e10
+
1e-
+
1ee2
+
++1
--2
1e+
000.e
000.e
--2
-
--2
.
-
++1
-
1.2.3
.
++1
1ee2
--2
1e
++1
e10
-
-
e10
1ee2
1ee2
+
1e
1e
-
abc
0e
1ee2
-
1.2.3
1e-
abc
1e+
-
1ee2
++1
1e
0e
e10
abc
0e
0e
+
e10
1e
0e
++1
abc
abc
1e-
e10
abc
e10
1e+
1e-
1e+
000.e
++1
-
.
0e
0e
1e
1e
++1
++1
abc
1e
++1
abc
000.e
1ee2
000.e
0e
e10
1e+
1e+
1e+
1.2.3
.
0e
+
.
--2
1e
1.2.3
++1
000.e
e10
e10
e10
abc
1ee2
1e
-
1ee2
1ee2
1ee2
1.2.3
-
++1
.
-
1e-
+
000.e
e10
+
000.e
++1
1e-
-
abc
++1
abc
000.e
++1
1e+
e10
++1
++1
+
1e
-
0e
1e
--2
0e
1e
.
-
1.2.3
0e
0e
1e
++1
1e+
abc
+
1ee2
000.e
1e+
.
++1
++1
1e+
1e+
1e
1e-
++1
1e-
+
abc
000.e
abc
1e+
-
--2
1ee2
1e
abc
0e
1ee2
+
1e-
e10
1e+
1ee2
1e
--2
-
1e
1ee2
1e+
0e
1ee2
--2
+
1e-
1e-
--2
.
1ee2
+
1e+
.
abc
0e
1e
abc
++1
1.2.3
1e-
--2
e10
+
1e+
1e+
.
0e
0e
e10
abc
++1
e10
abc
++1
1e+
-
abc
e10
000.e
-
--2
.
1ee2
1.2.3
e10
0e
000.e
+
1ee2
000.e
1ee2
1e-
.
000.e
1ee2
e10
1.2.3
1ee2
1e-
0e
000.e
-
000.e
1e+
1e+
--2
e10
0e
1.2.3
1e-
1.2.3
1e
0e
000.e
+
1e+
1e
--2
1ee2
++1
1e
1e
1e+
0e
--2
1e+
+
1e-
1e
--2
0e
-
abc
--2
0e
++1
1e+
+
e10
+
0e
000.e
1.2.3
1e
-
+
+
000.e
1e+
1e
abc
++1
e10
e10
++1
1.2.3
--2
e10
1ee2
0e
1e+
.
1e+
1.2.3
--2
abc
1e-
1e
1e-
1e
--2
000.e
000.e
--2
000.e
1ee2
--2
000.e
0e
1e
1ee2
++1
1e
1e
--2
1ee2
000.e
++1
+
+
-
e10
1ee2
.
-
1e-
--2
-
-
1ee2
abc
+
1e
+
1e
1e
+
000.e
1e
.
1ee2
1e-
--2
abc
abc
++1
++1
abc
1e
.
1e+
000.e
-
abc
abc
1ee2
+
1e
+
e10
--2
+
1ee2
1e+
abc
e10
1.2.3
++1
1.2.3
1.2.3
+
--2
abc
1ee2
0e
.
--2
.
000.e
abc
0e
--2
0e
abc
1ee2
+
1e
.
--2
1e-
+
1e
1e+
000.e
++1
0e
1e-
1ee2
1e
1e+
++1
000.e
1e+
1e-
1e+
0e
1e+
+
++1
e10
0e
1e+
1e
+
abc
abc
+
1e
000.e
000.e
++1
abc
e10
1ee2
1.2.3
-
abc
1e
000.e
1e
1.2.3
1ee2
1e-
1ee2
0e
++1
1e
abc
1e-
1e+
abc
1ee2
abc
1.2.3
1e
+
++1
e10
e10
1ee2
abc
.
1e+
0e
000.e
1.2.3
1ee2
--2
abc
abc
.
.
-
000.e
1.2.3
abc
000.e
000.e
1e
1e
++1
1ee2
--2
.
1e-
1.2.3
000.e
1.2.3
+
1e+
0e
--2
e10
1e+
1e+
abc
e10
1e+
-
--2
0e
+
000.e
000.e
++1
0e
e10
--2
1e-
++1
-
.
000.e
abc
.
abc
1.2.3
1e+
abc
++1
+
abc
+
--2
1.2.3
abc
1e
+
000.e
1e
0e
-
e10
.
1e+
++1
-
1ee2
+
.
000.e
000.e
1e+
e10
--2
.
1e-
abc
1e-
-
++1
+
--2
++1
+
abc
e10
1e+
1e-
abc
.
1ee2
1e
1e
-
1e-
++1
+
1e
.
-
1e
.
1ee2
+
1e+
1.2.3
e10
1e+
.
++1
1e-
1e
e10
abc
e10
1ee2
0e
-
1e
--2
++1
1.2.3
abc
.
1e
0e
++1
1e+
-
-
000.e
.
1ee2
1e
.
1e-
++1
++1
1.2.3
+
abc
++1
000.e
1e+
1ee2
abc
.
1e+
++1
.
abc
--2
+
.
1ee2
++1
1.2.3
++1
.
.
0e
abc
+
1e
-
-
0e
1.2.3
1e+
++1
0e
++1
1e+
-
.
--2
1.2.3
0e
++1
1e
--2
1ee2
000.e
1e+
1e
e10
1e+
++1
e10
1ee2
1ee2
000.e
1e-
1ee2
0e
1ee2
1e-
1.2.3
abc
abc
0e
1e-
1.2.3
1e+
-
1.2.3
++1
1e
1ee2
1ee2
0e
+
1ee2
1e
--2
1ee2
+
1ee2
1ee2
++1
1.2.3
e10
1.2.3
000.e
abc
-
000.e
1.2.3
.
1.2.3
1.2.3
1e+
abc
--2
abc
1e-
-
e10
e10
+
+
-
abc
000.e
--2
+
0e
0e
e10
1.2.3
1.2.3
1e
.
e10
1e
++1
.
e10
000.e
000.e
--2
--2
1e
1e+
++1
-
0e
0e
++1
1e
1e-
1.2.3
++1
abc
+
++1
-
++1
abc
e10
000.e
abc
1.2.3
-
e10
1ee2
1.2.3
--2
++1
e10
.
000.e
1e-
1e-
--2
e10
e10
1e
000.e
1e+
1.2.3
000.e
++1
abc
.
+
1e
--2
1e-
1e
+
1.2.3
1e-
-
.
--2
.
++1
--2
--2
--2
1e-
000.e
0e
-
0e
e10
.
+
0e
0e
abc
.
1e-
1e+
abc
1ee2
1e
.
.
1.2.3
1e
000.e
1ee2
+
1ee2
1e+
1e-
1e+
1e-
-
1ee2
1e+
1e-
++1
++1
abc
-
+
e10
++1
1e-
--2
e10
++1
.
-
1.2.3
e10
1ee2
+
++1
1ee2
++1
1e
1.2.3
abc
abc
1e+
0e
1ee2
.
1ee2
+
1.2.3
abc
1e+
1ee2
-
-
.
0e
1e-
1e+
--2
-
e10
1.2.3
-
.
+
e10
e10
1e-
-
-
--2
-
1e-
1ee2
abc
0e
e10
0e
000.e
+
1ee2
1e
1e
1e-
1ee2
1e-
000.e
--2
1e+
-
.
1ee2
000.e
1e-
1e
e10
000.e
.
++1
1e
1.2.3
e10
1e+
--2
++1
abc
.
000.e
e10
abc
1e+
0e
1.2.3
1e
++1
.
1ee2
++1
000.e
1ee2
-
000.e
--2
1e+
000.e
-
.
-
000.e
+
--2
--2
abc
0e
++1
e10
000.e
+
--2
e10
1e
abc
++1
e10
1e
1.2.3
000.e
-
1.2.3
1ee2
-
000.e
1ee2
-
.
1ee2
1e-
000.e
1.2.3
000.e
000.e
0e
1ee2
1e-
.
abc
1.2.3
--2
++1
000.e
1ee2
+
++1
1e+
1e+
-
--2
1e-
0e
1e
1e+
1.2.3
+
.
--2
0e
+
++1
-
1.2.3
.
0e
abc
1.2.3
e10
e10
e10
.
1e+
1e-
--2
e10
0e
0e
1e
+
--2
e10
1ee2
.
0e
1e-
+
1.2.3
++1
e10
1ee2
000.e
.
--2
e10
++1
0e
abc
1e
1ee2
.
e10
1e-
1e+
1e+
1e-
e10
--2
0e
1ee2
1e+
.
1e+
e10
1e-
1e
++1
0e
0e
-
e10
abc
1e-
1e+
000.e
-
abc
e10
e10
abc
1ee2
1e+
1e+
abc
000.e
1.2.3
+
+
1.2.3
0e
1e+
+
.
1ee2
+
1e-
1e
e10
-
e10
1e+
1e-
++1
1ee2
.
+
--2
e10
+
0e
1e
abc
1e+
1e-
.
e10
1ee2
-
e10
1e
1e
1e
abc
1e
-
1.2.3
1e
1ee2
1e-
e10
1ee2
000.e
1.2.3
000.e
+
.
++1
-
e10
1.2.3
1.2.3
.
1e
1e+
1e+
1.2.3
abc
1ee2
1ee2
-
+
--2
000.e
abc
e10
1e+
+
.
1e
+
--2
000.e
1e
++1
--2
1ee2
0e
1e-
1e-
1.2.3
.
--2
000.e
.
--2
--2
-
000.e
+
1.2.3
e10
0e
++1
abc
1.2.3
e10
1e
.
.
1e+
1e+
0e
--2
000.e
1.2.3
1e-
.
1e+
1ee2
--2
-
0e
+
0e
000.e
--2
.
+
.
-
abc
1.2.3
++1
abc
--2
.
e10
e10
000.e
+
--2
0e
++1
e10
++1
000.e
1e+
++1
1e-
-
abc
000.e
000.e
000.e
e10
+
1e
1e
+
1ee2
--2
1e
--2
1e-
1.2.3
1ee2
1e+
1e-
1e+
1e
abc
1e+
0e
abc
e10
1e+
1.2.3
1.2.3
1ee2
--2
--2
1.2.3
1.2.3
e10
000.e
+
--2
++1
--2
1e-
000.e
++1
000.e
.
+
1e+
1ee2
1ee2
1ee2
1e+
.
0e
0e
1.2.3
1e+
1.2.3
1e+
abc
1ee2
1e+
000.e
--2
e10
1e-
+
++1
1e-
e10
--2
-
0e
1.2.3
1e-
--2
1ee2
.
--2
e10
1e-
1ee2
abc
1ee2
abc
1e-
1e-
1e-
.
1e+
-
1ee2
abc
abc
1ee2
--2
1ee2
+
1ee2
000.e
++1
1.2.3
1e+
000.e
.
--2
1e
1ee2
abc
1ee2
+
-
000.e
1ee2
e10
+
1e-
--2
abc
.
abc
-
--2
e10
e10
abc
+
1e-
1e-
--2
-
++1
1.2.3
000.e
1e+
1e-
1.2.3
1e-
1ee2
++1
1e
e10
1.2.3
++1
--2
++1
1e+
000.e
000.e
0e
0e
0e
000.e
000.e
abc
++1
.
abc
1ee2
1e+
.
-
--2
1.2.3
1e-
.
000.e
1e
++1
1ee2
0e
e10
abc
1.2.3
++1
1.2.3
++1
0e
1e+
1.2.3
1.2.3
1ee2
abc
abc
1e-
+
1e
1e+
1ee2
abc
1.2.3
1e
e10
0e
abc
1e+
1.2.3
0e
000.e
000.e
+
000.e
1e
++1
1e-
--2
1.2.3
abc
0e
000.e
1e+
1e-
1.2.3
--2
1e
1e
1e
--2
000.e
--2
abc
1ee2
.
-
0e
1ee2
1e+
e10
-
1ee2
1e-
1ee2
--2
1e
++1
0e
e10
abc
1.2.3
1.2.3
--2
0e
1e
1e+
0e
--2
e10
.
-
e10
++1
++1
e10
1e+
e10
0e
.
1e+
000.e
1ee2
1ee2
e10
+
e10
1e+
1ee2
abc
-
1e
e10
abc
++1
+
000.e
1ee2
++1
.
-
.
++1
0e
.
000.e
1e+
000.e
1ee2
1.2.3
1ee2
1.2.3
e10
abc
000.e
-
1.2.3
0e
.
++1
.
-
+
+
1.2.3
1ee2
+
1e+
.
e10
-
1ee2
1.2.3
-
000.e
--2
0e
abc
e10
++1
-
.
1e-
abc
0e
1.2.3
0e
1e+
.
1e
e10
abc
++1
000.e
-
000.e
1.2.3
1ee2
-
0e
+
1e-
000.e
1e+
000.e
++1
+
1e+
--2
0e
1ee2
1.2.3
abc
1e-
1.2.3
000.e
000.e
1.2.3
1e-
1ee2
1e
++1
000.e
1ee2
.
1e+
++1
1e
--2
1e
1.2.3
++1
abc
++1
+
1.2.3
++1
.
-
+
+
1e
0e
abc
1ee2
1e+
1ee2
+
++1
1e-
e10
++1
-
000.e
1e+
++1
++1
++1
1e+
++1
1e-
1ee2
000.e
-
--2
1e
+
abc
-
++1
1e+
-
1e-
000.e
1e-
1e
1e-
0e
000.e
.
1e+
1e-
1ee2
1.2.3
++1
1e+
000.e
000.e
.
++1
0e
1e-
-
--2
0e
1e
-
++1
.
++1
1e+
000.e
-
1.2.3
1e-
1.2.3
e10
-
1.2.3
1e
0e
1.2.3
0e
1e+
--2
-
++1
-
.
abc
-
1e+
++1
-
e10
++1
1e-
1e
0e
1e
-
.
0e
.
abc
-
abc
++1
1ee2
.
.
1e
--2
000.e
e10
000.e
0e
1e+
.
1ee2
1ee2
e10
+
abc
1ee2
1e
abc
e10
-
1ee2
000.e
1.2.3
1.2.3
1.2.3
1e+
+
1e+
-
+
++1
0e
0e
1.2.3
abc
abc
1ee2
abc
000.e
1e+
0e
1e+
-
.
1ee2
+
1e
1e
++1
.
++1
1e
-
++1
1.2.3
1.2.3
e10
1ee2
e10
+
1e-
.
abc
e10
abc
--2
abc
1.2.3
-
.
1e-
++1
1e-
abc
1e-
.
1.2.3
+
0e
000.e
1e
e10
1ee2
000.e
abc
-
e10
--2
-
.
e10
e10
--2
.
1.2.3
.
1ee2
abc
-
abc
1e+
e10
1e-
000.e
1ee2
+
1ee2
000.e
1e
1.2.3
e10
1e
1.2.3
--2
1e-
1.2.3
1.2.3
e10
++1
++1
000.e
1e
000.e
.
1e+
1.2.3
abc
1ee2
1e-
000.e
e10
-
1e-
-
+
0e
1.2.3
-
++1
1.2.3
.
-
++1
-
1e
e10
000.e
000.e
1e-
.
-
++1
1.2.3
+
1ee2
abc
--2
--2
.
+
1.2.3
abc
1ee2
1.2.3
1e+
0e
1e-
1e
e10
1e+
1ee2
1e+
.
1e
1.2.3
-
1e
-
1e
1.2.3
1e-
--2
1e-
++1
-
-
1ee2
1e
--2
e10
1e-
1e-
e10
abc
+
1.2.3
abc
-
e10
1e
++1
000.e
-
-
abc
abc
1e-
e10
1e-
1e+
1e-
e10
0e
1.2.3
.
1.2.3
++1
1.2.3
e10
-
abc
1e+
1e
1ee2
--2
++1
++1
-
1ee2
000.e
0e
1e+
e10
1e
000.e
abc
0e
-
0e
--2
abc
e10
-
1e-
0e
0e
e10
++1
-
000.e
1ee2
1e-
++1
+
000.e
--2
000.e
1.2.3
++1
--2
abc
1ee2
--2
1ee2
1e-
+
++1
-
-
1.2.3
++1
+
0e
e10
1.2.3
+
abc
000.e
1e
1e
+
1e-
1e+
+
1e+
000.e
1e
1e-
1.2.3
1.2.3
1ee2
0e
000.e
1e-
.
1e-
--2
000.e
1ee2
1e-
1e
abc
0e
+
.
000.e
abc
++1
++1
++1
e10
-
--2
000.e
1.2.3
.
-
++1
0e
++1
1e
+
-
+
1.2.3
1ee2
1e-
000.e
1e
-
1.2.3
1e+
e10
1e-
+
.
-
000.e
1ee2
1e
+
0e
-
1e-
1e-
abc
0e
1e+
0e
+
1e-
abc
1e
abc
.
1e+
abc
1ee2
++1
1.2.3
.
-
.
--2
--2
1e+
0e
1.2.3
1e-
--2
000.e
000.e
0e
000.e
e10
.
1e+
-
++1
1e+
abc
.
abc
000.e
1.2.3
1e
1e
+
000.e
abc
e10
++1
1e
+
1e-
e10
1ee2
abc
1e
+
1e
1.2.3
.
--2
+
0e
++1
--2
-
1.2.3
-
e10
1ee2
1ee2
0e
1ee2
-
+
e10
1e
-
+
1ee2
000.e
-
--2
++1
+
1e+
1e+
e10
1.2.3
1e+
1ee2
1ee2
.
0e
1ee2
1e+
++1
++1
+
+
1e-
1e-
1e-
+
++1
000.e
--2
000.e
1.2.3
+
1e+
0e
.
abc
1e
+
abc
1.2.3
1.2.3
--2
.
1e
1e
-
--2
++1
abc
e10
+
1e
1e
1.2.3
0e
1e+
e10
+
abc
--2
--2
++1
.
--2
-
--2
1.2.3
1.2.3
000.e
1.2.3
1ee2
1e-
-
1ee2
1e-
000.e
000.e
abc
++1
1e+
1e+
1.2.3
000.e
1e+
.
+
1e
0e
--2
-
000.e
e10
+
--2
e10
1e-
++1
+
abc
e10
--2
1e
.
1e
abc
000.e
1.2.3
abc
--2
1e+
abc
1e
.
1e+
e10
abc
1ee2
0e
1e-
1e+
0e
1.2.3
.
1e-
--2
1ee2
-
-
abc
abc
--2
e10
abc
-
e10
1e-
e10
1e
1e-
abc
abc
.
e10
0e
++1
.
000.e
abc
e10
1e
1e
+
--2
-
e10
1ee2
1e
1.2.3
.
-
e10
++1
1e
abc
1.2.3
0e
+
.
1e+
1e-
1ee2
1e+
+
1e-
.
--2
--2
1e+
1e+
--2
-
++1
1.2.3
++1
--2
1e
000.e
1e
++1
e10
1e-
.
-
0e
1.2.3
1e+
--2
abc
abc
++1
1e
1e+
+
++1
0e
000.e
1e-
1e
0e
++1
++1
1e-
abc
++1
1e-
1e-
000.e
-
1ee2
++1
-
1e
-
1.2.3
1e
abc
1e
e10
1.2.3
000.e
--2
1.2.3
000.e
1ee2
+
e10
e10
--2
1.2.3
1e-
-
abc
1e+
e10
.
++1
--2
+
-
.
--2
1.2.3
abc
e10
.
--2
e10
e10
1e-
--2
1ee2
1e+
1e+
1e+
1e
1e+
++1
+
1e
.
1e
abc
++1
1e
++1
--2
-
+
-
-
1.2.3
e10
++1
1e+
1e+
1e
abc
1.2.3
e10
abc
1.2.3
+
.
abc
1.2.3
--2
0e
--2
0e
e10
-
++1
abc
++1
--2
+
1e
e10
.
1.2.3
1e-
0e
++1
+
.
--2
1e
++1
1.2.3
e10
-
abc
000.e
++1
--2
++1
--2
1ee2
e10
--2
1e
--2
.
1e-
-
++1
000.e
0e
000.e
e10
abc
1e+
0e
++1
1e
1e+
++1
abc
000.e
e10
e10
--2
1e-
1.2.3
1e-
1.2.3
000.e
abc
e10
1.2.3
1e+
000.e
abc
+
1ee2
+
-
abc
1e-
1.2.3
abc
1e-
1e
1.2.3
++1
--2
+
1e+
++1
000.e
1e-
e10
000.e
1e-
0e
+
1e+
0e
1e+
++1
1e+
--2
++1
1e
1e+
1e
++1
++1
+
abc
e10
0e
+
abc
1e-
e10
1e
e10
e10
++1
1e+
.
0e
e10
--2
1.2.3
1ee2
1e-
abc
1e
1.2.3
-
000.e
-
1ee2
1e-
1e
0e
-
+
1e
e10
0e
+
1.2.3
1e
+
0e
1ee2
.
--2
.
1e
000.e
.
.
+
1e
--2
0e
1e
.
.
0e
1ee2
1.2.3
e10
1e+
000.e
0e
e10
0e
abc
1.2.3
1e+
++1
e10
1e
abc
-
-
1e-
e10
1ee2
--2
-
++1
--2
abc
000.e
1e
+
1.2.3
1e+
.
000.e
--2
1.2.3
0e
0e
-
.
0e
1.2.3
e10
e10
--2
+
e10
abc
0e
e10
1ee2
abc
-
1e+
1ee2
0e
1.2.3
000.e
1e+
e10
0e
1e
++1
.
--2
abc
+
+
++1
.
1e
--2
1e-
1ee2
e10
0e
-
++1
.
1ee2
1ee2
000.e
--2
1e+
0e
.
++1
.
1ee2
abc
abc
000.e
1e-
1.2.3
1e-
000.e
1e+
+
1.2.3
abc
1.2.3
1ee2
++1
0e
-
1e
.
0e
.
1e-
+
0e
.
1e
e10
+
-
-
000.e
abc
++1
1e
+
1.2.3
abc
-
.
000.e
1e-
--2
1e
--2
1e
000.e
1.2.3
1e-
000.e
+
-
1e-
+
0e
-
e10
1e
0e
abc
1e+
.
e10
0e
e10
1e-
000.e
1ee2
--2
-
1e
1e
000.e
1e
1e
1.2.3
-
0e
-
+
.
abc
+
.
.
1e+
abc
e10
.
1e
e10
1e-
++1
+
e10
000.e
abc
1e
+
--2
e10
1ee2
1.2.3
+
000.e
1e-
1.2.3
1ee2
1ee2
+
1ee2
e10
1ee2
abc
0e
e10
+
.
abc
1e-
1e-
+
+
+
--2
e10
000.e
1e+
.
1.2.3
000.e
abc
+
1e-
--2
0e
1ee2
.
.
1e-
e10
1ee2
1e
1e-
1.2.3
1e-
1e-
--2
0e
1.2.3
abc
abc
--2
--2
1e
1e
++1
abc
e10
1.2.3
1e+
1e-
1e+
e10
+
1ee2
abc
1e+
-
.
--2
1ee2
000.e
1.2.3
-
abc
000.e
abc
1ee2
1e
000.e
1.2.3
000.e
1.2.3
++1
abc
-
1.2.3
000.e
++1
--2
1e-
000.e
e10
000.e
1ee2
1.2.3
1e-
1.2.3
+
0e
-
abc
1ee2
.
.
1e+
abc
++1
000.e
000.e
.
+
1e+
--2
e10
.
000.e
000.e
000.e
--2
e10
000.e
000.e
1e+
abc
abc
1e
1ee2
1ee2
1.2.3
1e
1e-
.
0e
1.2.3
abc
0e
e10
1e+
1.2.3
.
e10
1e
1e-
1.2.3
1e-
.
e10
1e-
000.e
++1
1e+
++1
--2
+
1e-
++1
1ee2
e10
1e
1ee2
abc
1e
abc
.
e10
+
abc
1.2.3
1e+
+
1.2.3
abc
1e+
000.e
+
1.2.3
000.e
1ee2
1e-
1ee2
++1
1e
1e
1e+
1.2.3
1e-
--2
e10
--2
abc
+
1e-
0e
1e-
1.2.3
++1
1e+
++1
--2
--2
++1
.
0e
1e-
.
1.2.3
--2
000.e
1.2.3
1e+
1.2.3
000.e
1e-
e10
1.2.3
+
1e-
1ee2
-
+
abc
1ee2
++1
1e+
1ee2
1e
+
.
1.2.3
1e+
-
1.2.3
-
1ee2
1.2.3
++1
1e+
--2
+
e10
1.2.3
0e
1e-
abc
e10
1e
0e
1.2.3
1.2.3
--2
1ee2
0e
+
--2
abc
abc
-
++1
1ee2
--2
1ee2
+
--2
abc
-
0e
+
++1
-
1ee2
abc
1e+
.
1e
--2
+
1e-
.
1e-
abc
1e+
-
.
1ee2
1e-
abc
1ee2
-
++1
-
0e
0e
1e-
1e
0e
0e
abc
--2
1e-
--2
1ee2
1e+
1e-
1ee2
+
1e-
1.2.3
0e
1.2.3
.
000.e
.
++1
0e
1e
0e
000.e
--2
-
-
1e-
1e+
1.2.3
-
000.e
1e+
--2
abc
1e+
e10
abc
+
++1
-
--2
.
.
1.2.3
-
abc
abc
abc
.
abc
e10
+
.
++1
1ee2
000.e
000.e
.
e10
++1
1e+
0e
1.2.3
abc
--2
1e
1ee2
1.2.3
1e+
.
1e
--2
1e
.
+
++1
1e
+
++1
.
0e
000.e
0e
1ee2
1ee2
0e
000.e
--2
0e
e10
.
-
-
1e+
1ee2
-
--2
e10
1e-
-
++1
1e
000.e
1e-
abc
1e+
000.e
1e-
.
1e-
1e
e10
abc
1.2.3
-
1ee2
0e
-
000.e
000.e
0e
000.e
000.e
1e
0e
.
1e
-
000.e
1e+
-
abc
e10
e10
+
e10
0e
+
000.e
-
--2
abc
--2
-
e10
1e-
1.2.3
++1
1e
1e-
--2
-
1e+
e10
1e-
1e+
abc
-
1e
1e-
--2
1.2.3
--2
0e
-
1.2.3
-
--2
000.e
1e-
++1
e10
-
--2
.
1e
abc
++1
.
.
1e-
0e
++1
1ee2
.
-
1.2.3
1ee2
.
1ee2
1e-
1.2.3
+
e10
1e
1.2.3
+
1e-
e10
abc
1.2.3
++1
++1
--2
++1
0e
1e-
+
1e-
0e
e10
000.e
-
0e
++1
1e
--2
abc
++1
--2
1e+
1e+
1e-
++1
000.e
1e+
1e-
000.e
1ee2
1e+
e10
1e
-
0e
1e
000.e
++1
e10
1.2.3
--2
.
1e
-
-
.
.
e10
abc
000.e
1e
--2
1ee2
-
++1
-
1ee2
000.e
1e+
+
+
1e+
1ee2
000.e
000.e
+
1e+
++1
--2
e10
e10
++1
000.e
0e
e10
+
abc
000.e
abc
-
1e-
--2
000.e
1e+
1ee2
1ee2
1ee2
000.e
1e
--2
-
++1
1e
abc
1e-
-
--2
-
1e+
e10
.
abc
-
--2
1e-
.
++1
.
1ee2
0e
++1
1ee2
--2
-
1e
1.2.3
++1
++1
+
000.e
0e
.
abc
++1
1e-
000.e
++1
1ee2
++1
000.e
++1
1e-
1e-
--2
1ee2
0e
--2
1.2.3
.
abc
000.e
-
1e+
-
1e-
--2
e10
abc
1e-
-
1e+
-
0e
1e+
++1
+
1e+
1ee2
--2
1e+
--2
e10
.
1.2.3
1e+
--2
1.2.3
abc
.
000.e
1e-
.
--2
++1
++1
-
0e
-
1e
1e+
+
-
1ee2
--2
--2
-
0e
++1
+
0e
.
1.2.3
0e
0e
+
000.e
abc
e10
1e-
--2
1ee2
1e+
0e
000.e
-
1e-
--2
1ee2
0e
000.e
.
1ee2
+
e10
1.2.3
abc
+
--2
1e-
e10
--2
1e+
e10
-
abc
0e
++1
000.e
1ee2
1e
1ee2
1e-
000.e
0e
e10
++1
.
1e-
--2
e10
0e
000.e
000.e
--2
+
abc
+
abc
1ee2
-
1e-
++1
1.2.3
+
.
0e
--2
000.e
-
.
e10
++1
1e+
e10
1ee2
1e-
--2
1e
1.2.3
+
--2
000.e
--2
1e-
e10
1e
1e-
+
++1
++1
abc
1ee2
-
0e
1e+
1.2.3
++1
++1
e10
abc
1.2.3
1.2.3
abc
1e+
000.e
+
1e+
-
-
1e-
1.2.3
1e+
+
1ee2
0e
e10
1e-
1e+
1e-
1e
-
0e
000.e
1.2.3
1e+
1e-
+
000.e
1.2.3
--2
--2
1ee2
+
+
+
abc
1e+
--2
1e-
--2
1e+
--2
+
000.e
1.2.3
e10
1e
1e-
000.e
1e
.
1e-
1ee2
-
1e+
.
1.2.3
1.2.3
1e
++1
e10
e10
abc
1e
1.2.3
--2
1.2.3
1e+
-
.
+
1e-
1e-
++1
1ee2
1ee2
-
1ee2
000.e
+
+
.
000.e
e10
1e-
.
.
abc
000.e
++1
.
0e
1.2.3
1ee2
+
000.e
1e
0e
e10
e10
+
.
-
1e
--2
0e
-
-
1e+
0e
.
1e-
1e
--2
1ee2
1e
1e+
+
-
1.2.3
abc
1ee2
e10
abc
-
abc
--2
e10
1e
.
--2
abc
000.e
000.e
+
++1
1e+
++1
1e-
1e
+
000.e
--2
.
-
1ee2
1ee2
1.2.3
+
abc
1e-
--2
-
1ee2
0e
++1
e10
.
0e
1e
0e
e10
1ee2
e10
1e+
1.2.3
++1
0e
1e+
--2
--2
+
.
1ee2
1e-
++1
0e
1ee2
+
-
1.2.3
--2
0e
1e-
-
+
000.e
--2
+
1e+
--2
+
abc
e10
1ee2
1e
1e-
1.2.3
1.2.3
++1
0e
--2
.
0e
+
.
.
1e
1e
.
.
++1
.
1ee2
-
.
000.e
++1
--2
1e+
e10
+
1e-
1e+
abc
.
1ee2
1e
1.2.3
+
abc
+
000.e
1e
0e
-
1e+
++1
0e
+
0e
-
0e
1e
abc
1e+
+
1e
abc
+
e10
1.2.3
e10
1ee2
-
1e
000.e
1e+
abc
++1
e10
1e+
0e
1e+
abc
1ee2
1e-
+
--2
1e
e10
000.e
+
--2
1e
e10
e10
-
e10
abc
++1
-
abc
1e-
1ee2
000.e
1e+
++1
000.e
e10
.
+
abc
1e-
abc
.
e10
--2
.
abc
1.2.3
1ee2
++1
000.e
1e+
0e
.
0e
-
--2
1e
abc
abc
++1
000.e
+
.
000.e
-
0e
++1
1e+
.
.
++1
1e-
e10
1e-
++1
.
--2
--2
.
++1
1e-
e10
1e+
0e
.
000.e
+
.
--2
.
1ee2
--2
000.e
+
1.2.3
e10
000.e
-
1e
.
1e-
++1
abc
1ee2
e10
1.2.3
0e
-
000.e
-
1.2.3
1e-
abc
1e+
1e-
000.e
1ee2
1ee2
e10
1e
0e
1.2.3
1e-
0e
1.2.3
++1
e10
1e+
--2
+
1.2.3
.
1ee2
++1
1e-
+
1e
1e+
-
0e
e10
abc
e10
--2
.
e10
-
1e-
-
--2
1.2.3
+
+
.
1e+
1e-
000.e
e10
.
++1
1.2.3
--2
1e
0e
000.e
--2
1e+
--2
1.2.3
e10
+
abc
1ee2
e10
1ee2
1e+
000.e
++1
1e+
e10
++1
abc
1e+
1e+
e10
e10
0e
0e
+
1ee2
1.2.3
-
++1
-
1e
-
-
+
0e
.
1e
1e+
.
.
1e-
0e
-
1e-
--2
+
abc
-
+
--2
0e
-
1ee2
-
1e
0e
e10
abc
-
0e
e10
-
-
1e-
--2
--2
--2
++1
abc
1.2.3
000.e
1ee2
.
.
1e
1e
1e+
0e
abc
e10
000.e
1e+
++1
1.2.3
+
1e-
e10
1e
abc
000.e
-
e10
1ee2
1e-
.
1e
+
++1
0e
abc
1e+
++1
0e
.
--2
1e-
1.2.3
1ee2
++1
1e+
--2
++1
1e+
abc
1e
000.e
--2
++1
000.e
1.2.3
1.2.3
1e-
1e+
000.e
0e
1.2.3
-
--2
-
000.e
abc
1e-
1e-
1e
.
1e
1e-
1.2.3
--2
0e
--2
--2
abc
abc
--2
1ee2
0e
e10
e10
--2
0e
.
1ee2
abc
e10
abc
000.e
000.e
1.2.3
1e
1.2.3
1e-
-
abc
e10
1.2.3
1e-
-
-
1e-
1e+
e10
1e
1.2.3
1ee2
1e+
.
1e-
1e
1e
e10
.
+
1e
++1
+
1e-
1e-
e10
0e
abc
.
abc
1e
000.e
1e-
1e-
--2
1.2.3
000.e
+
++1
1e
000.e
--2
1.2.3
abc
1e
1e
000.e
-
e10
.
abc
1.2.3
--2
-
1e
1.2.3
--2
--2
1e+
abc
1.2.3
1e+
--2
1ee2
--2
.
-
1e-
1e+
--2
1e-
000.e
1e
1e-
0e
1ee2
1ee2
1.2.3
000.e
+
-
.
-
1e
e10
0e
1e-
-
--2
000.e
--2
000.e
abc
1.2.3
-
1e+
e10
.
+
+
-
1e-
1ee2
1.2.3
+
0e
1.2.3
-
0e
.
1e
1ee2
++1
000.e
--2
1e
000.e
1.2.3
+
++1
1.2.3
1.2.3
e10
++1
e10
1e-
+
abc
+
1e+
1e+
+
000.e
1ee2
.
1.2.3
--2
1e-
1e
++1
-
1ee2
1ee2
1.2.3
1ee2
1e
--2
1e+
1ee2
1e
abc
abc
abc
.
1e
1e-
0e
+
1e+
-
1e+
abc
1e+
1e
000.e
1e-
1e
-
e10
++1
e10
1ee2
++1
0e
abc
.
1e-
.
0e
-
abc
000.e
000.e
+
++1
1.2.3
--2
1e-
.
1.2.3
e10
0e
-
1e+
+
1e-
.
++1
.
000.e
1ee2
1ee2
1.2.3
1e-
1e-
abc
1.2.3
0e
-
-
+
0e
1e-
+
e10
-
1e-
--2
000.e
+
1e-
1e-
1ee2
1.2.3
++1
abc
++1
1e
+
1ee2
--2
1ee2
1e-
0e
abc
1e+
0e
1e
e10
-
1e-
1ee2
++1
1e+
0e
++1
1ee2
e10
--2
1e-
++1
+
1e-
--2
1.2.3
1e+
abc
.
1e-
000.e
e10
0e
.
0e
++1
.
.
1e+
000.e
.
abc
1e
--2
abc
1e-
1e+
1ee2
+
000.e
1.2.3
-
1.2.3
++1
1e-
++1
--2
1e
e10
.
1ee2
1ee2
e10
1e
1e-
e10
--2
1e
abc
--2
1ee2
+
e10
--2
1e-
1ee2
1e+
abc
+
1ee2
1e-
--2
abc
abc
.
++1
1ee2
.
1e-
e10
-
000.e
.
e10
-
-
1e+
1e-
abc
1e-
1e+
0e
++1
+
+
1e
-
0e
e10
1e-
1e-
000.e
++1
+
.
1.2.3
.
-
++1
abc
e10
e10
1e+
.
000.e
abc
++1
000.e
++1
1.2.3
abc
1e+
--2
++1
1e
--2
1e-
1e-
0e
1e
.
1e-
+
1ee2
abc
1e-
--2
+
+
1e+
1.2.3
.
.
abc
e10
--2
000.e
1e+
1e-
-
++1
-
++1
e10
+
1e-
++1
1e-
1.2.3
1e-
1e
.
1ee2
1e-
1e
1.2.3
1e
0e
--2
0e
1e+
1ee2
--2
abc
abc
++1
++1
--2
--2
1e-
-
1e-
.
1.2.3
1e+
--2
abc
1e-
+
abc
1e
-
+
1ee2
-
++1
e10
1ee2
.
--2
1e
e10
abc
1e+
++1
-
+
abc
abc
--2
0e
++1
000.e
1e+
e10
000.e
1.2.3
--2
0e
--2
--2
1e+
0e
.
-
1e-
.
abc
-
000.e
1.2.3
000.e
1e
e10
1e+
1e
1e+
++1
+
-
000.e
++1
abc
000.e
+
000.e
+
abc
1e+
--2
1e
1e+
.
1e-
1.2.3
++1
1.2.3
+
++1
-
.
.
0e
++1
e10
e10
1.2.3
1e+
.
1.2.3
++1
++1
1e+
1e+
1.2.3
1e+
.
++1
++1
abc
1e+
1ee2
0e
000.e
1.2.3
e10
.
1ee2
1ee2
+
.
0e
+
1e+
--2
0e
000.e
0e
1e+
1e
++1
1e+
--2
++1
++1
1.2.3
1e+
1ee2
--2
1e
abc
+
.
.
e10
1e
0e
000.e
++1
--2
e10
e10
1ee2
++1
--2
0e
.
000.e
.
0e
abc
--2
1ee2
--2
.
1e
.
1ee2
+
+
0e
1e-
.
-
1ee2
.
+
--2
abc
e10
0e
000.e
abc
++1
1e+
1e
0e
1e
1.2.3
1e
e10
1e+
1ee2
000.e
1e
1e+
.
--2
1ee2
--2
1e
1ee2
abc
1ee2
e10
abc
e10
1ee2
1e
1e-
1e
+
1.2.3
000.e
abc
000.e
1e-
000.e
0e
.
1e+
1e+
--2
1.2.3
abc
0e
0e
1e
--2
0e
e10
abc
000.e
.
1e+
.
abc
.
--2
+
+
e10
1e
1ee2
abc
0e
1e-
1e+
.
000.e
--2
e10
1e
0e
+
0e
1e-
++1
000.e
abc
1e-
1e
abc
e10
1e-
e10
abc
1e+
1e
+
-
.
.
++1
.
1e
abc
1.2.3
e10
abc
000.e
.
abc
000.e
1ee2
+
000.e
1e-
1ee2
e10
000.e
1e-
+
.
-
abc
-
-
+
1e
1ee2
0e
++1
0e
e10
+
e10
1e-
1e-
abc
abc
.
0e
1.2.3
e10
000.e
+
.
0e
.
0e
1ee2
1.2.3
--2
++1
-
-
1e
-
--2
1e+
--2
abc
-
1e
+
--2
1e-
+
--2
--2
abc
1e+
000.e
1e+
++1
+
+
0e
--2
-
1ee2
-
--2
+
++1
--2
++1
e10
.
1.2.3
1.2.3
-
e10
1.2.3
-
000.e
0e
0e
1ee2
.
-
0e
1.2.3
e10
1.2.3
1.2.3
0e
1e+
1e
000.e
1e
e10
1.2.3
1e+
--2
--2
1e-
1.2.3
+
1ee2
+
++1
-
0e
++1
1e
e10
e10
1.2.3
.
1e
1e-
1.2.3
1ee2
1ee2
1e+
1ee2
.
abc
+
++1
.
++1
abc
+
0e
e10
+
1.2.3
1e+
abc
1e
1e-
--2
.
e10
000.e
000.e
1e
1ee2
+
1e
+
000.e
-
0e
0e
0e
++1
1e
-
++1
++1
1e+
1.2.3
+
-
abc
--2
1e
1e+
--2
-
0e
+
-
e10
-
1e-
++1
abc
.
e10
--2
1.2.3
1.2.3
1ee2
abc
++1
0e
+
-
e10
+
.
1ee2
1.2.3
1.2.3
e10
1.2.3
1ee2
1e
1e-
.
1e
1ee2
++1
.
1e
1e+
--2
++1
++1
1e+
+
0e
1e
e10
e10
.
1.2.3
e10
--2
-
1.2.3
0e
000.e
+
1e-
000.e
0e
e10
1ee2
1ee2
1e+
1.2.3
1e-
1ee2
1ee2
+
e10
1e+
+
+
1.2.3
.
1e+
0e
++1
1e
++1
e10
-
-
+
abc
.
+
++1
.
--2
0e
++1
-
--2
1e+
1.2.3
e10
.
--2
abc
1.2.3
1e
1e+
0e
abc
1ee2
1ee2
000.e
++1
1e+
-
000.e
1e+
1ee2
--2
+
+
1.2.3
0e
-
000.e
1ee2
1e
+
1ee2
.
e10
000.e
1e
+
1e
.
1e-
abc
+
++1
0e
-
000.e
--2
.
abc
000.e
+
1.2.3
1ee2
abc
+
e10
0e
1e-
.
000.e
+
1e+
1e
1.2.3
+
--2
+
1ee2
e10
.
e10
000.e
-
1ee2
+
-
1e
--2
000.e
000.e
abc
1.2.3
++1
--2
1.2.3
+
1e
-
1e
--2
++1
000.e
1e-
--2
-
1e
1.2.3
+
+
1ee2
.
1e-
1e
e10
1e+
1.2.3
1e
abc
+
-
abc
-
1e-
e10
1e+
+
0e
abc
1e-
1e-
e10
++1
--2
1e
--2
1.2.3
--2
-
+
e10
--2
1.2.3
1ee2
1ee2
1e-
+
0e
1ee2
++1
1e
.
0e
e10
--2
++1
0e
e10
--2
000.e
.
1e-
--2
.
abc
abc
0e
++1
1e-
1.2.3
000.e
abc
--2
-
abc
1ee2
000.e
1e+
0e
+
1e+
0e
1e
.
000.e
+
1e+
-
++1
0e
1e+
++1
0e
1e+
++1
--2
e10
abc
1e+
1.2.3
abc
000.e
++1
.
000.e
.
-
0e
1.2.3
1ee2
+
000.e
+
1ee2
1.2.3
000.e
0e
1.2.3
1e+
+
000.e
-
abc
-
000.e
.
1e
1ee2
--2
e10
1e-
-
0e
e10
e10
abc
0e
.
1e
1ee2
0e
000.e
1e
++1
abc
1e+
1.2.3
1.2.3
abc
0e
e10
1e+
--2
1e-
--2
++1
1ee2
-
0e
0e
--2
1e+
1.2.3
1e-
1ee2
1.2.3
++1
1e-
1.2.3
--2
1e-
+
.
-
e10
abc
1e+
1e
1ee2
0e
000.e
--2
1ee2
1e-
abc
++1
e10
0e
--2
0e
1e-
-
abc
-
++1
1e
1e
--2
++1
abc
abc
1e+
1ee2
1e-
e10
1e
++1
1e
1e-
-
0e
abc
1ee2
++1
--2
-
++1
.
1.2.3
++1
1e-
1e-
.
-
++1
++1
--2
++1
.
e10
000.e
0e
1.2.3
1.2.3
-
1e-
++1
-
1e
000.e
e10
1e+
1e+
1.2.3
1.2.3
++1
1e-
abc
000.e
--2
1.2.3
--2
e10
1e-
--2
000.e
1e
0e
+
000.e
+
-
-
1e
0e
1e
++1
+
0e
1e
1ee2
0e
1.2.3
+
-
.
abc
000.e
e10
-
1e
abc
1e-
.
1e
1e-
1e+
.
e10
1.2.3
--2
000.e
+
++1
e10
1e+
+
--2
.
1e+
++1
++1
+
1e-
e10
++1
1.2.3
abc
1ee2
1e-
.
-
0e
abc
++1
1ee2
1e-
--2
1e-
000.e
e10
1e
e10
abc
1e-
+
000.e
e10
abc
1.2.3
1.2.3
+
1.2.3
000.e
+
000.e
+
1e-
.
1e
++1
1e
000.e
-
1.2.3
abc
-
e10
1ee2
1ee2
1ee2
abc
0e
-
1e
++1
abc
++1
1e
1e+
1.2.3
1e-
1e+
-
abc
e10
1e
-
1e-
1e-
1e
+
--2
1.2.3
1ee2
-
.
1e
-
1.2.3
1e+
--2
1ee2
1e-
1e+
1e
--2
1ee2
1e
1e+
1.2.3
1e-
+
--2
1ee2
e10
++1
e10
1e+
1ee2
++1
1ee2
abc
.
000.e
1.2.3
++1
--2
+
+
1e
1.2.3
1e-
-
+
++1
1.2.3
1e
1e+
1.2.3
abc
1e-
1e
-
e10
1ee2
abc
--2
1e
--2
1ee2
1.2.3
e10
1e-
++1
-
1ee2
e10
--2
1e-
0e
1e-
e10
0e
+
0e
1ee2
1e-
--2
1.2.3
1e+
1ee2
000.e
+
.
+
e10
1.2.3
1.2.3
0e
e10
0e
1e-
++1
e10
abc
-
++1
0e
1e
--2
.
0e
1e
++1
-
+
-
--2
+
1e-
-
1e-
.
1e
--2
.
.
000.e
1e
-
e10
1e+
e10
--2
1.2.3
1e+
.
-
000.e
++1
.
0e
1e+
++1
0e
1e
.
.
1e
--2
++1
1.2.3
.
--2
000.e
-
1e+
000.e
++1
++1
0e
1.2.3
0e
-
++1
abc
1e-
++1
1.2.3
.
e10
e10
+
--2
+
--2
1e-
.
1ee2
1.2.3
1e+
e10
--2
000.e
000.e
.
abc
.
abc
--2
++1
1ee2
000.e
1e+
1e+
1.2.3
.
+
1ee2
abc
-
++1
+
.
.
++1
000.e
-
e10
1e
++1
0e
1.2.3
1.2.3
+
.
1e
+
e10
++1
.
e10
1e-
1ee2
e10
1e-
1.2.3
-
1e-
000.e
--2
1.2.3
e10
--2
1e
1e+
1e
abc
++1
abc
-
e10
1ee2
1e
0e
1e-
0e
000.e
000.e
1ee2
e10
1e
e10
+
0e
0e
+
+
e10
-
-
1e+
.
000.e
--2
++1
1.2.3
.
1e+
0e
1e-
-
1e
1e
1e-
1.2.3
e10
0e
--2
--2
1e
1.2.3
.
-
000.e
1e-
--2
++1
000.e
.
1.2.3
abc
.
--2
1.2.3
++1
-
abc
0e
1e
1e+
1e-
++1
1ee2
++1
abc
e10
1e+
abc
1e-
1.2.3
1.2.3
000.e
-
000.e
-
0e
1.2.3
.
abc
.
1ee2
1ee2
e10
1e-
1ee2
1.2.3
1e
-
1e
+
-
1ee2
1e-
+
.
000.e
.
--2
000.e
abc
abc
abc
1e
e10
1e-
1.2.3
abc
+
+
1e+
--2
abc
0e
1ee2
e10
++1
1e+
e10
-
abc
--2
-
-
0e
1e
1e+
1e
--2
1ee2
+
1e
1e+
1ee2
1e+
000.e
+
.
e10
abc
.
000.e
e10
1ee2
000.e
1e+
+
1ee2
1e+
e10
1ee2
1e+
1e
.
1e+
e10
1e-
1ee2
+
--2
e10
1e-
--2
1ee2
abc
--2
e10
abc
+
000.e
0e
0e
1e
--2
0e
1e-
1.2.3
000.e
--2
.
000.e
e10
1e
--2
1e
1e
1e
1e+
000.e
--2
1e+
.
e10
1.2.3
abc
++1
0e
1ee2
1e-
+
1ee2
abc
--2
1e+
0e
1e+
1e+
.
1e+
e10
--2
1.2.3
000.e
1ee2
000.e
+
-
++1
1e
-
-
1e+
1e-
1e
++1
000.e
1e
1ee2
.
+
1e-
0e
-
1ee2
1e-
-
1e
-
1e+
.
1e+
1e+
+
+
+
1ee2
++1
abc
abc
abc
000.e
0e
0e
--2
0e
.
.
--2
+
abc
000.e
1.2.3
.
++1
0e
1.2.3
000.e
1e+
000.e
.
.
0e
-
1ee2
abc
--2
1e
abc
000.e
0e
1e-
abc
--2
-
1.2.3
1ee2
-
--2
1e-
1e-
e10
--2
1e+
1.2.3
e10
1e-
e10
1e-
++1
1ee2
1ee2
0e
1e+
1e-
000.e
1e+
000.e
-
1e+
.
.
.
-
1ee2
1e-
--2
abc
1e+
++1
.
1e-
000.e
.
--2
.
-
e10
++1
++1
1ee2
e10
.
+
-
e10
.
1e
1ee2
e10
++1
++1
-
1e
--2
0e
1e-
1e
+
000.e
++1
.
1.2.3
1e
.
1e
-
-
1.2.3
1e-
1e+
1e-
abc
--2
++1
e10
0e
++1
1.2.3
e10
1e
++1
e10
0e
e10
1.2.3
1ee2
0e
-
000.e
1ee2
1e
-
1e-
-
abc
abc
1.2.3
1ee2
-
-
1e+
1ee2
--2
000.e
--2
1.2.3
-
-
1e
000.e
-
++1
1e
1ee2
--2
--2
++1
0e
1ee2
--2
1e+
1e
+
--2
0e
abc
1e+
++1
1.2.3
+
e10
--2
1e-
000.e
abc
1ee2
1ee2
000.e
--2
--2
--2
++1
1e
1e+
1ee2
.
-
abc
++1
e10
000.e
.
+
1e-
++1
1e-
.
e10
1e
e10
+
1e+
++1
+
1e-
000.e
--2
1e+
1e
1e
0e
1ee2
1.2.3
1e-
0e
abc
++1
1e-
1.2.3
000.e
.
-
abc
1e+
--2
0e
1e-
abc
1e+
000.e
1e-
--2
+
1.2.3
++1
1.2.3
--2
1.2.3
.
++1
000.e
+
1e
000.e
++1
-
1e-
+
1.2.3
e10
++1
1e
--2
+
abc
+
1e+
000.e
0e
1e-
1e+
1e
000.e
e10
1e-
0e
1e+
--2
+
--2
--2
abc
abc
0e
0e
1e
1e
abc
--2
1e-
-
abc
e10
+
++1
.
.
abc
e10
000.e
++1
0e
000.e
1e-
1ee2
++1
1e
e10
++1
-
--2
1.2.3
.
+
.
-
abc
1ee2
000.e
1e-
--2
000.e
1e-
++1
1.2.3
1e
1.2.3
++1
1e
-
000.e
-
1e-
1e-
abc
1.2.3
-
1e
1e
1.2.3
1e+
000.e
e10
000.e
1e-
1e-
e10
+
1ee2
1.2.3
1ee2
1e-
1e
+
abc
1ee2
-
.
+
abc
abc
-
1e-
1.2.3
1.2.3
+
000.e
--2
1ee2
1e
e10
+
+
.
1e
1e
1e
1e-
+
++1
-
abc
+
-
abc
0e
e10
000.e
+
1.2.3
-
.
e10
++1
1e-
.
--2
e10
+
++1
1e
1.2.3
0e
1e-
0e
.
1ee2
1.2.3
++1
1e-
1e+
1.2.3
.
--2
1e+
e10
1e
1e+
+
abc
1e
000.e
1e-
1.2.3
1ee2
000.e
++1
1.2.3
-
e10
1e-
1e
.
e10
--2
1e
abc
1.2.3
e10
0e
e10
++1
000.e
1e-
1.2.3
1ee2
1ee2
1.2.3
1.2.3
e10
1e+
-
1.2.3
--2
abc
1e-
1e
+
1e-
1e
0e
1e
1ee2
+
abc
--2
--2
--2
-
1e
1e-
000.e
.
1e+
1.2.3
++1
--2
1.2.3
++1
1e-
--2
--2
-
1ee2
-
1ee2
--2
1.2.3
--2
++1
-
0e
.
++1
1e
1ee2
abc
1e+
.
.
--2
e10
.
++1
1ee2
--2
1ee2
1e-
1e-
1e+
1ee2
1e
1.2.3
+
abc
000.e
--2
1ee2
+
1ee2
++1
-
1ee2
++1
--2
1e
000.e
e10
1e-
0e
1e
-
++1
000.e
1e-
000.e
+
000.e
1e+
1ee2
-
abc
1.2.3
++1
e10
.
.
++1
.
++1
1e
e10
--2
--2
1ee2
+
1e+
+
1e+
e10
.
abc
abc
.
1e-
.
1e+
1ee2
--2
000.e
0e
.
abc
1.2.3
--2
0e
.
1ee2
abc
e10
--2
1e-
-
1ee2
1.2.3
abc
1.2.3
+
1e+
e10
+
abc
1e
1e+
1ee2
+
1.2.3
abc
1ee2
1e
--2
1ee2
000.e
e10
+
-
++1
000.e
000.e
--2
.
1e-
abc
--2
abc
0e
000.e
1e-
-
e10
--2
1e-
1.2.3
1e+
0e
--2
++1
.
1.2.3
000.e
-
000.e
--2
-
1.2.3
--2
1e-
abc
--2
1e-
1e+
--2
1.2.3
++1
.
1.2.3
+
1e+
1e
.
1.2.3
.
1.2.3
1.2.3
1e
--2
1e
1e
--2
0e
e10
0e
0e
+
--2
1e+
abc
1e+
++1
1e+
abc
++1
1e-
-
0e
++1
e10
-
0e
1ee2
-
1e-
1e
++1
1.2.3
1ee2
1e
abc
000.e
.
++1
--2
0e
1e
++1
000.e
abc
1.2.3
-
.
0e
--2
0e
-
000.e
1e
+
1.2.3
++1
.
.
+
1ee2
.
1e
0e
.
--2
000.e
1e+
.
1ee2
0e
abc
1e-
1.2.3
e10
-
0e
e10
000.e
1e
-
1e+
1e+
000.e
1e+
e10
-
1.2.3
e10
-
.
1ee2
000.e
.
abc
1e
-
-
1.2.3
1e
e10
.
++1
0e
-
1ee2
e10
1e-
0e
abc
abc
1e
+
1e+
1e+
-
+
.
1e
1e
1ee2
1ee2
1e-
1e-
.
1e+
1e-
abc
1ee2
0e
1.2.3
1e-
1e-
-
000.e
abc
-
-
0e
1ee2
0e
1ee2
1ee2
1e-
.
-
++1
1e
1ee2
.
abc
1e
1ee2
++1
-
1.2.3
-
1.2.3
0e
e10
+
000.e
+
1e+
000.e
0e
+
1e+
-
--2
1e
--2
1e-
++1
1.2.3
e10
1e-
abc
e10
1.2.3
-
1.2.3
e10
.
++1
e10
+
1.2.3
--2
e10
+
-
+
--2
1.2.3
1.2.3
1ee2
++1
1e
1e+
-
e10
1.2.3
.
1e-
abc
1e+
0e
++1
e10
--2
1e-
e10
+
+
.
1e+
e10
++1
1e
e10
1e
1ee2
+
1ee2
0e
1ee2
e10
1e
1e+
1ee2
1.2.3
.
1e+
++1
0e
0e
1e
1e-
--2
++1
1.2.3
e10
1e+
abc
1ee2
1ee2
e10
-
1e
1.2.3
++1
000.e
abc
1e-
1e
000.e
.
-
1e+
-
-
-
.
e10
abc
0e
--2
abc
1ee2
--2
0e
.
e10
0e
-
000.e
.
000.e
1e+
1.2.3
1.2.3
000.e
1e-
--2
--2
000.e
++1
000.e
000.e
abc
+
1e
--2
.
--2
000.e
.
e10
1e
000.e
abc
abc
--2
--2
-
e10
++1
000.e
1e
abc
+
--2
1e
.
1e-
+
abc
1.2.3
-
1ee2
.
000.e
--2
1e-
0e
e10
.
1ee2
000.e
1ee2
-
abc
1e+
000.e
e10
1e
1.2.3
abc
1ee2
1ee2
--2
++1
1e
+
1e+
-
0e
1ee2
000.e
+
1.2.3
e10
1e+
1e
++1
++1
1e
++1
1e+
-
abc
0e
1e+
1e-
1.2.3
+
1e+
1e
abc
-
++1
e10
e10
000.e
1.2.3
1ee2
abc
1.2.3
abc
1.2.3
++1
1ee2
1e+
1e+
1.2.3
-
1.2.3
abc
1e-
1e
--2
1ee2
1ee2
++1
+
1ee2
1e-
abc
abc
0e
1.2.3
e10
++1
1.2.3
.
000.e
--2
-
e10
-
1.2.3
0e
1ee2
-
e10
000.e
1e+
abc
0e
0e
+
1e
0e
0e
abc
1.2.3
1e-
1e
e10
1e+
1e
000.e
0e
e10
e10
0e
abc
000.e
0e
0e
1e
abc
1e+
abc
1ee2
1.2.3
+
.
1e-
1e
abc
1.2.3
000.e
1e
abc
1ee2
1e+
abc
.
.
abc
1e
abc
000.e
+
-
0e
000.e
1e+
.
1e-
+
1e-
1.2.3
0e
0e
1ee2
1e-
+
+
--2
.
1e
-
1e
000.e
-
abc
.
1ee2
0e
.
1e
1e
abc
abc
.
0e
++1
1.2.3
.
+
1ee2
--2
++1
1e-
--2
--2
abc
--2
1e+
.
--2
0e
.
++1
e10
1e+
0e
1e
--2
1e
1ee2
+
++1
.
-
1.2.3
--2
0e
e10
++1
++1
1ee2
abc
+
+
1ee2
1e-
000.e
1e+
000.e
1.2.3
1e-
0e
+
0e
000.e
1e
0e
e10
--2
000.e
1e-
0e
1e-
0e
0e
-
0e
1.2.3
1e+
++1
-
abc
1e-
000.e
1e+
1e-
++1
--2
1e-
1ee2
1.2.3
1e+
000.e
0e
abc
++1
--2
1e-
++1
1e
1e+
--2
000.e
000.e
000.e
--2
+
0e
+
.
1e
1ee2
--2
+
000.e
abc
1ee2
-
1e
e10
--2
.
-
++1
1e-
+
1e
1e
abc
+
+
--2
1.2.3
+
abc
e10
1.2.3
1e
0e
1.2.3
++1
.
1e
.
-
abc
0e
1ee2
1.2.3
-
0e
1.2.3
1e-
1e-
1e-
-
1e-
1e+
e10
1e-
e10
-
e10
0e
+
000.e
--2
0e
-
0e
1.2.3
-
--2
.
000.e
1e
++1
1.2.3
--2
1ee2
0e
-
000.e
--2
e10
-
1.2.3
+
++1
.
1e+
000.e
0e
1e
1.2.3
++1
1e+
++1
abc
1.2.3
1.2.3
1.2.3
0e
e10
1e-
+
0e
abc
abc
1e+
1.2.3
e10
+
1e
1ee2
1e
1e-
--2
++1
1e
000.e
.
++1
++1
-
1.2.3
e10
1e+
abc
1.2.3
1e-
1e-
.
000.e
--2
1e+
000.e
++1
0e
++1
--2
--2
0e
.
e10
1e
1.2.3
.
0e
abc
1.2.3
abc
+
1.2.3
+
++1
1.2.3
000.e
0e
e10
1.2.3
abc
e10
+
+
0e
000.e
+
1e
1e
-
1e-
1e
1e
abc
1e
-
1ee2
0e
1e+
0e
++1
1e-
.
1ee2
1.2.3
1e-
+
.
1ee2
1.2.3
000.e
1e+
1e-
.
e10
abc
--2
1e
++1
e10
e10
--2
1e+
--2
++1
0e
-
1ee2
000.e
1e
e10
--2
000.e
1ee2
++1
-
1e+
000.e
.
1e-
1e-
0e
1.2.3
++1
1e-
-
1.2.3
e10
e10
abc
1e-
1ee2
1e-
+
.
1e-
1e
0e
1ee2
++1
++1
.
e10
0e
1e+
.
1ee2
-
.
-
.
--2
e10
1e-
0e
1e
e10
-
1e+
abc
+
+
++1
+
--2
-
+
1e+
1ee2
1.2.3
--2
1.2.3
.
abc
1e+
1ee2
1e
1e+
--2
000.e
-
1e
1ee2
000.e
1.2.3
e10
--2
--2
--2
-
000.e
abc
--2
1e
1.2.3
1e-
--2
1ee2
0e
000.e
e10
+
1ee2
--2
1e
--2
000.e
--2
e10
+
1e
.
000.e
+
1e+
1ee2
1e
abc
1.2.3
1e+
0e
000.e
1e+
000.e
+
1e+
0e
1.2.3
1e-
1e+
1.2.3
+
1ee2
0e
1e
0e
e10
000.e
1ee2
.
.
1e-
1e
--2
.
1e-
abc
++1
1ee2
1ee2
++1
.
.
++1
1ee2
1e
+
1e+
-
1e-
1ee2
+
+
++1
1ee2
000.e
1e-
1.2.3
1e-
1e-
0e
+
1e
000.e
000.e
+
e10
1e
++1
1e-
e10
1e+
1.2.3
1.2.3
000.e
++1
e10
0e
e10
+
+
++1
abc
e10
1.2.3
1e+
e10
.
+
+
+
++1
000.e
+
000.e
0e
.
--2
abc
1e-
--2
1ee2
0e
+
1e
1.2.3
1.2.3
1ee2
++1
0e
+
1e+
+
1e-
+
1e-
1ee2
000.e
1.2.3
e10
1ee2
1e+
++1
1e+
1e+
.
++1
1ee2
1e-
--2
-
--2
1.2.3
-
+
1.2.3
0e
1e-
000.e
000.e
1e
1e-
.
0e
1e
e10
abc
0e
1e+
.
1e+
++1
1ee2
1e+
1.2.3
+
1e
abc
1e-
+
1e
1e
000.e
000.e
1e+
abc
abc
0e
1e
-
1ee2
1e
1e-
-
--2
abc
000.e
e10
1e
abc
--2
abc
1ee2
1e-
1e
-
1.2.3
1e-
-
1e+
e10
0e
++1
abc
1ee2
1ee2
+
1e
1e-
1e
000.e
0e
.
0e
1e-
+
e10
1e
--2
000.e
1e
1e+
+
-
-
+
0e
--2
1e+
+
-
1e+
abc
e10
1.2.3
1ee2
--2
--2
000.e
+
e10
abc
.
1e-
1e
--2
1e+
.
000.e
000.e
1ee2
.
1e+
1e
000.e
1ee2
.
0e
0e
1e+
1e+
e10
abc
-
1ee2
.
1e+
abc
000.e
1e
0e
-
1ee2
1e+
0e
1ee2
000.e
1e+
.
1e-
1ee2
-
e10
1e
0e
-
-
--2
1ee2
+
1e
--2
+
.
e10
1ee2
1e
1.2.3
1e+
--2
1e+
1ee2
000.e
++1
1e-
++1
e10
1.2.3
-
0e
000.e
+
+
1e+
1e
000.e
++1
--2
e10
abc
--2
--2
1.2.3
++1
0e
0e
1e+
+
--2
-
abc
1e+
.
1ee2
--2
0e
-
--2
0e
--2
1e+
1ee2
1e+
abc
.
.
.
000.e
abc
1e-
--2
++1
1.2.3
++1
0e
abc
-
000.e
000.e
+
1e
abc
e10
--2
.
-
1e-
1ee2
1e+
1e+
1e-
1e+
++1
1e
1ee2
.
1e+
000.e
0e
+
1e
000.e
000.e
1.2.3
+
+
1e
+
1ee2
e10
abc
1e-
abc
+
1e+
--2
-
--2
1e+
0e
--2
abc
0e
000.e
--2
e10
1e
1e-
.
0e
+
++1
e10
+
1ee2
abc
+
.
1ee2
abc
000.e
1e
--2
1.2.3
1e-
1.2.3
--2
-
0e
1ee2
000.e
1.2.3
0e
1e-
1e-
abc
1.2.3
000.e
1e
-
1e-
1e
1ee2
+
1e-
000.e
1e+
1e-
+
1e+
.
e10
+
.
1e
.
1e-
e10
1e
+
1e+
000.e
-
1e-
000.e
--2
1e-
--2
++1
+
000.e
.
1e
1e-
1e+
+
+
0e
++1
e10
0e
0e
+
.
1e+
-
.
abc
0e
1.2.3
0e
e10
-
.
000.e
e10
1e-
-
++1
1e
+
1.2.3
1e
.
abc
0e
--2
-
+
e10
--2
abc
+
1ee2
--2
+
1ee2
1e+
1e+
1e
1e
1ee2
.
.
abc
--2
+
e10
000.e
000.e
+
+
e10
1.2.3
1.2.3
1.2.3
000.e
0e
1.2.3
1e
--2
+
--2
1.2.3
-
--2
e10
1.2.3
abc
1e
e10
1.2.3
+
e10
--2
+
+
--2
1.2.3
000.e
-
1e+
++1
+
+
abc
--2
1e
++1
1e-
e10
1ee2
+
e10
1e-
.
e10
.
++1
+
1e
1ee2
1e+
1ee2
1ee2
+
1.2.3
.
.
--2
--2
1e-
.
000.e
1ee2
+
-
1.2.3
++1
--2
+
++1
1.2.3
000.e
1ee2
0e
1e
1e+
+
1.2.3
1ee2
1ee2
1e+
e10
-
+
000.e
1e+
1e-
1e+
--2
++1
abc
abc
1e
--2
e10
0e
abc
1.2.3
e10
.
e10
.
e10
1e+
1e-
000.e
1.2.3
+
000.e
abc
1e-
1e-
-
abc
0e
1.2.3
--2
1ee2
e10
1e
0e
.
1e-
-
0e
-
1ee2
-
1ee2
1e
000.e
0e
+
-
.
1e+
1.2.3
000.e
1e-
1e+
+
1e-
1e-
1e
000.e
1e
1e-
1e+
000.e
000.e
.
1e
.
1e
--2
1e-
--2
--2
+
1e-
e10
++1
-
e10
1e
e10
0e
1.2.3
000.e
-
1e
+
e10
1e-
000.e
0e
.
1ee2
++1
1e-
-
--2
000.e
++1
e10
1.2.3
--2
1ee2
0e
000.e
1e+
e10
--2
.
--2
1ee2
e10
0e
-
++1
1ee2
1e-
--2
1ee2
++1
abc
++1
0e
-
000.e
.
.
+
1e
1e
.
e10
+
abc
0e
1.2.3
.
1e-
0e
1.2.3
0e
e10
0e
1.2.3
.
--2
0e
-
--2
++1
0e
1ee2
0e
++1
000.e
.
abc
1e-
000.e
.
abc
1.2.3
0e
.
+
1e-
e10
-
1e-
1ee2
+
1e-
--2
+
--2
e10
0e
1e
++1
++1
++1
abc
0e
1ee2
--2
1.2.3
e10
1e
--2
1.2.3
0e
.
1e+
1e-
e10
-
1.2.3
.
e10
+
--2
abc
1e-
--2
1e
abc
1e
1e+
0e
++1
1e
abc
--2
.
1e+
1ee2
.
.
++1
1e-
e10
1e-
000.e
1e-
0e
1e+
.
abc
.
000.e
abc
-
1ee2
1ee2
-
--2
--2
abc
+
1e+
--2
++1
e10
--2
e10
1.2.3
-
e10
1e-
e10
1e-
000.e
+
-
0e
1e+
--2
1.2.3
-
1e-
1e
1e
.
1e-
1e+
1.2.3
1e+
0e
e10
-
0e
-
-
abc
1ee2
e10
++1
0e
abc
-
+
1e-
++1
1e
abc
1e-
1ee2
+
.
abc
0e
.
-
e10
--2
.
1e
1.2.3
1e+
abc
1ee2
-
1e
1e+
e10
0e
-
.
1ee2
1e
e10
-
1ee2
abc
abc
-
++1
e10
-
1ee2
+
1ee2
e10
abc
0e
1e+
1.2.3
++1
1e
-
--2
e10
1.2.3
1e
1e-
-
1ee2
-
1e+
0e
1e-
++1
1.2.3
0e
++1
--2
1e-
1e-
1.2.3
1e-
+
0e
.
1e+
e10
1ee2
+
1.2.3
abc
1e+
.
1e-
1.2.3
--2
+
+
0e
1e-
1ee2
abc
.
1e+
+
1e-
1e
--2
.
++1
++1
abc
1.2.3
-
1e-
abc
.
.
1e+
e10
--2
abc
1ee2
-
1e
1e+
abc
+
1e
1e+
++1
++1
abc
1ee2
abc
abc
-
1e
000.e
000.e
abc
+
1e+
1e-
++1
-
e10
000.e
++1
.
--2
+
-
e10
1.2.3
+
000.e
1e+
000.e
1ee2
1.2.3
-
e10
abc
1.2.3
--2
-
1.2.3
--2
1e+
+
abc
abc
.
--2
1e
0e
1e+
abc
.
000.e
+
++1
0e
.
1e
1e-
abc
abc
1e-
++1
1e-
++1
-
.
1ee2
000.e
+
1ee2
1ee2
--2
-
1e+
1.2.3
1e-
0e
abc
++1
000.e
1.2.3
1ee2
.
0e
.
++1
1.2.3
1e
abc
++1
-
1e+
000.e
--2
000.e
0e
000.e
1ee2
1e-
000.e
++1
abc
abc
000.e
1.2.3
000.e
--2
0e
0e
+
--2
.
--2
+
--2
1ee2
1e-
1e+
000.e
1.2.3
e10
1ee2
+
1e+
1e-
000.e
e10
abc
++1
0e
e10
+
1e+
++1
1e+
e10
.
1ee2
abc
0e
0e
+
0e
1.2.3
000.e
abc
1ee2
++1
0e
--2
++1
--2
++1
1e
-
++1
.
1e-
1ee2
1e
1e+
1ee2
000.e
--2
abc
1e+
1.2.3
000.e
-
1e-
1e
-
1.2.3
000.e
+
++1
++1
e10
1e+
1.2.3
0e
.
abc
1ee2
.
000.e
1e-
1e
1e
abc
1.2.3
1e
++1
++1
abc
1.2.3
1e+
++1
1ee2
+
+
0e
abc
-
+
.
+
000.e
0e
++1
000.e
0e
1e-
abc
++1
-
1.2.3
--2
1e+
1.2.3
1ee2
1e+
abc
abc
++1
+
1ee2
+
1e
1.2.3
1e
++1
1.2.3
1e
-
1ee2
abc
1ee2
1e
1ee2
0e
abc
1ee2
1.2.3
abc
+
-
1e
--2
1e+
+
1e
1e+
+
000.e
++1
.
--2
1e-
e10
+
0e
1e-
0e
e10
1ee2
--2
1e-
abc
0e
1e-
000.e
1e+
0e
1e+
+
1e
abc
000.e
0e
--2
-
1e-
e10
0e
0e
1e+
++1
1e
abc
.
--2
.
1e
000.e
000.e
0e
1.2.3
1e+
.
0e
000.e
--2
--2
1e
000.e
000.e
1.2.3
1e-
.
.
1ee2
abc
1e
1e
++1
1e+
1ee2
1e-
e10
1e
abc
1e
1e-
1ee2
0e
e10
.
+
1.2.3
1e
1ee2
-
1.2.3
abc
1e+
++1
++1
-
1e+
.
1e+
000.e
.
1ee2
1.2.3
1.2.3
+
++1
1e+
1.2.3
0e
1.2.3
.
--2
+
e10
1e-
.
++1
0e
++1
1e+
abc
1e-
1e+
++1
1e+
abc
1e-
++1
0e
0e
1.2.3
abc
e10
0e
--2
+
+
+
000.e
abc
-
e10
abc
0e
+
abc
000.e
e10
+
--2
1e
--2
++1
1e-
.
abc
+
1ee2
++1
000.e
e10
1ee2
0e
++1
++1
++1
-
000.e
e10
1.2.3
1e+
1e+
1.2.3
++1
.
--2
abc
+
--2
1.2.3
--2
0e
1.2.3
e10
1.2.3
-
1ee2
1ee2
++1
000.e
1.2.3
1e
1e
0e
++1
1ee2
++1
000.e
abc
--2
+
1e
e10
000.e
1.2.3
1e-
1e+
000.e
--2
1e-
--2
--2
1e-
e10
1e
1ee2
1e+
1e
.
1.2.3
.
1e-
.
1ee2
1e-
.
1e-
1ee2
++1
--2
+
0e
.
-
1.2.3
+
000.e
abc
.
e10
1e
1ee2
.
-
+
--2
1ee2
0e
-
+
1e
0e
1.2.3
1e
+
1ee2
abc
abc
--2
+
1e-
++1
e10
1ee2
.
--2
-
1e
abc
1e
1.2.3
.
.
abc
1e+
e10
+
1ee2
-
.
1e
++1
-
.
--2
1ee2
1.2.3
e10
e10
1ee2
.
e10
0e
000.e
--2
1e
1e-
-
1e-
1e
++1
1.2.3
1e-
++1
1e
1e
.
1e
0e
--2
000.e
-
.
1ee2
-
-
1e-
-
-
1ee2
0e
1e+
000.e
+
1ee2
1e-
.
1.2.3
000.e
-
1ee2
1ee2
+
0e
--2
1e+
000.e
1.2.3
--2
1.2.3
1e+
++1
e10
++1
000.e
+
.
+
abc
1e+
e10
1.2.3
1e
abc
1e+
+
1ee2
--2
-
--2
e10
-
e10
++1
--2
++1
.
1e+
000.e
+
1e-
abc
.
1e+
++1
--2
+
++1
1e
.
--2
1e-
1.2.3
1ee2
1ee2
1e
abc
.
-
-
++1
1e
abc
++1
1ee2
000.e
+
e10
1e-
++1
1e
1e+
0e
1ee2
1ee2
1.2.3
000.e
+
1ee2
1e-
1e+
abc
--2
000.e
000.e
1e
000.e
1e-
-
0e
1e
e10
--2
+
000.e
1ee2
++1
e10
1e+
0e
.
abc
++1
.
1e-
abc
1.2.3
e10
1.2.3
-
--2
1ee2
+
1.2.3
.
-
1e-
+
1.2.3
-
++1
e10
abc
-
-
0e
1e-
1ee2
1e
1e-
1e-
++1
1e-
000.e
1ee2
+
1e
--2
000.e
0e
e10
1ee2
+
e10
000.e
+
1ee2
abc
+
-
+
1.2.3
.
000.e
abc
--2
abc
e10
e10
1e
--2
-
+
--2
1e-
e10
000.e
+
1e-
+
e10
+
+
000.e
000.e
0e
++1
1e+
1.2.3
000.e
000.e
1e
1e+
1e+
e10
1.2.3
0e
1e+
e10
1e-
0e
abc
.
-
000.e
--2
1ee2
+
+
.
--2
--2
000.e
++1
+
1e
1e+
++1
1e
1e
.
1ee2
abc
.
-
1ee2
-
1ee2
1.2.3
--2
+
1.2.3
1e
000.e
.
0e
000.e
1.2.3
000.e
1e-
1e+
1e
-
000.e
1ee2
-
abc
abc
000.e
--2
1e+
abc
1e
-
.
1e+
.
.
abc
1.2.3
--2
e10
1e
1.2.3
+
1.2.3
+
1e
++1
1e+
-
+
1.2.3
1e-
1e+
e10
++1
1.2.3
1e+
.
1.2.3
1ee2
++1
e10
1.2.3
abc
-
+
+
--2
++1
+
++1
++1
.
1ee2
e10
1ee2
1e
abc
0e
.
0e
-
0e
++1
e10
--2
1e-
000.e
e10
1e-
1ee2
++1
.
0e
-
1ee2
0e
abc
000.e
e10
1e-
1.2.3
e10
+
0e
1e-
0e
+
1e
abc
--2
e10
1ee2
1.2.3
e10
--2
1ee2
e10
1e-
0e
1ee2
.
--2
1ee2
0e
-
1.2.3
1.2.3
1.2.3
0e
--2
1ee2
1e
.
1ee2
1.2.3
1e
+
e10
0e
-
.
0e
0e
1ee2
0e
000.e
1e+
000.e
++1
1e-
1.2.3
1e-
1ee2
++1
000.e
++1
e10
1e-
0e
.
e10
1e+
--2
1.2.3
1e-
++1
++1
0e
1e+
++1
1e+
1e
abc
e10
1e+
--2
abc
.
1ee2
0e
--2
1.2.3
--2
1.2.3
e10
1e
0e
.
-
+
1e-
--2
+
--2
1.2.3
1e
000.e
1e-
-
.
1ee2
1e
1e-
-
++1
000.e
1.2.3
0e
1e
.
1e
1.2.3
1e+
-
0e
++1
1e
0e
--2
++1
++1
--2
1e+
0e
1e
e10
000.e
++1
e10
1e
.
1e-
.
1e-
1e+
.
++1
--2
1e-
e10
0e
e10
1e+
.
1e-
1e-
1ee2
++1
abc
++1
.
abc
.
+
++1
1e+
.
abc
--2
1.2.3
1e+
0e
e10
1ee2
+
+
--2
-
0e
000.e
+
++1
1.2.3
1e+
1e
.
e10
0e
abc
.
--2
1ee2
--2
1.2.3
1.2.3
e10
1e-
.
1.2.3
1e+
--2
000.e
1ee2
1e
e10
0e
1ee2
++1
-
1.2.3
--2
.
--2
abc
-
1ee2
e10
0e
1ee2
1e
abc
1.2.3
e10
0e
-
000.e
-
000.e
1ee2
000.e
1e
.
.
1ee2
+
0e
-
-
-
++1
1e+
000.e
1e
.
abc
+
e10
-
1e-
++1
0e
-
1ee2
1ee2
1e
-
000.e
0e
1e-
.
1e-
000.e
000.e
0e
-
++1
0e
++1
1e+
0e
--2
--2
++1
0e
e10
1e-
1e
1e-
e10
+
.
1ee2
1.2.3
-
e10
1e
0e
.
abc
-
1.2.3
1ee2
000.e
1e
abc
++1
--2
1e+
1ee2
abc
000.e
-
abc
.
-
000.e
1e
++1
1e
1e+
++1
1e
--2
e10
1e
1e+
e10
1e
-
000.e
.
1e+
.
1e-
.
--2
abc
1e+
1.2.3
.
abc
0e
--2
000.e
-
1ee2
-
e10
e10
000.e
--2
e10
1ee2
1e+
+
-
++1
1e+
1e-
-
1e-
000.e
abc
0e
--2
1e
--2
000.e
000.e
0e
e10
+
--2
++1
0e
1.2.3
--2
+
--2
++1
1ee2
--2
1e-
e10
e10
--2
--2
1.2.3
1ee2
1ee2
1.2.3
0e
abc
1.2.3
1ee2
000.e
1e-
e10
0e
-
+
e10
000.e
1.2.3
1e+
000.e
e10
abc
-
e10
000.e
1.2.3
++1
1.2.3
1e-
--2
.
--2
-
1e-
0e
1e-
1e+
0e
++1
-
+
1ee2
e10
1.2.3
+
.
1.2.3
-
1e
1e+
1.2.3
+
1e+
0e
1e-
e10
1.2.3
+
1ee2
0e
--2
1e+
.
abc
0e
+
-
e10
+
-
1e-
1e
-
1.2.3
-
0e
1e
0e
++1
--2
1e+
1e
--2
1e
1e
000.e
0e
1e
1ee2
++1
1e
.
1ee2
0e
+
1.2.3
.
++1
1e+
e10
++1
++1
e10
--2
1e+
-
1e-
--2
1e
abc
e10
abc
0e
000.e
000.e
1.2.3
++1
--2
-
1e
--2
--2
1e
.
--2
000.e
1ee2
abc
+
1ee2
1e-
.
1ee2
000.e
e10
1.2.3
000.e
++1
+
+
0e
0e
--2
0e
1e-
-
1ee2
1.2.3
-
--2
1e
-
--2
1ee2
++1
e10
++1
abc
.
1e-
1e
--2
0e
1.2.3
1e
abc
1e
000.e
--2
1ee2
++1
e10
.
.
1e
-
1e+
abc
000.e
+
+
1e+
1e+
1ee2
--2
1ee2
abc
1.2.3
.
0e
abc
e10
abc
1e
abc
++1
1ee2
++1
1e-
1e+
abc
++1
1e+
-
++1
0e
0e
0e
abc
1e-
1.2.3
-
1e-
--2
++1
1e-
++1
--2
+
1.2.3
++1
1ee2
-
+
e10
e10
-
1ee2
abc
1e
1ee2
.
1.2.3
+
0e
000.e
-
+
++1
--2
1ee2
1e
0e
1.2.3
000.e
--2
-
++1
1ee2
+
0e
-
1e-
0e
0e
1ee2
1.2.3
.
0e
1e
abc
--2
+
1e+
+
abc
abc
-
000.e
1.2.3
++1
++1
1e+
.
++1
++1
+
++1
-
--2
1e+
abc
-
-
e10
1ee2
0e
000.e
1e+
.
1e+
000.e
0e
1e
1e+
0e
abc
1.2.3
.
1e-
1ee2
abc
1ee2
0e
0e
--2
000.e
-
e10
++1
.
1e+
+
1e-
++1
.
e10
1e
e10
1e-
1e-
0e
++1
000.e
++1
abc
1e
.
1e
-
1e
1ee2
e10
1.2.3
e10
abc
1e+
1.2.3
1e
+
1e-
1e
1e-
1.2.3
-
000.e
e10
0e
0e
1ee2
1e-
1ee2
000.e
1.2.3
+
1e
--2
abc
1e-
1e-
abc
1e-
e10
abc
1e
abc
--2
1e
1ee2
1e-
e10
abc
-
1ee2
--2
+
--2
000.e
e10
0e
1e
abc
-
1e-
.
abc
1e-
e10
e10
1e+
1e-
1e
000.e
++1
-
-
-
1e+
1ee2
e10
1e+
-
1e+
++1
1ee2
e10
.
--2
1.2.3
0e
1e-
1e+
-
1.2.3
1e+
1ee2
abc
0e
abc
1ee2
0e
abc
++1
e10
abc
1e+
e10
--2
1e-
-
000.e
+
1.2.3
0e
e10
000.e
-
.
--2
--2
--2
e10
1ee2
1.2.3
000.e
.
abc
1e+
--2
++1
0e
1ee2
-
000.e
+
000.e
-
1e-
000.e
1e
1e+
.
000.e
1e
abc
-
1e
1ee2
1.2.3
-
-
1e+
e10
1.2.3
1e+
.
1e+
000.e
e10
1ee2
000.e
0e
--2
1e+
1e-
1e+
1e-
+
1e
-
1ee2
--2
1e-
1e
++1
000.e
+
.
abc
1e-
1.2.3
--2
abc
0e
1e
1e+
1e+
1e+
1e+
+
1e+
+
0e
000.e
e10
e10
1e+
1.2.3
abc
+
1e+
1.2.3
1e+
++1
1e+
1e+
0e
1e
1e-
e10
abc
+
000.e
0e
.
1e
1ee2
e10
0e
1e+
1e
1.2.3
e10
1e-
abc
abc
--2
1e
++1
1e-
++1
++1
+
-
0e
1e
1ee2
1ee2
0e
0e
1ee2
1ee2
1ee2
1.2.3
1e
-
--2
++1
-
.
-
+
.
--2
1ee2
1e+
.
++1
1ee2
1e+
1.2.3
1ee2
--2
e10
++1
1ee2
1ee2
--2
1ee2
1e+
1e-
.
1ee2
++1
-
1.2.3
.
-
1.2.3
1e-
--2
e10
++1
1.2.3
1e+
-
0e
+
000.e
--2
1e
--2
e10
.
-
1e+
1e
1e
0e
e10
1e+
1e+
abc
0e
000.e
1e-
0e
--2
000.e
--2
1e
e10
.
1ee2
--2
+
0e
1.2.3
abc
++1
.
1ee2
1e-
--2
e10
abc
1e+
1.2.3
-
0e
000.e
+
1e
.
abc
1ee2
-
--2
abc
1.2.3
+
e10
1.2.3
0e
1e
000.e
0e
++1
000.e
++1
1.2.3
.
++1
1e+
1e-
000.e
e10
--2
e10
1e
e10
e10
1.2.3
000.e
++1
000.e
abc
1e+
--2
000.e
-
abc
1.2.3
-
1.2.3
0e
1e-
1e+
abc
+
1e-
abc
+
++1
+
.
000.e
1ee2
0e
.
0e
.
++1
0e
e10
++1
--2
++1
000.e
-
1e-
-
1.2.3
.
1e+
000.e
.
e10
1e
1.2.3
1e-
1.2.3
1ee2
abc
+
-
.
1.2.3
.
e10
.
000.e
abc
abc
1e+
++1
1e-
000.e
e10
++1
1.2.3
000.e
e10
1e
++1
1e+
1e+
1ee2
-
-
1ee2
e10
--2
1ee2
.
1ee2
0e
.
1e+
0e
1e-
000.e
1e
abc
--2
+
1e-
0e
.
e10
e10
abc
--2
1e
++1
-
000.e
1e-
000.e
1ee2
-
1e-
++1
000.e
++1
++1
++1
+
abc
--2
e10
.
1e
abc
0e
1e
1.2.3
0e
1e
1ee2
1.2.3
abc
0e
000.e
abc
1ee2
+
1e
1e+
e10
--2
1.2.3
-
-
1e-
--2
e10
.
1e
1.2.3
0e
1ee2
abc
--2
1e
--2
abc
--2
1.2.3
0e
-
000.e
+
--2
-
1e-
1e-
1ee2
1e+
1.2.3
1e+
000.e
.
1e-
--2
000.e
--2
e10
-
1e
e10
000.e
1e-
abc
000.e
1.2.3
.
abc
1.2.3
1ee2
1e+
+
1e-
--2
.
0e
000.e
e10
.
0e
+
1e-
1e
+
1e+
.
e10
+
1e-
1e
1e-
000.e
-
abc
0e
1.2.3
1.2.3
++1
abc
0e
1ee2
1ee2
000.e
--2
1e-
--2
1e-
--2
1.2.3
+
1.2.3
1.2.3
1ee2
1e
-
1ee2
1e
abc
1e+
1e
++1
0e
-
0e
--2
abc
000.e
abc
1ee2
1ee2
.
.
e10
e10
.
e10
.
1e-
1.2.3
1.2.3
1ee2
1e-
1e-
0e
1ee2
0e
e10
.
1.2.3
abc
0e
1e
1e
--2
1e-
1ee2
-
-
abc
abc
1e
e10
abc
abc
1e+
1e-
--2
000.e
1ee2
000.e
000.e
1.2.3
1e-
1e-
--2
1ee2
.
.
1ee2
e10
1e-
-
++1
-
+
e10
1e-
abc
+
1.2.3
.
-
--2
+
1ee2
1e-
1ee2
abc
-
e10
--2
1.2.3
0e
++1
+
1e
1e-
0e
e10
-
0e
+
1e+
1.2.3
++1
0e
+
0e
-
1.2.3
1e
1e+
000.e
1e
-
--2
.
1.2.3
0e
++1
1ee2
-
0e
+
1.2.3
1e
1e-
1e+
--2
--2
e10
1e
e10
000.e
e10
-
1e+
.
abc
-
-
1e-
1e+
1e-
-
-
++1
0e
++1
-
1e+
1.2.3
1.2.3
1e-
1.2.3
000.e
1e+
++1
0e
e10
0e
.
0e
.
.
.
0e
0e
000.e
e10
1e
0e
.
-
1e
1.2.3
.
--2
--2
1ee2
1ee2
1e-
1ee2
+
1e+
abc
e10
.
1e
--2
1.2.3
+
1ee2
--2
0e
0e
--2
1e+
.
+
0e
++1
1e-
+
abc
0e
1ee2
000.e
-
0e
000.e
1.2.3
1e-
-
++1
abc
.
1e-
-
e10
--2
1e-
000.e
000.e
abc
1ee2
1e+
abc
e10
-
++1
0e
-
.
0e
1e+
+
e10
-
++1
000.e
--2
1.2.3
0e
++1
.
abc
abc
000.e
.
--2
1e
0e
.
1e
1ee2
++1
000.e
1.2.3
1e
+
abc
1e-
0e
000.e
++1
abc
1ee2
-
1.2.3
++1
abc
1ee2
+
--2
abc
+
000.e
1ee2
e10
1e+
000.e
1ee2
000.e
1e-
e10
1e+
0e
1ee2
+
--2
++1
-
1e
-
e10
--2
-
.
--2
000.e
1e+
1e
1e+
1ee2
-
1ee2
--2
1e
1e+
1e+
1ee2
abc
1e+
000.e
.
1e-
-
e10
000.e
abc
-
1e
+
1ee2
e10
0e
abc
.
++1
1e-
e10
abc
000.e
0e
abc
-
-
1e
000.e
1e+
-
0e
000.e
--2
1e+
++1
e10
1e
.
.
abc
1ee2
e10
e10
1.2.3
.
1e-
1e-
1ee2
--2
-
0e
e10
1ee2
.
0e
1e
1.2.3
++1
1e+
1ee2
1e+
1e+
.
1.2.3
1e
--2
+
+
000.e
-
000.e
1ee2
1ee2
1ee2
000.e
1e-
.
-
-
1e-
1e
1e-
++1
1ee2
e10
000.e
0e
abc
1ee2
1e+
++1
1.2.3
0e
-
1e+
--2
e10
1.2.3
1e-
1e
1ee2
--2
++1
-
1ee2
--2
1e
e10
abc
000.e
-
--2
000.e
1e
1e-
1e-
-
-
1e-
+
++1
abc
1e
0e
-
000.e
0e
1ee2
1ee2
1.2.3
1e+
1ee2
1e-
-
e10
1.2.3
1e+
--2
1.2.3
1.2.3
1e
--2
000.e
1e
000.e
-
++1
-
1ee2
1.2.3
1ee2
0e
-
1e+
0e
000.e
1ee2
.
++1
e10
+
1ee2
1.2.3
+
e10
0e
000.e
+
+
e10
++1
1e+
1e
.
1.2.3
-
1e+
++1
1e-
-
1e+
.
1ee2
.
+
abc
1e
-
1e+
1.2.3
--2
1e+
--2
+
1e-
1ee2
--2
1e
-
1ee2
e10
1e+
e10
0e
0e
.
+
000.e
.
.
++1
1e
+
--2
+
000.e
0e
++1
1e
1.2.3
000.e
0e
.
++1
1e-
e10
-
e10
1e+
--2
1e+
++1
1e+
e10
0e
1.2.3
-
--2
1ee2
e10
1e+
1ee2
.
0e
e10
e10
0e
--2
1ee2
++1
-
1e
abc
0e
++1
1e-
++1
1.2.3
1.2.3
1ee2
.
0e
1e-
--2
+
000.e
--2
1e-
+
1ee2
000.e
--2
.
++1
1e
e10
1e-
1e-
1ee2
.
.
--2
000.e
.
++1
.
+
1e
1e
++1
.
--2
++1
++1
000.e
-
-
+
1e+
1e+
1e+
abc
1e
abc
abc
+
.
1e
1.2.3
1ee2
abc
-
0e
1e+
.
e10
1.2.3
++1
.
abc
.
1.2.3
1.2.3
e10
++1
1ee2
.
e10
1e
.
++1
1ee2
000.e
1e
.
-
abc
-
1ee2
+
1e
.
e10
e10
+
1e
+
1e-
1.2.3
1e
++1
1e+
abc
1e
1ee2
--2
+
--2
000.e
e10
abc
.
-
e10
abc
--2
000.e
--2
+
1e
e10
e10
1e-
--2
e10
1e
0e
1e
e10
.
++1
1e+
0e
1.2.3
--2
000.e
1e-
+
+
-
1e+
1e-
1.2.3
+
1.2.3
e10
+
--2
000.e
-
1e+
-
abc
--2
1ee2
--2
-
--2
0e
abc
1e
abc
abc
1e-
-
abc
.
1e+
++1
1.2.3
-
-
++1
.
0e
-
+
-
1e-
.
1ee2
1e+
0e
1e+
1e-
000.e
e10
000.e
++1
1.2.3
+
1e
+
--2
--2
1e
1.2.3
1ee2
000.e
--2
abc
abc
+
e10
+
1e+
1e-
++1
0e
+
1.2.3
1e-
1e+
++1
0e
--2
1e
.
0e
++1
1ee2
1e-
--2
-
-
0e
1e-
000.e
--2
.
0e
000.e
1e-
++1
1ee2
1ee2
.
0e
abc
1e+
e10
1ee2
1e+
abc
.
000.e
abc
1ee2
000.e
1e
1e
-
1.2.3
++1
abc
-
1ee2
1ee2
-
1.2.3
1e
1.2.3
0e
abc
e10
abc
++1
1ee2
--2
1e
abc
0e
1e-
e10
1e+
1.2.3
e10
+
000.e
e10
.
0e
1e
1.2.3
-
e10
1e
abc
1e
000.e
1ee2
--2
1ee2
abc
.
+
.
1ee2
.
.
.
++1
abc
.
1e-
abc
0e
--2
-
1e-
--2
1e-
1ee2
+
e10
+
1e-
1e
000.e
--2
-
-
.
000.e
+
1e-
1e-
1e-
++1
+
000.e
000.e
1e+
000.e
0e
.
1e
1.2.3
1e
e10
-
0e
++1
1e
.
-
+
-
1.2.3
++1
--2
e10
--2
e10
+
abc
1e+
1e+
1.2.3
1ee2
--2
1.2.3
0e
+
1e-
--2
000.e
1.2.3
e10
++1
1e-
0e
1e+
--2
.
000.e
-
++1
1.2.3
-
1ee2
1.2.3
--2
000.e
++1
++1
.
--2
-
1.2.3
000.e
1e-
000.e
e10
000.e
abc
.
1e
-
1e-
abc
1.2.3
--2
++1
.
+
0e
0e
e10
1e-
--2
0e
e10
+
1.2.3
1e+
e10
1ee2
+
1.2.3
1ee2
1e
1e-
1e+
.
1.2.3
1e-
1e
abc
abc
--2
1e
.
.
1e-
.
e10
--2
e10
1.2.3
e10
1e+
++1
-
1e-
000.e
1ee2
0e
000.e
000.e
abc
1.2.3
--2
1.2.3
++1
e10
0e
.
++1
--2
1e
-
0e
++1
1ee2
0e
1e-
1ee2
--2
.
.
1e
0e
--2
1e+
000.e
++1
1.2.3
--2
1e-
e10
-
.
+
e10
e10
-
-
000.e
1e+
e10
++1
++1
++1
1e-
+
000.e
1ee2
++1
-
1e-
abc
++1
1.2.3
e10
--2
1.2.3
-
1e+
+
-
.
000.e
1e
1e+
1e+
++1
1e-
1e
++1
1.2.3
--2
1ee2
0e
000.e
+
1e
+
000.e
++1
e10
000.e
++1
1.2.3
+
000.e
1e+
1ee2
1e+
-
+
.
1e+
1e-
e10
-
e10
1ee2
1ee2
1ee2
1e+
000.e
0e
0e
000.e
0e
1e
e10
000.e
1e-
++1
-
1e+
abc
1e-
0e
+
+
--2
1e+
+
-
1e+
1e+
0e
e10
--2
--2
++1
000.e
++1
1e+
-
1e-
e10
1e
1e+
e10
0e
e10
0e
-
.
e10
e10
000.e
1.2.3
1e+
1.2.3
abc
1e
000.e
-
1ee2
-
1e
.
1ee2
e10
++1
-
1e
0e
.
1e-
abc
1e-
000.e
.
1e-
e10
0e
1ee2
--2
1e
.
++1
--2
1e-
abc
++1
+
1.2.3
.
--2
abc
++1
++1
-
1e
0e
000.e
1e+
++1
--2
1e-
--2
--2
000.e
-
000.e
1ee2
1.2.3
0e
--2
e10
++1
1ee2
1e-
1ee2
++1
1e
1e
000.e
+
0e
--2
1ee2
abc
-
0e
0e
1e-
abc
1.2.3
1.2.3
1.2.3
1.2.3
-
1e+
++1
1e
1e-
++1
1ee2
1ee2
--2
++1
++1
++1
1e
--2
.
1e
++1
000.e
0e
++1
+
0e
1ee2
000.e
000.e
000.e
1e+
1.2.3
1e-
--2
--2
-
++1
abc
1e+
1e+
1e
abc
1.2.3
abc
1e+
--2
+
1e
-
--2
++1
++1
e10
++1
-
0e
e10
1e
e10
.
1e-
.
1e+
e10
1e+
abc
0e
++1
1e-
1e-
--2
1.2.3
1e+
--2
1e-
1ee2
++1
0e
0e
.
0e
.
000.e
++1
000.e
e10
abc
++1
0e
1e
abc
1e+
0e
+
0e
.
+
-
000.e
abc
+
abc
.
1e-
-
1e
1e-
--2
1e-
--2
1e
000.e
e10
000.e
+
++1
1e
1.2.3
1e-
1e+
0e
1ee2
e10
-
1e+
e10
1e+
e10
0e
++1
+
.
1e
.
abc
0e
+
1ee2
1.2.3
+
e10
1e-
000.e
1ee2
abc
-
1e-
e10
-
-
000.e
1e
1.2.3
.
000.e
000.e
000.e
e10
++1
1ee2
0e
+
000.e
1e-
1ee2
+
0e
.
abc
1e+
1e+
1ee2
.
1e+
0e
1ee2
++1
1e+
1ee2
1e
1.2.3
-
-
e10
e10
000.e
+
000.e
+
abc
0e
abc
1e+
0e
++1
1ee2
1e
-
1e
1ee2
1e+
1.2.3
-
1ee2
1e+
--2
1.2.3
+
.
1e
abc
e10
1ee2
e10
+
1e
+
-
++1
1.2.3
0e
-
-
000.e
1.2.3
e10
1e-
--2
++1
--2
000.e
0e
e10
++1
abc
1e+
+
0e
--2
abc
1ee2
e10
e10
1e
--2
abc
+
1e
1e-
0e
1e-
.
1ee2
1e-
+
++1
1ee2
.
1e
--2
1e-
1.2.3
000.e
--2
1.2.3
1e+
1.2.3
+
+
1e+
++1
abc
+
++1
0e
+
-
+
+
+
.
0e
1.2.3
++1
--2
--2
1e+
.
.
1ee2
abc
.
++1
1e
1.2.3
++1
1.2.3
abc
0e
-
+
0e
1e-
--2
abc
abc
--2
1e
--2
-
--2
0e
abc
abc
1e
++1
--2
1e
abc
+
e10
++1
000.e
1.2.3
0e
abc
0e
1ee2
e10
+
1e+
1e-
1e
1e+
.
+
1ee2
abc
1ee2
000.e
1e
1ee2
+
000.e
0e
1.2.3
--2
1e+
1e+
1ee2
000.e
000.e
1e-
-
1e-
1e-
1e+
1.2.3
1e+
+
1.2.3
+
e10
1ee2
abc
1e
0e
e10
000.e
.
1e-
--2
1e+
1ee2
abc
.
+
+
++1
1e-
--2
1e
1e
.
0e
1e
abc
+
1ee2
++1
.
abc
.
0e
--2
-
++1
e10
abc
+
000.e
+
1e+
e10
1e+
-
1e-
-
-
1.2.3
++1
-
+
e10
.
000.e
1e+
1ee2
--2
--2
1ee2
1e+
++1
000.e
e10
e10
abc
++1
-
e10
1e
1e+
e10
--2
++1
abc
+
1e+
0e
000.e
--2
e10
abc
1e-
0e
++1
1e+
1e+
1ee2
abc
--2
e10
-
1e
000.e
0e
++1
+
1e-
1e
+
1ee2
1e
000.e
1ee2
1e-
1e+
--2
1.2.3
.
1e+
1e-
-
000.e
e10
+
-
0e
-
e10
+
1e+
1ee2
e10
0e
1.2.3
1ee2
1e+
-
+
0e
1.2.3
.
--2
1e
1e+
1e
1e-
.
+
e10
1e
1.2.3
e10
1e+
-
1e+
1e-
1e+
+
1.2.3
++1
1.2.3
+
1e-
1e-
+
.
1e+
++1
000.e
abc
--2
--2
abc
0e
-
+
--2
000.e
1e-
000.e
-
1e
1e-
1e-
+
000.e
++1
1e
.
0e
1e+
1.2.3
1e
.
e10
abc
1ee2
+
1e
--2
1.2.3
+
1e+
--2
1e
1ee2
1ee2
--2
1e-
+
1e-
--2
--2
abc
abc
-
--2
abc
++1
1e-
++1
1e-
1e+
--2
e10
+
e10
.
+
1ee2
1ee2
000.e
+
1ee2
-
++1
e10
e10
1ee2
abc
1ee2
++1
1e
--2
0e
e10
abc
1ee2
1ee2
.
0e
000.e
1e
000.e
1e+
1e-
--2
abc
0e
abc
000.e
.
abc
1e-
abc
--2
0e
abc
1e-
1e+
1e+
abc
000.e
e10
1e+
1e-
1e-
.
.
1e+
.
++1
-
1ee2
+
0e
1ee2
abc
1e-
e10
1ee2
--2
1ee2
abc
1e
000.e
1e-
1.2.3
++1
e10
.
abc
1e-
1.2.3
abc
1ee2
-
-
1e
1e-
000.e
+
abc
-
0e
abc
--2
1.2.3
abc
1.2.3
000.e
000.e
abc
0e
1.2.3
000.e
1e-
1ee2
.
abc
--2
1.2.3
e10
-
e10
-
1e-
0e
1e+
e10
-
1e
--2
1.2.3
--2
0e
++1
++1
e10
--2
1.2.3
1e-
1ee2
e10
0e
.
.
abc
1.2.3
++1
000.e
+
e10
0e
000.e
abc
-
+
1e
--2
-
.
1e+
0e
--2
+
e10
abc
1.2.3
.
e10
-
abc
-
1.2.3
e10
000.e
1e
e10
e10
1.2.3
--2
--2
0e
+
1ee2
0e
0e
1e
1e+
000.e
1.2.3
.
-
.
.
e10
--2
1e-
1ee2
++1
0e
-
1e+
1e
1ee2
1e-
++1
abc
abc
+
1ee2
+
1e-
1ee2
++1
++1
--2
0e
+
1e-
1e
0e
-
abc
1e+
1ee2
e10
1ee2
+
1.2.3
e10
.
0e
1e-
1e+
1e+
1e+
--2
1.2.3
+
e10
1.2.3
+
e10
1e-
1e-
000.e
++1
000.e
abc
--2
1.2.3
abc
0e
.
-
000.e
1e
+
+
--2
1.2.3
.
e10
1ee2
0e
+
e10
e10
++1
--2
++1
1e+
1ee2
1.2.3
0e
0e
1.2.3
1e-
e10
1ee2
--2
1e-
1e-
e10
1e-
000.e
abc
000.e
0e
000.e
+
1e
0e
000.e
1ee2
0e
.
1.2.3
1e+
abc
+
-
1.2.3
++1
++1
e10
--2
+
1.2.3
--2
1ee2
.
+
1e
1e+
1ee2
1e
1ee2
+
abc
1.2.3
000.e
--2
0e
1e
e10
++1
1ee2
+
e10
++1
e10
0e
.
1e-
--2
1e+
1e
+
1.2.3
1ee2
1.2.3
++1
1e+
--2
1.2.3
000.e
1e+
000.e
1ee2
1e
+
1e-
0e
++1
1e+
0e
--2
1.2.3
1.2.3
.
e10
+
abc
1e
000.e
1ee2
0e
0e
abc
1.2.3
abc
--2
000.e
abc
1ee2
e10
+
1.2.3
1e-
-
-
000.e
1e+
000.e
1ee2
1e-
--2
abc
1e-
1e+
+
+
abc
0e
000.e
1ee2
1.2.3
1.2.3
++1
+
000.e
.
1e+
abc
0e
1.2.3
1e+
1e+
++1
.
-
1e-
1e-
1.2.3
1ee2
1e-
1.2.3
1ee2
abc
+
1ee2
-
1e
1e+
abc
1e-
1.2.3
1.2.3
1e+
1e-
.
-
000.e
e10
-
.
.
++1
000.e
++1
0e
1ee2
--2
1e+
1.2.3
--2
1e+
-
1e-
1e-
1e-
abc
000.e
1e
+
000.e
--2
e10
000.e
1.2.3
1e+
++1
abc
1.2.3
1e-
abc
.
abc
000.e
.
0e
abc
++1
abc
000.e
000.e
e10
+
1.2.3
+
1.2.3
e10
e10
0e
--2
--2
-
1e+
abc
abc
1e
000.e
+
1e+
1e+
1ee2
+
++1
1e-
1.2.3
-
abc
1ee2
000.e
e10
0e
000.e
1e
.
1ee2
e10
000.e
.
1e-
abc
++1
++1
-
0e
1e
e10
.
1.2.3
1e-
e10
+
1e-
1e-
.
000.e
-
abc
abc
1e-
--2
000.e
1e
e10
1ee2
-
++1
++1
1e+
e10
abc
--2
-
-
1.2.3
1.2.3
++1
1e
1e-
1.2.3
+
0e
--2
.
1.2.3
+
1.2.3
-
++1
-
abc
abc
--2
+
.
1e
--2
1ee2
.
.
+
1ee2
000.e
1e-
abc
1ee2
1.2.3
--2
-
1ee2
e10
++1
e10
++1
000.e
+
1e-
e10
++1
-
e10
abc
+
--2
abc
++1
0e
.
+
1.2.3
0e
e10
e10
--2
1.2.3
1e-
.
1e-
e10
1.2.3
000.e
e10
0e
abc
000.e
1ee2
1e-
000.e
1e
1.2.3
--2
1ee2
1ee2
.
-
e10
--2
++1
0e
.
+
+
1e
1ee2
1e+
1e
1e
--2
-
+
0e
e10
1ee2
1e+
++1
++1
-
1ee2
1e+
.
000.e
.
.
abc
1ee2
1ee2
000.e
++1
1e
1ee2
1ee2
1e+
.
e10
1e+
1e+
--2
1ee2
e10
1.2.3
-
1e-
--2
1ee2
1e+
--2
0e
abc
abc
.
.
abc
.
1.2.3
abc
e10
1e-
1e-
+
000.e
1e
abc
+
0e
000.e
--2
1.2.3
e10
.
+
1e
abc
e10
1e+
1ee2
1ee2
0e
1ee2
++1
000.e
+
1e+
1e+
-
e10
--2
0e
1ee2
+
1e+
+
abc
e10
000.e
1e+
000.e
000.e
0e
+
++1
1ee2
1.2.3
e10
e10
1e+
1.2.3
+
000.e
e10
-
1.2.3
1e+
e10
000.e
--2
1ee2
+
1.2.3
1e+
1e+
-
1e+
e10
+
000.e
1e
1e-
.
1.2.3
1e+
.
1e
--2
1e-
e10
.
1e
1e+
-
1e-
1.2.3
.
--2
1e+
++1
1e+
abc
1e-
abc
1ee2
-
+
000.e
++1
0e
abc
0e
+
1e
++1
abc
++1
1.2.3
000.e
000.e
0e
1.2.3
+
1e
1ee2
-
1.2.3
1e
--2
1e-
.
++1
000.e
+
1e+
-
abc
++1
abc
--2
.
1e+
1e+
1e
-
1e
abc
1.2.3
1e+
.
1e+
1e-
000.e
++1
++1
0e
1e+
--2
e10
1.2.3
1ee2
1e
1ee2
abc
1e+
--2
abc
1e-
1ee2
++1
abc
0e
1e-
1e-
.
--2
--2
1e
--2
000.e
000.e
1e
1e
--2
000.e
000.e
abc
000.e
0e
1e
e10
0e
1.2.3
1e-
--2
-
1ee2
1ee2
000.e
.
000.e
+
+
-
000.e
-
++1
000.e
1e-
++1
1e-
.
+
0e
0e
0e
+
.
-
1ee2
.
-
000.e
000.e
++1
1ee2
--2
-
++1
+
-
1e+
1e
1e-
1e-
1e
--2
+
1ee2
000.e
1.2.3
.
e10
e10
+
+
--2
1e-
0e
1.2.3
++1
1.2.3
1e
-
--2
1ee2
-
-
--2
--2
1e-
++1
1ee2
0e
1e+
e10
+
1e+
++1
.
1e-
1e-
1ee2
1e+
++1
e10
abc
1e
abc
+
1e
++1
1e-
1.2.3
000.e
e10
-
++1
0e
e10
+
1.2.3
000.e
e10
1e-
+
0e
1e
1ee2
000.e
0e
.
--2
0e
000.e
--2
--2
1ee2
1e+
abc
.
+
--2
1ee2
1e
.
+
e10
1ee2
1.2.3
--2
+
1e+
+
000.e
abc
1e
-
e10
--2
abc
e10
+
-
.
e10
000.e
+
1e-
1ee2
1e
0e
1e+
1e
1e+
1ee2
1.2.3
+
--2
-
1.2.3
1e+
e10
1ee2
1ee2
+
1e
-
1e-
--2
1e+
abc
0e
1.2.3
.
-
--2
1e+
1e
+
.
++1
.
1e
000.e
1e
--2
.
.
--2
000.e
-
--2
1e+
e10
1ee2
--2
+
1.2.3
1ee2
++1
1.2.3
--2
.
abc
0e
e10
--2
abc
1e-
1e+
-
+
e10
1e
1.2.3
++1
1e
1e
0e
1e
.
1e+
-
1e+
--2
--2
1e-
1e
++1
.
++1
abc
--2
1e-
1e
--2
--2
0e
abc
++1
abc
0e
--2
++1
.
+
+
+
e10
000.e
1ee2
++1
+
--2
1e
000.e
1e+
++1
1.2.3
abc
abc
--2
1e
-
-
000.e
--2
1.2.3
000.e
-
abc
--2
1ee2
1ee2
0e
-
1e
--2
-
--2
abc
1e
1e-
--2
1e-
-
++1
+
0e
.
000.e
+
++1
1e+
abc
1e
--2
000.e
1.2.3
1e
1e-
++1
1e
++1
1e
+
+
-
1e+
+
--2
--2
e10
1e
.
-
--2
+
.
++1
1e
--2
-
-
1.2.3
+
1e-
-
1e+
abc
e10
.
abc
-
e10
1e+
1ee2
1e
1.2.3
.
--2
e10
1ee2
0e
1e+
1ee2
e10
-
+
0e
++1
-
.
--2
000.e
1ee2
1e-
-
abc
.
.
++1
++1
1e
000.e
--2
-
1.2.3
+
+
e10
1e+
e10
++1
1e+
1.2.3
1e
000.e
+
-
1e+
-
1.2.3
-
-
1e-
.
--2
000.e
1e-
1ee2
.
-
1e
1ee2
1e+
1e-
.
1ee2
1e+
1e
0e
1e
1e+
0e
1e-
1e
1.2.3
1e-
1e
1e-
000.e
.
-
1e+
+
1e
1ee2
0e
e10
+
1e+
++1
1e-
1.2.3
1ee2
1e-
.
e10
abc
-
e10
+
1e+
++1
-
e10
1e
1e-
1e
0e
1.2.3
--2
1e+
0e
1e+
--2
--2
1.2.3
1ee2
e10
--2
e10
e10
1e+
1e-
--2
0e
1e+
.
1e
+
--2
--2
.
++1
--2
0e
0e
+
1e+
+
1e-
1e-
abc
abc
1e-
.
1e-
1ee2
++1
-
1.2.3
1e-
1e
--2
0e
1e+
+
++1
0e
.
abc
--2
-
++1
0e
++1
--2
1e-
++1
0e
++1
0e
1.2.3
.
000.e
1e+
1e
1ee2
e10
-
+
1.2.3
0e
0e
abc
++1
++1
1e+
--2
1e-
++1
e10
000.e
.
1e-
e10
0e
-
++1
--2
++1
1e
--2
1ee2
1e+
1.2.3
+
.
.
abc
0e
.
abc
.
1e
e10
1.2.3
000.e
1e-
1ee2
1e
1ee2
1e-
1e+
-
1e-
.
abc
++1
.
++1
-
1e
000.e
-
1.2.3
1e-
e10
1ee2
--2
1.2.3
--2
0e
++1
+
-
+
0e
0e
0e
0e
+
1e+
1.2.3
e10
--2
000.e
1.2.3
0e
abc
1.2.3
000.e
++1
1e-
1.2.3
abc
000.e
1.2.3
-
1e+
1e-
abc
1e-
.
abc
1ee2
-
e10
1.2.3
+
e10
+
e10
abc
0e
+
abc
1.2.3
1e
e10
0e
++1
1.2.3
1e-
--2
000.e
.
0e
+
++1
--2
++1
1e+
-
1e
000.e
+
--2
1.2.3
1e
1ee2
+
1e-
-
0e
1e
0e
1e
1.2.3
1ee2
1e+
1ee2
.
++1
0e
e10
1ee2
1ee2
0e
1.2.3
++1
1.2.3
1e-
-
-
1ee2
1e-
++1
abc
-
1.2.3
0e
1ee2
-
1e+
1e
+
1e-
1e
++1
1e+
e10
.
1ee2
1e+
--2
-
1e+
++1
1ee2
1e-
1e
.
e10
1e+
+
1ee2
1ee2
--2
-
000.e
+
0e
+
++1
++1
e10
.
1e
abc
1e-
.
0e
.
1e-
1e+
++1
e10
0e
-
.
-
--2
++1
++1
+
+
.
1e
.
abc
1e+
1ee2
+
-
1e-
1.2.3
.
1ee2
1e+
abc
++1
--2
1e-
+
1ee2
+
1e+
1e+
0e
--2
--2
+
1ee2
--2
1ee2
.
1.2.3
++1
--2
1.2.3
abc
1.2.3
1e+
0e
1e
-
0e
++1
++1
-
000.e
-
e10
+
1e-
1.2.3
1.2.3
1e
1e+
000.e
abc
-
--2
abc
1.2.3
-
--2
1e-
abc
000.e
abc
abc
.
--2
abc
0e
e10
-
1e
1ee2
0e
1e+
1.2.3
-
1e
1e
.
+
--2
1e+
--2
.
.
1ee2
.
000.e
000.e
000.e
e10
++1
000.e
++1
--2
e10
e10
1e
1e-
-
0e
1ee2
1e-
1e+
.
+
000.e
0e
--2
abc
000.e
1e+
+
+
1e
e10
abc
e10
.
abc
--2
++1
1e+
1ee2
1e+
1e-
0e
000.e
abc
e10
1e
1e+
000.e
1ee2
1e-
++1
+
1ee2
++1
1e
-
abc
1.2.3
000.e
+
-
1e-
1e-
1e-
.
abc
0e
.
.
++1
1e-
.
e10
--2
abc
1e+
e10
.
-
000.e
000.e
-
--2
1ee2
e10
1.2.3
1e+
e10
1e+
1ee2
--2
0e
.
1e
1e
.
1e+
-
1ee2
.
1e
abc
abc
000.e
+
abc
abc
1e+
abc
1e
++1
++1
abc
++1
1e
+
1e
--2
e10
1e
1e+
--2
0e
-
++1
+
1.2.3
1ee2
abc
1ee2
--2
--2
e10
1e+
.
-
000.e
--2
0e
-
e10
++1
1e
1ee2
.
1.2.3
1e+
++1
1e+
1e
+
abc
+
1e
1.2.3
-
--2
.
000.e
.
-
--2
e10
-
e10
++1
abc
0e
--2
+
abc
--2
1e-
-
e10
1e+
1e
--2
0e
--2
1ee2
1e+
1ee2
-
++1
++1
1ee2
000.e
000.e
1.2.3
1ee2
1e+
000.e
0e
abc
0e
1.2.3
e10
1e+
.
++1
1.2.3
++1
abc
-
1e-
abc
--2
000.e
abc
1e
000.e
1.2.3
.
--2
e10
++1
1ee2
1e+
--2
.
abc
1ee2
1.2.3
++1
0e
+
e10
-
1e+
1ee2
000.e
1e
0e
++1
000.e
+
+
1e-
1e+
1e
0e
1e-
1e+
1e-
0e
1e
--2
1ee2
-
e10
1ee2
+
1e
+
1e-
1e+
0e
1.2.3
1e
000.e
1e-
1e
1.2.3
1e+
1e
1.2.3
.
e10
--2
abc
-
+
--2
abc
1e
0e
000.e
-
e10
abc
0e
-
-
e10
++1
-
1ee2
1.2.3
abc
1e-
abc
1e-
0e
1e-
1ee2
000.e
+
-
.
+
++1
-
1e-
1e-
.
e10
1e+
1e-
1e+
++1
1e+
abc
--2
-
++1
++1
1ee2
1e-
1ee2
1e+
1e-
1.2.3
1.2.3
000.e
1e-
+
--2
-
++1
0e
++1
+
1e+
--2
000.e
--2
--2
++1
+
e10
1e-
0e
--2
1ee2
000.e
abc
1e-
+
0e
--2
1e-
000.e
.
000.e
000.e
1ee2
.
abc
0e
.
++1
e10
-
0e
e10
1e-
000.e
-
1e
e10
-
abc
1e-
abc
1e+
--2
.
e10
0e
1e+
1.2.3
1e-
1ee2
abc
0e
000.e
000.e
1e
000.e
.
1e
1e
++1
-
--2
++1
000.e
-
1e+
0e
1ee2
1e-
abc
-
++1
1.2.3
0e
.
1e-
+
+
++1
-
--2
1e
--2
++1
1e-
000.e
.
++1
1.2.3
+
1.2.3
1ee2
1.2.3
0e
+
1.2.3
e10
000.e
e10
1e-
000.e
e10
--2
e10
.
+
0e
1e+
++1
++1
+
++1
+
++1
e10
e10
000.e
--2
e10
+
abc
--2
--2
1e-
+
+
1ee2
1.2.3
1e+
++1
1.2.3
1.2.3
1e+
abc
e10
1e-
abc
+
1e+
000.e
1e
1e
1ee2
1.2.3
abc
1e+
0e
1e+
1ee2
1.2.3
1.2.3
abc
--2
1e+
1e-
000.e
1ee2
1e
+
1e
1e+
e10
-
++1
1e
0e
e10
1e+
-
--2
000.e
1e
1e
abc
++1
+
+
0e
1e-
1e+
+
000.e
1e-
000.e
1.2.3
+
1ee2
1e+
000.e
1e+
++1
-
1e-
0e
000.e
1ee2
1e
000.e
abc
0e
e10
--2
1e+
1.2.3
1.2.3
1.2.3
-
-
1ee2
abc
-
--2
1e-
e10
1e+
++1
.
+
+
.
000.e
1e
1.2.3
e10
.
0e
0e
000.e
+
000.e
1e
++1
000.e
--2
.
1ee2
+
0e
-
1ee2
1ee2
+
000.e
000.e
.
1e
abc
0e
.
1ee2
1e
+
--2
++1
--2
.
e10
--2
1ee2
1e-
e10
+
-
--2
1e+
e10
++1
1e-
-
000.e
1e+
+
1e-
000.e
+
++1
++1
1e
000.e
1e
1e
++1
0e
1e
+
e10
1.2.3
+
1e-
--2
0e
-
-
abc
0e
.
-
1.2.3
abc
1ee2
1.2.3
1e
1e
++1
000.e
000.e
1e
e10
abc
1e-
+
000.e
000.e
1e
abc
--2
-
abc
1e+
1e-
1e-
e10
1e
-
1e+
1ee2
1e
1.2.3
--2
000.e
1e+
--2
.
+
e10
1e+
000.e
000.e
e10
1ee2
e10
e10
-
1e-
-
000.e
0e
1e+
1.2.3
1e+
1ee2
0e
1.2.3
++1
-
++1
-
e10
000.e
--2
1.2.3
0e
000.e
--2
+
1ee2
++1
1ee2
--2
.
0e
+
1e+
1e
.
.
1.2.3
000.e
1e-
+
1e+
1.2.3
1.2.3
000.e
1e+
1e
1e+
abc
++1
1e-
0e
1e-
--2
++1
.
-
--2
--2
-
--2
abc
0e
1e
1e
+
e10
000.e
+
0e
000.e
.
.
1e
e10
1.2.3
e10
abc
-
1e
e10
1e
0e
000.e
-
e10
+
1ee2
1ee2
0e
1ee2
1ee2
abc
e10
++1
--2
e10
1.2.3
+
e10
1ee2
000.e
1e+
1.2.3
.
-
+
1e
++1
++1
++1
++1
000.e
e10
1.2.3
1e-
-
1e+
++1
-
e10
1e+
++1
++1
1e
-
000.e
000.e
000.e
+
e10
abc
+
1e-
000.e
000.e
abc
+
1e-
++1
1e-
1e+
-
1ee2
1e+
e10
0e
e10
--2
e10
+
--2
abc
000.e
1.2.3
+
1.2.3
e10
1e+
1.2.3
0e
++1
1ee2
1e+
1ee2
1e
--2
++1
++1
+
e10
1ee2
1e-
000.e
1e-
--2
000.e
000.e
-
1ee2
1e-
e10
.
+
1e-
e10
++1
1.2.3
++1
1.2.3
0e
.
.
0e
0e
e10
1e
e10
+
1e-
e10
0e
0e
000.e
e10
--2
--2
e10
1e
abc
1e+
-
000.e
1.2.3
000.e
++1
000.e
.
1e-
1e+
000.e
e10
1e
-
1e-
1e-
.
000.e
1ee2
-
abc
000.e
1e-
1.2.3
0e
1e
++1
000.e
-
000.e
abc
--2
.
0e
1.2.3
1e
.
1.2.3
1e+
1e+
+
1.2.3
-
abc
1ee2
.
-
abc
1.2.3
-
1e-
1.2.3
1e-
-
.
1e+
000.e
.
abc
1e-
-
1e
0e
1e-
1e
e10
0e
1e
1.2.3
1e
++1
e10
e10
1e+
--2
1e-
000.e
1ee2
0e
++1
1ee2
1.2.3
+
abc
1.2.3
--2
1e
1e-
1e
abc
.
e10
1e
1e+
abc
1e-
1e
1ee2
-
0e
1e+
abc
1e+
0e
1e
1e
1e
--2
.
1e+
1e
0e
abc
.
1ee2
+
.
0e
e10
0e
++1
++1
1e
1e+
.
++1
abc
1ee2
++1
0e
e10
000.e
++1
abc
1e+
1e+
abc
1e-
-
1ee2
0e
1e-
+
000.e
1e-
e10
000.e
1ee2
1e-
+
--2
++1
abc
.
000.e
1ee2
1.2.3
1e+
--2
+
1ee2
--2
000.e
1e+
++1
1e+
e10
.
1ee2
+
0e
.
1e
1e
--2
e10
e10
1e-
1e
+
-
++1
0e
1e-
1e-
++1
++1
--2
1e-
--2
1e+
1.2.3
++1
1e+
-
.
1.2.3
1e-
-
1e+
-
++1
-
1e
0e
+
--2
--2
--2
--2
1.2.3
1e-
0e
+
-
000.e
1e-
++1
e10
1e-
1ee2
--2
abc
1e+
000.e
1e
-
++1
.
1e-
1ee2
1e-
000.e
0e
0e
1ee2
++1
-
++1
+
abc
abc
1.2.3
.
e10
1e
e10
1e+
-
abc
-
1e-
++1
abc
abc
-
1e
--2
e10
1e+
abc
1e-
1ee2
1.2.3
000.e
0e
abc
1e+
++1
e10
1.2.3
0e
1e+
1e-
e10
--2
1e
000.e
.
1e+
+
1e+
abc
++1
.
.
1.2.3
-
000.e
+
1ee2
000.e
++1
1ee2
abc
abc
1e-
e10
++1
1e+
+
e10
1e+
1.2.3
++1
1e-
+
e10
1e
000.e
.
0e
e10
1ee2
+
1e+
+
1.2.3
1e
0e
-
000.e
+
e10
-
000.e
1e+
++1
0e
--2
++1
.
1e+
-
+
+
0e
0e
-
1ee2
1e+
1.2.3
000.e
+
++1
000.e
1.2.3
++1
000.e
1ee2
+
1e+
-
+
000.e
+
+
1e+
1.2.3
.
1e
abc
e10
1e+
abc
1ee2
abc
000.e
1e-
000.e
++1
1e-
e10
000.e
+
+
.
1.2.3
abc
+
.
++1
1.2.3
e10
e10
+
--2
1e-
1ee2
abc
1ee2
000.e
1ee2
000.e
1.2.3
1.2.3
1.2.3
0e
e10
1e+
+
0e
++1
0e
e10
000.e
1e+
1.2.3
.
1e-
1e-
1e+
1ee2
1.2.3
1e+
+
1e-
1e+
-
.
0e
1e
0e
++1
1e
abc
1e
1ee2
-
0e
abc
+
.
--2
++1
+
--2
-
1e
++1
1e+
.
-
e10
1ee2
--2
0e
--2
1ee2
++1
++1
000.e
--2
++1
--2
-
000.e
000.e
1ee2
abc
--2
-
--2
+
1ee2
e10
--2
+
000.e
1e+
000.e
0e
+
abc
++1
-
.
abc
1e+
abc
1e
++1
--2
-
1e+
1.2.3
abc
000.e
1e
000.e
1ee2
1.2.3
.
abc
1e+
-
000.e
e10
.
+
000.e
0e
000.e
abc
--2
1e+
e10
e10
abc
1.2.3
abc
0e
++1
1ee2
1ee2
1e
1ee2
e10
.
abc
1e+
1e+
--2
abc
000.e
1e-
.
1e+
++1
abc
000.e
0e
1e
-
--2
++1
+
abc
--2
1.2.3
0e
.
++1
+
0e
000.e
1e
0e
1ee2
--2
-
0e
+
1ee2
1e+
e10
1e
.
abc
e10
+
+
-
e10
abc
000.e
++1
+
1e+
-
++1
000.e
000.e
-
1e-
--2
--2
000.e
0e
000.e
000.e
1e
1ee2
1e-
1.2.3
abc
1ee2
.
1e+
+
++1
1e+
--2
1ee2
-
+
-
1e
abc
1e-
++1
1e-
000.e
1e+
1ee2
++1
--2
1ee2
1ee2
1ee2
--2
1e
000.e
+
++1
1e+
000.e
1e
abc
1.2.3
-
000.e
abc
000.e
000.e
1e-
--2
1ee2
--2
1e
abc
1e-
++1
abc
+
.
-
000.e
1e
--2
000.e
++1
e10
.
1e
1ee2
.
0e
000.e
1.2.3
e10
0e
--2
.
000.e
1e
0e
1.2.3
--2
000.e
++1
+
--2
000.e
++1
++1
.
++1
1e-
e10
--2
1ee2
+
--2
.
++1
e10
++1
1ee2
0e
1e+
1ee2
e10
.
1e
1ee2
++1
000.e
.
000.e
-
0e
1e+
+
-
1e
e10
000.e
0e
+
--2
e10
abc
1ee2
000.e
abc
+
1e
abc
1.2.3
1e+
1e+
e10
.
+
abc
--2
-
e10
000.e
+
e10
1e
0e
--2
.
-
-
1.2.3
e10
++1
000.e
0e
1ee2
1ee2
1e
1ee2
1e+
abc
.
-
1e-
1e
++1
-
.
e10
0e
.
0e
+
000.e
++1
1e-
+
1e+
-
e10
abc
000.e
-
000.e
1e
e10
abc
++1
--2
1e+
+
-
+
-
++1
000.e
++1
--2
--2
1e+
0e
+
1e+
abc
abc
1e-
+
1e-
abc
e10
.
1e
e10
abc
1ee2
1e
1e
abc
.
0e
1e+
--2
1ee2
1ee2
1e-
000.e
--2
1ee2
1e-
1e
1e+
--2
--2
000.e
1e+
1e
1e
.
++1
000.e
++1
1e-
abc
1e+
.
0e
1e-
.
abc
.
1ee2
abc
1.2.3
abc
000.e
.
+
1.2.3
1e-
abc
000.e
0e
e10
0e
--2
0e
000.e
0e
--2
1e
0e
1e+
1e
1.2.3
-
--2
1e
-
0e
+
1e-
e10
1ee2
1e
-
0e
e10
-
e10
e10
++1
+
++1
0e
e10
1ee2
000.e
1e+
+
abc
abc
e10
1e
000.e
0e
++1
++1
1e-
--2
e10
-
0e
000.e
--2
1ee2
1ee2
++1
1e+
++1
.
0e
000.e
++1
1.2.3
+
abc
000.e
1e-
000.e
0e
1e-
1e
e10
1e
1ee2
--2
0e
--2
.
000.e
000.e
abc
1e+
++1
--2
1e-
abc
.
1e
++1
-
1e+
1e
.
abc
1e
e10
1.2.3
000.e
++1
.
--2
--2
1e-
1e
0e
abc
++1
1e-
.
++1
1.2.3
1e
.
1e
0e
+
.
+
.
++1
++1
1.2.3
++1
.
-
1.2.3
0e
0e
.
--2
abc
++1
1e
+
++1
+
1ee2
1ee2
e10
+
1e+
000.e
abc
e10
-
1e
1ee2
-
000.e
--2
0e
++1
1e-
1ee2
0e
0e
1ee2
++1
0e
e10
1e-
1e+
1ee2
1.2.3
1e
1e+
++1
++1
e10
0e
+
abc
1ee2
1e
1ee2
--2
1ee2
+
000.e
--2
abc
1ee2
000.e
000.e
1e+
1e-
-
1e+
1ee2
--2
1e
++1
1e+
-
000.e
+
1.2.3
1e+
--2
1ee2
abc
e10
.
1e+
0e
-
1e-
1e+
--2
--2
.
.
.
1ee2
1e+
000.e
++1
.
1e+
abc
e10
1.2.3
+
abc
--2
1e-
.
1e+
1e
1e+
.
1ee2
1ee2
1.2.3
e10
abc
+
.
abc
--2
1ee2
1ee2
e10
1e
-
1e-
-
-
1e-
000.e
1e+
1e-
1ee2
1ee2
000.e
1e-
1e-
+
.
++1
+
.
1e-
++1
e10
1ee2
.
--2
.
-
000.e
1.2.3
000.e
1e-
0e
000.e
++1
1e
++1
1e+
--2
+
0e
0e
1e+
1e
1.2.3
1ee2
.
000.e
e10
000.e
1e+
e10
.
1e+
1e
1ee2
1e-
1e-
000.e
000.e
+
--2
-
.
-
e10
1e
e10
-
1e-
abc
abc
++1
.
1e-
++1
++1
1e-
000.e
abc
1.2.3
1e
+
+
-
e10
e10
1ee2
1.2.3
.
abc
1e-
1ee2
-
-
1e-
+
abc
++1
+
1e+
1e-
0e
++1
abc
1ee2
--2
.
e10
1.2.3
000.e
0e
abc
1e
1e+
-
-
1.2.3
--2
1ee2
--2
e10
abc
1e+
1ee2
1e+
1.2.3
++1
1ee2
1e-
+
1.2.3
1ee2
1e-
1ee2
1e
1.2.3
000.e
-
1ee2
1e
1e+
1ee2
1ee2
1ee2
1ee2
1e+
e10
1e-
0e
++1
1e+
-
--2
1.2.3
1e-
1.2.3
1.2.3
.
-
abc
0e
0e
1ee2
abc
1ee2
0e
abc
++1
abc
1.2.3
1e-
++1
1e+
--2
+
+
1e
-
000.e
--2
+
1e-
0e
1e-
1ee2
.
++1
++1
1e+
abc
1e+
1.2.3
1e-
++1
1e
1e-
000.e
++1
e10
1e
1e
+
1e+
1e-
+
000.e
1e
.
.
0e
1e+
1.2.3
1.2.3
1e+
--2
000.e
e10
-
-
1e
1.2.3
1.2.3
--2
+
1.2.3
abc
++1
+
000.e
000.e
abc
e10
++1
1e
1.2.3
1e
e10
1.2.3
+
abc
0e
abc
1e
1e+
1e-
1e
-
1ee2
1e
.
.
1e-
-
--2
++1
000.e
1e-
1e+
-
+
1ee2
0e
.
0e
-
1e-
0e
1ee2
e10
1e
abc
1e+
000.e
1ee2
abc
--2
1e+
--2
0e
1.2.3
1ee2
1e-
-
abc
.
1e-
++1
1e-
+
+
1ee2
--2
e10
.
abc
1e+
1e-
000.e
+
--2
abc
1e+
0e
1e
++1
1ee2
1e
e10
1e
000.e
000.e
-
0e
+
--2
1.2.3
1e
1e-
1e
-
+
0e
+
1e-
0e
abc
1ee2
e10
e10
--2
1e
e10
1e+
0e
abc
1e
1e+
++1
abc
abc
1e-
1e
000.e
--2
+
-
1ee2
1e-
--2
1e+
+
abc
abc
--2
abc
1e+
1ee2
e10
.
+
000.e
000.e
000.e
1ee2
-
++1
0e
1e
1e
--2
--2
1e
1.2.3
1e-
--2
1ee2
1.2.3
1e+
-
++1
--2
1e+
--2
1e
--2
e10
1e-
abc
1e-
++1
abc
1e+
-
abc
0e
1e-
1e
1e+
1e
1e+
1e
+
+
1e
1e+
++1
e10
e10
1e
-
+
1.2.3
.
-
--2
1e+
1e+
1e-
e10
1e-
-
++1
-
.
0e
1e+
-
-
1e+
e10
e10
+
0e
1e
1e-
0e
1ee2
1e-
1e+
1.2.3
1e
-
000.e
.
-
abc
--2
1e-
1ee2
1ee2
++1
1e
1e
0e
1.2.3
-
e10
--2
000.e
--2
e10
1e-
-
1.2.3
e10
-
1.2.3
abc
e10
++1
1ee2
1e+
1.2.3
0e
-
abc
-
abc
+
1ee2
000.e
abc
1.2.3
e10
.
+
1e
1e+
abc
000.e
1e
1e-
1ee2
0e
++1
e10
000.e
-
+
-
1e
++1
1ee2
-
0e
1.2.3
1e+
e10
1.2.3
--2
000.e
-
1e
-
1e+
abc
abc
000.e
1.2.3
++1
0e
1.2.3
--2
e10
++1
1e-
.
0e
e10
abc
1.2.3
0e
.
1e
0e
--2
1e-
0e
1.2.3
1e-
++1
e10
++1
000.e
000.e
1e-
1e+
++1
--2
1ee2
e10
-
-
1e+
-
e10
1e
1e+
++1
1e
.
0e
e10
1e-
++1
.
-
.
abc
1e
+
1e+
e10
+
++1
--2
--2
-
e10
000.e
1e
1.2.3
1e
1ee2
e10
-
1e+
+
abc
++1
1e-
0e
1e+
++1
1e+
1ee2
abc
++1
1ee2
1e+
-
-
--2
1e-
1e
1e
1e+
1e
abc
.
e10
++1
1ee2
1e-
abc
--2
-
000.e
1e
abc
.
1e
000.e
1ee2
1e+
--2
0e
0e
abc
--2
abc
+
1.2.3
abc
-
--2
.
abc
+
1e+
e10
000.e
.
+
--2
-
e10
000.e
-
1.2.3
1e-
abc
1.2.3
-
abc
000.e
1e
1e-
e10
+
1e-
+
--2
.
++1
0e
1e-
1e+
000.e
1ee2
-
0e
abc
0e
1e+
1ee2
000.e
-
1e
1e
abc
++1
--2
1ee2
0e
1.2.3
+
0e
1e
1ee2
.
+
0e
1e
1e
e10
+
++1
-
e10
abc
1.2.3
-
1e+
++1
1.2.3
1e-
0e
1e
000.e
1ee2
000.e
e10
--2
0e
1e+
+
++1
++1
1e+
abc
abc
-
1e
1e-
000.e
0e
-
.
1.2.3
+
-
000.e
1e+
1e+
1ee2
e10
000.e
-
+
0e
++1
1e-
1e-
e10
1.2.3
0e
+
+
1e+
abc
.
+
1e-
1e
0e
1e+
++1
1e
1e
--2
0e
e10
1.2.3
1e
1e+
+
1ee2
-
-
--2
.
.
1e
abc
e10
.
1e+
e10
e10
1e
+
abc
0e
000.e
1ee2
+
0e
1.2.3
1ee2
.
1e-
.
1e-
1e+
1e+
0e
1e+
++1
+
abc
1e
+
0e
000.e
1e+
abc
000.e
e10
-
000.e
abc
+
1e-
++1
e10
1.2.3
--2
1.2.3
000.e
0e
1e
+
+
+
-
e10
e10
e10
1.2.3
1e-
000.e
abc
1e-
000.e
1.2.3
++1
+
000.e
1e+
--2
1e+
1ee2
000.e
-
abc
0e
1ee2
.
+
.
1ee2
-
--2
000.e
000.e
+
--2
abc
e10
.
1e-
abc
.
1ee2
1e+
0e
1e-
1e
1e+
+
++1
1e
0e
+
1e-
1ee2
1e+
--2
1e
--2
0e
.
++1
-
1e-
000.e
1e+
++1
-
1ee2
1e-
1e+
abc
-
1e
++1
abc
.
1e-
-
000.e
+
+
000.e
++1
1e
++1
1e
+
1ee2
000.e
--2
abc
++1
.
++1
e10
1e+
e10
1.2.3
.
000.e
++1
+
--2
1e-
1e-
1e
0e
.
++1
e10
-
1e-
000.e
1.2.3
-
1.2.3
.
-
1e-
000.e
1e+
--2
+
abc
++1
0e
1ee2
0e
1e
--2
000.e
-
0e
e10
0e
1ee2
1e
--2
e10
e10
+
abc
000.e
--2
1e
+
-
abc
+
+
.
abc
1.2.3
1e+
.
--2
--2
.
--2
+
1e+
1ee2
abc
+
000.e
--2
.
e10
e10
000.e
0e
1e
0e
1e+
-
+
1e
-
1e
--2
--2
e10
0e
1.2.3
1e-
1e+
e10
0e
.
1e
1e-
1e
++1
-
-
1ee2
+
-
1ee2
1e
abc
1e
1e
1ee2
000.e
.
-
000.e
-
1.2.3
-
1e-
--2
1.2.3
1ee2
++1
e10
+
1e
1e
.
++1
.
e10
--2
-
1e
0e
1.2.3
000.e
abc
0e
-
.
abc
1ee2
000.e
1e
e10
1e+
0e
.
1e+
++1
+
e10
--2
0e
0e
1e+
1.2.3
--2
1e
abc
000.e
-
+
+
e10
1e-
1ee2
1e
e10
+
1.2.3
--2
e10
0e
++1
.
1e-
1.2.3
abc
1e-
1e+
1e
0e
000.e
--2
0e
+
0e
.
1ee2
.
abc
1e+
+
1.2.3
1e+
-
1e-
000.e
--2
.
++1
e10
1e+
0e
.
1e-
+
1e-
1e
1e+
0e
.
.
1e
abc
1e
0e
0e
0e
--2
1ee2
+
++1
1.2.3
1e
+
1ee2
-
.
1ee2
000.e
.
-
.
0e
1e-
1ee2
+
1e
-
000.e
1.2.3
abc
1e
1e
1.2.3
1.2.3
0e
1e
000.e
++1
++1
1e-
e10
1e-
e10
1.2.3
0e
1e
+
1e-
e10
1e+
e10
1.2.3
1.2.3
--2
e10
--2
1e+
++1
++1
1e+
0e
+
1e
1ee2
1.2.3
abc
+
abc
1.2.3
-
++1
+
1ee2
abc
1e
--2
++1
1e
abc
1.2.3
abc
0e
abc
1e-
--2
1e+
-
+
1e-
1.2.3
-
1e-
+
-
.
abc
1e-
.
-
++1
.
.
abc
1e
--2
1e+
0e
1e-
e10
1e-
000.e
1e-
1ee2
++1
1.2.3
--2
e10
+
abc
--2
1ee2
+
1e
e10
e10
0e
-
000.e
e10
1e-
--2
1e+
1e
1e+
1e-
1.2.3
1e-
++1
+
--2
1ee2
1e+
e10
++1
+
--2
0e
-
1e+
--2
0e
0e
.
1e-
1e
1e+
++1
-
1e+
1.2.3
-
1ee2
1.2.3
++1
-
++1
0e
+
1.2.3
1ee2
0e
1e
.
1e-
1e
1e-
1e-
1e
-
1e+
abc
+
.
-
--2
++1
000.e
.
abc
000.e
-
e10
++1
-
1ee2
1e
1.2.3
1e+
1.2.3
--2
e10
-
000.e
.
--2
000.e
0e
.
++1
+
1e
1e
000.e
1.2.3
e10
1e
+
0e
0e
1e+
1.2.3
000.e
--2
.
1e
1e-
1e
-
1.2.3
0e
-
e10
-
abc
++1
e10
000.e
1e
--2
+
e10
1e-
1ee2
--2
1.2.3
+
e10
e10
1e
1.2.3
000.e
abc
1e
e10
0e
000.e
000.e
1ee2
e10
1e+
+
-
--2
--2
--2
abc
1e+
0e
1.2.3
+
++1
1.2.3
.
+
0e
--2
-
++1
1.2.3
++1
+
1e-
1e
--2
1e-
-
++1
++1
1ee2
1e
abc
+
1e-
.
1ee2
1e-
+
e10
++1
abc
e10
e10
abc
000.e
000.e
1.2.3
abc
+
1ee2
000.e
.
+
1e-
1.2.3
-
1e
--2
000.e
000.e
abc
1ee2
--2
1.2.3
++1
000.e
000.e
e10
.
1ee2
1e+
-
-
e10
1e+
.
1e
1e
1e+
0e
-
-
1e-
1ee2
.
1e+
1e+
1e
.
.
0e
++1
000.e
e10
abc
+
++1
0e
+
+
1e-
-
1.2.3
--2
++1
000.e
000.e
.
1e
e10
.
1e+
0e
.
abc
.
--2
0e
1e-
-
--2
++1
+
0e
++1
-
000.e
--2
1.2.3
--2
e10
1.2.3
1.2.3
+
++1
++1
--2
.
.
1e+
1e
1e-
-
e10
-
++1
+
1.2.3
1.2.3
1ee2
1e
++1
-
-
abc
0e
--2
000.e
+
abc
1e-
0e
1ee2
.
1e
1ee2
abc
000.e
000.e
++1
1e
--2
+
000.e
0e
0e
++1
--2
.
-
+
0e
abc
e10
++1
1.2.3
-
1e-
0e
1.2.3
1e+
0e
.
0e
0e
++1
1.2.3
-
abc
++1
-
++1
abc
-
++1
e10
1e-
.
+
000.e
-
--2
abc
0e
.
000.e
++1
1e-
0e
++1
1.2.3
++1
++1
--2
+
1ee2
--2
e10
abc
1e+
1ee2
1e
1.2.3
1e-
++1
-
1.2.3
+
+
++1
abc
e10
1e
1.2.3
0e
0e
.
0e
1ee2
000.e
0e
1e+
1e
1.2.3
abc
e10
abc
000.e
.
--2
abc
-
abc
000.e
abc
1e
1.2.3
.
+
abc
0e
-
+
0e
e10
1e+
000.e
1ee2
.
1e
-
--2
+
1e
e10
1e
.
--2
+
.
.
++1
1.2.3
1e
000.e
-
000.e
1.2.3
e10
1e-
000.e
1.2.3
1e+
--2
+
1e-
000.e
++1
+
1ee2
000.e
-
--2
e10
+
-
.
000.e
1.2.3
e10
--2
-
--2
1e+
+
++1
.
abc
1e+
abc
1e+
1.2.3
.
e10
-
1.2.3
-
1e+
1.2.3
1.2.3
++1
1.2.3
e10
-
1e
1e
.
1e
e10
1.2.3
1e+
+
-
1e-
1e
e10
000.e
--2
1e+
1e-
1e
1e+
1.2.3
0e
--2
000.e
1ee2
--2
+
1e
--2
1e-
1.2.3
1e-
-
e10
--2
.
000.e
000.e
.
.
+
000.e
000.e
e10
-
1.2.3
0e
abc
0e
1ee2
1e
.
1e
++1
0e
1.2.3
000.e
+
-
1.2.3
--2
1ee2
1ee2
0e
e10
.
1ee2
+
e10
1e-
+
1ee2
++1
1e
--2
1ee2
-
1ee2
+
++1
+
--2
1ee2
1ee2
+
e10
1ee2
000.e
abc
--2
000.e
e10
++1
1ee2
--2
+
.
++1
abc
1.2.3
1e
+
000.e
1e+
0e
.
--2
1.2.3
.
1e-
1e+
1ee2
000.e
e10
abc
1e-
.
-
1.2.3
1.2.3
0e
1e-
-
-
e10
.
--2
-
-
1e-
0e
abc
1e+
.
--2
1ee2
e10
1e+
+
-
--2
1e
+
--2
1.2.3
000.e
000.e
0e
--2
1ee2
0e
e10
000.e
--2
1.2.3
++1
1e+
1e
.
000.e
+
+
1e-
.
0e
1e-
1e-
++1
+
++1
0e
e10
+
-
1e
.
e10
++1
1e
abc
000.e
0e
+
1.2.3
++1
1e-
000.e
1e+
1ee2
+
.
++1
.
+
-
+
e10
1.2.3
+
abc
e10
--2
0e
000.e
-
1.2.3
--2
-
e10
+
1.2.3
e10
abc
-
1ee2
000.e
1e+
1e
1.2.3
1e-
0e
.
--2
0e
++1
0e
1ee2
1.2.3
-
1e+
1.2.3
1e+
.
-
e10
.
0e
0e
+
1ee2
1e+
.
1e+
0e
-
++1
000.e
1.2.3
e10
--2
++1
.
.
++1
1ee2
1e
--2
1e+
e10
-
e10
1e-
1e-
e10
1e+
1ee2
1e-
1e+
1e
1e+
1.2.3
-
+
1e-
1ee2
e10
++1
++1
abc
1.2.3
1e+
++1
0e
1e-
1.2.3
+
1.2.3
.
1ee2
+
+
1e-
-
.
--2
.
e10
1ee2
1ee2
1.2.3
abc
1e+
-
.
000.e
e10
1ee2
.
1e
1ee2
1e
1.2.3
1e-
e10
1e+
abc
--2
000.e
abc
+
abc
1e
--2
000.e
000.e
1e
+
++1
1e+
-
.
1e+
.
+
-
000.e
--2
000.e
abc
-
1e+
+
+
e10
++1
1e-
++1
-
1.2.3
abc
1e-
1e
e10
1e
1ee2
000.e
++1
abc
1e-
1e+
1.2.3
1e
1e
1e
+
.
-
1e
-
++1
000.e
0e
abc
-
1.2.3
-
--2
+
-
e10
++1
abc
1.2.3
0e
1e-
0e
1ee2
abc
1ee2
--2
1ee2
-
++1
--2
1e-
1.2.3
1ee2
abc
1e-
000.e
1e
+
000.e
000.e
1ee2
++1
0e
1e+
000.e
.
1e+
abc
+
++1
abc
1ee2
+
+
++1
1.2.3
1e+
1e-
++1
.
abc
-
-
-
1e
--2
++1
-
+
e10
0e
+
1e
-
000.e
+
+
-
1e
1.2.3
++1
1.2.3
0e
e10
-
.
+
abc
+
--2
+
.
--2
.
1e
.
+
1e-
1e+
1e
1e
0e
.
.
++1
abc
1e+
++1
1ee2
1.2.3
++1
--2
000.e
+
--2
000.e
++1
0e
++1
e10
1e-
++1
000.e
1e+
1e
1e-
++1
e10
0e
abc
++1
.
1ee2
000.e
000.e
+
--2
1e
e10
1e+
+
++1
--2
1.2.3
abc
1e
abc
++1
1.2.3
+
1e
0e
--2
.
.
0e
.
.
1.2.3
1e+
1ee2
0e
1e
+
+
000.e
0e
000.e
1.2.3
1e-
-
1e
++1
000.e
+
+
0e
1e-
-
++1
1e-
abc
.
++1
0e
.
0e
1e
0e
--2
1e+
1e+
1.2.3
0e
++1
-
1ee2
1.2.3
--2
1e
1e+
--2
+
++1
1e
abc
+
.
-
e10
-
-
++1
++1
1e
1e
1e-
1e+
.
e10
e10
1e
+
1e+
0e
--2
1e-
abc
1e-
e10
+
1e+
.
e10
1ee2
1ee2
-
abc
abc
--2
--2
1.2.3
1e+
1e
e10
-
000.e
1.2.3
++1
abc
1ee2
--2
1e+
1e+
1e
+
1.2.3
1e-
1.2.3
abc
1e
0e
1e-
abc
-
1e+
1ee2
++1
-
--2
1e
abc
+
0e
e10
1e
abc
1e
--2
1e
+
+
1ee2
--2
1e
1ee2
-
+
1e+
-
abc
.
e10
1e-
1.2.3
1e-
1e+
--2
000.e
1e-
--2
0e
1e+
abc
1e
--2
1e+
e10
--2
--2
1e-
0e
0e
++1
.
0e
+
+
--2
1.2.3
+
1ee2
000.e
.
+
1e+
abc
.
1.2.3
+
1e+
0e
1.2.3
1e-
--2
abc
1ee2
1e
.
--2
--2
e10
0e
1.2.3
+
1e
1e
--2
.
1.2.3
--2
--2
--2
1e
abc
--2
1e+
0e
--2
1.2.3
000.e
0e
000.e
abc
0e
1e-
1e
+
e10
1e+
1e-
-
abc
1e+
.
--2
1e
--2
.
-
000.e
e10
++1
1e
+
0e
1e+
++1
1ee2
0e
++1
000.e
-
e10
++1
e10
0e
1.2.3
e10
000.e
000.e
--2
1e
-
1e
--2
000.e
1e
1e+
abc
1e-
e10
0e
1.2.3
1e
1e-
abc
+
000.e
1.2.3
1.2.3
1ee2
+
+
abc
1e+
+
1.2.3
e10
++1
1e+
1.2.3
e10
e10
.
+
.
++1
abc
1ee2
1e-
0e
-
1e
abc
1e
0e
e10
000.e
1e+
0e
+
0e
1.2.3
000.e
0e
e10
0e
1ee2
1.2.3
--2
000.e
1.2.3
1.2.3
1.2.3
000.e
000.e
1.2.3
.
1e
1e-
0e
e10
-
1e+
1e
abc
0e
000.e
e10
abc
+
1e+
e10
0e
0e
1ee2
abc
1.2.3
abc
abc
.
++1
abc
--2
000.e
0e
.
+
1e-
1e
1e-
-
e10
-
++1
-
e10
-
.
++1
0e
-
0e
-
.
1.2.3
.
1e+
1e
-
e10
++1
1ee2
1.2.3
++1
000.e
abc
1e
+
abc
abc
+
+
++1
1.2.3
abc
1e+
1e-
--2
1e-
1.2.3
1e
-
1.2.3
1e-
--2
1.2.3
.
1e+
0e
1.2.3
1.2.3
1e-
0e
1e
.
1e-
e10
1ee2
+
1.2.3
1e-
++1
0e
1e-
1e-
e10
-
1e
1e
000.e
1.2.3
.
1e-
e10
e10
000.e
000.e
000.e
abc
1.2.3
--2
.
e10
1e
1ee2
.
--2
000.e
abc
e10
1ee2
-
.
abc
+
1ee2
1.2.3
1e
e10
1e-
-
000.e
1e+
++1
-
--2
1.2.3
.
-
--2
0e
1e
.
.
0e
1e
1e-
000.e
e10
0e
1e-
1.2.3
abc
000.e
1.2.3
0e
--2
--2
1e+
0e
abc
1.2.3
1e+
1e-
+
-
1e
1.2.3
1.2.3
1e+
+
1.2.3
1e-
--2
0e
1e+
1e+
+
abc
1e-
000.e
1.2.3
abc
1e-
-
1e+
1e
1e-
0e
1ee2
1e
1e
e10
+
+
1ee2
++1
1.2.3
000.e
1.2.3
1e+
++1
1e-
.
++1
0e
1e-
+
-
--2
1e-
1.2.3
1e+
++1
--2
000.e
1e-
e10
0e
++1
1.2.3
abc
1e+
++1
1e-
--2
1e
--2
1e+
1e+
e10
e10
1e+
e10
1e
.
0e
1e+
-
++1
+
1.2.3
0e
abc
--2
0e
0e
++1
1e
-
000.e
000.e
.
--2
1ee2
000.e
1e-
.
0e
000.e
+
e10
abc
.
000.e
-
++1
0e
.
e10
+
0e
++1
--2
++1
1e-
1e
1e+
1e
0e
+
1ee2
1ee2
1e-
abc
+
e10
-
e10
1.2.3
1e+
1e-
1e+
0e
1.2.3
-
1e+
1.2.3
++1
e10
1e
1e-
abc
--2
1e-
1e+
+
1e+
e10
1e+
1ee2
++1
++1
1e-
+
++1
1.2.3
000.e
abc
1e-
1e
1e-
--2
e10
1e-
e10
1e
1e+
1e-
++1
--2
e10
000.e
1.2.3
++1
000.e
1.2.3
++1
1e+
--2
--2
--2
1.2.3
-
1e
++1
1ee2
e10
-
++1
abc
.
.
-
1e-
1e-
1ee2
+
000.e
1e-
0e
--2
1e
++1
1ee2
000.e
abc
-
e10
e10
1e
abc
--2
--2
1.2.3
e10
-
-
e10
abc
1e+
0e
000.e
e10
+
0e
1e+
--2
0e
1.2.3
0e
1e-
.
-
1e
+
.
--2
1e-
--2
1e+
000.e
+
1e
1e+
.
1e+
1e-
--2
-
+
+
.
--2
1.2.3
000.e
1e
--2
0e
1.2.3
000.e
000.e
000.e
1e
e10
-
+
.
1ee2
--2
1e
-
+
1.2.3
e10
1e
0e
--2
+
1e
++1
1e-
abc
--2
--2
e10
000.e
+
--2
-
abc
0e
0e
1.2.3
+
+
0e
1ee2
+
0e
000.e
1e+
1ee2
000.e
1.2.3
0e
1.2.3
+
+
++1
1.2.3
0e
.
1e+
++1
e10
-
-
1.2.3
1e+
0e
1e+
--2
000.e
1e
1ee2
--2
-
++1
1.2.3
1e+
abc
0e
1e
abc
++1
++1
000.e
++1
--2
abc
000.e
0e
--2
1e
-
++1
-
-
abc
--2
-
e10
1.2.3
-
--2
-
-
+
-
abc
--2
-
1e+
000.e
1.2.3
abc
--2
1.2.3
000.e
-
++1
1e
abc
++1
1ee2
.
1e+
+
+
-
++1
000.e
000.e
e10
1.2.3
++1
000.e
1e-
1.2.3
1.2.3
1e-
000.e
abc
0e
000.e
+
1.2.3
.
++1
.
0e
++1
-
1.2.3
1e
000.e
--2
+
1e+
+
--2
--2
.
abc
1e
abc
++1
0e
1ee2
1.2.3
.
0e
abc
++1
+
e10
0e
0e
++1
000.e
0e
abc
1e-
1e-
.
-
0e
000.e
1ee2
abc
1e-
1e-
1e
1.2.3
+
1ee2
--2
1e
++1
.
--2
.
1e-
e10
.
abc
++1
000.e
1e-
1e-
abc
e10
000.e
e10
e10
--2
++1
1e-
0e
abc
-
--2
0e
.
e10
1e-
1e
-
+
1e+
abc
0e
1.2.3
1ee2
1.2.3
.
.
abc
e10
000.e
abc
--2
1e
.
1.2.3
1.2.3
e10
.
--2
e10
e10
1e-
1.2.3
1.2.3
0e
1e
-
+
e10
1ee2
000.e
-
.
1e+
0e
+
1.2.3
1ee2
abc
1e
1e+
000.e
1ee2
abc
1e
1e
1e+
abc
1e-
000.e
e10
1e
1e-
1.2.3
.
1ee2
abc
0e
++1
1e-
1e-
.
++1
1ee2
1e+
1ee2
1.2.3
-
e10
1e-
.
+
1e
0e
1ee2
--2
e10
++1
1.2.3
1.2.3
1e
--2
-
.
1e
1e-
.
0e
-
++1
-
e10
1.2.3
1e+
0e
0e
.
++1
1e-
.
e10
+
--2
000.e
++1
--2
++1
1e
1e
1e
-
1.2.3
1e-
+
1e-
1e-
1ee2
0e
.
1ee2
1e
0e
1e-
.
++1
1e
-
-
1e+
1e
000.e
1e
0e
.
++1
1e
1ee2
++1
e10
++1
1e-
0e
0e
1ee2
1e
1e+
e10
1e+
-
1e+
1ee2
1ee2
+
1ee2
0e
1e+
abc
1ee2
--2
--2
.
+
0e
1e-
++1
--2
-
0e
abc
1ee2
+
000.e
1e-
1e
++1
1e+
--2
+
000.e
1e+
1e-
.
1e-
1e+
++1
1ee2
000.e
000.e
0e
+
1e
e10
1ee2
0e
1e
-
++1
1e+
++1
+
.
abc
-
+
000.e
--2
0e
e10
+
1.2.3
000.e
1e+
1ee2
0e
1ee2
1ee2
000.e
.
e10
e10
1e+
.
1e-
+
1e+
1.2.3
0e
-
--2
--2
--2
--2
1e
-
++1
1.2.3
1e+
--2
1e
-
.
++1
e10
000.e
.
e10
+
0e
--2
++1
++1
+
1e-
.
1ee2
1e+
000.e
-
1e+
e10
000.e
1e+
e10
1e-
1e+
1ee2
0e
1e+
e10
--2
-
+
--2
--2
000.e
.
+
+
e10
1e
1ee2
.
1.2.3
000.e
.
000.e
1e-
e10
abc
++1
++1
.
+
++1
e10
1e+
1e-
-
1e-
-
-
e10
0e
0e
1e+
e10
--2
+
.
1.2.3
e10
++1
+
1e-
0e
++1
1e+
+
++1
+
1e-
000.e
.
1.2.3
1e-
+
--2
1.2.3
1e+
0e
e10
++1
+
1ee2
++1
1e+
-
1e+
0e
1e+
--2
1e
1e+
1.2.3
.
1e
-
e10
--2
.
0e
--2
e10
+
1.2.3
1e+
--2
1.2.3
1e+
-
1e+
--2
.
abc
abc
abc
+
1e
++1
0e
1ee2
1.2.3
+
1e
1e-
abc
+
1e+
+
1e+
abc
000.e
--2
++1
1e-
1e-
0e
1ee2
1.2.3
abc
0e
+
e10
1e+
1e
+
abc
000.e
-
0e
-
1.2.3
++1
1.2.3
++1
.
1e+
-
000.e
1e+
1e
+
0e
1e
-
1e+
000.e
1e+
1e
1e+
1e-
000.e
1e
-
.
-
+
1ee2
--2
1e
abc
-
1e
0e
-
--2
++1
-
+
+
.
1.2.3
000.e
1.2.3
e10
abc
.
1e
--2
++1
1ee2
1e+
++1
000.e
1e
+
1.2.3
+
1e
abc
1e
--2
1e
1e
e10
.
abc
000.e
000.e
+
000.e
-
-
abc
1.2.3
1.2.3
abc
1e-
e10
+
1e
1.2.3
000.e
++1
+
.
1e+
1.2.3
1e-
1e+
+
1e-
abc
1e+
1ee2
1ee2
0e
abc
e10
1e-
1ee2
1e
--2
1e+
1ee2
abc
++1
abc
e10
0e
1e-
1.2.3
1e
1e-
++1
-
1e-
1e+
abc
-
1.2.3
0e
++1
0e
++1
1e+
0e
--2
000.e
1e-
e10
+
e10
1e-
++1
000.e
0e
1e-
--2
1e+
+
1e+
-
--2
--2
1e
0e
0e
1ee2
.
-
000.e
e10
abc
000.e
1ee2
abc
1e
1ee2
1e
++1
1e+
-
1e-
.
--2
abc
abc
-
-
000.e
1e
1e
1.2.3
0e
1ee2
1e
0e
e10
000.e
+
1e+
0e
1e+
++1
0e
000.e
1.2.3
000.e
e10
-
1e+
1e
1e
000.e
++1
abc
1e+
abc
.
+
1ee2
+
1.2.3
1e+
000.e
1.2.3
++1
e10
1e
abc
1ee2
1ee2
-
-
++1
1e+
000.e
1e-
abc
e10
0e
.
1e
000.e
+
abc
0e
abc
-
e10
e10
.
--2
-
--2
-
1e
0e
-
e10
-
--2
++1
1e+
.
1e-
-
abc
.
abc
e10
--2
1e-
0e
1.2.3
1e
.
++1
1e+
abc
+
+
1e-
e10
abc
1e+
.
+
000.e
0e
--2
1.2.3
1ee2
0e
e10
1.2.3
e10
abc
1e
0e
--2
--2
e10
++1
1e
1e
1e-
1e
--2
1e
--2
--2
--2
1ee2
0e
+
e10
000.e
1.2.3
1e-
1e+
+
e10
000.e
1e
1e+
-
1e-
1.2.3
+
1e-
0e
+
1.2.3
++1
.
e10
1e-
abc
-
--2
1e
.
1e+
-
1e
1e-
--2
++1
+
--2
+
1.2.3
1e+
e10
1e+
000.e
0e
1.2.3
-
000.e
--2
0e
.
+
1.2.3
000.e
0e
--2
0e
0e
++1
+
.
1e-
1e
1e-
abc
+
1.2.3
1ee2
000.e
-
++1
1ee2
1e-
++1
--2
000.e
+
+
e10
e10
0e
0e
--2
1e-
-
1e+
000.e
0e
1e+
1e-
--2
1e-
000.e
+
e10
000.e
1e-
+
1e-
000.e
1e
1e-
1e
-
--2
0e
000.e
--2
1.2.3
1e
1e+
000.e
0e
1.2.3
.
1ee2
++1
0e
1.2.3
1e-
1e
+
0e
++1
1e-
.
1ee2
.
1e+
+
0e
++1
.
1e+
--2
1e
-
++1
1.2.3
-
++1
abc
1e
1e+
1.2.3
1e
1.2.3
abc
+
e10
.
1ee2
1e-
1e
--2
e10
1.2.3
1e+
e10
+
+
e10
0e
abc
1e
.
++1
0e
1.2.3
1e
+
1.2.3
0e
.
++1
+
.
1ee2
000.e
e10
+
1e
-
1ee2
-
000.e
++1
1e+
e10
1ee2
.
1.2.3
.
1.2.3
1ee2
1ee2
0e
abc
-
-
1e-
abc
1.2.3
1e+
1ee2
0e
1.2.3
000.e
000.e
e10
1.2.3
0e
+
+
1e
.
abc
abc
1e
e10
1e
1e-
1.2.3
1e
0e
-
-
1e
++1
1.2.3
++1
0e
1e+
+
+
e10
1.2.3
e10
abc
e10
0e
1e-
1ee2
e10
0e
1.2.3
-
++1
1e+
1ee2
000.e
e10
1e
1ee2
1e+
-
0e
abc
.
1e-
e10
1e-
++1
--2
1ee2
abc
+
++1
.
-
.
0e
1e+
.
1e
1e-
--2
0e
1e
1e-
000.e
.
++1
--2
++1
-
000.e
--2
+
++1
+
--2
--2
1e
+
1e
1e+
1.2.3
.
0e
1e
+
.
1.2.3
-
e10
abc
e10
000.e
--2
.
1e+
000.e
0e
1ee2
1e-
++1
1e-
1e+
1e
1ee2
e10
1e
000.e
1e
000.e
+
1e
++1
e10
-
+
1e-
.
abc
1e
e10
1e-
+
0e
.
abc
-
+
++1
-
abc
000.e
.
1e
1e+
e10
e10
+
0e
e10
+
1e
.
.
1e
-
--2
++1
000.e
1e+
1e-
-
1ee2
1e+
abc
1e+
++1
0e
+
1.2.3
++1
++1
+
1e+
--2
abc
000.e
1.2.3
abc
0e
1e+
abc
1e
+
1ee2
1e-
1e-
1.2.3
0e
-
abc
000.e
1e+
.
e10
1.2.3
-
-
abc
000.e
e10
1e-
abc
-
0e
1ee2
e10
e10
+
--2
1e+
.
000.e
++1
.
abc
1.2.3
.
.
000.e
e10
--2
1ee2
1ee2
1e
-
-
1.2.3
1e-
000.e
0e
.
1e-
e10
++1
+
0e
.
0e
1e+
1.2.3
1e
++1
0e
-
++1
1.2.3
abc
1e
+
e10
0e
1e-
000.e
1e
-
1e-
1ee2
.
1e
.
e10
000.e
000.e
1e-
1e+
1e+
1.2.3
.
abc
000.e
+
++1
-
.
1.2.3
1e-
1e-
0e
1.2.3
1ee2
000.e
e10
.
abc
1e
++1
000.e
-
e10
0e
++1
++1
abc
1ee2
0e
0e
abc
abc
abc
+
-
1e-
1.2.3
+
0e
+
.
--2
1e+
1e
000.e
e10
1e
1e-
e10
.
1.2.3
-
--2
--2
0e
abc
1e-
.
1ee2
0e
.
-
0e
000.e
1ee2
1.2.3
1e-
e10
.
1.2.3
000.e
1e-
.
1e-
1ee2
1.2.3
abc
e10
.
-
abc
1.2.3
1e
1ee2
000.e
1e
-
abc
abc
1e+
+
000.e
-
1.2.3
0e
1e-
+
1e
++1
1.2.3
.
1e-
--2
.
-
000.e
.
1ee2
+
000.e
.
++1
1e+
++1
abc
0e
++1
1.2.3
000.e
1.2.3
-
+
1.2.3
.
000.e
e10
1.2.3
e10
1.2.3
abc
1e
.
--2
1ee2
.
1e-
.
1e
abc
.
1.2.3
1.2.3
000.e
1e
+
.
1e-
-
+
+
1e
--2
1e
++1
--2
1e+
000.e
1.2.3
.
1e+
abc
1e+
.
abc
1e
0e
-
1ee2
1.2.3
000.e
1ee2
abc
1e+
.
e10
1e
e10
0e
0e
+
1e+
1.2.3
-
.
.
1e
--2
1.2.3
1.2.3
000.e
-
+
+
1.2.3
1.2.3
e10
1e
000.e
abc
000.e
1e+
--2
0e
+
1e
1ee2
1e+
000.e
.
+
.
+
1e
e10
1e+
1.2.3
1.2.3
abc
1e-
0e
1e-
--2
0e
000.e
++1
1e
000.e
1ee2
+
000.e
e10
-
.
1ee2
++1
1.2.3
e10
1e+
1e+
abc
e10
--2
-
abc
1.2.3
1e+
--2
1e-
0e
.
++1
1e+
+
abc
e10
abc
++1
1.2.3
+
-
0e
++1
abc
+
1.2.3
0e
1ee2
e10
-
-
1e+
1e-
1e-
-
.
-
--2
--2
1e
1ee2
000.e
--2
+
abc
1e+
abc
1.2.3
--2
++1
.
-
1ee2
+
++1
1e+
1e
-
++1
000.e
++1
1e+
--2
e10
0e
1e+
--2
-
1ee2
-
.
abc
1ee2
-
1.2.3
1ee2
0e
1.2.3
1ee2
e10
1ee2
--2
.
++1
000.e
1.2.3
000.e
1e
1e-
1ee2
1e
+
1e
1e-
-
.
abc
e10
000.e
abc
000.e
1e+
1.2.3
.
abc
--2
1e-
++1
--2
-
e10
1e
--2
1e
1e+
.
1e
0e
.
--2
e10
1ee2
1.2.3
.
--2
-
1e-
e10
-
e10
000.e
1e+
000.e
+
1.2.3
e10
1.2.3
0e
.
000.e
++1
1e-
1e+
1.2.3
-
0e
abc
0e
1.2.3
.
+
-
1e-
1ee2
1e+
-
++1
1e
1e+
1e+
1ee2
abc
000.e
+
abc
1e-
1e+
1ee2
-
1e-
-
000.e
.
0e
--2
1e
0e
000.e
++1
1e
.
-
abc
1e+
abc
1e-
--2
+
1.2.3
1e-
--2
e10
1.2.3
.
.
.
1ee2
1e
abc
--2
1.2.3
+
abc
1e-
.
++1
++1
1ee2
-
-
.
1e
abc
1ee2
--2
abc
.
1e-
++1
abc
0e
1ee2
1e
+
abc
1ee2
++1
000.e
.
1.2.3
1.2.3
0e
++1
1e
000.e
000.e
abc
1e
e10
1e-
1.2.3
++1
1e-
e10
.
1e-
1e+
000.e
.
1e-
1.2.3
1e-
--2
1e
.
1e
1.2.3
.
1e+
.
abc
1.2.3
.
-
+
000.e
0e
abc
1ee2
--2
--2
1e+
--2
.
--2
0e
1ee2
1e
1ee2
-
e10
+
.
1ee2
.
000.e
-
0e
1e
0e
000.e
abc
1e+
1e+
.
1e
+
e10
1e+
1e
abc
-
000.e
++1
1.2.3
++1
1e+
++1
+
--2
--2
-
1ee2
-
-
abc
.
abc
+
abc
+
+
-
--2
1e+
1e
000.e
1.2.3
.
-
+
abc
0e
-
1e
1.2.3
1e
--2
000.e
1e+
1e-
1.2.3
1.2.3
--2
e10
e10
++1
1e+
000.e
000.e
+
.
-
++1
1ee2
0e
+
e10
e10
e10
-
0e
--2
000.e
1ee2
1e+
e10
1e-
--2
.
0e
1ee2
1.2.3
1e+
.
.
0e
--2
000.e
1e-
-
1e+
.
++1
.
1e-
0e
e10
--2
e10
abc
e10
+
e10
1e+
1e-
--2
-
--2
1e
1.2.3
1ee2
1e+
+
1e
e10
--2
e10
1e+
+
1.2.3
e10
.
1e
.
e10
1ee2
0e
-
000.e
1e+
1ee2
000.e
000.e
e10
abc
1e
++1
1e-
.
1ee2
e10
+
-
-
+
.
1e+
abc
1e+
++1
+
-
000.e
e10
abc
0e
abc
1e+
+
.
e10
--2
--2
--2
--2
-
abc
1ee2
1.2.3
1e
000.e
1.2.3
--2
++1
+
1.2.3
1e
1.2.3
0e
++1
--2
1e-
000.e
.
abc
+
-
+
1e-
1e-
0e
e10
0e
1e
000.e
+
abc
-
1.2.3
1e-
0e
.
1e
1ee2
abc
-
1e
--2
++1
e10
.
+
1e
1.2.3
1ee2
1e-
-
e10
1.2.3
1ee2
--2
+
++1
1ee2
1e-
-
.
--2
abc
1ee2
.
++1
abc
1.2.3
+
1ee2
1.2.3
1ee2
-
1.2.3
abc
e10
--2
1e-
1e
.
--2
1ee2
1.2.3
-
-
000.e
1e+
1e+
abc
1e-
e10
+
1e
+
000.e
1ee2
+
1e
1.2.3
1e+
0e
.
--2
.
000.e
1e-
-
1e
abc
1e
0e
1e
1e-
.
.
1e-
--2
-
abc
1.2.3
1e
+
abc
000.e
0e
e10
abc
++1
abc
000.e
1.2.3
1ee2
1.2.3
1e-
1e+
++1
0e
1e+
abc
1ee2
1e-
abc
abc
1e
1e-
1e+
1.2.3
1e-
++1
1.2.3
-
1e+
1.2.3
+
1e-
1e
--2
1e
e10
0e
000.e
0e
1.2.3
1e+
+
+
1.2.3
abc
e10
1ee2
e10
1e
++1
0e
--2
++1
1e
1e-
e10
+
--2
1e-
.
000.e
000.e
1ee2
e10
--2
000.e
+
--2
abc
0e
1e-
1e-
.
0e
-
-
abc
.
1ee2
1ee2
1.2.3
0e
-
1.2.3
0e
1e-
+
000.e
.
1e-
e10
+
--2
--2
.
abc
abc
1e-
-
000.e
1e-
1e-
1e
++1
.
1.2.3
.
--2
1.2.3
e10
abc
abc
1e-
abc
1e
e10
abc
0e
++1
e10
000.e
1e
-
1e-
.
000.e
-
1e+
-
+
1e-
--2
1e+
++1
1e-
000.e
--2
++1
e10
1e-
e10
1e+
abc
.
+
1e+
000.e
++1
+
e10
1.2.3
0e
--2
--2
1e
1e+
++1
1e
1e+
.
abc
1.2.3
++1
++1
1e+
abc
1e-
+
1.2.3
000.e
.
1ee2
-
.
1e-
--2
1.2.3
e10
1.2.3
--2
1e+
1e
+
-
e10
-
1e-
e10
abc
000.e
1.2.3
--2
.
e10
1.2.3
abc
abc
1.2.3
1e+
000.e
.
abc
abc
1ee2
1e
1.2.3
e10
-
++1
1ee2
--2
e10
000.e
++1
1ee2
000.e
1e
abc
1e+
e10
1e
000.e
e10
+
--2
.
1ee2
1.2.3
-
abc
0e
000.e
1.2.3
1.2.3
+
-
1ee2
abc
1e-
-
1e+
-
++1
abc
1e+
+
--2
1e
1e+
abc
1e-
1e
++1
++1
1e
-
0e
abc
000.e
1e-
++1
-
1ee2
.
--2
++1
e10
000.e
++1
1e-
1e-
--2
0e
e10
1.2.3
0e
0e
1ee2
1e
-
000.e
1.2.3
1ee2
e10
++1
0e
e10
0e
++1
--2
000.e
-
e10
000.e
+
.
1e+
1.2.3
000.e
1e
e10
1e+
1e+
+
abc
-
000.e
+
-
++1
--2
+
e10
1.2.3
1e
++1
--2
1.2.3
1e-
+
000.e
1.2.3
.
0e
++1
--2
1e
abc
1ee2
abc
abc
.
++1
+
-
0e
abc
-
e10
abc
-
1ee2
1e
abc
1e+
abc
1ee2
1e-
.
-
-
-
1e
abc
++1
--2
++1
+
.
--2
e10
1e
1ee2
e10
1ee2
1ee2
0e
1e-
abc
0e
1.2.3
abc
1.2.3
000.e
--2
--2
+
1e+
++1
1ee2
-
.
-
1e-
--2
-
e10
abc
1.2.3
1.2.3
0e
+
1e
-
1.2.3
0e
1e-
1e-
1e+
1e+
000.e
++1
1e-
0e
000.e
e10
e10
000.e
+
1e
-
e10
1e+
--2
.
++1
0e
000.e
e10
1ee2
-
0e
1e
1.2.3
-
++1
1e
e10
000.e
++1
000.e
1e
++1
.
1e+
e10
-
0e
1e+
.
abc
.
1e-
e10
++1
1e
e10
+
-
0e
1e-
--2
1.2.3
1e+
e10
1e+
1e-
1e-
1e+
--2
1ee2
+
1e
1e
0e
--2
++1
.
abc
+
++1
1.2.3
--2
.
0e
1ee2
0e
+
1ee2
1.2.3
++1
--2
e10
1e+
1e-
1.2.3
1e+
++1
-
.
0e
0e
000.e
--2
+
0e
abc
000.e
1ee2
+
-
1.2.3
0e
+
-
--2
000.e
abc
000.e
1e-
--2
+
.
--2
1ee2
1.2.3
e10
1.2.3
1e+
1ee2
+
.
.
1ee2
1e-
1.2.3
1e+
abc
e10
.
000.e
e10
-
1e+
1e-
e10
-
-
1.2.3
-
--2
abc
1e
1e+
1e
000.e
1ee2
+
--2
+
-
0e
++1
1e+
1ee2
++1
1.2.3
1e+
1ee2
1.2.3
abc
++1
0e
1.2.3
+
++1
+
.
1e
1e+
abc
1e
1ee2
1e
000.e
++1
000.e
++1
0e
++1
++1
--2
1e
0e
000.e
1e
--2
.
-
000.e
+
--2
0e
1.2.3
000.e
-
1ee2
1e+
1ee2
000.e
1e
1e+
1e+
1e
1e
0e
-
-
++1
1.2.3
1ee2
abc
1ee2
1e
abc
0e
1e-
.
0e
.
e10
1e+
abc
1e+
++1
.
1e-
.
1e-
-
-
abc
1e+
1e+
++1
1.2.3
1e
abc
+
--2
1e
1.2.3
1ee2
e10
1ee2
000.e
000.e
e10
1e+
0e
--2
1e-
e10
1.2.3
.
1ee2
0e
1.2.3
1ee2
1.2.3
--2
1e-
1e-
e10
--2
000.e
000.e
+
1e+
1ee2
1.2.3
1ee2
abc
++1
.
-
000.e
1e
abc
0e
1e+
1e
e10
1.2.3
1e
1e-
e10
1e-
.
1.2.3
1.2.3
-
000.e
1.2.3
e10
0e
++1
000.e
1.2.3
1e
0e
1e+
++1
-
+
++1
1e
+
000.e
000.e
++1
--2
+
1.2.3
+
1e
+
000.e
-
abc
0e
000.e
1ee2
--2
1ee2
e10
1.2.3
abc
000.e
.
--2
e10
1ee2
+
--2
++1
1.2.3
.
++1
1ee2
1e+
++1
-
1ee2
+
+
--2
--2
1ee2
1ee2
1ee2
1ee2
1e+
1.2.3
1ee2
000.e
1e
1e
1e+
0e
1.2.3
++1
000.e
abc
1e
--2
.
000.e
abc
+
1e-
1e+
--2
-
++1
1.2.3
1e-
+
1e
+
1e
1e-
1e
000.e
-
0e
1e+
1.2.3
1e+
++1
.
1e-
1e
abc
1.2.3
0e
0e
+
-
-
1.2.3
e10
--2
000.e
-
1ee2
--2
.
1.2.3
1e
+
--2
1e
1e-
1ee2
e10
1e-
e10
1e+
++1
000.e
1e-
000.e
1.2.3
--2
abc
1.2.3
.
1e
+
1.2.3
1ee2
1e
1e+
0e
1e
abc
1e+
000.e
--2
1ee2
e10
1e
000.e
--2
1ee2
1e-
--2
1ee2
1.2.3
+
1e+
+
e10
0e
.
e10
-
++1
abc
1e+
e10
--2
--2
+
0e
0e
1ee2
-
1ee2
1e+
+
1ee2
.
abc
-
1ee2
0e
abc
abc
1e+
0e
1ee2
--2
++1
abc
--2
1e+
1e+
--2
1e+
.
1ee2
-
000.e
.
++1
-
e10
abc
++1
+
-
1ee2
e10
1.2.3
--2
000.e
1e+
1e+
++1
1e+
1e-
++1
1e-
1ee2
1e+
.
+
1e+
--2
1ee2
++1
abc
++1
0e
+
1e-
-
1.2.3
1.2.3
1.2.3
1ee2
++1
--2
--2
1e+
+
++1
000.e
abc
e10
++1
e10
e10
--2
--2
--2
++1
1e
-
1e-
1e+
000.e
-
e10
++1
abc
1e+
+
+
abc
1e-
e10
1e+
0e
-
--2
1e-
-
--2
000.e
1.2.3
1.2.3
0e
e10
1e-
1e
1e-
abc
1e
.
1ee2
1.2.3
000.e
1.2.3
-
1.2.3
+
1ee2
1e+
abc
1e-
1.2.3
++1
1e+
1e+
1.2.3
1ee2
.
1.2.3
1e
+
.
e10
1e
0e
-
0e
e10
e10
000.e
+
.
1e
abc
1e
.
e10
+
.
1ee2
000.e
1e
1e+
e10
1.2.3
1e+
e10
+
e10
1.2.3
+
1e-
0e
++1
0e
+
000.e
.
1.2.3
.
+
abc
--2
++1
.
1.2.3
1e+
1.2.3
1e-
1ee2
1e+
1e+
0e
1e-
+
abc
e10
.
.
abc
000.e
e10
abc
1.2.3
+
1.2.3
1e+
abc
1e
++1
++1
--2
--2
1ee2
000.e
++1
000.e
1.2.3
+
1ee2
+
1ee2
.
1e-
-
1e+
1e
1ee2
1e
000.e
0e
-
1e-
1.2.3
abc
--2
0e
.
abc
++1
1.2.3
++1
.
000.e
000.e
-
e10
000.e
abc
e10
000.e
1e
1ee2
1.2.3
1ee2
1e-
++1
1e-
1e-
0e
e10
1e
.
0e
abc
+
1e
--2
1e-
--2
--2
000.e
+
1e+
-
e10
.
-
1e-
1e-
1ee2
--2
abc
0e
1.2.3
1e
.
1e
-
--2
1ee2
++1
1e+
--2
-
1e+
.
++1
--2
+
-
++1
1e-
1e
1e
.
1e
+
0e
+
--2
1e-
abc
1.2.3
1ee2
0e
0e
++1
000.e
--2
1e+
-
+
.
0e
0e
.
000.e
+
1e-
1e-
1.2.3
+
1e
1.2.3
1.2.3
+
1e-
e10
1e-
1e-
1e-
1e+
abc
+
--2
1.2.3
++1
0e
1e
1e-
+
1e
++1
++1
1.2.3
1e+
000.e
1e-
1e-
e10
e10
1.2.3
1e
1ee2
1ee2
1e+
e10
1ee2
.
0e
1e
1ee2
e10
-
-
++1
.
1e
+
0e
1e+
-
--2
1e-
+
-
+
.
+
1e+
-
000.e
abc
--2
abc
++1
000.e
1e-
1.2.3
--2
1e-
e10
1e+
.
+
++1
+
1.2.3
+
e10
abc
1e
+
-
--2
0e
.
.
1ee2
1e-
000.e
1ee2
--2
e10
1e+
abc
+
0e
-
1e+
++1
1e
-
000.e
-
1e+
++1
++1
1e-
1.2.3
1.2.3
e10
.
1.2.3
0e
0e
abc
++1
abc
1e-
.
.
1.2.3
--2
1ee2
e10
-
000.e
1ee2
abc
0e
1ee2
1ee2
1e
-
1e+
e10
1ee2
1e
1e
1e+
1.2.3
0e
abc
+
.
-
1e+
0e
abc
+
.
++1
abc
1e+
abc
--2
000.e
-
0e
1e-
+
1e
0e
1ee2
--2
-
-
1ee2
0e
abc
1e
+
+
e10
--2
++1
abc
+
1e+
.
++1
1ee2
1e+
000.e
1.2.3
1ee2
000.e
1e-
e10
1e+
+
1.2.3
-
++1
e10
1e+
abc
+
1e-
1.2.3
0e
abc
1.2.3
++1
1ee2
1.2.3
abc
000.e
.
000.e
000.e
1.2.3
++1
1e+
e10
1.2.3
.
e10
1e-
++1
.
+
-
1e-
0e
--2
e10
+
000.e
.
0e
1e
+
1e+
+
-
1e
1e
++1
1e+
0e
0e
1e+
1.2.3
e10
--2
abc
abc
e10
1e-
1e+
++1
++1
e10
e10
-
1e
--2
-
++1
.
000.e
000.e
1.2.3
0e
1.2.3
-
.
-
--2
000.e
abc
abc
000.e
+
1e+
abc
1e
1e
--2
1ee2
1ee2
.
1.2.3
1e
1e
1e+
0e
1ee2
1e
abc
1e+
--2
.
abc
++1
000.e
++1
1e-
-
++1
0e
--2
1ee2
1e
.
-
1e
--2
1.2.3
000.e
--2
abc
0e
abc
-
++1
-
1e
e10
0e
.
.
1e
e10
+
000.e
abc
1ee2
000.e
1e+
1e
--2
.
1e
1e-
1e
-
+
1e+
+
--2
-
1e+
1.2.3
e10
+
e10
0e
000.e
-
1.2.3
-
1.2.3
000.e
e10
+
1.2.3
++1
+
+
0e
000.e
e10
1ee2
1ee2
e10
1e-
1e
1e
+
--2
abc
1e
1ee2
1.2.3
1e+
1ee2
-
0e
abc
.
e10
--2
000.e
.
0e
1e+
e10
0e
--2
abc
0e
e10
1e-
e10
++1
--2
abc
1ee2
000.e
+
0e
1ee2
.
1ee2
1ee2
+
e10
-
1e-
++1
0e
1ee2
abc
1e-
0e
0e
.
-
0e
.
abc
1e-
1e+
1e
--2
--2
.
1.2.3
1e+
abc
000.e
0e
000.e
1ee2
1e
1e
1ee2
000.e
+
1e
++1
abc
000.e
0e
++1
+
000.e
1e-
000.e
000.e
000.e
1e
-
0e
0e
000.e
.
abc
1.2.3
abc
-
0e
++1
.
.
0e
1e+
e10
1e-
1e+
e10
1e+
--2
++1
--2
abc
abc
0e
-
-
e10
1ee2
1e-
e10
abc
1ee2
1e
.
abc
-
1ee2
abc
1e-
--2
e10
abc
.
abc
-
1.2.3
--2
--2
1e+
0e
-
++1
1e-
+
+
1ee2
1e
1e-
+
1e+
--2
e10
-
1e+
abc
0e
000.e
abc
-
++1
0e
0e
1e
1.2.3
abc
1e-
e10
.
++1
1e+
abc
e10
1ee2
1ee2
000.e
+
1.2.3
e10
-
+
.
.
e10
1e-
-
.
+
++1
++1
1e
-
--2
0e
abc
--2
.
1e+
1.2.3
000.e
000.e
000.e
1ee2
1.2.3
1e-
1.2.3
abc
000.e
e10
+
+
++1
1e+
1e
e10
-
-
1ee2
e10
++1
-
e10
1e+
1e-
1e+
.
1e
1e
1e+
1.2.3
1.2.3
1e
1e
1.2.3
1.2.3
1e
--2
000.e
+
1.2.3
1ee2
++1
1.2.3
1e
+
000.e
000.e
++1
e10
abc
e10
1.2.3
--2
++1
1e+
.
1.2.3
1ee2
-
-
e10
1e+
0e
abc
abc
e10
000.e
+
0e
--2
abc
1e
+
.
1ee2
1e
++1
--2
000.e
1.2.3
+
1e+
000.e
abc
++1
e10
+
1e-
abc
1e+
1e-
abc
000.e
1.2.3
e10
1e-
e10
e10
1e
1ee2
000.e
.
1e+
e10
.
+
0e
+
1e+
++1
e10
-
abc
0e
1.2.3
1ee2
abc
0e
.
1e-
-
1e+
+
1e-
1e+
1.2.3
1e+
1.2.3
1.2.3
++1
000.e
abc
-
000.e
--2
1e+
1ee2
-
1e
1.2.3
000.e
1e+
1e+
.
1e
e10
++1
-
.
1ee2
.
++1
-
1.2.3
1.2.3
1.2.3
.
1e
abc
1e
-
e10
--2
abc
1.2.3
.
000.e
.
abc
1ee2
1ee2
++1
e10
0e
1.2.3
+
000.e
000.e
-
++1
1e-
-
1ee2
abc
+
--2
abc
1.2.3
1e
1ee2
1e+
1e+
1e-
.
1e-
1e-
e10
1.2.3
000.e
++1
000.e
-
--2
+
1ee2
000.e
0e
1ee2
e10
-
--2
--2
abc
1e-
1e+
abc
e10
1.2.3
1ee2
.
0e
.
++1
1.2.3
1e
--2
+
000.e
000.e
+
1ee2
1e-
+
++1
000.e
1ee2
1e-
abc
1e+
000.e
e10
e10
0e
1e
-
0e
e10
.
1ee2
1e-
1e+
1e+
abc
1e-
0e
++1
-
e10
e10
000.e
++1
-
1.2.3
abc
1e-
1.2.3
e10
e10
1e+
++1
+
--2
1e-
0e
1.2.3
e10
abc
abc
--2
.
+
000.e
++1
1e
1e-
--2
1e
000.e
e10
1ee2
000.e
1e+
.
1e+
e10
--2
.
.
e10
000.e
1.2.3
.
1e
++1
1e+
1ee2
--2
--2
--2
-
0e
abc
++1
1e-
.
1e
0e
000.e
abc
.
0e
+
-
1ee2
0e
000.e
1.2.3
abc
1e+
+
.
--2
abc
-
1e
1e
abc
e10
++1
+
-
1e-
1e
++1
abc
1.2.3
0e
0e
1.2.3
++1
1e
--2
000.e
0e
1e+
++1
1e+
1.2.3
1e+
000.e
abc
abc
--2
1ee2
1e
--2
+
e10
1.2.3
1.2.3
000.e
1e
--2
-
0e
-
000.e
abc
++1
abc
.
.
--2
.
1e+
-
1ee2
0e
++1
1e
++1
0e
+
000.e
1.2.3
.
1.2.3
--2
+
1e-
.
0e
1e+
abc
000.e
1ee2
e10
-
-
+
1e-
1.2.3
1ee2
1e+
--2
1.2.3
abc
++1
++1
--2
000.e
+
000.e
0e
1e
0e
.
1e
+
1ee2
+
.
1e-
--2
1.2.3
1e+
1e+
1.2.3
abc
1e
.
-
1e+
abc
-
.
--2
1e
++1
1e+
000.e
--2
-
0e
0e
0e
abc
000.e
-
-
1ee2
0e
++1
1e+
.
000.e
+
1ee2
1e+
1ee2
1e
++1
+
-
0e
-
1e-
--2
--2
1.2.3
1.2.3
000.e
1e
+
1e
-
e10
++1
1e-
.
000.e
+
1.2.3
++1
000.e
.
++1
0e
++1
.
.
--2
0e
1ee2
e10
--2
+
1e+
e10
e10
-
1.2.3
0e
e10
-
abc
-
-
abc
1e-
1ee2
e10
-
1.2.3
1.2.3
0e
+
0e
1.2.3
e10
1e-
--2
1e-
.
abc
0e
-
e10
1e-
e10
+
000.e
--2
1ee2
1ee2
1ee2
.
1e+
+
1ee2
1ee2
abc
0e
000.e
.
.
000.e
.
-
+
++1
1e+
abc
1.2.3
1e-
-
000.e
-
1ee2
1e
000.e
1e-
000.e
1e+
1.2.3
1ee2
e10
0e
.
1ee2
1e+
1e-
1e-
1.2.3
--2
1ee2
000.e
abc
.
000.e
1e-
e10
1.2.3
1e
1ee2
+
000.e
1e-
--2
1e
000.e
-
e10
000.e
+
abc
1e+
1e+
000.e
abc
abc
0e
abc
abc
0e
1e
--2
e10
1ee2
+
e10
++1
1ee2
1e
1e-
e10
-
++1
1.2.3
1e
1e
1e-
1.2.3
1ee2
1e-
1e
--2
+
1.2.3
1ee2
1.2.3
abc
1ee2
000.e
abc
--2
.
-
1e-
-
e10
e10
e10
--2
-
1.2.3
1ee2
+
1e
0e
1e-
+
1e
1ee2
-
e10
abc
.
1.2.3
1e
1ee2
-
000.e
1.2.3
1e
+
1e-
e10
0e
-
1e-
--2
1e
1e-
--2
e10
--2
0e
abc
abc
1e-
1e+
e10
e10
-
abc
-
++1
++1
1e-
1e-
+
1.2.3
1e-
++1
--2
abc
abc
abc
1.2.3
++1
e10
--2
1e+
e10
++1
1e+
1.2.3
1e
e10
1e+
.
.
abc
++1
1.2.3
abc
1.2.3
1ee2
-
.
1e
.
1ee2
.
1ee2
000.e
000.e
000.e
--2
-
abc
1e
abc
1ee2
++1
e10
.
1e-
0e
1e
-
++1
--2
1e-
--2
1ee2
1e+
.
1e
.
e10
e10
abc
0e
1ee2
-
abc
1.2.3
1.2.3
000.e
e10
1.2.3
.
000.e
++1
.
1e-
0e
--2
+
+
1.2.3
0e
+
++1
e10
1e+
1e+
-
000.e
1e
-
abc
0e
1e-
0e
0e
1ee2
e10
1ee2
+
-
.
++1
+
+
1e
abc
-
--2
000.e
0e
000.e
1.2.3
e10
++1
e10
-
1ee2
+
1e+
000.e
.
1e+
1ee2
000.e
1e
1ee2
--2
000.e
1e+
1e
000.e
--2
+
.
1e+
-
1ee2
-
--2
.
000.e
+
1e
1e
1e+
e10
-
0e
-
1.2.3
1e+
1e
abc
--2
.
0e
000.e
1e+
+
1ee2
1ee2
000.e
+
1e-
1ee2
-
e10
1e+
e10
1e+
abc
0e
0e
0e
000.e
++1
abc
.
000.e
-
1e
-
1.2.3
-
0e
++1
1ee2
--2
.
1.2.3
e10
abc
-
.
1.2.3
000.e
e10
1e-
-
1e-
1ee2
1e+
-
abc
1e-
1.2.3
000.e
1.2.3
1e-
abc
+
1e+
1e
++1
1e+
-
1e+
000.e
1ee2
1ee2
+
000.e
1e-
-
1e
-
1e-
000.e
++1
+
1ee2
.
+
1e
+
1e-
1ee2
0e
e10
e10
+
e10
1e
.
0e
1ee2
--2
.
--2
+
abc
0e
e10
-
e10
e10
000.e
++1
-
e10
1.2.3
1e+
--2
1e
-
1e
1e-
e10
0e
1e
e10
e10
000.e
1e+
1e
abc
000.e
.
1e-
0e
1e+
e10
1.2.3
1e+
1e-
+
.
.
000.e
+
.
++1
e10
0e
++1
+
1.2.3
1e+
--2
000.e
000.e
+
1e-
-
000.e
.
--2
++1
++1
.
1e+
++1
1ee2
+
e10
1ee2
e10
.
e10
000.e
1.2.3
1e-
000.e
-
+
1e-
0e
1e+
0e
1.2.3
.
1e-
1e
+
.
e10
1e
-
++1
1e-
e10
--2
e10
.
1e-
++1
--2
1e
000.e
1ee2
1e+
+
1ee2
1e-
e10
+
1e
1e-
-
--2
0e
-
.
e10
1.2.3
0e
1e-
1e-
abc
1.2.3
+
0e
--2
1ee2
1e+
abc
e10
1ee2
1e-
1e
++1
--2
1e+
1e+
1.2.3
e10
abc
++1
1e+
0e
1e-
+
--2
1e+
abc
.
000.e
1e+
1e+
000.e
1e+
-
++1
000.e
--2
000.e
1e-
1e
.
-
1.2.3
1ee2
1.2.3
1e+
-
1e-
1e-
abc
abc
1.2.3
++1
1ee2
e10
--2
1e
0e
-
1e-
--2
1e
000.e
e10
1.2.3
1e-
--2
--2
.
1ee2
000.e
1e
1ee2
e10
+
1e
1ee2
1e+
000.e
-
abc
000.e
1.2.3
0e
e10
e10
1e+
e10
1e
abc
++1
+
1.2.3
000.e
+
--2
1.2.3
.
000.e
1.2.3
+
.
+
-
0e
+
1ee2
e10
-
abc
0e
-
++1
++1
e10
000.e
1e-
abc
0e
++1
1.2.3
1e+
000.e
1ee2
1e-
1e+
0e
e10
1e
-
1ee2
.
0e
1ee2
1ee2
e10
++1
-
000.e
--2
++1
--2
1.2.3
.
0e
++1
.
e10
1e-
.
+
.
1ee2
--2
1e-
1e-
000.e
e10
e10
1e-
abc
0e
1e
e10
--2
++1
.
.
1.2.3
e10
1ee2
1e-
-
1e-
.
1e+
--2
1e
+
1.2.3
-
++1
+
++1
1e+
1e
++1
1.2.3
--2
0e
000.e
--2
1e-
000.e
.
+
0e
1e
abc
0e
.
-
1e+
1ee2
e10
1ee2
1e-
1ee2
000.e
-
abc
1e+
1e-
1e
-
--2
1e-
++1
1.2.3
--2
--2
1ee2
1e
abc
.
++1
-
0e
1e+
1.2.3
e10
1.2.3
abc
e10
1e+
e10
-
1e-
000.e
-
0e
++1
1e
1.2.3
.
0e
abc
-
.
1e
abc
0e
++1
-
000.e
1.2.3
-
-
1e
abc
--2
000.e
1e
e10
--2
000.e
1e-
--2
0e
++1
+
1e
abc
000.e
1e
1.2.3
1ee2
0e
e10
1e-
+
e10
abc
0e
--2
e10
1ee2
1.2.3
0e
-
1e+
1e+
.
1e-
1e
1e-
1e-
-
1e+
1.2.3
abc
++1
-
-
-
0e
+
--2
.
000.e
abc
-
0e
++1
e10
.
1.2.3
++1
.
0e
.
1e-
1.2.3
1e
1e
--2
1e+
++1
e10
0e
--2
000.e
++1
0e
000.e
1e
--2
.
1ee2
e10
000.e
1ee2
--2
1e-
e10
.
1ee2
000.e
abc
1e+
+
abc
e10
-
-
1e+
1e
1e
--2
.
1e
abc
1ee2
1.2.3
000.e
.
-
1e
-
1e-
e10
--2
abc
.
e10
1.2.3
000.e
e10
0e
--2
e10
e10
1e-
abc
1e-
1e
1e
0e
+
1ee2
-
1.2.3
--2
0e
+
1e+
+
1.2.3
--2
0e
0e
++1
+
1ee2
1ee2
1ee2
1e-
++1
1e
1e-
-
1.2.3
.
--2
1ee2
+
1e
e10
1.2.3
--2
.
1.2.3
+
1e+
000.e
1e+
--2
--2
.
abc
1e-
1e
--2
abc
1e-
1e
1e-
abc
+
-
++1
1e-
1ee2
000.e
1e+
1.2.3
1e+
--2
.
1e-
1e+
-
1e
1e-
1ee2
1.2.3
-
abc
+
1ee2
.
-
0e
+
0e
1ee2
-
.
1ee2
1.2.3
1e-
1e-
1e
000.e
1e
1e-
++1
1e
abc
e10
1e+
1e
0e
.
e10
1e
1e+
.
--2
.
1e+
+
++1
0e
1e
1e+
--2
.
1e-
1e+
000.e
+
0e
-
1e+
+
.
1e+
1ee2
+
000.e
.
0e
1e-
000.e
000.e
.
1e+
abc
1e
++1
1.2.3
+
1ee2
++1
1.2.3
+
1e
++1
+
1e+
1e+
+
000.e
1e+
--2
e10
e10
abc
+
000.e
-
++1
1e+
0e
abc
1.2.3
0e
--2
1e-
++1
000.e
abc
1.2.3
1e
-
--2
1ee2
1ee2
1.2.3
1e
+
1e-
1e-
++1
--2
e10
abc
1ee2
-
--2
1ee2
1ee2
1e+
e10
1e+
++1
--2
1e
000.e
1e
1e-
000.e
1e-
-
1ee2
++1
e10
0e
1e+
e10
-
+
abc
-
.
--2
abc
0e
.
1ee2
--2
+
-
1ee2
000.e
1e
0e
1.2.3
--2
.
1e-
abc
e10
+
1.2.3
.
+
e10
e10
e10
+
1e-
1.2.3
1ee2
1e
e10
.
1e+
abc
-
1.2.3
1e
abc
++1
1e
000.e
e10
+
+
1e
000.e
000.e
1.2.3
.
++1
+
1.2.3
000.e
1e+
000.e
abc
1ee2
.
e10
--2
e10
abc
e10
.
-
++1
e10
1e+
-
1.2.3
+
000.e
1e-
--2
+
1e+
++1
+
++1
.
1.2.3
1.2.3
000.e
abc
1e+
0e
1e+
1e+
1ee2
.
e10
1ee2
+
000.e
1ee2
e10
.
1.2.3
--2
e10
1e
++1
1e
1e+
-
000.e
abc
1.2.3
000.e
1e
000.e
1e
1e+
-
abc
1.2.3
abc
-
1e+
abc
1ee2
.
1e-
--2
-
-
abc
e10
.
1e-
-
++1
1e-
++1
1e-
.
1e+
++1
1e
1e+
000.e
1e-
++1
1ee2
0e
1e-
1e-
0e
++1
abc
.
000.e
1e
1.2.3
1e-
-
1e-
abc
--2
1e-
.
000.e
0e
abc
-
abc
abc
e10
abc
1e
--2
++1
++1
.
0e
1e+
-
000.e
abc
1.2.3
1e-
0e
--2
0e
++1
0e
1.2.3
1.2.3
--2
0e
++1
.
1e-
e10
.
1e
e10
--2
1e+
.
--2
1e
1e+
0e
++1
0e
e10
0e
0e
0e
000.e
1.2.3
--2
1e-
--2
-
1e-
.
1e-
000.e
abc
1e-
e10
0e
-
abc
0e
1.2.3
-
++1
abc
e10
abc
1.2.3
000.e
+
1ee2
abc
--2
+
-
000.e
e10
+
++1
-
1e+
.
1e-
--2
1.2.3
abc
000.e
1.2.3
-
--2
1e+
--2
--2
.
abc
0e
1e
0e
--2
0e
1ee2
1.2.3
1.2.3
-
1e
--2
1e-
0e
abc
abc
++1
abc
e10
+
+
1e-
--2
++1
1e-
--2
+
000.e
1e+
-
1ee2
0e
000.e
+
+
.
-
e10
1.2.3
-
0e
e10
1.2.3
1.2.3
1e
0e
0e
e10
1e+
0e
-
1e
abc
abc
-
-
++1
++1
0e
++1
-
+
+
000.e
000.e
+
0e
abc
++1
++1
.
1.2.3
--2
-
-
000.e
-
0e
-
.
0e
1e+
-
abc
-
--2
1e+
-
+
1e-
1e-
1e
1e
1ee2
1ee2
1.2.3
+
1.2.3
.
0e
1.2.3
1ee2
.
.
e10
1.2.3
-
-
e10
1e-
-
+
++1
e10
1e
.
1.2.3
abc
abc
-
e10
1e
0e
1e+
e10
+
abc
-
1ee2
.
--2
1ee2
++1
e10
1e+
abc
000.e
++1
1ee2
--2
--2
.
1ee2
1e+
1e
1e+
abc
.
1e-
+
--2
--2
0e
1e+
.
1e+
--2
000.e
1e
000.e
1e
000.e
1e-
+
0e
e10
+
-
--2
000.e
e10
e10
.
1.2.3
--2
1ee2
1e
--2
1ee2
++1
1ee2
0e
.
-
e10
000.e
1e
1.2.3
--2
000.e
--2
1e
e10
+
1e+
1ee2
-
1ee2
++1
+
-
000.e
000.e
000.e
e10
abc
0e
+
++1
+
0e
0e
1e
1ee2
.
1e+
1e+
--2
1.2.3
abc
.
abc
0e
.
1e
+
0e
++1
000.e
e10
000.e
abc
000.e
++1
1e+
+
000.e
--2
+
0e
-
--2
--2
0e
1.2.3
e10
000.e
+
000.e
1e
.
-
-
--2
.
1e
.
.
--2
+
0e
-
000.e
--2
1e+
1e+
0e
1e-
1e
--2
1e
1e-
abc
1.2.3
1e-
.
.
e10
1.2.3
--2
e10
abc
1e-
--2
1e
000.e
0e
.
.
e10
0e
+
0e
--2
-
1.2.3
1e
.
000.e
--2
000.e
1e+
1e
++1
.
1e+
000.e
++1
1e
.
1.2.3
1e+
0e
.
0e
abc
1e-
1e
++1
1e-
1ee2
.
0e
1ee2
--2
abc
.
--2
+
+
0e
--2
1e-
1e
abc
000.e
1e
e10
abc
--2
++1
--2
e10
++1
-
-
++1
1e-
1ee2
1.2.3
000.e
--2
e10
++1
abc
e10
1.2.3
0e
--2
1.2.3
.
.
1e
abc
1e-
1.2.3
.
0e
.
++1
1e-
e10
++1
0e
1e-
1ee2
-
1e-
000.e
1e+
e10
--2
--2
1e+
e10
000.e
1e-
abc
1.2.3
1ee2
1e-
e10
1e-
--2
+
--2
--2
--2
abc
-
1e
0e
1.2.3
1e+
--2
0e
.
-
1ee2
--2
0e
1.2.3
1.2.3
e10
--2
e10
1e+
1e
1e+
1e-
0e
++1
1e-
1ee2
1e+
e10
.
1e
1.2.3
--2
--2
1ee2
-
1ee2
abc
0e
abc
+
-
+
1ee2
1e+
1e+
++1
--2
1e-
1e
e10
000.e
abc
+
1.2.3
1ee2
1ee2
e10
-
--2
000.e
1e-
1.2.3
1e-
-
-
-
.
--2
000.e
e10
+
1.2.3
e10
1e+
000.e
-
1.2.3
000.e
++1
1.2.3
1e
1e+
1.2.3
1.2.3
1ee2
1e+
abc
1e+
+
1ee2
abc
abc
1.2.3
e10
1.2.3
1e+
1.2.3
000.e
+
1e+
abc
--2
1ee2
++1
+
1e+
-
+
000.e
--2
+
0e
1.2.3
.
+
--2
1e+
1.2.3
000.e
.
1ee2
1e-
1e-
--2
1e+
abc
-
1.2.3
1ee2
1e
e10
1e-
1e
++1
1e-
1ee2
1e+
++1
.
abc
abc
--2
+
abc
++1
e10
1.2.3
e10
0e
1e
--2
e10
0e
1.2.3
000.e
0e
-
000.e
0e
1e-
1.2.3
1ee2
++1
1e-
e10
abc
000.e
-
.
1e-
1.2.3
1e-
e10
1.2.3
1e
0e
-
.
e10
abc
000.e
e10
.
.
1e+
1ee2
-
-
1.2.3
.
++1
++1
-
1e-
1ee2
1e
1e-
--2
--2
0e
1e-
1ee2
000.e
1e+
--2
abc
+
1.2.3
1e-
+
++1
--2
0e
abc
-
--2
1e-
000.e
1e
+
++1
--2
1e-
1e+
1e-
1ee2
1.2.3
1e+
abc
1e+
+
+
--2
.
1e
1e+
1.2.3
1.2.3
1e-
1e+
--2
.
-
0e
+
0e
.
1ee2
e10
0e
.
.
1e+
-
1e-
+
.
1e+
.
000.e
1e+
++1
--2
+
1e
1e+
abc
1e-
abc
-
-
0e
000.e
1e+
1e-
.
+
1e+
1e-
e10
-
+
.
1ee2
1ee2
1.2.3
1e-
1e+
e10
1ee2
0e
1ee2
1e-
--2
1ee2
1e-
000.e
1.2.3
1e+
1.2.3
1e+
1e-
000.e
.
--2
1.2.3
e10
e10
1.2.3
000.e
++1
0e
000.e
-
1e
e10
+
++1
e10
000.e
000.e
e10
+
--2
1e-
e10
+
-
1.2.3
1e
e10
e10
000.e
abc
-
1.2.3
1e
-
0e
abc
1e+
--2
1.2.3
abc
1e+
1e
1e-
-
1.2.3
--2
000.e
abc
0e
++1
++1
-
-
--2
+
abc
-
1e-
e10
--2
1e
++1
--2
abc
1ee2
--2
e10
--2
--2
+
abc
abc
+
1e-
1.2.3
000.e
1ee2
--2
0e
++1
1e
-
--2
-
1e
000.e
1e+
000.e
.
1e
1.2.3
abc
.
1ee2
e10
+
.
e10
000.e
.
--2
-
1.2.3
0e
1ee2
.
+
--2
-
1.2.3
+
1.2.3
--2
000.e
1e
e10
abc
++1
+
-
++1
1ee2
1e
0e
++1
1e-
++1
1ee2
++1
-
1.2.3
000.e
abc
0e
abc
++1
1ee2
+
e10
000.e
1e-
1e-
--2
1ee2
1e
abc
1.2.3
1.2.3
.
1e-
--2
1ee2
1.2.3
+
0e
1e-
1e-
e10
e10
1.2.3
-
1e
abc
-
abc
1.2.3
-
1e-
1.2.3
1e
e10
.
1e
1e-
.
1ee2
+
+
++1
+
1ee2
--2
000.e
-
000.e
abc
.
0e
abc
1e+
000.e
e10
1e+
.
.
--2
.
-
--2
1ee2
.
1e-
1.2.3
+
--2
-
--2
1ee2
1e+
++1
1ee2
1e
000.e
0e
abc
abc
1.2.3
1e+
-
1e+
-
1ee2
+
-
e10
0e
1e-
--2
--2
.
-
1ee2
--2
1e
000.e
1.2.3
1e+
+
1.2.3
.
1e+
abc
1e-
1e-
1e-
1ee2
abc
1ee2
1ee2
1ee2
++1
1e-
+
--2
--2
-
--2
e10
1e
1.2.3
-
.
1ee2
-
1e+
0e
e10
1.2.3
.
1e-
e10
+
1e-
000.e
1.2.3
000.e
1ee2
-
000.e
1e+
abc
++1
-
++1
++1
1e-
1e+
000.e
abc
1ee2
abc
000.e
1e+
1.2.3
e10
.
1e+
1e-
-
1e-
abc
abc
abc
+
1e
1ee2
--2
1e-
.
abc
1.2.3
1e
.
1e-
+
1e
--2
+
1e+
++1
.
++1
++1
1e-
1.2.3
--2
--2
-
1e+
.
1.2.3
+
1.2.3
1e
1e
1e
abc
0e
1e
--2
0e
1e-
abc
+
1e
e10
.
e10
1ee2
.
.
1e-
++1
0e
.
1ee2
1e+
1ee2
0e
1.2.3
+
+
1e+
1e-
abc
1e-
1ee2
1.2.3
1e
1ee2
++1
+
-
0e
-
.
+
++1
e10
1e+
1ee2
abc
1e+
-
abc
1e-
--2
1e+
+
++1
1.2.3
1e-
e10
1.2.3
--2
1e-
1.2.3
1.2.3
-
0e
--2
1.2.3
1ee2
+
1.2.3
0e
1e+
1ee2
++1
0e
000.e
1e+
1e-
abc
1e+
1e+
abc
abc
1.2.3
0e
abc
1e+
1e
-
.
0e
-
000.e
++1
--2
--2
0e
1e+
+
-
++1
0e
1e
1e
1e
abc
abc
-
abc
1ee2
1ee2
+
1e
000.e
1.2.3
+
1e-
000.e
1e+
--2
000.e
abc
++1
--2
-
++1
++1
++1
1.2.3
0e
0e
--2
000.e
abc
1.2.3
1ee2
0e
1e-
0e
000.e
abc
1.2.3
e10
e10
000.e
+
abc
e10
1ee2
++1
+
1.2.3
--2
-
++1
e10
1.2.3
1ee2
1ee2
1.2.3
1e-
1e+
abc
+
1e-
+
1e
1e-
-
abc
++1
000.e
++1
+
-
.
.
e10
000.e
000.e
1ee2
--2
0e
1ee2
1ee2
e10
0e
0e
e10
abc
e10
e10
1e+
e10
1e
+
0e
abc
1ee2
1ee2
abc
1.2.3
000.e
1.2.3
1e+
++1
1.2.3
1e+
.
.
1e-
e10
1.2.3
+
++1
1e-
1.2.3
+
1ee2
1.2.3
--2
0e
++1
1e
-
+
abc
1ee2
e10
1e-
abc
--2
1e-
000.e
1ee2
1e-
.
e10
.
e10
+
1e
++1
-
+
e10
0e
.
1.2.3
1e+
1e+
1e
.
-
e10
--2
0e
0e
e10
--2
1ee2
1e
000.e
abc
000.e
abc
++1
++1
0e
1ee2
+
+
.
++1
e10
++1
--2
1.2.3
abc
abc
1ee2
000.e
0e
1e+
1.2.3
1e-
--2
-
1.2.3
1.2.3
-
1ee2
1e-
0e
-
e10
--2
abc
1e
e10
1e
000.e
1e+
e10
0e
--2
1e
e10
1ee2
1.2.3
-
e10
+
1e
++1
0e
abc
++1
--2
1ee2
1e-
1e+
1e+
--2
000.e
e10
--2
1.2.3
-
abc
abc
abc
-
++1
.
.
1ee2
1e
1.2.3
abc
000.e
1.2.3
1ee2
+
1e
.
+
1e
+
1e+
++1
000.e
e10
e10
1e
e10
1e
1ee2
000.e
abc
1e
++1
+
1e+
--2
000.e
0e
1e
++1
.
abc
1e+
e10
0e
+
e10
e10
0e
-
abc
++1
abc
--2
--2
--2
0e
1.2.3
1ee2
1e-
.
1e
++1
000.e
1e+
000.e
++1
++1
1e
1e+
1e
-
1e-
.
0e
000.e
--2
e10
000.e
.
--2
1e-
1.2.3
abc
e10
0e
-
--2
e10
1e+
000.e
-
1e
1.2.3
1e
++1
--2
.
1.2.3
1e-
e10
0e
--2
1e
1ee2
1e-
1e
1e+
.
abc
1e+
--2
0e
1e+
0e
.
+
1e+
-
-
1.2.3
++1
+
1e-
.
1e
0e
000.e
1e
abc
--2
++1
0e
000.e
.
e10
1ee2
1e
000.e
-
abc
0e
0e
abc
1e-
-
abc
1e-
e10
1e+
1e-
++1
1ee2
000.e
abc
000.e
.
+
e10
000.e
1e+
0e
1e+
1e+
1e-
.
e10
000.e
1e+
abc
1e
0e
000.e
0e
1e
0e
.
1.2.3
+
.
abc
1e
1e+
++1
1e-
--2
1e-
1e+
--2
1ee2
--2
1.2.3
.
-
1e+
1e-
000.e
000.e
1e+
abc
1e-
0e
++1
-
1e-
1.2.3
1e+
0e
+
-
000.e
.
e10
0e
1e+
e10
1e
000.e
e10
.
1e+
000.e
.
++1
1e+
000.e
-
1e
0e
-
0e
++1
1e+
--2
0e
1e+
1e
1e
++1
++1
-
.
1e
1.2.3
000.e
-
+
abc
0e
e10
e10
--2
--2
e10
-
e10
1e-
0e
abc
++1
000.e
--2
1e
.
1e
.
1e
1.2.3
1e
--2
0e
0e
-
1e+
.
0e
e10
000.e
+
+
1ee2
-
1e-
1.2.3
1e+
abc
abc
++1
1e
1e
1e
0e
0e
.
1e
0e
abc
abc
1e
1e-
1.2.3
e10
.
++1
1e
e10
1.2.3
1ee2
+
e10
+
--2
1e
++1
.
1ee2
-
e10
000.e
e10
000.e
e10
-
1e-
0e
+
++1
e10
+
++1
+
1e
++1
1e+
.
0e
1.2.3
++1
1e
0e
abc
1ee2
1e
1.2.3
1ee2
1e
--2
++1
1.2.3
+
+
.
.
0e
1e
1e+
1e
000.e
1e
1.2.3
abc
000.e
e10
e10
.
1e+
1.2.3
+
-
+
++1
1.2.3
1.2.3
+
.
e10
--2
.
1ee2
1e-
1ee2
++1
1e
-
000.e
--2
--2
-
-
--2
0e
0e
abc
+
1e
+
-
1.2.3
e10
1e+
1e
abc
1ee2
1e-
1.2.3
1e
000.e
abc
0e
000.e
000.e
000.e
-
1e+
.
abc
--2
000.e
000.e
.
1ee2
0e
1e
1e
1ee2
1e+
0e
e10
1e-
++1
1ee2
1.2.3
e10
1e-
++1
+
1e-
1.2.3
0e
0e
0e
1.2.3
--2
1.2.3
.
++1
+
+
.
1e+
abc
1e
1e-
--2
1e-
000.e
abc
.
+
-
e10
-
e10
--2
--2
0e
0e
++1
0e
0e
1e+
-
.
+
++1
++1
++1
abc
++1
1.2.3
1ee2
+
1e-
--2
1.2.3
e10
--2
1e
abc
1.2.3
-
++1
e10
0e
1ee2
0e
-
-
0e
++1
000.e
1.2.3
.
1ee2
++1
-
1e+
.
+
.
1e-
1e+
--2
++1
1ee2
1.2.3
--2
1e-
1e+
--2
0e
--2
e10
abc
1e-
--2
1e+
++1
abc
--2
-
1e-
.
e10
.
1e
.
+
++1
e10
+
e10
e10
++1
--2
--2
1ee2
0e
1e
1e
+
1ee2
000.e
+
-
++1
0e
abc
000.e
--2
1e+
abc
000.e
1.2.3
.
1e+
1e
++1
1e
.
1ee2
0e
++1
0e
+
1.2.3
+
abc
0e
1ee2
1.2.3
0e
1e-
1.2.3
.
-
1e+
1e+
.
1e+
--2
000.e
1.2.3
+
--2
1e-
000.e
+
1e
000.e
1.2.3
-
.
--2
1e-
1ee2
1ee2
1ee2
1e-
1e-
0e
1e+
0e
--2
000.e
0e
1.2.3
-
1.2.3
+
0e
1ee2
1.2.3
--2
.
1e-
1e-
0e
e10
0e
000.e
++1
1e-
1.2.3
1ee2
+
++1
1ee2
000.e
1e-
000.e
++1
1e-
1e-
e10
abc
1e
--2
1e+
++1
.
e10
.
0e
+
1e-
1.2.3
--2
0e
1ee2
000.e
1e-
--2
000.e
.
1e-
++1
1.2.3
++1
1ee2
+
1e
1ee2
-
1e
1e-
++1
0e
e10
+
--2
1.2.3
000.e
1e
--2
1e-
0e
0e
abc
.
.
1e-
++1
.
000.e
1ee2
+
e10
--2
--2
1ee2
++1
--2
--2
1e+
1ee2
000.e
--2
.
++1
000.e
0e
0e
1e-
000.e
-
+
0e
++1
.
1ee2
1e-
+
1ee2
1e-
.
1.2.3
.
1e
1e
-
++1
abc
1.2.3
e10
0e
.
e10
+
0e
++1
--2
1.2.3
1e-
.
-
1.2.3
+
1e
abc
-
1e
e10
1e+
1ee2
1e+
e10
-
000.e
++1
1e+
1ee2
1e
+
abc
abc
-
+
000.e
e10
1e-
abc
1e+
++1
--2
.
1ee2
1e-
0e
000.e
+
000.e
000.e
abc
abc
0e
--2
000.e
abc
e10
1e-
1e-
++1
1e
1e-
1.2.3
--2
-
++1
++1
1e+
1e
-
.
abc
.
1e
+
.
++1
0e
--2
e10
1e-
1e
.
1e-
--2
000.e
1e-
1.2.3
1e+
1e+
1e
1e+
1e+
000.e
1.2.3
-
1e-
++1
1e
--2
1e
1.2.3
.
000.e
1ee2
1.2.3
--2
e10
1e
000.e
abc
1e-
1e
0e
1.2.3
.
++1
++1
+
1.2.3
1ee2
1ee2
.
+
1e-
-
1e-
++1
++1
--2
+
e10
0e
1e+
1e-
1ee2
e10
e10
1e
++1
1.2.3
e10
.
0e
000.e
e10
+
+
1e
1e
1.2.3
000.e
-
000.e
e10
1e+
-
-
1ee2
+
1e-
000.e
000.e
1e-
+
1e
.
000.e
1.2.3
1e-
1e
1e-
1ee2
1e
-
.
.
1ee2
abc
-
.
++1
e10
1.2.3
1e+
e10
abc
++1
++1
000.e
+
000.e
1e+
0e
+
1e-
1ee2
1.2.3
000.e
1e
1e
1.2.3
1ee2
--2
e10
+
+
1ee2
+
1e
++1
1.2.3
.
1.2.3
1e+
0e
-
.
++1
1e+
1ee2
1ee2
1.2.3
1ee2
1ee2
0e
1e+
1e-
.
+
1e+
1e+
1e
e10
1e
.
1e+
000.e
--2
++1
e10
.
.
1ee2
abc
1e
+
++1
-
0e
e10
1e-
000.e
1e+
1ee2
1.2.3
1e-
e10
1e
++1
1e-
e10
+
0e
000.e
-
.
e10
1e
e10
1.2.3
abc
--2
e10
1ee2
abc
++1
000.e
1ee2
000.e
1e-
1e+
-
-
1ee2
0e
1ee2
-
e10
abc
--2
1.2.3
e10
0e
0e
0e
++1
1e
abc
++1
e10
--2
.
.
abc
-
--2
+
++1
1ee2
1e-
1e
000.e
++1
-
1e
-
1ee2
1ee2
.
1e
.
-
e10
1.2.3
.
1e
.
1.2.3
abc
1ee2
1e+
.
abc
abc
1ee2
abc
1.2.3
000.e
1ee2
+
--2
0e
.
e10
+
--2
1ee2
1e+
1e+
e10
abc
000.e
1e+
-
--2
--2
++1
e10
-
.
1ee2
0e
1.2.3
-
1.2.3
+
1.2.3
.
abc
1.2.3
000.e
0e
--2
--2
000.e
++1
++1
.
0e
1e+
e10
abc
1ee2
.
-
0e
1ee2
abc
++1
000.e
.
e10
000.e
000.e
1e
1.2.3
000.e
000.e
1.2.3
+
abc
1ee2
1ee2
+
1.2.3
++1
--2
e10
1.2.3
1e-
e10
1e+
++1
--2
-
1.2.3
0e
1.2.3
1e-
abc
abc
-
-
1e-
-
-
e10
++1
-
.
1e-
1ee2
abc
--2
1.2.3
1e+
0e
1ee2
0e
1.2.3
1e
++1
000.e
1e+
-
1e
e10
+
1e-
+
1e-
-
1e-
0e
-
e10
1e-
.
.
1e
--2
++1
+
0e
abc
-
1.2.3
1ee2
abc
0e
1e+
0e
.
1.2.3
+
--2
--2
--2
e10
1e-
1ee2
1e-
+
1ee2
+
e10
++1
1e-
+
1.2.3
abc
abc
-
1ee2
1e
.
--2
abc
000.e
+
++1
1.2.3
-
e10
.
-
-
abc
abc
000.e
.
abc
1e-
1e-
1e
e10
1e-
.
+
-
0e
abc
+
e10
000.e
++1
++1
--2
abc
+
1ee2
1ee2
1e
-
abc
1e
+
e10
1e-
--2
1e-
--2
abc
e10
1e
--2
e10
1e-
.
1ee2
-
1e-
++1
1e-
.
000.e
1e
e10
++1
--2
--2
1.2.3
++1
.
1ee2
-
e10
1e+
1ee2
1e
1e
e10
000.e
--2
e10
0e
0e
1e+
1.2.3
-
.
e10
000.e
.
1e-
0e
--2
-
+
++1
e10
1.2.3
--2
1e
1e
1ee2
1e
++1
1ee2
1e-
e10
1ee2
000.e
+
.
000.e
-
1e-
-
1e
1.2.3
+
.
abc
e10
abc
000.e
000.e
1e
1e-
abc
1e-
--2
.
000.e
1.2.3
-
e10
.
abc
000.e
000.e
abc
-
1ee2
1.2.3
-
abc
+
.
++1
e10
.
1e
1e+
1e-
abc
+
+
+
+
.
e10
1e-
1e+
++1
1.2.3
++1
1e-
1e-
0e
1e
++1
.
1e+
e10
1e+
000.e
.
1e+
e10
-
1ee2
000.e
1e-
++1
000.e
-
1e+
+
++1
1e+
000.e
abc
--2
++1
1e-
1.2.3
--2
e10
-
1e-
1e
.
abc
e10
000.e
++1
1e+
1e
1e-
000.e
.
abc
++1
1e+
e10
1ee2
0e
0e
++1
--2
1ee2
--2
+
0e
0e
--2
1e-
000.e
000.e
.
000.e
e10
--2
++1
abc
abc
1ee2
e10
000.e
1e
1e-
.
1ee2
0e
1e-
0e
1e+
1.2.3
+
-
abc
1e
1.2.3
1e
0e
000.e
000.e
1e
000.e
-
+
--2
1e
1.2.3
1ee2
.
1e
1.2.3
abc
1e+
0e
1ee2
1e-
abc
1e
+
000.e
1e+
--2
1e
abc
000.e
1e-
1.2.3
.
1e+
1.2.3
1e
--2
1e+
-
+
-
1e
1.2.3
e10
1ee2
1ee2
--2
1e
1e+
1e
1e-
1ee2
+
.
e10
1.2.3
e10
e10
0e
--2
+
1e
e10
1ee2
1e
+
0e
1.2.3
-
1e
000.e
1e+
+
--2
1e-
++1
++1
0e
-
++1
1.2.3
0e
--2
+
1ee2
1e
abc
000.e
e10
000.e
--2
1e
1e+
1e+
000.e
0e
--2
1ee2
1ee2
.
abc
++1
++1
1e
+
1e
1ee2
+
e10
e10
--2
++1
-
000.e
-
1ee2
++1
1ee2
--2
--2
--2
1e
1.2.3
-
1.2.3
1e-
+
1e+
--2
-
-
1ee2
1e
e10
1ee2
e10
000.e
1e
1e-
1e-
1e
1e+
1.2.3
1e
.
abc
1e-
1.2.3
1ee2
abc
++1
+
1e+
1e
e10
--2
-
+
1e-
.
e10
1e+
+
0e
abc
000.e
.
1.2.3
e10
1e+
1e+
e10
.
1e-
1.2.3
-
++1
--2
1e-
1ee2
.
1.2.3
+
1ee2
1e
1e-
1e-
1ee2
1.2.3
1.2.3
++1
e10
1.2.3
1ee2
1e
.
+
1e-
++1
1.2.3
1ee2
1e-
1e-
.
000.e
.
e10
0e
++1
.
--2
--2
.
1e+
1.2.3
.
.
--2
1e+
e10
000.e
1e+
1ee2
.
e10
000.e
.
+
abc
.
--2
1.2.3
e10
1e
+
-
1ee2
1.2.3
abc
1e+
+
++1
e10
abc
++1
1.2.3
+
+
--2
--2
1e-
1e+
+
.
0e
1ee2
e10
e10
.
1ee2
1e+
000.e
1e+
1e-
.
-
.
-
1.2.3
1ee2
000.e
e10
.
1ee2
e10
0e
+
1e+
abc
abc
0e
++1
abc
+
++1
0e
1e
1e+
1e
e10
.
++1
000.e
--2
000.e
--2
abc
+
.
+
0e
1ee2
1e-
-
1.2.3
e10
.
0e
1e+
000.e
1e-
1.2.3
e10
1.2.3
.
1.2.3
--2
-
1e
--2
1e+
abc
1ee2
.
1e+
1e-
-
abc
+
1ee2
1e+
abc
1e
--2
1e-
++1
1e+
000.e
+
1e
1.2.3
++1
000.e
1.2.3
1e+
000.e
+
1e-
-
1.2.3
--2
1e+
e10
e10
1.2.3
1.2.3
1e+
+
+
1e
.
--2
000.e
abc
--2
e10
1e-
+
1ee2
0e
-
.
1e-
1e-
1.2.3
1e+
abc
.
-
000.e
0e
1.2.3
-
1ee2
1ee2
1ee2
e10
.
1e+
1e
1e+
1e-
--2
1e
1e+
abc
.
.
000.e
--2
-
1.2.3
abc
1ee2
1.2.3
-
1e
1e
1.2.3
-
1ee2
1ee2
1e-
.
abc
1e
--2
e10
1e
--2
-
1e+
000.e
0e
abc
++1
1ee2
abc
000.e
1e+
1ee2
--2
abc
000.e
e10
--2
+
1.2.3
1e+
-
abc
1e+
1.2.3
0e
0e
0e
--2
1e+
000.e
1e
1ee2
.
0e
1.2.3
0e
1e+
+
e10
--2
1e-
--2
abc
1ee2
000.e
0e
+
0e
1e+
0e
abc
+
abc
1e
+
1e-
1e
e10
0e
1e
000.e
1e-
1e-
1e+
.
1ee2
e10
1e-
1e+
-
1e+
1e-
++1
1e+
000.e
0e
e10
000.e
+
1e
1ee2
.
1e+
1e-
--2
.
1e
1e-
++1
1.2.3
1e
--2
.
abc
++1
1.2.3
1e+
-
000.e
0e
1.2.3
1e-
e10
000.e
1e+
e10
1e+
1e+
1.2.3
1e+
0e
1e
1e+
-
1e+
0e
++1
1ee2
--2
1e
1e-
0e
000.e
--2
0e
0e
1.2.3
abc
abc
1e-
0e
-
abc
1e
000.e
.
1e-
abc
+
0e
-
-
.
0e
e10
abc
abc
.
+
1e
1e
000.e
+
0e
1ee2
1e-
1.2.3
e10
1e-
1e-
1e+
--2
1.2.3
1e
.
-
abc
++1
1ee2
--2
1e+
e10
--2
1e+
e10
1e
1e+
--2
1e+
++1
1e+
--2
e10
1e
1e-
e10
-
1e-
abc
abc
abc
+
abc
.
.
1ee2
0e
--2
000.e
e10
-
+
-
1ee2
000.e
1.2.3
e10
e10
1ee2
e10
1e
1.2.3
-
1ee2
-
e10
-
1e-
abc
1e+
1e+
++1
++1
1.2.3
abc
1e-
+
abc
abc
e10
+
e10
1e
+
1.2.3
--2
.
1e
++1
++1
1e+
1e+
--2
1e-
++1
e10
1ee2
.
1e
--2
+
000.e
e10
-
e10
.
1e
+
1e
1e-
000.e
-
1ee2
-
000.e
1e-
1e
e10
1e
1e-
1e+
-
1ee2
000.e
000.e
1ee2
+
e10
--2
+
1ee2
-
1e
.
e10
-
.
1.2.3
abc
+
+
1ee2
0e
1.2.3
-
e10
0e
1e-
+
abc
abc
++1
e10
abc
1e-
-
1ee2
abc
1e+
++1
.
1.2.3
+
0e
.
1e+
.
1e-
.
.
e10
++1
0e
0e
1e
++1
1e
-
1ee2
1e+
-
1e+
1ee2
++1
1e-
--2
1.2.3
+
e10
-
abc
.
1e
e10
1e-
1e+
000.e
0e
abc
000.e
1ee2
.
abc
+
1e-
--2
000.e
--2
.
1e
++1
0e
+
1e
++1
abc
e10
abc
1.2.3
--2
+
1ee2
+
1ee2
1e
1.2.3
+
+
--2
1ee2
0e
.
+
1e+
000.e
++1
1e
abc
000.e
1e
-
1e
000.e
abc
1e-
abc
1.2.3
e10
.
000.e
1e-
.
1e
++1
1ee2
1e
1e+
1e+
1e
-
1ee2
.
0e
1e+
-
abc
000.e
e10
++1
1e+
++1
++1
.
1e-
1e+
0e
1.2.3
1ee2
.
--2
+
1.2.3
+
e10
0e
abc
++1
.
.
1ee2
e10
1.2.3
1e
1e+
0e
1e-
000.e
+
1e
1ee2
1e+
1e
0e
+
1ee2
++1
0e
1.2.3
0e
.
1.2.3
1ee2
000.e
1.2.3
1e
+
+
1e
++1
--2
1e+
1e+
e10
1ee2
e10
.
-
1e-
1.2.3
.
1e-
--2
--2
000.e
abc
000.e
e10
e10
e10
+
--2
.
e10
+
abc
abc
000.e
--2
++1
0e
0e
1e+
1e-
0e
000.e
+
1e-
1ee2
1.2.3
1ee2
1ee2
1e
1.2.3
e10
1ee2
1e-
000.e
+
+
--2
abc
+
-
.
.
1e-
abc
e10
1e+
e10
+
1.2.3
1ee2
1e
1e+
+
e10
+
1e+
e10
+
1.2.3
000.e
.
1e-
.
0e
1.2.3
e10
1e
000.e
--2
1ee2
1ee2
++1
--2
1e+
1e+
000.e
e10
000.e
1e+
1ee2
1e
++1
1.2.3
1e+
-
1ee2
e10
.
000.e
--2
1e
.
-
--2
++1
--2
+
e10
--2
1ee2
000.e
++1
1e
1e-
1e+
1e
+
++1
+
0e
000.e
++1
1e-
000.e
0e
000.e
++1
-
--2
-
abc
+
1e+
++1
e10
e10
000.e
--2
++1
1e+
1e-
1e
--2
e10
++1
1e
e10
+
0e
.
e10
000.e
0e
1e
e10
1.2.3
.
e10
e10
0e
++1
1e
+
0e
1.2.3
++1
0e
0e
0e
0e
000.e
000.e
000.e
++1
000.e
1e-
1e
0e
.
.
-
1e
-
1ee2
0e
e10
1.2.3
--2
1.2.3
1.2.3
000.e
1.2.3
+
0e
++1
0e
abc
.
abc
+
0e
e10
1e-
e10
+
+
1e+
--2
000.e
0e
abc
1.2.3
abc
0e
-
1ee2
e10
000.e
0e
++1
1.2.3
e10
000.e
+
--2
+
+
--2
-
--2
-
1ee2
1e
++1
1e
1e
e10
1e+
abc
1e
e10
1ee2
1ee2
-
abc
--2
++1
0e
-
+
1.2.3
0e
.
--2
abc
0e
0e
-
1ee2
1e
000.e
-
+
1e+
000.e
0e
1e+
abc
++1
++1
1ee2
+
000.e
++1
++1
1e-
0e
e10
1ee2
000.e
+
1e
+
++1
--2
1e-
1e+
--2
1e
1e+
1e+
abc
-
+
1e-
1e+
1e-
000.e
0e
1.2.3
1e
-
+
1e+
e10
abc
0e
1ee2
1e
abc
abc
1.2.3
++1
1e-
abc
e10
abc
000.e
1ee2
1e+
1e
1e
e10
++1
1e
abc
+
1e-
abc
.
000.e
-
0e
++1
000.e
1e-
++1
1ee2
1e
0e
++1
.
1e
e10
+
0e
.
1ee2
.
--2
1e+
1e-
abc
+
-
-
abc
1e
--2
++1
--2
e10
1.2.3
1e
1ee2
.
abc
1e+
1e-
1e-
-
000.e
000.e
++1
1e-
1e+
1e+
1e+
--2
abc
1e+
+
0e
++1
e10
1e+
1ee2
.
.
abc
-
--2
abc
e10
1e+
0e
abc
--2
+
-
++1
1.2.3
0e
abc
1e+
1ee2
--2
1e
--2
-
1.2.3
0e
1ee2
+
1.2.3
1e-
+
.
--2
-
abc
-
1e-
1e-
--2
0e
+
1.2.3
++1
++1
+
1e
1e+
.
abc
1.2.3
0e
1e
000.e
1e-
000.e
1.2.3
1e+
000.e
1e
1ee2
1ee2
1e+
++1
.
1.2.3
+
1.2.3
1e
1e
000.e
e10
abc
1e+
1.2.3
+
e10
e10
1ee2
1e+
0e
++1
1e
0e
1e
000.e
-
1e-
abc
e10
-
000.e
1.2.3
0e
--2
--2
1ee2
++1
1.2.3
+
000.e
1e
+
1e
++1
-
1e
1e+
000.e
1e
1.2.3
1.2.3
-
+
1e+
e10
1.2.3
abc
++1
-
--2
0e
--2
1e
1.2.3
1e-
1.2.3
1e-
1e+
1e+
1e+
1e-
1e
+
e10
1e+
+
1.2.3
1e-
-
+
1e+
+
-
1e-
1e-
abc
++1
abc
1ee2
+
++1
1e+
0e
-
000.e
.
+
1e-
++1
+
1e
.
-
++1
.
+
abc
abc
1.2.3
000.e
1ee2
1ee2
--2
1.2.3
1.2.3
.
1e+
000.e
1.2.3
+
1e
-
-
1.2.3
e10
0e
1e-
1ee2
000.e
abc
.
.
e10
e10
000.e
--2
0e
1e-
abc
abc
.
++1
.
abc
1e-
000.e
--2
0e
1e-
--2
1e+
1ee2
e10
0e
--2
1e+
.
1e+
000.e
1ee2
abc
1.2.3
0e
+
1ee2
--2
1ee2
+
-
--2
+
1e
e10
e10
1e-
000.e
1.2.3
abc
abc
e10
abc
1e-
000.e
1.2.3
0e
000.e
++1
1e
+
1e+
1e-
-
0e
e10
abc
1e-
000.e
1.2.3
--2
-
--2
e10
1e-
-
-
++1
-
.
++1
+
--2
+
abc
0e
1e+
-
1e-
1e-
0e
1e
1.2.3
abc
e10
+
++1
+
--2
0e
1e-
1.2.3
e10
1e+
1e+
abc
++1
--2
.
000.e
1e-
1.2.3
e10
-
abc
+
1ee2
0e
1e
++1
.
000.e
+
--2
1ee2
1e-
.
--2
--2
1e
.
abc
+
++1
1e+
1e
.
++1
000.e
-
-
e10
e10
e10
0e
1e-
000.e
1e-
1.2.3
1.2.3
1e+
+
1ee2
.
e10
-
.
-
1e-
1e+
abc
1e-
000.e
000.e
--2
-
0e
-
000.e
1e
abc
1e+
0e
1ee2
+
1ee2
1e-
++1
1e
++1
e10
000.e
000.e
0e
1.2.3
++1
--2
000.e
++1
1e-
--2
.
--2
e10
1.2.3
1e-
abc
abc
000.e
1.2.3
1.2.3
-
1.2.3
1ee2
1ee2
abc
1ee2
000.e
1ee2
1ee2
0e
--2
.
0e
e10
1ee2
1ee2
1ee2
+
1.2.3
--2
++1
0e
1e+
abc
000.e
--2
1ee2
1e
-
1e+
0e
-
1e+
e10
1e
--2
.
abc
000.e
1ee2
--2
++1
e10
1e-
0e
++1
+
1e+
1e
.
1.2.3
000.e
abc
0e
1e
.
abc
abc
e10
0e
+
.
.
1.2.3
0e
abc
abc
000.e
++1
--2
+
-
+
0e
1e+
1e+
000.e
000.e
1.2.3
+
1.2.3
000.e
000.e
1.2.3
1.2.3
.
-
.
.
e10
1e-
1e+
1e
1e-
1e
+
.
1ee2
.
e10
+
1.2.3
abc
0e
+
1e+
1e
1ee2
abc
000.e
e10
++1
abc
++1
-
abc
.
++1
.
.
+
1e-
1e-
1e-
1e-
1e+
.
-
e10
e10
1e+
1ee2
1e
--2
--2
.
1e-
.
0e
++1
.
abc
1.2.3
-
--2
-
0e
e10
abc
+
1e+
1ee2
e10
--2
1ee2
1e-
1.2.3
0e
000.e
1e+
1e+
e10
++1
e10
0e
.
000.e
1e-
0e
++1
abc
0e
1e+
1e+
1e
0e
1e+
-
e10
000.e
0e
abc
000.e
+
1ee2
++1
1e
1ee2
1e-
e10
1ee2
-
e10
-
1ee2
1e
++1
1e
1e+
000.e
1e-
1e+
.
1e-
1.2.3
++1
0e
1e+
++1
000.e
1e
.
-
-
000.e
0e
++1
e10
+
++1
-
1e+
abc
1ee2
1.2.3
abc
1.2.3
1e+
0e
1e
--2
1e-
0e
--2
++1
0e
-
1e+
abc
1.2.3
++1
--2
++1
000.e
0e
1e-
1e-
++1
000.e
--2
1ee2
000.e
.
1e
1e
0e
1ee2
+
-
0e
--2
1e+
000.e
0e
e10
.
1e
1e-
1ee2
1ee2
1e+
000.e
1.2.3
1.2.3
0e
1ee2
000.e
.
000.e
+
-
0e
+
++1
.
1.2.3
abc
-
1e-
abc
1e+
1e-
--2
.
0e
1e+
1e-
--2
1.2.3
abc
-
000.e
--2
.
1e+
1e
1.2.3
000.e
1e+
000.e
1ee2
1.2.3
e10
1e-
-
-
1ee2
1e+
1e+
--2
1.2.3
1e
0e
1.2.3
++1
+
1ee2
--2
abc
e10
-
1e
1.2.3
+
1.2.3
-
e10
+
++1
+
--2
e10
e10
.
.
1e-
-
++1
1e+
-
e10
--2
1ee2
1e
1ee2
abc
+
++1
-
e10
+
-
1ee2
++1
0e
1ee2
.
.
--2
1ee2
.
e10
1ee2
-
000.e
abc
1e-
1e+
+
.
1e
e10
000.e
1ee2
1.2.3
++1
1e+
1ee2
+
1e+
+
+
1e+
1e
1.2.3
1e-
1e
1e+
1.2.3
1e-
1ee2
-
abc
000.e
-
1.2.3
+
abc
1e
.
000.e
1ee2
000.e
+
1.2.3
1e+
1ee2
-
abc
1e+
++1
--2
abc
+
1e-
e10
0e
1ee2
1e-
1.2.3
+
1e+
--2
+
1e
1ee2
--2
1e-
1.2.3
--2
--2
e10
1e-
-
1e-
.
++1
1ee2
.
e10
abc
1ee2
++1
abc
1e
1.2.3
1e
1ee2
1e-
-
1.2.3
0e
--2
1.2.3
1e
1ee2
1.2.3
abc
--2
1e
1ee2
1ee2
.
000.e
.
000.e
.
1e-
000.e
1ee2
1.2.3
1e
1ee2
1e
--2
0e
--2
1e
++1
0e
1e-
--2
-
1e
--2
1e-
--2
1e-
1e
1e+
1e+
--2
abc
1e-
+
1e+
abc
1e
1.2.3
e10
++1
abc
-
-
+
1.2.3
e10
--2
1e+
000.e
--2
.
1e
+
1e+
abc
000.e
000.e
+
--2
1e-
-
1e
1.2.3
++1
--2
000.e
--2
e10
1ee2
abc
-
--2
1e-
1e+
e10
000.e
1e
0e
+
1e+
abc
.
1e
e10
1e-
--2
000.e
1e+
e10
++1
.
000.e
+
1.2.3
e10
1.2.3
1.2.3
0e
1e+
0e
1ee2
e10
0e
+
1.2.3
e10
1.2.3
1.2.3
e10
0e
1e
1ee2
++1
1ee2
1e
0e
abc
++1
1e+
--2
abc
+
+
1e-
1ee2
000.e
-
1e-
1e+
000.e
--2
--2
1.2.3
e10
abc
1e
e10
1ee2
++1
1e
1e-
+
0e
+
000.e
0e
0e
++1
e10
0e
1.2.3
1e+
++1
+
0e
e10
1e+
+
--2
0e
1e-
1.2.3
abc
--2
0e
000.e
000.e
1e+
1e+
1e
.
000.e
1.2.3
1ee2
1.2.3
+
++1
+
1e-
+
1e-
++1
abc
1.2.3
e10
++1
1e-
1ee2
-
0e
e10
1e-
e10
++1
0e
e10
000.e
0e
1.2.3
1e
1.2.3
-
-
+
e10
+
1e
.
1e+
1ee2
abc
+
1e-
++1
1e
1e+
0e
1e
.
.
000.e
1e-
000.e
-
--2
-
-
0e
.
1e+
--2
0e
+
.
--2
000.e
abc
1e+
1e-
1ee2
.
1ee2
++1
1e
000.e
.
-
0e
e10
000.e
1e+
-
1e
--2
--2
.
0e
0e
+
1e-
-
--2
1e
+
1.2.3
++1
abc
0e
abc
1e
000.e
1.2.3
1e
-
.
0e
--2
++1
abc
1ee2
1ee2
0e
--2
1ee2
--2
1e
abc
-
1e
1ee2
1ee2
-
1ee2
1ee2
1e
1.2.3
abc
--2
1.2.3
0e
+
--2
1.2.3
1.2.3
1e+
1e+
1ee2
1.2.3
1.2.3
.
1e
1e
1ee2
1.2.3
1e
1ee2
e10
e10
abc
abc
1e
1ee2
000.e
--2
+
000.e
1e-
-
1e+
abc
1e
000.e
1e+
1e-
.
+
--2
+
+
.
e10
1e+
000.e
e10
1e
-
--2
.
abc
e10
++1
-
1ee2
--2
.
1e-
e10
0e
0e
0e
++1
++1
+
1e
1ee2
000.e
+
1e+
.
1.2.3
1e
--2
e10
abc
0e
abc
-
-
abc
++1
-
+
1e
1e-
e10
abc
1e+
0e
--2
1e+
0e
-
-
000.e
1e
.
0e
abc
1e+
1.2.3
.
0e
.
0e
e10
+
0e
0e
--2
0e
1e-
000.e
1e
1e-
++1
000.e
abc
--2
-
abc
-
000.e
.
1e+
1ee2
1.2.3
+
1e-
abc
--2
0e
1.2.3
abc
1e-
1ee2
++1
e10
abc
1e+
000.e
000.e
abc
-
-
e10
e10
--2
+
1ee2
.
abc
++1
1e-
000.e
0e
+
1.2.3
+
000.e
abc
0e
1e+
1e+
e10
1e+
1e+
1e-
.
+
1.2.3
e10
0e
+
1ee2
++1
0e
abc
1e
000.e
e10
--2
.
1e+
1e+
1e+
e10
-
--2
1e-
1.2.3
--2
-
1e+
0e
0e
1e-
e10
abc
1e-
000.e
1e
-
-
1e+
++1
+
-
+
0e
--2
1e
--2
0e
--2
1ee2
0e
1ee2
1e
1e
.
++1
1ee2
1e-
1e+
e10
1e
000.e
.
0e
-
abc
1e
++1
.
1e-
000.e
+
0e
1.2.3
1ee2
--2
abc
1e-
1.2.3
++1
1e
1e+
1e-
1e+
--2
+
0e
1ee2
abc
.
1.2.3
1.2.3
+
+
000.e
-
0e
--2
1e+
000.e
+
000.e
--2
e10
1e-
abc
1.2.3
--2
abc
e10
+
000.e
1e+
e10
1e
1.2.3
++1
--2
+
1e-
1ee2
1e+
abc
0e
abc
++1
+
1.2.3
.
000.e
1ee2
1ee2
abc
0e
1e-
0e
-
0e
+
+
++1
.
0e
1ee2
1.2.3
1ee2
e10
abc
1e+
1.2.3
e10
1e-
1e-
++1
1e-
abc
-
1.2.3
+
1e
--2
000.e
--2
1ee2
+
1.2.3
-
.
-
e10
000.e
1e
0e
1e-
abc
0e
1e
1e-
++1
.
1e
++1
1e-
1.2.3
1e
--2
000.e
++1
++1
++1
1.2.3
-
+
-
0e
1.2.3
abc
1e
1e-
0e
1e
1e+
abc
1.2.3
++1
1e-
+
++1
abc
000.e
0e
abc
1.2.3
+
.
1e-
-
1ee2
abc
-
1e
0e
.
.
e10
++1
1ee2
+
-
0e
1ee2
1e
abc
1e-
+
0e
1e+
000.e
--2
000.e
1e+
1e
e10
-
--2
e10
.
1.2.3
e10
abc
abc
1.2.3
1e
1e
1.2.3
++1
0e
0e
1e
.
000.e
1e-
--2
1e
e10
--2
1e
1e-
1e
--2
e10
0e
e10
1e
++1
-
1e-
++1
+
1e
1ee2
1e+
+
e10
+
.
1ee2
++1
1e-
+
000.e
abc
1ee2
1e-
1e
0e
e10
.
1.2.3
1e
1e
+
+
++1
abc
1e-
1e+
+
-
--2
.
.
1ee2
+
1e
1ee2
1e+
.
1e
e10
--2
.
1e
1.2.3
--2
.
.
+
1.2.3
.
1e-
++1
+
1.2.3
e10
1e
1e
abc
+
e10
-
1e-
+
0e
1e+
e10
1e-
1e-
1e-
-
++1
+
0e
.
000.e
1ee2
-
0e
-
0e
1e+
-
abc
-
-
e10
-
1ee2
1e+
1e+
--2
-
abc
.
e10
.
000.e
1.2.3
1e-
1e-
.
000.e
+
+
-
e10
1e+
1.2.3
1e-
-
--2
1.2.3
1e+
-
e10
.
.
e10
0e
1ee2
--2
1e+
--2
-
.
000.e
1e+
e10
1ee2
.
000.e
--2
+
1e
000.e
1e-
1.2.3
1ee2
000.e
-
++1
++1
abc
--2
1ee2
+
0e
++1
++1
e10
1e+
1ee2
1e
000.e
1ee2
.
.
1e+
--2
-
abc
abc
1e
e10
1e-
1.2.3
1e-
1e+
0e
0e
1e+
++1
.
1.2.3
-
1e
e10
-
1.2.3
1e-
-
e10
++1
1e+
++1
1ee2
--2
e10
1e
abc
e10
000.e
1e-
1e-
e10
1.2.3
000.e
1ee2
1e-
000.e
1e
1e+
1.2.3
-
.
1e+
++1
1e+
e10
000.e
0e
1ee2
-
++1
-
1ee2
-
abc
000.e
1e+
1.2.3
1.2.3
--2
--2
000.e
+
1e+
e10
++1
1ee2
++1
000.e
abc
.
.
-
-
1e
1e+
0e
1e
+
1e
1ee2
e10
.
1.2.3
0e
e10
1e
0e
000.e
1e-
++1
+
1.2.3
1.2.3
000.e
abc
000.e
.
1e+
1.2.3
+
.
1.2.3
1e+
++1
1e+
e10
--2
+
1e-
-
abc
e10
.
--2
++1
--2
-
1.2.3
e10
++1
000.e
e10
1.2.3
0e
1e-
++1
1e+
1e-
--2
abc
++1
000.e
abc
e10
.
1e-
1e-
+
e10
.
1e-
1e+
e10
1e
+
-
1.2.3
1e
e10
-
1.2.3
1.2.3
1ee2
+
1.2.3
1e+
1e+
0e
--2
abc
1e+
1e
e10
+
--2
000.e
.
1.2.3
.
1e+
.
1e+
1e+
0e
0e
+
e10
1ee2
1.2.3
.
0e
1.2.3
1e+
++1
.
-
.
0e
-
1ee2
1ee2
0e
000.e
0e
000.e
1ee2
-
e10
1e+
+
abc
abc
0e
1e-
1e+
0e
+
.
++1
e10
1e-
+
-
1e
1e
1e
-
.
-
--2
000.e
++1
1.2.3
1ee2
--2
abc
0e
.
abc
+
1e
000.e
0e
000.e
+
0e
1ee2
abc
++1
.
1e+
0e
1.2.3
e10
1e+
e10
-
--2
--2
++1
1e
1e-
0e
1e+
1e-
++1
e10
--2
1e-
1e
000.e
1e
1e-
-
0e
1e-
--2
000.e
e10
--2
0e
+
e10
1e
-
1e+
e10
1.2.3
.
0e
++1
1e+
1e
abc
1e-
000.e
1.2.3
--2
1e
000.e
1e
000.e
abc
1e-
1e+
+
1.2.3
1ee2
-
--2
+
1e+
1e-
1e-
1e-
0e
0e
0e
--2
1e-
e10
1.2.3
++1
1e-
e10
.
++1
+
0e
+
e10
1e-
1e-
-
e10
.
0e
1e
0e
++1
++1
--2
0e
1e-
.
.
--2
0e
0e
--2
1e
1e+
+
1e-
++1
0e
abc
abc
1e-
++1
e10
abc
abc
.
--2
1e+
--2
-
-
e10
000.e
+
-
-
0e
e10
1ee2
--2
abc
1e-
.
+
1e
.
--2
1.2.3
abc
0e
1ee2
1ee2
0e
000.e
0e
1e-
-
++1
abc
++1
--2
-
e10
1e+
-
1ee2
1e
abc
e10
++1
1.2.3
1ee2
1e-
1e+
e10
abc
1e
+
.
e10
1ee2
000.e
-
+
abc
++1
--2
1ee2
+
1e
.
000.e
1e+
1.2.3
1ee2
-
0e
--2
+
+
abc
1e+
1ee2
e10
abc
abc
.
1e
++1
1e+
++1
++1
abc
1e
++1
e10
--2
1.2.3
++1
-
0e
1e+
.
abc
1.2.3
1e-
.
.
-
1.2.3
1.2.3
1e
++1
000.e
1ee2
e10
1e+
1e
1.2.3
e10
.
.
0e
.
1ee2
--2
1ee2
1.2.3
1e
.
e10
1.2.3
abc
--2
--2
e10
e10
1e
0e
1e-
e10
1ee2
e10
e10
+
+
abc
.
e10
.
000.e
abc
1e-
.
-
0e
-
1ee2
1e
.
e10
1ee2
0e
000.e
.
1e-
000.e
abc
--2
0e
+
-
1ee2
e10
abc
1e-
1ee2
0e
0e
000.e
abc
e10
.
1e-
1ee2
1e
1.2.3
0e
1e
+
abc
+
--2
++1
1e+
-
000.e
++1
abc
1e-
000.e
1e+
.
1ee2
.
1.2.3
abc
1.2.3
--2
++1
1.2.3
.
-
+
1e
1ee2
1e-
1e-
0e
--2
1e
abc
1e
.
++1
1e
1e-
e10
++1
1e+
1e+
--2
1e-
1ee2
1ee2
1ee2
1ee2
0e
1e
abc
.
000.e
000.e
1ee2
1ee2
1e+
1e+
000.e
++1
-
1e-
1e
-
++1
1e-
1ee2
--2
-
++1
1e+
1e+
-
1e-
000.e
.
e10
e10
-
-
+
--2
++1
000.e
1e
++1
1.2.3
abc
1e-
.
1e+
0e
+
++1
1e+
.
abc
.
1.2.3
abc
--2
1.2.3
1.2.3
++1
abc
1e-
1ee2
1e+
1e+
1e
1e-
1.2.3
.
1e+
1ee2
+
-
e10
--2
+
++1
abc
.
1e+
++1
000.e
abc
1e
0e
--2
abc
1e-
++1
.
+
++1
++1
1e+
++1
1e
0e
000.e
1e
0e
abc
1e
1e-
1ee2
.
+
-
++1
-
--2
000.e
-
+
.
1e+
1ee2
1e-
e10
1.2.3
--2
-
1e-
1ee2
.
-
1ee2
0e
1ee2
abc
+
1e+
1e+
.
000.e
++1
--2
+
.
-
1ee2
1e-
+
e10
1e
+
1e-
000.e
+
.
1e-
1e
1e-
1ee2
1e+
-
000.e
+
1e-
0e
1e+
++1
1e
1e
1e
++1
000.e
e10
000.e
+
0e
-
e10
abc
abc
--2
++1
abc
000.e
e10
-
+
++1
000.e
1.2.3
1e+
++1
-
+
000.e
1e
000.e
+
000.e
0e
.
0e
--2
1.2.3
0e
000.e
-
1ee2
1e
-
--2
--2
1ee2
1ee2
--2
+
--2
1e
1e-
e10
+
1.2.3
1e+
1e-
1.2.3
1.2.3
.
0e
e10
1ee2
e10
000.e
.
e10
1e+
e10
-
.
e10
+
-
e10
e10
1e+
abc
000.e
000.e
0e
abc
abc
1ee2
000.e
abc
1.2.3
1e+
e10
1.2.3
1ee2
1e
0e
-
--2
1e-
abc
abc
000.e
0e
+
e10
+
1e-
-
e10
1e-
e10
1e-
-
+
000.e
1ee2
0e
abc
000.e
+
1e+
-
-
1e+
1e-
1ee2
000.e
1.2.3
1e+
.
1ee2
e10
1.2.3
0e
++1
+
0e
--2
abc
1ee2
000.e
000.e
e10
000.e
abc
0e
+
++1
000.e
.
++1
abc
--2
--2
--2
1e-
1.2.3
0e
0e
++1
+
++1
+
1.2.3
++1
e10
++1
1ee2
0e
1ee2
1e-
1e
000.e
+
1e+
1e+
1.2.3
abc
1e-
++1
--2
-
1e
1e-
+
1ee2
+
abc
1.2.3
1.2.3
--2
1e-
1e
1.2.3
.
abc
--2
1e+
+
e10
1e-
000.e
1.2.3
--2
1.2.3
++1
000.e
+
1.2.3
abc
1e+
abc
1ee2
1ee2
--2
+
0e
+
1e
000.e
e10
0e
-
-
-
+
1.2.3
-
-
000.e
000.e
1.2.3
1.2.3
1ee2
++1
--2
1e
1e+
1ee2
++1
--2
1e
000.e
-
abc
abc
+
++1
1ee2
000.e
1.2.3
1.2.3
1.2.3
1.2.3
1ee2
1e-
1.2.3
++1
--2
e10
1ee2
-
000.e
+
1e
+
1e
abc
0e
.
+
++1
1e-
e10
+
++1
e10
++1
1ee2
--2
0e
++1
.
1ee2
--2
1e-
+
--2
1.2.3
000.e
e10
1.2.3
1e+
abc
abc
--2
1.2.3
1e
-
++1
-
000.e
++1
e10
1.2.3
+
.
1e+
++1
++1
1.2.3
+
e10
--2
.
abc
++1
abc
e10
abc
+
e10
1e
1e+
e10
1ee2
1e
--2
1ee2
0e
1ee2
e10
000.e
++1
-
000.e
+
+
0e
-
abc
+
e10
1e-
1ee2
--2
--2
1e+
1ee2
1.2.3
0e
1e-
abc
-
abc
1e
++1
--2
1e+
++1
abc
000.e
.
1e
+
+
++1
1ee2
++1
+
1e+
000.e
e10
1ee2
--2
abc
e10
1e+
1e
1e
000.e
.
+
1e+
1e
--2
1.2.3
1.2.3
1ee2
abc
.
++1
.
-
1ee2
++1
1ee2
0e
1.2.3
e10
1.2.3
000.e
e10
1ee2
1e-
--2
+
e10
abc
0e
1e+
+
1e-
1e-
.
0e
+
-
0e
--2
1e
1ee2
abc
.
1e-
-
1e+
1e
1.2.3
++1
000.e
-
1e-
-
.
-
e10
+
0e
+
++1
abc
000.e
-
000.e
e10
++1
.
1e-
1.2.3
1.2.3
.
--2
++1
abc
abc
e10
.
.
1e
0e
+
++1
-
-
0e
1ee2
1e+
.
abc
-
000.e
abc
+
--2
.
1ee2
++1
1ee2
.
1e
0e
1ee2
+
0e
--2
abc
1e+
1e-
000.e
1e-
1e
e10
e10
++1
.
1e+
000.e
abc
e10
abc
e10
1e+
--2
1e+
0e
+
++1
+
1e
1.2.3
++1
1.2.3
-
e10
abc
000.e
-
1e
1ee2
++1
abc
1ee2
-
1.2.3
000.e
+
+
1e-
.
-
.
000.e
1e+
1.2.3
+
1.2.3
-
000.e
e10
+
000.e
abc
1e-
++1
-
-
-
1ee2
-
000.e
++1
1e
1e+
1ee2
-
+
1e-
1ee2
0e
1e-
000.e
abc
0e
1e-
--2
++1
000.e
++1
1.2.3
-
1e-
000.e
++1
.
++1
1.2.3
1.2.3
1e+
1.2.3
-
0e
1e-
1e+
abc
1e-
abc
-
.
1e+
e10
abc
abc
1e
+
abc
abc
1e-
1e
0e
-
1e+
1e-
1e+
1e
1.2.3
1ee2
++1
0e
+
0e
e10
000.e
1.2.3
abc
+
0e
+
++1
1ee2
e10
1e-
0e
--2
000.e
++1
1e+
+
000.e
0e
1.2.3
++1
1.2.3
.
0e
000.e
e10
+
++1
++1
.
abc
abc
e10
1e+
000.e
.
000.e
e10
e10
1ee2
e10
1ee2
--2
1e+
000.e
0e
000.e
--2
-
e10
abc
1e
.
.
++1
1.2.3
0e
+
1e+
000.e
++1
1e
abc
1.2.3
.
--2
++1
-
1e
--2
0e
abc
.
1.2.3
++1
++1
1e
000.e
++1
abc
0e
.
++1
000.e
+
1ee2
--2
--2
1e-
1e+
1ee2
1ee2
0e
abc
1.2.3
.
1e
1e-
e10
1e
1e+
.
++1
abc
-
1e-
+
1e-
0e
+
1ee2
--2
1e
1ee2
.
--2
1e
+
-
000.e
++1
++1
--2
--2
-
abc
1e+
-
++1
abc
e10
--2
0e
1ee2
-
0e
1e-
+
0e
abc
1.2.3
e10
0e
1e
e10
.
1e+
abc
+
1.2.3
1e-
000.e
000.e
1e+
000.e
1e+
000.e
1e+
.
1e-
++1
+
0e
++1
+
++1
1.2.3
-
-
1e-
abc
+
1ee2
-
++1
1e
1.2.3
-
1e+
1e-
.
++1
1e+
1e+
0e
1e
1ee2
e10
1.2.3
-
000.e
1e-
abc
e10
0e
--2
1ee2
1e-
1.2.3
-
+
1e-
1e+
1e-
abc
1e+
.
.
++1
1e
++1
1.2.3
1e
1ee2
1ee2
-
--2
1e-
++1
++1
-
e10
000.e
1e-
1.2.3
e10
--2
1ee2
000.e
1e
1.2.3
--2
1e+
-
abc
--2
e10
.
--2
e10
abc
1e+
--2
1ee2
0e
+
000.e
--2
+
1e
+
1e-
-
1e+
1e
000.e
1e-
abc
0e
e10
-
1e+
1.2.3
0e
1.2.3
--2
+
1e+
e10
1e+
++1
abc
000.e
--2
1e-
--2
++1
abc
--2
.
.
abc
1e+
000.e
-
-
000.e
.
abc
.
+
--2
1e-
abc
1e+
abc
1.2.3
1e-
.
abc
++1
1.2.3
0e
++1
1e+
0e
-
1ee2
.
1ee2
000.e
000.e
0e
1.2.3
1e
+
++1
.
abc
-
000.e
++1
+
+
abc
1e
1.2.3
1e-
-
--2
1ee2
000.e
1e-
++1
1ee2
abc
0e
1e+
1e-
.
-
.
1ee2
.
000.e
0e
e10
abc
-
e10
1e
1e+
abc
--2
+
1e+
1.2.3
+
1e
+
--2
1.2.3
1.2.3
1.2.3
.
++1
1.2.3
0e
+
--2
++1
000.e
++1
0e
.
0e
-
--2
1e
000.e
1e-
1e+
.
++1
.
abc
e10
e10
0e
1.2.3
++1
1ee2
1.2.3
1e-
e10
+
1.2.3
.
+
abc
+
e10
1ee2
-
e10
000.e
1e+
1ee2
--2
.
e10
1e
+
0e
1.2.3
--2
abc
0e
0e
1ee2
000.e
1.2.3
0e
1ee2
+
.
0e
--2
1ee2
1e
0e
1e-
1e-
+
abc
1e+
+
e10
e10
++1
e10
0e
+
1.2.3
-
000.e
1e
abc
e10
.
1e+
1ee2
1.2.3
-
1e+
abc
1ee2
e10
++1
1e+
1.2.3
1e
.
1ee2
--2
000.e
1e
e10
++1
--2
-
--2
e10
--2
1e+
abc
e10
+
abc
1ee2
e10
000.e
.
--2
000.e
+
1e-
1ee2
+
1e
1ee2
--2
1e-
1e-
++1
++1
000.e
1ee2
++1
1e
000.e
abc
abc
1ee2
1e+
+
1e-
1e-
++1
+
++1
++1
1e
1ee2
.
1e-
0e
e10
1e
1e-
abc
1ee2
1.2.3
e10
+
1e
+
1e+
+
1e
000.e
1e-
.
0e
.
0e
1e+
.
.
+
1e+
-
1e+
0e
e10
1e
.
000.e
--2
.
++1
abc
-
1e+
.
--2
--2
1ee2
e10
-
1.2.3
1e+
-
+
1e
+
abc
1e
.
1e+
1e+
e10
--2
.
1.2.3
1.2.3
--2
++1
++1
1ee2
--2
1e-
1.2.3
--2
e10
+
0e
abc
0e
+
--2
-
1ee2
++1
1e
++1
abc
1ee2
1.2.3
+
1e-
0e
abc
-
1e
000.e
1ee2
-
e10
1e-
abc
1e
1.2.3
e10
e10
000.e
1.2.3
abc
e10
.
1e-
1.2.3
+
1e+
0e
.
000.e
.
.
1e
1e-
++1
e10
.
1e
e10
1.2.3
e10
1ee2
e10
-
abc
1e+
.
1e-
0e
--2
1ee2
--2
+
.
++1
1e-
1ee2
1ee2
--2
1e-
1ee2
1ee2
1e-
-
1e+
0e
--2
++1
0e
1e-
1e
-
abc
++1
000.e
1e+
abc
.
1e-
1e-
0e
1e+
+
1e-
1e+
abc
1e
++1
e10
+
0e
1e+
--2
1e+
-
1e-
+
--2
++1
.
1e+
abc
--2
1e+
--2
0e
abc
000.e
0e
e10
1e+
1.2.3
1e-
1e-
1.2.3
1ee2
000.e
e10
e10
-
0e
1.2.3
1.2.3
0e
1e+
.
++1
.
+
e10
1e-
1e
--2
000.e
000.e
e10
-
abc
000.e
1e
000.e
.
000.e
.
1e-
--2
+
--2
1.2.3
++1
--2
0e
1e
.
.
000.e
-
0e
--2
abc
1e+
1e
0e
.
.
+
1ee2
1ee2
++1
1e-
--2
+
-
-
abc
--2
.
0e
1.2.3
-
1e
+
1.2.3
1.2.3
+
1e-
1e+
--2
1e-
abc
++1
--2
1e-
1e+
-
1e-
-
1.2.3
e10
-
++1
1e+
1.2.3
000.e
1e+
+
1ee2
1e-
1ee2
abc
1.2.3
e10
+
1e
-
.
1e-
000.e
1.2.3
++1
++1
0e
1e+
-
++1
1e-
--2
1.2.3
0e
1ee2
0e
1e+
-
1e
1e
e10
1ee2
++1
--2
000.e
++1
-
abc
--2
--2
000.e
1e
1.2.3
0e
1e-
++1
e10
.
1e-
1ee2
1.2.3
0e
++1
1.2.3
-
1e-
abc
abc
0e
-
--2
1e+
--2
.
000.e
.
-
000.e
1ee2
--2
.
-
-
1e
1e
1ee2
1.2.3
.
++1
abc
1ee2
abc
1e
++1
1e
+
-
-
1e-
1e
++1
+
+
++1
+
+
.
0e
000.e
--2
1.2.3
1.2.3
.
1e
1e-
.
+
1.2.3
1e+
++1
1.2.3
1e
e10
000.e
1e-
+
1.2.3
abc
1.2.3
++1
abc
1e
000.e
0e
1e+
000.e
1e
-
000.e
000.e
abc
--2
++1
1.2.3
abc
abc
-
0e
1ee2
.
e10
000.e
1.2.3
++1
-
-
1ee2
--2
000.e
-
-
-
--2
.
1ee2
++1
1e+
e10
--2
0e
abc
1e
1e
+
1e-
1ee2
.
++1
1e+
0e
1ee2
abc
abc
abc
1e-
000.e
1ee2
++1
+
.
e10
-
1ee2
+
1e+
1e-
-
1.2.3
e10
++1
1ee2
.
++1
0e
abc
--2
++1
e10
+
1ee2
1.2.3
e10
.
++1
abc
0e
++1
0e
0e
+
+
.
1ee2
e10
1.2.3
0e
abc
++1
abc
e10
-
1e+
-
1e-
+
1e
000.e
+
1e+
.
-
+
1e+
1.2.3
1e-
abc
.
-
--2
abc
-
0e
--2
abc
1e-
abc
1e
1.2.3
.
e10
--2
1e
1ee2
--2
1ee2
--2
++1
1e
000.e
+
.
abc
-
0e
1e+
1e-
+
++1
++1
1ee2
--2
--2
abc
1e-
abc
abc
++1
0e
.
1ee2
000.e
1e
1.2.3
000.e
1e-
++1
--2
0e
1e
-
1e
000.e
--2
++1
0e
1e+
++1
0e
000.e
--2
++1
0e
1e-
--2
+
1e+
abc
1.2.3
1e
--2
0e
+
1ee2
.
-
++1
e10
.
000.e
000.e
++1
abc
1e-
--2
abc
++1
1e+
1e
-
000.e
0e
-
+
1ee2
1e-
e10
000.e
abc
+
1ee2
0e
1.2.3
1e+
1e+
abc
000.e
.
1e-
.
.
1ee2
e10
.
.
++1
e10
1ee2
abc
-
--2
++1
1.2.3
1ee2
1ee2
0e
000.e
0e
-
1ee2
1ee2
-
1.2.3
000.e
1e-
-
1e
-
1.2.3
1e-
1ee2
1e
1.2.3
000.e
-
1.2.3
e10
++1
1e+
1.2.3
e10
+
.
1e
1ee2
1e
000.e
1.2.3
++1
000.e
000.e
--2
1e
000.e
++1
0e
++1
1.2.3
+
+
1e+
0e
+
e10
1e
+
1e-
e10
+
0e
-
--2
--2
+
abc
1e
1e
1e
1e-
1.2.3
0e
-
0e
1ee2
1e-
0e
abc
1.2.3
--2
1.2.3
--2
1ee2
-
abc
++1
abc
1e-
.
1ee2
000.e
.
abc
1e
0e
.
+
abc
1ee2
0e
.
abc
++1
+
1.2.3
1e
1ee2
++1
.
abc
++1
abc
1ee2
000.e
0e
0e
+
--2
+
000.e
.
++1
abc
e10
++1
1e
1ee2
-
--2
1e
1e-
1e+
+
0e
1e+
1e+
-
++1
0e
++1
++1
+
1e-
1e+
1e-
e10
abc
0e
.
e10
.
abc
-
1e+
-
1e+
1.2.3
e10
.
+
1e
e10
+
e10
0e
000.e
1e-
e10
1e+
abc
0e
1e+
abc
1.2.3
-
e10
0e
000.e
abc
+
++1
.
--2
000.e
1e+
0e
++1
--2
1e-
+
1e
abc
1e-
1.2.3
-
1e-
e10
0e
+
++1
1.2.3
--2
abc
1ee2
1e+
+
e10
1ee2
e10
--2
1e-
1e
1e-
abc
++1
+
000.e
e10
1e-
1ee2
1e
1e
-
0e
1e
000.e
e10
1e
1e
1e+
++1
+
0e
1e+
1e-
+
-
.
0e
1e
++1
e10
+
-
++1
++1
000.e
.
.
1.2.3
--2
1e
+
+
1ee2
--2
--2
1e
1.2.3
abc
.
1.2.3
1e
1e-
1ee2
abc
++1
1ee2
-
1e+
1e-
-
1e+
0e
--2
abc
0e
abc
e10
000.e
++1
--2
000.e
.
1e
++1
-
--2
.
-
e10
.
--2
1e
.
1.2.3
.
0e
--2
0e
.
--2
--2
.
1ee2
--2
000.e
--2
abc
.
0e
000.e
--2
+
--2
1e+
1.2.3
--2
.
++1
000.e
1.2.3
1ee2
0e
e10
.
000.e
1e
1e-
1ee2
1.2.3
1.2.3
.
--2
.
++1
+
++1
1.2.3
+
--2
abc
-
.
abc
e10
1.2.3
++1
--2
000.e
--2
abc
+
++1
000.e
000.e
-
--2
000.e
1e-
1e+
--2
++1
1ee2
1ee2
1e+
+
.
000.e
e10
0e
1e-
++1
1e+
e10
000.e
--2
.
-
abc
1e-
1e
1e-
++1
e10
e10
++1
000.e
000.e
1.2.3
--2
abc
000.e
++1
1ee2
abc
.
.
1e
.
1.2.3
-
1e+
--2
0e
-
1e
e10
1.2.3
000.e
e10
.
1ee2
0e
1ee2
1ee2
--2
1.2.3
e10
abc
1.2.3
e10
000.e
1.2.3
0e
1ee2
1e
abc
+
1ee2
000.e
.
1.2.3
--2
1.2.3
--2
1ee2
-
+
.
e10
1.2.3
.
1e-
.
abc
1e
1e
e10
1.2.3
+
++1
1e
-
1ee2
abc
e10
0e
+
1e+
.
-
0e
1e+
1e+
abc
0e
1ee2
++1
1e+
abc
+
.
.
e10
1e-
0e
1ee2
1ee2
0e
0e
1e+
1e+
0e
--2
abc
+
000.e
1e
++1
+
0e
.
000.e
0e
1ee2
abc
1e
1e
++1
e10
e10
1ee2
--2
-
++1
000.e
e10
1e-
1.2.3
e10
+
-
--2
+
e10
e10
1ee2
1ee2
1.2.3
1e-
1e
1e
+
-
+
.
1e+
e10
000.e
1e-
1.2.3
+
e10
0e
1.2.3
abc
-
abc
0e
1e
0e
++1
-
1e-
e10
1ee2
1e+
0e
0e
--2
e10
--2
.
+
000.e
1e
1e
000.e
e10
1e-
-
1e+
-
1e+
1e-
e10
e10
-
1e
+
.
000.e
1e
+
+
.
+
1e
1e
1.2.3
-
-
1e+
.
0e
abc
000.e
000.e
1ee2
.
+
1e-
1e
-
+
000.e
1e-
e10
1.2.3
-
--2
0e
1e-
.
e10
1.2.3
1.2.3
0e
.
abc
1e+
++1
++1
1ee2
1e
++1
-
0e
abc
1e
+
++1
1ee2
--2
1.2.3
abc
e10
1ee2
0e
1ee2
1e-
+
--2
1.2.3
0e
e10
000.e
1e-
1.2.3
000.e
+
--2
+
-
0e
--2
--2
0e
+
e10
0e
1e-
000.e
e10
1ee2
.
e10
1.2.3
.
1e
.
0e
abc
1ee2
1e
abc
--2
abc
abc
1ee2
0e
.
1e-
0e
-
e10
1.2.3
1e+
-
0e
1e-
1e
e10
e10
000.e
1e+
1e-
000.e
1e+
1ee2
--2
.
1.2.3
1e-
1.2.3
1.2.3
1.2.3
+
++1
1.2.3
+
abc
000.e
abc
e10
.
1e+
+
0e
1e+
1ee2
1e+
0e
1ee2
abc
--2
e10
-
--2
-
1ee2
1e
000.e
e10
-
+
1e-
+
abc
abc
0e
1e
1e
1ee2
++1
+
.
000.e
--2
-
--2
0e
0e
e10
.
++1
000.e
1e
--2
.
1.2.3
1.2.3
+
e10
1e
--2
0e
1e-
--2
e10
e10
e10
1e
1.2.3
+
.
1e-
0e
0e
000.e
0e
--2
1.2.3
1.2.3
+
1e-
+
0e
1e-
1ee2
+
abc
+
1ee2
0e
--2
0e
1e+
-
1e-
-
1.2.3
++1
1ee2
1.2.3
1e-
000.e
000.e
1ee2
+
--2
1ee2
abc
e10
1e
++1
.
+
abc
abc
1ee2
1.2.3
e10
1e-
0e
1.2.3
1e-
e10
+
1e+
1e+
e10
++1
0e
+
0e
.
1e+
++1
-
1e+
1ee2
0e
.
0e
e10
000.e
0e
abc
1e+
000.e
.
1.2.3
000.e
1e+
1.2.3
--2
--2
0e
+
--2
+
1.2.3
000.e
.
000.e
++1
abc
1.2.3
000.e
1e+
--2
--2
1e-
abc
+
1e+
+
1ee2
-
-
-
1e+
--2
000.e
e10
--2
-
1.2.3
+
000.e
+
1ee2
.
1e-
+
-
e10
.
e10
1e
-
1e+
e10
+
1e+
1e
1.2.3
1e+
1e
1e
+
-
--2
e10
.
+
-
.
1e-
.
1e
++1
e10
abc
+
1e-
-
--2
1.2.3
0e
1ee2
1e+
000.e
++1
1e
1ee2
-
-
0e
.
1e-
1ee2
abc
1e+
0e
-
1e+
1.2.3
1ee2
1ee2
abc
-
1e
1e
-
1e-
++1
000.e
++1
1e
1.2.3
1e+
.
--2
1e-
-
+
.
0e
-
.
1.2.3
0e
1ee2
--2
1e
1.2.3
++1
+
.
++1
000.e
1.2.3
+
+
0e
.
-
e10
.
+
--2
+
1e-
1e-
0e
+
1e
abc
++1
-
1e-
0e
abc
0e
1e-
0e
.
1e
000.e
++1
1e
--2
1e
000.e
1.2.3
1ee2
1.2.3
e10
000.e
-
e10
1e+
1e
1e
--2
1.2.3
1e
++1
--2
1e+
-
++1
1e
000.e
abc
0e
1e-
-
1e-
+
e10
+
--2
1ee2
1e
1e-
0e
e10
0e
+
1e
+
1ee2
+
--2
.
1.2.3
.
-
+
.
++1
e10
000.e
++1
0e
1ee2
+
--2
-
1.2.3
++1
1.2.3
.
1e
1.2.3
-
1e-
.
abc
1e+
000.e
1e+
e10
1e-
1e-
1e+
1ee2
1.2.3
.
.
-
1e
.
.
0e
000.e
1e+
1e-
abc
1e-
--2
-
--2
abc
--2
e10
1e+
1ee2
1e-
.
1ee2
e10
1ee2
e10
abc
000.e
1.2.3
1ee2
0e
abc
000.e
000.e
1e+
1e
1ee2
++1
1e+
0e
-
abc
-
000.e
-
1.2.3
-
abc
+
--2
e10
0e
000.e
1.2.3
1ee2
000.e
1.2.3
1e+
000.e
.
0e
abc
1e-
e10
1e-
--2
1ee2
e10
--2
1ee2
+
1e-
000.e
+
abc
0e
1e+
+
--2
abc
e10
.
1e-
++1
1e+
+
000.e
000.e
000.e
1e
1ee2
.
1.2.3
000.e
1ee2
-
1e-
.
e10
1e
1e+
1.2.3
.
1ee2
-
1ee2
1ee2
-
1e
1.2.3
1e-
.
1ee2
++1
1e-
0e
--2
1e
--2
-
++1
000.e
--2
++1
abc
1e+
abc
e10
1ee2
0e
--2
.
++1
1e
e10
--2
0e
++1
1e
0e
1ee2
.
1e+
abc
--2
-
.
0e
1.2.3
e10
.
1e+
1e-
+
1e-
1.2.3
1ee2
+
.
000.e
-
1e-
1e+
1e-
1e-
000.e
abc
1e-
.
+
1e-
abc
0e
1ee2
--2
-
1e
0e
--2
-
++1
0e
+
+
++1
++1
0e
0e
abc
1ee2
1e+
++1
1e-
000.e
1e
abc
000.e
1e
000.e
1e
1e+
000.e
abc
1ee2
--2
1e
1e+
++1
.
.
1ee2
1.2.3
000.e
1e
1e
1e+
000.e
0e
1ee2
1ee2
+
1e
1e+
1.2.3
--2
1e-
-
e10
abc
1e-
abc
+
0e
-
1ee2
1e
000.e
+
1ee2
1ee2
1e
e10
++1
1.2.3
1e-
1e
1e-
-
abc
1ee2
0e
+
.
1e-
1e-
++1
1e+
+
1e
1e-
abc
000.e
1.2.3
1e-
--2
.
0e
1e
e10
+
1e+
abc
1e+
0e
++1
++1
0e
+
e10
1e-
0e
000.e
--2
.
++1
+
1e-
+
.
e10
000.e
++1
++1
e10
abc
1e
.
+
1e
1e-
1.2.3
1e
1e+
+
1.2.3
++1
1ee2
+
1.2.3
abc
1e-
++1
1e
abc
--2
0e
abc
1e
--2
+
++1
.
+
1.2.3
abc
abc
0e
--2
.
1e
e10
++1
1ee2
+
1e-
1e+
1e-
abc
1ee2
-
000.e
1e
-
0e
000.e
e10
0e
0e
abc
0e
.
++1
1e
--2
.
1.2.3
0e
1e-
abc
abc
1e+
1.2.3
--2
1ee2
--2
--2
1ee2
-
++1
1e-
1.2.3
1e
0e
1e
e10
-
0e
1.2.3
1ee2
1e+
0e
--2
.
e10
.
0e
++1
1e-
abc
abc
1e+
1ee2
1e+
1e
e10
000.e
000.e
+
e10
-
1e-
++1
e10
1ee2
+
1e+
-
1e-
e10
0e
1.2.3
+
+
0e
abc
e10
e10
.
--2
--2
-
--2
1ee2
1.2.3
--2
e10
1.2.3
e10
1ee2
abc
000.e
.
--2
++1
--2
1ee2
1.2.3
1e-
1e+
0e
1e+
1e+
abc
.
1e
+
abc
000.e
--2
1e+
abc
1ee2
e10
1e
000.e
e10
000.e
1e
.
1e
1e
++1
-
--2
-
1e+
000.e
+
0e
1ee2
1e
++1
000.e
1ee2
--2
1e+
1.2.3
1ee2
e10
-
e10
1e+
-
1e-
abc
000.e
++1
1e
++1
1ee2
0e
1e+
+
1ee2
1e
+
.
1.2.3
1e
++1
1.2.3
1.2.3
+
1.2.3
1.2.3
0e
000.e
e10
.
000.e
+
e10
1.2.3
++1
+
abc
++1
+
e10
++1
1e
e10
1ee2
.
0e
+
--2
1e-
1e+
--2
0e
.
1ee2
++1
abc
-
0e
1e
1e+
.
1e+
abc
abc
1e
++1
1e
abc
1e
--2
--2
-
-
1e-
+
.
1e
-
++1
1e
.
+
1.2.3
000.e
++1
e10
1e+
e10
--2
e10
++1
000.e
1.2.3
--2
1.2.3
--2
1.2.3
1e-
1ee2
1e
1e
000.e
1.2.3
e10
1ee2
abc
1.2.3
1e+
1e
1e+
1e
1e+
0e
1e
0e
1ee2
000.e
++1
1e
1e+
1ee2
+
e10
abc
e10
1e
1.2.3
abc
++1
++1
e10
1e
--2
1e
1e+
+
+
--2
0e
.
1ee2
1.2.3
000.e
++1
1e
abc
1e
1.2.3
1.2.3
abc
--2
1e+
++1
1ee2
1e
+
1ee2
1e
1e
e10
1.2.3
-
-
1ee2
--2
1e-
abc
.
1ee2
1e+
++1
--2
+
--2
-
1e
0e
abc
-
1e
1ee2
--2
++1
+
1ee2
abc
+
0e
000.e
.
1e
+
000.e
abc
abc
000.e
1e-
++1
1e+
abc
1e+
.
++1
1.2.3
1e-
+
1.2.3
0e
1e+
.
++1
--2
1.2.3
abc
0e
.
+
1ee2
-
1ee2
+
1ee2
e10
1e
e10
e10
.
+
e10
1e+
1e
1e-
1ee2
e10
0e
--2
++1
1.2.3
--2
1e
e10
abc
.
1e-
0e
1e
0e
1.2.3
000.e
.
--2
1.2.3
-
1e-
abc
++1
1e+
.
-
1e
abc
abc
1ee2
-
1e+
1.2.3
0e
1ee2
+
1ee2
abc
--2
1e
++1
e10
1e+
1e-
1e+
000.e
+
1e-
--2
1e-
abc
--2
000.e
1.2.3
000.e
1ee2
1e+
--2
e10
1.2.3
e10
-
+
1e+
1ee2
000.e
0e
1e-
.
+
e10
--2
0e
++1
0e
+
1e+
1ee2
0e
-
abc
-
0e
1e
e10
0e
1e
.
1e+
1ee2
1e
++1
000.e
1e+
e10
--2
++1
1.2.3
++1
1e-
-
e10
1e+
000.e
--2
e10
abc
+
1e-
+
1e+
1.2.3
0e
0e
e10
1ee2
+
.
e10
abc
0e
++1
abc
1e-
1e
--2
--2
1.2.3
abc
1e+
000.e
.
1e-
e10
-
.
1e
000.e
++1
--2
abc
1e
abc
e10
-
1e+
--2
.
1.2.3
1e-
1e
1ee2
+
1e+
000.e
1e-
.
.
+
1.2.3
1e+
+
0e
1e
1ee2
1.2.3
abc
-
1e+
-
++1
1ee2
0e
+
1.2.3
.
000.e
abc
--2
+
-
-
.
1ee2
-
+
1e+
--2
abc
-
++1
1e-
1.2.3
1ee2
000.e
1e-
--2
abc
e10
e10
000.e
-
abc
e10
1e+
000.e
.
++1
++1
abc
1e-
++1
--2
1e-
-
e10
+
abc
+
1.2.3
1e
-
abc
-
abc
+
+
1e-
1.2.3
000.e
1ee2
-
1e
abc
1.2.3
1e
+
0e
--2
+
e10
0e
1e-
1ee2
++1
000.e
1ee2
000.e
1ee2
-
1e-
+
+
abc
e10
1e
000.e
1e+
-
1.2.3
000.e
+
+
abc
1e
1e+
1.2.3
000.e
--2
1e
++1
.
.
1.2.3
1e
1e-
1e+
1e-
000.e
1e+
--2
e10
e10
--2
0e
1ee2
++1
1ee2
abc
++1
1.2.3
--2
+
-
1ee2
--2
abc
e10
++1
.
1e-
abc
1e-
abc
1ee2
++1
--2
0e
-
1e
abc
-
1.2.3
.
1e+
abc
abc
--2
abc
000.e
0e
1e+
e10
.
1e
1e
+
0e
++1
0e
abc
000.e
abc
1e
-
abc
1ee2
.
abc
.
e10
1e-
abc
abc
1e-
1e
1.2.3
abc
abc
1e
0e
+
++1
--2
000.e
000.e
1e-
++1
-
1ee2
.
-
1ee2
.
+
1ee2
.
+
0e
1.2.3
1.2.3
1ee2
--2
1e
e10
.
abc
e10
abc
.
1e-
++1
e10
1e
+
1ee2
abc
000.e
1e-
-
++1
abc
++1
0e
000.e
abc
000.e
-
1.2.3
1e
1.2.3
--2
-
++1
1e
1.2.3
.
+
-
e10
.
+
abc
1e+
++1
.
1.2.3
-
0e
1e+
1.2.3
+
000.e
--2
000.e
.
1ee2
000.e
e10
abc
.
000.e
.
1e
e10
++1
++1
abc
1e
1e+
1e+
1ee2
1e-
1ee2
1e-
.
1ee2
--2
000.e
1.2.3
++1
1.2.3
1e-
1e-
-
0e
000.e
-
1e
000.e
000.e
abc
.
1.2.3
abc
1e
1.2.3
1e+
--2
e10
++1
000.e
000.e
1e
000.e
.
1ee2
1e-
0e
1e+
+
1.2.3
abc
.
1ee2
e10
++1
e10
1e+
+
1e-
1.2.3
1.2.3
0e
e10
1e+
--2
000.e
1e-
-
000.e
1e-
1e-
1e+
e10
-
1ee2
-
1e+
e10
000.e
1e
1.2.3
1e-
-
.
abc
0e
000.e
--2
1e-
1e
1e
1.2.3
e10
e10
+
0e
1e
++1
++1
1e
e10
++1
1e
abc
1ee2
1ee2
abc
1e
000.e
abc
1ee2
1.2.3
1e-
.
1ee2
1e
--2
+
-
--2
000.e
1e
-
.
1.2.3
000.e
--2
1e-
1e+
abc
000.e
e10
--2
++1
abc
+
e10
--2
1e-
1e-
abc
0e
abc
e10
.
000.e
1ee2
1e-
++1
1e
1e
1e
1e-
1e+
+
-
1.2.3
1e+
abc
--2
abc
-
1e
abc
000.e
1.2.3
1.2.3
+
--2
1e
++1
1.2.3
1.2.3
++1
0e
1e+
1ee2
-
1e
+
+
.
abc
.
1e-
1e-
1e+
0e
1e
1e-
e10
+
1e
++1
1e-
abc
abc
--2
1e
0e
-
1.2.3
+
1ee2
1ee2
.
--2
-
1e
0e
+
++1
1.2.3
0e
1.2.3
1e-
1.2.3
1e
abc
abc
++1
.
-
+
1e-
.
++1
e10
1ee2
1e-
+
--2
000.e
e10
1e
1e
1ee2
abc
e10
1e
1e+
e10
1e+
000.e
1.2.3
.
1e+
1ee2
e10
abc
--2
abc
0e
0e
1e-
1e-
+
1e
--2
e10
1e
1e-
1e
+
--2
1e+
.
1e-
1e
000.e
1.2.3
abc
1e
0e
e10
1ee2
+
++1
1e+
000.e
1e-
1e+
1.2.3
--2
+
+
++1
--2
1e-
1e
1e-
000.e
abc
-
--2
-
000.e
++1
1.2.3
++1
1.2.3
.
1.2.3
1e
1.2.3
+
++1
1e
1.2.3
++1
0e
.
1e+
1ee2
1e
++1
000.e
+
1e+
0e
0e
1e+
1e-
1ee2
.
++1
1e
0e
--2
+
++1
000.e
1.2.3
1.2.3
++1
e10
e10
1e
1e-
1ee2
0e
0e
+
1e
000.e
1e+
1.2.3
1.2.3
1.2.3
000.e
1e
++1
1e+
0e
000.e
1.2.3
e10
e10
1e-
1ee2
0e
000.e
abc
++1
1e-
000.e
1.2.3
1ee2
++1
abc
--2
++1
000.e
e10
-
e10
-
abc
1e-
.
000.e
abc
+
1e+
++1
000.e
--2
abc
e10
+
1.2.3
1.2.3
--2
1ee2
++1
1e+
1ee2
1ee2
1.2.3
.
++1
000.e
-
0e
0e
abc
1e
.
--2
++1
e10
--2
abc
--2
--2
1e
1e-
1.2.3
000.e
000.e
++1
1e+
0e
e10
abc
1e-
-
1e+
1ee2
1.2.3
1ee2
.
++1
0e
--2
++1
-
1.2.3
1.2.3
1e+
e10
+
+
0e
1e+
+
000.e
--2
abc
000.e
-
1e-
.
1e
1e-
1e
000.e
1e-
0e
1e
0e
1.2.3
1e+
abc
e10
e10
1.2.3
1e+
abc
-
--2
--2
.
1.2.3
0e
1e+
e10
0e
abc
1e-
1ee2
e10
.
abc
000.e
abc
1e
e10
1e
.
0e
+
-
1.2.3
e10
--2
++1
000.e
0e
++1
e10
++1
--2
+
e10
0e
abc
+
000.e
1e
0e
0e
1ee2
000.e
1ee2
-
1e-
+
--2
000.e
1e
abc
e10
000.e
.
000.e
-
1e-
1e+
1ee2
1e
++1
1.2.3
+
++1
.
.
abc
1ee2
1ee2
1e
000.e
1.2.3
+
1e
1e
1.2.3
1ee2
000.e
abc
0e
1e-
--2
abc
1e
1ee2
e10
++1
.
-
+
0e
--2
1e-
.
1.2.3
0e
1e
+
1e+
000.e
1e+
1e
e10
++1
000.e
000.e
++1
1e+
1ee2
000.e
1e-
--2
abc
1.2.3
1.2.3
1e
1e
+
+
1e
++1
1e-
1e-
1e+
++1
1.2.3
0e
1e-
+
-
-
abc
++1
000.e
e10
0e
1e
++1
1e
++1
0e
1e
1ee2
-
e10
abc
1e-
-
1ee2
000.e
000.e
0e
++1
1ee2
e10
.
e10
abc
0e
1ee2
0e
0e
abc
1ee2
-
--2
1e
1e-
1e
000.e
abc
1e+
.
0e
abc
1ee2
e10
1.2.3
e10
--2
000.e
+
1ee2
1.2.3
--2
1.2.3
e10
-
e10
1e
+
++1
abc
+
1e
+
000.e
+
.
e10
+
000.e
1ee2
.
++1
1e+
1e+
e10
--2
1ee2
1e
1e-
1.2.3
1e+
0e
0e
-
0e
++1
1ee2
1e+
1e
1e+
1e
1e-
1ee2
-
1e+
abc
e10
1ee2
abc
000.e
0e
++1
abc
++1
1ee2
.
++1
0e
1e-
1e
1ee2
.
++1
1e-
1e
.
1ee2
1e-
-
+
1e-
-
+
1ee2
1.2.3
--2
000.e
+
e10
0e
--2
1e-
.
0e
1.2.3
000.e
1.2.3
1e-
1.2.3
.
-
1e
1.2.3
e10
1e-
+
1e-
abc
e10
++1
1.2.3
e10
1.2.3
++1
1e
+
0e
++1
-
.
1e+
000.e
000.e
.
-
1.2.3
0e
-
1e-
++1
--2
-
-
1.2.3
++1
1e+
1e+
abc
-
1e-
--2
1e-
1e+
1e
+
1ee2
000.e
1ee2
1.2.3
000.e
+
1e+
000.e
1e-
e10
e10
--2
1.2.3
abc
++1
e10
++1
.
1.2.3
-
1ee2
000.e
++1
1ee2
000.e
.
1e+
.
1ee2
e10
1e+
+
1.2.3
1e-
1.2.3
1e+
-
--2
+
1e+
abc
1e+
+
.
1e-
1e-
000.e
1e
abc
1e+
1e
0e
+
1e+
abc
abc
+
1e-
1e-
++1
--2
--2
abc
.
++1
--2
-
1e
1e+
1e+
++1
++1
1ee2
1.2.3
1.2.3
--2
1ee2
1e
-
1.2.3
e10
1.2.3
000.e
abc
++1
++1
.
1e-
abc
-
abc
+
1e-
-
--2
0e
1e
0e
0e
+
--2
1e
++1
0e
+
.
++1
-
.
1e
+
1e-
0e
.
1e+
abc
--2
abc
1.2.3
1e
++1
1.2.3
.
+
1ee2
1e
1ee2
1ee2
++1
1ee2
abc
abc
1.2.3
+
1.2.3
1e-
1.2.3
e10
-
1e
1e+
0e
++1
1e-
--2
-
--2
1e+
-
1e
++1
1e-
+
e10
++1
-
.
1e+
000.e
+
1e+
e10
1e
1e
--2
abc
1.2.3
--2
.
abc
1e
0e
1e+
-
--2
1e+
.
++1
0e
abc
1.2.3
+
1e
1e-
++1
--2
--2
+
000.e
e10
000.e
e10
+
1.2.3
1e
1e+
1e-
abc
--2
+
0e
.
++1
1e+
1e+
1e-
+
e10
1e-
+
++1
1e
++1
-
1e-
1e+
++1
.
000.e
000.e
000.e
.
--2
abc
.
+
abc
1e
-
1e-
++1
1ee2
.
++1
--2
0e
1e+
1ee2
-
-
000.e
abc
-
e10
1ee2
.
1e+
1ee2
e10
1e-
1e+
1e
-
1.2.3
++1
1e-
-
1.2.3
0e
0e
1e
e10
+
1e
1e+
000.e
000.e
1e-
e10
1ee2
.
++1
1e-
-
++1
1ee2
++1
++1
-
e10
-
000.e
abc
e10
1ee2
++1
1e
000.e
++1
abc
--2
+
.
++1
++1
e10
1.2.3
+
000.e
.
abc
--2
0e
.
+
.
e10
1e
000.e
1.2.3
0e
.
-
e10
1.2.3
1e+
000.e
--2
--2
0e
++1
000.e
1e+
++1
-
--2
1e+
e10
000.e
abc
1e
--2
0e
e10
000.e
++1
--2
1e-
++1
-
1e+
1e
1e+
.
abc
1e
0e
+
0e
.
.
0e
e10
-
1ee2
++1
--2
abc
0e
+
.
abc
1ee2
000.e
--2
-
0e
e10
--2
1e
abc
1e-
--2
1ee2
abc
abc
1.2.3
0e
++1
1e+
e10
e10
++1
1e-
+
1.2.3
e10
.
0e
++1
.
0e
+
1.2.3
+
++1
1.2.3
+
e10
1e
++1
e10
1.2.3
1.2.3
++1
++1
+
--2
1e-
000.e
0e
1ee2
1e
e10
++1
-
1e-
.
+
1e+
1e+
1e
1e
+
.
e10
1e+
1ee2
e10
1e-
e10
e10
+
1e-
-
.
1e
1e+
.
--2
-
+
--2
1e
.
++1
++1
.
1e+
1e+
e10
-
-
1ee2
-
+
1e-
e10
1e+
e10
000.e
1e-
.
.
.
1.2.3
abc
1ee2
-
000.e
-
e10
+
0e
abc
0e
0e
.
1e-
1.2.3
e10
--2
1e
1.2.3
1ee2
--2
000.e
1e-
abc
1.2.3
abc
1.2.3
e10
000.e
1.2.3
e10
1.2.3
.
1.2.3
1.2.3
e10
abc
1e+
++1
abc
++1
1e+
1e
1ee2
e10
0e
abc
--2
1.2.3
1e+
.
++1
1.2.3
1.2.3
1e+
+
--2
+
1e-
1ee2
1.2.3
1ee2
1ee2
abc
0e
1e
.
1e
-
1ee2
abc
000.e
0e
abc
--2
+
+
1.2.3
1.2.3
-
1.2.3
0e
-
.
1.2.3
1.2.3
e10
1e+
e10
000.e
1ee2
abc
e10
1.2.3
e10
+
1e-
--2
1e-
1e-
1e
-
000.e
abc
1e
--2
abc
abc
+
1e
e10
--2
.
1ee2
abc
++1
1e
.
1e
1.2.3
--2
0e
--2
-
++1
1e+
++1
e10
++1
0e
1e
1ee2
000.e
+
1e
--2
abc
000.e
--2
.
+
1ee2
-
1ee2
--2
abc
e10
1e+
1ee2
1e+
--2
1e+
-
1e-
++1
000.e
1e-
000.e
--2
.
1e-
.
1e
.
--2
000.e
1.2.3
+
000.e
1.2.3
000.e
1ee2
abc
0e
1ee2
1e-
0e
-
1e+
000.e
++1
1e
1e+
1e+
000.e
1e
1e+
1e
1.2.3
--2
abc
1e+
.
--2
000.e
000.e
.
1e
1.2.3
--2
0e
e10
+
1ee2
1e-
000.e
e10
abc
++1
+
.
abc
+
+
0e
1e-
.
-
1.2.3
+
1e
000.e
000.e
1e-
--2
1e-
abc
000.e
1e-
1ee2
abc
1ee2
1e+
+
1.2.3
.
1ee2
1e
e10
0e
.
1ee2
1ee2
abc
1.2.3
0e
000.e
++1
e10
e10
++1
+
-
000.e
1ee2
--2
--2
abc
1e-
1.2.3
000.e
1ee2
--2
0e
++1
1e+
000.e
1e
1.2.3
e10
000.e
-
1e+
abc
1e+
1ee2
--2
0e
1.2.3
++1
000.e
1e
1e-
+
abc
1e+
000.e
++1
--2
1ee2
+
-
1e-
-
1.2.3
1e+
1ee2
1.2.3
1e-
abc
1e+
e10
1ee2
1e+
++1
1.2.3
--2
-
+
1ee2
++1
000.e
000.e
0e
0e
-
1.2.3
0e
.
+
1.2.3
1.2.3
000.e
abc
1e+
000.e
--2
abc
1e+
e10
e10
1ee2
e10
1ee2
e10
1e+
000.e
1ee2
1e-
1e
.
1ee2
000.e
+
1e
+
1ee2
++1
1.2.3
+
e10
000.e
++1
0e
000.e
e10
--2
000.e
e10
++1
000.e
e10
1e+
abc
000.e
1e+
abc
000.e
0e
1e
1e-
1e-
e10
1e+
1ee2
+
abc
1e+
abc
.
+
e10
0e
e10
1e+
1e+
1e-
abc
1.2.3
.
1e-
+
abc
1e-
0e
--2
.
+
e10
--2
-
000.e
0e
.
abc
1e
--2
0e
1e
000.e
--2
0e
e10
+
++1
1ee2
++1
1.2.3
+
++1
1e-
1e+
++1
1ee2
.
1e
abc
1.2.3
--2
.
1e
e10
--2
1ee2
000.e
+
.
--2
1e
e10
e10
-
abc
0e
1e+
abc
--2
abc
1ee2
1e+
+
+
+
1e-
e10
--2
1ee2
000.e
1e+
1ee2
0e
1.2.3
1e+
1e-
1e-
1.2.3
1e-
++1
abc
--2
1.2.3
e10
-
1e-
0e
1.2.3
1e+
0e
1e+
.
++1
e10
--2
1e
abc
1.2.3
.
++1
.
000.e
.
1e+
000.e
-
1.2.3
++1
000.e
++1
0e
+
0e
-
abc
0e
1ee2
-
+
1e-
000.e
1.2.3
1e-
.
1ee2
abc
+
000.e
1e
-
e10
1e+
1ee2
1e+
++1
1.2.3
000.e
-
1e+
-
1.2.3
1e
--2
e10
1e-
1.2.3
abc
--2
e10
1e+
abc
abc
1e+
--2
+
-
-
e10
+
e10
1e
000.e
000.e
000.e
e10
++1
0e
abc
000.e
000.e
+
1.2.3
.
+
0e
--2
e10
abc
.
e10
1e-
e10
--2
1e+
1ee2
.
+
1e+
abc
-
000.e
+
0e
1e+
1e+
1e+
1e+
1ee2
0e
-
000.e
abc
+
--2
1.2.3
e10
+
000.e
1ee2
1.2.3
+
0e
1e
-
abc
1e
++1
1e
.
1e
-
0e
000.e
+
1ee2
-
-
1e
-
1e
abc
0e
1e
1e+
+
-
1.2.3
abc
0e
000.e
1.2.3
e10
1ee2
.
1e
.
0e
1e+
1ee2
e10
000.e
0e
0e
1ee2
.
abc
--2
000.e
1ee2
1.2.3
000.e
--2
.
1ee2
1.2.3
1e-
abc
1e
1e+
000.e
-
0e
++1
000.e
+
--2
--2
-
1e
1e+
1e-
000.e
1e
1.2.3
abc
1.2.3
-
.
1.2.3
-
000.e
1ee2
-
1e-
000.e
abc
1e+
1.2.3
1e+
.
e10
1ee2
1e+
1e
0e
+
+
1e
abc
0e
+
1e
1e+
abc
1e-
++1
0e
.
+
1.2.3
++1
abc
++1
000.e
1e+
1ee2
1e
--2
.
++1
++1
1e-
e10
1.2.3
--2
e10
+
e10
1e+
--2
1e+
.
.
000.e
e10
0e
1e+
1e+
-
000.e
-
e10
0e
0e
-
++1
abc
1ee2
0e
0e
1.2.3
++1
-
1ee2
0e
abc
e10
1ee2
++1
-
-
000.e
0e
000.e
1.2.3
+
000.e
--2
+
++1
1.2.3
--2
-
1.2.3
abc
1e-
-
1.2.3
--2
++1
abc
1e
++1
-
1e-
++1
-
abc
.
+
+
000.e
-
+
1e-
1e-
1e+
-
.
+
.
abc
1e-
1e+
1e-
--2
--2
++1
1e+
1e+
+
1.2.3
000.e
1ee2
1e-
.
0e
abc
+
--2
.
+
1e
--2
1.2.3
--2
abc
1ee2
1.2.3
--2
e10
000.e
1.2.3
000.e
1e
1e+
000.e
000.e
-
0e
1e-
-
abc
.
1e-
--2
000.e
1e
abc
++1
000.e
1ee2
e10
000.e
++1
.
1.2.3
1e
+
+
1.2.3
1.2.3
1ee2
1e-
-
1e+
--2
1e
+
.
.
1ee2
e10
-
1.2.3
.
1e+
1e
abc
abc
1ee2
.
e10
1ee2
1e-
++1
abc
+
1ee2
1e
000.e
++1
+
abc
++1
1e+
1ee2
1e+
e10
1e+
+
1e-
1ee2
++1
1e
1e+
0e
+
abc
.
1.2.3
0e
-
1.2.3
1e-
0e
1e
e10
1e-
1e-
000.e
1e-
-
1e-
1e+
++1
1.2.3
000.e
.
1e-
--2
abc
e10
abc
++1
--2
1e
++1
e10
.
000.e
0e
1e
abc
++1
1e-
1e+
--2
--2
000.e
abc
+
1e+
1.2.3
e10
1e-
.
0e
1ee2
1e-
1.2.3
0e
++1
++1
1ee2
000.e
abc
e10
1.2.3
1e-
++1
000.e
0e
-
+
0e
e10
1e
1e-
.
abc
.
abc
--2
.
1e
1.2.3
+
000.e
.
0e
1ee2
.
1ee2
1e
1e+
+
1e-
1ee2
e10
1e+
--2
-
.
e10
++1
+
--2
++1
000.e
000.e
.
1e
1ee2
++1
+
+
++1
--2
1.2.3
e10
0e
++1
-
1e-
abc
1e
e10
1.2.3
1e+
1e-
.
1ee2
000.e
1e
1e-
++1
++1
e10
+
1e+
e10
000.e
abc
1e+
-
e10
.
1.2.3
1ee2
+
000.e
.
1e
++1
000.e
-
.
+
0e
abc
000.e
++1
1ee2
1e+
1ee2
--2
.
++1
-
-
--2
1.2.3
000.e
-
000.e
e10
e10
000.e
1e+
1e-
abc
1ee2
++1
1e
1ee2
.
.
+
1e-
0e
-
--2
1.2.3
abc
+
+
1e
abc
-
1e
--2
1e
e10
e10
e10
+
-
abc
e10
000.e
.
1ee2
0e
+
.
1e-
1ee2
1ee2
1.2.3
--2
0e
1e
-
1e+
+
--2
1e
.
e10
000.e
1e-
1e+
1ee2
+
000.e
0e
abc
1.2.3
0e
1e+
e10
-
0e
abc
abc
.
1.2.3
0e
1e+
0e
000.e
000.e
1ee2
abc
+
000.e
abc
1.2.3
1e
1ee2
1e+
++1
-
e10
0e
0e
1.2.3
1e+
1e+
1.2.3
1e
1e
1e-
1.2.3
1.2.3
--2
0e
++1
1ee2
000.e
1.2.3
000.e
-
1e-
0e
1ee2
+
1e
1e-
000.e
e10
1e-
1e-
1e-
1e
.
++1
0e
1ee2
+
e10
000.e
+
1e-
abc
1ee2
1e
++1
1e-
0e
+
+
.
++1
1e
000.e
1ee2
1e-
.
+
1e-
--2
++1
1e
000.e
e10
--2
1.2.3
--2
++1
--2
000.e
000.e
1ee2
1.2.3
1.2.3
++1
-
0e
e10
+
1.2.3
+
1e+
000.e
abc
1.2.3
1e
1ee2
.
+
000.e
000.e
1.2.3
++1
1e+
--2
abc
1e
--2
--2
000.e
1.2.3
1e-
+
1e
000.e
++1
1e
1ee2
e10
1e
1e
1e-
1e-
e10
000.e
1ee2
--2
1e+
000.e
1ee2
abc
--2
1e+
.
1.2.3
1.2.3
1e
0e
1.2.3
1e+
.
0e
000.e
-
.
-
1e
e10
1.2.3
000.e
1.2.3
1.2.3
000.e
.
0e
abc
0e
e10
1.2.3
000.e
1.2.3
abc
000.e
0e
0e
000.e
e10
-
1e
1ee2
000.e
+
0e
.
.
++1
1e+
e10
0e
000.e
++1
.
++1
1e-
1ee2
1e
1.2.3
1e-
1.2.3
-
1e-
1.2.3
++1
1e-
1e
-
1e+
1e
1e+
e10
1.2.3
1e
1.2.3
abc
abc
1ee2
--2
--2
+
1.2.3
++1
1e+
e10
+
--2
1ee2
1e+
-
1ee2
1e+
1ee2
e10
1e-
-
1e-
--2
+
1.2.3
abc
0e
+
++1
-
1e
1ee2
.
1.2.3
+
1e-
1ee2
.
1e-
+
1.2.3
1e+
e10
1.2.3
.
000.e
1e-
0e
-
e10
++1
-
1e-
1ee2
+
1e-
++1
000.e
--2
1e-
-
1.2.3
.
e10
+
000.e
000.e
++1
.
e10
1e+
--2
++1
-
abc
1e
e10
1e
abc
000.e
000.e
++1
--2
-
1.2.3
-
0e
e10
-
.
1e+
.
+
++1
000.e
1e-
1e-
.
abc
-
0e
000.e
1e+
e10
--2
1.2.3
--2
1.2.3
000.e
1e-
abc
--2
1e-
++1
1e-
--2
000.e
000.e
+
1.2.3
000.e
1e+
1.2.3
1e+
1ee2
+
-
0e
1e
++1
1e-
-
1.2.3
-
.
1e-
--2
abc
e10
1e+
0e
+
--2
.
1e+
0e
-
1e+
.
--2
1e-
1.2.3
1e-
1e-
000.e
000.e
.
-
-
.
--2
1e-
0e
1e+
1e-
e10
0e
e10
+
000.e
0e
-
000.e
000.e
1ee2
.
000.e
1e+
1.2.3
e10
abc
-
++1
--2
-
1ee2
+
-
++1
abc
1e+
--2
-
e10
abc
1ee2
1.2.3
1e
.
-
+
1e-
e10
1e+
1.2.3
e10
++1
000.e
e10
e10
e10
000.e
1e+
-
+
0e
000.e
1e+
1e-
+
++1
1e
1ee2
.
-
+
1.2.3
1.2.3
1e-
++1
1e
1e
+
--2
1ee2
abc
+
.
-
+
e10
1e+
+
1e+
1e
1e+
0e
1e-
abc
0e
1e
1.2.3
-
-
1.2.3
.
1e-
000.e
1e+
.
1.2.3
0e
+
1e+
+
1e
0e
-
abc
1e-
+
.
1e+
000.e
1.2.3
-
.
-
++1
1e
1e+
0e
+
1e
000.e
1e+
0e
+
1e+
000.e
-
000.e
-
1e
+
.
000.e
1e
1.2.3
1.2.3
.
1e-
000.e
1.2.3
abc
abc
1.2.3
++1
abc
1ee2
0e
1e-
1.2.3
.
++1
1.2.3
abc
+
-
--2
.
--2
1e+
1e
0e
++1
0e
--2
1.2.3
e10
1ee2
abc
1.2.3
++1
-
+
000.e
000.e
++1
abc
1e-
1e+
abc
1e+
-
+
e10
++1
+
1.2.3
.
1ee2
-
1e
+
1ee2
1e
e10
1.2.3
1.2.3
-
+
1e
+
+
-
1e+
1e-
1ee2
++1
e10
1e+
1e+
--2
1ee2
1e
++1
e10
--2
1e-
1e-
1e-
1e-
abc
e10
abc
1e
1ee2
1e+
--2
000.e
++1
-
--2
1e-
.
1e-
+
+
1.2.3
1.2.3
++1
abc
1e
0e
abc
abc
1e+
1e+
++1
abc
++1
1e+
.
-
.
000.e
1e
+
000.e
+
--2
0e
0e
-
e10
-
+
000.e
--2
--2
1ee2
1e
1ee2
1.2.3
-
+
000.e
1e
1.2.3
+
+
+
++1
1.2.3
-
+
1e+
++1
1ee2
0e
1ee2
1e-
e10
+
++1
1e
+
-
1e+
+
1e+
.
+
+
1e+
abc
1e+
0e
--2
--2
e10
abc
++1
--2
e10
e10
.
--2
e10
1ee2
++1
1e
1e-
--2
e10
1e
1e-
abc
1e-
000.e
++1
000.e
0e
.
--2
1e-
-
1e+
1e
-
1e
+
1.2.3
abc
+
abc
-
1e+
1e+
1e
++1
1e+
abc
0e
1e+
-
1e
++1
-
abc
-
-
.
0e
-
1e
0e
0e
++1
--2
1e-
abc
--2
0e
1ee2
+
0e
--2
e10
1e
1e-
000.e
0e
000.e
++1
++1
1ee2
+
1.2.3
1ee2
000.e
+
++1
++1
000.e
0e
1ee2
1ee2
-
.
1e
0e
1ee2
++1
1ee2
+
.
1e
abc
-
1e
1e+
0e
-
++1
e10
1ee2
000.e
.
+
e10
abc
000.e
1e
1e+
1.2.3
1e+
1ee2
e10
0e
--2
abc
1ee2
abc
000.e
1.2.3
0e
1ee2
000.e
1ee2
1e-
-
-
+
++1
1e+
0e
abc
1e-
1e-
--2
1e
++1
e10
.
--2
--2
+
1e+
++1
000.e
1e
1.2.3
1e
000.e
000.e
-
1.2.3
1.2.3
abc
0e
1ee2
e10
e10
--2
1ee2
000.e
++1
-
++1
1e
abc
-
abc
+
1e
1.2.3
.
1.2.3
0e
1e-
1ee2
1e
1e+
e10
000.e
1.2.3
1e-
e10
1e+
--2
1.2.3
0e
1ee2
1e+
1.2.3
1ee2
1e+
000.e
--2
.
0e
000.e
abc
0e
--2
1.2.3
+
1.2.3
1e
+
1e-
1e+
1e
1e+
1e-
0e
000.e
1.2.3
1ee2
abc
--2
-
abc
-
--2
+
e10
++1
1.2.3
1.2.3
--2
abc
000.e
1e-
1e+
--2
0e
--2
-
++1
1e+
0e
1e
--2
--2
0e
1e
1e-
1e
1e+
--2
abc
1e
1e
000.e
1e-
1e-
e10
1.2.3
++1
1e-
-
++1
0e
000.e
1ee2
+
1.2.3
abc
+
000.e
abc
1ee2
1.2.3
abc
+
1e+
1.2.3
++1
.
0e
e10
000.e
.
1ee2
1e+
e10
1ee2
+
1e+
e10
+
e10
+
1e-
1e
1e
1e
--2
+
1.2.3
1e-
-
0e
1e
abc
0e
1ee2
abc
000.e
1e-
++1
1ee2
abc
-
-
--2
1e+
.
1e+
-
e10
e10
--2
1e+
e10
1e+
e10
++1
-
1ee2
1e+
abc
1ee2
1.2.3
++1
e10
000.e
-
0e
e10
++1
--2
+
1e-
000.e
1ee2
000.e
1.2.3
+
1e-
1e-
1e-
++1
000.e
1.2.3
abc
--2
++1
--2
000.e
1e+
++1
++1
++1
1e-
-
1e-
1e+
+
0e
0e
-
0e
-
--2
++1
-
1e-
--2
--2
0e
1e
1e+
000.e
--2
+
abc
1e-
++1
1e-
++1
1e
1e-
e10
1e-
.
1.2.3
abc
++1
++1
++1
1.2.3
++1
0e
.
1.2.3
.
-
++1
1ee2
1e-
000.e
e10
.
1e+
++1
0e
1ee2
--2
++1
0e
1.2.3
e10
1ee2
.
1.2.3
1.2.3
e10
1.2.3
+
e10
+
-
abc
e10
++1
.
+
0e
1e+
1e+
1e-
++1
1e-
abc
1.2.3
1e
1e
-
--2
--2
-
000.e
-
++1
e10
0e
000.e
.
1ee2
1ee2
1e-
abc
+
-
0e
1e-
1e+
abc
.
abc
1e
1e
-
1e
0e
e10
1.2.3
--2
abc
++1
1ee2
-
-
1ee2
-
++1
abc
abc
e10
--2
000.e
1e-
1e-
000.e
1e-
++1
1ee2
1e+
-
abc
1e-
-
1e-
1e
++1
000.e
abc
0e
+
--2
0e
1e-
e10
1.2.3
--2
.
abc
.
abc
-
e10
--2
1e-
e10
1e
.
000.e
1e-
abc
abc
--2
1e-
1e
abc
1.2.3
+
--2
1e-
1e
--2
1.2.3
-
+
1.2.3
++1
1e
1.2.3
1e+
e10
abc
.
e10
1e+
1.2.3
e10
--2
1e
abc
++1
++1
.
e10
000.e
000.e
000.e
-
e10
.
.
0e
1e+
000.e
e10
0e
1.2.3
.
.
1ee2
000.e
1e
abc
abc
-
+
1.2.3
e10
1e-
1e+
.
1e+
e10
-
+
000.e
1ee2
--2
1.2.3
000.e
+
++1
abc
1e
++1
-
e10
--2
1e+
++1
1e-
1e-
1ee2
1ee2
e10
--2
000.e
abc
+
000.e
+
1.2.3
++1
+
--2
+
1e-
1ee2
1.2.3
++1
-
1e
--2
abc
e10
0e
1ee2
.
abc
000.e
--2
1ee2
abc
.
--2
1e-
--2
1e
+
++1
1ee2
+
1e+
-
abc
1e
1.2.3
--2
++1
++1
1.2.3
1ee2
0e
++1
-
000.e
-
++1
.
abc
e10
+
++1
1e-
1ee2
++1
1e+
--2
.
--2
-
+
abc
1.2.3
0e
1e-
1e
1e
1.2.3
1ee2
e10
1.2.3
1e-
--2
--2
0e
.
1e-
abc
1e
1e
000.e
e10
1e
0e
+
.
1e+
1ee2
0e
-
e10
+
0e
.
-
+
--2
1e
-
--2
e10
.
++1
++1
++1
e10
--2
++1
e10
+
1e+
1.2.3
000.e
1e+
1e+
1e+
1e+
+
.
1e+
1ee2
0e
1e-
1.2.3
e10
1ee2
e10
++1
abc
1ee2
.
1ee2
1e+
1e-
+
abc
1e
1e+
+
1.2.3
1e-
+
1e+
--2
000.e
0e
abc
000.e
.
0e
1e
--2
-
e10
--2
1e
abc
.
-
1e+
--2
-
1e+
.
0e
1.2.3
1ee2
1e
000.e
abc
1e-
1e
--2
1e-
-
++1
000.e
1e-
++1
--2
e10
0e
1e+
1e
0e
e10
1e+
e10
1ee2
1.2.3
1.2.3
+
1e-
1e
1e
+
abc
+
e10
0e
e10
abc
abc
-
--2
1.2.3
-
abc
+
.
+
1e
-
++1
000.e
1e
.
000.e
--2
000.e
1e+
.
++1
1.2.3
.
000.e
e10
e10
--2
0e
-
++1
1e-
1.2.3
1e
e10
++1
000.e
--2
1.2.3
1e
--2
.
1e+
-
-
e10
1ee2
1e
0e
1ee2
1ee2
1.2.3
abc
+
abc
abc
1e-
1e+
--2
1.2.3
.
1e+
1.2.3
1e+
1ee2
e10
--2
1e-
--2
--2
0e
1e+
1e
-
.
+
1e-
1e
1ee2
1ee2
1e-
e10
++1
--2
1e
1e-
1.2.3
e10
1e+
abc
--2
0e
abc
.
1e
1e+
000.e
1.2.3
--2
1e+
abc
1ee2
1.2.3
-
000.e
++1
0e
1e-
e10
1e
1ee2
+
000.e
+
1ee2
e10
1e-
.
++1
e10
abc
1e
1e+
1e-
+
--2
1e+
1ee2
1e
+
.
abc
-
1e-
1.2.3
+
000.e
++1
0e
abc
000.e
.
1e-
1ee2
000.e
--2
++1
1e-
1.2.3
000.e
e10
1.2.3
.
++1
-
+
1.2.3
1e
0e
1.2.3
abc
1.2.3
1e
1e
1ee2
1ee2
1e+
1e-
1.2.3
0e
-
e10
-
0e
1ee2
.
--2
1e+
1e
.
+
1.2.3
+
-
e10
1.2.3
1e-
+
--2
+
--2
0e
.
0e
-
1e
--2
+
1e
000.e
1e-
--2
1e
++1
1e
e10
1e
+
-
1e-
-
++1
++1
1e
1e
1e-
.
-
1ee2
1e
1e+
1e+
1.2.3
000.e
1e
1e-
1.2.3
.
--2
0e
1ee2
1e
--2
0e
e10
e10
--2
0e
.
.
+
abc
++1
.
.
-
1e+
-
1e+
.
-
000.e
-
1e
.
++1
000.e
000.e
1.2.3
1ee2
1e+
abc
1ee2
000.e
1e-
e10
-
.
+
e10
-
1e+
1.2.3
abc
abc
abc
1e+
1e+
1.2.3
-
000.e
.
1e
000.e
++1
.
-
1e
--2
1.2.3
e10
1e+
1.2.3
1e-
-
0e
+
000.e
abc
.
-
000.e
1e+
-
abc
1e-
-
.
1e
-
1e+
-
1e
000.e
1ee2
1.2.3
-
--2
000.e
1ee2
0e
1e-
e10
1e+
1e+
--2
e10
1e
+
++1
1ee2
000.e
1e+
++1
--2
1e+
000.e
abc
+
1e+
0e
e10
1e+
0e
abc
1.2.3
1ee2
abc
e10
1e-
-
+
1ee2
e10
1e+
.
0e
1.2.3
1e
1e+
+
.
1e
e10
1e
++1
-
1e
abc
0e
1e
1.2.3
1e+
e10
.
1e
1ee2
1e
000.e
1e+
1.2.3
++1
++1
.
.
1.2.3
++1
abc
e10
abc
1e+
0e
abc
1e-
1e
+
-
1.2.3
1.2.3
-
000.e
-
-
1e
-
1e
-
--2
1e+
1e-
000.e
1ee2
0e
--2
e10
.
1e-
+
-
1.2.3
1ee2
1e+
+
abc
-
1e-
++1
-
0e
abc
+
++1
-
1.2.3
1e+
1e+
1e
1e-
++1
--2
1e
--2
--2
1e-
1e+
.
e10
e10
e10
000.e
1e
e10
abc
000.e
0e
1.2.3
1ee2
++1
--2
-
0e
1e
+
1e-
++1
++1
1.2.3
1ee2
+
1e
1.2.3
-
-
abc
1e-
1e-
abc
1e-
1e+
1e-
000.e
e10
0e
--2
--2
1ee2
1e+
1e
1e-
1.2.3
000.e
abc
0e
+
000.e
1.2.3
000.e
++1
1e+
-
+
e10
e10
1e
+
1ee2
.
1ee2
--2
abc
++1
-
0e
1e+
-
e10
1ee2
-
000.e
000.e
abc
1e+
000.e
0e
000.e
e10
0e
--2
0e
0e
++1
e10
++1
1e-
.
.
e10
abc
1.2.3
.
1e
-
0e
1ee2
1e-
e10
000.e
1e
1.2.3
0e
1ee2
0e
e10
1.2.3
000.e
++1
abc
++1
abc
1e-
000.e
++1
1e+
-
1e
--2
1.2.3
1e
1e-
1.2.3
e10
e10
1ee2
1e-
e10
1.2.3
1e
1e-
e10
-
.
--2
1.2.3
.
1e+
e10
1.2.3
1ee2
1.2.3
+
e10
-
+
abc
1e-
1e
1e
+
1e+
1e-
++1
.
1e
abc
1.2.3
--2
000.e
0e
++1
1e+
1e+
++1
1ee2
1e-
1.2.3
0e
.
000.e
000.e
1e-
000.e
1ee2
++1
000.e
+
abc
++1
++1
0e
1.2.3
--2
1.2.3
-
abc
1e-
1.2.3
1ee2
000.e
+
1e+
1.2.3
++1
.
1e
1e+
.
e10
1ee2
0e
--2
1ee2
1e
1ee2
-
+
1.2.3
0e
1e
1.2.3
1e
000.e
+
1e+
1.2.3
--2
abc
++1
1.2.3
1.2.3
1.2.3
e10
e10
+
000.e
1.2.3
--2
+
e10
--2
--2
-
abc
1e-
.
e10
000.e
1.2.3
abc
1.2.3
-
+
1e+
1e
0e
.
1e
1e
0e
1e-
-
000.e
+
1.2.3
1.2.3
.
1e-
1e
abc
+
-
1e
1e
1e-
1ee2
--2
--2
1e+
1e
0e
1.2.3
1ee2
+
1e-
1e
.
1e
1ee2
e10
1.2.3
1e-
1e
1e-
+
.
e10
1e+
0e
1e
1e+
--2
000.e
1e
+
000.e
-
1e-
1ee2
000.e
1e-
e10
1e-
1.2.3
000.e
1e
-
1e-
+
--2
abc
1e
--2
-
e10
1e-
+
0e
0e
e10
000.e
-
abc
000.e
++1
1e
1.2.3
.
e10
1e-
.
1ee2
--2
1.2.3
1.2.3
1e+
++1
1e
e10
e10
++1
++1
0e
1.2.3
1e
0e
-
1ee2
-
1.2.3
abc
.
1.2.3
.
1.2.3
e10
.
0e
1e
0e
e10
1ee2
--2
--2
1e+
1e+
abc
1ee2
1e+
-
1ee2
-
.
-
.
.
1e-
abc
1e+
e10
1e
1e-
e10
1e-
--2
000.e
.
000.e
1e-
1.2.3
+
.
1ee2
1.2.3
1e+
000.e
1e+
abc
.
+
.
0e
1e-
1e+
++1
.
++1
1ee2
000.e
abc
1e
000.e
++1
abc
1e
.
1ee2
1ee2
1.2.3
abc
1e-
1ee2
++1
1.2.3
1e+
1e+
e10
000.e
1e+
0e
-
0e
--2
1e
1ee2
++1
1.2.3
--2
1ee2
-
abc
1e-
1.2.3
e10
1e-
1ee2
abc
0e
0e
0e
1.2.3
--2
000.e
1e+
000.e
000.e
e10
1ee2
e10
000.e
--2
1e-
++1
1e+
0e
+
0e
000.e
1ee2
1e+
++1
1e+
0e
-
000.e
1ee2
1e
1e
e10
1.2.3
-
1e+
-
1ee2
abc
1e-
--2
+
++1
++1
1.2.3
+
.
++1
1e
1ee2
000.e
1e-
abc
1ee2
e10
abc
.
1ee2
0e
1e+
-
abc
+
+
e10
1ee2
1.2.3
++1
++1
--2
1e+
.
e10
e10
1e
0e
000.e
1e+
--2
1e+
e10
abc
1e+
e10
1ee2
e10
1.2.3
1ee2
1e+
1.2.3
++1
.
000.e
1.2.3
++1
--2
++1
e10
1e
1e
+
1ee2
1e
1e
1ee2
++1
1ee2
.
1e
1e
.
1e+
.
000.e
1e-
1e-
-
0e
++1
+
--2
0e
1e-
.
--2
1e-
.
0e
1e-
abc
1e+
1ee2
++1
0e
-
0e
--2
-
1ee2
1e-
1e+
+
-
1e+
+
1.2.3
1.2.3
.
.
abc
1e-
.
1e-
.
-
--2
1ee2
--2
0e
1.2.3
abc
.
e10
1e+
1e
1.2.3
1e+
000.e
000.e
-
++1
e10
1e+
1ee2
.
++1
1ee2
1ee2
--2
000.e
.
1ee2
0e
000.e
1.2.3
-
++1
--2
.
0e
1e-
.
1e
-
1e-
-
.
e10
--2
++1
.
1e+
1.2.3
1ee2
000.e
.
1ee2
--2
1.2.3
1e-
1.2.3
1e-
++1
-
0e
000.e
1.2.3
1e
abc
000.e
++1
1ee2
+
1.2.3
-
1e+
0e
000.e
+
1ee2
000.e
e10
+
--2
abc
1.2.3
e10
.
1e+
--2
.
1ee2
1.2.3
0e
abc
1e
.
000.e
.
abc
000.e
1e
1e+
+
+
++1
abc
000.e
+
1.2.3
.
++1
000.e
1e+
1e-
1ee2
1ee2
1e-
0e
-
1e+
++1
+
++1
000.e
1ee2
++1
000.e
+
abc
--2
+
--2
0e
++1
abc
--2
--2
1ee2
++1
e10
--2
1e
0e
--2
1e+
-
e10
1e
000.e
.
1e
--2
abc
1.2.3
abc
abc
+
abc
1e+
000.e
0e
1.2.3
e10
--2
+
1e+
e10
.
0e
e10
abc
1e
abc
abc
1.2.3
++1
000.e
1e-
+
1e+
++1
+
--2
+
+
1e-
e10
000.e
000.e
1e+
+
.
1e-
--2
0e
--2
1.2.3
abc
+
1e+
000.e
1e+
e10
.
1.2.3
1e+
1.2.3
--2
e10
e10
--2
000.e
--2
+
000.e
1e-
.
000.e
.
-
--2
.
1e+
.
+
++1
++1
1e+
++1
abc
++1
1e
+
.
-
e10
0e
1.2.3
++1
--2
-
++1
--2
-
e10
000.e
.
++1
++1
1e
0e
-
.
0e
1.2.3
0e
1e-
-
-
1.2.3
000.e
-
1ee2
.
e10
+
1e+
--2
abc
++1
.
abc
1e
1ee2
.
++1
0e
abc
abc
--2
--2
++1
1e
e10
.
1ee2
.
1.2.3
1e+
1e-
+
e10
1e
+
1e
+
e10
1ee2
++1
000.e
1e
1e-
abc
++1
+
0e
--2
0e
000.e
000.e
1e
1e-
1e-
1e-
1e-
0e
000.e
1e
1e
++1
1ee2
1ee2
+
--2
0e
1e
++1
+
+
1.2.3
000.e
+
abc
000.e
1e-
1.2.3
++1
1ee2
-
000.e
e10
1ee2
-
1e-
000.e
0e
--2
1e-
+
++1
1e-
--2
1ee2
.
1ee2
1e
1e
++1
000.e
+
-
1e+
.
--2
++1
++1
.
+
1e+
e10
1e+
000.e
1e-
1e
1.2.3
1e
1.2.3
++1
1e
1ee2
0e
1e
1e+
0e
1e+
1e-
1e+
000.e
1e-
-
++1
1ee2
+
1ee2
0e
--2
000.e
000.e
1e+
e10
000.e
e10
-
1e-
++1
++1
abc
1ee2
1.2.3
+
000.e
000.e
.
0e
++1
1ee2
1e-
--2
.
++1
+
++1
0e
1e
.
1.2.3
-
1e-
.
.
1.2.3
-
+
abc
++1
1ee2
++1
1e+
abc
1.2.3
1e-
1e
1e-
+
abc
1e
1e+
1e+
1ee2
1ee2
000.e
abc
1e-
1ee2
-
1e+
e10
000.e
0e
++1
1e-
1e+
.
1e
1e+
1ee2
+
0e
1e
.
1e-
-
abc
e10
--2
abc
1e-
000.e
0e
--2
0e
000.e
1.2.3
e10
abc
000.e
1ee2
e10
1ee2
.
000.e
abc
++1
000.e
1ee2
e10
1.2.3
-
.
1e
1e-
--2
1e-
1.2.3
--2
++1
1.2.3
1e+
.
-
abc
1e+
e10
e10
e10
abc
e10
abc
++1
0e
+
0e
-
++1
000.e
--2
-
000.e
e10
1e
0e
-
1e-
e10
000.e
1.2.3
1e
.
0e
0e
abc
1e+
--2
e10
e10
1e
e10
+
1e+
abc
--2
1ee2
-
.
++1
0e
-
+
1ee2
1e+
1e+
1ee2
1ee2
e10
.
1e-
000.e
++1
abc
000.e
++1
000.e
1e+
abc
++1
.
1.2.3
--2
+
0e
.
e10
000.e
1e+
000.e
1e+
--2
1ee2
++1
-
.
1.2.3
1.2.3
-
1e-
-
e10
+
0e
1.2.3
000.e
abc
000.e
0e
++1
-
abc
1e
e10
.
1e-
1e
1e
--2
1e-
+
1ee2
.
abc
1e
.
1e
e10
+
1e+
1.2.3
1.2.3
1e
e10
+
abc
1.2.3
+
1.2.3
1ee2
1e
1e
e10
000.e
1ee2
0e
1e
1ee2
abc
1.2.3
0e
1e-
1e
1.2.3
1.2.3
1e
0e
e10
+
--2
1e-
.
000.e
000.e
1e-
abc
1e-
-
.
++1
-
abc
e10
abc
++1
0e
++1
1ee2
e10
+
--2
.
abc
e10
++1
+
1e-
e10
--2
--2
++1
0e
1ee2
1e
1.2.3
++1
1e+
-
1e-
.
1e
e10
0e
--2
--2
--2
000.e
1e+
abc
1ee2
e10
abc
0e
1ee2
0e
++1
.
-
e10
+
1ee2
-
--2
1.2.3
-
0e
e10
1.2.3
--2
1e+
+
1e
++1
.
0e
1e
--2
1e
+
++1
.
1e-
--2
+
.
++1
+
000.e
++1
--2
0e
1e-
--2
-
1.2.3
000.e
1e-
++1
++1
.
--2
0e
000.e
1e-
1ee2
1.2.3
++1
1e+
1ee2
1.2.3
--2
++1
000.e
0e
0e
-
--2
1.2.3
++1
1e+
1.2.3
e10
1e
000.e
1e+
000.e
.
1e+
e10
0e
--2
--2
1.2.3
abc
e10
++1
.
000.e
-
+
abc
.
1e-
--2
1ee2
1e-
-
1e
--2
abc
1.2.3
++1
1ee2
000.e
abc
++1
++1
1ee2
++1
++1
abc
++1
1.2.3
abc
.
++1
+
1ee2
1.2.3
--2
-
000.e
000.e
--2
+
1e
1.2.3
+
1e-
e10
.
1e+
1e
1e-
e10
+
1ee2
e10
1e+
1e-
0e
e10
1e-
1ee2
--2
000.e
++1
1.2.3
1e+
e10
++1
+
1.2.3
++1
1e+
1e+
1ee2
1e-
000.e
1e+
0e
1e-
1e-
0e
--2
abc
1ee2
-
1e+
1e-
1e+
.
e10
1.2.3
1.2.3
e10
++1
--2
0e
1e-
1e-
.
--2
1e+
1e-
000.e
-
1ee2
000.e
1ee2
1e
.
++1
++1
1e-
abc
-
+
1ee2
-
abc
e10
1e+
1ee2
1e+
1e-
--2
++1
000.e
1e
abc
000.e
1e+
000.e
++1
-
0e
1e-
1ee2
e10
0e
--2
1e-
--2
1ee2
.
1ee2
+
e10
0e
e10
--2
--2
--2
abc
0e
1e+
e10
1e
1e
1e-
.
1.2.3
1ee2
--2
+
1e
--2
1ee2
000.e
--2
000.e
000.e
1.2.3
1e
1e-
abc
e10
000.e
1ee2
1.2.3
1.2.3
1e
e10
1ee2
0e
.
1e+
1.2.3
abc
000.e
+
++1
1e
abc
abc
e10
e10
abc
--2
++1
e10
1e+
1.2.3
.
--2
000.e
1e
1e+
e10
000.e
1e
000.e
1e+
0e
e10
1e-
1ee2
e10
1ee2
0e
1.2.3
++1
1.2.3
1e+
1e-
-
--2
000.e
.
1e
1e-
++1
abc
+
000.e
1.2.3
++1
1ee2
1e-
1e-
--2
1e-
1e
000.e
+
0e
e10
000.e
abc
--2
000.e
1.2.3
000.e
--2
1.2.3
e10
+
1e
abc
e10
1.2.3
0e
1ee2
1e
1.2.3
+
.
1e+
++1
+
--2
--2
++1
--2
1.2.3
000.e
--2
1e
++1
+
000.e
1e
++1
1e
+
-
-
-
1e-
000.e
abc
0e
abc
.
1.2.3
.
abc
000.e
0e
+
1ee2
e10
000.e
1e+
1ee2
++1
++1
1.2.3
1e+
.
+
1.2.3
e10
000.e
.
1ee2
+
1e
000.e
abc
000.e
1ee2
000.e
+
.
0e
1ee2
000.e
--2
0e
e10
1.2.3
abc
+
1e
1ee2
0e
1e-
++1
++1
+
++1
1.2.3
1e+
++1
1e+
.
-
++1
abc
--2
-
1ee2
e10
1e
-
000.e
1e+
1e
e10
1e
abc
+
1ee2
1e+
000.e
e10
1ee2
1e-
abc
.
000.e
++1
++1
.
1e+
--2
1e+
+
1e
-
1e+
-
1ee2
--2
0e
1e-
-
1e
.
-
+
abc
000.e
1e
++1
000.e
--2
0e
+
.
++1
1e-
1ee2
abc
000.e
e10
1e-
000.e
1e
++1
1e
e10
abc
abc
-
1.2.3
1e+
0e
++1
++1
+
+
1e-
1e-
1.2.3
-
+
1.2.3
+
-
1e+
1ee2
--2
--2
1.2.3
e10
000.e
-
.
e10
1ee2
++1
e10
1e+
1e+
0e
1e-
.
1e-
000.e
e10
1ee2
-
1ee2
1e
1e+
1e+
e10
1.2.3
1e+
-
0e
1e
1ee2
.
abc
abc
0e
1e
000.e
0e
--2
.
+
++1
+
1.2.3
++1
000.e
++1
--2
--2
++1
1e+
-
+
1ee2
abc
--2
1e-
abc
e10
0e
1e-
0e
0e
1e
+
+
0e
.
--2
abc
1ee2
1e+
++1
1e
1e-
000.e
000.e
abc
.
1e
0e
1.2.3
1e+
e10
1e-
1e
--2
.
e10
000.e
abc
--2
1e-
.
000.e
0e
1e-
.
0e
1e+
1.2.3
--2
000.e
abc
abc
abc
000.e
1e
.
0e
--2
.
abc
+
+
-
e10
-
.
1.2.3
1.2.3
--2
+
000.e
1e+
-
--2
+
1e-
-
1e+
000.e
e10
1.2.3
-
.
abc
--2
1e
.
e10
abc
1e+
--2
++1
++1
0e
1e
++1
e10
1e-
.
e10
e10
1ee2
++1
e10
1e+
--2
1e+
0e
1e
1e+
000.e
000.e
++1
1ee2
.
1e-
-
1e
1e
1e-
000.e
1e-
1e-
++1
+
1.2.3
1e
-
--2
1e-
1.2.3
1ee2
e10
0e
1e
1ee2
-
1.2.3
1e+
0e
0e
1e
1.2.3
0e
--2
000.e
++1
000.e
1e-
000.e
1e+
.
1ee2
0e
-
000.e
-
--2
1ee2
0e
0e
--2
0e
abc
1ee2
--2
1.2.3
0e
.
0e
1.2.3
0e
1e-
++1
e10
0e
--2
1.2.3
0e
++1
++1
1.2.3
--2
1.2.3
++1
1.2.3
++1
1.2.3
000.e
1ee2
1.2.3
0e
e10
-
--2
1e
000.e
0e
1ee2
--2
abc
++1
1e
1e-
1e
1ee2
0e
+
1e-
-
1e-
-
abc
1e-
1e-
.
1e-
abc
e10
1e-
1e+
1.2.3
e10
1e
000.e
1e+
1e
--2
.
1e
1.2.3
-
e10
++1
e10
-
abc
.
++1
++1
000.e
abc
1e
++1
1.2.3
-
--2
1e+
+
.
1ee2
0e
++1
-
+
1e+
1.2.3
1.2.3
.
.
1e+
abc
000.e
+
+
1e-
000.e
++1
.
000.e
e10
0e
1e
-
1ee2
--2
1e+
e10
abc
0e
++1
.
1.2.3
-
1e
1e
0e
++1
1e-
-
1ee2
1e+
1e+
e10
0e
e10
e10
1ee2
+
1e
+
++1
-
++1
--2
1e+
++1
1e-
+
000.e
abc
++1
.
abc
e10
1ee2
e10
1e-
-
++1
1e+
+
1e-
.
+
e10
--2
--2
abc
.
.
-
1e+
abc
.
1e+
abc
--2
+
1ee2
.
1e
1.2.3
abc
.
1.2.3
1e+
--2
e10
1e
-
1ee2
1e
++1
0e
++1
+
1e+
.
++1
.
+
0e
++1
000.e
1ee2
1e
-
+
abc
1ee2
1.2.3
1.2.3
++1
--2
.
++1
1ee2
1e
abc
1e-
1.2.3
-
--2
1e
1ee2
.
.
.
-
1.2.3
1e
-
--2
.
e10
1ee2
1.2.3
1ee2
1e+
1e-
--2
e10
1e-
000.e
abc
0e
000.e
++1
e10
.
abc
--2
-
1e+
-
e10
1e-
000.e
++1
.
1ee2
0e
1.2.3
+
abc
000.e
--2
1.2.3
+
--2
e10
1.2.3
.
abc
1e
1e
000.e
1ee2
1.2.3
+
abc
1ee2
--2
.
1e+
--2
+
e10
1e
--2
1.2.3
1.2.3
.
e10
1ee2
1.2.3
--2
abc
000.e
++1
0e
.
1ee2
.
000.e
-
1.2.3
1ee2
e10
abc
1e+
--2
+
1e-
.
e10
+
e10
0e
1.2.3
-
1e-
abc
1e-
000.e
++1
-
1e
++1
1.2.3
000.e
000.e
1e
1e+
0e
1e-
abc
+
1e-
abc
--2
abc
1e+
.
0e
1e
abc
--2
000.e
--2
0e
1ee2
e10
1e-
e10
1ee2
0e
000.e
abc
.
1ee2
1e-
000.e
1ee2
--2
++1
++1
.
-
1e
1ee2
1e-
++1
abc
++1
1.2.3
.
abc
1.2.3
abc
1.2.3
abc
-
1ee2
.
1ee2
1.2.3
000.e
abc
1ee2
++1
1.2.3
1e+
1ee2
1e+
+
abc
.
-
++1
-
-
.
0e
000.e
1ee2
000.e
.
0e
.
-
1e-
000.e
0e
1e+
1ee2
0e
++1
1ee2
--2
000.e
-
abc
+
abc
1e
1.2.3
e10
1ee2
1e
1e
e10
1e-
+
e10
.
1e+
abc
abc
1ee2
-
-
0e
1e-
-
000.e
000.e
++1
1e-
abc
000.e
--2
e10
-
1e
1.2.3
abc
1e
e10
0e
1e
0e
1ee2
0e
1.2.3
0e
abc
++1
+
000.e
1e+
0e
000.e
--2
abc
+
0e
1.2.3
+
.
++1
-
.
e10
++1
abc
000.e
abc
1e-
1e-
000.e
1ee2
000.e
000.e
1.2.3
1e
1e+
1.2.3
abc
--2
1.2.3
e10
+
1ee2
--2
0e
e10
1e
1e
0e
e10
+
abc
+
0e
1e+
1e-
1ee2
1e
1e
--2
1ee2
1e-
abc
1e-
abc
1e+
1e+
--2
1ee2
1e
1.2.3
+
1e
abc
1.2.3
0e
--2
000.e
--2
1e-
000.e
-
1e
-
000.e
.
0e
abc
1e-
--2
-
1e-
++1
0e
-
1ee2
1ee2
abc
abc
1ee2
abc
e10
1e+
abc
abc
e10
000.e
0e
--2
1ee2
000.e
1.2.3
--2
.
e10
.
1e
1ee2
000.e
1ee2
1e
000.e
.
1e
++1
0e
1.2.3
1ee2
1e-
e10
1ee2
-
--2
1e-
000.e
000.e
+
++1
000.e
000.e
0e
.
e10
.
1e+
1ee2
--2
+
.
++1
1e-
1e-
1e+
1e
1e+
0e
abc
1e
-
.
.
--2
++1
.
1.2.3
1e
e10
--2
--2
0e
abc
1e-
+
--2
-
--2
0e
+
+
abc
1.2.3
-
++1
-
0e
+
++1
1ee2
abc
1ee2
e10
-
++1
1e+
1.2.3
++1
1ee2
1ee2
1e-
0e
1e+
abc
abc
-
.
-
1.2.3
+
000.e
--2
1e+
+
1e+
0e
--2
--2
1.2.3
1e+
-
000.e
+
1e
abc
0e
1.2.3
0e
000.e
.
abc
--2
0e
abc
.
abc
+
1ee2
-
1.2.3
-
abc
e10
++1
abc
1e+
--2
000.e
-
0e
1e
1.2.3
.
1.2.3
000.e
1e-
abc
.
1.2.3
e10
1e+
+
0e
0e
abc
e10
.
1.2.3
1.2.3
1e-
1ee2
1ee2
--2
+
++1
0e
1e+
++1
.
+
1e+
1.2.3
++1
--2
++1
.
000.e
.
.
e10
--2
abc
++1
+
000.e
++1
.
-
-
.
-
abc
0e
0e
++1
abc
0e
abc
1ee2
1e-
-
+
e10
+
1.2.3
0e
e10
1e
e10
++1
+
++1
1ee2
-
000.e
abc
-
1.2.3
1.2.3
1e
1e-
.
--2
++1
000.e
--2
-
e10
abc
.
1e-
--2
+
1e
-
000.e
1ee2
0e
+
0e
--2
1.2.3
1.2.3
.
-
1e-
1e
--2
abc
++1
1e
1e-
1.2.3
0e
e10
--2
.
0e
--2
1e+
0e
e10
1e
1e-
abc
++1
+
abc
-
abc
.
.
1e-
e10
1e
abc
000.e
--2
0e
.
000.e
+
abc
000.e
+
+
1e+
+
--2
1e+
abc
0e
abc
0e
1e-
abc
1.2.3
abc
1e+
1e
-
1e+
1ee2
++1
-
-
.
1.2.3
1ee2
abc
1ee2
000.e
abc
000.e
-
.
.
1e+
--2
0e
+
000.e
e10
--2
--2
1ee2
++1
+
++1
--2
+
1e+
1.2.3
1e
.
1e
1e
1e
--2
++1
--2
0e
1e+
0e
++1
e10
1.2.3
1e-
+
1ee2
1ee2
1e-
1e
1e+
.
--2
1ee2
1e-
0e
+
.
-
1e
--2
+
1.2.3
1e-
000.e
e10
+
1e-
abc
1e
0e
1e+
1e+
0e
--2
.
1.2.3
1.2.3
e10
0e
.
++1
1e
1.2.3
1.2.3
--2
e10
+
--2
e10
abc
e10
1e+
++1
000.e
000.e
0e
+
abc
+
+
e10
1ee2
.
1.2.3
1e+
1e
abc
--2
1e-
000.e
+
--2
+
1e
000.e
1.2.3
-
1e-
1e-
.
1.2.3
1e
abc
.
--2
000.e
+
abc
1e-
1e+
-
0e
1e
1e+
-
--2
1.2.3
--2
.
1e
-
000.e
0e
1ee2
-
abc
1ee2
1ee2
1e
000.e
.
e10
e10
1ee2
1e-
000.e
1e
1e
1ee2
1e-
-
abc
000.e
.
1ee2
e10
+
abc
1ee2
abc
++1
-
.
1e+
1e-
abc
1e+
--2
1e-
1e
0e
0e
.
000.e
abc
1e-
1e
000.e
1ee2
abc
e10
+
1.2.3
.
e10
0e
e10
1e-
1.2.3
1e
++1
1ee2
abc
0e
0e
000.e
.
1e-
--2
--2
1e-
++1
-
abc
1e
abc
1.2.3
000.e
1ee2
1.2.3
1ee2
1e-
1e+
++1
1e
1.2.3
1ee2
1ee2
-
++1
--2
1e+
+
.
abc
abc
--2
abc
--2
1.2.3
1e+
1e
++1
-
0e
-
000.e
+
1e+
1e+
-
0e
.
-
e10
-
-
1.2.3
1e-
+
1.2.3
1e+
--2
-
1.2.3
1ee2
1.2.3
1e
-
0e
-
--2
+
-
1ee2
1e
1e+
+
+
++1
-
0e
e10
0e
++1
1ee2
1e-
abc
.
--2
abc
1e
.
abc
1.2.3
000.e
.
+
e10
++1
1e
+
--2
1e
++1
1e+
-
++1
1e
++1
000.e
1ee2
--2
0e
.
-
--2
e10
abc
e10
1.2.3
abc
1e+
1ee2
0e
+
-
abc
0e
++1
.
abc
-
--2
abc
.
1.2.3
0e
--2
++1
+
0e
1.2.3
-
1e+
-
1.2.3
1ee2
e10
+
-
++1
1e-
.
abc
1e
1.2.3
000.e
0e
++1
0e
e10
1e+
000.e
1e+
abc
abc
-
1e+
+
0e
+
.
abc
.
abc
--2
-
1e+
--2
-
1.2.3
.
-
abc
.
.
+
++1
1e+
1ee2
1e+
1ee2
--2
++1
1ee2
abc
1e+
1e
+
1ee2
1e
++1
1e
e10
abc
-
abc
+
0e
.
1e+
1ee2
1ee2
-
+
e10
1ee2
+
--2
1e
1e+
abc
1.2.3
++1
1e+
--2
++1
abc
1ee2
e10
1e
abc
abc
+
e10
--2
e10
1e+
--2
.
0e
e10
e10
1e-
000.e
-
1ee2
.
1e-
0e
1ee2
--2
0e
1.2.3
++1
-
abc
1e
1e-
+
1e-
.
1e+
000.e
1e
1e-
-
1e+
0e
1e-
+
1.2.3
e10
e10
1e
1e-
1e
1e+
++1
1e
1e+
++1
0e
1e
1e+
++1
--2
1.2.3
1e-
++1
--2
1ee2
1e
-
1e
1e-
+
0e
1ee2
abc
abc
1.2.3
.
.
+
+
1.2.3
1.2.3
1e-
++1
1.2.3
1.2.3
1ee2
.
++1
++1
1ee2
1e
e10
0e
0e
+
.
1e-
.
-
abc
1e-
1e
-
.
1e-
1.2.3
000.e
--2
1e+
--2
1.2.3
e10
1e-
1ee2
--2
1e+
-
1ee2
1ee2
0e
++1
-
.
--2
+
.
000.e
1e
abc
++1
1e
1e-
1.2.3
0e
abc
--2
e10
e10
1ee2
1e+
++1
1e
1e-
-
++1
-
.
1e
.
abc
1e-
1e+
-
000.e
1e
+
.
1ee2
0e
+
1.2.3
1e-
.
1.2.3
-
e10
1e
e10
+
0e
1ee2
e10
++1
1e+
abc
1.2.3
e10
0e
--2
--2
0e
1e+
1.2.3
e10
1e+
000.e
++1
++1
.
e10
000.e
abc
e10
.
0e
--2
1ee2
1e+
++1
+
abc
1ee2
1e+
-
.
0e
++1
0e
--2
--2
abc
++1
e10
-
0e
++1
--2
--2
abc
1.2.3
000.e
0e
1.2.3
1e-
+
--2
1e-
1e+
--2
1.2.3
abc
1e-
e10
.
1ee2
1ee2
0e
1.2.3
+
.
0e
000.e
1.2.3
abc
000.e
--2
abc
.
-
+
1e-
1e-
-
-
--2
0e
1ee2
1ee2
-
1ee2
000.e
1ee2
1ee2
-
+
-
1ee2
abc
.
+
+
1.2.3
.
.
000.e
--2
-
--2
1e-
abc
1e
e10
-
000.e
++1
000.e
abc
e10
e10
0e
1e+
1e
++1
e10
1e+
abc
abc
1.2.3
000.e
-
e10
-
.
0e
1.2.3
e10
.
.
+
abc
abc
1e
000.e
1e-
1.2.3
+
000.e
1ee2
abc
1ee2
1e-
-
1e-
+
abc
1.2.3
e10
000.e
1e
1e-
++1
.
e10
1e-
1.2.3
0e
0e
1e
1e-
1ee2
1ee2
1e-
-
e10
+
e10
1e+
1ee2
1e-
1e+
1.2.3
.
abc
.
abc
--2
--2
1.2.3
abc
--2
1.2.3
1.2.3
0e
e10
.
.
1ee2
.
e10
1e
--2
-
0e
e10
1ee2
.
1e-
.
1e-
-
-
1.2.3
1ee2
000.e
1.2.3
1ee2
0e
1e-
0e
1e+
1e
abc
1.2.3
.
1.2.3
++1
1e
--2
1e-
1e+
0e
+
0e
1e
--2
++1
abc
1ee2
1e-
1e+
1e+
.
1.2.3
--2
-
1e+
abc
e10
-
.
0e
-
++1
-
++1
-
1e
e10
--2
1e-
-
0e
-
1.2.3
e10
000.e
--2
abc
--2
1e+
0e
++1
.
e10
abc
+
0e
1ee2
1e+
++1
++1
--2
--2
abc
+
1e-
1e-
000.e
1e+
abc
++1
1ee2
++1
--2
.
abc
000.e
1e-
-
0e
abc
++1
+
1.2.3
abc
1.2.3
1e
1ee2
1e
1e-
0e
e10
1e-
+
--2
1.2.3
1ee2
abc
+
1e+
--2
abc
--2
-
1e
.
+
+
1.2.3
1.2.3
1e
1e
e10
1e
1e
000.e
0e
1.2.3
++1
+
.
1.2.3
1ee2
e10
-
1e-
abc
1e-
e10
abc
000.e
0e
-
-
.
e10
1ee2
e10
++1
abc
1e+
e10
--2
1ee2
.
++1
.
1ee2
e10
+
e10
abc
++1
--2
++1
--2
.
.
1ee2
+
-
e10
1e+
1.2.3
1e+
.
1e
1e+
.
1e-
000.e
.
+
0e
1e
0e
+
1e+
.
1e
0e
000.e
000.e
+
000.e
++1
abc
0e
1.2.3
1.2.3
abc
1ee2
-
1e
1e
--2
-
000.e
1ee2
1e
0e
++1
1.2.3
.
.
1.2.3
0e
1e-
e10
1e-
1e
1e+
-
--2
1e+
0e
1.2.3
1.2.3
000.e
.
1.2.3
--2
1ee2
0e
000.e
1ee2
--2
1ee2
--2
000.e
abc
1e+
1e-
1e-
000.e
++1
++1
1e+
+
1e-
.
1e
.
1e
1e+
0e
-
.
1e
.
.
1e
+
1e
-
0e
0e
-
abc
.
1e
+
--2
0e
-
1.2.3
.
-
-
+
0e
000.e
1e-
1.2.3
+
1e-
-
1.2.3
1e+
1ee2
1e+
1.2.3
0e
++1
-
.
.
1e
++1
1e
--2
e10
-
abc
e10
1e-
1.2.3
abc
--2
1e
1ee2
-
abc
++1
0e
1e+
0e
++1
-
1ee2
1e+
1ee2
abc
+
1e
abc
.
1e-
abc
1e-
1ee2
1e+
abc
1.2.3
+
e10
abc
e10
abc
+
1e-
1ee2
+
abc
1.2.3
1ee2
-
.
1e-
1e
.
1e-
1e+
1e+
0e
.
-
1e
1ee2
e10
e10
+
1.2.3
abc
1e
1e+
++1
1e+
.
0e
1e
abc
++1
--2
1ee2
000.e
.
000.e
1e-
000.e
1e
.
1e+
1.2.3
abc
--2
1e-
.
1e-
1e-
0e
--2
-
1e+
--2
1ee2
--2
1ee2
1ee2
++1
1.2.3
1e+
000.e
1ee2
abc
-
1e
1e+
abc
0e
1.2.3
-
1e
000.e
0e
--2
.
000.e
abc
1e
e10
1e+
1.2.3
1.2.3
.
0e
1e
.
+
abc
--2
1e
1.2.3
e10
-
-
--2
abc
e10
1e-
+
++1
1ee2
1e-
+
.
1.2.3
1.2.3
1.2.3
1e+
1e+
abc
1.2.3
e10
1.2.3
1e+
1ee2
abc
1.2.3
1e+
.
0e
--2
1e
1e
e10
1ee2
000.e
0e
+
1e
-
abc
0e
.
1e
+
0e
-
e10
e10
-
-
0e
1ee2
1e+
.
++1
1e+
e10
++1
1ee2
1e-
++1
0e
0e
000.e
1ee2
0e
++1
abc
0e
1.2.3
e10
+
1e
0e
++1
e10
e10
1.2.3
1ee2
1.2.3
1e-
000.e
1e-
++1
1.2.3
0e
1ee2
++1
--2
000.e
1e+
e10
abc
.
1ee2
1e-
abc
1.2.3
abc
1e-
+
--2
++1
1e-
+
+
0e
000.e
+
++1
1e
1.2.3
1e-
1e-
++1
--2
+
1.2.3
1ee2
.
-
+
-
+
0e
1.2.3
1.2.3
1e
++1
0e
1ee2
0e
abc
1.2.3
+
0e
.
1ee2
1.2.3
+
+
1.2.3
+
1ee2
abc
1e+
1e-
000.e
-
1e+
1e-
1e+
1e-
1.2.3
0e
1e-
++1
1.2.3
1e+
--2
000.e
abc
++1
abc
1ee2
+
-
abc
1ee2
1e
1ee2
1e+
1ee2
0e
0e
++1
1e+
++1
-
0e
.
.
++1
+
.
0e
.
e10
--2
1.2.3
0e
abc
1e
1.2.3
1ee2
--2
e10
e10
1ee2
--2
1.2.3
+
1e
e10
++1
1e+
1e+
++1
.
+
000.e
000.e
000.e
.
abc
.
1e-
+
1.2.3
--2
e10
++1
1e+
000.e
0e
+
e10
1e-
1e+
1e+
abc
abc
1e
.
-
-
e10
1e
1e+
0e
++1
0e
1ee2
--2
abc
-
e10
000.e
-
000.e
000.e
--2
1.2.3
1e+
++1
1e+
1.2.3
1ee2
1.2.3
e10
++1
abc
+
--2
1e-
1e
--2
+
--2
++1
abc
e10
++1
--2
1e+
+
-
0e
000.e
abc
+
e10
000.e
abc
000.e
1e-
1ee2
+
abc
--2
1e-
1.2.3
--2
1.2.3
1e
--2
--2
abc
--2
1e-
1e-
abc
1ee2
000.e
++1
0e
+
-
1e+
.
1e-
.
1.2.3
+
0e
e10
-
+
-
--2
1ee2
1.2.3
.
--2
++1
e10
1e-
-
1e
--2
0e
e10
+
1e-
1ee2
1.2.3
1ee2
000.e
.
1e+
1.2.3
+
1e
0e
e10
e10
+
0e
e10
1e-
000.e
e10
1ee2
.
-
++1
++1
1e-
1e
1ee2
1e-
0e
1.2.3
000.e
0e
1.2.3
1e+
e10
1e+
++1
abc
000.e
+
1.2.3
e10
e10
1e
abc
e10
1e+
.
1.2.3
+
++1
0e
1e
++1
000.e
--2
1ee2
abc
1.2.3
1.2.3
1e
.
1.2.3
--2
0e
1e+
.
1.2.3
1ee2
e10
e10
--2
+
.
0e
e10
abc
+
--2
0e
1.2.3
-
e10
abc
1e-
++1
0e
1ee2
1ee2
-
.
-
1e+
+
abc
abc
1e
0e
++1
1.2.3
++1
1e+
+
+
++1
abc
1e
+
1.2.3
1ee2
-
1e
+
1.2.3
--2
-
++1
+
++1
-
e10
000.e
abc
--2
abc
e10
1e+
1e-
1ee2
+
1e-
1e+
--2
.
--2
-
.
abc
1e-
000.e
abc
000.e
--2
+
++1
0e
1.2.3
1e-
+
abc
abc
+
1e-
1e-
abc
--2
--2
1e
++1
0e
abc
1e
abc
.
+
1e
1e+
.
0e
e10
--2
1.2.3
1e
000.e
--2
abc
1e-
e10
1e-
--2
abc
1e-
000.e
1.2.3
-
abc
1ee2
e10
1ee2
-
e10
-
1.2.3
000.e
000.e
1e+
e10
1.2.3
++1
.
abc
1ee2
-
000.e
-
1.2.3
.
1e-
1e-
--2
1ee2
abc
-
000.e
0e
1.2.3
1e+
1e-
1e-
e10
1ee2
1.2.3
+
--2
+
++1
1e
1e-
e10
abc
--2
1ee2
1e+
-
1.2.3
++1
--2
++1
1ee2
+
+
++1
1ee2
1ee2
1.2.3
--2
1.2.3
1e+
++1
+
--2
--2
.
+
abc
0e
1e
000.e
1e
000.e
+
1ee2
++1
000.e
abc
1e-
-
0e
+
1ee2
0e
000.e
+
+
-
.
+
1ee2
0e
1ee2
-
0e
1ee2
e10
1e+
1e
1ee2
1.2.3
abc
+
1e
000.e
+
1.2.3
1e-
+
--2
e10
--2
000.e
1e-
abc
+
1e
-
1.2.3
-
000.e
1.2.3
.
e10
1e+
1.2.3
1e
1ee2
-
1ee2
0e
1.2.3
1e-
000.e
++1
.
0e
.
-
0e
1e
-
0e
++1
1e+
1e+
-
++1
0e
--2
0e
e10
1.2.3
abc
--2
--2
abc
0e
000.e
1e+
-
-
0e
e10
++1
.
abc
0e
.
.
0e
1e-
+
1.2.3
e10
1e
1ee2
1e
abc
e10
1.2.3
e10
abc
e10
abc
1ee2
1.2.3
++1
000.e
1e-
1e-
000.e
++1
++1
-
++1
--2
1e
0e
1e+
000.e
1.2.3
000.e
1ee2
0e
000.e
--2
000.e
--2
0e
1e
e10
++1
000.e
abc
abc
1e+
1ee2
000.e
1e+
0e
1.2.3
abc
000.e
abc
++1
++1
000.e
1e+
++1
1ee2
.
0e
-
e10
--2
1.2.3
+
1ee2
1e-
++1
1e
1e-
--2
-
abc
000.e
0e
++1
000.e
-
1.2.3
1.2.3
-
1e
000.e
++1
1e-
.
0e
0e
.
abc
+
+
000.e
1.2.3
--2
-
1ee2
-
1.2.3
1.2.3
--2
++1
1.2.3
1e-
0e
-
1.2.3
1e+
1.2.3
--2
0e
+
abc
1e-
+
+
++1
1e+
000.e
--2
1.2.3
1e-
.
1e+
abc
abc
abc
--2
1e
++1
+
+
-
.
1e
1.2.3
1.2.3
e10
++1
--2
-
abc
1e-
+
1.2.3
000.e
0e
+
-
--2
++1
-
-
--2
1e
000.e
1e
000.e
-
1.2.3
-
e10
e10
000.e
0e
000.e
000.e
1e-
++1
1e
++1
1e
abc
000.e
1e-
+
1e
1e+
0e
1e+
1ee2
1e-
000.e
1ee2
000.e
1e-
0e
+
0e
1e+
+
000.e
1ee2
abc
1ee2
1e+
++1
1ee2
abc
000.e
--2
--2
abc
1e-
abc
e10
0e
1.2.3
0e
1ee2
--2
000.e
0e
.
1e+
+
.
1ee2
abc
1.2.3
-
.
+
--2
.
-
1e-
--2
1e-
0e
.
++1
1.2.3
1e-
1e-
abc
000.e
abc
1.2.3
000.e
--2
1.2.3
+
+
++1
1e
1e+
++1
+
++1
1e-
1.2.3
++1
+
0e
1e
+
++1
1e
1e-
1ee2
--2
000.e
0e
abc
1e
e10
1e
+
--2
++1
.
++1
1.2.3
e10
abc
1ee2
1e-
1e
++1
1ee2
1.2.3
0e
-
e10
abc
1e-
1e
abc
.
1e+
-
.
e10
1e+
000.e
++1
1e+
1.2.3
.
--2
e10
.
abc
1e-
-
0e
++1
--2
e10
0e
1.2.3
-
--2
1ee2
1e-
1e
e10
+
1ee2
1e
e10
++1
000.e
--2
++1
1e+
1ee2
1e-
1e-
e10
000.e
000.e
.
-
000.e
++1
1e-
++1
e10
1ee2
1e
1e
abc
+
.
1ee2
1e
e10
abc
0e
++1
--2
1e-
000.e
++1
+
1.2.3
000.e
-
++1
+
1e
.
1e
-
1e
1e+
000.e
0e
1e
1e
1e+
++1
+
0e
0e
1.2.3
e10
0e
1ee2
1e
--2
1e+
e10
0e
++1
0e
0e
1.2.3
000.e
1ee2
--2
1e+
--2
1.2.3
000.e
000.e
1e-
++1
000.e
abc
e10
1e
++1
--2
abc
1ee2
-
+
e10
000.e
1e-
1e-
1e-
-
--2
0e
abc
0e
1e+
1e+
+
.
abc
abc
++1
1e
--2
0e
e10
1e-
0e
-
--2
1e-
+
1.2.3
-
000.e
--2
0e
1e
1.2.3
e10
1.2.3
1.2.3
1e-
000.e
1e-
abc
+
.
1ee2
0e
-
++1
++1
1e+
abc
.
e10
000.e
-
e10
abc
1ee2
0e
-
1e+
0e
1e-
1e+
-
++1
1ee2
+
1e-
-
--2
1ee2
--2
0e
++1
++1
000.e
+
abc
++1
.
1e+
1e
1e+
1.2.3
1.2.3
.
++1
1.2.3
1e+
.
-
1ee2
0e
++1
1ee2
++1
1.2.3
0e
+
abc
1e+
.
--2
abc
-
++1
+
--2
1e+
-
--2
1.2.3
1e+
-
1e
++1
0e
e10
abc
1e-
e10
1e
++1
1ee2
0e
.
1ee2
1e+
1e
-
1ee2
--2
000.e
.
.
000.e
1.2.3
1.2.3
--2
.
0e
1e+
+
.
--2
-
-
1e-
abc
000.e
1e
abc
+
abc
1e+
0e
1e
1.2.3
abc
--2
1e+
1e+
e10
abc
-
-
000.e
000.e
000.e
++1
1e+
--2
0e
0e
0e
.
++1
.
1e
-
+
1e+
++1
abc
1.2.3
1e
000.e
+
1e+
e10
-
1e+
abc
0e
1ee2
000.e
e10
1ee2
1e-
++1
++1
1.2.3
e10
1ee2
000.e
1.2.3
1ee2
1ee2
+
+
e10
++1
1ee2
-
+
0e
.
.
--2
++1
++1
1ee2
-
1e+
1.2.3
abc
1e+
0e
1ee2
.
1ee2
1e-
abc
e10
--2
e10
000.e
--2
-
0e
e10
1.2.3
000.e
+
1e-
--2
1e+
000.e
e10
1ee2
0e
1e-
1e-
1ee2
000.e
1e+
abc
1e
1e
abc
1ee2
1e+
e10
000.e
1.2.3
0e
1ee2
+
1e+
000.e
abc
abc
1e-
1e
1e
-
+
1e-
1e-
1e
abc
.
000.e
e10
.
.
1ee2
++1
.
1.2.3
1.2.3
++1
e10
1e+
000.e
e10
000.e
0e
abc
1e
-
--2
1e+
-
0e
1e+
++1
1.2.3
1e-
1e
--2
0e
+
.
1ee2
.
+
++1
1ee2
--2
1e
abc
000.e
e10
abc
1e
-
000.e
e10
1ee2
1.2.3
abc
1e
e10
0e
000.e
e10
000.e
1e
+
++1
1e+
abc
1e
+
++1
--2
1ee2
+
0e
+
.
0e
1e-
1e+
++1
0e
+
000.e
1ee2
.
000.e
+
1.2.3
-
000.e
1e
0e
1.2.3
1e-
++1
000.e
.
1e+
++1
.
000.e
abc
.
1e+
--2
1e-
0e
1ee2
abc
000.e
e10
.
000.e
.
abc
abc
1ee2
-
++1
0e
e10
1ee2
1e
abc
.
--2
0e
++1
0e
000.e
abc
1e
--2
0e
1e+
0e
++1
1e-
1e
1e
++1
abc
++1
.
e10
1.2.3
e10
e10
+
--2
abc
e10
+
++1
1e
abc
1e-
--2
000.e
0e
+
1e
1e+
1e
-
+
e10
-
1.2.3
1.2.3
abc
++1
1e+
.
abc
1.2.3
1e-
1e-
1e+
+
1e
1e
-
abc
1e
--2
++1
1e-
1e-
abc
--2
+
+
.
e10
++1
1e+
0e
+
0e
++1
000.e
++1
-
--2
1ee2
+
1ee2
1e-
1e
1ee2
0e
0e
-
abc
.
1e+
++1
+
1.2.3
++1
000.e
+
1.2.3
1ee2
abc
0e
.
1e-
000.e
1.2.3
1e+
1ee2
e10
1e-
0e
000.e
1e-
0e
++1
e10
e10
0e
.
1.2.3
0e
++1
1e+
000.e
1e-
1e+
+
1e-
0e
1e-
e10
-
--2
000.e
abc
1e+
1e+
+
++1
abc
-
+
-
abc
1e+
1ee2
+
1e
--2
++1
e10
1ee2
000.e
+
000.e
0e
-
1.2.3
++1
1e-
1e-
1e+
+
1e
000.e
000.e
1.2.3
+
0e
1ee2
1e+
-
1e
1.2.3
+
1e-
-
+
++1
--2
e10
1ee2
1.2.3
1e-
1.2.3
1.2.3
abc
-
-
1.2.3
1e
e10
000.e
1e+
0e
1e-
1e+
--2
e10
1ee2
abc
000.e
0e
1e+
1e
e10
-
.
1ee2
++1
-
e10
+
1.2.3
--2
1e
++1
-
1e
--2
1e-
1ee2
e10
000.e
1ee2
abc
-
0e
0e
1e+
-
0e
1e
0e
1e-
000.e
1e
0e
-
++1
.
1ee2
1e
+
e10
e10
abc
000.e
++1
000.e
++1
0e
0e
abc
1e
000.e
-
+
0e
abc
.
+
0e
0e
1ee2
1e-
1e
++1
.
1ee2
000.e
0e
-
e10
1e-
++1
abc
--2
--2
1e+
1ee2
e10
+
1ee2
abc
0e
.
1.2.3
1ee2
--2
+
1e
.
+
abc
1e+
abc
1.2.3
0e
e10
1e
--2
000.e
1.2.3
.
1e+
000.e
--2
e10
+
--2
.
0e
1e-
abc
1e
--2
.
1e-
1.2.3
-
.
++1
000.e
--2
-
.
.
+
1e+
++1
1.2.3
e10
1e-
0e
e10
1e
1ee2
1ee2
1.2.3
.
1e+
1.2.3
1e
abc
1e
e10
-
++1
1e
1e
1ee2
-
e10
1e+
-
++1
000.e
-
1.2.3
--2
1e-
1ee2
abc
1e-
+
.
-
000.e
+
1ee2
++1
1e
1e
1ee2
.
000.e
--2
1.2.3
abc
+
--2
000.e
+
--2
abc
e10
+
+
++1
-
++1
e10
000.e
--2
--2
1ee2
.
e10
000.e
e10
1e
1e
-
--2
1e-
++1
abc
000.e
--2
1e-
abc
-
.
e10
e10
000.e
.
1e+
000.e
1ee2
abc
e10
.
1ee2
abc
++1
-
0e
--2
1.2.3
000.e
1.2.3
++1
1e+
1e-
+
000.e
0e
1e+
.
+
.
-
0e
+
1e+
000.e
1e
1e+
abc
1ee2
+
++1
1e
-
+
1e-
+
1e
--2
e10
-
0e
1e-
1e-
abc
.
+
1.2.3
1e+
+
1e-
1e+
e10
0e
1ee2
000.e
-
abc
1e-
0e
++1
1e
000.e
000.e
e10
--2
1.2.3
--2
1.2.3
000.e
abc
000.e
0e
1e-
abc
1ee2
.
0e
--2
1e-
1e+
1e+
-
+
1e-
-
-
1.2.3
1e
1e+
000.e
abc
1ee2
0e
1.2.3
000.e
000.e
+
000.e
0e
.
--2
+
1e
abc
e10
++1
-
1ee2
1e
.
--2
1ee2
++1
++1
1e+
e10
1e+
-
1.2.3
.
1e+
--2
.
1.2.3
--2
1.2.3
e10
0e
1e
.
.
1e
1ee2
1.2.3
abc
e10
1e
1ee2
-
e10
0e
1ee2
++1
1.2.3
--2
abc
1e
++1
++1
e10
e10
.
000.e
1e+
1e
--2
0e
1e-
+
0e
abc
.
+
-
1.2.3
+
1e
+
1ee2
1ee2
000.e
1.2.3
1.2.3
0e
e10
.
-
abc
e10
--2
1.2.3
000.e
.
000.e
000.e
.
+
000.e
1.2.3
1.2.3
--2
1ee2
1.2.3
-
1e-
++1
000.e
+
1e+
e10
+
+
--2
1e+
+
++1
-
0e
0e
-
e10
++1
000.e
1e
1e+
1e
--2
1.2.3
e10
0e
++1
1e
1ee2
--2
1e+
0e
abc
1e-
1ee2
+
1ee2
+
.
1e-
-
1ee2
abc
1e+
000.e
1ee2
1e+
1e-
++1
1e-
000.e
0e
e10
+
.
e10
1e+
1.2.3
--2
.
e10
1e+
1e-
e10
1ee2
-
+
++1
+
e10
1e+
000.e
e10
1e-
1e-
1ee2
e10
1.2.3
1e
-
abc
1e
1e+
1e-
000.e
abc
1e
1e
.
1ee2
--2
abc
1e-
+
1e
e10
.
1e
.
000.e
+
1ee2
000.e
+
1e
e10
1ee2
--2
.
+
1e+
e10
1e
0e
abc
--2
--2
1e
.
1ee2
1e-
1ee2
abc
1ee2
.
abc
--2
1e+
-
+
e10
+
.
1e+
1e+
1.2.3
++1
1ee2
++1
++1
000.e
1ee2
0e
-
abc
--2
-
0e
1ee2
1ee2
0e
1e
000.e
+
++1
.
-
abc
--2
000.e
++1
0e
+
--2
-
++1
e10
0e
0e
abc
++1
abc
+
000.e
++1
abc
+
0e
+
.
1ee2
.
0e
.
1e
--2
e10
000.e
1ee2
-
1ee2
000.e
.
1e
1e-
-
-
+
0e
e10
++1
1ee2
1e
+
1ee2
e10
e10
1e
--2
1.2.3
1.2.3
+
0e
1ee2
1.2.3
+
1e+
+
e10
.
000.e
++1
1e-
++1
.
0e
000.e
+
--2
e10
0e
1ee2
++1
1e
1ee2
000.e
1e
1e-
1ee2
1e
1ee2
0e
+
-
1e-
.
1ee2
.
1e+
1e+
--2
000.e
1e-
--2
+
abc
000.e
1.2.3
+
.
1ee2
e10
1e
.
1e-
000.e
1e-
.
--2
--2
1ee2
++1
e10
0e
.
1.2.3
0e
--2
-
1ee2
1.2.3
1.2.3
1e-
1e+
1e
1ee2
-
++1
++1
1.2.3
000.e
+
1ee2
++1
1ee2
e10
1.2.3
1.2.3
++1
e10
abc
1e-
--2
e10
--2
1e
1e+
000.e
e10
-
1e+
1e-
1.2.3
+
1ee2
e10
e10
abc
-
1ee2
0e
1ee2
-
1e
.
++1
+
++1
.
.
.
1e-
-
1e
000.e
--2
-
1e
0e
e10
-
-
abc
--2
1e+
.
0e
1ee2
e10
000.e
1ee2
000.e
.
e10
000.e
--2
1ee2
0e
e10
abc
++1
--2
+
1ee2
1e
-
0e
000.e
+
000.e
.
1e+
1ee2
+
--2
++1
000.e
+
1ee2
abc
1.2.3
000.e
000.e
--2
e10
abc
1ee2
.
.
1e
1e+
1e-
000.e
1e+
1e+
1.2.3
000.e
+
--2
1e+
+
e10
000.e
1e
1e
.
abc
e10
abc
++1
.
e10
000.e
--2
000.e
0e
abc
0e
1e+
1e+
1e+
000.e
+
e10
abc
1e
.
1ee2
abc
e10
1e
000.e
1e+
1e+
1e-
0e
1ee2
1e-
000.e
+
1.2.3
abc
1e
.
1ee2
1e+
1e+
1e+
.
abc
abc
000.e
++1
-
1e
--2
1e-
1.2.3
--2
1e
.
.
.
+
++1
1.2.3
e10
1.2.3
++1
--2
1e+
000.e
+
abc
e10
--2
.
1e-
--2
1e+
1e
-
.
abc
+
1e
++1
0e
++1
e10
abc
+
1e+
--2
000.e
1.2.3
+
++1
1e+
1.2.3
000.e
abc
+
1ee2
+
abc
0e
1e+
abc
1.2.3
1e+
--2
1e-
1.2.3
+
+
abc
--2
000.e
abc
1ee2
1e+
.
1e-
abc
e10
+
+
+
e10
1e+
1.2.3
1e
-
1e
000.e
++1
1e+
1e
.
++1
-
e10
.
.
++1
-
1.2.3
1e-
000.e
--2
e10
++1
000.e
1e-
-
e10
0e
1e-
1e
1.2.3
--2
1.2.3
.
++1
1ee2
-
-
000.e
1e
0e
1e+
abc
e10
-
++1
abc
e10
++1
1ee2
1e+
1e-
e10
+
1.2.3
.
1.2.3
1.2.3
abc
1e
1e-
++1
abc
1.2.3
000.e
1ee2
1ee2
1ee2
--2
1e
000.e
.
abc
++1
000.e
1ee2
++1
1e+
1.2.3
+
1e+
--2
e10
++1
e10
--2
1e
0e
.
+
--2
-
.
000.e
1e-
0e
0e
abc
0e
1e
000.e
e10
--2
--2
e10
--2
++1
abc
1e+
--2
.
.
1ee2
1.2.3
.
++1
1ee2
--2
1e-
e10
-
1ee2
1ee2
1e-
000.e
.
e10
abc
0e
abc
000.e
000.e
+
+
abc
e10
.
abc
1e+
++1
.
000.e
1e-
000.e
.
-
++1
.
1e-
1.2.3
1e-
abc
e10
000.e
0e
1.2.3
--2
+
1ee2
--2
1ee2
++1
-
+
-
--2
+
1e-
--2
0e
1e+
abc
1e-
1e
1e-
1e-
1e
1.2.3
.
.
abc
1e
-
0e
abc
-
++1
+
e10
0e
1e+
1e-
1e
1.2.3
+
+
++1
+
.
0e
1ee2
1e
1e
1ee2
e10
.
-
1e
.
+
000.e
1.2.3
-
--2
1e-
1e-
1.2.3
000.e
0e
--2
e10
-
1e
0e
1.2.3
++1
--2
abc
1.2.3
1ee2
1e-
1e
1e
--2
+
++1
+
abc
000.e
1.2.3
000.e
+
1e-
+
--2
1.2.3
++1
0e
--2
e10
++1
.
-
1e+
-
+
e10
0e
+
1e+
abc
.
-
1.2.3
+
-
0e
1e+
+
e10
abc
-
000.e
1e-
1e+
e10
e10
1e+
+
-
+
1e+
0e
1.2.3
.
.
0e
++1
1e+
-
1.2.3
abc
1ee2
000.e
-
1e-
1e
000.e
abc
1ee2
e10
1e
1e-
000.e
abc
-
000.e
-
1e+
.
+
+
e10
000.e
-
+
--2
0e
e10
1.2.3
-
1.2.3
0e
1e+
0e
000.e
.
--2
1e+
000.e
1e+
1.2.3
e10
1e-
1ee2
--2
++1
1ee2
e10
+
++1
--2
.
abc
abc
1.2.3
--2
e10
.
e10
abc
1e
0e
1ee2
1ee2
0e
000.e
000.e
-
0e
++1
+
abc
1.2.3
000.e
0e
++1
1ee2
1e-
1e
e10
abc
.
1e+
000.e
1e
0e
1e
abc
1e+
1.2.3
.
1.2.3
+
--2
1ee2
1e+
1ee2
-
++1
1e+
+
.
+
1e
1e+
+
0e
abc
.
+
--2
.
1e
1e+
+
abc
0e
1e+
++1
1.2.3
1e-
000.e
--2
.
1e
abc
-
1.2.3
1e
0e
+
1ee2
0e
+
1ee2
e10
--2
1e-
+
1e-
.
abc
1e-
--2
1ee2
+
abc
000.e
1.2.3
e10
-
1.2.3
0e
1e
1ee2
.
abc
e10
1ee2
++1
--2
1.2.3
-
1.2.3
--2
1ee2
--2
0e
000.e
1e-
++1
-
abc
++1
.
+
abc
--2
0e
++1
0e
+
++1
1e+
1e+
1e
1e+
1e+
.
1ee2
1e-
-
abc
1e
-
abc
1e+
0e
1e-
++1
.
++1
abc
++1
1.2.3
-
1e+
+
1e-
--2
1e+
e10
--2
1e+
++1
++1
1e+
e10
++1
--2
-
e10
1ee2
0e
000.e
abc
e10
--2
abc
.
++1
1e
.
+
e10
abc
--2
1e+
--2
-
1e
+
abc
+
abc
--2
1.2.3
.
abc
1e+
000.e
1e-
+
1e
1e
+
0e
1e-
.
1ee2
000.e
000.e
1.2.3
0e
1e+
++1
1ee2
000.e
0e
1e
1e
+
1e-
1e-
1e+
000.e
++1
1e
1e-
e10
1e-
1ee2
1.2.3
e10
--2
000.e
++1
-
abc
--2
1.2.3
0e
.
++1
abc
--2
0e
1e-
1ee2
--2
1ee2
e10
.
000.e
--2
++1
+
1.2.3
1e-
abc
1.2.3
++1
0e
+
1e+
abc
e10
0e
1e-
000.e
++1
--2
+
0e
0e
1.2.3
1.2.3
-
000.e
++1
1e-
e10
1e-
000.e
1e
+
e10
1ee2
--2
.
e10
000.e
1e
.
+
0e
.
e10
0e
000.e
-
++1
++1
.
-
1e-
000.e
0e
000.e
++1
--2
--2
1e
e10
.
+
--2
1e
e10
--2
1e-
++1
-
+
1e
000.e
1ee2
1e
--2
1ee2
1ee2
-
1e+
--2
abc
++1
e10
--2
1.2.3
1e
abc
+
e10
+
e10
abc
abc
000.e
abc
-
-
1.2.3
1e-
1ee2
abc
--2
1ee2
0e
1e+
--2
++1
abc
+
e10
1e+
--2
0e
++1
e10
+
1e-
-
++1
1ee2
0e
1e+
000.e
.
++1
1e
1e-
+
1.2.3
--2
e10
0e
000.e
1e-
1e+
-
1.2.3
0e
1e
e10
1ee2
1.2.3
e10
1e+
1e-
abc
e10
-
+
e10
1ee2
1ee2
000.e
1ee2
0e
1.2.3
1e+
0e
e10
+
-
1e
1e-
1ee2
--2
e10
e10
e10
--2
e10
1.2.3
abc
1e+
1.2.3
abc
000.e
abc
e10
1.2.3
-
0e
abc
.
.
1e+
+
1e+
1.2.3
1e-
+
.
1e
abc
-
1e
1ee2
1e+
-
1e+
1e-
-
1e
+
1e-
-
abc
0e
1e+
--2
1e+
e10
++1
000.e
-
0e
++1
000.e
1ee2
e10
1.2.3
1e
.
0e
-
++1
-
000.e
1e-
--2
+
++1
--2
++1
e10
+
abc
--2
1e-
1ee2
+
0e
-
--2
-
1e
e10
1.2.3
1e-
++1
--2
+
000.e
1ee2
.
++1
000.e
0e
0e
.
1e
1e-
0e
1ee2
++1
abc
e10
abc
1e
+
1e-
1e-
+
--2
1e-
-
1.2.3
--2
abc
1e+
000.e
0e
000.e
abc
1e+
1.2.3
1ee2
000.e
000.e
1ee2
--2
e10
1ee2
++1
--2
e10
++1
abc
000.e
+
000.e
1e-
0e
-
.
e10
1e-
1e
+
++1
1e+
1e
++1
.
1e+
abc
1e-
1e-
000.e
000.e
1e
e10
0e
.
--2
e10
1e-
-
abc
--2
-
--2
0e
0e
1ee2
+
0e
e10
++1
1e-
abc
1.2.3
e10
1.2.3
1e+
e10
1ee2
-
+
.
0e
+
++1
0e
+
--2
1.2.3
-
0e
-
e10
++1
0e
+
-
--2
+
1.2.3
-
abc
1e
.
--2
abc
1ee2
1e-
1e-
1e
.
1e-
1e-
++1
++1
000.e
+
++1
1e
++1
0e
--2
abc
abc
1e+
.
.
e10
1e-
1e-
1ee2
1ee2
--2
1e-
1ee2
abc
1e+
abc
1ee2
1e
1e
abc
0e
0e
000.e
0e
--2
--2
1.2.3
--2
1e-
e10
+
++1
--2
.
++1
abc
e10
000.e
+
0e
--2
+
abc
abc
-
++1
+
000.e
1.2.3
e10
e10
1ee2
1ee2
000.e
.
1e
++1
--2
0e
1ee2
+
1e
1e-
-
0e
000.e
e10
1e-
1e+
000.e
000.e
+
0e
000.e
1e+
++1
++1
-
1ee2
.
--2
1ee2
1e-
abc
e10
+
0e
++1
1e+
1.2.3
--2
1e+
1e-
--2
1.2.3
1e+
000.e
1e-
1e+
1e
1e
abc
1e
--2
.
0e
.
0e
e10
1e+
1e+
e10
.
1ee2
-
abc
1e+
000.e
1.2.3
+
1e
-
-
1ee2
--2
0e
1ee2
.
e10
abc
abc
++1
000.e
1ee2
000.e
1e+
abc
abc
.
0e
.
abc
abc
.
+
1e-
1e+
1e
e10
--2
1e-
1e-
--2
e10
1e
1e-
1.2.3
-
1e-
1e+
1ee2
+
+
-
1e+
+
000.e
--2
1e-
1.2.3
e10
+
++1
-
abc
++1
.
1ee2
++1
000.e
abc
1ee2
1.2.3
1e-
000.e
1ee2
0e
.
1e-
--2
e10
-
1.2.3
1e-
-
abc
0e
+
1.2.3
-
1ee2
abc
e10
1e+
abc
.
+
0e
--2
1e+
e10
e10
abc
-
0e
+
0e
1e
abc
-
000.e
1e
1e-
--2
1e-
+
1ee2
1ee2
e10
1e+
1ee2
--2
1e-
.
1ee2
e10
1e+
.
e10
--2
e10
1e+
abc
1e-
++1
-
1e+
1.2.3
abc
1e+
0e
+
.
e10
--2
1e-
000.e
--2
0e
+
1ee2
abc
e10
--2
0e
--2
.
+
1e+
000.e
1e
1ee2
abc
e10
1e+
-
1e-
1e+
1.2.3
.
1.2.3
1e+
e10
1e
+
abc
1ee2
1e+
1ee2
1e
abc
1ee2
.
+
1e+
000.e
1e
1e
abc
--2
abc
--2
abc
.
--2
1ee2
e10
1e+
1e+
1e
e10
+
0e
--2
000.e
1e-
1e+
abc
000.e
1e-
1e
1ee2
1ee2
--2
++1
++1
--2
1.2.3
+
000.e
000.e
0e
++1
++1
000.e
0e
abc
e10
+
1ee2
.
1e
-
0e
1.2.3
1e+
000.e
000.e
000.e
1ee2
000.e
-
-
e10
1.2.3
000.e
1e+
000.e
e10
abc
1ee2
-
++1
0e
0e
abc
-
0e
-
+
1e
.
e10
1e
0e
1e+
abc
+
--2
+
1ee2
1e-
1e+
--2
000.e
e10
000.e
1e
--2
1ee2
e10
1e
e10
++1
1e-
++1
1e+
1e-
++1
++1
.
1.2.3
.
1e
e10
+
1e
-
1ee2
0e
abc
++1
1ee2
0e
000.e
1e
e10
1ee2
000.e
--2
0e
e10
-
0e
--2
1e+
1e+
++1
1ee2
1e-
.
.
.
e10
e10
000.e
--2
++1
1ee2
1.2.3
000.e
-
+
-
0e
1e
0e
1ee2
1e
1e-
1e-
1.2.3
0e
e10
1.2.3
++1
++1
0e
1e-
1e+
1.2.3
1ee2
000.e
abc
1e+
--2
0e
1.2.3
0e
000.e
--2
.
+
0e
.
.
1e
1e-
1e-
+
1e
000.e
000.e
-
000.e
.
+
abc
--2
000.e
--2
1e+
000.e
1e
--2
++1
1e-
1ee2
1e+
0e
1e-
1e+
--2
000.e
e10
--2
1e-
++1
1ee2
1e+
1e-
+
1ee2
1ee2
-
1.2.3
1e+
0e
1e+
e10
1.2.3
0e
--2
000.e
.
1e-
1e
++1
--2
--2
0e
1e-
1e+
1e+
0e
e10
e10
--2
1ee2
1e
000.e
++1
abc
+
1e+
--2
000.e
1e-
-
1.2.3
.
-
1.2.3
++1
++1
000.e
--2
1e+
.
1e+
1e+
1e+
1e-
e10
.
1e-
1.2.3
-
+
++1
1e
0e
e10
++1
1e
000.e
000.e
000.e
--2
0e
1ee2
1ee2
-
++1
.
abc
-
abc
++1
e10
1e-
--2
-
++1
abc
1e-
++1
1e
1e-
0e
1ee2
1e-
--2
000.e
abc
.
+
abc
0e
1ee2
000.e
000.e
e10
0e
1.2.3
0e
.
1.2.3
1.2.3
--2
1e
.
1.2.3
1e
abc
++1
000.e
e10
1.2.3
-
++1
1ee2
1.2.3
1e
e10
1e
1e+
.
++1
1e-
++1
abc
000.e
++1
0e
1e
1e
0e
1ee2
1e-
abc
.
1e
1.2.3
1e-
-
1e+
++1
abc
1e+
+
1.2.3
.
1e-
1e+
0e
1e
000.e
0e
1ee2
e10
--2
abc
000.e
1.2.3
e10
1.2.3
000.e
e10
000.e
0e
-
1e-
--2
++1
1ee2
0e
e10
e10
+
1ee2
abc
.
+
1ee2
abc
-
1e-
abc
+
1e
+
--2
0e
-
1e-
1e-
1.2.3
000.e
++1
e10
--2
1e-
1e-
abc
+
1e
++1
++1
1e-
-
1e
-
.
e10
+
++1
--2
.
1e-
.
-
1ee2
+
-
1.2.3
0e
--2
1ee2
1e-
1e
1e
1ee2
++1
+
+
0e
1e-
1e
000.e
1e-
1e
1.2.3
-
.
1ee2
abc
1e
0e
0e
000.e
0e
abc
+
+
+
0e
+
1e-
-
0e
-
1e
1e-
1e+
1e
abc
-
+
1ee2
0e
e10
+
abc
e10
1e+
e10
000.e
1e+
0e
--2
000.e
e10
e10
abc
-
1ee2
abc
--2
.
1.2.3
++1
1.2.3
+
0e
000.e
e10
1.2.3
--2
--2
1e-
1e
+
e10
000.e
1.2.3
--2
+
1e-
.
1e-
.
1e
1ee2
--2
--2
.
1e-
e10
1ee2
1ee2
--2
.
1.2.3
+
1e
-
1ee2
1ee2
--2
+
0e
abc
++1
-
1ee2
.
.
++1
.
1e+
++1
000.e
--2
abc
++1
abc
1e
1e-
1ee2
++1
abc
.
0e
1e
000.e
-
-
e10
1e+
-
abc
.
.
1.2.3
1e+
--2
000.e
1.2.3
+
-
+
0e
abc
1e-
1ee2
+
--2
+
++1
1e
e10
1e
1.2.3
1e+
1e
1e
1e-
1e-
1e
++1
1e+
--2
.
-
.
0e
++1
1ee2
1e-
1.2.3
1e-
--2
0e
0e
++1
1e+
--2
-
.
e10
.
1e
.
++1
++1
--2
1e-
1e+
0e
000.e
e10
1e
e10
abc
e10
++1
++1
++1
+
++1
abc
1e+
--2
1e+
abc
1.2.3
++1
.
e10
1e+
++1
0e
+
abc
1e+
+
1.2.3
000.e
1e+
1.2.3
1e
000.e
-
--2
1e+
-
--2
abc
++1
--2
1.2.3
++1
1ee2
1e-
--2
e10
1ee2
0e
1.2.3
1e-
0e
--2
1.2.3
-
0e
--2
+
1e-
abc
1ee2
1e-
-
1.2.3
1e+
1ee2
+
-
-
e10
--2
abc
1ee2
000.e
e10
000.e
1.2.3
abc
e10
+
000.e
abc
1e-
++1
--2
--2
++1
.
000.e
1ee2
+
1.2.3
1e
1e+
++1
000.e
000.e
0e
1.2.3
0e
+
000.e
1e-
abc
-
1e-
0e
abc
1e+
1e
-
e10
1e
++1
++1
.
0e
--2
1e
1e-
1e
.
abc
0e
1e
000.e
abc
000.e
.
0e
abc
++1
1e+
1e-
e10
e10
0e
.
+
++1
++1
1e-
+
1e+
.
-
e10
.
1e+
+
abc
++1
000.e
1e+
abc
1ee2
.
0e
abc
1.2.3
1ee2
0e
000.e
abc
--2
1.2.3
1ee2
--2
1e-
1.2.3
1e-
abc
1e
0e
1ee2
1.2.3
.
1e+
-
1ee2
1ee2
e10
--2
+
e10
+
000.e
+
++1
1e+
0e
e10
++1
0e
1e-
.
1e
1e-
+
--2
-
1ee2
0e
0e
-
++1
0e
-
1ee2
--2
.
1ee2
1e
000.e
000.e
+
+
++1
000.e
--2
+
--2
abc
.
+
.
1e
e10
++1
000.e
.
+
0e
-
e10
1ee2
000.e
000.e
1e-
--2
e10
000.e
000.e
1e-
000.e
--2
1e-
1e-
1.2.3
1.2.3
1e+
abc
e10
+
1e
++1
++1
abc
++1
-
1.2.3
.
1e-
abc
1e-
e10
--2
1.2.3
1e
--2
1.2.3
1e
+
++1
.
1e-
1e-
1e-
1ee2
1ee2
--2
e10
+
1e-
1e-
e10
+
1.2.3
-
.
1e+
1e
--2
1e+
e10
+
1e+
e10
e10
--2
++1
++1
1ee2
1e+
1ee2
--2
1.2.3
0e
++1
1e+
1e-
abc
1e-
--2
+
e10
1e-
-
1e-
0e
.
+
1.2.3
1.2.3
1e
abc
+
1e-
1.2.3
abc
1ee2
1ee2
e10
--2
1e-
-
1.2.3
-
--2
0e
1e-
+
1.2.3
abc
-
++1
1e+
1e-
000.e
1ee2
1e-
+
--2
0e
-
1e+
1e+
-
1e-
0e
1e
1e
0e
1e+
-
+
1e+
1ee2
abc
1.2.3
abc
1ee2
e10
1e+
.
--2
1e
0e
e10
+
1e
000.e
1ee2
.
1.2.3
.
000.e
1ee2
-
000.e
1e+
abc
1ee2
1e
++1
1ee2
000.e
1e+
++1
1.2.3
++1
000.e
++1
1.2.3
.
1.2.3
abc
abc
e10
0e
1e-
--2
+
e10
1e+
1e+
000.e
--2
-
0e
e10
-
.
000.e
++1
1e-
000.e
000.e
1ee2
1e
1.2.3
1e+
0e
1e
.
-
++1
-
1e+
++1
++1
1.2.3
--2
-
abc
1e
++1
1e-
++1
abc
1e-
--2
e10
1e+
1e-
--2
--2
1e
-
1.2.3
1.2.3
.
-
-
1e-
e10
0e
1e+
1e-
e10
abc
1e-
1e
1.2.3
1e-
1.2.3
1e+
++1
1.2.3
abc
1ee2
-
1e+
000.e
1ee2
1e-
1e
1e+
1e+
1e
0e
--2
000.e
1e
+
-
.
abc
--2
1e
e10
e10
000.e
0e
-
1.2.3
1e+
1e+
abc
0e
1e
1e+
1e+
++1
1e+
-
abc
1e
++1
1e-
000.e
--2
.
1e+
--2
000.e
1e+
abc
++1
abc
000.e
abc
1.2.3
000.e
0e
abc
1e
-
e10
1e+
1.2.3
e10
1e
0e
-
abc
1.2.3
0e
0e
++1
abc
.
++1
e10
1.2.3
e10
000.e
1.2.3
0e
.
.
abc
abc
abc
+
000.e
e10
1e+
++1
0e
-
.
+
e10
++1
abc
1e-
--2
1.2.3
1e+
-
1.2.3
+
-
++1
--2
e10
1ee2
abc
1e
-
1e
1e
e10
1e-
1e
-
e10
++1
1e-
abc
abc
000.e
abc
-
1ee2
000.e
1e
1ee2
.
0e
++1
abc
-
1.2.3
+
1ee2
1ee2
000.e
++1
.
1ee2
++1
++1
1e
++1
000.e
1e+
-
1e
1.2.3
--2
1e-
+
+
1e
1e+
abc
+
e10
abc
1e
1e+
1ee2
++1
++1
-
e10
1e-
1e+
1.2.3
1e+
000.e
1e
1e-
1ee2
.
1e+
000.e
1e-
1e+
-
-
1e
1.2.3
+
.
1e+
--2
--2
abc
1.2.3
1e-
--2
000.e
1e
1e+
1e+
-
1e
0e
1.2.3
1e-
+
-
000.e
1.2.3
++1
e10
++1
++1
1e-
1e+
1e
abc
000.e
-
1e-
-
000.e
.
.
1.2.3
.
1e-
0e
.
1e+
+
--2
+
-
1e
-
000.e
++1
+
--2
1e
000.e
1e-
e10
-
1e
1ee2
0e
++1
abc
1e+
abc
000.e
0e
-
1e+
1e
++1
1e
1e+
000.e
1e-
1e-
+
+
000.e
000.e
1e+
1.2.3
1e-
-
1.2.3
+
1e-
++1
-
1.2.3
1e
1e-
0e
1.2.3
1e-
1e
++1
1.2.3
1ee2
-
1e+
1ee2
++1
abc
1.2.3
-
+
abc
1e+
1e-
++1
.
0e
1e-
1e+
1e
--2
e10
1e+
e10
1ee2
1.2.3
1e+
1e
0e
0e
+
+
1.2.3
.
+
1e-
e10
1e
.
-
-
++1
1e
1e
-
++1
-
000.e
1e
--2
1e
1ee2
++1
000.e
e10
000.e
0e
e10
--2
1e
++1
000.e
+
1e+
1ee2
1e-
1e-
1ee2
e10
--2
-
abc
e10
1e
.
1.2.3
--2
1e+
000.e
-
abc
1e+
1ee2
+
+
1e+
.
1ee2
+
1.2.3
+
1e+
abc
++1
--2
1e-
1ee2
--2
1e
1.2.3
--2
+
1e
++1
1ee2
--2
.
1e+
e10
1ee2
-
-
--2
1e
--2
0e
1e
1e-
e10
1e
.
1ee2
+
abc
1.2.3
1e+
1e+
++1
1e-
abc
0e
-
1e
1e
1e
++1
1e
-
000.e
--2
abc
--2
1e-
e10
abc
+
++1
1e-
1e
+
1e
000.e
e10
1e
1ee2
abc
+
e10
0e
1.2.3
1e
++1
abc
1e+
1.2.3
1e+
--2
.
abc
-
.
+
++1
1ee2
000.e
++1
++1
-
1e-
e10
e10
000.e
+
0e
+
--2
1e
1e+
abc
1ee2
-
.
e10
1e
0e
+
1e+
abc
1e+
.
--2
-
1e+
0e
000.e
1ee2
--2
-
000.e
.
1e
000.e
1e
000.e
1.2.3
abc
1e-
-
1e-
0e
--2
1ee2
0e
0e
1e-
1e
abc
1e
1e+
1e+
1e-
e10
-
1e+
--2
++1
-
1e-
1ee2
0e
1e+
++1
.
-
.
0e
1e-
1.2.3
1e+
.
1e+
--2
1e-
+
--2
abc
.
1e
1e+
+
e10
1e
0e
+
e10
++1
--2
0e
--2
1e+
e10
.
abc
1e-
000.e
0e
--2
1ee2
abc
.
000.e
abc
1e-
1e-
0e
1e-
1e
1.2.3
-
1e+
1.2.3
.
+
1e+
--2
1e
abc
abc
1ee2
-
1ee2
+
1ee2
0e
1ee2
1e-
--2
1e
++1
-
.
1e-
0e
1e
0e
1e-
abc
1ee2
1.2.3
1e-
1ee2
++1
--2
.
000.e
abc
abc
1.2.3
+
-
1.2.3
1e+
e10
-
1e+
-
abc
1e+
1ee2
-
-
++1
--2
0e
1.2.3
1e
--2
1e-
abc
-
1e
abc
e10
1e-
1.2.3
000.e
1e+
-
0e
++1
++1
1e+
1e
1ee2
000.e
000.e
0e
++1
e10
-
1e
1ee2
1ee2
1e-
0e
1e
1ee2
1e+
1e-
1e+
-
1e-
--2
-
e10
1ee2
++1
.
1e-
e10
--2
abc
1e
++1
+
++1
e10
e10
000.e
+
+
0e
.
1e+
1ee2
000.e
000.e
--2
1e
1e
1ee2
++1
1.2.3
000.e
--2
abc
1.2.3
000.e
1e+
1ee2
0e
e10
abc
1.2.3
e10
abc
-
--2
1e+
1e+
1e-
000.e
++1
++1
1ee2
.
+
000.e
-
+
000.e
++1
+
1e+
--2
1.2.3
-
e10
-
0e
--2
-
abc
abc
000.e
000.e
0e
e10
e10
abc
--2
e10
.
1e+
.
abc
-
abc
-
000.e
1.2.3
0e
1e
1ee2
+
.
-
1e
1e
1e
1e+
.
1.2.3
1e+
e10
1e-
++1
000.e
1ee2
abc
1.2.3
000.e
1ee2
1e-
1ee2
1ee2
+
-
000.e
-
1.2.3
e10
1e+
abc
abc
1e+
e10
.
000.e
1e+
1e-
0e
-
1e+
abc
0e
+
1e
--2
.
1e+
1e+
000.e
+
+
.
000.e
-
1ee2
000.e
0e
.
1e
0e
.
+
--2
--2
e10
0e
1ee2
.
0e
000.e
1e-
e10
abc
+
e10
--2
1.2.3
0e
-
1.2.3
abc
abc
.
1e
+
--2
-
e10
1e
1ee2
++1
1.2.3
0e
1ee2
1e-
e10
1e-
-
++1
++1
1ee2
-
0e
++1
--2
1ee2
1.2.3
.
000.e
+
e10
+
1e-
1e+
.
1e-
--2
-
-
1ee2
++1
--2
1.2.3
abc
1.2.3
++1
--2
--2
abc
1.2.3
e10
--2
e10
1e+
+
.
1e+
-
1.2.3
--2
-
1.2.3
e10
0e
1e-
1.2.3
1e
0e
++1
e10
1e-
abc
1ee2
+
1e-
++1
1e
.
++1
1e+
++1
1e
e10
++1
.
1e
1.2.3
abc
000.e
--2
e10
.
0e
--2
000.e
abc
1e
000.e
1e+
+
-
1.2.3
1e+
.
abc
1ee2
++1
.
1.2.3
1e
++1
++1
+
abc
abc
-
000.e
++1
e10
-
abc
1.2.3
1e-
++1
1e-
000.e
1ee2
1e
000.e
--2
abc
1e-
0e
-
1e
1ee2
e10
.
000.e
.
000.e
--2
000.e
1ee2
e10
1ee2
000.e
1e-
+
1e
.
-
1ee2
000.e
1.2.3
1ee2
.
1e-
++1
++1
1ee2
.
000.e
e10
+
1.2.3
abc
e10
-
1e+
++1
abc
1e
1e+
0e
1.2.3
1e+
.
1.2.3
e10
+
1ee2
e10
++1
abc
.
-
1ee2
++1
--2
++1
0e
1e-
1e
e10
1e
000.e
1e+
1e+
1e+
000.e
1ee2
abc
++1
1e+
1e
+
000.e
++1
.
e10
--2
e10
--2
++1
++1
1ee2
0e
1.2.3
1e
1e+
0e
.
1e+
1e+
--2
1e-
1.2.3
1ee2
-
1e-
e10
++1
e10
0e
+
--2
++1
.
1.2.3
--2
1e-
e10
1e+
1ee2
-
1e+
1ee2
++1
1.2.3
++1
000.e
+
000.e
1e+
abc
1e-
1.2.3
abc
1e+
-
1e+
--2
+
1ee2
.
000.e
abc
--2
1e+
e10
--2
-
1e
--2
0e
.
0e
abc
--2
++1
1.2.3
-
++1
abc
-
1ee2
1.2.3
0e
.
1e-
++1
e10
e10
.
+
abc
abc
000.e
-
1.2.3
1e
1e-
++1
1ee2
+
1e
1e
0e
++1
e10
1e+
.
0e
1ee2
++1
1e+
1e-
++1
+
-
abc
-
000.e
1e-
abc
1ee2
1e
1ee2
+
++1
abc
--2
1e+
0e
000.e
--2
-
abc
e10
1e
+
1ee2
++1
000.e
1.2.3
.
--2
abc
++1
abc
1e+
000.e
+
++1
abc
000.e
e10
-
0e
--2
e10
e10
1.2.3
--2
1e+
+
e10
1e+
e10
-
++1
0e
1.2.3
++1
1ee2
0e
.
1e-
+
1e+
1.2.3
abc
++1
--2
0e
1ee2
--2
1ee2
--2
+
1.2.3
000.e
++1
000.e
1e-
1ee2
1ee2
0e
.
0e
e10
.
1e+
e10
0e
1e
++1
++1
++1
1ee2
1e
e10
.
++1
++1
-
0e
1e
-
abc
1e-
abc
0e
0e
.
1.2.3
1ee2
1e-
1.2.3
++1
000.e
.
e10
e10
-
-
1ee2
1.2.3
1.2.3
+
-
0e
0e
1ee2
.
-
1e
000.e
.
1.2.3
+
1e+
abc
1e
1e
abc
1e+
1.2.3
0e
1.2.3
abc
1e
1.2.3
1e+
-
abc
+
000.e
++1
.
.
1.2.3
++1
000.e
1e+
1.2.3
1e
-
000.e
.
1.2.3
1e-
1.2.3
e10
1e+
--2
.
abc
1.2.3
-
e10
e10
abc
++1
--2
1.2.3
++1
1e+
1e
1.2.3
.
-
1e+
1.2.3
abc
--2
-
abc
+
.
.
e10
.
1e
e10
000.e
000.e
--2
1e+
1ee2
e10
.
--2
1e-
-
++1
++1
e10
++1
+
1e-
1e
1.2.3
1e-
1.2.3
abc
0e
1ee2
0e
.
0e
1.2.3
1e
--2
--2
1e+
000.e
+
+
1e+
+
-
1e-
abc
1e-
++1
e10
1e
e10
abc
.
1e-
++1
--2
e10
--2
-
++1
1.2.3
+
000.e
1e+
e10
1ee2
1e+
1e-
0e
+
1e+
0e
abc
e10
1.2.3
1e+
abc
1e-
e10
1e+
000.e
000.e
0e
1e
++1
1e
.
e10
+
-
1.2.3
0e
1e+
1ee2
1.2.3
.
-
000.e
-
++1
1.2.3
abc
000.e
++1
--2
1e
1e
--2
1ee2
-
e10
e10
1.2.3
1.2.3
e10
.
1e
e10
0e
0e
.
.
1e
-
abc
abc
1e-
--2
abc
0e
000.e
1e-
1ee2
000.e
000.e
.
1.2.3
1e+
.
0e
1.2.3
++1
1.2.3
+
1e
e10
0e
.
0e
1e+
000.e
1.2.3
-
1ee2
0e
1e
1.2.3
000.e
1e+
1ee2
000.e
.
e10
++1
1e
-
1e-
1e
--2
-
1e-
000.e
+
1e+
1e+
.
000.e
1e-
abc
.
--2
-
1.2.3
e10
+
1.2.3
-
--2
.
-
000.e
1e+
.
+
1e
1e
.
+
1e
+
1ee2
--2
-
1e+
+
-
abc
+
+
0e
+
1e+
000.e
1e
abc
1.2.3
+
1e-
1.2.3
e10
0e
+
--2
-
1ee2
1e
0e
1e-
1e+
--2
000.e
abc
1e+
abc
1ee2
1e+
000.e
1ee2
-
-
--2
1.2.3
1ee2
1e-
e10
000.e
0e
000.e
1ee2
1e
000.e
0e
.
1.2.3
e10
--2
-
1e+
--2
1e+
--2
1.2.3
abc
-
--2
1e
1.2.3
++1
abc
--2
++1
1e-
--2
000.e
-
abc
+
1e-
0e
1e+
e10
++1
e10
000.e
abc
abc
1e+
--2
1ee2
1ee2
++1
000.e
000.e
+
000.e
++1
abc
--2
1ee2
1e+
000.e
++1
1e-
1.2.3
.
1.2.3
++1
e10
.
1ee2
1e-
1e
000.e
1e+
+
abc
++1
1.2.3
abc
abc
1.2.3
e10
0e
+
1e-
1e
1e+
1ee2
e10
--2
1.2.3
+
+
++1
++1
1ee2
abc
1e+
+
1e
-
1.2.3
1e-
1.2.3
1e
000.e
0e
0e
1.2.3
abc
-
abc
.
1ee2
.
1e
abc
+
+
1e
1e-
-
--2
0e
abc
000.e
+
-
e10
1e
.
.
1ee2
e10
.
.
-
+
+
+
1e+
1ee2
e10
000.e
0e
1.2.3
abc
1.2.3
++1
+
0e
0e
+
e10
e10
1.2.3
1e+
--2
1.2.3
--2
1e-
1e-
1e+
1e
++1
abc
abc
1e
1.2.3
000.e
000.e
1.2.3
-
1e
1e
1e-
.
e10
1.2.3
abc
1.2.3
+
1e
++1
1e+
1e+
000.e
-
1e-
1ee2
-
0e
1e+
0e
+
000.e
+
-
--2
e10
.
1e-
1e
1e+
0e
-
-
.
.
1e+
++1
1e
1.2.3
--2
-
1ee2
.
-
--2
1e
000.e
0e
0e
1e
-
1ee2
-
1ee2
+
1e+
abc
+
000.e
++1
000.e
1e+
e10
1ee2
1e-
000.e
+
1e+
1e
++1
1ee2
000.e
0e
+
e10
--2
1e
1e-
1e
.
1e+
1e-
abc
1e-
abc
0e
-
e10
+
--2
-
-
.
.
++1
+
1e+
--2
+
1e+
1e+
1e+
-
1.2.3
1.2.3
+
++1
.
1e-
1ee2
000.e
1e
1e
1e-
1e
e10
000.e
+
1.2.3
1e-
0e
000.e
1e
abc
++1
-
--2
1.2.3
1e-
1e-
+
+
1e-
--2
++1
++1
.
abc
+
000.e
+
+
--2
1ee2
+
1e-
000.e
e10
-
1e
++1
1e-
e10
1.2.3
+
000.e
1e-
abc
abc
++1
e10
++1
-
000.e
-
+
-
000.e
1e-
1e+
abc
000.e
abc
1e
1e
e10
abc
1e-
++1
1.2.3
--2
--2
-
1ee2
--2
--2
000.e
000.e
1e+
0e
1ee2
1e
++1
+
--2
++1
--2
--2
--2
1e
--2
1e
1e+
abc
abc
++1
1e-
1e-
0e
1e-
+
e10
abc
000.e
-
-
e10
1.2.3
--2
1.2.3
++1
++1
1e
1e+
-
--2
+
abc
1e-
1ee2
1.2.3
.
1e
.
.
1e
--2
1e-
+
0e
++1
e10
1e
000.e
0e
1e-
abc
+
++1
.
1ee2
--2
000.e
1ee2
000.e
1e-
abc
1e-
+
++1
1e+
--2
abc
+
1.2.3
1e+
1e+
1e-
++1
-
1e
abc
1e-
.
1e+
+
abc
.
+
++1
1ee2
--2
1ee2
-
abc
1e
abc
+
000.e
-
--2
++1
1ee2
1e
1e
+
-
000.e
000.e
abc
+
abc
1e
-
1e+
1e
.
1ee2
1ee2
1e-
+
1e-
--2
-
abc
1ee2
++1
++1
abc
0e
.
.
e10
e10
1.2.3
000.e
1e
e10
1e-
1e
1ee2
1e+
1.2.3
abc
000.e
0e
0e
1ee2
--2
.
1e+
1ee2
--2
abc
-
1e+
1ee2
.
1e-
abc
1e
000.e
1e+
1e
.
e10
0e
1.2.3
1.2.3
1.2.3
++1
1e+
e10
000.e
0e
1e+
.
abc
+
--2
abc
1ee2
1e+
0e
1e+
1e
000.e
1.2.3
++1
.
+
1e
1e
1.2.3
1ee2
000.e
--2
1e-
.
1ee2
1ee2
.
1.2.3
-
.
abc
1e-
abc
1ee2
++1
abc
abc
+
1e-
--2
0e
1e
1e-
000.e
-
1ee2
abc
-
++1
--2
+
000.e
1e
++1
1e+
1e
1.2.3
-
--2
.
1e
1ee2
1e+
1.2.3
+
+
1ee2
1e+
000.e
e10
--2
0e
1ee2
1e
000.e
++1
--2
1e
-
1e+
0e
-
1.2.3
1e
-
abc
1.2.3
+
1.2.3
.
1.2.3
+
0e
-
.
+
0e
1e
1ee2
0e
--2
1.2.3
-
--2
++1
abc
e10
.
+
abc
000.e
1.2.3
-
000.e
0e
e10
1e
e10
1ee2
-
0e
1.2.3
--2
1.2.3
000.e
1e-
abc
1ee2
abc
0e
1e-
0e
1ee2
1.2.3
000.e
abc
+
1ee2
0e
1e
e10
+
abc
abc
++1
1.2.3
--2
e10
1.2.3
1ee2
1ee2
+
.
1.2.3
+
--2
++1
e10
--2
-
0e
e10
--2
1e
--2
--2
1e+
1e
.
1.2.3
0e
1ee2
1e
abc
+
e10
-
1.2.3
.
1e
1ee2
-
-
--2
0e
++1
1ee2
0e
000.e
1e
1e-
.
e10
1.2.3
.
+
1e-
++1
000.e
abc
000.e
1e
0e
1.2.3
abc
1e
1e
1.2.3
++1
1.2.3
e10
+
.
000.e
1ee2
0e
-
--2
000.e
e10
e10
-
1e-
e10
1e
-
-
abc
+
1e+
++1
++1
abc
+
0e
1.2.3
1.2.3
0e
abc
+
e10
e10
1e-
000.e
0e
--2
1e+
+
000.e
abc
++1
1e
--2
000.e
--2
1e
0e
1e
+
1e
1.2.3
--2
1e+
1e+
++1
e10
1e+
++1
e10
1ee2
1e
abc
0e
++1
1ee2
--2
0e
1e+
.
000.e
1e-
-
1e+
1ee2
+
+
1.2.3
abc
+
+
000.e
1e+
+
--2
1e
000.e
-
1e+
++1
1e+
1ee2
0e
1e
--2
e10
0e
+
0e
1e-
--2
1ee2
1.2.3
abc
+
1ee2
000.e
000.e
e10
1.2.3
1ee2
e10
1e
1e+
e10
--2
1e
1e
1ee2
1e
abc
1e
--2
1.2.3
+
1e-
1e
.
1e-
1ee2
1.2.3
000.e
+
abc
abc
1e
1ee2
-
1e
000.e
1ee2
1ee2
1ee2
++1
0e
abc
-
+
-
--2
1e
-
-
1e-
-
++1
-
+
1ee2
abc
++1
-
1e-
-
--2
1e-
1e
1.2.3
1e+
000.e
1ee2
1e-
e10
abc
--2
0e
.
1e+
1e-
1e-
.
.
1.2.3
-
1ee2
++1
1ee2
-
1.2.3
--2
1ee2
000.e
0e
1e+
abc
1.2.3
1e+
++1
1e
1e-
--2
1e+
e10
.
--2
++1
e10
1e+
.
0e
abc
-
e10
1ee2
1e+
1e
000.e
+
000.e
000.e
--2
-
000.e
1e-
1e-
e10
+
1e
abc
++1
.
abc
000.e
-
0e
1.2.3
000.e
++1
0e
1e
--2
1.2.3
e10
1.2.3
1e
.
.
0e
+
000.e
1.2.3
1ee2
+
1e
1.2.3
1e-
1e-
++1
--2
abc
-
++1
1e-
1e
--2
1e
e10
abc
+
1ee2
+
++1
++1
--2
+
1e+
abc
1ee2
0e
++1
.
0e
1e+
0e
000.e
1e-
000.e
1e
++1
1e
1e-
++1
+
--2
abc
1e+
1.2.3
+
.
+
abc
e10
1e-
1e-
0e
000.e
+
+
000.e
--2
000.e
.
.
abc
1e
1.2.3
1ee2
000.e
0e
-
++1
1.2.3
.
1ee2
1e+
e10
--2
1.2.3
--2
abc
000.e
e10
.
-
.
1e-
1ee2
-
1ee2
1e+
0e
1.2.3
1e+
1.2.3
abc
.
.
--2
1e+
1e+
e10
--2
--2
+
+
++1
1ee2
+
--2
1.2.3
1e-
1ee2
1e-
1.2.3
-
000.e
1ee2
.
1e+
abc
-
e10
--2
.
-
1e-
1ee2
+
1.2.3
abc
1e+
++1
.
abc
1.2.3
1ee2
1ee2
-
abc
1e
++1
--2
0e
1e
+
+
-
1e+
e10
abc
1.2.3
000.e
--2
1ee2
+
1e
1ee2
-
+
--2
1e+
++1
1e
++1
e10
++1
--2
--2
1ee2
+
--2
1ee2
e10
000.e
--2
1e+
1e
-
e10
1e
.
1.2.3
1e+
1e
.
1.2.3
+
-
.
1.2.3
000.e
1ee2
abc
++1
1ee2
1e-
--2
1.2.3
--2
++1
1e
-
000.e
1e-
000.e
1e+
--2
.
000.e
000.e
-
1ee2
-
1e
abc
1.2.3
.
++1
-
abc
1e+
.
000.e
000.e
-
+
-
--2
++1
1e
.
+
1e-
+
+
1e-
1e
1e-
.
+
1ee2
e10
+
1e+
1e
.
1e-
1.2.3
1ee2
0e
1e-
1e
0e
000.e
abc
1e
1.2.3
1e+
000.e
1e-
.
--2
1ee2
1.2.3
e10
1ee2
1e
1ee2
++1
e10
1e+
-
1e-
abc
000.e
1e+
-
000.e
+
e10
0e
1.2.3
1e
++1
.
-
-
--2
++1
1ee2
0e
+
++1
0e
e10
abc
-
+
1e
0e
0e
++1
1.2.3
1ee2
abc
abc
000.e
+
+
.
1ee2
.
--2
0e
abc
-
-
1.2.3
1e+
1e+
+
1e
++1
-
1e-
1e-
1.2.3
0e
1e
000.e
1e-
--2
1e
e10
++1
abc
--2
abc
e10
++1
1e+
--2
.
1e-
.
1e
1.2.3
++1
1ee2
1.2.3
+
e10
1e-
1e-
1ee2
abc
--2
--2
abc
--2
1ee2
0e
--2
+
1e+
1.2.3
000.e
-
1e+
+
1ee2
1e-
.
1e+
.
++1
1e-
1e-
+
1e-
.
+
0e
e10
000.e
1e-
0e
1ee2
.
1e+
000.e
000.e
abc
1.2.3
1e
0e
++1
--2
1ee2
1e-
++1
++1
e10
1ee2
+
0e
1e
.
--2
+
1.2.3
1ee2
-
000.e
1ee2
1.2.3
e10
.
e10
--2
0e
000.e
abc
--2
1e+
1e+
+
1ee2
1.2.3
1.2.3
000.e
000.e
++1
--2
1e+
+
abc
1e
.
abc
1e+
.
1.2.3
1e-
+
e10
1.2.3
++1
--2
e10
1ee2
1ee2
1e-
--2
1e-
000.e
++1
1e
.
-
1e-
1.2.3
abc
e10
++1
0e
0e
abc
--2
1e+
0e
0e
-
1e-
--2
.
1e+
000.e
-
1e
1e
++1
e10
0e
1e
1e
1e
e10
e10
0e
0e
1ee2
++1
1.2.3
e10
+
+
-
--2
1e+
000.e
1e+
0e
0e
abc
.
1e-
-
1e-
--2
000.e
1ee2
0e
1ee2
0e
+
1e+
abc
--2
000.e
.
1ee2
e10
1e-
1e+
000.e
+
.
1e-
abc
-
1.2.3
000.e
e10
.
1e+
1e+
1e+
1.2.3
--2
1.2.3
--2
e10
0e
abc
000.e
abc
1ee2
1e-
++1
-
++1
++1
+
1e
1ee2
1ee2
-
abc
--2
1.2.3
e10
.
1e+
1.2.3
--2
.
1e
++1
abc
++1
--2
1ee2
0e
e10
1.2.3
000.e
++1
--2
abc
--2
1e-
-
1e-
-
1e+
++1
--2
1.2.3
+
--2
1ee2
000.e
1ee2
000.e
0e
+
1e-
1e+
1e+
1e
0e
1ee2
1e+
.
+
++1
abc
--2
--2
+
000.e
abc
.
e10
0e
-
1.2.3
000.e
000.e
--2
++1
1e
1e+
000.e
1.2.3
1e+
1ee2
--2
++1
1e+
1e
1ee2
000.e
000.e
--2
1e
1e-
e10
1e
1.2.3
000.e
1e-
-
-
+
abc
-
abc
e10
+
1e
0e
abc
-
-
1e
++1
0e
1e
+
0e
1e-
abc
1e-
+
--2
1.2.3
.
e10
1e
e10
e10
1e+
.
1.2.3
-
1e-
1e
abc
1e
abc
++1
--2
+
--2
--2
++1
1e+
0e
-
0e
++1
1ee2
1e
--2
1e-
.
++1
000.e
1ee2
e10
1e
++1
abc
1.2.3
000.e
1.2.3
.
.
1e-
-
+
--2
abc
++1
0e
--2
-
000.e
1e-
abc
000.e
.
000.e
000.e
1e
1e-
1e+
.
.
1ee2
e10
++1
+
000.e
+
000.e
1e
1e
0e
--2
1e+
1e
1e
1.2.3
abc
abc
1e-
1.2.3
+
.
1e-
1e+
1e-
1e
1ee2
1e+
1ee2
--2
+
e10
1e-
0e
1e
.
.
+
1ee2
1.2.3
--2
1ee2
000.e
.
000.e
e10
1.2.3
++1
1e+
.
1.2.3
abc
+
1e
000.e
1.2.3
0e
1e-
abc
abc
-
+
.
abc
1.2.3
+
1ee2
1.2.3
1e+
1e+
+
++1
-
1e-
+
1e+
1ee2
.
++1
.
abc
abc
-
000.e
1ee2
1e-
e10
1e-
1ee2
1e-
-
1e
1ee2
1e+
1ee2
1e
1e-
++1
abc
1ee2
e10
e10
1e-
000.e
0e
1ee2
0e
1e-
1.2.3
1.2.3
1.2.3
-
0e
e10
1.2.3
--2
+
1e+
e10
000.e
--2
1e+
1e-
++1
0e
--2
0e
abc
1e+
1e
1.2.3
+
1.2.3
1e
abc
0e
e10
1.2.3
++1
.
-
+
000.e
1e
abc
+
0e
1e-
abc
1.2.3
1ee2
000.e
e10
e10
1.2.3
e10
-
0e
1e+
1e-
--2
.
++1
0e
.
.
1ee2
.
-
1.2.3
1ee2
e10
-
1e-
1e
1.2.3
000.e
0e
1e+
.
.
1.2.3
1e
e10
++1
e10
--2
+
0e
e10
1.2.3
abc
abc
abc
1.2.3
.
abc
000.e
1e
++1
+
++1
e10
1ee2
+
1e-
1e+
1e
++1
--2
+
1.2.3
--2
1.2.3
++1
.
abc
1.2.3
.
1.2.3
--2
1e-
--2
+
000.e
000.e
-
1e-
.
1e
1e
e10
1e+
1e
0e
--2
000.e
--2
.
1e
--2
1ee2
e10
1e+
1.2.3
0e
0e
abc
1e+
1e+
1ee2
1.2.3
1.2.3
1e+
e10
.
+
1e
.
abc
++1
-
.
-
--2
0e
-
e10
000.e
.
e10
abc
+
1ee2
0e
e10
1e+
000.e
.
-
1.2.3
1e+
--2
--2
--2
-
+
1e+
-
abc
.
.
++1
1e-
.
++1
1.2.3
1.2.3
1ee2
+
000.e
++1
000.e
1e+
--2
-
.
1e+
1e-
.
1ee2
+
1e
++1
000.e
-
1e-
abc
-
1e+
1e-
.
abc
-
1e
abc
1e+
1e-
1.2.3
--2
-
e10
000.e
1ee2
1ee2
1ee2
1ee2
+
.
000.e
++1
1e-
1.2.3
abc
e10
000.e
1.2.3
abc
++1
.
1e-
++1
--2
1.2.3
abc
--2
1.2.3
+
1e
0e
0e
0e
e10
--2
+
.
1.2.3
1ee2
1e
abc
1ee2
0e
0e
1.2.3
1e+
e10
abc
.
e10
1e+
abc
000.e
e10
1.2.3
1.2.3
0e
.
-
++1
-
e10
-
0e
1e
abc
1.2.3
+
.
+
1ee2
1e+
000.e
--2
+
1e
0e
1.2.3
1ee2
abc
.
--2
000.e
1e-
--2
000.e
--2
0e
+
.
abc
abc
.
000.e
1e
e10
--2
1e
++1
+
+
1e
++1
.
1e-
000.e
000.e
++1
++1
1ee2
abc
1ee2
++1
abc
e10
--2
abc
++1
1.2.3
.
1ee2
1e+
1.2.3
0e
-
e10
1.2.3
++1
000.e
--2
.
1e+
+
--2
-
--2
-
--2
abc
abc
1e-
1.2.3
1e+
1.2.3
000.e
--2
000.e
1.2.3
1ee2
-
000.e
.
.
--2
abc
1e-
.
-
1.2.3
1.2.3
+
000.e
--2
.
1e+
++1
++1
+
e10
1e-
1ee2
+
1e+
1.2.3
.
+
++1
--2
1e+
1e+
e10
.
0e
1.2.3
.
-
1ee2
1ee2
-
abc
000.e
1e+
abc
1e-
e10
1ee2
++1
abc
.
+
1e-
++1
0e
1e-
.
1ee2
e10
abc
abc
++1
abc
1.2.3
--2
0e
000.e
.
1e-
1e-
1.2.3
1.2.3
000.e
e10
abc
0e
1e-
e10
000.e
1.2.3
000.e
++1
0e
1e+
000.e
abc
abc
--2
1e-
1e
.
++1
1e+
--2
e10
-
--2
.
abc
1e
-
1e+
-
0e
000.e
+
-
+
1.2.3
.
+
++1
.
1e+
1e-
1ee2
1.2.3
1.2.3
.
1.2.3
1e
++1
++1
1.2.3
abc
.
+
1.2.3
1.2.3
1e
.
++1
1e+
e10
1e+
1e-
1e-
+
++1
0e
1e
.
1ee2
--2
1e-
0e
0e
1e
1ee2
++1
--2
1e-
++1
.
abc
1e-
--2
0e
1e
abc
1e
.
abc
.
0e
1e-
++1
1e-
abc
000.e
abc
.
0e
--2
1.2.3
0e
-
.
1ee2
0e
1ee2
-
1e
1.2.3
1e-
.
1e
1e+
e10
1e-
1e+
1.2.3
000.e
abc
0e
e10
0e
1.2.3
0e
++1
1e
+
++1
-
+
000.e
++1
+
1e+
0e
1e-
abc
e10
e10
000.e
000.e
1e
1ee2
e10
000.e
+
1.2.3
e10
1e+
000.e
e10
1e-
--2
e10
+
1e-
0e
--2
1e+
0e
--2
1ee2
0e
++1
++1
.
-
1e+
1e+
1ee2
.
0e
000.e
++1
+
e10
0e
++1
1e
.
1e
-
1ee2
.
1ee2
--2
1.2.3
000.e
e10
-
.
.
abc
++1
0e
1e+
1e
1ee2
e10
.
.
1e
++1
1e
1.2.3
1ee2
--2
--2
1e
1.2.3
+
1e-
1e-
1e
--2
-
1.2.3
e10
000.e
0e
1e-
++1
++1
.
-
1ee2
1e
1ee2
-
+
.
.
000.e
1e+
0e
--2
+
1e
abc
++1
1.2.3
1.2.3
-
--2
++1
--2
-
0e
1.2.3
000.e
++1
abc
1e-
e10
.
++1
--2
1e-
++1
0e
+
-
--2
+
e10
1ee2
1e-
e10
1e
0e
.
000.e
-
1.2.3
.
1.2.3
1e-
000.e
0e
000.e
0e
1e-
.
abc
1.2.3
-
+
abc
++1
++1
1.2.3
++1
1e-
1e
++1
.
1.2.3
000.e
--2
.
000.e
1.2.3
1e+
1e-
1e-
1e
+
000.e
-
1e+
000.e
1e-
+
.
e10
-
-
1e-
1.2.3
0e
1.2.3
--2
--2
0e
1e
e10
0e
abc
1e-
++1
--2
1e-
0e
1e+
0e
1e-
.
abc
.
000.e
--2
-
--2
abc
+
1e-
000.e
1e+
.
--2
+
++1
1e+
1.2.3
.
e10
1e
1.2.3
+
+
1e-
-
-
000.e
1.2.3
.
1e-
++1
+
1e
+
1.2.3
-
.
+
1ee2
++1
1e
1e+
abc
1e-
1.2.3
.
-
++1
-
0e
1e
000.e
1.2.3
abc
e10
1.2.3
1e+
1ee2
1e+
e10
1ee2
-
+
0e
0e
000.e
1e
1.2.3
e10
0e
1e+
e10
1e
000.e
e10
.
1.2.3
-
++1
1ee2
1ee2
++1
1.2.3
1.2.3
abc
.
--2
1e
abc
0e
e10
+
+
1e
0e
++1
1e-
1e+
+
000.e
0e
abc
-
000.e
e10
++1
1e+
++1
1e-
0e
abc
000.e
1e
1.2.3
--2
e10
+
1.2.3
--2
1.2.3
1e-
++1
0e
0e
1e-
.
1e+
000.e
--2
e10
1e-
1e-
1e+
1e-
-
-
--2
e10
1e
--2
1e+
abc
-
+
1.2.3
1e
1e-
abc
abc
+
--2
1e-
-
1e+
+
abc
1.2.3
--2
1ee2
1ee2
1e
1.2.3
abc
1e-
0e
1.2.3
++1
+
1.2.3
e10
+
1e-
++1
1e-
1.2.3
000.e
1e
+
1e
.
++1
abc
--2
--2
abc
0e
.
1e+
1e-
abc
-
abc
1ee2
-
e10
e10
000.e
1e-
+
e10
-
+
--2
1.2.3
1ee2
000.e
e10
0e
1ee2
++1
1e-
++1
e10
1.2.3
1e+
0e
000.e
1e-
++1
1e
+
0e
++1
+
1e-
++1
+
1e+
1e-
.
--2
1e
1e+
++1
1e-
1ee2
++1
0e
1e-
abc
-
e10
+
abc
1e
.
-
+
1e+
-
.
0e
.
1e+
1e+
000.e
1.2.3
1.2.3
1e+
++1
1ee2
1e
.
e10
-
e10
1e
1e-
abc
1e
abc
abc
1e+
000.e
abc
--2
++1
+
1e-
++1
--2
.
000.e
1.2.3
1ee2
.
abc
1e-
e10
e10
e10
-
++1
000.e
1e-
e10
1e-
-
0e
abc
0e
1.2.3
++1
000.e
.
.
000.e
000.e
0e
+
-
1e
e10
abc
--2
1e+
.
0e
000.e
-
1.2.3
-
abc
000.e
+
1.2.3
.
1e
abc
1e+
++1
.
e10
++1
000.e
++1
++1
1ee2
e10
abc
-
e10
1ee2
1ee2
1ee2
1e
1e-
0e
abc
--2
e10
--2
1e-
++1
--2
1e
000.e
0e
1ee2
++1
e10
1ee2
e10
1e+
abc
000.e
+
1ee2
1e
-
+
1.2.3
abc
++1
1e+
1ee2
0e
+
abc
-
++1
0e
1ee2
000.e
1e+
1e-
1e+
1e+
1e-
1ee2
000.e
abc
.
++1
abc
+
1e
1e-
000.e
1e+
--2
1e+
1e+
1ee2
--2
++1
abc
--2
--2
-
-
1ee2
0e
000.e
+
1e-
+
.
e10
1e+
000.e
--2
1ee2
.
1e+
000.e
1e+
000.e
1.2.3
+
000.e
000.e
-
1e+
1e-
-
0e
1e-
+
.
000.e
1ee2
1e
1.2.3
.
e10
1e+
1e+
1e
1e
+
e10
1e
000.e
1e-
e10
++1
-
e10
0e
abc
1ee2
0e
1ee2
1ee2
+
+
1.2.3
.
.
.
--2
1.2.3
-
1.2.3
1.2.3
abc
1e+
++1
-
e10
abc
1e
e10
1e+
abc
++1
1.2.3
1e-
++1
++1
1e+
+
abc
abc
++1
1e
000.e
1e-
1e-
+
-
--2
+
1e-
+
1.2.3
+
1ee2
+
-
1.2.3
1e+
1.2.3
.
e10
1ee2
+
abc
1e-
1e
.
0e
0e
-
.
abc
-
-
.
+
abc
++1
abc
e10
-
-
++1
1e+
1.2.3
000.e
.
e10
++1
000.e
0e
1e
++1
+
+
+
abc
-
.
1.2.3
1ee2
1ee2
1e-
1.2.3
1e+
e10
+
--2
0e
--2
--2
0e
1e-
++1
1ee2
--2
000.e
e10
.
1ee2
++1
--2
1.2.3
++1
1e-
+
000.e
++1
000.e
abc
--2
1e+
1.2.3
1e+
++1
000.e
++1
+
1e-
e10
e10
1.2.3
++1
1e-
--2
abc
abc
.
1ee2
1e
1e-
0e
1e
--2
-
1e+
1e-
1ee2
1e-
.
0e
1e-
e10
-
1.2.3
abc
000.e
e10
abc
+
-
e10
000.e
000.e
--2
1ee2
1ee2
abc
abc
.
--2
.
1e+
1.2.3
-
e10
++1
000.e
abc
1e-
1.2.3
e10
+
000.e
abc
.
--2
--2
1e+
--2
1e-
abc
-
000.e
abc
e10
--2
++1
++1
.
abc
-
abc
000.e
1e-
abc
1.2.3
+
1ee2
1e-
.
abc
1e+
1ee2
+
abc
--2
0e
++1
abc
+
1e
-
++1
--2
1e+
e10
1e-
0e
1e+
--2
--2
1e+
.
-
1e
1.2.3
1.2.3
1e+
1e-
-
1.2.3
--2
e10
0e
e10
000.e
1e+
000.e
1ee2
0e
0e
1e
+
+
++1
1ee2
-
-
1.2.3
+
000.e
1.2.3
e10
--2
0e
e10
0e
1e+
1ee2
++1
1e+
1e+
++1
+
1.2.3
--2
1ee2
1e-
1e-
++1
1e-
.
abc
+
--2
e10
1e
1e
1e
abc
+
1.2.3
.
1ee2
abc
1ee2
e10
abc
++1
000.e
-
-
--2
0e
000.e
000.e
1e
.
1ee2
-
.
e10
-
1e
1ee2
0e
1e+
--2
1.2.3
000.e
-
1.2.3
.
+
1ee2
1e-
1e-
++1
1e
e10
0e
1ee2
1e+
000.e
1ee2
1e-
+
1.2.3
--2
e10
1e-
1e+
000.e
+
+
1.2.3
1e
1e-
.
1e-
-
1.2.3
e10
--2
--2
000.e
++1
1e+
1.2.3
-
1ee2
.
1e
1ee2
1e
1e
000.e
0e
1e+
0e
+
e10
1e+
1e
1e-
000.e
.
--2
++1
1e-
1e
1e
abc
1e+
abc
1e+
-
1e
-
++1
1e
+
0e
e10
+
abc
e10
e10
abc
++1
1ee2
1ee2
-
+
e10
.
+
1.2.3
1ee2
1ee2
1e-
1ee2
.
e10
-
--2
1ee2
1.2.3
1e-
e10
1ee2
.
+
1e+
.
e10
--2
0e
.
1e
e10
1e+
000.e
e10
abc
1e
+
0e
--2
++1
0e
1ee2
.
.
1e+
abc
--2
1ee2
.
--2
abc
--2
000.e
++1
++1
1.2.3
1e+
1e-
1e
.
+
++1
1e-
1e
abc
-
1e-
1e-
1e+
++1
1.2.3
e10
0e
e10
--2
1ee2
1e-
1ee2
-
+
+
1e-
.
--2
1ee2
0e
1e+
--2
1e+
e10
abc
--2
1e+
1ee2
++1
abc
1.2.3
+
.
1ee2
-
abc
--2
0e
000.e
1.2.3
1e-
-
+
1ee2
-
000.e
1e+
.
e10
1ee2
abc
++1
1e+
++1
e10
-
1.2.3
abc
1e+
--2
1e-
.
+
--2
-
000.e
-
--2
--2
1e-
e10
.
0e
1ee2
000.e
-
e10
0e
1ee2
1e+
--2
1e+
1e-
-
1e-
++1
1e
1e
1e
.
e10
--2
000.e
+
e10
0e
.
+
0e
1.2.3
abc
-
+
0e
.
abc
abc
e10
000.e
--2
1e
1e+
1e
e10
1ee2
e10
++1
+
1e-
1.2.3
++1
1e
1.2.3
e10
++1
++1
e10
.
1ee2
1e+
000.e
--2
-
0e
1ee2
1e-
.
1.2.3
1.2.3
abc
.
++1
1ee2
0e
-
+
1.2.3
e10
++1
-
.
++1
1.2.3
1.2.3
++1
000.e
.
1.2.3
1e
-
+
1ee2
--2
000.e
0e
++1
abc
abc
1e+
1ee2
000.e
-
abc
0e
.
e10
1e
e10
++1
++1
1.2.3
000.e
1.2.3
1.2.3
-
.
abc
1e+
.
1e
1e
1.2.3
abc
000.e
1ee2
.
1e+
--2
000.e
.
--2
000.e
e10
++1
-
++1
abc
1e-
1e+
++1
++1
1e+
abc
1e-
1e-
1ee2
1e
abc
1e-
1e-
1ee2
1e
000.e
--2
1e-
1e+
1e
.
0e
1.2.3
abc
-
1e
abc
++1
000.e
+
1.2.3
-
abc
e10
1e+
++1
abc
+
--2
0e
1e
--2
1ee2
++1
1ee2
--2
-
1.2.3
0e
++1
0e
1.2.3
+
-
e10
1ee2
1ee2
1e+
.
0e
1.2.3
+
1e-
.
1e
abc
1.2.3
e10
++1
+
.
++1
--2
abc
1e
--2
1e-
--2
1ee2
abc
0e
000.e
1.2.3
--2
-
1ee2
.
1e+
1e
1e+
abc
0e
-
e10
e10
1e+
1e-
-
1e
1e
+
000.e
++1
-
e10
1ee2
1e+
1e-
abc
--2
.
-
1e-
1ee2
e10
++1
000.e
+
--2
000.e
+
-
1ee2
e10
1e+
--2
0e
-
1.2.3
1.2.3
0e
e10
--2
1ee2
1e+
1ee2
+
0e
1e+
abc
-
e10
0e
000.e
++1
1e-
1e+
1e+
++1
1.2.3
++1
1ee2
.
--2
000.e
+
1e-
++1
abc
+
1.2.3
+
1ee2
000.e
e10
1.2.3
.
000.e
e10
1ee2
--2
+
e10
000.e
abc
1e
.
-
1e+
1e-
1ee2
++1
++1
1ee2
abc
+
+
-
e10
.
++1
000.e
abc
abc
1e
1e
1e
1e
++1
+
e10
1e-
1e
1e
0e
++1
abc
--2
1e+
--2
000.e
-
abc
+
1e
000.e
1e
1.2.3
+
abc
1ee2
0e
--2
abc
-
+
0e
+
abc
+
1ee2
.
++1
++1
1ee2
1.2.3
1.2.3
1e
e10
1e-
1ee2
000.e
1e+
+
++1
1ee2
++1
--2
--2
1.2.3
abc
-
000.e
1ee2
000.e
.
.
+
-
e10
+
000.e
1.2.3
1e+
0e
1ee2
e10
-
e10
--2
++1
--2
1.2.3
+
000.e
1e-
000.e
1.2.3
++1
1e-
abc
e10
.
-
000.e
1e+
1.2.3
0e
1e+
++1
0e
1e
0e
0e
++1
0e
1e-
abc
1e+
abc
1.2.3
--2
1e-
.
.
1ee2
+
000.e
1e+
1.2.3
--2
abc
1ee2
--2
e10
--2
--2
-
000.e
.
000.e
1ee2
-
1ee2
000.e
--2
1ee2
.
1e+
000.e
+
.
abc
1e
-
--2
1ee2
1e
1e
e10
1ee2
.
++1
1e
++1
1e
1e
.
-
1e+
000.e
1e+
-
abc
+
000.e
1ee2
.
abc
+
1e
1e
0e
e10
.
--2
1e-
.
1ee2
+
1e-
.
-
abc
e10
abc
--2
e10
e10
e10
1.2.3
1ee2
+
1.2.3
1.2.3
000.e
e10
1ee2
1ee2
--2
.
1e
--2
1e
e10
.
000.e
1e-
--2
.
000.e
1ee2
1e-
000.e
e10
1.2.3
000.e
1e
abc
0e
--2
000.e
000.e
--2
1e-
.
1e
1.2.3
000.e
1e
1ee2
1.2.3
+
-
000.e
1ee2
.
1e-
abc
-
abc
000.e
-
.
1e
1e-
000.e
1e+
1e
+
000.e
1.2.3
e10
--2
--2
1ee2
000.e
1ee2
1e-
000.e
1.2.3
--2
1ee2
++1
e10
1.2.3
000.e
1ee2
1e
e10
000.e
1e
1e
-
+
0e
1e
e10
1e
0e
1e-
1e-
-
abc
1e-
000.e
1ee2
e10
1ee2
1e-
.
-
1e
1.2.3
1e
1e
0e
1e
1e-
1e+
--2
+
e10
0e
0e
000.e
abc
--2
1ee2
e10
abc
.
1e+
-
.
abc
e10
++1
1e-
1ee2
1e+
--2
--2
-
1e-
000.e
000.e
--2
++1
0e
-
--2
--2
1e+
++1
000.e
abc
--2
1e+
e10
abc
1e
1e-
1ee2
1.2.3
--2
abc
000.e
e10
.
1ee2
0e
+
abc
.
1e
-
000.e
++1
1e-
1ee2
-
000.e
+
abc
e10
abc
-
1e
000.e
++1
++1
.
1e-
1e
++1
1.2.3
-
000.e
1e-
1ee2
+
--2
-
000.e
1ee2
0e
1ee2
+
1ee2
1ee2
1ee2
-
0e
--2
++1
--2
--2
1e+
1.2.3
e10
000.e
--2
--2
--2
1e
1ee2
0e
.
000.e
++1
0e
abc
1ee2
--2
000.e
abc
1e
.
abc
e10
1e+
1e-
1ee2
.
1ee2
--2
.
1e+
0e
1e
--2
--2
++1
1e-
1e+
1.2.3
1.2.3
1ee2
--2
--2
1e-
000.e
1.2.3
000.e
000.e
1e-
.
abc
e10
1e
1.2.3
1.2.3
1.2.3
1e
1.2.3
000.e
-
1e
1e
abc
1e
--2
1ee2
++1
-
++1
1.2.3
1e-
1e-
++1
0e
1e+
1e
1e
-
1e-
1e
1ee2
1.2.3
0e
++1
abc
0e
1e+
1ee2
+
.
.
-
000.e
.
e10
e10
abc
1ee2
1e+
0e
1e+
+
abc
e10
1ee2
1e+
-
1.2.3
0e
++1
-
1e
--2
+
.
e10
abc
+
1.2.3
1e+
--2
++1
1.2.3
++1
e10
--2
e10
e10
1e+
1ee2
.
000.e
1e-
1ee2
+
e10
++1
1e
--2
1e
1e
1.2.3
1e-
++1
1ee2
1e+
-
--2
1.2.3
1e+
0e
0e
0e
+
1ee2
1e
+
1.2.3
1ee2
1.2.3
1e-
.
+
000.e
1e
e10
0e
++1
1e-
1e
1.2.3
+
-
0e
abc
++1
1e
e10
1e-
abc
0e
1e-
1ee2
.
-
++1
-
abc
+
+
abc
1e-
1e-
-
++1
000.e
0e
1e
000.e
--2
1e-
.
000.e
1e
1e-
000.e
000.e
abc
.
000.e
1.2.3
1ee2
1.2.3
1.2.3
1.2.3
1e
.
1e+
+
.
-
1e-
0e
1e
++1
.
abc
+
1ee2
1ee2
-
--2
1e+
--2
1.2.3
+
1e-
.
-
0e
+
--2
-
e10
1.2.3
0e
1ee2
000.e
-
+
+
e10
-
--2
1e-
1e-
abc
--2
.
0e
0e
--2
-
1e+
--2
+
.
.
++1
--2
e10
000.e
e10
--2
0e
-
.
000.e
--2
--2
0e
--2
+
e10
++1
--2
1ee2
1e-
000.e
-
++1
.
.
.
1e
-
.
1ee2
0e
abc
e10
+
1.2.3
+
e10
1ee2
1e-
000.e
1e-
e10
-
.
0e
1ee2
abc
++1
++1
1ee2
1e
++1
000.e
-
0e
1e
.
+
++1
++1
1e
.
1e-
1.2.3
1ee2
1ee2
.
+
1e+
--2
--2
1ee2
++1
1e+
1ee2
1.2.3
1e+
1e
.
1e-
000.e
-
--2
1e
--2
abc
1e+
1.2.3
1e+
e10
.
1.2.3
++1
1ee2
000.e
1e+
1ee2
abc
1e+
-
+
0e
+
000.e
1e-
0e
-
1.2.3
1e-
--2
++1
0e
--2
0e
1e-
000.e
--2
1e
0e
++1
-
1.2.3
1e
abc
--2
-
abc
1e+
-
1.2.3
000.e
.
-
1e+
1ee2
1e-
0e
1e-
--2
1ee2
++1
1e
+
+
++1
1ee2
1e-
.
1e
000.e
e10
e10
1.2.3
000.e
+
1e+
e10
1e
abc
1e-
1e
+
-
1e+
1ee2
1ee2
000.e
0e
--2
1e
-
e10
++1
1e
--2
e10
0e
+
++1
.
1e-
++1
1e-
1e+
abc
-
1e+
1.2.3
--2
abc
+
000.e
abc
.
1e+
-
-
0e
-
.
1e
1e-
++1
000.e
1e+
1e-
000.e
1e+
+
1e-
++1
1e+
++1
+
.
+
0e
1e
1.2.3
-
000.e
e10
1.2.3
1e+
-
e10
1.2.3
0e
0e
1ee2
.
1ee2
1e
-
abc
-
1e-
abc
1e+
--2
000.e
000.e
+
1e-
1e
++1
+
e10
-
000.e
e10
-
e10
0e
e10
+
000.e
1e-
1.2.3
e10
--2
1e+
1e+
1.2.3
1e-
e10
1e-
1ee2
.
abc
1e-
--2
1e-
1e
abc
1ee2
1e-
000.e
1e-
1e
1e+
.
0e
-
1e
--2
000.e
1e+
-
1ee2
.
e10
--2
1.2.3
-
--2
e10
--2
1e-
0e
+
.
++1
1ee2
--2
abc
--2
1e+
0e
e10
0e
1ee2
1e
1e
1ee2
1ee2
000.e
1.2.3
+
.
1ee2
.
e10
-
000.e
e10
1ee2
e10
-
+
1e
+
abc
1e-
abc
-
1.2.3
abc
-
000.e
.
abc
--2
1ee2
abc
1e
++1
e10
.
+
+
++1
.
1e
.
.
1e+
0e
-
--2
+
1e
abc
-
1e-
--2
.
000.e
++1
1e-
.
1e
-
++1
abc
1.2.3
+
--2
-
abc
1e-
0e
1.2.3
1e
--2
+
++1
--2
--2
1e+
1ee2
000.e
1e+
abc
1e+
abc
++1
1e
.
++1
--2
0e
1ee2
1e
000.e
+
--2
+
0e
.
abc
000.e
e10
0e
+
1e-
1e-
1.2.3
1ee2
+
e10
e10
e10
0e
+
--2
1ee2
1e-
-
-
e10
e10
0e
1e
+
++1
-
0e
++1
-
1e+
e10
abc
.
e10
000.e
e10
1e-
abc
1ee2
1e-
1ee2
0e
1e-
1.2.3
0e
1.2.3
0e
1ee2
000.e
+
++1
++1
e10
e10
e10
1e-
.
-
0e
1ee2
+
1e-
0e
e10
abc
1e-
1ee2
1.2.3
abc
1e+
1ee2
-
1ee2
e10
0e
1ee2
-
--2
-
1.2.3
++1
1e
.
.
.
abc
abc
++1
1e+
abc
.
0e
--2
e10
1e+
+
++1
1e
1ee2
1e
1e+
abc
1e-
++1
1e+
000.e
e10
abc
e10
1e
+
1ee2
1.2.3
abc
++1
1e
abc
.
1ee2
1.2.3
e10
abc
abc
000.e
-
0e
.
0e
000.e
abc
-
--2
-
.
e10
1ee2
-
0e
1ee2
--2
0e
1.2.3
1e+
1e
1.2.3
000.e
1e
1e+
abc
1ee2
e10
abc
+
-
0e
abc
1e-
abc
--2
+
-
1e+
1e-
e10
1e+
+
abc
abc
1ee2
1.2.3
1e-
abc
000.e
0e
++1
1e-
-
1e
1e+
--2
e10
1ee2
e10
1.2.3
1ee2
1e-
1.2.3
abc
abc
+
000.e
0e
++1
e10
1.2.3
.
.
++1
++1
e10
1.2.3
.
+
.
+
0e
e10
+
1.2.3
abc
e10
0e
++1
-
1e
1ee2
1.2.3
0e
0e
+
000.e
+
1.2.3
0e
1.2.3
1ee2
000.e
.
abc
1.2.3
abc
++1
1e-
+
++1
1ee2
-
abc
+
abc
000.e
.
1e+
1e-
--2
1e
--2
1e-
--2
0e
-
++1
1e
1ee2
1ee2
0e
abc
1e+
++1
-
e10
1ee2
++1
1ee2
--2
.
1e-
--2
e10
1ee2
++1
1e-
e10
1.2.3
--2
1e-
++1
000.e
1.2.3
000.e
1e+
000.e
1e
1.2.3
000.e
1e+
.
--2
.
+
abc
000.e
1e+
e10
1e+
-
1ee2
e10
--2
--2
--2
1e-
abc
000.e
.
+
000.e
1.2.3
1e-
1.2.3
1e+
abc
e10
-
1e-
0e
--2
+
1.2.3
000.e
1e
1.2.3
1e
0e
+
1.2.3
++1
0e
-
e10
e10
1ee2
1ee2
--2
0e
000.e
-
1e
1ee2
1.2.3
.
e10
0e
1e-
1e+
e10
1.2.3
000.e
++1
0e
-
1ee2
-
abc
.
.
.
abc
.
abc
-
000.e
--2
0e
1e-
abc
1e-
1e
++1
+
e10
+
+
++1
++1
1.2.3
-
.
e10
1e
1e-
++1
e10
+
++1
e10
0e
1e-
0e
-
1e-
-
++1
-
1ee2
++1
abc
1e+
1e-
--2
+
e10
e10
1e
.
0e
1e+
0e
++1
e10
e10
e10
1e+
-
000.e
--2
1ee2
+
0e
--2
1e+
e10
--2
++1
++1
e10
++1
1.2.3
.
-
1e-
abc
-
.
000.e
abc
000.e
1.2.3
-
1ee2
1.2.3
abc
000.e
e10
000.e
0e
++1
--2
1e+
1.2.3
.
+
1e
1.2.3
1ee2
1ee2
-
1ee2
1e+
1.2.3
++1
.
1e+
.
.
1ee2
1ee2
0e
++1
.
--2
++1
.
1e+
-
+
+
1e
--2
1e-
000.e
1e+
1e+
1.2.3
+
++1
000.e
-
1e-
1ee2
1e+
1e-
1ee2
0e
-
0e
0e
abc
1e+
1.2.3
+
0e
1e+
++1
+
0e
1e
.
1e-
1ee2
1e+
1e-
.
++1
1ee2
--2
++1
+
++1
0e
++1
+
1e
1e+
.
1.2.3
.
++1
--2
-
1ee2
1.2.3
1e+
0e
0e
e10
0e
0e
1.2.3
++1
1e
0e
000.e
0e
+
.
1e-
abc
++1
0e
1e-
000.e
-
1e
-
++1
e10
000.e
000.e
000.e
-
1.2.3
1e
1ee2
.
e10
+
++1
0e
1.2.3
1ee2
+
-
1e-
1e
.
abc
0e
1e
+
-
abc
--2
1.2.3
e10
1e
+
1e-
0e
1e+
abc
.
1ee2
+
0e
1.2.3
e10
1e
000.e
+
0e
1e
1e
1e
1e-
1e+
1.2.3
1e
abc
1ee2
1e
1ee2
1e
1e
1ee2
1e+
000.e
1e-
-
000.e
1e-
1e+
abc
abc
--2
--2
1.2.3
++1
+
1e
+
+
1e+
abc
+
.
e10
-
.
abc
abc
0e
1ee2
000.e
1e+
1.2.3
+
-
abc
1ee2
++1
1ee2
1e
0e
000.e
++1
+
+
1ee2
+
+
++1
.
+
e10
1e-
1e
.
--2
-
000.e
e10
000.e
-
+
1ee2
+
000.e
1e-
++1
1.2.3
.
1.2.3
1.2.3
-
1.2.3
1.2.3
1e+
abc
000.e
1.2.3
abc
--2
1ee2
+
1.2.3
e10
-
-
0e
e10
e10
1.2.3
e10
-
++1
1.2.3
1e+
.
0e
1e
--2
abc
1.2.3
1e
0e
000.e
1.2.3
1e+
1e+
000.e
-
1e
--2
1e-
1e-
0e
-
+
1e-
--2
0e
1.2.3
000.e
1e
1ee2
++1
++1
1e-
1e-
abc
1ee2
1e-
--2
--2
e10
--2
0e
0e
+
++1
1e-
000.e
+
1.2.3
e10
1e+
1ee2
+
e10
1e
+
1e
1e+
-
++1
+
+
e10
e10
1e-
1ee2
1ee2
.
0e
--2
1e-
abc
000.e
++1
.
--2
1.2.3
.
abc
--2
abc
+
000.e
e10
.
.
++1
0e
.
0e
++1
abc
-
1e+
+
1.2.3
-
1.2.3
+
++1
1ee2
1e-
1e+
abc
e10
1e+
++1
1e
000.e
1e
.
1e-
++1
+
abc
--2
--2
+
1.2.3
1e+
-
0e
e10
abc
--2
-
-
+
1e
abc
++1
1e-
-
+
+
e10
1e-
abc
1e
1e+
abc
0e
+
-
000.e
e10
1ee2
1.2.3
++1
.
--2
0e
abc
++1
.
1.2.3
abc
--2
++1
abc
1.2.3
000.e
1e
e10
abc
1e-
1e-
--2
1e+
1e-
1e-
0e
0e
1e+
.
--2
-
0e
--2
1ee2
1e
1e-
.
0e
1.2.3
0e
000.e
1.2.3
0e
000.e
000.e
e10
1.2.3
000.e
1.2.3
e10
--2
abc
000.e
1.2.3
-
1ee2
0e
.
abc
+
1e
1e
000.e
+
1e
e10
1.2.3
+
1.2.3
1e-
1e+
0e
abc
1e+
--2
.
+
1e-
1e
0e
1ee2
1e-
++1
abc
000.e
e10
1e+
-
1e-
-
000.e
000.e
0e
000.e
abc
e10
000.e
+
1e
1ee2
000.e
--2
1.2.3
-
1.2.3
.
1e
+
+
0e
000.e
1e
--2
--2
1e
++1
1e-
1e
++1
--2
1ee2
++1
+
1ee2
1ee2
1e
1e+
++1
e10
abc
e10
+
1ee2
1.2.3
0e
-
0e
+
000.e
1e
.
.
++1
++1
abc
.
1e
e10
.
e10
1e
abc
abc
e10
1e+
++1
e10
-
++1
.
1ee2
--2
000.e
e10
0e
1e+
++1
1e
--2
1ee2
1e+
1.2.3
1ee2
1e-
e10
1.2.3
1.2.3
--2
abc
1e+
1ee2
e10
abc
1e-
1ee2
+
e10
1.2.3
--2
++1
1.2.3
++1
1ee2
.
1e+
1ee2
1ee2
000.e
++1
+
1e+
.
1.2.3
1e+
1e-
e10
-
1e
1e
1e
-
000.e
0e
1e+
000.e
e10
--2
1e-
e10
+
abc
1.2.3
000.e
1e
1e-
+
-
abc
1e
--2
+
1e+
e10
1e+
0e
1e
e10
1e
0e
1ee2
abc
1e-
1e+
--2
--2
0e
1.2.3
000.e
1.2.3
abc
e10
e10
1e+
1.2.3
1ee2
abc
-
1e-
+
.
--2
e10
++1
-
1e+
1e+
e10
0e
+
1e-
abc
+
1ee2
0e
0e
1ee2
1e-
.
+
000.e
1e+
1.2.3
--2
1.2.3
000.e
abc
1e-
+
1e
.
000.e
0e
1e-
1e+
++1
1ee2
.
--2
e10
--2
+
-
1.2.3
1e
.
-
0e
e10
1ee2
1e+
.
+
--2
1e
e10
+
1e+
abc
1e+
0e
1e
1e+
e10
000.e
+
1.2.3
1e
1.2.3
1e
1e
++1
1ee2
1e-
.
000.e
1.2.3
1e-
abc
++1
e10
0e
1ee2
0e
1.2.3
abc
1.2.3
-
1e
1.2.3
1e+
000.e
-
++1
+
++1
1e
000.e
1e+
e10
000.e
1e
++1
1e+
1e-
0e
abc
.
1e
.
1e
++1
.
abc
abc
+
1.2.3
-
1e-
1e
+
++1
-
1ee2
000.e
1e+
.
1ee2
e10
.
000.e
-
--2
.
++1
--2
--2
++1
.
-
++1
1e
1e+
--2
++1
1.2.3
1e-
.
abc
1e-
1e-
.
1.2.3
1e
000.e
--2
1.2.3
abc
--2
1ee2
e10
1e+
.
1ee2
000.e
0e
++1
+
++1
-
.
1e+
000.e
1e+
1e+
1.2.3
1e+
-
abc
+
+
--2
+
1ee2
1.2.3
+
000.e
+
abc
000.e
++1
1ee2
-
1.2.3
--2
e10
1ee2
e10
--2
1.2.3
1e-
e10
e10
1.2.3
-
e10
0e
1ee2
-
+
-
000.e
1e
e10
++1
1e
+
++1
e10
abc
1e+
0e
1e
--2
0e
e10
000.e
1e
1ee2
1e-
--2
1.2.3
1e+
1e-
+
0e
e10
0e
1e
000.e
++1
++1
abc
.
++1
--2
.
abc
000.e
+
0e
-
1e-
--2
++1
1ee2
000.e
+
000.e
--2
000.e
--2
0e
1e+
e10
1ee2
1ee2
++1
--2
e10
-
abc
1e+
++1
1e+
++1
1.2.3
0e
1e+
0e
++1
.
0e
+
0e
abc
.
++1
1e-
1e
000.e
.
e10
--2
.
1ee2
0e
000.e
abc
--2
abc
1ee2
.
--2
e10
++1
1e+
--2
-
1e-
1e+
1e
0e
+
1e
.
0e
abc
++1
1.2.3
000.e
1e-
000.e
1.2.3
000.e
++1
1e+
1e+
1.2.3
+
++1
000.e
.
1e
abc
1e-
abc
1e-
0e
++1
1e
.
-
-
++1
.
++1
--2
e10
1.2.3
abc
0e
--2
++1
.
--2
-
+
e10
1ee2
000.e
1.2.3
1e
-
e10
000.e
1.2.3
++1
+
1e+
1ee2
0e
1e-
1.2.3
1e
1e
.
1ee2
-
--2
0e
++1
1e
1e-
1e
.
--2
++1
000.e
-
.
-
1e
++1
000.e
1e+
0e
+
000.e
1e-
0e
1e+
.
abc
0e
1e-
0e
1e
e10
+
abc
1.2.3
1ee2
++1
--2
+
000.e
1e
e10
1e
++1
0e
1.2.3
1.2.3
0e
+
1e
1ee2
1e
000.e
e10
abc
++1
1.2.3
1e-
--2
1e
000.e
1.2.3
1e-
1e-
--2
1e+
abc
abc
0e
1.2.3
1e-
e10
abc
0e
e10
--2
++1
+
1e+
0e
abc
1ee2
+
--2
abc
.
-
+
0e
abc
.
1.2.3
e10
++1
e10
0e
e10
1e+
-
1e-
abc
0e
abc
e10
e10
e10
000.e
++1
-
abc
0e
1.2.3
.
1e+
1e+
1e+
1e-
1e+
1ee2
.
+
0e
--2
++1
e10
-
0e
abc
e10
1e-
+
-
--2
abc
1e+
1e
e10
--2
0e
000.e
e10
1e-
--2
0e
1e
0e
-
++1
e10
000.e
1e-
+
abc
+
0e
++1
0e
1e-
1e-
++1
e10
1e+
e10
1e+
0e
e10
1e
-
++1
-
1e
000.e
1ee2
1.2.3
-
+
++1
0e
1e-
1e
1e
1.2.3
++1
0e
+
abc
0e
abc
000.e
1e-
--2
abc
-
0e
abc
++1
1.2.3
000.e
++1
1e
+
1e+
+
1e
1e+
1e-
1e
1.2.3
abc
+
e10
1ee2
+
++1
000.e
000.e
.
0e
1.2.3
1.2.3
1e
000.e
e10
-
0e
--2
abc
1e+
abc
--2
1.2.3
abc
--2
abc
abc
-
1.2.3
e10
.
+
+
1e
000.e
-
0e
abc
1e-
1e-
1.2.3
1e+
1.2.3
e10
--2
abc
e10
1e+
abc
-
1.2.3
1e+
e10
0e
1.2.3
1.2.3
1.2.3
-
1e-
e10
0e
.
++1
--2
0e
e10
1e+
1.2.3
1ee2
000.e
-
1ee2
-
1ee2
1e
1ee2
1.2.3
abc
0e
1e-
--2
abc
1e
000.e
e10
.
1.2.3
1e-
1ee2
1e+
1e+
1e-
0e
0e
--2
--2
--2
1e
1.2.3
000.e
1ee2
1e-
.
1e
++1
1e+
1.2.3
-
1e-
1ee2
1e
1e
0e
1.2.3
1ee2
e10
abc
1.2.3
++1
.
1ee2
0e
-
e10
e10
1e
1e+
abc
1.2.3
abc
abc
--2
0e
e10
1e
1e+
-
1ee2
-
.
+
.
1e-
1.2.3
-
0e
1e+
1.2.3
-
+
1e+
-
1e+
++1
1e
1.2.3
abc
1.2.3
1e
1e+
.
+
.
1.2.3
.
1ee2
--2
1e-
--2
0e
e10
++1
++1
1.2.3
0e
0e
++1
abc
1e+
1.2.3
1e
1ee2
-
e10
1e-
0e
-
e10
abc
abc
+
.
-
++1
000.e
--2
e10
1e-
++1
abc
.
1e-
abc
0e
0e
1e-
-
000.e
abc
abc
.
1e-
000.e
e10
1ee2
1.2.3
1.2.3
1ee2
-
.
1e-
e10
abc
1ee2
++1
abc
1ee2
abc
1ee2
1.2.3
1e-
+
0e
-
1ee2
1ee2
1e
e10
e10
000.e
1e-
1e
abc
1e-
1e
1.2.3
1e+
0e
0e
e10
++1
-
++1
+
1e-
abc
1e-
1ee2
++1
--2
abc
-
1.2.3
0e
--2
0e
1.2.3
++1
-
1e
1.2.3
++1
+
1ee2
000.e
1.2.3
.
e10
e10
1e-
1.2.3
1.2.3
000.e
1.2.3
--2
+
1ee2
1e-
+
1e-
++1
--2
e10
--2
1ee2
000.e
++1
--2
1.2.3
-
+
1e-
1e
1e+
000.e
+
1ee2
000.e
abc
1e-
.
1ee2
e10
e10
+
.
abc
+
1.2.3
1e
abc
0e
1e+
1ee2
.
e10
.
++1
1e-
1ee2
1e-
++1
1e
--2
++1
e10
000.e
-
1e+
1.2.3
1e
-
1ee2
1e+
1e
++1
++1
.
+
1e-
1.2.3
1e-
0e
+
1e-
000.e
1e
--2
0e
--2
-
abc
+
1ee2
++1
+
000.e
e10
+
1e+
1.2.3
--2
1ee2
1e+
0e
--2
000.e
e10
-
0e
++1
1ee2
0e
1.2.3
000.e
1.2.3
+
++1
e10
1e-
++1
e10
e10
0e
1e-
1e-
e10
1.2.3
.
1e+
++1
e10
1ee2
1.2.3
+
1e-
--2
abc
1.2.3
1e
+
1ee2
-
1.2.3
.
000.e
-
1e+
0e
-
+
+
-
-
--2
e10
1e
1ee2
.
1.2.3
--2
1e-
++1
++1
1.2.3
.
++1
1e
-
abc
.
--2
1ee2
--2
--2
0e
1ee2
++1
e10
e10
1e-
abc
++1
1.2.3
000.e
++1
abc
000.e
e10
1e
abc
abc
1e+
000.e
++1
000.e
000.e
++1
.
1ee2
.
e10
1e
-
+
e10
--2
e10
abc
1e
abc
++1
1e+
000.e
1e
-
000.e
abc
abc
000.e
.
++1
1e+
.
1.2.3
0e
--2
abc
0e
++1
.
--2
0e
1e
+
e10
++1
+
.
1e-
++1
e10
--2
.
1ee2
0e
++1
e10
abc
-
1e
1e
1e
.
+
000.e
1.2.3
1.2.3
++1
+
++1
0e
0e
1e+
.
-
-
+
++1
1e+
1e+
+
+
--2
e10
1e
1.2.3
+
+
1.2.3
++1
abc
--2
-
0e
0e
.
1ee2
abc
abc
1e+
1e+
-
-
1e
-
1e-
0e
1e-
+
1e
e10
1e
1.2.3
-
+
-
--2
.
+
--2
--2
000.e
.
1e
.
.
+
+
+
-
1e+
++1
1ee2
.
1e+
+
abc
1e+
.
0e
++1
000.e
--2
--2
1e-
e10
1.2.3
0e
1ee2
1e
+
1e+
1ee2
e10
1.2.3
--2
0e
abc
1.2.3
abc
-
-
1e+
0e
1.2.3
1e+
000.e
1ee2
1e-
--2
+
0e
000.e
e10
--2
.
1ee2
0e
++1
0e
--2
1e+
--2
+
0e
1e-
--2
+
.
1e
1e-
-
0e
1e-
--2
++1
.
1e-
--2
1.2.3
1e-
1ee2
abc
++1
1ee2
1e-
1ee2
--2
e10
.
1.2.3
1.2.3
1.2.3
++1
.
0e
.
000.e
abc
0e
1e+
e10
+
abc
e10
++1
++1
.
-
000.e
+
000.e
1ee2
1e+
1e-
1e-
abc
--2
1e-
1e+
000.e
000.e
e10
1.2.3
1.2.3
1e
0e
-
--2
+
1e-
000.e
.
1.2.3
-
1e+
1e-
--2
000.e
1e-
0e
000.e
1e+
000.e
.
1e
--2
.
0e
+
1e
--2
1e-
1e+
e10
1e-
1e+
000.e
0e
.
1e+
-
-
1.2.3
1e-
.
.
.
1e
1e+
.
+
1ee2
1ee2
000.e
.
1e+
1.2.3
1e-
000.e
1e+
++1
1e
e10
1.2.3
0e
0e
++1
--2
000.e
1e+
1e-
000.e
0e
0e
e10
1e
1e-
++1
1.2.3
++1
1ee2
1e
1e-
-
+
.
--2
abc
1e
000.e
1e
+
1e
1.2.3
+
--2
.
0e
+
++1
abc
1ee2
++1
1ee2
1ee2
.
1e
000.e
+
1e
0e
000.e
--2
.
0e
+
000.e
--2
000.e
1.2.3
++1
e10
1e-
1e-
--2
0e
1.2.3
1ee2
.
-
1e
1e+
++1
.
+
--2
-
e10
abc
abc
0e
abc
e10
1ee2
abc
1ee2
1ee2
1ee2
abc
++1
++1
.
1ee2
0e
0e
++1
1e
--2
e10
e10
+
1e+
e10
+
.
++1
abc
e10
1e+
0e
--2
0e
+
1e-
e10
abc
0e
e10
+
+
e10
1ee2
1ee2
1.2.3
1ee2
1e+
1e+
abc
1.2.3
.
1ee2
1.2.3
.
1e
0e
1e
1ee2
1e+
.
++1
1e-
-
e10
.
000.e
e10
-
.
1.2.3
1ee2
1e+
0e
1e
+
.
.
1e+
.
abc
1e-
e10
1ee2
1e-
1e-
--2
abc
1e-
++1
e10
++1
1.2.3
+
000.e
1e-
1e+
1e
++1
1e-
-
-
1ee2
--2
--2
e10
-
-
e10
--2
1e+
++1
+
0e
e10
1e+
1ee2
++1
.
.
+
--2
-
--2
e10
0e
-
-
1e-
1e
+
1e+
--2
1.2.3
1e+
0e
1ee2
-
e10
e10
1e+
++1
1e
1e-
1e
1ee2
000.e
0e
1.2.3
--2
.
abc
1.2.3
-
1e
1e-
e10
e10
1e-
.
+
1ee2
--2
+
-
abc
1ee2
.
1e
++1
abc
1.2.3
++1
e10
-
1e-
1.2.3
+
1ee2
+
abc
+
+
e10
+
+
--2
+
1ee2
1e+
.
1e+
0e
--2
++1
e10
1e-
abc
.
1e+
1e
++1
1e-
000.e
abc
1e
-
-
+
-
1ee2
0e
++1
1e
1ee2
000.e
0e
+
--2
1e-
1ee2
e10
-
--2
abc
e10
1e-
--2
--2
abc
.
abc
++1
1e
++1
.
++1
000.e
+
1e-
1ee2
+
--2
000.e
e10
abc
-
.
1.2.3
abc
000.e
1ee2
abc
1e
++1
1ee2
abc
1.2.3
e10
--2
-
--2
1e
1e
1e-
1e
++1
.
+
abc
1e+
000.e
abc
000.e
++1
abc
+
0e
1ee2
0e
0e
.
abc
1e+
0e
1e
+
0e
++1
++1
1e
abc
--2
1.2.3
+
++1
1ee2
1e-
--2
1e-
1e-
1e+
+
.
1e-
.
1ee2
1.2.3
.
.
-
000.e
++1
.
+
0e
000.e
--2
.
1.2.3
0e
1e
e10
abc
-
000.e
1e+
1ee2
1e
1e
abc
1e
000.e
++1
1e
1.2.3
e10
1e+
1e-
++1
000.e
0e
e10
--2
e10
-
1.2.3
0e
000.e
--2
1ee2
1e+
+
1e-
++1
1.2.3
--2
1e-
--2
1.2.3
1.2.3
+
e10
abc
0e
0e
000.e
e10
1.2.3
abc
--2
+
1ee2
e10
--2
1.2.3
.
.
.
0e
1ee2
+
e10
1ee2
1e+
.
1ee2
e10
1e+
--2
1ee2
e10
-
000.e
-
--2
-
1ee2
1e+
0e
0e
abc
1e+
-
-
abc
0e
1e+
--2
--2
1ee2
1e+
e10
1ee2
--2
1e+
++1
e10
1e
1e+
1ee2
+
e10
1e-
1e
-
.
+
e10
000.e
+
abc
1e
.
1e+
--2
--2
0e
1ee2
.
1e
-
1e
--2
abc
0e
+
1e
1e
abc
abc
0e
1e-
+
e10
0e
000.e
1ee2
1e
-
1e+
1e+
abc
++1
.
++1
1e+
0e
abc
+
1.2.3
-
0e
1e+
-
abc
--2
1.2.3
1.2.3
-
1e
.
abc
1.2.3
.
1ee2
1.2.3
abc
-
1e+
.
1e+
++1
1e
1.2.3
e10
1e
-
1.2.3
1.2.3
+
++1
abc
++1
1ee2
1e-
1e+
.
--2
1e
000.e
1e-
--2
1e+
1e
+
1ee2
abc
++1
e10
-
-
abc
1e
1.2.3
1e
--2
1e-
1e
abc
.
000.e
000.e
0e
e10
+
++1
1ee2
1e+
1e
--2
1e
e10
1.2.3
1ee2
-
-
1.2.3
1e-
e10
0e
+
--2
000.e
1e-
++1
000.e
1e+
1e
1e-
0e
-
.
1e-
++1
.
-
.
0e
+
++1
abc
1e-
-
000.e
abc
-
-
1e-
++1
+
.
1ee2
+
1e-
++1
abc
1e+
.
++1
1.2.3
1e+
+
1.2.3
++1
1e
0e
-
1.2.3
1ee2
000.e
000.e
1.2.3
1e
--2
1e-
.
1e
-
000.e
-
abc
--2
000.e
1e-
1e
+
1e
++1
1e+
++1
0e
1e+
.
+
e10
e10
1ee2
++1
1.2.3
000.e
000.e
1e+
0e
1e-
1e+
0e
+
+
1ee2
1.2.3
-
.
1e
.
.
++1
abc
abc
1e+
1.2.3
1e-
.
-
000.e
++1
.
.
-
1e
1e-
abc
1e+
1ee2
1e-
0e
0e
abc
1ee2
e10
1e-
+
1e-
abc
e10
0e
.
e10
1.2.3
e10
++1
e10
0e
1ee2
1ee2
000.e
++1
e10
1e+
0e
000.e
-
1e-
++1
+
1ee2
++1
+
.
e10
e10
-
0e
--2
1.2.3
1e+
e10
1e-
abc
1.2.3
1e+
000.e
1e+
-
1e
abc
000.e
1e-
-
1ee2
e10
1e-
++1
1e-
++1
abc
+
1e+
++1
0e
1e-
1ee2
1ee2
.
1e
--2
1e-
abc
-
e10
1ee2
+
0e
++1
1e+
+
0e
--2
--2
++1
000.e
abc
000.e
1ee2
++1
1.2.3
1e
1e+
.
1e-
1e
1e
+
e10
000.e
1e+
1ee2
++1
e10
.
0e
1ee2
000.e
0e
+
+
-
1.2.3
000.e
1e-
1e
1e-
abc
.
1e-
1e
1e
1e-
0e
++1
+
1ee2
.
1e
.
1.2.3
e10
1e
--2
++1
0e
+
000.e
000.e
--2
abc
0e
1e-
++1
1ee2
0e
+
1.2.3
.
1e
.
0e
--2
1e+
-
0e
1e
1ee2
e10
.
.
1e-
.
abc
++1
++1
++1
+
1e-
0e
1e+
1e+
.
000.e
1.2.3
--2
-
000.e
000.e
e10
1.2.3
0e
--2
+
--2
.
000.e
0e
-
+
0e
1.2.3
0e
1e-
--2
000.e
e10
000.e
000.e
1.2.3
0e
e10
--2
e10
++1
1e
--2
-
-
1.2.3
1.2.3
1ee2
1e+
1e
1e
1e+
--2
.
000.e
++1
000.e
.
abc
-
.
-
1.2.3
1ee2
1ee2
-
-
+
++1
abc
1e+
++1
1.2.3
abc
.
000.e
.
+
1e+
1ee2
abc
1.2.3
000.e
1ee2
1e
0e
1e
e10
e10
1.2.3
++1
000.e
+
abc
++1
+
1e+
1.2.3
000.e
abc
++1
000.e
.
abc
.
1ee2
1ee2
.
1.2.3
000.e
1e-
1e+
1e
1e
--2
1ee2
++1
.
++1
-
.
1e-
e10
abc
1.2.3
1e+
+
1ee2
+
++1
.
1.2.3
1e-
1e+
1ee2
1e+
1ee2
+
1e-
1e+
1.2.3
1e
++1
.
++1
++1
1ee2
--2
0e
1e-
1.2.3
e10
0e
abc
+
000.e
1e-
000.e
--2
.
1e+
abc
1e
1.2.3
-
++1
000.e
1e+
+
e10
.
1e+
abc
abc
000.e
abc
+
0e
1.2.3
--2
abc
--2
e10
0e
1e-
.
0e
++1
++1
+
000.e
000.e
000.e
1.2.3
1.2.3
1ee2
++1
abc
1e+
-
1e+
++1
+
0e
e10
1e+
1.2.3
1e
1e
++1
+
--2
--2
1e+
+
--2
++1
1ee2
000.e
1e-
1e
1e-
--2
.
e10
000.e
000.e
+
.
1ee2
+
1.2.3
1.2.3
--2
1e-
1e
1e+
1e-
1e+
.
--2
abc
1.2.3
++1
000.e
000.e
1e+
000.e
0e
1e
1ee2
1e-
.
1e-
1.2.3
000.e
0e
1.2.3
000.e
+
++1
-
1e-
.
-
000.e
0e
1ee2
e10
.
--2
-
1e
1e+
++1
e10
--2
0e
0e
.
e10
1ee2
0e
1.2.3
1ee2
++1
--2
+
0e
e10
000.e
abc
e10
000.e
-
1.2.3
1e
0e
1e+
1.2.3
.
1e
+
--2
abc
1e-
abc
1e+
1.2.3
-
++1
1e
e10
+
--2
1e
-
0e
000.e
1ee2
--2
1ee2
--2
1.2.3
1e-
1e+
1e-
abc
1ee2
1e-
++1
000.e
1e
e10
1e-
1e-
1e
.
++1
-
1.2.3
1.2.3
1ee2
1.2.3
0e
.
e10
1.2.3
--2
0e
1e-
1e-
1e
++1
--2
abc
--2
++1
1.2.3
000.e
+
e10
.
1e+
000.e
.
1e+
000.e
1ee2
.
1e
1.2.3
e10
++1
000.e
--2
abc
-
--2
--2
1ee2
1e-
1ee2
1ee2
1e
1e+
000.e
-
--2
-
1e-
1ee2
1e+
--2
e10
0e
1e
+
1.2.3
1e+
0e
.
e10
--2
++1
abc
1e+
e10
1e
000.e
--2
--2
abc
++1
--2
1.2.3
000.e
abc
++1
+
--2
1e
++1
-
abc
+
0e
e10
0e
1e-
+
1ee2
--2
1e
1e
1.2.3
--2
abc
1.2.3
e10
1e
0e
-
1ee2
000.e
.
-
1e+
++1
+
000.e
000.e
1.2.3
.
abc
--2
1ee2
abc
0e
1e+
1.2.3
e10
-
000.e
e10
1e+
1e+
1ee2
1ee2
abc
0e
1ee2
1e-
000.e
1.2.3
000.e
.
-
1e+
abc
+
e10
abc
1.2.3
-
++1
000.e
-
e10
--2
0e
1e-
abc
++1
e10
e10
e10
1.2.3
abc
1ee2
1e-
0e
1ee2
0e
+
++1
--2
1ee2
+
abc
--2
--2
1e
1e
+
000.e
-
+
000.e
1.2.3
abc
e10
++1
1ee2
0e
1e+
+
e10
1e-
0e
0e
1e
000.e
0e
.
e10
.
1e-
++1
1e+
000.e
-
.
1.2.3
000.e
+
1.2.3
-
1e-
-
0e
-
0e
.
0e
0e
0e
1.2.3
e10
1ee2
+
1e
1e+
+
000.e
e10
0e
000.e
.
--2
-
.
--2
000.e
1.2.3
abc
+
1e
+
1.2.3
0e
abc
1e+
1e
-
e10
1e
1ee2
abc
abc
++1
abc
1e+
e10
e10
.
e10
--2
--2
abc
.
1.2.3
.
abc
e10
000.e
0e
1.2.3
1e-
.
000.e
+
abc
+
0e
+
-
1ee2
0e
.
++1
+
1.2.3
1.2.3
e10
++1
1ee2
.
1.2.3
0e
e10
e10
1e+
--2
e10
-
1e-
.
++1
--2
e10
000.e
.
--2
1ee2
.
1e-
1e-
abc
1e-
1.2.3
1.2.3
-
+
1.2.3
--2
.
1e+
--2
1.2.3
1ee2
0e
--2
0e
000.e
e10
-
0e
.
abc
1.2.3
0e
--2
e10
1e-
+
1e
1ee2
1e
1e-
000.e
0e
++1
++1
1ee2
++1
abc
000.e
-
1.2.3
0e
0e
++1
.
--2
1e-
1ee2
1ee2
1e+
1.2.3
1ee2
--2
000.e
.
1.2.3
1.2.3
-
+
+
--2
1e
1e
+
1ee2
-
1.2.3
--2
1.2.3
++1
1ee2
-
1ee2
1.2.3
-
.
000.e
abc
000.e
e10
1.2.3
1e+
1e-
-
e10
-
+
1.2.3
000.e
1ee2
1e-
1ee2
1.2.3
abc
abc
.
abc
++1
e10
-
1.2.3
+
abc
.
1ee2
1.2.3
1ee2
0e
1e
1e+
1ee2
+
1e-
e10
--2
.
1ee2
1.2.3
--2
000.e
+
0e
.
0e
1e+
+
e10
+
--2
+
1ee2
--2
+
--2
1.2.3
1e+
1.2.3
++1
0e
1e-
++1
++1
1e-
.
1e-
1.2.3
0e
+
.
1.2.3
1e-
1ee2
1.2.3
abc
1ee2
--2
1.2.3
0e
+
1.2.3
1e-
1e+
1e-
1e-
1e
1.2.3
1.2.3
000.e
e10
1e+
1.2.3
--2
abc
++1
.
1ee2
1.2.3
.
1.2.3
--2
1e+
abc
1e+
1e-
+
1.2.3
0e
1e+
++1
.
1e+
abc
1e
1.2.3
++1
.
+
1ee2
1.2.3
1.2.3
000.e
-
000.e
--2
000.e
1.2.3
0e
1.2.3
e10
1ee2
1e-
1e+
++1
++1
++1
0e
++1
1e+
1e
1e+
.
++1
0e
e10
1e
++1
1.2.3
0e
1ee2
+
--2
1ee2
++1
abc
1ee2
abc
-
-
1e-
0e
1e
++1
++1
--2
++1
1.2.3
000.e
+
1e
1e+
e10
1e-
+
1e+
1e
+
0e
abc
0e
0e
000.e
+
++1
e10
e10
1.2.3
-
0e
1e+
-
--2
+
1.2.3
1e+
abc
--2
.
-
000.e
--2
1e-
000.e
000.e
-
0e
000.e
1.2.3
e10
0e
e10
-
1e-
000.e
1ee2
1ee2
0e
1e+
-
--2
+
0e
1.2.3
1ee2
e10
abc
--2
-
-
1.2.3
1e+
abc
0e
1e
++1
1e-
--2
--2
1e-
++1
1e+
1e+
1.2.3
--2
abc
abc
1e
1e+
++1
.
e10
000.e
e10
--2
0e
0e
e10
abc
1e-
+
1e+
++1
1e
.
++1
1e
abc
++1
1e
.
1.2.3
0e
000.e
1e-
-
-
abc
+
000.e
e10
e10
1e-
-
1ee2
1e+
1ee2
000.e
.
1e-
1e+
-
0e
1.2.3
1e+
++1
e10
1e-
0e
++1
1.2.3
1e
.
0e
-
1e-
.
1ee2
1.2.3
e10
1e-
+
abc
1e
1.2.3
000.e
-
e10
0e
abc
-
1.2.3
+
+
.
--2
000.e
1e
0e
1e+
abc
+
1e+
-
e10
1e
e10
-
.
1e-
1.2.3
000.e
.
1e
1ee2
abc
0e
1e
000.e
-
1e
0e
.
000.e
1e
++1
1ee2
e10
000.e
1ee2
0e
1ee2
1.2.3
abc
1e
0e
e10
e10
000.e
+
.
abc
.
1e+
1e-
0e
abc
1e+
0e
+
0e
++1
1.2.3
000.e
--2
e10
1ee2
--2
0e
1e
+
1e-
1ee2
++1
.
1ee2
1e-
1ee2
0e
-
1.2.3
.
0e
0e
-
000.e
1e
000.e
1ee2
1.2.3
+
+
e10
abc
000.e
++1
1ee2
e10
1ee2
e10
000.e
+
abc
-
.
.
e10
+
+
-
1e-
1e
0e
1ee2
0e
1.2.3
1e-
1ee2
-
e10
1e
+
.
+
.
abc
1e-
.
000.e
e10
+
1.2.3
000.e
+
--2
1e
abc
e10
1e-
-
1e+
.
++1
.
e10
1e
abc
++1
1e+
1ee2
000.e
+
e10
0e
1e
0e
++1
.
abc
1ee2
+
0e
1e
000.e
abc
0e
1.2.3
1e-
-
1e+
1e-
e10
1e
1.2.3
1e+
++1
e10
++1
1e
.
1ee2
1e
1ee2
--2
1ee2
+
--2
.
+
0e
++1
1ee2
1.2.3
e10
e10
000.e
e10
+
0e
1e
+
.
+
++1
+
--2
1e-
1ee2
1ee2
abc
++1
++1
1ee2
-
1ee2
+
-
-
+
000.e
++1
000.e
++1
-
+
+
abc
-
1e-
++1
+
000.e
-
e10
--2
1e
.
.
--2
.
1e+
0e
1ee2
1e-
1e
++1
-
0e
--2
1ee2
1e
+
1ee2
e10
.
e10
1.2.3
+
abc
-
000.e
1e+
1e+
e10
++1
1ee2
1e-
1e+
000.e
++1
--2
1.2.3
1ee2
abc
-
+
1.2.3
-
1ee2
1e-
abc
1.2.3
1ee2
.
.
e10
000.e
1.2.3
++1
1e
++1
1e
0e
1e-
+
1.2.3
++1
000.e
1e
000.e
1e+
1e
1e-
1.2.3
1.2.3
1ee2
0e
--2
e10
1ee2
+
0e
000.e
000.e
abc
abc
.
1ee2
.
1.2.3
1e-
1e
1e
-
abc
abc
e10
abc
-
1e
--2
1e-
abc
-
--2
000.e
-
0e
.
--2
abc
1e+
abc
e10
abc
1e-
-
1e-
1.2.3
--2
1ee2
--2
0e
1e
000.e
1ee2
1ee2
1e+
1ee2
+
1e+
e10
abc
1e+
1e+
++1
1.2.3
+
1.2.3
1ee2
0e
1ee2
e10
++1
+
--2
++1
1e+
000.e
--2
e10
1.2.3
--2
1e+
1ee2
1e-
1.2.3
0e
0e
abc
-
1e-
1ee2
1e+
.
1.2.3
0e
--2
000.e
1e-
.
-
1ee2
1.2.3
--2
.
0e
abc
+
1.2.3
--2
0e
--2
0e
1ee2
e10
0e
1.2.3
1ee2
.
1.2.3
abc
1ee2
e10
e10
1e
1e
abc
1.2.3
1e-
1e-
0e
++1
1ee2
--2
1ee2
1e
0e
e10
1ee2
-
abc
e10
1e+
++1
1e+
-
1e-
1e
0e
1ee2
1ee2
1ee2
e10
1e-
++1
e10
-
abc
1e-
++1
1e-
++1
.
-
1e-
1e+
1ee2
0e
--2
0e
000.e
1ee2
1e+
.
1e-
1.2.3
000.e
1e-
1ee2
1.2.3
.
1e-
1ee2
1e+
-
1.2.3
0e
1e-
1e
1e-
1e+
abc
.
-
000.e
1e
1e-
1ee2
--2
--2
1e+
0e
1ee2
-
abc
abc
abc
1.2.3
1e-
-
++1
+
1e
+
.
e10
1e+
1ee2
1e+
e10
1e-
e10
1e
000.e
000.e
-
1e-
abc
1.2.3
1e+
1e+
1e+
++1
abc
0e
1.2.3
+
0e
1e+
000.e
.
0e
1ee2
1ee2
-
000.e
-
1e-
1e
1e
--2
000.e
1e+
1e
1ee2
1e-
+
000.e
e10
--2
1.2.3
000.e
1e
000.e
.
000.e
--2
000.e
-
000.e
1e+
1.2.3
+
1e-
e10
.
0e
+
1e-
e10
-
1e-
e10
--2
1e+
.
1.2.3
1e-
--2
+
000.e
000.e
1e-
1.2.3
1e
+
1ee2
1.2.3
-
e10
--2
--2
1ee2
-
1.2.3
1.2.3
.
e10
abc
--2
-
.
1e+
000.e
--2
0e
abc
1e
++1
++1
+
000.e
1e
e10
e10
1e+
abc
1.2.3
0e
1e+
000.e
1e
-
0e
.
+
000.e
++1
e10
--2
1ee2
1e+
1e+
abc
+
1.2.3
1ee2
1ee2
abc
++1
1e
1.2.3
1e
1e-
e10
--2
0e
000.e
1e
e10
1e-
-
++1
+
1e
++1
1e-
.
--2
+
1e
-
1.2.3
0e
e10
1ee2
000.e
1e+
000.e
0e
0e
1.2.3
+
abc
-
+
e10
0e
000.e
000.e
1e-
1e-
0e
-
abc
0e
e10
abc
0e
++1
+
1.2.3
1e+
1.2.3
.
--2
-
1e-
-
1e+
abc
1ee2
abc
1e
1e
+
000.e
0e
+
e10
1.2.3
1e
e10
+
1.2.3
abc
1e
-
abc
--2
abc
-
1ee2
1e+
-
1e+
abc
1ee2
--2
e10
+
1e
1.2.3
000.e
e10
+
abc
abc
1e
1e-
--2
++1
1e+
1e-
++1
-
1ee2
0e
1.2.3
1e-
1.2.3
1e-
++1
1.2.3
+
++1
1e
1ee2
++1
1ee2
1e+
1.2.3
000.e
1e
++1
1.2.3
1e
.
1e+
1e+
1e
1e-
1ee2
1e-
.
1e
1e-
1.2.3
+
-
--2
abc
+
000.e
-
+
-
abc
e10
+
1e-
1e+
-
0e
.
+
1e+
1.2.3
-
-
.
1e-
1e-
0e
e10
000.e
1ee2
++1
0e
++1
1e
++1
1ee2
++1
1e
e10
+
++1
-
+
abc
abc
1.2.3
1e+
--2
++1
000.e
--2
.
0e
0e
--2
++1
--2
1.2.3
1e+
e10
1e+
-
1e-
--2
1.2.3
++1
e10
++1
+
1e
1e
1ee2
--2
0e
1.2.3
e10
abc
e10
1e-
0e
1e+
--2
1e+
+
++1
1e-
0e
1e
1e-
abc
.
1e
1ee2
000.e
+
1e+
1ee2
.
++1
1ee2
0e
e10
+
+
+
++1
1e
1e
abc
+
1e
+
000.e
1e
e10
e10
1e
0e
.
000.e
--2
e10
000.e
.
+
1e-
1ee2
++1
1e-
1e
1e+
e10
-
0e
0e
0e
.
--2
.
e10
.
000.e
1e-
+
-
--2
-
1e
--2
000.e
1e+
1e+
++1
1.2.3
-
000.e
1.2.3
+
-
000.e
000.e
-
e10
1e
-
e10
1e+
1.2.3
1.2.3
--2
1e-
-
e10
e10
+
+
--2
000.e
1e+
.
1e
--2
000.e
0e
++1
+
1e-
1.2.3
1e
1e+
0e
abc
1e+
abc
1e-
0e
e10
abc
.
000.e
+
1e
+
abc
.
1e
1e-
--2
.
.
1e-
--2
.
1e+
1e
++1
e10
1e-
1ee2
1e
--2
+
0e
1e
+
e10
abc
e10
1e
1e
.
abc
1e
1ee2
1e-
-
+
-
1e-
000.e
1e-
-
.
000.e
0e
1e
-
-
1ee2
++1
.
.
--2
0e
abc
.
abc
1e+
abc
000.e
--2
.
e10
-
abc
1e+
e10
1e-
1e-
1e-
++1
1ee2
1e
++1
.
--2
abc
1e-
-
1.2.3
1e-
0e
1e+
1ee2
1e+
000.e
1ee2
e10
abc
1e
1e-
0e
000.e
-
++1
abc
abc
1.2.3
000.e
e10
1ee2
+
1.2.3
1.2.3
1ee2
e10
abc
000.e
0e
1ee2
1e
.
e10
1ee2
-
+
-
1e-
000.e
--2
1.2.3
1e
0e
000.e
1e+
000.e
000.e
1ee2
+
0e
+
-
e10
000.e
+
000.e
0e
1e-
--2
1ee2
1ee2
-
++1
+
--2
1.2.3
-
abc
1e+
+
1ee2
1e+
000.e
0e
+
000.e
--2
.
1e+
1e-
e10
0e
--2
+
1ee2
+
0e
++1
1ee2
abc
--2
000.e
-
+
1ee2
++1
1.2.3
abc
-
e10
--2
1.2.3
--2
++1
abc
1e
0e
0e
000.e
1ee2
1e-
-
-
--2
0e
-
.
.
1e
+
1ee2
000.e
1e
-
1.2.3
1e-
1.2.3
--2
-
0e
++1
1e-
1e
1e+
-
++1
--2
1.2.3
0e
-
+
-
000.e
--2
--2
+
e10
1e+
+
-
-
1e
+
+
1e
000.e
e10
e10
1e-
1ee2
-
1e+
1ee2
abc
++1
-
1ee2
abc
000.e
1.2.3
e10
000.e
-
000.e
++1
000.e
++1
++1
1ee2
++1
+
abc
1.2.3
000.e
-
1.2.3
1e-
1e+
1e+
0e
--2
-
+
++1
-
000.e
0e
1e
++1
abc
++1
.
abc
e10
0e
0e
--2
1e+
1.2.3
++1
1e
000.e
1ee2
-
1.2.3
1.2.3
1e
1.2.3
1.2.3
1ee2
1e+
1e-
0e
++1
e10
--2
.
000.e
e10
--2
-
.
1e-
1e
abc
--2
1.2.3
000.e
--2
1e+
1e+
1e-
0e
0e
++1
abc
1e-
abc
--2
abc
1e+
.
1e+
abc
1.2.3
abc
1ee2
0e
.
0e
--2
--2
e10
1.2.3
1ee2
1.2.3
++1
1.2.3
1.2.3
000.e
abc
+
.
e10
0e
0e
1e
1.2.3
000.e
++1
1ee2
0e
1e
1e-
++1
abc
1e
1e
1ee2
--2
--2
--2
.
0e
000.e
++1
1.2.3
1ee2
0e
0e
e10
+
000.e
+
--2
1.2.3
.
1ee2
+
0e
e10
abc
e10
1ee2
0e
0e
-
1.2.3
1e-
1e
.
++1
000.e
1e+
e10
1e
.
++1
+
1.2.3
+
000.e
1e+
1ee2
--2
abc
-
0e
+
+
1e
000.e
abc
-
e10
1e+
.
+
1e
e10
1e
1ee2
--2
1.2.3
abc
++1
--2
1.2.3
0e
e10
1ee2
0e
1e-
.
.
-
abc
1.2.3
1.2.3
000.e
0e
1e+
-
e10
--2
1.2.3
-
1ee2
1e-
1e-
1e+
abc
1e+
-
1.2.3
1e
0e
1.2.3
0e
1ee2
1ee2
--2
e10
e10
0e
1e+
1.2.3
++1
++1
1e
1e-
.
1e+
1e-
1e-
abc
e10
++1
1.2.3
+
+
e10
-
1e-
1ee2
1e+
000.e
1e
-
0e
-
++1
1e-
000.e
+
1ee2
000.e
1ee2
abc
-
1.2.3
1e+
.
+
+
1ee2
1e-
abc
1.2.3
1ee2
+
1e-
0e
000.e
+
0e
1.2.3
000.e
1.2.3
0e
1ee2
++1
--2
abc
--2
000.e
--2
1e+
1e+
000.e
--2
+
--2
000.e
--2
+
.
-
+
1e+
-
++1
-
0e
++1
1e+
.
1.2.3
++1
1e-
1ee2
000.e
.
1ee2
.
++1
abc
1e
-
+
++1
1ee2
0e
++1
.
++1
1e
.
1.2.3
1e+
1e
-
1e-
-
000.e
1.2.3
1ee2
1.2.3
--2
1ee2
1ee2
1e+
1.2.3
000.e
e10
1.2.3
1e-
1e-
.
0e
++1
1ee2
-
1ee2
1e
+
0e
1ee2
abc
.
--2
1e+
1ee2
000.e
000.e
++1
abc
+
1e+
1ee2
e10
1e+
+
++1
--2
0e
-
.
1e+
1e
1ee2
--2
1e+
1ee2
abc
--2
--2
0e
1ee2
abc
1.2.3
++1
+
--2
.
e10
e10
1ee2
1e
1e
.
000.e
.
--2
e10
0e
0e
1ee2
++1
0e
1e
e10
0e
.
0e
1e
++1
--2
++1
1e+
+
abc
0e
1ee2
1e+
1e+
++1
1ee2
1e+
1e+
1e+
.
1e+
1e+
++1
1e-
--2
1e
1.2.3
1e+
--2
e10
1e-
+
1e
+
1e
1e
.
1e
1.2.3
.
1ee2
1ee2
abc
0e
0e
1.2.3
1e+
1.2.3
000.e
.
0e
--2
1e-
0e
.
1e-
1ee2
++1
1e+
1.2.3
+
1e+
0e
0e
1.2.3
--2
1.2.3
1e+
1e+
1.2.3
++1
1e+
000.e
1.2.3
0e
1e
abc
.
++1
--2
abc
.
e10
1e-
1e+
1.2.3
e10
1e+
000.e
1e
1e-
1.2.3
e10
1ee2
0e
000.e
-
+
1.2.3
1e-
++1
-
1ee2
1ee2
+
1e+
++1
0e
1e-
.
--2
1e+
e10
.
-
--2
1e-
abc
000.e
1.2.3
abc
1.2.3
+
--2
1ee2
abc
000.e
+
1.2.3
abc
1.2.3
000.e
1e-
+
1.2.3
1e+
-
++1
.
1.2.3
1ee2
1.2.3
e10
1e-
000.e
1ee2
++1
++1
1e
1e-
.
1e
++1
1e-
1ee2
--2
.
e10
1e-
1e+
e10
0e
1.2.3
0e
1.2.3
1e
--2
abc
+
.
abc
000.e
0e
++1
000.e
1e+
abc
1e+
+
e10
000.e
1ee2
1.2.3
1e+
1e
000.e
+
--2
e10
1e+
--2
1ee2
000.e
1e
abc
0e
++1
1ee2
1e-
-
1e-
000.e
abc
1.2.3
abc
abc
1ee2
.
1e
abc
1.2.3
abc
1ee2
-
--2
abc
0e
abc
1e+
abc
.
-
+
-
abc
.
.
1.2.3
0e
1e+
abc
1.2.3
1e
000.e
--2
-
.
0e
abc
1e-
0e
000.e
1ee2
1ee2
1e+
.
1.2.3
-
++1
1e
0e
+
000.e
1e+
abc
-
1e-
1.2.3
++1
++1
e10
+
-
--2
--2
1e-
1.2.3
--2
000.e
abc
--2
1e-
++1
e10
1.2.3
+
abc
000.e
-
e10
--2
-
-
1e-
1e+
.
++1
e10
1ee2
.
000.e
--2
.
.
--2
1e-
+
1.2.3
1.2.3
1e
--2
e10
000.e
+
0e
1e
+
1ee2
++1
++1
000.e
.
+
000.e
1e
1e-
+
000.e
1.2.3
--2
--2
-
+
+
1e+
++1
++1
+
+
0e
+
1e-
-
-
1.2.3
1e
1e
-
-
-
--2
e10
1e+
000.e
-
1ee2
abc
1e+
1e+
1.2.3
1.2.3
-
0e
1ee2
+
000.e
--2
000.e
000.e
1ee2
1e-
e10
++1
0e
1e+
abc
+
-
abc
.
--2
--2
000.e
1e+
--2
1.2.3
1.2.3
abc
0e
1e+
abc
000.e
++1
1ee2
000.e
--2
-
1e+
+
1e
1e
.
1e+
1.2.3
1e-
1e+
000.e
--2
0e
abc
000.e
+
0e
1e+
000.e
000.e
e10
.
+
--2
1e-
-
-
++1
1e-
+
000.e
.
1ee2
1ee2
-
1e
1ee2
000.e
+
0e
1e+
.
.
++1
1.2.3
+
-
0e
+
0e
++1
e10
.
e10
e10
.
0e
.
1e+
e10
0e
1ee2
1e-
000.e
000.e
1e
++1
--2
+
1.2.3
.
000.e
abc
+
000.e
000.e
1.2.3
.
++1
+
1ee2
--2
1ee2
1e-
1e-
+
e10
0e
1.2.3
1.2.3
+
--2
1.2.3
abc
1e-
1e
+
abc
abc
1.2.3
1e
-
000.e
abc
1ee2
1e+
000.e
1ee2
-
++1
1e-
abc
1ee2
1ee2
e10
-
-
0e
-
+
1e-
+
1e+
1e+
abc
1e-
1e-
1e+
000.e
abc
0e
000.e
e10
0e
1ee2
1e+
1e+
1e-
1e+
1.2.3
e10
1e-
.
abc
1e+
e10
e10
+
-
abc
++1
abc
0e
++1
+
--2
--2
1e-
.
.
+
.
000.e
1e-
++1
1.2.3
000.e
++1
1.2.3
1e-
1e-
1e
1e+
abc
abc
000.e
e10
1.2.3
1e-
++1
1e-
1e-
1e+
e10
1e+
1.2.3
000.e
1e-
+
1ee2
e10
1e
++1
1ee2
1.2.3
.
1e+
abc
e10
1.2.3
--2
1ee2
000.e
-
+
+
1e
-
1e-
abc
e10
1e+
-
-
000.e
--2
--2
+
-
abc
++1
--2
abc
1e-
e10
1.2.3
.
+
1e
1e+
1.2.3
-
--2
.
000.e
1.2.3
+
1e+
1e-
++1
--2
.
e10
abc
1e-
-
++1
.
.
1e-
.
1ee2
e10
1.2.3
.
e10
--2
0e
0e
--2
--2
1e+
++1
e10
1e-
abc
.
000.e
1e-
000.e
e10
0e
0e
+
1e
000.e
1e+
1.2.3
-
--2
abc
+
++1
1e+
--2
1ee2
000.e
abc
e10
.
e10
+
1e
e10
1e+
0e
000.e
--2
++1
-
1ee2
-
1e-
0e
--2
000.e
1e
abc
e10
+
abc
--2
1.2.3
+
1e-
-
1e-
.
+
1.2.3
0e
-
0e
1e-
1.2.3
++1
1e
++1
--2
+
1ee2
--2
1e
1e-
1e+
1e
.
++1
1e
--2
-
--2
+
1ee2
-
1e-
1e
000.e
0e
e10
--2
1ee2
1e+
e10
+
1e+
1e+
0e
e10
1e+
++1
1.2.3
.
++1
e10
e10
1e+
e10
e10
abc
.
1e-
1e
-
1ee2
1e
.
.
1e-
1ee2
1ee2
1e+
+
1e
1e+
--2
0e
-
e10
000.e
.
1e+
.
1e-
1.2.3
1e-
000.e
1ee2
.
1e+
1.2.3
1e-
1e-
--2
1e-
000.e
0e
++1
1e-
e10
--2
++1
0e
000.e
000.e
1e
1e
1e+
-
++1
0e
0e
abc
abc
e10
.
1e+
+
--2
abc
e10
++1
1e-
++1
000.e
e10
1.2.3
-
++1
1e
abc
1e+
abc
++1
0e
++1
1e+
1ee2
1ee2
--2
.
0e
1e+
--2
1e+
1.2.3
000.e
000.e
0e
0e
1e-
1.2.3
--2
1.2.3
1e
000.e
1e-
1ee2
--2
1e+
1ee2
000.e
--2
0e
1e
1e+
-
e10
1e+
abc
+
abc
e10
1.2.3
--2
1e
+
1e
-
-
++1
.
1e
-
000.e
-
++1
.
1.2.3
1e
--2
++1
0e
1e+
abc
0e
1ee2
0e
--2
-
.
000.e
+
1e-
-
0e
e10
0e
++1
1e+
1ee2
0e
000.e
.
1ee2
+
1e-
--2
1ee2
-
++1
--2
0e
1.2.3
++1
1e-
000.e
1.2.3
+
+
++1
++1
1.2.3
++1
000.e
--2
1ee2
1.2.3
.
000.e
1e
e10
e10
--2
++1
--2
+
1e
-
+
.
.
0e
1e+
abc
++1
1e
++1
-
1ee2
1e-
.
000.e
1.2.3
--2
1e+
++1
1ee2
1.2.3
0e
--2
++1
1e+
--2
-
1e
++1
1e+
1ee2
--2
1e-
0e
abc
--2
--2
--2
000.e
1e-
1ee2
+
1e+
--2
e10
abc
+
--2
000.e
1e+
+
1e-
1ee2
abc
+
1ee2
+
0e
1e
++1
-
.
000.e
0e
000.e
1.2.3
abc
+
abc
1e+
abc
1e+
+
+
e10
abc
-
1e+
1e+
+
+
--2
abc
1e
1e+
1e
--2
+
++1
1.2.3
000.e
.
.
1e+
++1
abc
--2
+
e10
1e+
--2
1ee2
1ee2
abc
000.e
.
.
1.2.3
--2
++1
+
e10
++1
1ee2
1.2.3
abc
1e+
000.e
0e
1e+
abc
.
1e-
++1
000.e
++1
1ee2
1e-
--2
+
000.e
--2
e10
--2
1ee2
abc
1.2.3
--2
1.2.3
1ee2
e10
000.e
e10
e10
++1
1e+
+
.
0e
+
++1
++1
000.e
--2
1e-
1.2.3
--2
--2
1e-
1e
--2
.
000.e
.
++1
e10
1e-
1e-
0e
abc
+
1.2.3
.
000.e
+
abc
1ee2
0e
--2
--2
1.2.3
1e-
e10
+
000.e
abc
e10
000.e
1e-
+
000.e
--2
+
++1
abc
1e
.
000.e
.
1.2.3
abc
1.2.3
1ee2
1e+
000.e
0e
++1
abc
+
++1
0e
1.2.3
--2
-
abc
--2
000.e
--2
abc
1ee2
--2
-
1e+
1e
++1
-
+
1e+
000.e
0e
-
.
.
e10
abc
--2
1e
+
1.2.3
-
++1
--2
1e
0e
0e
1e-
--2
abc
1e
1e+
1ee2
-
.
+
1e-
1.2.3
+
++1
e10
1ee2
1e-
e10
.
--2
1e+
--2
1ee2
1e-
1.2.3
+
--2
000.e
+
1.2.3
1.2.3
1e+
-
+
--2
0e
1ee2
1e-
-
.
+
abc
1e+
1e-
1.2.3
-
++1
e10
+
+
.
0e
1ee2
.
1ee2
++1
1ee2
--2
1.2.3
1e
1e-
0e
abc
-
e10
.
--2
e10
1e+
000.e
1e-
0e
000.e
.
abc
0e
-
e10
.
-
+
1.2.3
1e+
1.2.3
++1
1.2.3
abc
1e-
0e
0e
1e+
1e+
++1
e10
.
--2
0e
0e
+
++1
1ee2
1e-
1e
1e-
+
+
1e
+
1e-
1e+
abc
1e-
+
1e
1e-
--2
-
.
1.2.3
++1
+
--2
000.e
1e-
+
1e
e10
++1
1e
0e
1.2.3
++1
1.2.3
++1
-
1e+
1e
1ee2
0e
1.2.3
1.2.3
++1
abc
-
000.e
1ee2
-
1e-
1e+
1e+
1e+
1ee2
1ee2
.
--2
.
1ee2
.
1ee2
1e-
abc
e10
e10
1e
000.e
abc
1e-
abc
0e
1e
1e+
.
1ee2
e10
1e+
--2
.
--2
1e+
.
.
1e+
+
1ee2
-
abc
1.2.3
abc
0e
abc
--2
1.2.3
1e+
+
1.2.3
1e+
-
.
1ee2
-
1e-
+
1e+
e10
--2
1e
1e
000.e
0e
-
+
++1
1e
0e
000.e
+
1e+
1.2.3
0e
1ee2
.
1.2.3
--2
abc
e10
1.2.3
.
000.e
000.e
1e
000.e
1e
0e
1.2.3
e10
1e-
+
1e
++1
1e+
1.2.3
000.e
1e
abc
abc
000.e
++1
1e
000.e
1e
1.2.3
.
1e+
1e+
000.e
1e+
1e
1e
0e
000.e
+
e10
--2
1e+
--2
abc
+
1e+
e10
000.e
.
1e-
.
--2
1e-
abc
1e+
1e+
1e
abc
e10
1e-
0e
1e-
+
.
--2
abc
-
1.2.3
--2
0e
1.2.3
abc
1e
+
1ee2
1ee2
1e-
--2
1e+
--2
abc
1e
++1
000.e
1e
e10
abc
+
1.2.3
abc
--2
.
1.2.3
1e+
-
abc
1e+
.
.
1ee2
000.e
1e
1e
0e
.
1.2.3
0e
0e
+
1e-
000.e
+
e10
.
--2
--2
-
abc
abc
.
1e+
++1
abc
0e
1ee2
abc
1e
1e-
1e+
1e
++1
++1
abc
1e
.
1e+
1e-
000.e
1e+
.
.
1e-
1e
000.e
0e
.
1e+
.
1e+
0e
abc
1ee2
000.e
1e
0e
.
1.2.3
0e
-
++1
1.2.3
++1
++1
e10
1e-
-
1ee2
abc
1ee2
abc
.
+
e10
e10
e10
-
1e
1e-
1e-
000.e
000.e
-
1e+
.
e10
1e
++1
e10
+
1e+
1.2.3
-
1e+
1e
abc
1e-
1.2.3
1.2.3
-
-
1e-
1e-
e10
0e
1e
0e
e10
++1
1ee2
1.2.3
000.e
0e
1ee2
0e
1e-
1.2.3
1ee2
-
1.2.3
1e
--2
+
++1
1e-
abc
++1
.
-
++1
000.e
++1
++1
0e
0e
1e-
+
abc
1ee2
++1
++1
++1
abc
000.e
++1
e10
+
-
-
1e+
++1
1e+
-
++1
abc
-
1e
abc
-
000.e
1.2.3
1e
++1
e10
--2
abc
1e
1.2.3
1e-
1e-
0e
abc
-
1e+
-
-
-
0e
e10
-
1e-
-
1e-
.
1e-
1.2.3
1e-
1e
+
000.e
-
1e+
.
1e
++1
0e
e10
1.2.3
0e
++1
++1
1e+
1.2.3
1e
1e+
1.2.3
+
1e+
-
e10
1e+
++1
1e
1e-
1e
1e+
1e+
1e+
+
+
++1
e10
-
++1
000.e
-
1e-
abc
abc
1e
--2
0e
++1
000.e
--2
1.2.3
e10
+
++1
++1
1e+
e10
-
+
0e
+
+
+
-
-
1e+
1.2.3
.
1e
1.2.3
-
1ee2
1.2.3
1e-
e10
1ee2
--2
0e
e10
000.e
1e+
+
.
-
1e
1.2.3
++1
000.e
abc
1e+
-
1.2.3
abc
e10
++1
1e-
1.2.3
.
1.2.3
++1
1ee2
+
1e+
.
000.e
e10
1e-
.
-
1e+
abc
+
0e
-
.
1e-
1ee2
0e
1e+
-
--2
-
1e-
+
--2
+
0e
e10
0e
000.e
1.2.3
1ee2
-
1e+
1e-
e10
1ee2
1ee2
1e
+
1e+
-
000.e
1e+
1.2.3
1e-
0e
1e
--2
1ee2
e10
1e-
1ee2
-
1.2.3
1ee2
.
000.e
1e-
1e-
--2
1.2.3
--2
1e
e10
+
0e
1ee2
000.e
+
1e
e10
abc
1.2.3
++1
+
.
1ee2
1.2.3
1.2.3
1.2.3
e10
++1
-
1e+
1ee2
--2
+
1ee2
000.e
-
++1
1.2.3
1e
-
+
000.e
0e
1e-
+
1e
++1
++1
000.e
-
abc
--2
+
1e
--2
e10
--2
1e
1e+
1.2.3
1e
1.2.3
abc
1e
1.2.3
1e
+
0e
+
abc
1e+
e10
++1
1e+
.
1e-
.
e10
+
-
1.2.3
0e
abc
abc
.
--2
--2
abc
1ee2
--2
.
e10
abc
-
000.e
.
abc
1ee2
abc
.
000.e
-
0e
.
--2
e10
--2
.
.
1.2.3
+
1e
1ee2
1e+
1e
++1
1.2.3
--2
-
abc
+
abc
1.2.3
1e
1e-
1e-
--2
000.e
abc
++1
1e+
1ee2
0e
abc
1e+
++1
1e
1e-
++1
0e
1e
+
1.2.3
e10
abc
+
000.e
1ee2
0e
0e
.
1.2.3
+
--2
abc
+
+
.
1e-
0e
1ee2
1ee2
0e
-
abc
1e
e10
--2
+
--2
1e+
+
+
1e+
abc
1e+
.
1.2.3
1e-
1e+
1.2.3
-
.
+
1e+
-
.
1ee2
--2
.
0e
1ee2
++1
0e
1e
1e+
1.2.3
1e+
000.e
+
1e-
1e+
+
abc
e10
1ee2
1e
++1
e10
++1
++1
--2
e10
e10
1e+
abc
e10
0e
1e
++1
1ee2
0e
000.e
+
++1
.
--2
+
1ee2
.
1e
1ee2
e10
--2
-
--2
--2
1e-
1e
000.e
++1
++1
.
0e
+
-
.
1e+
e10
1e
.
000.e
1e+
abc
1e-
e10
++1
1ee2
-
000.e
000.e
+
+
1ee2
1.2.3
-
1e
1e-
+
++1
0e
1e-
++1
.
1e-
000.e
+
--2
+
1.2.3
0e
.
--2
0e
e10
--2
-
1e
+
abc
e10
-
1ee2
1e+
1e
1ee2
abc
abc
1e-
+
-
1e
1e
++1
-
abc
-
.
1ee2
e10
1ee2
1e-
abc
.
++1
++1
1.2.3
.
1ee2
1e+
+
--2
.
1ee2
0e
++1
1e+
.
--2
.
000.e
1e
1e
0e
0e
0e
000.e
+
abc
0e
e10
1ee2
+
--2
1e-
+
e10
1e+
000.e
1e-
000.e
abc
--2
0e
1e
e10
.
abc
+
1e-
1e
000.e
-
1e
0e
1.2.3
1e-
1e
1e
abc
++1
.
.
e10
1.2.3
0e
--2
0e
--2
abc
+
000.e
1e-
1ee2
1e+
-
1e
++1
--2
000.e
1ee2
e10
000.e
000.e
1ee2
1.2.3
0e
1.2.3
1ee2
1e-
0e
1.2.3
--2
e10
1.2.3
++1
000.e
1ee2
1e
-
0e
++1
0e
--2
-
0e
1e
++1
1.2.3
+
0e
--2
1e
.
-
1.2.3
.
+
-
1e-
1ee2
--2
+
000.e
-
+
1ee2
+
--2
000.e
1e+
1e-
0e
000.e
-
1ee2
1ee2
--2
-
1e
1.2.3
-
0e
e10
e10
1e-
1ee2
++1
1e-
e10
+
+
abc
+
++1
--2
1e+
-
1e-
--2
0e
1e-
abc
1e
1.2.3
abc
1e
+
1e-
++1
1e
.
1e
1e+
abc
+
.
++1
abc
1e
abc
1e
e10
1e-
++1
1e
1e+
e10
.
0e
++1
abc
1e+
1e-
abc
e10
0e
-
abc
-
+
000.e
--2
1e+
0e
1ee2
1e+
1.2.3
-
1.2.3
e10
000.e
-
++1
1.2.3
000.e
1ee2
1ee2
e10
.
++1
+
abc
abc
1ee2
1e
1e+
abc
--2
.
1e
+
1.2.3
1e
1.2.3
e10
--2
000.e
1ee2
000.e
e10
1ee2
0e
.
0e
000.e
.
+
--2
+
e10
--2
+
1e-
+
.
1e-
.
1e-
1e+
-
--2
1ee2
1.2.3
1e
1.2.3
1.2.3
1e+
.
1e-
1e-
1e+
1e+
1e+
+
--2
1e
.
abc
abc
1e
1e-
0e
1e+
0e
1e-
000.e
abc
.
e10
-
1e
++1
0e
1e
1ee2
--2
++1
-
+
--2
000.e
.
++1
1e-
1.2.3
1e+
1e
0e
1e-
abc
.
.
--2
1.2.3
+
1e-
0e
1e-
-
000.e
1e+
.
e10
000.e
-
1e
1.2.3
1e-
++1
+
+
++1
1ee2
.
-
1.2.3
1.2.3
.
e10
000.e
000.e
e10
1ee2
.
1e+
++1
1e+
1e
1e
e10
1e
+
+
1e+
+
-
.
.
abc
abc
1e
--2
1.2.3
-
000.e
1e+
000.e
1e
1e
--2
.
000.e
e10
000.e
e10
1e
1.2.3
0e
1e+
e10
1.2.3
--2
-
e10
+
abc
1e+
1e
1e-
.
-
1e-
--2
1.2.3
abc
1ee2
1e-
1.2.3
e10
1e
abc
0e
++1
abc
+
1e
1.2.3
1.2.3
1e
1.2.3
1e+
1e-
e10
++1
.
e10
+
000.e
e10
1e-
abc
e10
++1
abc
000.e
+
0e
1e
.
+
++1
1e
1ee2
0e
1e
000.e
000.e
abc
--2
+
1e
1e
+
++1
000.e
e10
000.e
1e
.
1ee2
e10
0e
abc
0e
abc
1.2.3
--2
++1
1e+
abc
++1
++1
1e-
--2
1e+
.
e10
1e+
0e
1.2.3
--2
.
1.2.3
-
1.2.3
1e
--2
-
1e
1e
1e-
1.2.3
++1
1.2.3
0e
abc
abc
1e
++1
1e
0e
1e-
++1
0e
e10
e10
000.e
0e
++1
++1
.
++1
++1
e10
+
e10
000.e
1e+
+
000.e
e10
1.2.3
++1
1e-
1ee2
000.e
1e
000.e
--2
.
++1
+
abc
1e
-
e10
e10
1.2.3
--2
1e-
1e+
0e
++1
1e-
abc
000.e
1e-
1e-
1.2.3
1e-
--2
++1
1e
e10
--2
+
1e+
0e
e10
.
+
1ee2
000.e
.
1.2.3
-
0e
1e-
-
1e
.
-
1.2.3
1e-
1e
-
-
-
e10
abc
-
1.2.3
++1
-
.
--2
0e
0e
abc
--2
--2
1e
--2
e10
abc
1e+
.
1e-
++1
1e-
--2
000.e
.
1e+
.
.
.
e10
000.e
1.2.3
++1
e10
e10
0e
abc
e10
1e-
1e
--2
1e
--2
000.e
000.e
1e-
1e-
1e+
1e
000.e
.
1e
1e-
abc
--2
-
000.e
0e
1e+
.
1e+
1e
000.e
1ee2
1.2.3
1.2.3
-
1e-
000.e
1e+
--2
e10
.
--2
1.2.3
++1
0e
000.e
1e-
abc
+
--2
e10
1.2.3
1e+
000.e
1e+
1.2.3
1.2.3
--2
++1
000.e
++1
1.2.3
1e+
1e
1e-
-
0e
.
1e-
1e-
1e+
1e+
1e+
1ee2
e10
++1
-
1e+
.
1ee2
e10
--2
1ee2
+
.
1e+
1e-
1e
++1
1e+
e10
1e
1e+
-
1e
0e
1e+
e10
+
1.2.3
.
-
1e-
1e
1e-
1e-
.
.
.
1e
1ee2
0e
000.e
--2
e10
-
--2
++1
1e
-
e10
++1
++1
++1
+
000.e
.
1e-
1e+
.
1e
0e
++1
+
-
1e+
000.e
abc
.
0e
0e
1e-
1e
abc
+
0e
1.2.3
abc
1ee2
1e+
-
1.2.3
1.2.3
1e+
--2
1ee2
1e
+
1.2.3
-
.
++1
.
1.2.3
-
-
1.2.3
1e
e10
1e
++1
abc
0e
1ee2
1ee2
1e+
.
1e
.
.
++1
--2
.
e10
.
abc
0e
--2
1ee2
000.e
1ee2
1e-
.
e10
+
1e-
0e
--2
+
.
1e-
+
.
1e+
000.e
e10
1e-
++1
0e
abc
.
abc
+
0e
1e+
.
000.e
.
1e-
++1
000.e
--2
abc
+
-
000.e
1e+
abc
1e-
1e-
000.e
+
++1
1e-
1e+
1ee2
1.2.3
abc
1e
+
.
1e+
1ee2
.
1e-
1e-
1e
.
000.e
abc
1e+
+
.
1e-
.
.
1.2.3
1e
1e+
--2
+
1e+
.
0e
.
--2
e10
1e
1e
-
000.e
1e+
1e+
1e+
0e
-
abc
+
e10
++1
1e
+
abc
abc
1e
.
1e
--2
1.2.3
--2
+
--2
1e+
1ee2
abc
abc
-
1.2.3
1e
.
abc
e10
abc
.
1ee2
.
e10
1.2.3
e10
+
e10
abc
++1
1e-
++1
++1
1ee2
-
1e
1ee2
e10
0e
1ee2
.
--2
--2
0e
abc
1e
1e-
1e+
0e
-
0e
e10
1ee2
abc
.
1ee2
1ee2
++1
1ee2
1e+
e10
1e+
+
1e+
1e+
.
1e-
e10
0e
+
++1
.
0e
-
--2
1.2.3
++1
000.e
+
+
1.2.3
000.e
1ee2
abc
abc
++1
+
-
1ee2
abc
abc
-
1e-
0e
abc
1.2.3
+
1e-
++1
1e
abc
000.e
1.2.3
000.e
000.e
0e
1e+
+
1e-
abc
1ee2
++1
++1
--2
000.e
--2
-
-
-
1e+
abc
++1
e10
1ee2
++1
1.2.3
1.2.3
0e
+
1e
1e+
e10
abc
++1
+
1e-
1ee2
0e
+
--2
-
1ee2
+
-
++1
000.e
+
--2
abc
0e
1.2.3
--2
1.2.3
--2
.
++1
--2
abc
000.e
1.2.3
++1
1ee2
++1
1e+
1e-
1ee2
1e
+
abc
1e
-
e10
1ee2
1e-
abc
-
1e-
++1
000.e
1ee2
++1
1e+
1e+
000.e
.
1.2.3
abc
--2
--2
abc
.
000.e
--2
abc
.
1e+
1.2.3
000.e
--2
abc
e10
e10
++1
1e+
+
1.2.3
abc
abc
-
1ee2
1e+
++1
1.2.3
1e+
.
0e
0e
e10
1e+
++1
++1
000.e
++1
-
e10
-
1e+
1ee2
--2
000.e
e10
1e-
1.2.3
1e
0e
+
--2
++1
1e-
1.2.3
1e-
--2
1e
+
.
0e
.
-
1e+
++1
++1
000.e
++1
-
-
000.e
++1
--2
1e
000.e
000.e
--2
+
abc
-
+
0e
e10
-
--2
1e+
1.2.3
1ee2
+
abc
1e-
1ee2
--2
--2
1ee2
-
e10
0e
1e+
1e+
1ee2
000.e
1ee2
++1
1.2.3
+
1e-
--2
++1
+
abc
.
1e-
+
--2
--2
e10
e10
1e
1ee2
0e
+
1e+
++1
--2
1ee2
1e+
1e
++1
1e-
e10
1ee2
000.e
000.e
1e
--2
1e-
abc
000.e
1e+
++1
0e
-
.
-
1ee2
abc
1e+
abc
1e
e10
1e
0e
1e
1e-
000.e
-
--2
0e
.
1ee2
1.2.3
1.2.3
-
1ee2
0e
1.2.3
abc
++1
abc
1e
1e-
abc
abc
-
abc
+
e10
1e+
+
1e+
000.e
1ee2
1e+
abc
abc
1e+
-
1e-
1.2.3
000.e
abc
+
--2
+
++1
1e-
e10
000.e
++1
000.e
1e-
+
e10
1.2.3
+
--2
e10
1e-
0e
000.e
1ee2
++1
abc
1.2.3
++1
1e-
abc
+
0e
1e
abc
--2
1e
e10
++1
1ee2
-
1ee2
1ee2
abc
1e-
--2
-
e10
-
1e
1ee2
1e-
abc
1.2.3
000.e
1e-
e10
+
--2
1.2.3
1e+
1ee2
abc
abc
1e
1e
-
1e+
0e
+
-
.
.
1e-
--2
++1
1.2.3
--2
000.e
1e+
1e-
+
1.2.3
1e+
-
abc
1ee2
1ee2
1e-
1e-
1e-
e10
1.2.3
e10
+
1e-
1.2.3
abc
1e+
--2
1.2.3
-
1ee2
++1
-
+
-
0e
1ee2
+
abc
1.2.3
.
abc
--2
abc
--2
0e
1.2.3
+
++1
.
.
+
abc
--2
++1
000.e
1e+
abc
e10
1e-
.
e10
++1
1.2.3
--2
+
++1
+
.
++1
1ee2
1ee2
1.2.3
1e+
.
0e
1e+
000.e
+
abc
--2
1.2.3
1.2.3
++1
0e
-
1e
-
+
.
.
.
1e-
0e
e10
0e
1ee2
--2
0e
1e-
+
1e
++1
--2
-
1.2.3
1e+
0e
1.2.3
-
1e
e10
abc
1e-
e10
1e-
e10
.
0e
-
1.2.3
abc
+
--2
1e-
abc
--2
1.2.3
1ee2
1e
e10
abc
1ee2
0e
0e
1e
1ee2
1.2.3
000.e
1.2.3
1ee2
+
-
abc
e10
--2
1e
000.e
++1
1ee2
0e
1e
--2
abc
++1
000.e
1.2.3
+
+
0e
1e-
0e
++1
abc
--2
--2
1.2.3
1ee2
.
abc
1.2.3
1e-
1e+
1.2.3
1.2.3
0e
1e+
000.e
--2
000.e
0e
-
1e-
1e-
e10
--2
1e+
1.2.3
abc
+
1ee2
--2
0e
1e+
+
+
1e
1.2.3
1e+
--2
1e-
-
abc
.
0e
1e+
+
+
--2
.
e10
000.e
+
+
000.e
1e-
1.2.3
abc
000.e
1e+
.
1.2.3
1e+
abc
e10
++1
--2
.
1e+
--2
0e
--2
0e
+
1ee2
1.2.3
.
0e
1e
++1
000.e
000.e
-
1e+
+
000.e
1.2.3
--2
.
1e
e10
--2
1.2.3
1ee2
++1
000.e
1e+
1e+
1e+
000.e
1e
+
1e
.
1.2.3
1e
--2
abc
1e-
0e
1.2.3
-
abc
++1
1ee2
1e
--2
++1
abc
1e+
1e
-
1.2.3
000.e
1.2.3
1e-
000.e
000.e
000.e
0e
1.2.3
--2
1e+
1ee2
++1
++1
-
000.e
.
1ee2
e10
1e-
e10
000.e
e10
++1
+
000.e
abc
e10
.
abc
0e
0e
1.2.3
1ee2
.
1.2.3
1e+
1e-
++1
abc
0e
abc
000.e
abc
abc
1e
0e
1e
++1
++1
--2
1e+
1e+
1e
0e
.
+
.
.
000.e
.
-
1ee2
1e+
--2
abc
1e-
-
abc
++1
e10
1.2.3
-
-
.
1e-
1e
0e
1e
1ee2
-
abc
++1
abc
-
1e
abc
1e
.
+
++1
1.2.3
1ee2
-
1e+
abc
+
1ee2
++1
0e
-
--2
1e
1ee2
abc
.
1.2.3
1e
abc
1e
1.2.3
++1
--2
0e
1.2.3
000.e
0e
+
-
0e
-
++1
abc
1e+
+
0e
++1
1e
1e+
--2
1e
0e
.
-
--2
0e
1e
1e-
1.2.3
-
1e
1ee2
++1
0e
abc
--2
-
000.e
1.2.3
abc
+
000.e
-
0e
++1
--2
abc
--2
0e
1e
+
+
1ee2
+
1ee2
1e+
abc
--2
+
1e-
1ee2
+
++1
++1
1e
++1
1e-
abc
1e
000.e
++1
1.2.3
+
1e+
1e+
0e
000.e
1e+
1.2.3
e10
1e
+
1e+
--2
1ee2
.
.
++1
1e-
1e+
-
000.e
000.e
e10
+
1e
abc
000.e
1e+
-
1.2.3
1e+
1e+
000.e
++1
0e
1e
1.2.3
1e+
0e
+
+
--2
000.e
1e
1e-
1ee2
000.e
+
e10
+
e10
1e
-
+
-
e10
1e+
0e
.
0e
+
abc
--2
-
1.2.3
0e
.
1e-
++1
e10
--2
++1
1e-
++1
abc
1e-
+
1.2.3
1e
1e
000.e
-
1e
1e-
1.2.3
-
-
000.e
1e+
1e-
1.2.3
1e-
.
1e-
1.2.3
-
++1
++1
1ee2
--2
1e+
1e-
--2
1ee2
++1
+
1e+
e10
-
.
++1
0e
1e-
-
+
+
++1
1ee2
.
e10
1e
++1
1ee2
--2
1e-
1ee2
+
1.2.3
.
e10
0e
--2
--2
000.e
--2
1.2.3
1ee2
.
1e+
0e
.
1e
1e
++1
-
abc
1e
.
1.2.3
1.2.3
0e
1ee2
.
1e-
e10
1e
1e-
1e+
e10
abc
1e-
e10
--2
--2
++1
.
1ee2
abc
1ee2
-
e10
1e
--2
.
0e
abc
.
++1
0e
0e
--2
000.e
1e+
.
abc
--2
0e
-
++1
1e
0e
.
abc
+
abc
abc
-
.
--2
000.e
++1
.
e10
0e
1.2.3
.
1ee2
+
1e+
e10
1e+
1e-
1.2.3
1e+
1.2.3
.
0e
e10
1ee2
000.e
000.e
1ee2
1e+
1e
-
.
1.2.3
1.2.3
1e-
e10
1e
.
abc
-
1.2.3
--2
1e
--2
000.e
1e-
e10
+
.
1e-
000.e
++1
+
+
--2
+
abc
e10
1e-
1e+
.
--2
0e
.
1e
1e+
.
e10
1e
1ee2
.
1e-
1.2.3
-
1.2.3
e10
1e+
1e
0e
.
1e+
0e
abc
0e
000.e
000.e
1ee2
+
--2
000.e
0e
0e
--2
1.2.3
abc
-
abc
e10
1ee2
e10
-
--2
1e-
1e
1.2.3
e10
e10
1ee2
+
0e
1e-
-
1ee2
0e
abc
-
+
1e
++1
000.e
++1
-
+
000.e
000.e
abc
0e
--2
0e
1e
abc
1.2.3
1ee2
abc
0e
1ee2
++1
1e-
.
e10
abc
1.2.3
e10
1.2.3
1e
0e
1e-
e10
abc
1.2.3
1e-
000.e
.
++1
1e
--2
--2
++1
000.e
++1
.
--2
1ee2
++1
000.e
1e
0e
1.2.3
-
1.2.3
e10
000.e
1e+
abc
000.e
000.e
1e-
1ee2
+
e10
--2
e10
--2
1e+
1ee2
--2
+
+
1ee2
--2
1e+
1e-
+
1.2.3
1.2.3
1e+
.
000.e
+
+
.
.
0e
000.e
-
1.2.3
abc
1e+
1e+
1.2.3
000.e
++1
.
.
abc
++1
+
0e
abc
000.e
000.e
000.e
1e
1e+
--2
e10
1e+
++1
1ee2
0e
abc
1e+
++1
abc
0e
1ee2
1ee2
1e+
000.e
000.e
abc
--2
1e-
1e
0e
abc
0e
1e
.
1ee2
--2
e10
.
1e+
1.2.3
e10
--2
1e+
-
abc
1e+
1.2.3
++1
+
.
e10
+
+
1.2.3
+
1e-
1e-
.
++1
000.e
-
-
1.2.3
000.e
-
1e-
+
abc
--2
--2
--2
.
0e
++1
+
+
000.e
abc
0e
+
--2
1.2.3
-
1e
abc
1e+
1e-
++1
e10
1e-
-
-
1e-
++1
e10
1e+
e10
1e-
-
e10
e10
1ee2
.
--2
--2
0e
++1
0e
1e+
0e
0e
1e+
1e+
abc
1.2.3
.
.
0e
+
e10
+
e10
.
abc
1ee2
-
abc
abc
1e+
1ee2
.
1ee2
0e
1e+
.
1e
1.2.3
000.e
e10
1e
++1
++1
000.e
1e
000.e
1e+
0e
+
000.e
-
000.e
1e-
abc
1e-
--2
1e+
++1
1e-
+
1e
-
1e+
.
1ee2
.
1ee2
1e+
1e+
000.e
-
abc
abc
1ee2
+
1e+
1ee2
1e-
-
-
abc
1e+
e10
1ee2
--2
--2
++1
0e
1ee2
++1
1.2.3
1e
1e-
.
1.2.3
abc
-
-
+
--2
1ee2
1e
1.2.3
abc
+
000.e
.
++1
1e-
1e
--2
++1
1.2.3
1ee2
abc
1.2.3
1e+
1.2.3
1e
--2
--2
1e
1ee2
1ee2
000.e
0e
1e-
1e+
+
.
1ee2
1e
--2
e10
++1
1ee2
+
-
1e
+
000.e
000.e
0e
--2
e10
+
.
abc
000.e
1.2.3
e10
-
.
e10
1e+
.
++1
1e+
000.e
1ee2
0e
0e
1e+
1e-
1e
1e
1.2.3
1e-
.
abc
1e
--2
1.2.3
1e-
000.e
0e
0e
1ee2
1.2.3
0e
1.2.3
0e
1e-
000.e
abc
.
e10
e10
1.2.3
.
.
1e
-
++1
.
1e+
-
1ee2
1.2.3
0e
1e-
-
0e
e10
0e
1ee2
e10
1e+
1e-
1.2.3
++1
abc
000.e
1e-
--2
1.2.3
1e
+
1.2.3
e10
0e
1e+
++1
e10
1.2.3
1ee2
.
1e
1e+
1e-
.
.
1e-
.
.
e10
1e
000.e
.
000.e
1e
1e-
--2
-
1e-
++1
1e
1e
.
++1
1e-
--2
--2
1ee2
e10
000.e
--2
1e
-
abc
e10
abc
++1
0e
1e+
1e-
++1
++1
1e-
.
.
000.e
0e
e10
1e+
0e
e10
1e
e10
abc
1e-
e10
-
--2
++1
000.e
1e
0e
e10
0e
-
1.2.3
e10
++1
0e
-
1.2.3
0e
1e-
1e-
++1
000.e
0e
e10
1ee2
-
abc
-
1e
000.e
1ee2
1e
1e-
--2
000.e
000.e
--2
000.e
--2
1e
++1
0e
e10
1e+
1.2.3
0e
-
.
e10
1.2.3
1.2.3
1e
1e-
0e
1e-
-
1e+
-
e10
+
--2
0e
.
1.2.3
abc
.
e10
1.2.3
.
1ee2
--2
000.e
1e-
++1
1.2.3
1e
--2
1.2.3
1.2.3
.
000.e
--2
.
++1
++1
0e
--2
0e
e10
1ee2
0e
e10
abc
abc
e10
-
1e-
e10
1ee2
+
1e+
1.2.3
1e+
abc
1e-
1e
0e
+
--2
+
.
1.2.3
--2
++1
1e
++1
000.e
--2
1e+
e10
1.2.3
1e+
1.2.3
000.e
0e
e10
1ee2
abc
000.e
+
1ee2
1e
-
1.2.3
0e
1ee2
e10
abc
1ee2
1e+
+
++1
1e
1ee2
.
--2
1ee2
++1
e10
1e
-
.
1e
.
1e-
1e
1ee2
+
1.2.3
1e-
--2
1ee2
--2
+
e10
1e
0e
+
+
--2
e10
0e
1e-
1.2.3
--2
--2
1.2.3
1e-
1e+
1e-
1e
1e+
1ee2
abc
abc
1e+
--2
+
e10
++1
++1
--2
1ee2
000.e
--2
e10
1e-
1e-
1e+
1ee2
1ee2
.
-
--2
++1
1e
.
.
abc
1e
1e
abc
1.2.3
0e
++1
1ee2
1.2.3
1e+
+
-
1ee2
++1
0e
e10
000.e
0e
0e
+
--2
1e
0e
0e
.
0e
abc
1e-
abc
1.2.3
abc
1e
abc
1e+
0e
1.2.3
e10
1ee2
--2
1e
+
0e
0e
.
++1
000.e
1e-
000.e
e10
1.2.3
--2
000.e
+
1ee2
1.2.3
0e
1e-
-
1e+
e10
-
.
+
1e+
-
1e-
1.2.3
1e+
1ee2
1.2.3
abc
-
e10
e10
000.e
++1
+
+
000.e
+
--2
+
+
1e
++1
--2
1e
1ee2
+
000.e
1ee2
1.2.3
1e
0e
-
0e
000.e
abc
abc
+
1e+
e10
--2
1.2.3
1e-
1e+
000.e
1e
--2
.
1e+
000.e
e10
1e
1ee2
--2
1e
1e-
000.e
1e+
1e+
1e+
abc
abc
.
e10
abc
000.e
1.2.3
++1
1e+
000.e
+
1e
+
1.2.3
1e-
+
--2
000.e
+
1.2.3
1e-
e10
abc
1e-
0e
1.2.3
000.e
++1
000.e
1.2.3
--2
abc
+
e10
1e+
000.e
1e
1.2.3
-
1e-
1e
1e-
.
0e
-
++1
.
-
--2
1e-
1e+
++1
e10
+
0e
1e-
1e-
000.e
--2
1e-
1ee2
-
1.2.3
--2
1e-
e10
.
1ee2
1e+
1e
.
++1
0e
-
1e
1ee2
1.2.3
1e
.
abc
-
++1
1.2.3
-
+
1.2.3
-
--2
+
--2
.
++1
000.e
+
+
1e
abc
1e
0e
++1
1e
1.2.3
e10
.
1ee2
000.e
1e-
abc
++1
+
abc
1.2.3
e10
.
+
-
--2
000.e
1e
e10
1e-
1e-
1e+
1e+
--2
-
e10
--2
1e-
1e
1.2.3
+
1e
+
1e+
+
--2
1e-
+
--2
e10
.
1e
++1
1ee2
1ee2
0e
--2
1ee2
1e+
1e
1e
e10
1e-
e10
1e-
000.e
0e
-
1ee2
+
++1
--2
0e
1e
.
abc
--2
+
e10
+
abc
1e+
1e-
000.e
++1
1e
1e-
-
.
+
abc
1e-
-
1e
1e
1.2.3
abc
1e+
1e+
1e+
abc
-
1.2.3
-
.
000.e
1e-
+
1ee2
abc
e10
++1
++1
-
+
++1
-
1.2.3
1e+
1.2.3
1e
+
++1
000.e
000.e
-
.
1e+
--2
1.2.3
1e-
+
1e
1e
.
abc
1e
1e-
1e+
1e
0e
--2
1e+
e10
++1
0e
1e-
abc
1.2.3
1e+
.
+
--2
1e
-
1.2.3
.
+
1e
.
000.e
1.2.3
-
1e-
1e+
000.e
1.2.3
000.e
abc
1e
++1
.
1e
abc
0e
000.e
1.2.3
.
e10
000.e
1ee2
1e-
1e
1ee2
1e
abc
1e
0e
e10
--2
abc
0e
1e+
1e-
1e-
abc
1e+
000.e
-
+
0e
.
-
1e+
1ee2
1e
1e+
e10
++1
0e
1e
--2
+
--2
.
1e
abc
.
abc
1e-
.
++1
abc
000.e
1e
1ee2
+
0e
--2
abc
1e+
abc
000.e
e10
000.e
abc
--2
++1
1e+
1e-
abc
1ee2
e10
-
abc
1.2.3
000.e
1ee2
1e+
-
1e
abc
1e-
--2
1e
1e
1e-
1e
000.e
1.2.3
1.2.3
1ee2
1.2.3
1e
1e
1e
1e+
+
.
1.2.3
1ee2
++1
.
000.e
.
--2
000.e
1e
-
.
e10
++1
e10
1ee2
0e
1.2.3
abc
--2
abc
--2
+
1.2.3
000.e
1e-
e10
1e+
1e+
1e-
.
1.2.3
1e-
1.2.3
1.2.3
1ee2
1e
++1
0e
++1
0e
1ee2
--2
-
1.2.3
--2
-
--2
1.2.3
1.2.3
+
+
-
1e+
1e+
0e
.
e10
1e
1e-
1e+
1ee2
.
1e
+
1.2.3
++1
.
1.2.3
e10
1ee2
++1
.
1e-
--2
abc
--2
1.2.3
abc
1e
1.2.3
1e+
abc
abc
1e+
1e
1e+
e10
0e
1e+
e10
.
-
.
1e
0e
.
.
--2
1.2.3
+
1e+
-
e10
1ee2
0e
--2
1ee2
.
0e
1e+
1e+
.
1e
0e
-
-
1e+
-
--2
-
+
+
1e-
1ee2
abc
e10
abc
.
1e-
0e
1e
1.2.3
-
-
++1
1.2.3
1e-
e10
-
++1
-
.
--2
1ee2
1.2.3
1.2.3
.
1ee2
1e-
abc
1e
-
1ee2
1e
abc
++1
.
1e+
++1
000.e
1ee2
0e
e10
1ee2
1ee2
1e-
1.2.3
++1
1e
1e
.
e10
-
1e-
1.2.3
.
1e
abc
--2
1.2.3
1e+
-
1e+
1.2.3
+
--2
-
.
1e
1.2.3
--2
+
0e
1e
--2
1e-
e10
1e+
.
.
e10
000.e
abc
++1
1e-
1e+
0e
--2
1e-
-
0e
.
1e
1.2.3
1ee2
0e
000.e
-
1e+
000.e
1.2.3
1e+
e10
abc
1.2.3
--2
.
--2
+
1.2.3
--2
+
0e
1e+
+
+
--2
0e
1e-
1e
+
1e+
1ee2
--2
+
e10
e10
--2
--2
--2
1.2.3
-
1.2.3
e10
1ee2
000.e
-
1ee2
--2
.
0e
.
1e+
--2
--2
abc
.
0e
.
1.2.3
--2
++1
-
1e
1e
1e-
1ee2
.
1e-
abc
+
-
0e
1e
++1
1e
0e
abc
-
+
1e+
0e
000.e
e10
1e+
1e
0e
e10
1e-
1.2.3
+
1e+
abc
e10
1ee2
000.e
--2
1.2.3
1.2.3
.
000.e
1.2.3
1ee2
1e
-
+
1e
1e-
1ee2
1e
e10
1e+
.
1ee2
1ee2
000.e
1ee2
1ee2
--2
+
.
abc
1e+
-
1e
1.2.3
++1
0e
1e-
e10
abc
1e+
1e-
e10
0e
1e+
1e-
.
1e-
abc
1e
000.e
1e-
++1
000.e
1e
1e
++1
0e
.
1e+
++1
abc
1ee2
++1
+
0e
--2
1.2.3
1.2.3
-
1e-
+
++1
++1
--2
0e
-
++1
1e+
0e
-
abc
0e
++1
abc
-
1.2.3
1e+
+
abc
.
1e-
1e+
1.2.3
1ee2
1e+
--2
++1
+
0e
e10
.
0e
1ee2
1e
-
+
1ee2
-
-
abc
--2
0e
-
1e-
1e
000.e
e10
1e
-
e10
1.2.3
e10
0e
abc
.
1e
1e
++1
1e
1e-
1e+
e10
1e+
0e
-
abc
--2
1e
0e
++1
1ee2
1e-
0e
++1
0e
--2
1.2.3
.
1e+
+
1ee2
.
e10
e10
1e-
1e-
abc
+
000.e
-
1e
+
1e
abc
--2
1e-
0e
1e
--2
000.e
1.2.3
++1
1e+
1ee2
abc
1e+
.
1e-
+
000.e
abc
0e
-
1e+
abc
000.e
e10
e10
1e-
.
--2
1e+
0e
--2
.
1e
e10
-
+
-
.
000.e
+
.
-
1e-
++1
+
0e
1ee2
--2
1.2.3
1ee2
+
0e
abc
abc
abc
1e+
0e
++1
.
+
000.e
1e-
1.2.3
abc
.
000.e
e10
++1
-
1e
+
++1
1e-
abc
1e+
abc
.
0e
1.2.3
abc
1e-
abc
0e
0e
+
e10
-
000.e
0e
-
1e+
.
--2
++1
1e-
++1
1e+
++1
-
+
1e+
0e
-
0e
e10
+
+
abc
.
+
abc
+
++1
--2
abc
000.e
e10
0e
e10
-
1e+
+
++1
++1
e10
e10
1ee2
abc
1e-
abc
1ee2
1ee2
+
1.2.3
+
.
1e-
e10
1e
+
1.2.3
.
--2
0e
--2
1e
000.e
1e-
0e
+
+
1e-
++1
abc
abc
-
0e
.
1.2.3
.
++1
.
--2
1e-
--2
.
.
1ee2
1.2.3
1e
000.e
abc
1e
.
1e+
0e
e10
0e
-
1e-
--2
000.e
1ee2
1e
-
.
1ee2
1ee2
+
1e+
1e
1e+
000.e
0e
+
.
1e
+
1ee2
1e
.
1ee2
0e
1ee2
1ee2
e10
++1
e10
0e
1e
0e
1ee2
++1
--2
.
.
-
000.e
0e
000.e
-
1e+
-
abc
++1
1e+
--2
.
e10
abc
1.2.3
--2
e10
+
abc
++1
++1
1ee2
++1
.
e10
e10
1.2.3
e10
1e-
e10
0e
1e-
1e+
+
e10
+
.
0e
.
--2
0e
1.2.3
e10
1.2.3
--2
1e-
abc
++1
000.e
000.e
1ee2
.
1e-
1ee2
000.e
0e
1ee2
e10
-
1e-
1ee2
1e+
+
000.e
1e-
.
abc
000.e
1e
abc
abc
+
.
1.2.3
000.e
0e
abc
abc
1e+
--2
.
000.e
1ee2
1ee2
0e
.
abc
1.2.3
e10
e10
1ee2
.
1ee2
0e
abc
--2
+
1e-
abc
--2
1ee2
1e-
1e+
++1
1.2.3
abc
1ee2
-
+
++1
1e
.
abc
1e
++1
abc
+
1ee2
000.e
000.e
000.e
e10
-
.
1e+
-
-
.
0e
0e
-
1e
1.2.3
abc
1e+
1e+
1.2.3
++1
++1
--2
1.2.3
.
1.2.3
--2
1e+
+
--2
1ee2
abc
.
1e-
e10
.
-
.
1e
++1
1e-
abc
abc
++1
abc
1ee2
e10
+
+
1e+
.
1ee2
e10
--2
1e
0e
1ee2
1e+
1e+
1e
1.2.3
--2
1e-
1ee2
1ee2
000.e
0e
1ee2
1ee2
+
1ee2
1e
e10
+
1.2.3
1e
abc
++1
e10
1ee2
++1
000.e
e10
e10
-
abc
1e-
+
0e
++1
e10
000.e
--2
e10
.
000.e
+
--2
--2
1e
++1
+
.
+
1.2.3
0e
--2
0e
-
++1
1ee2
1e+
-
1e
--2
1e-
0e
+
0e
e10
--2
1ee2
--2
-
-
1.2.3
1e+
abc
1ee2
1e
000.e
-
abc
--2
1e+
--2
000.e
++1
-
-
1e+
000.e
1e+
0e
--2
1e
++1
--2
1e
abc
1e-
++1
.
1e+
.
1e-
1e+
1e
--2
++1
1e-
1e
1.2.3
1e
e10
-
1ee2
1e+
1.2.3
1.2.3
1.2.3
1.2.3
1.2.3
abc
abc
000.e
0e
abc
abc
--2
0e
--2
1.2.3
+
.
1e+
e10
1.2.3
1e-
e10
abc
1.2.3
1.2.3
e10
1e-
1e-
1e
+
.
+
1e
1.2.3
0e
0e
e10
++1
1e-
1e
1e+
1e+
1e+
1.2.3
0e
-
1ee2
abc
--2
abc
000.e
1e+
++1
abc
1.2.3
++1
e10
0e
e10
++1
+
+
.
++1
e10
e10
1.2.3
1e+
1.2.3
abc
1ee2
.
1e+
+
+
++1
abc
1e
000.e
0e
1e-
1.2.3
0e
+
1e
1.2.3
1e
1e
++1
1e
000.e
1ee2
+
abc
e10
1ee2
0e
000.e
1ee2
+
--2
-
.
e10
1e+
1e
1ee2
1.2.3
.
000.e
++1
000.e
+
1e-
abc
1.2.3
1e-
1e
.
++1
abc
-
--2
abc
1e-
1.2.3
0e
1ee2
abc
abc
e10
000.e
1e
000.e
+
-
1.2.3
1e
e10
1e
0e
++1
1e-
000.e
e10
abc
abc
--2
+
.
.
e10
abc
++1
1e
0e
000.e
++1
0e
+
++1
e10
0e
+
1e
abc
++1
1ee2
-
1ee2
0e
-
-
-
1e+
0e
0e
0e
0e
0e
+
+
--2
0e
000.e
1e
1.2.3
abc
1e+
abc
000.e
abc
0e
abc
1e
0e
1e+
+
e10
++1
000.e
1e+
--2
abc
-
1e+
0e
abc
1ee2
abc
e10
++1
1e-
e10
.
1ee2
-
1e+
1.2.3
.
++1
.
1e
abc
-
--2
+
0e
-
1e-
1ee2
1.2.3
--2
1e-
0e
++1
1e-
-
1e-
1e+
1ee2
1e+
.
1e+
e10
1e
+
1e+
1.2.3
-
1e
--2
0e
1ee2
++1
000.e
000.e
0e
1e+
--2
++1
e10
1ee2
+
+
e10
++1
.
000.e
++1
-
-
0e
1.2.3
1e-
++1
--2
1ee2
1e
e10
000.e
000.e
0e
1e+
+
+
e10
1.2.3
1e-
.
e10
1.2.3
1e-
.
1e
--2
++1
1.2.3
1e+
1e-
1e-
.
abc
1e-
e10
1ee2
++1
1ee2
1.2.3
e10
--2
.
--2
000.e
0e
1.2.3
e10
--2
+
0e
1e-
1ee2
e10
++1
1e+
.
1.2.3
1.2.3
000.e
000.e
0e
++1
1e
1e
+
-
1e
1ee2
--2
--2
++1
-
1e+
--2
0e
1e-
.
1.2.3
++1
e10
abc
1e+
1e+
++1
1e-
000.e
1e+
+
++1
+
--2
+
0e
1e-
1e+
e10
.
++1
+
abc
++1
abc
.
1.2.3
.
++1
1ee2
1e-
.
1.2.3
+
1e+
abc
1e
-
e10
0e
0e
1e+
1.2.3
.
1e+
.
1.2.3
0e
1e+
1e+
--2
1.2.3
1.2.3
1ee2
.
--2
000.e
1e-
1ee2
+
abc
1e-
1e
1e-
--2
--2
0e
1e+
1ee2
.
1e-
0e
--2
e10
+
abc
1e
1ee2
abc
.
-
+
1.2.3
.
++1
++1
++1
e10
1e-
--2
1e-
1.2.3
abc
1e
0e
+
000.e
+
1e
+
1ee2
abc
e10
+
.
--2
abc
abc
1e-
abc
+
1e
-
1.2.3
++1
1e-
++1
1e+
--2
1e-
1e-
1ee2
abc
abc
--2
1e-
.
0e
.
000.e
1e
+
-
--2
1e
e10
+
.
abc
.
.
1.2.3
.
1e-
1ee2
000.e
--2
1e-
+
-
1e-
1.2.3
e10
1e
+
--2
-
1e-
--2
e10
.
1ee2
1e-
--2
.
--2
--2
1.2.3
++1
.
1e+
--2
1ee2
++1
1ee2
.
e10
1e
1e+
1e
++1
e10
-
e10
1e
1e+
++1
1.2.3
-
-
1e
--2
--2
0e
1e-
1.2.3
++1
--2
1e+
000.e
1e-
e10
1ee2
000.e
1ee2
.
1.2.3
1e
.
000.e
--2
e10
0e
000.e
e10
abc
++1
.
1.2.3
1ee2
000.e
.
--2
1e
abc
1.2.3
1e
++1
1e+
-
1e
1ee2
0e
abc
1ee2
0e
.
abc
.
-
.
+
++1
1e
.
000.e
000.e
1e-
000.e
000.e
000.e
abc
1ee2
.
.
-
0e
1e+
1e+
1ee2
1ee2
0e
.
++1
1e+
1e-
.
+
--2
1e+
+
0e
1e
abc
1e+
--2
1e+
0e
++1
.
1.2.3
1.2.3
000.e
.
abc
1e-
1e+
1e+
--2
++1
1ee2
1ee2
1e
1e
--2
.
abc
1e+
1.2.3
1e
.
1e+
abc
1ee2
1e-
1ee2
e10
--2
+
1e+
e10
000.e
1ee2
1e
000.e
e10
-
-
0e
abc
0e
-
0e
1e
.
0e
-
000.e
++1
e10
000.e
++1
abc
1e
e10
abc
-
e10
e10
1e+
1e
1e+
1e-
abc
.
--2
1e+
1e
1ee2
1.2.3
1e-
--2
.
1e-
1.2.3
e10
+
--2
000.e
abc
++1
+
e10
abc
1ee2
1e-
abc
0e
.
1e
abc
abc
000.e
1e-
.
0e
++1
-
e10
e10
abc
--2
--2
1e
1e
1e-
0e
1ee2
1.2.3
1e-
+
000.e
abc
++1
1.2.3
e10
1.2.3
1ee2
abc
++1
abc
.
e10
.
--2
++1
+
0e
++1
.
1e-
abc
1ee2
1e
1.2.3
.
000.e
1e
1ee2
1e-
++1
1.2.3
1e+
1.2.3
1.2.3
.
++1
--2
--2
1e-
--2
000.e
1e+
-
abc
1e-
abc
1e
++1
+
1e
abc
1e
1e
1e-
abc
1e
--2
1.2.3
0e
1e-
--2
1e
1ee2
++1
+
1ee2
1ee2
1.2.3
+
-
abc
1.2.3
000.e
+
1e
1e+
abc
1e
0e
++1
1e+
1e+
.
1ee2
000.e
1.2.3
1e-
abc
000.e
1e
000.e
-
--2
1ee2
--2
1.2.3
--2
0e
1ee2
1.2.3
abc
-
abc
0e
1.2.3
abc
1.2.3
e10
1e
1ee2
000.e
1.2.3
--2
e10
1e+
000.e
1e-
+
abc
.
++1
1.2.3
--2
1e
0e
+
-
--2
e10
1e-
000.e
-
1e
.
1e+
.
e10
--2
+
1e+
abc
++1
1ee2
e10
000.e
0e
+
1e+
+
++1
0e
000.e
++1
0e
000.e
.
-
+
1e
-
.
1e-
1e+
-
.
1e
+
abc
+
1ee2
1.2.3
++1
1e
abc
+
1.2.3
+
0e
1e
--2
1.2.3
0e
abc
e10
-
++1
-
1e+
+
+
1e-
-
.
1e
-
--2
000.e
1e-
--2
1ee2
+
1e-
1e
abc
abc
--2
e10
1e
1.2.3
0e
0e
-
1.2.3
abc
0e
1e-
.
.
e10
abc
1e-
1e
000.e
000.e
000.e
1.2.3
e10
1e-
1e-
1.2.3
1ee2
000.e
abc
-
1ee2
1.2.3
1.2.3
1e+
.
1ee2
abc
--2
e10
-
1e-
++1
abc
abc
1e
1e+
--2
1e-
abc
1e
++1
000.e
abc
--2
++1
.
e10
1e
.
e10
-
e10
+
abc
++1
-
+
++1
1e
++1
1ee2
abc
1e-
++1
1e-
++1
--2
1.2.3
e10
1.2.3
000.e
e10
1ee2
1ee2
-
1e
abc
1e+
--2
1e+
-
1e-
0e
.
+
1e-
-
0e
1.2.3
1.2.3
1e+
1e+
-
abc
.
0e
+
1e
1ee2
1e+
++1
abc
1e
+
+
e10
-
abc
1.2.3
1e
-
e10
000.e
1ee2
1e-
abc
000.e
-
e10
--2
e10
1e
000.e
1.2.3
+
-
--2
1e
+
.
.
.
1e-
1e-
+
abc
1ee2
000.e
abc
1ee2
-
000.e
abc
-
1.2.3
+
-
-
abc
1e-
1.2.3
abc
1e
--2
.
-
+
1e
1ee2
++1
e10
000.e
--2
1.2.3
000.e
abc
abc
+
1.2.3
000.e
000.e
000.e
e10
+
-
000.e
e10
-
abc
1ee2
1ee2
1e+
1e-
++1
1ee2
1e+
e10
--2
1e+
1ee2
abc
abc
++1
++1
1ee2
abc
abc
1.2.3
e10
abc
-
e10
abc
000.e
1e-
1e
0e
1ee2
000.e
1e+
-
1ee2
.
-
-
1e+
--2
++1
1.2.3
e10
-
--2
-
0e
1e-
.
-
.
e10
+
1.2.3
e10
0e
++1
1e-
abc
1e
000.e
0e
1.2.3
e10
-
-
1e-
+
1.2.3
abc
+
1e-
++1
1e
--2
1e+
++1
0e
1.2.3
000.e
1ee2
0e
1ee2
1.2.3
++1
1e+
1.2.3
1.2.3
++1
-
++1
--2
0e
1e+
1e
1e
--2
1.2.3
-
.
1.2.3
.
1ee2
1e-
-
1.2.3
+
1ee2
1e
.
0e
++1
++1
1.2.3
1.2.3
000.e
1ee2
--2
000.e
1e-
1e
0e
000.e
000.e
1ee2
0e
--2
.
0e
abc
--2
1.2.3
-
-
abc
-
++1
000.e
-
-
1e-
1e
+
1.2.3
0e
--2
000.e
--2
.
+
.
0e
000.e
abc
-
1.2.3
.
abc
1e-
.
1.2.3
1.2.3
+
abc
++1
000.e
1e+
1.2.3
+
0e
-
++1
.
1e
abc
0e
000.e
1e+
1e-
0e
1e
1e-
1ee2
1e
abc
e10
-
1ee2
-
++1
-
1ee2
++1
1ee2
+
+
abc
1ee2
1e-
abc
-
e10
1e+
1e-
--2
abc
-
.
++1
e10
1e-
++1
e10
e10
1.2.3
abc
e10
0e
.
++1
1.2.3
+
e10
-
++1
1.2.3
1.2.3
1e+
e10
0e
1ee2
1e-
000.e
1.2.3
1ee2
-
1e+
+
1e
1.2.3
1e
.
abc
++1
1e-
++1
-
--2
--2
.
1e-
++1
abc
++1
0e
0e
000.e
-
++1
-
++1
.
abc
-
000.e
+
1.2.3
e10
1e-
abc
.
+
1e-
+
1.2.3
-
.
-
e10
-
--2
1ee2
000.e
+
0e
1ee2
-
0e
--2
-
.
1e
1e+
+
1e+
1ee2
000.e
1e+
e10
1e+
1.2.3
-
0e
++1
1ee2
1e+
+
-
++1
+
--2
1e
--2
1e+
--2
++1
++1
1e
--2
--2
1.2.3
--2
1e+
000.e
++1
1ee2
+
1ee2
1ee2
1e-
-
-
000.e
+
1.2.3
abc
e10
e10
0e
--2
1e-
-
e10
1e
-
1e+
1e+
--2
.
abc
--2
e10
1e-
0e
000.e
1e+
-
1.2.3
0e
1.2.3
1.2.3
0e
.
000.e
0e
1e-
000.e
e10
e10
--2
abc
1e+
.
1ee2
.
-
abc
1ee2
1e-
abc
1e+
.
.
-
--2
+
abc
1e
+
+
e10
1e+
1e+
e10
0e
++1
1e
1e+
1e-
--2
--2
1e+
1ee2
e10
1e
1e-
--2
1e
000.e
++1
e10
1ee2
e10
+
abc
000.e
-
1e-
1ee2
1ee2
-
abc
1.2.3
.
0e
+
.
++1
--2
1e
1.2.3
e10
0e
1.2.3
1e+
--2
1e+
1e
++1
abc
1.2.3
1e-
1e-
e10
1ee2
1e+
.
0e
--2
--2
.
1e
1e-
e10
1ee2
1e
--2
++1
abc
1e+
1.2.3
1e+
abc
1e-
1e-
abc
1e
0e
-
1ee2
++1
+
000.e
1.2.3
--2
1.2.3
++1
e10
1ee2
abc
1e-
0e
1e-
.
1.2.3
1ee2
.
1e-
000.e
--2
000.e
++1
++1
+
1e
1e-
abc
0e
1e-
1e-
1e-
++1
1e+
1ee2
abc
e10
abc
++1
++1
-
e10
1.2.3
1.2.3
.
1.2.3
--2
++1
--2
++1
.
1.2.3
e10
--2
0e
e10
++1
.
1e+
1e+
+
e10
-
000.e
-
.
--2
-
abc
1e+
1.2.3
1e-
++1
1e-
1e-
+
e10
000.e
--2
++1
abc
--2
1e+
000.e
1e-
1e-
++1
1ee2
1e
+
e10
.
1ee2
0e
1ee2
.
abc
1e-
-
-
000.e
--2
--2
000.e
--2
+
abc
1e
--2
++1
-
1ee2
1e+
1e
1ee2
1e-
1ee2
--2
abc
000.e
+
++1
000.e
-
1e
e10
--2
000.e
+
.
--2
+
-
1e+
abc
+
1ee2
e10
-
+
1e
1e+
abc
1e
1ee2
1e+
.
1ee2
e10
++1
+
--2
0e
abc
e10
.
1ee2
1.2.3
+
abc
1ee2
abc
--2
1ee2
1e-
e10
--2
1e-
-
1.2.3
-
abc
0e
1ee2
000.e
0e
1ee2
0e
++1
abc
1ee2
1e
000.e
++1
e10
1e
abc
.
abc
1e+
abc
abc
--2
1ee2
1e
0e
0e
--2
.
1e
0e
1ee2
1.2.3
1.2.3
1.2.3
e10
0e
-
1.2.3
1e+
e10
--2
000.e
e10
0e
1ee2
1e+
1e-
000.e
++1
1e+
1e-
.
0e
1e-
abc
000.e
abc
++1
1ee2
1e+
1e-
+
1e-
.
0e
.
++1
1.2.3
1e-
++1
.
1e-
-
000.e
--2
1e-
000.e
0e
1ee2
1e-
++1
--2
000.e
1.2.3
1e+
abc
++1
0e
.
0e
++1
+
1ee2
++1
1ee2
1e-
abc
--2
0e
1e+
1e+
abc
abc
+
1.2.3
-
++1
1e
.
1.2.3
--2
1.2.3
+
1ee2
abc
1e-
1e-
+
1.2.3
1e+
1ee2
1.2.3
--2
1e
.
+
1.2.3
1e+
.
e10
-
-
.
-
1e-
+
1e
000.e
000.e
--2
--2
1e+
1.2.3
--2
000.e
1.2.3
1.2.3
1e-
1ee2
000.e
0e
0e
0e
1e
1e-
1.2.3
1ee2
1ee2
+
1.2.3
1e-
1e+
-
-
1ee2
-
--2
1e
abc
000.e
e10
.
1.2.3
000.e
1e+
0e
abc
1e+
.
abc
1ee2
1e
+
-
-
--2
++1
+
1e+
++1
1e+
1e
.
1ee2
1e
abc
1ee2
e10
1e
-
+
e10
1e
000.e
.
+
000.e
0e
1e
e10
1.2.3
e10
1e
1ee2
1ee2
--2
--2
1e+
--2
.
--2
+
1e
1e+
+
--2
1ee2
e10
e10
0e
-
-
-
1ee2
e10
000.e
000.e
e10
000.e
1e
abc
+
++1
-
000.e
.
-
-
0e
abc
000.e
1e-
1e-
+
1e+
--2
e10
1.2.3
000.e
e10
1ee2
--2
1e+
+
1e+
--2
-
+
0e
++1
+
--2
000.e
-
++1
--2
1e
--2
0e
++1
1e
1e-
1e+
1e+
abc
++1
000.e
--2
e10
1.2.3
0e
--2
000.e
000.e
1e-
.
0e
.
1e+
0e
.
1e
1e+
++1
abc
000.e
e10
abc
--2
000.e
1e
0e
abc
000.e
--2
-
1e-
0e
++1
1ee2
000.e
1e
000.e
000.e
0e
000.e
000.e
--2
.
--2
1e-
0e
++1
0e
++1
1.2.3
1e-
0e
++1
000.e
+
++1
1.2.3
1.2.3
0e
1e+
+
e10
1e
--2
+
1e+
--2
--2
1e-
000.e
.
1e+
abc
1e+
0e
1.2.3
1e
--2
1ee2
--2
-
000.e
+
++1
-
-
1.2.3
1e
1ee2
.
e10
-
000.e
000.e
1ee2
0e
-
1ee2
+
+
+
0e
1e
1.2.3
+
000.e
abc
abc
1e+
--2
000.e
1e+
-
1e+
e10
1ee2
--2
--2
.
.
e10
1.2.3
e10
e10
1e-
e10
abc
1.2.3
0e
-
++1
abc
+
1e-
abc
000.e
e10
++1
abc
.
.
+
000.e
abc
e10
1e+
++1
abc
000.e
1.2.3
1ee2
--2
-
.
1e
1.2.3
1ee2
--2
abc
.
0e
1e+
1e
abc
1e-
e10
1.2.3
+
--2
1ee2
1ee2
1ee2
1e-
--2
+
++1
1e+
++1
-
abc
--2
.
1e
e10
.
1e-
abc
1e-
1e
+
0e
--2
1.2.3
+
1e+
1e+
1ee2
1e+
1e+
+
1e-
.
000.e
--2
000.e
1.2.3
-
1.2.3
0e
1.2.3
++1
--2
e10
--2
abc
-
e10
1.2.3
e10
1e-
1ee2
1ee2
e10
1.2.3
abc
1e
1ee2
-
1e
abc
.
0e
abc
1.2.3
-
+
0e
e10
1ee2
++1
1e+
1.2.3
-
1e+
0e
1e+
--2
--2
++1
++1
-
1e+
1.2.3
e10
1ee2
000.e
abc
1ee2
+
-
1ee2
1ee2
0e
0e
1ee2
1e+
1e
1e
--2
+
--2
-
1.2.3
abc
1e+
1e+
1e+
abc
1ee2
e10
abc
++1
1e
0e
.
1e+
+
--2
abc
++1
1ee2
+
1.2.3
1e-
0e
++1
1e
000.e
.
1ee2
000.e
1.2.3
0e
000.e
-
1ee2
1e-
--2
abc
+
1ee2
-
-
-
1ee2
abc
--2
1e
+
1.2.3
++1
000.e
++1
000.e
1.2.3
000.e
1e
000.e
1e
1ee2
1e+
0e
++1
000.e
+
0e
1.2.3
000.e
1e+
+
1ee2
.
1e-
000.e
000.e
1e
abc
1.2.3
1e
1.2.3
e10
e10
-
1e
1e-
+
1.2.3
000.e
-
.
+
++1
000.e
0e
1e
--2
++1
++1
++1
000.e
1e+
++1
-
1.2.3
+
1e
e10
abc
1e+
-
000.e
0e
.
1.2.3
++1
e10
0e
-
-
000.e
+
abc
1ee2
+
++1
.
e10
1e+
.
abc
1ee2
abc
1e-
1e
.
+
-
0e
--2
+
1e+
000.e
1e-
.
.
1e
+
000.e
000.e
++1
e10
++1
1e+
abc
.
1e
1e+
1ee2
1e
1e+
1e+
e10
--2
--2
++1
1ee2
++1
-
--2
--2
e10
000.e
0e
1e-
abc
1e+
+
abc
+
-
+
1e-
1e+
.
1.2.3
1e+
1e
abc
.
0e
000.e
e10
.
-
++1
1ee2
+
1e
1e-
1ee2
1ee2
1e
.
++1
.
1e
1e-
1.2.3
abc
1e+
1e
--2
1e+
e10
0e
--2
++1
1.2.3
1e
1.2.3
1e
1e
1e+
1e-
.
1e+
++1
++1
1.2.3
1e-
++1
0e
1e+
e10
abc
--2
1ee2
000.e
++1
1e+
-
1e-
1.2.3
--2
1e-
000.e
1e
000.e
abc
0e
1ee2
0e
000.e
++1
1e+
abc
1ee2
--2
-
1e
000.e
1.2.3
1e-
.
-
-
1ee2
abc
abc
e10
.
--2
abc
-
-
++1
--2
--2
+
abc
1ee2
1.2.3
1e
1ee2
-
e10
.
1e+
++1
000.e
-
--2
1e-
1e
1e-
--2
1ee2
-
.
1.2.3
.
1.2.3
1ee2
e10
1e-
0e
--2
e10
1e+
.
1e-
1e
abc
+
e10
1.2.3
abc
1e+
e10
1ee2
1.2.3
--2
++1
1e-
e10
1ee2
--2
1e+
1e-
000.e
.
abc
1e-
e10
e10
1e+
1.2.3
1e+
-
abc
1ee2
000.e
1ee2
-
1e-
-
1ee2
1ee2
.
+
000.e
1.2.3
.
-
abc
+
abc
1ee2
1.2.3
1e
.
.
--2
abc
1ee2
1.2.3
.
1ee2
-
.
+
1.2.3
1e
1ee2
1ee2
1.2.3
+
e10
1.2.3
+
0e
1e-
1e
1e-
1.2.3
1e
1e
e10
0e
+
++1
++1
--2
1e+
e10
0e
abc
0e
0e
1e+
abc
-
000.e
.
0e
1.2.3
-
1ee2
0e
1e+
1e-
.
-
1e+
++1
1ee2
000.e
abc
-
++1
1e+
1e-
abc
1.2.3
++1
1e
1e-
000.e
1e-
.
1e
.
1ee2
++1
1e
.
+
1e+
-
1e
+
+
++1
1.2.3
e10
abc
-
1e+
--2
1.2.3
1.2.3
e10
1e+
1e+
abc
+
0e
000.e
.
-
1e+
1.2.3
1ee2
1e+
000.e
1e
++1
1e
0e
--2
--2
abc
0e
+
abc
1e-
e10
1e-
-
.
++1
0e
000.e
-
+
+
e10
1e-
abc
000.e
1ee2
-
1ee2
1e-
.
abc
+
0e
000.e
0e
e10
++1
-
1e-
1e-
e10
1.2.3
-
1.2.3
abc
000.e
1e
000.e
0e
000.e
-
1.2.3
000.e
0e
--2
0e
1e+
1ee2
0e
0e
--2
++1
1e
--2
1e+
e10
-
1e-
.
1e-
+
1e
++1
1e+
e10
--2
-
1e
e10
e10
1ee2
1e+
1e
1ee2
0e
000.e
-
1e-
000.e
1ee2
e10
1e
.
++1
-
1e-
1.2.3
++1
0e
++1
--2
--2
+
1e-
++1
1e-
+
1e-
--2
e10
0e
1e-
+
-
1e
1e
e10
+
1e+
1e+
1.2.3
abc
++1
.
0e
1e
1e
1ee2
.
1e
1ee2
1.2.3
1.2.3
1ee2
1.2.3
000.e
--2
+
+
-
000.e
-
e10
1.2.3
.
abc
000.e
0e
1ee2
+
1ee2
1e+
1e
e10
--2
--2
e10
++1
1e+
.
000.e
1e
1e+
1e
1e
1.2.3
1e+
+
000.e
1e-
1e+
1e-
1e
e10
1e+
abc
1.2.3
1e
.
1e-
000.e
1e+
000.e
1.2.3
1e
1ee2
.
abc
000.e
+
1.2.3
--2
--2
.
e10
1e+
e10
++1
1e+
.
1.2.3
++1
000.e
1e-
e10
1e-
1ee2
1e+
++1
.
++1
1.2.3
1e-
e10
-
1e-
abc
--2
.
.
++1
1ee2
abc
-
--2
1e
1.2.3
1e+
1e
e10
000.e
.
000.e
e10
+
+
1e
e10
1e
abc
abc
abc
-
++1
1e
--2
--2
1ee2
-
0e
000.e
-
+
abc
abc
1e+
1e-
--2
000.e
1e-
abc
--2
1.2.3
.
1e+
-
1e
0e
1e+
abc
1e
-
1e+
1e+
-
1e+
-
--2
.
.
.
0e
e10
1ee2
e10
1e+
000.e
--2
1e-
+
++1
+
--2
1.2.3
1.2.3
0e
++1
1e-
1ee2
1e+
1e
1e-
0e
--2
000.e
e10
.
1.2.3
000.e
1e+
1e+
+
--2
1e+
0e
1e-
1ee2
0e
e10
.
1.2.3
000.e
1e
e10
1ee2
abc
-
.
1e-
--2
1ee2
1ee2
-
abc
+
++1
000.e
1e-
-
0e
1ee2
-
0e
-
1e
.
++1
-
000.e
1e
--2
1.2.3
1e
.
-
-
1e
e10
e10
1e-
--2
-
--2
1e-
000.e
1e+
1e+
-
++1
1ee2
--2
+
abc
abc
abc
-
+
1e+
1e-
1.2.3
abc
.
1e+
+
0e
1.2.3
--2
1e
-
000.e
-
-
--2
.
++1
1.2.3
abc
1e
.
0e
-
++1
1e+
1e+
1e-
1e-
1e+
e10
-
abc
1.2.3
1ee2
1e-
e10
e10
1.2.3
e10
+
1e+
++1
abc
+
1e+
++1
1.2.3
e10
.
1e+
1e-
e10
1e+
+
000.e
0e
1.2.3
abc
abc
1e-
0e
.
-
1e-
.
e10
000.e
1.2.3
e10
1e-
1e
000.e
abc
abc
abc
000.e
abc
e10
+
000.e
1.2.3
1e
.
-
e10
.
1e
1e-
1.2.3
+
++1
--2
-
--2
+
1ee2
1ee2
e10
abc
000.e
1e
e10
000.e
.
-
1.2.3
-
0e
1ee2
1e
1e+
1e+
--2
+
++1
1e-
e10
abc
1.2.3
0e
1.2.3
1.2.3
+
0e
0e
1e+
1e
1ee2
1e-
+
abc
000.e
++1
1.2.3
1e-
1.2.3
000.e
-
000.e
--2
1e+
1ee2
1.2.3
1e-
--2
-
1e+
1.2.3
1.2.3
-
1e-
1e+
++1
1e-
abc
.
1e-
e10
1e+
-
1e+
-
--2
e10
1e+
000.e
1e+
e10
1e-
--2
1ee2
.
000.e
000.e
1ee2
1e+
++1
1e+
1e-
e10
1e
--2
--2
--2
1e-
++1
abc
--2
1e-
0e
++1
0e
1.2.3
+
1.2.3
e10
e10
-
--2
0e
.
1e
+
.
.
-
.
-
1ee2
0e
e10
1e+
1e+
--2
1.2.3
+
e10
-
e10
000.e
--2
0e
000.e
+
1e-
1e+
000.e
1.2.3
abc
0e
0e
-
1ee2
1ee2
e10
--2
.
abc
1e-
e10
0e
1e-
000.e
abc
1e-
0e
-
.
--2
1ee2
000.e
1e+
e10
-
000.e
.
.
1e
--2
1ee2
0e
-
e10
1e+
0e
.
1e+
-
000.e
1ee2
1ee2
--2
1e-
++1
-
+
+
1e-
abc
000.e
1e-
1e+
1ee2
abc
--2
+
+
1ee2
000.e
1ee2
abc
e10
1e
0e
.
000.e
++1
e10
.
1e
abc
abc
abc
0e
1e+
+
++1
000.e
e10
000.e
abc
1e+
1e+
000.e
1.2.3
-
++1
1ee2
1e+
1.2.3
.
1.2.3
++1
1ee2
e10
1e-
-
abc
abc
1e+
1.2.3
000.e
.
0e
1e+
0e
1ee2
1.2.3
1e-
000.e
e10
1e+
-
e10
+
-
1ee2
1ee2
0e
000.e
000.e
abc
000.e
0e
1e+
1ee2
abc
++1
1e+
+
1.2.3
1.2.3
.
--2
abc
.
--2
1e-
1e+
--2
1ee2
1e
abc
1.2.3
0e
1ee2
abc
abc
e10
1.2.3
1ee2
1.2.3
1e
++1
1ee2
-
.
-
000.e
e10
0e
1e+
--2
-
++1
e10
1.2.3
+
1e+
abc
--2
1e
1e-
abc
1e+
.
.
abc
1e
.
1e
000.e
1e-
-
1e+
1e+
-
000.e
1.2.3
++1
e10
e10
0e
+
e10
1.2.3
.
-
0e
000.e
+
++1
000.e
.
1e-
abc
000.e
1e
1ee2
e10
.
1e-
+
+
--2
abc
1e-
-
e10
-
1e-
1e+
.
1ee2
0e
+
1.2.3
++1
++1
e10
+
abc
1.2.3
.
1.2.3
1e
1e+
+
1.2.3
.
.
1.2.3
1e-
0e
1e+
++1
.
--2
0e
1e
abc
000.e
e10
e10
+
1e
++1
.
-
-
--2
1e+
1e
000.e
-
1e
.
abc
1e-
000.e
-
++1
1e
1ee2
++1
1ee2
1e
e10
-
.
1e+
1ee2
1e
0e
1e+
--2
1.2.3
--2
abc
1.2.3
abc
++1
1ee2
+
-
1e-
e10
e10
000.e
0e
++1
+
1.2.3
0e
1e+
e10
1ee2
1e-
0e
1e-
++1
000.e
000.e
++1
1e+
1ee2
--2
.
000.e
0e
1e+
.
0e
-
abc
+
1ee2
1e+
-
000.e
1.2.3
.
1ee2
abc
-
+
.
e10
000.e
++1
1ee2
000.e
1e+
1e+
++1
1e
000.e
0e
.
000.e
.
.
1e-
--2
.
abc
e10
+
+
e10
1.2.3
1e-
e10
0e
-
1e
0e
--2
abc
-
1.2.3
1.2.3
000.e
000.e
e10
1e+
1e+
e10
000.e
0e
1e-
1e+
1e-
1e
.
1e-
-
.
0e
+
000.e
1e+
.
1e
1e
abc
+
.
abc
1e
e10
-
1e
e10
1e
1e
abc
+
1.2.3
1e+
.
1.2.3
1e+
+
1e
--2
1e-
.
-
abc
+
000.e
0e
000.e
-
000.e
1e+
++1
1.2.3
1e
1e
000.e
0e
1e-
.
1e
1e+
0e
1e+
1ee2
1e+
e10
000.e
.
-
.
++1
0e
--2
1e
+
+
1e
1e+
e10
1.2.3
abc
.
abc
--2
e10
1e+
.
1ee2
--2
0e
.
000.e
-
+
1e-
0e
1e-
++1
000.e
e10
1e-
1ee2
--2
1ee2
-
1e+
.
+
1ee2
1e+
e10
000.e
000.e
000.e
--2
--2
-
1e-
1ee2
1e
-
1e-
1.2.3
1e+
1.2.3
1e-
e10
++1
1ee2
.
-
-
0e
.
-
1ee2
1ee2
1.2.3
1e-
1.2.3
1e+
1.2.3
.
0e
1e
1.2.3
++1
1e
abc
000.e
1.2.3
--2
1e-
000.e
1e+
e10
000.e
abc
1.2.3
--2
1e
-
1.2.3
.
1e+
0e
.
1.2.3
e10
1ee2
1.2.3
--2
1.2.3
.
.
1e+
+
1ee2
1e-
abc
1e
--2
1e+
e10
.
abc
0e
0e
0e
-
+
abc
000.e
+
e10
-
1.2.3
1e-
e10
0e
.
0e
1e
abc
++1
000.e
+
1.2.3
+
1e+
++1
e10
1e-
000.e
1e+
1.2.3
1.2.3
++1
0e
--2
1e+
000.e
++1
e10
1e-
1e-
.
+
+
+
1e
-
-
1ee2
1e-
--2
1e-
1e-
1e-
.
-
++1
1e
++1
1e-
abc
1e-
1e-
1e
1e-
.
-
--2
1.2.3
1e
1ee2
--2
1.2.3
1e
1.2.3
--2
1.2.3
1e-
+
1e+
1ee2
0e
++1
1e
1e+
.
-
e10
abc
000.e
1e-
1e-
1ee2
abc
-
1e-
.
1e+
000.e
1e-
+
1.2.3
+
-
000.e
-
e10
0e
abc
1.2.3
0e
.
0e
e10
1e
1e
0e
-
1e-
0e
++1
000.e
+
++1
--2
.
1ee2
0e
0e
000.e
e10
1ee2
1e+
++1
++1
--2
+
000.e
+
+
1ee2
1.2.3
abc
1.2.3
abc
1.2.3
.
--2
-
1.2.3
0e
++1
000.e
1.2.3
000.e
1e-
e10
1ee2
1.2.3
1ee2
+
e10
+
1.2.3
.
.
abc
1e+
.
.
1ee2
000.e
1ee2
+
000.e
1e
-
1.2.3
1e-
1ee2
.
+
+
1.2.3
++1
1e-
++1
+
1.2.3
+
e10
e10
1.2.3
1e
+
1ee2
1ee2
1e+
1ee2
abc
-
1.2.3
1e+
0e
abc
000.e
e10
1e
.
1e+
1e
1ee2
-
--2
+
1e
1.2.3
++1
++1
000.e
1.2.3
1e-
1e+
0e
--2
abc
1.2.3
0e
abc
+
1ee2
.
1e+
1e-
--2
+
1.2.3
1e+
1ee2
1e-
1e
abc
-
1e-
+
++1
e10
1.2.3
1e-
e10
1e+
1ee2
++1
abc
e10
++1
abc
abc
1e+
1e-
.
++1
e10
1e+
1e+
--2
e10
.
+
0e
++1
++1
1.2.3
.
000.e
++1
1e
1e
abc
.
abc
000.e
0e
.
000.e
--2
1e
e10
abc
000.e
abc
000.e
--2
abc
1e+
--2
1e-
1e-
.
--2
1.2.3
abc
000.e
-
0e
+
++1
abc
.
1ee2
1ee2
--2
e10
.
000.e
.
1e+
--2
1e
-
-
--2
1e
-
1ee2
e10
e10
1e+
.
e10
abc
1e
1ee2
e10
1e
e10
000.e
1e-
0e
1ee2
000.e
-
1.2.3
+
--2
1e
abc
1e+
e10
.
--2
0e
-
.
+
1e+
1e+
1e-
+
.
1ee2
1e
1.2.3
0e
+
.
0e
++1
1e-
1ee2
1e+
.
abc
-
1e-
--2
.
.
1e
.
1e+
abc
+
1.2.3
1e-
1e+
1e+
000.e
--2
1.2.3
+
1e
1e+
.
1e+
1e+
1ee2
1e+
abc
1e-
1e-
1.2.3
000.e
1ee2
.
000.e
1.2.3
++1
1e-
1e+
1.2.3
1e-
e10
1.2.3
e10
1e+
.
+
e10
000.e
1e-
++1
1ee2
1e-
++1
1e-
1ee2
000.e
000.e
-
000.e
++1
1e
1e+
++1
+
0e
0e
++1
1e
+
e10
1e+
000.e
1e+
1ee2
1e
.
0e
0e
abc
--2
--2
++1
0e
e10
1ee2
000.e
1e+
abc
e10
--2
0e
++1
1e+
1e
1ee2
1e+
++1
-
e10
1e-
1e+
1e
+
1e-
1e-
.
1e+
1.2.3
+
e10
e10
+
1.2.3
e10
1e-
1e
1e-
+
1ee2
+
-
+
000.e
+
1e
+
.
1ee2
+
1e+
++1
--2
0e
1e+
000.e
.
++1
000.e
+
--2
abc
+
.
++1
e10
.
0e
e10
1ee2
0e
000.e
1ee2
+
1e-
000.e
+
1ee2
++1
1e
e10
000.e
1e-
--2
--2
-
1e
1e+
e10
1ee2
1e
1e-
abc
1e
1.2.3
1e
0e
1e+
+
1e
abc
++1
000.e
abc
--2
1.2.3
1ee2
--2
e10
1e+
1.2.3
-
+
1e+
.
abc
1.2.3
0e
abc
1e+
000.e
abc
-
abc
1.2.3
0e
1e+
000.e
1.2.3
+
1e-
1e+
+
1.2.3
1e+
0e
--2
000.e
1.2.3
1e
++1
1e
.
1e+
0e
1ee2
1e
abc
.
000.e
--2
000.e
1ee2
0e
+
1ee2
1.2.3
1e+
1e
++1
--2
+
1e
-
1e+
+
.
1e
1e
+
0e
1e
.
abc
.
.
1e-
+
e10
1e
.
1ee2
-
-
1.2.3
-
1e
1.2.3
+
1e-
.
e10
1e+
1ee2
-
000.e
-
--2
e10
.
abc
1e
0e
0e
1ee2
--2
0e
e10
1ee2
1e+
1ee2
.
+
+
1e
+
-
++1
-
1e-
-
0e
1.2.3
-
+
abc
e10
.
1ee2
++1
--2
0e
1e
++1
1e+
e10
000.e
++1
000.e
-
000.e
1e
1e
++1
--2
e10
abc
1e
-
1ee2
000.e
--2
e10
+
1.2.3
1e+
1e
0e
abc
abc
-
1.2.3
e10
abc
-
1.2.3
+
1e-
.
1e
000.e
e10
abc
.
0e
000.e
1.2.3
1e+
0e
abc
0e
1e-
.
1e
abc
++1
0e
-
-
1e-
++1
.
--2
e10
++1
0e
e10
1e
000.e
++1
1e
+
1ee2
-
+
-
e10
0e
abc
--2
1.2.3
1e+
000.e
--2
+
e10
e10
.
-
e10
abc
0e
+
--2
1e+
--2
e10
1.2.3
e10
0e
1e
abc
1.2.3
.
1.2.3
.
.
abc
.
1e-
-
e10
1e+
1ee2
1e-
e10
e10
1ee2
1e
.
e10
1e+
--2
1e
1.2.3
1ee2
1ee2
1.2.3
++1
1e+
1e+
+
000.e
-
1e-
1ee2
1.2.3
1.2.3
.
-
000.e
1.2.3
+
1ee2
1ee2
1e-
1e-
1.2.3
++1
--2
1.2.3
--2
000.e
1e
++1
++1
e10
1.2.3
--2
-
e10
1.2.3
000.e
-
1e
-
abc
-
++1
-
++1
++1
--2
1ee2
++1
.
1e-
1e
1e-
1e+
1ee2
-
1e+
1e-
1e+
1e
1ee2
000.e
.
0e
1e-
-
1ee2
000.e
-
.
abc
-
1.2.3
0e
.
1e+
-
000.e
--2
1e-
1e-
1.2.3
1e-
1ee2
0e
1e-
1e-
1.2.3
1ee2
++1
0e
1ee2
000.e
+
1ee2
1e-
++1
--2
++1
abc
.
1e
-
--2
1e-
e10
.
000.e
.
1.2.3
abc
1ee2
e10
1e
abc
e10
1ee2
--2
1e
--2
1e
-
--2
--2
e10
1e+
--2
++1
++1
1e+
++1
1e-
e10
1ee2
1e+
1e
0e
+
e10
+
1ee2
-
1e-
--2
--2
1.2.3
1e+
--2
0e
.
.
++1
--2
abc
--2
1e-
0e
++1
abc
abc
-
000.e
000.e
1e
1e
000.e
e10
+
1e
1.2.3
+
1.2.3
abc
.
.
--2
0e
1ee2
1.2.3
-
abc
.
1e+
000.e
abc
1ee2
1e+
-
e10
000.e
-
1e-
e10
--2
1.2.3
1ee2
1e-
abc
++1
1e-
-
abc
000.e
.
--2
1ee2
abc
000.e
abc
-
1e-
1ee2
-
000.e
1ee2
.
--2
e10
-
-
1e-
.
1e+
1.2.3
++1
+
++1
0e
000.e
-
e10
abc
-
++1
abc
+
++1
e10
--2
1ee2
--2
e10
0e
1ee2
000.e
e10
000.e
+
++1
+
+
1.2.3
1ee2
1e
+
1e+
1e+
1e
1.2.3
e10
1.2.3
1e+
e10
-
abc
abc
0e
1ee2
+
-
.
--2
--2
.
1e-
.
e10
1ee2
e10
--2
1ee2
.
1e
1.2.3
abc
1e-
1e-
1e+
.
1ee2
--2
++1
0e
++1
1e-
abc
.
++1
1.2.3
+
1.2.3
++1
1e+
abc
--2
++1
--2
1.2.3
0e
1e
1ee2
abc
-
+
.
e10
--2
.
1e+
++1
000.e
++1
+
0e
000.e
1.2.3
--2
1e-
--2
-
1e
1ee2
1e+
1e+
abc
e10
000.e
-
abc
.
.
000.e
1e
-
.
--2
1e+
-
000.e
0e
1e-
0e
0e
e10
+
-
1e+
--2
++1
1e+
0e
1e+
1e
-
1e+
1.2.3
000.e
abc
-
e10
abc
++1
e10
abc
1.2.3
e10
1ee2
0e
-
+
1ee2
0e
0e
abc
000.e
0e
1ee2
++1
--2
abc
--2
+
1.2.3
+
1e-
1e
+
1e-
1e-
abc
-
0e
1e+
abc
++1
1e-
000.e
1ee2
abc
1e+
--2
1e+
++1
000.e
.
--2
1e-
++1
++1
-
abc
+
++1
000.e
+
1e+
--2
++1
++1
abc
1e
+
1ee2
1e+
--2
0e
1e
-
000.e
--2
.
-
+
+
1.2.3
.
1.2.3
0e
abc
--2
++1
1.2.3
++1
++1
+
+
abc
1e-
.
-
0e
000.e
++1
1e+
.
e10
0e
.
--2
--2
0e
--2
1.2.3
1.2.3
--2
1e-
e10
-
1e+
++1
1e+
0e
+
abc
0e
000.e
1e+
.
1e
1ee2
1e
1e+
000.e
0e
-
--2
abc
1.2.3
--2
1e-
+
abc
.
1e+
abc
1.2.3
1ee2
1e-
1.2.3
1e-
1.2.3
--2
.
000.e
++1
-
+
abc
+
1e
.
1e+
1.2.3
.
000.e
--2
1.2.3
1e+
000.e
000.e
0e
--2
.
000.e
1e+
1e-
1e
e10
1e
000.e
1e+
++1
+
1.2.3
.
000.e
000.e
--2
++1
0e
0e
0e
abc
000.e
1e
1e+
1ee2
1e
000.e
1e-
0e
0e
000.e
1ee2
-
0e
1e-
e10
++1
1e
abc
.
1e
.
1.2.3
--2
1e-
.
++1
-
++1
abc
abc
1e+
1e
1e
1e-
--2
-
abc
000.e
--2
.
1e-
1e-
.
.
1e-
000.e
1e
0e
000.e
1ee2
0e
-
000.e
abc
abc
000.e
1e+
e10
+
-
1e+
.
1e-
++1
.
abc
e10
1e-
000.e
-
-
1e+
0e
-
e10
1e+
.
1.2.3
.
+
1.2.3
1e+
e10
1e-
1.2.3
000.e
abc
1e+
+
+
1ee2
000.e
++1
1e
1e-
000.e
abc
+
-
1.2.3
abc
1e+
1.2.3
+
+
000.e
-
+
1.2.3
--2
++1
.
0e
1e-
+
1e+
+
1e+
+
0e
1ee2
1.2.3
++1
.
.
e10
1.2.3
1.2.3
abc
1e+
.
+
+
1e
1e
+
abc
000.e
1e+
-
1e-
1ee2
1e
000.e
000.e
1e
++1
+
-
1e+
-
e10
--2
0e
000.e
.
+
1e+
--2
--2
--2
0e
1e+
1e-
abc
-
1ee2
e10
1.2.3
1e-
1ee2
1e
.
e10
1e
1e
1e
.
-
0e
000.e
++1
000.e
-
1e-
.
1ee2
0e
1e-
.
1e-
+
1e
1e
1e+
1ee2
+
-
e10
1ee2
0e
.
e10
++1
--2
abc
+
--2
e10
++1
abc
-
1e
--2
.
1ee2
000.e
+
+
--2
++1
1e+
+
1e
-
++1
000.e
1e+
++1
.
+
0e
000.e
1e-
e10
--2
.
e10
--2
+
1ee2
++1
-
e10
1e+
e10
1ee2
++1
e10
+
1e+
e10
++1
-
0e
1e
1e+
1e
1e
--2
e10
.
1ee2
1e
000.e
.
1e-
-
1e-
e10
-
e10
--2
000.e
++1
1ee2
1e+
1e-
1e-
.
.
1e+
.
.
1e-
1e+
--2
e10
1e-
1ee2
.
1e+
+
+
0e
abc
0e
1e
1ee2
++1
--2
000.e
.
1e
++1
abc
abc
1e-
e10
++1
abc
--2
0e
000.e
1e-
1.2.3
++1
++1
abc
000.e
0e
-
1e
+
e10
++1
1e+
1ee2
e10
1e
1ee2
++1
abc
-
+
e10
abc
abc
e10
e10
.
.
1ee2
1.2.3
1ee2
++1
1e-
1e+
-
0e
1e+
1e+
-
.
e10
--2
000.e
000.e
1e+
1e
+
1e+
--2
+
--2
1.2.3
1e
1e+
e10
++1
1e
1e
000.e
1.2.3
e10
1ee2
1ee2
e10
1e+
--2
1e-
1e-
++1
1e+
1.2.3
+
1e+
1ee2
1.2.3
--2
++1
abc
+
+
++1
.
-
++1
.
++1
1e+
0e
0e
1ee2
abc
++1
--2
000.e
000.e
--2
e10
1e
1e
-
1e
1e+
++1
1e-
0e
1e+
1e+
000.e
-
abc
.
1e+
1.2.3
1e+
1.2.3
+
--2
-
1e
+
.
.
1.2.3
--2
+
.
+
1ee2
-
0e
+
e10
e10
1.2.3
abc
+
-
1e
abc
e10
0e
e10
++1
++1
e10
1e
000.e
e10
abc
000.e
0e
+
1e
e10
+
abc
0e
1e
1.2.3
e10
-
1e+
1e-
1e-
1e+
1e-
1ee2
1ee2
abc
1ee2
.
-
1e
1e
1e
.
1e
e10
0e
-
e10
1e-
+
000.e
1ee2
.
1e+
-
1e+
abc
1e
0e
abc
1e-
++1
abc
1e+
1e
1ee2
1.2.3
++1
.
1e
0e
--2
1e
1ee2
-
+
e10
++1
abc
e10
abc
000.e
.
1.2.3
-
--2
e10
++1
1e
--2
abc
e10
-
+
abc
abc
-
1.2.3
1e+
e10
000.e
0e
1e+
0e
abc
+
-
1.2.3
1ee2
1e+
--2
++1
.
0e
-
.
++1
.
++1
abc
000.e
e10
+
--2
000.e
1e-
0e
abc
1ee2
e10
.
.
1e-
1e
.
1e-
000.e
++1
++1
0e
+
1e-
1e+
000.e
e10
++1
--2
.
.
+
e10
-
abc
e10
.
1e
1e
0e
--2
1e+
--2
1e-
1e
.
1ee2
1.2.3
abc
+
1.2.3
.
-
1.2.3
++1
1e
++1
.
1ee2
1e+
-
1.2.3
abc
000.e
abc
abc
--2
1e-
-
.
-
.
abc
0e
e10
+
++1
-
000.e
1e+
0e
1ee2
1.2.3
.
1e+
1ee2
1ee2
0e
-
1e-
1e
--2
--2
000.e
1ee2
1ee2
1e+
.
1.2.3
0e
1e-
++1
1e+
1e+
--2
1ee2
-
1ee2
1e
1ee2
0e
e10
+
1e+
1e+
1e+
-
000.e
000.e
1e+
1.2.3
abc
000.e
++1
000.e
.
e10
+
+
.
++1
+
1ee2
1.2.3
1e-
1ee2
++1
1ee2
abc
1ee2
.
-
1e
++1
1e-
1e-
000.e
1e+
1e+
1ee2
abc
++1
0e
0e
.
e10
-
++1
1e-
-
+
.
1.2.3
1e+
1e+
.
1e-
1.2.3
+
e10
-
1ee2
1e
1e+
000.e
-
abc
abc
000.e
0e
abc
+
+
1e-
++1
1e-
-
++1
000.e
++1
-
1.2.3
+
0e
000.e
-
++1
++1
.
--2
1.2.3
.
1e
1ee2
000.e
000.e
1.2.3
.
000.e
1.2.3
++1
++1
.
-
--2
++1
1e
1e
1e+
.
-
1.2.3
abc
1e-
abc
1.2.3
abc
1ee2
1e
+
abc
e10
1e-
0e
--2
abc
1e+
1e
--2
1ee2
1.2.3
000.e
1e+
-
0e
1.2.3
++1
1e+
e10
e10
-
1e+
abc
.
000.e
e10
000.e
+
e10
.
--2
-
0e
1e+
++1
0e
000.e
+
++1
1e
0e
abc
1e
1ee2
abc
e10
abc
+
1.2.3
+
1e-
.
--2
++1
0e
--2
1e-
++1
abc
e10
++1
1.2.3
1e-
--2
0e
1e+
++1
-
++1
1e+
+
++1
1e-
1e+
--2
.
1e
1e
e10
--2
abc
abc
1e
1ee2
1e-
e10
abc
1e
1e+
000.e
abc
-
1e
abc
1ee2
e10
1ee2
.
abc
abc
-
--2
--2
-
--2
--2
-
e10
1ee2
0e
1e-
+
e10
1e+
e10
e10
1e-
1.2.3
1.2.3
1e
1e-
--2
-
+
000.e
1e-
1ee2
000.e
++1
+
.
.
1e+
+
abc
e10
abc
1.2.3
1e
1e-
--2
+
+
.
--2
1ee2
abc
e10
e10
.
e10
0e
++1
+
++1
++1
000.e
-
--2
000.e
1e
1e+
1e
1ee2
++1
.
1e
++1
1e+
-
1e
+
1ee2
000.e
-
1e-
++1
--2
e10
0e
-
--2
+
.
+
e10
1e+
000.e
1e
.
--2
abc
--2
-
+
1e
--2
000.e
000.e
1.2.3
--2
abc
--2
0e
1.2.3
e10
.
1e
1e
1e+
abc
1.2.3
1.2.3
-
1.2.3
abc
1e
1e
-
1.2.3
--2
1e+
1ee2
000.e
.
000.e
++1
-
++1
e10
1ee2
.
.
abc
.
1e+
--2
1ee2
1e-
0e
.
--2
--2
1.2.3
000.e
--2
-
1e-
abc
+
++1
000.e
--2
0e
+
-
e10
-
e10
+
.
abc
000.e
++1
e10
-
-
1ee2
1e+
1e+
1.2.3
e10
e10
-
1e-
1.2.3
e10
1e
--2
1e
++1
abc
e10
0e
++1
++1
--2
000.e
abc
1ee2
0e
+
1ee2
-
1ee2
e10
1e
1e-
e10
000.e
++1
1e-
+
1e
0e
++1
000.e
1e-
000.e
1e
1ee2
1e+
1e-
1e+
abc
1e-
0e
e10
1e+
1ee2
-
1e-
abc
1e+
1e+
+
abc
.
e10
abc
1e+
abc
+
1e+
1ee2
.
--2
--2
-
+
1ee2
1e+
1.2.3
abc
++1
1ee2
1e+
abc
1ee2
abc
1.2.3
1e+
1e-
0e
0e
1e-
+
000.e
e10
1e+
-
++1
.
0e
++1
.
1e
1e
.
e10
1ee2
000.e
0e
1e-
++1
1e-
000.e
1e-
1e-
+
1e-
--2
0e
1ee2
abc
--2
000.e
1e
1.2.3
1.2.3
000.e
1.2.3
++1
1ee2
000.e
++1
000.e
.
-
.
e10
.
--2
000.e
0e
0e
--2
-
-
0e
000.e
000.e
abc
++1
abc
-
1e+
1e+
1e-
-
1e-
000.e
0e
000.e
1e+
-
+
1e-
+
.
.
.
1e
e10
1e-
++1
abc
1e-
abc
1ee2
.
+
000.e
1e-
abc
+
0e
.
++1
e10
++1
1e
1ee2
1e-
1e-
1e
0e
e10
--2
++1
1e-
1ee2
1e
1e+
--2
1ee2
0e
000.e
--2
1e+
++1
1e+
000.e
000.e
1e
1e
1e-
1e-
--2
000.e
e10
.
abc
++1
1e
1e
-
.
++1
-
0e
e10
.
1e+
1e+
abc
0e
1e+
-
0e
abc
--2
-
1e
1e
abc
.
--2
1ee2
000.e
1ee2
e10
-
0e
--2
1e+
1e
1e
abc
+
1e
e10
1ee2
0e
000.e
.
000.e
.
.
1e+
-
--2
abc
abc
++1
1ee2
1e+
e10
1ee2
1ee2
000.e
1ee2
1e
++1
.
0e
1.2.3
-
abc
1.2.3
1e+
1e-
e10
--2
--2
000.e
abc
0e
1e-
e10
0e
++1
-
1e+
e10
000.e
1e
1e-
.
+
1e+
--2
1e-
1e+
1e
000.e
.
1.2.3
1e-
1e+
e10
1e+
1e
++1
1ee2
.
1e
++1
1.2.3
-
1.2.3
1ee2
--2
abc
000.e
e10
1e
1e
0e
1.2.3
1e+
0e
1e
1e
abc
++1
+
abc
1e+
--2
0e
1e
.
++1
abc
1e-
+
0e
0e
--2
1e+
-
-
abc
.
1.2.3
1e-
1e
abc
1e-
1e+
--2
1e-
++1
abc
1.2.3
1.2.3
-
1e+
++1
1e-
1ee2
1e
-
--2
abc
++1
0e
+
1e+
.
000.e
1ee2
.
e10
abc
abc
.
++1
1e
000.e
1e-
1.2.3
--2
000.e
e10
+
+
000.e
000.e
1e-
--2
--2
1.2.3
0e
1e
1e-
0e
1e
1e
1e-
1e-
.
0e
1ee2
1ee2
++1
+
-
.
1e
1.2.3
000.e
+
1e+
++1
0e
1ee2
++1
e10
abc
+
--2
+
++1
1.2.3
1.2.3
abc
1e+
++1
--2
+
-
+
++1
1e+
1e-
.
--2
-
0e
1ee2
1e+
--2
abc
++1
++1
0e
000.e
1.2.3
0e
0e
1e+
1.2.3
1e+
+
--2
1e-
000.e
.
+
000.e
1e+
+
+
-
1e-
--2
1ee2
0e
abc
-
0e
--2
1e-
--2
.
1e+
-
1e-
1e+
+
--2
abc
1e
000.e
1.2.3
.
+
1e+
1e-
e10
e10
e10
1ee2
1e
abc
000.e
--2
-
1ee2
1.2.3
.
1e+
+
1.2.3
--2
1ee2
1e
--2
e10
1e-
1e-
1e-
-
+
0e
1ee2
1.2.3
1ee2
0e
000.e
+
0e
0e
+
-
-
1.2.3
1.2.3
++1
1e-
1.2.3
e10
-
1e-
1e-
1.2.3
e10
+
1.2.3
1ee2
+
1.2.3
e10
1e
1e-
--2
+
1e
1ee2
++1
000.e
1e
abc
abc
--2
abc
1e
1e
1e+
-
0e
1e+
++1
1e
1e+
+
1e
0e
+
.
1.2.3
0e
+
1.2.3
1e+
e10
0e
-
.
--2
-
-
-
.
1.2.3
.
1e+
1e-
+
e10
1e-
e10
e10
.
000.e
1ee2
+
+
--2
.
1e+
1e
1.2.3
+
e10
.
++1
0e
e10
1e-
1.2.3
+
1e+
e10
--2
1e+
1ee2
1.2.3
.
abc
++1
++1
-
.
1e-
e10
+
1e+
1e
0e
abc
abc
++1
0e
e10
000.e
++1
1e
--2
1e
+
abc
.
1ee2
1ee2
--2
--2
abc
1.2.3
1ee2
++1
-
+
.
1ee2
1e+
1ee2
++1
--2
++1
1e+
.
1ee2
1.2.3
1.2.3
1ee2
1e-
1.2.3
1e-
e10
1e+
000.e
+
e10
-
000.e
++1
++1
1ee2
.
1e-
1e+
abc
1e+
1e
1.2.3
1e
--2
-
e10
-
000.e
++1
1e+
1e+
--2
1e+
-
1.2.3
+
-
1ee2
++1
1.2.3
e10
1e+
-
1.2.3
000.e
abc
+
000.e
.
1e+
0e
-
000.e
-
e10
1e
++1
--2
e10
++1
1e-
+
0e
1e
1e
1e+
1e
--2
000.e
1e
000.e
--2
000.e
1e-
1ee2
.
1e+
1e+
1.2.3
e10
1e+
abc
1ee2
1e
1.2.3
+
1.2.3
1ee2
.
e10
1ee2
++1
1e
1e+
e10
abc
.
.
1e
--2
1e
++1
0e
abc
1.2.3
1e-
1e-
+
0e
1.2.3
0e
-
1e
-
--2
1e
--2
++1
.
+
+
abc
000.e
e10
.
1e+
e10
-
e10
000.e
--2
1e+
e10
1ee2
+
1ee2
000.e
1e+
1e-
1e-
--2
1.2.3
e10
++1
++1
1e
0e
1.2.3
-
1e+
++1
+
+
.
.
e10
e10
0e
abc
.
++1
000.e
--2
.
1.2.3
1.2.3
.
1e+
e10
1e-
--2
0e
1e+
1e
+
1e-
+
-
e10
0e
-
-
0e
1e+
abc
-
-
++1
1.2.3
1.2.3
--2
1.2.3
.
.
1.2.3
0e
1e+
.
+
1e+
++1
abc
0e
-
+
000.e
1e+
e10
1.2.3
000.e
1e
abc
--2
1e-
1e+
1ee2
abc
--2
abc
e10
0e
e10
+
.
1e
1ee2
abc
+
1.2.3
++1
e10
++1
-
1.2.3
000.e
e10
++1
abc
1e+
e10
1e
000.e
000.e
0e
++1
.
1e
+
0e
abc
1.2.3
abc
abc
+
++1
++1
++1
++1
1e
000.e
1e-
--2
1e
1.2.3
1e-
+
0e
0e
.
000.e
1e
000.e
++1
1e-
1ee2
++1
1.2.3
-
1ee2
1e
1e-
000.e
e10
abc
1e-
1.2.3
--2
abc
1e+
e10
.
-
0e
1ee2
1.2.3
-
abc
.
+
--2
1e-
1ee2
0e
1e-
000.e
+
++1
e10
0e
--2
1.2.3
1e+
1e-
.
1e+
-
000.e
-
e10
1.2.3
.
1e
abc
abc
++1
--2
000.e
e10
1e-
-
--2
abc
1.2.3
1ee2
-
abc
000.e
++1
-
e10
1e
1ee2
000.e
-
+
1e+
-
000.e
++1
1e-
1e+
1e+
1e+
++1
-
-
0e
1.2.3
abc
1e-
1e
e10
1.2.3
1e
1.2.3
000.e
1e+
+
1e+
1ee2
1e
.
0e
-
0e
1.2.3
--2
e10
++1
1e+
--2
1e-
+
1e+
+
e10
+
abc
++1
1.2.3
1.2.3
000.e
1e+
1e+
1e
000.e
+
abc
1ee2
0e
.
1ee2
1e+
.
1e+
1ee2
000.e
1e
+
.
++1
1.2.3
000.e
1e+
000.e
1e-
0e
1e
--2
--2
1e
--2
0e
+
e10
1ee2
1e-
1e-
--2
1e+
1e-
-
1e-
1.2.3
++1
1.2.3
1ee2
+
.
.
1e
1ee2
1ee2
1e-
abc
.
--2
abc
1.2.3
1e+
.
1e+
abc
e10
1e+
1e+
1.2.3
e10
abc
--2
abc
+
-
e10
0e
++1
.
1.2.3
-
abc
1.2.3
000.e
-
1e
1e
1.2.3
0e
++1
+
1ee2
000.e
1e-
abc
1ee2
e10
000.e
-
+
++1
.
1.2.3
e10
0e
--2
-
.
--2
+
e10
.
++1
abc
1ee2
.
1ee2
000.e
1.2.3
1e+
1e
.
+
+
+
e10
--2
++1
--2
1ee2
--2
000.e
1e-
1e
0e
1e-
e10
abc
.
0e
e10
1e+
0e
1ee2
1e-
+
++1
+
1e-
+
1.2.3
-
0e
000.e
1.2.3
0e
1.2.3
--2
abc
1e
-
abc
-
1.2.3
000.e
0e
1e-
abc
1.2.3
abc
e10
e10
abc
1e-
1e
.
abc
000.e
-
1ee2
-
1e-
++1
000.e
000.e
.
1e+
1e
.
abc
1e
.
1e+
1.2.3
abc
-
0e
1e
1ee2
1.2.3
e10
1e+
abc
++1
++1
1.2.3
000.e
++1
0e
.
0e
1e
+
abc
1e
-
1e+
.
+
1ee2
e10
1e-
1e+
+
.
1ee2
--2
1e-
0e
abc
--2
++1
1e+
--2
abc
1e-
--2
-
0e
000.e
abc
1e
--2
000.e
--2
0e
1e+
1e+
++1
e10
--2
000.e
1e+
-
+
1e
-
000.e
1ee2
abc
0e
-
1e-
+
000.e
-
-
abc
1e-
1e+
0e
0e
0e
1e
000.e
.
abc
e10
000.e
0e
1.2.3
abc
e10
abc
1e+
1e-
000.e
abc
abc
1.2.3
0e
-
1e
000.e
1e
--2
+
abc
1e
e10
1e-
1e-
000.e
000.e
1e
1ee2
-
-
-
+
1.2.3
+
1e+
0e
e10
-
1.2.3
1e-
++1
e10
1ee2
--2
000.e
000.e
0e
0e
1e+
.
1e+
e10
1e-
0e
1.2.3
abc
1e-
.
1e
1e-
000.e
+
+
1e-
000.e
+
--2
++1
++1
1ee2
+
e10
0e
abc
1.2.3
000.e
+
e10
++1
1e-
.
--2
1.2.3
1e
e10
1e+
++1
1e-
000.e
1e+
.
-
abc
+
-
+
0e
0e
1e-
1e
1e
1e-
1e+
-
+
abc
-
1e+
1e
1e
1ee2
e10
1.2.3
--2
++1
1e
000.e
e10
.
1e+
1ee2
1.2.3
1.2.3
abc
+
1.2.3
000.e
.
+
+
000.e
1ee2
++1
1ee2
++1
+
1e
abc
-
++1
.
0e
1e-
000.e
1e+
1e-
1.2.3
1e
000.e
000.e
1.2.3
1e
-
+
.
.
--2
1e
--2
+
--2
1e
+
1e-
1e-
1ee2
1e-
.
+
1e+
0e
+
--2
++1
abc
1e+
+
1ee2
1.2.3
++1
1e-
-
e10
1e
1e-
e10
-
+
1e
e10
--2
1ee2
-
1.2.3
0e
1e
abc
.
--2
abc
++1
+
abc
+
++1
1e
abc
+
+
0e
0e
+
1e
.
.
.
1.2.3
.
-
--2
1e-
-
.
e10
-
1e
1.2.3
e10
1.2.3
+
1e+
--2
+
1ee2
--2
1ee2
abc
e10
+
1e-
+
abc
1e-
1e+
e10
abc
1e+
e10
abc
1.2.3
1.2.3
.
.
.
.
-
1ee2
.
000.e
--2
1.2.3
1ee2
e10
000.e
-
--2
abc
1e+
0e
e10
++1
1.2.3
+
++1
e10
.
.
abc
.
--2
-
0e
1e+
abc
abc
000.e
e10
1e-
e10
1.2.3
--2
000.e
1e
.
1.2.3
1ee2
-
--2
abc
1.2.3
0e
--2
+
000.e
.
1.2.3
-
++1
++1
-
--2
--2
1.2.3
++1
+
-
1ee2
abc
-
1.2.3
--2
+
e10
-
1e+
--2
++1
1e-
+
e10
0e
1e
000.e
1e
000.e
++1
1e-
-
0e
1e-
e10
1.2.3
1.2.3
1e+
1e
1e
1e
1e
++1
0e
1e
e10
1.2.3
0e
1e+
1ee2
1e+
1e-
1e-
1e-
e10
.
++1
-
++1
-
1e+
abc
.
--2
1e+
1e-
e10
1e-
+
++1
+
+
000.e
1e-
+
1.2.3
e10
1ee2
1e
-
-
abc
0e
abc
0e
1e
1.2.3
1e
e10
1e+
1.2.3
1e
0e
000.e
e10
++1
0e
1e+
000.e
-
1e
+
0e
1ee2
1ee2
.
--2
1e+
1ee2
+
1e
++1
e10
--2
1e
+
-
1e+
1e-
0e
1.2.3
++1
-
-
1e
--2
000.e
+
000.e
+
1e
1ee2
1e+
000.e
1e-
abc
-
1ee2
000.e
+
1e+
1e+
1e+
1e
1e+
abc
000.e
000.e
0e
1.2.3
1.2.3
abc
1e+
e10
abc
-
++1
++1
1e+
1e-
.
abc
1ee2
1ee2
0e
--2
1ee2
1e
000.e
.
1.2.3
abc
1e+
1e-
1.2.3
-
1ee2
.
0e
-
0e
+
1ee2
1e-
e10
+
++1
000.e
1e-
.
0e
000.e
1e+
++1
0e
abc
-
1.2.3
++1
-
1.2.3
1e-
1e-
--2
abc
0e
+
1ee2
++1
1e+
1e+
0e
abc
abc
1e+
1e
0e
++1
+
1.2.3
e10
0e
-
1e
0e
-
0e
-
1e
1.2.3
abc
--2
0e
1ee2
abc
++1
.
-
1e+
abc
+
+
.
-
000.e
e10
1ee2
1e-
+
1e-
1.2.3
-
abc
e10
abc
e10
000.e
0e
1e
abc
1.2.3
1e
1ee2
000.e
0e
+
-
++1
abc
000.e
++1
1ee2
e10
1ee2
0e
1.2.3
++1
+
000.e
000.e
000.e
1e
--2
abc
1e+
abc
abc
e10
abc
-
+
1e
--2
1e
-
0e
000.e
.
.
1ee2
-
abc
000.e
.
-
000.e
+
abc
000.e
000.e
1.2.3
--2
000.e
-
-
e10
0e
abc
--2
+
000.e
++1
+
000.e
--2
1.2.3
1ee2
1ee2
1e
1.2.3
.
-
000.e
e10
1e-
e10
1ee2
1e+
++1
1ee2
e10
--2
e10
1ee2
000.e
++1
1e-
++1
1e+
1e-
.
abc
1e+
e10
.
-
+
-
1.2.3
--2
1e+
1ee2
1e-
1.2.3
--2
1ee2
1.2.3
1e-
1e+
.
000.e
+
1ee2
+
1.2.3
000.e
abc
.
-
1ee2
-
1.2.3
1.2.3
1e
e10
.
e10
1e+
1.2.3
e10
1e+
1.2.3
000.e
++1
+
0e
1.2.3
e10
1.2.3
1.2.3
1e+
.
000.e
abc
++1
1e
1ee2
0e
0e
.
.
--2
1.2.3
1e+
1e-
1e
1e+
.
1e+
+
+
1.2.3
-
1e
1e
1ee2
abc
++1
-
e10
e10
-
++1
++1
++1
++1
000.e
1e-
1ee2
.
1.2.3
1e+
0e
1ee2
1e-
.
1.2.3
000.e
1e-
1e+
0e
0e
e10
abc
.
.
.
--2
-
1.2.3
1ee2
e10
000.e
1e
0e
000.e
++1
1ee2
e10
1e
1ee2
1e
--2
1.2.3
1e-
-
--2
.
1e
000.e
-
abc
.
1e-
-
1e+
0e
1.2.3
abc
1.2.3
1e+
1e
1e+
-
--2
.
1e-
000.e
1ee2
--2
1.2.3
e10
++1
e10
-
abc
0e
1.2.3
000.e
-
0e
.
0e
.
e10
1ee2
.
e10
0e
0e
1e-
1e-
--2
.
-
+
000.e
1e
1e-
1e+
000.e
1e-
.
.
--2
0e
1ee2
1ee2
1e
e10
-
--2
1ee2
1e-
000.e
--2
e10
1e+
+
+
abc
abc
0e
-
000.e
++1
1e-
--2
1e
1e+
1e+
-
abc
1e-
abc
1ee2
000.e
000.e
-
-
1.2.3
0e
abc
000.e
1e
+
1e-
--2
abc
1.2.3
abc
1e+
0e
e10
+
e10
++1
000.e
++1
000.e
1ee2
abc
1ee2
abc
1.2.3
++1
1e+
++1
-
+
1e
abc
000.e
1.2.3
1e-
1e
0e
1.2.3
1.2.3
-
++1
--2
1e-
1e
1e+
++1
1.2.3
1ee2
--2
--2
--2
abc
1e-
1ee2
+
++1
0e
--2
-
000.e
abc
++1
0e
.
1.2.3
1ee2
1ee2
0e
e10
1e+
e10
1e+
1e
1e
--2
1e+
1e
0e
e10
1e
.
-
+
1.2.3
1e-
--2
e10
+
1.2.3
000.e
e10
000.e
1e+
1e-
abc
1e-
1e-
abc
abc
1.2.3
.
1ee2
.
0e
.
1e-
+
-
++1
1.2.3
000.e
+
1e
0e
1e
1e+
-
000.e
--2
1e+
1e-
+
000.e
e10
-
0e
1.2.3
1e+
.
1e-
1e
abc
1ee2
1ee2
1ee2
abc
0e
1ee2
1e
1e+
1e
++1
abc
.
.
--2
1.2.3
1ee2
e10
000.e
.
1e
1e-
-
1ee2
0e
0e
abc
--2
000.e
1.2.3
0e
++1
abc
abc
e10
+
0e
1e-
1e+
abc
1e+
abc
--2
-
abc
1ee2
1ee2
1e+
1.2.3
000.e
000.e
000.e
1.2.3
.
.
+
0e
1e
+
e10
1e+
1e-
-
++1
1ee2
1e
--2
++1
abc
abc
e10
1e+
000.e
0e
1ee2
0e
000.e
+
000.e
--2
+
-
-
1e
000.e
++1
000.e
1e-
--2
abc
0e
.
1e+
+
1e
abc
1e+
abc
000.e
--2
-
-
-
1.2.3
.
-
--2
++1
0e
.
1e-
++1
0e
1e+
000.e
--2
e10
.
e10
1e+
1e-
-
1e
1e-
+
1ee2
1ee2
.
1e-
.
e10
-
1e-
1e
+
+
++1
1ee2
.
--2
--2
abc
.
.
-
-
0e
e10
.
abc
1e
1e-
abc
1e+
000.e
--2
000.e
abc
abc
1.2.3
1e+
.
abc
-
1ee2
1.2.3
000.e
abc
e10
++1
1e+
0e
+
1e
1e-
0e
+
e10
+
.
0e
abc
++1
--2
e10
--2
++1
++1
++1
+
1e-
1.2.3
abc
000.e
000.e
e10
-
.
1e-
1.2.3
1e
1ee2
1.2.3
--2
abc
1e+
+
0e
++1
1.2.3
--2
1e
e10
1e+
e10
1ee2
1e-
++1
--2
++1
--2
000.e
++1
--2
0e
1e-
.
1.2.3
0e
e10
1.2.3
000.e
abc
1e
+
--2
-
++1
1.2.3
1.2.3
1e
0e
e10
0e
000.e
1e-
-
1.2.3
1ee2
1e-
1e
abc
1e-
abc
-
abc
e10
1.2.3
0e
abc
1e
++1
1ee2
.
abc
000.e
1e
--2
000.e
--2
--2
--2
1e-
1.2.3
e10
1e
++1
--2
.
1e-
++1
+
--2
-
--2
--2
+
--2
abc
1e
e10
+
1e
+
000.e
1e
e10
0e
000.e
-
--2
1e-
1e
1.2.3
1.2.3
.
1ee2
abc
1e-
1.2.3
0e
0e
0e
1e+
0e
1.2.3
1e-
e10
1e+
e10
--2
1e
++1
-
--2
000.e
abc
1e-
1e-
0e
1.2.3
000.e
1ee2
-
1e-
0e
++1
-
+
++1
.
-
1.2.3
1e-
1e+
--2
-
1e
+
000.e
1e-
1e+
abc
1ee2
++1
0e
1e+
--2
.
1e
--2
1e+
000.e
e10
-
0e
-
+
--2
--2
abc
abc
1.2.3
1ee2
1ee2
0e
1ee2
+
1.2.3
1e-
0e
1e-
1.2.3
000.e
0e
1ee2
0e
++1
1.2.3
1ee2
0e
1ee2
1e
1e-
e10
1e
1e
1ee2
1e
--2
-
000.e
0e
0e
+
1e+
e10
000.e
--2
++1
1ee2
+
1ee2
--2
1.2.3
0e
+
1e+
1.2.3
1.2.3
abc
000.e
1e
abc
0e
0e
-
1ee2
1e-
--2
1e+
1e-
--2
e10
e10
e10
1e+
000.e
e10
e10
1.2.3
+
1e+
-
e10
0e
1ee2
--2
000.e
.
1e-
1.2.3
.
1.2.3
-
1ee2
0e
000.e
1e-
1ee2
.
abc
1e-
1.2.3
1e+
.
+
000.e
1e+
0e
1ee2
.
+
e10
abc
1e-
abc
1ee2
1e-
.
1e
000.e
000.e
e10
1.2.3
1e-
000.e
+
000.e
000.e
-
+
e10
1ee2
1ee2
1e
1e+
-
e10
1e
--2
abc
1e-
+
1.2.3
1e+
e10
+
+
+
1e
--2
1e-
000.e
1e+
e10
--2
000.e
++1
abc
--2
1.2.3
-
+
.
1e
1ee2
1ee2
1ee2
abc
++1
++1
0e
abc
000.e
--2
1e
e10
1e-
++1
1e+
--2
++1
-
e10
000.e
--2
++1
-
--2
--2
1.2.3
++1
1e-
1e
--2
-
abc
1e+
1e-
-
e10
1e
--2
-
1.2.3
000.e
1e
+
abc
000.e
0e
1.2.3
1ee2
1e
1e-
1e+
0e
-
1e-
++1
1ee2
+
--2
--2
1ee2
--2
-
-
1.2.3
--2
0e
--2
+
+
+
+
+
1e+
e10
e10
1ee2
1e+
000.e
+
.
e10
.
1e
e10
+
e10
+
abc
1e
--2
--2
e10
abc
.
e10
+
e10
0e
0e
1ee2
0e
1ee2
abc
1e+
--2
.
1.2.3
++1
--2
e10
--2
+
000.e
1e
++1
000.e
-
abc
-
e10
e10
000.e
000.e
000.e
000.e
++1
-
1ee2
++1
e10
-
e10
.
e10
1.2.3
.
-
1e
-
e10
000.e
--2
1.2.3
-
+
+
000.e
-
--2
1ee2
--2
1e-
abc
.
.
0e
.
000.e
-
--2
abc
1.2.3
e10
0e
.
1e
1.2.3
1.2.3
++1
1e
0e
-
1e-
e10
++1
1e
++1
++1
1.2.3
0e
1e
0e
--2
e10
-
e10
-
1e+
--2
1e+
e10
abc
1e-
0e
.
0e
1.2.3
1e-
-
--2
e10
--2
0e
.
0e
abc
+
1ee2
1e
1e+
1e-
1e-
1e-
++1
++1
0e
+
-
1e
1ee2
1.2.3
1e-
1e+
e10
+
e10
abc
+
++1
-
-
.
1e+
0e
1e-
1e-
1e
0e
+
-
0e
abc
000.e
++1
+
-
abc
1e+
.
1ee2
abc
e10
e10
1e+
.
0e
+
.
1e+
.
.
++1
+
-
--2
0e
++1
--2
1e
1ee2
000.e
1e-
e10
0e
000.e
e10
1e+
1e-
1e+
-
++1
1e-
--2
--2
1.2.3
-
abc
1.2.3
1ee2
+
abc
1e-
000.e
0e
1e+
1ee2
+
1e
++1
1e-
1.2.3
1.2.3
--2
1e
-
1.2.3
1e+
--2
+
1e-
+
1e+
1.2.3
1ee2
+
-
e10
+
000.e
.
++1
-
0e
1e+
++1
1e+
1e
1e+
++1
-
1e-
e10
++1
1e
1.2.3
--2
.
abc
++1
.
abc
.
+
++1
--2
000.e
1.2.3
1ee2
abc
++1
abc
abc
--2
++1
++1
e10
e10
abc
0e
0e
1e+
000.e
1e+
++1
.
1ee2
.
-
--2
1.2.3
--2
+
-
.
0e
--2
1ee2
+
++1
e10
1e
1ee2
--2
++1
++1
++1
1e-
--2
abc
++1
-
-
000.e
1.2.3
++1
000.e
000.e
--2
0e
abc
+
1e
1e-
++1
-
-
+
000.e
1e-
++1
0e
1e-
e10
1e+
1e-
abc
.
-
e10
1e+
.
0e
abc
0e
1.2.3
1ee2
--2
1.2.3
1ee2
+
000.e
000.e
.
.
1ee2
+
--2
.
1e+
1e+
--2
1e-
1e+
e10
-
0e
000.e
0e
++1
abc
1.2.3
++1
1e
--2
1e
e10
1e+
000.e
1e+
--2
abc
abc
+
--2
1ee2
abc
1e
1ee2
000.e
1e
-
--2
+
1e-
1e+
abc
abc
1.2.3
.
1e-
.
1e
+
1e+
1e-
abc
e10
e10
1e+
++1
abc
abc
1e
1e
000.e
1e-
.
0e
0e
1e+
--2
+
1e
e10
1e+
1.2.3
e10
1e
0e
000.e
000.e
e10
++1
1e-
1ee2
1ee2
++1
-
.
-
0e
-
1e
++1
1.2.3
000.e
1e-
1e+
abc
000.e
1e-
--2
1e
1e
++1
1e+
1e
1e
000.e
abc
+
+
++1
1ee2
abc
--2
-
1.2.3
1e+
1.2.3
1.2.3
000.e
000.e
-
0e
1ee2
0e
1ee2
abc
000.e
1e-
.
--2
0e
++1
1ee2
1ee2
++1
1.2.3
000.e
++1
abc
1e-
abc
000.e
000.e
1ee2
+
--2
--2
1e
--2
1ee2
0e
.
-
e10
.
000.e
000.e
1e+
1ee2
e10
abc
.
--2
1e
1.2.3
1e-
-
--2
abc
1e+
1.2.3
000.e
abc
0e
-
.
000.e
-
+
abc
++1
1ee2
0e
0e
1e+
abc
-
0e
abc
.
1e
0e
1e
1.2.3
.
-
1e
.
1e-
000.e
0e
000.e
1e+
1e
1e
1.2.3
-
e10
+
0e
1e-
0e
+
1.2.3
++1
1ee2
--2
-
000.e
1e-
1e-
000.e
000.e
--2
++1
e10
1e
1e+
1e+
1e-
1e+
1e-
000.e
1e+
e10
-
1.2.3
000.e
--2
-
1e+
1ee2
000.e
1.2.3
1e
abc
--2
0e
1.2.3
000.e
++1
++1
e10
e10
1.2.3
1e+
--2
++1
--2
++1
-
-
++1
1.2.3
1e
1e
1e-
1ee2
000.e
+
e10
1e
--2
+
0e
1e-
.
000.e
-
1e
.
1e
1ee2
1.2.3
0e
.
000.e
e10
0e
.
1e-
0e
e10
1e
1e+
1e+
1e+
-
1e-
e10
1e
1e+
1e
000.e
1e-
000.e
abc
.
0e
-
--2
abc
1ee2
++1
e10
e10
1e-
++1
1e
1.2.3
+
1ee2
.
--2
abc
abc
1.2.3
abc
1ee2
.
1.2.3
abc
e10
+
.
1.2.3
000.e
1ee2
1e
e10
abc
-
abc
1ee2
abc
1ee2
1.2.3
1ee2
1e
-
-
0e
1.2.3
1e+
000.e
abc
.
1.2.3
1e
+
1e+
.
1.2.3
abc
1.2.3
-
1ee2
--2
+
1.2.3
0e
e10
0e
+
e10
--2
e10
.
1.2.3
-
++1
1e+
1e
.
1e
.
++1
--2
e10
.
000.e
1ee2
e10
+
0e
0e
+
0e
+
000.e
e10
1ee2
abc
000.e
1e+
+
1e+
1e
e10
-
e10
abc
.
1e+
abc
1e
1e+
1e+
1e-
--2
-
-
-
.
++1
--2
000.e
1e-
0e
1ee2
000.e
abc
.
-
1.2.3
1e
e10
.
-
++1
--2
.
e10
1e
1e
-
e10
0e
0e
000.e
++1
1e
1e+
1e+
--2
1e+
1ee2
-
e10
1e
abc
.
1e
.
.
--2
e10
1e-
1e+
+
.
1ee2
1e
++1
e10
000.e
000.e
0e
000.e
+
1e-
1e-
abc
1e
.
1e+
--2
e10
1e
1e-
000.e
abc
--2
++1
+
1ee2
-
++1
1.2.3
--2
1e+
e10
e10
--2
.
+
e10
--2
++1
+
1e
1ee2
1e-
1e+
-
1e+
-
++1
.
0e
1e
--2
abc
.
--2
1e-
.
-
.
e10
1ee2
.
1e+
1ee2
0e
+
1.2.3
000.e
+
1e+
1e+
e10
1.2.3
1e+
0e
1e
e10
-
--2
e10
-
1.2.3
-
++1
1e-
1e+
000.e
1e-
++1
.
1e+
.
e10
-
abc
1e+
.
--2
0e
+
1e-
000.e
.
1e-
1ee2
0e
-
1ee2
-
000.e
1e+
1ee2
++1
-
1.2.3
1.2.3
++1
+
0e
0e
1e
1e-
000.e
1.2.3
+
000.e
000.e
0e
.
e10
--2
1.2.3
1e+
abc
1ee2
--2
--2
abc
1ee2
0e
000.e
1e
1.2.3
+
1e
0e
abc
--2
abc
abc
.
1e
1.2.3
+
-
1e+
+
1ee2
+
1e
0e
000.e
abc
1e+
1e-
1e-
++1
--2
+
0e
1.2.3
1e-
1e-
--2
1.2.3
1e
++1
-
000.e
1.2.3
1ee2
.
-
abc
000.e
-
abc
-
-
1.2.3
abc
1e-
abc
1e+
++1
1.2.3
1ee2
1ee2
1ee2
e10
0e
000.e
1e
1e
1e+
abc
e10
0e
1.2.3
1.2.3
e10
1e
1.2.3
++1
--2
000.e
--2
++1
1e+
1e+
000.e
+
1ee2
1ee2
e10
.
-
1e-
0e
1e
.
++1
000.e
e10
000.e
++1
1ee2
++1
1e+
.
1e
1e
1.2.3
1e+
000.e
+
e10
0e
1ee2
-
000.e
1e
--2
1e
000.e
.
1.2.3
1e
++1
1e-
1.2.3
-
1e-
e10
-
0e
0e
.
+
1e-
abc
1e+
1e+
1e+
1e-
000.e
++1
1ee2
1e-
1ee2
000.e
++1
0e
-
1e+
000.e
1ee2
+
1ee2
--2
0e
e10
.
1ee2
abc
--2
abc
++1
0e
000.e
1ee2
1e
e10
-
--2
-
1.2.3
--2
1e-
.
++1
e10
1e
-
1e+
1e+
+
.
--2
++1
e10
0e
0e
++1
+
e10
0e
0e
++1
abc
-
+
-
e10
e10
abc
++1
+
1ee2
1e+
1e
1e
-
1e
1e-
++1
.
++1
+
1.2.3
++1
.
-
0e
.
abc
-
1e-
0e
++1
++1
abc
e10
1e
--2
1e+
++1
++1
1e
abc
abc
++1
.
e10
-
.
0e
+
abc
abc
++1
1e+
abc
1e+
.
1e
000.e
e10
0e
.
.
0e
1e
+
-
abc
e10
-
abc
1e-
.
000.e
abc
1ee2
1e
1e
abc
1e+
000.e
+
0e
e10
000.e
0e
.
-
-
abc
-
1ee2
000.e
0e
abc
1ee2
--2
abc
1e-
-
1e-
++1
abc
1e-
--2
1e-
--2
1.2.3
-
1e+
abc
.
e10
1ee2
abc
+
++1
++1
1.2.3
0e
000.e
e10
000.e
1e+
--2
-
1.2.3
+
0e
.
000.e
1e+
abc
1e-
--2
1ee2
++1
1e+
1e-
--2
1e
e10
+
e10
1e+
0e
e10
1.2.3
.
000.e
0e
abc
e10
000.e
abc
--2
1e+
++1
e10
0e
1ee2
abc
--2
+
1e
1ee2
1e+
.
abc
--2
e10
+
--2
1e-
1e
1e-
-
abc
++1
1.2.3
e10
000.e
++1
1e
+
0e
+
0e
e10
1e+
-
1ee2
+
--2
1e+
000.e
.
+
--2
0e
++1
.
e10
abc
++1
e10
++1
abc
1e+
0e
-
abc
1ee2
1e-
abc
1ee2
1e
--2
-
1.2.3
000.e
e10
-
++1
1.2.3
++1
1ee2
1e+
000.e
++1
000.e
1.2.3
++1
++1
000.e
1.2.3
1ee2
++1
1e-
+
1e+
0e
000.e
1e-
1e
--2
.
--2
1ee2
abc
++1
0e
1e
1ee2
+
1.2.3
--2
.
0e
abc
.
++1
e10
++1
-
abc
000.e
abc
0e
0e
.
0e
1e-
1e+
1e-
e10
000.e
abc
0e
1.2.3
e10
1e
1ee2
abc
abc
1e
--2
0e
-
1e-
--2
+
1e-
-
0e
1e
1ee2
--2
000.e
--2
.
--2
0e
++1
1e+
1e
1e-
e10
e10
--2
1ee2
1e-
e10
000.e
.
1e
-
1.2.3
--2
1e-
1e
1e+
--2
1ee2
abc
000.e
1e
abc
000.e
1e-
--2
++1
++1
000.e
1e
e10
1e
.
-
1e
+
000.e
0e
1e
1e
1e
1e
1e
++1
.
1e-
+
0e
1e+
1e
000.e
.
++1
0e
1e-
.
.
0e
e10
1e
1e
e10
1e
abc
1e+
-
-
0e
1e+
-
000.e
0e
abc
1ee2
abc
1e-
1e
-
1e+
.
1e
0e
0e
++1
e10
--2
1e+
abc
1e
1ee2
++1
e10
1e+
1e+
000.e
0e
1e+
abc
-
1.2.3
--2
1ee2
1ee2
--2
abc
.
abc
1e+
++1
0e
abc
1e+
abc
abc
-
++1
+
+
e10
e10
1e
1ee2
+
++1
+
1ee2
abc
1e+
000.e
1.2.3
1ee2
1e
1e+
e10
e10
0e
e10
++1
1.2.3
--2
0e
1e-
.
-
abc
1.2.3
0e
1.2.3
++1
.
1e+
+
+
--2
+
++1
e10
--2
000.e
1e+
--2
+
000.e
-
--2
000.e
.
1e+
e10
1.2.3
.
.
--2
-
++1
1e+
.
1e-
1e-
-
000.e
++1
abc
++1
+
1e-
++1
1e
++1
.
1e-
abc
-
.
e10
000.e
000.e
--2
0e
e10
+
+
1ee2
abc
.
.
++1
abc
0e
1e-
1e+
1ee2
1e+
abc
1ee2
abc
abc
e10
1e-
1e-
.
0e
.
1e-
1.2.3
1e+
1.2.3
e10
--2
1.2.3
1.2.3
++1
1e
abc
+
0e
1e
abc
++1
+
1e
1e-
1.2.3
1ee2
1.2.3
-
1e-
1e+
.
1.2.3
1e+
+
1ee2
.
1e-
1ee2
000.e
1e
1e-
.
1e-
.
+
--2
0e
1e-
.
1ee2
--2
e10
1ee2
0e
+
1e-
1e
1e+
.
000.e
1ee2
1e
.
--2
1ee2
abc
.
--2
+
abc
e10
++1
e10
1ee2
+
1e+
abc
abc
0e
1e+
1e-
abc
1.2.3
1.2.3
+
1e+
1ee2
--2
e10
1e+
e10
1ee2
1e-
--2
1.2.3
abc
.
1ee2
1ee2
000.e
abc
.
e10
000.e
1e+
0e
000.e
--2
.
1.2.3
.
.
0e
--2
+
000.e
++1
000.e
abc
+
0e
+
0e
e10
1ee2
1ee2
++1
0e
1e+
e10
1.2.3
+
abc
1e-
1e-
1e
+
1e-
0e
--2
++1
1e
0e
--2
--2
.
1e
++1
1e-
.
1e
e10
--2
.
+
1e-
e10
-
1ee2
e10
e10
0e
abc
+
1.2.3
++1
1ee2
000.e
abc
1e
1.2.3
1ee2
+
abc
--2
abc
abc
e10
-
--2
1e+
abc
1ee2
abc
-
0e
abc
e10
1e
1e+
1e-
+
abc
-
.
e10
abc
.
1.2.3
1ee2
1e-
.
abc
1e+
e10
-
--2
abc
1e+
1.2.3
0e
++1
abc
000.e
abc
+
1e-
abc
abc
--2
1e
--2
++1
1e-
-
abc
.
.
1e-
-
-
0e
+
-
+
0e
+
e10
+
+
abc
000.e
.
++1
abc
e10
0e
0e
1ee2
1ee2
1ee2
1.2.3
1.2.3
+
abc
1e+
1ee2
-
1.2.3
0e
1.2.3
-
-
+
1e-
1ee2
0e
++1
++1
000.e
e10
-
1e-
+
0e
-
000.e
-
.
++1
1.2.3
+
1ee2
.
1.2.3
-
1e
1e+
1e
000.e
1e+
1e-
e10
1.2.3
1e
1e
1e+
1e+
1.2.3
--2
1e
1e
1e
++1
+
0e
+
1e-
abc
0e
-
--2
+
1e
-
++1
1e-
e10
++1
++1
1e-
+
0e
1e+
1e
1.2.3
+
1ee2
abc
1e
++1
e10
0e
1.2.3
++1
-
+
1e-
--2
1e+
1.2.3
1ee2
++1
000.e
1e
e10
.
-
1e-
1e-
abc
0e
1e+
abc
1e-
1ee2
1e+
0e
1e-
abc
1.2.3
++1
0e
-
1e-
++1
+
e10
++1
1.2.3
--2
000.e
abc
abc
+
1e-
1.2.3
1ee2
1e
1e+
1e
.
1e+
e10
1e
+
1ee2
1ee2
1e
1ee2
-
000.e
1.2.3
.
1e-
++1
1e
abc
--2
++1
1e
000.e
1e
1e
000.e
-
1e+
++1
1e
++1
--2
000.e
1ee2
-
1e+
--2
0e
1e
1e+
--2
1.2.3
1e+
-
000.e
1e
1.2.3
0e
++1
1e+
--2
.
1e-
++1
+
1e
+
1e-
1e+
+
1.2.3
1ee2
1e
+
000.e
+
1.2.3
1ee2
+
1.2.3
1e-
1.2.3
1e+
+
1e-
.
1e
000.e
+
++1
000.e
.
1e
1e-
1e+
0e
-
.
1e-
1e+
+
0e
++1
--2
0e
abc
1e+
+
-
1.2.3
1ee2
000.e
++1
1e-
-
1e+
0e
--2
1.2.3
1.2.3
-
++1
.
1e
++1
1.2.3
++1
1e-
000.e
1e+
1e+
0e
1e
--2
abc
abc
1e-
1e+
.
1.2.3
abc
e10
++1
1e
+
.
++1
+
abc
abc
-
--2
000.e
--2
1e-
-
1e-
abc
0e
++1
1.2.3
1e
0e
+
++1
1.2.3
1.2.3
.
1e-
.
+
-
1ee2
1e
--2
1e
abc
1e+
000.e
1e
1e
1e
abc
1.2.3
.
000.e
1e+
--2
abc
.
++1
+
abc
e10
000.e
1e-
1.2.3
1ee2
1ee2
abc
1.2.3
-
.
.
-
++1
1e+
++1
.
000.e
1e+
1ee2
1e
000.e
++1
0e
1ee2
--2
abc
-
.
1.2.3
1e-
1ee2
1e-
-
abc
--2
1e+
.
1ee2
0e
000.e
0e
+
1e+
0e
1e+
+
1e+
0e
e10
1.2.3
1e-
abc
0e
1.2.3
1.2.3
+
--2
abc
+
-
1ee2
000.e
1e+
e10
-
abc
+
1e-
1.2.3
.
0e
1e-
+
.
0e
e10
000.e
0e
1e
-
1e-
--2
1e-
--2
-
0e
1e
1.2.3
1.2.3
1e
1e
abc
0e
1e
0e
1e+
abc
1.2.3
1e-
000.e
e10
1ee2
-
1ee2
++1
1e+
0e
0e
1e-
1e-
+
1e
.
1e+
-
1e
1e
abc
abc
-
1e-
--2
-
++1
--2
1.2.3
++1
+
e10
.
1e+
1.2.3
.
1e
0e
+
000.e
abc
1.2.3
++1
1.2.3
-
0e
1e-
1.2.3
1e-
1e+
-
-
-
+
e10
++1
--2
e10
e10
000.e
1ee2
0e
--2
+
1ee2
e10
0e
e10
1e-
1e
1.2.3
0e
e10
1e+
abc
1ee2
1e+
1e-
abc
1e-
1ee2
0e
000.e
+
abc
e10
.
+
0e
+
++1
e10
+
000.e
+
e10
1.2.3
000.e
000.e
1e+
-
++1
+
000.e
++1
1e-
1.2.3
--2
++1
abc
--2
1.2.3
1.2.3
0e
abc
1.2.3
1.2.3
1e-
.
000.e
++1
1e
++1
abc
1e-
++1
+
++1
-
--2
1ee2
-
1e+
.
abc
-
.
-
abc
1e+
0e
1e
--2
--2
1.2.3
abc
1e+
--2
0e
1.2.3
.
0e
1e
000.e
--2
0e
abc
1e-
++1
1.2.3
1ee2
.
1e+
--2
++1
1.2.3
1ee2
1e+
000.e
abc
1e-
000.e
--2
1e
e10
e10
1.2.3
000.e
abc
abc
e10
.
e10
--2
e10
1ee2
1ee2
--2
e10
abc
000.e
000.e
e10
0e
-
1.2.3
abc
-
--2
1e
1e-
+
1ee2
abc
1e
e10
000.e
e10
1.2.3
++1
+
+
1e+
0e
-
--2
+
++1
abc
--2
-
++1
1.2.3
1e+
1e
-
000.e
abc
++1
--2
abc
0e
1e
1ee2
1e
.
++1
000.e
+
1e
+
1e+
1ee2
-
--2
0e
+
abc
1.2.3
1e-
-
000.e
++1
.
e10
1e+
abc
1e-
1.2.3
0e
000.e
1ee2
--2
1e
000.e
1ee2
+
e10
1e-
1.2.3
1ee2
1ee2
-
e10
.
0e
e10
1ee2
abc
1e-
0e
-
++1
--2
--2
1ee2
1e+
--2
0e
1e-
000.e
0e
.
1e-
1.2.3
1e-
1ee2
1ee2
000.e
000.e
1e
1ee2
1e-
abc
1ee2
1.2.3
0e
abc
+
000.e
0e
1e+
.
1.2.3
+
abc
1e
+
1e
1ee2
1e-
1e-
1ee2
-
.
e10
--2
0e
-
+
1e+
--2
0e
000.e
1e+
000.e
+
1e+
0e
.
-
0e
1.2.3
++1
.
1e
-
1e+
1ee2
--2
+
e10
1e+
-
abc
abc
abc
1ee2
1e
1e-
0e
.
-
1.2.3
e10
.
++1
1e+
--2
000.e
+
-
abc
000.e
1e+
1e+
000.e
++1
abc
--2
0e
++1
0e
1.2.3
-
abc
000.e
.
000.e
.
000.e
-
+
1e+
0e
e10
1e-
1.2.3
--2
1e-
++1
.
1.2.3
1e-
1e-
1e-
-
++1
+
--2
++1
1e+
e10
+
.
0e
0e
.
1e+
++1
+
abc
e10
++1
+
-
e10
abc
e10
--2
abc
abc
1ee2
0e
1ee2
++1
1e-
--2
000.e
+
.
++1
0e
000.e
e10
++1
1e-
1e-
-
0e
000.e
.
1e
++1
abc
abc
-
++1
1ee2
0e
000.e
--2
-
0e
000.e
1e-
e10
abc
+
+
-
000.e
1e-
--2
e10
-
-
++1
abc
.
1.2.3
abc
1ee2
0e
--2
+
++1
1ee2
1e
1e-
1ee2
++1
1e
1e-
1e-
++1
++1
1e
000.e
1ee2
+
1e+
++1
000.e
.
1e-
abc
--2
1e+
1ee2
1e-
1e
1e+
-
1e
e10
1e+
1.2.3
1e-
1e
+
abc
1e-
--2
e10
1e-
-
--2
1e+
1e
0e
e10
1e
abc
1ee2
e10
000.e
++1
000.e
0e
+
abc
0e
1ee2
abc
e10
--2
++1
+
-
++1
++1
000.e
1e-
1ee2
-
1.2.3
e10
000.e
1e+
0e
+
1e+
1ee2
000.e
abc
e10
1e-
abc
-
+
--2
1e
.
.
++1
.
000.e
abc
1.2.3
+
+
+
1ee2
1e-
1ee2
0e
1e-
1e-
1e
--2
e10
.
+
1e
1e+
1e-
e10
-
1e-
1.2.3
1e+
abc
1ee2
1e+
1.2.3
1e-
0e
1e-
0e
0e
abc
abc
.
1e
e10
000.e
0e
e10
abc
-
--2
1e+
abc
1e
+
.
e10
0e
1e+
1ee2
-
++1
-
e10
.
1ee2
--2
1e+
1e+
--2
1ee2
1e+
+
1e
-
1ee2
000.e
--2
--2
e10
.
.
1e
1ee2
+
000.e
++1
000.e
.
.
++1
000.e
abc
1e+
++1
++1
0e
--2
--2
1e
.
1e-
1e
1.2.3
-
000.e
abc
e10
1e
+
e10
0e
abc
1.2.3
--2
e10
--2
e10
1ee2
-
++1
--2
1e
e10
.
1e+
1e+
+
--2
1.2.3
1e
1ee2
1e
1.2.3
--2
000.e
000.e
.
1e-
1ee2
0e
abc
000.e
+
++1
000.e
1ee2
1e-
--2
1ee2
++1
.
1e+
1.2.3
1e-
e10
1ee2
+
.
1.2.3
-
1e-
1e
1.2.3
000.e
.
0e
abc
+
e10
1ee2
e10
1e-
.
abc
1e+
+
++1
+
++1
e10
1e
abc
e10
1.2.3
1e+
1e+
1e
+
1.2.3
1.2.3
000.e
++1
--2
1e+
0e
.
1.2.3
++1
1e
.
1ee2
1e
1.2.3
.
1e
+
1ee2
+
000.e
++1
abc
000.e
0e
+
e10
++1
--2
1e+
-
000.e
1e+
1e+
.
++1
e10
0e
abc
1e
--2
+
++1
-
++1
1e
.
0e
--2
.
1e+
1e
e10
abc
++1
e10
+
abc
abc
++1
abc
0e
++1
abc
++1
1e-
.
1e+
--2
000.e
.
.
--2
000.e
e10
+
--2
000.e
000.e
1e+
1e+
0e
+
000.e
++1
1ee2
000.e
000.e
-
1.2.3
--2
.
--2
1.2.3
1e
1e-
++1
--2
+
++1
e10
1ee2
1ee2
1e-
++1
e10
-
+
abc
++1
1e+
.
1.2.3
0e
--2
.
000.e
1.2.3
+
abc
1e+
.
1e+
--2
000.e
1e
-
-
.
e10
abc
1e-
abc
+
000.e
1e
.
.
--2
1ee2
1e-
--2
1e
1e-
-
e10
--2
000.e
0e
1e+
abc
e10
0e
1.2.3
++1
++1
1e+
abc
1e+
1e
1.2.3
abc
.
abc
0e
0e
--2
1.2.3
++1
.
++1
.
-
abc
e10
--2
+
.
abc
1e+
abc
+
1e-
1.2.3
1e
e10
e10
-
.
1e-
0e
000.e
1e-
abc
--2
1e-
--2
++1
+
1.2.3
000.e
e10
0e
1e
--2
--2
.
.
1.2.3
1e-
.
e10
1.2.3
1ee2
1e
.
-
abc
+
--2
0e
1.2.3
000.e
-
1e+
e10
0e
e10
-
000.e
-
1.2.3
.
++1
1e+
1.2.3
++1
-
1e-
1e+
1e-
1e
.
-
.
.
0e
+
abc
-
000.e
000.e
1ee2
000.e
++1
abc
++1
+
000.e
1ee2
.
+
--2
e10
e10
0e
abc
0e
++1
.
1e-
abc
++1
-
1.2.3
-
--2
e10
abc
1e-
1.2.3
1ee2
1e-
1e
1e
+
1e
e10
1e-
1.2.3
0e
.
--2
1e+
++1
1ee2
+
++1
0e
+
-
1ee2
0e
1e-
.
0e
e10
.
0e
+
1ee2
+
e10
0e
1e+
.
1e-
++1
abc
++1
e10
+
++1
.
--2
1e
-
--2
1e-
1e+
++1
.
000.e
0e
1e
1e
000.e
1e+
+
.
000.e
e10
1e+
.
-
++1
--2
1e+
abc
1e
1e
--2
000.e
000.e
abc
--2
+
e10
1e+
0e
--2
1e-
+
+
0e
--2
1e-
-
-
1e-
abc
-
+
--2
1ee2
1ee2
1e
-
0e
000.e
1e+
abc
++1
1e-
--2
e10
1.2.3
abc
abc
1ee2
1e
abc
++1
-
abc
+
abc
e10
-
+
-
1e-
abc
0e
+
+
e10
0e
++1
000.e
+
1.2.3
1ee2
.
000.e
+
.
1.2.3
e10
000.e
1e-
000.e
.
+
abc
1.2.3
1e
0e
1ee2
1e-
1e+
000.e
e10
.
000.e
++1
1e
000.e
1e
1e
0e
000.e
.
.
1e-
--2
000.e
1e-
.
-
.
1ee2
e10
000.e
-
.
000.e
abc
1ee2
++1
++1
0e
.
1e-
1.2.3
000.e
e10
-
1.2.3
1.2.3
e10
1e
.
-
abc
++1
1ee2
000.e
1e-
1.2.3
000.e
+
1ee2
1e+
0e
abc
000.e
1e+
e10
0e
++1
1ee2
abc
000.e
--2
e10
+
abc
--2
++1
.
+
-
++1
abc
abc
0e
e10
e10
1e-
e10
1e-
000.e
000.e
0e
e10
1ee2
++1
1e+
.
0e
-
1e+
.
1ee2
abc
1e
0e
1e+
000.e
+
1e
abc
+
0e
--2
0e
0e
.
++1
1.2.3
1e-
1e+
.
000.e
--2
1e
1ee2
1e
--2
1.2.3
1ee2
000.e
e10
+
1e+
++1
.
000.e
-
.
++1
1e
.
abc
0e
abc
abc
.
1e
e10
1e+
+
-
++1
abc
-
+
1e
--2
1e-
-
1e
1e+
1e+
.
-
++1
++1
0e
+
1e-
abc
1.2.3
+
++1
1ee2
++1
0e
--2
1e+
1e
0e
0e
1e+
1e+
-
1ee2
0e
1e-
.
e10
++1
1ee2
--2
.
+
1e+
e10
e10
.
1e+
1e
+
000.e
1e
000.e
000.e
1.2.3
0e
--2
1e+
1e-
000.e
abc
1e+
--2
1.2.3
1.2.3
1e
+
abc
.
++1
e10
1e-
1e+
1e+
000.e
1ee2
000.e
1e-
--2
abc
0e
0e
--2
abc
000.e
1ee2
1e+
abc
-
abc
1ee2
+
1ee2
.
.
0e
1e
-
1e+
0e
+
000.e
+
1.2.3
1ee2
1.2.3
-
-
abc
-
0e
1e+
1e+
--2
1.2.3
1ee2
abc
1e+
0e
0e
1e
1e+
0e
0e
1e+
1.2.3
-
1e-
1e+
+
1e
-
1e
e10
-
0e
+
1e-
1e+
0e
1.2.3
+
--2
e10
000.e
000.e
-
1ee2
-
1e-
1e-
1e
1e
--2
.
000.e
1e
++1
-
--2
1e
--2
+
e10
++1
0e
--2
.
-
000.e
1ee2
abc
++1
++1
000.e
1e
--2
--2
1.2.3
1e
1ee2
-
1.2.3
1e+
.
.
000.e
1.2.3
++1
--2
.
abc
000.e
abc
1e-
1e+
0e
++1
000.e
1e-
abc
000.e
1e-
000.e
1e-
--2
1e
e10
1ee2
-
1.2.3
+
1e+
1.2.3
abc
e10
1.2.3
-
0e
1.2.3
--2
-
1e
e10
000.e
.
+
+
1e
0e
1.2.3
abc
1ee2
000.e
++1
1e+
abc
0e
1e+
1e
0e
0e
++1
-
-
000.e
abc
e10
1e+
.
-
1e
+
1ee2
000.e
000.e
.
abc
1e+
--2
1e
1.2.3
1e
++1
--2
+
000.e
+
+
1e+
--2
++1
1ee2
1e
1.2.3
1e+
-
+
1e-
+
e10
-
1.2.3
1ee2
++1
0e
+
1e+
000.e
1e+
0e
.
++1
1e
-
1e
-
--2
+
++1
.
1e
0e
1.2.3
+
1e-
-
1ee2
000.e
0e
0e
abc
1e-
-
++1
000.e
.
1e+
-
+
+
-
1e
e10
++1
+
1e+
1ee2
abc
1e-
++1
000.e
1ee2
abc
+
abc
1ee2
+
-
1e+
1e+
--2
1e+
--2
1e+
-
+
abc
1e-
++1
-
1.2.3
++1
.
1e
.
0e
000.e
+
-
1e
1e
++1
e10
.
-
000.e
1e
abc
000.e
1ee2
1e-
1e
1ee2
1e+
abc
++1
1.2.3
abc
0e
--2
1.2.3
-
+
1e-
abc
1e-
--2
--2
0e
abc
++1
1ee2
1e+
-
-
e10
abc
000.e
000.e
1.2.3
abc
000.e
1e+
abc
abc
.
.
1ee2
0e
++1
0e
.
-
1e-
1e+
abc
1ee2
abc
abc
1ee2
-
0e
-
1ee2
1e+
e10
--2
1e+
e10
1.2.3
--2
0e
1ee2
1.2.3
1ee2
0e
e10
1e
--2
+
1e+
1e-
1e+
1e-
e10
1e
1.2.3
e10
1e
+
-
e10
e10
000.e
1ee2
1e-
000.e
000.e
--2
1.2.3
1e-
1e+
abc
--2
--2
abc
-
abc
+
abc
abc
.
+
abc
++1
1e+
000.e
1e-
++1
1e+
abc
1e-
-
000.e
1e
abc
++1
+
-
1.2.3
++1
e10
++1
e10
1ee2
1e+
000.e
1e-
1e-
1e+
1e
--2
0e
--2
1e-
-
1e
000.e
abc
e10
-
e10
000.e
e10
e10
.
-
1ee2
1e
1.2.3
e10
.
--2
-
1e
+
1e-
1e-
--2
abc
1e+
1e
e10
e10
abc
0e
1.2.3
1e+
abc
1.2.3
+
1e
000.e
abc
1.2.3
++1
--2
-
--2
++1
--2
++1
abc
1.2.3
.
-
000.e
1.2.3
e10
1ee2
1e
1ee2
--2
1e+
++1
0e
0e
e10
++1
1e+
++1
1e-
++1
1e-
000.e
0e
-
0e
-
abc
++1
--2
1e
--2
000.e
e10
--2
000.e
.
1ee2
.
e10
.
1e+
+
-
1e-
1ee2
.
1e-
1ee2
--2
--2
++1
1e-
.
--2
++1
1e
abc
e10
000.e
1ee2
.
1e-
1ee2
1e-
++1
-
1e
--2
++1
1ee2
1.2.3
-
+
--2
0e
1e-
0e
-
abc
000.e
0e
1e+
1e+
1e+
1ee2
-
.
++1
000.e
abc
0e
--2
abc
1e+
abc
++1
--2
1ee2
abc
0e
1e+
0e
+
+
1e
e10
1e-
1e+
000.e
0e
++1
0e
1e
++1
0e
--2
e10
abc
1ee2
abc
1e
abc
e10
abc
1e-
0e
0e
0e
++1
000.e
++1
-
1ee2
1e-
1ee2
1.2.3
1e-
-
--2
.
0e
--2
+
1e+
000.e
1ee2
abc
e10
1e-
1.2.3
--2
1ee2
0e
000.e
--2
1e+
1e
++1
.
1e+
1.2.3
1ee2
1ee2
0e
++1
e10
1e+
-
1.2.3
1e
abc
.
0e
++1
e10
++1
.
-
++1
abc
1e
++1
e10
1e+
abc
++1
1e
1e
000.e
++1
abc
0e
+
-
1e
++1
.
abc
000.e
1e
000.e
--2
1e
1e-
0e
1e
.
++1
1e-
e10
000.e
1e
000.e
1e-
0e
++1
1.2.3
1e-
1e
1ee2
1e-
+
.
1e-
1e
+
1e
e10
1.2.3
0e
0e
000.e
0e
++1
1ee2
000.e
1ee2
1e-
abc
1e-
000.e
--2
abc
000.e
1.2.3
++1
-
0e
0e
000.e
1ee2
abc
e10
1e+
-
000.e
.
0e
-
--2
1e
0e
e10
abc
abc
0e
1e-
1.2.3
+
1.2.3
0e
++1
1e
e10
abc
1.2.3
-
++1
1e
000.e
1e+
1e-
abc
1.2.3
abc
e10
1ee2
.
000.e
1e
e10
1ee2
++1
0e
1e+
1.2.3
1e+
1e-
1.2.3
1.2.3
--2
1e
1e+
e10
1ee2
e10
-
+
-
1ee2
e10
+
-
000.e
1e-
++1
1e+
.
1e-
1ee2
1e
000.e
abc
1.2.3
1e
1ee2
abc
.
.
+
000.e
1e+
+
1e-
+
1e
.
1.2.3
1e
-
1ee2
1ee2
++1
e10
--2
0e
0e
++1
abc
-
++1
abc
-
++1
e10
e10
e10
1ee2
1e-
+
1e+
1e
-
1ee2
1e-
1e+
1e+
1e-
++1
--2
-
++1
-
++1
1e
--2
--2
--2
abc
abc
1e+
1e
1e+
1e-
000.e
.
abc
++1
++1
-
1.2.3
1e+
1ee2
1e-
1e-
1e-
1e-
1.2.3
1e
+
--2
e10
+
1.2.3
0e
1ee2
-
--2
--2
1ee2
1e
1ee2
--2
0e
000.e
1ee2
1ee2
0e
1e+
1e+
abc
1e
1e-
++1
1e+
1e-
1.2.3
e10
1ee2
1ee2
1ee2
--2
1ee2
abc
++1
+
.
1ee2
e10
+
e10
1ee2
0e
1.2.3
000.e
1e+
++1
+
1e-
--2
000.e
1e+
abc
.
abc
1.2.3
1e
.
1e+
1e+
1ee2
.
--2
1e
1e-
e10
1.2.3
0e
1ee2
0e
--2
1ee2
-
000.e
000.e
1e+
-
1e+
1ee2
1e-
e10
1e+
1e+
1e
1.2.3
abc
+
.
1e
1e
1ee2
1e
e10
1e+
++1
+
1e+
1ee2
+
+
abc
abc
000.e
--2
+
000.e
e10
000.e
e10
abc
--2
e10
0e
1ee2
--2
--2
.
1.2.3
-
1ee2
1.2.3
++1
--2
000.e
++1
-
++1
000.e
.
++1
0e
.
1e-
e10
--2
+
-
e10
1e+
--2
000.e
1e
1.2.3
++1
000.e
.
1e
1ee2
e10
.
+
abc
1e
1e+
.
--2
++1
1.2.3
1e+
000.e
-
1.2.3
+
000.e
+
-
abc
.
0e
1e-
+
e10
+
abc
e10
++1
e10
abc
0e
++1
1ee2
-
e10
e10
1.2.3
++1
-
1.2.3
.
-
-
--2
1e
000.e
.
1e+
abc
1e-
-
1e+
abc
--2
+
1e
.
+
1.2.3
1e+
e10
1e+
abc
0e
1ee2
++1
++1
1e-
e10
1ee2
--2
1e
-
-
1ee2
++1
1.2.3
1e+
--2
.
000.e
1ee2
abc
.
.
1ee2
1ee2
++1
.
1e
1.2.3
0e
000.e
+
0e
+
000.e
0e
--2
0e
000.e
.
1.2.3
e10
1.2.3
.
--2
-
abc
1ee2
1e
1ee2
1e-
--2
--2
0e
0e
-
e10
e10
1e-
1.2.3
++1
e10
1e+
1e-
1e+
e10
1ee2
abc
abc
000.e
1e-
0e
++1
1e+
++1
--2
.
+
0e
1e-
1ee2
++1
.
abc
++1
000.e
++1
1ee2
e10
.
-
1e+
1e-
1e
-
0e
.
1e-
000.e
abc
1e+
1e
1e+
.
0e
1e
--2
1e+
1e+
0e
++1
.
.
1e-
1.2.3
-
abc
+
-
--2
abc
++1
+
++1
e10
e10
--2
abc
000.e
1e+
.
--2
1e
.
abc
1ee2
.
1e+
.
-
1.2.3
1e
1e
++1
.
e10
1.2.3
++1
--2
0e
0e
+
.
.
-
1e
.
.
1e+
000.e
1ee2
1e
abc
000.e
1e+
+
1.2.3
1e+
+
e10
1.2.3
--2
e10
1ee2
-
-
000.e
1e+
1ee2
0e
--2
1ee2
abc
1e-
1e-
--2
abc
000.e
abc
.
1e
1ee2
e10
--2
abc
--2
++1
1e+
abc
1e-
--2
-
+
1e
abc
1e+
1e
--2
++1
--2
1e-
++1
e10
1.2.3
+
1e-
0e
1e
1e-
++1
1e
++1
1e+
++1
abc
0e
000.e
++1
+
-
--2
0e
1e+
1ee2
.
++1
abc
1e
1.2.3
++1
-
-
1e-
abc
1e-
abc
+
1.2.3
0e
e10
000.e
++1
1ee2
1.2.3
.
++1
1ee2
.
++1
abc
1e
000.e
-
e10
e10
++1
0e
1e
0e
0e
+
1e
1e-
+
.
1e-
1e
+
1e-
e10
0e
1.2.3
1e+
1e-
++1
++1
1ee2
0e
1e-
.
--2
.
abc
++1
1e+
1e
--2
++1
e10
.
1e+
e10
+
1ee2
e10
--2
.
e10
-
+
+
1e-
1e
++1
+
--2
1e
1ee2
000.e
.
e10
--2
1e-
0e
000.e
+
abc
+
--2
1ee2
0e
1e+
1ee2
1e-
++1
1ee2
e10
1e+
1ee2
1.2.3
1e
e10
e10
1e
+
0e
1e
abc
+
1.2.3
1e-
0e
1e-
--2
e10
1e+
-
+
+
abc
1e-
+
abc
.
1ee2
1e-
1e+
++1
abc
e10
000.e
abc
1e
.
1ee2
000.e
1.2.3
1e
1e+
000.e
--2
1e-
e10
-
-
e10
++1
000.e
1e+
1e+
--2
1.2.3
1e+
+
1.2.3
1e
abc
1.2.3
abc
--2
1ee2
-
1e
e10
.
1e+
1e+
abc
++1
1e-
+
++1
1ee2
1e
1e-
000.e
++1
-
+
abc
.
++1
e10
+
1e+
.
.
.
+
1e-
1e+
++1
+
--2
1ee2
e10
000.e
++1
e10
1e+
1ee2
++1
+
--2
1.2.3
.
.
1e-
-
000.e
+
+
1e-
000.e
0e
abc
1e
.
0e
0e
000.e
abc
1ee2
-
.
0e
+
1e+
1e+
1e+
1e+
0e
--2
+
+
1ee2
1e-
1e
-
abc
1e
1e-
000.e
1e
1e
1e+
+
.
1e-
--2
++1
+
e10
--2
1e
1.2.3
1e
++1
++1
-
1e+
-
e10
1e-
+
+
+
1e-
--2
0e
000.e
+
1e
000.e
000.e
e10
+
1e+
000.e
0e
1e+
1.2.3
0e
e10
--2
abc
1e
1e-
--2
000.e
abc
1.2.3
.
0e
abc
-
1ee2
++1
abc
1e+
.
.
++1
1ee2
1e-
+
+
e10
.
abc
-
1e-
++1
1e-
++1
000.e
++1
1ee2
000.e
1e+
+
-
1e
1e-
e10
abc
1e-
0e
000.e
++1
++1
000.e
++1
e10
1.2.3
1ee2
0e
.
+
+
1ee2
1e+
1.2.3
1ee2
abc
1ee2
++1
++1
0e
e10
1.2.3
1.2.3
1ee2
1.2.3
1ee2
1.2.3
e10
1ee2
1e+
--2
0e
-
0e
-
e10
e10
000.e
e10
--2
+
1e-
abc
1e+
--2
.
-
--2
.
1e+
-
1e-
0e
.
1ee2
.
000.e
1e
+
+
-
abc
abc
1e+
1e
-
1.2.3
1.2.3
--2
1ee2
1ee2
++1
1e-
1.2.3
-
000.e
1ee2
1e+
1.2.3
1ee2
-
1.2.3
-
+
+
1e
1.2.3
1.2.3
1e-
000.e
1e-
1e+
0e
-
-
abc
1e-
++1
1.2.3
1ee2
-
-
1e
1e-
abc
abc
abc
1.2.3
1ee2
1.2.3
000.e
--2
--2
0e
.
abc
++1
e10
0e
.
-
e10
+
abc
++1
.
--2
++1
1e+
1e-
000.e
1e
-
0e
-
1ee2
1e
e10
1e-
0e
+
abc
0e
1ee2
000.e
1e-
++1
--2
1e-
abc
1e
--2
++1
1e-
e10
-
1.2.3
000.e
+
e10
1.2.3
-
1.2.3
1ee2
e10
1.2.3
1.2.3
1ee2
+
e10
+
+
0e
1e-
1e+
abc
+
.
-
0e
++1
e10
-
000.e
e10
+
-
1.2.3
1e
1e-
1ee2
-
1e
1e-
abc
.
e10
abc
0e
1e
1e+
1.2.3
abc
abc
1ee2
--2
-
.
000.e
.
-
.
--2
1e-
+
++1
abc
.
000.e
++1
1ee2
000.e
1.2.3
1ee2
1.2.3
abc
abc
1e+
0e
1.2.3
-
000.e
1ee2
1e
000.e
1.2.3
abc
1e
--2
.
1e
1ee2
0e
1ee2
++1
0e
--2
1ee2
000.e
1ee2
000.e
.
abc
++1
0e
1.2.3
1e
-
1ee2
0e
abc
--2
1e
e10
1ee2
1e
1ee2
+
-
-
abc
++1
1e+
1e+
+
--2
--2
1e-
0e
1e+
1e+
1e+
--2
.
-
1ee2
1ee2
1e-
1e+
--2
1e+
--2
1e-
1ee2
++1
000.e
1e-
--2
1ee2
.
e10
0e
.
1ee2
0e
1e-
0e
+
1.2.3
1e
e10
-
+
abc
1ee2
1e+
0e
1e+
abc
0e
1e
1e
e10
-
000.e
1e+
000.e
1e-
+
-
--2
0e
000.e
++1
000.e
++1
--2
--2
1.2.3
1ee2
1ee2
1e
--2
1e
.
1ee2
1.2.3
++1
1e+
e10
1e+
++1
1e-
1.2.3
+
1e+
1e
0e
1e+
--2
--2
1ee2
1.2.3
0e
000.e
+
1e+
1e
1e-
++1
-
1e+
0e
+
e10
0e
1e-
1e-
--2
1e-
1e
++1
1ee2
+
1e
.
1.2.3
-
++1
+
1ee2
1e-
++1
000.e
1e
abc
000.e
-
1e
abc
+
--2
1ee2
e10
1ee2
++1
--2
1ee2
.
1e
000.e
1e-
+
1.2.3
000.e
1e
000.e
1e-
abc
++1
1e-
++1
--2
e10
1e+
--2
++1
1e
1.2.3
1e+
1ee2
+
--2
.
-
abc
e10
--2
.
1e
1e-
--2
1.2.3
0e
.
1.2.3
abc
++1
1ee2
000.e
000.e
000.e
abc
--2
e10
1e+
1e-
-
1e
abc
-
++1
-
+
0e
++1
1e-
abc
-
1e+
abc
000.e
--2
++1
+
0e
.
000.e
e10
.
e10
1ee2
1e+
1e
++1
--2
++1
abc
-
-
1ee2
1e-
--2
1e+
--2
1e+
1e+
--2
000.e
000.e
0e
0e
.
abc
1.2.3
-
--2
1.2.3
1e
0e
1e-
abc
e10
+
1e+
1e
1.2.3
-
e10
-
+
e10
1e+
.
1e-
--2
+
.
1e-
1e+
abc
abc
++1
abc
e10
++1
.
1.2.3
+
e10
.
.
1.2.3
+
1.2.3
abc
-
1ee2
1ee2
1e
e10
0e
e10
000.e
1e-
abc
1e-
abc
e10
abc
1.2.3
.
0e
--2
000.e
000.e
0e
1ee2
0e
1e
e10
--2
--2
.
++1
1.2.3
++1
0e
abc
1ee2
e10
1e+
0e
.
--2
--2
e10
1e+
--2
0e
1e-
abc
--2
1ee2
1e+
1.2.3
0e
1e+
1ee2
++1
--2
e10
abc
.
-
.
1ee2
+
1.2.3
.
000.e
1ee2
--2
-
.
+
-
1e-
1.2.3
e10
000.e
.
++1
1.2.3
1e+
+
1e-
--2
++1
0e
-
++1
1e
-
1ee2
++1
000.e
000.e
.
0e
++1
++1
1e-
000.e
1e-
+
0e
-
.
+
1e-
.
++1
-
1e+
1ee2
000.e
--2
abc
1e+
-
0e
1e
++1
++1
0e
000.e
abc
.
.
1e
+
.
000.e
-
.
1e
.
1e+
.
+
abc
--2
000.e
-
1.2.3
0e
1ee2
-
.
abc
.
--2
1ee2
++1
++1
1.2.3
abc
e10
++1
abc
-
.
0e
+
000.e
1e-
+
1ee2
1e+
000.e
-
--2
++1
-
1ee2
++1
+
e10
1.2.3
+
.
.
-
1e-
1e-
++1
1e+
0e
1e+
.
.
1e-
abc
+
1e-
1ee2
1ee2
1e
abc
1.2.3
000.e
.
--2
1.2.3
1ee2
++1
000.e
1e-
abc
+
1e-
1.2.3
--2
1e
1e-
-
e10
+
--2
1ee2
-
-
--2
1ee2
1e-
1e-
.
000.e
0e
+
1ee2
e10
+
000.e
1.2.3
1e-
e10
e10
000.e
000.e
-
.
1ee2
0e
+
--2
1e-
1.2.3
+
1e-
1e
e10
abc
--2
--2
e10
0e
1ee2
0e
++1
+
1.2.3
1.2.3
1e+
1.2.3
.
1e
1.2.3
1e+
1ee2
1e
-
abc
--2
0e
--2
-
000.e
.
--2
1.2.3
1e+
1.2.3
+
.
1e-
1ee2
++1
.
--2
000.e
1e
1ee2
1.2.3
1.2.3
000.e
--2
1ee2
1ee2
-
-
++1
1e
000.e
.
abc
0e
.
abc
+
1ee2
+
0e
e10
-
1ee2
1e+
.
++1
-
000.e
000.e
1ee2
e10
000.e
000.e
e10
--2
1e
++1
--2
1.2.3
e10
++1
000.e
000.e
1ee2
.
1e
1e
1.2.3
1e
000.e
000.e
--2
1e+
1e-
1ee2
--2
+
1ee2
.
++1
-
000.e
1e
1e
1e+
-
1.2.3
1ee2
0e
--2
+
abc
e10
--2
1e+
e10
++1
--2
1ee2
0e
--2
++1
1.2.3
000.e
1e-
.
+
1e-
e10
1.2.3
abc
abc
1.2.3
++1
-
1e-
1e
0e
000.e
+
1e-
e10
1.2.3
+
1e-
0e
abc
1.2.3
++1
+
1ee2
--2
0e
.
e10
1e
1ee2
.
1.2.3
+
++1
1e-
.
--2
+
-
1e-
1.2.3
e10
1e-
1e-
000.e
e10
0e
000.e
++1
1e
000.e
000.e
--2
--2
1e+
.
++1
.
1e+
1e-
1e-
1e+
++1
1e+
0e
1.2.3
1e
1e+
abc
e10
1e-
++1
1e+
1e-
000.e
0e
1e
e10
abc
1.2.3
1e
000.e
.
abc
0e
++1
000.e
1e
.
1e+
+
0e
+
++1
++1
-
abc
++1
1.2.3
-
1ee2
e10
--2
0e
.
--2
++1
--2
.
e10
000.e
1e
1.2.3
-
--2
-
0e
-
000.e
1.2.3
-
1e
e10
1e-
e10
0e
abc
1e+
.
0e
-
1e-
1.2.3
abc
-
1.2.3
1ee2
abc
1e+
++1
1ee2
e10
1e+
0e
1e
1e
1.2.3
000.e
.
1e+
1ee2
1.2.3
--2
e10
-
0e
-
1.2.3
abc
1e-
.
abc
1e-
1ee2
e10
--2
-
1e-
1ee2
0e
1e-
1.2.3
1ee2
000.e
1ee2
000.e
0e
1e+
-
1ee2
e10
1ee2
--2
1e
1e-
0e
1ee2
1e+
e10
.
++1
--2
1ee2
abc
-
--2
0e
abc
.
1ee2
.
1e
--2
0e
--2
1ee2
1.2.3
000.e
++1
-
e10
e10
--2
1ee2
000.e
e10
-
.
1e+
abc
1e-
+
e10
abc
1e+
++1
.
1.2.3
abc
1e+
0e
1e+
0e
e10
0e
1.2.3
1.2.3
e10
1e
++1
-
abc
-
1e
++1
1.2.3
--2
1ee2
abc
.
.
000.e
1e-
++1
1.2.3
1ee2
e10
e10
1e
1.2.3
abc
1e
1ee2
abc
1e
1ee2
1e+
+
000.e
.
e10
1.2.3
abc
000.e
1.2.3
e10
++1
+
e10
1e+
+
1e+
1e
abc
abc
+
0e
++1
.
--2
-
abc
.
000.e
1e+
+
1ee2
1e
e10
1ee2
1ee2
.
+
1.2.3
000.e
e10
1ee2
.
.
e10
1e+
1e-
1ee2
1ee2
e10
000.e
+
--2
abc
1e-
abc
+
1.2.3
1ee2
1e
1e+
abc
1e+
.
-
000.e
.
000.e
e10
0e
e10
.
000.e
abc
1.2.3
1e+
.
1e+
0e
000.e
--2
abc
--2
e10
++1
000.e
--2
e10
000.e
--2
1e
+
1e-
--2
0e
000.e
1ee2
1e+
1e+
e10
1e
000.e
1e
--2
abc
1e+
--2
1.2.3
0e
abc
-
1ee2
--2
-
1e+
1e
1e-
++1
000.e
++1
--2
--2
1e-
e10
1e
++1
1e
e10
e10
.
++1
++1
0e
0e
0e
+
000.e
--2
--2
e10
1ee2
--2
1.2.3
-
+
--2
++1
++1
--2
--2
1ee2
++1
++1
1.2.3
1.2.3
abc
e10
1.2.3
0e
1e-
0e
e10
abc
++1
1.2.3
--2
0e
1e+
0e
+
0e
.
1e+
abc
-
1.2.3
e10
--2
1e-
1e-
0e
-
-
1e
1ee2
1ee2
1.2.3
1.2.3
abc
abc
1.2.3
000.e
000.e
--2
1e
++1
000.e
++1
.
1e+
1e+
+
000.e
1ee2
1.2.3
++1
1ee2
1ee2
abc
1e+
-
1e+
000.e
000.e
++1
-
1e
abc
.
1e+
--2
--2
++1
e10
1e-
abc
1e-
1e+
1e-
++1
abc
000.e
1e-
abc
e10
abc
abc
+
-
1e
1ee2
1e
1e+
.
abc
abc
.
1e-
1.2.3
--2
+
++1
e10
1e
+
1e+
000.e
abc
--2
--2
0e
000.e
+
1.2.3
1e
++1
++1
000.e
.
e10
1.2.3
abc
-
e10
++1
1e
abc
1e+
1ee2
+
-
1ee2
.
--2
abc
1e-
abc
1ee2
0e
1e
0e
e10
1.2.3
--2
+
1e
000.e
1e-
000.e
++1
1e-
.
.
1.2.3
.
1ee2
++1
++1
1e-
1.2.3
e10
+
+
e10
-
000.e
000.e
-
e10
++1
1.2.3
1ee2
1e+
.
1.2.3
1ee2
0e
.
+
.
e10
--2
++1
000.e
--2
++1
1e
.
e10
1ee2
--2
0e
000.e
000.e
e10
000.e
e10
-
.
1e-
abc
.
+
.
-
1e+
.
1e
1e
abc
1e+
1.2.3
abc
+
1ee2
1ee2
000.e
.
++1
0e
abc
abc
1ee2
1e-
.
1.2.3
+
--2
1ee2
++1
--2
0e
+
000.e
1e
.
abc
1.2.3
++1
e10
1e+
1e+
--2
1ee2
1e+
.
+
1e-
++1
+
1ee2
1e
1e-
+
+
1e-
--2
abc
1.2.3
000.e
-
abc
--2
abc
1.2.3
+
1e+
1ee2
1e-
.
1e+
-
1e-
1ee2
1ee2
abc
1e
.
1.2.3
.
++1
--2
1e-
e10
1.2.3
1e
.
1e
000.e
.
+
--2
e10
e10
--2
1.2.3
1ee2
1.2.3
--2
.
1e
-
++1
1e+
1e
abc
0e
1ee2
abc
.
1e
1e+
--2
1e-
000.e
+
-
000.e
.
1e
-
--2
.
1e+
++1
--2
--2
--2
abc
1e
000.e
1e
1e-
e10
1e+
abc
1.2.3
.
1e+
1e+
1e
1.2.3
.
1e+
++1
--2
++1
1ee2
1e
1e-
+
++1
-
1e-
abc
e10
0e
1e-
abc
+
1e
1e-
++1
-
1e-
abc
++1
++1
--2
1e
-
+
.
e10
000.e
abc
-
1e-
1e
--2
1.2.3
abc
e10
0e
1e+
1ee2
0e
1ee2
.
1.2.3
0e
abc
0e
.
1.2.3
+
e10
1e+
e10
0e
--2
-
--2
1e-
1e-
+
000.e
++1
.
0e
e10
-
1ee2
1e-
000.e
++1
1.2.3
1e
1.2.3
1ee2
e10
.
-
000.e
1ee2
e10
e10
e10
.
0e
1e-
1.2.3
--2
1e-
+
1e
1.2.3
-
.
0e
0e
1e+
1ee2
000.e
1.2.3
++1
-
.
0e
1.2.3
1ee2
.
++1
1e+
+
1ee2
1e
1ee2
e10
.
.
.
000.e
e10
++1
-
1e+
.
+
0e
.
.
1e-
1e+
e10
e10
1.2.3
++1
1e+
--2
-
abc
.
1e-
0e
--2
1.2.3
e10
1ee2
+
abc
-
1e+
1.2.3
--2
000.e
1e
000.e
1ee2
++1
1e
.
abc
1e-
1ee2
e10
1.2.3
e10
--2
e10
abc
1.2.3
abc
++1
e10
++1
e10
.
.
1e+
1ee2
-
++1
1e+
1e
1e
0e
-
++1
.
1ee2
++1
+
++1
abc
1ee2
-
e10
1ee2
1e
1e+
abc
e10
000.e
0e
+
.
+
--2
1.2.3
1e
1ee2
1ee2
e10
e10
+
abc
e10
++1
1e
1ee2
--2
0e
abc
++1
1e
1e-
1ee2
abc
1e+
1.2.3
.
1e
-
000.e
000.e
000.e
e10
-
1e+
1e+
+
++1
000.e
0e
1.2.3
++1
++1
++1
1ee2
1e-
1ee2
000.e
-
1e
abc
1.2.3
e10
1ee2
0e
1e
1.2.3
+
++1
1e-
+
abc
e10
1e+
e10
1.2.3
1.2.3
1.2.3
abc
.
--2
1e
1e+
-
1e+
0e
1e+
abc
1e+
abc
1e-
.
1ee2
1.2.3
.
1.2.3
++1
abc
+
++1
-
1e-
abc
1.2.3
-
1.2.3
1e-
e10
e10
1.2.3
++1
1e
.
1.2.3
000.e
000.e
1e
.
.
--2
.
.
++1
--2
1.2.3
0e
++1
.
abc
1e-
++1
--2
0e
1ee2
1e
1e
1e-
.
.
1e-
.
000.e
e10
0e
abc
1e
1e+
1e-
-
+
-
abc
abc
--2
+
-
--2
e10
1e-
.
1e-
1e+
1e+
-
1e-
000.e
--2
1ee2
.
1ee2
1.2.3
++1
000.e
e10
1ee2
1e+
1e+
.
abc
.
e10
+
1e
.
1ee2
++1
000.e
1.2.3
0e
1ee2
abc
++1
000.e
000.e
--2
++1
abc
+
.
1.2.3
1e-
1e+
.
0e
++1
.
.
1e
1e
1e+
+
abc
e10
1e-
++1
--2
e10
000.e
1ee2
abc
1ee2
1.2.3
1.2.3
++1
000.e
.
1.2.3
0e
1e+
1e
1e-
1e+
--2
--2
1e+
abc
++1
1ee2
1e-
1e
000.e
e10
--2
1e-
000.e
++1
--2
.
1.2.3
++1
1ee2
abc
abc
1e+
--2
1e-
1e-
++1
abc
abc
1e+
.
e10
++1
1.2.3
1.2.3
--2
1e
0e
-
.
0e
1ee2
1e+
0e
1e
1e-
1e+
++1
.
1ee2
0e
--2
000.e
1e-
--2
e10
abc
1e-
1.2.3
++1
1ee2
1e
1e
1e+
1e
.
0e
1ee2
++1
1e
-
-
1e
1.2.3
abc
.
+
0e
--2
--2
-
1e+
1e
e10
-
++1
000.e
--2
++1
000.e
-
++1
1e-
1e+
--2
1e+
e10
abc
-
+
.
e10
--2
0e
1.2.3
1.2.3
1e+
++1
+
1e
0e
e10
1.2.3
-
--2
-
abc
1e+
1e+
0e
++1
1.2.3
1ee2
1ee2
.
--2
1ee2
000.e
abc
0e
000.e
1e+
abc
1e-
0e
.
--2
e10
000.e
0e
1e
1.2.3
1ee2
e10
.
1e-
++1
0e
1e
1ee2
1e+
-
0e
e10
000.e
+
e10
-
++1
-
1ee2
e10
1e+
1e+
e10
.
1.2.3
abc
000.e
1ee2
++1
.
1ee2
.
1ee2
000.e
1ee2
.
1ee2
.
1e
1e+
+
0e
abc
+
1e+
.
1.2.3
+
.
1e+
-
+
0e
++1
+
0e
--2
1ee2
1.2.3
1e
+
-
000.e
0e
-
+
1ee2
1ee2
abc
e10
e10
--2
e10
1e+
e10
--2
1e-
1e+
-
.
++1
1.2.3
--2
1e
+
1.2.3
--2
+
e10
.
1.2.3
0e
e10
-
e10
++1
1.2.3
1.2.3
e10
-
1ee2
+
1e+
++1
++1
1.2.3
1e-
e10
0e
1e-
1e-
1ee2
.
1e-
+
+
--2
1e-
1ee2
+
-
1ee2
1e+
1.2.3
1.2.3
--2
++1
++1
1e
0e
1e-
1e+
1ee2
.
1e-
e10
--2
1e+
++1
e10
abc
--2
e10
000.e
1ee2
e10
-
1ee2
--2
1e-
1e-
e10
1ee2
1e+
1.2.3
.
1e
e10
+
000.e
1.2.3
1ee2
++1
000.e
0e
1.2.3
000.e
1e
--2
.
0e
1.2.3
+
+
e10
++1
abc
000.e
1e
1e
000.e
.
0e
1e+
+
1e-
abc
0e
+
--2
+
e10
.
000.e
.
000.e
1.2.3
--2
++1
000.e
1e-
000.e
--2
-
+
.
1e
abc
abc
+
-
000.e
000.e
1e
e10
.
+
1e
1e
e10
.
--2
abc
0e
1e+
1e
0e
-
++1
1ee2
++1
.
--2
1e+
-
1e-
1e
--2
+
1e
1e
0e
000.e
++1
++1
-
++1
0e
-
000.e
1ee2
1e
--2
-
1e
++1
1ee2
+
1.2.3
1ee2
.
--2
+
++1
+
1.2.3
1e
000.e
1e
1e-
++1
1.2.3
1.2.3
1e+
++1
1ee2
1e
1.2.3
e10
abc
+
0e
--2
e10
1.2.3
1e+
-
1e-
+
.
1e
e10
+
-
e10
-
1ee2
-
1e-
abc
.
++1
e10
+
1e
+
1e+
1ee2
.
1ee2
1e
0e
--2
.
1e-
abc
abc
+
-
e10
++1
-
+
-
abc
0e
0e
1ee2
--2
--2
0e
000.e
.
1e
-
+
1e
1.2.3
abc
e10
++1
--2
--2
e10
e10
1e+
++1
+
+
1e-
1e+
--2
1.2.3
1e
1e-
--2
abc
1e
-
0e
+
1e-
1.2.3
-
1e+
000.e
1e+
1e-
+
000.e
.
-
1e+
+
1e
-
e10
abc
0e
.
1e
1ee2
000.e
--2
1.2.3
1.2.3
1e+
--2
0e
.
1.2.3
+
e10
abc
000.e
e10
1e
1e-
++1
1ee2
++1
1e-
++1
--2
e10
1ee2
000.e
1e+
++1
--2
1.2.3
0e
-
000.e
1.2.3
-
e10
abc
+
0e
e10
0e
abc
1e+
++1
+
1ee2
abc
1.2.3
1e-
e10
1e+
1.2.3
+
--2
000.e
1e+
e10
1e+
-
-
1ee2
.
1e
e10
0e
1ee2
abc
abc
+
--2
-
1e+
1e+
1e
1.2.3
-
-
1e
000.e
1ee2
e10
++1
1e-
0e
0e
0e
0e
.
000.e
--2
1e-
1e
--2
e10
.
0e
1.2.3
1e+
0e
1e
.
000.e
-
1e
abc
1e
+
++1
.
abc
1.2.3
+
1e+
1ee2
--2
1e-
1e-
1e
1ee2
-
1e+
1e-
e10
-
-
-
abc
1e+
1e
1e+
abc
1e-
e10
+
e10
1e
000.e
abc
1e
++1
0e
-
1e-
.
abc
0e
--2
1e+
--2
0e
+
e10
e10
1e-
1.2.3
--2
000.e
e10
-
--2
1e+
++1
++1
0e
1e
++1
1e+
++1
--2
-
1e-
1e-
1.2.3
1e-
1ee2
0e
++1
+
e10
abc
000.e
1.2.3
1e-
+
1ee2
--2
-
-
1ee2
000.e
1e+
e10
1e-
1e-
000.e
e10
1e
abc
1e
1e+
e10
1e+
++1
0e
0e
1e
1e+
1e
+
.
e10
abc
1e
abc
000.e
1e+
1.2.3
-
+
abc
1.2.3
+
0e
1e+
+
.
abc
e10
1e-
1e
1ee2
.
++1
-
-
000.e
1e-
000.e
e10
e10
-
e10
1e+
1.2.3
1.2.3
--2
++1
-
000.e
abc
.
++1
000.e
abc
e10
000.e
-
++1
1e+
1ee2
0e
0e
1.2.3
1e
1e+
1e
1e-
0e
+
abc
1ee2
.
--2
000.e
1.2.3
1.2.3
++1
++1
1e-
1e-
1.2.3
--2
e10
1.2.3
1e
1e
++1
-
+
000.e
1e
000.e
+
1e-
.
1e-
1e-
.
000.e
1ee2
e10
--2
.
++1
--2
+
1e-
0e
++1
.
000.e
1e-
abc
abc
1ee2
.
--2
-
e10
-
-
1ee2
1ee2
++1
++1
1.2.3
.
--2
000.e
000.e
+
0e
+
1ee2
1e-
1e-
.
1ee2
1e+
1e+
1e-
++1
0e
+
000.e
++1
++1
1e-
abc
1ee2
.
abc
e10
.
0e
1e-
0e
1e
e10
--2
0e
1e+
.
-
++1
000.e
000.e
000.e
0e
1.2.3
-
e10
-
1e+
-
1e+
e10
1ee2
1ee2
1ee2
1e
0e
1.2.3
1.2.3
1e-
1e+
.
1e
abc
1e+
++1
e10
++1
1ee2
.
--2
1.2.3
1ee2
000.e
0e
.
1e
0e
+
.
.
0e
abc
1e-
+
1e-
1e-
-
1e-
1ee2
.
1e
.
1e+
1ee2
e10
--2
1ee2
1.2.3
000.e
abc
1ee2
1.2.3
.
--2
1ee2
abc
0e
-
1e
1e
1e
0e
1e
e10
++1
+
--2
1e
.
000.e
1e
.
++1
abc
++1
0e
e10
1e-
1e+
1ee2
--2
++1
-
++1
--2
-
1ee2
+
.
1e-
1.2.3
++1
1.2.3
e10
--2
.
0e
e10
1.2.3
-
1e
.
1e
1e+
0e
1e
abc
1e-
abc
-
1ee2
++1
1.2.3
0e
e10
0e
.
000.e
-
1.2.3
1e
--2
1e
--2
0e
+
1.2.3
1e+
000.e
e10
+
+
1.2.3
1e+
abc
+
1e+
-
1.2.3
e10
1ee2
.
1ee2
1ee2
.
1e+
-
--2
1ee2
1.2.3
0e
--2
-
e10
1.2.3
--2
1e+
abc
--2
1e+
--2
++1
++1
1ee2
abc
.
+
.
--2
0e
abc
-
000.e
1e+
1ee2
1ee2
.
1ee2
++1
++1
--2
1ee2
-
++1
e10
--2
1e+
e10
e10
--2
-
0e
e10
1e+
.
000.e
.
1e
000.e
0e
000.e
1e
1.2.3
abc
0e
1e-
1e-
0e
.
++1
1ee2
1e-
--2
1e+
--2
000.e
1e-
1ee2
1e+
000.e
+
1.2.3
1.2.3
e10
1e+
++1
-
-
--2
+
abc
++1
-
0e
++1
1ee2
1e
1ee2
1e+
abc
.
1e-
1.2.3
1e
-
1ee2
0e
-
1e-
e10
e10
0e
1e
-
e10
e10
e10
--2
1e
000.e
1e
abc
000.e
0e
++1
e10
000.e
1e
1ee2
1e+
1e+
+
0e
1e-
abc
e10
000.e
1ee2
e10
-
1.2.3
1e
--2
++1
0e
e10
1e+
1ee2
0e
1ee2
1ee2
0e
1ee2
-
++1
1.2.3
1e-
-
abc
000.e
abc
.
abc
.
1e
++1
1.2.3
.
e10
1.2.3
-
1e
.
1e-
e10
+
1e-
.
+
--2
1e-
1e
1e+
1e+
.
1ee2
-
0e
-
1.2.3
1e
e10
-
--2
+
.
1e+
1ee2
abc
--2
0e
abc
0e
1ee2
1e-
1e-
1ee2
.
+
abc
1ee2
--2
--2
1e+
0e
1e+
1ee2
.
++1
e10
000.e
e10
++1
++1
000.e
e10
000.e
abc
1e-
--2
1e-
0e
0e
--2
1e-
1.2.3
e10
1ee2
000.e
+
0e
abc
1e-
1e+
++1
.
0e
000.e
abc
000.e
0e
e10
++1
0e
abc
.
++1
1e-
0e
1ee2
1ee2
1e
1.2.3
.
1e+
--2
1e+
abc
--2
e10
-
000.e
.
000.e
abc
000.e
1.2.3
000.e
-
1e+
000.e
++1
1e+
e10
1e+
1e+
++1
abc
1e-
1e+
0e
-
000.e
000.e
1.2.3
abc
1ee2
1e
1.2.3
1ee2
000.e
1.2.3
1ee2
.
1e
1.2.3
1ee2
abc
000.e
--2
1e-
1e+
+
1e-
1e-
.
-
000.e
1e+
1e+
-
1ee2
++1
1e-
1ee2
++1
-
1ee2
1e-
abc
e10
1e
+
abc
1.2.3
1.2.3
0e
++1
--2
e10
000.e
1e
0e
1e-
+
1.2.3
abc
1e
abc
0e
000.e
1.2.3
000.e
e10
1e
-
+
1e
+
1e
abc
.
0e
1e
1ee2
1e-
1e+
1e
1e-
000.e
++1
1.2.3
1e-
+
-
1.2.3
1e+
1e+
-
.
--2
+
000.e
1ee2
e10
-
1ee2
1e
abc
0e
1ee2
1ee2
+
+
1e+
.
1e-
.
++1
.
000.e
-
--2
000.e
0e
1e+
1.2.3
-
1e-
1e-
+
000.e
000.e
1ee2
1e
++1
1ee2
+
1e
+
+
0e
++1
--2
1e
0e
.
1ee2
+
abc
1.2.3
++1
1e
-
.
1.2.3
000.e
e10
e10
e10
1e
1e+
1e-
+
-
-
1e+
--2
1e
0e
1.2.3
1e+
-
.
1e-
1.2.3
1e-
1e
1ee2
e10
1e
.
1e-
000.e
0e
0e
1e+
++1
--2
-
abc
1.2.3
+
+
-
1ee2
1e
1ee2
e10
1e-
1e+
-
1ee2
0e
+
+
e10
e10
1e
e10
0e
1e
.
1.2.3
1.2.3
1ee2
abc
-
1e+
000.e
-
1.2.3
1e+
.
--2
-
000.e
1e-
++1
1e+
++1
000.e
abc
+
abc
e10
1e+
e10
.
++1
-
--2
e10
1e-
abc
1.2.3
0e
-
++1
1e-
-
.
000.e
e10
-
abc
++1
e10
e10
0e
e10
++1
1e-
e10
++1
++1
1e+
0e
1e
.
1.2.3
--2
+
e10
1e
.
+
1e
1e
000.e
e10
1ee2
1e
abc
1e-
1e
1e-
000.e
1ee2
abc
+
1e-
-
e10
abc
+
e10
1e
1ee2
e10
abc
1e-
abc
-
e10
-
abc
--2
-
--2
1ee2
--2
1ee2
1e
e10
0e
-
+
1.2.3
+
-
1e-
1.2.3
--2
1e-
e10
++1
.
1ee2
1e+
--2
000.e
-
1e
.
1e+
+
++1
-
000.e
1e+
--2
e10
--2
.
++1
0e
+
1ee2
1ee2
1e+
+
.
0e
.
1e
++1
.
.
1e-
.
++1
--2
e10
1.2.3
++1
1e+
1e+
1e
1e-
.
0e
e10
0e
.
1e-
1e
+
1e
--2
+
.
--2
1e-
+
++1
1e
e10
1e-
000.e
-
+
000.e
e10
e10
++1
.
abc
--2
1.2.3
+
0e
1e+
1e+
000.e
.
+
--2
1ee2
1e
1e+
0e
000.e
++1
--2
0e
e10
1ee2
-
1e+
0e
e10
1e
1e
--2
-
1e
1ee2
++1
e10
0e
+
-
++1
.
1.2.3
1e-
--2
-
1e+
000.e
1ee2
e10
1.2.3
abc
0e
e10
+
++1
1e+
-
-
1e-
1.2.3
-
+
--2
000.e
1e+
1e
1e
-
--2
-
abc
-
-
abc
1e
e10
+
e10
1e
1ee2
-
1ee2
0e
1ee2
++1
000.e
e10
1.2.3
--2
1e
++1
++1
-
1.2.3
0e
0e
1e
1.2.3
1e
.
1ee2
e10
000.e
1e-
1e-
+
abc
abc
abc
.
0e
++1
abc
++1
.
abc
1e+
1e-
1e+
1e
+
--2
abc
1e
e10
-
1ee2
--2
1e-
000.e
++1
--2
.
-
1.2.3
e10
e10
e10
-
+
1e
.
1ee2
1e-
abc
++1
1e
-
.
e10
0e
+
+
000.e
0e
1e
000.e
+
1ee2
.
+
1e
1e-
1e+
1e+
-
000.e
1e-
1e+
--2
++1
+
+
1e-
e10
000.e
0e
1e+
e10
1e-
1e-
++1
1e-
0e
e10
1e+
.
.
1ee2
+
++1
++1
.
--2
.
-
1e
1e+
e10
--2
1ee2
+
1e-
.
-
1e+
1ee2
1e+
0e
0e
++1
--2
1e-
--2
.
e10
1.2.3
000.e
abc
+
abc
0e
1e-
1e-
1e+
0e
0e
1ee2
1ee2
1e
1ee2
1e-
-
000.e
e10
+
--2
0e
.
1e
1.2.3
000.e
1e
1.2.3
1e-
+
+
1ee2
-
+
000.e
--2
+
.
1ee2
.
--2
1e+
-
abc
--2
1e-
abc
+
1e
.
1ee2
000.e
1e+
1.2.3
e10
.
1ee2
++1
1e-
0e
1ee2
1e
1ee2
--2
1e+
.
abc
-
1e
abc
abc
-
.
++1
--2
1ee2
.
1e-
--2
-
--2
+
--2
0e
1.2.3
000.e
1e
0e
000.e
1e
000.e
e10
.
1ee2
0e
1ee2
1e-
1e+
1e
1.2.3
000.e
1e+
1.2.3
1e-
000.e
e10
abc
+
1e+
.
+
abc
++1
+
.
1ee2
abc
.
e10
0e
-
e10
0e
+
000.e
1ee2
1e-
1.2.3
-
--2
1e
--2
+
000.e
+
000.e
0e
1e
--2
1e-
++1
1ee2
.
.
--2
--2
1e-
1e
.
++1
--2
+
1e+
1e+
1e-
1.2.3
-
1.2.3
1.2.3
abc
1e+
abc
1e+
e10
0e
e10
1ee2
1.2.3
e10
1.2.3
1ee2
++1
0e
1.2.3
--2
0e
+
1.2.3
1ee2
+
1e-
1.2.3
1e-
0e
000.e
.
abc
1.2.3
.
+
0e
--2
-
1e-
0e
1.2.3
--2
-
1.2.3
1.2.3
abc
0e
1e+
++1
--2
1e-
.
1e-
1ee2
++1
.
e10
1e
0e
+
-
--2
.
1ee2
.
1e-
++1
+
e10
1e-
abc
1ee2
.
1e-
1e+
1e-
e10
0e
.
1e+
++1
1e-
.
++1
1e-
1e+
++1
000.e
--2
1e+
e10
++1
1e
-
e10
--2
.
++1
.
++1
++1
--2
000.e
abc
000.e
abc
1e
e10
e10
abc
1e+
+
1ee2
abc
000.e
e10
+
-
1e-
1e
1e
1.2.3
1e-
+
e10
+
.
-
1.2.3
1e
000.e
1e+
-
--2
abc
+
0e
1e+
0e
e10
000.e
000.e
abc
++1
abc
abc
.
-
.
-
1e+
000.e
--2
--2
000.e
++1
.
1e+
--2
0e
abc
--2
1.2.3
abc
1e
e10
1e
1ee2
1.2.3
1.2.3
0e
--2
0e
1e
e10
e10
1ee2
-
abc
e10
abc
+
1ee2
1e
--2
1e
e10
0e
++1
++1
000.e
0e
1ee2
1ee2
--2
000.e
1.2.3
1ee2
-
e10
1e
000.e
0e
.
++1
1e+
.
e10
-
1e-
1.2.3
000.e
1e
abc
000.e
.
1e-
000.e
0e
abc
1e+
++1
1e-
000.e
.
0e
1e-
1e
.
.
-
1ee2
+
0e
1e-
abc
e10
000.e
0e
.
abc
000.e
0e
++1
+
1.2.3
1e
1.2.3
1e+
1ee2
e10
1e
1e
1e-
.
1ee2
abc
+
.
0e
1e+
++1
+
1ee2
1e
1e-
e10
000.e
+
.
1e+
abc
--2
.
1e+
++1
e10
1e+
--2
1ee2
1e+
.
1.2.3
1e
e10
000.e
abc
e10
1e
1e+
1e+
++1
000.e
-
abc
++1
1ee2
-
+
1.2.3
1.2.3
abc
--2
.
++1
1e-
1e-
abc
++1
0e
--2
1ee2
e10
1ee2
-
abc
-
--2
000.e
1ee2
0e
0e
000.e
abc
-
.
1e+
++1
--2
1ee2
1e
000.e
--2
1e-
1.2.3
abc
1.2.3
000.e
abc
++1
1e+
abc
+
e10
-
1e+
1e
e10
e10
.
1.2.3
--2
-
000.e
1e+
1.2.3
e10
000.e
1e-
1e+
+
e10
.
1e
1ee2
1.2.3
++1
--2
-
1e+
1.2.3
abc
e10
1e
++1
abc
1.2.3
--2
-
.
0e
--2
++1
++1
000.e
1.2.3
--2
.
+
+
abc
.
--2
1e-
+
-
1.2.3
1e
1.2.3
e10
abc
e10
-
0e
-
1e
1e+
-
-
--2
abc
-
1.2.3
1ee2
+
--2
000.e
-
abc
+
++1
1e
.
+
1.2.3
000.e
e10
1ee2
+
++1
1e
e10
e10
e10
1e-
1.2.3
1e-
+
1ee2
1.2.3
--2
1.2.3
1e+
0e
1e+
1e-
1e
+
1.2.3
++1
1.2.3
++1
abc
1e-
e10
1e
++1
e10
++1
--2
1e-
1e
e10
-
++1
--2
1e-
1e+
e10
000.e
1.2.3
e10
0e
.
0e
1e-
.
+
-
abc
1e
1e
1e
0e
e10
-
++1
1e
1ee2
abc
0e
0e
++1
1e
0e
1.2.3
1e-
1e
1e+
abc
++1
1e
1e
e10
++1
1ee2
+
1e-
1e+
1.2.3
1e+
1e-
1e-
-
1e-
1e-
000.e
1.2.3
000.e
e10
.
abc
0e
-
+
1.2.3
--2
abc
++1
1ee2
+
+
--2
e10
1.2.3
1e+
--2
000.e
e10
.
1e
1e-
0e
1e-
0e
++1
1e+
000.e
1e-
++1
1e+
e10
1ee2
000.e
1.2.3
+
+
1e-
1e-
++1
e10
1e
0e
+
1ee2
e10
0e
-
1ee2
0e
1ee2
1e-
1.2.3
1e+
0e
000.e
.
+
abc
1ee2
0e
--2
1e-
+
1ee2
000.e
1ee2
1e+
1e-
1.2.3
0e
1e
-
1ee2
1ee2
.
++1
1e+
e10
1e+
1ee2
.
--2
e10
1e
1e+
abc
++1
1e
.
0e
1e+
e10
-
1e+
-
e10
1e
abc
+
++1
.
-
1e
1e-
++1
abc
000.e
000.e
-
0e
1.2.3
e10
1e
+
e10
--2
.
++1
1e+
++1
.
+
e10
e10
--2
1e+
abc
000.e
000.e
abc
+
++1
000.e
1ee2
--2
.
1e
+
.
--2
1e
e10
1e+
1e-
--2
abc
.
e10
0e
--2
-
1e-
1e+
+
abc
+
1e-
0e
1.2.3
.
+
0e
abc
++1
++1
1e+
000.e
1e+
1e-
+
+
1e+
1e-
abc
.
.
000.e
1e
++1
+
--2
1e-
000.e
1ee2
000.e
1e+
.
++1
e10
1e-
--2
0e
1e+
000.e
abc
1e
e10
1e+
.
abc
-
1e-
e10
0e
e10
1ee2
1e-
1e+
000.e
e10
abc
0e
1ee2
.
0e
--2
++1
1e-
.
e10
.
--2
000.e
1ee2
1e-
+
+
1ee2
e10
++1
1ee2
1e
e10
1e+
0e
1.2.3
000.e
1e+
1e
1e+
--2
.
--2
++1
1e+
+
0e
1e+
++1
1e
1e
.
-
0e
-
1e-
1e-
e10
1e
e10
1.2.3
1e
1ee2
1.2.3
-
++1
--2
000.e
0e
0e
e10
000.e
abc
0e
1e+
+
abc
abc
.
++1
e10
e10
1e-
1e
+
.
0e
1e+
++1
++1
--2
0e
abc
1e+
++1
0e
--2
-
1e
1e
000.e
-
e10
1e+
1ee2
1ee2
0e
1.2.3
1e-
.
1e-
--2
0e
1e-
--2
1e
e10
.
.
0e
e10
.
++1
.
+
1e-
.
++1
1ee2
1ee2
0e
000.e
-
1ee2
1e-
+
1ee2
abc
000.e
--2
--2
.
++1
000.e
abc
-
1e-
-
1e+
+
1.2.3
++1
.
1.2.3
1e-
.
++1
e10
1ee2
1ee2
e10
+
-
e10
+
0e
++1
-
1e-
0e
000.e
1e
--2
1e-
abc
+
1.2.3
abc
e10
+
--2
0e
1.2.3
++1
000.e
abc
1e+
000.e
1e
000.e
.
+
1e+
000.e
1e
abc
0e
1e-
1e
e10
-
000.e
.
++1
1e+
1e+
.
--2
1e-
000.e
-
1e+
+
.
1.2.3
abc
1e+
0e
1e
-
000.e
e10
.
1e-
000.e
--2
1e
--2
1ee2
1e+
abc
1e+
abc
1e-
-
000.e
abc
1e+
++1
+
0e
-
--2
0e
1ee2
1e
1e
--2
+
--2
1ee2
1.2.3
--2
1ee2
+
1e
1e+
abc
e10
++1
1.2.3
1.2.3
0e
++1
++1
abc
++1
1e-
1e+
1e-
.
--2
0e
--2
1.2.3
1e
abc
0e
abc
++1
000.e
.
1e+
000.e
++1
1.2.3
.
1e
e10
0e
000.e
000.e
0e
.
++1
1e+
--2
e10
1e
000.e
--2
.
1ee2
000.e
+
+
--2
0e
.
++1
000.e
--2
++1
e10
1e+
abc
++1
+
1e+
.
0e
--2
-
1e+
--2
-
abc
++1
++1
-
abc
1e
e10
1e
1e
.
1e-
1e+
e10
000.e
0e
1e-
000.e
1e
--2
1e
1e
1e-
.
-
1e+
1e
1e-
+
abc
1e
1e+
++1
-
1ee2
1e+
-
1.2.3
abc
0e
000.e
-
++1
-
0e
e10
1e
.
1ee2
1.2.3
+
000.e
1.2.3
1.2.3
000.e
1e+
1.2.3
1e-
-
abc
-
1ee2
+
1e+
0e
-
+
.
--2
1e-
1.2.3
1e-
000.e
1e-
000.e
abc
.
0e
1e
000.e
abc
e10
0e
abc
000.e
++1
.
1e+
1e-
1e
.
1ee2
-
1ee2
1.2.3
-
0e
0e
abc
1e+
1ee2
1e+
1e+
+
1e+
1e+
1.2.3
-
--2
--2
1e-
1.2.3
1.2.3
1.2.3
abc
1e+
0e
e10
++1
+
1e
abc
0e
.
.
++1
1ee2
--2
e10
--2
.
0e
+
++1
0e
1e+
1ee2
0e
1e
abc
abc
+
1.2.3
1.2.3
-
++1
--2
1e+
1e
0e
++1
0e
abc
1e-
--2
e10
1.2.3
000.e
1.2.3
--2
0e
1.2.3
--2
0e
1.2.3
e10
0e
abc
000.e
1.2.3
-
1e
1ee2
1e+
1e
+
1ee2
1.2.3
+
000.e
.
.
.
1e-
e10
-
1e+
1e
-
1e
000.e
1.2.3
e10
1e
1.2.3
abc
+
0e
000.e
--2
e10
000.e
1e-
abc
1ee2
-
.
1e-
1ee2
1ee2
e10
1e
1e-
000.e
1ee2
1e+
+
000.e
e10
1e-
1ee2
+
1e-
000.e
-
1e
abc
+
1e+
1e
+
1e-
-
000.e
1e-
1e-
+
abc
e10
-
abc
0e
--2
abc
1ee2
0e
e10
1e
000.e
+
1e-
1e+
1e-
1e+
-
++1
++1
1e-
0e
+
++1
.
.
.
-
000.e
0e
1e
1ee2
000.e
--2
000.e
--2
1.2.3
0e
+
+
1e
e10
+
1ee2
abc
1e
.
000.e
--2
.
1e+
+
000.e
.
++1
-
0e
1e-
-
--2
++1
1e+
000.e
1ee2
-
-
1e+
000.e
000.e
++1
-
1ee2
1e-
1e+
+
.
000.e
+
000.e
+
+
000.e
.
--2
1.2.3
000.e
1e+
1ee2
abc
1.2.3
.
--2
1.2.3
+
0e
++1
++1
++1
1e
1.2.3
1ee2
000.e
++1
abc
abc
1e-
--2
0e
abc
0e
-
000.e
--2
.
e10
1.2.3
e10
+
e10
-
-
1.2.3
-
e10
++1
1.2.3
+
--2
1e+
-
-
--2
1ee2
0e
abc
1e+
-
0e
.
1e+
++1
1e+
1e+
1ee2
1ee2
1e
abc
1e-
++1
.
--2
+
-
++1
0e
e10
e10
.
++1
.
abc
1e+
1.2.3
1.2.3
1e+
000.e
+
0e
+
++1
--2
1e
1e+
-
1ee2
1e+
0e
0e
000.e
-
.
++1
.
0e
1e+
-
0e
--2
0e
0e
1e
1e
1e+
1ee2
.
1e+
1.2.3
.
1.2.3
++1
1e+
1e
-
1ee2
abc
+
abc
e10
-
0e
.
abc
1ee2
1e
000.e
0e
.
000.e
+
1e
1ee2
1e+
1e+
abc
e10
000.e
0e
abc
-
.
--2
--2
000.e
1.2.3
1e+
1e+
+
1e
abc
000.e
-
1ee2
1.2.3
-
1e+
--2
.
000.e
1e-
+
e10
0e
1ee2
e10
+
-
000.e
.
+
+
1.2.3
+
--2
000.e
1ee2
1e-
1e+
e10
++1
++1
-
000.e
.
-
.
1ee2
1e
1e-
e10
1e-
1e-
--2
1.2.3
++1
-
-
1e-
abc
abc
.
abc
abc
+
1ee2
1e-
1ee2
++1
.
abc
1e
1.2.3
abc
1e
1e+
1.2.3
000.e
.
-
--2
000.e
e10
+
--2
1ee2
-
1e+
0e
e10
1e
1e
0e
1e+
1e+
abc
000.e
000.e
+
1ee2
+
abc
1.2.3
--2
000.e
000.e
e10
++1
1.2.3
1e+
+
000.e
1.2.3
e10
-
e10
1.2.3
1e-
0e
--2
1e+
-
0e
++1
1e+
000.e
e10
000.e
e10
e10
+
e10
++1
--2
++1
0e
1e-
++1
000.e
0e
0e
+
1.2.3
++1
--2
e10
1ee2
abc
1e-
+
1ee2
1e
1e
1.2.3
1ee2
-
-
e10
abc
1ee2
.
0e
+
++1
++1
-
1e+
1e+
1ee2
000.e
1e
.
.
++1
1e-
1ee2
++1
1ee2
1e
e10
1ee2
0e
+
+
1e-
.
.
+
1.2.3
000.e
1e
1e-
e10
--2
1e
1e+
--2
1e-
000.e
1e
.
000.e
--2
+
++1
++1
--2
1e-
-
0e
+
000.e
1ee2
1e
.
.
1e
abc
1ee2
000.e
abc
-
.
.
1e-
+
.
1e-
0e
--2
--2
1e
.
1.2.3
--2
1e
1ee2
+
-
1e
+
1.2.3
e10
abc
0e
e10
1.2.3
--2
++1
--2
1.2.3
1e-
1ee2
1e
0e
++1
.
1e+
-
abc
-
000.e
1e
e10
1ee2
.
+
--2
+
1e
abc
.
++1
1e+
.
-
1ee2
-
1.2.3
abc
e10
e10
1e-
1e
+
1e+
1.2.3
.
.
1.2.3
1.2.3
0e
0e
+
.
abc
000.e
-
++1
1e-
--2
abc
+
--2
1e+
000.e
.
1e-
e10
--2
0e
++1
.
1e
e10
--2
-
1e-
+
+
+
000.e
abc
0e
1e+
1e+
1e+
abc
-
++1
1.2.3
0e
-
+
1e
1e-
-
--2
abc
.
++1
1e
1e+
1.2.3
-
1e
.
.
1e-
-
1.2.3
0e
1e-
1e-
1e
1ee2
abc
1ee2
abc
1e-
1e-
1ee2
--2
1.2.3
1e
-
000.e
0e
1ee2
++1
0e
+
0e
1ee2
-
000.e
1e
1ee2
1.2.3
e10
.
1ee2
++1
+
abc
1.2.3
-
1e
+
-
e10
abc
0e
000.e
1e-
0e
1e-
1.2.3
1ee2
e10
--2
1e+
1.2.3
1ee2
000.e
1e-
1e-
--2
1ee2
abc
+
000.e
++1
1e
++1
000.e
e10
++1
++1
1ee2
--2
-
1.2.3
--2
+
1e-
+
1.2.3
.
1e
1.2.3
1e
1.2.3
1e
++1
0e
1e+
--2
1ee2
++1
1e
1e-
--2
000.e
++1
1ee2
1e-
1e
++1
1e+
abc
1e
0e
1e+
0e
+
++1
++1
1ee2
--2
1e+
-
e10
--2
-
++1
1.2.3
1e-
abc
abc
e10
1.2.3
1.2.3
1e
e10
.
000.e
e10
.
000.e
1e+
1ee2
.
+
1e
++1
abc
000.e
1e+
000.e
-
1.2.3
++1
1e+
e10
1ee2
1ee2
--2
--2
000.e
1ee2
--2
0e
+
-
0e
1e-
--2
1e-
e10
1e+
++1
abc
1.2.3
0e
1e-
1e-
000.e
.
++1
1e
000.e
-
+
++1
++1
--2
--2
1e-
++1
++1
1e
.
.
0e
abc
1e-
0e
abc
abc
abc
-
.
.
1.2.3
+
.
++1
+
1ee2
1e-
0e
1ee2
.
1e
--2
0e
1.2.3
-
--2
1ee2
++1
.
1.2.3
.
1e+
++1
abc
1.2.3
000.e
000.e
abc
abc
000.e
1ee2
000.e
1e
++1
1.2.3
0e
abc
.
0e
abc
1e+
e10
1e+
+
000.e
1.2.3
+
1.2.3
1.2.3
000.e
1e
abc
0e
1ee2
e10
e10
1e
0e
0e
abc
1e+
000.e
1e+
--2
0e
1e+
e10
1e-
e10
.
1e-
abc
1e+
1e-
abc
e10
0e
abc
.
1e-
-
1e
1.2.3
.
1e+
0e
0e
.
1e
1e-
000.e
+
0e
1.2.3
.
++1
000.e
1.2.3
000.e
000.e
-
+
++1
--2
abc
0e
0e
abc
1.2.3
1ee2
--2
1e-
1ee2
.
1e+
.
1e+
+
e10
0e
1e-
++1
abc
.
e10
--2
1e+
1e-
+
.
0e
.
1e-
e10
abc
000.e
1e-
+
1e
abc
1e
1ee2
-
1.2.3
0e
-
++1
1e-
++1
abc
0e
abc
0e
.
++1
1e
abc
-
.
1.2.3
0e
abc
1ee2
.
1e-
1ee2
1e-
e10
1.2.3
e10
1e+
0e
++1
1e
1e
1.2.3
abc
1ee2
1ee2
++1
0e
1.2.3
--2
+
abc
1.2.3
++1
+
000.e
1e+
1e
--2
1e
-
++1
-
+
--2
+
000.e
0e
-
1e
0e
abc
++1
e10
1.2.3
1.2.3
++1
0e
-
1ee2
e10
1ee2
-
000.e
1ee2
1e
+
abc
++1
1e-
1e-
1e-
1.2.3
000.e
.
0e
-
.
0e
.
1e+
1e
+
1e+
+
1.2.3
abc
++1
.
-
1e
1e+
--2
--2
++1
abc
.
-
1e-
0e
-
++1
1ee2
--2
+
--2
000.e
1e+
-
1e-
abc
abc
+
+
--2
1ee2
1ee2
-
1e
1e
.
1e
000.e
000.e
1e+
000.e
1.2.3
e10
e10
abc
1.2.3
0e
abc
1e-
e10
.
1.2.3
++1
1e-
000.e
1.2.3
1e
1e+
1.2.3
abc
.
+
+
.
--2
000.e
e10
--2
1e
--2
e10
++1
1.2.3
abc
1e
.
--2
e10
-
1e-
1e
1.2.3
1e
abc
1e+
1.2.3
1e-
.
-
e10
1.2.3
.
--2
1e+
.
0e
+
.
abc
1e+
1.2.3
1e+
1.2.3
--2
1e+
abc
1e-
1ee2
.
++1
e10
e10
1.2.3
++1
1e+
0e
.
1e
+
1.2.3
++1
1ee2
0e
.
e10
000.e
--2
abc
1.2.3
1ee2
000.e
e10
e10
+
1.2.3
abc
++1
.
1e-
.
1ee2
abc
1ee2
1e+
1e+
--2
abc
--2
++1
--2
-
1ee2
000.e
1e
1.2.3
1e-
000.e
1ee2
--2
.
1ee2
--2
.
0e
1.2.3
0e
abc
++1
1.2.3
e10
0e
1e
1e+
--2
1e+
++1
+
1ee2
1.2.3
1e
0e
abc
1e-
+
++1
-
000.e
+
1e
1ee2
1e+
1.2.3
e10
-
1ee2
1e
1e+
abc
+
0e
0e
-
1ee2
.
1e+
000.e
+
abc
1.2.3
+
-
.
1e+
1.2.3
+
--2
+
1e
e10
++1
--2
1e-
.
+
.
abc
.
1e+
0e
1.2.3
1e-
+
1e-
1ee2
1e+
1e+
+
-
++1
e10
abc
+
-
.
1e-
1.2.3
e10
--2
1ee2
-
--2
0e
1e-
.
.
1e-
+
-
1.2.3
1ee2
1.2.3
1e
000.e
0e
1e
++1
1ee2
1e+
000.e
-
1ee2
0e
000.e
0e
.
abc
0e
1.2.3
+
0e
1e+
1.2.3
0e
-
0e
abc
--2
1e+
1e-
1e+
--2
000.e
++1
1e+
abc
-
0e
.
.
+
1e
++1
1e-
abc
1e+
e10
abc
1.2.3
e10
1.2.3
1.2.3
000.e
1e+
e10
-
e10
--2
000.e
e10
1e-
0e
.
1e-
--2
++1
-
e10
-
e10
1e-
000.e
.
.
1.2.3
++1
--2
1.2.3
++1
1e
++1
1ee2
1e+
1e-
000.e
.
++1
1.2.3
1.2.3
+
000.e
--2
abc
++1
+
.
000.e
1e-
1.2.3
.
-
--2
1e
-
0e
0e
.
e10
0e
--2
1e
++1
.
--2
000.e
.
--2
0e
000.e
1e-
abc
abc
+
1e
1e+
++1
e10
.
-
1ee2
abc
1e+
1e-
0e
++1
++1
1ee2
abc
abc
.
0e
abc
1e
++1
+
1e
1e
1e+
++1
1e+
1e+
1e-
1.2.3
--2
++1
0e
++1
e10
1e-
000.e
1e
++1
e10
1e-
-
1ee2
+
--2
0e
+
0e
1e-
-
0e
000.e
-
0e
e10
-
1ee2
0e
.
1e-
--2
-
1e+
++1
1e-
1ee2
+
.
000.e
1e-
--2
1e
0e
abc
1e-
1ee2
--2
++1
1ee2
1ee2
.
1e+
1ee2
1e+
1ee2
1e
abc
e10
-
1.2.3
1.2.3
000.e
1.2.3
++1
1e
--2
1.2.3
-
0e
1ee2
0e
1e-
1e-
1.2.3
e10
e10
1e-
1e
1ee2
abc
abc
1ee2
1e
+
e10
1e
e10
000.e
e10
++1
.
000.e
1ee2
1.2.3
e10
1e-
1ee2
+
abc
1e
--2
abc
--2
.
+
1ee2
1e
1e
1e+
1e
1e
--2
.
1e
.
0e
--2
0e
++1
++1
000.e
1.2.3
++1
.
1e
.
1e
.
1e-
.
abc
abc
1.2.3
1ee2
--2
-
1e
1e
+
1e
-
1.2.3
0e
1e+
1e+
1e-
1e+
000.e
-
1e
.
1e+
0e
1ee2
1.2.3
e10
+
e10
-
--2
1e-
e10
-
0e
++1
1e
e10
-
abc
1.2.3
abc
+
1e
1e
1e-
1e
++1
1e
-
1e-
abc
++1
1e
.
1e+
--2
1e+
-
+
.
1e-
++1
000.e
++1
1e-
--2
000.e
000.e
1e+
e10
1e+
0e
-
++1
abc
-
e10
++1
1.2.3
+
abc
1ee2
-
++1
1.2.3
+
0e
e10
1e+
1ee2
1e+
0e
1e
1ee2
abc
1e+
-
--2
1ee2
--2
.
++1
++1
1e
1e+
++1
1.2.3
.
0e
000.e
0e
+
1.2.3
.
abc
0e
000.e
--2
1ee2
.
1e-
1.2.3
1.2.3
+
0e
e10
1e
+
++1
1.2.3
++1
.
abc
1e
-
.
abc
+
.
1.2.3
++1
1.2.3
abc
abc
1e
1e-
abc
e10
1e-
000.e
--2
abc
0e
1e+
1e
0e
abc
1e+
-
1ee2
1.2.3
000.e
0e
1e
1e-
1e+
1.2.3
.
1ee2
e10
abc
e10
e10
e10
000.e
1ee2
abc
-
++1
1e-
--2
--2
1e-
e10
1e+
abc
000.e
+
1e
1e-
1e+
0e
abc
+
.
1.2.3
e10
1e+
+
000.e
0e
abc
e10
0e
.
+
.
-
1ee2
--2
+
--2
-
.
1.2.3
++1
--2
1e+
1ee2
1e-
abc
1e+
1e+
000.e
1.2.3
1e
abc
.
e10
0e
1ee2
1e
0e
e10
abc
e10
1e+
.
.
++1
0e
e10
-
1e+
-
++1
++1
++1
.
--2
1e
++1
-
.
-
-
--2
e10
1e-
++1
1.2.3
abc
0e
++1
--2
0e
-
1ee2
0e
+
1ee2
0e
000.e
+
abc
000.e
+
000.e
--2
abc
1ee2
abc
0e
++1
1ee2
0e
1e+
++1
0e
e10
1ee2
e10
++1
++1
1e
1e
-
++1
1ee2
1e+
++1
1e-
1e-
++1
e10
1e+
1e-
abc
++1
abc
e10
1ee2
1e-
--2
-
--2
000.e
abc
1e-
1e+
1.2.3
1e
000.e
1e-
abc
e10
++1
000.e
1ee2
1e-
1e+
1e
1ee2
1.2.3
0e
-
abc
000.e
++1
--2
1ee2
1.2.3
+
++1
1.2.3
1ee2
++1
1e-
.
.
000.e
abc
1ee2
+
1e
-
.
abc
1e-
1e-
+
-
1e
1.2.3
++1
++1
1e+
e10
1ee2
0e
++1
0e
+
--2
abc
abc
e10
+
1e-
1ee2
000.e
1e
abc
+
--2
abc
abc
+
1e-
--2
++1
--2
1e+
--2
1e-
++1
--2
1e+
e10
1e-
000.e
++1
0e
1e
1.2.3
e10
abc
.
+
+
1e
0e
-
+
0e
1.2.3
1ee2
1ee2
0e
++1
abc
1e
e10
e10
1e+
1ee2
0e
000.e
1e+
1e-
0e
1e-
1e-
e10
1e-
1e-
0e
abc
0e
e10
1ee2
1e-
000.e
0e
1.2.3
1ee2
1.2.3
1.2.3
1e
1e
000.e
.
1e+
0e
e10
1e-
++1
--2
e10
000.e
-
abc
1e
++1
1e+
--2
+
+
1e+
.
--2
e10
0e
+
1ee2
abc
abc
1e+
-
1e
e10
--2
--2
++1
.
1ee2
1e+
e10
--2
0e
1ee2
1e+
-
1.2.3
+
.
1e
-
abc
1e-
e10
1e
+
1e+
1e+
0e
1.2.3
+
--2
-
1ee2
000.e
+
abc
1ee2
--2
abc
1e
.
e10
1e
1e+
+
e10
1e-
--2
1ee2
000.e
+
0e
-
+
e10
++1
++1
abc
1.2.3
abc
abc
1ee2
--2
1e+
0e
+
1e+
0e
000.e
0e
abc
.
000.e
abc
.
.
1e-
0e
0e
1e-
+
e10
0e
e10
1e-
.
1e
--2
-
e10
+
1e-
+
1e+
1.2.3
e10
1.2.3
1e+
-
1.2.3
0e
1e+
0e
abc
abc
1ee2
1e-
e10
-
1.2.3
e10
1.2.3
--2
-
--2
1e
++1
1.2.3
1e+
1.2.3
1e-
1e
++1
abc
.
1e+
1e
e10
-
1e
000.e
+
1.2.3
abc
--2
1ee2
000.e
1e
1.2.3
.
1ee2
1ee2
1.2.3
1.2.3
+
000.e
-
e10
--2
abc
-
--2
-
1e
000.e
1e
e10
++1
e10
+
1e-
++1
-
000.e
1.2.3
0e
1e
--2
1e
1.2.3
--2
+
.
0e
1.2.3
abc
0e
1ee2
0e
-
000.e
1e+
.
++1
abc
abc
1e-
.
1e+
1ee2
.
++1
1e-
1e+
abc
1e+
1ee2
0e
+
1e-
1.2.3
1e
000.e
-
1e
1.2.3
e10
1.2.3
e10
000.e
-
++1
1e+
0e
-
-
0e
1e
++1
abc
++1
1.2.3
1e
-
.
000.e
1ee2
.
1e+
.
.
--2
++1
abc
0e
+
0e
1ee2
abc
++1
.
-
e10
000.e
1e+
--2
1e+
+
++1
++1
+
.
000.e
.
.
e10
1.2.3
abc
+
e10
1.2.3
+
-
-
1e
1e+
1.2.3
1e-
++1
+
+
1ee2
1e+
000.e
abc
abc
0e
1.2.3
e10
e10
1ee2
e10
--2
e10
1e
--2
++1
0e
abc
1.2.3
1e
+
.
abc
1e+
1ee2
000.e
1ee2
0e
000.e
+
1e-
e10
0e
1.2.3
1e-
1e-
+
++1
000.e
1e
+
--2
.
1e
--2
1e-
e10
abc
1e
++1
.
1.2.3
1e-
000.e
e10
1e
--2
++1
1e+
1e
1e+
1ee2
1.2.3
+
.
++1
1ee2
1e-
--2
--2
++1
e10
000.e
1e+
e10
+
1e+
1e+
e10
.
-
-
000.e
e10
000.e
abc
e10
.
000.e
--2
1e-
.
-
-
e10
--2
000.e
e10
0e
--2
0e
-
1e-
-
1ee2
1e+
abc
abc
1ee2
+
1ee2
++1
e10
000.e
e10
1ee2
abc
abc
-
0e
+
0e
++1
1ee2
1.2.3
1.2.3
abc
+
000.e
-
+
++1
abc
0e
1ee2
000.e
e10
+
.
1e+
1e+
.
--2
1e-
++1
1e+
++1
1e-
abc
1e+
+
0e
1.2.3
000.e
1.2.3
+
1.2.3
1e+
1e-
abc
0e
1e-
1e-
1e-
abc
.
e10
1ee2
0e
--2
-
+
1e+
--2
++1
abc
1.2.3
000.e
1e+
+
.
e10
0e
1e-
++1
++1
++1
+
1e-
000.e
1.2.3
1e-
--2
1.2.3
1ee2
1.2.3
++1
e10
000.e
1e
1.2.3
++1
++1
1e
000.e
.
000.e
e10
1e
000.e
+
1e
+
-
-
1ee2
0e
++1
-
0e
-
1e-
1.2.3
e10
--2
e10
0e
abc
1.2.3
1e
--2
-
.
0e
1e+
abc
-
1e-
++1
--2
e10
000.e
--2
+
-
abc
+
000.e
++1
000.e
+
1e-
1e-
e10
--2
e10
1e-
e10
1e+
--2
e10
0e
abc
abc
1.2.3
++1
.
--2
1.2.3
++1
-
.
0e
--2
0e
--2
++1
000.e
1e
++1
0e
1e
abc
1.2.3
.
000.e
+
+
+
abc
++1
1e-
1.2.3
1e
e10
.
-
.
1e
e10
1.2.3
1e-
-
e10
0e
--2
.
abc
1e-
.
000.e
e10
abc
1e
+
000.e
e10
1.2.3
+
.
1e
e10
++1
+
++1
1e
1ee2
-
1e-
++1
--2
1ee2
abc
1e+
1e+
e10
--2
abc
1.2.3
1e-
1e+
abc
1e+
1e-
--2
1ee2
1.2.3
e10
--2
+
1ee2
1e-
1e-
1.2.3
1.2.3
.
1.2.3
++1
-
--2
1e-
.
1e
e10
1.2.3
000.e
--2
0e
1e
abc
++1
000.e
1e+
abc
000.e
1ee2
e10
abc
e10
000.e
abc
-
--2
000.e
abc
0e
1e+
0e
1e-
1e+
+
1e
1.2.3
000.e
+
++1
--2
1e+
e10
0e
abc
1e
--2
-
++1
-
-
-
+
1e+
1e+
e10
0e
++1
abc
.
e10
1e+
1e
1e+
1e-
0e
abc
1e
+
.
1e+
.
000.e
abc
1e+
0e
-
1ee2
000.e
000.e
--2
e10
1e
0e
--2
e10
+
1e+
-
+
abc
1e-
.
1e+
1e+
1e
--2
0e
++1
1.2.3
1e-
000.e
e10
abc
0e
1e
++1
.
--2
1.2.3
1e-
0e
1.2.3
000.e
.
-
1ee2
abc
-
1e+
1e+
abc
--2
1e+
1e-
.
-
1ee2
--2
.
-
++1
e10
1e+
0e
1.2.3
1e
1e
--2
+
1e
abc
1ee2
1e
1.2.3
1e+
000.e
1.2.3
000.e
0e
0e
000.e
0e
1e-
1e+
.
1e+
1e+
000.e
--2
--2
1e-
--2
++1
+
e10
e10
-
1.2.3
.
0e
1e+
0e
.
++1
++1
.
0e
+
1e-
1ee2
0e
0e
1.2.3
1e
--2
--2
e10
.
--2
1ee2
abc
1e-
1e-
abc
000.e
0e
1.2.3
1e
+
abc
++1
.
abc
000.e
.
.
+
000.e
1e-
1e
1.2.3
1e
--2
1.2.3
1e
abc
+
1e
1.2.3
1ee2
1e+
1.2.3
0e
++1
0e
000.e
1e+
abc
-
.
1e-
--2
e10
1e
000.e
-
1e
000.e
1e-
+
1ee2
--2
-
abc
-
e10
1.2.3
1.2.3
-
+
++1
1ee2
1e
--2
+
1e
e10
abc
--2
.
1e
1e+
000.e
1ee2
-
1.2.3
--2
1e+
1e-
--2
+
-
1e+
abc
+
000.e
0e
000.e
0e
1.2.3
000.e
1e+
1e-
1e
1.2.3
--2
--2
1e-
1.2.3
0e
e10
-
-
1e-
e10
e10
++1
0e
1e+
1ee2
000.e
1e-
1e+
abc
1.2.3
1ee2
1.2.3
e10
1ee2
1e+
--2
+
1e+
000.e
000.e
1e-
+
000.e
1e-
1e
-
1ee2
.
1.2.3
++1
-
abc
1ee2
0e
abc
+
1.2.3
-
0e
0e
1e-
.
abc
--2
--2
--2
abc
e10
1e+
++1
000.e
1.2.3
1e
0e
1e+
-
000.e
000.e
1ee2
000.e
0e
-
1e
1.2.3
1e+
--2
++1
1e-
--2
1e
.
-
e10
1.2.3
1e-
0e
--2
0e
--2
-
-
+
e10
0e
++1
abc
e10
e10
1.2.3
e10
000.e
e10
+
0e
--2
abc
-
e10
-
-
1ee2
1e
1e-
1.2.3
++1
1e-
.
000.e
--2
1e+
.
abc
-
0e
0e
-
abc
1.2.3
.
1e+
1e
+
e10
1ee2
-
1e
abc
+
+
-
-
--2
--2
1e+
1.2.3
1.2.3
1e
e10
abc
1ee2
1e+
++1
--2
0e
1.2.3
e10
1e
0e
1e
--2
.
000.e
1e
++1
1.2.3
1e
0e
0e
000.e
-
-
--2
1e+
++1
-
0e
1e-
1ee2
1e
e10
+
.
-
+
0e
1.2.3
1e
1e
1e
--2
0e
+
--2
++1
0e
abc
++1
e10
--2
-
abc
1e+
1e+
--2
e10
1.2.3
++1
1.2.3
1.2.3
abc
1e+
0e
0e
-
.
--2
.
1e
0e
+
+
1e
++1
0e
1.2.3
0e
000.e
+
1e+
e10
++1
++1
-
--2
1e+
1.2.3
-
1e-
-
1.2.3
abc
abc
abc
++1
+
++1
1e-
1e
1.2.3
1e+
1e+
1e
1.2.3
1.2.3
000.e
1e
1e+
1e-
0e
1e
abc
.
1e
0e
--2
000.e
+
1e
.
1e-
++1
1.2.3
--2
--2
000.e
1ee2
1ee2
1e
abc
1e
1e
++1
1e+
+
--2
1e-
000.e
+
1e-
abc
++1
++1
abc
1.2.3
0e
.
0e
e10
--2
--2
1.2.3
abc
1.2.3
1.2.3
000.e
1e
1.2.3
++1
--2
--2
1e-
1e+
e10
.
++1
000.e
.
+
+
++1
1ee2
abc
1e-
1e-
e10
1.2.3
e10
-
0e
-
+
1e-
0e
1e+
+
e10
.
.
e10
.
-
1e
1e-
--2
0e
0e
.
1e+
e10
+
e10
1ee2
++1
1e-
.
+
1.2.3
000.e
1e+
++1
1.2.3
abc
1.2.3
abc
1e+
e10
1e
1ee2
+
--2
--2
e10
+
e10
1e
1e+
000.e
1e
--2
e10
++1
1.2.3
abc
1e+
.
-
abc
1e-
1e
000.e
e10
+
1e+
1e-
000.e
++1
.
1e
.
1.2.3
+
1e-
1e+
+
e10
1.2.3
1e
+
--2
1.2.3
e10
--2
.
--2
.
1ee2
+
1.2.3
1e
0e
1.2.3
000.e
0e
1e+
0e
0e
-
000.e
000.e
e10
1.2.3
1e-
1e-
1.2.3
1e
1e+
0e
--2
1.2.3
1.2.3
0e
1ee2
1.2.3
abc
0e
++1
1e+
.
--2
0e
1.2.3
1e
.
1e-
1ee2
1.2.3
1.2.3
abc
abc
1.2.3
+
000.e
.
1ee2
1e
1e-
1e+
1e-
e10
000.e
++1
1e+
1e+
+
1.2.3
+
1e-
--2
--2
1ee2
++1
1e+
abc
abc
++1
abc
0e
++1
e10
.
.
000.e
1e+
-
--2
1e-
1e
-
e10
+
-
-
e10
--2
e10
1ee2
1ee2
1e+
e10
000.e
1e
--2
e10
+
++1
+
--2
1e+
++1
0e
000.e
1.2.3
+
1e-
1e+
--2
1.2.3
1e-
++1
1.2.3
000.e
0e
e10
e10
.
e10
--2
1e
-
1e
1e
1e
000.e
.
1ee2
--2
--2
+
1.2.3
1.2.3
0e
000.e
.
abc
+
000.e
1e
1ee2
-
1e+
1e
1.2.3
abc
abc
e10
1e-
1e-
++1
000.e
0e
1.2.3
1e-
--2
-
--2
000.e
e10
1.2.3
1e
0e
--2
1e-
1e+
-
e10
1e+
1e+
1e-
1e+
1e
1e
000.e
1e+
.
1e-
1.2.3
1e-
abc
1e
1ee2
++1
abc
abc
++1
1e-
1e
++1
-
.
1.2.3
.
1e
+
.
--2
++1
+
1e+
000.e
e10
1e
1e-
1ee2
.
--2
1e
0e
1e-
1e
e10
1ee2
+
1e-
-
1e+
abc
--2
e10
+
abc
1e+
.
1e-
1e
--2
--2
1e-
1e
1ee2
1e+
+
--2
1.2.3
1e
abc
1ee2
1e+
-
++1
1e+
1.2.3
1ee2
000.e
--2
e10
000.e
0e
++1
1e-
1e+
abc
1ee2
0e
000.e
1.2.3
abc
1e-
.
0e
1e-
-
0e
000.e
abc
+
1e
e10
1.2.3
1e
1e-
e10
abc
1e
.
1e-
1e+
+
1e
1e+
++1
1e-
1e
1.2.3
1.2.3
++1
--2
1.2.3
0e
1e
e10
000.e
--2
-
1e
-
abc
1e+
1.2.3
1.2.3
.
++1
.
++1
1e+
+
1e
1ee2
abc
abc
1ee2
++1
++1
1.2.3
.
-
1e
0e
+
+
abc
abc
1e+
--2
+
++1
1.2.3
.
e10
1e+
abc
--2
1e
1e-
1e+
1e
-
abc
abc
0e
e10
abc
1ee2
-
1e
-
abc
++1
e10
e10
-
abc
abc
+
1.2.3
1e+
.
0e
1e+
-
.
e10
-
+
000.e
.
-
+
e10
e10
1e-
-
.
.
000.e
.
+
1e+
1.2.3
1e-
abc
1e+
1.2.3
1e+
.
e10
1ee2
-
abc
1ee2
1.2.3
e10
-
abc
1e+
+
e10
.
0e
+
-
e10
0e
1e+
e10
e10
-
++1
.
1e+
abc
0e
--2
0e
1e+
abc
.
.
abc
+
000.e
++1
++1
1e
1e-
1.2.3
1e+
1e+
000.e
abc
1ee2
1e
1ee2
e10
-
1.2.3
1.2.3
-
--2
-
-
e10
1e
000.e
abc
++1
1e-
0e
++1
++1
1.2.3
1e+
000.e
1e-
000.e
000.e
1ee2
.
0e
1ee2
-
1e+
e10
-
1ee2
-
1.2.3
.
000.e
--2
e10
1e-
1ee2
-
--2
1e+
1e-
--2
--2
1.2.3
e10
1e
1e+
1e-
++1
000.e
--2
e10
++1
1e
++1
1.2.3
.
0e
1ee2
1.2.3
000.e
+
++1
1e
abc
1e
1e
1.2.3
1e+
++1
-
1.2.3
000.e
e10
abc
1e
e10
-
abc
1ee2
1e-
1ee2
++1
abc
-
1e+
+
1e+
++1
.
1ee2
abc
e10
+
0e
e10
1ee2
e10
-
.
+
1ee2
.
0e
0e
1e
++1
-
-
1.2.3
e10
++1
0e
++1
+
1e-
++1
1ee2
1e+
1ee2
e10
1e-
e10
000.e
abc
e10
abc
--2
0e
+
+
1e
e10
1ee2
e10
0e
000.e
abc
000.e
1e-
1e+
--2
1.2.3
1ee2
+
e10
+
1e+
1ee2
1e+
abc
000.e
.
1e-
1.2.3
--2
abc
000.e
1.2.3
.
abc
1e+
0e
0e
000.e
abc
abc
1e-
0e
1.2.3
abc
--2
1e
1e
abc
1e-
+
1ee2
-
.
1e+
--2
1e-
1e-
0e
0e
+
1.2.3
0e
++1
1ee2
++1
1e+
1e+
e10
0e
--2
1e-
abc
000.e
e10
abc
1ee2
0e
--2
+
1ee2
1ee2
e10
+
.
-
--2
1.2.3
-
-
000.e
1e-
abc
1ee2
1.2.3
1e-
1e+
000.e
++1
1e+
+
-
++1
e10
+
1e-
.
1e+
1e-
1.2.3
--2
1ee2
--2
1e-
1e-
-
1ee2
abc
e10
000.e
++1
++1
000.e
e10
abc
1e+
e10
1e+
1.2.3
000.e
.
--2
++1
e10
1e
.
--2
++1
1.2.3
1e
+
.
abc
++1
--2
.
000.e
.
1e-
000.e
-
++1
1ee2
e10
0e
1e
1.2.3
1e+
.
1e
1e+
++1
-
1e+
abc
-
1e+
1e-
1e+
--2
abc
000.e
0e
1ee2
1e-
-
0e
1.2.3
1e-
1e+
++1
--2
1e-
1e+
1e+
1e
-
1e-
1.2.3
--2
1e+
e10
.
-
1.2.3
.
e10
-
000.e
.
--2
.
--2
000.e
.
.
-
1e+
1e+
++1
1e
-
0e
e10
1.2.3
++1
1ee2
1.2.3
1e+
1ee2
--2
abc
1e-
--2
+
--2
--2
-
-
1ee2
--2
000.e
1ee2
1e
abc
000.e
--2
1ee2
-
1e+
000.e
abc
0e
-
1.2.3
abc
1e-
000.e
000.e
1e+
1e-
.
1ee2
e10
--2
.
.
++1
-
000.e
++1
1.2.3
1e-
1e+
.
0e
1e-
.
1e
1.2.3
1e-
1e
.
abc
1e+
1.2.3
.
1.2.3
.
-
1e
e10
1.2.3
1e-
1e-
abc
+
.
.
1ee2
-
e10
1e
1e+
1e
--2
1ee2
1e-
+
.
.
1ee2
+
+
1ee2
++1
--2
1e+
+
1ee2
--2
+
0e
1e+
+
++1
0e
abc
--2
1.2.3
1e+
++1
abc
+
++1
++1
e10
1e
1ee2
1ee2
1.2.3
--2
1e
1e+
0e
0e
+
1e
1e+
1e
.
-
e10
1e
e10
1ee2
1e
1ee2
e10
1.2.3
000.e
1e-
--2
--2
++1
1.2.3
.
1e+
1e+
++1
1e+
1e-
++1
+
+
1.2.3
+
abc
e10
abc
1e+
abc
1ee2
1ee2
+
1e
-
1e
abc
0e
e10
1e
1.2.3
0e
.
abc
0e
1e+
000.e
1e-
++1
1.2.3
000.e
000.e
1e-
1ee2
1e-
e10
1.2.3
abc
1e
abc
+
+
1e-
+
abc
0e
-
e10
000.e
1.2.3
1ee2
1.2.3
.
0e
1e
0e
000.e
000.e
1.2.3
++1
-
abc
1ee2
1e+
abc
e10
1e-
-
abc
++1
000.e
-
1e+
1e
e10
1e-
000.e
0e
1e
.
++1
1.2.3
1e
1e-
.
--2
+
-
000.e
0e
++1
1e-
-
--2
-
1e-
1e+
abc
1.2.3
.
1e-
1.2.3
--2
e10
+
1e
1e
--2
1e
0e
-
000.e
-
-
000.e
++1
abc
1.2.3
+
1e+
1e+
--2
--2
1e
000.e
000.e
.
1ee2
--2
e10
1.2.3
1.2.3
++1
abc
abc
+
1.2.3
++1
1e
1ee2
.
1.2.3
1e-
1e-
abc
++1
1.2.3
abc
1e
++1
1e-
abc
.
1.2.3
000.e
abc
++1
1e+
e10
.
e10
0e
-
1.2.3
.
1ee2
0e
++1
1e+
++1
abc
1e
++1
+
1e-
--2
1ee2
0e
1.2.3
000.e
0e
1e
0e
-
.
++1
.
e10
000.e
1e
1.2.3
1e-
000.e
1e-
e10
000.e
1.2.3
--2
.
1ee2
++1
e10
000.e
e10
1e
--2
--2
+
000.e
0e
.
abc
1e+
--2
+
++1
000.e
+
.
1e
1e-
1e
1e+
-
1e+
1.2.3
1ee2
1e-
.
abc
1.2.3
000.e
++1
+
abc
1ee2
++1
+
-
0e
000.e
-
+
1e-
1e-
000.e
1e
0e
1e-
1e+
1.2.3
1e
000.e
.
1.2.3
1e
++1
--2
-
1e+
--2
abc
-
abc
--2
1ee2
abc
000.e
++1
1e
-
-
--2
1.2.3
1e
e10
1.2.3
++1
abc
--2
--2
-
1.2.3
-
0e
1.2.3
1e+
abc
1.2.3
1e
0e
e10
1e+
-
1e
abc
e10
-
abc
+
+
1e-
1e
0e
1e
1ee2
0e
0e
1.2.3
.
--2
abc
1ee2
1e
0e
-
--2
--2
0e
-
1e+
000.e
+
0e
1.2.3
1ee2
1e
e10
+
abc
1e
++1
-
abc
+
abc
-
++1
+
1.2.3
0e
+
1ee2
0e
000.e
1.2.3
0e
++1
.
000.e
1e+
.
1e-
.
+
1e-
+
1ee2
+
1e
000.e
1.2.3
000.e
1.2.3
++1
1e
++1
--2
1.2.3
-
1e+
1e
1e
-
++1
++1
+
1.2.3
-
1e-
abc
-
000.e
0e
.
0e
000.e
1ee2
000.e
1.2.3
abc
++1
1.2.3
abc
abc
0e
e10
1.2.3
1ee2
--2
0e
--2
1ee2
1e+
1e-
--2
+
1e+
-
1e-
1.2.3
abc
1.2.3
0e
+
1e
.
++1
+
0e
e10
+
++1
1.2.3
e10
1e
.
++1
+
000.e
0e
1.2.3
--2
-
1e
1e
+
--2
.
1.2.3
1e-
1e-
--2
+
--2
0e
1e-
1ee2
++1
+
++1
+
.
-
1e-
abc
1e+
1ee2
--2
000.e
1e-
.
000.e
1.2.3
++1
-
000.e
.
+
+
1ee2
1.2.3
0e
++1
1e+
e10
e10
1.2.3
1.2.3
1e-
+
e10
1e+
-
+
1ee2
0e
e10
--2
000.e
1e-
1e
1e+
1e+
++1
e10
-
000.e
-
0e
.
1e-
000.e
.
1e-
1ee2
0e
abc
1e+
1.2.3
abc
-
000.e
1.2.3
1ee2
+
1e-
e10
+
1.2.3
.
e10
++1
abc
e10
e10
+
abc
++1
1.2.3
1.2.3
1e
++1
1e-
-
1e+
1e+
1ee2
abc
000.e
1e
.
000.e
e10
e10
1e
+
1e
e10
1e+
e10
.
.
1ee2
1.2.3
e10
1e-
1e
++1
-
1.2.3
000.e
1e-
+
1e+
000.e
--2
e10
000.e
1ee2
000.e
e10
1e+
1e-
1e
+
1e+
e10
1.2.3
000.e
++1
1e
000.e
++1
1.2.3
-
--2
e10
000.e
++1
000.e
1e-
0e
.
000.e
-
1e-
1e-
1.2.3
.
.
1.2.3
+
--2
1ee2
-
-
1e
++1
--2
1e-
.
+
0e
1.2.3
1e+
abc
e10
1.2.3
--2
1e-
1ee2
1e
1e-
+
-
abc
1e-
abc
1.2.3
1e
e10
--2
1ee2
abc
1e
1e
1e-
1.2.3
abc
+
0e
1.2.3
1e
++1
e10
--2
.
000.e
000.e
000.e
1e
0e
1.2.3
+
1e-
+
0e
1e-
abc
0e
++1
000.e
e10
1ee2
1ee2
.
1ee2
1ee2
1e
1e+
1e+
1.2.3
1.2.3
1e-
1e-
1e-
--2
1.2.3
++1
1e
e10
000.e
1.2.3
1.2.3
e10
abc
abc
0e
1ee2
abc
++1
1.2.3
1e-
+
++1
+
1e+
1e-
abc
0e
.
e10
1e
1ee2
e10
abc
0e
000.e
1ee2
.
++1
e10
1e-
+
--2
-
e10
1e+
-
-
1e
++1
000.e
0e
0e
1.2.3
-
000.e
abc
1e
0e
1ee2
++1
abc
+
+
--2
abc
1e
+
0e
e10
--2
1e+
1.2.3
--2
1ee2
--2
e10
1e+
-
.
0e
1.2.3
1e-
0e
1e-
++1
000.e
.
abc
e10
000.e
1e+
1e+
000.e
++1
+
.
.
--2
1e+
+
1ee2
+
++1
abc
abc
1.2.3
e10
.
-
e10
000.e
abc
e10
1e
abc
+
e10
000.e
.
.
.
1e
0e
++1
.
.
.
+
0e
1e+
0e
000.e
--2
abc
e10
1e+
+
.
1ee2
e10
--2
++1
1e-
++1
1e+
000.e
000.e
000.e
0e
abc
0e
--2
1.2.3
abc
--2
1e+
1e
-
+
--2
-
1.2.3
.
000.e
000.e
-
1e-
000.e
++1
000.e
1e-
++1
1ee2
.
e10
--2
1.2.3
++1
+
1e
--2
abc
1e-
+
1e+
0e
abc
000.e
1ee2
--2
1e-
0e
.
1e-
000.e
e10
++1
.
000.e
.
1e
++1
1e-
+
000.e
.
abc
--2
abc
0e
000.e
abc
--2
1e-
.
.
000.e
e10
e10
1.2.3
1e-
0e
1e+
abc
000.e
1.2.3
1e-
-
0e
1.2.3
+
1e+
1e
e10
1e-
1ee2
--2
1ee2
e10
1e
1.2.3
0e
0e
--2
e10
000.e
--2
000.e
.
1e
++1
1.2.3
1e-
0e
.
abc
1ee2
0e
1e-
1.2.3
++1
0e
000.e
1.2.3
-
1e+
-
1.2.3
1e+
abc
--2
1e+
1.2.3
000.e
--2
+
000.e
1ee2
e10
+
1e+
-
--2
.
0e
.
--2
abc
++1
e10
1e
1e
1e
1e+
--2
0e
abc
000.e
1.2.3
000.e
1.2.3
+
--2
1ee2
+
0e
1ee2
+
e10
1e
.
1ee2
++1
+
1.2.3
1ee2
0e
1e-
1.2.3
1e+
1e-
e10
-
1e+
+
1e-
000.e
0e
+
--2
e10
1e-
e10
000.e
+
abc
abc
1e-
000.e
--2
++1
1.2.3
0e
1e-
1e
.
1ee2
.
--2
1ee2
--2
1ee2
abc
1.2.3
+
+
1e+
1e+
1e+
1e
000.e
1ee2
1ee2
abc
1e-
e10
000.e
1e-
--2
+
1e
e10
-
1ee2
1e
--2
abc
1e
.
--2
1ee2
-
abc
abc
e10
.
.
e10
e10
.
.
-
1.2.3
1.2.3
1e-
0e
0e
-
++1
1e+
-
1e-
0e
1.2.3
000.e
0e
1ee2
-
1e-
1e+
++1
0e
abc
1ee2
1.2.3
1e+
1e
0e
e10
+
-
++1
--2
000.e
0e
+
1e
1ee2
000.e
1ee2
.
-
abc
000.e
1e
e10
-
abc
000.e
++1
+
abc
1ee2
1e-
1e+
1e+
e10
1.2.3
0e
1.2.3
0e
0e
1.2.3
e10
0e
e10
1ee2
+
abc
abc
.
1.2.3
1ee2
0e
-
e10
1.2.3
e10
e10
000.e
0e
1e
1.2.3
++1
-
--2
+
++1
1ee2
++1
0e
abc
--2
000.e
--2
.
1e
1ee2
1.2.3
+
e10
0e
+
1e+
++1
1e-
0e
0e
1.2.3
abc
1ee2
1e
1e
e10
1e
1e-
e10
1e
e10
e10
abc
e10
+
0e
1e+
e10
0e
.
--2
.
.
--2
1e
--2
e10
+
1e
0e
e10
1ee2
++1
--2
--2
--2
++1
-
1.2.3
0e
1e-
+
+
1e
1.2.3
++1
abc
1e+
1e-
++1
000.e
0e
.
.
-
0e
-
++1
1e
++1
+
-
e10
.
+
1.2.3
.
1.2.3
++1
--2
1e
0e
.
1e-
1e-
1e+
0e
e10
1.2.3
1ee2
1ee2
1e+
-
1.2.3
1e+
1ee2
000.e
e10
1ee2
e10
1e+
++1
-
1e+
0e
1e-
--2
++1
1e
+
1e
1e-
.
0e
abc
1.2.3
++1
0e
.
e10
-
1e+
-
1.2.3
1ee2
0e
e10
++1
1e
e10
000.e
+
1e-
--2
.
1ee2
++1
abc
0e
000.e
1e
+
+
.
0e
abc
--2
--2
.
1ee2
abc
+
1.2.3
1e+
1e
.
0e
-
+
e10
1e
1e+
1ee2
1e+
0e
--2
1e-
1e+
--2
1.2.3
0e
0e
e10
0e
+
+
+
1e
abc
1e-
+
+
1.2.3
+
000.e
1.2.3
+
--2
1e
-
.
1e-
.
1ee2
.
1.2.3
1e-
abc
1ee2
1e+
1.2.3
abc
1ee2
0e
--2
-
000.e
1e
1e+
1ee2
1e
000.e
+
1.2.3
000.e
-
1e
1e+
--2
0e
1e-
.
1e-
000.e
000.e
1ee2
abc
000.e
abc
1e
000.e
.
++1
1.2.3
1e+
1ee2
1ee2
0e
1e-
1e-
e10
--2
1.2.3
+
1e
++1
1ee2
1e-
1e+
1ee2
1e
--2
1ee2
1e+
-
-
0e
0e
e10
e10
000.e
++1
.
-
abc
1ee2
++1
1e-
++1
--2
e10
1e-
+
1e
1ee2
e10
1ee2
+
.
1ee2
1e+
1e-
0e
.
1.2.3
1.2.3
abc
000.e
e10
e10
-
0e
.
.
--2
.
+
+
++1
abc
1e-
1.2.3
.
1e
--2
000.e
abc
e10
1e-
1e+
.
-
e10
1ee2
++1
1.2.3
1.2.3
000.e
--2
1e
1ee2
1e
.
++1
1e+
1e-
-
.
e10
abc
1ee2
1e+
1ee2
000.e
000.e
1e-
e10
e10
.
1ee2
1e-
000.e
1e
-
1ee2
1.2.3
abc
-
1e
1ee2
1e
1ee2
1e
.
++1
000.e
e10
1ee2
0e
abc
1ee2
1e-
++1
1e+
++1
-
+
--2
++1
e10
abc
--2
+
++1
1e-
++1
e10
+
+
1.2.3
1ee2
e10
.
abc
1e
1e
1ee2
0e
+
1e
1e+
abc
1ee2
1e
.
++1
0e
++1
abc
-
1ee2
e10
e10
1e-
abc
000.e
.
1e
1e-
1.2.3
000.e
.
1.2.3
0e
e10
-
++1
+
e10
abc
1e-
1.2.3
+
.
e10
1e
000.e
++1
1e-
-
+
1e
++1
-
1e+
+
+
1e
e10
1.2.3
1.2.3
1ee2
++1
1e
000.e
1e-
1e
abc
0e
1ee2
000.e
e10
.
-
1e-
abc
1e
1e+
+
abc
1e-
++1
1e-
++1
+
.
.
1.2.3
000.e
++1
abc
++1
1e+
1e+
1e
1e
.
++1
000.e
.
--2
1e+
++1
abc
--2
1.2.3
+
1ee2
1.2.3
.
++1
1e
e10
+
--2
1e
.
000.e
000.e
abc
1e-
++1
--2
1ee2
1e+
1e-
--2
1e
1e-
1ee2
+
++1
1.2.3
.
+
0e
-
1ee2
.
abc
--2
1e-
--2
+
++1
abc
+
1ee2
.
0e
000.e
++1
1e
1e
-
--2
1ee2
1e-
1e+
1e
-
e10
1e+
+
-
+
1ee2
+
-
000.e
-
1.2.3
-
1.2.3
.
1e-
-
1e-
e10
--2
.
.
abc
-
1e
1e+
1e-
+
1ee2
1e
--2
1e
1e+
+
--2
-
1ee2
.
--2
1.2.3
++1
1.2.3
1e
+
1e+
--2
++1
0e
1e
e10
abc
abc
1ee2
000.e
1e+
+
++1
.
1e+
++1
+
--2
1ee2
.
abc
++1
0e
abc
1e+
-
+
-
1e
000.e
1e+
abc
1e+
-
e10
-
abc
--2
-
1.2.3
000.e
1ee2
1ee2
.
1e-
--2
e10
+
++1
e10
0e
abc
1e
++1
000.e
abc
-
+
+
--2
++1
--2
0e
++1
--2
+
1e+
+
e10
1ee2
++1
1.2.3
+
1e+
-
1e
1ee2
abc
1ee2
1e
1ee2
1ee2
1e
000.e
1e-
++1
1e-
abc
e10
.
1e-
++1
1e
1e-
abc
abc
--2
000.e
1e-
1ee2
.
000.e
.
.
--2
+
abc
-
1e
1e
e10
+
--2
--2
1e
1e+
-
0e
1e
.
1e-
1e
1ee2
--2
++1
000.e
abc
+
1e-
e10
1ee2
1.2.3
++1
e10
abc
e10
.
1e-
1ee2
--2
++1
.
0e
1e
++1
++1
-
0e
e10
+
abc
++1
0e
1e
.
1.2.3
--2
abc
.
--2
1e+
--2
++1
-
0e
-
0e
1e
e10
0e
000.e
1e
++1
0e
000.e
1.2.3
-
-
e10
.
1.2.3
1e-
-
+
.
.
1.2.3
e10
1e+
1e
+
.
1e+
1ee2
+
--2
e10
.
--2
1ee2
1e
abc
000.e
000.e
000.e
0e
000.e
-
+
e10
--2
1e-
0e
-
1ee2
.
+
1e+
.
1ee2
--2
+
1e-
1e+
0e
1e+
-
1e-
abc
--2
-
.
++1
+
-
-
--2
-
.
1e+
++1
1e+
1ee2
0e
++1
e10
++1
-
++1
abc
1.2.3
000.e
.
1e-
++1
1.2.3
1e+
e10
++1
1.2.3
1e-
1e-
1.2.3
1e
.
+
000.e
abc
1e
1e+
000.e
000.e
1e+
abc
1e
1.2.3
1e-
abc
1.2.3
000.e
abc
1e+
1e+
e10
0e
+
-
1.2.3
--2
.
--2
++1
-
1e+
++1
1ee2
+
-
1.2.3
1.2.3
abc
000.e
+
0e
1e-
1e+
1.2.3
1.2.3
1.2.3
1.2.3
0e
e10
1.2.3
++1
1ee2
-
abc
1ee2
000.e
.
-
0e
000.e
+
1ee2
-
e10
abc
e10
abc
1e+
1ee2
1ee2
.
000.e
--2
1ee2
+
000.e
-
1e-
++1
1e
1ee2
+
+
+
abc
1e+
+
1e-
-
000.e
+
--2
1e+
1e
++1
+
1.2.3
.
1e+
1.2.3
1ee2
1e+
+
1e-
+
abc
1e-
++1
--2
.
e10
-
1.2.3
1.2.3
1ee2
+
.
000.e
-
++1
1e-
++1
++1
000.e
0e
-
abc
1e-
0e
1.2.3
1e-
0e
1e+
-
1.2.3
+
1e
+
++1
1ee2
.
--2
-
abc
abc
abc
e10
1e+
000.e
000.e
e10
abc
0e
.
0e
e10
1ee2
1e
-
1e
1ee2
1e-
--2
.
1e
1e
e10
--2
1e-
abc
abc
000.e
1e-
1.2.3
+
e10
0e
1ee2
--2
++1
0e
0e
0e
1ee2
abc
000.e
abc
0e
1.2.3
000.e
1e-
1e
1ee2
1.2.3
0e
--2
1e+
++1
.
1e
abc
+
e10
++1
1e-
++1
000.e
+
abc
0e
e10
e10
1e
.
+
--2
++1
-
++1
--2
.
++1
+
000.e
+
--2
000.e
-
-
1ee2
++1
1ee2
e10
000.e
e10
000.e
--2
1ee2
1ee2
1e
--2
1e+
000.e
1e+
1.2.3
1e+
-
1e-
1ee2
-
1.2.3
e10
0e
++1
++1
0e
1e-
000.e
e10
.
++1
+
1e
e10
+
1e-
e10
1ee2
.
+
.
1.2.3
e10
e10
0e
1e
e10
-
e10
e10
-
--2
+
1.2.3
-
1.2.3
++1
--2
1ee2
1ee2
++1
1.2.3
++1
000.e
0e
abc
--2
1e+
1e
1e+
1e
++1
1e+
++1
--2
1ee2
abc
0e
abc
1.2.3
1e-
e10
-
1ee2
1e-
1.2.3
000.e
1e
-
.
1.2.3
-
1ee2
000.e
++1
+
1.2.3
e10
0e
e10
+
1ee2
+
++1
1.2.3
0e
e10
1e-
000.e
000.e
-
1e+
1e+
1e-
1.2.3
1ee2
-
++1
1ee2
0e
-
--2
--2
abc
+
+
0e
1ee2
+
+
e10
++1
+
0e
--2
++1
+
0e
.
1e+
1.2.3
-
--2
1e-
.
+
0e
e10
1e
++1
1e
1e
e10
e10
000.e
000.e
.
1ee2
+
++1
1.2.3
1.2.3
1e-
0e
1e-
1.2.3
abc
1e-
-
e10
e10
1e+
+
0e
1e-
000.e
e10
1e
000.e
e10
abc
000.e
0e
-
++1
1e+
++1
1.2.3
.
0e
1.2.3
1e-
-
.
.
--2
1.2.3
0e
0e
1.2.3
-
-
1e+
1.2.3
++1
0e
0e
abc
000.e
1e
1e-
e10
1e-
1e
abc
-
abc
0e
e10
e10
1e+
abc
++1
--2
1.2.3
1.2.3
+
1ee2
-
0e
++1
.
-
1e+
0e
1e
1e-
++1
.
e10
e10
.
e10
--2
abc
000.e
--2
0e
0e
+
e10
.
000.e
1e+
1e+
1.2.3
1e
.
.
0e
++1
-
000.e
1ee2
++1
1ee2
++1
--2
+
1e
000.e
.
.
1.2.3
.
1e+
1ee2
-
-
1ee2
++1
abc
e10
1e-
e10
-
--2
e10
1e+
1e+
1ee2
1e+
1e
.
-
.
+
1e-
0e
abc
1ee2
++1
1ee2
000.e
1ee2
1e
1ee2
1ee2
--2
+
.
++1
000.e
1e
0e
e10
1e-
1e
1.2.3
abc
0e
++1
++1
++1
-
1ee2
1e-
--2
.
1ee2
1e-
abc
000.e
0e
-
1ee2
--2
+
abc
e10
e10
1e-
--2
1ee2
+
-
0e
-
1e
.
1.2.3
-
.
+
000.e
1e+
e10
-
1e+
0e
.
000.e
abc
abc
-
000.e
+
++1
-
.
0e
1ee2
1e+
1.2.3
abc
-
1e-
--2
1e+
1e
1e+
abc
e10
0e
1e-
+
-
+
+
000.e
+
1ee2
1e
e10
.
000.e
1.2.3
abc
1.2.3
1e-
-
000.e
-
1e
0e
++1
1e+
1.2.3
1.2.3
--2
--2
1e
++1
1ee2
1e-
000.e
+
0e
-
0e
++1
000.e
--2
1e-
--2
1e-
.
.
e10
+
0e
.
0e
e10
1e
-
1e
-
.
1e
1e
000.e
abc
+
.
0e
1e-
++1
-
+
.
+
1e
1e+
++1
++1
--2
abc
--2
abc
e10
--2
abc
e10
abc
.
abc
+
.
1e-
1e
1.2.3
abc
-
++1
000.e
1.2.3
1ee2
1e+
-
000.e
-
1e
+
.
1e+
abc
+
.
0e
000.e
e10
abc
1ee2
++1
+
1.2.3
.
abc
1.2.3
1e
1e+
--2
000.e
1e
--2
--2
1e-
000.e
1e
.
-
1ee2
--2
e10
e10
1e
abc
.
1ee2
1.2.3
++1
0e
e10
000.e
++1
0e
+
-
1e
1ee2
--2
.
++1
--2
++1
abc
-
1ee2
0e
++1
.
++1
.
-
--2
--2
e10
++1
1.2.3
1e+
000.e
-
1e-
abc
1ee2
1e+
1.2.3
-
-
--2
abc
--2
e10
++1
1e
-
+
1e+
0e
++1
0e
1.2.3
.
1e-
-
1e+
abc
000.e
1e+
1.2.3
1ee2
1e
-
abc
1.2.3
0e
e10
++1
1ee2
abc
++1
abc
000.e
--2
000.e
+
e10
+
0e
1e
1ee2
++1
1.2.3
++1
e10
1e-
abc
e10
e10
.
000.e
000.e
1e
+
++1
+
+
1e+
1.2.3
0e
+
1e-
.
--2
e10
0e
-
1e-
1e+
+
1.2.3
-
--2
abc
.
1e
+
1.2.3
1ee2
e10
0e
1.2.3
000.e
--2
1e
++1
1e
+
++1
1ee2
1ee2
1e+
-
0e
+
1e
+
+
+
0e
1e-
1.2.3
1e-
.
+
--2
++1
.
1e
0e
000.e
1e-
++1
000.e
-
.
.
1e-
-
1e+
1.2.3
-
1ee2
0e
abc
0e
++1
1e+
--2
e10
e10
++1
1.2.3
++1
1e+
abc
e10
0e
1ee2
-
000.e
1e
+
+
000.e
0e
1ee2
1e
.
1e
1e+
1e-
-
1e
1e
-
.
1ee2
-
0e
--2
--2
1ee2
1.2.3
0e
1e+
.
--2
000.e
abc
.
1e+
0e
+
000.e
1.2.3
-
1e-
1e-
-
1e-
--2
1e-
abc
abc
-
-
.
1e
abc
0e
abc
+
+
e10
1.2.3
--2
1.2.3
abc
000.e
e10
1e
+
1ee2
-
e10
--2
++1
+
+
1e-
++1
1ee2
-
+
1ee2
1e-
0e
-
abc
1ee2
e10
++1
1e
1e+
1e-
1e
-
1.2.3
1e+
+
+
--2
--2
1.2.3
--2
++1
1e+
1.2.3
1ee2
e10
++1
-
++1
--2
e10
0e
++1
1ee2
e10
1ee2
e10
0e
1ee2
+
000.e
1.2.3
--2
+
1e-
000.e
++1
-
1e+
1e-
--2
1e
1e
1ee2
e10
1e
+
000.e
0e
abc
++1
abc
1e-
-
+
-
1e-
++1
-
1e
+
1.2.3
1e
1ee2
1ee2
1.2.3
e10
abc
000.e
0e
000.e
1e
1ee2
++1
++1
-
1ee2
000.e
000.e
000.e
1e
-
1.2.3
0e
1ee2
--2
++1
1e
-
1e-
--2
1e-
1e
1e
1ee2
000.e
0e
1.2.3
-
abc
+
++1
1ee2
0e
1e
.
++1
--2
000.e
--2
1ee2
e10
1e+
.
-
1.2.3
1.2.3
1.2.3
1e-
++1
-
++1
1e
1.2.3
1e+
-
0e
.
e10
++1
1e+
1ee2
.
1e
+
abc
1e-
abc
++1
++1
1e
abc
1e
++1
abc
000.e
++1
0e
--2
+
1ee2
abc
abc
--2
-
abc
1e+
+
1.2.3
1e
1.2.3
abc
1ee2
1e+
-
e10
000.e
-
++1
1e
+
abc
++1
1ee2
-
+
-
1e+
1e-
.
--2
++1
1ee2
+
e10
0e
.
1ee2
0e
+
1ee2
1e
1e
1e+
abc
1e+
1ee2
1e
abc
1e+
1ee2
+
.
+
+
1e+
-
1ee2
e10
++1
1ee2
1.2.3
.
--2
1ee2
0e
0e
--2
1e
+
1e+
000.e
-
+
1e
1ee2
1ee2
000.e
-
1ee2
e10
abc
1ee2
1e+
--2
+
abc
1e
+
abc
0e
++1
abc
+
-
1.2.3
1e
1e
-
1ee2
000.e
000.e
++1
1e+
1e
1e+
1.2.3
1e-
e10
+
1e-
.
1e+
000.e
e10
abc
1e+
.
--2
++1
-
0e
+
1.2.3
1e
-
1e+
--2
.
-
--2
++1
+
--2
e10
abc
.
1e+
1e
1e+
+
++1
1e+
1ee2
--2
1.2.3
0e
.
+
1e
1e+
000.e
1e-
000.e
1ee2
.
.
1e
1e-
1.2.3
++1
1e-
0e
1ee2
-
-
0e
1.2.3
1e+
++1
--2
++1
1e
1.2.3
--2
abc
0e
--2
.
1e+
1.2.3
abc
1e+
abc
1e-
1e-
e10
0e
1e-
e10
1e
1.2.3
000.e
000.e
000.e
1e-
e10
--2
e10
e10
abc
000.e
-
000.e
1e
1.2.3
1.2.3
1.2.3
--2
--2
0e
1e-
+
1.2.3
1e-
000.e
++1
+
0e
abc
1e
+
--2
1ee2
1ee2
+
1e-
1e
-
abc
1e-
.
1ee2
+
1e-
1e
--2
000.e
--2
1e-
0e
++1
--2
abc
0e
1e
1.2.3
++1
.
--2
abc
+
1ee2
--2
1e
++1
1ee2
.
000.e
++1
000.e
-
1.2.3
1.2.3
1e-
-
0e
e10
1ee2
abc
-
1e
++1
1e
1e
1ee2
e10
e10
.
++1
.
0e
1ee2
-
-
1.2.3
000.e
000.e
--2
-
++1
0e
0e
1e+
000.e
1e
e10
--2
e10
1e-
.
abc
1e+
+
1e
abc
1e+
1ee2
0e
.
--2
-
000.e
++1
1.2.3
000.e
1e-
-
1e+
1e+
+
++1
.
1e-
-
e10
1.2.3
.
1e
.
++1
abc
1ee2
000.e
000.e
-
.
.
0e
abc
1ee2
-
--2
1e+
--2
1.2.3
-
+
1e+
1e+
0e
.
abc
1ee2
0e
1e+
1ee2
e10
abc
--2
+
abc
--2
++1
+
1e
1e
1e-
abc
1ee2
++1
++1
0e
1e+
0e
0e
0e
e10
abc
1.2.3
-
1e-
1e
1e-
1e
1ee2
.
1ee2
e10
1ee2
1e+
++1
++1
1e
1.2.3
000.e
1e-
e10
1e+
000.e
++1
0e
-
++1
+
--2
abc
000.e
1e
-
e10
.
1e+
e10
1.2.3
+
0e
--2
1e+
1.2.3
-
-
1.2.3
e10
abc
1.2.3
1e
1.2.3
-
0e
1e-
abc
0e
--2
++1
--2
e10
abc
e10
1e-
--2
++1
-
1ee2
0e
1.2.3
++1
+
+
+
+
0e
1.2.3
++1
++1
-
1.2.3
000.e
-
1e
0e
0e
--2
000.e
1e+
1e
1ee2
+
1.2.3
1e+
.
.
1ee2
1e-
++1
abc
000.e
--2
.
1ee2
++1
1.2.3
.
++1
1e
abc
+
+
000.e
0e
+
++1
1e
++1
1e
1e+
000.e
--2
1ee2
--2
1e
+
--2
+
1e
1ee2
+
e10
0e
--2
abc
++1
000.e
1ee2
++1
000.e
++1
1e
.
1.2.3
--2
-
1ee2
0e
1.2.3
0e
e10
+
++1
e10
e10
+
1e-
1e+
.
-
++1
0e
0e
1.2.3
-
e10
--2
abc
++1
e10
1.2.3
abc
abc
1.2.3
0e
1ee2
+
++1
.
e10
abc
-
-
0e
e10
1e
1e+
1.2.3
1e+
++1
000.e
1e+
1.2.3
--2
1ee2
.
e10
1ee2
abc
1.2.3
++1
1.2.3
1e+
0e
1e
.
1ee2
1e+
++1
--2
1e-
1e
.
1e
++1
++1
.
0e
e10
000.e
1e+
+
1e+
+
--2
--2
1e+
1e-
.
000.e
000.e
++1
-
000.e
1.2.3
1e
1e
1.2.3
1.2.3
1e+
0e
1e+
--2
++1
e10
1e+
e10
--2
abc
0e
1.2.3
000.e
000.e
1e-
e10
.
abc
000.e
1e
1.2.3
--2
1e-
-
-
--2
++1
0e
1ee2
000.e
-
1e-
abc
1ee2
e10
1.2.3
e10
.
.
e10
.
e10
.
1e-
-
++1
000.e
-
abc
0e
0e
1ee2
+
1e-
1.2.3
abc
1.2.3
-
1ee2
1.2.3
1.2.3
1ee2
--2
1.2.3
0e
1ee2
1e
++1
000.e
e10
+
1ee2
1ee2
1e-
1e
.
0e
.
000.e
1.2.3
000.e
.
-
1e+
1e
-
1e+
abc
1e-
1e
1e
1e+
--2
abc
1.2.3
1e
.
1ee2
abc
0e
abc
000.e
1e
-
1ee2
1ee2
-
-
1.2.3
0e
e10
1e
e10
+
0e
000.e
e10
1ee2
1ee2
1.2.3
--2
abc
++1
1e
1e-
--2
--2
0e
.
1.2.3
1e+
abc
++1
abc
--2
e10
abc
.
abc
1ee2
1e-
--2
e10
abc
1e+
+
1e-
.
000.e
000.e
--2
+
e10
abc
--2
abc
-
000.e
1.2.3
--2
.
1e-
++1
1.2.3
1e+
--2
+
1e
1.2.3
000.e
1e-
000.e
1e-
1e-
1e-
e10
000.e
+
1ee2
e10
-
abc
-
++1
++1
1ee2
e10
.
1e+
0e
1e+
abc
1e+
1ee2
1ee2
-
000.e
abc
0e
000.e
.
1e+
.
000.e
+
++1
1.2.3
1e+
1ee2
0e
1e
000.e
1e-
++1
1e-
1e-
--2
1e-
1e-
1e
e10
+
1.2.3
--2
+
1e
.
--2
e10
1ee2
1e
e10
1e-
1.2.3
--2
abc
1e
1ee2
1e-
-
-
1ee2
+
e10
+
1e
e10
1.2.3
1e
+
++1
000.e
-
1ee2
000.e
1.2.3
1e+
.
++1
1ee2
1.2.3
e10
1.2.3
--2
++1
abc
1ee2
0e
1.2.3
++1
1e
-
0e
++1
1e-
+
1e+
--2
000.e
000.e
-
+
+
--2
-
.
+
.
--2
1e-
0e
+
1e+
e10
0e
abc
1e+
1.2.3
.
1e+
1ee2
1e+
1e
1e-
++1
1.2.3
1e-
++1
.
000.e
0e
1e+
1.2.3
-
1e+
abc
--2
e10
1e-
0e
0e
-
1.2.3
--2
++1
abc
e10
abc
1e-
++1
1e
--2
000.e
1.2.3
000.e
1ee2
e10
e10
+
e10
1e-
-
1e
abc
0e
1e
0e
1e-
+
1ee2
0e
+
1e
++1
.
++1
000.e
000.e
e10
1.2.3
1ee2
000.e
1e-
++1
0e
1ee2
-
1e-
--2
1e
1.2.3
1e-
1.2.3
1e-
++1
1.2.3
+
000.e
1e+
.
.
1.2.3
1.2.3
abc
000.e
e10
--2
+
1e+
+
1.2.3
-
1ee2
1ee2
-
1.2.3
+
-
1e
--2
+
-
e10
+
1e+
1ee2
.
-
e10
-
+
1e-
000.e
-
++1
0e
1e
++1
000.e
0e
e10
0e
--2
-
1e-
e10
++1
1ee2
1e
+
1e-
e10
--2
1e+
.
e10
--2
--2
000.e
-
1.2.3
++1
1e-
++1
1e+
0e
1e
0e
1e+
-
.
--2
+
.
1e
abc
1e+
1e+
1e-
.
++1
--2
++1
1e
abc
000.e
1e+
0e
1ee2
-
000.e
0e
1ee2
0e
++1
000.e
000.e
.
1e
1ee2
1e
000.e
1ee2
000.e
e10
-
abc
e10
abc
.
000.e
abc
--2
++1
000.e
1.2.3
+
1e-
0e
+
-
--2
--2
abc
0e
-
1ee2
-
1ee2
abc
+
1e-
abc
1e
1e+
1e+
abc
000.e
1ee2
.
1e-
+
000.e
1e
-
1.2.3
++1
+
1.2.3
0e
+
abc
0e
++1
++1
000.e
+
+
1ee2
+
-
e10
1e+
.
e10
000.e
0e
1ee2
1ee2
--2
1e+
1e
+
1.2.3
+
1ee2
000.e
1e
1.2.3
1.2.3
.
-
1e+
1e-
-
1ee2
000.e
1.2.3
1ee2
-
1ee2
1ee2
++1
1e
000.e
++1
1e
1ee2
+
1e+
1.2.3
1e+
000.e
+
1e-
000.e
++1
1e
e10
1.2.3
--2
abc
++1
0e
1e
--2
.
.
1.2.3
1ee2
1.2.3
++1
--2
1ee2
000.e
0e
-
abc
1e-
--2
1ee2
++1
e10
--2
0e
.
1e-
.
1e-
0e
000.e
-
e10
.
+
1e+
1ee2
+
1.2.3
1e-
.
++1
.
1e-
+
e10
++1
--2
1e+
1e-
1ee2
e10
--2
1e-
.
1.2.3
1e+
--2
++1
1e-
1ee2
1e+
1ee2
abc
e10
000.e
1ee2
e10
--2
1.2.3
abc
0e
-
1.2.3
000.e
-
1e
0e
1.2.3
-
0e
-
-
000.e
e10
1ee2
-
+
-
1e-
--2
1ee2
1.2.3
1.2.3
+
000.e
1e
--2
e10
--2
000.e
1e+
-
--2
.
000.e
1e-
abc
abc
.
1ee2
1e-
1.2.3
1.2.3
1.2.3
e10
0e
0e
1e-
.
0e
1.2.3
+
abc
++1
abc
++1
000.e
1e-
e10
++1
e10
++1
000.e
+
.
1e
abc
+
+
abc
1.2.3
--2
-
.
1ee2
+
e10
abc
-
1e
e10
1.2.3
e10
-
+
1e+
e10
-
-
1e-
000.e
0e
1ee2
e10
--2
1.2.3
-
1e-
+
0e
--2
1.2.3
000.e
1.2.3
0e
1.2.3
--2
000.e
-
1e
0e
1ee2
1ee2
.
.
1e-
1e
.
1.2.3
1.2.3
--2
0e
1e-
1e-
+
-
+
--2
0e
0e
1e
abc
1e-
0e
abc
1e-
0e
-
1.2.3
e10
--2
++1
0e
-
1.2.3
1e
+
1e
1e-
-
1.2.3
1.2.3
1e-
.
-
1e-
0e
--2
1e+
1e-
000.e
--2
000.e
e10
1e-
1e+
+
e10
--2
.
1e+
1ee2
1e+
-
1e+
e10
0e
1e
abc
--2
--2
--2
e10
--2
1ee2
1e-
1e+
1e-
--2
e10
+
000.e
1e+
1e+
abc
000.e
+
abc
0e
0e
.
e10
-
.
000.e
--2
abc
1e+
1e+
0e
1.2.3
abc
e10
1e-
abc
++1
e10
.
-
+
e10
abc
abc
e10
--2
1.2.3
abc
1ee2
++1
abc
1e-
abc
.
1e-
e10
abc
--2
.
1.2.3
abc
+
++1
abc
1e
+
0e
abc
1.2.3
1ee2
0e
1e-
e10
--2
1e-
+
++1
1e
--2
1ee2
1e
1e-
e10
-
-
++1
000.e
000.e
1e
+
1ee2
1e-
abc
++1
e10
abc
e10
-
1.2.3
1e-
0e
e10
.
++1
++1
0e
++1
.
1e
0e
1e+
.
e10
1e-
1e+
0e
++1
1e
1ee2
-
.
abc
1.2.3
000.e
1.2.3
1.2.3
0e
-
-
1e
-
-
1ee2
1e+
000.e
0e
-
--2
++1
+
++1
+
1e
0e
++1
000.e
000.e
1e-
e10
1ee2
e10
.
1.2.3
--2
1.2.3
1e
0e
1e-
e10
--2
0e
abc
1ee2
1e-
--2
1e-
1e+
1e
1e+
1e-
1e+
000.e
abc
++1
1e
000.e
000.e
000.e
1ee2
0e
+
-
1e-
-
1e+
+
1e-
--2
e10
1e+
0e
1e-
1e+
1e-
000.e
+
.
++1
+
000.e
++1
1e+
000.e
e10
0e
1e-
000.e
-
1e
000.e
--2
.
1e
000.e
1ee2
1.2.3
+
--2
000.e
-
abc
-
e10
1e+
++1
1ee2
1e
+
.
+
1e
1e-
+
1e
1e+
1ee2
000.e
.
1ee2
000.e
++1
1e+
1e+
abc
-
1e
0e
+
abc
e10
-
.
-
0e
1e+
+
e10
000.e
abc
.
+
1ee2
1ee2
.
1e+
-
-
-
1ee2
.
++1
--2
+
1e
1ee2
++1
-
1ee2
+
1e
.
.
1e-
0e
+
0e
0e
++1
e10
++1
1e-
1e
1.2.3
0e
+
0e
++1
.
.
000.e
1e
1e
1e
e10
1ee2
000.e
000.e
1e+
000.e
++1
--2
1e
.
abc
+
-
000.e
.
e10
--2
+
--2
.
1.2.3
-
000.e
1e+
1e-
++1
000.e
++1
e10
1ee2
000.e
++1
++1
.
000.e
.
1.2.3
000.e
1.2.3
0e
-
.
.
+
1ee2
abc
.
1e
++1
1e-
abc
1.2.3
abc
1e+
e10
-
abc
-
abc
1e
+
1ee2
1e-
0e
-
.
-
1e-
-
.
1ee2
++1
+
--2
1e-
abc
1e-
abc
+
1e-
1e-
++1
abc
-
e10
1e
000.e
1ee2
1e-
-
1e+
abc
++1
1e+
++1
000.e
++1
abc
1.2.3
+
1e-
+
.
++1
1ee2
1e+
000.e
+
0e
++1
1e
+
-
1e+
1ee2
.
1e
1ee2
0e
1.2.3
000.e
++1
abc
0e
1e
--2
++1
+
e10
0e
1e
1ee2
++1
abc
e10
0e
++1
1ee2
0e
+
-
1ee2
000.e
1.2.3
--2
--2
0e
abc
.
1ee2
++1
1e
0e
1ee2
-
0e
-
1e+
abc
++1
0e
e10
1e+
0e
1.2.3
e10
1ee2
.
.
-
.
e10
+
--2
000.e
+
1e-
1ee2
1.2.3
abc
abc
1e
-
e10
-
000.e
--2
1ee2
e10
0e
-
1e+
1e+
0e
1e-
1ee2
--2
.
abc
abc
+
1ee2
+
++1
-
1e
0e
--2
abc
.
1e+
1e
1e
-
--2
--2
0e
--2
--2
1e
1e-
1e+
0e
abc
++1
e10
+
1e
-
1.2.3
0e
-
abc
abc
-
-
1e
+
1e+
1.2.3
abc
+
e10
000.e
1e+
0e
1e-
--2
++1
-
+
-
1ee2
e10
0e
abc
0e
1ee2
1e+
1.2.3
-
+
+
1e-
e10
+
1.2.3
++1
1.2.3
1e-
.
000.e
0e
.
-
1.2.3
--2
-
1e
000.e
.
0e
1e
000.e
1e+
+
.
-
.
1e-
1e+
1e-
-
.
-
abc
++1
.
1e+
1e-
++1
1.2.3
+
abc
000.e
000.e
1.2.3
-
1e+
1.2.3
1e-
abc
1.2.3
1e
0e
-
e10
-
1ee2
0e
000.e
.
--2
000.e
1e+
1e
--2
000.e
++1
1ee2
1ee2
1e
++1
++1
0e
1e
1.2.3
1.2.3
+
1e+
abc
e10
1e+
1e+
++1
1ee2
1e
++1
--2
0e
0e
e10
000.e
++1
e10
.
1ee2
-
e10
abc
e10
1e+
+
1.2.3
++1
1e-
--2
1e+
1ee2
++1
1ee2
-
1e-
.
1ee2
1.2.3
000.e
0e
.
1.2.3
e10
1e+
abc
.
000.e
000.e
000.e
1e
1e+
+
++1
1e+
1e+
-
0e
+
e10
abc
1ee2
.
--2
1ee2
1e-
+
1.2.3
1e-
1e-
--2
++1
1.2.3
abc
000.e
1e+
1e+
++1
1e+
--2
e10
abc
1e-
1e+
1.2.3
+
1ee2
e10
e10
abc
--2
.
e10
1.2.3
abc
1ee2
1e
-
1ee2
-
1.2.3
--2
1e+
0e
.
1ee2
--2
-
.
.
abc
1ee2
abc
abc
1e+
abc
000.e
+
e10
000.e
1e-
-
1ee2
++1
1e-
000.e
1e+
1.2.3
1e
0e
1e
e10
+
000.e
++1
++1
+
1.2.3
1.2.3
abc
1e+
1e-
abc
++1
1.2.3
000.e
1.2.3
--2
.
+
1e-
000.e
abc
1e-
.
1ee2
--2
1e-
--2
abc
abc
abc
.
++1
++1
--2
1e-
0e
000.e
1e
e10
e10
1ee2
++1
0e
.
1e+
1e
1e-
++1
-
-
.
.
-
0e
1e-
.
e10
abc
1e-
++1
1e+
++1
--2
--2
1.2.3
0e
1ee2
1e+
1e+
1.2.3
1e
--2
.
1e+
0e
1ee2
1e-
1.2.3
abc
abc
-
--2
abc
++1
1ee2
.
0e
--2
.
1e
-
0e
.
1e+
1.2.3
1e-
e10
1e-
+
1e-
1e
--2
1e
-
+
--2
1ee2
.
1ee2
++1
-
abc
1.2.3
1e+
e10
1e-
abc
0e
0e
-
1e
.
1e
1e+
1e+
1e-
1ee2
1e+
1ee2
++1
e10
e10
000.e
1e-
000.e
--2
1e-
.
++1
1e-
-
++1
+
++1
000.e
+
1ee2
--2
1e
1e
++1
abc
e10
1ee2
1ee2
1ee2
000.e
1ee2
+
000.e
.
1.2.3
-
000.e
1ee2
.
0e
0e
1.2.3
1ee2
1e+
abc
--2
1e
+
1ee2
1e+
.
e10
1.2.3
1e+
1e+
-
1e
000.e
000.e
0e
1e-
000.e
000.e
1e-
++1
+
1e-
1e-
0e
1e-
1e
++1
+
1e-
-
1e-
-
000.e
0e
1e+
--2
1.2.3
--2
1e-
.
1e+
0e
++1
-
e10
--2
e10
1e+
--2
0e
1.2.3
++1
1.2.3
abc
+
1e
1e
1e
1e+
1e-
-
--2
e10
1ee2
-
.
1e
e10
0e
--2
000.e
1.2.3
1.2.3
-
1e-
1e
000.e
e10
e10
++1
1ee2
1e
000.e
1.2.3
1e-
-
000.e
--2
abc
000.e
1e
000.e
1e+
1e
--2
000.e
1e+
1e-
1e+
+
e10
1ee2
1e
1ee2
e10
.
1.2.3
1e-
0e
1e
000.e
--2
++1
+
1e
1.2.3
-
000.e
1e-
1.2.3
--2
-
+
1.2.3
0e
000.e
e10
-
1e
+
1.2.3
000.e
0e
000.e
000.e
0e
.
1ee2
1e
1e+
+
+
0e
e10
abc
abc
+
1e
1ee2
-
abc
-
1.2.3
1e+
--2
abc
1.2.3
1e+
-
000.e
0e
000.e
1ee2
+
1.2.3
1e-
000.e
1ee2
abc
1e-
1.2.3
1e+
1.2.3
0e
1ee2
1ee2
-
+
-
1e
000.e
e10
1ee2
e10
1ee2
1ee2
1.2.3
1ee2
e10
1e+
+
.
1e-
0e
.
1ee2
1e
++1
1ee2
-
000.e
1.2.3
.
1e
-
e10
1ee2
-
1e
+
000.e
0e
.
.
1ee2
abc
000.e
e10
1e-
--2
1e+
.
1ee2
--2
--2
1e-
1e
000.e
1e
e10
1e+
abc
1ee2
1.2.3
1ee2
000.e
1ee2
1ee2
e10
abc
000.e
1e
-
--2
1ee2
1.2.3
0e
1e
++1
-
0e
++1
1.2.3
abc
1e-
000.e
.
++1
0e
--2
1.2.3
000.e
000.e
1e+
-
1.2.3
--2
1ee2
abc
e10
1ee2
++1
1e-
1.2.3
0e
--2
e10
+
-
+
1e-
abc
-
++1
1ee2
++1
1ee2
+
abc
+
0e
abc
+
abc
1.2.3
-
1e+
.
--2
+
1e-
+
+
+
1ee2
0e
--2
-
000.e
e10
1e-
1e
1e
--2
--2
e10
000.e
++1
abc
abc
e10
abc
-
1e+
000.e
1e-
1e
1ee2
++1
1e+
1e
1e
1e-
1.2.3
+
-
1ee2
1e
0e
abc
abc
--2
++1
abc
1ee2
e10
.
1ee2
+
0e
0e
--2
+
--2
000.e
000.e
abc
abc
1e-
1.2.3
1e
1ee2
e10
-
1ee2
1e
--2
1ee2
0e
e10
1ee2
1e
000.e
1ee2
1e+
e10
1e+
-
1e
1e-
-
0e
++1
1e
000.e
e10
+
abc
e10
1ee2
++1
000.e
000.e
1e
e10
+
.
--2
e10
+
-
1ee2
1e
1ee2
e10
1e-
1.2.3
1.2.3
0e
1.2.3
e10
abc
e10
-
1ee2
+
+
000.e
1.2.3
1ee2
000.e
1e-
1e
.
000.e
1e+
abc
1e-
abc
+
1e-
1e-
+
e10
e10
1ee2
abc
000.e
-
++1
--2
+
1e+
0e
1ee2
000.e
e10
1.2.3
--2
-
1ee2
1ee2
1e+
+
abc
1e+
abc
.
-
0e
1e+
abc
0e
1.2.3
1ee2
++1
1ee2
.
000.e
abc
1e+
-
-
1.2.3
0e
--2
.
+
e10
1ee2
e10
--2
1ee2
+
e10
e10
1e-
abc
abc
1e-
--2
0e
1.2.3
1e
-
1e+
-
+
000.e
1e
0e
1ee2
e10
-
0e
++1
1e+
1.2.3
1e-
1e
abc
1e+
1e
1e+
1e
1e
1.2.3
1e
e10
+
1e
1e-
1.2.3
000.e
e10
1e-
+
-
1e-
000.e
1e+
1e-
1ee2
1e
+
+
e10
1e-
-
.
.
++1
++1
++1
1ee2
1ee2
abc
e10
abc
000.e
+
abc
0e
1ee2
1.2.3
.
1e
e10
1e+
0e
-
--2
--2
1ee2
000.e
1.2.3
000.e
1ee2
-
e10
1ee2
abc
+
1.2.3
1e-
+
1e+
1.2.3
--2
1e
.
000.e
.
000.e
1ee2
--2
0e
1e+
abc
1e+
0e
1e+
1e+
1ee2
1e
.
000.e
e10
++1
.
-
.
1.2.3
+
abc
abc
1ee2
+
.
--2
abc
1e-
-
0e
1.2.3
++1
1e+
-
++1
0e
1e-
1e
.
1.2.3
--2
1ee2
.
1e
1ee2
e10
e10
--2
1ee2
e10
abc
000.e
e10
-
1ee2
e10
000.e
abc
--2
e10
.
1e-
1e+
1e-
+
1e-
1.2.3
1.2.3
++1
1e+
+
--2
--2
--2
abc
1.2.3
+
.
.
1e-
-
--2
0e
.
000.e
1ee2
1ee2
-
1ee2
1e-
1.2.3
1e
+
--2
1.2.3
+
1e
-
+
1.2.3
+
1e+
e10
1e-
000.e
.
1e
abc
1.2.3
++1
abc
000.e
1e-
1.2.3
1.2.3
e10
--2
000.e
++1
1e-
e10
1ee2
0e
000.e
0e
+
1e-
0e
1e
+
-
e10
e10
--2
.
1e
abc
000.e
+
0e
1ee2
abc
1ee2
1ee2
1.2.3
--2
1e+
--2
000.e
--2
e10
.
000.e
-
--2
+
000.e
abc
--2
.
1.2.3
e10
1e
1.2.3
000.e
1e-
--2
1ee2
0e
1.2.3
-
.
-
1e+
1.2.3
--2
000.e
.
--2
++1
--2
+
1e-
--2
abc
+
++1
1e
1e+
1.2.3
--2
000.e
.
1ee2
-
++1
1e-
000.e
1.2.3
+
0e
+
000.e
0e
e10
-
0e
-
--2
000.e
--2
1e+
1e-
1ee2
1ee2
abc
1e-
.
abc
0e
abc
1e
abc
000.e
e10
1e
1.2.3
1ee2
1ee2
++1
e10
000.e
++1
.
0e
-
000.e
+
0e
abc
++1
-
1e
1ee2
1.2.3
1.2.3
000.e
.
++1
+
1.2.3
1ee2
-
1.2.3
+
1e
0e
1e
1e-
.
abc
000.e
.
000.e
++1
1e+
1ee2
+
.
-
000.e
-
1.2.3
1e+
--2
e10
1.2.3
0e
000.e
1e+
abc
abc
.
abc
+
-
+
1ee2
1e-
1e
e10
1e-
abc
1e+
.
1e-
-
abc
.
1e+
0e
0e
-
--2
0e
--2
000.e
-
1e+
abc
e10
1e-
.
-
1ee2
abc
1ee2
1e
0e
-
e10
1e-
1e
e10
-
abc
1e
1ee2
1ee2
1.2.3
1e
1ee2
--2
000.e
.
+
--2
-
1e-
0e
+
0e
0e
+
1e
1e-
000.e
000.e
.
-
000.e
-
0e
1e+
-
1ee2
1e-
0e
1e
+
-
1ee2
1ee2
abc
++1
--2
.
0e
0e
e10
+
1e-
abc
1e+
1e-
0e
1e
abc
abc
1e-
++1
0e
e10
000.e
1.2.3
++1
1.2.3
1e+
++1
0e
1ee2
1e+
++1
abc
e10
0e
.
++1
+
-
1.2.3
--2
e10
--2
-
-
1e-
0e
000.e
abc
1e
--2
1e-
--2
e10
000.e
-
.
0e
-
-
1.2.3
-
1e+
e10
abc
0e
e10
.
abc
.
abc
1e
1.2.3
--2
1e+
1e+
1e-
1e
-
++1
1.2.3
1e
--2
1.2.3
--2
000.e
1e
--2
1.2.3
+
abc
0e
-
1e
-
.
e10
e10
1e+
--2
1ee2
1e
+
.
1ee2
.
1ee2
1e+
+
1.2.3
1.2.3
--2
1e-
0e
+
1e+
000.e
0e
1e+
0e
000.e
1e+
abc
1.2.3
1.2.3
1.2.3
e10
e10
1e-
0e
abc
1.2.3
1.2.3
+
abc
e10
1ee2
1ee2
1ee2
-
--2
.
1.2.3
++1
--2
.
1e+
abc
--2
++1
-
e10
0e
1e+
e10
e10
e10
abc
abc
1.2.3
1ee2
-
.
1ee2
e10
0e
++1
++1
--2
1e
1.2.3
1e
1.2.3
-
1e+
1.2.3
--2
000.e
.
.
1e
000.e
000.e
0e
1.2.3
e10
1ee2
e10
1e-
1e+
e10
-
.
-
1e-
-
abc
1e-
--2
.
-
000.e
0e
++1
+
1e+
1e
000.e
-
1e-
1.2.3
0e
++1
++1
+
1e+
1.2.3
000.e
0e
e10
.
+
-
1e+
e10
1.2.3
1e+
-
abc
1e-
1.2.3
--2
1e
.
.
-
1e-
1e-
e10
0e
000.e
0e
1e+
.
1e+
+
+
abc
-
1.2.3
--2
1ee2
+
--2
0e
000.e
1e-
0e
0e
++1
1e
++1
+
000.e
1e-
1ee2
1ee2
-
1ee2
1e
e10
.
1ee2
++1
++1
e10
1e
0e
abc
1ee2
1.2.3
abc
abc
1.2.3
1ee2
+
+
+
+
--2
1e
0e
1ee2
abc
1e+
1e-
0e
1e-
+
abc
0e
-
1e-
1e+
000.e
1e+
1.2.3
1e+
.
1.2.3
.
--2
-
++1
--2
1e-
abc
0e
-
0e
++1
000.e
1ee2
1e-
e10
-
1e+
1.2.3
1e-
-
e10
+
1e-
1.2.3
.
0e
abc
.
1e+
-
1e+
0e
--2
e10
.
++1
-
0e
1e-
1ee2
1e+
.
abc
1e-
e10
-
abc
e10
++1
++1
1.2.3
1.2.3
++1
abc
1e+
1ee2
1e
e10
++1
++1
1e
e10
0e
1ee2
e10
-
1e-
1ee2
1ee2
1ee2
1e+
--2
0e
1e
abc
e10
++1
000.e
1e
1e
1ee2
1.2.3
--2
-
1.2.3
1e+
+
1e+
-
++1
000.e
++1
000.e
+
-
--2
-
1e+
-
1.2.3
e10
000.e
1e+
000.e
-
++1
++1
1e-
1e
1e+
1ee2
1ee2
++1
.
+
1e-
++1
1ee2
000.e
.
000.e
++1
--2
1.2.3
--2
+
--2
e10
+
000.e
000.e
000.e
1e
.
000.e
+
1ee2
abc
++1
1ee2
1.2.3
1.2.3
.
abc
1e+
+
1e-
+
1e
+
abc
1ee2
e10
1.2.3
1e-
--2
000.e
+
0e
000.e
+
+
1ee2
0e
e10
0e
++1
abc
++1
-
1e+
-
+
0e
1e
1e+
-
++1
.
000.e
1.2.3
--2
--2
--2
-
1e-
1e+
1e
1.2.3
000.e
1e
+
--2
.
++1
.
1e+
++1
1ee2
abc
1e+
e10
1.2.3
1e+
e10
++1
1e+
1e+
1ee2
--2
1e-
e10
1ee2
+
+
+
++1
1e+
1e-
++1
.
1.2.3
--2
abc
+
e10
++1
1.2.3
-
+
++1
1e
.
abc
1e-
1.2.3
.
000.e
000.e
-
0e
000.e
+
abc
.
000.e
--2
abc
1e
e10
+
e10
abc
abc
000.e
e10
1e+
abc
000.e
.
0e
1.2.3
e10
000.e
1e+
1.2.3
0e
1e
0e
-
--2
-
1e-
1e+
1e+
e10
1ee2
++1
.
++1
1.2.3
1e+
--2
1ee2
e10
000.e
1ee2
abc
0e
.
1e-
+
1ee2
1.2.3
000.e
--2
0e
abc
.
1.2.3
1e-
1e+
abc
--2
e10
1.2.3
1ee2
1ee2
e10
.
1e
1.2.3
1e+
1.2.3
1ee2
1e
e10
1.2.3
.
1ee2
abc
e10
.
--2
1.2.3
000.e
-
abc
+
.
-
1e+
000.e
++1
000.e
1e+
-
1e-
000.e
0e
.
000.e
.
abc
--2
-
e10
abc
++1
+
.
abc
e10
abc
1ee2
1ee2
000.e
++1
--2
1ee2
000.e
1.2.3
-
++1
abc
abc
.
1e-
--2
0e
0e
0e
--2
1e-
0e
1e-
0e
++1
-
1e
e10
1e+
++1
0e
1e+
abc
1ee2
+
.
1e+
-
1e-
1.2.3
.
1.2.3
-
1e+
--2
000.e
--2
+
1ee2
0e
1e+
1.2.3
abc
--2
1e
--2
1.2.3
1e
0e
--2
e10
e10
1ee2
1e+
e10
000.e
++1
+
--2
e10
-
abc
++1
000.e
1e-
abc
1e+
1.2.3
1e
1e
1e
1e-
0e
-
--2
000.e
1e-
0e
+
+
--2
1e-
000.e
1e+
1.2.3
-
0e
++1
1.2.3
000.e
000.e
e10
+
-
0e
++1
++1
1.2.3
++1
e10
+
1e-
-
000.e
.
-
--2
0e
1.2.3
.
abc
++1
e10
0e
-
0e
1e-
000.e
1e+
-
--2
+
1e
++1
abc
-
+
--2
1e-
-
1e
++1
-
abc
1e-
000.e
1e+
e10
+
e10
+
1e-
e10
1.2.3
000.e
abc
1.2.3
-
1ee2
abc
--2
0e
-
1e-
--2
-
1.2.3
1e
.
1e+
1e-
1e-
1e
-
--2
1ee2
.
-
e10
0e
--2
+
+
++1
+
++1
0e
abc
1e
1ee2
0e
--2
0e
1e+
1e-
000.e
1e
-
abc
000.e
++1
.
1.2.3
1e
e10
1e-
++1
e10
abc
1.2.3
1.2.3
--2
1ee2
1e-
1e-
1e-
.
1ee2
1e+
0e
000.e
-
abc
+
-
--2
1e+
+
e10
000.e
1.2.3
0e
1.2.3
-
1e
1.2.3
-
1.2.3
abc
1.2.3
abc
++1
1e+
0e
1e
e10
1e
1ee2
+
--2
.
1.2.3
e10
1ee2
1e-
abc
+
.
--2
1e-
++1
.
--2
000.e
1e
1e+
-
0e
+
0e
++1
abc
.
000.e
0e
--2
e10
1.2.3
++1
+
e10
0e
1e-
0e
1e
+
1ee2
1e-
abc
1e+
1e+
e10
1e+
++1
1e-
1.2.3
+
1.2.3
1e+
++1
-
-
e10
.
-
+
-
abc
++1
1.2.3
e10
1e
1e-
--2
1.2.3
.
1e-
1e-
-
1e-
+
1.2.3
1ee2
0e
abc
1e-
+
-
abc
.
1e
000.e
--2
--2
1e
000.e
--2
1e
abc
0e
1e-
abc
1ee2
+
.
++1
0e
1e
--2
1.2.3
+
0e
1.2.3
1e+
--2
1e
abc
abc
1.2.3
1ee2
+
--2
--2
1.2.3
--2
1e-
000.e
++1
000.e
1ee2
abc
++1
--2
1.2.3
1e+
abc
1e
abc
1ee2
1.2.3
1e-
000.e
++1
e10
0e
1e-
000.e
+
1ee2
-
+
1ee2
+
1ee2
1e+
-
1ee2
1e
1e
.
abc
0e
-
0e
++1
--2
1e-
+
++1
.
1e
+
0e
.
0e
0e
--2
1e-
1e
abc
.
1e-
--2
1ee2
e10
000.e
0e
1e
1.2.3
.
1e+
-
abc
--2
1e-
+
1.2.3
e10
+
-
1e+
e10
-
1e-
1e+
1e-
++1
e10
1.2.3
abc
-
0e
+
1.2.3
+
abc
0e
abc
+
+
-
1.2.3
1.2.3
1ee2
-
0e
000.e
0e
--2
0e
1e-
.
.
1.2.3
1ee2
1e-
1ee2
0e
1e-
1.2.3
1e-
1ee2
++1
.
+
1e
000.e
e10
000.e
1e
000.e
000.e
++1
1ee2
1ee2
1e-
.
000.e
.
-
1e-
--2
.
++1
.
0e
e10
.
1.2.3
.
++1
--2
000.e
abc
abc
.
.
-
0e
1e+
-
.
-
-
abc
1e-
e10
1ee2
1e-
000.e
e10
--2
.
1ee2
1e+
1e
1e
1e
1e-
1.2.3
.
1e
++1
+
1e-
1.2.3
abc
1ee2
1e+
+
0e
1e-
+
1e+
.
1e+
.
.
-
++1
--2
e10
abc
.
.
++1
0e
1.2.3
--2
.
1.2.3
1ee2
000.e
0e
1e-
-
000.e
1.2.3
1.2.3
1e
000.e
++1
0e
+
000.e
000.e
abc
++1
++1
--2
e10
+
1e-
1e-
1e
e10
+
000.e
1.2.3
1e
0e
1e
0e
1ee2
--2
000.e
+
-
000.e
-
1ee2
.
--2
e10
abc
1ee2
1e-
1e-
0e
000.e
1e
1.2.3
-
1e-
--2
+
abc
1e+
1e+
++1
-
+
1.2.3
1e
0e
abc
1e-
++1
-
1.2.3
1e+
+
1e-
1.2.3
.
000.e
1.2.3
0e
000.e
.
1ee2
-
abc
--2
1e
.
++1
++1
1e+
+
000.e
1e+
0e
1e-
abc
1ee2
-
+
+
e10
1e
1e-
--2
.
1e
++1
1e-
-
abc
e10
1e+
1.2.3
1ee2
--2
--2
e10
1e-
++1
1e-
1ee2
000.e
0e
-
--2
.
.
++1
--2
.
000.e
e10
e10
++1
1e
--2
++1
1e-
--2
++1
++1
1e+
+
1ee2
0e
--2
0e
.
1.2.3
+
-
++1
1ee2
e10
1e
e10
1e+
1e
abc
.
0e
++1
+
abc
1e+
--2
1e-
--2
-
0e
-
0e
e10
0e
1e
1.2.3
1e-
1e-
e10
1e+
1e-
0e
1.2.3
1e-
+
1.2.3
1e-
abc
e10
.
1e-
-
000.e
+
.
++1
abc
e10
abc
+
1e-
0e
++1
000.e
++1
-
0e
+
++1
1e+
1ee2
abc
abc
.
1.2.3
1e+
+
1e-
1e+
+
.
1ee2
1e-
1e-
-
1.2.3
1e
-
1e-
1e-
--2
0e
1ee2
1ee2
abc
e10
1.2.3
1.2.3
1e-
+
-
e10
1ee2
1e-
000.e
1.2.3
abc
abc
++1
-
1.2.3
e10
e10
0e
-
--2
1e-
-
1ee2
1e+
1e
0e
++1
--2
--2
.
1e+
0e
.
0e
000.e
--2
1.2.3
+
+
--2
abc
abc
1e
1e-
0e
1e-
1.2.3
--2
--2
1e+
1e+
1e+
1e-
+
1ee2
-
1e
1ee2
++1
e10
1ee2
++1
1ee2
1ee2
-
e10
e10
000.e
0e
e10
000.e
1e+
0e
0e
-
0e
1ee2
--2
.
--2
1e+
0e
1e+
.
-
1e+
.
1e
1.2.3
e10
e10
0e
+
1e+
abc
e10
++1
-
1e-
--2
000.e
.
1e+
1e+
-
1e-
--2
1ee2
++1
1e+
--2
--2
.
+
--2
1ee2
1.2.3
000.e
1e-
1.2.3
e10
1e-
e10
e10
1e
1ee2
0e
e10
1.2.3
++1
abc
e10
abc
+
0e
.
1e
--2
1e
.
++1
0e
e10
+
+
.
1e+
e10
1.2.3
000.e
-
1e
abc
1e+
abc
1e
abc
1.2.3
--2
1e+
1e
++1
000.e
.
000.e
++1
1e-
+
1e+
e10
++1
1.2.3
1.2.3
0e
++1
1e
1e+
-
--2
+
abc
1ee2
e10
1.2.3
.
1e+
1e+
000.e
e10
1ee2
1e-
1.2.3
1ee2
000.e
++1
+
1.2.3
0e
1.2.3
1ee2
-
0e
1e-
++1
.
abc
abc
+
--2
++1
1e
.
+
+
-
-
0e
1ee2
1.2.3
000.e
000.e
0e
e10
1ee2
abc
e10
1e+
e10
abc
-
abc
1.2.3
--2
e10
1.2.3
1.2.3
abc
e10
++1
1ee2
0e
++1
1e
e10
1e
e10
++1
++1
abc
.
1ee2
0e
abc
1e
000.e
1.2.3
+
0e
++1
1e-
+
1e-
000.e
1e
1e-
1e+
000.e
0e
0e
abc
1ee2
--2
1ee2
+
000.e
1e+
abc
-
1e
--2
+
e10
000.e
abc
-
000.e
1ee2
+
+
abc
.
1ee2
.
-
1e
e10
++1
e10
1e
1ee2
1e+
-
.
abc
1e+
1e
1ee2
abc
.
++1
1ee2
--2
.
++1
-
--2
++1
0e
-
abc
+
0e
-
abc
0e
1e-
abc
e10
.
.
+
++1
000.e
.
1.2.3
-
1e
1e-
000.e
1ee2
0e
0e
abc
1e
.
0e
-
++1
+
abc
abc
abc
e10
--2
1.2.3
000.e
000.e
abc
1e
1e+
+
000.e
0e
000.e
1e-
1ee2
+
abc
-
1e
e10
1e+
e10
abc
++1
1e+
1e
0e
1.2.3
000.e
--2
000.e
++1
1.2.3
1e+
-
-
e10
0e
.
-
0e
1.2.3
1ee2
1e+
0e
-
1.2.3
-
e10
+
.
000.e
--2
1.2.3
1e+
++1
.
++1
1e
1e+
1ee2
1e-
e10
1e+
.
1e-
.
000.e
0e
-
.
--2
1e+
--2
1.2.3
1e+
++1
e10
++1
+
++1
abc
.
--2
--2
++1
++1
++1
1e+
abc
-
1e-
1e+
abc
1ee2
0e
--2
1e+
++1
abc
1e-
abc
1ee2
++1
1e
1e
-
abc
0e
0e
-
+
e10
1e-
abc
-
0e
++1
1ee2
abc
++1
000.e
000.e
.
.
000.e
1e+
1e
.
+
.
1.2.3
.
-
e10
1.2.3
abc
.
--2
1ee2
-
++1
-
abc
e10
++1
-
abc
+
abc
1e
.
1ee2
abc
1e-
--2
1e
e10
e10
.
0e
1e
e10
1e-
abc
1e
+
++1
.
1e+
-
++1
+
1ee2
000.e
1e
e10
1.2.3
0e
000.e
1e-
.
+
e10
1ee2
--2
0e
1ee2
000.e
++1
++1
abc
-
000.e
++1
0e
-
1ee2
000.e
0e
1e+
0e
e10
abc
0e
-
--2
-
abc
abc
--2
1e
1.2.3
e10
e10
1.2.3
--2
-
.
1e-
1ee2
1e+
++1
000.e
e10
0e
0e
--2
+
+
1e-
1e-
abc
++1
+
-
++1
0e
+
-
1e+
1e
1e+
0e
1.2.3
0e
abc
1e
1ee2
1e
1e+
1e
.
1e-
abc
1ee2
+
.
1e
--2
1.2.3
1e
-
-
0e
+
--2
0e
.
1e+
+
000.e
e10
1e
0e
000.e
+
--2
1ee2
1.2.3
.
++1
000.e
abc
1e+
1.2.3
++1
++1
abc
1e+
1ee2
-
1e-
1e+
--2
000.e
1e
1.2.3
++1
000.e
0e
-
1e-
000.e
.
+
.
1.2.3
1e+
1e+
.
-
-
1e+
++1
1.2.3
0e
.
++1
1ee2
--2
000.e
+
e10
+
1.2.3
++1
abc
1e
000.e
.
1e+
e10
++1
--2
abc
1e-
000.e
1.2.3
0e
abc
+
--2
1e+
+
e10
1e+
1ee2
++1
1ee2
1.2.3
000.e
1e+
-
1e
-
e10
1e-
000.e
1e-
++1
1ee2
1e+
1e+
1e
1e
.
++1
1.2.3
1.2.3
1.2.3
1e
0e
1e
1e
1ee2
1e-
abc
1e-
--2
000.e
.
1e-
+
--2
1e-
+
000.e
1e+
1ee2
0e
abc
1e-
1e
++1
-
1e
++1
1.2.3
0e
1e-
1e-
.
1.2.3
abc
0e
1ee2
1e-
.
1e+
000.e
0e
1ee2
++1
1.2.3
1e+
0e
1.2.3
--2
1ee2
1ee2
--2
0e
+
1.2.3
0e
1e-
-
.
e10
abc
1e+
abc
--2
1ee2
1e
1e+
1e
+
--2
e10
1ee2
0e
--2
000.e
-
1e
--2
1e
.
-
abc
000.e
.
1e
+
++1
++1
+
+
1e
--2
1e-
0e
++1
.
1.2.3
1e+
1ee2
1ee2
++1
++1
000.e
abc
+
1.2.3
--2
.
+
1e
+
-
1e-
1e
0e
1e
e10
.
0e
1.2.3
e10
0e
-
1e-
1e+
1e+
1e+
0e
1ee2
-
++1
-
1.2.3
1ee2
1e
1e-
--2
+
--2
-
1.2.3
1e
0e
0e
1e
+
.
0e
1e-
.
1e-
++1
1.2.3
.
e10
1ee2
-
abc
1.2.3
1e+
-
1e
1e
1e
--2
-
--2
0e
-
1e
++1
.
1ee2
.
++1
e10
1.2.3
++1
000.e
0e
++1
1ee2
1e+
1e+
e10
--2
000.e
+
1ee2
+
1e-
1e
--2
1e
1e-
+
000.e
.
000.e
000.e
-
-
+
1ee2
abc
+
000.e
e10
1e+
0e
1ee2
1ee2
0e
e10
1ee2
--2
+
++1
000.e
+
.
1e-
0e
1e+
1.2.3
abc
--2
1e-
000.e
1ee2
1e
abc
+
1e-
1.2.3
abc
++1
.
000.e
.
abc
0e
+
1e-
++1
1e-
1ee2
+
-
.
.
1e+
--2
0e
000.e
0e
++1
e10
000.e
1ee2
1e
++1
1.2.3
e10
.
1e-
+
++1
-
1ee2
1e+
-
1e-
1e+
+
e10
+
.
0e
abc
000.e
--2
1.2.3
1ee2
e10
e10
1ee2
1e-
1.2.3
+
+
--2
++1
.
000.e
-
1ee2
.
1.2.3
abc
000.e
1e+
000.e
--2
+
-
1e
--2
1e+
abc
++1
000.e
-
--2
1e+
0e
1ee2
1e+
1e+
1e+
--2
--2
--2
.
000.e
++1
abc
e10
++1
e10
abc
1e+
1ee2
1e-
.
--2
1e+
1ee2
-
0e
1e+
e10
abc
1e
1e-
abc
-
1e+
++1
000.e
000.e
++1
000.e
.
-
+
.
1e+
1e+
++1
1e
000.e
++1
1ee2
+
1.2.3
--2
0e
1e+
1e-
1e+
1.2.3
1e-
-
--2
--2
abc
1ee2
1ee2
.
0e
1ee2
1e-
++1
.
1e+
+
abc
1e
1e-
++1
-
000.e
--2
--2
0e
1e+
1e
abc
abc
0e
e10
--2
abc
1e+
abc
e10
++1
1.2.3
000.e
0e
+
+
abc
--2
1e-
-
1e-
000.e
++1
1ee2
0e
1e-
++1
1e+
e10
.
.
++1
1e-
0e
0e
1e-
1ee2
abc
-
-
1.2.3
abc
0e
e10
++1
1ee2
e10
1ee2
1e+
0e
0e
--2
1e
000.e
1e
.
++1
1e-
0e
e10
1ee2
--2
1.2.3
1e+
1ee2
-
+
--2
.
abc
1ee2
++1
--2
.
abc
1ee2
.
0e
+
--2
1e+
e10
1e-
1e+
1e+
abc
1.2.3
-
1.2.3
.
1ee2
-
1e-
1e+
1e+
1e-
++1
1e-
-
e10
1e
++1
0e
0e
--2
1e
1.2.3
1ee2
1e-
1ee2
.
++1
1ee2
--2
-
1e+
1.2.3
1.2.3
-
abc
abc
1ee2
abc
1.2.3
000.e
e10
000.e
000.e
1.2.3
1e+
+
abc
+
e10
1.2.3
1e
.
+
--2
++1
0e
0e
++1
++1
1e
1e
+
abc
.
1e-
1e-
++1
000.e
1e+
++1
1e-
1e+
.
1e-
0e
++1
e10
-
1e+
++1
-
++1
-
000.e
+
+
--2
0e
-
1e-
000.e
.
000.e
--2
abc
++1
++1
1e-
1ee2
.
1e-
e10
1.2.3
-
++1
++1
-
abc
1e+
-
.
-
+
1.2.3
-
++1
000.e
--2
+
1.2.3
1e+
1e+
1e
abc
000.e
1ee2
.
1.2.3
+
++1
1ee2
abc
e10
e10
+
1ee2
--2
e10
abc
e10
1ee2
1e
1e+
000.e
1e-
-
0e
abc
+
+
1e-
abc
1e-
+
+
1.2.3
++1
++1
e10
e10
abc
++1
e10
1e
++1
+
++1
abc
.
-
e10
-
1e
1.2.3
--2
000.e
--2
e10
1ee2
--2
+
1e+
e10
--2
1e+
e10
abc
1e
abc
e10
0e
abc
1e+
-
0e
1e
.
0e
-
1.2.3
e10
1e-
++1
++1
--2
000.e
+
1e
1.2.3
1e-
abc
--2
-
1e-
.
1e
1e+
1e+
.
-
.
1.2.3
++1
0e
1ee2
++1
1e
--2
1e-
000.e
+
+
1ee2
--2
abc
e10
1e+
1ee2
1.2.3
0e
1e
.
1e+
++1
abc
1ee2
1.2.3
1ee2
1e+
-
1e
1e-
000.e
++1
e10
e10
1.2.3
abc
000.e
+
-
1e
--2
1.2.3
++1
0e
1.2.3
++1
--2
1.2.3
++1
1ee2
--2
0e
+
1.2.3
-
--2
1.2.3
e10
1e
1e
1e-
-
1.2.3
1e+
1.2.3
1e
+
1e+
0e
abc
abc
.
e10
--2
1.2.3
.
abc
.
abc
1ee2
+
.
1e
++1
1e-
1.2.3
1ee2
1ee2
1.2.3
--2
0e
1.2.3
0e
-
e10
-
000.e
++1
1e-
-
000.e
1e
e10
1e
--2
++1
--2
1.2.3
1.2.3
000.e
1.2.3
abc
1e+
1e
1e+
1.2.3
1e
.
++1
--2
+
-
1ee2
1.2.3
1e
.
--2
0e
000.e
.
abc
-
1.2.3
--2
--2
1e-
1e-
.
1.2.3
1ee2
1e-
abc
1e
1.2.3
+
1ee2
+
1e+
.
1e
--2
abc
1e+
0e
--2
1e-
000.e
.
1e-
1e-
0e
+
1ee2
abc
1.2.3
++1
1e
1.2.3
-
1e+
--2
--2
1e-
1ee2
abc
1e
0e
e10
abc
1ee2
--2
0e
abc
++1
000.e
000.e
e10
0e
+
1ee2
abc
0e
.
e10
0e
++1
1.2.3
+
abc
0e
.
000.e
--2
1e-
abc
.
0e
1ee2
--2
-
1ee2
++1
e10
-
1e+
+
++1
0e
1e+
1ee2
000.e
1.2.3
++1
1e
--2
1e-
1e+
++1
++1
--2
--2
e10
--2
--2
+
1e+
e10
.
1e
000.e
-
000.e
1e-
--2
1.2.3
000.e
0e
--2
1ee2
e10
1e
.
000.e
.
++1
1e
1e
1e
e10
+
1e+
1ee2
1e
e10
1e
e10
+
0e
1ee2
1e+
000.e
abc
e10
e10
0e
1e
0e
1e-
.
+
000.e
1e-
1e
000.e
1e+
1e+
1e
abc
e10
0e
.
-
0e
--2
000.e
abc
e10
abc
1ee2
.
+
e10
1ee2
--2
--2
.
--2
++1
1e-
1ee2
.
.
abc
1e-
0e
--2
1e-
0e
-
.
.
++1
.
0e
1ee2
++1
1e-
1e
--2
1e-
000.e
+
e10
++1
000.e
e10
1e-
1e
++1
1e-
abc
+
1e
1e
-
.
e10
-
1.2.3
0e
1e
1.2.3
e10
+
0e
000.e
1e
0e
+
1e-
.
.
++1
1ee2
abc
e10
--2
1e
--2
1ee2
000.e
++1
1e-
1.2.3
1.2.3
abc
000.e
0e
-
+
-
0e
0e
++1
000.e
abc
+
e10
1.2.3
abc
1.2.3
+
1.2.3
0e
0e
.
1ee2
000.e
0e
1e+
0e
abc
e10
e10
0e
1.2.3
+
1e-
+
++1
++1
-
abc
++1
--2
++1
000.e
.
abc
0e
e10
1e+
--2
1e
0e
000.e
--2
.
1e
1.2.3
1ee2
1ee2
1e+
e10
000.e
1e-
--2
1e+
.
--2
.
1e
e10
1.2.3
abc
1ee2
1ee2
1e-
1e+
1e-
000.e
1e
+
.
e10
1e-
1e
1e
1e-
000.e
abc
++1
++1
++1
1e-
000.e
.
abc
-
1e
1e+
1e-
1e+
1ee2
1e+
+
1ee2
+
1.2.3
1e+
1e-
.
1ee2
1e+
++1
1e
e10
e10
abc
+
-
000.e
+
000.e
abc
1.2.3
1e-
000.e
++1
.
-
+
1ee2
abc
1ee2
+
1ee2
1ee2
1e-
1e+
1.2.3
1e
e10
1e+
++1
-
1e
.
0e
1ee2
000.e
e10
1ee2
1ee2
++1
-
.
1e-
1e+
+
1e+
1e+
0e
000.e
e10
1e+
-
1.2.3
000.e
1ee2
.
-
+
1.2.3
0e
000.e
0e
++1
1e+
++1
1e+
0e
1.2.3
1e
1e
000.e
1ee2
e10
e10
++1
000.e
1.2.3
++1
.
0e
1e+
1e-
1e+
abc
--2
-
++1
e10
1ee2
-
1e
1e-
--2
.
1.2.3
1e-
000.e
-
000.e
1e-
0e
++1
1e+
+
+
1e
000.e
e10
1e
e10
1e-
e10
.
+
++1
1e+
.
++1
++1
0e
abc
1ee2
abc
-
abc
000.e
1.2.3
e10
1ee2
-
++1
abc
++1
1.2.3
+
1.2.3
abc
1e+
-
-
0e
.
1ee2
1ee2
1.2.3
1ee2
1ee2
+
1e+
-
000.e
000.e
++1
.
1.2.3
1ee2
.
++1
--2
++1
+
+
abc
--2
1e-
1.2.3
000.e
-
+
e10
-
1.2.3
++1
1.2.3
0e
1e+
1.2.3
1e+
1e-
1ee2
1ee2
1e-
.
--2
-
e10
+
0e
1ee2
+
e10
000.e
0e
000.e
.
1e+
e10
e10
.
-
1ee2
-
1ee2
e10
1.2.3
0e
e10
+
-
--2
1e-
1e
1ee2
-
1ee2
1ee2
++1
--2
1e-
+
abc
1ee2
e10
000.e
1e+
1.2.3
e10
1ee2
1e
000.e
--2
e10
-
.
-
.
.
1e
+
++1
0e
-
-
-
+
0e
abc
--2
abc
abc
1e+
abc
1e-
+
+
1e
0e
-
1ee2
e10
1ee2
000.e
--2
++1
1.2.3
.
+
++1
1e
+
-
0e
1e-
abc
1e
abc
--2
0e
.
.
++1
1.2.3
--2
abc
++1
1ee2
1ee2
1.2.3
abc
1ee2
000.e
0e
1e
++1
--2
0e
e10
-
--2
1.2.3
1.2.3
0e
1.2.3
1e-
1e-
-
+
--2
-
1ee2
1e-
000.e
1e-
1e+
1e-
1e-
1ee2
abc
abc
--2
abc
000.e
1e-
1e
++1
1ee2
000.e
1e-
+
1ee2
000.e
.
1ee2
1e-
++1
abc
0e
++1
+
0e
1ee2
e10
e10
000.e
1.2.3
1e
+
1e+
1ee2
1e
.
+
e10
1ee2
0e
1e-
-
1ee2
1ee2
000.e
1e-
1e-
.
.
.
.
1ee2
abc
abc
1e-
++1
1e+
++1
.
e10
e10
-
1.2.3
1e+
1.2.3
++1
--2
1e-
--2
0e
1ee2
000.e
++1
1ee2
abc
0e
.
0e
1.2.3
1e
.
1e-
.
1.2.3
.
abc
1e
1.2.3
--2
1e
-
-
e10
--2
1e-
1.2.3
1ee2
+
--2
++1
.
--2
.
1.2.3
000.e
abc
1e-
1ee2
1.2.3
000.e
--2
+
0e
+
+
1e+
1e-
1e-
0e
1e-
000.e
++1
-
++1
abc
e10
abc
.
abc
e10
.
abc
e10
000.e
1.2.3
1e-
.
++1
0e
+
e10
1.2.3
1e-
-
++1
0e
1.2.3
--2
1e+
+
--2
1.2.3
abc
--2
-
0e
.
--2
e10
abc
1ee2
1ee2
e10
1e
000.e
0e
.
++1
1e
1e+
1.2.3
-
.
e10
e10
abc
++1
0e
0e
1e-
--2
1e+
1.2.3
1e+
+
000.e
1ee2
1e-
-
--2
1.2.3
0e
e10
+
1.2.3
.
1e-
abc
1e-
--2
abc
abc
1e
-
1e+
--2
++1
000.e
.
abc
+
1e+
++1
0e
--2
1.2.3
.
abc
1.2.3
-
1e-
e10
1e
1e
abc
--2
.
1e
000.e
e10
1.2.3
1ee2
--2
--2
-
1e+
abc
1.2.3
+
--2
.
0e
.
.
++1
abc
e10
1ee2
0e
0e
+
000.e
.
0e
.
1.2.3
.
000.e
abc
-
1ee2
1e-
++1
1e-
+
1e-
1e-
abc
--2
1.2.3
++1
.
--2
+
1.2.3
1ee2
+
1e
--2
1e
1ee2
++1
++1
1e-
--2
abc
--2
0e
1ee2
abc
+
1e-
1e-
1e-
1ee2
1.2.3
0e
000.e
000.e
abc
000.e
1e+
1.2.3
1ee2
000.e
++1
--2
e10
1e-
1e-
1e-
-
.
+
0e
1e+
.
+
0e
--2
1.2.3
--2
-
1e+
000.e
1e+
abc
1ee2
000.e
1e-
.
0e
abc
1ee2
abc
--2
--2
1e+
-
--2
1e-
000.e
1e-
1.2.3
-
.
++1
0e
1ee2
.
000.e
1e+
.
.
1e
abc
1ee2
e10
1e+
0e
++1
1e-
1e+
--2
1.2.3
abc
abc
0e
abc
1e+
1.2.3
e10
+
1e-
1e-
-
000.e
+
+
e10
+
--2
1e-
1ee2
.
+
1.2.3
--2
1e-
-
e10
1ee2
abc
e10
--2
+
000.e
e10
+
.
-
0e
1.2.3
000.e
--2
1e-
e10
1e-
-
.
1e-
1ee2
+
--2
++1
-
-
1e
--2
1ee2
e10
++1
1e-
--2
++1
.
1e-
1.2.3
+
0e
++1
+
1e
1ee2
1e+
e10
++1
abc
++1
1ee2
1ee2
1ee2
--2
000.e
1ee2
1e
000.e
1e+
0e
e10
++1
e10
abc
-
--2
1ee2
1ee2
1e
-
1e-
--2
abc
--2
0e
1e-
1ee2
--2
++1
1.2.3
0e
abc
-
1e+
0e
0e
1e
e10
1.2.3
0e
000.e
1ee2
1e
000.e
--2
1e
1e-
+
e10
--2
1e-
-
1e
+
1ee2
1e
1e
abc
.
000.e
--2
-
abc
+
+
abc
abc
0e
-
--2
++1
-
-
abc
+
abc
1.2.3
1e-
.
abc
1ee2
1e
1ee2
abc
e10
000.e
+
1e
1e
1ee2
1.2.3
--2
++1
1.2.3
1e-
-
1.2.3
+
1ee2
.
1.2.3
+
-
+
1e+
+
1e-
+
1.2.3
abc
1e
--2
abc
1e+
+
0e
e10
e10
0e
1e+
1e-
1ee2
e10
000.e
.
abc
1ee2
+
000.e
+
abc
1e
1ee2
--2
e10
++1
1e
e10
1e-
abc
abc
+
--2
0e
0e
-
1ee2
1e
1e+
1.2.3
e10
.
000.e
0e
1e
+
+
-
000.e
1.2.3
++1
1e-
1e
.
++1
--2
+
1e+
1.2.3
0e
+
-
+
e10
+
++1
1e-
1e-
-
1.2.3
++1
1e
1.2.3
1.2.3
.
1ee2
0e
1e-
.
000.e
+
1ee2
abc
1e+
1e-
+
1e-
1e+
++1
-
0e
000.e
1ee2
-
1e-
--2
abc
1e+
1e-
.
0e
--2
1e
e10
1e-
-
1e+
-
e10
000.e
--2
1e+
abc
1ee2
1e-
000.e
1e+
e10
1e-
--2
000.e
--2
+
abc
1e-
.
--2
abc
e10
1e
e10
0e
++1
1ee2
++1
.
++1
1e
abc
1e+
--2
++1
.
1e
000.e
e10
1ee2
0e
1e-
+
-
1e-
1.2.3
--2
++1
-
1ee2
1e
.
1e-
1ee2
e10
1e
++1
+
++1
--2
1e+
+
abc
0e
++1
1e+
e10
.
1e-
1ee2
1.2.3
1.2.3
0e
1e-
1ee2
1.2.3
-
abc
+
000.e
--2
abc
1e
--2
e10
1.2.3
--2
000.e
1.2.3
-
e10
+
000.e
e10
000.e
0e
1e+
1e-
0e
1e+
-
++1
.
++1
1e-
e10
1.2.3
e10
abc
1e
+
000.e
000.e
--2
+
1e+
+
+
1.2.3
1.2.3
1.2.3
1.2.3
e10
+
1.2.3
1e+
1e+
1.2.3
abc
--2
1ee2
000.e
++1
+
1e+
.
1.2.3
1ee2
000.e
-
.
.
1e+
000.e
1e+
1.2.3
abc
abc
000.e
1e-
abc
000.e
--2
1e
.
1ee2
1ee2
1ee2
1.2.3
0e
000.e
1e-
e10
1e-
1.2.3
-
-
1e+
abc
++1
0e
1e-
+
--2
000.e
++1
abc
1e+
abc
000.e
1e-
e10
e10
1.2.3
1ee2
+
abc
1e+
000.e
--2
e10
abc
-
-
1e
0e
1e+
1e
1ee2
++1
+
1ee2
+
-
-
.
.
++1
e10
000.e
.
1ee2
1ee2
+
++1
1e
000.e
--2
abc
1e+
+
+
1e
abc
0e
abc
1ee2
e10
0e
1e+
000.e
e10
--2
1e-
+
e10
1e
0e
1e
+
0e
1e-
1e+
++1
1ee2
1.2.3
1.2.3
1ee2
++1
1e+
abc
0e
1ee2
++1
.
1.2.3
1ee2
-
.
1e+
0e
1ee2
000.e
.
--2
e10
1ee2
1e+
e10
1e
-
1.2.3
-
--2
e10
1ee2
.
1e-
1ee2
abc
abc
++1
-
++1
1e-
1e+
.
1ee2
1e
1e-
000.e
-
1ee2
+
.
000.e
abc
abc
abc
1e-
++1
-
.
1ee2
abc
abc
1.2.3
+
+
000.e
-
1e
abc
1e+
1.2.3
abc
000.e
--2
1ee2
.
.
1e-
1e-
abc
-
abc
1e-
+
1.2.3
000.e
+
1e+
1ee2
--2
++1
--2
000.e
+
+
1e-
1e+
1ee2
1e
+
1e-
000.e
++1
abc
--2
1e
--2
1.2.3
++1
.
e10
.
++1
000.e
1ee2
--2
1e
.
+
1e
e10
1e+
1e+
0e
e10
--2
-
abc
--2
0e
1e
1e-
e10
e10
.
1.2.3
e10
1e
.
-
e10
1e
1ee2
0e
1e-
abc
++1
1ee2
--2
1.2.3
abc
++1
abc
++1
abc
1e+
0e
0e
.
1e
1e+
abc
0e
1e+
1.2.3
abc
1ee2
000.e
000.e
abc
1.2.3
e10
000.e
+
++1
0e
000.e
-
--2
1.2.3
1ee2
.
1e
1e
+
--2
1ee2
1.2.3
--2
000.e
-
000.e
--2
-
000.e
1ee2
-
+
1e
000.e
0e
abc
1e+
1e+
+
++1
1e-
+
++1
1e+
0e
1ee2
1ee2
--2
abc
1.2.3
e10
+
e10
1e-
-
.
1e+
++1
000.e
1e
1e+
abc
000.e
0e
--2
1.2.3
1ee2
1ee2
abc
+
abc
1e+
1e+
1ee2
1ee2
1ee2
1e-
+
1e-
++1
000.e
1.2.3
000.e
++1
0e
1.2.3
1e
1e-
+
++1
-
1e
1ee2
1ee2
0e
000.e
abc
1.2.3
1e+
+
.
+
+
.
e10
1e+
1e+
++1
.
1e-
1ee2
-
abc
0e
1e
-
1e
1e+
1e
--2
--2
1e
++1
1ee2
.
0e
++1
.
+
-
1e
1ee2
--2
-
1.2.3
.
000.e
1e
--2
1.2.3
1.2.3
.
1e+
-
.
+
1e+
abc
1ee2
1.2.3
.
-
++1
.
1.2.3
1e+
0e
e10
0e
+
abc
000.e
000.e
--2
1ee2
++1
1e-
--2
--2
e10
-
1e+
abc
1e+
-
0e
0e
+
-
1.2.3
1e-
1.2.3
.
1e-
-
+
1e
+
1.2.3
-
000.e
1e
000.e
1.2.3
1e
--2
000.e
1e
abc
1e
1e-
e10
1.2.3
e10
1ee2
abc
.
.
000.e
1.2.3
1ee2
+
1e
1ee2
e10
+
1e-
1.2.3
.
0e
.
+
1.2.3
1e-
abc
++1
--2
1e
1.2.3
1e-
1e-
-
++1
0e
.
abc
1e-
1e
1e+
++1
++1
1.2.3
-
e10
.
--2
0e
.
+
1e
1ee2
1e-
1e-
++1
1e
1e+
000.e
1e
e10
+
1e-
abc
.
.
1e
-
+
1e+
1e-
abc
.
1.2.3
1e+
+
1e
1.2.3
+
.
.
-
0e
--2
1e-
++1
1e-
1e+
-
1.2.3
-
1e+
-
1e-
++1
1e
+
0e
+
1e+
+
--2
000.e
-
+
+
000.e
1.2.3
0e
e10
1.2.3
-
+
--2
abc
000.e
++1
+
+
-
1.2.3
1e
000.e
0e
e10
-
.
000.e
--2
.
0e
++1
000.e
000.e
1e
000.e
+
+
--2
1e-
e10
1e+
.
abc
1ee2
1e-
+
.
+
+
1ee2
0e
++1
1.2.3
1e-
++1
++1
+
000.e
e10
1e
1ee2
1.2.3
+
++1
1ee2
1e+
1e-
1.2.3
000.e
.
1e-
1.2.3
-
1ee2
.
1e-
abc
1e
e10
+
1.2.3
--2
0e
1e
1ee2
1ee2
000.e
1e
+
1e-
.
abc
1e
1e-
-
000.e
+
1.2.3
0e
000.e
-
1e-
e10
1ee2
e10
0e
-
abc
++1
1e+
1e-
.
--2
0e
abc
000.e
e10
1e-
1ee2
+
--2
e10
++1
.
1.2.3
-
1.2.3
1ee2
-
1e+
--2
-
.
--2
1ee2
1ee2
000.e
1e
+
+
000.e
-
e10
-
1e
.
--2
1.2.3
e10
1e
--2
--2
--2
0e
.
++1
1.2.3
1e-
0e
1ee2
+
--2
1.2.3
.
000.e
++1
++1
1e
abc
e10
+
1e
+
1e-
--2
++1
+
1e
1e
abc
-
+
--2
1e-
1e
--2
--2
--2
1e+
1ee2
-
1e
e10
1e+
000.e
1e
1ee2
++1
1e
++1
1e-
000.e
1e
1.2.3
0e
e10
1e
000.e
.
0e
.
++1
+
000.e
++1
+
-
+
0e
1.2.3
-
abc
0e
1e
-
--2
abc
-
++1
1e
abc
e10
.
.
--2
++1
e10
++1
++1
1.2.3
-
.
0e
abc
1e
1e-
--2
1.2.3
+
-
e10
abc
1ee2
1ee2
.
1e-
.
1e
1.2.3
1e-
e10
1ee2
1.2.3
1e
--2
0e
1ee2
1e-
1ee2
1e
+
++1
1e
1e
1ee2
1.2.3
-
1.2.3
000.e
1e+
abc
1e+
1e
--2
--2
-
--2
+
--2
1.2.3
.
e10
1ee2
0e
abc
1ee2
-
+
abc
0e
000.e
1e
e10
000.e
++1
abc
1e
1.2.3
+
1e
--2
--2
1e+
++1
1e-
.
1ee2
.
abc
abc
1e-
++1
0e
e10
000.e
0e
-
1e+
000.e
+
-
1.2.3
1.2.3
1.2.3
1.2.3
1e-
1e
1e
1e
1e
0e
-
++1
e10
1e+
1e
++1
abc
000.e
.
1ee2
0e
++1
--2
1.2.3
1e
++1
1e-
1ee2
1e-
000.e
--2
--2
-
1e
e10
+
abc
1e-
.
-
e10
0e
000.e
1e-
000.e
+
--2
+
1e-
1ee2
--2
++1
.
e10
.
--2
1e-
000.e
000.e
1e+
1ee2
0e
abc
++1
abc
+
1e
000.e
1e+
--2
1.2.3
1e-
e10
.
--2
1e-
abc
1e-
+
-
000.e
1ee2
0e
0e
abc
1e-
-
1.2.3
000.e
e10
-
abc
1e-
+
++1
1ee2
+
abc
000.e
1e+
1ee2
1e+
1.2.3
1.2.3
--2
-
-
1e-
1ee2
e10
1e
+
1e-
-
-
1e-
.
+
1e
--2
e10
1ee2
1e+
--2
1ee2
0e
+
1e
000.e
++1
e10
1e
+
abc
e10
++1
--2
1e
e10
0e
1e-
.
--2
1e
1ee2
1e
+
1.2.3
--2
1e+
++1
1e
1e+
000.e
abc
e10
--2
1ee2
1e-
-
1e
e10
+
+
e10
++1
++1
++1
000.e
+
++1
0e
1ee2
1e
1e-
+
--2
+
++1
-
000.e
.
abc
1ee2
1e+
1.2.3
abc
--2
-
1e+
+
--2
++1
1.2.3
e10
--2
1.2.3
1e+
1e
0e
+
-
-
000.e
++1
000.e
1e+
0e
-
1e
1e-
000.e
abc
.
1e+
--2
-
.
1ee2
1e-
--2
000.e
1e
1e+
1e+
1.2.3
++1
1.2.3
--2
1e
0e
1.2.3
++1
000.e
1ee2
1.2.3
0e
++1
e10
1e+
+
0e
1e-
1e-
1ee2
-
1e+
e10
-
+
.
+
1e
1.2.3
1e+
.
1e-
+
1ee2
0e
.
1ee2
-
1e-
0e
1e+
1e
1.2.3
+
abc
abc
1ee2
-
-
1e
1ee2
0e
-
++1
1e-
+
++1
0e
0e
e10
1e+
1e-
1e+
abc
1e
--2
1.2.3
--2
--2
++1
e10
--2
-
.
1.2.3
1.2.3
0e
++1
abc
--2
abc
++1
1ee2
1ee2
++1
.
abc
1.2.3
++1
1e-
1e-
+
1ee2
1ee2
.
1ee2
+
+
-
1.2.3
000.e
++1
+
+
e10
abc
+
1e
+
++1
000.e
0e
++1
1e+
--2
abc
.
++1
+
+
1e
abc
-
1ee2
e10
1e+
abc
e10
e10
++1
000.e
1e
e10
+
--2
1.2.3
e10
1e+
1.2.3
.
000.e
1.2.3
1e
1e
+
0e
--2
--2
.
abc
+
+
1ee2
1.2.3
1e-
0e
e10
++1
.
000.e
abc
1e+
+
abc
0e
abc
1e-
++1
abc
000.e
1e+
1e-
+
1e-
000.e
1e
1ee2
0e
0e
0e
000.e
+
abc
e10
+
1e-
abc
.
-
1e-
abc
-
1e
1e-
abc
--2
e10
0e
-
abc
1e-
0e
e10
+
+
1ee2
--2
abc
1e-
1e+
1e-
+
++1
abc
1ee2
1e-
1ee2
.
--2
1e-
+
1e-
0e
1ee2
abc
.
abc
abc
abc
--2
++1
++1
--2
.
--2
1e
--2
1ee2
+
++1
1e+
--2
1ee2
--2
1ee2
--2
1.2.3
1ee2
-
+
1e
0e
1ee2
1e+
1e+
-
1e+
000.e
1e-
.
1e
1e
abc
0e
++1
abc
-
1e
1.2.3
1.2.3
1ee2
--2
abc
++1
000.e
abc
1e
-
.
.
0e
--2
++1
000.e
e10
++1
1e-
1ee2
000.e
1e-
1e-
1e+
+
+
1e
.
-
1e
e10
1.2.3
1.2.3
1e
abc
1ee2
e10
+
++1
1e-
abc
0e
abc
+
1e-
.
1ee2
1ee2
000.e
1e
000.e
1e+
0e
1e+
1e+
--2
abc
0e
-
1e+
1.2.3
000.e
1e-
+
-
1e-
1e
.
1e-
abc
abc
1.2.3
abc
+
1e+
1.2.3
1e-
-
0e
++1
++1
++1
1e+
.
.
1.2.3
abc
+
abc
1e-
1e-
e10
1.2.3
1e-
1.2.3
-
--2
++1
000.e
1ee2
1e+
.
1.2.3
1e-
-
++1
1e
abc
++1
--2
-
--2
1e-
1e
.
1e-
+
.
0e
0e
1e
000.e
1e-
abc
1e-
1e+
.
--2
000.e
-
0e
000.e
.
0e
++1
1e
++1
1ee2
1e+
e10
1ee2
000.e
1e+
1.2.3
+
abc
1.2.3
1ee2
.
++1
0e
1e+
.
abc
.
1ee2
1e
-
0e
abc
1ee2
++1
abc
000.e
000.e
e10
+
1e
.
--2
--2
1.2.3
+
e10
.
.
++1
1ee2
1e-
1e
++1
1ee2
abc
.
e10
1e+
1e
1ee2
e10
1e
e10
--2
1e-
--2
--2
.
abc
1e
1e-
1ee2
000.e
.
1e
1e-
0e
.
000.e
-
1ee2
+
.
0e
1e+
1e
0e
1e+
e10
1e-
.
1e
1.2.3
e10
++1
e10
-
.
++1
1ee2
+
000.e
1ee2
-
1e+
1.2.3
0e
0e
--2
000.e
1e+
+
+
1e+
1e+
1ee2
0e
++1
1ee2
1ee2
1ee2
0e
e10
1e+
1ee2
--2
++1
1.2.3
--2
1e-
1e
--2
0e
000.e
0e
1e+
1e
1e
1e+
0e
e10
1.2.3
e10
1e+
++1
+
1e-
1e+
1e+
1e
1ee2
1e-
+
1e
1e-
+
1.2.3
1e-
-
000.e
+
abc
.
1e
--2
1ee2
1.2.3
1ee2
e10
+
--2
.
0e
1e+
000.e
e10
1e-
--2
1ee2
0e
1.2.3
1e
1.2.3
e10
1e+
1e+
1e-
1ee2
1ee2
++1
1e+
-
000.e
++1
-
--2
1.2.3
--2
++1
e10
1ee2
.
000.e
++1
-
++1
e10
--2
1e-
1ee2
--2
0e
1e
1e+
-
1ee2
abc
1e-
.
.
1e-
1e
-
000.e
-
1e
--2
e10
--2
1e-
.
abc
abc
+
1.2.3
e10
--2
1e-
1e+
-
1e+
abc
e10
.
+
000.e
e10
abc
++1
--2
0e
0e
-
+
abc
1e
.
--2
--2
1.2.3
abc
abc
1e+
1e-
1.2.3
-
++1
1ee2
-
++1
1.2.3
1e
+
-
1ee2
-
1ee2
+
1e-
000.e
++1
1e-
1e+
abc
1.2.3
000.e
1.2.3
-
+
1e
1ee2
abc
-
0e
abc
.
-
--2
--2
e10
e10
1e-
.
--2
+
1ee2
000.e
1e
0e
++1
1ee2
abc
1.2.3
0e
1e-
0e
-
1e-
--2
0e
1ee2
1.2.3
.
++1
1e
++1
000.e
.
.
e10
1e-
++1
++1
.
1e
1e
000.e
+
0e
000.e
1.2.3
abc
.
1e
1ee2
.
0e
e10
+
0e
1e+
e10
abc
1e
abc
1.2.3
1ee2
1e+
abc
++1
1e-
-
1e-
0e
abc
e10
.
-
++1
0e
--2
+
1.2.3
e10
1e-
+
++1
e10
1e
-
1e-
0e
-
e10
abc
0e
++1
abc
0e
1e-
0e
1e+
000.e
000.e
1e-
abc
1e+
1e
++1
+
000.e
e10
1.2.3
0e
000.e
1e-
+
1e
000.e
1e-
-
1e-
++1
e10
++1
1e
1e+
abc
.
000.e
0e
abc
--2
1.2.3
1ee2
0e
-
++1
.
+
1ee2
1ee2
-
+
1e-
-
-
1e
1ee2
--2
--2
--2
1e
.
++1
1e-
1ee2
1.2.3
-
000.e
.
--2
1.2.3
1ee2
1.2.3
1e
+
1e+
1ee2
-
1e-
abc
1ee2
.
1.2.3
--2
0e
-
1e-
e10
0e
.
++1
1.2.3
abc
.
1.2.3
1e+
1e
++1
e10
--2
1ee2
.
1.2.3
--2
+
1ee2
1ee2
abc
000.e
1e+
1ee2
--2
1e-
1ee2
e10
++1
abc
1e-
1.2.3
1e+
1e-
abc
1e
--2
1e+
abc
1e+
000.e
--2
1e+
.
e10
++1
--2
--2
1.2.3
-
1ee2
--2
+
-
abc
e10
1e
+
1ee2
abc
0e
+
.
+
+
1.2.3
000.e
1ee2
1e+
e10
+
1e
.
0e
abc
-
1ee2
0e
1.2.3
1e-
0e
+
0e
.
0e
++1
1ee2
1e
0e
1ee2
1.2.3
-
e10
1e-
1.2.3
000.e
1.2.3
1e+
+
--2
.
e10
+
1.2.3
1.2.3
1ee2
.
-
-
0e
+
0e
-
abc
.
-
1e
e10
1ee2
1.2.3
+
abc
abc
abc
-
0e
1ee2
1ee2
0e
.
1e
+
++1
1e-
0e
1e
1.2.3
1e
1e
--2
e10
1.2.3
0e
1e
1e-
1e+
1e
0e
+
-
1e+
+
++1
1e-
.
1e-
1e+
--2
e10
1e+
1ee2
1.2.3
-
1e-
1e-
--2
e10
++1
1.2.3
1e
1e
++1
+
+
1e+
.
000.e
1e
abc
-
000.e
1e-
1e+
+
000.e
1e
++1
-
+
e10
abc
++1
000.e
0e
000.e
1ee2
.
1e+
1.2.3
1ee2
1e+
1ee2
0e
abc
000.e
+
1e+
abc
1e-
000.e
+
1ee2
1ee2
000.e
++1
abc
.
+
1e
1e
0e
e10
.
1e-
0e
000.e
++1
.
--2
-
1e+
0e
e10
000.e
+
++1
1e+
+
-
1e
0e
.
--2
-
--2
--2
-
0e
1e+
1e+
1e+
+
+
000.e
++1
1e+
1e
1e
--2
-
1e-
++1
+
abc
--2
-
++1
1e+
-
--2
.
-
++1
1ee2
1.2.3
++1
1.2.3
.
-
++1
abc
-
++1
+
+
1ee2
-
--2
000.e
1e+
1e+
e10
e10
1e-
1e-
e10
1e-
-
1e-
.
1ee2
000.e
+
--2
e10
1.2.3
abc
+
--2
1e-
++1
1e+
--2
--2
1e+
--2
+
++1
1e+
+
1e
1e-
e10
000.e
+
e10
.
1e
.
1e+
.
1ee2
+
e10
1ee2
e10
1e-
1e+
-
1.2.3
-
--2
-
abc
-
e10
000.e
-
+
--2
1e+
1e
.
1e-
1ee2
++1
1e+
1e
1.2.3
+
-
000.e
abc
.
1e
.
-
000.e
1ee2
--2
abc
0e
e10
0e
.
1ee2
1ee2
abc
.
1.2.3
abc
1.2.3
.
000.e
1.2.3
1e+
1.2.3
.
1.2.3
.
--2
--2
.
1.2.3
000.e
.
1ee2
+
1e-
1ee2
1e-
000.e
1e-
abc
1.2.3
e10
000.e
1.2.3
1ee2
000.e
1ee2
1e
++1
1e
1e+
e10
e10
0e
abc
abc
0e
1e+
1.2.3
abc
1.2.3
+
000.e
++1
1e
1ee2
abc
1ee2
abc
1e+
++1
1e
1.2.3
000.e
abc
+
0e
abc
1e+
++1
e10
1e-
e10
1e
0e
1e
1e
abc
000.e
.
1e+
e10
1e
1ee2
0e
.
000.e
--2
.
--2
-
abc
++1
abc
1ee2
.
.
--2
1ee2
.
abc
1e
-
1e
.
000.e
+
000.e
000.e
++1
-
1e
1e-
1e-
0e
0e
0e
e10
1ee2
0e
.
1e+
000.e
.
1ee2
1e
1ee2
000.e
++1
+
1ee2
abc
1e
1e
-
++1
+
+
1e+
--2
1e+
--2
000.e
e10
--2
1ee2
0e
.
1ee2
000.e
--2
1e-
.
+
--2
0e
--2
1e
1.2.3
e10
.
1e+
1e
+
--2
1ee2
e10
1.2.3
+
--2
1e-
.
--2
1e-
0e
1e+
-
1e
++1
1.2.3
abc
1e+
-
1e+
++1
--2
abc
000.e
-
1.2.3
0e
0e
abc
++1
++1
1.2.3
0e
000.e
+
abc
000.e
0e
1e-
+
.
1e
.
1e+
-
1e+
--2
1e
++1
1ee2
1.2.3
e10
+
1e+
e10
-
1e+
000.e
1.2.3
.
++1
.
-
-
000.e
000.e
+
abc
1e
000.e
abc
1e
+
1e
000.e
1.2.3
-
0e
0e
--2
e10
+
0e
+
-
0e
++1
++1
abc
+
000.e
.
e10
++1
++1
1ee2
abc
1ee2
--2
abc
1.2.3
000.e
-
0e
1e
e10
--2
0e
--2
1e
1e+
1e+
-
abc
1e
.
.
++1
e10
++1
1e+
+
1e
++1
1.2.3
000.e
1ee2
1ee2
abc
e10
1e+
1e
1.2.3
1.2.3
-
000.e
--2
+
.
1e-
0e
1e
abc
0e
-
--2
abc
1.2.3
1ee2
--2
1.2.3
--2
e10
++1
1ee2
--2
1e
1.2.3
0e
-
--2
000.e
1e
-
1e
abc
1e
++1
abc
++1
1.2.3
++1
-
1e
1e+
1e
1e-
e10
1ee2
--2
.
1e+
+
1e-
+
0e
-
.
abc
1e-
.
1e
--2
abc
--2
1ee2
1e+
.
++1
e10
--2
000.e
++1
1.2.3
1e+
1ee2
+
1e-
1e+
++1
--2
+
1e
+
-
000.e
0e
1e+
000.e
abc
--2
1e-
000.e
1e
000.e
+
000.e
000.e
000.e
--2
000.e
000.e
.
.
.
-
1e-
abc
1e+
1.2.3
1.2.3
1.2.3
1e
1ee2
++1
1ee2
1e+
000.e
e10
1e+
abc
1e+
1.2.3
e10
e10
--2
e10
abc
1e
1e-
1e-
000.e
-
1e-
++1
-
1ee2
abc
1.2.3
--2
++1
1e
++1
1ee2
.
.
1e+
1ee2
+
1ee2
++1
.
0e
0e
e10
1ee2
1.2.3
-
.
1e-
1e
1e-
abc
000.e
.
abc
e10
1.2.3
1.2.3
1.2.3
1e
.
1ee2
1.2.3
1e+
--2
1.2.3
.
1e-
e10
1ee2
.
+
++1
++1
1e+
1e-
1e
000.e
1e+
abc
000.e
1e-
.
.
1e-
1e+
1e-
-
--2
0e
-
1ee2
1e-
-
--2
+
++1
e10
--2
-
--2
++1
e10
++1
1e
abc
abc
--2
0e
1e+
e10
1e-
1ee2
e10
--2
--2
abc
-
--2
+
1e
1e+
++1
--2
++1
e10
-
1.2.3
.
abc
+
1e
++1
-
1ee2
1e-
+
0e
1ee2
++1
+
1e-
1e-
0e
-
abc
0e
+
+
e10
000.e
e10
1.2.3
1.2.3
1e+
1e+
1e-
abc
+
000.e
000.e
000.e
0e
--2
abc
1ee2
++1
1e-
0e
1e
1ee2
-
e10
1e-
1.2.3
++1
+
-
000.e
1.2.3
.
--2
++1
1ee2
abc
1ee2
000.e
000.e
+
1e+
+
1.2.3
1e
++1
e10
000.e
--2
1e+
0e
abc
e10
0e
000.e
1e
1ee2
1e
1e
1e
+
++1
abc
1e-
1e-
1.2.3
-
1e
.
+
1ee2
000.e
++1
1e+
1ee2
1e
1.2.3
abc
abc
1e+
1.2.3
000.e
1ee2
-
.
1ee2
abc
000.e
1e
abc
-
--2
1.2.3
1e+
1.2.3
+
0e
--2
1e+
+
1e
1e-
++1
-
1e+
abc
--2
++1
++1
+
1e
1e-
.
e10
1ee2
abc
--2
000.e
.
000.e
e10
-
e10
abc
0e
0e
000.e
1e+
abc
.
0e
1.2.3
1ee2
1e-
abc
1e-
abc
1.2.3
1e+
1e
.
1e-
1.2.3
+
1.2.3
1e+
1e
.
1e-
1e+
0e
.
--2
.
1e-
-
abc
+
++1
0e
-
+
000.e
e10
1e+
-
1e-
--2
-
--2
1e
1e
000.e
-
e10
1ee2
1e
000.e
1.2.3
1e-
abc
1e
1e+
0e
e10
+
-
1.2.3
++1
1e+
1e-
1.2.3
000.e
+
.
abc
e10
+
1.2.3
1ee2
e10
-
1ee2
abc
.
0e
e10
1e+
1ee2
abc
++1
1ee2
1e
abc
1ee2
abc
++1
1e-
1e
-
000.e
000.e
1e+
.
e10
0e
abc
.
.
abc
abc
0e
.
e10
e10
1ee2
+
000.e
-
000.e
000.e
+
1e
+
0e
1.2.3
1ee2
abc
e10
e10
abc
1ee2
++1
1e+
-
.
abc
1.2.3
-
.
+
000.e
0e
e10
1ee2
1.2.3
1ee2
1e+
1e
-
1e+
++1
1e+
0e
1.2.3
+
e10
.
+
0e
1e-
1e
1e+
1e-
abc
1e+
-
e10
1e+
e10
e10
.
000.e
000.e
e10
1e
0e
abc
000.e
++1
e10
1e
0e
0e
--2
1ee2
1.2.3
+
1e-
.
1e
1e-
1ee2
1.2.3
1.2.3
abc
0e
0e
+
.
e10
0e
+
--2
e10
abc
++1
--2
abc
1.2.3
1e
.
1ee2
.
1e+
1e
+
1e-
abc
-
abc
1e
e10
+
--2
.
0e
1.2.3
000.e
1e
--2
1e
1e+
e10
1.2.3
1e+
1e-
1.2.3
-
1.2.3
++1
-
1ee2
000.e
1e
1e
--2
1.2.3
e10
+
--2
--2
1e
.
1e+
-
1ee2
-
0e
--2
abc
1ee2
e10
++1
0e
++1
0e
1e
.
1.2.3
1e-
0e
000.e
.
+
+
e10
1e-
--2
++1
abc
1.2.3
000.e
000.e
000.e
1e
1e+
.
abc
0e
--2
1e
abc
.
e10
1ee2
1e
e10
1.2.3
1e
0e
abc
abc
++1
-
++1
1e-
0e
1e+
000.e
1ee2
000.e
--2
-
1ee2
1.2.3
1.2.3
--2
000.e
-
e10
--2
1.2.3
e10
1e
1.2.3
1.2.3
1ee2
.
1ee2
000.e
++1
0e
--2
1.2.3
--2
abc
-
1.2.3
000.e
1e-
-
1e+
1e
1ee2
0e
+
0e
1e
abc
abc
1.2.3
abc
1.2.3
0e
0e
abc
++1
1.2.3
1.2.3
e10
1e-
-
-
++1
0e
1e+
++1
1ee2
1ee2
1e-
1e
e10
000.e
e10
-
1e
1e+
+
+
1ee2
000.e
0e
--2
+
1e-
1e-
1e-
+
0e
+
1e+
0e
0e
+
1e-
1e
0e
1ee2
1e-
1ee2
.
e10
++1
1.2.3
1.2.3
e10
++1
--2
.
--2
1.2.3
0e
1e
1ee2
--2
1ee2
--2
abc
.
1e+
1e+
1.2.3
abc
1e
.
000.e
0e
+
+
0e
+
1.2.3
e10
1.2.3
e10
--2
000.e
-
.
000.e
1e-
.
e10
abc
000.e
++1
1ee2
++1
--2
+
000.e
1.2.3
000.e
0e
+
1.2.3
1e-
-
-
-
1e
+
1ee2
.
+
1ee2
+
1e-
000.e
000.e
.
1e
1.2.3
1e-
1e+
e10
1.2.3
0e
.
-
1e-
+
++1
0e
1e
abc
e10
1e+
1ee2
e10
--2
1.2.3
1e-
1.2.3
000.e
.
1.2.3
1e-
.
1ee2
-
1e+
1e-
++1
0e
1e-
1e+
++1
000.e
1.2.3
1ee2
1ee2
.
++1
1e+
1e
abc
1e
0e
1e
000.e
-
++1
1e
++1
1e+
++1
e10
1e+
abc
1e+
000.e
--2
1e-
.
.
+
0e
1.2.3
1ee2
--2
.
-
1e-
++1
1e-
--2
-
++1
e10
e10
0e
1e+
1e-
-
1e-
.
1e+
++1
000.e
-
0e
abc
e10
1e-
-
-
.
.
1e
.
1e-
++1
-
e10
1e+
1e+
1e-
1e
1.2.3
1.2.3
--2
1e
1e+
1e+
-
1e-
1.2.3
++1
-
+
1e+
1e+
1ee2
0e
1.2.3
--2
--2
1.2.3
0e
1e-
1.2.3
000.e
abc
e10
e10
+
1e-
abc
1e-
.
abc
+
1e+
.
1.2.3
-
000.e
1e+
--2
1e+
e10
-
1e
abc
+
e10
1e
abc
000.e
1e+
0e
.
-
1ee2
1e-
.
000.e
-
1e
1e
0e
1e+
.
abc
1.2.3
+
1e-
1e+
1ee2
1.2.3
e10
1e-
0e
1e-
1.2.3
1e
-
--2
000.e
000.e
1e
1.2.3
1ee2
+
-
++1
1ee2
e10
+
1ee2
++1
1e
.
1e-
1e+
1ee2
abc
abc
1.2.3
-
abc
1e
000.e
1ee2
.
0e
e10
1e+
.
-
--2
0e
e10
.
+
--2
000.e
0e
0e
e10
+
1ee2
1ee2
--2
1e-
.
abc
1e
1e-
1e
-
1ee2
++1
1e+
1e-
e10
1ee2
++1
abc
+
e10
+
abc
0e
+
+
e10
1.2.3
000.e
1e-
+
.
1.2.3
1e
1.2.3
1e+
000.e
.
.
.
abc
0e
1e
abc
1e+
0e
abc
1.2.3
-
1.2.3
1e-
abc
1e+
1e-
1e+
e10
1e-
1e+
.
1e
.
e10
abc
-
000.e
1e+
0e
1e
.
+
-
+
000.e
1e+
--2
1ee2
.
1e+
++1
++1
1e+
+
+
1e+
1e
000.e
0e
e10
++1
1.2.3
1.2.3
++1
--2
++1
1ee2
0e
.
.
1.2.3
1e-
0e
1e-
e10
1e-
1e
1e
1.2.3
000.e
1.2.3
1e+
--2
1.2.3
abc
1e-
1e
+
e10
1e+
e10
0e
000.e
000.e
+
1e+
e10
.
000.e
1e
000.e
.
1ee2
1e+
++1
++1
1.2.3
.
++1
1e+
-
+
1e-
000.e
-
e10
++1
++1
0e
abc
-
1ee2
--2
++1
abc
+
1e+
.
1e+
++1
+
1e
.
e10
1e-
000.e
--2
1e+
1.2.3
1e+
1e
.
0e
-
++1
000.e
abc
--2
+
0e
+
+
-
1.2.3
-
0e
--2
1e
1.2.3
1e+
.
+
.
--2
abc
++1
++1
.
abc
e10
++1
-
++1
000.e
e10
--2
1e+
e10
1ee2
e10
+
-
+
000.e
e10
--2
1.2.3
.
abc
1ee2
1e-
1e+
1e-
abc
1e
1e+
1e+
--2
e10
1ee2
--2
++1
-
000.e
-
.
++1
1e+
1.2.3
abc
+
1e+
1.2.3
+
1.2.3
1e-
1e+
++1
1e+
e10
++1
e10
e10
.
0e
1e
-
000.e
abc
+
.
+
1e-
--2
0e
0e
1e+
0e
++1
+
1e+
-
1ee2
--2
1e+
++1
1e-
.
abc
0e
e10
1e+
-
1e+
e10
.
1ee2
+
-
e10
.
--2
.
-
abc
++1
1e
e10
000.e
000.e
1ee2
abc
1e
1e+
0e
1e
e10
1ee2
1e
+
abc
1.2.3
1ee2
abc
1ee2
1e
+
+
++1
1ee2
--2
1e
++1
.
e10
++1
1ee2
000.e
-
1.2.3
0e
--2
+
++1
-
e10
1e
1e+
+
1e+
1e-
abc
--2
000.e
++1
++1
-
-
--2
abc
abc
--2
.
.
1e+
-
-
0e
e10
+
abc
.
1.2.3
1ee2
000.e
1ee2
abc
000.e
1e+
e10
+
-
e10
-
++1
.
000.e
1e
000.e
++1
-
1ee2
-
1e+
1ee2
.
1.2.3
1e-
1ee2
1e-
--2
1e-
1e+
1e
-
000.e
-
e10
1e-
1e
000.e
000.e
abc
000.e
-
--2
000.e
1.2.3
+
+
-
++1
1ee2
1.2.3
1e-
abc
1.2.3
1e+
0e
1ee2
1.2.3
++1
1e+
abc
1e+
0e
abc
abc
-
+
1e+
1e
1e
1ee2
.
1e
--2
--2
0e
++1
1ee2
1e+
1ee2
--2
000.e
--2
000.e
e10
1e
1e+
-
+
e10
1ee2
+
.
abc
1e
1e-
e10
.
+
1e+
1ee2
000.e
1e
--2
1ee2
1e+
1e-
000.e
e10
-
-
1e-
++1
0e
++1
++1
-
0e
1.2.3
0e
1.2.3
abc
1e+
1e
abc
-
1ee2
--2
abc
-
-
0e
1e-
1.2.3
e10
0e
--2
1ee2
-
+
1.2.3
1e-
1.2.3
1ee2
000.e
--2
1e
e10
.
000.e
.
+
--2
--2
abc
--2
.
++1
--2
0e
--2
000.e
1e-
--2
-
--2
000.e
1.2.3
++1
1.2.3
1e
++1
--2
+
abc
1ee2
--2
++1
-
1.2.3
1e-
+
000.e
.
.
1e
0e
1e
1e-
+
000.e
.
+
1.2.3
1.2.3
.
+
+
--2
abc
+
1ee2
abc
--2
e10
abc
1e-
++1
abc
e10
--2
1.2.3
1ee2
--2
-
++1
--2
.
1ee2
1e
--2
-
1e
0e
1e+
1e
1ee2
abc
abc
--2
1.2.3
1e+
++1
0e
abc
1e+
--2
000.e
.
+
e10
0e
1e-
+
000.e
0e
--2
+
++1
000.e
.
000.e
abc
abc
++1
000.e
1e-
++1
--2
+
1e-
1e
.
e10
-
--2
+
abc
--2
--2
.
--2
.
1ee2
e10
+
--2
1ee2
1e
++1
-
+
1e
0e
0e
1ee2
1e+
1e+
000.e
1e-
1e-
+
e10
1ee2
1e+
+
1e-
1e-
.
++1
e10
.
1e+
0e
1e-
e10
++1
++1
++1
--2
e10
1e
1e
-
+
1e
1e+
1e
-
e10
-
e10
e10
1e-
.
1e
-
1e-
e10
abc
1.2.3
1.2.3
1ee2
1e
1.2.3
abc
1e-
e10
+
000.e
++1
+
.
1e-
1e+
++1
+
0e
1e-
1e+
+
--2
1e
1e
.
000.e
0e
--2
1e-
1e-
1e
1e-
1e+
1e
.
0e
.
1e-
-
--2
1e-
1ee2
1.2.3
++1
+
-
-
0e
e10
1e
0e
000.e
1e-
e10
-
1e+
-
1e+
+
.
1e-
.
1e-
+
1.2.3
--2
--2
-
0e
+
-
1e-
abc
abc
1e+
000.e
1e-
1.2.3
1ee2
1e
--2
.
e10
+
1.2.3
e10
e10
+
abc
1e
e10
1e-
abc
++1
0e
++1
e10
abc
1e
1ee2
000.e
abc
e10
1.2.3
abc
abc
+
1e
-
+
abc
1e+
-
.
1e
.
e10
1ee2
1e
1e+
.
.
1e-
.
.
e10
0e
e10
--2
1ee2
1e-
0e
1e
++1
0e
.
-
--2
abc
000.e
++1
0e
abc
1ee2
e10
1e-
-
1.2.3
1ee2
000.e
+
.
--2
.
1ee2
1e
-
.
000.e
1e
++1
1e+
0e
0e
1e-
1.2.3
1e
1ee2
1e+
-
000.e
0e
1e-
e10
-
1e
1e+
1ee2
++1
.
1e-
+
-
1e-
+
++1
0e
1e-
++1
1e-
1.2.3
1e-
000.e
1ee2
.
1ee2
0e
--2
++1
++1
1ee2
000.e
1.2.3
++1
--2
000.e
1e
abc
1e+
000.e
--2
1.2.3
1ee2
e10
.
+
1ee2
1e
1.2.3
++1
-
1ee2
.
abc
.
abc
e10
-
--2
1e+
++1
.
.
e10
abc
1e-
+
1e
e10
e10
+
-
1e+
+
--2
1e
.
-
1e+
-
-
1e
abc
+
1e
+
1.2.3
1e-
+
--2
1e-
1e-
e10
+
e10
-
.
--2
1e-
+
+
--2
e10
e10
++1
0e
0e
1e-
1.2.3
e10
e10
-
1e-
-
abc
++1
1ee2
abc
++1
000.e
1e+
-
abc
abc
e10
1.2.3
-
-
e10
--2
.
abc
++1
0e
1e
0e
++1
++1
++1
--2
1ee2
e10
1e+
1.2.3
abc
1e+
-
-
1ee2
+
0e
1e-
abc
++1
1e
000.e
abc
1e-
-
1e
000.e
+
--2
0e
abc
1e
1ee2
+
--2
000.e
1e-
.
+
+
--2
.
1e
1e+
.
000.e
+
1e+
-
--2
1ee2
e10
abc
-
1ee2
1ee2
--2
1.2.3
abc
+
-
e10
+
0e
1e
1e
1e+
1.2.3
1e
abc
--2
.
0e
.
++1
+
1e+
abc
1ee2
1ee2
1ee2
--2
1e+
abc
--2
1e+
-
-
0e
e10
1e+
1ee2
1e
1e
0e
1e
--2
1e+
0e
1.2.3
000.e
1.2.3
1e-
1e+
.
++1
1e-
e10
000.e
1ee2
000.e
1e
.
e10
++1
--2
+
++1
++1
++1
000.e
+
-
1e+
--2
1e
e10
1e
--2
++1
--2
++1
++1
-
+
++1
+
000.e
000.e
0e
1e-
.
++1
.
--2
000.e
1e
++1
1ee2
1e-
.
1e+
-
1e
1e+
1.2.3
e10
abc
1ee2
.
0e
++1
1.2.3
++1
1e+
e10
.
1ee2
1e-
1ee2
++1
000.e
1.2.3
1ee2
1e-
000.e
0e
1ee2
.
--2
1e-
1e-
e10
1e
-
1e-
1.2.3
1.2.3
abc
1e-
abc
000.e
.
0e
abc
-
1e-
1ee2
1e-
1e+
1.2.3
abc
e10
0e
+
.
++1
1.2.3
.
0e
--2
1.2.3
000.e
++1
1ee2
1e
000.e
+
.
e10
e10
+
--2
.
1ee2
.
1e+
abc
.
.
-
+
+
0e
.
--2
1.2.3
1e+
.
1e-
1ee2
1e
-
1.2.3
1e+
1e+
.
1.2.3
1ee2
1ee2
1e-
1e-
--2
1.2.3
+
e10
000.e
.
1e+
+
++1
.
e10
-
1e+
+
1e-
1e+
0e
abc
1.2.3
-
abc
000.e
abc
--2
--2
.
.
1.2.3
000.e
1e-
-
+
0e
+
abc
e10
-
1e
1e-
e10
-
1.2.3
1e+
-
.
.
1.2.3
--2
abc
.
1e+
.
+
1.2.3
1ee2
-
1.2.3
1e+
1ee2
1.2.3
-
-
1e
000.e
0e
1e
1e-
--2
1e-
.
1e+
++1
1ee2
++1
+
0e
--2
e10
1e+
1e
1e+
++1
1ee2
1e
+
abc
1.2.3
1ee2
000.e
1.2.3
e10
000.e
+
--2
++1
++1
--2
+
1.2.3
1e
000.e
--2
.
.
000.e
1.2.3
.
1ee2
+
-
e10
1e+
1e+
e10
1.2.3
abc
e10
1e
0e
.
1ee2
1e
1e-
abc
1ee2
1ee2
+
1e+
+
1ee2
.
0e
abc
-
1e
1e
+
0e
++1
+
--2
++1
0e
++1
e10
+
++1
1e
abc
.
--2
--2
e10
.
1e
1ee2
.
0e
.
-
1e
--2
++1
e10
+
++1
0e
abc
+
abc
e10
.
0e
1ee2
1ee2
++1
0e
+
1.2.3
--2
--2
1e
1ee2
++1
abc
000.e
--2
1.2.3
-
e10
1e
--2
1e
abc
+
abc
1e+
abc
1e-
1e
.
+
1e
1ee2
1e+
0e
1e-
1e+
1.2.3
++1
1.2.3
-
++1
.
0e
000.e
abc
1e
e10
+
--2
+
1e-
1.2.3
1.2.3
1.2.3
abc
000.e
1.2.3
.
1e+
++1
1ee2
--2
++1
1e+
1.2.3
e10
0e
-
0e
--2
--2
++1
.
+
000.e
+
1.2.3
1e+
e10
1e-
+
1e+
1e+
1e+
1e-
+
-
0e
--2
1.2.3
.
1e
0e
1e
.
e10
.
1e+
1e+
++1
0e
000.e
++1
1.2.3
1.2.3
000.e
e10
1e+
+
e10
+
1e-
-
abc
1ee2
++1
e10
.
+
1e-
0e
1e+
--2
abc
-
000.e
000.e
000.e
1.2.3
1e-
1.2.3
1e-
+
1e+
1e
0e
e10
1ee2
1e
--2
1e-
1e+
0e
.
0e
1e-
.
++1
1e+
0e
1.2.3
1e
0e
1e-
1e
+
0e
0e
0e
abc
000.e
1e
++1
--2
-
e10
1ee2
--2
+
1ee2
1e
0e
000.e
--2
++1
000.e
1ee2
1.2.3
--2
++1
1e-
1.2.3
1e+
1e-
1.2.3
abc
abc
--2
1e-
1.2.3
-
abc
0e
000.e
1.2.3
-
--2
.
+
1.2.3
-
+
000.e
+
1ee2
1e
.
.
000.e
.
1e+
1e+
1e
0e
1e+
1.2.3
.
++1
1ee2
e10
+
1e+
.
--2
.
+
abc
0e
-
1.2.3
.
-
0e
1e
.
e10
1e-
abc
--2
e10
abc
1ee2
1.2.3
1.2.3
1e+
0e
1e
1ee2
1ee2
000.e
1e-
++1
000.e
1e-
abc
1e
1e+
abc
1ee2
--2
1e+
--2
1.2.3
-
0e
++1
000.e
1ee2
1ee2
1ee2
1ee2
e10
+
0e
++1
--2
1e-
1e+
1.2.3
+
1ee2
.
+
--2
++1
1ee2
1.2.3
.
abc
1e-
0e
.
e10
+
1.2.3
--2
000.e
1ee2
abc
+
+
1.2.3
--2
-
e10
+
-
.
1.2.3
0e
-
abc
1.2.3
0e
++1
1e-
1e
1e
--2
1e+
0e
abc
000.e
000.e
0e
1e
++1
--2
1.2.3
++1
--2
1ee2
1.2.3
0e
1e
1e-
e10
e10
--2
abc
.
+
abc
abc
000.e
abc
000.e
0e
abc
-
1e+
--2
.
0e
abc
1.2.3
1e-
1e-
++1
1.2.3
1e
0e
--2
1ee2
e10
abc
1ee2
--2
1ee2
1ee2
000.e
--2
1.2.3
.
1ee2
-
abc
-
1e+
0e
-
abc
.
1e-
1ee2
.
1e
e10
000.e
abc
+
e10
1e+
.
000.e
e10
0e
e10
e10
1ee2
.
+
1.2.3
1e-
000.e
1e
1.2.3
1ee2
+
abc
abc
.
1.2.3
abc
000.e
e10
1e
-
1e-
1e-
++1
e10
.
++1
abc
1e
-
.
abc
1e
1.2.3
++1
1ee2
-
1e
++1
1ee2
1.2.3
abc
-
0e
0e
1ee2
1e-
1.2.3
1e+
-
--2
1e+
abc
e10
.
++1
1.2.3
1.2.3
1e-
1e+
0e
000.e
+
e10
1.2.3
--2
1e-
abc
e10
+
++1
abc
++1
000.e
--2
++1
1e
1e-
.
++1
-
+
.
+
1e+
abc
1.2.3
-
000.e
+
e10
--2
abc
0e
000.e
1e-
-
1e-
.
1e
1e-
000.e
e10
1.2.3
0e
e10
+
1ee2
1e
1.2.3
+
0e
--2
.
+
1ee2
-
0e
000.e
-
abc
+
abc
0e
e10
1.2.3
1e
e10
1e+
1ee2
-
1ee2
1e-
000.e
000.e
1ee2
1e
1ee2
1e+
+
--2
1e-
000.e
1e+
000.e
1e
e10
+
1.2.3
-
1e
-
.
+
++1
000.e
+
-
1.2.3
.
1.2.3
000.e
1e-
1ee2
+
1e-
1e
-
e10
-
1e+
1e+
1e-
++1
e10
.
000.e
1e-
1e+
0e
1e+
abc
abc
e10
++1
+
abc
--2
000.e
--2
1e
e10
1ee2
+
1e
0e
0e
e10
0e
1e+
1e+
-
-
+
1e
1e+
1e-
++1
++1
000.e
-
.
+
++1
1.2.3
1e-
e10
-
abc
1e+
0e
abc
0e
--2
++1
000.e
abc
000.e
++1
++1
abc
.
0e
.
++1
+
-
1e-
e10
+
abc
.
000.e
+
1ee2
abc
.
1e+
000.e
1e-
.
e10
000.e
0e
-
0e
1e
-
1e-
0e
1e-
e10
1e
++1
abc
0e
000.e
1e+
e10
abc
+
++1
+
1e
1e-
1e
-
abc
1e-
++1
++1
1ee2
++1
000.e
1e-
+
.
0e
e10
-
1ee2
1e-
e10
1ee2
e10
1e
++1
0e
1e-
1.2.3
-
1ee2
0e
1.2.3
000.e
+
e10
+
--2
-
e10
1e-
e10
1e
++1
++1
.
e10
000.e
.
1ee2
.
e10
1ee2
1e
--2
abc
1e-
++1
-
0e
+
e10
1ee2
abc
e10
++1
++1
1.2.3
1e+
1.2.3
+
1ee2
-
000.e
.
000.e
e10
+
--2
1.2.3
1.2.3
1.2.3
000.e
--2
1ee2
.
1e+
1e-
1.2.3
++1
abc
e10
1e-
+
e10
0e
--2
e10
+
--2
--2
000.e
e10
000.e
1.2.3
+
1.2.3
1ee2
+
.
abc
--2
000.e
1e
1e
-
0e
+
1.2.3
0e
1e-
e10
1e+
-
+
abc
abc
++1
-
abc
1e-
0e
+
e10
1e+
abc
e10
1e+
000.e
++1
1e+
e10
1e-
-
0e
000.e
abc
--2
1.2.3
1.2.3
1.2.3
.
--2
0e
1.2.3
1e+
+
1ee2
1e-
1.2.3
1ee2
abc
1ee2
1e
000.e
--2
e10
-
000.e
--2
0e
.
1e
e10
1e
1e-
1e+
1.2.3
abc
1e+
abc
.
+
+
e10
1e+
1e-
++1
1e-
1.2.3
abc
e10
1e-
1e
+
1ee2
-
1.2.3
abc
1e-
1ee2
e10
++1
1e+
-
0e
+
1e
1.2.3
1e-
.
-
1e+
1ee2
++1
++1
++1
--2
1e+
1e-
1e-
.
abc
1e-
1.2.3
.
1.2.3
abc
1e+
1e
1e+
--2
abc
1ee2
.
000.e
1e
0e
1e
e10
+
1e
1e-
1e-
1e
0e
1.2.3
--2
1e
1e+
1e+
.
abc
1.2.3
+
--2
1.2.3
.
1.2.3
--2
--2
.
1.2.3
--2
e10
abc
1e
1e-
1e+
1e
--2
000.e
1.2.3
0e
++1
+
1e-
1.2.3
000.e
--2
.
-
--2
000.e
000.e
++1
000.e
1e+
-
0e
e10
1e-
--2
1e
1.2.3
+
1.2.3
1ee2
1e+
--2
1e-
e10
1e-
++1
-
000.e
e10
e10
.
++1
--2
abc
1e-
e10
abc
-
abc
++1
.
1ee2
--2
0e
--2
-
abc
0e
abc
000.e
1ee2
++1
1ee2
0e
+
e10
+
1ee2
--2
0e
1.2.3
1e+
.
.
0e
1.2.3
1ee2
.
1.2.3
+
1e+
++1
abc
--2
--2
1e
++1
-
abc
+
1ee2
000.e
abc
e10
-
abc
1ee2
+
++1
e10
000.e
1e-
.
0e
1e
e10
-
++1
+
-
000.e
1.2.3
--2
.
.
1ee2
++1
abc
1e+
--2
1e+
+
1e+
0e
e10
1ee2
1.2.3
-
++1
1e
e10
.
-
1ee2
1e+
e10
0e
1.2.3
0e
1.2.3
.
++1
1.2.3
1.2.3
.
abc
1ee2
-
1e+
-
0e
1e-
-
0e
-
1.2.3
abc
--2
.
-
e10
.
1ee2
-
1.2.3
e10
0e
0e
-
--2
+
1ee2
-
e10
1e+
e10
+
0e
1e-
0e
1e+
.
.
1e-
1e
--2
1.2.3
.
-
000.e
1.2.3
e10
abc
1.2.3
1.2.3
0e
1ee2
1e+
1e
1e
000.e
1.2.3
++1
0e
000.e
e10
-
abc
.
0e
1e
++1
+
.
abc
.
0e
+
+
e10
0e
0e
.
1e+
1.2.3
abc
000.e
.
0e
.
abc
000.e
1e+
000.e
-
--2
abc
--2
abc
0e
000.e
1e+
0e
000.e
abc
1e-
e10
1.2.3
e10
e10
1e-
abc
.
1e
1e+
1ee2
1e-
1e-
.
--2
1ee2
1.2.3
--2
1e-
+
++1
abc
-
1e
+
+
++1
abc
++1
000.e
++1
++1
-
1e+
abc
0e
.
-
000.e
--2
-
++1
-
1e+
abc
1e+
1e+
1e
e10
-
e10
+
.
abc
abc
+
.
000.e
--2
--2
000.e
--2
000.e
1e-
1e-
+
--2
1ee2
--2
1.2.3
1ee2
--2
1ee2
1ee2
+
1e+
+
--2
e10
000.e
+
1e
+
1e
0e
e10
-
--2
000.e
000.e
+
-
e10
1ee2
e10
1e-
.
0e
--2
0e
--2
--2
.
e10
--2
.
++1
.
1e-
++1
--2
.
+
1ee2
1ee2
1e
-
abc
abc
-
abc
++1
000.e
1.2.3
abc
abc
1ee2
abc
000.e
--2
++1
1e+
-
abc
000.e
.
0e
0e
1ee2
++1
0e
--2
-
e10
e10
--2
++1
1.2.3
1e-
e10
1ee2
1.2.3
e10
1e+
e10
1e
1ee2
e10
1e
--2
-
000.e
+
000.e
1e-
abc
1.2.3
--2
000.e
1e-
--2
0e
abc
1.2.3
1e-
1e
++1
e10
1e-
0e
0e
e10
1e-
1e-
--2
-
abc
e10
--2
0e
+
abc
++1
1ee2
++1
1e+
+
+
0e
1ee2
1e-
1ee2
--2
1e
1.2.3
+
0e
+
000.e
-
1ee2
1e+
0e
++1
0e
++1
1e+
.
++1
--2
-
000.e
000.e
1ee2
1e
+
++1
1e
0e
e10
000.e
1e-
1ee2
+
1e
abc
.
000.e
1.2.3
1ee2
++1
0e
.
000.e
1e
0e
1ee2
abc
+
++1
000.e
1e-
1.2.3
-
.
+
++1
++1
--2
1.2.3
e10
+
-
1e+
.
e10
1e
1e
0e
1e-
+
--2
-
++1
++1
1e
--2
1.2.3
abc
1e-
abc
1e+
+
-
0e
abc
--2
1e+
1e
+
e10
+
e10
+
abc
e10
1ee2
-
+
0e
-
1.2.3
abc
1e
1ee2
abc
abc
+
-
000.e
+
e10
000.e
000.e
-
.
1ee2
000.e
-
0e
1ee2
-
0e
++1
000.e
000.e
1ee2
.
1ee2
0e
abc
++1
0e
1e-
-
000.e
1e-
abc
1e+
--2
1e
+
1ee2
--2
+
.
e10
1e-
1e-
1ee2
++1
1.2.3
--2
1e-
000.e
+
.
++1
1.2.3
-
000.e
+
1e
+
--2
+
++1
1ee2
1ee2
000.e
abc
+
e10
e10
e10
000.e
--2
++1
1e+
++1
++1
-
-
+
1e+
0e
0e
+
e10
e10
abc
-
e10
1.2.3
abc
1e+
e10
abc
-
1e
000.e
0e
000.e
.
+
1.2.3
e10
0e
abc
1e-
1ee2
e10
1e+
0e
abc
0e
1e
1e-
1e+
1e+
0e
--2
1e
1e+
1.2.3
--2
-
--2
0e
+
1e
++1
1e
1ee2
-
.
--2
e10
000.e
e10
1.2.3
1e-
1ee2
1e-
abc
abc
+
1e
+
abc
e10
1e+
-
1.2.3
+
1e+
0e
1e-
abc
e10
+
1e
--2
++1
e10
1e+
-
abc
++1
000.e
000.e
+
e10
1ee2
.
1.2.3
1e+
++1
--2
1ee2
abc
.
1e
0e
e10
e10
+
000.e
0e
1.2.3
--2
abc
abc
1ee2
1e+
--2
-
1ee2
1e
abc
1ee2
1.2.3
1e
++1
--2
++1
--2
1e
+
++1
-
+
+
1e
000.e
1e
0e
0e
e10
0e
++1
+
000.e
e10
1ee2
000.e
-
+
000.e
.
-
abc
+
000.e
-
e10
-
1e-
.
e10
000.e
1e+
e10
--2
000.e
-
--2
0e
e10
1.2.3
e10
1e-
000.e
+
0e
1.2.3
1e-
1.2.3
1ee2
1e
--2
e10
000.e
--2
abc
e10
1e-
e10
--2
1e+
abc
-
0e
0e
1.2.3
--2
1ee2
e10
+
1e+
1e
++1
1e
1e-
-
++1
++1
1e
1e+
.
1.2.3
--2
1e-
1.2.3
--2
1e-
1e+
+
abc
.
+
++1
1.2.3
0e
1ee2
++1
.
000.e
+
1e
++1
+
1ee2
--2
-
0e
1e-
--2
abc
1e-
--2
e10
1e-
.
.
1e
1.2.3
e10
1.2.3
++1
.
-
1e-
1e-
.
-
.
000.e
abc
1e+
.
1e+
1ee2
000.e
0e
1e+
-
000.e
000.e
++1
e10
++1
1e
-
1ee2
-
-
1e
000.e
abc
1ee2
1e-
1.2.3
1e+
e10
e10
1e-
abc
1e
1e
000.e
000.e
1.2.3
1e-
.
abc
1ee2
e10
abc
1e
1ee2
1.2.3
--2
++1
1e-
0e
1ee2
000.e
--2
--2
.
.
000.e
--2
0e
.
000.e
+
000.e
abc
0e
e10
.
e10
.
1.2.3
e10
1e
1e+
1e-
000.e
abc
0e
e10
0e
e10
+
.
--2
-
.
1e-
0e
1.2.3
1ee2
1e-
-
-
1e+
-
++1
0e
abc
--2
.
+
1.2.3
e10
000.e
1e
.
1e+
e10
++1
.
e10
0e
1e+
+
000.e
1ee2
1.2.3
+
1.2.3
1ee2
abc
0e
0e
--2
1e+
1e+
+
+
+
000.e
--2
--2
++1
1ee2
1e+
--2
1e-
1e+
.
1.2.3
1e+
.
1e-
-
1e+
1e+
1e
0e
1e+
1e+
++1
1.2.3
1.2.3
+
--2
--2
e10
+
1e-
1e+
1.2.3
e10
1e-
1e+
abc
e10
-
--2
.
1e+
000.e
+
0e
000.e
1.2.3
1e+
-
++1
+
1e-
.
1.2.3
--2
+
1e-
1ee2
e10
1ee2
1ee2
1ee2
.
e10
-
--2
abc
+
+
1ee2
+
1ee2
abc
1e
+
++1
1.2.3
0e
+
1ee2
++1
1.2.3
+
1e
e10
++1
1.2.3
1.2.3
1e
--2
1e
1ee2
-
1e-
abc
1e-
1e+
++1
1e
e10
.
+
1e+
++1
0e
-
0e
+
abc
-
.
--2
1e-
1e
-
1.2.3
0e
1e-
0e
1ee2
+
1ee2
+
+
1ee2
1e
1ee2
++1
+
1ee2
+
--2
1e-
0e
-
1e+
0e
++1
abc
++1
000.e
1ee2
.
0e
abc
-
abc
000.e
1e-
1e-
--2
abc
+
1.2.3
abc
.
0e
e10
1ee2
++1
1e-
+
1.2.3
.
1e-
abc
1e
1ee2
--2
e10
abc
1e-
000.e
e10
1e+
.
1.2.3
1ee2
000.e
e10
+
1e-
1e+
.
0e
1.2.3
e10
000.e
1.2.3
1ee2
abc
1.2.3
e10
1.2.3
.
1.2.3
1.2.3
abc
e10
++1
1ee2
1e-
++1
--2
abc
++1
e10
1ee2
e10
e10
0e
--2
++1
1e
.
-
-
1.2.3
1e+
1ee2
-
+
1ee2
e10
++1
0e
1ee2
e10
abc
1e+
e10
abc
e10
.
0e
0e
1e+
1ee2
1.2.3
abc
.
1.2.3
000.e
1ee2
1e+
-
0e
1ee2
.
000.e
0e
e10
1e
e10
--2
0e
1.2.3
abc
1.2.3
1e-
1.2.3
+
1ee2
+
+
1e-
1ee2
1e+
--2
++1
0e
e10
1ee2
.
000.e
.
1e+
--2
1ee2
1ee2
1e-
1e+
1ee2
0e
1e-
abc
e10
++1
+
-
-
--2
e10
e10
.
1.2.3
-
++1
1e-
1e-
1.2.3
1.2.3
0e
e10
1.2.3
1ee2
e10
1e+
.
1.2.3
1e+
--2
1.2.3
++1
000.e
abc
000.e
1e-
1e-
abc
.
-
abc
1e+
1e-
abc
1e
e10
++1
abc
000.e
000.e
1e+
1e
000.e
000.e
1e-
1e+
e10
000.e
e10
++1
1.2.3
1e+
--2
1e
1ee2
e10
e10
1e+
0e
+
1.2.3
.
000.e
1e
.
.
1e
e10
1.2.3
e10
--2
1e-
+
e10
++1
1ee2
++1
1.2.3
-
++1
1e-
.
.
1.2.3
--2
+
abc
000.e
-
0e
--2
e10
.
0e
1e+
-
1e-
-
1.2.3
1e
.
1e
1e+
1.2.3
-
0e
--2
++1
--2
1e+
abc
1ee2
1e+
1ee2
abc
++1
1e
1e
1e+
e10
000.e
+
1e-
abc
1e-
-
.
--2
--2
+
0e
1e
--2
1ee2
1e+
000.e
--2
1e
1e+
+
abc
--2
1.2.3
1e-
1ee2
--2
1ee2
abc
+
1.2.3
1ee2
1e+
e10
0e
1ee2
1e+
-
abc
+
000.e
+
1.2.3
1e+
000.e
1.2.3
++1
abc
++1
.
1e
-
1.2.3
.
1ee2
.
1e+
--2
1e-
--2
-
.
abc
1e
000.e
++1
abc
1e-
+
e10
++1
-
++1
-
1e+
000.e
1.2.3
000.e
0e
1ee2
1e
--2
+
e10
0e
1e
++1
.
--2
e10
1.2.3
1e+
1e
--2
1e
+
-
e10
000.e
1e-
+
1e
0e
++1
000.e
000.e
1e-
.
abc
000.e
1.2.3
0e
e10
.
++1
000.e
abc
1e
000.e
++1
++1
-
1e
0e
000.e
1e+
1e
++1
+
.
1e+
++1
1e
1e
++1
1.2.3
++1
e10
1.2.3
1ee2
1e
.
1e-
0e
++1
1.2.3
0e
-
-
1e-
++1
++1
0e
1e
1.2.3
1.2.3
++1
1ee2
1.2.3
1e+
1.2.3
abc
1ee2
1.2.3
1e+
0e
++1
abc
0e
++1
1.2.3
1.2.3
++1
1e-
1e+
abc
1.2.3
++1
1e
++1
1e+
.
1e+
0e
1ee2
e10
1.2.3
e10
1e
1.2.3
000.e
-
1e
1e+
e10
++1
++1
1e+
-
.
e10
+
e10
.
1ee2
000.e
-
000.e
.
0e
000.e
000.e
1e-
1e-
000.e
++1
++1
1ee2
1e
.
.
1e-
1e
000.e
1.2.3
-
1e
1e+
+
-
e10
.
1.2.3
1e+
1e
000.e
.
1ee2
1e
1e+
.
1e
1e
1e+
1.2.3
.
.
1e
--2
++1
1e+
1e
000.e
.
1e+
0e
1e
1e-
0e
e10
--2
--2
1e+
-
-
1ee2
--2
-
1.2.3
000.e
0e
+
0e
000.e
1ee2
--2
1e
--2
1e-
++1
--2
1e+
++1
++1
0e
1e+
1e-
.
abc
1e+
.
1.2.3
0e
1.2.3
1e-
abc
+
1e-
1e
++1
-
.
++1
abc
1e
abc
-
1ee2
--2
e10
1.2.3
-
+
1e
0e
1ee2
-
+
abc
++1
1e-
--2
0e
0e
1e+
abc
++1
1e-
1e
e10
--2
1e+
1.2.3
1.2.3
1e-
1e-
1.2.3
1.2.3
.
1ee2
000.e
+
++1
1e+
1e
1e
1e-
000.e
0e
.
abc
1e
1ee2
--2
.
--2
-
1.2.3
1.2.3
++1
--2
-
++1
+
abc
000.e
+
1.2.3
000.e
1e
1e
000.e
1.2.3
--2
.
+
++1
1.2.3
abc
-
--2
000.e
-
+
+
+
0e
-
-
+
1e
.
-
--2
000.e
-
abc
0e
abc
0e
1e+
1.2.3
0e
-
+
1e
++1
++1
++1
000.e
000.e
1e-
+
abc
1e
000.e
1e-
e10
abc
1e+
1e-
0e
-
--2
.
1.2.3
+
e10
0e
0e
+
e10
++1
000.e
1ee2
abc
000.e
--2
.
+
--2
000.e
.
e10
1e+
0e
e10
.
1ee2
1e+
-
0e
1e+
+
+
++1
1ee2
0e
+
000.e
1ee2
1e-
++1
++1
+
000.e
++1
.
+
-
0e
--2
.
0e
1ee2
1e+
1e+
000.e
000.e
abc
.
1.2.3
1.2.3
e10
--2
1e-
1e
1.2.3
1e-
1e-
1e+
abc
+
1ee2
abc
1.2.3
--2
abc
-
0e
abc
1e-
++1
--2
-
--2
abc
.
1ee2
1.2.3
000.e
000.e
++1
+
abc
++1
1e-
--2
1.2.3
0e
abc
1.2.3
1.2.3
0e
abc
abc
1e+
1e+
.
1.2.3
e10
1.2.3
1e
1e+
1ee2
+
1e+
1e+
.
+
+
e10
++1
.
abc
--2
000.e
1e
1.2.3
0e
1e-
1e
--2
1e
e10
++1
e10
1e+
.
abc
1e-
1e+
0e
1.2.3
1ee2
1e
-
0e
1ee2
--2
abc
.
abc
.
1e
-
abc
000.e
1e
++1
+
1e-
.
+
0e
1e
e10
1ee2
-
e10
1e+
+
1ee2
1e-
--2
-
1e
1e
1ee2
1e-
1e-
0e
-
abc
-
.
1e
--2
-
e10
1ee2
++1
+
000.e
1.2.3
++1
0e
.
0e
1.2.3
000.e
++1
abc
0e
++1
1ee2
--2
abc
-
1ee2
-
e10
1e-
++1
1e
0e
1e
--2
+
1.2.3
1.2.3
000.e
abc
+
.
0e
abc
.
-
--2
1.2.3
1ee2
--2
0e
-
1e+
--2
+
1e-
.
+
--2
+
-
1e+
++1
0e
000.e
e10
e10
--2
1ee2
+
.
000.e
1ee2
1ee2
e10
0e
0e
0e
000.e
abc
1e-
1ee2
1e-
1ee2
--2
1e-
1e+
1e+
0e
1ee2
1e
0e
-
1ee2
1e+
0e
0e
abc
--2
1ee2
e10
.
0e
e10
-
0e
+
e10
1e+
1e
000.e
e10
++1
1ee2
.
000.e
1e+
0e
--2
e10
.
++1
1e-
0e
1ee2
000.e
1e+
1.2.3
e10
1e-
000.e
++1
+
1e-
000.e
--2
++1
1e+
1e
.
++1
1e
0e
1ee2
1ee2
1e+
1ee2
.
abc
000.e
abc
+
1e+
1e+
--2
.
--2
--2
+
1e+
1ee2
1e
000.e
000.e
++1
1e+
1e+
1ee2
1e+
1e-
1ee2
1e-
++1
1e-
1.2.3
1e+
1ee2
1e-
1e+
1ee2
+
0e
1e-
++1
++1
1ee2
+
-
000.e
+
e10
1e
e10
.
+
-
--2
1e+
++1
--2
1e+
+
abc
1ee2
e10
-
1ee2
1.2.3
1ee2
++1
1ee2
0e
1.2.3
0e
e10
1.2.3
.
+
e10
e10
++1
1.2.3
++1
.
1e
1ee2
0e
--2
e10
abc
-
e10
--2
000.e
1e
000.e
--2
1e+
1e+
1e+
1e+
abc
++1
1ee2
1e-
1e
1e
1ee2
000.e
1e+
1e+
e10
1ee2
e10
1e+
-
++1
1.2.3
1e+
1e
000.e
1e
1ee2
1e
--2
-
1.2.3
-
1.2.3
+
0e
1ee2
1ee2
1.2.3
++1
-
1e
e10
0e
-
-
-
abc
+
.
1.2.3
1e-
1ee2
0e
++1
--2
+
abc
--2
e10
1e+
.
e10
+
1e+
+
--2
0e
.
-
-
1e
0e
1e+
1e-
.
1ee2
+
1ee2
1e
000.e
e10
1.2.3
-
e10
0e
1ee2
0e
1e-
1e-
++1
1ee2
++1
-
++1
1.2.3
1e+
e10
+
1e
1e
abc
++1
.
1ee2
--2
abc
--2
1e+
1ee2
1.2.3
-
000.e
-
abc
+
1.2.3
0e
e10
e10
000.e
--2
+
.
000.e
abc
++1
--2
1.2.3
++1
1e
-
--2
+
1e-
abc
1e+
.
1e-
1.2.3
e10
.
1e
.
000.e
1e-
+
1e-
-
abc
++1
-
1ee2
1e-
000.e
abc
1ee2
1e
1e+
1e+
000.e
e10
--2
1.2.3
0e
--2
0e
1e+
0e
++1
1e
-
1e
1.2.3
000.e
1e-
-
.
+
1e-
000.e
000.e
1.2.3
+
000.e
1.2.3
+
++1
1e+
.
e10
1.2.3
e10
1e+
abc
1e+
1e-
1e
000.e
--2
0e
0e
0e
0e
-
000.e
++1
.
abc
.
+
abc
000.e
-
+
abc
1e
++1
1e
1e
-
1ee2
0e
1e
1.2.3
abc
0e
--2
0e
1ee2
--2
.
+
1ee2
1e-
0e
+
.
--2
000.e
+
--2
1e-
-
+
+
abc
abc
0e
+
1e+
e10
++1
1e+
+
-
1e-
1.2.3
0e
000.e
1ee2
+
e10
--2
1e
e10
.
1e+
abc
0e
1e
0e
--2
+
--2
abc
1e+
--2
+
--2
0e
0e
+
-
--2
0e
0e
--2
1ee2
1.2.3
1ee2
000.e
+
.
0e
1ee2
+
1ee2
1e-
1e-
abc
.
1e+
1e+
0e
1e-
+
e10
--2
.
++1
1e+
abc
1e
e10
1e
-
1ee2
1ee2
1e
1e+
abc
1ee2
-
1e
1e
--2
1e-
1ee2
1e-
-
+
++1
1e
1e-
1e
++1
1e
e10
++1
e10
1e-
++1
0e
1e-
abc
--2
1.2.3
abc
e10
000.e
--2
-
000.e
1.2.3
1e
++1
1e
-
abc
-
--2
1e
++1
+
abc
1ee2
000.e
+
1e-
abc
+
1e+
+
+
1e+
000.e
++1
-
+
--2
.
000.e
1ee2
-
.
0e
000.e
+
+
+
.
--2
abc
1e-
000.e
1e+
000.e
++1
1e
1.2.3
1e
1ee2
1.2.3
++1
-
1.2.3
1e
abc
--2
0e
1.2.3
1e
abc
-
000.e
e10
0e
1.2.3
e10
--2
.
000.e
1e+
++1
0e
0e
1.2.3
--2
1e+
-
1e
1ee2
1e+
1ee2
e10
.
0e
--2
1e-
1e+
0e
-
1.2.3
e10
abc
000.e
.
000.e
1e-
000.e
1ee2
1e-
.
abc
1.2.3
000.e
abc
e10
1ee2
--2
--2
0e
e10
.
000.e
++1
000.e
abc
000.e
-
1e-
1e
abc
.
000.e
--2
1e-
1e
1e+
0e
1e-
abc
abc
abc
+
abc
--2
abc
--2
-
0e
1ee2
1.2.3
0e
++1
1ee2
1ee2
1ee2
abc
e10
0e
e10
1.2.3
abc
000.e
000.e
1e+
abc
abc
1e
1e-
+
e10
e10
000.e
++1
-
1ee2
.
-
e10
1e
1ee2
abc
1e+
+
1e+
1e+
000.e
++1
0e
--2
+
+
-
0e
abc
1.2.3
1.2.3
1e
++1
+
1e-
0e
1e+
--2
+
0e
1e
1.2.3
000.e
abc
1e
1e
abc
--2
+
1.2.3
++1
-
1e-
0e
1e+
--2
1e+
.
0e
.
+
1e
1.2.3
++1
0e
1ee2
++1
e10
e10
++1
1e
1e
e10
abc
.
000.e
1.2.3
1e-
+
abc
0e
-
1.2.3
000.e
1.2.3
-
1ee2
1e
++1
000.e
1e
--2
0e
-
.
-
e10
000.e
1ee2
1e-
0e
++1
++1
abc
e10
-
1e
-
0e
--2
1.2.3
1e
abc
1e-
++1
.
--2
1.2.3
1e-
1.2.3
1ee2
--2
1e-
1ee2
.
000.e
1e-
+
1e
-
-
1ee2
1ee2
.
.
+
1.2.3
1e-
1.2.3
1e+
abc
-
--2
-
1e-
0e
-
0e
.
--2
1e-
.
1ee2
000.e
e10
.
1ee2
-
-
--2
-
++1
--2
1e+
1e
abc
0e
000.e
0e
1ee2
0e
1e-
1e-
1e-
1e+
1e-
1ee2
000.e
--2
--2
1.2.3
1.2.3
+
1ee2
1e+
++1
++1
abc
++1
--2
e10
abc
.
e10
1e-
++1
+
000.e
0e
1e+
.
0e
1e
++1
+
1.2.3
.
0e
e10
--2
0e
1e-
1ee2
.
1e-
1ee2
++1
abc
1.2.3
++1
-
000.e
000.e
.
-
e10
000.e
abc
-
1.2.3
1ee2
++1
++1
abc
+
1e
--2
abc
1e-
-
abc
.
000.e
abc
0e
1ee2
0e
1e
.
.
-
--2
1e
1e-
1ee2
1e-
.
000.e
1ee2
1ee2
abc
++1
1e
1e+
1e
1e
.
-
000.e
++1
1e
1e-
1.2.3
+
e10
e10
--2
++1
abc
1e+
1ee2
+
1e+
1e-
1ee2
-
-
1e+
1e+
.
1e+
1e
1ee2
++1
e10
abc
abc
-
--2
++1
+
.
1e
1e+
1e+
0e
++1
1e
--2
1ee2
1e+
-
.
1ee2
abc
.
1e
++1
1e+
+
000.e
0e
000.e
1e-
1.2.3
+
1ee2
1ee2
1e-
--2
.
000.e
0e
e10
0e
--2
.
-
e10
+
--2
0e
1.2.3
abc
0e
1.2.3
000.e
1ee2
0e
0e
000.e
e10
abc
1e-
1e
1.2.3
0e
1e
.
.
1e+
-
0e
1e-
1e
--2
1e+
1.2.3
++1
000.e
1.2.3
++1
0e
.
e10
++1
e10
1e
1e
-
0e
1e-
-
1.2.3
1.2.3
.
1e+
--2
1ee2
1e+
1e+
1e+
.
000.e
000.e
e10
1.2.3
1e
+
abc
1ee2
1e-
1e
1.2.3
000.e
--2
1ee2
1.2.3
1e-
1e
-
1.2.3
-
000.e
1e
1e
+
000.e
e10
.
1ee2
.
+
1e-
-
e10
000.e
1ee2
1ee2
1ee2
+
1.2.3
0e
1e-
abc
1e
.
++1
000.e
+
--2
e10
-
.
000.e
000.e
1e-
abc
1.2.3
0e
.
000.e
1.2.3
1e
1e+
++1
.
--2
1ee2
-
--2
1e+
+
+
000.e
.
1e+
1e
1e
0e
1ee2
.
abc
abc
abc
1.2.3
000.e
000.e
+
1e-
+
++1
1e+
+
1ee2
1e+
1e
-
1ee2
1ee2
+
1.2.3
abc
.
0e
++1
--2
0e
+
1ee2
1ee2
-
--2
1e-
000.e
++1
+
++1
e10
0e
e10
.
abc
0e
1e+
1e
1.2.3
.
--2
0e
1.2.3
e10
+
1e-
--2
1.2.3
1e-
0e
++1
.
++1
.
1e
1e-
.
1ee2
+
e10
.
1e-
1ee2
.
1e+
0e
abc
e10
e10
1e
+
+
.
abc
++1
1.2.3
1e
0e
000.e
++1
000.e
e10
--2
e10
--2
0e
abc
1e-
1e+
++1
e10
1ee2
--2
.
0e
1e+
--2
1ee2
--2
1ee2
.
000.e
-
1.2.3
000.e
000.e
-
1e-
--2
.
0e
++1
1ee2
1e-
e10
1e
1.2.3
--2
1.2.3
1e
-
++1
1ee2
e10
1e-
1e
1e-
1e
++1
1.2.3
1e
1e+
e10
.
abc
1e-
1.2.3
e10
1.2.3
.
.
.
+
--2
1e-
--2
.
+
0e
abc
0e
1e-
1.2.3
e10
abc
+
000.e
1e+
1ee2
++1
1ee2
e10
.
--2
1.2.3
1e
abc
--2
1e+
--2
-
1ee2
--2
+
1e
0e
1e-
e10
1e-
1ee2
abc
+
1e
--2
1e+
e10
0e
1e+
1e+
1e+
000.e
.
000.e
++1
1e+
++1
1e-
1.2.3
abc
e10
.
+
.
-
e10
1e-
--2
1.2.3
.
+
-
1e+
-
1e
--2
1e+
abc
--2
1ee2
1e+
e10
1ee2
++1
000.e
e10
1e-
1.2.3
++1
.
abc
1e+
+
1e+
.
e10
1e
+
1.2.3
1e
++1
0e
1.2.3
0e
.
+
abc
1e
1e+
++1
1ee2
1e-
1e
.
.
-
1e+
+
abc
e10
+
1e+
1.2.3
abc
000.e
1.2.3
++1
--2
1ee2
0e
+
1.2.3
e10
e10
abc
--2
000.e
1ee2
000.e
1ee2
abc
1e
--2
000.e
abc
0e
1.2.3
1e
1.2.3
1ee2
1ee2
000.e
0e
1.2.3
1e
+
++1
e10
0e
0e
1.2.3
0e
--2
000.e
.
abc
1e
1e-
1e-
000.e
--2
.
e10
+
--2
0e
++1
.
-
000.e
++1
1.2.3
+
1e+
1e-
--2
1e
abc
+
1e-
abc
1.2.3
000.e
1e+
--2
++1
++1
--2
-
abc
+
1e+
000.e
--2
1e+
1e-
--2
1e
1e-
1.2.3
-
+
1e+
000.e
0e
.
1e+
1ee2
-
+
1.2.3
1ee2
+
1e+
0e
1.2.3
1e+
++1
1ee2
1ee2
abc
0e
++1
1.2.3
1e
abc
-
--2
++1
-
1e
1.2.3
1e+
.
0e
+
e10
-
0e
--2
+
1e
1ee2
abc
000.e
000.e
000.e
1e-
abc
1e+
1.2.3
++1
++1
1e-
e10
0e
e10
1e
++1
000.e
000.e
000.e
abc
-
++1
e10
abc
1ee2
abc
1ee2
e10
--2
1.2.3
1.2.3
abc
1e
abc
0e
1e-
+
1e+
+
e10
000.e
1.2.3
++1
+
e10
++1
--2
1ee2
1e
.
1e+
1e
1ee2
.
.
.
e10
e10
abc
e10
abc
1.2.3
0e
+
++1
1e
e10
+
0e
++1
1e+
000.e
1e-
.
e10
.
1e
1e
1e-
abc
1e+
1e-
1.2.3
abc
abc
1e+
abc
1e+
1ee2
+
+
1.2.3
1e-
e10
1e-
+
e10
+
-
+
1e+
1.2.3
000.e
1ee2
1e
1.2.3
+
1e
-
1e-
-
--2
1e
abc
+
1ee2
1e-
-
1e-
.
0e
e10
1e
e10
abc
1e+
.
e10
0e
abc
1ee2
1e
1.2.3
1e-
1ee2
abc
1.2.3
--2
1.2.3
1ee2
++1
-
++1
1e-
000.e
1.2.3
.
--2
1e+
000.e
000.e
1e
1e+
abc
000.e
000.e
++1
0e
--2
+
abc
1e
-
000.e
1e-
e10
-
1e
.
-
1.2.3
--2
000.e
+
+
1e-
0e
abc
1.2.3
--2
1e-
--2
.
1e+
--2
000.e
abc
-
1ee2
--2
++1
.
0e
+
0e
1e-
.
1e+
e10
0e
1e-
++1
1e
abc
.
000.e
1e+
.
++1
1e-
1ee2
++1
0e
+
1e+
-
.
--2
1e-
1.2.3
e10
000.e
1e+
0e
1ee2
1e
1e+
0e
1e+
.
1e
-
--2
++1
.
--2
1e-
0e
++1
e10
++1
abc
1e-
1ee2
000.e
1e
1e-
-
+
--2
++1
1e
0e
1e+
--2
1.2.3
++1
1ee2
000.e
.
.
e10
1.2.3
e10
1e
-
1ee2
1e
1e
0e
1e+
++1
000.e
0e
1e
++1
1.2.3
--2
-
1.2.3
e10
1.2.3
1e
1e+
0e
++1
1e-
1e
1e-
1e
-
abc
1e
.
1e+
1e+
-
--2
++1
+
1.2.3
000.e
++1
-
000.e
1ee2
1e+
++1
1e+
-
1e-
--2
1ee2
abc
e10
1e-
abc
1.2.3
e10
++1
.
1e
+
+
0e
++1
++1
1e+
0e
1e+
0e
e10
.
.
abc
1ee2
.
-
e10
.
1.2.3
.
1.2.3
0e
e10
+
-
1ee2
0e
++1
++1
e10
1e
-
+
-
000.e
-
000.e
1e
1ee2
+
000.e
1e
++1
++1
+
--2
1.2.3
.
+
1.2.3
1e+
e10
1.2.3
1ee2
++1
1.2.3
1.2.3
000.e
1e
1.2.3
+
e10
0e
1ee2
+
abc
+
e10
1e-
000.e
.
0e
0e
++1
++1
.
e10
1.2.3
1e+
-
abc
1e-
000.e
-
1e
--2
1e-
.
+
1.2.3
1e+
1e+
.
+
0e
1e
1.2.3
e10
e10
0e
000.e
.
1e-
e10
0e
-
-
1e
000.e
1ee2
1e-
000.e
1ee2
++1
0e
+
0e
0e
1e+
abc
+
1ee2
-
abc
++1
000.e
000.e
-
++1
1e-
+
.
000.e
1e-
1ee2
1.2.3
-
1e+
1e-
0e
+
1e-
000.e
-
1ee2
++1
+
1e
abc
+
1ee2
1e
0e
.
abc
1e
-
1ee2
.
.
abc
++1
--2
1e-
1e+
+
--2
1.2.3
+
000.e
e10
+
0e
-
.
1ee2
++1
e10
000.e
+
abc
-
1e
abc
.
++1
+
000.e
1e
1e-
+
1ee2
1e
++1
1ee2
0e
1ee2
e10
e10
.
+
1.2.3
1e
+
1e-
1e-
--2
abc
abc
.
-
--2
.
++1
abc
1e+
000.e
0e
e10
1ee2
.
--2
abc
1e
1.2.3
1e-
-
++1
1ee2
--2
--2
abc
000.e
--2
--2
1e+
-
abc
0e
-
1e-
.
.
1e+
++1
++1
1e-
abc
abc
.
1ee2
1.2.3
1e+
--2
--2
000.e
+
1e
-
0e
-
+
abc
1e-
.
+
abc
.
000.e
1e-
abc
1.2.3
1e
.
1e+
abc
-
1e+
0e
--2
1e+
--2
0e
++1
+
1.2.3
.
1e+
000.e
-
1e+
++1
1e+
abc
1.2.3
abc
1e+
1e-
--2
1e
e10
++1
--2
+
abc
000.e
000.e
1e+
1e-
e10
1ee2
abc
abc
e10
1e-
1ee2
0e
+
1e+
000.e
1e
e10
000.e
1e
1e+
000.e
+
1e-
1e
-
-
000.e
1e+
1e
1e
1e+
1.2.3
--2
e10
.
+
-
1e-
0e
--2
.
e10
0e
e10
1e+
-
-
abc
.
.
abc
-
1e+
0e
--2
--2
1ee2
e10
.
-
abc
0e
1e+
.
0e
e10
1e-
1ee2
.
0e
1e-
1.2.3
1.2.3
1e+
0e
1e+
000.e
abc
0e
.
abc
++1
1e
e10
1e+
--2
.
.
++1
1e
1.2.3
e10
+
--2
1e+
0e
1e
1ee2
0e
e10
1ee2
1e-
1e-
+
+
.
1e+
000.e
1e+
.
1e-
1e-
+
+
.
e10
-
.
000.e
-
1ee2
++1
-
1e+
1.2.3
+
1ee2
e10
1e-
--2
e10
1ee2
1e
1e-
--2
1e+
1e-
abc
1e+
++1
1e
++1
1e-
1e-
1.2.3
1e-
1e+
.
+
e10
1e
000.e
0e
0e
++1
e10
1.2.3
++1
1.2.3
1e+
++1
1e+
.
1e+
1e+
0e
abc
abc
++1
.
1e
0e
e10
1ee2
1ee2
-
0e
++1
abc
1.2.3
abc
1e
abc
e10
.
000.e
.
1e-
.
1e
1ee2
e10
-
-
abc
.
1e
-
--2
e10
--2
1.2.3
1e+
1ee2
1ee2
1e+
--2
--2
1e-
-
1e+
e10
000.e
+
1e
1e-
+
1ee2
0e
++1
0e
1ee2
1ee2
1e
-
++1
0e
1e-
1e-
.
++1
+
1e+
++1
-
1e-
e10
++1
1.2.3
.
000.e
000.e
1ee2
000.e
0e
--2
1e
e10
1e+
+
1e-
--2
0e
.
1ee2
1e
1e-
++1
1ee2
++1
1e
--2
abc
1.2.3
.
0e
1e
0e
1e-
1ee2
000.e
000.e
0e
abc
++1
1e+
1ee2
e10
.
1e+
000.e
abc
1e-
1e
1e+
1ee2
.
1.2.3
e10
e10
abc
.
++1
.
1e-
1.2.3
000.e
--2
1ee2
-
000.e
.
1.2.3
1e
-
+
-
1e
e10
++1
-
++1
-
0e
.
++1
abc
e10
e10
e10
+
1e+
-
++1
-
--2
abc
1e-
+
1e-
1.2.3
1e+
abc
abc
000.e
++1
1e-
1e-
abc
1e-
.
-
.
+
++1
1e-
1ee2
1e-
.
1e
++1
1.2.3
000.e
1.2.3
1ee2
1e+
1ee2
--2
000.e
1e
.
0e
1e
--2
1ee2
1e
abc
1.2.3
1e+
-
e10
1e+
0e
1ee2
1e
+
1e-
abc
.
--2
++1
1e+
1e+
1e
1e-
1ee2
+
1e
1ee2
--2
000.e
0e
1ee2
e10
+
1ee2
--2
+
-
-
abc
-
1ee2
1ee2
abc
.
1ee2
.
1.2.3
.
+
1ee2
-
abc
-
.
abc
1.2.3
++1
+
+
1.2.3
1e+
0e
1e
1e-
1e-
000.e
1e
.
1e
1e+
-
e10
1e-
e10
abc
1e
++1
e10
1.2.3
1.2.3
1.2.3
e10
1.2.3
abc
--2
000.e
1e
1e
1e-
1e+
e10
0e
1e+
0e
-
+
--2
--2
+
abc
0e
1e+
--2
1.2.3
1e+
abc
1.2.3
--2
1.2.3
--2
++1
e10
-
.
--2
1e-
++1
-
1.2.3
1e-
000.e
000.e
++1
1e-
.
1e-
000.e
-
-
1e-
1e+
1e-
0e
++1
1.2.3
abc
1e+
+
-
--2
1e
-
--2
.
1e+
--2
.
++1
++1
1e
e10
+
1e
000.e
e10
abc
1.2.3
000.e
1e
1e-
1e
1e
000.e
1e-
++1
--2
1e+
--2
1e-
1.2.3
1e-
--2
0e
++1
1e
+
e10
.
000.e
1e
1ee2
e10
.
+
1e-
++1
000.e
0e
1.2.3
e10
--2
0e
.
.
1e+
0e
0e
0e
000.e
0e
-
1ee2
0e
abc
+
1e
-
.
1.2.3
abc
e10
0e
.
1ee2
1e+
-
--2
1.2.3
+
1ee2
1.2.3
1ee2
+
1e
abc
1e-
1ee2
000.e
1ee2
0e
1e
+
abc
++1
--2
++1
0e
0e
.
++1
1e+
--2
1ee2
-
abc
--2
1ee2
000.e
--2
--2
++1
.
.
e10
e10
.
abc
1ee2
1.2.3
e10
1e
1e+
e10
-
1e-
1e
+
--2
0e
0e
--2
--2
1e
1.2.3
--2
1.2.3
-
+
+
1e+
+
1e-
++1
1e+
0e
.
1ee2
abc
++1
1ee2
1e-
+
+
+
-
000.e
+
1e
.
1e+
-
1e-
--2
000.e
0e
+
abc
-
--2
1e-
1.2.3
--2
--2
000.e
-
1.2.3
1.2.3
abc
1e
++1
-
1.2.3
1e-
0e
0e
1e+
1.2.3
++1
1ee2
1e
0e
000.e
1.2.3
1e-
--2
0e
1e
1e+
++1
1ee2
1ee2
e10
1e+
e10
-
e10
-
1e-
000.e
1e+
1e
1ee2
1.2.3
0e
0e
1e
1e-
abc
000.e
0e
1e-
-
abc
1e
000.e
1.2.3
abc
e10
1e-
++1
1e-
abc
--2
1e+
1.2.3
++1
1ee2
1ee2
0e
1e-
1.2.3
0e
1.2.3
+
1e+
--2
++1
1ee2
1.2.3
+
000.e
1ee2
+
1e+
1e-
abc
-
++1
++1
abc
1.2.3
000.e
0e
e10
-
--2
0e
1ee2
1ee2
1.2.3
1ee2
-
e10
e10
0e
-
.
e10
++1
++1
+
1.2.3
--2
1ee2
1e+
++1
1e+
abc
abc
abc
1.2.3
++1
1ee2
0e
0e
++1
1.2.3
1ee2
+
-
.
e10
1e+
0e
++1
.
1ee2
++1
e10
+
e10
1.2.3
1e+
1e+
1e+
1e-
.
1e-
1.2.3
0e
e10
++1
1e+
1e-
+
000.e
++1
++1
1ee2
1e-
.
1ee2
++1
.
++1
++1
000.e
abc
.
1.2.3
abc
--2
0e
-
1ee2
1.2.3
1e+
000.e
.
1.2.3
000.e
1ee2
++1
++1
++1
e10
++1
1e-
-
.
0e
+
++1
abc
000.e
1ee2
+
-
--2
-
000.e
++1
e10
+
0e
1ee2
e10
.
.
e10
+
0e
1e
1.2.3
1e
000.e
+
1ee2
1.2.3
0e
+
1e-
1e-
-
-
1e
-
1e+
--2
1e-
.
1e+
e10
abc
.
--2
.
1ee2
abc
1e+
1e+
1e+
0e
1e
++1
0e
e10
e10
1e+
0e
+
0e
1e-
--2
000.e
000.e
0e
000.e
+
+
1e+
abc
.
.
.
++1
--2
0e
000.e
000.e
1e+
1.2.3
000.e
0e
--2
--2
1e+
1.2.3
1e-
.
abc
-
.
e10
+
0e
.
.
e10
1e-
1ee2
-
000.e
000.e
.
e10
1ee2
++1
++1
e10
0e
-
.
1e+
+
.
+
++1
1e
1e-
abc
--2
abc
--2
000.e
abc
.
1ee2
--2
--2
.
--2
1e+
000.e
1e-
1e-
0e
-
+
1e+
1e
000.e
1e
1.2.3
.
1e
++1
.
0e
+
+
1e
-
--2
e10
-
1e+
1e
+
1.2.3
-
1.2.3
--2
++1
--2
1ee2
1.2.3
--2
-
1ee2
+
abc
--2
1e
-
++1
1.2.3
e10
1e
1e-
0e
abc
++1
abc
++1
1e
1e
000.e
e10
e10
e10
0e
--2
1.2.3
++1
abc
+
--2
000.e
e10
-
-
1e+
0e
1ee2
abc
--2
0e
+
abc
abc
e10
0e
-
+
.
+
1e
.
1e+
+
+
e10
.
.
abc
1e-
1e
.
--2
--2
++1
1ee2
+
0e
-
1ee2
1e-
++1
1.2.3
0e
-
0e
-
000.e
+
1e
0e
.
++1
1ee2
1e+
+
1e
1e-
1ee2
++1
000.e
1.2.3
.
1e
000.e
1.2.3
0e
--2
000.e
0e
0e
+
.
+
.
1ee2
--2
1ee2
1e-
1.2.3
abc
.
+
000.e
1e-
e10
.
--2
1ee2
e10
1e
1.2.3
e10
+
abc
1ee2
1ee2
e10
abc
1e+
1e+
1.2.3
--2
000.e
++1
1e-
.
1e-
1e+
.
e10
-
-
-
-
e10
.
+
abc
-
-
0e
1e+
1.2.3
1e
1.2.3
1.2.3
.
1e
--2
1e
1ee2
0e
.
++1
-
--2
e10
1e
abc
000.e
abc
-
++1
0e
1e-
1ee2
000.e
1.2.3
1e+
1e-
-
1e+
1e-
++1
+
.
1e+
-
++1
+
1e+
abc
1ee2
1ee2
abc
-
-
1e-
1ee2
-
e10
e10
e10
000.e
e10
000.e
1e+
-
e10
1ee2
-
-
--2
-
abc
.
1e-
1.2.3
abc
+
abc
1e
000.e
e10
abc
e10
++1
-
1e+
1e
.
++1
1e+
+
++1
1e+
-
.
1e+
++1
1ee2
-
1ee2
.
1e+
e10
1e-
1ee2
0e
1ee2
1e-
++1
1e+
e10
1e+
e10
e10
1e
++1
1.2.3
.
++1
1e-
++1
+
--2
++1
1e+
.
-
1ee2
.
000.e
1ee2
--2
++1
1e-
++1
-
abc
.
abc
abc
1.2.3
000.e
+
0e
1e-
.
1e+
0e
abc
+
1.2.3
++1
+
1e
++1
-
-
++1
abc
+
000.e
1ee2
--2
1ee2
e10
0e
1e
-
++1
-
abc
0e
--2
+
0e
+
e10
1.2.3
0e
abc
abc
--2
abc
++1
1ee2
1ee2
-
1.2.3
0e
1e+
e10
--2
1e
1e+
+
1e+
++1
1e-
1ee2
++1
e10
000.e
.
.
1.2.3
-
.
++1
e10
abc
--2
1e-
abc
e10
abc
0e
0e
000.e
e10
abc
1.2.3
0e
1.2.3
1e-
1e+
-
1ee2
1e
1e-
0e
e10
1.2.3
++1
1ee2
abc
1.2.3
1e
+
1ee2
-
--2
1e
000.e
1e+
0e
0e
000.e
1e
-
1e+
--2
--2
1e+
.
++1
000.e
1e
1ee2
1ee2
++1
+
0e
1e+
-
1.2.3
++1
1ee2
-
--2
1.2.3
1ee2
-
1e
abc
1e+
1e-
1.2.3
1e-
+
1.2.3
+
-
1.2.3
+
e10
--2
-
abc
1ee2
1e-
1e-
1ee2
+
abc
000.e
++1
.
1ee2
1ee2
1e
1e-
0e
1e+
abc
1.2.3
+
1.2.3
--2
1.2.3
0e
1e-
-
1e
1e
++1
1.2.3
.
000.e
1ee2
++1
++1
0e
0e
abc
1e
++1
++1
++1
e10
--2
0e
1e-
++1
abc
.
1ee2
-
++1
1.2.3
1ee2
1ee2
0e
abc
++1
--2
++1
1e
000.e
1e
1ee2
1ee2
-
1.2.3
1ee2
abc
0e
e10
.
.
e10
1.2.3
000.e
1ee2
1e-
1e+
1e-
+
1e+
.
1.2.3
000.e
1.2.3
+
1e-
0e
1e
-
1.2.3
++1
--2
0e
1e
000.e
e10
++1
1ee2
e10
1.2.3
1ee2
0e
000.e
e10
e10
+
++1
-
1e+
++1
-
1.2.3
1e-
abc
000.e
0e
0e
0e
1e-
e10
1ee2
1ee2
1e+
++1
1ee2
++1
-
1e
abc
abc
1e-
abc
-
--2
abc
1e
++1
abc
abc
1e+
.
-
0e
+
1.2.3
-
1.2.3
1ee2
+
1e-
++1
0e
abc
1e
1ee2
1e
+
000.e
1e-
-
abc
+
000.e
e10
1ee2
++1
1e
1e-
1e
-
.
1e
1e
1e+
-
1e+
1e+
1ee2
+
++1
abc
1ee2
-
abc
0e
1.2.3
1e-
--2
e10
1e-
.
1ee2
.
1.2.3
+
-
abc
1e
++1
e10
-
--2
1e
abc
1ee2
000.e
abc
++1
e10
1e-
abc
++1
1e-
-
1.2.3
++1
1ee2
--2
.
1e+
1e+
1e-
abc
+
.
.
1e+
abc
1e-
e10
0e
++1
1ee2
1e+
000.e
-
1e+
.
--2
--2
0e
1e+
.
1.2.3
000.e
1.2.3
1.2.3
.
abc
++1
--2
.
abc
1ee2
1.2.3
e10
1e-
1e-
1.2.3
000.e
-
+
1.2.3
abc
-
--2
e10
+
0e
++1
abc
abc
e10
1e-
e10
1.2.3
1e+
1.2.3
0e
abc
0e
1e
1e-
0e
+
0e
abc
+
1e+
1.2.3
.
++1
e10
1ee2
000.e
1e
000.e
abc
0e
.
1e+
1e+
0e
1e
e10
--2
+
.
+
++1
+
1e-
1.2.3
0e
1.2.3
+
++1
abc
--2
1.2.3
000.e
1e
+
.
1e
-
.
abc
1e
.
1.2.3
1e
000.e
e10
1.2.3
1.2.3
1ee2
000.e
000.e
000.e
0e
--2
1e-
e10
1e-
++1
abc
1.2.3
000.e
--2
000.e
1e+
-
-
0e
1.2.3
++1
--2
1e
1.2.3
1.2.3
1e+
-
e10
--2
-
1e
-
++1
.
1.2.3
0e
1ee2
+
000.e
--2
1.2.3
abc
1e
--2
1e-
++1
1e+
+
++1
1e-
1e
1e+
--2
.
1ee2
-
1e+
0e
000.e
++1
abc
1e-
1ee2
--2
1ee2
1e
000.e
1e
1e+
1.2.3
1e-
abc
1e
e10
abc
-
1e
-
abc
1e
e10
--2
1e
+
1ee2
.
1e+
0e
0e
000.e
--2
1.2.3
.
++1
.
-
000.e
--2
-
++1
-
000.e
0e
000.e
abc
abc
--2
1e
++1
++1
000.e
--2
.
+
--2
1.2.3
1e
abc
-
1e
.
1e+
+
000.e
abc
0e
--2
+
1.2.3
1e
0e
0e
.
.
abc
+
1.2.3
000.e
+
1e
++1
1.2.3
1.2.3
.
1e+
0e
1e-
000.e
abc
1.2.3
1.2.3
000.e
1e
--2
e10
1e+
1e
.
000.e
1ee2
.
1.2.3
0e
1e+
abc
.
-
1ee2
1e
1.2.3
++1
abc
+
++1
-
1e
+
1.2.3
+
.
--2
-
1ee2
1e+
--2
1e
1.2.3
1e
e10
+
1e
1.2.3
0e
1ee2
1e+
.
1e+
1e
++1
e10
-
1ee2
1.2.3
1e
e10
e10
1ee2
1ee2
.
1e+
--2
0e
1ee2
+
1.2.3
000.e
1e
0e
abc
e10
e10
++1
e10
0e
1e
e10
++1
1e
1e+
++1
e10
-
++1
1.2.3
.
0e
1e+
.
+
abc
1ee2
1e+
1.2.3
+
-
.
1ee2
-
++1
000.e
1.2.3
000.e
abc
1e
1e-
--2
++1
1e
1ee2
e10
.
+
.
1ee2
1e
000.e
1e
1e+
e10
1e-
0e
abc
+
e10
1e-
1e+
1e-
--2
0e
++1
000.e
++1
--2
1e-
1ee2
e10
.
abc
++1
0e
000.e
1e-
000.e
0e
.
1e
abc
1ee2
1ee2
abc
1.2.3
-
--2
--2
e10
--2
0e
abc
++1
++1
0e
1.2.3
-
0e
+
0e
1ee2
1e-
1ee2
1e+
-
0e
1ee2
1ee2
+
--2
1ee2
e10
1ee2
000.e
0e
000.e
abc
1ee2
++1
1e-
++1
1e-
1ee2
-
1e-
0e
.
0e
--2
+
e10
1e-
-
.
1e+
000.e
1e
-
++1
e10
e10
abc
1ee2
--2
+
1e-
1.2.3
.
0e
0e
000.e
1ee2
.
-
abc
-
1e
1e+
-
000.e
+
1ee2
-
e10
.
1ee2
++1
000.e
+
1e
-
1ee2
--2
1e
e10
.
000.e
1e-
1ee2
1e
000.e
1.2.3
1e+
1.2.3
1e+
1e
1ee2
1ee2
e10
1e+
1e+
1.2.3
++1
--2
1e+
1e
e10
-
1e
000.e
1e-
000.e
1e
+
000.e
1e
++1
abc
.
+
e10
abc
1.2.3
000.e
000.e
0e
1e
1e+
1e
1.2.3
.
e10
1e-
1e+
1e
--2
abc
1e
1.2.3
0e
--2
1e-
e10
1e
0e
0e
1e+
++1
--2
-
1e-
1e
1ee2
-
e10
++1
1ee2
1e+
abc
1e-
1e-
-
+
-
000.e
e10
+
0e
1e+
abc
--2
1e+
+
1ee2
1.2.3
e10
e10
abc
--2
-
abc
--2
000.e
1.2.3
.
1e
+
1e
000.e
abc
+
+
--2
1e-
.
0e
-
0e
1e+
--2
1e-
--2
1e-
.
000.e
000.e
.
e10
1ee2
abc
++1
+
1e
0e
1e+
000.e
++1
abc
0e
--2
e10
++1
.
0e
.
0e
+
--2
--2
.
000.e
0e
1e
.
+
+
000.e
abc
1e+
0e
--2
1ee2
0e
.
000.e
abc
0e
+
000.e
0e
1ee2
1e
e10
abc
abc
1e
+
1.2.3
-
0e
.
++1
abc
000.e
1ee2
+
abc
++1
000.e
e10
++1
abc
0e
abc
0e
1ee2
abc
e10
000.e
1ee2
1e-
1e+
abc
++1
1ee2
.
1e+
000.e
0e
0e
1.2.3
1.2.3
abc
0e
abc
1ee2
0e
++1
0e
--2
0e
abc
++1
1e-
++1
1e+
abc
1e+
0e
1e-
++1
1e+
1e
.
+
1.2.3
-
1e+
--2
0e
abc
1ee2
-
000.e
000.e
1e
1e+
-
e10
0e
000.e
1.2.3
0e
abc
0e
1e+
++1
1e-
+
1ee2
.
1.2.3
000.e
000.e
1e
1ee2
abc
++1
+
e10
1e+
1e-
1.2.3
1e+
1e-
1.2.3
++1
+
1.2.3
1ee2
1e+
1.2.3
abc
++1
1e+
1e-
-
000.e
--2
abc
1ee2
-
abc
1e+
1ee2
0e
--2
abc
1e-
1e+
--2
0e
1ee2
1e
1ee2
000.e
1e
-
-
1.2.3
.
+
1e
1.2.3
++1
1ee2
0e
1ee2
--2
1e-
000.e
++1
.
-
+
1.2.3
000.e
000.e
e10
0e
-
1e
1e-
--2
1e
1.2.3
0e
.
0e
1ee2
1e+
1ee2
.
--2
1ee2
abc
++1
1.2.3
0e
-
000.e
-
1e
e10
.
.
1e
e10
000.e
e10
1ee2
1.2.3
++1
abc
e10
abc
1.2.3
--2
++1
+
--2
+
abc
1ee2
abc
.
+
1e+
e10
000.e
--2
.
++1
e10
1ee2
0e
abc
e10
1e-
1e+
-
1e+
.
0e
0e
0e
.
1e
.
-
1e
1.2.3
000.e
1.2.3
000.e
.
--2
000.e
1e
1ee2
1e-
1.2.3
--2
+
--2
--2
++1
abc
1e+
1ee2
1e
1e+
1e-
-
e10
--2
1ee2
1e-
+
--2
++1
--2
1ee2
000.e
e10
++1
1e-
0e
000.e
0e
000.e
1e-
.
1.2.3
abc
000.e
-
0e
0e
1.2.3
.
1e-
+
+
abc
e10
--2
abc
0e
000.e
1e-
1ee2
1e-
0e
--2
1e-
e10
000.e
1e
-
-
e10
1ee2
+
1.2.3
.
abc
++1
1e+
0e
1ee2
1e
1e-
1.2.3
++1
.
abc
e10
.
1e+
1.2.3
abc
-
1e-
0e
1e
0e
1.2.3
1ee2
abc
++1
++1
--2
1ee2
1e-
1e
-
1e-
.
1e+
++1
0e
1ee2
+
000.e
0e
000.e
--2
+
1e
1e+
+
-
1e-
0e
1e-
.
1e
0e
1.2.3
1e-
abc
1ee2
1e+
1.2.3
e10
1e
--2
1e
1e+
abc
.
--2
1e
-
000.e
1e+
.
+
.
1.2.3
000.e
--2
--2
e10
1e-
1e
000.e
000.e
000.e
1.2.3
--2
e10
1e-
1.2.3
++1
.
1.2.3
1e
abc
.
1.2.3
000.e
--2
++1
000.e
0e
1.2.3
++1
e10
--2
-
0e
1e-
0e
1e-
.
1ee2
1e-
--2
000.e
++1
.
+
.
abc
1ee2
-
1e
++1
1e
000.e
0e
0e
.
abc
--2
0e
1e-
1e+
0e
1e
1e-
++1
1.2.3
1e
1e
.
abc
1.2.3
1.2.3
1.2.3
--2
.
1e-
--2
.
-
++1
1e+
1e
1e+
1e+
+
--2
1e
1.2.3
0e
1e+
+
e10
1e-
000.e
0e
1e
+
1e-
e10
1ee2
e10
.
1e
0e
0e
1e+
1ee2
--2
e10
1.2.3
-
000.e
1e
.
.
1ee2
1e-
1.2.3
1e
0e
-
1e+
abc
.
e10
abc
+
1e
abc
e10
++1
-
1ee2
+
1e+
-
+
+
+
1e-
+
1e+
1ee2
.
abc
e10
++1
1ee2
--2
1e
++1
+
++1
0e
1e+
--2
1.2.3
1e+
0e
1e
1.2.3
--2
+
-
000.e
1.2.3
1e-
0e
000.e
1.2.3
-
--2
000.e
++1
++1
e10
+
--2
e10
++1
1e
e10
-
1ee2
.
+
++1
-
++1
abc
.
1.2.3
++1
++1
+
-
1e-
-
--2
e10
1e+
1ee2
-
1.2.3
e10
++1
1ee2
0e
000.e
++1
1ee2
--2
--2
1e-
1e
000.e
1ee2
-
1ee2
.
-
1e-
1e-
.
1e
000.e
1e+
1e+
--2
1e
000.e
-
1e+
+
++1
0e
e10
000.e
+
1e
1ee2
1e
--2
1e+
1.2.3
--2
1e+
e10
-
1e
.
++1
0e
.
1e
1e-
1e-
0e
1e
-
1e-
1e
1.2.3
1e+
1.2.3
0e
000.e
--2
1e+
.
1e+
1.2.3
0e
+
1.2.3
1e+
abc
1ee2
+
1e
000.e
+
1e
+
--2
++1
1ee2
1e+
++1
+
1ee2
.
++1
0e
--2
abc
1ee2
1.2.3
1ee2
1e+
++1
-
e10
000.e
1e
e10
1.2.3
1e+
1ee2
1ee2
e10
1ee2
1e+
.
e10
1e+
1e
e10
1e-
1ee2
-
abc
1e-
0e
+
e10
abc
--2
1.2.3
1e+
000.e
1e+
1e
000.e
--2
1e-
--2
1e+
0e
--2
0e
--2
1e
-
1e+
+
000.e
abc
000.e
--2
1.2.3
1e+
.
-
1e-
1e
1e
++1
-
++1
1ee2
1.2.3
1e+
e10
e10
abc
+
1e-
1e
.
1ee2
1e+
1.2.3
0e
1ee2
000.e
1e
000.e
1ee2
e10
++1
1e-
--2
1e
0e
0e
1e-
abc
1e-
-
++1
e10
++1
--2
1ee2
1e-
1ee2
1e-
.
++1
abc
1.2.3
++1
0e
-
1ee2
0e
abc
+
--2
++1
abc
.
1.2.3
1e
+
abc
1e+
-
1.2.3
abc
++1
+
1e-
0e
1e
1ee2
e10
-
0e
1.2.3
++1
e10
1e
.
000.e
++1
e10
--2
1e+
--2
1.2.3
1e-
++1
abc
1ee2
1.2.3
0e
1e+
1e
++1
1e
1e+
1e+
1e+
1.2.3
+
1.2.3
1e-
abc
1e
1e-
1e-
000.e
--2
e10
1e+
-
1e-
abc
1e-
1.2.3
--2
1e+
0e
--2
1.2.3
.
e10
e10
1e-
+
1ee2
--2
.
+
000.e
1e
--2
--2
000.e
e10
-
++1
1ee2
--2
e10
--2
.
abc
0e
1e+
000.e
abc
000.e
1e-
-
e10
1e-
1ee2
1e+
.
+
+
abc
e10
--2
000.e
1.2.3
.
++1
000.e
e10
++1
1e
1e
-
e10
++1
1.2.3
1e+
0e
++1
abc
1ee2
1.2.3
++1
++1
abc
1e
.
1ee2
000.e
+
1e+
abc
abc
1ee2
-
0e
000.e
1e-
abc
-
000.e
1ee2
1e
--2
+
000.e
+
1ee2
1.2.3
--2
abc
.
.
1.2.3
e10
1e-
.
++1
1e+
e10
000.e
1e
--2
1.2.3
+
1ee2
1e
++1
0e
000.e
abc
-
--2
1e
++1
--2
1.2.3
e10
--2
+
.
1e-
1e-
0e
0e
-
1.2.3
e10
-
abc
--2
abc
++1
.
1ee2
++1
abc
abc
+
000.e
--2
abc
e10
+
1e
--2
0e
1e+
e10
000.e
1ee2
.
.
000.e
1ee2
.
1e
++1
.
1.2.3
1e+
1e+
-
+
-
1.2.3
1.2.3
1ee2
000.e
1e-
abc
1e+
000.e
1e
--2
e10
1e
000.e
abc
1e
e10
abc
++1
000.e
--2
++1
-
1e
000.e
++1
.
1e-
1e
1e+
1e-
e10
.
1ee2
1.2.3
1ee2
1.2.3
1.2.3
e10
-
abc
1e-
abc
.
e10
1.2.3
abc
e10
-
.
000.e
1ee2
abc
1.2.3
1ee2
.
--2
1.2.3
+
.
1.2.3
1.2.3
++1
1e-
1.2.3
1e-
000.e
-
--2
e10
1e
1e-
.
1e
-
1e-
abc
+
1e
-
+
0e
1.2.3
abc
++1
+
abc
+
.
+
-
1.2.3
0e
-
1e
1e-
-
000.e
1.2.3
1e
0e
1ee2
1e
1ee2
1e+
1e+
1ee2
1e+
-
0e
-
1.2.3
000.e
e10
000.e
+
000.e
--2
--2
1e
abc
e10
1e-
0e
abc
e10
0e
1.2.3
+
0e
1e
1e+
1.2.3
abc
1e
1ee2
-
1e
000.e
1e-
1e-
0e
1ee2
e10
e10
0e
++1
--2
-
.
-
0e
1ee2
0e
1e+
1ee2
1e-
1.2.3
1e
000.e
+
abc
--2
abc
1e+
+
000.e
0e
1e
e10
+
1e+
0e
abc
.
--2
abc
1.2.3
1ee2
0e
+
.
1e
e10
abc
-
1e
1e+
1.2.3
--2
+
1ee2
0e
++1
000.e
abc
-
++1
abc
++1
--2
0e
000.e
.
0e
1e+
1e+
e10
1.2.3
.
0e
1ee2
e10
1ee2
++1
000.e
-
++1
0e
-
0e
+
1e-
0e
1.2.3
0e
1e
1e
1ee2
1e-
1e-
1e-
1.2.3
000.e
abc
000.e
1e-
e10
++1
+
abc
1ee2
-
1e-
.
e10
e10
-
1ee2
1.2.3
1e
e10
1e
--2
e10
1e+
e10
000.e
e10
1e+
--2
1.2.3
0e
.
1e-
000.e
000.e
e10
++1
0e
000.e
--2
1e-
1e
1.2.3
0e
1.2.3
.
--2
1e
1.2.3
1e-
+
000.e
+
1ee2
abc
1.2.3
000.e
e10
1ee2
--2
0e
-
000.e
-
++1
-
+
0e
1ee2
1ee2
++1
1.2.3
--2
1e+
1ee2
+
1e+
++1
0e
+
1.2.3
+
.
1e-
1e
++1
+
1e-
1e
.
1e
++1
1.2.3
abc
-
.
1e-
++1
--2
000.e
-
1.2.3
.
1.2.3
+
+
1e-
1e-
1ee2
--2
1e
1e+
1e+
abc
--2
1e-
abc
--2
1e
1e+
1e+
1e+
1e+
++1
1e
+
abc
0e
1.2.3
0e
++1
.
abc
1e
abc
1ee2
+
-
e10
e10
1ee2
1e-
1e-
.
1.2.3
1e
1e+
e10
1e
1e-
+
--2
1e
.
1e-
-
000.e
1e
-
000.e
1e-
0e
.
e10
abc
1.2.3
+
abc
e10
1e
-
1e-
abc
++1
e10
0e
abc
++1
--2
000.e
000.e
1e
e10
.
++1
0e
1e+
0e
000.e
1.2.3
1e+
1ee2
abc
1e+
++1
e10
e10
1e-
1e+
1.2.3
-
1ee2
--2
--2
abc
--2
.
.
-
1ee2
.
-
1e+
abc
e10
e10
1e+
1e
1e
-
++1
.
1e
1e+
1.2.3
abc
1e+
e10
000.e
0e
0e
++1
abc
+
000.e
0e
1e-
0e
abc
1e+
1e+
1e
+
0e
1e
.
1.2.3
e10
abc
++1
1e+
e10
1e-
1e+
++1
000.e
e10
1e-
-
+
e10
1ee2
e10
1e+
1ee2
1e-
000.e
1ee2
1.2.3
1ee2
.
++1
+
--2
1ee2
++1
+
000.e
0e
-
000.e
++1
+
.
e10
abc
--2
+
abc
1.2.3
++1
+
+
-
++1
0e
1e-
++1
.
.
.
1ee2
1.2.3
.
abc
000.e
000.e
e10
abc
1e-
++1
1e-
000.e
e10
abc
1e+
000.e
1.2.3
-
abc
++1
e10
++1
+
1.2.3
abc
-
e10
1e+
1e-
-
-
1e+
--2
-
.
.
-
1e
++1
1e+
000.e
1e
++1
1e
++1
1e
++1
.
abc
-
000.e
1e-
1ee2
abc
1e+
1e
abc
1e-
1.2.3
1.2.3
.
abc
1e-
.
.
--2
e10
-
.
e10
++1
-
1e+
--2
1e-
1.2.3
0e
--2
1e
.
000.e
++1
e10
abc
abc
1e+
.
1e-
1.2.3
1ee2
abc
1e+
abc
1e+
1.2.3
1ee2
++1
000.e
1ee2
0e
1e-
1e+
-
0e
abc
++1
1ee2
abc
1.2.3
abc
++1
.
0e
1e-
1ee2
-
1.2.3
1e+
.
.
--2
++1
e10
--2
e10
abc
.
abc
+
1e-
abc
1.2.3
1e+
--2
0e
-
1ee2
+
+
1e-
--2
.
0e
--2
-
0e
+
+
000.e
1.2.3
++1
1ee2
1ee2
1e+
abc
.
+
1e
000.e
.
++1
+
000.e
+
1e-
1e-
1ee2
-
000.e
1e
abc
1e
++1
.
abc
1e-
1e+
+
0e
-
1e
1e-
0e
1e
0e
1e-
0e
abc
e10
000.e
1ee2
0e
+
abc
000.e
+
1ee2
1e-
000.e
000.e
1e
e10
1e
1.2.3
1e
1.2.3
-
1e
.
e10
1e-
1.2.3
+
-
+
abc
1e
0e
abc
--2
+
0e
+
0e
1.2.3
+
1.2.3
1e
.
abc
1e
-
.
abc
abc
abc
abc
abc
000.e
e10
abc
--2
000.e
1e-
++1
-
+
.
0e
1e+
0e
1e+
1.2.3
--2
.
1ee2
.
1.2.3
.
-
-
1ee2
1e+
1e
abc
++1
abc
++1
--2
0e
-
abc
e10
000.e
++1
+
1ee2
++1
++1
+
.
+
abc
0e
0e
-
+
--2
1e-
abc
000.e
1.2.3
.
-
--2
--2
1.2.3
--2
1e
1ee2
++1
000.e
e10
e10
--2
+
000.e
--2
.
1e
1ee2
0e
1ee2
1e
-
e10
0e
e10
1ee2
0e
1e-
1e-
.
1e
-
e10
-
1e-
abc
+
+
000.e
1ee2
++1
-
1.2.3
1.2.3
++1
1ee2
e10
-
1.2.3
1ee2
1e+
1e
-
1e-
.
--2
.
.
000.e
.
--2
.
e10
1e+
--2
abc
1ee2
1e
abc
1.2.3
--2
1e+
+
--2
-
.
++1
++1
000.e
+
1ee2
1ee2
1ee2
1.2.3
1ee2
1e+
1e-
++1
1e
.
abc
++1
+
1.2.3
-
1e
1.2.3
0e
.
.
e10
e10
1.2.3
0e
.
-
e10
e10
0e
.
1e
--2
000.e
1ee2
1.2.3
-
abc
1e
.
--2
000.e
1e
+
0e
.
abc
1e
--2
1e
-
1.2.3
--2
e10
000.e
000.e
1e
.
--2
1ee2
+
1ee2
+
--2
.
.
++1
000.e
1ee2
000.e
+
1e
000.e
1e-
--2
000.e
1ee2
000.e
abc
000.e
1.2.3
--2
1.2.3
abc
1.2.3
e10
abc
++1
++1
1.2.3
e10
.
1e-
1ee2
abc
000.e
--2
000.e
--2
--2
++1
.
1ee2
1.2.3
1.2.3
000.e
++1
1e
1ee2
1e-
.
-
--2
000.e
1e-
.
abc
1e
1e
1.2.3
+
1.2.3
1ee2
1.2.3
+
abc
e10
.
1e+
+
.
1e
000.e
++1
1e+
-
1e+
abc
--2
1e
+
abc
abc
++1
000.e
+
e10
e10
abc
e10
e10
e10
1ee2
+
--2
--2
e10
0e
1ee2
-
abc
--2
--2
.
1.2.3
000.e
--2
000.e
000.e
1ee2
1e
++1
--2
1e
-
1ee2
1ee2
--2
.
1.2.3
1.2.3
abc
1e
1e+
++1
++1
0e
0e
0e
1ee2
1e+
1e
1ee2
1e+
--2
-
1.2.3
000.e
0e
--2
e10
1e-
e10
e10
.
1.2.3
0e
e10
1e
000.e
1ee2
1e
--2
-
1e
-
1.2.3
.
e10
000.e
++1
+
e10
++1
-
e10
abc
e10
++1
1ee2
abc
0e
.
--2
--2
+
+
1e
.
0e
0e
1e-
+
-
0e
1e-
0e
0e
++1
1e-
e10
.
++1
-
.
-
--2
.
1e
-
1e+
1.2.3
e10
1.2.3
1ee2
0e
-
++1
1e+
000.e
+
-
--2
000.e
e10
--2
++1
+
1e
--2
1e-
+
0e
1e+
000.e
1e-
--2
--2
e10
.
1ee2
-
e10
+
000.e
1ee2
1ee2
1.2.3
--2
1ee2
1e+
+
++1
1e+
abc
1ee2
++1
.
++1
1e
1.2.3
0e
1e-
1e-
1e+
++1
1e-
++1
0e
++1
1e
e10
abc
+
--2
1.2.3
1e
000.e
++1
+
0e
.
1e-
abc
--2
1e-
++1
-
000.e
1ee2
0e
1e
1e
-
+
1e+
1e+
1e+
--2
1.2.3
1e+
abc
000.e
+
e10
1e-
-
--2
1e
1.2.3
.
e10
++1
abc
abc
e10
000.e
000.e
+
--2
1e+
0e
1ee2
--2
+
e10
--2
1e
1e
1.2.3
1e-
1e+
e10
abc
1e
000.e
1ee2
-
++1
++1
++1
1.2.3
1ee2
--2
1e-
1e
1ee2
1e-
0e
--2
1ee2
1ee2
0e
--2
e10
1e+
1.2.3
--2
e10
++1
.
1e+
1e-
0e
000.e
.
+
--2
--2
1.2.3
--2
+
0e
-
++1
1e+
.
1e-
++1
.
1e+
1e
e10
++1
++1
000.e
+
-
1e-
000.e
1e-
1e-
+
--2
1.2.3
1e-
++1
.
-
1.2.3
1ee2
1e
+
1e+
--2
1ee2
1e
0e
abc
-
.
++1
-
abc
++1
++1
-
+
.
1e
1e-
1ee2
++1
1ee2
-
1.2.3
1e+
0e
-
1e+
+
abc
1e
+
000.e
.
+
.
abc
1ee2
-
1e+
abc
1.2.3
.
+
--2
+
1.2.3
1.2.3
++1
1e
abc
0e
1e-
e10
.
1.2.3
1.2.3
1.2.3
1ee2
0e
1e+
+
1.2.3
.
+
000.e
e10
000.e
+
abc
1e
000.e
+
abc
abc
1ee2
abc
1e-
0e
++1
-
.
-
1e+
1e-
--2
-
1e-
0e
000.e
--2
++1
1e-
+
e10
1e-
abc
1.2.3
1e-
1e
1ee2
1ee2
+
0e
+
1e+
1e+
1e
-
000.e
1.2.3
1e-
++1
++1
1ee2
e10
0e
0e
++1
e10
+
--2
-
1e+
1e+
++1
abc
1.2.3
1e
1ee2
++1
.
e10
-
1e-
.
1ee2
1ee2
abc
+
1e+
abc
-
-
1e
1ee2
1e
1e
0e
abc
abc
++1
1ee2
+
+
0e
0e
1ee2
+
1ee2
+
++1
+
e10
+
1e+
e10
+
++1
abc
1e-
1e
-
1e-
1e+
-
e10
+
abc
1.2.3
.
-
0e
++1
000.e
-
000.e
1e
+
++1
1.2.3
e10
++1
-
1.2.3
1ee2
-
000.e
++1
000.e
--2
e10
1e
.
0e
-
abc
+
e10
1e+
1e-
0e
abc
000.e
++1
0e
1e
0e
.
000.e
1e-
0e
.
1ee2
.
0e
.
.
000.e
abc
1e+
-
1e
1ee2
000.e
1ee2
1.2.3
1e
1e+
.
000.e
abc
1e+
1ee2
1e+
1ee2
.
0e
-
000.e
e10
1e
--2
1e+
abc
abc
-
++1
--2
1e-
000.e
1ee2
1ee2
-
1e+
1e+
e10
0e
0e
abc
e10
0e
abc
0e
0e
-
++1
-
--2
.
0e
0e
1e
000.e
abc
000.e
++1
-
1e+
1e
1e+
1ee2
1.2.3
abc
1.2.3
1e
000.e
abc
1e-
abc
1e-
1e-
1ee2
.
1e+
0e
1.2.3
.
1.2.3
++1
-
e10
1e+
0e
1e
1e
1.2.3
1ee2
1e+
0e
--2
1e-
--2
0e
1ee2
-
1.2.3
1.2.3
0e
--2
000.e
000.e
1ee2
1e-
1ee2
1e-
1e-
++1
1ee2
1e-
-
++1
1e
1.2.3
--2
abc
e10
1.2.3
e10
abc
1e+
0e
0e
0e
1.2.3
++1
-
1ee2
000.e
0e
1e
1.2.3
1e+
1e+
0e
1e-
+
++1
1.2.3
1ee2
-
1e-
1e
++1
abc
000.e
--2
1.2.3
1e
e10
++1
.
1e
1.2.3
000.e
1e-
1e+
++1
1e
--2
++1
-
+
1e+
++1
1e+
abc
++1
1e+
1e-
++1
1e
1e-
1e-
--2
abc
1ee2
-
--2
1ee2
abc
0e
.
--2
abc
1e+
e10
abc
+
1ee2
++1
-
1ee2
1e
++1
1ee2
abc
1.2.3
0e
1e+
.
1e+
0e
1ee2
.
000.e
.
-
1e+
1e
+
0e
.
1e
1e-
--2
.
1.2.3
.
e10
0e
0e
e10
1e+
+
0e
-
1.2.3
abc
1e+
1.2.3
1.2.3
1e
++1
-
++1
abc
.
0e
abc
1e-
-
1ee2
1e-
1ee2
1.2.3
0e
-
1e-
1e+
1e+
1e
e10
000.e
1.2.3
.
e10
+
+
e10
e10
+
000.e
0e
.
--2
.
e10
1e-
1e
0e
1.2.3
++1
000.e
+
--2
+
-
1e-
1ee2
+
-
1.2.3
+
0e
e10
0e
1ee2
1.2.3
abc
1e
0e
1e-
+
1e+
--2
1e
1e+
.
1e+
--2
1e
-
1e
--2
000.e
++1
0e
1e-
000.e
000.e
1.2.3
e10
++1
abc
1e+
1e-
--2
1e+
+
0e
e10
++1
++1
.
abc
1ee2
000.e
.
1e+
+
.
1e
1ee2
e10
.
--2
1e
+
0e
0e
1.2.3
1.2.3
1e
1e+
1e
.
+
000.e
+
1ee2
1ee2
.
1e
000.e
0e
1e-
-
0e
-
+
.
++1
0e
e10
.
++1
abc
abc
000.e
++1
1ee2
0e
abc
.
e10
1.2.3
abc
abc
1.2.3
--2
1e+
+
-
+
000.e
--2
000.e
--2
1e-
1.2.3
.
0e
-
000.e
1e
1e
e10
abc
1e+
e10
0e
.
e10
++1
--2
e10
e10
abc
--2
1ee2
--2
+
e10
0e
1e+
0e
abc
e10
abc
1e+
++1
.
abc
+
+
--2
--2
e10
000.e
1ee2
.
+
000.e
e10
abc
e10
e10
+
abc
-
1e+
e10
+
.
1.2.3
abc
1e-
e10
+
1.2.3
1e+
1e+
e10
1e-
abc
1e+
--2
000.e
0e
e10
000.e
1ee2
1ee2
1e+
0e
+
0e
1e+
++1
0e
1e+
1e+
++1
1e
.
e10
1e-
1ee2
+
.
+
++1
1e+
-
1ee2
1.2.3
1e-
-
1e
+
e10
1.2.3
000.e
e10
1.2.3
abc
1e-
000.e
1ee2
+
e10
1ee2
0e
1e
1.2.3
1e
--2
1e
++1
1e+
000.e
1e-
1.2.3
1e
--2
abc
1ee2
1e-
1ee2
000.e
1ee2
--2
1.2.3
1ee2
1e+
1e
0e
e10
--2
.
0e
1e
0e
1e+
1e
.
.
1e
+
.
++1
000.e
.
000.e
000.e
1.2.3
--2
++1
e10
abc
abc
1e+
1.2.3
++1
0e
1e
0e
1.2.3
0e
000.e
--2
1e
e10
1.2.3
0e
1e
--2
-
1ee2
1e-
++1
1.2.3
--2
1e
++1
1.2.3
1e+
1e
1ee2
1.2.3
abc
++1
abc
1ee2
1.2.3
abc
++1
e10
1.2.3
abc
+
1ee2
-
1ee2
0e
0e
.
e10
e10
1e+
1.2.3
1e
0e
000.e
1e-
0e
++1
--2
0e
1.2.3
0e
.
1.2.3
1.2.3
1e
e10
0e
.
e10
0e
1e+
1e+
1e+
1.2.3
-
1e+
1e
1e
abc
++1
1ee2
1e-
1e+
+
--2
1e+
e10
1e+
0e
.
000.e
000.e
e10
++1
++1
+
++1
1e+
1e+
+
1e
0e
+
+
abc
0e
++1
000.e
e10
000.e
1ee2
--2
.
.
--2
abc
--2
1.2.3
1ee2
.
0e
000.e
e10
1e
--2
1e
1e
1ee2
++1
000.e
1e+
.
+
.
+
000.e
1e
++1
000.e
++1
abc
abc
-
1e
1e-
e10
0e
1.2.3
--2
-
1e-
0e
1e
1ee2
1e
+
0e
000.e
--2
+
1e+
-
++1
--2
-
000.e
e10
+
0e
--2
1e-
000.e
000.e
-
1e
e10
++1
1ee2
1ee2
1.2.3
0e
000.e
1e-
--2
1.2.3
abc
.
1e+
1e+
+
++1
1e-
++1
-
abc
1.2.3
1ee2
0e
-
e10
e10
++1
++1
abc
.
1e-
1e-
0e
000.e
++1
1ee2
.
abc
e10
+
1.2.3
+
1ee2
1e+
000.e
.
--2
-
1ee2
.
+
1.2.3
.
++1
.
--2
1e-
1e
--2
abc
e10
000.e
1e+
--2
++1
++1
+
abc
000.e
000.e
abc
1e
e10
--2
1ee2
1e
abc
.
++1
1e+
000.e
1e
0e
-
+
.
abc
1e-
1e+
000.e
++1
1.2.3
0e
000.e
e10
1ee2
0e
1.2.3
e10
--2
.
1e+
1ee2
1e
e10
1e+
1.2.3
.
e10
1e
--2
0e
1.2.3
++1
-
1e+
-
.
1e
.
.
1e-
.
1e+
++1
000.e
.
1e-
1e
1ee2
--2
1.2.3
1ee2
-
1e-
.
-
1e-
1e-
0e
--2
1e
1.2.3
-
1.2.3
1e
e10
1e+
1e+
1ee2
1e
1.2.3
1e-
e10
1e-
e10
abc
abc
abc
0e
1e
-
++1
-
1ee2
++1
1e
--2
abc
++1
1ee2
++1
abc
e10
-
1ee2
--2
1e-
-
-
0e
.
abc
000.e
-
1e+
--2
1.2.3
1e
1.2.3
1e-
0e
abc
-
abc
1e
000.e
--2
1ee2
000.e
.
abc
.
1e
1.2.3
-
1.2.3
--2
.
abc
1e
abc
.
000.e
e10
--2
1.2.3
1e+
.
1ee2
1e+
.
1e-
1e-
000.e
1ee2
0e
-
-
-
+
1e+
1e+
0e
e10
abc
0e
e10
++1
-
0e
1.2.3
++1
-
--2
e10
1ee2
--2
1ee2
abc
0e
0e
1e+
1ee2
++1
0e
1.2.3
1.2.3
1.2.3
000.e
000.e
+
++1
1e
-
.
0e
1e
0e
1e+
1.2.3
.
1e-
+
1ee2
1.2.3
--2
e10
1.2.3
1.2.3
1e
.
+
1e+
++1
1ee2
1e-
1.2.3
+
++1
+
e10
1e
++1
1.2.3
-
++1
1e-
abc
1e-
000.e
1e
abc
+
e10
1e
.
1ee2
+
+
+
-
+
abc
+
+
1e
abc
1.2.3
1e-
000.e
1ee2
.
--2
0e
0e
abc
abc
0e
--2
--2
000.e
+
-
.
+
e10
000.e
++1
0e
1e
+
abc
abc
abc
1e
1ee2
1e
--2
-
1e-
++1
1e-
1.2.3
1ee2
+
1ee2
1ee2
e10
--2
e10
-
1ee2
1ee2
0e
+
1ee2
1e+
abc
1e+
++1
0e
1e
0e
0e
abc
1e
-
1ee2
000.e
abc
0e
e10
--2
1e
abc
e10
+
1e
abc
0e
1e
-
+
1e
0e
abc
-
1e
0e
1e-
0e
e10
.
1.2.3
e10
++1
1ee2
.
000.e
1.2.3
1.2.3
1.2.3
-
0e
1e+
+
abc
-
1e+
-
1ee2
1e
+
--2
000.e
+
abc
++1
1ee2
1e
.
.
1ee2
0e
--2
-
-
1e+
--2
.
-
-
1.2.3
--2
e10
.
1e+
0e
.
1.2.3
e10
-
e10
abc
1e+
1.2.3
abc
+
-
++1
1.2.3
++1
abc
1e
0e
-
--2
1e+
1e
1e+
000.e
++1
++1
-
-
1ee2
0e
1e+
1.2.3
--2
1ee2
++1
1e+
--2
1e-
1e-
++1
.
1e-
000.e
+
e10
1e
+
-
abc
0e
e10
+
abc
000.e
-
-
--2
1e+
1ee2
1e-
1e+
abc
++1
++1
abc
1.2.3
1e
abc
1e
.
0e
+
++1
+
0e
e10
1ee2
1ee2
abc
e10
1e+
1.2.3
e10
1.2.3
-
--2
1e+
1e
000.e
.
1e+
000.e
1e+
.
+
1e-
1.2.3
1.2.3
0e
e10
1e
1e
.
--2
000.e
1ee2
1e-
abc
e10
--2
--2
1.2.3
.
0e
1ee2
1e
--2
1.2.3
--2
-
1ee2
1e
abc
1e+
.
1e+
1e-
0e
1ee2
1.2.3
1.2.3
1e
1ee2
1ee2
-
.
1e
1e+
-
0e
-
1ee2
--2
-
1e+
0e
++1
abc
000.e
-
abc
abc
1ee2
0e
--2
0e
e10
1e+
e10
000.e
1ee2
1e+
-
1.2.3
1e-
+
000.e
-
000.e
.
0e
1ee2
-
.
.
0e
000.e
1.2.3
1.2.3
e10
--2
++1
abc
-
abc
1e+
1e+
000.e
0e
1.2.3
e10
-
1.2.3
+
1e-
000.e
000.e
1.2.3
1e-
0e
+
abc
+
-
000.e
1ee2
1e
abc
--2
1e-
1e-
1e+
e10
e10
1.2.3
++1
.
0e
.
--2
--2
1e
--2
e10
000.e
+
+
e10
1.2.3
e10
1.2.3
e10
abc
1ee2
0e
000.e
+
e10
1e
1e
--2
1.2.3
1ee2
1ee2
-
.
1e-
+
1e
000.e
.
--2
0e
-
0e
1e+
.
-
1.2.3
.
1ee2
+
1.2.3
0e
1e+
.
abc
abc
1e+
.
1e+
++1
1e-
0e
0e
1e+
1.2.3
.
--2
-
000.e
.
--2
1ee2
1e-
++1
1e-
++1
1ee2
1e+
--2
1e-
1.2.3
abc
000.e
abc
abc
1e-
1ee2
-
--2
1e
++1
abc
000.e
abc
1e
abc
000.e
1e-
1e
--2
+
1e
.
1e
--2
--2
1e+
1e-
-
1e+
e10
+
.
1e
--2
1e+
1e
abc
1e
-
-
1e
.
0e
0e
-
000.e
1e+
e10
1.2.3
.
.
1e+
++1
e10
--2
1e
1e
1e+
1.2.3
--2
1ee2
1ee2
-
--2
++1
--2
abc
+
e10
1.2.3
.
--2
e10
abc
1e-
1ee2
.
1e+
--2
abc
e10
0e
0e
1.2.3
1.2.3
++1
0e
.
1.2.3
e10
000.e
1e-
.
1e+
abc
0e
000.e
++1
1e+
e10
1ee2
1e-
0e
e10
abc
1ee2
++1
1e-
000.e
1e
1e+
++1
--2
0e
1e
1e-
1e-
--2
1e-
.
1e+
000.e
abc
1e-
1.2.3
000.e
-
1e-
1e+
1e+
1e-
1e+
1e
--2
000.e
1e+
1.2.3
+
--2
abc
-
--2
1e-
000.e
1e-
0e
1e
1e+
1e+
e10
000.e
++1
++1
1ee2
000.e
1e-
1e+
000.e
--2
0e
1e-
e10
.
000.e
0e
1e+
000.e
.
-
++1
abc
1e+
+
+
+
1.2.3
1e+
000.e
-
-
1e-
1ee2
-
-
.
1e
.
e10
.
1e+
++1
e10
+
--2
1e-
.
abc
000.e
--2
+
+
++1
+
1e+
1.2.3
++1
-
0e
000.e
0e
1.2.3
1.2.3
1e
+
.
1.2.3
1ee2
.
0e
++1
e10
++1
e10
+
1e+
1e+
.
++1
++1
1e-
1e
1e-
e10
.
0e
+
0e
abc
-
-
1e+
1e-
1e
-
1ee2
.
--2
e10
abc
1.2.3
e10
1e
1e
e10
abc
++1
abc
-
abc
1e
1.2.3
+
--2
1e-
+
000.e
1e+
.
--2
1e+
1ee2
1e
-
abc
-
e10
abc
1e+
000.e
++1
abc
--2
1.2.3
e10
abc
e10
--2
1ee2
1e-
.
000.e
abc
1e
-
--2
0e
1ee2
1e-
abc
abc
e10
-
-
--2
abc
-
+
abc
1ee2
+
.
1e-
1e-
1.2.3
.
.
++1
1e-
1e
--2
-
e10
.
--2
++1
e10
1e
1e
abc
1e+
abc
--2
1e
.
++1
+
000.e
1e
000.e
1e
1e
abc
.
-
e10
.
1e-
1ee2
.
e10
-
1ee2
0e
0e
.
1e
1ee2
abc
-
0e
--2
1e+
+
++1
-
+
--2
1.2.3
1e+
1ee2
e10
000.e
1ee2
000.e
-
--2
abc
1.2.3
1.2.3
1e
--2
1e
1e-
++1
+
1e-
abc
+
abc
abc
++1
+
1e-
0e
1e+
1ee2
1.2.3
1e
--2
1e
0e
++1
0e
1ee2
1e
1e+
1e-
000.e
.
+
e10
1e+
--2
e10
.
1ee2
0e
e10
1e-
.
1ee2
--2
abc
abc
0e
1.2.3
0e
+
1e
1e
1e+
+
++1
++1
1e+
abc
++1
--2
+
+
1.2.3
0e
.
1e
-
1ee2
1.2.3
1.2.3
++1
.
abc
000.e
0e
--2
0e
e10
+
e10
++1
.
e10
abc
000.e
1e
1e-
1ee2
e10
1ee2
-
0e
++1
++1
1e-
1e
-
1e
1.2.3
1ee2
.
abc
1ee2
1ee2
0e
abc
1e-
1.2.3
000.e
.
1ee2
1ee2
.
0e
1.2.3
1e-
.
0e
.
1.2.3
++1
-
1.2.3
1e+
1e
.
1.2.3
--2
0e
1ee2
abc
-
e10
000.e
.
1ee2
.
1e+
++1
1e-
.
1e
-
.
-
1e+
1e
000.e
0e
1e
0e
1e+
000.e
000.e
1e+
1e+
1e-
1e-
.
000.e
--2
1.2.3
1.2.3
e10
--2
1ee2
.
1e-
1ee2
1e+
0e
1e+
abc
++1
++1
000.e
++1
--2
1e+
1ee2
++1
0e
abc
--2
.
1.2.3
000.e
1e+
++1
e10
1.2.3
000.e
000.e
e10
1e+
0e
-
1ee2
+
.
1e-
000.e
1e+
.
1.2.3
1.2.3
1ee2
--2
++1
1e-
++1
--2
-
e10
e10
000.e
e10
0e
1e+
e10
abc
--2
-
1e+
++1
abc
1.2.3
-
++1
abc
000.e
1ee2
-
abc
1e
abc
-
e10
1.2.3
e10
e10
++1
1e+
e10
-
1e+
e10
+
000.e
1e
1e-
.
abc
0e
-
1e+
abc
--2
e10
++1
abc
+
--2
++1
abc
.
1e-
++1
-
abc
++1
-
1.2.3
abc
1e-
-
1e+
-
0e
1.2.3
e10
1e+
++1
+
1e+
+
++1
0e
+
1e-
.
++1
.
1.2.3
0e
0e
++1
1ee2
1.2.3
000.e
++1
1ee2
++1
+
e10
1e-
1.2.3
.
--2
+
+
1e+
+
+
1e
1.2.3
e10
1e+
1e+
abc
000.e
1e
++1
--2
1e-
abc
abc
1ee2
1e
e10
+
abc
++1
++1
++1
-
abc
e10
0e
1ee2
1e+
e10
+
abc
0e
-
0e
e10
0e
000.e
--2
1e-
--2
1e-
000.e
abc
e10
-
1e
1ee2
++1
0e
1ee2
1e+
1.2.3
abc
0e
e10
--2
000.e
1e+
.
e10
e10
e10
+
0e
1ee2
1e-
0e
0e
0e
++1
1ee2
1e
1ee2
1e-
1.2.3
1e-
e10
+
000.e
++1
1e
1e
++1
e10
1e+
1e
+
+
e10
+
1e+
000.e
++1
e10
.
1e-
--2
0e
+
--2
-
0e
.
abc
.
--2
e10
1e
1e+
++1
.
1ee2
++1
+
.
1e+
1e
0e
000.e
abc
e10
e10
++1
1e
1ee2
1e
++1
e10
1ee2
1e
-
+
++1
1ee2
.
abc
000.e
0e
0e
e10
1.2.3
1e
--2
1ee2
e10
1e
abc
1e+
e10
++1
1e-
1e-
--2
000.e
-
-
1ee2
.
000.e
1e+
1e+
++1
1.2.3
-
1ee2
.
.
+
1e
abc
e10
++1
1e-
e10
1e+
--2
++1
--2
1.2.3
--2
.
1e-
1.2.3
-
++1
+
1.2.3
++1
1e+
-
1e
.
1.2.3
++1
e10
1e
000.e
1e+
++1
-
1.2.3
0e
+
--2
1e-
abc
1.2.3
e10
abc
abc
0e
1e+
--2
1.2.3
abc
1e-
1e-
000.e
+
-
e10
--2
++1
1ee2
000.e
--2
1e+
++1
1e
1.2.3
--2
--2
1e+
1ee2
1ee2
0e
e10
1e+
1e-
1e-
1e+
-
abc
1ee2
1e-
000.e
1e+
000.e
1e
1e-
0e
1e-
1e-
1e
1e+
0e
000.e
+
e10
1.2.3
-
.
.
1.2.3
--2
.
abc
1e
1ee2
0e
1e+
e10
000.e
abc
--2
1e+
--2
abc
+
++1
.
+
1e-
0e
1e+
000.e
-
-
1e+
1e
.
1e+
++1
1ee2
1.2.3
1ee2
1e+
1.2.3
+
1e-
1e
--2
1e+
--2
++1
000.e
1e-
++1
000.e
++1
1e-
000.e
--2
e10
1ee2
abc
-
abc
--2
1e
0e
0e
--2
1e-
1e
-
1e
.
000.e
000.e
+
-
--2
abc
0e
++1
e10
1e+
1ee2
000.e
000.e
1e+
-
0e
1e+
e10
-
1e
++1
000.e
1.2.3
1e
++1
0e
1ee2
000.e
1e-
-
e10
abc
++1
abc
++1
e10
1.2.3
--2
+
000.e
++1
0e
abc
1.2.3
.
000.e
+
1.2.3
--2
1e-
e10
e10
000.e
1e+
++1
++1
--2
000.e
1e
e10
1e
--2
1e
1e+
0e
++1
000.e
000.e
1e-
1.2.3
abc
1ee2
-
--2
1ee2
1e+
1.2.3
e10
000.e
++1
0e
abc
.
1ee2
--2
1e
000.e
1.2.3
--2
1e-
+
--2
+
-
--2
-
.
1ee2
1e
-
++1
abc
--2
++1
1e+
1e-
1ee2
e10
1.2.3
1ee2
000.e
1e
1e-
1ee2
abc
0e
1e+
1.2.3
000.e
0e
--2
--2
++1
1e+
1.2.3
1.2.3
1e+
000.e
1ee2
-
--2
.
++1
1e-
-
+
abc
0e
--2
-
1.2.3
.
+
-
1e-
e10
000.e
-
000.e
.
++1
+
1.2.3
1.2.3
000.e
--2
1.2.3
--2
e10
++1
1e+
0e
e10
1e-
--2
000.e
+
--2
000.e
000.e
000.e
1e+
000.e
+
1e-
e10
.
++1
e10
--2
--2
1e+
000.e
abc
1.2.3
--2
1e
000.e
1e+
.
1e
1e
+
1e+
.
+
000.e
0e
--2
1e-
1ee2
+
1e
.
0e
1e+
1e+
1ee2
+
-
1ee2
++1
0e
++1
.
1e-
++1
e10
.
1e
abc
--2
--2
+
0e
--2
--2
abc
-
e10
0e
1ee2
1e-
--2
--2
1e+
000.e
.
1ee2
.
000.e
--2
--2
1e-
1ee2
e10
1e-
1e-
1e-
1e
e10
0e
-
--2
++1
1ee2
e10
+
e10
++1
+
e10
++1
-
1e+
+
+
.
-
1e
-
abc
1e
abc
1e
+
--2
1e+
1e+
-
-
.
+
1ee2
1e+
-
1.2.3
abc
e10
++1
1e+
1e-
e10
1e+
.
1e+
-
1e
--2
abc
0e
--2
1ee2
--2
e10
-
1e
1e+
1ee2
1e
1.2.3
1e+
1e
1e-
++1
.
0e
0e
.
1e-
0e
1e+
.
e10
0e
1e
+
.
1e-
1e-
-
abc
--2
--2
1e-
1e-
.
1.2.3
++1
--2
++1
+
1.2.3
e10
++1
--2
1e-
--2
.
abc
1.2.3
abc
1ee2
1e-
--2
.
1.2.3
--2
1.2.3
--2
1e
1e
e10
1e-
1e
1e+
abc
++1
000.e
++1
000.e
1e-
abc
0e
abc
--2
0e
-
1ee2
.
+
abc
1e
-
1e-
.
e10
+
1e
1e-
000.e
.
.
0e
abc
-
1ee2
++1
1ee2
1ee2
0e
--2
1e
1.2.3
1e-
e10
1ee2
--2
abc
e10
1e-
1e
1e+
1ee2
+
e10
e10
000.e
000.e
++1
++1
e10
-
e10
.
1e
-
--2
e10
-
abc
+
+
++1
e10
1.2.3
++1
++1
1ee2
+
+
--2
1ee2
1e-
1e
++1
1e-
1ee2
e10
abc
0e
1e+
1ee2
+
1ee2
1e-
abc
0e
e10
--2
++1
e10
1ee2
1.2.3
+
+
abc
1ee2
1ee2
1e+
1e+
1e+
abc
--2
.
1e+
1e
1e+
-
++1
0e
000.e
1e
+
1e
000.e
0e
000.e
000.e
-
000.e
1.2.3
1e-
+
000.e
.
.
++1
1e
1.2.3
abc
-
-
0e
-
1e-
1e
1e+
0e
.
+
--2
e10
1ee2
abc
1e+
+
1e
-
--2
+
abc
1ee2
1.2.3
1ee2
e10
e10
1e+
-
e10
++1
1e+
abc
+
abc
e10
--2
1e+
-
-
0e
1e
--2
.
--2
000.e
--2
1e-
1ee2
-
1e
0e
1e+
1e-
0e
++1
+
0e
1e+
1e
1.2.3
++1
000.e
1e+
e10
1.2.3
1e
e10
abc
++1
000.e
++1
+
++1
-
1e-
1.2.3
.
000.e
0e
-
--2
--2
--2
+
--2
+
--2
1e+
e10
1e+
1.2.3
+
-
-
1e
+
++1
1.2.3
1.2.3
--2
abc
++1
e10
1.2.3
1ee2
1ee2
++1
e10
e10
1e-
abc
-
++1
abc
1.2.3
1.2.3
1e
1e+
e10
1ee2
1.2.3
e10
1e
e10
1.2.3
.
000.e
1ee2
1.2.3
e10
.
0e
1e-
1e+
.
1ee2
1.2.3
1e
1e-
--2
0e
0e
1e-
1e+
0e
1e+
1e+
1e+
abc
000.e
000.e
0e
1e+
1e
0e
++1
0e
1e
1e+
000.e
+
--2
.
1e
0e
0e
1e-
abc
.
1.2.3
++1
1e
abc
1.2.3
000.e
.
0e
1e+
0e
--2
+
+
1e+
1e+
++1
1ee2
1e-
e10
1e-
++1
abc
1.2.3
abc
1.2.3
+
0e
++1
1e
1e
+
-
--2
000.e
e10
000.e
1e-
e10
1e-
1e-
1ee2
e10
--2
000.e
0e
+
1.2.3
.
1ee2
1e+
.
1e-
++1
+
1ee2
abc
++1
e10
1.2.3
--2
.
1e
000.e
.
abc
1.2.3
1ee2
1e+
1.2.3
1e-
0e
1ee2
.
abc
000.e
1e+
1.2.3
e10
1.2.3
1e+
1e
e10
++1
--2
1e
1e
--2
+
1.2.3
-
-
1ee2
e10
+
1e+
1e
000.e
e10
e10
1e
+
e10
abc
1e
1.2.3
-
.
1e+
-
0e
1ee2
abc
+
abc
abc
1e-
.
--2
abc
0e
000.e
0e
--2
e10
--2
+
-
0e
--2
.
1ee2
.
1e
+
1e+
1ee2
++1
++1
.
1ee2
+
--2
0e
++1
+
1e+
--2
e10
abc
1ee2
+
-
1.2.3
-
+
--2
1.2.3
1e-
000.e
0e
1.2.3
1e+
1.2.3
1e-
.
-
0e
.
1.2.3
1ee2
000.e
-
+
--2
1e-
e10
0e
--2
1.2.3
abc
000.e
-
e10
+
0e
++1
0e
+
.
.
1e
++1
1e-
.
000.e
1e+
0e
.
1.2.3
++1
e10
000.e
1.2.3
000.e
1e+
1e
.
abc
1e
000.e
--2
.
-
1e+
1ee2
abc
000.e
abc
++1
++1
1e
+
.
abc
--2
1e-
abc
1e
1.2.3
e10
.
1e
.
--2
1ee2
+
abc
.
.
e10
1e+
-
-
++1
-
000.e
0e
-
-
+
abc
0e
1ee2
1ee2
1.2.3
1.2.3
1.2.3
e10
--2
+
--2
++1
1e
1ee2
e10
1ee2
--2
.
++1
+
e10
.
e10
0e
e10
.
.
1ee2
000.e
1e
e10
e10
1ee2
++1
1ee2
+
0e
++1
1e
abc
--2
1ee2
000.e
0e
--2
1ee2
000.e
1e
-
1e+
abc
1.2.3
--2
1e
1e
.
000.e
1e+
abc
abc
1.2.3
000.e
--2
1e
1ee2
abc
1ee2
++1
--2
0e
1e+
0e
+
++1
0e
1e
1e-
1e
1ee2
-
e10
e10
000.e
0e
-
abc
++1
abc
1ee2
0e
1e+
+
1.2.3
1e-
1e
++1
1e
1ee2
1e
+
1e-
++1
.
000.e
--2
1ee2
--2
1e+
--2
++1
1e+
e10
1.2.3
--2
.
1.2.3
-
000.e
abc
0e
++1
0e
-
000.e
1e-
-
e10
e10
--2
-
-
--2
abc
1e+
.
--2
--2
1ee2
-
abc
++1
1e
0e
1ee2
1e+
1e
e10
e10
0e
1e
e10
++1
1e
--2
1e+
--2
-
abc
0e
.
1e+
+
1e
+
--2
0e
1e
e10
e10
e10
e10
-
-
1e-
1ee2
000.e
--2
1e+
+
++1
--2
++1
.
000.e
-
1e+
e10
+
000.e
++1
e10
000.e
++1
-
1ee2
1.2.3
1ee2
.
+
++1
1e
0e
++1
.
0e
0e
0e
0e
000.e
1ee2
0e
1ee2
--2
0e
1e
.
.
e10
e10
+
-
1e-
000.e
++1
abc
0e
0e
.
abc
--2
1ee2
1e+
++1
--2
1e-
1.2.3
--2
abc
1e-
+
1.2.3
+
.
-
abc
-
-
0e
abc
1e-
1ee2
1e+
000.e
000.e
e10
.
+
+
1e+
1e+
1e-
1e-
e10
1ee2
abc
.
000.e
+
-
1e+
abc
-
.
0e
++1
0e
.
0e
1ee2
1e
1e
abc
--2
1.2.3
abc
--2
1ee2
000.e
--2
000.e
1ee2
.
-
--2
++1
-
1e-
1ee2
1.2.3
1e
--2
.
e10
.
1e
-
--2
000.e
-
0e
1e
1e
++1
1.2.3
e10
1.2.3
1.2.3
--2
000.e
000.e
e10
1e-
.
1.2.3
e10
.
.
e10
0e
+
--2
abc
abc
1e-
++1
000.e
1.2.3
1ee2
1e-
0e
0e
1e
1.2.3
0e
000.e
+
1e-
abc
++1
.
1e-
++1
e10
.
+
000.e
--2
abc
++1
1e
+
0e
1e+
1e+
++1
1e+
1e
-
--2
++1
.
.
000.e
e10
0e
++1
1.2.3
1e-
1e
abc
1e-
+
1.2.3
1e-
-
.
000.e
++1
-
1ee2
0e
abc
--2
.
1e+
1e+
e10
++1
1e
abc
+
abc
1e
1ee2
0e
++1
abc
000.e
1e
-
.
++1
1ee2
000.e
1e-
1ee2
abc
1ee2
1e+
abc
--2
1ee2
+
e10
0e
.
--2
0e
.
.
1e+
e10
-
1.2.3
e10
1e
1ee2
++1
.
--2
.
++1
++1
e10
++1
e10
abc
++1
0e
1e+
e10
.
000.e
1ee2
1e-
--2
e10
+
1e-
000.e
-
--2
1e+
1e
0e
1e-
.
e10
e10
000.e
1e+
000.e
++1
1ee2
1e-
++1
.
1.2.3
000.e
1e+
.
000.e
--2
++1
1e
+
1e+
-
1e
++1
abc
-
000.e
1.2.3
++1
1.2.3
1ee2
1e-
1e
+
--2
.
e10
-
++1
1e+
.
1e
--2
1ee2
1e-
1.2.3
1.2.3
1e
--2
1e-
+
000.e
0e
-
0e
0e
e10
++1
.
e10
.
++1
e10
1e+
1e+
++1
+
.
-
1e+
++1
.
1.2.3
1.2.3
1e-
--2
0e
++1
000.e
1e+
1.2.3
1.2.3
++1
000.e
1e-
-
+
1.2.3
-
1ee2
1e-
0e
000.e
e10
1e
000.e
+
1e
000.e
abc
+
1e+
1e+
1ee2
.
abc
abc
000.e
000.e
1e-
.
+
1e
+
1ee2
abc
1e+
+
1e+
abc
+
1.2.3
-
e10
1e
1e-
e10
1e
1e+
1e-
+
--2
++1
1e+
1e+
--2
1e
1.2.3
1e-
1e+
+
+
--2
-
e10
000.e
abc
abc
1.2.3
1e+
abc
.
.
1e-
1e
--2
1e
.
+
000.e
.
1ee2
--2
++1
abc
--2
1e+
1ee2
e10
+
-
abc
abc
000.e
1e-
1e+
1.2.3
abc
0e
1ee2
1ee2
abc
1e+
1e+
-
e10
--2
1e
--2
+
-
+
1e-
++1
++1
000.e
1ee2
1.2.3
1ee2
1e+
abc
000.e
.
.
1.2.3
+
+
1e
abc
1e
++1
1.2.3
1ee2
--2
e10
0e
.
e10
1ee2
.
+
000.e
0e
1e
.
e10
1e+
000.e
000.e
1e+
1.2.3
++1
-
000.e
e10
1.2.3
.
+
1e-
abc
+
0e
1e+
++1
--2
.
1.2.3
abc
1.2.3
--2
1ee2
1e
++1
1e
1e-
1.2.3
1e+
1.2.3
-
1e+
1.2.3
1e
-
1e
1e
1ee2
e10
--2
1e-
1e+
1e-
1e
1e-
1e+
000.e
1e
+
+
1e+
1.2.3
-
e10
1e-
1.2.3
--2
1.2.3
--2
000.e
++1
+
1ee2
1.2.3
1e
1e+
e10
-
000.e
1e-
++1
0e
0e
0e
1e+
1ee2
--2
1e-
++1
0e
1ee2
e10
abc
1e+
1e+
e10
0e
1ee2
++1
-
0e
--2
+
abc
++1
1e+
0e
1ee2
-
e10
1.2.3
-
.
.
--2
--2
1ee2
++1
0e
1.2.3
1.2.3
1e+
1e-
0e
++1
1ee2
--2
1e-
1e+
1e+
++1
--2
0e
abc
--2
--2
1e+
e10
e10
1e
+
abc
1ee2
+
1e
--2
-
1e+
+
e10
000.e
++1
.
++1
-
+
.
0e
.
000.e
1e-
.
+
+
1e
-
-
-
1e+
1ee2
0e
0e
.
1e+
e10
1.2.3
e10
1e
.
-
1.2.3
abc
0e
--2
++1
--2
1e
--2
1ee2
000.e
+
abc
.
000.e
0e
1.2.3
1.2.3
+
abc
--2
0e
e10
1e+
000.e
1e
++1
abc
.
0e
1.2.3
e10
1e
1.2.3
abc
.
1.2.3
.
000.e
0e
abc
e10
1.2.3
+
0e
e10
1ee2
1e-
abc
1ee2
e10
.
++1
+
0e
1.2.3
1ee2
1e
++1
.
1e-
++1
++1
000.e
++1
-
--2
.
1e+
.
.
000.e
--2
+
0e
0e
1e-
.
.
.
1e+
1e+
++1
1.2.3
+
1.2.3
000.e
+
1.2.3
1e
--2
1e+
1ee2
.
1e+
0e
+
1.2.3
++1
1.2.3
+
000.e
1ee2
000.e
1.2.3
0e
e10
1e+
abc
1e
1e+
++1
e10
1e+
++1
1e+
.
1.2.3
+
-
+
.
++1
e10
+
1e-
abc
0e
+
1.2.3
1e
+
1e
1ee2
abc
-
-
1e-
1e-
000.e
--2
1e-
e10
++1
1.2.3
++1
1e-
1e+
-
--2
abc
.
--2
e10
0e
+
1.2.3
--2
000.e
++1
abc
--2
1e-
-
1.2.3
.
1e
abc
abc
++1
--2
--2
1ee2
1.2.3
--2
abc
++1
abc
000.e
-
1e-
--2
++1
e10
-
--2
1ee2
e10
+
--2
1e+
1ee2
1e+
--2
-
e10
+
abc
+
1e+
.
-
0e
e10
1e-
1e+
1e
.
0e
1ee2
1.2.3
e10
1e+
000.e
1e
--2
.
--2
++1
abc
1.2.3
--2
000.e
-
1e
0e
.
+
--2
1e+
+
000.e
1ee2
1e-
1ee2
1.2.3
0e
++1
abc
000.e
++1
1.2.3
000.e
1e
0e
1e-
0e
++1
1e+
abc
+
1e+
++1
-
1ee2
1.2.3
1e-
+
000.e
.
+
abc
0e
1e+
-
abc
++1
0e
-
.
1ee2
1e-
1e+
1e
0e
1e
1e
1ee2
-
000.e
1e+
1.2.3
0e
.
1e
1e-
--2
--2
1e-
abc
--2
--2
1.2.3
1e+
abc
++1
--2
000.e
1ee2
1e-
000.e
1.2.3
1e+
--2
e10
1.2.3
+
1e-
000.e
1e+
--2
1e
++1
-
++1
++1
+
e10
1ee2
e10
1e-
1ee2
1e-
-
1ee2
0e
-
1.2.3
+
e10
0e
000.e
+
0e
.
000.e
.
0e
0e
1e
e10
+
1ee2
e10
1e-
e10
+
1.2.3
e10
1e
++1
1e-
.
-
0e
0e
0e
1.2.3
1e+
++1
1e-
0e
1e+
abc
.
--2
abc
--2
1.2.3
abc
1e-
1e-
1e+
++1
.
1.2.3
1e+
1e
1e-
--2
0e
000.e
1e-
1e+
1.2.3
e10
+
0e
--2
++1
e10
-
0e
e10
000.e
-
1e
0e
--2
--2
1ee2
--2
1.2.3
abc
abc
1e
.
1e+
--2
--2
1.2.3
0e
e10
+
e10
1e+
+
+
--2
--2
000.e
1e-
--2
0e
e10
1e-
1e
1ee2
++1
--2
--2
1e-
1e-
++1
.
++1
abc
0e
1ee2
000.e
1e+
+
++1
-
1e-
0e
1.2.3
+
1.2.3
.
-
+
abc
.
e10
1ee2
1e+
.
1e+
1ee2
1e+
000.e
000.e
0e
--2
abc
1.2.3
1e
e10
--2
--2
++1
000.e
abc
000.e
.
1e
1e
1e+
1ee2
--2
-
1e
000.e
+
abc
1e-
1e
++1
++1
-
+
1e
000.e
e10
0e
abc
++1
1e
-
-
1e-
1ee2
+
--2
000.e
.
0e
1e-
.
1e
1e
1.2.3
abc
-
abc
1e-
000.e
1e-
++1
++1
abc
1.2.3
e10
.
++1
++1
++1
1.2.3
++1
abc
000.e
e10
++1
e10
+
1e+
e10
0e
1.2.3
--2
1e-
000.e
1e
abc
0e
1.2.3
--2
-
-
1ee2
--2
0e
--2
000.e
1ee2
+
+
1.2.3
++1
1e-
1.2.3
1ee2
1e-
-
.
000.e
1e
abc
1e-
+
000.e
000.e
1e+
1e+
1e
0e
e10
-
1.2.3
0e
.
000.e
--2
++1
abc
--2
1e
1e+
1ee2
1ee2
--2
--2
abc
1e-
++1
++1
1.2.3
++1
+
.
abc
e10
1e+
-
0e
1e+
1e-
1e+
++1
1e-
1e-
--2
000.e
1e+
+
1e+
+
0e
--2
1ee2
0e
-
1e-
1.2.3
1e+
+
1.2.3
1e
++1
1e
e10
000.e
-
1e+
++1
abc
abc
1e+
.
1e+
1e+
e10
-
0e
+
1ee2
+
1e-
000.e
-
.
1.2.3
abc
1ee2
-
abc
.
1e
1.2.3
.
--2
e10
.
1ee2
1e-
.
+
1.2.3
000.e
1.2.3
++1
0e
000.e
0e
.
-
e10
++1
1e
--2
-
-
000.e
+
1.2.3
000.e
+
1e-
1ee2
1e
1ee2
abc
-
1e
-
--2
0e
0e
1e+
+
abc
0e
e10
0e
1.2.3
--2
1.2.3
000.e
1e
1.2.3
1e+
0e
++1
1e-
++1
0e
1.2.3
000.e
++1
--2
0e
e10
1e-
abc
1e-
-
-
000.e
+
1e-
++1
1e+
1ee2
1.2.3
++1
000.e
0e
0e
1e+
1.2.3
.
abc
e10
1ee2
--2
--2
--2
-
1e+
abc
-
1.2.3
++1
+
.
.
+
-
0e
--2
++1
abc
-
1e-
e10
.
1ee2
1e
1e+
abc
++1
--2
000.e
1.2.3
+
-
1.2.3
1ee2
1.2.3
000.e
000.e
+
1ee2
1e-
0e
+
--2
abc
1e-
0e
--2
--2
+
1.2.3
abc
1.2.3
1e
-
++1
++1
++1
1ee2
1.2.3
-
1e-
1e+
0e
abc
+
1e-
000.e
abc
1e
0e
++1
e10
-
1e+
abc
1.2.3
1.2.3
1e-
1.2.3
1ee2
e10
--2
0e
1.2.3
e10
1e-
0e
1.2.3
1.2.3
1e-
1ee2
++1
--2
abc
1e+
e10
-
0e
abc
+
1e-
+
e10
--2
--2
0e
e10
1ee2
--2
e10
-
000.e
1e
1.2.3
+
1e-
1ee2
000.e
--2
++1
+
1e
++1
1e
.
-
.
1e-
1.2.3
++1
++1
000.e
+
abc
1.2.3
.
000.e
1ee2
0e
++1
e10
e10
0e
1e
abc
abc
-
abc
1e
+
0e
1.2.3
1e
1ee2
000.e
1e
1e
0e
1ee2
-
1ee2
e10
+
1e
000.e
1e+
1ee2
1e
++1
-
e10
1.2.3
1e
1.2.3
0e
1e
1.2.3
000.e
1e
1e
++1
.
0e
e10
.
.
--2
1e+
--2
abc
1.2.3
+
1e-
1.2.3
1e+
abc
-
1e
000.e
0e
++1
1e
e10
--2
1e+
++1
+
1ee2
1.2.3
+
+
+
1ee2
1e-
+
--2
1ee2
0e
1e
1e
1.2.3
abc
0e
1ee2
0e
.
1e-
1e+
1.2.3
abc
--2
+
0e
+
.
++1
--2
1e
++1
1e+
++1
+
.
000.e
.
1e
+
1e-
++1
000.e
1.2.3
abc
abc
.
abc
1e
abc
e10
1.2.3
0e
0e
e10
-
000.e
-
.
-
e10
+
.
--2
1e-
1.2.3
-
000.e
1.2.3
--2
1.2.3
abc
+
0e
1e+
--2
abc
.
1e+
abc
e10
1e-
0e
-
-
++1
1e
abc
.
1.2.3
++1
abc
+
abc
--2
1ee2
1e+
000.e
e10
1e-
1e+
abc
-
++1
.
1e-
abc
1e
--2
--2
0e
++1
--2
1e
.
1.2.3
000.e
1e-
+
1ee2
1e+
e10
+
-
abc
++1
.
1e-
1e-
0e
.
1e+
1ee2
abc
1ee2
1e+
-
1e
0e
e10
-
1e-
1e
1e
+
0e
--2
1e+
++1
abc
0e
1e+
1.2.3
1e-
++1
0e
0e
-
++1
+
1e
--2
0e
+
++1
000.e
0e
abc
e10
0e
+
++1
++1
1ee2
000.e
1e-
0e
--2
1.2.3
++1
1e-
1e
000.e
1.2.3
e10
.
1.2.3
.
+
1.2.3
++1
1ee2
+
.
1e
1e+
1ee2
1e+
++1
--2
000.e
++1
abc
1e+
1e-
0e
0e
1ee2
1.2.3
0e
0e
e10
+
--2
-
.
1e+
0e
1e
abc
0e
1e-
1ee2
000.e
1e
1.2.3
1ee2
.
000.e
1ee2
1e
.
000.e
1.2.3
1e+
1e-
abc
e10
--2
e10
0e
.
1e
0e
e10
.
1.2.3
000.e
++1
e10
++1
abc
1ee2
1e
1e
.
e10
1ee2
000.e
e10
--2
-
e10
1e-
1e+
abc
++1
abc
1e-
++1
1e
1e
e10
-
1e+
e10
--2
1e-
1ee2
1e
1e-
000.e
abc
-
0e
1ee2
++1
++1
1e-
++1
+
1ee2
1ee2
0e
e10
000.e
.
-
1ee2
1.2.3
++1
--2
1e-
1e+
+
1e+
000.e
abc
e10
1e
0e
++1
+
1ee2
-
1ee2
1e+
1e
1e+
1e
++1
+
1e+
++1
.
1e-
++1
--2
abc
000.e
--2
.
.
000.e
1e-
1e+
1e
--2
e10
1e-
1e+
++1
1e-
+
--2
1.2.3
+
+
+
+
1e+
--2
--2
e10
0e
0e
1ee2
--2
0e
1e
1e+
-
1e+
++1
-
1e
1e
1ee2
0e
+
e10
1.2.3
1e-
abc
++1
000.e
++1
+
.
-
-
--2
1ee2
0e
1.2.3
--2
1.2.3
000.e
--2
1e
abc
++1
1ee2
0e
1e-
1e+
abc
1e+
++1
1e+
1e+
1e-
abc
000.e
++1
1e
abc
1e+
1.2.3
1ee2
1.2.3
0e
1e-
.
abc
000.e
+
.
1ee2
--2
1ee2
++1
.
1e-
++1
abc
1ee2
1e-
e10
1e-
1e
1e+
1e+
--2
-
abc
1e+
abc
e10
abc
1e
0e
--2
1e
e10
0e
++1
.
000.e
e10
1.2.3
1.2.3
e10
+
++1
-
0e
abc
--2
abc
+
.
e10
1.2.3
++1
-
1e-
-
1e+
1.2.3
-
1ee2
000.e
1e
1e
abc
000.e
1e-
000.e
1e
--2
1.2.3
.
0e
abc
0e
--2
1.2.3
000.e
1e-
--2
1e
+
1.2.3
1e
.
--2
e10
1ee2
1e-
000.e
1e+
--2
1e-
-
1e-
1.2.3
.
-
--2
1e-
1ee2
+
0e
.
1.2.3
1.2.3
.
000.e
0e
1e+
++1
1e+
1e+
.
++1
1e-
1e+
0e
-
abc
1e-
000.e
1e+
++1
e10
-
1e
1e+
.
abc
1e+
1e
-
000.e
1e+
000.e
1ee2
000.e
e10
-
1ee2
1e-
1.2.3
000.e
--2
+
1.2.3
1ee2
.
1e-
0e
1e+
1.2.3
0e
+
000.e
000.e
abc
-
abc
-
1.2.3
1e-
e10
.
1e
--2
000.e
.
1e+
+
++1
--2
--2
+
1e
-
1e
0e
++1
++1
e10
1e
000.e
-
++1
0e
1.2.3
--2
--2
.
--2
1e
++1
1e
--2
.
+
1e
e10
1e+
1e
1e-
-
1.2.3
1ee2
0e
e10
1e+
++1
1e
++1
0e
.
-
.
0e
abc
1e+
1.2.3
--2
1e+
1e-
+
1e+
e10
--2
abc
.
1e-
1ee2
1ee2
--2
abc
000.e
1e
000.e
.
0e
-
1.2.3
1e-
e10
1ee2
1e-
++1
.
1e
+
1ee2
++1
--2
+
++1
.
.
1.2.3
+
++1
e10
0e
1.2.3
abc
0e
1e+
000.e
1e+
1e
0e
1e-
1ee2
1e-
-
+
abc
1.2.3
+
0e
++1
+
abc
+
.
1e
e10
1e
1ee2
+
-
1e+
1e
--2
1e+
--2
+
++1
1.2.3
+
e10
+
0e
0e
1.2.3
1.2.3
+
--2
1e+
1ee2
1e-
1e+
abc
0e
-
1.2.3
++1
--2
0e
-
1e
0e
++1
--2
0e
000.e
e10
1e+
1.2.3
+
1e+
1e+
1e-
--2
.
1.2.3
1e+
1ee2
1e
000.e
1e+
1ee2
1e-
1e+
1e+
e10
.
--2
-
--2
000.e
e10
++1
1ee2
000.e
++1
0e
.
1e-
1.2.3
0e
000.e
abc
1ee2
+
1e
-
++1
1e
abc
1ee2
1e
1ee2
.
1e-
.
1e-
1ee2
--2
000.e
1e+
+
-
+
1.2.3
1.2.3
-
1e-
+
1.2.3
1e-
1e+
1.2.3
.
++1
-
abc
.
abc
+
e10
1ee2
1.2.3
1.2.3
1ee2
-
e10
--2
-
e10
1e
1e
.
-
0e
--2
++1
--2
0e
abc
1e+
1.2.3
1e-
0e
000.e
-
1e-
e10
000.e
1ee2
e10
1e+
abc
-
1ee2
1ee2
abc
000.e
1e+
abc
.
1e+
+
--2
1e-
1e+
000.e
000.e
abc
abc
1ee2
1e-
+
0e
1ee2
1ee2
1.2.3
-
abc
1e+
1e+
-
1.2.3
-
1ee2
--2
-
1e-
--2
1e+
1e-
--2
+
1e+
1e
1e
1e-
e10
e10
1e+
--2
.
.
1ee2
e10
1ee2
000.e
-
1.2.3
0e
1ee2
abc
--2
1e
1ee2
-
1.2.3
1.2.3
e10
-
-
+
1e-
-
1.2.3
e10
000.e
++1
0e
1e+
.
1e+
e10
--2
+
1e
-
1e-
000.e
.
--2
1ee2
1.2.3
1.2.3
1e
++1
000.e
1e+
e10
e10
-
000.e
--2
-
.
++1
1e+
1ee2
0e
1e-
e10
0e
-
000.e
0e
1ee2
-
++1
1e+
000.e
1e+
1e
1.2.3
1ee2
e10
1ee2
-
1e+
--2
000.e
1.2.3
-
-
1e+
1e-
.
++1
1e-
+
abc
abc
+
e10
1.2.3
000.e
--2
1ee2
0e
++1
+
0e
e10
0e
0e
1.2.3
.
+
abc
-
000.e
-
-
000.e
-
--2
0e
000.e
e10
.
-
000.e
--2
--2
-
1.2.3
1e
1e
abc
1.2.3
1e+
1e-
-
-
-
+
-
0e
++1
.
000.e
--2
.
e10
--2
000.e
1.2.3
abc
.
1e-
1ee2
1e+
1ee2
1.2.3
++1
1e
++1
abc
--2
1e-
1ee2
1ee2
+
1ee2
--2
.
.
--2
1.2.3
1ee2
++1
1.2.3
.
1.2.3
-
000.e
0e
.
abc
++1
.
++1
.
abc
.
000.e
++1
-
000.e
1e
+
0e
000.e
abc
000.e
0e
++1
e10
++1
.
e10
+
1e
000.e
--2
++1
abc
1.2.3
0e
++1
e10
1.2.3
e10
--2
1.2.3
0e
e10
-
e10
1ee2
0e
++1
.
abc
--2
000.e
1e
-
0e
1e
1e-
e10
1e+
0e
+
e10
--2
--2
1e+
0e
000.e
--2
e10
e10
0e
1e+
1e-
++1
--2
abc
1.2.3
1e+
e10
1e
+
e10
1ee2
.
1e
.
000.e
abc
1e-
.
1e+
000.e
1e
--2
.
1e+
1e+
1ee2
1.2.3
1e+
++1
abc
.
--2
1e
1e-
+
0e
abc
1.2.3
++1
++1
000.e
1e+
1e+
.
1.2.3
+
1e
.
1e
+
1ee2
+
abc
e10
1.2.3
1e-
.
000.e
-
.
1.2.3
1e-
1e-
1e-
.
1e
--2
abc
e10
1e+
+
1e
0e
.
+
1.2.3
0e
e10
0e
.
++1
1e
1e-
++1
-
1e-
.
1e
1.2.3
++1
000.e
--2
1e
1e-
0e
000.e
1e+
1.2.3
.
.
1e+
0e
1ee2
1e
1e-
1.2.3
1ee2
--2
-
1e-
1e
abc
1ee2
1e+
++1
++1
-
.
++1
-
0e
-
1.2.3
-
1ee2
1ee2
abc
e10
0e
+
++1
1.2.3
1e-
abc
000.e
0e
e10
1e+
abc
1e+
-
1.2.3
-
1e
0e
0e
abc
.
-
++1
1e
-
1ee2
abc
1e+
abc
1ee2
000.e
+
e10
1ee2
1e
1e
--2
1e+
1.2.3
-
1e
1ee2
1ee2
1ee2
1ee2
.
.
--2
e10
1ee2
.
-
1.2.3
.
0e
1e-
e10
1ee2
1e
e10
0e
--2
.
1e-
1.2.3
0e
.
1ee2
1e-
--2
+
abc
.
.
--2
0e
+
1ee2
1e+
1ee2
0e
--2
0e
1e+
1.2.3
e10
abc
1e-
0e
.
000.e
e10
+
1e-
1e-
+
000.e
+
-
1e+
--2
.
.
e10
1e
1e
e10
0e
e10
1e-
++1
+
1ee2
++1
1.2.3
000.e
1.2.3
abc
000.e
1ee2
.
++1
+
1e
-
e10
0e
1.2.3
-
abc
0e
1ee2
++1
000.e
000.e
++1
1e
abc
abc
1e+
-
+
1ee2
--2
1e
-
-
++1
1.2.3
1e
1ee2
.
1ee2
1e
+
+
++1
.
1e-
+
e10
1.2.3
e10
+
1.2.3
1ee2
abc
1e-
--2
0e
1.2.3
-
.
1e-
1.2.3
1e-
1.2.3
abc
1e+
1e+
1.2.3
abc
+
-
e10
--2
.
--2
1ee2
000.e
.
--2
+
.
-
1e
1e-
1.2.3
+
1e-
1ee2
abc
0e
1.2.3
++1
abc
000.e
000.e
1.2.3
++1
1e-
1ee2
000.e
-
--2
e10
1e
1e-
-
1e+
1ee2
1e-
e10
.
e10
++1
e10
1ee2
1.2.3
1e+
1e-
--2
e10
1ee2
-
1ee2
0e
1.2.3
abc
1ee2
1e-
1e+
1e-
e10
abc
--2
1e-
1e-
1e
0e
+
000.e
-
000.e
1ee2
1ee2
+
+
1ee2
1e-
abc
1.2.3
-
1.2.3
1ee2
e10
1ee2
1e-
--2
-
--2
0e
e10
1.2.3
.
1e+
++1
1e
--2
1.2.3
abc
000.e
abc
-
.
000.e
e10
0e
+
.
0e
1e
000.e
1.2.3
1e
++1
--2
1ee2
-
1ee2
1e-
.
1e-
+
1.2.3
1e+
e10
1ee2
1.2.3
++1
1e-
--2
1.2.3
.
1ee2
--2
++1
--2
e10
abc
1e-
1e
abc
1e-
++1
1.2.3
.
e10
1e
000.e
.
1e
.
--2
0e
1e
1e+
-
1e+
1.2.3
abc
1e
0e
1e+
1e+
.
1.2.3
++1
1e+
--2
abc
1e-
000.e
abc
--2
000.e
--2
.
1e
--2
abc
1e-
1e+
+
+
.
--2
--2
++1
1e
1ee2
0e
.
++1
1e-
1.2.3
abc
abc
-
-
--2
0e
--2
--2
1ee2
0e
abc
1ee2
000.e
abc
1e
1e-
--2
1e+
--2
+
1e+
1e-
abc
-
--2
000.e
+
.
+
++1
1ee2
+
-
abc
1e
-
++1
1e
1ee2
e10
1e-
0e
++1
000.e
--2
.
-
+
-
0e
000.e
000.e
1ee2
-
abc
000.e
000.e
1e
++1
1e+
1e+
1ee2
1.2.3
1e
++1
-
e10
.
000.e
-
1e-
1e-
1.2.3
1e
-
.
+
1e
0e
1e+
e10
1e+
+
+
.
1ee2
abc
1e+
.
000.e
1ee2
1ee2
++1
abc
e10
1e-
1e-
+
e10
000.e
1ee2
1.2.3
1e+
abc
+
e10
-
--2
0e
1.2.3
0e
-
1.2.3
+
-
0e
1e+
++1
e10
abc
++1
.
000.e
e10
.
-
1e+
-
1e+
.
1e-
1e+
++1
e10
1ee2
--2
e10
++1
1e
0e
1.2.3
++1
0e
1.2.3
1e+
.
1ee2
1e+
e10
1ee2
abc
000.e
1e-
1ee2
1e+
1.2.3
1e+
e10
--2
+
e10
1ee2
1e-
+
-
+
abc
1e-
+
abc
1e+
+
.
++1
1e
1ee2
000.e
--2
+
0e
0e
-
.
1ee2
-
.
1e-
0e
1ee2
000.e
abc
1ee2
e10
1.2.3
+
1e+
--2
0e
1e-
1.2.3
0e
1e+
1e-
+
1ee2
000.e
1e
-
1.2.3
++1
e10
++1
--2
1e
000.e
000.e
-
.
1ee2
+
1ee2
++1
+
1e+
++1
1e
e10
1ee2
1e+
abc
-
1e
1ee2
1e+
1e+
++1
1ee2
1ee2
000.e
1e+
++1
.
000.e
+
--2
e10
--2
abc
0e
.
1.2.3
-
1.2.3
++1
1e
0e
-
1ee2
000.e
.
--2
e10
1ee2
1e
1e
000.e
abc
.
1e+
-
1e-
++1
+
--2
000.e
++1
1.2.3
0e
000.e
-
1e-
abc
1e
-
1e
--2
0e
e10
1ee2
e10
--2
e10
1e+
--2
1e
1e+
++1
1e+
.
1e
1e
++1
.
0e
+
0e
1e+
+
+
0e
-
+
+
+
++1
1e+
-
e10
1e
.
+
.
++1
abc
--2
1.2.3
0e
1.2.3
000.e
--2
0e
++1
1ee2
0e
e10
++1
1ee2
++1
000.e
abc
+
+
-
e10
abc
1e-
1.2.3
--2
1e+
1e
.
-
++1
0e
0e
+
-
--2
000.e
0e
abc
-
.
1e-
0e
1.2.3
000.e
0e
-
0e
1.2.3
.
+
abc
000.e
0e
+
1e
.
.
1e-
-
abc
1e-
-
0e
+
++1
+
e10
0e
abc
000.e
1e
abc
abc
e10
++1
0e
e10
1.2.3
1ee2
1e-
.
0e
1.2.3
e10
1e-
1.2.3
.
0e
.
--2
1.2.3
-
1e+
++1
1e
abc
--2
0e
--2
-
++1
.
+
abc
abc
-
-
+
1e+
--2
--2
-
--2
1ee2
-
1e+
000.e
1.2.3
1ee2
--2
++1
-
1.2.3
.
1e+
1e
++1
1e+
abc
1ee2
1e+
000.e
1e+
000.e
+
.
1ee2
1e-
1e
1e
0e
1e
++1
0e
++1
1ee2
1ee2
1e+
1ee2
1e-
+
0e
--2
--2
1e-
.
+
e10
1.2.3
+
abc
1e+
1ee2
1e-
0e
1e
1e
e10
--2
1.2.3
e10
1e-
+
000.e
abc
e10
+
1e-
1e
e10
-
-
-
e10
0e
1e-
+
000.e
++1
-
0e
0e
+
+
--2
--2
1e-
e10
e10
--2
000.e
1ee2
1e+
-
--2
000.e
0e
1e+
+
--2
0e
++1
0e
1ee2
e10
1ee2
1e
1e-
1e+
+
+
1.2.3
1e-
1e-
e10
.
1e+
-
1ee2
.
000.e
++1
abc
1e+
000.e
+
1e+
e10
0e
1e+
e10
000.e
-
0e
1e+
e10
1e+
e10
.
abc
-
.
1e-
000.e
abc
1ee2
1e
1e-
1e
1e-
1e
.
1.2.3
++1
++1
1e+
e10
1e+
1ee2
1e
1e+
1ee2
.
0e
1ee2
.
1e+
1e
++1
1e
0e
abc
1.2.3
+
000.e
e10
1e+
+
1e-
+
1e+
abc
1e-
000.e
e10
1e
e10
1ee2
1e-
1e
-
1e+
++1
abc
1e-
1.2.3
000.e
-
1e+
1e-
000.e
0e
000.e
--2
1.2.3
1ee2
.
-
e10
abc
++1
1e-
.
0e
e10
0e
1e+
0e
--2
1e+
0e
1e+
1.2.3
0e
e10
1.2.3
abc
1e
.
1e
1e+
1.2.3
0e
++1
1ee2
0e
.
++1
000.e
1e
e10
1e+
--2
1.2.3
1.2.3
-
abc
-
1e-
000.e
-
++1
e10
++1
1ee2
1.2.3
1.2.3
-
0e
1e+
.
e10
+
1e
abc
000.e
000.e
0e
1.2.3
++1
e10
.
1e-
1e+
1.2.3
++1
1e-
abc
1ee2
++1
++1
0e
--2
-
++1
-
1e
.
.
1ee2
--2
abc
1e-
1ee2
abc
1e+
+
e10
1e+
1ee2
1e
abc
++1
-
1ee2
e10
1ee2
1ee2
1.2.3
e10
1e
.
0e
.
1ee2
--2
--2
000.e
.
000.e
+
000.e
1e
1ee2
1ee2
1.2.3
1e+
--2
+
000.e
.
abc
1e-
1ee2
-
abc
--2
1e
1ee2
1e+
1.2.3
.
-
1e
1e+
--2
000.e
0e
-
1e
abc
--2
000.e
+
abc
--2
0e
1e+
1e-
abc
++1
0e
1e-
++1
e10
e10
abc
abc
1e
.
.
+
+
1e
--2
--2
1e+
.
-
-
1ee2
1e
.
1e-
1e+
.
1e-
+
1.2.3
++1
abc
.
1e-
1.2.3
--2
abc
1e+
++1
++1
1.2.3
abc
1e-
1e
000.e
-
1e-
0e
e10
1e+
+
--2
++1
+
++1
--2
1e+
--2
1.2.3
1e+
.
1e+
--2
0e
abc
1ee2
1e
e10
0e
1e
--2
1ee2
1.2.3
-
1e-
--2
1e+
1e-
1e-
1e+
1.2.3
0e
0e
1e+
1e
.
0e
e10
++1
0e
++1
+
000.e
+
abc
1e+
000.e
1ee2
e10
0e
1.2.3
-
-
1e+
e10
1ee2
e10
+
1.2.3
abc
000.e
e10
-
++1
+
-
1e
1e+
1e+
1e-
+
1.2.3
e10
abc
1e-
1.2.3
.
0e
abc
1e
1e+
.
+
1ee2
+
1e
1e+
1e+
1ee2
++1
1e+
1.2.3
abc
1e-
++1
1e+
.
1.2.3
0e
-
e10
+
1e+
abc
1e
1e+
1e+
1e
1e
1e-
.
1ee2
1ee2
-
++1
0e
++1
000.e
1.2.3
1e
.
1ee2
1ee2
000.e
-
+
000.e
1e
1e+
+
abc
1.2.3
0e
e10
1e
--2
e10
1e-
0e
000.e
-
1e-
1e-
1ee2
.
1ee2
-
abc
.
000.e
--2
1e+
++1
1ee2
.
--2
++1
e10
-
1ee2
abc
e10
000.e
--2
000.e
000.e
1ee2
000.e
++1
1e
1e
++1
e10
+
abc
000.e
000.e
0e
--2
000.e
1.2.3
e10
1e
+
0e
++1
1.2.3
000.e
1.2.3
1e+
0e
1.2.3
abc
--2
1ee2
000.e
1ee2
1e+
-
abc
1e
--2
+
-
e10
++1
1e
+
1ee2
1e-
1e
1e-
-
1.2.3
1e-
1ee2
+
-
--2
-
1e+
1e+
1.2.3
1e
1e-
1e+
e10
.
++1
000.e
1.2.3
1e-
++1
-
++1
++1
1e-
--2
1e
1.2.3
.
0e
--2
--2
1e
+
+
1e
--2
abc
0e
-
0e
1e+
abc
+
abc
000.e
1e+
1e
+
--2
1ee2
1ee2
abc
e10
000.e
1e+
1.2.3
++1
1e+
1ee2
e10
-
++1
-
++1
1e+
++1
1ee2
e10
++1
--2
.
+
+
-
e10
-
1e+
1e
1e-
--2
.
1ee2
0e
-
0e
1ee2
000.e
+
1.2.3
abc
.
1e-
1e+
-
++1
+
1ee2
1e
.
+
1e-
abc
+
0e
0e
1.2.3
1.2.3
e10
1ee2
--2
.
e10
+
--2
1e-
1e+
1.2.3
1.2.3
1.2.3
++1
0e
1e-
1e-
1.2.3
1e
--2
1e-
000.e
1e-
.
1e+
e10
1ee2
1e-
1e
-
.
e10
--2
.
.
1e-
1e-
++1
0e
++1
1.2.3
+
1.2.3
--2
1e-
.
abc
++1
1e-
-
1.2.3
1ee2
0e
1e
-
.
+
++1
++1
1e+
-
+
e10
+
+
abc
.
1.2.3
abc
-
0e
1e-
1e-
abc
1.2.3
e10
++1
++1
1e
--2
+
0e
1e
0e
1e+
--2
1e+
--2
e10
+
e10
1e-
e10
1e+
1e-
1e-
+
1e-
.
000.e
+
++1
1e+
1e-
000.e
000.e
-
1ee2
-
1e-
+
1ee2
++1
000.e
abc
e10
-
1ee2
+
1e
+
.
1.2.3
1e-
++1
1e+
+
-
++1
-
-
1e-
--2
000.e
0e
--2
1ee2
++1
abc
1ee2
++1
abc
1e+
abc
-
e10
1e+
1e
1ee2
--2
1ee2
0e
1e+
1ee2
+
000.e
+
1.2.3
1e
000.e
1e-
abc
1ee2
++1
.
.
++1
.
e10
e10
++1
1.2.3
1e+
1e+
1e+
000.e
++1
1e+
--2
1e+
1ee2
0e
+
++1
++1
0e
-
1.2.3
0e
-
+
.
--2
1e-
abc
1ee2
1.2.3
1e+
1e+
1ee2
000.e
+
1e
1e-
+
++1
0e
1e
1ee2
000.e
000.e
1e
+
1e-
000.e
1e-
1.2.3
++1
1e
--2
+
1e
1.2.3
+
0e
1e+
.
abc
abc
1e+
1e+
1e-
1e-
1.2.3
1e
1ee2
e10
abc
e10
0e
-
--2
000.e
+
-
1e-
abc
.
abc
1e-
abc
1e-
1e+
--2
000.e
++1
++1
1.2.3
++1
++1
.
1ee2
.
-
000.e
1.2.3
abc
--2
abc
e10
.
--2
1e-
-
e10
.
1ee2
e10
abc
-
0e
1e-
--2
-
abc
.
abc
.
abc
e10
--2
1e+
1e-
e10
--2
1ee2
1e-
1e
++1
000.e
e10
1e
1e
--2
1ee2
000.e
++1
--2
++1
1e+
000.e
0e
e10
1e
-
1e+
0e
1e-
+
1e
+
000.e
--2
1e+
e10
1e+
-
1.2.3
1e+
1.2.3
0e
1ee2
e10
1.2.3
1e-
-
1e+
0e
--2
e10
1ee2
++1
e10
+
1e
e10
1ee2
e10
abc
0e
e10
1e
1e-
+
1ee2
1e
1e
1ee2
1e-
1e-
1e+
1.2.3
--2
1e+
000.e
000.e
1e-
1e-
000.e
000.e
e10
++1
1e
++1
1ee2
1e-
++1
abc
000.e
1.2.3
--2
-
+
000.e
0e
abc
++1
1.2.3
1e+
--2
++1
e10
1e-
abc
-
1ee2
0e
1.2.3
1.2.3
0e
-
e10
--2
000.e
-
1.2.3
--2
1e-
000.e
1e
000.e
0e
1e+
+
1ee2
.
.
1e
000.e
1e
1e-
1ee2
1e-
0e
000.e
000.e
1e+
1e-
-
0e
1e
-
1.2.3
+
1e+
e10
.
e10
1e
1e-
+
0e
1e
1e-
+
+
.
.
++1
1e-
e10
000.e
1e-
+
abc
.
1ee2
0e
--2
1ee2
0e
e10
--2
e10
000.e
abc
++1
0e
1.2.3
-
1ee2
--2
0e
1e+
.
0e
000.e
0e
++1
.
abc
0e
1.2.3
1e-
1ee2
1.2.3
000.e
--2
1e
++1
1e+
1e+
1e+
1.2.3
.
+
abc
e10
--2
e10
++1
1e
1ee2
-
1e
-
abc
+
000.e
1e
abc
e10
-
000.e
0e
1e-
--2
.
1e+
--2
.
1.2.3
1e-
+
1e-
0e
e10
000.e
0e
.
1e-
abc
-
.
.
+
e10
1e-
1e-
.
-
000.e
.
--2
.
-
abc
000.e
e10
-
000.e
1e
+
e10
-
1e-
1ee2
000.e
-
--2
1e+
000.e
0e
e10
000.e
e10
++1
abc
1ee2
1e+
--2
1e-
--2
1ee2
1e
++1
1ee2
++1
.
+
1.2.3
-
1e-
-
abc
1ee2
1ee2
1.2.3
-
abc
--2
1e
000.e
++1
++1
1ee2
1e+
.
1e+
0e
++1
++1
-
+
1e+
000.e
--2
++1
1e-
+
1ee2
.
1e-
e10
abc
abc
.
++1
000.e
abc
0e
abc
0e
-
000.e
000.e
1.2.3
abc
--2
+
1ee2
e10
1e
1ee2
.
abc
-
.
1e-
1e-
++1
--2
0e
1e-
0e
1ee2
-
1e+
--2
++1
1e
++1
1e-
-
++1
--2
+
e10
1e-
1.2.3
0e
1e
+
-
+
1e
000.e
+
abc
000.e
1.2.3
-
1ee2
-
1e
.
.
0e
e10
.
1ee2
1e+
-
1e
e10
.
1e-
++1
e10
1e+
-
000.e
abc
-
--2
1ee2
000.e
1e+
++1
++1
.
-
1e-
1.2.3
1e+
1e+
e10
abc
000.e
1e-
1ee2
1e
++1
e10
1ee2
1.2.3
1e-
1e
.
-
1.2.3
1.2.3
000.e
abc
1e
1e-
+
1.2.3
--2
1e
--2
.
1.2.3
1ee2
1ee2
-
abc
e10
1.2.3
.
++1
++1
0e
1e-
abc
1.2.3
--2
000.e
1e-
-
-
1e-
1ee2
++1
1e+
000.e
--2
+
0e
-
1e-
+
--2
1ee2
1ee2
+
1.2.3
1e+
1e
000.e
+
1e-
1e-
+
--2
1e
1ee2
1e
+
000.e
1e-
e10
1.2.3
000.e
++1
1ee2
1e
1.2.3
1.2.3
e10
1e-
-
-
abc
--2
abc
1e-
--2
-
1e+
.
e10
.
--2
000.e
e10
--2
+
.
1e-
1e+
++1
-
-
+
1e-
1e-
++1
abc
1e-
000.e
+
--2
1e
abc
1e+
1e
.
1e-
abc
1e-
1e-
1e-
1e
000.e
.
1e+
1e
abc
++1
--2
+
0e
+
.
000.e
+
1e+
000.e
1.2.3
0e
abc
-
1.2.3
1.2.3
000.e
--2
+
1.2.3
.
1e-
1ee2
.
1e
.
0e
1e+
1e
-
.
1e+
-
1.2.3
+
1e+
e10
abc
+
1.2.3
.
0e
e10
+
1e
000.e
1e-
1e-
000.e
1.2.3
1ee2
++1
+
++1
0e
0e
abc
--2
000.e
++1
--2
--2
abc
.
1e
++1
e10
000.e
++1
1e-
1e
--2
.
1.2.3
e10
1ee2
--2
++1
abc
1e+
1.2.3
0e
-
--2
0e
-
1e-
.
1e+
--2
e10
.
+
1ee2
e10
1e-
000.e
0e
+
000.e
--2
++1
0e
1e
e10
000.e
1ee2
1ee2
1ee2
000.e
+
1.2.3
+
abc
0e
1.2.3
1e-
-
1ee2
abc
1e+
1.2.3
abc
0e
1e-
abc
000.e
--2
000.e
1ee2
.
1.2.3
1ee2
e10
000.e
1.2.3
1e+
1e
1.2.3
.
++1
+
--2
1ee2
000.e
000.e
-
1e-
+
1ee2
--2
1e-
1e-
abc
.
+
0e
++1
1ee2
+
0e
1e+
1e
abc
++1
1e
.
1ee2
.
++1
+
+
1e-
000.e
.
abc
1e-
1.2.3
1e-
1e-
0e
0e
-
0e
1e
abc
--2
1.2.3
e10
++1
abc
e10
-
0e
+
--2
--2
.
++1
-
1e+
1e+
1e+
++1
.
0e
--2
e10
0e
--2
.
--2
abc
1e-
+
1e
+
-
abc
000.e
000.e
0e
1e
.
--2
0e
e10
1e+
1e+
1e+
1e
.
1e+
1ee2
1ee2
.
++1
--2
.
1e
+
0e
++1
1.2.3
1e-
+
+
-
1e-
1.2.3
e10
1e+
+
abc
1ee2
+
e10
++1
1e-
--2
1e-
0e
0e
-
000.e
000.e
1e-
++1
abc
1ee2
e10
.
1ee2
+
1.2.3
+
e10
0e
1ee2
1e-
.
1e+
.
1ee2
++1
0e
e10
-
--2
1.2.3
1.2.3
+
000.e
000.e
e10
1.2.3
.
--2
abc
1ee2
1.2.3
1ee2
++1
000.e
abc
abc
.
1e
abc
--2
1ee2
0e
.
e10
1e
++1
1e
0e
0e
1.2.3
0e
.
1e-
1e-
1ee2
0e
1.2.3
e10
e10
++1
1.2.3
e10
-
-
1.2.3
000.e
.
1e
+
-
1.2.3
-
000.e
000.e
1ee2
000.e
++1
1e+
e10
000.e
abc
1e
e10
++1
e10
+
000.e
.
1.2.3
1ee2
1e+
0e
e10
1e-
abc
1ee2
.
-
+
0e
000.e
1e-
-
-
-
1e-
1ee2
e10
--2
1e-
1e-
e10
--2
e10
.
0e
1e-
abc
+
++1
abc
1.2.3
.
abc
0e
1.2.3
-
0e
1ee2
.
abc
abc
--2
1e+
0e
abc
.
000.e
1e-
e10
-
000.e
-
000.e
e10
1ee2
abc
1e-
++1
++1
000.e
1e+
1.2.3
1e-
1e
0e
1.2.3
abc
1e
e10
-
++1
.
-
1e
++1
.
1e+
++1
abc
e10
--2
1e+
+
000.e
1.2.3
0e
1e-
1e+
1e+
1e
abc
abc
abc
1e+
++1
0e
1ee2
1e-
1.2.3
1ee2
000.e
e10
--2
1e-
0e
1.2.3
1ee2
+
1e+
.
1ee2
--2
++1
1e-
++1
1e+
e10
abc
abc
1.2.3
--2
000.e
1e-
000.e
1ee2
+
abc
1e
000.e
.
-
.
1ee2
.
000.e
1e-
e10
abc
abc
--2
--2
e10
1e
1e
1e-
0e
1e
0e
++1
-
abc
000.e
+
1e+
0e
.
+
-
1e
--2
+
000.e
1e+
e10
++1
0e
1.2.3
abc
1e-
+
++1
++1
1e+
000.e
-
abc
0e
-
.
1e
++1
1e-
.
abc
1ee2
1.2.3
1.2.3
1.2.3
000.e
--2
000.e
1e-
+
+
1e
abc
1ee2
abc
.
1e+
-
++1
.
abc
abc
--2
--2
0e
.
1e-
000.e
-
1e
e10
1e-
++1
1e+
1ee2
1.2.3
e10
+
-
+
1e+
abc
e10
abc
1e+
--2
-
000.e
1e-
1e-
1.2.3
1.2.3
1e-
abc
1e+
0e
++1
1e
abc
1.2.3
1e+
1e-
++1
++1
1e
1ee2
1e+
.
.
1.2.3
abc
1e-
abc
.
1e+
e10
abc
1e-
1.2.3
000.e
e10
1e-
1e+
1e+
++1
1ee2
000.e
e10
.
1ee2
+
+
.
+
.
1e
1e-
1e
++1
0e
1.2.3
1e-
abc
-
000.e
000.e
1e-
1e+
.
1.2.3
1.2.3
++1
1.2.3
1ee2
abc
1e-
-
000.e
++1
-
1e+
+
e10
1.2.3
1ee2
1.2.3
1e
0e
1e
++1
.
--2
000.e
1e
--2
.
0e
--2
0e
000.e
1e+
1e+
-
abc
0e
0e
--2
1e+
1e+
1e-
1e+
1ee2
000.e
1e-
+
--2
-
abc
abc
1.2.3
1.2.3
1e
--2
e10
1.2.3
000.e
1e
.
--2
e10
1ee2
0e
abc
e10
--2
1.2.3
.
+
-
1.2.3
++1
+
abc
--2
.
--2
++1
e10
1e
1e-
--2
1e+
1e
e10
++1
-
e10
e10
000.e
e10
1.2.3
abc
-
.
+
-
.
1ee2
abc
1e-
-
-
e10
e10
-
1.2.3
1.2.3
--2
1e
0e
++1
++1
000.e
--2
1e
1e
++1
0e
1e+
e10
1e
1.2.3
000.e
.
1e-
0e
.
1e-
--2
++1
--2
1ee2
+
000.e
abc
e10
1e
.
1e
000.e
abc
e10
.
e10
+
1e+
1e+
1e+
-
++1
-
.
0e
1e+
--2
1e
1e
0e
1ee2
++1
+
1e
--2
1.2.3
1.2.3
1e+
+
.
abc
1e
1e-
1ee2
1e
+
1ee2
0e
1e-
--2
1e-
1ee2
0e
++1
.
.
1e-
000.e
1e-
1.2.3
1e+
1e
1.2.3
++1
.
-
-
1ee2
000.e
--2
1.2.3
1e
.
1e+
1ee2
1e
.
e10
e10
0e
-
1e-
+
abc
.
1e
000.e
--2
1e-
1.2.3
.
1e+
000.e
1e
--2
1e+
0e
0e
000.e
000.e
000.e
1e+
1ee2
+
.
e10
1ee2
--2
1e
++1
--2
000.e
--2
++1
1e+
-
1e-
.
1ee2
1.2.3
--2
1e+
+
0e
+
1e+
1ee2
1.2.3
0e
-
1ee2
000.e
++1
1e-
-
e10
0e
000.e
1e
e10
++1
1e
000.e
.
000.e
e10
e10
1e
--2
1e
0e
000.e
1.2.3
-
.
1ee2
0e
++1
-
e10
0e
-
++1
1e+
--2
.
--2
abc
1e-
1e
e10
.
-
1.2.3
.
1ee2
-
--2
+
e10
000.e
1e
e10
e10
-
++1
1ee2
-
abc
1e-
--2
++1
1e
000.e
1e
1ee2
e10
++1
--2
1e
0e
+
abc
abc
++1
0e
e10
e10
.
--2
000.e
e10
+
++1
000.e
.
--2
0e
+
-
-
1e
1e+
000.e
-
-
-
1e+
1e-
1.2.3
++1
+
1e+
e10
+
000.e
1e+
1e
0e
1ee2
abc
1.2.3
000.e
--2
000.e
++1
000.e
1ee2
0e
++1
e10
1e+
1.2.3
1e+
1e-
--2
++1
000.e
+
e10
1e-
--2
e10
++1
1e-
1e+
e10
e10
e10
1ee2
.
e10
--2
+
-
0e
abc
e10
1e-
1ee2
.
0e
1e-
-
1e-
+
-
++1
1.2.3
+
000.e
000.e
-
--2
--2
.
e10
1e+
1e-
+
1e+
000.e
.
-
1e+
1e
abc
.
1.2.3
1e
1e+
1e-
000.e
abc
++1
++1
.
1e-
--2
1e+
1ee2
-
1e-
000.e
+
e10
000.e
1e
1.2.3
1ee2
--2
0e
1e-
+
--2
1.2.3
1e-
1.2.3
1.2.3
.
e10
.
1ee2
abc
e10
e10
000.e
++1
1ee2
0e
1e+
e10
000.e
e10
1ee2
1e
-
1e-
abc
000.e
1.2.3
1.2.3
--2
1ee2
1e+
0e
abc
--2
1e+
0e
--2
1.2.3
e10
++1
-
abc
abc
1ee2
1e
e10
abc
1e
abc
abc
e10
+
1e-
abc
1e-
1.2.3
abc
--2
0e
1e+
1.2.3
+
abc
1e
1e-
+
.
1ee2
0e
1e
1ee2
1ee2
1ee2
0e
++1
.
000.e
--2
abc
abc
1.2.3
++1
abc
abc
++1
000.e
abc
abc
--2
1e+
++1
--2
++1
+
1e
1ee2
abc
+
--2
.
1e+
e10
--2
1e
++1
++1
e10
000.e
e10
--2
1ee2
000.e
1ee2
++1
-
1e+
1ee2
000.e
000.e
000.e
.
+
1.2.3
1.2.3
1.2.3
-
1e
1ee2
+
.
--2
-
++1
1e
1.2.3
+
1e+
-
+
.
abc
1e-
1.2.3
1e
0e
e10
000.e
++1
-
1e-
1.2.3
++1
0e
1.2.3
abc
1e
1ee2
1e+
-
-
0e
000.e
1.2.3
1e-
1e-
1e-
1.2.3
000.e
e10
-
--2
1e+
1ee2
++1
abc
000.e
000.e
1e
--2
0e
1e
-
--2
+
e10
0e
0e
1e
.
000.e
--2
1e
000.e
e10
0e
1e+
.
++1
.
1.2.3
1.2.3
1e+
000.e
1ee2
1e
++1
1ee2
--2
1e+
abc
1e+
.
++1
++1
1e-
1ee2
1e+
-
e10
1e
e10
--2
++1
-
1e
abc
1.2.3
0e
0e
1e-
000.e
--2
-
1e-
1e-
1.2.3
-
++1
+
-
e10
++1
--2
1e-
1e+
abc
++1
--2
1.2.3
1e+
000.e
+
++1
0e
+
.
1e-
1ee2
.
.
1.2.3
.
abc
1e
-
1e-
1ee2
0e
1e+
e10
1ee2
1e+
000.e
abc
-
--2
1e+
abc
++1
0e
++1
-
1e+
.
--2
abc
abc
abc
--2
.
e10
e10
1ee2
--2
1e+
-
1.2.3
1.2.3
1e-
000.e
+
1.2.3
++1
0e
+
abc
e10
--2
e10
-
1e-
1e
1e+
0e
-
1e
--2
000.e
1.2.3
1e+
1e+
0e
e10
1e
.
0e
-
1e-
-
0e
++1
1.2.3
--2
--2
1ee2
1e
000.e
1e
-
+
000.e
--2
0e
e10
e10
++1
1e+
1e+
--2
1e+
abc
--2
-
+
.
e10
1e
1e
000.e
0e
+
.
+
++1
1e-
+
+
1e
++1
1ee2
e10
e10
++1
1.2.3
1.2.3
1e-
-
--2
0e
e10
.
1.2.3
++1
--2
abc
++1
000.e
000.e
.
+
1e-
000.e
-
--2
+
1.2.3
--2
1e+
1e+
.
.
1ee2
1ee2
abc
1e+
1.2.3
.
+
.
.
1e+
1e+
--2
++1
0e
1.2.3
1ee2
abc
1.2.3
1e+
--2
.
-
.
++1
--2
1e-
--2
1.2.3
1ee2
1e-
1e+
e10
++1
-
1ee2
1e-
++1
1e+
000.e
1e
++1
++1
1e
abc
++1
e10
+
1ee2
0e
--2
0e
.
1e+
.
1ee2
1.2.3
1e-
--2
000.e
1e-
++1
abc
1.2.3
+
.
1e
.
+
--2
+
-
.
1e
1e
0e
1.2.3
1e
-
1e-
abc
1e-
1ee2
--2
.
1e
--2
1e-
.
1e-
0e
1e+
+
-
1e
1e-
1e-
1.2.3
+
1.2.3
1e
1.2.3
--2
1e+
1e-
abc
++1
1.2.3
.
0e
+
1e-
1.2.3
--2
1ee2
abc
1e+
1ee2
0e
++1
0e
0e
1e
+
1e+
--2
.
1ee2
1e
1e-
1e+
0e
.
1.2.3
000.e
1ee2
-
e10
1ee2
-
.
abc
1e+
1e
++1
000.e
++1
1e-
1e-
1.2.3
1e
abc
000.e
1e
1.2.3
++1
0e
e10
++1
1e+
1e
1e+
--2
-
-
abc
+
1e+
1e+
000.e
--2
--2
1e
--2
--2
1ee2
e10
-
++1
1e+
++1
--2
--2
.
0e
1ee2
--2
1ee2
+
e10
--2
1e
1e+
--2
-
1ee2
++1
000.e
000.e
abc
e10
e10
0e
0e
++1
1e-
0e
.
+
--2
1ee2
abc
1e-
--2
-
.
1.2.3
1e
000.e
1e+
abc
++1
+
e10
-
000.e
--2
0e
e10
-
abc
0e
1.2.3
1e-
000.e
1e
000.e
+
0e
1e+
1.2.3
.
e10
1.2.3
-
1e
abc
1e
000.e
1.2.3
1.2.3
++1
1e+
0e
abc
000.e
1ee2
--2
abc
1.2.3
-
-
-
1e+
e10
000.e
.
1e
-
1.2.3
abc
1e-
1e-
1.2.3
+
1ee2
1.2.3
.
++1
1e
+
.
+
1ee2
.
1e+
.
1ee2
1e
0e
e10
1e
+
-
--2
0e
0e
.
-
e10
++1
1e+
e10
1e-
1e-
--2
e10
++1
.
0e
abc
1e+
abc
1e
abc
000.e
e10
++1
--2
1e-
1e-
abc
++1
1e-
1.2.3
--2
1e
1e
000.e
abc
+
+
000.e
--2
000.e
1.2.3
0e
1e-
-
abc
1e+
.
1e+
000.e
.
e10
abc
.
abc
-
--2
--2
abc
+
000.e
abc
e10
1.2.3
-
abc
++1
-
1ee2
1.2.3
000.e
++1
abc
.
e10
0e
1e-
000.e
1e
abc
+
e10
1.2.3
0e
e10
1ee2
abc
--2
++1
.
.
+
abc
--2
.
0e
000.e
1e-
0e
1.2.3
+
-
-
0e
-
000.e
1e+
000.e
1.2.3
1.2.3
1e+
1e-
0e
+
++1
0e
0e
--2
1e
e10
000.e
000.e
abc
0e
e10
000.e
--2
abc
000.e
.
0e
1e-
++1
000.e
--2
1.2.3
-
e10
-
1e+
.
0e
1e-
1ee2
1.2.3
1ee2
-
000.e
1e+
0e
-
.
--2
000.e
1e+
1.2.3
-
1ee2
.
0e
-
--2
-
+
1e
+
1e
1e+
+
1e+
abc
.
++1
1e-
-
++1
1.2.3
-
++1
.
1e
1.2.3
0e
abc
000.e
1e
+
1e-
1e+
1e-
1e+
1e+
abc
1e
000.e
abc
.
-
--2
1e
--2
abc
1.2.3
++1
abc
0e
++1
1e+
.
++1
++1
1e
1ee2
1ee2
abc
1e
e10
+
abc
--2
0e
1.2.3
e10
+
0e
e10
0e
0e
000.e
--2
+
1.2.3
1e-
000.e
1ee2
000.e
+
1e+
0e
abc
1ee2
1e+
e10
++1
0e
-
1ee2
1ee2
++1
abc
abc
1.2.3
.
1e+
1e+
1.2.3
e10
1ee2
abc
0e
1e-
1.2.3
-
++1
0e
+
1e+
abc
abc
000.e
1e+
.
1e-
--2
1e
1e
1e-
e10
0e
1.2.3
.
0e
e10
.
-
1e+
1.2.3
-
1ee2
.
1e-
1ee2
--2
abc
1e+
abc
abc
1e+
e10
--2
1ee2
1e
1ee2
abc
1e+
+
1e
++1
+
1ee2
0e
1e-
--2
000.e
.
1e-
0e
000.e
-
1.2.3
e10
++1
-
++1
++1
+
-
0e
1ee2
0e
1e-
000.e
+
abc
1e
1e+
-
0e
--2
e10
1e-
+
.
0e
000.e
.
e10
1.2.3
-
000.e
+
1e+
.
--2
.
1e-
1e+
++1
1e-
000.e
abc
1e
e10
1e-
1.2.3
e10
000.e
-
000.e
0e
1e+
1.2.3
1e-
0e
1ee2
1e
++1
1e+
000.e
+
0e
abc
.
.
0e
1e+
abc
1e-
1e-
1ee2
1.2.3
+
1.2.3
1ee2
1.2.3
+
-
1e
1e+
1ee2
1e
.
1e-
abc
1e-
-
1.2.3
++1
++1
--2
1.2.3
1ee2
++1
e10
1e+
e10
abc
1e
1e+
1ee2
1e+
-
000.e
e10
1e
++1
0e
++1
abc
1ee2
.
1e-
0e
1e
1.2.3
0e
--2
+
000.e
0e
.
0e
1e
abc
++1
+
abc
++1
1e-
0e
abc
000.e
1ee2
.
1ee2
-
1e+
1e
1e+
-
000.e
1.2.3
0e
1.2.3
1e
-
++1
--2
e10
000.e
+
1ee2
+
++1
1ee2
-
++1
1e-
++1
1e-
1.2.3
abc
1ee2
e10
000.e
1e-
1.2.3
1e-
e10
e10
1e
1ee2
--2
0e
.
0e
0e
e10
--2
++1
abc
++1
1e+
e10
.
1e+
1e-
1e
1ee2
1ee2
-
+
.
+
1ee2
1e
+
1e
+
1e+
-
1.2.3
1.2.3
-
--2
--2
abc
+
e10
--2
1e
1e-
--2
--2
1ee2
1.2.3
-
1e+
-
0e
++1
1e-
1e
--2
0e
000.e
-
e10
1.2.3
.
000.e
-
1ee2
0e
e10
1ee2
.
1e-
+
++1
--2
abc
.
0e
++1
.
1.2.3
-
.
1e
+
1ee2
-
1.2.3
1.2.3
1e-
+
1e
1.2.3
1.2.3
000.e
1e-
1.2.3
000.e
++1
.
1.2.3
1e
000.e
++1
000.e
1e
1e-
.
abc
e10
.
abc
0e
1e+
1e-
1ee2
abc
1e+
e10
e10
--2
e10
++1
000.e
1e
000.e
1e-
1e-
abc
1ee2
1.2.3
0e
0e
--2
1ee2
1ee2
1e
abc
++1
000.e
1.2.3
abc
abc
0e
abc
e10
+
1e+
-
1e
1ee2
1e+
1e-
1e-
1e-
1e
++1
0e
1e-
+
000.e
e10
1e
e10
0e
1e+
abc
000.e
0e
1ee2
000.e
1.2.3
++1
1e+
0e
1e+
.
e10
abc
000.e
++1
.
++1
-
000.e
e10
1e+
1e+
-
1e
+
000.e
0e
+
abc
1e+
abc
++1
1e+
.
e10
-
0e
1e+
-
1e-
+
e10
1e+
1e
-
.
000.e
1e-
.
--2
abc
.
1.2.3
1e-
abc
1e-
1.2.3
.
-
-
000.e
++1
e10
1ee2
--2
abc
abc
1e+
e10
.
0e
1ee2
0e
-
1.2.3
++1
--2
-
+
000.e
000.e
e10
e10
+
abc
--2
abc
-
e10
--2
1e
.
e10
abc
+
e10
1ee2
+
e10
1e+
.
1e
1e-
.
.
+
e10
1e+
1e-
e10
1e-
--2
1e
.
1e-
e10
abc
-
.
1e
.
1e+
+
1.2.3
+
.
.
-
abc
++1
0e
--2
1e-
1e
1e-
1.2.3
1e-
1e+
abc
1ee2
+
000.e
1e+
000.e
--2
abc
--2
.
1.2.3
1.2.3
1e+
000.e
1.2.3
1e
0e
abc
1ee2
.
000.e
1e+
1e
--2
+
1e
+
000.e
0e
1.2.3
1e-
--2
1ee2
1e-
e10
1e+
1e+
000.e
e10
.
1e
++1
0e
1e
abc
1e
--2
--2
-
.
+
.
1e+
+
1ee2
1.2.3
e10
1e-
+
e10
1e+
000.e
0e
1e-
1.2.3
+
1e
--2
1.2.3
abc
1.2.3
--2
+
-
+
1ee2
abc
--2
--2
.
--2
--2
--2
abc
++1
000.e
abc
1.2.3
1ee2
++1
+
1e
0e
abc
-
--2
+
1e-
0e
abc
0e
+
1.2.3
1ee2
1e+
1e+
1.2.3
1e-
1e-
e10
.
--2
1e-
0e
0e
000.e
000.e
abc
1ee2
.
--2
e10
1.2.3
1e-
abc
1.2.3
000.e
.
1e+
1.2.3
abc
++1
1e+
1e
+
1e
000.e
1ee2
1e+
--2
1.2.3
e10
abc
1ee2
1ee2
1e+
1e
e10
1e-
1ee2
1e-
0e
1e-
000.e
-
+
1e-
1.2.3
1e+
abc
abc
0e
+
--2
.
e10
.
.
1e+
000.e
1e-
-
1e
--2
1e-
abc
abc
-
1.2.3
e10
1e-
e10
abc
1e-
+
0e
1e+
1e-
1e-
000.e
1e+
e10
+
++1
-
1e
1ee2
1e
1e
--2
.
1e+
000.e
--2
000.e
1e
1e-
abc
000.e
1e
0e
1ee2
1e
1e
1.2.3
1e-
1e-
+
1e-
1ee2
0e
+
1e-
1ee2
1e
.
1e-
1ee2
--2
.
000.e
1e-
--2
1.2.3
.
abc
1e+
1ee2
1e+
1ee2
0e
++1
000.e
-
abc
.
abc
1ee2
1e+
0e
abc
-
+
1ee2
e10
1ee2
1.2.3
0e
-
+
+
e10
1e-
1e-
0e
1e-
0e
1ee2
1e
1e-
1.2.3
abc
1ee2
abc
000.e
+
.
0e
abc
0e
1ee2
1e
1.2.3
1ee2
--2
--2
--2
++1
1ee2
000.e
--2
e10
1e
.
1.2.3
--2
0e
abc
000.e
abc
+
1e
0e
0e
000.e
1e+
e10
1e
1e
++1
0e
1e+
e10
-
1e
000.e
0e
1.2.3
++1
1ee2
-
+
e10
abc
1.2.3
000.e
e10
++1
++1
1e-
000.e
000.e
1e-
000.e
--2
.
000.e
.
1e
000.e
-
--2
abc
1e+
abc
1e-
abc
--2
--2
+
abc
e10
0e
0e
--2
abc
--2
1ee2
0e
abc
+
abc
1e-
0e
0e
e10
++1
1.2.3
1e-
000.e
1e+
1.2.3
e10
.
.
.
e10
abc
1.2.3
0e
1ee2
e10
1.2.3
abc
e10
0e
1e
.
+
000.e
--2
--2
1e
e10
++1
++1
abc
++1
.
1e-
+
e10
++1
++1
+
.
--2
1e-
1e+
000.e
000.e
1ee2
1.2.3
++1
1e+
1e-
.
abc
1e
++1
abc
0e
e10
1e+
0e
0e
+
1ee2
1ee2
1e-
1e+
--2
--2
1e
1e-
--2
.
1ee2
1ee2
000.e
--2
abc
1e+
e10
.
1e
1ee2
1ee2
1e+
-
1e-
-
1ee2
1e
1ee2
.
0e
-
+
1e-
0e
1.2.3
e10
1e
1e+
--2
.
.
1e+
e10
1e
++1
--2
1e-
.
1ee2
e10
+
1e
--2
.
--2
0e
-
--2
1.2.3
1.2.3
--2
+
e10
++1
1e-
.
++1
1e+
1e
-
+
.
1.2.3
1e
000.e
abc
.
000.e
++1
e10
-
.
1e+
-
1ee2
1ee2
.
.
1e-
e10
1e
+
1.2.3
1e
1e
1e
0e
1e-
--2
1e
abc
.
e10
1ee2
-
.
--2
++1
abc
0e
1e-
1.2.3
--2
1.2.3
1e-
1e+
0e
1ee2
000.e
++1
.
1ee2
--2
e10
-
1e+
abc
1.2.3
e10
1e
-
0e
.
1ee2
1e-
e10
.
1e
1e
1e-
000.e
abc
1.2.3
-
--2
000.e
0e
1e+
++1
1.2.3
1.2.3
abc
1e-
1e
++1
000.e
000.e
--2
.
--2
1e-
1.2.3
++1
++1
000.e
1.2.3
1e
1e
--2
0e
.
e10
.
abc
--2
.
--2
--2
1e+
.
--2
1e-
+
1e-
1e-
++1
000.e
1e-
1.2.3
0e
++1
++1
-
--2
+
++1
000.e
1e+
0e
1e
+
0e
1e
.
++1
-
1.2.3
0e
e10
+
+
+
1.2.3
--2
1e+
1e+
1ee2
--2
++1
--2
+
--2
1.2.3
-
1e+
0e
1e
+
+
abc
.
+
.
-
0e
1.2.3
1e-
++1
abc
-
e10
1e
1e
0e
1e-
-
1e+
000.e
-
.
000.e
abc
e10
abc
--2
1e+
1.2.3
1e
--2
abc
.
1ee2
e10
+
1.2.3
++1
++1
abc
1e
.
++1
1e
1.2.3
1.2.3
++1
1e
1e+
1e+
1ee2
1e+
--2
1e-
0e
-
abc
000.e
0e
000.e
1.2.3
++1
.
1e+
1e
.
--2
0e
e10
++1
000.e
000.e
1.2.3
--2
1.2.3
1ee2
0e
1e-
1ee2
++1
e10
1ee2
-
-
1ee2
-
0e
-
+
abc
000.e
++1
0e
1e
0e
-
1.2.3
+
e10
+
abc
0e
-
1e+
000.e
--2
--2
1e
abc
--2
0e
1e-
--2
++1
1e
abc
0e
1ee2
-
000.e
++1
+
+
-
++1
-
1e-
1e-
1e+
1e-
000.e
000.e
0e
--2
++1
--2
0e
e10
.
+
1e+
1.2.3
000.e
1.2.3
+
+
0e
e10
1ee2
-
1.2.3
1e
e10
1e+
-
0e
++1
1ee2
abc
1e
+
abc
1e-
000.e
.
1e
1.2.3
abc
++1
0e
1e
1e
.
e10
1ee2
1.2.3
-
1e+
.
++1
+
1e+
0e
abc
e10
.
1e
e10
0e
1ee2
1.2.3
1ee2
1.2.3
1e-
+
1e-
-
++1
1.2.3
.
1.2.3
1.2.3
0e
-
1ee2
.
1e-
1e-
1ee2
1e
1e-
1e-
abc
1.2.3
abc
1.2.3
abc
-
1e+
1.2.3
1e
-
+
++1
1e-
.
000.e
0e
1ee2
abc
1e-
abc
1e+
+
-
++1
++1
000.e
1.2.3
e10
0e
1.2.3
--2
1ee2
0e
++1
--2
1.2.3
-
e10
++1
e10
1e
000.e
1e-
-
abc
.
++1
+
++1
1ee2
000.e
+
abc
+
1e-
0e
000.e
++1
-
1e+
1ee2
++1
0e
.
--2
+
1e+
0e
1e-
--2
+
-
++1
+
1e-
1ee2
1.2.3
++1
e10
1e+
1e+
1.2.3
000.e
000.e
1e-
1e+
--2
-
e10
-
++1
+
--2
1e+
1e
1.2.3
1e
1ee2
e10
000.e
0e
abc
-
.
1.2.3
e10
1.2.3
1e+
--2
-
abc
000.e
++1
1e-
--2
-
e10
.
e10
1e-
0e
0e
1e
1e-
1e
1ee2
1.2.3
+
-
++1
e10
abc
+
-
1.2.3
+
1e
1.2.3
1ee2
++1
1e
1e
e10
1ee2
--2
--2
0e
--2
+
1e-
1e
abc
+
abc
-
.
1.2.3
1ee2
0e
++1
.
--2
0e
1e-
1ee2
+
1e+
--2
000.e
++1
000.e
0e
1e
0e
++1
1.2.3
0e
++1
+
1e
-
1ee2
1e-
+
abc
.
.
-
-
+
--2
1ee2
e10
+
1e+
1e
1ee2
abc
--2
e10
-
000.e
++1
abc
000.e
0e
1e+
++1
1.2.3
++1
--2
+
000.e
--2
++1
+
++1
-
abc
-
000.e
1.2.3
0e
1e+
000.e
+
0e
-
1e-
0e
.
abc
.
abc
--2
-
0e
1ee2
1e+
e10
1e+
abc
1e
000.e
.
+
.
0e
++1
.
abc
1e-
0e
1.2.3
0e
1e+
+
-
+
+
abc
e10
+
+
1e+
--2
-
abc
+
++1
1e
++1
e10
abc
1.2.3
++1
1e-
0e
-
+
1e
e10
--2
e10
1.2.3
1ee2
.
1.2.3
1ee2
-
1.2.3
1e+
1ee2
-
1e-
abc
e10
-
1e
--2
0e
1e-
000.e
1e-
1ee2
1ee2
e10
0e
--2
--2
000.e
1e+
000.e
++1
.
e10
1e-
1e-
1e+
1ee2
+
1ee2
abc
abc
++1
000.e
1ee2
--2
1.2.3
1e+
--2
1e
1e-
1ee2
.
abc
abc
1e-
.
1e-
000.e
000.e
.
--2
000.e
1ee2
e10
1ee2
1ee2
-
1.2.3
--2
abc
abc
.
-
++1
e10
1e-
1e-
++1
++1
++1
.
1e+
-
+
0e
1e-
1.2.3
+
1.2.3
1e
+
1e
abc
1e-
e10
--2
1e+
abc
1e-
--2
-
++1
1ee2
.
abc
1e
1e
--2
-
000.e
e10
.
1ee2
.
000.e
1e
000.e
1e+
.
e10
1e-
1e+
0e
0e
-
1.2.3
--2
0e
1ee2
1ee2
+
1e+
++1
000.e
1e+
0e
1e-
1e-
1e
+
+
0e
1e+
0e
.
e10
.
+
.
--2
+
1.2.3
++1
1.2.3
+
1.2.3
1e
abc
--2
1e-
++1
.
-
-
1ee2
1e
000.e
1e
1e-
0e
1.2.3
--2
000.e
000.e
1.2.3
1.2.3
0e
.
1e
.
1e-
0e
1ee2
000.e
+
1.2.3
1e+
1e
--2
1e-
abc
1e-
+
1e
1e-
e10
000.e
e10
-
000.e
e10
+
--2
1e
-
+
000.e
1ee2
.
1.2.3
1e-
+
1e
e10
1e+
1e
-
1ee2
1e-
abc
1ee2
1.2.3
+
0e
1e-
++1
-
+
+
++1
1ee2
0e
e10
1e+
.
e10
1ee2
1e-
e10
--2
-
1e
.
1e-
000.e
--2
1e-
1.2.3
abc
1ee2
--2
1ee2
abc
.
0e
1e
000.e
-
1ee2
1e+
1.2.3
--2
e10
--2
1.2.3
1e
.
1e-
1e
000.e
1.2.3
1e+
-
.
++1
e10
e10
1e-
1e
1e+
1ee2
1e+
.
++1
0e
1ee2
.
++1
-
.
e10
--2
000.e
1e
0e
abc
1e
1e-
.
1e
1e
abc
++1
000.e
000.e
.
e10
1ee2
0e
abc
.
--2
abc
0e
1e-
1ee2
0e
abc
-
1.2.3
1e-
1ee2
abc
000.e
++1
1e-
000.e
1e-
0e
000.e
1e+
--2
.
--2
1e+
1.2.3
++1
abc
+
--2
1ee2
1e
-
000.e
+
e10
1e-
0e
-
--2
+
000.e
1e
--2
000.e
-
0e
1e+
abc
0e
0e
abc
.
1ee2
-
1.2.3
0e
0e
1e-
1e
1e
1e-
-
0e
1.2.3
+
-
e10
1e+
abc
abc
000.e
1e-
+
--2
-
1e-
+
abc
--2
.
1e
1e-
abc
1e-
--2
1e-
e10
abc
1ee2
--2
1ee2
1.2.3
+
1e+
1ee2
1e-
.
000.e
0e
000.e
1e-
-
1e-
1e-
1.2.3
1e+
.
1ee2
++1
abc
0e
1e
1ee2
1.2.3
.
000.e
1ee2
e10
1e
1ee2
1.2.3
-
1.2.3
--2
+
+
++1
1e-
1ee2
+
1e+
abc
-
.
1e
1e+
1e-
1e-
+
-
--2
--2
e10
.
1ee2
++1
0e
1.2.3
000.e
1.2.3
abc
0e
--2
+
0e
e10
1e
--2
+
+
000.e
000.e
e10
1e-
1e-
000.e
1.2.3
1e+
1ee2
.
1e+
.
++1
1e-
e10
.
e10
000.e
--2
-
+
1e
e10
1.2.3
1e-
000.e
1.2.3
abc
000.e
1e-
e10
1.2.3
000.e
0e
+
000.e
-
000.e
1.2.3
1e+
+
.
++1
e10
.
000.e
1.2.3
000.e
.
++1
+
abc
1ee2
+
1.2.3
000.e
--2
0e
0e
000.e
0e
1ee2
e10
.
1ee2
+
1.2.3
-
1e+
0e
.
--2
abc
1e
abc
1.2.3
+
1e-
1e
1ee2
1e
0e
+
--2
abc
e10
0e
abc
++1
+
1e
1.2.3
1.2.3
++1
-
0e
1e-
1ee2
1.2.3
1.2.3
000.e
1e
+
--2
abc
.
000.e
.
1ee2
1ee2
1e
1.2.3
1e
1ee2
000.e
1ee2
0e
1.2.3
+
.
0e
++1
000.e
e10
1e
0e
1e+
1e-
1ee2
.
1e+
+
e10
1e-
+
000.e
0e
1e
+
++1
-
1ee2
1e+
0e
0e
1e
abc
abc
+
--2
--2
++1
++1
-
1.2.3
1ee2
--2
+
1ee2
0e
++1
+
--2
1e
-
1e
1e
1e
1ee2
1ee2
1ee2
1.2.3
1ee2
1ee2
1e+
++1
0e
1e-
--2
000.e
1e+
000.e
+
-
.
1ee2
000.e
.
+
1e+
+
++1
000.e
--2
1e
1ee2
000.e
1.2.3
-
++1
1e-
1e+
++1
e10
1e+
1e+
1e
1e-
1.2.3
-
++1
.
+
1e
0e
+
+
--2
1.2.3
abc
.
0e
-
1.2.3
1ee2
1ee2
0e
-
1e-
1e
0e
++1
000.e
1e
1e-
1.2.3
0e
1e+
+
e10
+
--2
1.2.3
-
+
1e+
0e
000.e
abc
0e
1e
1ee2
e10
1e+
1e+
+
1e+
e10
1.2.3
+
--2
.
.
1e
1ee2
-
1ee2
.
++1
--2
1ee2
1ee2
abc
1e-
-
--2
000.e
1e-
-
--2
-
-
0e
-
1e+
abc
0e
0e
--2
1.2.3
+
abc
0e
abc
+
--2
1e-
1e+
1e-
000.e
0e
++1
000.e
000.e
.
--2
000.e
1ee2
-
1e
+
++1
--2
-
+
--2
--2
+
.
++1
1.2.3
++1
000.e
--2
1e+
1e+
+
1e-
abc
e10
1e-
++1
+
--2
000.e
1.2.3
1e-
1e+
abc
.
++1
0e
abc
000.e
+
++1
000.e
--2
-
1e+
.
1ee2
.
++1
.
1.2.3
abc
1e-
000.e
+
-
++1
+
1e+
1e
e10
abc
e10
1ee2
1.2.3
e10
-
0e
e10
--2
+
-
0e
.
1ee2
++1
0e
--2
1e+
1e
.
-
1e
abc
.
1ee2
.
0e
--2
--2
1ee2
abc
1ee2
abc
--2
abc
.
++1
0e
000.e
.
1e-
abc
1e-
e10
++1
.
000.e
1e
0e
+
1e+
abc
abc
++1
abc
.
1ee2
1e
.
1.2.3
.
--2
1ee2
1e
1e
e10
--2
+
--2
++1
.
.
1e+
e10
1e
1.2.3
000.e
1e+
000.e
1e-
0e
-
--2
++1
1e+
e10
1.2.3
.
e10
e10
-
1e-
-
+
0e
-
abc
e10
--2
1.2.3
1e
1ee2
e10
.
--2
1.2.3
e10
-
.
1e
1.2.3
1e
1.2.3
0e
1e-
0e
--2
1e-
1e+
-
e10
++1
0e
+
++1
1.2.3
1ee2
+
1e-
abc
e10
++1
--2
.
+
000.e
abc
--2
0e
+
e10
++1
abc
1ee2
e10
+
-
.
0e
++1
--2
--2
1ee2
abc
1e+
1e+
++1
abc
1e+
000.e
1.2.3
1e-
++1
0e
1ee2
+
1e
-
1e
0e
1e+
1ee2
1e+
abc
1e
1.2.3
1.2.3
abc
1e+
abc
.
1e-
1e
abc
++1
-
++1
.
000.e
+
e10
1e-
.
1e-
1ee2
1e-
1.2.3
-
--2
--2
1ee2
.
+
1.2.3
0e
1e+
000.e
1e
-
0e
0e
+
1e
1.2.3
1e+
1e
1ee2
1.2.3
1ee2
1e+
1.2.3
1.2.3
--2
1e
.
000.e
0e
abc
1e-
1e
0e
000.e
1e-
0e
0e
1e-
+
--2
+
000.e
e10
1e+
0e
1ee2
+
--2
--2
000.e
-
000.e
1.2.3
++1
1e+
-
abc
1e
1.2.3
0e
.
0e
abc
1.2.3
000.e
1e-
++1
000.e
1e+
e10
1e+
1e-
-
1.2.3
000.e
1.2.3
1.2.3
-
--2
-
1ee2
-
++1
000.e
e10
++1
+
abc
1e-
0e
e10
1e+
abc
--2
.
+
1e+
1.2.3
.
-
e10
000.e
1.2.3
000.e
1e
1.2.3
1e
1ee2
1.2.3
000.e
.
0e
1.2.3
+
0e
1e
1e
++1
0e
-
+
++1
000.e
--2
-
1e-
-
1.2.3
abc
1e-
++1
1.2.3
000.e
0e
.
+
1e
1e
e10
+
1.2.3
1e
--2
-
000.e
+
1ee2
++1
++1
-
1.2.3
-
1e+
--2
1ee2
.
e10
++1
1.2.3
+
e10
-
1e
e10
-
e10
--2
1e+
1ee2
1e
+
e10
000.e
000.e
e10
0e
0e
-
1ee2
1e-
e10
e10
1e+
1e+
1e
e10
e10
1e-
abc
1e+
1e+
1e+
1.2.3
+
1e+
1.2.3
1e
1e+
abc
1.2.3
1e
000.e
abc
++1
e10
1e-
--2
e10
1.2.3
.
1ee2
--2
000.e
000.e
000.e
--2
+
--2
0e
--2
++1
1.2.3
++1
--2
-
1.2.3
+
1e+
.
++1
1.2.3
++1
abc
000.e
++1
+
1.2.3
abc
0e
1e
1e+
+
--2
0e
++1
1e+
000.e
1e+
1.2.3
-
0e
abc
1e+
+
abc
1e
-
1ee2
0e
000.e
1.2.3
1ee2
+
0e
1e
--2
1e
1e
0e
1e-
1e-
-
1e
++1
e10
e10
abc
1e
--2
--2
1e
1ee2
e10
1.2.3
abc
+
1e-
1e+
abc
1ee2
-
1e-
1e+
1ee2
++1
1e+
0e
--2
1e+
e10
e10
--2
1e-
+
000.e
++1
+
++1
1e-
-
++1
--2
-
.
-
1.2.3
1e-
+
--2
1e
1.2.3
1e
e10
1.2.3
1ee2
0e
1e+
--2
1e+
1e+
-
1ee2
0e
1.2.3
.
-
++1
1e-
abc
++1
++1
000.e
--2
0e
+
e10
.
abc
--2
1ee2
+
000.e
1e
--2
+
1e
1e-
e10
--2
abc
1.2.3
1e-
++1
.
1e+
1e
1e-
1ee2
1e-
1e+
1e-
+
1e-
-
+
1e+
+
+
abc
++1
e10
1.2.3
1e
-
1e+
++1
1ee2
1e
++1
0e
--2
000.e
1.2.3
000.e
--2
-
0e
+
abc
1e+
--2
.
1e+
0e
0e
1ee2
1.2.3
1ee2
+
1.2.3
1e-
1e
abc
1ee2
e10
1.2.3
1.2.3
1e-
e10
1e-
abc
1e+
1e-
--2
0e
++1
e10
1e
e10
1.2.3
-
++1
+
.
000.e
+
1e+
-
.
0e
1ee2
1e
++1
1e
1e
1ee2
1.2.3
.
1.2.3
1ee2
e10
abc
abc
000.e
1e
1e+
-
.
1e-
e10
000.e
abc
+
abc
-
0e
+
1e
1e
1e-
0e
1e+
--2
abc
1e-
e10
1e
e10
--2
1e+
abc
0e
abc
-
1e-
--2
1e-
e10
1e-
--2
-
e10
+
000.e
e10
1e-
--2
000.e
1ee2
1ee2
abc
1e+
1e-
1.2.3
1e-
1e
e10
.
1ee2
1ee2
+
1ee2
abc
000.e
e10
1.2.3
1e+
1e+
1e-
000.e
+
1e-
1e
1e+
0e
1.2.3
-
-
1.2.3
1.2.3
--2
abc
000.e
+
--2
1.2.3
000.e
1ee2
0e
abc
++1
abc
000.e
e10
000.e
000.e
1ee2
abc
--2
1.2.3
0e
1e-
1.2.3
-
+
-
1e+
-
000.e
++1
--2
0e
++1
--2
.
0e
000.e
1e-
000.e
--2
-
+
1ee2
1e-
000.e
1ee2
-
1e
.
000.e
--2
0e
+
1ee2
1ee2
abc
e10
1.2.3
1.2.3
1e+
.
1ee2
--2
-
1e-
1e-
abc
000.e
1e+
e10
1e-
e10
e10
-
1e
.
1ee2
1e+
.
.
1e
.
000.e
1e+
--2
1.2.3
0e
000.e
-
1e+
.
1e+
--2
e10
.
1e-
1e+
1e
1ee2
e10
abc
+
1ee2
++1
1ee2
1e-
000.e
e10
--2
0e
1e
.
-
1e+
1e+
-
abc
abc
1e+
-
0e
000.e
1e+
--2
000.e
000.e
+
1e+
e10
000.e
1.2.3
1ee2
1e
e10
e10
1e-
1ee2
1e
1ee2
e10
e10
--2
e10
e10
+
++1
1e-
1e-
.
++1
1e+
1e-
1.2.3
0e
1ee2
--2
1e-
1e-
1.2.3
1e-
1e
--2
1e+
1e
0e
1.2.3
++1
1e+
.
abc
++1
1e
1e
-
000.e
1e
0e
0e
1ee2
+
1e-
e10
--2
abc
e10
1e-
1e-
-
++1
0e
0e
++1
000.e
1ee2
1e-
1e+
++1
0e
abc
--2
1e
.
1ee2
1ee2
1ee2
1ee2
+
0e
1e-
abc
1e+
1e
+
+
abc
000.e
--2
1.2.3
-
+
.
++1
.
e10
-
+
.
++1
--2
1e-
1e-
1e
1e+
e10
+
-
1.2.3
000.e
1e-
1e+
e10
abc
--2
1e+
e10
000.e
+
0e
e10
++1
000.e
abc
e10
--2
0e
+
0e
1e+
+
1ee2
-
000.e
++1
0e
0e
1.2.3
1e+
abc
abc
1e-
++1
++1
1.2.3
1e-
-
1.2.3
000.e
+
1e
--2
-
1e
+
.
+
--2
.
1e+
.
+
.
--2
.
+
+
1ee2
1e
1ee2
1ee2
+
-
.
1ee2
+
1e
abc
++1
++1
0e
1e-
1e
1e
++1
--2
.
abc
1e+
1e+
1e+
abc
1ee2
1.2.3
1e+
1e+
++1
1.2.3
1e-
0e
e10
e10
1e
1.2.3
-
+
1.2.3
-
1.2.3
--2
.
--2
1e+
1e+
1e-
.
1ee2
1ee2
-
.
e10
0e
1e
--2
1e
0e
1.2.3
1e
000.e
1e+
--2
0e
1ee2
1e-
++1
+
--2
1e+
1e
+
abc
++1
1e-
--2
.
1e
-
1e
--2
1e+
1.2.3
1ee2
1e
0e
e10
-
000.e
.
1ee2
abc
0e
0e
abc
1e-
--2
1e
++1
0e
1.2.3
-
e10
--2
1e-
1ee2
e10
+
1e
1e-
.
--2
e10
1e-
e10
000.e
1e
--2
.
1.2.3
000.e
000.e
0e
1ee2
abc
.
--2
--2
1e-
++1
1.2.3
000.e
000.e
e10
1e-
++1
abc
1e-
.
1e-
1e+
000.e
abc
e10
0e
e10
abc
-
++1
abc
1e-
--2
0e
0e
1ee2
abc
0e
1ee2
.
++1
1e+
+
e10
e10
-
--2
++1
++1
0e
abc
1e+
abc
abc
-
abc
e10
1ee2
1e-
0e
.
1ee2
abc
.
1.2.3
-
++1
-
abc
1e+
1e-
--2
1e-
1e-
++1
.
1.2.3
abc
1e-
000.e
e10
0e
1.2.3
0e
++1
000.e
1ee2
1e+
++1
++1
.
1ee2
-
+
+
1e
e10
1ee2
-
--2
0e
000.e
--2
1e-
0e
000.e
-
1e-
+
--2
0e
000.e
1e
1.2.3
1e
1e
.
e10
.
1ee2
abc
.
++1
-
--2
000.e
e10
1e-
-
0e
-
.
++1
000.e
1e
000.e
abc
000.e
000.e
0e
1e-
000.e
1e+
1ee2
1.2.3
++1
-
+
1.2.3
--2
1e+
++1
--2
++1
e10
+
-
1.2.3
1e-
000.e
abc
+
.
--2
1e+
.
.
+
--2
.
0e
000.e
.
1ee2
.
1ee2
1e-
+
000.e
1e+
1e+
++1
1e-
1e+
000.e
.
1e-
--2
--2
-
1.2.3
e10
0e
++1
000.e
++1
e10
.
++1
.
-
-
++1
0e
1ee2
1e
000.e
1ee2
.
1e
-
.
.
000.e
1e-
000.e
.
000.e
1.2.3
1e
.
0e
000.e
++1
e10
abc
000.e
.
1.2.3
0e
.
1.2.3
e10
1e-
1.2.3
1.2.3
e10
1.2.3
1e
++1
0e
1e
1e
e10
-
1.2.3
.
1e+
1.2.3
000.e
000.e
0e
.
.
000.e
--2
1e-
0e
1ee2
1e
1ee2
abc
000.e
1ee2
-
abc
1.2.3
-
--2
--2
.
1e+
1.2.3
+
e10
1e
1ee2
1e+
1e-
1.2.3
-
--2
000.e
.
000.e
e10
e10
++1
000.e
1e+
abc
1e
abc
1e-
000.e
-
1e+
++1
e10
1.2.3
.
1ee2
0e
--2
000.e
1e-
000.e
-
1ee2
1e-
++1
abc
++1
1e
--2
-
1ee2
.
1.2.3
1ee2
1.2.3
1e
-
+
1e-
abc
abc
0e
1ee2
1e-
1.2.3
e10
++1
0e
+
1e
0e
1e-
000.e
1e+
000.e
0e
000.e
e10
1e-
+
.
+
1e
1e+
1e
0e
+
.
--2
abc
+
1ee2
1e
1e+
-
++1
1e
000.e
1e-
e10
000.e
.
1.2.3
e10
1e+
0e
1e-
000.e
--2
.
000.e
0e
-
1.2.3
1.2.3
abc
.
1.2.3
1e
1ee2
.
1ee2
1ee2
-
1e+
.
1e
0e
1ee2
1e
-
e10
1e
1ee2
000.e
1e+
--2
1.2.3
1.2.3
++1
e10
1e-
--2
1e-
.
abc
1.2.3
000.e
1e
--2
1.2.3
1e+
e10
+
--2
1e+
--2
1ee2
-
1e+
1e
+
e10
000.e
0e
-
.
0e
++1
1e-
+
1ee2
1e-
-
--2
1ee2
+
.
abc
--2
1ee2
1.2.3
-
e10
+
1ee2
0e
+
1e
-
abc
++1
1.2.3
1e+
e10
0e
.
-
1ee2
++1
e10
+
0e
000.e
++1
0e
e10
1ee2
1e+
abc
1e
abc
abc
-
.
0e
1e
++1
--2
1.2.3
1e-
1e+
1ee2
abc
+
000.e
1ee2
000.e
+
1e-
1e-
1e-
1e
000.e
1e+
0e
1.2.3
1.2.3
--2
e10
-
1e
+
+
-
.
--2
000.e
1e
e10
0e
0e
0e
1e
1e
+
0e
--2
e10
1e
1ee2
1e+
++1
-
1e
1e+
e10
e10
1e+
1ee2
000.e
.
1e-
000.e
1ee2
e10
--2
abc
--2
abc
abc
1e+
0e
-
+
+
-
e10
000.e
-
-
1e+
e10
-
0e
abc
.
e10
1e-
--2
.
+
1ee2
1.2.3
++1
+
1e-
1e-
e10
e10
1e+
-
-
+
abc
000.e
-
1ee2
000.e
abc
1ee2
++1
1e
.
+
1e
1e
--2
e10
1e-
--2
1.2.3
+
0e
-
+
+
1.2.3
.
abc
--2
000.e
+
--2
0e
1e
1e
1e-
1e-
0e
1e
++1
0e
++1
1ee2
-
1e-
++1
++1
000.e
1ee2
1.2.3
1ee2
1e+
-
++1
000.e
000.e
abc
++1
0e
.
1.2.3
0e
.
-
.
1e+
.
++1
1e+
000.e
++1
000.e
1e
++1
e10
000.e
000.e
1e+
.
000.e
1e-
000.e
1e-
--2
+
++1
1e
1e-
-
1e+
1e-
e10
e10
1e+
abc
1.2.3
+
1e-
1e+
1.2.3
1ee2
1e+
1e
1e+
1e
++1
0e
--2
000.e
1e-
000.e
++1
1e-
e10
1e
abc
-
1e
1e
1.2.3
0e
1e-
--2
+
-
1e-
.
abc
-
-
1e+
1e+
++1
+
1e
1e+
-
1e+
abc
000.e
abc
1ee2
++1
1e
-
.
000.e
.
--2
-
1.2.3
1e+
e10
1ee2
0e
1e+
-
abc
1ee2
--2
--2
--2
1e+
0e
abc
e10
++1
e10
e10
++1
.
++1
.
++1
1e
e10
0e
.
e10
1e-
.
1e
--2
1e
1e
000.e
1e+
1e
--2
0e
++1
1e
1e
++1
.
1e
.
-
1.2.3
e10
abc
1e-
--2
+
--2
1ee2
e10
1e+
-
+
1e+
-
1e-
-
000.e
1e-
1e+
1ee2
abc
.
.
1e+
1.2.3
1e
-
000.e
1.2.3
+
000.e
--2
abc
.
--2
abc
++1
-
++1
1e-
e10
.
1e
.
1e+
1e+
--2
e10
1ee2
-
-
abc
.
-
++1
--2
0e
1ee2
1.2.3
abc
--2
000.e
e10
0e
-
1e
abc
abc
--2
0e
0e
.
++1
1.2.3
--2
+
++1
--2
--2
0e
abc
+
.
1e+
abc
--2
abc
--2
1e-
abc
1ee2
1.2.3
000.e
--2
abc
1e
000.e
0e
-
e10
++1
1e
+
0e
-
1e+
.
++1
++1
1ee2
1.2.3
1e
1.2.3
1e
1e+
.
+
1e+
000.e
+
abc
1e
abc
.
-
1.2.3
000.e
1ee2
+
000.e
.
1ee2
-
000.e
abc
0e
000.e
1.2.3
1e-
000.e
000.e
1e+
--2
abc
abc
000.e
0e
.
abc
1e+
1e
.
0e
1e+
++1
-
0e
--2
++1
.
+
++1
-
1.2.3
1.2.3
1ee2
++1
--2
1e-
1.2.3
++1
0e
1e+
1.2.3
e10
++1
1e+
000.e
--2
++1
-
1e
--2
.
.
1e-
abc
.
++1
0e
+
1ee2
1e+
0e
++1
e10
e10
++1
++1
-
++1
.
1ee2
e10
1ee2
.
000.e
1.2.3
abc
++1
abc
1.2.3
++1
1e
.
+
-
e10
+
1e-
abc
1.2.3
1.2.3
-
1.2.3
1ee2
000.e
+
++1
abc
1e-
+
abc
abc
1.2.3
1ee2
-
0e
1.2.3
1ee2
e10
--2
1e
1e
1e-
0e
0e
1.2.3
++1
1ee2
-
e10
1ee2
e10
0e
++1
+
0e
1.2.3
++1
--2
e10
0e
1e-
1ee2
.
++1
1ee2
0e
1e+
--2
abc
1ee2
1e+
-
+
000.e
1e+
0e
1ee2
abc
.
.
.
0e
1e-
-
-
e10
+
1e-
1.2.3
1e+
abc
++1
0e
e10
-
000.e
--2
0e
0e
.
0e
000.e
0e
1ee2
.
1ee2
1.2.3
0e
1e-
000.e
.
1.2.3
++1
1ee2
abc
1e+
1.2.3
1e-
.
1e+
0e
1e
e10
1e+
.
1e-
1.2.3
-
-
-
.
1.2.3
1e-
1e+
1e-
--2
0e
++1
1e
.
e10
1e
.
1e+
1e+
.
1ee2
1ee2
abc
abc
000.e
1e+
e10
+
000.e
1e-
+
0e
000.e
-
--2
.
1e-
-
++1
abc
0e
1e+
-
0e
000.e
1e-
1e+
+
--2
+
-
abc
0e
+
1ee2
1ee2
1e
++1
1e+
1ee2
1ee2
--2
1e
-
abc
e10
+
000.e
--2
--2
1e+
--2
0e
1.2.3
000.e
+
1ee2
1e+
--2
0e
.
-
++1
abc
++1
.
-
--2
++1
.
abc
1.2.3
abc
1.2.3
e10
1e
000.e
-
1.2.3
e10
1e-
1e-
-
1e+
-
abc
abc
.
e10
1e+
.
1e
1.2.3
1.2.3
1ee2
-
1e
abc
e10
.
++1
000.e
.
e10
1e-
.
-
--2
1e
1e-
+
1e+
1.2.3
.
.
1e+
1.2.3
--2
1ee2
1e
+
--2
+
0e
e10
e10
1e
+
+
-
1e+
1ee2
0e
--2
1e+
++1
1ee2
0e
abc
e10
1e-
e10
e10
000.e
+
1e
000.e
000.e
-
e10
--2
1.2.3
1e+
++1
-
.
1e-
1.2.3
1e
.
1e+
0e
abc
0e
000.e
--2
abc
+
1.2.3
1e
1ee2
-
0e
1ee2
1.2.3
1ee2
1e-
1e
1.2.3
000.e
-
-
1e+
1ee2
1e-
000.e
++1
e10
1e-
1e
-
e10
1.2.3
e10
1e-
e10
1e
1e-
1e-
--2
--2
--2
1.2.3
1e+
1e
1ee2
1.2.3
1e
-
+
--2
+
e10
1ee2
e10
1e+
000.e
1ee2
e10
--2
-
1e-
1ee2
1.2.3
++1
0e
1ee2
e10
abc
abc
.
000.e
-
000.e
.
e10
000.e
e10
--2
e10
0e
1e
000.e
1ee2
-
--2
e10
1ee2
1e-
++1
e10
+
1e
abc
+
--2
--2
--2
1e+
1e+
abc
1.2.3
-
++1
1e+
--2
1e+
000.e
abc
+
0e
0e
0e
+
1e
1ee2
1e-
abc
.
--2
abc
++1
1e-
1e+
-
000.e
1ee2
1ee2
+
+
1e+
1e-
000.e
000.e
-
1e-
.
1e-
.
abc
e10
000.e
--2
++1
++1
1e-
+
.
1.2.3
000.e
1e+
e10
1e-
++1
1.2.3
.
1ee2
1ee2
.
1e
1e
1e-
1e+
-
++1
0e
1e+
1e
-
1.2.3
0e
+
.
--2
0e
++1
000.e
1e+
1e+
+
e10
abc
-
--2
e10
+
+
1e+
.
1.2.3
1e-
0e
+
-
1e-
1ee2
1ee2
--2
1.2.3
--2
1ee2
abc
1ee2
.
--2
1e
0e
1.2.3
000.e
abc
1ee2
--2
e10
0e
1e
-
1e-
000.e
1.2.3
+
1e-
0e
.
++1
1e-
--2
1e
000.e
-
1e+
000.e
1e+
1e
1e
1ee2
0e
1.2.3
.
1.2.3
1e
--2
+
000.e
1e
.
000.e
000.e
e10
-
+
+
e10
1e-
-
1e-
++1
abc
--2
+
000.e
1e+
1e+
abc
1.2.3
1e+
e10
000.e
1e+
--2
+
e10
e10
-
abc
abc
1e+
e10
abc
1.2.3
1e-
.
++1
000.e
0e
e10
.
++1
abc
1e
1e
0e
000.e
1e+
1e
1ee2
abc
++1
++1
e10
abc
e10
.
1ee2
abc
-
0e
+
1e-
1.2.3
1e-
abc
1e-
.
.
1ee2
1ee2
1e
0e
--2
0e
--2
1.2.3
1ee2
1e
1e
++1
abc
1ee2
abc
1e
-
000.e
1ee2
1e-
+
1e-
++1
1.2.3
1ee2
+
1e+
e10
abc
0e
1e+
--2
0e
1e
1.2.3
-
1e+
000.e
abc
1.2.3
1e
1.2.3
+
.
--2
0e
1.2.3
0e
1e+
1.2.3
abc
1e-
e10
abc
1e+
000.e
++1
++1
1e-
e10
++1
1e
1ee2
000.e
++1
abc
.
1e
-
e10
1e+
1ee2
--2
e10
1e-
++1
0e
-
1e-
1e
.
000.e
abc
0e
abc
.
1e+
000.e
+
1ee2
abc
1e
1e-
-
1.2.3
1ee2
1ee2
e10
+
1e+
e10
abc
e10
-
0e
000.e
--2
1ee2
1e+
abc
0e
1e+
1e
-
1e+
1e
1e+
1e+
++1
--2
0e
.
000.e
--2
--2
+
1e-
1ee2
1e-
+
1e+
e10
1e-
.
+
1ee2
1.2.3
.
-
++1
1ee2
1ee2
--2
--2
-
1e
e10
0e
1.2.3
abc
1e
--2
1ee2
1e
e10
000.e
++1
--2
1.2.3
1e-
0e
1.2.3
1e+
abc
--2
abc
--2
1ee2
-
0e
1e-
e10
1e+
1e-
e10
-
+
000.e
1e-
++1
1e
--2
+
1.2.3
1e
++1
++1
++1
1ee2
1e+
--2
abc
1e-
-
1ee2
1e+
0e
-
abc
1e-
1.2.3
+
1e-
e10
1.2.3
1e+
1e
000.e
.
e10
abc
0e
1.2.3
e10
1e-
abc
.
abc
1.2.3
0e
.
--2
abc
+
abc
++1
1ee2
1e-
1e+
++1
e10
abc
-
1e-
0e
e10
0e
e10
1ee2
e10
.
abc
-
000.e
e10
e10
1e
1e-
1e-
1ee2
-
++1
abc
000.e
--2
1e
+
1e-
1e
1.2.3
1.2.3
abc
1.2.3
1e
+
+
abc
1.2.3
000.e
++1
+
1e
e10
1e+
--2
1.2.3
--2
1e-
+
e10
++1
--2
1e
1ee2
abc
e10
1ee2
.
000.e
++1
e10
--2
+
e10
e10
1e+
1e
1e+
--2
e10
.
.
.
1ee2
-
++1
0e
1.2.3
abc
--2
+
1.2.3
1.2.3
-
1e
1e+
1.2.3
abc
.
0e
1e-
000.e
++1
abc
--2
000.e
+
0e
e10
1e+
0e
.
1e
1e-
000.e
1e+
+
.
1e-
1.2.3
.
1ee2
1e+
e10
e10
1e+
++1
1e+
1.2.3
0e
-
-
1ee2
e10
--2
000.e
1e+
++1
1e-
000.e
abc
--2
+
1e
--2
1ee2
-
0e
1.2.3
1e+
1ee2
1e
0e
+
1e
0e
-
abc
abc
1e+
1e-
0e
--2
abc
-
.
1.2.3
1ee2
e10
+
1e-
1e+
0e
1e
-
abc
e10
1e-
--2
++1
1e
1e
1e-
1e-
++1
000.e
0e
-
1e+
1e+
abc
abc
--2
-
e10
1.2.3
1.2.3
1e
000.e
++1
e10
+
abc
1e
--2
1e+
1ee2
1ee2
1.2.3
.
--2
e10
1.2.3
0e
abc
e10
-
e10
000.e
abc
1.2.3
1.2.3
abc
.
000.e
-
+
1e
abc
abc
000.e
1ee2
1e
-
1e+
1.2.3
+
000.e
1e
1.2.3
1.2.3
1.2.3
++1
++1
++1
1e+
1e
0e
0e
1e-
0e
-
++1
1e-
++1
1e-
--2
000.e
1e-
-
abc
1ee2
1.2.3
abc
.
e10
1e+
1e+
000.e
--2
1e
1ee2
0e
++1
--2
+
1e
1e+
+
++1
1ee2
1e
0e
--2
abc
0e
e10
abc
000.e
++1
--2
--2
1ee2
--2
++1
+
0e
--2
--2
e10
1e-
0e
000.e
1ee2
.
1.2.3
+
--2
++1
000.e
1e
1.2.3
-
-
1e-
abc
1ee2
.
1e-
abc
000.e
--2
++1
abc
abc
1e+
e10
--2
e10
1ee2
--2
+
abc
--2
1e
000.e
1e
++1
1e-
1.2.3
e10
0e
1ee2
000.e
+
-
0e
+
.
000.e
000.e
1.2.3
-
0e
e10
1e-
1e+
1e-
abc
0e
1ee2
1.2.3
abc
abc
0e
abc
--2
--2
++1
e10
e10
.
.
--2
.
abc
1.2.3
+
e10
1.2.3
000.e
1e
1e-
000.e
0e
.
++1
++1
e10
abc
1e-
0e
000.e
1e+
++1
.
++1
1e
.
--2
e10
0e
abc
1e+
-
abc
1ee2
0e
+
++1
1ee2
1e-
--2
1e+
000.e
1e-
1e
e10
1e-
++1
1ee2
0e
++1
--2
0e
1ee2
-
++1
1ee2
abc
1ee2
-
000.e
e10
++1
000.e
000.e
0e
1e
1e-
1e-
++1
.
1ee2
000.e
abc
++1
1e
+
e10
++1
.
1ee2
0e
0e
1.2.3
1ee2
1e+
.
1e
--2
--2
abc
.
++1
1e
0e
000.e
+
.
-
0e
e10
1ee2
-
1e+
.
.
.
1e-
1e+
1e+
1ee2
1e
e10
1e
1e
abc
e10
e10
1.2.3
1e
0e
++1
--2
-
--2
1e-
0e
e10
+
++1
1.2.3
000.e
1.2.3
1.2.3
0e
.
1e+
1e-
-
1e-
0e
--2
--2
++1
1.2.3
.
000.e
1e-
000.e
++1
-
++1
000.e
+
abc
abc
000.e
000.e
1ee2
-
1e
0e
1e-
-
1.2.3
+
1e+
e10
000.e
000.e
+
0e
0e
1e
+
--2
1.2.3
--2
+
1e+
+
1e+
1e+
e10
1e+
.
--2
1e
1e-
--2
1e-
1e
1.2.3
1e-
++1
1e
--2
1e-
-
--2
+
1e-
1ee2
1.2.3
--2
1.2.3
+
abc
0e
--2
--2
000.e
1e
.
+
++1
1e+
--2
+
1e
1.2.3
--2
000.e
0e
1ee2
--2
abc
000.e
e10
1e+
000.e
1e
1e-
0e
0e
1e-
+
--2
.
1e
1ee2
e10
1e-
abc
1e-
1e-
1e
--2
0e
--2
--2
1e
e10
0e
000.e
-
1.2.3
1.2.3
.
.
e10
--2
1e+
++1
1.2.3
abc
e10
1ee2
++1
+
+
1.2.3
abc
1ee2
1ee2
abc
1e+
1ee2
1e+
e10
000.e
-
1e-
abc
1e-
1e
-
000.e
-
--2
e10
--2
1.2.3
abc
++1
000.e
000.e
1ee2
e10
-
1.2.3
1e
1e
--2
abc
e10
1.2.3
-
1.2.3
1e
-
1ee2
++1
1e-
--2
1e-
1e
++1
--2
1e+
.
0e
1e
.
1e-
1ee2
1ee2
1e-
1.2.3
000.e
1.2.3
1ee2
--2
1e
000.e
1ee2
1e
1ee2
1.2.3
++1
1.2.3
.
1.2.3
e10
++1
0e
0e
1e
--2
1e-
abc
1.2.3
1e-
++1
+
-
.
000.e
000.e
1e-
++1
.
1.2.3
--2
1e+
0e
-
--2
1ee2
1e-
++1
.
1e
abc
1ee2
+
++1
+
1ee2
abc
1e
1e+
0e
000.e
e10
.
1ee2
000.e
abc
1e
-
++1
1ee2
1ee2
.
1e-
1.2.3
+
1e+
1e+
.
.
e10
abc
1e+
1ee2
1e
1e-
1e+
.
000.e
1ee2
1e+
1.2.3
++1
--2
+
0e
+
1e
1e-
--2
1e
-
+
--2
1e-
1e+
1e+
1e+
1e
1e
1e+
1e-
abc
-
1e
1.2.3
1.2.3
.
000.e
-
--2
1e
1e+
1.2.3
e10
+
e10
1.2.3
++1
1e
1.2.3
0e
e10
++1
1e-
1ee2
1e-
1e
1e+
0e
1ee2
1e
1e+
1e+
1ee2
abc
1e+
.
.
abc
--2
++1
e10
--2
1.2.3
abc
1.2.3
--2
.
++1
abc
0e
--2
0e
1.2.3
000.e
.
.
1e
e10
abc
abc
000.e
0e
000.e
+
1.2.3
.
++1
+
-
+
--2
1ee2
+
.
1ee2
.
-
1e
abc
.
1e-
++1
1ee2
1e+
1e+
1e+
1ee2
1e
1.2.3
e10
1e
--2
1e-
+
abc
1ee2
+
0e
1e+
+
++1
-
+
000.e
1e-
1e-
+
1e-
e10
abc
abc
1ee2
++1
abc
0e
1e
e10
1.2.3
abc
+
--2
1e-
+
000.e
--2
abc
++1
1e
-
abc
1e-
1.2.3
e10
1e
--2
abc
1e
+
0e
1.2.3
--2
000.e
.
++1
--2
1e
1.2.3
abc
0e
abc
1.2.3
0e
1ee2
.
000.e
e10
--2
+
+
1ee2
+
0e
--2
-
++1
abc
0e
1e-
e10
--2
.
1e-
0e
.
--2
1.2.3
1ee2
1e-
1e-
abc
1e-
.
1e+
.
1e+
e10
e10
1e+
1.2.3
1e
1e+
--2
1.2.3
1ee2
0e
000.e
1e-
++1
1e-
++1
abc
abc
1.2.3
000.e
.
1e+
e10
1e-
+
1.2.3
.
e10
1e-
000.e
1.2.3
1e+
-
1e
abc
1.2.3
1.2.3
1ee2
.
0e
1.2.3
+
0e
0e
e10
1e+
-
1e-
1e+
000.e
1.2.3
1.2.3
1ee2
e10
1e-
1e-
1e+
1e
000.e
0e
1e-
1e
+
-
000.e
abc
0e
1ee2
e10
-
abc
000.e
1e+
1.2.3
.
--2
abc
e10
0e
-
1.2.3
0e
++1
1e
1e-
1.2.3
abc
0e
000.e
e10
1e
0e
.
+
++1
1e+
abc
0e
000.e
--2
1e
--2
++1
1e-
1e-
abc
000.e
1ee2
e10
1e
1.2.3
1.2.3
++1
1e-
1.2.3
1.2.3
+
.
-
000.e
e10
.
.
1e
--2
1.2.3
1ee2
1.2.3
.
++1
1e+
1.2.3
1.2.3
e10
+
++1
e10
-
0e
000.e
e10
--2
++1
1e+
--2
+
abc
0e
-
1e-
1e-
abc
0e
1e+
--2
abc
1e-
--2
0e
1e
.
--2
1.2.3
--2
0e
1.2.3
1e
1.2.3
+
1e-
1e+
1e+
++1
0e
++1
0e
--2
1.2.3
+
--2
--2
1e
--2
-
-
1e+
e10
abc
1e-
.
1.2.3
abc
+
.
1.2.3
1e-
1e+
++1
abc
1ee2
.
abc
+
abc
.
++1
.
.
--2
1e+
000.e
e10
1e
++1
0e
1.2.3
e10
--2
+
abc
1ee2
1ee2
abc
--2
1ee2
000.e
.
0e
000.e
0e
e10
000.e
+
-
0e
0e
1e-
+
--2
1ee2
--2
1e-
abc
++1
000.e
1e+
.
0e
000.e
-
+
+
abc
1.2.3
--2
-
abc
+
0e
.
++1
abc
abc
1.2.3
--2
1ee2
+
++1
0e
+
abc
abc
1ee2
-
+
+
1e
0e
1e+
0e
1e+
+
e10
.
1e-
abc
abc
+
abc
1e
0e
.
1e+
-
1e
.
abc
e10
-
-
-
1e+
1e
-
1.2.3
++1
-
abc
++1
.
1e+
-
.
.
+
1ee2
--2
--2
++1
e10
1e
1e+
1ee2
.
--2
1ee2
--2
1ee2
--2
--2
000.e
+
000.e
1e-
1e+
1e
e10
+
--2
abc
-
1.2.3
000.e
+
e10
1e+
1.2.3
.
1.2.3
1e-
abc
0e
.
--2
1ee2
1ee2
1e-
-
1.2.3
abc
0e
1e
e10
abc
-
abc
1.2.3
1.2.3
1e-
++1
1ee2
abc
.
--2
1e
1e+
.
++1
1e
++1
.
.
1e+
1ee2
1.2.3
.
1ee2
1.2.3
000.e
000.e
++1
1e-
0e
e10
e10
+
1ee2
1.2.3
.
1e
++1
++1
-
abc
--2
1e
abc
e10
1e
0e
1e
abc
abc
.
++1
abc
1e+
1e-
e10
+
0e
-
-
000.e
--2
++1
1.2.3
1e-
0e
1e
.
.
abc
--2
0e
-
e10
.
e10
.
1e+
0e
1ee2
1ee2
1.2.3
abc
.
.
+
-
1ee2
--2
000.e
--2
-
-
e10
+
1.2.3
1e+
e10
abc
1.2.3
0e
++1
1ee2
1e+
1.2.3
-
--2
000.e
+
1e+
1e-
000.e
1ee2
1e-
1ee2
-
1e-
++1
1e+
e10
1e-
--2
1e
+
0e
1e+
1e+
-
--2
1e-
.
.
+
.
e10
1e
abc
1.2.3
+
abc
e10
++1
1.2.3
1e-
000.e
1e
0e
e10
.
--2
abc
1e
1ee2
1.2.3
.
-
abc
++1
+
+
1e+
--2
1e+
1e
.
1e
1e-
1e+
-
1e-
000.e
+
000.e
1ee2
1ee2
1ee2
1e-
0e
0e
++1
1e-
1e-
e10
e10
++1
1e-
e10
0e
.
abc
-
-
.
-
0e
1e-
1.2.3
++1
-
1e-
1.2.3
1e-
0e
.
000.e
0e
1e-
--2
e10
-
1e+
e10
1e+
abc
+
1e-
1e+
+
1e-
+
1.2.3
++1
1.2.3
--2
1e-
1.2.3
.
abc
++1
+
e10
-
1e+
e10
000.e
abc
1.2.3
--2
000.e
1e+
1e
0e
1e-
--2
000.e
1.2.3
+
++1
-
1e
000.e
e10
+
0e
--2
1e
.
0e
1e
1.2.3
abc
1e-
e10
e10
--2
+
1e+
-
1ee2
1e
0e
.
-
000.e
1e+
--2
1.2.3
-
1e
1e+
abc
1e+
0e
1e
1e+
--2
-
+
1e-
1e-
1ee2
1e-
-
1.2.3
1e+
+
abc
abc
e10
1e-
.
1.2.3
1e-
--2
0e
-
1ee2
e10
0e
0e
--2
abc
-
000.e
0e
e10
1ee2
0e
.
000.e
1e+
1e+
.
.
1e-
--2
0e
--2
1e
1e
-
1e+
1ee2
000.e
1ee2
e10
1.2.3
abc
++1
1ee2
e10
e10
1e+
+
abc
1e-
++1
1e-
1.2.3
1e-
1e+
1ee2
.
.
1e
+
abc
1.2.3
1.2.3
000.e
1e-
1e-
1e-
.
1e-
++1
1e
1e+
++1
.
abc
1ee2
0e
e10
+
1e
e10
000.e
+
1e-
--2
1e+
1e+
1e
1e-
1ee2
++1
1.2.3
abc
--2
1e
1e+
1e
1e-
000.e
000.e
++1
e10
1e+
--2
1ee2
e10
+
abc
+
++1
.
e10
1e-
1e-
.
0e
++1
--2
1e-
e10
++1
--2
++1
abc
e10
-
000.e
1.2.3
1e+
0e
--2
1ee2
++1
abc
-
.
abc
1e
000.e
1.2.3
.
.
1ee2
--2
1e
000.e
e10
000.e
e10
+
1.2.3
abc
+
1e-
++1
-
++1
000.e
1e-
--2
1e+
--2
0e
1e-
e10
1.2.3
-
abc
1ee2
1ee2
1.2.3
-
1e+
abc
1e+
abc
+
-
1.2.3
.
1.2.3
-
e10
+
abc
+
1e-
-
.
+
e10
1.2.3
+
1e-
1.2.3
0e
1ee2
1e-
1e-
1.2.3
--2
1e-
1e-
+
++1
1.2.3
-
-
1e-
1e
0e
1.2.3
0e
++1
--2
abc
-
1ee2
1ee2
1.2.3
000.e
1e-
000.e
-
abc
e10
0e
0e
0e
1e-
1.2.3
1e+
.
e10
1e+
1ee2
.
-
.
.
-
1e-
-
+
0e
.
--2
1.2.3
1ee2
.
-
1e-
e10
.
-
000.e
.
+
0e
0e
abc
1e+
++1
1e+
.
1e-
1e
1e-
.
1.2.3
.
1e
1.2.3
+
1.2.3
++1
+
++1
+
1e
000.e
1e-
+
++1
.
1e+
1ee2
.
abc
1e
+
0e
+
1.2.3
.
1.2.3
.
000.e
e10
0e
1e
0e
000.e
-
abc
1e
-
+
.
-
1ee2
abc
1ee2
e10
1ee2
1ee2
1.2.3
1e-
-
1e+
--2
0e
1e-
1ee2
0e
--2
--2
1e+
-
1e+
abc
abc
000.e
0e
abc
-
+
-
+
-
--2
++1
+
++1
1e-
1e-
abc
.
1e-
1e+
.
1e-
abc
1e
--2
1.2.3
++1
000.e
000.e
.
1.2.3
1ee2
.
1ee2
1e+
1ee2
-
++1
+
abc
000.e
--2
0e
1e-
1ee2
abc
0e
000.e
1ee2
abc
1e+
1e+
.
1ee2
1.2.3
+
+
abc
1.2.3
+
0e
1ee2
1ee2
000.e
-
1ee2
1e+
+
1e
1e+
0e
1ee2
abc
000.e
--2
1ee2
++1
--2
--2
1.2.3
++1
+
-
1e+
-
0e
++1
0e
1.2.3
++1
1.2.3
abc
1ee2
abc
e10
1.2.3
e10
0e
+
1e-
1e+
abc
-
1.2.3
1ee2
++1
1e-
--2
1e
1e-
1.2.3
e10
0e
000.e
abc
1ee2
0e
1ee2
1e
--2
1ee2
1ee2
++1
1.2.3
1.2.3
0e
++1
+
e10
--2
.
1e-
1e
1e
1ee2
abc
++1
--2
000.e
.
++1
e10
1ee2
++1
++1
0e
1ee2
0e
+
1e-
++1
-
0e
0e
abc
1e-
1e
--2
e10
e10
--2
1e-
++1
1e-
000.e
++1
1e+
++1
--2
.
e10
0e
e10
-
-
e10
0e
1ee2
000.e
000.e
1e
1.2.3
-
abc
1e
++1
.
++1
1e+
++1
+
1e+
++1
e10
000.e
1ee2
--2
1e+
0e
-
e10
1e+
++1
e10
0e
1e-
e10
++1
e10
++1
e10
1e+
1e+
+
0e
1ee2
-
1e-
1.2.3
--2
abc
1.2.3
e10
1e-
1e-
.
1.2.3
+
++1
1.2.3
.
.
.
1e
.
0e
1e+
-
1e
0e
abc
e10
.
1e-
--2
1e+
-
1.2.3
.
e10
++1
1e
1ee2
--2
0e
1e-
1e
1.2.3
-
++1
--2
1e-
0e
0e
++1
-
0e
1e+
1e+
1e
000.e
--2
--2
1ee2
-
1e+
1e-
+
abc
0e
1.2.3
1ee2
--2
abc
e10
000.e
.
.
e10
1e-
1.2.3
0e
++1
-
+
abc
+
000.e
1.2.3
-
++1
1ee2
e10
+
-
abc
++1
.
1e-
1ee2
1e
.
1.2.3
-
.
++1
1e-
abc
1e
abc
1e
1e+
1e+
1e+
abc
--2
+
1e
1e
0e
1e
e10
++1
1ee2
--2
1e+
1.2.3
1e-
1e+
1e
1e-
1ee2
1.2.3
++1
0e
0e
+
e10
000.e
+
.
000.e
++1
1e
--2
1ee2
--2
1e-
++1
-
.
++1
e10
1e
1ee2
.
1.2.3
1.2.3
000.e
abc
1e-
1e-
1e+
1.2.3
0e
0e
1e+
1ee2
abc
.
-
000.e
1e+
++1
1e
abc
1e
+
++1
abc
0e
1e+
000.e
.
1e
e10
e10
1e+
1e
+
+
1e
000.e
1e+
1e
.
1e+
0e
1ee2
1ee2
abc
e10
++1
1.2.3
1.2.3
1e
0e
1e
1.2.3
000.e
1.2.3
+
abc
++1
-
-
.
e10
.
-
.
e10
++1
-
1ee2
+
000.e
0e
abc
--2
abc
++1
+
+
e10
0e
1e-
000.e
1.2.3
e10
1e-
1e-
1e+
+
++1
-
abc
0e
+
1ee2
1.2.3
++1
0e
0e
--2
e10
0e
+
-
1e+
1e-
1.2.3
abc
1e-
1e-
1e-
1.2.3
--2
+
1e-
0e
+
+
+
+
-
--2
1e+
1e+
1ee2
1e+
1.2.3
-
.
+
1e
-
1e-
.
0e
1e+
1e-
0e
1.2.3
1e-
1.2.3
1.2.3
1e-
1.2.3
1e
+
-
-
-
1e+
--2
0e
000.e
++1
e10
abc
1e+
1e
000.e
.
000.e
++1
1e+
1e-
+
--2
1e-
1e
1.2.3
e10
abc
1e-
0e
abc
abc
+
abc
.
1e
1e-
e10
000.e
1e
1e+
000.e
0e
+
1e-
1e+
1e
abc
1.2.3
-
abc
1e-
000.e
1.2.3
1ee2
1e+
-
0e
--2
-
1ee2
0e
+
1e+
1e-
1e+
1e+
--2
1.2.3
-
e10
abc
.
e10
-
++1
+
1.2.3
++1
+
+
-
1e
++1
.
.
1.2.3
--2
0e
-
++1
1ee2
1.2.3
abc
+
.
++1
--2
1.2.3
abc
000.e
1e+
0e
1ee2
-
-
000.e
--2
1e+
0e
1e
1e+
++1
--2
1e
1e
1ee2
000.e
abc
--2
1e
-
000.e
1e+
abc
++1
abc
++1
000.e
1e+
1.2.3
1e-
000.e
abc
+
--2
-
e10
1e-
1.2.3
000.e
.
1e+
1e
+
1e+
++1
abc
+
0e
000.e
abc
abc
0e
000.e
1.2.3
1ee2
e10
-
1ee2
1ee2
++1
1e
1.2.3
1e+
--2
--2
-
000.e
-
++1
++1
-
000.e
1e+
-
+
1e+
--2
0e
1ee2
1e-
--2
e10
1.2.3
--2
-
.
0e
1e
e10
--2
000.e
abc
+
1e+
1.2.3
e10
1e+
++1
0e
abc
1e
0e
-
.
+
.
e10
1e
++1
e10
e10
+
.
1.2.3
0e
1e-
1e+
e10
0e
--2
1ee2
000.e
+
--2
.
000.e
000.e
++1
e10
-
000.e
1ee2
1.2.3
0e
0e
000.e
e10
++1
0e
1e
-
1e+
000.e
1e-
.
-
+
1e+
1ee2
1e
1e-
-
1e-
000.e
--2
1ee2
0e
++1
1e-
000.e
1e
--2
1e+
.
.
e10
1e-
000.e
-
0e
abc
e10
1.2.3
--2
--2
+
-
000.e
abc
++1
1ee2
1.2.3
1e
1ee2
--2
+
1.2.3
-
abc
abc
++1
-
0e
000.e
++1
+
1e-
abc
++1
-
e10
1e
1.2.3
+
1.2.3
1e
--2
--2
1ee2
0e
0e
1.2.3
1.2.3
abc
1e
1e
1e-
abc
1e+
.
--2
e10
--2
1e-
+
--2
--2
0e
--2
1ee2
1e+
++1
000.e
1e+
-
+
-
e10
1.2.3
1ee2
-
abc
++1
--2
e10
1e-
.
1ee2
-
+
0e
-
e10
+
1e-
abc
1.2.3
1e+
--2
e10
e10
-
--2
+
++1
-
1.2.3
+
abc
++1
+
abc
1.2.3
+
1ee2
1e-
1e-
.
.
0e
-
++1
0e
-
1ee2
000.e
000.e
+
1.2.3
1.2.3
--2
.
000.e
.
-
1ee2
--2
1e
1.2.3
--2
0e
-
.
abc
0e
1ee2
1ee2
000.e
--2
1ee2
1.2.3
abc
1ee2
1e
1e-
.
.
000.e
+
+
1e-
e10
--2
1e-
+
1.2.3
1.2.3
+
++1
1ee2
1e
1e-
1e+
abc
.
000.e
1e-
1ee2
.
1.2.3
+
.
1e
1e-
1.2.3
1ee2
-
+
000.e
--2
abc
1e
+
-
1.2.3
abc
++1
000.e
0e
1e
1e
1.2.3
++1
--2
000.e
e10
1e+
1e
.
++1
1ee2
1e-
1e
e10
0e
1e
abc
000.e
+
1e+
--2
1e-
000.e
0e
1e
1ee2
e10
0e
1e
1.2.3
++1
--2
1.2.3
.
.
1e-
++1
+
1.2.3
0e
abc
++1
e10
++1
abc
++1
1e+
-
--2
1ee2
1.2.3
-
1e-
1ee2
-
.
-
--2
-
1ee2
++1
++1
++1
1e
0e
.
e10
-
1ee2
000.e
-
1e
1ee2
1e-
1e+
++1
1e-
1.2.3
-
+
1e
abc
1e
1ee2
e10
.
000.e
1e-
abc
000.e
--2
1ee2
000.e
abc
0e
++1
++1
0e
-
--2
+
1e+
1e-
abc
e10
+
0e
1e+
0e
.
1ee2
1.2.3
000.e
1ee2
abc
abc
-
+
000.e
+
--2
++1
1e-
+
1e+
000.e
1e
1e
1.2.3
++1
--2
1e
1ee2
.
1e
abc
1e
.
+
++1
0e
1e+
0e
0e
e10
e10
1e+
1e+
1e
000.e
e10
1e
1e-
1e-
++1
.
1e+
abc
+
e10
1.2.3
++1
0e
--2
+
1e-
e10
1ee2
abc
000.e
0e
e10
.
000.e
--2
--2
++1
0e
e10
-
++1
1.2.3
0e
abc
-
abc
1e+
-
1e
abc
000.e
1ee2
e10
000.e
+
1e+
.
--2
0e
+
1.2.3
--2
.
1.2.3
--2
1ee2
e10
++1
0e
--2
++1
1e
1e
0e
1ee2
-
-
+
abc
1e
0e
--2
+
-
++1
++1
1e+
1.2.3
--2
.
1e
abc
.
0e
1e
1.2.3
1e+
1e+
.
++1
1e-
1ee2
e10
1ee2
e10
abc
1e+
+
000.e
1.2.3
000.e
1ee2
0e
1ee2
-
++1
1.2.3
--2
.
0e
0e
e10
1.2.3
1e-
+
.
--2
1e+
0e
-
1e+
.
1e-
.
1e+
000.e
000.e
000.e
e10
1e
0e
abc
--2
1ee2
0e
1e-
abc
1ee2
000.e
+
.
1e-
1e
.
.
1e
0e
1.2.3
+
--2
0e
1e
--2
e10
1.2.3
abc
1e+
1ee2
e10
1e
e10
++1
++1
--2
--2
0e
.
abc
++1
-
1e+
-
e10
abc
1ee2
000.e
--2
000.e
+
-
1e+
++1
1e+
+
1e+
1e
1e-
abc
++1
0e
000.e
1ee2
000.e
--2
0e
abc
e10
0e
1.2.3
1.2.3
1.2.3
e10
--2
1e-
++1
.
000.e
000.e
+
0e
1e-
1e-
0e
1e
000.e
e10
abc
abc
--2
+
000.e
1ee2
++1
e10
--2
abc
000.e
1e-
1e
0e
abc
000.e
0e
0e
000.e
.
1e
e10
.
e10
-
1e+
abc
-
1e
--2
1ee2
1ee2
++1
1e
1e-
--2
+
000.e
.
--2
1e+
++1
1ee2
000.e
000.e
--2
1.2.3
+
0e
abc
-
+
1.2.3
.
1e-
0e
0e
abc
1e
++1
0e
000.e
++1
1e+
--2
-
e10
1.2.3
0e
1ee2
abc
1e-
abc
++1
++1
e10
--2
1ee2
abc
abc
1ee2
1e-
1e-
++1
+
-
+
0e
1ee2
+
000.e
--2
1.2.3
+
+
++1
000.e
1e
-
000.e
e10
1ee2
e10
1.2.3
0e
++1
-
1e+
1e
-
1e-
1ee2
abc
-
1ee2
1ee2
1e-
++1
e10
--2
e10
.
1e+
000.e
e10
1ee2
abc
1e-
1.2.3
--2
1e-
0e
-
abc
++1
1e
abc
-
.
1e-
.
1ee2
++1
++1
000.e
1ee2
+
-
+
e10
000.e
000.e
+
abc
1e-
000.e
e10
1ee2
e10
000.e
.
1e-
1.2.3
1e
e10
--2
.
1ee2
1e
0e
abc
-
1e-
0e
--2
e10
1e+
++1
.
000.e
-
++1
1e
1e+
--2
1.2.3
000.e
-
1e
000.e
000.e
--2
1e
1e+
+
abc
0e
000.e
1e-
1e+
1e+
000.e
abc
-
.
+
1e-
-
--2
++1
+
1ee2
--2
+
1e+
-
0e
--2
1ee2
000.e
e10
1e+
1e+
0e
1.2.3
abc
+
+
1e-
1.2.3
0e
1e
+
1e-
1e-
0e
0e
-
abc
.
0e
+
--2
000.e
1ee2
1e+
1.2.3
0e
000.e
.
-
1.2.3
000.e
1e
e10
e10
++1
1.2.3
abc
1ee2
1e-
-
e10
++1
1e-
1e-
-
-
e10
1e-
1.2.3
000.e
-
abc
1e-
0e
.
.
1e+
.
1.2.3
1e
1e+
1ee2
1e+
1e-
1e+
1ee2
0e
000.e
1e
++1
-
000.e
--2
1e
000.e
-
+
e10
1e+
-
1e+
1e-
++1
-
000.e
-
abc
0e
++1
000.e
1e+
abc
.
0e
0e
-
1e+
1e+
++1
-
++1
1e
+
-
e10
abc
.
000.e
-
--2
abc
0e
0e
0e
1e
--2
1e-
e10
++1
1e
.
++1
--2
--2
e10
++1
+
1e-
.
1ee2
1e+
1e-
1.2.3
+
0e
e10
1.2.3
1e+
1.2.3
.
e10
--2
-
--2
--2
abc
0e
1ee2
1.2.3
0e
1ee2
.
0e
++1
1.2.3
abc
+
+
1ee2
++1
0e
0e
000.e
e10
--2
000.e
--2
0e
-
1e+
++1
1e
abc
+
-
e10
-
--2
--2
1e
1ee2
--2
abc
.
+
1e
--2
e10
1ee2
1e-
e10
1e+
0e
.
1e-
1.2.3
1e
1e+
1e-
++1
0e
+
1.2.3
+
abc
1e-
1e-
abc
++1
--2
1.2.3
abc
-
-
abc
000.e
1ee2
000.e
1e+
abc
1e
+
-
000.e
1ee2
1ee2
1.2.3
1e
1e
++1
1e+
1e-
--2
-
1ee2
1e+
++1
0e
1.2.3
1e-
1.2.3
--2
1.2.3
+
1e
1.2.3
1.2.3
1e
e10
--2
1e+
1e+
1e+
1e-
1.2.3
--2
e10
++1
1.2.3
1ee2
1ee2
1e-
1ee2
0e
+
.
abc
-
--2
1e
1e
1.2.3
--2
+
.
.
0e
0e
1.2.3
1e
.
1e
1e+
1ee2
e10
-
1e
1ee2
1.2.3
abc
.
1e
0e
++1
abc
abc
1e+
0e
-
0e
.
--2
1e+
1.2.3
1e
abc
1ee2
0e
0e
++1
e10
1e-
e10
1ee2
1ee2
1.2.3
1e+
--2
1.2.3
+
1e-
0e
e10
000.e
1e
1e+
000.e
abc
000.e
--2
.
1ee2
e10
000.e
1e-
+
0e
1.2.3
000.e
+
--2
+
1e-
1.2.3
1e-
+
+
1e
--2
--2
+
0e
abc
1ee2
.
1.2.3
--2
abc
.
1e
++1
--2
1e-
1e+
1e-
0e
1e-
.
-
000.e
-
1e-
1e+
1e+
1.2.3
0e
e10
1e
1e+
1e+
0e
+
--2
1e
++1
abc
e10
abc
1e-
1e+
-
1.2.3
000.e
--2
e10
1.2.3
0e
+
1e
abc
1e-
000.e
1e+
+
1e-
++1
--2
--2
e10
1.2.3
--2
++1
1.2.3
1e+
.
.
0e
e10
1e
1e
--2
1e
1e-
1ee2
1.2.3
e10
1e+
1ee2
e10
1e-
1.2.3
1e-
e10
1ee2
-
0e
+
1e
abc
+
.
1e
1e
-
1.2.3
0e
000.e
e10
e10
e10
e10
--2
.
--2
0e
000.e
1.2.3
1e-
e10
1ee2
0e
abc
000.e
1ee2
.
1ee2
1e-
--2
++1
0e
.
.
-
1ee2
abc
--2
abc
1e+
.
.
-
1ee2
--2
1.2.3
++1
1e+
.
1.2.3
1e
--2
0e
--2
-
1e
e10
0e
.
1e-
1ee2
-
+
1.2.3
0e
.
++1
1e
++1
1e-
000.e
.
-
+
1e-
1e
++1
-
abc
-
e10
0e
+
-
.
abc
--2
abc
1.2.3
000.e
+
1e+
1ee2
-
1e-
1e+
1e-
e10
1e-
1e+
1e-
.
1ee2
1e+
1ee2
1e
1e
1e
--2
1.2.3
1.2.3
.
000.e
.
.
e10
+
--2
e10
abc
1e+
++1
1e-
1.2.3
.
-
abc
0e
--2
1e-
++1
1ee2
0e
1ee2
e10
0e
-
+
000.e
1.2.3
1e+
000.e
1e
--2
1.2.3
++1
abc
e10
1e
1e
1.2.3
1e-
1e
1e-
1e+
000.e
--2
--2
0e
+
1e+
1e+
000.e
1e
1e+
0e
e10
e10
e10
1e-
-
+
abc
-
1e-
abc
1e
+
0e
abc
1.2.3
+
1e-
000.e
++1
++1
+
+
1ee2
+
1.2.3
1ee2
1e+
1.2.3
1.2.3
e10
1ee2
1e+
--2
.
+
1ee2
1e+
--2
1e
--2
abc
1e-
-
-
000.e
000.e
1.2.3
e10
++1
0e
1ee2
000.e
1ee2
++1
000.e
.
1.2.3
0e
abc
e10
+
.
e10
-
-
+
1e
+
000.e
1e
1e+
000.e
abc
1e-
1e-
1e+
1e+
1e
1ee2
--2
0e
abc
1.2.3
1.2.3
++1
0e
.
e10
000.e
1ee2
1e+
1e-
1.2.3
1ee2
1e
1.2.3
.
000.e
0e
-
++1
+
--2
0e
.
+
-
++1
++1
abc
1e
1e+
1.2.3
-
--2
1e+
0e
-
+
1e+
+
+
1e-
.
1e+
0e
abc
1e-
1.2.3
.
abc
-
-
1e-
--2
-
+
1ee2
.
abc
1e-
+
1.2.3
1ee2
e10
1e+
0e
0e
-
000.e
1e
1ee2
e10
e10
abc
1e+
.
0e
abc
abc
+
1e
1e+
+
++1
0e
++1
1e
+
e10
1ee2
1e
000.e
000.e
+
1e+
1.2.3
+
++1
1e-
abc
000.e
.
1ee2
1ee2
e10
--2
-
+
1e
1e+
++1
000.e
-
1.2.3
++1
1e-
e10
000.e
0e
-
+
1e
1ee2
1e+
000.e
+
--2
0e
1e+
1ee2
--2
1e-
1e
0e
1.2.3
--2
e10
0e
0e
1e-
+
1e
1e+
1ee2
000.e
1.2.3
1e-
1e+
1e-
0e
1ee2
0e
0e
0e
1.2.3
+
1.2.3
--2
1ee2
abc
000.e
1e-
000.e
-
abc
--2
0e
1e
1.2.3
++1
1.2.3
000.e
1e
-
--2
1e
abc
--2
1e
1e-
--2
abc
-
-
e10
--2
.
abc
1.2.3
1e+
+
.
--2
1e-
1ee2
0e
000.e
-
-
1e-
1ee2
1e
000.e
e10
1.2.3
+
1ee2
1.2.3
1.2.3
000.e
-
-
1e+
+
-
0e
1e
e10
1e
1e+
000.e
++1
-
abc
000.e
1ee2
-
.
000.e
.
1e
--2
1e-
--2
1e
1e+
-
++1
1e-
1ee2
1e-
1.2.3
-
.
abc
+
abc
+
+
e10
--2
+
-
0e
0e
abc
-
.
+
-
e10
1e-
abc
1ee2
+
abc
abc
--2
1e
abc
1ee2
e10
abc
+
++1
-
abc
++1
e10
0e
e10
1e
-
--2
1e-
.
000.e
1ee2
+
e10
.
abc
+
1e
e10
1ee2
1ee2
e10
-
.
1e+
--2
-
.
++1
000.e
++1
0e
e10
1ee2
--2
e10
1e+
.
1e+
--2
000.e
1e+
0e
1e
1e+
1e+
1e-
1e
1e-
+
1e
.
e10
1e+
++1
1ee2
++1
0e
1e+
++1
abc
1e-
+
1ee2
1e+
+
1e-
++1
-
++1
abc
e10
-
.
1ee2
000.e
1e+
1e
1e-
0e
--2
+
1ee2
1ee2
abc
000.e
e10
e10
--2
--2
000.e
0e
--2
abc
+
1ee2
1e
abc
0e
++1
-
abc
1e-
e10
000.e
1e
--2
--2
000.e
.
abc
1e+
1e+
.
+
1e+
-
1e+
0e
000.e
+
.
0e
++1
1e+
abc
0e
1.2.3
1ee2
++1
1e
e10
1e
++1
++1
0e
-
1e-
++1
.
+
1ee2
abc
1e
+
+
000.e
--2
1e-
+
1ee2
1e-
e10
+
0e
1e+
000.e
-
.
abc
1e+
+
1e-
e10
1e+
1e
.
+
1e
+
++1
e10
e10
000.e
+
.
000.e
++1
1.2.3
.
e10
1.2.3
++1
1e
1ee2
++1
000.e
.
0e
abc
1ee2
0e
1e
--2
1.2.3
e10
1ee2
1ee2
.
1e
abc
-
0e
1e+
++1
-
1ee2
abc
1.2.3
0e
+
1.2.3
0e
1e-
1e
.
1ee2
1e
1e-
1e+
--2
1e
1e+
--2
+
1e+
.
000.e
+
-
abc
abc
++1
abc
000.e
1e
000.e
abc
e10
1e
1e-
-
.
++1
1e
1.2.3
1.2.3
+
0e
-
000.e
1e-
0e
0e
1ee2
1e+
1ee2
1e+
000.e
e10
++1
1.2.3
1ee2
0e
--2
+
1e
--2
1ee2
.
1.2.3
000.e
-
--2
1ee2
e10
1e
abc
+
-
++1
.
.
000.e
+
.
1ee2
--2
1e-
abc
0e
-
1e+
1.2.3
1e-
.
0e
+
--2
-
abc
1ee2
+
abc
1e-
+
e10
--2
abc
000.e
abc
1.2.3
.
1.2.3
-
-
e10
e10
--2
--2
1ee2
1e+
abc
1ee2
-
1e-
-
1e+
1.2.3
+
e10
abc
000.e
1e+
-
+
-
e10
1e+
1ee2
--2
+
e10
+
+
1ee2
1e+
.
1.2.3
e10
0e
000.e
1ee2
1.2.3
abc
++1
0e
1ee2
000.e
1e-
1e
1e-
abc
1e+
abc
0e
e10
1e+
.
e10
++1
1e+
1e
+
0e
0e
1e-
e10
+
1e+
abc
++1
abc
1e+
.
1e+
1e+
000.e
abc
e10
1e-
1e+
++1
1e+
.
-
++1
1ee2
-
000.e
000.e
1e+
1.2.3
e10
+
.
--2
--2
abc
+
1.2.3
0e
++1
1e-
1e
++1
+
.
1e+
1ee2
0e
000.e
e10
abc
++1
--2
1ee2
000.e
0e
-
1e
++1
1.2.3
0e
-
0e
--2
1e-
1ee2
1e-
000.e
-
000.e
1.2.3
1e+
000.e
+
000.e
--2
1e-
1ee2
++1
+
1ee2
0e
1ee2
-
--2
--2
1ee2
-
1e+
1e-
--2
0e
.
abc
e10
1e+
+
+
.
e10
1.2.3
1e+
1e
1ee2
1e-
.
1ee2
-
++1
--2
--2
-
0e
000.e
.
-
abc
e10
++1
--2
-
--2
1e-
-
+
+
0e
abc
000.e
e10
1e
--2
abc
+
+
++1
000.e
+
++1
.
0e
abc
1e-
1e-
0e
1e
+
0e
e10
e10
1ee2
.
1e-
1e
.
000.e
e10
-
1e-
abc
+
abc
1e-
0e
+
1e-
000.e
.
000.e
abc
+
+
-
000.e
++1
+
1e-
1ee2
abc
abc
abc
.
1ee2
1ee2
1ee2
+
.
1e-
1ee2
000.e
+
000.e
1e+
1e+
-
1e+
1ee2
1.2.3
.
1e
000.e
abc
1e-
1e+
++1
--2
1e-
000.e
e10
1e-
+
abc
--2
abc
1ee2
1ee2
1.2.3
e10
abc
1e
+
+
1ee2
1e
-
+
--2
+
.
1e
1.2.3
1.2.3
++1
++1
0e
e10
abc
++1
1e+
-
1ee2
++1
0e
0e
1.2.3
1e+
1e-
1e+
abc
000.e
.
++1
1e
1.2.3
.
000.e
-
--2
-
abc
.
++1
1ee2
1e-
1e+
0e
abc
abc
--2
++1
1.2.3
1e+
abc
1.2.3
1ee2
1ee2
1e+
0e
--2
abc
--2
1e+
000.e
1e-
1ee2
1ee2
000.e
--2
e10
++1
e10
000.e
-
+
1e-
abc
--2
0e
0e
1e-
1.2.3
000.e
1e
000.e
.
abc
1.2.3
1ee2
+
0e
1ee2
+
.
--2
1e+
++1
+
1.2.3
--2
--2
e10
--2
-
1e
abc
abc
e10
+
1.2.3
1e-
1.2.3
1.2.3
1.2.3
++1
0e
--2
1ee2
1e
0e
+
+
e10
.
abc
1e
1.2.3
++1
++1
+
++1
1.2.3
1e
1e-
1e-
++1
e10
1ee2
e10
++1
-
000.e
abc
e10
1e
1e-
++1
1.2.3
1e
0e
abc
000.e
e10
-
.
0e
abc
.
1e+
000.e
abc
--2
e10
1ee2
abc
1ee2
-
e10
1e-
e10
abc
-
1e-
-
e10
1e-
e10
e10
1e+
000.e
e10
++1
0e
--2
1e+
0e
-
++1
abc
1.2.3
0e
.
1e-
000.e
1e+
--2
+
1e-
000.e
e10
0e
1e
0e
abc
1.2.3
0e
abc
+
0e
0e
1e-
1e
1.2.3
1e-
000.e
++1
e10
abc
--2
0e
1ee2
000.e
e10
0e
e10
1e+
abc
.
.
1ee2
1e+
abc
+
+
e10
1.2.3
1e+
000.e
1.2.3
1.2.3
abc
++1
1e+
.
--2
.
1.2.3
+
.
e10
-
+
.
.
e10
1e+
1e+
++1
abc
1ee2
1ee2
++1
abc
e10
1.2.3
1e
--2
0e
0e
1e-
++1
.
1e+
++1
abc
1e
.
1e
.
+
1ee2
--2
-
1.2.3
1ee2
++1
+
1e+
--2
1e
+
1e-
-
1.2.3
.
-
1e
+
e10
-
e10
0e
e10
000.e
abc
.
1.2.3
.
1.2.3
000.e
++1
-
-
--2
-
1.2.3
--2
1ee2
--2
-
+
1e-
.
-
abc
1.2.3
-
1e-
1e
-
000.e
000.e
1e+
.
.
0e
e10
0e
1e+
1e-
abc
abc
e10
abc
--2
1ee2
-
abc
0e
abc
000.e
--2
--2
e10
-
e10
1.2.3
1e+
000.e
1.2.3
1.2.3
1e+
e10
+
e10
1e+
1e-
1e+
1e
+
0e
1e-
1e
1.2.3
abc
e10
1e
1e+
1ee2
abc
abc
++1
--2
.
1ee2
abc
++1
000.e
1.2.3
1.2.3
1e+
-
+
0e
++1
abc
abc
+
.
0e
0e
1ee2
1e+
-
abc
--2
1ee2
e10
0e
000.e
++1
0e
abc
e10
0e
000.e
1e+
1e
+
1e
1e-
1e-
000.e
.
1e
1e-
1e+
.
1e-
1e-
+
++1
.
000.e
1.2.3
1e+
1e+
1.2.3
1e-
0e
e10
+
1ee2
+
+
e10
1e
e10
.
abc
000.e
000.e
0e
0e
1.2.3
.
0e
1e
++1
1ee2
e10
0e
abc
+
1e-
1e
abc
+
1e-
000.e
1.2.3
++1
e10
1e
1e+
abc
1ee2
abc
000.e
e10
1e+
++1
++1
+
000.e
.
000.e
0e
abc
0e
000.e
-
--2
1e+
1e-
1ee2
abc
0e
1e
abc
000.e
abc
0e
abc
1e
abc
1e+
000.e
abc
1e+
1ee2
+
0e
-
0e
1ee2
abc
e10
e10
e10
000.e
1e+
--2
1ee2
+
1e-
.
e10
e10
abc
1e-
1ee2
e10
1ee2
1e
1e+
--2
+
1e+
1.2.3
e10
1e
0e
-
0e
--2
1e-
1e-
-
.
++1
1ee2
.
1ee2
+
1e
--2
1e-
1ee2
1e
1.2.3
0e
000.e
1e
1e
.
+
1.2.3
1ee2
-
+
1e-
--2
0e
++1
.
0e
1ee2
++1
++1
abc
.
1ee2
1ee2
0e
1e-
1e
1ee2
abc
1e+
--2
++1
++1
++1
++1
++1
0e
--2
++1
1e+
1ee2
1e
-
+
0e
1e
0e
-
1e+
0e
1e
1.2.3
000.e
+
--2
++1
1.2.3
1e
1.2.3
-
1.2.3
000.e
.
000.e
--2
abc
.
0e
--2
000.e
.
.
abc
-
e10
-
000.e
--2
abc
1.2.3
000.e
--2
.
1e-
--2
1.2.3
abc
1.2.3
1e-
1ee2
-
--2
-
000.e
e10
e10
0e
-
0e
abc
e10
.
--2
1.2.3
1e
0e
.
++1
++1
1e-
000.e
1.2.3
000.e
e10
0e
1e
1.2.3
e10
1.2.3
.
1.2.3
1e-
e10
000.e
e10
++1
1.2.3
1ee2
.
+
abc
1.2.3
abc
1ee2
1e+
1.2.3
--2
000.e
1e
+
0e
.
0e
abc
0e
--2
++1
e10
.
000.e
1e
+
-
000.e
++1
.
-
e10
1.2.3
000.e
--2
++1
1e+
000.e
abc
.
e10
e10
1ee2
-
1e
1.2.3
-
e10
e10
1e
1e-
e10
e10
.
--2
1ee2
+
e10
1.2.3
.
1e
++1
000.e
e10
e10
abc
1e
-
e10
+
1.2.3
++1
.
1e
1e-
1.2.3
1e+
1.2.3
-
.
000.e
+
1e+
1.2.3
1e-
1ee2
1e+
1e
1e-
1ee2
abc
1e+
.
abc
.
0e
1e+
-
000.e
-
-
-
1e
0e
+
abc
1e
0e
1ee2
e10
++1
e10
0e
--2
1ee2
-
1.2.3
1e+
1.2.3
++1
--2
1e
1e+
1e
-
1e+
0e
.
e10
1e
1ee2
-
-
.
--2
0e
++1
1e
.
--2
-
+
1e
1.2.3
-
1e+
abc
1e-
1e-
++1
abc
+
1e-
1e+
1e+
abc
1e+
1e
1e+
0e
.
+
-
+
+
1.2.3
++1
1ee2
0e
0e
++1
+
-
0e
+
+
000.e
0e
-
.
1.2.3
0e
1.2.3
1.2.3
abc
e10
000.e
.
++1
0e
e10
+
000.e
.
+
--2
+
-
0e
1.2.3
e10
000.e
1ee2
e10
--2
0e
.
1e
1e-
1e-
+
--2
--2
++1
--2
.
000.e
-
1e
-
++1
0e
+
1e
000.e
-
.
1.2.3
+
0e
1e
--2
e10
++1
abc
0e
--2
++1
1e+
e10
1e
1e-
e10
1e+
1e
1e+
--2
1ee2
1e-
1e
e10
1e+
--2
1e+
1.2.3
1e-
abc
1e-
++1
1ee2
abc
.
-
1e
+
++1
1.2.3
e10
e10
1e-
1e
++1
-
abc
1e+
1.2.3
1e
--2
1ee2
000.e
1e+
1ee2
abc
1e+
abc
.
1e-
1e+
1.2.3
--2
+
1e
000.e
1e
abc
abc
1e-
++1
++1
1.2.3
0e
e10
--2
1ee2
1e
abc
++1
000.e
1e-
+
+
1e+
abc
-
abc
1e
1ee2
1.2.3
1ee2
--2
0e
++1
+
.
-
000.e
--2
++1
0e
.
1e+
1e-
1ee2
0e
1e-
e10
1e+
000.e
-
1e-
+
1e+
000.e
1e-
abc
1e+
1e-
0e
000.e
abc
000.e
++1
+
1ee2
1e+
1e
abc
1e-
1e
.
1e
1e-
1e
.
1e+
1e+
1ee2
--2
e10
+
+
e10
1e
e10
1.2.3
1ee2
1ee2
e10
--2
e10
000.e
1.2.3
--2
000.e
1e-
1e
1.2.3
abc
abc
000.e
1e-
1e-
1e+
-
.
+
1ee2
-
+
e10
0e
e10
1e+
++1
+
0e
+
1e-
1.2.3
.
e10
0e
1ee2
0e
++1
0e
abc
000.e
1e-
1e+
1.2.3
.
abc
e10
1e
0e
1e-
e10
0e
1e+
--2
1e-
+
+
1e-
1e
++1
+
1.2.3
e10
1e-
-
1e
e10
++1
--2
++1
1ee2
e10
1e
1e
-
1ee2
abc
000.e
0e
.
.
1.2.3
1e
000.e
1e-
0e
0e
abc
1e-
-
abc
1.2.3
e10
1ee2
-
abc
1e
000.e
--2
.
1e
1e
1e+
e10
abc
0e
1e
--2
1.2.3
+
1.2.3
1.2.3
1.2.3
abc
1ee2
--2
000.e
.
1ee2
-
-
++1
++1
abc
--2
++1
1e-
1e
e10
e10
-
1.2.3
0e
000.e
-
000.e
abc
e10
1e-
.
.
1e+
-
.
1ee2
1e
1e-
1e
e10
-
1.2.3
--2
-
000.e
1ee2
1e
abc
.
e10
-
0e
+
--2
++1
1e-
.
1ee2
.
1e
--2
--2
abc
000.e
+
1.2.3
abc
0e
abc
1e-
.
1e-
0e
e10
+
-
1e+
0e
abc
1ee2
.
1e
1e
++1
e10
1e+
e10
1e-
1e-
-
e10
000.e
--2
abc
1e+
--2
000.e
1.2.3
.
000.e
1e+
1e
1.2.3
1e-
1e-
-
e10
.
-
1e+
1e
1e
1e
1e
1e+
--2
.
1e+
.
1e+
abc
1e
--2
1e-
++1
e10
+
1e+
abc
+
000.e
1e
++1
++1
1ee2
1e+
-
.
1e+
0e
000.e
000.e
++1
1e+
abc
000.e
1e-
000.e
1.2.3
0e
-
.
1e
1e+
e10
abc
+
1e-
+
+
1ee2
1.2.3
++1
1e+
-
--2
-
1e+
000.e
1e+
000.e
.
0e
--2
1e+
++1
000.e
1e+
1e-
++1
.
--2
e10
1e+
abc
1ee2
1e
-
--2
1e
1ee2
1.2.3
1e
abc
1.2.3
++1
++1
1e-
1e-
1ee2
1ee2
--2
1e-
e10
++1
1e-
-
--2
+
1e-
--2
1e-
000.e
+
0e
.
1.2.3
--2
1e
000.e
.
1e+
1.2.3
.
--2
1ee2
+
.
1.2.3
--2
-
0e
1e-
1.2.3
e10
e10
1e
--2
1e+
1e-
0e
.
1e
1.2.3
abc
-
1e+
-
-
1e+
-
++1
1e-
e10
0e
-
-
abc
1e
++1
1e-
1.2.3
.
1.2.3
1e+
1e+
-
1ee2
0e
-
abc
.
1.2.3
-
1ee2
abc
000.e
e10
e10
++1
0e
-
--2
+
0e
1e
+
0e
1.2.3
+
+
1e-
0e
1.2.3
1e+
abc
1ee2
1e
e10
++1
abc
1e-
1e
.
1e-
--2
1e-
1e
.
0e
+
1.2.3
0e
000.e
1.2.3
-
e10
1.2.3
1e-
0e
000.e
abc
1.2.3
000.e
1.2.3
.
--2
++1
0e
--2
abc
1ee2
++1
1e-
-
1e
abc
e10
0e
1ee2
+
000.e
+
++1
1e
0e
1ee2
-
0e
-
1e-
abc
1e
000.e
++1
++1
++1
0e
e10
++1
++1
000.e
0e
1ee2
abc
1.2.3
1e
--2
1e+
000.e
+
--2
0e
+
000.e
1.2.3
-
1.2.3
0e
e10
abc
1.2.3
e10
e10
abc
1.2.3
-
-
--2
e10
1e-
1e-
+
++1
1.2.3
-
-
1ee2
++1
.
-
--2
0e
+
abc
+
-
1e
--2
abc
1ee2
0e
e10
-
--2
1e
-
1ee2
-
1e+
000.e
e10
.
1e+
e10
+
+
+
.
1e
000.e
+
1e-
1e
--2
000.e
1e+
e10
1.2.3
1ee2
0e
-
000.e
-
1.2.3
abc
.
+
+
1ee2
-
-
e10
--2
000.e
e10
e10
--2
--2
.
1e-
-
1e
1e
-
1e-
1e+
1e
-
--2
1ee2
1ee2
000.e
--2
e10
1.2.3
1e+
0e
1e
+
1e
0e
e10
-
abc
-
0e
1e-
abc
000.e
1e
1e
1.2.3
abc
abc
++1
-
1e
-
000.e
+
1e+
1e+
0e
1e
1e+
1.2.3
-
1e
.
-
1e+
1e-
1.2.3
.
++1
1e
1ee2
abc
1ee2
.
0e
abc
1e-
1e
+
0e
++1
abc
+
-
1ee2
e10
abc
1.2.3
1.2.3
++1
1e
1e-
1e-
1.2.3
1ee2
000.e
--2
+
1e+
1e+
--2
1ee2
+
0e
1.2.3
.
abc
1.2.3
-
000.e
+
-
1e-
1ee2
1e
.
1.2.3
1.2.3
1e-
.
1.2.3
0e
1.2.3
++1
1ee2
abc
0e
0e
1.2.3
1.2.3
1e+
1ee2
++1
1.2.3
++1
1e+
000.e
abc
000.e
1.2.3
+
-
1ee2
1e
.
e10
--2
abc
++1
1.2.3
1e+
++1
++1
abc
.
.
000.e
--2
-
+
e10
abc
-
--2
.
1e
1e-
000.e
.
1ee2
e10
0e
+
1e
000.e
--2
--2
e10
.
1e+
1e-
++1
--2
1.2.3
--2
1e
000.e
1ee2
0e
.
e10
1e
1.2.3
e10
1e-
0e
-
0e
1e+
1e-
+
-
+
e10
1e+
1ee2
e10
--2
1e
++1
1.2.3
++1
++1
--2
abc
1e+
000.e
--2
--2
e10
-
e10
abc
.
1e+
--2
1e-
--2
1ee2
.
++1
+
1.2.3
0e
1e+
1e-
1e-
1e+
e10
1.2.3
+
000.e
1ee2
++1
1.2.3
-
1e
000.e
1e+
1e-
0e
1e
++1
0e
+
1.2.3
1ee2
1.2.3
--2
.
+
-
abc
000.e
--2
++1
1e
0e
000.e
000.e
++1
000.e
1e-
0e
000.e
--2
0e
000.e
1e-
abc
000.e
e10
1e+
.
1ee2
--2
+
+
1e+
0e
e10
+
0e
.
000.e
++1
abc
abc
0e
0e
.
--2
1ee2
1e
1e
e10
1e
000.e
000.e
e10
.
+
-
1e-
000.e
1e+
0e
1e+
1e+
1e+
++1
+
1e+
1e
e10
1.2.3
e10
.
.
000.e
abc
+
1ee2
e10
1.2.3
1e-
--2
e10
1e+
1.2.3
1e
.
e10
0e
abc
.
000.e
+
abc
000.e
000.e
--2
+
--2
1ee2
1e
1e+
--2
++1
0e
++1
.
-
e10
0e
1e+
1.2.3
1.2.3
-
abc
000.e
--2
.
.
+
+
--2
0e
++1
-
000.e
1.2.3
abc
e10
1e
.
.
e10
-
000.e
abc
-
-
-
e10
1e-
e10
1e-
++1
1e
abc
0e
000.e
abc
.
--2
e10
+
++1
e10
1ee2
abc
1.2.3
1e-
+
-
1e-
1.2.3
1ee2
1e+
1e+
--2
0e
e10
--2
0e
1e+
+
1e
+
--2
.
1.2.3
1e+
-
1e-
1e+
e10
1.2.3
e10
-
1ee2
1e
-
1e+
1e+
+
-
-
e10
abc
abc
--2
.
1e-
1e-
e10
--2
1ee2
1e
1e+
-
1e+
e10
abc
000.e
1.2.3
1e
1e-
1e-
e10
1e+
-
1.2.3
e10
e10
000.e
0e
--2
1e
--2
1e+
1e-
e10
e10
e10
1e+
1e+
abc
1ee2
.
000.e
++1
1e
++1
1ee2
abc
1e+
abc
0e
1.2.3
e10
abc
000.e
e10
0e
+
1.2.3
e10
000.e
1e
000.e
1e-
e10
000.e
.
--2
-
1e-
++1
1e+
--2
1e
1e
1e
1e+
1.2.3
--2
++1
000.e
-
.
-
++1
e10
+
1e-
000.e
1e
1e-
1e-
+
1e-
-
1e-
1ee2
.
0e
1ee2
.
1ee2
1e+
0e
1e-
e10
1.2.3
1e-
.
000.e
+
1ee2
-
0e
.
000.e
e10
abc
.
e10
1e
.
1e+
abc
1e
-
1.2.3
abc
.
--2
1ee2
++1
1e-
e10
.
1e+
1ee2
000.e
1e
1.2.3
1e
1e+
1e
1.2.3
e10
abc
++1
-
+
--2
.
000.e
0e
1ee2
1e
-
000.e
1.2.3
-
+
0e
+
000.e
.
1.2.3
1.2.3
++1
1e-
1e+
1.2.3
e10
+
+
abc
++1
1ee2
--2
-
0e
000.e
.
1ee2
e10
1.2.3
1e+
.
++1
abc
000.e
1.2.3
.
0e
++1
1e
000.e
.
1e
1e
.
-
-
e10
0e
1ee2
1e+
abc
--2
1.2.3
e10
--2
1.2.3
000.e
-
.
e10
.
+
1.2.3
1e-
0e
1e-
1e
1e
e10
+
1e-
-
1e+
1ee2
1.2.3
1.2.3
abc
1.2.3
000.e
0e
--2
1e+
--2
-
0e
e10
0e
.
1e
.
.
+
-
-
1.2.3
1.2.3
0e
-
0e
1.2.3
-
--2
--2
++1
1e
e10
abc
e10
1e-
e10
0e
e10
1e+
000.e
e10
0e
-
abc
e10
000.e
.
e10
e10
--2
-
1e-
.
1e+
1.2.3
1.2.3
000.e
0e
+
--2
1e
--2
1e+
1e+
abc
1e-
abc
1e+
e10
1ee2
abc
1ee2
abc
0e
1ee2
1ee2
1ee2
1ee2
-
1ee2
.
.
abc
abc
0e
1e-
1ee2
++1
1e+
1ee2
.
-
e10
--2
1e+
1e+
000.e
.
++1
1e+
abc
1e-
.
000.e
--2
abc
+
1e
0e
1e+
0e
1e-
1ee2
1e+
1e
-
1e
+
+
1e+
--2
0e
1.2.3
0e
abc
.
1e
-
abc
.
1.2.3
0e
1.2.3
1e+
1e-
1e
.
e10
0e
abc
000.e
000.e
1e-
1.2.3
000.e
e10
+
e10
1e+
1e+
-
e10
++1
1e+
++1
000.e
e10
1e+
e10
--2
000.e
0e
.
0e
1e+
1e-
-
abc
abc
1.2.3
1e+
e10
--2
.
e10
1.2.3
000.e
abc
e10
+
1e
1e
e10
1e+
1e-
1ee2
000.e
1e+
1e-
abc
e10
000.e
000.e
++1
1e+
1.2.3
abc
e10
1e+
e10
1ee2
1.2.3
1e
-
+
abc
1e
++1
1.2.3
1e+
++1
abc
--2
1ee2
0e
0e
e10
1.2.3
000.e
0e
1e+
1.2.3
-
1e-
0e
++1
--2
--2
.
1ee2
1e+
1ee2
--2
abc
1e+
abc
1.2.3
+
+
e10
abc
-
+
1e
.
++1
abc
abc
abc
1.2.3
0e
e10
.
+
0e
1e
1e-
0e
1e
1e-
1e-
1ee2
0e
++1
000.e
--2
--2
1.2.3
abc
-
1ee2
e10
1e
1e
.
1e+
1e
e10
1e+
-
0e
+
000.e
e10
1e
1e+
++1
.
--2
e10
1.2.3
abc
0e
+
1e+
1e
--2
0e
.
e10
1e
1ee2
1e+
abc
e10
1.2.3
000.e
0e
--2
++1
++1
1e-
++1
+
1e-
e10
abc
0e
1e+
0e
1e+
++1
+
1e-
+
abc
1ee2
000.e
.
1e-
+
++1
+
-
1e-
e10
0e
1.2.3
1e
--2
000.e
0e
abc
1e
0e
++1
.
++1
++1
1e-
e10
--2
000.e
-
1e+
0e
--2
1e+
1ee2
0e
1e
1.2.3
e10
1e-
1e+
0e
1.2.3
.
1e
0e
++1
1ee2
e10
1e+
-
.
000.e
1e-
1ee2
000.e
.
.
e10
0e
000.e
e10
--2
1e+
--2
abc
1e
+
e10
1ee2
000.e
000.e
++1
--2
++1
-
1e
1e
0e
0e
.
1e-
000.e
-
-
1e-
abc
0e
e10
1e
000.e
1e
000.e
.
1e
1e+
000.e
e10
abc
e10
000.e
1ee2
-
1e
--2
0e
+
.
+
0e
1.2.3
000.e
++1
++1
1e
abc
-
--2
1e
1.2.3
abc
--2
1.2.3
1e-
000.e
1.2.3
.
1e
0e
1ee2
1e-
1e+
1.2.3
1e-
e10
abc
000.e
1e-
+
1.2.3
1e+
000.e
1ee2
0e
000.e
+
.
-
+
1.2.3
+
1e-
0e
0e
1.2.3
+
.
1e-
000.e
1ee2
++1
1ee2
1e-
1.2.3
1e+
++1
++1
++1
1e+
1e-
000.e
1e+
0e
000.e
-
abc
--2
1ee2
1e+
+
+
1e
1e
1e-
1.2.3
1ee2
1.2.3
.
--2
--2
+
abc
1.2.3
1e-
1e+
1e-
.
abc
1e
e10
e10
1.2.3
1e
abc
000.e
+
1e-
1.2.3
0e
1.2.3
abc
.
--2
0e
1e+
.
--2
.
-
--2
1e+
000.e
1.2.3
-
1e-
1e+
-
--2
-
.
000.e
++1
.
1ee2
+
.
0e
++1
--2
--2
--2
1e+
1ee2
+
0e
+
1ee2
1ee2
abc
1e
-
1e-
1.2.3
abc
abc
.
0e
.
+
abc
.
--2
0e
++1
0e
0e
-
+
++1
-
000.e
1e-
+
e10
000.e
1e-
abc
0e
1e-
0e
1e
1e+
.
-
0e
1e
+
000.e
1e-
-
.
1e+
--2
+
000.e
1e+
+
++1
--2
1e+
.
0e
1ee2
--2
1e-
.
1e
++1
-
1e+
1e+
1e-
abc
.
.
abc
1e
1ee2
++1
--2
1e+
0e
e10
1e-
000.e
abc
000.e
--2
1e
--2
abc
-
-
1.2.3
e10
e10
.
e10
1ee2
e10
+
-
++1
e10
--2
1.2.3
000.e
1.2.3
++1
1e-
1e
abc
1e+
1e+
1ee2
.
0e
000.e
++1
1e+
1.2.3
1ee2
abc
e10
++1
.
e10
++1
--2
000.e
1e+
--2
000.e
--2
1ee2
.
++1
1.2.3
e10
1.2.3
1.2.3
1.2.3
0e
e10
--2
1.2.3
1e
.
1e+
++1
--2
1e
1.2.3
1e+
.
e10
1e-
000.e
++1
1ee2
1e
abc
abc
e10
--2
.
1ee2
1.2.3
1e
abc
1ee2
1e-
1e+
1.2.3
1ee2
e10
000.e
+
1.2.3
-
-
+
+
1e-
++1
1e+
+
1e+
++1
1e
1.2.3
1e+
++1
0e
.
.
++1
0e
-
+
--2
abc
+
1e-
e10
1ee2
--2
.
1.2.3
1e
1e
1ee2
-
1e-
.
e10
1.2.3
--2
000.e
.
+
e10
++1
1ee2
abc
1e+
-
1e-
0e
+
1e-
-
0e
abc
.
1e+
++1
abc
1.2.3
1e
++1
e10
1e
000.e
1e
0e
0e
1e-
--2
+
1ee2
e10
1ee2
abc
+
1e
--2
000.e
0e
1.2.3
1ee2
1e-
e10
0e
+
0e
e10
+
1e-
.
1.2.3
e10
0e
.
abc
1e
000.e
000.e
1e-
++1
1.2.3
e10
0e
--2
0e
--2
1e
1e+
0e
1.2.3
+
1e-
abc
1e
1e+
1.2.3
1.2.3
.
1ee2
0e
abc
e10
0e
+
++1
0e
1e+
1e-
e10
1e
1.2.3
1e
++1
1.2.3
e10
1e+
0e
e10
1ee2
1e-
+
+
e10
1e+
1e-
--2
++1
0e
++1
1e+
1e+
++1
abc
000.e
1e
e10
1e-
000.e
--2
+
1.2.3
++1
.
0e
1e
.
+
e10
abc
1ee2
e10
-
--2
1ee2
e10
+
-
1e+
-
1e-
-
1ee2
-
1ee2
--2
++1
1ee2
000.e
--2
e10
++1
--2
--2
abc
-
1e-
1.2.3
e10
1e+
1ee2
1e
--2
0e
000.e
1e
1e-
1.2.3
abc
++1
0e
000.e
abc
1.2.3
abc
000.e
0e
1ee2
1ee2
-
1ee2
.
.
1e-
-
1e
1e-
1e+
.
1.2.3
1ee2
0e
--2
1e
000.e
1e-
1ee2
1ee2
1e+
++1
1e
.
+
1ee2
-
1e-
0e
000.e
++1
1e+
--2
1.2.3
+
+
1e-
0e
1e-
--2
1.2.3
1ee2
000.e
-
000.e
--2
+
abc
--2
1ee2
.
1e
++1
0e
1e+
1e+
abc
--2
1e-
0e
1e
1.2.3
--2
0e
e10
1.2.3
1ee2
1e-
000.e
1.2.3
000.e
000.e
000.e
1e
++1
0e
1.2.3
0e
1ee2
1e
000.e
abc
abc
0e
abc
1e+
abc
-
1e-
.
1e-
1e
0e
1ee2
1ee2
1ee2
1e+
abc
--2
1.2.3
1e
1e
+
e10
abc
1.2.3
e10
e10
0e
1e+
+
1e
-
-
1.2.3
e10
000.e
++1
1ee2
1ee2
-
.
000.e
--2
1e
1e
.
1.2.3
1e-
000.e
1e-
0e
1e+
1ee2
1e+
0e
1e-
.
1e
1e-
e10
0e
1ee2
1e
+
++1
1.2.3
-
--2
1e
e10
1e-
1e-
0e
.
1.2.3
1e
abc
.
1.2.3
000.e
+
--2
++1
--2
-
1ee2
1e+
++1
1e
-
+
-
e10
--2
0e
1.2.3
+
1.2.3
000.e
1e+
000.e
1.2.3
1ee2
+
-
.
000.e
+
1e-
+
1ee2
.
1ee2
-
+
--2
1e
--2
1e
-
000.e
1.2.3
1ee2
++1
-
-
0e
+
.
1ee2
--2
1e
--2
1e-
++1
e10
1e+
1.2.3
.
e10
1.2.3
1.2.3
--2
abc
+
abc
0e
--2
1.2.3
1ee2
e10
1.2.3
1e
1ee2
0e
1ee2
++1
000.e
1ee2
1e+
++1
.
0e
.
1e
1e+
0e
+
+
-
-
0e
1e+
1e
0e
--2
--2
1e-
.
0e
1ee2
1e
1ee2
e10
1e-
-
+
0e
++1
++1
1e
000.e
1e+
.
.
.
1e
1e
--2
.
e10
+
1.2.3
++1
--2
1ee2
e10
--2
+
1e-
+
.
0e
++1
e10
--2
1e+
e10
e10
-
e10
1e-
.
e10
1ee2
-
000.e
0e
000.e
1ee2
--2
1.2.3
000.e
--2
+
1.2.3
1e
-
1ee2
1e
1e+
0e
+
1e-
1e-
1e+
1e
1e+
abc
+
1e
-
--2
000.e
+
000.e
1e+
abc
abc
0e
1e-
+
0e
+
1ee2
1e-
0e
0e
++1
+
+
0e
1e-
1ee2
1e-
1e
1e
0e
e10
1e-
1e
1e
e10
.
++1
0e
+
1e-
++1
e10
-
+
e10
0e
000.e
1ee2
e10
000.e
-
++1
++1
1e-
1ee2
1e
-
1e
000.e
1ee2
--2
+
1e
--2
1ee2
0e
1e+
1.2.3
++1
.
e10
1e+
++1
1e+
+
+
1.2.3
--2
0e
000.e
+
e10
abc
1e
++1
000.e
1e
.
000.e
-
-
.
1e
1e+
1.2.3
-
0e
1.2.3
1e
abc
+
0e
1.2.3
1.2.3
--2
1e-
000.e
+
++1
1e-
1e+
0e
abc
0e
1ee2
0e
++1
.
0e
1ee2
abc
0e
++1
+
1ee2
+
000.e
000.e
+
--2
+
1e+
1e
1.2.3
+
000.e
1e+
1ee2
1e-
000.e
1e
1e-
1e+
1e-
--2
1ee2
000.e
-
000.e
e10
+
1ee2
000.e
1e
1ee2
+
++1
000.e
0e
.
1e-
.
1e-
000.e
abc
abc
abc
--2
+
000.e
abc
000.e
1e
.
1.2.3
e10
.
+
1.2.3
++1
1e
1e
0e
0e
--2
.
.
1e+
abc
1e
-
1ee2
e10
abc
.
1e-
1e+
.
e10
1ee2
1ee2
1ee2
+
0e
+
--2
e10
e10
+
+
1e+
000.e
--2
.
0e
1e+
1ee2
.
--2
++1
1e+
++1
.
-
e10
1ee2
.
1e
e10
1e+
000.e
.
1.2.3
-
1e+
-
.
1e
+
1ee2
1.2.3
-
1.2.3
1e+
--2
1e
+
000.e
e10
1.2.3
000.e
e10
0e
+
0e
++1
+
0e
+
e10
-
e10
.
-
000.e
0e
--2
+
++1
1ee2
0e
1ee2
.
1.2.3
1e-
++1
-
--2
abc
000.e
abc
1e-
1e
abc
1e
-
1e-
1ee2
1e-
1e-
0e
-
++1
1ee2
++1
e10
--2
.
1.2.3
--2
1e-
1ee2
1e
000.e
e10
000.e
000.e
++1
-
++1
-
1e-
e10
1e+
-
1ee2
1ee2
1e
-
1ee2
.
1e-
1.2.3
++1
e10
-
.
abc
1.2.3
1.2.3
abc
1ee2
abc
0e
1ee2
000.e
1.2.3
e10
--2
--2
1e+
+
--2
e10
0e
e10
0e
1e
0e
+
000.e
--2
e10
+
1e
000.e
1e+
1e
+
1ee2
++1
0e
1.2.3
--2
0e
.
.
++1
1e-
1e-
1.2.3
+
1e-
1.2.3
++1
abc
1e+
e10
abc
1ee2
abc
++1
.
1e+
1ee2
abc
abc
-
+
1.2.3
-
1e+
000.e
1ee2
abc
e10
1e-
.
000.e
e10
000.e
0e
++1
.
1e-
abc
1ee2
1e
++1
0e
e10
1e-
1e-
-
.
+
1e
e10
+
++1
1e-
1e-
abc
1e+
+
1e-
e10
++1
1ee2
1ee2
1e
+
1ee2
e10
.
--2
1e+
--2
--2
--2
000.e
abc
++1
1e-
+
.
1.2.3
1e
++1
abc
0e
1.2.3
1.2.3
abc
1e
000.e
-
1e
--2
1ee2
1e-
e10
e10
0e
--2
-
-
--2
++1
-
abc
.
--2
1e+
1.2.3
.
1e-
1e
0e
0e
000.e
-
1ee2
++1
--2
1e-
--2
.
-
--2
abc
abc
1ee2
abc
000.e
1e
abc
-
--2
1e
1.2.3
e10
.
0e
1.2.3
--2
1e+
1.2.3
1e
.
1.2.3
000.e
e10
1e+
000.e
1ee2
1ee2
000.e
e10
1ee2
1e
1e-
1e
.
1.2.3
--2
0e
000.e
000.e
1e+
1e
.
1ee2
++1
1ee2
1e+
1e-
++1
1.2.3
e10
++1
abc
1e-
e10
-
1ee2
1ee2
-
1e-
-
-
--2
1e+
1e
+
abc
+
0e
0e
+
000.e
1.2.3
1ee2
.
1e
1e
1e-
--2
abc
1.2.3
--2
+
0e
1e
.
0e
000.e
000.e
1ee2
abc
1ee2
--2
0e
1ee2
1ee2
.
1e+
.
1e
1ee2
1ee2
--2
1.2.3
--2
0e
1e
--2
+
1e-
+
e10
+
.
1e
.
-
--2
--2
+
1e
1.2.3
--2
1ee2
1ee2
e10
-
1ee2
+
--2
1e-
-
.
1e+
.
abc
e10
++1
++1
1e
e10
++1
--2
0e
1e-
abc
1e+
++1
--2
1e+
1e-
-
0e
1e-
1ee2
1e+
000.e
.
1e+
0e
--2
1e
e10
++1
000.e
.
1e-
e10
1.2.3
1e+
++1
--2
.
abc
-
abc
1.2.3
abc
1ee2
1e-
++1
1e-
1e
1.2.3
.
1ee2
1e
abc
-
abc
e10
-
+
1ee2
1e+
1.2.3
abc
abc
1e+
1e
1e
1.2.3
1ee2
++1
000.e
1e+
000.e
.
1e+
abc
abc
1e
abc
.
abc
1e+
1.2.3
000.e
.
+
.
.
1e-
1e-
000.e
abc
0e
++1
-
+
-
1e
++1
1e
.
-
1e-
1e+
abc
1e+
++1
--2
+
++1
+
+
+
1e
1e-
1e
-
.
0e
.
0e
-
e10
1e-
--2
1e-
1e+
e10
++1
000.e
1e-
1e
1e
1e+
abc
+
1ee2
1e
.
abc
0e
--2
1e+
1e
e10
-
++1
1e
0e
.
1e+
1e-
1e
-
+
--2
1ee2
-
1e
1.2.3
1e
e10
-
e10
000.e
0e
++1
1.2.3
1e
e10
-
0e
0e
e10
0e
1e+
e10
0e
1.2.3
++1
1e+
1e
1.2.3
1e
1.2.3
+
1e-
1e-
++1
e10
1ee2
e10
++1
+
1e-
1ee2
1e+
+
+
000.e
--2
1e-
1e-
1e
+
000.e
1e-
0e
1e-
++1
+
.
1ee2
1.2.3
1e+
1e+
abc
e10
1e+
1e+
.
1e
1e+
++1
-
--2
0e
-
1e-
0e
000.e
0e
-
e10
+
++1
-
1ee2
.
1e-
e10
-
0e
1ee2
abc
+
--2
1.2.3
1.2.3
0e
1ee2
.
1.2.3
.
1e-
000.e
.
1e+
+
++1
1e+
000.e
+
1e+
0e
1.2.3
1.2.3
++1
1ee2
abc
1.2.3
000.e
000.e
++1
++1
++1
1.2.3
+
1ee2
1e
--2
1.2.3
++1
++1
1e+
000.e
+
1.2.3
e10
1e+
1e
+
--2
--2
1.2.3
+
1e+
.
--2
+
000.e
+
-
abc
1.2.3
-
1.2.3
0e
++1
1e+
1e+
e10
.
+
1ee2
abc
-
--2
+
abc
-
++1
1e+
1.2.3
1ee2
1e
+
e10
1.2.3
abc
000.e
1e
1.2.3
--2
1e+
1e
++1
e10
1ee2
++1
abc
1e+
e10
000.e
abc
0e
abc
1e
0e
++1
-
+
000.e
+
1.2.3
1e
.
abc
1.2.3
1.2.3
1.2.3
0e
.
1e
1.2.3
1ee2
.
1e+
000.e
--2
.
000.e
0e
.
e10
++1
1e
0e
+
0e
.
e10
1ee2
1.2.3
abc
-
1.2.3
0e
1e-
0e
0e
+
+
1e-
1.2.3
1e+
e10
000.e
0e
+
--2
-
.
1e+
1e
0e
-
0e
1e-
1e
1e-
abc
1e
e10
++1
1ee2
1.2.3
1e-
abc
+
0e
1.2.3
.
1e+
-
.
000.e
1e
.
++1
--2
.
1ee2
++1
1e
1.2.3
--2
-
-
.
1e+
abc
1e+
000.e
.
1e-
abc
-
.
--2
1e-
0e
1.2.3
.
++1
1e+
0e
++1
1e-
1e-
e10
1e
1e+
1.2.3
0e
1.2.3
--2
e10
.
1.2.3
++1
1e
1e+
+
-
1e+
1.2.3
1.2.3
1e
e10
1e-
1e+
0e
e10
1e-
.
1e+
1e+
1.2.3
1e-
1e
1e
1e-
++1
+
1.2.3
++1
+
--2
1e-
1e
1ee2
-
++1
1.2.3
abc
1e+
e10
1e-
--2
--2
1e+
0e
.
1e+
0e
abc
1e-
abc
--2
.
--2
-
1.2.3
1e-
1ee2
.
1.2.3
1ee2
.
1e+
1e+
--2
000.e
000.e
1e
1.2.3
abc
1ee2
1.2.3
1e
++1
1e
.
1ee2
.
1ee2
+
1e+
0e
0e
++1
+
+
0e
1.2.3
-
0e
000.e
+
.
-
--2
+
0e
1e+
e10
e10
1ee2
1ee2
-
1ee2
.
0e
000.e
0e
1e
.
0e
--2
1e+
0e
1.2.3
--2
e10
.
1ee2
0e
--2
abc
1ee2
++1
1e
-
+
1.2.3
0e
1e
-
e10
1ee2
+
--2
--2
+
abc
e10
1e-
0e
+
+
.
-
-
1ee2
0e
1e+
abc
1ee2
1e+
abc
abc
0e
e10
.
e10
000.e
1e
abc
1e
+
--2
1e+
1e-
1ee2
e10
--2
1e+
+
--2
abc
-
1e+
1.2.3
+
--2
1ee2
1e+
.
1ee2
e10
.
1e-
abc
0e
e10
--2
1ee2
0e
1e
0e
1e
1e
abc
e10
+
++1
--2
-
1e
0e
.
000.e
-
1e-
--2
1ee2
000.e
--2
.
000.e
++1
e10
1e-
000.e
1.2.3
++1
e10
1e
--2
000.e
1e+
1e+
1e+
1e
1.2.3
1.2.3
abc
1e
abc
e10
0e
-
1.2.3
1ee2
.
--2
++1
000.e
1.2.3
1e+
0e
1ee2
++1
000.e
-
abc
.
--2
+
++1
.
0e
1e
1ee2
--2
1ee2
1ee2
1e+
1ee2
.
000.e
0e
--2
+
.
--2
1.2.3
0e
1ee2
1e+
1e
1ee2
1e+
abc
1e-
e10
-
.
-
--2
1e-
0e
1ee2
1e+
e10
1e
1e+
++1
000.e
1e-
1e-
1ee2
1e-
1e
000.e
+
.
1ee2
--2
0e
1e-
++1
1e
1e+
.
1e+
1.2.3
.
1e+
1.2.3
1.2.3
++1
1e-
-
-
1e
0e
1e-
+
e10
.
000.e
abc
1e-
1ee2
abc
e10
1.2.3
abc
1e+
1e-
1.2.3
--2
1e+
e10
1ee2
-
000.e
1.2.3
1e+
--2
1e-
--2
0e
1e+
0e
.
.
0e
000.e
-
e10
1.2.3
1e+
++1
.
1.2.3
000.e
+
000.e
+
000.e
-
abc
1ee2
.
-
0e
-
1.2.3
-
abc
e10
+
abc
000.e
e10
.
1e-
1e+
1e
1e
1.2.3
0e
1e-
000.e
e10
1e+
1.2.3
+
1ee2
.
-
.
1e
+
1.2.3
1.2.3
1e-
.
000.e
.
abc
0e
1e+
1e+
000.e
-
abc
.
e10
.
1ee2
++1
000.e
1e-
+
--2
+
1e+
-
1e+
1e+
e10
++1
+
1e
++1
+
+
.
e10
++1
--2
1.2.3
0e
-
1.2.3
abc
1ee2
abc
++1
1ee2
.
1.2.3
-
+
1e+
abc
-
.
000.e
--2
.
++1
.
++1
.
.
+
1e+
-
1ee2
0e
1e
++1
e10
e10
1e
-
1e+
1e
e10
.
e10
1e
1e-
-
+
1e
+
-
1e-
--2
--2
abc
1.2.3
1e+
0e
1.2.3
000.e
1ee2
1ee2
-
abc
1.2.3
0e
abc
abc
0e
1e
1.2.3
--2
1.2.3
1e-
1.2.3
1ee2
1ee2
-
--2
0e
-
--2
000.e
--2
e10
000.e
-
-
1e+
000.e
abc
1ee2
+
000.e
--2
1e-
+
--2
--2
abc
1e-
1e+
++1
abc
++1
++1
1e-
0e
--2
0e
+
1e-
+
0e
000.e
++1
1.2.3
.
abc
--2
e10
000.e
1e+
1e
++1
0e
--2
--2
000.e
abc
-
1ee2
1e
1.2.3
++1
--2
.
1e-
1e
+
000.e
--2
+
1e
1e
e10
++1
-
--2
0e
000.e
.
+
-
1e
++1
.
1e+
e10
e10
e10
++1
abc
1ee2
0e
.
+
0e
+
.
1.2.3
.
000.e
1ee2
1e+
1e+
++1
000.e
000.e
-
++1
1ee2
1e-
-
0e
abc
1e+
+
--2
--2
-
.
0e
1e
.
.
e10
1.2.3
+
1e
1e+
e10
++1
.
+
0e
abc
1ee2
1.2.3
1.2.3
e10
--2
1.2.3
1e+
1ee2
0e
--2
1e+
1e
1e
1e-
1.2.3
1ee2
1ee2
0e
1e+
e10
1e-
+
1e
000.e
--2
1e+
+
1ee2
--2
--2
++1
1.2.3
abc
1ee2
1e-
-
000.e
.
+
-
e10
+
0e
000.e
e10
.
1e+
1e+
-
1ee2
+
+
++1
++1
abc
++1
0e
++1
1e+
000.e
000.e
1e+
1e
e10
1.2.3
1e
e10
1e+
1e
.
-
000.e
abc
.
0e
--2
--2
1e
e10
abc
1ee2
1ee2
1.2.3
1.2.3
-
1.2.3
1ee2
000.e
abc
+
1.2.3
-
1ee2
++1
1e-
1ee2
1e-
abc
0e
-
1e+
000.e
000.e
1ee2
1e
1e+
0e
1e+
1e-
1e+
abc
0e
+
-
.
.
.
+
1.2.3
1ee2
1e
1e-
-
1e
--2
abc
000.e
abc
.
.
.
1e+
000.e
1e+
-
0e
000.e
.
.
1e+
+
1e+
000.e
.
++1
-
0e
.
1e-
1e+
1e
0e
1ee2
1e-
e10
1e+
1ee2
abc
.
--2
++1
1e+
e10
1.2.3
abc
.
1.2.3
1e-
1.2.3
.
+
++1
+
--2
0e
--2
0e
.
0e
0e
1e
1e+
1e+
1ee2
1e-
000.e
1e
1ee2
e10
000.e
e10
abc
1ee2
-
1e
1.2.3
000.e
000.e
1.2.3
+
+
0e
1ee2
1ee2
1e-
-
e10
000.e
0e
1e+
.
+
1.2.3
.
abc
1e
1e+
--2
.
1e
1.2.3
000.e
1.2.3
000.e
++1
0e
abc
0e
e10
.
000.e
000.e
++1
++1
1e+
1ee2
--2
0e
--2
1e
+
1e+
1e
1ee2
++1
1ee2
e10
1e
+
1e+
.
--2
1e
1ee2
0e
1e
0e
e10
000.e
++1
1e
1e+
+
0e
e10
+
1ee2
++1
1e-
1.2.3
-
1ee2
++1
++1
e10
+
1.2.3
++1
--2
1e-
-
.
1.2.3
abc
1e-
++1
e10
1e+
abc
0e
e10
e10
1e-
e10
1ee2
1ee2
1.2.3
.
--2
1e-
-
e10
--2
0e
abc
.
1e
e10
+
abc
+
e10
++1
+
--2
.
-
1e
++1
1e-
-
1e+
1ee2
-
1ee2
++1
++1
1e
+
.
1.2.3
-
1e-
1e+
1e
1e-
.
1e-
1.2.3
++1
000.e
1e-
000.e
.
0e
abc
1e
1.2.3
1e-
1ee2
0e
+
1.2.3
0e
.
abc
abc
1ee2
e10
1e
1.2.3
1e+
--2
0e
1ee2
abc
1e-
--2
+
1ee2
1e
++1
e10
-
000.e
1e-
-
.
1e
1e-
e10
000.e
0e
e10
1e-
1e+
000.e
1e-
.
e10
1ee2
--2
1ee2
1e-
1e
1e+
1e+
.
1e-
abc
1e+
0e
--2
--2
abc
+
++1
1e
1e+
000.e
-
-
-
1e+
1ee2
++1
.
1e
.
000.e
-
1e+
e10
1ee2
1ee2
1e-
-
0e
abc
-
+
.
+
1e+
-
1e+
0e
0e
+
1e-
1e-
++1
++1
1.2.3
000.e
--2
--2
1ee2
1.2.3
1.2.3
000.e
e10
.
1e+
abc
1e+
1e
+
++1
1e-
-
1e+
abc
--2
--2
abc
abc
1ee2
1ee2
--2
0e
++1
.
1.2.3
abc
1.2.3
1e-
1e
-
000.e
abc
++1
abc
1ee2
.
1ee2
1ee2
0e
000.e
0e
000.e
--2
1.2.3
abc
.
000.e
e10
1e+
0e
++1
--2
++1
1ee2
.
1e-
abc
1e+
++1
1e
000.e
.
1ee2
1.2.3
--2
e10
--2
-
1ee2
1ee2
abc
1e+
.
0e
1e-
++1
++1
0e
1e+
0e
1e
-
1e
1.2.3
1ee2
1e
1ee2
1e+
-
e10
abc
-
++1
.
--2
.
000.e
.
.
--2
++1
1e+
+
--2
abc
.
++1
--2
1e+
+
1ee2
0e
++1
++1
1e+
e10
++1
--2
1e
-
1e+
abc
++1
1.2.3
++1
.
1e-
-
++1
1e-
1e+
-
1e+
+
--2
0e
.
1e+
.
e10
1e-
1ee2
0e
abc
-
-
--2
++1
000.e
++1
1e
--2
--2
0e
.
1e-
1ee2
0e
1e
e10
000.e
e10
1.2.3
++1
-
++1
000.e
0e
++1
1e+
--2
abc
-
e10
+
++1
1e
000.e
-
000.e
e10
abc
--2
-
abc
e10
-
.
abc
1e-
1e+
0e
abc
1e
+
1.2.3
.
++1
++1
e10
1ee2
000.e
1.2.3
-
1e+
1e-
1e+
abc
++1
++1
++1
--2
1e+
1.2.3
1e-
1e+
--2
+
--2
000.e
1.2.3
.
1ee2
+
e10
+
abc
++1
.
e10
++1
e10
e10
--2
.
1e
1e-
++1
++1
000.e
.
--2
abc
abc
1e+
.
+
e10
-
-
000.e
.
e10
000.e
1e
++1
+
--2
abc
e10
+
1.2.3
1e
-
++1
000.e
--2
-
1e+
000.e
-
-
1.2.3
1e-
+
1e
abc
abc
1ee2
-
1.2.3
1e+
.
.
.
--2
--2
++1
1e-
1.2.3
0e
1.2.3
.
--2
-
+
1e-
+
1e+
++1
--2
1e+
1e+
1e+
abc
1e-
1.2.3
1.2.3
1ee2
0e
1e
1e-
++1
.
abc
e10
++1
0e
1ee2
1.2.3
e10
1e
1.2.3
1ee2
e10
000.e
+
1ee2
abc
+
1ee2
e10
1.2.3
--2
1.2.3
e10
-
+
1e
--2
++1
1.2.3
++1
1e+
+
1.2.3
1e
--2
--2
--2
1.2.3
.
1e
+
-
0e
++1
1e
-
++1
e10
000.e
1e-
0e
e10
--2
0e
+
1e+
-
0e
e10
1e+
--2
+
++1
0e
1e-
++1
000.e
-
--2
-
1.2.3
e10
abc
abc
0e
1.2.3
1e-
e10
e10
0e
+
+
e10
1e
abc
1.2.3
abc
abc
1e-
--2
1ee2
.
1.2.3
1.2.3
1e+
e10
e10
000.e
+
1e-
e10
+
1.2.3
1e-
++1
1ee2
1.2.3
000.e
e10
++1
000.e
1ee2
0e
.
1e
000.e
0e
-
1ee2
.
1.2.3
1e+
1e+
e10
.
1e+
.
abc
0e
.
--2
-
abc
.
1e+
-
1ee2
abc
e10
000.e
.
1ee2
1e+
+
1e+
1e
abc
-
.
1ee2
--2
--2
1e+
--2
1.2.3
.
1e+
e10
.
1e+
abc
1.2.3
0e
000.e
000.e
000.e
0e
0e
1ee2
+
1ee2
--2
++1
++1
-
1e-
+
1ee2
1ee2
1e+
000.e
-
e10
000.e
1e
1.2.3
0e
-
1ee2
+
--2
1ee2
--2
--2
1ee2
-
000.e
1ee2
+
e10
e10
1e-
e10
++1
1e+
++1
.
1.2.3
++1
1e
+
1e
1.2.3
1.2.3
1e+
e10
--2
000.e
++1
1e-
1e
++1
1e+
--2
1e-
--2
+
-
.
1e+
1e
0e
000.e
1.2.3
-
+
+
1.2.3
1.2.3
e10
0e
++1
0e
--2
.
--2
1ee2
1.2.3
++1
--2
1e+
abc
1.2.3
1e+
.
1.2.3
abc
++1
0e
1ee2
--2
.
1e
1.2.3
1e+
abc
+
0e
e10
e10
1e-
000.e
1e-
e10
1.2.3
1e+
++1
+
+
+
--2
1e
1.2.3
1e
000.e
000.e
-
1e+
-
1e+
1e+
++1
-
1e-
e10
1e-
.
e10
1e+
1.2.3
1e+
1ee2
-
1.2.3
e10
.
1e+
1.2.3
.
.
-
abc
0e
--2
--2
1e-
abc
1e-
000.e
000.e
-
++1
1e+
0e
-
abc
-
1.2.3
1.2.3
-
1ee2
1ee2
+
1e
abc
1e-
abc
e10
1ee2
0e
e10
-
1.2.3
+
1.2.3
1ee2
0e
1ee2
--2
1e+
++1
1e+
0e
+
-
1e+
000.e
.
+
000.e
0e
1e+
--2
000.e
1ee2
abc
1e+
0e
++1
0e
+
1e
++1
000.e
1ee2
--2
1.2.3
e10
++1
++1
++1
++1
--2
000.e
1e-
1ee2
1e+
1e+
++1
0e
e10
+
.
abc
1.2.3
++1
.
1e
1e+
1ee2
.
e10
1.2.3
abc
+
0e
000.e
-
1ee2
+
abc
++1
abc
abc
1e-
000.e
1e-
-
++1
1e-
--2
1e+
0e
-
-
1e
.
1ee2
abc
abc
.
000.e
.
e10
1e
1ee2
++1
1e
0e
+
--2
-
e10
--2
1e-
1.2.3
0e
1e-
e10
+
0e
1ee2
.
e10
++1
1.2.3
e10
.
000.e
1e-
.
1.2.3
000.e
abc
e10
1e-
1.2.3
abc
+
1.2.3
1.2.3
++1
1.2.3
1e+
.
e10
1.2.3
.
1e-
000.e
abc
000.e
1e
--2
1e
1e+
1e+
.
1e+
1e
+
abc
e10
1.2.3
1.2.3
+
1e
000.e
++1
1.2.3
1e+
abc
e10
1.2.3
e10
000.e
000.e
++1
0e
e10
.
+
e10
1e+
1ee2
1e+
.
1.2.3
abc
++1
-
--2
++1
--2
--2
1e+
--2
0e
1e+
abc
-
-
+
1e+
.
++1
000.e
e10
--2
.
1ee2
1e-
1ee2
abc
000.e
++1
000.e
++1
000.e
1ee2
1e-
0e
++1
1.2.3
1e
1.2.3
abc
1.2.3
abc
0e
000.e
1e+
abc
-
.
++1
--2
1e+
1e
000.e
.
1ee2
--2
e10
1e-
1ee2
1e-
1e
1e-
e10
.
000.e
.
--2
1ee2
1e+
1e
1e+
+
1e
--2
1e-
1.2.3
.
000.e
++1
1ee2
1e-
++1
-
1e-
1e
0e
.
1e
abc
abc
++1
-
+
+
+
++1
1ee2
000.e
--2
1e
1e-
1e+
1e-
--2
e10
.
e10
-
1e+
1e-
1e-
1.2.3
++1
+
--2
000.e
1e
1e
+
1.2.3
0e
e10
1ee2
1e-
abc
abc
+
--2
-
e10
0e
1e+
1e+
e10
1e+
0e
abc
0e
1e-
1e-
e10
1.2.3
1e
1.2.3
1e-
.
0e
-
1e-
++1
-
1ee2
1e-
0e
--2
1e-
1ee2
--2
1e
e10
+
1e+
1e+
.
1e+
1e-
e10
.
000.e
000.e
-
abc
e10
++1
000.e
1.2.3
abc
1.2.3
0e
abc
.
1e-
1e
000.e
-
1.2.3
1e
1.2.3
.
1e+
--2
1e+
-
+
1e
abc
abc
+
000.e
.
-
--2
e10
1.2.3
000.e
1e+
+
1e
+
1e
0e
1e+
000.e
1ee2
.
+
1e+
++1
1e-
e10
1.2.3
--2
000.e
++1
abc
1e+
.
000.e
-
1e-
1e+
--2
1ee2
--2
e10
1e+
1ee2
1.2.3
1e-
+
1e
1e-
+
1ee2
1.2.3
.
1.2.3
.
++1
+
++1
++1
1e-
-
1.2.3
1e
+
1e-
1e
1e+
000.e
1e+
000.e
1ee2
0e
e10
1ee2
abc
000.e
1.2.3
.
+
1e+
1e-
.
1e+
000.e
0e
++1
.
--2
1.2.3
1e+
1ee2
+
1ee2
.
1e
1e+
--2
--2
1.2.3
--2
1e-
0e
1e+
+
1e-
abc
1e
abc
+
0e
++1
1e-
1e+
+
1e-
1ee2
1.2.3
+
--2
0e
.
.
1.2.3
.
1e
e10
1ee2
1ee2
1e+
++1
1e-
1ee2
++1
-
1.2.3
++1
.
1e
e10
.
+
0e
0e
1e+
--2
1e
000.e
1e-
0e
-
1ee2
.
++1
.
1.2.3
--2
1ee2
abc
-
+
0e
-
1e+
e10
1e-
1ee2
1e-
--2
++1
+
1e-
++1
1ee2
000.e
--2
++1
1ee2
abc
++1
1e+
1ee2
1e
abc
abc
1e+
0e
0e
--2
1e-
1.2.3
1.2.3
--2
--2
0e
1e+
1e-
1ee2
e10
--2
abc
000.e
++1
000.e
.
1e-
e10
.
1e+
-
+
e10
.
e10
1e
1e
1e
0e
.
000.e
1e-
1ee2
1.2.3
++1
abc
1.2.3
1e+
++1
+
0e
.
0e
--2
0e
-
1e+
-
000.e
0e
0e
0e
e10
1e
.
e10
0e
0e
abc
1e
1e+
1ee2
0e
1ee2
1e+
.
000.e
1.2.3
1e+
1e
+
-
abc
--2
0e
1e+
1e+
0e
.
1e+
--2
--2
+
++1
.
.
abc
e10
e10
000.e
-
-
--2
abc
0e
abc
1e+
++1
+
abc
1.2.3
abc
e10
1e
0e
+
0e
.
++1
0e
+
0e
0e
.
1e
+
0e
1e+
+
++1
+
abc
1e
--2
000.e
1e+
1e-
-
1ee2
1ee2
.
1e-
+
++1
++1
e10
+
e10
++1
e10
1.2.3
e10
e10
1e-
e10
1e
1e+
.
e10
1e
0e
-
1.2.3
1.2.3
1e
e10
.
1e+
--2
e10
0e
--2
0e
--2
0e
000.e
+
1e-
1e
.
1e
.
--2
1e
1e
--2
.
--2
1e-
+
e10
--2
abc
000.e
1ee2
.
1.2.3
1e-
e10
+
++1
--2
abc
.
1e-
000.e
--2
.
0e
1e
+
000.e
1ee2
1e+
++1
1e+
.
+
1e-
1.2.3
1.2.3
--2
1e+
--2
--2
++1
1e-
abc
1e
1ee2
e10
e10
1e
1e-
e10
--2
abc
.
+
1ee2
000.e
--2
e10
0e
abc
1e-
abc
+
1ee2
1e+
1e
0e
-
-
--2
-
--2
e10
1e+
--2
e10
1ee2
abc
1.2.3
++1
1e-
1ee2
1e+
++1
0e
++1
0e
++1
1e+
1e+
000.e
-
.
1e
1.2.3
e10
-
abc
1e
.
.
1e
1e+
--2
1e-
1.2.3
1e+
000.e
abc
++1
--2
abc
.
1e+
e10
1.2.3
0e
--2
--2
1e+
1.2.3
e10
1e
++1
1e-
abc
1.2.3
0e
1e
0e
000.e
000.e
++1
000.e
.
-
1e
1e
1e+
1e-
000.e
1e-
--2
++1
+
--2
e10
0e
e10
1.2.3
abc
1e
1ee2
1.2.3
000.e
1e+
.
000.e
--2
1e-
abc
++1
.
abc
e10
1e-
1ee2
1e-
+
e10
.
1e+
1.2.3
-
e10
1ee2
+
1e-
.
1.2.3
1e-
-
-
1e+
1e-
1e-
000.e
+
1e+
1e+
1e
e10
--2
0e
1e
0e
-
1ee2
.
1.2.3
1.2.3
-
abc
000.e
+
0e
1.2.3
-
1.2.3
1ee2
1e+
1e+
++1
.
0e
--2
abc
+
000.e
abc
+
.
1.2.3
abc
1ee2
+
abc
-
e10
1e
0e
--2
e10
+
-
1ee2
0e
.
1e
1ee2
1e-
1e+
1e+
1e+
1ee2
-
e10
1ee2
--2
1e-
--2
1e
000.e
++1
000.e
1.2.3
000.e
e10
1e+
--2
++1
abc
-
.
1e+
-
+
1e+
1.2.3
--2
--2
e10
-
+
++1
-
.
0e
--2
++1
1e
++1
0e
1e+
abc
1ee2
.
--2
++1
abc
000.e
1ee2
1e
1e
-
1ee2
1.2.3
000.e
e10
--2
-
--2
0e
++1
000.e
e10
1e+
e10
-
0e
--2
--2
e10
1e-
0e
1e+
1.2.3
--2
1ee2
-
-
1e
++1
--2
-
abc
1e+
abc
1e+
++1
--2
1.2.3
1e+
+
+
--2
.
.
1e
-
1ee2
000.e
1.2.3
0e
++1
e10
--2
000.e
abc
1.2.3
+
1.2.3
1.2.3
1.2.3
1.2.3
++1
1e+
+
++1
.
1ee2
abc
1e+
0e
.
1e-
1ee2
000.e
1e+
0e
+
+
+
1ee2
--2
0e
e10
0e
++1
++1
000.e
1e+
1e+
0e
--2
e10
1e+
-
e10
++1
0e
1ee2
--2
1ee2
+
--2
+
1.2.3
1.2.3
++1
++1
abc
1ee2
-
--2
000.e
1e
0e
+
-
e10
1e-
-
1e
--2
1e
-
--2
1ee2
1e
0e
++1
1e+
000.e
+
e10
1ee2
-
e10
0e
abc
1e+
1e+
1e
0e
abc
000.e
e10
abc
abc
abc
1.2.3
.
abc
--2
e10
000.e
1e-
1e-
e10
++1
1ee2
abc
++1
+
e10
1ee2
e10
1e
.
-
1ee2
.
1e-
0e
1ee2
++1
--2
1e
++1
.
--2
--2
+
1e-
0e
1e+
--2
1.2.3
1.2.3
abc
000.e
1.2.3
--2
.
1ee2
000.e
-
000.e
000.e
++1
000.e
1e+
000.e
000.e
0e
+
+
000.e
0e
-
.
++1
0e
1e-
1.2.3
1e+
+
1.2.3
-
1e
1e
1e+
1e-
1e+
-
e10
000.e
.
--2
1e-
1e+
0e
.
1e-
--2
1ee2
e10
1.2.3
1e+
1e
abc
e10
.
1e+
.
++1
1e
1.2.3
.
1.2.3
1ee2
0e
++1
1e
1ee2
+
abc
000.e
0e
-
--2
1ee2
abc
1ee2
++1
--2
-
1ee2
1.2.3
+
1e-
0e
1e
1.2.3
.
-
1.2.3
1e-
abc
1e+
+
1.2.3
.
1e-
e10
1.2.3
++1
000.e
000.e
.
++1
000.e
e10
0e
+
.
0e
0e
abc
++1
000.e
.
1e+
.
1e
1e-
000.e
.
-
abc
-
e10
1ee2
.
1e-
abc
abc
1e+
1e
e10
-
abc
1e-
1e
1.2.3
++1
-
.
++1
e10
000.e
1e-
--2
1e+
1.2.3
e10
+
1.2.3
e10
++1
1.2.3
.
e10
-
e10
abc
.
+
--2
--2
+
1.2.3
0e
e10
1e-
.
1e
e10
000.e
1ee2
0e
++1
1e-
000.e
1e+
1e
0e
+
.
-
-
1e
0e
1ee2
1e-
--2
1ee2
000.e
-
abc
+
1e+
1.2.3
0e
++1
1e+
1e-
e10
-
1.2.3
1.2.3
1e-
1e+
0e
e10
1ee2
-
1e-
000.e
0e
--2
000.e
--2
e10
1ee2
1e-
000.e
+
1e
1e-
.
++1
1e+
.
1.2.3
1e
1e
abc
000.e
.
e10
abc
0e
++1
000.e
1e
0e
1ee2
e10
--2
1e-
+
++1
1e+
1e
-
1e+
--2
1e-
000.e
+
1e
1e-
abc
000.e
+
000.e
000.e
-
000.e
abc
1ee2
-
abc
.
--2
--2
1e+
++1
0e
000.e
1.2.3
e10
0e
abc
++1
1e
+
--2
e10
abc
+
+
-
1.2.3
abc
1e+
++1
0e
1e
.
+
1ee2
abc
1e
e10
e10
1e-
-
+
1ee2
e10
1.2.3
000.e
1ee2
+
abc
abc
1.2.3
0e
1ee2
1.2.3
.
1ee2
e10
e10
1.2.3
0e
000.e
--2
.
1e-
--2
1e-
000.e
++1
abc
abc
abc
1e
000.e
--2
000.e
1.2.3
1e+
000.e
-
0e
--2
e10
--2
000.e
1.2.3
.
abc
0e
-
0e
1ee2
1e-
--2
1e-
abc
.
e10
1e-
++1
1e-
000.e
-
--2
-
1e
--2
0e
1.2.3
0e
abc
1.2.3
000.e
1e
0e
000.e
-
1ee2
1e+
1ee2
--2
++1
abc
1ee2
000.e
1e-
000.e
000.e
-
1.2.3
1e-
1e
-
+
1.2.3
+
1e-
1e+
1e
1ee2
1e
abc
.
+
1e+
++1
++1
abc
--2
abc
1ee2
0e
e10
1.2.3
0e
+
1ee2
++1
1ee2
abc
+
0e
-
1e+
++1
1.2.3
++1
1e+
+
1e
1e-
e10
1e-
1e+
++1
.
.
--2
0e
000.e
-
1ee2
1e
e10
-
1e+
1e
+
e10
1e
1e+
abc
000.e
000.e
000.e
+
1e+
abc
1e+
-
-
1e
+
1e-
1ee2
abc
-
--2
000.e
.
e10
1e
1e
-
e10
000.e
0e
-
1e
0e
1e
1ee2
+
++1
e10
abc
000.e
abc
1e-
0e
1e
abc
1.2.3
.
1e-
abc
+
1.2.3
000.e
++1
++1
abc
1e
1ee2
++1
++1
+
.
0e
--2
0e
000.e
.
1.2.3
000.e
1e-
1e
1ee2
1e-
-
--2
abc
++1
++1
1ee2
000.e
e10
1e+
++1
1.2.3
abc
-
.
1ee2
1.2.3
1e+
.
1ee2
-
1e-
1ee2
1e+
e10
1.2.3
.
e10
++1
++1
1e
e10
1e-
1e+
-
.
++1
abc
e10
1e
abc
0e
000.e
1ee2
1e+
++1
abc
1.2.3
1.2.3
1e
+
1e+
1.2.3
-
1.2.3
+
e10
--2
1e
--2
000.e
1ee2
++1
1ee2
1e+
0e
abc
1e
.
++1
++1
abc
1e+
0e
1.2.3
1e-
-
1e+
+
.
e10
-
1e-
1.2.3
1.2.3
e10
1e-
1.2.3
1.2.3
0e
++1
1e-
1e
abc
1ee2
++1
1e-
e10
e10
1e
1e-
1.2.3
-
1ee2
-
--2
-
e10
000.e
0e
--2
1ee2
+
000.e
.
abc
-
+
000.e
000.e
-
abc
1ee2
++1
0e
0e
1e+
.
1e+
0e
1.2.3
1.2.3
000.e
--2
.
abc
abc
e10
1.2.3
1e
1ee2
abc
1e+
1e
1e
-
0e
--2
1e-
1e-
1.2.3
1.2.3
1e-
.
0e
1e+
+
1e
.
1ee2
1e-
000.e
-
-
1e
1.2.3
0e
e10
abc
000.e
.
e10
1e+
++1
0e
-
.
0e
1ee2
1.2.3
1e
e10
1e-
e10
--2
abc
--2
.
1e
-
0e
1e
0e
000.e
++1
--2
1e
1e+
+
1e+
abc
.
abc
abc
.
e10
000.e
e10
1e
1ee2
abc
1e-
000.e
.
000.e
e10
-
1e
000.e
--2
1e-
1e-
--2
--2
0e
1e-
+
--2
0e
0e
000.e
--2
1.2.3
e10
++1
abc
0e
.
--2
+
1e-
--2
++1
1e-
0e
000.e
--2
0e
abc
1.2.3
++1
1.2.3
.
1e-
1ee2
1e+
.
1ee2
abc
.
1e-
1ee2
e10
e10
--2
-
e10
++1
1.2.3
1e
-
1ee2
1e-
-
000.e
-
.
1e-
1e+
-
1e-
1e
1e-
++1
+
1ee2
++1
++1
1e-
1e+
+
e10
1e-
--2
e10
.
--2
1e-
-
--2
1.2.3
1e+
abc
abc
1ee2
000.e
abc
000.e
000.e
1ee2
1e
e10
abc
.
000.e
000.e
++1
000.e
--2
1ee2
1ee2
abc
1.2.3
--2
-
0e
.
000.e
1e-
++1
000.e
1e
1e
.
abc
1e+
--2
++1
+
1e-
1e-
1e-
1e
+
1e+
1ee2
1.2.3
e10
0e
000.e
+
-
abc
-
+
.
++1
--2
++1
1ee2
1ee2
1ee2
1e-
abc
abc
1e
1e+
1.2.3
1e+
1e
--2
1e
.
-
1e-
-
000.e
++1
abc
++1
.
1e+
-
++1
+
1.2.3
1e+
1ee2
000.e
1e+
0e
--2
1e+
1.2.3
abc
.
1e-
1e
.
--2
abc
abc
--2
1e
1.2.3
+
abc
+
000.e
1ee2
1e+
0e
e10
1e+
1e+
+
abc
1e-
abc
1e+
1.2.3
1ee2
1.2.3
e10
1ee2
1ee2
+
1e+
e10
e10
000.e
++1
--2
0e
000.e
000.e
--2
0e
abc
abc
+
+
1ee2
0e
0e
+
1e-
1e+
1ee2
e10
-
+
.
e10
abc
-
1.2.3
1ee2
+
++1
++1
-
0e
e10
++1
000.e
.
abc
1ee2
--2
abc
--2
1e+
1e
++1
1.2.3
++1
++1
1e+
1e-
000.e
--2
0e
1.2.3
-
-
1e-
1.2.3
1e
1e+
abc
1.2.3
000.e
1e+
-
1ee2
1e
.
-
e10
1ee2
-
+
000.e
1.2.3
1e+
1ee2
.
1e
1ee2
0e
0e
1.2.3
1e
++1
1.2.3
e10
1ee2
abc
--2
-
.
1e+
1e-
--2
1e-
1e
abc
0e
+
1e+
.
++1
1e-
abc
abc
000.e
1e
++1
1e-
--2
abc
1e-
1e+
000.e
1e-
+
-
1e-
1e
++1
++1
000.e
1e+
000.e
e10
++1
++1
1.2.3
--2
1ee2
1e+
+
1.2.3
1e
--2
.
--2
1.2.3
000.e
1e+
+
abc
abc
1.2.3
0e
-
000.e
++1
abc
1.2.3
1e-
--2
abc
0e
--2
1.2.3
1e
1ee2
1e
1e+
1e+
1e-
.
000.e
+
abc
1e-
-
1ee2
++1
1e+
1.2.3
1e
000.e
000.e
1e
0e
0e
-
1e-
000.e
+
1e
--2
1e
--2
++1
+
1ee2
1e-
1e
e10
+
+
1.2.3
.
1e+
0e
1e-
--2
0e
-
e10
--2
-
abc
1ee2
.
1e
000.e
1e+
--2
.
.
0e
000.e
1e-
+
0e
1.2.3
000.e
1e-
1ee2
0e
1e-
.
.
--2
.
e10
0e
++1
0e
-
-
-
-
0e
.
e10
1.2.3
000.e
.
1.2.3
-
--2
+
1ee2
0e
1ee2
e10
1e
++1
++1
1e-
0e
--2
000.e
1ee2
0e
1e+
1e
1e
abc
1ee2
+
+
.
abc
1ee2
.
+
abc
1ee2
-
abc
1e+
1e+
1.2.3
1ee2
+
++1
000.e
+
1e-
e10
+
.
1e
--2
1ee2
0e
000.e
1.2.3
++1
+
e10
abc
1e
000.e
+
1e
--2
1e+
-
1e-
1e-
.
000.e
.
+
1ee2
-
1e+
000.e
--2
1ee2
1e-
1ee2
1e+
1ee2
--2
.
abc
abc
0e
000.e
000.e
e10
-
-
0e
abc
.
++1
1ee2
e10
1.2.3
0e
0e
1e-
1ee2
--2
.
1e
1e-
1ee2
abc
-
000.e
1e-
.
1.2.3
.
1e-
000.e
1e+
1e
--2
++1
.
-
-
abc
1e
++1
.
abc
1e
abc
1e+
+
1.2.3
1e-
--2
1e+
+
+
.
++1
+
000.e
-
1e+
0e
1e-
e10
000.e
abc
abc
--2
e10
abc
1e-
1e
1ee2
++1
.
1.2.3
1e+
0e
1e-
.
e10
1e+
.
--2
1e+
--2
.
+
.
0e
--2
++1
1e
--2
e10
+
1e-
.
0e
1e-
+
1ee2
1e+
1e-
0e
0e
+
.
abc
1.2.3
.
.
1ee2
--2
1.2.3
000.e
abc
1ee2
1.2.3
1e-
000.e
000.e
1e-
abc
++1
+
1.2.3
--2
+
1.2.3
abc
1ee2
--2
abc
+
1ee2
abc
0e
-
-
1e-
1e-
1e+
-
++1
1e
1e
+
1e
-
000.e
.
1e-
++1
-
-
1ee2
abc
1ee2
000.e
1.2.3
1.2.3
e10
1e+
1ee2
1.2.3
1e-
1e-
1ee2
e10
000.e
1e
000.e
--2
1e+
++1
1e-
1e-
000.e
--2
+
0e
--2
--2
--2
1.2.3
0e
1e-
++1
1.2.3
++1
1e-
+
1.2.3
+
++1
1ee2
1e-
++1
-
0e
--2
1e+
1ee2
abc
1.2.3
1e
++1
1e+
-
1e
abc
.
--2
++1
1e+
1e
.
1ee2
.
1e
abc
abc
-
--2
1.2.3
1e-
1e+
abc
-
0e
.
1e-
.
e10
1e-
--2
000.e
1.2.3
000.e
e10
1e
--2
+
1ee2
--2
e10
000.e
abc
+
.
--2
000.e
0e
--2
--2
1e
--2
++1
1e-
.
+
e10
e10
1e
1e
.
--2
--2
++1
abc
1e+
e10
0e
-
1.2.3
1ee2
e10
1e
1.2.3
+
.
abc
abc
abc
e10
e10
1e
1e-
1e-
--2
1ee2
+
++1
1.2.3
000.e
.
1.2.3
1e-
--2
1.2.3
1e
e10
0e
abc
1ee2
.
abc
+
1e
e10
-
e10
++1
abc
0e
++1
e10
1e
0e
++1
.
.
1e
000.e
.
1.2.3
000.e
.
1e
1e
1e
--2
1ee2
++1
--2
--2
1e
000.e
1e+
--2
1e
--2
1e
1ee2
1ee2
++1
-
000.e
000.e
-
0e
1e
abc
1e+
000.e
e10
abc
.
.
--2
0e
1e+
1e
abc
--2
1e-
e10
+
0e
1ee2
1e
1e+
1e+
1ee2
1e+
0e
000.e
1ee2
1e+
--2
.
1e+
1e-
abc
0e
.
1.2.3
+
++1
++1
e10
+
+
--2
+
-
1e
e10
+
1e
1e-
e10
e10
-
1e
e10
-
abc
abc
++1
1ee2
--2
000.e
.
1ee2
0e
.
1.2.3
1e
1e+
1e
1ee2
abc
0e
+
.
e10
e10
1e
1ee2
e10
++1
+
1ee2
--2
e10
1e
.
1e-
1ee2
1e+
1e+
-
1e-
1ee2
e10
1.2.3
--2
e10
-
+
abc
1.2.3
++1
--2
1e+
1e-
abc
abc
++1
1e-
++1
e10
.
e10
1e
+
++1
0e
1e
--2
000.e
+
1.2.3
abc
.
1e-
.
+
1e-
--2
1e
1e
0e
1e-
000.e
1e+
.
1ee2
.
0e
1.2.3
0e
.
.
.
1e-
+
1e-
0e
000.e
1e+
1ee2
++1
1e
e10
e10
abc
-
++1
1ee2
1e
000.e
e10
000.e
0e
+
.
.
1e-
1e+
1e
-
e10
0e
+
+
1ee2
--2
0e
-
abc
-
+
e10
abc
--2
.
e10
abc
1e-
0e
-
e10
000.e
1ee2
1.2.3
e10
1.2.3
+
1ee2
1.2.3
1e+
.
1e-
.
1e-
-
e10
+
++1
+
+
e10
1.2.3
+
1e
abc
1.2.3
1e-
.
+
abc
+
1e-
++1
1e+
.
--2
abc
1ee2
+
e10
++1
0e
1e
0e
-
++1
0e
++1
000.e
++1
1.2.3
++1
+
++1
1e+
abc
--2
+
1e-
-
1e+
abc
e10
--2
1e-
+
.
++1
000.e
abc
1e+
000.e
1.2.3
-
.
+
++1
--2
abc
1e
++1
1e
-
e10
abc
1.2.3
1.2.3
++1
abc
++1
1.2.3
.
1e
1.2.3
1.2.3
000.e
.
-
1ee2
-
--2
1e
+
0e
-
1.2.3
e10
+
e10
e10
-
--2
++1
--2
+
0e
abc
000.e
+
--2
abc
000.e
1ee2
-
e10
abc
+
1e-
1e-
1e+
+
abc
--2
1e-
-
0e
1e-
1e+
0e
0e
1e
.
abc
000.e
abc
++1
--2
0e
++1
--2
abc
1ee2
++1
.
-
.
+
+
1ee2
-
--2
++1
abc
e10
-
000.e
.
000.e
1ee2
e10
0e
1.2.3
.
1e-
++1
1ee2
1ee2
1ee2
.
+
-
1e
1.2.3
1e
.
0e
0e
1e-
+
1.2.3
+
e10
1e+
1.2.3
abc
.
1e+
-
.
++1
1ee2
1e-
++1
e10
++1
1e+
.
+
.
+
1e
1e+
+
1e-
e10
+
.
+
1e
+
0e
000.e
e10
1e-
-
1e
0e
abc
++1
.
1.2.3
000.e
1e+
000.e
1e
000.e
+
++1
1e
1e+
0e
1e-
1e-
1e+
e10
000.e
+
--2
+
1ee2
1e+
1e+
++1
abc
1e-
1ee2
.
0e
-
1e-
1.2.3
0e
.
1e+
1e
1e
000.e
1e+
1.2.3
1.2.3
1ee2
000.e
.
1e
1e-
abc
++1
1ee2
1e+
+
abc
1ee2
1e
1.2.3
1e-
--2
1.2.3
+
1e-
abc
1e-
1.2.3
-
1e+
-
1e
1e
1ee2
1e-
000.e
abc
-
+
-
1e+
abc
abc
+
e10
-
1e
e10
abc
1e+
.
.
000.e
e10
1e+
1ee2
000.e
1e-
-
1ee2
.
1.2.3
e10
1e+
1ee2
--2
1ee2
1e
1.2.3
1e-
1e
1e-
000.e
++1
1.2.3
1e
.
1.2.3
.
1ee2
1e+
1ee2
++1
1ee2
1ee2
--2
.
1ee2
000.e
1e
1ee2
e10
+
0e
1.2.3
++1
1e
+
1e
--2
-
-
1e+
+
+
+
1e+
000.e
e10
1ee2
000.e
--2
-
1.2.3
1e-
1.2.3
1.2.3
abc
e10
+
++1
0e
+
--2
1e
.
1ee2
+
1e+
1ee2
-
+
1e
-
e10
1ee2
--2
1e+
0e
-
1.2.3
1e
000.e
1ee2
1e-
--2
--2
1e+
-
1e-
abc
1e+
abc
1e-
abc
000.e
e10
1e-
++1
--2
1e
--2
1e
1e-
1ee2
1.2.3
++1
1e+
000.e
1ee2
1e-
0e
1e
-
0e
1ee2
-
++1
.
.
1e-
+
e10
1e+
1.2.3
e10
--2
abc
.
0e
abc
1ee2
--2
--2
--2
1e
0e
e10
+
000.e
e10
0e
--2
++1
1e+
1e
-
abc
0e
0e
abc
1e+
1.2.3
1.2.3
0e
1ee2
0e
1e
0e
++1
-
--2
e10
.
--2
abc
+
++1
-
e10
1e
0e
1e-
++1
abc
++1
+
000.e
-
000.e
1e-
0e
-
000.e
-
abc
.
e10
+
.
-
000.e
0e
--2
abc
1.2.3
1.2.3
--2
.
1e+
+
--2
-
++1
.
--2
1.2.3
1e-
.
abc
--2
++1
--2
abc
e10
e10
0e
+
+
1ee2
1e-
0e
1e-
1e
1e+
--2
0e
1e-
1ee2
1e
--2
+
e10
1.2.3
1e+
--2
e10
0e
abc
abc
000.e
+
0e
1e
0e
0e
1e+
000.e
abc
--2
1ee2
1ee2
e10
e10
e10
.
.
0e
1.2.3
.
000.e
+
1ee2
1ee2
abc
-
+
.
e10
--2
.
000.e
-
abc
1ee2
++1
++1
1e-
--2
.
1e
++1
0e
e10
-
abc
.
abc
0e
.
0e
1ee2
.
-
0e
1ee2
--2
0e
1e
000.e
.
0e
e10
-
1e
1.2.3
1.2.3
e10
.
.
--2
--2
-
e10
.
1.2.3
1e-
1e+
++1
+
0e
1e-
abc
1ee2
0e
000.e
++1
1e+
abc
1e-
1e-
1ee2
1.2.3
e10
+
--2
1ee2
e10
1.2.3
000.e
000.e
e10
.
+
.
--2
1e
.
++1
1e
.
1e+
1ee2
.
0e
-
.
++1
000.e
1e
+
1ee2
abc
000.e
+
abc
1ee2
++1
e10
+
1e-
--2
.
1e
1e-
0e
abc
-
++1
abc
+
+
++1
1.2.3
1.2.3
--2
1ee2
+
0e
1e+
0e
000.e
1e
+
1.2.3
-
000.e
abc
1e-
+
1e
-
-
1.2.3
1e+
e10
abc
abc
1e-
.
-
e10
1e-
1e+
e10
0e
1ee2
1e
000.e
1.2.3
1e+
e10
1e
--2
.
1.2.3
e10
1ee2
000.e
e10
000.e
abc
1ee2
.
+
1e
.
000.e
.
1ee2
1e+
000.e
1e-
++1
--2
1e-
e10
++1
1e+
1ee2
1.2.3
--2
e10
--2
1e-
abc
000.e
e10
1e
1e-
0e
-
000.e
-
1e-
1e
+
0e
+
-
1e+
abc
1e-
e10
++1
e10
1e-
1.2.3
1e+
e10
++1
1e+
+
e10
1ee2
1e+
e10
1.2.3
abc
0e
0e
1ee2
.
1.2.3
+
e10
++1
e10
+
1.2.3
+
1.2.3
-
1e
.
-
abc
--2
+
1e+
1e+
abc
--2
1ee2
1.2.3
.
0e
000.e
--2
-
+
++1
0e
000.e
1e
1e-
e10
++1
-
1e
1e
abc
e10
1e-
++1
abc
1ee2
000.e
1e+
++1
.
-
-
.
-
1e
.
e10
0e
--2
+
000.e
000.e
-
0e
abc
1.2.3
1.2.3
+
abc
e10
1e+
--2
-
e10
abc
-
-
+
1e+
1e-
+
1ee2
1e
0e
1e+
--2
e10
++1
0e
+
1.2.3
abc
+
abc
000.e
.
1e-
1e-
1.2.3
1e+
1e
1e-
1.2.3
1.2.3
e10
0e
000.e
e10
1.2.3
1ee2
000.e
abc
000.e
000.e
-
++1
e10
1.2.3
abc
-
++1
--2
e10
1e+
-
0e
--2
--2
1e-
0e
+
1e
000.e
--2
--2
1e+
e10
1e
1e-
++1
-
e10
abc
-
--2
1e-
.
-
000.e
--2
.
e10
000.e
1e+
++1
.
1.2.3
0e
++1
++1
1.2.3
1.2.3
e10
abc
--2
--2
.
1ee2
++1
1e-
1ee2
1ee2
000.e
1e-
++1
1e
-
0e
--2
0e
1ee2
+
000.e
1ee2
1e+
.
1ee2
1ee2
1ee2
1ee2
1ee2
1e
+
0e
++1
abc
abc
++1
-
1e-
-
-
e10
.
0e
1ee2
+
+
000.e
++1
0e
1e-
-
--2
1.2.3
abc
abc
0e
++1
.
abc
1.2.3
0e
abc
--2
+
--2
1e+
1e
1e+
+
1.2.3
.
0e
+
1.2.3
1e-
1.2.3
1e-
-
+
1.2.3
++1
1ee2
000.e
.
1e+
0e
--2
1ee2
1e+
1e-
.
1e-
--2
+
++1
0e
.
000.e
+
1e+
0e
+
1e
--2
abc
0e
++1
-
1ee2
e10
-
1ee2
1ee2
--2
e10
1ee2
1e-
000.e
1e+
1ee2
+
1e+
.
.
1.2.3
0e
1.2.3
+
.
+
000.e
.
1.2.3
1.2.3
-
+
1.2.3
000.e
e10
-
0e
1ee2
1e+
1ee2
+
.
++1
0e
1e
-
000.e
++1
1.2.3
000.e
-
++1
+
1.2.3
1e-
.
+
1ee2
0e
1e+
abc
+
++1
+
.
--2
1e-
0e
1ee2
0e
+
abc
+
e10
000.e
.
e10
1e+
abc
+
++1
1e+
1e
-
000.e
1.2.3
--2
e10
1.2.3
1e+
.
++1
--2
1.2.3
1e
1.2.3
0e
0e
000.e
1ee2
abc
1e
-
1e
000.e
.
-
abc
++1
e10
000.e
+
abc
e10
1e-
1e+
++1
1e
-
0e
1ee2
+
e10
+
000.e
++1
--2
1e+
+
++1
++1
.
1e
1ee2
++1
-
1e-
--2
1ee2
000.e
1e+
0e
e10
e10
1e+
0e
++1
1e
--2
--2
0e
abc
abc
-
1e
000.e
--2
--2
-
1e-
.
++1
1ee2
1e-
1e+
--2
0e
--2
--2
--2
1e
.
1e+
0e
-
-
-
0e
0e
1.2.3
1e-
1ee2
++1
++1
.
000.e
1e
.
1e+
1ee2
1e+
+
--2
000.e
++1
--2
+
+
1e+
1e-
000.e
0e
1e-
1e
1e
000.e
1ee2
abc
--2
+
0e
.
0e
e10
1e+
1e-
--2
++1
.
++1
e10
e10
0e
1ee2
++1
1e+
1.2.3
++1
abc
1e+
e10
1e
abc
++1
0e
--2
e10
1e+
1e-
1e+
--2
1e-
1.2.3
--2
000.e
+
abc
++1
.
1e+
1.2.3
1ee2
e10
1e+
1e
--2
000.e
e10
e10
--2
.
.
0e
1e
1ee2
1e-
+
-
+
++1
000.e
++1
1e
1e
1ee2
0e
0e
-
1e
1e+
--2
--2
abc
-
1e-
1e+
0e
++1
000.e
1e-
1e
1e
1e
1e+
1e+
abc
.
--2
--2
0e
1e
1e
++1
000.e
1.2.3
-
-
1e+
1e+
.
.
000.e
1.2.3
e10
000.e
1e
abc
abc
abc
1.2.3
1e
.
1.2.3
abc
++1
1.2.3
1ee2
++1
000.e
1ee2
1e-
1ee2
++1
1ee2
1e
++1
abc
1e
1e-
+
abc
.
1e
1e+
0e
1e+
++1
1ee2
e10
++1
--2
1e-
e10
1.2.3
1e+
abc
000.e
+
+
1e
.
1e
1e
1e
1e-
abc
0e
1e+
000.e
1e-
--2
1e-
e10
1e
000.e
1e+
1e+
0e
-
--2
++1
.
--2
1ee2
1.2.3
1e
1e+
1e-
1.2.3
1e+
e10
0e
1e-
1e+
1.2.3
++1
1.2.3
000.e
e10
--2
++1
0e
-
e10
e10
1ee2
abc
abc
1ee2
++1
++1
.
+
+
0e
0e
1.2.3
000.e
1.2.3
1.2.3
000.e
-
+
1e
1ee2
1e+
++1
1ee2
0e
000.e
0e
1e-
abc
1e+
abc
e10
e10
1ee2
--2
abc
1e-
abc
1ee2
.
e10
--2
1.2.3
000.e
1.2.3
++1
1ee2
1e+
1.2.3
1.2.3
1e-
--2
++1
1e
abc
.
1e
e10
+
000.e
--2
abc
000.e
1e+
.
1ee2
1e-
1e
e10
1e
1e
e10
1e-
+
--2
1e+
1ee2
.
000.e
abc
.
--2
1ee2
--2
0e
1e-
1e+
1e
.
1e
--2
.
-
1ee2
++1
1e-
e10
0e
-
0e
+
1e
1ee2
1e+
1e
++1
.
abc
000.e
1ee2
--2
.
+
abc
abc
1.2.3
0e
-
abc
1ee2
.
1ee2
1e-
1.2.3
-
1ee2
.
1ee2
--2
1e-
1e
+
--2
+
e10
abc
++1
1e-
1.2.3
1e
+
++1
++1
e10
e10
000.e
.
0e
1.2.3
++1
000.e
0e
1e
1.2.3
+
1ee2
--2
000.e
--2
1.2.3
1e
+
e10
+
e10
1ee2
+
--2
000.e
0e
1e+
.
.
++1
--2
abc
1.2.3
.
1e
1.2.3
--2
+
1ee2
1ee2
1e-
e10
.
--2
++1
.
.
--2
abc
.
1.2.3
1.2.3
--2
++1
0e
-
++1
.
++1
1e
e10
e10
--2
1.2.3
+
-
++1
1e+
0e
1e+
0e
-
+
e10
--2
+
1ee2
1ee2
1e+
--2
.
--2
1e-
1e-
1.2.3
1e+
000.e
1e
1e+
+
.
1.2.3
++1
000.e
1e-
1e+
e10
1e-
e10
1ee2
+
e10
abc
1e
1ee2
.
abc
0e
1ee2
++1
-
+
abc
abc
1e+
++1
000.e
0e
--2
abc
-
-
1e
1e+
1ee2
1e
--2
--2
1e+
1.2.3
1ee2
0e
0e
1e
++1
1e-
0e
--2
+
+
+
1ee2
-
1e
000.e
++1
+
000.e
1e-
000.e
1e
e10
1ee2
1e
1e-
+
-
0e
.
+
abc
+
1ee2
-
000.e
e10
1e+
0e
000.e
e10
1.2.3
000.e
1e+
e10
1.2.3
1e-
-
abc
1e+
--2
+
++1
.
.
1.2.3
-
1.2.3
000.e
--2
e10
1e
+
abc
1.2.3
-
1e
1e-
--2
000.e
1.2.3
1e+
+
-
1.2.3
1e-
e10
000.e
1e+
1e
-
--2
-
++1
1e-
e10
1.2.3
.
+
--2
1e+
.
++1
e10
000.e
-
e10
e10
--2
000.e
-
000.e
1e+
abc
1e
.
1e-
.
++1
1.2.3
--2
--2
1e-
abc
1ee2
--2
+
1e+
.
e10
-
0e
1e
1e
000.e
.
1e+
+
1.2.3
.
+
-
0e
0e
1e
.
1e-
.
1.2.3
+
000.e
++1
--2
+
1e+
1e-
1e
000.e
1e-
1e
1ee2
+
++1
1.2.3
.
++1
abc
0e
1.2.3
1e-
e10
.
1e+
0e
1e+
+
.
1ee2
e10
e10
1ee2
1e
1e+
1ee2
.
-
--2
1e
abc
1ee2
1.2.3
--2
+
1.2.3
000.e
1e-
abc
--2
000.e
000.e
abc
abc
--2
1e+
1.2.3
1e+
1e-
--2
1e
e10
1e
0e
-
++1
1e+
1ee2
-
1.2.3
--2
e10
1ee2
1e
1ee2
--2
e10
abc
++1
1e
000.e
0e
1ee2
abc
+
1ee2
1ee2
0e
-
1.2.3
-
000.e
.
1.2.3
--2
0e
--2
1e+
1.2.3
1ee2
0e
1e
--2
--2
1ee2
+
+
1ee2
1e+
++1
+
-
--2
+
1e
-
1e-
--2
0e
.
abc
1e-
abc
1.2.3
1ee2
000.e
+
1e
000.e
1.2.3
++1
abc
1e
000.e
1e
000.e
e10
e10
1e-
1e
1e-
abc
++1
1e
.
+
--2
1e-
.
+
1e+
+
1e+
++1
0e
e10
000.e
1.2.3
1e-
000.e
1e-
abc
1e+
--2
1.2.3
.
--2
-
.
0e
1e-
--2
0e
1ee2
1ee2
1.2.3
1.2.3
1ee2
1ee2
1ee2
abc
0e
1e+
1e+
--2
e10
e10
e10
000.e
++1
.
1.2.3
abc
1e+
-
++1
+
1.2.3
abc
e10
1e-
--2
1ee2
abc
1e+
++1
1e+
abc
--2
000.e
+
-
1e
1e
e10
-
0e
-
.
++1
1e-
-
-
--2
1e+
abc
1e-
1e+
.
--2
1e-
.
1e-
1.2.3
abc
.
-
e10
--2
--2
e10
1.2.3
-
000.e
000.e
--2
1ee2
.
1e
1ee2
abc
000.e
abc
+
-
1e+
-
1ee2
1ee2
--2
1.2.3
1.2.3
000.e
0e
+
1.2.3
--2
000.e
++1
1.2.3
1e-
1e-
++1
.
1e
1.2.3
abc
abc
1.2.3
000.e
.
1e
abc
1e
--2
e10
0e
+
1.2.3
1ee2
1e
--2
+
0e
e10
-
+
1e
++1
++1
1e-
1e
+
--2
.
-
+
e10
1.2.3
1e
1ee2
0e
abc
1ee2
1e+
--2
++1
e10
1.2.3
1e
+
++1
0e
1e
abc
.
1e-
+
.
1e-
--2
--2
e10
-
-
-
.
000.e
-
1e
1e-
abc
-
-
0e
-
1ee2
1e
.
1e
1e
1e
.
0e
0e
e10
abc
.
abc
abc
++1
abc
++1
1e
1ee2
000.e
--2
1e+
abc
-
1e
1e
1e-
-
e10
++1
abc
1.2.3
--2
--2
e10
1ee2
1e
1ee2
1e-
000.e
000.e
1.2.3
1.2.3
1ee2
0e
1e
.
--2
1e-
abc
1e
0e
0e
1.2.3
1ee2
0e
++1
0e
000.e
1.2.3
1ee2
1e+
.
1ee2
++1
000.e
-
1e
++1
abc
000.e
1ee2
0e
abc
1e+
000.e
000.e
1.2.3
1e+
--2
--2
abc
1ee2
0e
--2
1ee2
1e+
e10
0e
1ee2
000.e
0e
1e+
--2
+
000.e
000.e
1ee2
0e
--2
+
1.2.3
1e
.
--2
-
+
e10
000.e
abc
1.2.3
1e+
--2
1ee2
1e+
1e-
.
.
+
1ee2
--2
abc
1e+
000.e
abc
abc
.
.
--2
1ee2
-
1.2.3
--2
0e
1e+
1ee2
0e
1.2.3
abc
e10
.
e10
1e-
1e
.
-
1.2.3
1e-
1ee2
0e
--2
1.2.3
+
1.2.3
1e-
1e
+
1e-
1e-
0e
abc
.
1e+
1e-
-
1e+
e10
1ee2
1ee2
abc
.
e10
1e+
0e
1e
1.2.3
1e
1e
1e-
e10
--2
--2
e10
-
1e-
+
+
000.e
.
+
000.e
1e+
1e-
1e
--2
1e+
-
1ee2
.
-
abc
1e
-
000.e
1e-
1.2.3
1ee2
.
1e+
--2
1.2.3
--2
000.e
e10
++1
++1
000.e
1e+
1e+
++1
+
abc
1.2.3
1ee2
-
e10
-
0e
000.e
+
-
--2
0e
1e+
.
1e+
1ee2
.
-
+
1ee2
1.2.3
e10
--2
1ee2
++1
abc
--2
1.2.3
1e-
1e+
1.2.3
1e-
+
e10
0e
++1
-
--2
--2
.
0e
+
000.e
-
1.2.3
1e+
e10
++1
-
1.2.3
1e
e10
1e-
-
1ee2
1.2.3
1e-
e10
-
e10
+
-
1ee2
1e
.
--2
1ee2
abc
1.2.3
1e+
000.e
+
1.2.3
abc
++1
abc
1e-
--2
1ee2
++1
1.2.3
000.e
000.e
+
1e-
000.e
0e
-
.
-
--2
0e
000.e
000.e
000.e
-
+
0e
++1
000.e
1e
-
--2
000.e
--2
+
.
1.2.3
1e+
1e-
abc
--2
1ee2
1.2.3
1ee2
1ee2
0e
1.2.3
++1
e10
-
-
--2
1e+
++1
--2
1.2.3
000.e
.
1e
-
.
e10
e10
1.2.3
1e-
1e-
++1
0e
--2
++1
--2
000.e
1.2.3
e10
--2
e10
++1
1ee2
1ee2
000.e
-
abc
-
000.e
+
1e
1e
e10
-
0e
.
1.2.3
1e+
0e
000.e
+
++1
e10
1e-
1e+
abc
1e-
1ee2
abc
1e-
e10
1ee2
1e-
e10
1e-
+
--2
-
-
.
++1
++1
1e
1e-
e10
0e
--2
-
--2
abc
abc
1.2.3
0e
+
1e
0e
000.e
0e
1e+
1e+
abc
1.2.3
1e-
.
0e
1ee2
e10
abc
e10
000.e
+
-
-
1e+
--2
abc
1e+
000.e
abc
1e-
+
+
++1
1e+
e10
-
e10
abc
-
+
1e-
+
0e
e10
+
-
.
++1
1e-
0e
1e
000.e
--2
1ee2
1e+
0e
-
000.e
.
1e+
1.2.3
+
--2
1e+
0e
1.2.3
0e
+
abc
-
000.e
--2
1.2.3
1e
1.2.3
0e
1e
e10
1e
1ee2
-
++1
.
.
1.2.3
1e+
++1
1ee2
+
1e+
.
000.e
.
e10
e10
e10
1e
1ee2
abc
.
++1
+
.
1e-
0e
e10
0e
1e
+
-
+
1e+
0e
1e-
1e+
1ee2
e10
1e-
1e
1e
1e
--2
000.e
1ee2
000.e
+
1ee2
1e+
-
e10
1.2.3
+
0e
abc
+
--2
--2
0e
1e+
000.e
1e
++1
+
e10
--2
1e+
0e
abc
abc
1e-
.
+
.
--2
1e-
1e-
+
000.e
.
1e+
1e-
abc
000.e
1.2.3
-
e10
abc
1e
000.e
-
1ee2
--2
1ee2
++1
--2
0e
000.e
-
1e-
1e+
1e
--2
e10
e10
++1
++1
--2
1e
+
e10
-
-
e10
1ee2
1ee2
1e
1ee2
1e-
1e
++1
1e+
abc
1ee2
-
000.e
abc
-
+
1e
1.2.3
0e
e10
++1
1e
1e-
.
abc
--2
+
000.e
++1
abc
000.e
.
-
1.2.3
+
-
+
+
1e
-
-
+
000.e
0e
+
1e+
abc
+
abc
1e+
--2
1.2.3
+
1e+
1.2.3
1e
1ee2
1e+
abc
--2
1e+
1.2.3
--2
--2
-
--2
1e
abc
1.2.3
1e+
1e+
1e+
--2
1ee2
++1
abc
1ee2
1e-
.
0e
e10
1e
1e
-
.
1e+
-
e10
0e
1e+
1.2.3
--2
abc
abc
1e+
1ee2
0e
e10
1e+
abc
1.2.3
.
++1
000.e
1.2.3
1e+
.
000.e
1ee2
1e+
000.e
1e+
e10
1e-
0e
+
.
1.2.3
abc
1e-
++1
000.e
000.e
0e
1e+
1e-
1e-
e10
+
e10
1ee2
e10
e10
++1
abc
-
0e
e10
.
0e
1e+
++1
1.2.3
abc
1e+
abc
.
abc
1ee2
abc
++1
1ee2
000.e
e10
1e+
000.e
-
1e
--2
0e
.
abc
--2
1.2.3
-
++1
1ee2
.
1e-
1ee2
1e+
1.2.3
--2
+
-
1e
e10
--2
0e
0e
e10
+
-
1e
-
1e+
++1
.
000.e
0e
e10
-
e10
++1
+
+
0e
000.e
1e-
--2
+
1.2.3
++1
1ee2
--2
1ee2
000.e
.
e10
0e
1e
.
1e
--2
1.2.3
abc
1e+
--2
0e
000.e
e10
1ee2
000.e
.
-
000.e
1.2.3
++1
1e-
0e
0e
0e
abc
.
--2
0e
0e
000.e
1.2.3
-
1e+
+
e10
abc
--2
1e-
++1
+
000.e
e10
1e
-
abc
1e-
+
.
+
0e
abc
--2
.
++1
--2
1e-
e10
1e-
1e+
1e-
000.e
1e
1.2.3
abc
1e-
000.e
1.2.3
--2
-
1e+
1e
1ee2
1ee2
--2
+
0e
1e+
1e
abc
-
++1
e10
-
.
abc
1e+
abc
.
--2
1ee2
e10
.
1e+
+
1ee2
.
abc
.
--2
000.e
1e-
e10
1ee2
.
++1
1e
1ee2
e10
1.2.3
000.e
1e+
1ee2
abc
abc
-
+
000.e
--2
1.2.3
1.2.3
abc
e10
1e
abc
++1
-
1.2.3
abc
1e-
.
++1
e10
1ee2
000.e
1ee2
+
-
--2
abc
1e-
++1
++1
000.e
.
1ee2
1.2.3
+
e10
-
.
--2
1e-
--2
000.e
abc
++1
1e+
1e
000.e
e10
.
++1
--2
+
e10
.
000.e
-
e10
1e
1ee2
e10
1ee2
e10
++1
1e-
1ee2
.
1e
--2
1.2.3
--2
++1
e10
-
--2
0e
000.e
1.2.3
1.2.3
-
1ee2
1e-
1ee2
1e
--2
1e-
1.2.3
-
1e+
e10
-
1e-
1e-
--2
e10
abc
.
1ee2
1ee2
+
1e+
.
+
--2
abc
1.2.3
1ee2
+
1e-
--2
.
-
--2
1e+
000.e
.
1ee2
+
++1
++1
1e-
-
1e
--2
.
e10
1ee2
0e
-
++1
0e
e10
-
.
--2
.
abc
0e
1ee2
--2
abc
000.e
.
1e-
1e
1e+
abc
1e+
1e+
abc
+
--2
1.2.3
1.2.3
1ee2
1ee2
+
1e-
--2
.
1.2.3
1ee2
0e
++1
e10
abc
.
1ee2
1ee2
-
1e
++1
--2
-
0e
1ee2
.
--2
abc
1e
1e
abc
1e
.
-
0e
1e
--2
1e
000.e
1e-
e10
-
1ee2
e10
1e-
1e
abc
1e-
000.e
abc
1ee2
.
1.2.3
abc
1e+
000.e
.
+
++1
--2
000.e
++1
.
--2
1e+
e10
.
1e+
+
abc
1.2.3
1e-
1.2.3
.
e10
.
1ee2
abc
1e+
1e
++1
0e
abc
abc
abc
--2
1e+
000.e
1ee2
1e-
--2
1ee2
e10
+
1e+
1ee2
1e+
--2
-
abc
1ee2
e10
++1
-
1.2.3
.
.
1e+
1e-
++1
--2
abc
e10
1e+
+
--2
0e
1e+
1e+
1e-
0e
0e
e10
abc
1ee2
.
--2
000.e
0e
-
--2
+
1e-
.
1e-
1.2.3
1e-
000.e
--2
0e
e10
000.e
1.2.3
1e+
abc
000.e
000.e
1.2.3
1.2.3
++1
1e
0e
-
abc
1.2.3
1e-
.
1e-
0e
1e
e10
000.e
abc
.
1e+
e10
1e
1e-
+
1e-
--2
1e-
000.e
.
1e-
1.2.3
e10
abc
+
1e+
0e
+
abc
1ee2
1ee2
0e
1.2.3
1e+
1.2.3
++1
-
1e-
++1
.
++1
1e+
1.2.3
1e+
++1
.
1e+
1e
abc
-
e10
++1
-
--2
1.2.3
1.2.3
--2
abc
1e+
0e
1e
1e+
0e
-
+
1ee2
.
-
1e+
1.2.3
++1
e10
++1
abc
.
-
1e-
1e+
-
++1
+
0e
++1
-
+
0e
abc
+
-
1e+
.
+
+
1.2.3
+
.
000.e
++1
1.2.3
1e-
000.e
+
1ee2
++1
+
++1
-
--2
1e+
++1
.
1.2.3
0e
.
+
+
0e
1.2.3
++1
-
abc
1.2.3
1ee2
0e
.
.
--2
-
000.e
abc
+
1e
e10
000.e
-
1e-
-
1.2.3
--2
abc
1ee2
.
1e+
1e+
--2
1e-
0e
1ee2
++1
0e
.
--2
1.2.3
.
1e+
000.e
.
++1
1e
abc
1e-
+
1e-
1.2.3
1.2.3
abc
1ee2
0e
e10
1e-
--2
-
1e
abc
1e
1e+
abc
1e-
-
e10
abc
.
1e+
000.e
1e
++1
0e
+
abc
1ee2
abc
.
1e
+
-
1.2.3
1e+
000.e
1.2.3
+
-
--2
--2
abc
1e+
1e-
abc
0e
1e-
--2
1e-
1e
1e-
+
--2
abc
000.e
-
1.2.3
000.e
.
+
abc
.
1e
1.2.3
1e
++1
1e-
1e
++1
1e+
++1
++1
1e+
+
0e
.
1e-
++1
000.e
1e+
1e-
+
0e
1e-
0e
0e
.
1e
++1
1ee2
1e
abc
1e+
e10
1e-
.
-
+
0e
--2
1e
--2
1e+
000.e
000.e
.
-
000.e
.
1e+
1e
1e-
++1
1e+
000.e
000.e
.
1e-
++1
1ee2
1.2.3
++1
1e
e10
+
1e+
000.e
.
+
1e-
--2
000.e
-
++1
-
000.e
abc
+
-
.
1e-
1.2.3
--2
--2
abc
-
-
1ee2
++1
1e-
e10
e10
0e
1e+
1.2.3
1e+
1e+
1e-
abc
1.2.3
000.e
0e
000.e
0e
++1
0e
++1
0e
-
e10
1e-
++1
abc
++1
1ee2
-
1ee2
1e
000.e
1e+
.
1e
++1
+
1e-
1e+
1e-
1e+
-
1e-
++1
000.e
-
abc
1e+
.
+
1ee2
+
+
1e+
000.e
+
++1
1.2.3
-
-
1e+
1e-
1e+
++1
abc
000.e
0e
e10
--2
-
000.e
+
.
1.2.3
+
-
1.2.3
++1
+
.
e10
1e
.
-
1e+
++1
1ee2
-
--2
000.e
++1
1ee2
abc
-
e10
000.e
1e+
1e+
--2
1e+
000.e
.
.
1e-
1ee2
++1
1.2.3
-
1e
--2
-
e10
.
++1
000.e
e10
000.e
--2
.
000.e
0e
1e+
1.2.3
1e-
000.e
1e
1.2.3
1e+
-
--2
1.2.3
000.e
--2
1.2.3
1e+
e10
0e
1ee2
abc
+
1e
abc
.
abc
1.2.3
0e
1.2.3
000.e
.
.
1.2.3
1e-
++1
++1
1ee2
e10
abc
abc
1e+
++1
1ee2
1e+
e10
1.2.3
1e
1ee2
+
1ee2
abc
1e
++1
++1
.
1e-
1e
--2
++1
000.e
+
1e-
1e-
1e+
e10
1e-
++1
1e+
1e-
++1
abc
--2
1e+
-
1e-
-
1e-
e10
--2
+
++1
+
-
--2
1.2.3
1.2.3
1e+
0e
1.2.3
1e-
-
1.2.3
1e-
1e
++1
--2
0e
1e-
1e+
0e
1.2.3
-
--2
++1
--2
1e-
abc
000.e
1e
1e-
000.e
1e-
1ee2
0e
--2
1e+
.
e10
+
000.e
--2
1e-
++1
-
+
e10
1ee2
-
1ee2
1e+
--2
1e
1ee2
1.2.3
1e+
abc
-
.
1e+
+
--2
+
-
e10
++1
000.e
1.2.3
e10
1.2.3
abc
+
++1
000.e
++1
++1
000.e
1ee2
1e
1ee2
.
1e
+
-
1ee2
1.2.3
000.e
.
0e
1.2.3
000.e
1.2.3
e10
1e+
0e
1e-
--2
abc
+
1e
+
.
-
+
-
abc
abc
1ee2
1e+
000.e
abc
1.2.3
e10
e10
1ee2
--2
-
1e-
1e
1.2.3
1e
000.e
.
1e+
+
.
000.e
1.2.3
--2
1e-
.
0e
1ee2
.
1e-
1e+
-
1.2.3
.
1e-
1e+
1ee2
--2
e10
.
1e+
1e
+
1ee2
e10
.
--2
++1
1e
e10
-
000.e
0e
+
--2
abc
000.e
1e
e10
1e
1e-
--2
1ee2
0e
1.2.3
1e
e10
0e
abc
+
+
1.2.3
--2
--2
1.2.3
e10
abc
++1
1e+
1.2.3
.
--2
0e
++1
abc
1ee2
--2
1e-
+
1e
e10
++1
+
0e
.
1e-
--2
e10
++1
abc
-
1e
--2
++1
1ee2
-
1e
++1
0e
e10
-
abc
e10
1ee2
++1
1e-
+
abc
+
0e
000.e
abc
000.e
1e+
1.2.3
0e
0e
e10
e10
1.2.3
e10
1e
1e+
++1
+
1ee2
1e
+
abc
0e
--2
1e+
1e+
++1
--2
--2
1e-
1.2.3
1.2.3
1ee2
000.e
+
1e
1e
1ee2
++1
0e
1e+
0e
1ee2
--2
.
abc
1e+
1e
000.e
1.2.3
1ee2
0e
+
1e-
-
--2
1.2.3
--2
1e
--2
+
1e-
.
0e
--2
1e
1e-
0e
++1
1e+
--2
0e
000.e
+
.
+
++1
0e
abc
0e
e10
1e+
1ee2
e10
1ee2
abc
+
--2
1e+
++1
1e
0e
.
0e
1e+
1ee2
-
--2
1.2.3
-
.
--2
+
1e+
--2
++1
.
1.2.3
000.e
1e-
-
000.e
1.2.3
0e
abc
++1
1e-
-
.
1e+
1ee2
1e
000.e
1e-
.
0e
1e
-
1e
e10
1ee2
0e
1e+
+
abc
-
1.2.3
.
-
e10
e10
e10
++1
.
++1
1e
e10
.
1e+
+
1e-
1.2.3
0e
++1
--2
+
e10
1e-
abc
1e
000.e
+
000.e
++1
1e
000.e
1ee2
abc
1e
0e
1ee2
1ee2
1ee2
+
1e+
-
abc
e10
e10
++1
1ee2
1e-
1e
1e
000.e
.
000.e
000.e
--2
1e
1e+
000.e
000.e
e10
+
.
1.2.3
e10
--2
1e+
000.e
.
e10
1ee2
0e
1ee2
abc
.
-
1e-
1e+
1.2.3
1e-
1e-
++1
-
1.2.3
e10
0e
-
1e-
++1
1ee2
.
++1
--2
0e
e10
e10
-
1ee2
1ee2
1ee2
0e
1ee2
1.2.3
--2
.
1e-
1e-
e10
1e+
e10
abc
--2
abc
1e-
1e+
abc
-
e10
+
000.e
1.2.3
1.2.3
0e
0e
--2
0e
-
000.e
0e
1.2.3
1ee2
++1
++1
abc
0e
.
1.2.3
0e
1ee2
1ee2
.
.
e10
0e
1e+
1.2.3
e10
1e+
-
1e+
0e
++1
000.e
.
--2
000.e
1.2.3
e10
1ee2
++1
.
1e+
abc
000.e
1ee2
1ee2
--2
1e-
1.2.3
abc
1e-
-
e10
abc
.
1e
.
1e+
abc
1.2.3
1e-
-
e10
1e
1.2.3
-
1e-
-
-
.
e10
e10
1e-
000.e
1e
1e
000.e
-
1e+
0e
0e
--2
e10
-
-
-
abc
-
1e+
000.e
1.2.3
--2
-
1e
.
1e+
++1
.
000.e
000.e
++1
1.2.3
+
000.e
000.e
+
000.e
000.e
1e+
000.e
0e
1e
1e-
.
abc
abc
000.e
1ee2
abc
1e-
.
abc
abc
--2
000.e
000.e
+
1e+
000.e
1e-
++1
1e-
1e+
abc
.
1ee2
e10
000.e
-
-
1ee2
e10
1e
1e
+
0e
abc
-
1e-
+
abc
abc
abc
000.e
.
+
-
000.e
1ee2
e10
abc
--2
+
++1
abc
abc
e10
1ee2
1e
abc
.
1ee2
--2
--2
1e
1e
1e-
1e
+
-
+
000.e
.
1e-
1e
--2
.
+
1.2.3
1e
abc
1e-
-
+
++1
abc
--2
1e+
abc
--2
1e-
1.2.3
1ee2
1e+
000.e
1e
--2
1e+
++1
e10
.
1.2.3
1e-
--2
000.e
1e+
000.e
1e
--2
0e
0e
-
.
abc
.
000.e
1e+
-
000.e
e10
abc
.
1.2.3
--2
1e
0e
e10
1ee2
1e+
1e
--2
+
abc
1e-
e10
++1
e10
1e-
1e+
-
+
++1
1e+
1ee2
1e-
1e
1ee2
1e+
.
--2
abc
1.2.3
1e-
-
000.e
-
e10
000.e
-
1e+
e10
1.2.3
++1
.
-
1e
.
.
1e+
++1
.
1ee2
.
.
1ee2
1e+
000.e
1.2.3
0e
1ee2
1e
0e
.
1e
1e-
000.e
1ee2
1e+
abc
++1
1e-
1e
000.e
+
1.2.3
1.2.3
1e+
+
0e
e10
++1
--2
--2
1ee2
1.2.3
.
.
-
1e-
0e
--2
000.e
++1
1e
--2
e10
e10
.
.
--2
1e+
++1
1ee2
0e
e10
-
000.e
--2
++1
abc
e10
1e+
000.e
--2
1e+
+
+
+
abc
+
+
.
e10
.
1e-
e10
--2
1e-
+
++1
-
.
1e
0e
e10
1e-
1e
e10
1e-
0e
1e+
000.e
+
+
1ee2
abc
0e
-
++1
1.2.3
0e
000.e
++1
1ee2
++1
000.e
1e
000.e
1ee2
1.2.3
--2
.
1e+
000.e
1e-
+
.
++1
e10
0e
1e+
abc
++1
.
.
1.2.3
+
1.2.3
0e
+
0e
--2
--2
1e
--2
--2
-
-
-
abc
000.e
000.e
.
1e
1.2.3
-
1ee2
1e
1.2.3
1e+
1.2.3
e10
1e+
--2
000.e
1e-
0e
000.e
-
++1
++1
--2
++1
1e
1e+
--2
-
1e
++1
++1
000.e
1e-
1e-
e10
1e
000.e
+
1.2.3
e10
1ee2
1e-
++1
-
1.2.3
+
.
1ee2
1e
1.2.3
1e+
e10
1e+
abc
--2
1e
-
+
.
--2
1.2.3
.
1e
+
1e+
.
1.2.3
abc
abc
-
-
+
000.e
000.e
1e+
--2
--2
000.e
1e-
e10
1e
abc
.
1e-
1.2.3
-
1e
000.e
-
++1
abc
++1
1e-
abc
e10
.
000.e
e10
++1
--2
1e
++1
000.e
--2
.
e10
e10
1e
000.e
++1
+
.
1e+
--2
1e+
1e-
1e+
--2
+
1ee2
1e
abc
++1
0e
-
e10
.
1e
-
++1
1e-
1ee2
--2
000.e
1.2.3
000.e
++1
+
1e+
0e
e10
1ee2
abc
++1
abc
000.e
e10
+
abc
1e
+
.
-
1e-
--2
1e
1e-
000.e
++1
++1
e10
+
-
1ee2
+
++1
-
.
1e
++1
1.2.3
e10
+
1ee2
1e-
1e+
-
000.e
-
1e-
++1
.
abc
.
1e+
e10
--2
1ee2
0e
e10
--2
++1
++1
e10
1e
+
1ee2
abc
1e
000.e
1.2.3
000.e
--2
+
1e+
.
0e
1e
1.2.3
-
abc
1e+
1ee2
0e
abc
1e+
1.2.3
1e-
1ee2
.
+
.
e10
1.2.3
1e
e10
1e
0e
1.2.3
++1
1e-
1e
+
++1
0e
1e
1.2.3
+
1e
.
.
1ee2
0e
--2
-
1ee2
1e
0e
1e+
+
1e+
1e+
1ee2
000.e
1ee2
.
--2
+
000.e
-
+
abc
1ee2
1.2.3
1e+
e10
0e
1e-
+
000.e
-
.
+
--2
-
1ee2
1.2.3
++1
000.e
.
000.e
++1
++1
--2
abc
1e-
abc
1e+
0e
1e+
abc
.
abc
1.2.3
abc
e10
abc
0e
0e
1e
++1
1.2.3
000.e
1e+
1ee2
-
1.2.3
abc
1.2.3
1e-
--2
1e-
--2
abc
1e-
--2
1.2.3
1ee2
.
.
abc
1ee2
1ee2
+
1e+
1e-
e10
0e
000.e
000.e
++1
1ee2
0e
000.e
1.2.3
1.2.3
+
++1
-
abc
abc
++1
++1
1e+
1.2.3
.
+
abc
1e-
0e
-
000.e
++1
000.e
e10
1e
e10
--2
1e
--2
1.2.3
1e-
.
1.2.3
abc
0e
1.2.3
1e+
1.2.3
0e
1e+
1e
-
1e
1ee2
000.e
-
abc
-
1e
++1
e10
1e+
1e-
abc
1e
++1
0e
000.e
abc
000.e
1e+
++1
+
-
1e-
000.e
++1
.
-
1ee2
abc
abc
+
.
1e+
abc
+
1e-
1.2.3
0e
+
0e
1e+
++1
0e
-
1e-
+
abc
e10
-
--2
++1
+
000.e
1e-
000.e
0e
000.e
000.e
e10
1e-
1ee2
e10
++1
.
0e
1.2.3
1e+
1.2.3
++1
0e
1.2.3
1.2.3
000.e
1ee2
.
-
-
.
e10
--2
--2
--2
abc
1e+
0e
0e
+
1e-
0e
e10
1.2.3
000.e
+
+
-
1e-
-
++1
--2
1e
-
1e-
1e
--2
abc
+
1e+
-
abc
1e
-
1e-
1e-
++1
--2
e10
1e
1e+
-
e10
abc
--2
++1
1e
1ee2
abc
+
1e
1e-
1e
e10
-
1.2.3
1e
0e
1e
abc
1e+
1.2.3
++1
1e
0e
1e
0e
1ee2
--2
1.2.3
000.e
+
1e
.
1ee2
abc
--2
--2
+
000.e
-
1e+
++1
.
-
1e
++1
.
-
0e
--2
1.2.3
1e-
000.e
abc
1e-
1e
1e-
000.e
1e-
abc
.
++1
1.2.3
--2
1e+
1e+
0e
+
++1
.
1ee2
1e-
1e
++1
1.2.3
-
--2
--2
-
1ee2
.
1e
1.2.3
++1
--2
+
--2
abc
abc
+
abc
.
1e-
.
0e
000.e
0e
-
0e
.
0e
1e
1ee2
--2
1ee2
1e+
abc
e10
000.e
1.2.3
0e
000.e
0e
++1
.
abc
1.2.3
.
-
-
-
e10
1e+
e10
+
-
--2
1ee2
-
0e
--2
1e-
000.e
e10
++1
1e-
e10
+
++1
1e-
1e
e10
1ee2
.
1e+
1ee2
-
1.2.3
--2
abc
e10
0e
abc
+
1.2.3
abc
000.e
1ee2
--2
.
e10
000.e
1e
0e
abc
000.e
1ee2
--2
1ee2
000.e
abc
e10
abc
1ee2
000.e
abc
e10
1.2.3
0e
1e+
1e-
-
000.e
-
000.e
1e
+
1e
000.e
abc
--2
abc
-
1ee2
1e
+
1e
1ee2
--2
1ee2
1ee2
1.2.3
--2
1e
+
1e
000.e
1e+
1.2.3
++1
-
e10
1.2.3
-
1e
0e
abc
1.2.3
abc
e10
1e
1e+
1ee2
+
0e
--2
.
1ee2
1ee2
0e
abc
++1
.
.
++1
000.e
--2
+
-
1ee2
abc
abc
1e
0e
e10
+
1e-
--2
1e+
1e+
0e
-
.
--2
--2
e10
e10
++1
1e
--2
abc
1ee2
1e+
.
-
1ee2
++1
1.2.3
1.2.3
abc
+
-
1e+
1e
0e
abc
000.e
.
1e+
0e
1ee2
-
1.2.3
.
abc
abc
1e+
e10
000.e
--2
-
1e
++1
--2
1e
.
000.e
-
abc
1e+
e10
+
1e
1e
1.2.3
1e
++1
0e
--2
000.e
+
abc
e10
1.2.3
--2
.
e10
--2
1ee2
1e+
e10
-
-
1e-
000.e
1e
abc
+
-
e10
+
1ee2
0e
0e
1ee2
000.e
1e-
1e+
-
1e+
1ee2
1e-
1.2.3
e10
1.2.3
e10
1e+
.
++1
+
--2
1.2.3
e10
-
0e
1e+
000.e
1ee2
1e
1ee2
+
0e
000.e
abc
-
abc
--2
++1
+
1.2.3
1.2.3
000.e
-
000.e
1e+
1e-
000.e
1.2.3
0e
0e
abc
1ee2
--2
1.2.3
1e+
1e
1e+
e10
--2
.
-
1e+
1e
0e
1.2.3
--2
.
000.e
1e-
1e+
.
++1
+
1e+
1e-
abc
0e
0e
--2
abc
1ee2
0e
1e+
-
1e
1e-
--2
1e+
1ee2
000.e
1e+
1e+
1e-
0e
--2
e10
-
1e-
1.2.3
+
+
1.2.3
--2
+
+
1.2.3
--2
.
++1
e10
000.e
0e
1e+
1e+
000.e
1.2.3
abc
000.e
e10
.
1e
1e
0e
++1
1.2.3
0e
-
1e
--2
0e
e10
.
-
+
1.2.3
1e
0e
+
--2
--2
1e+
++1
--2
--2
1e-
abc
1ee2
1e-
--2
1e
--2
1e-
-
abc
+
1ee2
.
--2
1ee2
.
0e
000.e
e10
1e-
1e-
++1
+
1e+
1ee2
-
0e
1e-
.
1e
.
1e-
-
1e+
1e
++1
abc
0e
e10
+
.
1.2.3
+
1e
-
.
1.2.3
1e
+
1e+
+
.
000.e
000.e
1e
000.e
1e-
1ee2
1e+
-
.
--2
1ee2
e10
e10
0e
1e-
--2
1ee2
.
1ee2
+
e10
000.e
000.e
-
000.e
++1
0e
000.e
1e
000.e
.
0e
+
1.2.3
1e
-
++1
1e+
1e
--2
1e-
0e
1e-
000.e
abc
1e
1e
e10
1e+
1e
abc
-
0e
1ee2
-
-
--2
.
000.e
000.e
1ee2
+
--2
--2
e10
1e+
000.e
000.e
-
+
000.e
1e-
+
1e+
-
+
--2
+
++1
-
.
1e-
abc
1ee2
1e+
1e
.
e10
1.2.3
000.e
.
1.2.3
++1
e10
0e
0e
.
1ee2
abc
1.2.3
abc
abc
+
1e+
.
1e-
1e+
e10
+
abc
1e-
--2
1e+
++1
--2
abc
0e
1e
abc
.
.
000.e
1e
++1
1e-
1.2.3
--2
abc
.
1e
++1
-
1ee2
.
1e-
.
000.e
.
abc
1.2.3
-
e10
1.2.3
abc
.
+
1e+
+
1.2.3
0e
abc
1e
e10
e10
++1
--2
abc
1ee2
abc
1e-
1e-
1e
.
1.2.3
1ee2
e10
-
1e
1.2.3
++1
--2
.
++1
0e
+
000.e
0e
1e+
1e
-
1e+
1e
-
1.2.3
1e-
-
++1
1e-
1ee2
.
1e+
+
-
+
-
--2
.
1e-
--2
1e-
1.2.3
1ee2
1ee2
1ee2
+
--2
1e-
++1
+
.
1e+
e10
1ee2
1e+
.
000.e
+
1ee2
1e-
1ee2
+
--2
1e+
+
abc
-
0e
1e
1e+
--2
.
000.e
.
+
000.e
abc
e10
1e-
--2
1e-
0e
++1
1e+
-
-
000.e
-
1ee2
1e+
0e
e10
abc
000.e
--2
-
1.2.3
+
abc
1e
abc
abc
1.2.3
+
1e
1e+
1e
--2
000.e
e10
++1
-
--2
-
1ee2
0e
e10
0e
abc
000.e
++1
abc
0e
+
1ee2
1ee2
1ee2
1.2.3
--2
1.2.3
.
++1
++1
1.2.3
abc
1.2.3
-
.
e10
1e+
++1
0e
1e
0e
abc
abc
abc
--2
1e
1e+
++1
1e+
.
++1
1ee2
000.e
abc
--2
000.e
1ee2
1e
++1
.
--2
++1
1ee2
1e
1e+
--2
1e-
1e-
e10
1e+
1e-
000.e
0e
1e-
++1
0e
.
000.e
0e
-
++1
++1
1e-
abc
1e+
e10
+
-
0e
abc
000.e
1.2.3
.
1e
.
--2
e10
0e
1.2.3
++1
e10
--2
++1
1e
1.2.3
1.2.3
--2
.
+
1ee2
e10
1e-
1e
.
-
+
--2
000.e
1e-
-
1ee2
+
+
+
e10
1e-
1e+
1e-
1.2.3
1.2.3
000.e
--2
.
abc
e10
+
++1
1.2.3
e10
abc
+
1e
abc
--2
--2
++1
1e-
000.e
-
0e
1e-
abc
++1
1ee2
1ee2
-
abc
+
++1
1.2.3
000.e
-
e10
1ee2
1e+
1.2.3
000.e
1e+
abc
000.e
++1
1e-
0e
-
1.2.3
-
-
--2
abc
1e+
+
e10
000.e
+
1e-
000.e
1ee2
1ee2
++1
1ee2
1e
+
.
1e
1e+
1.2.3
1e+
1e
1e
--2
.
1ee2
abc
000.e
e10
-
0e
e10
1e+
abc
abc
--2
+
1ee2
e10
abc
1e-
-
--2
abc
-
1e
1.2.3
++1
abc
1ee2
--2
+
.
e10
e10
.
abc
.
1ee2
000.e
-
1e+
1.2.3
1e+
+
000.e
abc
-
--2
1e-
.
1e+
1.2.3
1.2.3
++1
e10
++1
--2
1e
.
++1
e10
1e+
-
1e-
-
1e-
1e+
abc
-
-
abc
++1
1.2.3
000.e
.
-
.
+
abc
1ee2
+
1e-
1e-
1.2.3
e10
-
--2
abc
1.2.3
0e
1e
000.e
abc
000.e
-
e10
abc
+
1e+
0e
000.e
-
-
+
++1
1e-
.
000.e
--2
0e
-
1e+
+
.
abc
e10
1e-
0e
1ee2
1e
000.e
-
+
e10
+
-
-
1ee2
+
1e
+
1e-
.
1.2.3
e10
--2
abc
e10
++1
.
--2
-
e10
1ee2
--2
1e+
++1
e10
1e-
1e
-
1e+
1.2.3
--2
000.e
e10
1.2.3
1e
000.e
0e
1ee2
--2
+
--2
+
.
0e
+
0e
000.e
.
+
1e
000.e
--2
1.2.3
0e
1e+
-
1e+
e10
1e-
--2
e10
0e
.
000.e
-
.
1ee2
.
+
000.e
1e+
1e
+
1e
-
.
1e-
0e
1e-
++1
-
000.e
--2
.
1.2.3
0e
.
--2
.
1e+
+
000.e
--2
1e
1e-
0e
e10
abc
+
-
e10
-
1e-
1e-
1e-
0e
+
.
1ee2
abc
-
000.e
1e
--2
abc
++1
abc
abc
1e-
++1
+
1e
--2
++1
1e+
-
000.e
abc
1e-
000.e
1.2.3
1e
abc
--2
.
.
000.e
-
1ee2
000.e
0e
000.e
e10
0e
++1
1e+
-
1.2.3
e10
+
1e
-
1ee2
.
1.2.3
0e
1e+
0e
1e-
-
1ee2
0e
1ee2
.
abc
.
1.2.3
000.e
e10
++1
abc
1e
e10
-
e10
+
-
abc
abc
0e
e10
-
0e
.
e10
1e+
1e+
1e
e10
1e
+
1ee2
--2
1e-
1e
abc
-
+
-
1.2.3
+
1.2.3
e10
1.2.3
1ee2
1e-
0e
abc
1e-
1ee2
1ee2
0e
0e
1e
abc
.
-
1ee2
1e-
--2
1.2.3
++1
++1
.
1e
--2
000.e
e10
1.2.3
e10
1e
1e-
e10
++1
000.e
++1
0e
1.2.3
0e
1e
--2
1.2.3
++1
e10
-
1e
1e+
0e
.
1e+
0e
abc
e10
000.e
1.2.3
+
1e+
.
1e
1ee2
e10
1e
1e-
0e
0e
1ee2
000.e
0e
--2
000.e
1.2.3
--2
1e+
1e
1e+
e10
-
+
abc
.
-
1e-
0e
--2
1.2.3
+
-
--2
1e+
1e+
e10
000.e
+
1e-
--2
+
1e-
1e-
1e+
e10
abc
1e
e10
abc
+
1.2.3
.
1ee2
e10
1.2.3
abc
000.e
abc
++1
abc
e10
++1
1e-
e10
1e
--2
e10
1e
1ee2
++1
+
1e
000.e
.
.
+
000.e
1ee2
1e+
1.2.3
e10
0e
1ee2
abc
1.2.3
.
1e
1e+
++1
e10
000.e
1e
e10
e10
1ee2
1e-
1e+
.
--2
-
+
0e
000.e
1.2.3
.
1e+
1e+
1e+
-
0e
abc
.
1e
+
0e
1e-
1e
1.2.3
+
000.e
1.2.3
1ee2
.
1e
0e
++1
0e
--2
1e-
1e
e10
1e-
0e
-
+
000.e
++1
-
.
++1
++1
1e-
1.2.3
1e
1e-
0e
-
e10
1e+
1e-
1e
-
-
1e+
1e-
-
0e
e10
1e
1.2.3
++1
1e
0e
000.e
000.e
+
abc
e10
--2
.
1.2.3
1.2.3
1.2.3
+
++1
1ee2
1e-
0e
.
e10
1e+
-
abc
+
1e+
++1
-
1.2.3
000.e
--2
1e-
abc
1e-
1e
+
abc
0e
000.e
000.e
0e
--2
--2
1e+
e10
1.2.3
+
000.e
--2
1e-
1e
1ee2
abc
+
1ee2
++1
1e-
-
-
0e
1e+
1e-
1e
e10
-
-
1ee2
1e
++1
1e-
1e
1e
e10
-
1.2.3
1e
1.2.3
+
+
1.2.3
.
.
1e
+
e10
-
1e+
abc
1ee2
1e-
++1
+
1.2.3
--2
-
++1
000.e
+
0e
1.2.3
++1
1.2.3
--2
1e
1e+
1.2.3
0e
1ee2
1.2.3
1e-
abc
1e+
--2
e10
1.2.3
e10
-
1.2.3
1e
-
--2
+
e10
++1
000.e
000.e
-
e10
--2
+
1ee2
0e
abc
++1
1e-
0e
1e-
+
--2
1ee2
+
--2
abc
++1
abc
++1
1e-
1ee2
++1
1e
1.2.3
--2
1ee2
abc
--2
e10
++1
1e-
--2
1e
-
0e
--2
1ee2
abc
1e+
1ee2
1e
.
1e+
000.e
abc
1e
+
+
.
e10
.
1e-
-
--2
++1
1e+
1e-
000.e
-
1e+
+
1.2.3
-
0e
1e
000.e
++1
.
+
1ee2
1e+
000.e
.
+
000.e
1e+
0e
0e
1e
000.e
0e
1ee2
.
++1
1ee2
+
.
e10
-
000.e
1e-
++1
1e-
++1
e10
+
.
1e-
1e+
1e
-
1.2.3
1e+
1.2.3
1e-
++1
+
abc
1.2.3
1ee2
1e
abc
1e
1.2.3
1e-
-
000.e
1ee2
++1
1.2.3
.
+
+
++1
1e+
abc
1e-
e10
abc
.
-
1.2.3
+
-
1e
1e
1e+
--2
1e-
1ee2
+
+
abc
0e
1e
000.e
-
0e
abc
e10
1ee2
1e
+
.
1e
1.2.3
0e
+
--2
.
e10
+
1.2.3
0e
.
.
0e
1e
1ee2
+
0e
.
1ee2
1ee2
1ee2
.
1.2.3
abc
--2
1e+
1.2.3
000.e
.
e10
1e+
+
1.2.3
000.e
-
abc
.
--2
+
++1
1e+
+
++1
000.e
1e+
-
000.e
1e-
000.e
e10
e10
1e-
-
.
1.2.3
.
++1
0e
abc
1ee2
0e
.
0e
++1
+
abc
0e
0e
abc
000.e
000.e
000.e
1e+
1ee2
000.e
1e-
++1
1ee2
e10
1e
--2
abc
1e-
-
.
abc
++1
+
000.e
1e+
++1
1e+
--2
1ee2
e10
1e+
1.2.3
1.2.3
--2
abc
abc
e10
.
000.e
++1
1e
1e-
1e
+
.
.
1e
0e
000.e
e10
++1
-
++1
0e
1.2.3
1e+
--2
++1
--2
1e-
1.2.3
1ee2
1ee2
abc
-
.
1e+
+
1.2.3
1.2.3
--2
abc
000.e
1e
--2
+
e10
1e+
1ee2
++1
1e+
1e+
+
++1
0e
1e
--2
0e
++1
--2
1.2.3
1.2.3
-
0e
+
--2
.
+
.
--2
1ee2
1ee2
e10
e10
.
++1
1ee2
0e
1ee2
1ee2
-
+
1.2.3
1e
1e
abc
1e-
1e+
1ee2
1ee2
1ee2
-
1e+
abc
-
-
1e+
1.2.3
0e
1ee2
1ee2
1e+
1e+
abc
1e
1e-
-
--2
.
abc
-
1e+
-
-
-
0e
1e-
000.e
0e
1ee2
1.2.3
1.2.3
+
-
e10
++1
1.2.3
abc
.
.
.
.
abc
1e
1ee2
-
--2
abc
abc
1ee2
1e-
--2
1.2.3
++1
+
.
1e-
1e
1ee2
e10
1.2.3
1e
++1
+
0e
1ee2
1ee2
--2
-
-
abc
.
.
abc
--2
0e
+
1ee2
1e-
+
1e-
+
1e
--2
e10
1ee2
000.e
000.e
++1
1.2.3
abc
000.e
abc
-
+
1e
0e
0e
abc
--2
-
1.2.3
0e
+
abc
-
abc
1e+
1ee2
1e
1e-
.
0e
1e-
e10
abc
.
abc
-
-
.
+
-
000.e
1e-
0e
--2
e10
-
-
e10
0e
abc
1e+
1e
+
-
1e
.
1e
abc
e10
-
++1
+
.
1ee2
1e+
--2
++1
+
abc
000.e
-
e10
++1
++1
abc
+
1.2.3
000.e
+
1ee2
000.e
--2
-
+
--2
.
1e-
e10
++1
1e-
-
000.e
-
e10
abc
--2
.
--2
-
1.2.3
+
0e
1e+
1e
1.2.3
1.2.3
-
1ee2
1e
--2
.
-
-
--2
000.e
+
0e
000.e
.
e10
++1
1e
abc
1e
1e
++1
-
abc
e10
1e-
000.e
++1
-
1ee2
1e
1.2.3
1e-
.
e10
--2
e10
1e+
++1
000.e
abc
0e
0e
.
1ee2
1.2.3
--2
1e+
1e-
1.2.3
000.e
+
1ee2
++1
1.2.3
1e+
1.2.3
1.2.3
0e
1.2.3
000.e
.
1.2.3
1e
e10
e10
.
+
++1
1e
1e-
e10
.
1ee2
abc
-
+
.
-
abc
--2
++1
abc
abc
1e
.
.
1e-
1ee2
+
1e
abc
e10
-
1.2.3
--2
--2
.
1ee2
+
e10
0e
1e-
1e-
1e
abc
1ee2
0e
1ee2
1e+
.
1e+
1.2.3
++1
000.e
1ee2
++1
0e
0e
-
1e-
1e
++1
0e
000.e
.
++1
1.2.3
1e+
1ee2
.
1e-
1e-
--2
+
1e-
1e-
1.2.3
.
1e
++1
1ee2
1ee2
1.2.3
1e+
e10
--2
--2
1.2.3
e10
000.e
-
1e+
abc
000.e
1.2.3
000.e
--2
1e-
1.2.3
abc
abc
.
1e
+
++1
-
1.2.3
.
1e
1e
1.2.3
--2
e10
1ee2
1.2.3
1ee2
1e-
1e+
1e+
1e+
.
++1
abc
--2
--2
1e
0e
abc
1e+
1e
000.e
1e-
1ee2
--2
1ee2
--2
0e
e10
0e
++1
000.e
abc
0e
1e
000.e
1e+
1e
-
--2
--2
++1
1e
000.e
000.e
++1
+
+
--2
--2
+
1e-
1e-
++1
1e
1.2.3
1e-
--2
1e
1.2.3
+
abc
1e
.
+
000.e
+
abc
1e
.
--2
+
abc
1e-
-
000.e
.
1e-
1e-
1e-
1e
e10
abc
1.2.3
e10
1e+
e10
000.e
abc
000.e
abc
++1
--2
.
1.2.3
--2
000.e
000.e
1e
1e
1e
e10
+
-
1e
abc
1e
0e
e10
0e
+
.
abc
1e+
-
+
1.2.3
.
1e-
.
1ee2
1.2.3
abc
1e+
1e-
++1
+
--2
-
-
--2
1ee2
1.2.3
1.2.3
++1
0e
e10
1ee2
-
000.e
-
0e
-
e10
+
+
1e-
.
000.e
0e
1.2.3
0e
e10
000.e
--2
0e
0e
abc
1e-
.
1ee2
1e-
0e
e10
1ee2
++1
1e-
-
+
000.e
0e
1.2.3
1e-
-
abc
1ee2
++1
0e
1e+
0e
1ee2
+
e10
abc
0e
--2
.
1ee2
1e
1e-
abc
1ee2
e10
abc
--2
e10
abc
000.e
abc
0e
--2
+
abc
-
+
+
.
abc
--2
.
e10
1e
+
1.2.3
1e+
1e
--2
-
1e
e10
.
1ee2
+
--2
.
e10
000.e
+
1e+
--2
1e+
e10
--2
0e
0e
1e+
-
e10
+
000.e
++1
-
000.e
e10
--2
++1
+
1ee2
abc
++1
1e
1.2.3
0e
1e-
+
-
1e-
e10
000.e
++1
1e-
--2
1ee2
.
abc
++1
000.e
abc
.
1.2.3
1.2.3
--2
1e-
+
abc
abc
.
1ee2
0e
.
.
++1
1e+
abc
0e
000.e
++1
1ee2
1e+
.
+
abc
000.e
1e-
-
0e
-
0e
1e+
--2
.
1e
1e+
1.2.3
1.2.3
e10
++1
1.2.3
1e-
1e+
0e
++1
0e
1e
abc
.
1e+
1e-
.
1e
-
0e
1e
-
1e-
1e-
1e-
1e
1ee2
0e
000.e
++1
--2
000.e
0e
.
abc
e10
000.e
1e
000.e
1e
.
1e+
.
++1
000.e
-
+
1e
-
1ee2
0e
e10
1e+
+
.
1e+
1e+
abc
+
abc
1.2.3
--2
-
abc
+
000.e
+
--2
0e
1e+
abc
0e
0e
--2
000.e
1e+
abc
1e-
1e-
+
1e+
1e
1.2.3
+
-
abc
1e-
++1
0e
0e
abc
000.e
++1
1ee2
0e
+
000.e
-
+
--2
1e
1e-
0e
1e+
+
1e+
1.2.3
1e-
--2
1.2.3
1e
000.e
1e-
abc
1ee2
000.e
--2
--2
--2
e10
0e
-
--2
+
0e
1e
1e
1.2.3
000.e
-
1ee2
000.e
1.2.3
e10
++1
1e-
--2
1e-
--2
1e
-
.
e10
1e+
000.e
000.e
1e-
1e
1e-
1.2.3
-
1.2.3
-
e10
1e+
1e+
-
++1
abc
000.e
.
++1
1e-
1.2.3
-
-
000.e
1e
1e
1e
1e-
0e
1ee2
--2
e10
000.e
abc
++1
.
++1
000.e
0e
1ee2
e10
e10
.
1e-
0e
.
000.e
1ee2
000.e
1e
1e-
e10
+
e10
++1
e10
++1
e10
+
--2
+
1ee2
1e+
0e
1ee2
e10
++1
-
1.2.3
--2
1ee2
.
.
1e+
--2
1e-
0e
--2
abc
.
1e+
1.2.3
1.2.3
1e+
0e
e10
1e+
1e
1.2.3
0e
1e
-
1e-
1ee2
.
1ee2
e10
--2
1e+
1.2.3
1e+
e10
abc
.
0e
e10
1ee2
.
--2
1.2.3
0e
abc
1e-
0e
000.e
-
000.e
-
-
--2
--2
1.2.3
000.e
1e+
++1
+
1e+
+
1e+
++1
abc
e10
++1
1e
1ee2
1e
1e+
e10
1e
--2
--2
1.2.3
1e
e10
0e
.
1ee2
-
0e
1ee2
1e+
abc
abc
000.e
-
.
1e-
--2
e10
1e+
0e
+
--2
abc
1e
--2
000.e
1e+
abc
1e
e10
1e+
1.2.3
+
abc
000.e
.
1e
1.2.3
-
0e
+
--2
.
1e+
1e
1ee2
1e
+
000.e
+
e10
.
++1
1e+
--2
abc
e10
++1
1ee2
+
-
1e
++1
1ee2
e10
+
abc
1e
000.e
000.e
e10
1e-
.
-
000.e
000.e
1.2.3
e10
1e+
000.e
1e
.
1e-
.
1.2.3
1ee2
1e+
1.2.3
000.e
1e
.
++1
abc
1ee2
1e-
1e+
1e+
1e
1e
--2
0e
1e+
+
.
+
+
.
1e+
1e-
1.2.3
-
+
abc
e10
.
++1
--2
0e
e10
1e
1e+
--2
1e+
-
abc
e10
-
abc
e10
0e
1e-
abc
1e-
++1
e10
1e+
e10
1e
e10
e10
++1
--2
0e
-
+
1ee2
0e
--2
++1
1.2.3
1ee2
+
abc
1e
abc
1e
++1
1ee2
0e
1.2.3
1e
e10
++1
1e
.
1e-
--2
.
--2
1e+
1e
+
1.2.3
abc
.
+
1.2.3
1e
1ee2
.
.
1e-
000.e
1.2.3
1.2.3
000.e
-
1e-
1e
+
1ee2
.
-
.
+
e10
e10
++1
0e
.
1ee2
1.2.3
000.e
abc
--2
1e-
1e+
abc
--2
++1
.
--2
abc
1ee2
-
1ee2
1e
000.e
abc
1.2.3
.
--2
.
1e
+
.
++1
1e-
.
1.2.3
-
abc
1e
1e-
1e+
++1
1.2.3
.
1e-
1ee2
+
.
-
++1
+
1e
++1
--2
++1
1e+
1e+
1e
1.2.3
1e
.
1e+
1e
+
1e-
1e-
1.2.3
1ee2
abc
.
1.2.3
1e+
+
++1
+
0e
1e
--2
++1
++1
-
1e
1e-
1.2.3
1.2.3
1ee2
1e+
1e
+
-
1ee2
e10
-
e10
e10
000.e
.
--2
.
-
++1
1e+
-
abc
++1
1e-
1e
0e
++1
0e
abc
-
1e-
.
1e
1.2.3
1.2.3
-
000.e
1e
000.e
--2
e10
--2
0e
++1
e10
0e
++1
++1
e10
++1
--2
0e
.
abc
e10
1.2.3
-
1ee2
000.e
1e+
1.2.3
e10
abc
0e
--2
1e+
+
0e
0e
e10
1e
1e-
++1
1e
0e
0e
1e+
1e+
1ee2
-
.
0e
--2
e10
1e
000.e
-
1e-
.
1.2.3
1e
e10
1e
1ee2
1.2.3
1ee2
1ee2
--2
1ee2
-
1e
e10
++1
e10
1e+
.
.
++1
abc
e10
000.e
1e
1.2.3
1e+
0e
000.e
--2
1ee2
e10
0e
1.2.3
++1
0e
--2
1e-
1e
1e+
e10
-
.
.
000.e
e10
abc
--2
-
-
1ee2
+
1.2.3
++1
-
1e-
--2
1e
1ee2
--2
000.e
+
1e+
--2
e10
.
e10
1e-
1e-
e10
abc
000.e
--2
.
1e-
abc
1.2.3
1.2.3
abc
-
-
--2
1.2.3
1ee2
--2
++1
1e-
1e+
--2
1ee2
+
000.e
1e
e10
--2
1.2.3
-
1e+
-
1e+
--2
1ee2
.
1e-
1e-
e10
abc
.
++1
abc
.
1e
1ee2
1ee2
--2
1ee2
+
1e
000.e
+
1e
-
+
000.e
0e
1e+
++1
0e
1e-
++1
000.e
1ee2
000.e
1.2.3
000.e
abc
1.2.3
0e
abc
1e+
0e
1e+
1ee2
abc
.
.
0e
--2
000.e
000.e
.
++1
--2
++1
1e
+
0e
1e-
000.e
1e+
-
+
1.2.3
++1
abc
+
0e
.
1e-
1ee2
0e
abc
1e
1.2.3
1ee2
1.2.3
1.2.3
1.2.3
1e
000.e
.
000.e
1ee2
1.2.3
-
1ee2
0e
-
000.e
--2
+
1ee2
1e-
+
1e
--2
abc
++1
1ee2
-
abc
1.2.3
++1
1e+
000.e
1e-
1.2.3
1e-
abc
+
.
+
.
1e-
0e
1e-
1.2.3
abc
--2
.
+
1e+
000.e
1e+
1.2.3
0e
e10
-
--2
-
+
--2
++1
0e
e10
.
+
1.2.3
.
-
1e
.
1.2.3
000.e
1e
--2
e10
1e+
1e+
0e
000.e
1ee2
1e+
.
0e
1ee2
1e+
.
1e-
1e-
1e+
.
--2
++1
e10
1e-
++1
--2
++1
1e+
1e
e10
1e
+
1e
-
+
0e
e10
++1
1.2.3
--2
000.e
1e-
1.2.3
abc
e10
1.2.3
1e+
+
1e
1e-
-
1e
e10
++1
1e+
abc
-
1e-
++1
.
1e-
+
--2
000.e
e10
0e
1ee2
1ee2
1e-
abc
--2
+
000.e
1ee2
-
1e+
.
1ee2
--2
+
1e
000.e
0e
+
1e
--2
-
1.2.3
1e+
e10
000.e
.
0e
1e
1ee2
1e
0e
--2
1e-
1e
1e
1ee2
++1
++1
0e
1e-
1ee2
++1
++1
000.e
abc
1.2.3
1e-
1ee2
e10
.
000.e
1e
1e+
1e-
1ee2
-
.
+
1.2.3
1e-
-
1.2.3
.
--2
1.2.3
e10
e10
000.e
.
1.2.3
e10
1e-
.
1e+
+
0e
1ee2
1ee2
--2
1e+
1e
1e-
--2
-
abc
1e-
abc
1e-
--2
--2
1e+
abc
0e
abc
-
.
1e-
1e-
1ee2
abc
--2
1e-
-
1e
1e
-
.
.
1e-
+
1e-
000.e
1e
.
++1
++1
0e
-
1ee2
--2
.
1e+
000.e
000.e
+
e10
+
1e-
1e-
-
1e
000.e
1e
0e
1ee2
1e+
-
1e
0e
.
000.e
000.e
1e-
-
++1
1e-
0e
--2
1.2.3
--2
-
1e-
1e-
000.e
1e-
.
000.e
000.e
1ee2
++1
1ee2
.
000.e
+
++1
+
1e+
1e+
000.e
1e+
000.e
--2
1e+
.
.
+
1e
-
abc
abc
1.2.3
1e-
1e-
0e
abc
.
--2
1e+
--2
0e
abc
--2
--2
--2
+
--2
+
0e
abc
1e
1e-
1e-
++1
1e+
abc
1e+
1e+
.
+
1ee2
--2
+
e10
.
1ee2
--2
--2
-
1e
000.e
.
000.e
++1
1e
-
1e+
1ee2
--2
.
1ee2
-
1e+
.
1.2.3
abc
000.e
1ee2
-
--2
1e
1e
1e-
1.2.3
1.2.3
1e-
-
1e
abc
++1
.
1e+
.
++1
0e
--2
-
1.2.3
1e-
1ee2
0e
abc
abc
1ee2
--2
e10
--2
1e+
+
1e-
1ee2
000.e
+
.
1e+
--2
0e
+
1.2.3
.
1e
1e-
++1
++1
1e-
--2
-
1ee2
1e
1.2.3
-
e10
1ee2
.
1e-
.
++1
000.e
1ee2
++1
++1
1e+
e10
000.e
1.2.3
abc
1.2.3
--2
.
1ee2
000.e
abc
1e-
1e-
-
000.e
1e-
abc
++1
-
000.e
+
1e-
1e+
1.2.3
1e
e10
0e
1ee2
1e-
+
+
1.2.3
abc
e10
+
-
e10
++1
000.e
+
.
1ee2
.
+
1.2.3
0e
1e+
abc
000.e
1.2.3
+
++1
.
e10
++1
++1
1e-
000.e
1e
++1
--2
.
abc
1e
1e+
1ee2
1ee2
-
1ee2
0e
1ee2
000.e
++1
++1
1.2.3
1e+
e10
--2
++1
1ee2
1e
1e+
0e
e10
+
1e
+
+
1.2.3
+
e10
--2
1e-
-
000.e
000.e
0e
--2
abc
1e+
--2
000.e
1e+
abc
++1
1e-
e10
1e
e10
1ee2
1.2.3
1e-
1ee2
abc
-
--2
1e
++1
e10
--2
+
1e+
1e+
1e
-
000.e
.
000.e
--2
.
000.e
++1
-
0e
+
e10
1e
abc
1e+
1ee2
-
+
.
000.e
1e+
.
--2
0e
000.e
abc
e10
0e
1e+
1.2.3
.
1e+
000.e
1e
1ee2
++1
1ee2
+
.
1e-
1e+
-
0e
1e
+
.
1e-
1.2.3
abc
1ee2
1e-
1e
e10
1e-
.
--2
0e
1e+
e10
1.2.3
.
.
+
--2
1ee2
1e+
.
1ee2
1e+
+
-
1e
.
1e-
++1
abc
e10
abc
000.e
++1
0e
-
+
1.2.3
0e
+
-
.
.
++1
-
++1
000.e
--2
1ee2
1.2.3
-
1.2.3
--2
--2
-
-
abc
.
e10
+
1e+
e10
1ee2
++1
1.2.3
1e
1e
000.e
abc
0e
++1
1ee2
1e+
++1
1e+
1e
1.2.3
abc
1e+
1ee2
-
--2
1e-
++1
--2
.
.
000.e
--2
+
0e
1ee2
1ee2
1ee2
1ee2
e10
-
000.e
++1
.
000.e
e10
1.2.3
000.e
1e-
+
+
+
-
e10
1e+
--2
1e-
1ee2
1e-
abc
abc
++1
1e
000.e
000.e
0e
0e
e10
1ee2
--2
1.2.3
e10
+
1.2.3
-
1e
1e-
+
0e
1.2.3
1e
1e+
000.e
++1
--2
1e+
1ee2
.
1e
+
1e-
1.2.3
abc
+
1ee2
++1
1e
abc
+
0e
.
.
+
1e-
1.2.3
1e-
++1
+
1e
1e+
1e-
1.2.3
--2
1ee2
1e+
1ee2
1e+
.
e10
--2
+
.
1ee2
.
000.e
e10
1e+
.
1ee2
++1
++1
0e
000.e
1e+
1e+
abc
1e+
e10
-
e10
1.2.3
1.2.3
1e
+
1.2.3
--2
e10
-
1e-
-
1e+
1e-
000.e
-
000.e
0e
.
.
--2
1ee2
1ee2
1.2.3
++1
1.2.3
abc
1.2.3
++1
000.e
0e
0e
1e+
1e
1e-
1.2.3
abc
0e
1e-
1.2.3
+
1ee2
1e-
1.2.3
000.e
1e-
1e
--2
+
000.e
--2
1e-
000.e
-
+
-
1e-
1e
e10
1.2.3
.
--2
0e
e10
0e
1e+
-
1e+
1e-
-
1e+
1e-
-
--2
1.2.3
0e
-
--2
1e
++1
1e+
000.e
1.2.3
1e
1e
--2
-
-
1ee2
++1
--2
1e
--2
1e
-
abc
++1
+
e10
++1
1e-
.
-
1e+
1e
1.2.3
1e
e10
1.2.3
1e+
--2
+
+
000.e
1.2.3
abc
1e-
+
1e-
e10
-
1ee2
0e
-
--2
0e
0e
++1
.
e10
e10
1e
+
1ee2
+
0e
++1
1e
+
+
000.e
++1
000.e
++1
abc
++1
e10
1ee2
0e
+
.
.
1e-
000.e
0e
+
0e
000.e
.
1e+
abc
++1
e10
abc
1ee2
+
+
.
1e+
1.2.3
+
.
0e
0e
1.2.3
e10
--2
1.2.3
-
0e
000.e
e10
1ee2
000.e
1.2.3
1e+
abc
--2
-
1e+
000.e
1e-
--2
1e+
000.e
000.e
.
--2
-
-
abc
--2
abc
1e+
+
.
e10
0e
0e
-
-
.
0e
1e+
1ee2
000.e
1e+
1ee2
+
1ee2
1.2.3
1ee2
1e+
1e+
000.e
1.2.3
000.e
1e-
-
e10
1e
1ee2
abc
1ee2
+
abc
1e-
--2
000.e
-
++1
.
000.e
++1
-
+
0e
-
1ee2
-
1.2.3
1e-
1e+
e10
--2
000.e
1ee2
e10
000.e
1e-
++1
1.2.3
--2
1e
0e
1e
-
.
++1
e10
++1
1e-
1e+
+
1e+
1e
1ee2
0e
.
000.e
abc
1e-
++1
1e-
000.e
1e
1e-
0e
.
1ee2
000.e
+
abc
abc
++1
000.e
1.2.3
e10
--2
-
0e
--2
1e
1ee2
abc
1e+
1e
0e
1.2.3
++1
+
+
abc
abc
.
.
0e
abc
000.e
e10
1e
0e
-
1e+
e10
1e+
1e
1e+
e10
000.e
.
+
1ee2
1e+
++1
e10
e10
1e-
e10
-
000.e
1ee2
e10
000.e
+
1e
1e
--2
++1
1e
1.2.3
1e-
.
e10
.
-
abc
.
++1
-
+
1.2.3
000.e
000.e
++1
1e
.
1e+
++1
+
.
.
1.2.3
.
-
.
0e
++1
-
1.2.3
1.2.3
e10
1e
1ee2
--2
1e+
--2
++1
1.2.3
--2
.
1e+
0e
abc
1ee2
0e
1e+
+
1.2.3
e10
1e+
e10
1ee2
e10
e10
+
1e
+
abc
.
1e+
1e
1e+
e10
0e
0e
1ee2
1ee2
1e
-
abc
1ee2
--2
-
--2
1ee2
0e
abc
1.2.3
000.e
1e+
++1
abc
.
1.2.3
0e
1ee2
1ee2
++1
+
1ee2
1e-
abc
.
1.2.3
--2
.
0e
e10
.
0e
abc
0e
abc
abc
+
++1
1e+
1.2.3
0e
+
e10
000.e
abc
+
+
1e
abc
-
1e
+
++1
.
1ee2
--2
1e+
1ee2
e10
0e
0e
1ee2
.
1ee2
+
0e
1.2.3
1.2.3
--2
1.2.3
1e+
--2
-
000.e
1e+
-
++1
1ee2
abc
--2
--2
1ee2
.
1.2.3
.
0e
1e+
0e
1.2.3
.
-
e10
e10
1e
1e+
-
1e-
+
--2
+
--2
--2
+
1.2.3
+
1.2.3
e10
000.e
000.e
1ee2
000.e
0e
--2
-
1e-
e10
000.e
1e+
.
--2
0e
abc
1e+
++1
0e
1e+
e10
-
-
1.2.3
e10
1ee2
000.e
1ee2
1.2.3
1.2.3
--2
1e-
1ee2
1.2.3
.
abc
.
+
000.e
--2
++1
000.e
1e-
0e
--2
+
.
1e+
0e
.
--2
0e
-
.
1e-
1ee2
1e
--2
e10
000.e
1e
e10
000.e
e10
1ee2
1ee2
000.e
abc
1e
-
.
1e
000.e
-
abc
+
+
.
e10
e10
1ee2
abc
1e-
1e
abc
-
000.e
.
0e
000.e
1e+
abc
-
abc
--2
abc
abc
1e+
1e
1e
-
-
.
++1
1.2.3
+
1e+
1e+
1ee2
.
1e
--2
--2
abc
+
e10
1e+
1e-
1.2.3
e10
-
1.2.3
abc
+
e10
-
-
abc
000.e
++1
1ee2
1.2.3
+
+
1e
abc
++1
1e+
0e
+
1.2.3
-
--2
abc
abc
000.e
1e+
e10
1ee2
-
+
++1
e10
--2
+
++1
1ee2
-
+
abc
-
1e-
1e+
e10
1e+
-
--2
1.2.3
1.2.3
+
0e
abc
e10
+
--2
1.2.3
++1
-
1e
1ee2
e10
1e-
++1
1ee2
++1
1ee2
++1
+
++1
1e
1e+
++1
++1
1.2.3
1e
1e-
abc
+
000.e
1ee2
.
1ee2
1ee2
e10
+
-
1.2.3
0e
.
.
1.2.3
--2
1e
000.e
+
0e
+
.
0e
+
1ee2
+
000.e
-
abc
++1
1ee2
000.e
1.2.3
1e
.
++1
0e
e10
.
1.2.3
.
0e
1e-
1ee2
+
--2
0e
1e+
000.e
1.2.3
abc
e10
1ee2
1e+
-
.
--2
.
1.2.3
0e
++1
1e
1ee2
000.e
.
1e+
e10
abc
-
000.e
.
abc
abc
1ee2
1e+
--2
000.e
--2
++1
1e-
abc
+
+
1e+
abc
+
1.2.3
.
0e
1e+
1e-
1ee2
1ee2
abc
1ee2
e10
1e
++1
0e
1ee2
000.e
.
++1
0e
0e
-
1e+
1e
1ee2
abc
000.e
0e
-
1e-
abc
1.2.3
1ee2
++1
++1
1e
--2
1e
1ee2
.
.
1e-
.
.
1ee2
1e
1e
++1
+
.
1e-
1e-
+
abc
-
-
--2
0e
+
0e
-
1e+
+
--2
000.e
-
1ee2
.
++1
1e+
1e-
0e
--2
1e+
-
0e
-
+
.
1e-
--2
abc
e10
1e+
1ee2
0e
0e
++1
.
0e
-
+
++1
++1
1e
e10
++1
--2
000.e
1e-
1.2.3
1e
--2
1e
e10
1.2.3
.
e10
1.2.3
+
1ee2
-
1ee2
++1
+
0e
1e
+
1.2.3
++1
e10
e10
.
abc
e10
0e
-
1e-
e10
1e-
.
1.2.3
1e
abc
000.e
1e+
.
abc
000.e
1.2.3
1e+
1ee2
1e
--2
1.2.3
+
1e
abc
0e
0e
1e
++1
000.e
+
0e
1e
0e
000.e
-
1e
+
0e
++1
abc
++1
1ee2
e10
.
-
1.2.3
1.2.3
1e
++1
++1
0e
+
++1
++1
0e
--2
1e+
1e
e10
++1
abc
1e-
++1
000.e
++1
abc
1ee2
1e-
0e
++1
000.e
1e
abc
1e
000.e
-
1.2.3
1ee2
1e-
+
000.e
+
1.2.3
.
.
000.e
+
--2
--2
+
.
1e
1e
1ee2
+
-
+
1e
-
1ee2
1e-
-
1.2.3
1e+
1ee2
1e
1e
1e
000.e
abc
+
--2
1e-
abc
-
++1
-
1e+
e10
0e
--2
-
abc
abc
0e
++1
-
000.e
1.2.3
++1
1e-
-
--2
1e
1ee2
e10
000.e
e10
1e-
abc
e10
abc
e10
--2
-
+
1e
1e
--2
-
+
-
1.2.3
.
1e
1.2.3
1e
1e-
.
1ee2
--2
1e+
++1
1ee2
000.e
1ee2
.
000.e
e10
+
1e+
1.2.3
+
++1
1e-
abc
1.2.3
++1
--2
1e-
1e-
1.2.3
1.2.3
abc
1e
--2
1e+
1e-
--2
++1
1ee2
++1
++1
++1
0e
.
-
1.2.3
0e
1.2.3
--2
+
0e
1.2.3
1e-
000.e
.
000.e
1e-
1.2.3
1ee2
-
1e
abc
1e+
e10
abc
000.e
0e
1e+
0e
+
1ee2
0e
0e
1e-
.
1ee2
e10
abc
+
1.2.3
1ee2
000.e
-
e10
abc
000.e
1e-
abc
.
-
1ee2
e10
e10
++1
0e
--2
000.e
1ee2
e10
1e-
--2
+
e10
1e-
abc
--2
1.2.3
abc
--2
++1
1.2.3
--2
1.2.3
1.2.3
++1
1.2.3
.
1e
1e
-
+
1e-
++1
1e
1e+
1e
1e
1e+
1.2.3
.
-
000.e
.
1e-
1e-
--2
1.2.3
0e
--2
-
0e
.
++1
1e+
0e
+
+
1e-
1ee2
e10
1e
0e
1e-
1ee2
abc
.
e10
1e-
000.e
abc
abc
1e
.
1e-
++1
abc
abc
1e-
--2
1ee2
+
1ee2
++1
1e
000.e
++1
000.e
1.2.3
++1
.
abc
0e
000.e
.
1e-
++1
++1
--2
-
1e
000.e
abc
1.2.3
+
abc
e10
+
1ee2
--2
1e
++1
1e-
1e
--2
000.e
++1
--2
1e
.
-
1e
-
1ee2
0e
--2
1e+
+
e10
1e-
1e-
.
++1
1.2.3
000.e
++1
1ee2
1e+
1ee2
e10
1e+
--2
++1
1.2.3
000.e
--2
.
000.e
+
1ee2
+
-
++1
-
1e
--2
e10
++1
--2
1e
abc
000.e
+
1e-
1e
e10
+
1e-
1e+
1e-
1e+
abc
1ee2
1e
0e
.
-
.
1e-
.
.
+
-
1e
.
++1
--2
+
1e
abc
++1
1ee2
-
--2
e10
e10
1e-
--2
abc
000.e
1ee2
1.2.3
+
+
1.2.3
000.e
--2
1.2.3
1e
1e
e10
1e+
1e
0e
1e
1.2.3
.
abc
e10
.
abc
1.2.3
abc
1.2.3
.
-
0e
--2
.
e10
1.2.3
.
--2
--2
abc
1e-
000.e
1e+
+
1.2.3
.
1ee2
+
0e
0e
1e-
1ee2
1.2.3
1e-
--2
0e
.
++1
1e+
--2
.
1e
.
1e-
--2
abc
1.2.3
1e+
++1
.
++1
.
abc
1e-
0e
-
++1
1ee2
++1
0e
.
++1
-
000.e
-
000.e
++1
abc
++1
--2
-
e10
++1
abc
1e
0e
1.2.3
000.e
1e+
abc
0e
+
.
1ee2
1e
000.e
1e-
000.e
1.2.3
000.e
000.e
1.2.3
+
abc
1e+
1ee2
-
++1
000.e
1.2.3
1e
1ee2
--2
1ee2
0e
.
++1
000.e
1e-
1e+
--2
++1
e10
-
-
e10
e10
000.e
1e+
++1
.
1e-
-
1e
++1
--2
1e+
-
e10
1e+
000.e
+
.
++1
--2
1ee2
+
1.2.3
--2
1ee2
+
1e+
++1
.
000.e
1e-
1e+
e10
e10
1e+
000.e
1e-
++1
abc
-
abc
abc
++1
1e
abc
++1
1.2.3
1e
e10
000.e
-
++1
-
1e+
1e+
+
+
0e
e10
e10
.
1e-
+
+
1ee2
0e
abc
--2
abc
000.e
e10
1e+
.
+
++1
--2
--2
1ee2
.
.
1ee2
1.2.3
0e
.
--2
0e
1e
000.e
-
1e
++1
--2
.
.
++1
1e-
1.2.3
1.2.3
e10
1e+
abc
--2
1e
.
abc
1.2.3
1e-
1e-
000.e
1ee2
1ee2
1e-
abc
1e-
1e+
1e
-
1e+
1.2.3
-
1ee2
0e
e10
abc
++1
000.e
e10
e10
e10
e10
-
1.2.3
abc
1e
1e+
abc
0e
+
1e
000.e
abc
-
1e
1e
1e
0e
++1
1e
1e+
1e+
0e
.
1ee2
-
+
-
--2
1.2.3
-
-
e10
1ee2
1.2.3
abc
e10
1e
e10
1.2.3
++1
e10
abc
--2
1ee2
--2
e10
000.e
1e+
1e+
1e
e10
-
0e
+
.
1e+
e10
000.e
-
abc
abc
--2
1e-
1e-
.
1.2.3
-
1e+
1ee2
000.e
1ee2
0e
0e
++1
1.2.3
.
000.e
-
1.2.3
1.2.3
.
1e-
--2
+
abc
e10
0e
1e-
0e
e10
000.e
0e
-
--2
0e
-
1e
abc
+
1e+
0e
+
000.e
1e+
1e
000.e
1e+
+
-
+
1.2.3
0e
.
1e
1.2.3
1ee2
000.e
1ee2
1e
-
0e
000.e
+
abc
1e
abc
+
000.e
e10
abc
000.e
000.e
e10
1.2.3
0e
000.e
.
.
-
1e+
1e-
1.2.3
1e+
000.e
--2
-
1.2.3
--2
abc
1e+
1e-
abc
1e
.
000.e
1ee2
1ee2
--2
1e+
1.2.3
000.e
++1
++1
+
+
000.e
1e-
0e
1e
1e+
0e
000.e
000.e
1e
.
1e
000.e
1e-
000.e
1ee2
1ee2
1.2.3
1.2.3
1ee2
e10
--2
-
++1
+
1ee2
abc
1.2.3
1e+
--2
000.e
--2
1.2.3
-
1e+
1.2.3
1ee2
1ee2
1ee2
1ee2
1e-
e10
--2
1.2.3
1.2.3
--2
1.2.3
1.2.3
e10
1e+
1e+
.
.
0e
--2
1ee2
1e
+
abc
1.2.3
1e-
1e-
.
-
1.2.3
1e+
1ee2
1e-
abc
1e
1ee2
1e
++1
e10
++1
--2
abc
1e
-
e10
1.2.3
++1
abc
000.e
1ee2
++1
0e
-
1e
1e
1e
1e-
1e-
.
1ee2
+
.
.
.
-
e10
abc
0e
++1
++1
1e+
-
1.2.3
1e
1.2.3
.
abc
-
abc
000.e
+
1.2.3
0e
-
e10
0e
-
0e
.
++1
abc
1e
1ee2
1e+
0e
1.2.3
--2
--2
-
e10
1e
-
1e-
-
abc
1ee2
1ee2
1e-
000.e
e10
1ee2
0e
1.2.3
++1
1ee2
1ee2
e10
0e
1e+
1ee2
0e
+
--2
++1
1ee2
+
--2
+
1e-
1ee2
1e-
1.2.3
abc
1e-
0e
000.e
abc
0e
1e+
abc
000.e
1e+
+
0e
1ee2
1.2.3
0e
0e
1e-
++1
.
+
-
.
-
1ee2
abc
--2
e10
++1
000.e
.
--2
.
.
.
-
++1
abc
1.2.3
e10
1e
1ee2
000.e
1e
--2
1e
abc
1e+
.
000.e
e10
1.2.3
1.2.3
000.e
1e-
1e-
+
+
1e+
.
++1
1e-
1e-
--2
0e
1e+
++1
++1
--2
000.e
+
1e-
1e-
1e+
0e
abc
+
abc
--2
abc
+
1.2.3
--2
abc
+
+
1ee2
++1
.
e10
-
-
--2
e10
1.2.3
e10
abc
++1
--2
--2
abc
--2
e10
.
000.e
--2
+
1e-
1e-
e10
1e+
-
000.e
++1
abc
e10
1e+
e10
1e-
1e+
e10
e10
0e
0e
1e
1e+
-
1.2.3
1.2.3
000.e
1e
+
1e+
.
1ee2
000.e
0e
+
0e
-
000.e
1e
.
1e
1.2.3
e10
+
--2
+
1.2.3
+
+
1ee2
--2
1e+
1e+
+
-
e10
+
1e-
1ee2
1ee2
e10
1e-
1e-
++1
000.e
1e-
0e
.
1e-
1e-
1ee2
000.e
-
abc
1ee2
1ee2
.
--2
+
000.e
-
0e
1e-
1ee2
--2
000.e
.
+
0e
1e-
0e
.
1e+
.
1.2.3
abc
--2
-
1.2.3
+
1e
000.e
1e-
1e-
1.2.3
++1
--2
e10
e10
.
--2
e10
1.2.3
1e
1ee2
1.2.3
1e-
+
000.e
1e+
abc
1e-
1.2.3
.
.
++1
e10
0e
1e+
+
0e
1e
1ee2
.
1e-
+
1e-
1e
1e
1e
000.e
1.2.3
0e
0e
1e-
1.2.3
.
abc
1e+
1e+
e10
abc
++1
000.e
0e
0e
0e
1e+
1e-
+
e10
.
000.e
e10
0e
-
-
e10
e10
000.e
000.e
0e
1ee2
1.2.3
1ee2
--2
1.2.3
abc
.
1e-
1e
1e
++1
1e-
-
-
+
.
000.e
1e-
1e-
--2
.
1e
1ee2
--2
1e+
e10
abc
abc
1ee2
1ee2
1.2.3
1e
-
1e+
-
+
1ee2
1.2.3
1.2.3
0e
000.e
0e
000.e
0e
abc
1ee2
+
-
.
1e+
.
0e
++1
1e
--2
1e+
.
1ee2
000.e
000.e
+
+
.
1e+
1e-
e10
.
1ee2
e10
++1
e10
e10
1.2.3
abc
.
1e-
+
+
.
1ee2
1ee2
--2
.
1ee2
abc
--2
.
--2
abc
1.2.3
1.2.3
1e
+
000.e
abc
1e+
1e-
.
++1
0e
.
1.2.3
++1
.
000.e
1ee2
++1
1ee2
0e
1e
++1
++1
1ee2
++1
1e-
e10
--2
0e
--2
--2
abc
+
000.e
1e
1.2.3
++1
000.e
e10
0e
0e
1.2.3
1.2.3
abc
abc
--2
1ee2
++1
-
1ee2
1.2.3
abc
1e-
--2
1e-
++1
1.2.3
1e+
++1
0e
.
1e
++1
1e
1.2.3
1e
e10
.
1.2.3
1.2.3
1e+
+
1e
e10
1.2.3
1e+
1e+
e10
e10
1e-
-
e10
1e
e10
+
++1
abc
1.2.3
1e-
--2
++1
abc
1ee2
.
abc
-
.
1e-
1e+
1ee2
++1
000.e
abc
++1
abc
1e-
abc
+
000.e
.
+
1e-
.
--2
++1
1ee2
0e
-
e10
1e-
1e+
.
1e+
1ee2
000.e
0e
1ee2
--2
000.e
1e
1e
-
1ee2
.
abc
1ee2
+
+
0e
1e
+
-
1e
1e-
1ee2
e10
-
abc
--2
--2
1.2.3
1e
abc
--2
abc
0e
1e
++1
1e-
1e
0e
e10
+
000.e
--2
0e
+
-
.
abc
+
.
abc
0e
-
e10
1e-
1ee2
e10
abc
abc
+
0e
1e+
++1
++1
++1
1e
-
+
+
1e+
1.2.3
+
0e
000.e
1e
000.e
--2
1ee2
-
--2
1e
1e-
1.2.3
000.e
abc
1e+
000.e
1e+
1.2.3
1.2.3
++1
0e
000.e
1e-
++1
1e-
1.2.3
0e
1ee2
e10
-
++1
000.e
.
1ee2
-
0e
e10
.
-
1ee2
++1
-
abc
1e+
0e
1e-
1ee2
e10
abc
000.e
1e-
1.2.3
1e
-
.
-
+
+
000.e
000.e
+
000.e
1e
abc
1e-
1e
1e
0e
1ee2
000.e
0e
1e-
abc
000.e
1e+
000.e
1e+
+
--2
abc
1.2.3
++1
1e+
1.2.3
-
1.2.3
1e-
1e+
+
1e-
1e
0e
.
+
0e
++1
1.2.3
1e+
1.2.3
000.e
1e
1ee2
000.e
000.e
1ee2
++1
1e
1ee2
1e-
e10
abc
1e-
e10
1.2.3
1ee2
1e+
1e-
1e
0e
-
--2
-
1.2.3
000.e
1ee2
000.e
--2
0e
1e-
abc
e10
-
1e
.
++1
.
-
e10
1e-
1ee2
1e
1e-
abc
-
e10
--2
1e
0e
-
e10
1e+
1.2.3
e10
e10
1e+
1e-
abc
+
1e
000.e
e10
1.2.3
1e-
000.e
000.e
-
-
++1
1ee2
-
--2
++1
0e
+
e10
-
++1
1.2.3
e10
e10
-
1e-
1.2.3
1e+
1e
++1
1e+
+
0e
1e+
++1
+
1e+
1e
1e+
++1
e10
--2
1e-
1e-
-
1e+
-
1e-
1e+
0e
e10
-
1e-
++1
0e
++1
1e
1e
.
-
1e+
0e
1ee2
e10
++1
0e
e10
1ee2
1.2.3
0e
1e
1ee2
0e
e10
1.2.3
e10
--2
abc
+
abc
1ee2
e10
--2
--2
-
++1
+
0e
-
.
000.e
abc
e10
1ee2
e10
-
++1
1e-
000.e
1e+
1e+
++1
1e
--2
--2
e10
e10
0e
--2
1e-
1ee2
1e+
-
0e
abc
abc
--2
++1
+
.
abc
000.e
000.e
1e-
++1
e10
1e-
1.2.3
+
--2
1e+
1e+
1e+
.
e10
--2
.
1e-
1e-
++1
+
1ee2
++1
0e
1e-
000.e
000.e
1ee2
abc
abc
1e+
1e+
0e
1e-
1ee2
1e+
.
0e
+
1e-
abc
+
--2
+
1.2.3
--2
+
e10
+
1.2.3
--2
-
1e+
1e-
1.2.3
--2
1ee2
--2
++1
1.2.3
++1
1ee2
1e-
e10
1.2.3
abc
e10
1e
1e-
.
1e-
1ee2
1e
+
1e-
1e-
--2
e10
+
+
000.e
1e+
--2
e10
1ee2
1e+
1.2.3
.
.
abc
0e
abc
1.2.3
000.e
++1
1e-
1.2.3
e10
e10
e10
+
1ee2
+
0e
1e+
e10
abc
1e
1e
1e-
+
1.2.3
e10
1e-
1e+
1e
1e
.
e10
0e
1.2.3
1e-
1.2.3
e10
--2
.
--2
+
-
1e
-
.
--2
1e-
--2
++1
1e+
1e
1e+
1e-
1e+
000.e
+
+
e10
-
1e-
-
1ee2
1e
abc
000.e
1e
e10
1e
-
1e
-
--2
1.2.3
--2
0e
-
1e-
abc
1.2.3
--2
0e
1e-
.
1e
abc
1e+
1.2.3
--2
+
+
1e+
+
1e
-
1.2.3
abc
0e
000.e
+
1e+
1.2.3
-
1.2.3
000.e
0e
.
.
abc
e10
++1
+
1e
1e
1.2.3
0e
0e
+
000.e
1e+
000.e
e10
1e-
+
1e+
1e+
000.e
abc
1e+
1ee2
1e+
+
++1
1.2.3
0e
-
.
.
1ee2
+
1ee2
abc
0e
.
++1
1ee2
-
-
--2
0e
1e-
abc
++1
++1
1.2.3
.
1e+
++1
1e-
000.e
+
e10
--2
.
1.2.3
1e+
1e-
++1
abc
abc
abc
1e
++1
1ee2
1ee2
1e+
+
abc
1e
1e-
abc
1e
0e
1.2.3
abc
+
1e
0e
e10
000.e
++1
e10
e10
1e
0e
1e-
-
1e+
+
1e-
1e-
1ee2
++1
1e-
e10
++1
e10
-
1e-
.
1.2.3
abc
.
e10
e10
++1
abc
--2
1ee2
.
++1
++1
1e-
1e
1.2.3
0e
abc
0e
.
.
-
e10
1e
--2
++1
1.2.3
e10
1e
1e-
e10
000.e
1e-
1e+
0e
1e+
1.2.3
+
1e
1.2.3
abc
0e
e10
1e
e10
1e+
-
0e
1e-
--2
1.2.3
000.e
++1
1e-
1e+
0e
1e+
e10
1.2.3
.
e10
0e
--2
--2
0e
1.2.3
1e-
0e
1e+
abc
1e-
--2
+
+
1.2.3
abc
e10
+
1e-
+
1e
-
000.e
0e
1ee2
1ee2
1e-
000.e
1e
000.e
0e
1e-
++1
0e
-
--2
1e-
+
1ee2
1e
1.2.3
++1
1e
1e+
000.e
-
-
--2
e10
abc
abc
abc
000.e
0e
+
1e
1e
1e+
e10
1ee2
e10
abc
1e
1.2.3
e10
++1
000.e
+
-
abc
+
-
--2
1.2.3
0e
--2
000.e
.
0e
1e
abc
abc
e10
1e+
--2
--2
+
0e
abc
1ee2
++1
--2
abc
-
1.2.3
e10
1e-
++1
+
0e
.
abc
e10
0e
1.2.3
1.2.3
1ee2
1e
1e+
1.2.3
e10
-
1ee2
0e
+
1ee2
0e
1ee2
--2
--2
1e-
0e
0e
abc
1e
1e-
000.e
abc
1e
++1
1.2.3
1e+
--2
1.2.3
1e+
--2
--2
1e+
e10
0e
-
+
0e
abc
.
--2
+
+
0e
1ee2
000.e
1ee2
.
1ee2
-
0e
.
.
000.e
--2
.
0e
+
--2
abc
1e-
1e
.
1e+
-
1e
000.e
000.e
-
abc
0e
0e
1e-
000.e
000.e
1e
++1
.
000.e
abc
--2
1ee2
--2
1e+
1ee2
1e
e10
e10
0e
.
1e-
1ee2
0e
0e
0e
1ee2
0e
++1
1ee2
000.e
--2
1.2.3
-
1ee2
1e+
1ee2
--2
000.e
000.e
1e-
1.2.3
1.2.3
.
-
1ee2
1.2.3
-
1e-
1e
++1
0e
0e
1e+
1.2.3
1ee2
.
000.e
+
1.2.3
--2
1.2.3
1.2.3
000.e
++1
abc
--2
-
abc
abc
e10
++1
e10
+
1e+
++1
++1
0e
-
000.e
1e+
0e
e10
000.e
1e
.
e10
1e+
000.e
1e+
1e+
-
.
++1
0e
--2
1.2.3
.
1e-
-
++1
-
+
1e
1e+
1e+
+
--2
--2
1.2.3
000.e
-
++1
e10
1e
e10
--2
1e
1e+
1.2.3
1ee2
1.2.3
-
--2
1e+
e10
1e+
+
1e+
1e-
000.e
++1
e10
--2
000.e
000.e
0e
abc
e10
1e+
1e+
e10
++1
000.e
1ee2
1.2.3
e10
1e+
.
-
1e+
e10
1.2.3
-
.
1ee2
-
1e+
1.2.3
1e-
1e+
1e
1ee2
+
000.e
000.e
1e+
e10
1e
--2
1e
-
1ee2
0e
-
1ee2
-
1.2.3
e10
++1
e10
e10
1ee2
1e+
-
-
1ee2
e10
1e+
1.2.3
-
1.2.3
1e-
e10
0e
e10
0e
+
-
.
1e-
-
++1
1.2.3
1e+
000.e
1.2.3
1e
0e
1e-
1e-
-
abc
e10
--2
1ee2
1e-
1.2.3
1ee2
000.e
++1
000.e
1ee2
+
1e
1e+
+
+
--2
+
1e
e10
1e-
1ee2
++1
+
e10
1e+
1e+
0e
1ee2
e10
.
1e
1e+
1e
++1
abc
1.2.3
000.e
--2
1ee2
--2
++1
1e+
++1
0e
1e-
000.e
1ee2
1.2.3
.
000.e
-
abc
1.2.3
1e+
-
--2
1.2.3
.
abc
0e
e10
e10
e10
-
000.e
1ee2
abc
-
.
--2
+
.
+
1e-
0e
1.2.3
abc
1e
1ee2
--2
-
1.2.3
-
.
1e+
+
e10
--2
000.e
abc
-
++1
+
1e
1e-
-
+
--2
1e+
.
1ee2
+
.
1ee2
1e-
1e
1.2.3
abc
e10
-
000.e
000.e
++1
1e-
000.e
e10
abc
1e-
0e
e10
--2
.
1e-
.
-
1e-
0e
1ee2
--2
e10
0e
abc
++1
1e-
++1
-
000.e
.
e10
-
+
1e-
abc
1.2.3
+
1ee2
++1
000.e
+
1e
1e
1ee2
++1
++1
1.2.3
++1
1.2.3
++1
+
abc
000.e
abc
1ee2
-
0e
e10
+
--2
+
1ee2
--2
1e+
1e-
abc
1ee2
e10
1e-
abc
000.e
1e+
0e
++1
+
0e
1e+
.
0e
--2
1e+
1e+
1ee2
-
1.2.3
.
1e
1ee2
000.e
1e
+
-
1.2.3
--2
1e-
000.e
0e
1e-
1ee2
000.e
.
1e+
e10
--2
1e+
++1
e10
.
e10
--2
.
-
.
.
e10
000.e
1e-
abc
--2
++1
1e+
000.e
.
000.e
1ee2
1e+
0e
0e
1ee2
1.2.3
--2
0e
000.e
e10
1e
+
1.2.3
1ee2
e10
1e+
++1
000.e
000.e
++1
--2
0e
1ee2
000.e
1e
000.e
1e
1e
1e-
1e
1e+
1e+
1e+
1e-
--2
1.2.3
+
1e-
-
.
1e
+
+
000.e
1.2.3
--2
e10
abc
1ee2
1e
abc
.
1ee2
-
000.e
.
1e
e10
--2
1ee2
.
0e
1ee2
000.e
++1
1e-
1ee2
1.2.3
.
1e
1e+
1e
abc
-
-
.
1.2.3
1e-
000.e
+
1e-
1e-
+
.
abc
+
.
000.e
+
.
e10
0e
1e
.
1e-
.
+
1.2.3
++1
--2
++1
1e-
e10
1e-
0e
1.2.3
0e
.
abc
0e
e10
1ee2
.
1.2.3
abc
000.e
+
e10
1ee2
1ee2
--2
1e+
.
1e+
000.e
-
1.2.3
++1
1.2.3
--2
1.2.3
0e
+
+
-
1.2.3
1e
1e+
-
abc
-
1e-
++1
1e+
1ee2
1e+
1ee2
1ee2
1ee2
1e-
e10
++1
1ee2
1.2.3
-
1.2.3
e10
abc
1e
0e
--2
--2
1e
1ee2
abc
1ee2
--2
abc
1e+
1ee2
1e-
+
000.e
0e
e10
000.e
1ee2
1.2.3
1.2.3
--2
.
.
1e+
e10
1e-
1e+
1ee2
--2
++1
.
000.e
++1
.
-
++1
000.e
+
1e-
.
1e-
e10
+
-
++1
1.2.3
1.2.3
abc
1e-
e10
1e
--2
.
--2
0e
--2
--2
1e-
--2
1e+
1ee2
1.2.3
abc
1ee2
+
++1
1ee2
++1
-
1e+
1e
1e
.
0e
abc
--2
000.e
1e+
-
--2
1e+
e10
0e
e10
-
++1
0e
0e
1e+
e10
0e
000.e
1.2.3
1e
0e
1ee2
1e
1e+
+
++1
0e
abc
.
1e+
e10
1e-
1e+
+
0e
.
++1
-
+
++1
+
1e
1e-
--2
1.2.3
1e
abc
++1
abc
--2
1e+
--2
-
++1
--2
+
1e
++1
1e-
-
abc
--2
000.e
--2
+
+
0e
--2
e10
0e
0e
.
abc
1e
1e-
e10
1.2.3
e10
1e-
.
1e+
1e
1e-
0e
e10
1e+
+
1ee2
-
-
000.e
abc
.
1.2.3
+
++1
-
1e
1e
+
-
.
1e-
1ee2
0e
e10
abc
-
e10
.
+
--2
++1
+
1e+
1ee2
1.2.3
1ee2
.
1ee2
abc
1e
1ee2
-
+
-
1ee2
1e+
000.e
0e
.
--2
+
e10
1.2.3
1e+
e10
e10
000.e
--2
1e
+
abc
--2
+
+
1e-
1e-
+
0e
--2
--2
+
1e+
.
1e-
1.2.3
1.2.3
.
+
1e-
abc
1.2.3
++1
e10
abc
1.2.3
e10
.
.
--2
1e
1e-
e10
abc
-
1ee2
+
+
0e
1e-
abc
.
1.2.3
--2
0e
1.2.3
1e-
e10
--2
1e
000.e
--2
++1
1e-
1.2.3
e10
-
.
+
--2
e10
000.e
++1
1ee2
+
--2
e10
1e
e10
.
1e-
0e
e10
1e-
1ee2
-
++1
--2
abc
--2
e10
0e
++1
abc
1.2.3
--2
++1
++1
--2
-
1e+
0e
--2
--2
1e
000.e
1e-
0e
1ee2
0e
-
++1
+
0e
++1
+
1ee2
--2
-
1.2.3
1e-
e10
.
++1
+
abc
0e
0e
+
000.e
1e+
abc
abc
1e
1e-
+
1.2.3
1e
abc
-
1ee2
1.2.3
--2
abc
+
0e
abc
1e
.
1ee2
0e
1ee2
-
-
++1
0e
000.e
-
0e
000.e
++1
.
--2
abc
++1
abc
++1
++1
.
.
.
1e-
1ee2
1e+
1.2.3
+
++1
--2
0e
e10
1e
abc
e10
1e+
--2
1e
--2
1e-
e10
1ee2
--2
++1
1ee2
1e
+
--2
++1
.
1ee2
.
000.e
++1
abc
1e+
.
0e
1e+
++1
1e-
++1
-
0e
.
--2
1ee2
1e-
0e
--2
1.2.3
0e
++1
1ee2
+
++1
.
.
1.2.3
+
--2
1e
1e
1e
1ee2
+
.
+
1e+
abc
-
--2
1e+
.
+
abc
000.e
1.2.3
++1
1ee2
abc
0e
1e
abc
abc
abc
0e
1e-
1e+
e10
000.e
++1
-
.
+
0e
000.e
000.e
1ee2
++1
.
--2
1.2.3
-
-
e10
--2
+
000.e
e10
000.e
abc
1ee2
+
--2
-
++1
0e
1e
000.e
abc
1.2.3
1e-
1e
--2
1e-
--2
1ee2
1ee2
++1
1ee2
1e
.
1ee2
1ee2
e10
-
e10
1e+
1e+
1e
-
-
1e-
0e
1e+
+
000.e
1e+
--2
1e+
e10
1e
0e
1ee2
0e
++1
.
.
.
1e-
--2
1e
1.2.3
1e-
.
--2
.
1ee2
1e-
1e+
1e+
+
++1
+
000.e
--2
e10
++1
1e-
-
.
--2
.
abc
1ee2
++1
abc
000.e
0e
--2
1ee2
+
1e
e10
1ee2
+
+
1e-
1ee2
e10
1e+
-
000.e
e10
0e
000.e
-
1e-
1e+
+
--2
--2
.
1ee2
1ee2
1e-
1e
+
1ee2
+
.
abc
+
--2
abc
+
.
.
1e
1.2.3
000.e
+
-
abc
abc
abc
.
0e
1e+
++1
000.e
.
-
--2
1ee2
e10
+
++1
-
++1
1e
.
e10
1.2.3
0e
+
.
e10
++1
abc
1.2.3
000.e
.
+
.
1e
1e+
.
0e
1e
-
--2
1e
1.2.3
.
1.2.3
abc
1.2.3
000.e
000.e
1.2.3
++1
1ee2
e10
.
.
1e-
e10
1.2.3
000.e
++1
0e
1.2.3
1e
e10
0e
++1
1ee2
0e
e10
000.e
1e+
++1
000.e
e10
-
++1
e10
abc
000.e
++1
1.2.3
e10
1e
0e
1e-
000.e
000.e
.
-
1e-
.
--2
1e-
1ee2
++1
-
1e+
1e+
-
e10
0e
e10
1e-
1e-
0e
1e-
1e+
1e
1e+
abc
1e+
++1
000.e
-
-
abc
1e+
++1
1e
+
1.2.3
1e+
.
0e
-
abc
1ee2
--2
+
1e+
+
0e
1.2.3
+
+
.
.
.
+
1e-
1.2.3
abc
1e-
0e
1e
000.e
-
.
0e
e10
1.2.3
--2
1e-
0e
0e
+
1.2.3
000.e
.
e10
1e-
-
-
.
e10
1ee2
++1
1e-
e10
0e
.
000.e
1e
1ee2
++1
--2
1e
abc
--2
.
e10
--2
000.e
++1
.
+
e10
--2
1e
000.e
.
1e
1ee2
1e
1e
1e-
.
++1
000.e
abc
1e+
--2
e10
1ee2
1e+
.
1e-
0e
--2
++1
e10
1ee2
e10
1.2.3
1e
-
+
1e-
++1
000.e
e10
e10
1e-
1e+
+
--2
++1
000.e
0e
-
0e
--2
1e
--2
+
1e
1e
0e
--2
1e-
++1
++1
0e
+
0e
++1
1e+
--2
--2
1e-
.
-
.
0e
1ee2
1e-
0e
1e
--2
.
.
abc
e10
-
e10
1.2.3
1.2.3
-
1e+
-
1e+
1e-
0e
+
abc
-
abc
+
1e+
000.e
1e+
000.e
1e-
1.2.3
.
++1
1ee2
1e
1e
++1
1e-
000.e
1e-
0e
1e-
0e
+
0e
0e
.
1ee2
.
000.e
1e+
e10
-
e10
1e-
e10
1.2.3
1ee2
.
1e
abc
++1
.
abc
e10
1e+
0e
-
1e-
0e
1e
0e
1.2.3
0e
1.2.3
.
000.e
1e+
e10
000.e
++1
1ee2
1e
+
+
1e+
+
1ee2
000.e
-
++1
1e
+
1ee2
1e-
++1
++1
e10
+
1e+
e10
1e-
++1
abc
000.e
e10
1e-
1e+
abc
e10
1e+
++1
--2
0e
.
abc
1e
+
--2
++1
1e+
000.e
1e
1e+
0e
1ee2
e10
1.2.3
.
1e
1e-
1e
1e-
000.e
++1
++1
1ee2
1ee2
1e+
e10
+
000.e
1.2.3
1e-
1e
1e+
1.2.3
0e
abc
1e+
1.2.3
1e-
1ee2
--2
++1
1ee2
1e+
e10
1e+
1e
.
e10
+
1ee2
.
1e+
1e
abc
1ee2
0e
+
-
0e
e10
000.e
1e-
e10
1e+
1e-
e10
+
1e-
++1
abc
1.2.3
000.e
+
000.e
+
.
1e
--2
1ee2
1.2.3
e10
-
1e-
++1
--2
abc
1e+
1ee2
1.2.3
-
000.e
++1
--2
1ee2
.
1e+
abc
0e
1e+
--2
--2
1ee2
--2
abc
1e-
1e-
1.2.3
1e
1.2.3
++1
.
.
1e-
1.2.3
1e
e10
000.e
1ee2
1e+
1.2.3
++1
abc
.
.
000.e
1e
e10
1e-
1e
++1
+
-
1e
1ee2
1e-
abc
+
000.e
0e
1e
1.2.3
++1
1ee2
1ee2
-
1e-
+
1.2.3
abc
1.2.3
++1
000.e
abc
+
+
1e
e10
e10
1e
0e
+
e10
abc
1e
1ee2
abc
0e
++1
1e+
000.e
e10
abc
1.2.3
1.2.3
1e
000.e
e10
e10
1e
e10
++1
.
++1
1e+
--2
.
--2
1ee2
1.2.3
++1
000.e
abc
e10
abc
++1
e10
1e
-
+
000.e
1ee2
+
0e
.
1e
1e+
0e
++1
--2
1.2.3
e10
000.e
abc
++1
e10
1ee2
1.2.3
0e
1.2.3
0e
1ee2
+
e10
1.2.3
.
++1
-
-
-
1.2.3
+
++1
1ee2
000.e
+
.
1e+
.
1.2.3
abc
-
++1
abc
0e
1.2.3
--2
1e-
1e
1e-
1.2.3
1e-
1e
0e
++1
1ee2
1e
1e-
abc
-
1e
+
1e
-
000.e
1.2.3
1ee2
1e+
1e-
e10
++1
1ee2
1e-
-
1e+
+
e10
e10
1ee2
1ee2
1e
--2
.
000.e
-
--2
abc
1ee2
1e
1e
1ee2
++1
.
1.2.3
1.2.3
abc
++1
1e
--2
1e
1e+
1.2.3
++1
+
abc
0e
--2
-
--2
.
++1
1.2.3
1e-
1ee2
-
-
0e
+
.
1e-
000.e
e10
+
++1
1.2.3
abc
1e
++1
e10
e10
000.e
1e
1e-
abc
1ee2
abc
+
1e
1e-
+
1e
--2
abc
e10
1e-
+
e10
1.2.3
1e+
0e
+
1e+
1e-
abc
0e
1e+
--2
000.e
1.2.3
-
.
000.e
.
-
1.2.3
+
-
0e
1e-
++1
-
.
--2
1e+
1.2.3
+
1.2.3
--2
++1
e10
--2
0e
1e
abc
1e-
e10
1ee2
--2
1ee2
abc
abc
1e+
1e-
e10
-
e10
1ee2
e10
--2
000.e
++1
0e
.
1e-
1e-
--2
1.2.3
+
.
++1
e10
.
1ee2
1.2.3
-
0e
000.e
1e-
1e-
+
++1
++1
1ee2
e10
0e
1e
1e+
1e
-
1.2.3
.
1e+
1.2.3
1e
++1
1e-
-
+
1e
1ee2
1e
1.2.3
1e-
+
++1
-
1e-
--2
--2
1e
0e
-
1ee2
1.2.3
.
1e+
1.2.3
e10
1e-
e10
1ee2
1e+
0e
1e+
-
.
0e
1.2.3
abc
--2
1ee2
1ee2
1e
-
000.e
-
1e
1ee2
-
-
1e-
-
1ee2
--2
abc
1e
000.e
.
1ee2
-
1e+
+
-
1ee2
1.2.3
1.2.3
1.2.3
.
1.2.3
--2
abc
-
1ee2
1e-
--2
1.2.3
abc
1e
1.2.3
1ee2
1e+
1ee2
-
1e+
1e-
1ee2
0e
++1
++1
0e
1e
e10
0e
1e
e10
+
1e-
1e
++1
1e+
1.2.3
1e-
--2
1ee2
+
--2
000.e
1ee2
++1
--2
1ee2
--2
0e
1e+
-
1ee2
--2
--2
abc
1e+
1e+
1.2.3
1ee2
1e+
-
0e
000.e
e10
abc
1.2.3
000.e
0e
.
--2
.
++1
++1
1e
1.2.3
1ee2
-
1e
e10
++1
e10
1e
+
-
1.2.3
1e-
-
abc
abc
1ee2
000.e
000.e
1e
1e
abc
abc
000.e
abc
1.2.3
1ee2
abc
-
1e
abc
++1
1ee2
1e
1e
abc
++1
.
++1
+
++1
1e
0e
000.e
e10
1e-
1e
1e-
-
0e
1.2.3
abc
+
1.2.3
--2
+
-
--2
1.2.3
1.2.3
e10
+
1e-
0e
++1
000.e
e10
--2
e10
abc
abc
++1
000.e
--2
0e
--2
abc
+
1ee2
000.e
000.e
1ee2
1.2.3
1ee2
.
.
+
e10
1e+
e10
abc
1.2.3
++1
abc
++1
1e
0e
1e
e10
++1
1ee2
1e-
+
1.2.3
1ee2
-
abc
.
1e
abc
.
-
1.2.3
1e-
+
1e-
abc
1e-
++1
--2
abc
1e-
1e
1e+
abc
e10
1ee2
1e+
-
1.2.3
-
1.2.3
0e
abc
+
0e
1ee2
0e
1e
1e-
1e+
0e
1ee2
1ee2
1e+
0e
1e+
-
.
1e-
1e-
1e
000.e
1ee2
1e
1.2.3
000.e
1e-
1ee2
1e+
-
-
++1
1ee2
1.2.3
1e+
++1
1e
000.e
1.2.3
1e
abc
1ee2
.
0e
abc
1e
0e
000.e
--2
--2
abc
++1
abc
1e-
1e+
++1
.
1ee2
abc
++1
1e
000.e
000.e
--2
--2
+
0e
1.2.3
1e
.
1e+
-
1.2.3
1.2.3
--2
e10
1.2.3
-
1e-
1e+
-
1e-
.
e10
.
.
1e-
+
1e
1ee2
1e-
1e
abc
1ee2
-
1e+
1.2.3
.
+
000.e
--2
-
1.2.3
--2
1.2.3
1ee2
1e-
1.2.3
1e-
000.e
1e-
abc
1e-
+
.
1e-
000.e
1e-
1e-
1ee2
.
.
-
1e
--2
--2
-
0e
1.2.3
1e-
0e
.
+
++1
-
+
++1
-
1.2.3
.
1ee2
1e
1e-
.
0e
0e
++1
0e
1e+
e10
1e+
0e
abc
1e
000.e
1e
000.e
1e+
-
1e+
--2
1e-
.
++1
abc
.
1.2.3
e10
1e+
.
1ee2
e10
1e-
1e+
--2
.
0e
.
0e
++1
++1
1e-
1e+
1e-
e10
1.2.3
1ee2
++1
++1
1e+
e10
--2
1.2.3
abc
.
1e
000.e
e10
000.e
abc
000.e
-
1e+
000.e
+
++1
+
++1
++1
-
++1
-
+
1.2.3
1.2.3
abc
1e
--2
1ee2
.
--2
1e+
1.2.3
e10
000.e
1ee2
1e
e10
1ee2
1e+
1ee2
-
+
.
e10
1.2.3
.
1e+
1e+
abc
.
--2
++1
1e
++1
-
1e-
1e+
+
1ee2
1e-
++1
-
1.2.3
000.e
1e
e10
.
1e
--2
1e-
1e+
++1
1e+
1.2.3
1ee2
1e
1e-
1e-
1e+
1e+
++1
abc
000.e
1ee2
000.e
--2
+
-
e10
+
000.e
000.e
.
1.2.3
--2
e10
0e
000.e
abc
e10
--2
1e
000.e
--2
1e+
+
abc
1.2.3
000.e
1.2.3
++1
1e+
-
0e
1.2.3
1e-
1e-
1.2.3
.
1e+
1.2.3
0e
000.e
1e+
1e
1ee2
-
0e
+
1.2.3
-
0e
+
1ee2
--2
1e+
-
-
++1
abc
1ee2
--2
000.e
1.2.3
++1
1ee2
1e+
+
-
+
+
1ee2
1ee2
-
abc
1e+
--2
++1
000.e
0e
000.e
1e-
1.2.3
+
--2
1.2.3
abc
1e-
e10
1ee2
1.2.3
-
1.2.3
1.2.3
1e-
+
000.e
--2
abc
e10
.
++1
-
1e+
1ee2
1e
--2
000.e
--2
1.2.3
--2
000.e
000.e
1ee2
1.2.3
.
1.2.3
1e-
0e
1e-
0e
abc
1ee2
1e-
+
1.2.3
000.e
1e-
1ee2
1.2.3
+
.
e10
1ee2
e10
0e
000.e
0e
0e
-
+
000.e
1e-
-
.
++1
++1
.
000.e
1e
-
1e+
.
++1
1.2.3
-
-
--2
1ee2
--2
e10
000.e
0e
-
1e
1ee2
1ee2
1e+
1ee2
++1
1e
--2
1e+
1.2.3
1ee2
0e
.
000.e
-
1ee2
e10
abc
-
abc
e10
1e-
1.2.3
.
-
1e+
1ee2
++1
--2
1e-
1e+
--2
1.2.3
e10
abc
1ee2
abc
1e+
++1
+
0e
+
1e
+
1ee2
1ee2
1e
1.2.3
--2
1.2.3
1e-
1e
1e
1e
1.2.3
000.e
000.e
abc
-
000.e
0e
+
+
abc
++1
0e
1e-
-
abc
--2
1e
.
1e
000.e
++1
000.e
0e
--2
1e+
abc
--2
1e
+
1ee2
1ee2
++1
-
abc
0e
e10
--2
1.2.3
.
abc
e10
1ee2
000.e
1e+
e10
1e-
0e
1e
0e
1e
--2
+
1e-
1e+
++1
0e
-
+
e10
1.2.3
1e-
1e-
1e+
-
.
-
e10
--2
-
1ee2
1e-
1e-
+
1.2.3
e10
--2
abc
1.2.3
1.2.3
--2
.
1e+
++1
1e-
-
1e-
1e+
1.2.3
.
-
--2
1.2.3
1e-
e10
--2
.
abc
1e-
--2
+
1e+
.
--2
abc
1e-
1e+
--2
--2
1e-
e10
0e
e10
.
1e
1e+
e10
-
0e
abc
+
abc
+
--2
1ee2
0e
+
--2
1e
0e
1.2.3
--2
e10
0e
1e
+
.
1e-
000.e
1e+
+
.
1e
1e-
1.2.3
1.2.3
e10
-
e10
++1
1e+
1e-
abc
1ee2
+
--2
-
-
e10
0e
1e
--2
++1
--2
1e+
0e
1e
abc
--2
1.2.3
abc
1.2.3
e10
abc
++1
abc
1.2.3
.
0e
++1
0e
+
.
000.e
++1
1.2.3
1.2.3
-
abc
-
1e
0e
--2
.
0e
-
-
++1
000.e
-
+
1.2.3
1ee2
1e+
+
.
++1
--2
1.2.3
.
++1
1ee2
1ee2
e10
1e+
1.2.3
++1
1ee2
++1
1e
.
+
1ee2
1e
e10
abc
abc
0e
.
+
0e
1.2.3
abc
1ee2
1ee2
--2
1e+
1ee2
0e
1e
1e+
1ee2
000.e
1e+
1e
1.2.3
1.2.3
+
0e
abc
+
-
1ee2
1e-
+
1ee2
abc
e10
e10
0e
--2
1e
1.2.3
++1
1e
--2
1.2.3
-
.
0e
1e+
.
1e-
abc
1e+
1ee2
1e+
--2
1e+
abc
1.2.3
1e+
0e
1.2.3
000.e
-
1ee2
--2
0e
+
1ee2
1e
+
+
1.2.3
1e
e10
--2
1ee2
0e
000.e
1ee2
1e-
++1
+
1e-
000.e
1ee2
--2
1e+
000.e
++1
e10
1e+
1e
1e
--2
--2
++1
e10
1e
1e+
-
1e+
1.2.3
-
1e
0e
abc
e10
abc
1e
1e+
0e
1ee2
0e
1e+
1.2.3
1e-
e10
++1
++1
-
.
1e-
e10
abc
1e+
.
1e+
abc
abc
1.2.3
-
.
1e
e10
1e
++1
abc
0e
--2
-
.
1ee2
.
1e-
++1
-
1e-
--2
+
-
1e+
1e-
1e
1e+
e10
000.e
-
--2
+
+
1e-
-
-
1e
1e+
0e
1.2.3
1e-
1e+
0e
++1
1e
1e
1ee2
e10
000.e
1ee2
1ee2
0e
++1
1e-
.
1e
-
abc
++1
1.2.3
+
1ee2
abc
e10
-
e10
e10
-
abc
-
1ee2
000.e
--2
.
abc
000.e
e10
--2
.
e10
0e
.
-
1ee2
e10
000.e
+
1.2.3
++1
+
e10
+
1ee2
+
1.2.3
1e
0e
abc
1e-
1e-
e10
.
1ee2
1e-
1e-
000.e
1e
1e
-
+
000.e
1e+
1ee2
1.2.3
1e-
000.e
1e
abc
1e-
1.2.3
1ee2
1e-
1ee2
++1
1e
abc
.
e10
.
+
--2
0e
-
--2
1.2.3
+
+
1ee2
++1
000.e
000.e
000.e
--2
1e-
abc
1e-
1.2.3
1e
000.e
0e
1e-
.
-
1e+
--2
-
1ee2
0e
1e+
e10
1e+
-
-
+
0e
1.2.3
e10
-
1e
abc
1e
0e
e10
1e+
1ee2
1e+
1e+
0e
000.e
--2
0e
1e+
1ee2
1e
1.2.3
e10
000.e
.
1e+
1ee2
-
000.e
-
--2
e10
e10
++1
.
+
+
+
1.2.3
++1
1e
++1
1e+
0e
.
--2
1.2.3
e10
1e
-
1ee2
--2
000.e
-
-
1.2.3
0e
0e
abc
-
000.e
1.2.3
1e+
++1
1.2.3
1ee2
000.e
0e
1e-
-
1e-
1e+
1e+
1e+
1.2.3
1.2.3
+
1e
+
e10
1e+
+
0e
--2
1ee2
-
1e-
.
e10
000.e
++1
1ee2
+
e10
-
+
--2
000.e
1e
.
-
1ee2
1.2.3
0e
-
+
e10
+
1e
1e
1e+
000.e
1.2.3
1e
++1
1e+
1e+
000.e
-
--2
0e
0e
1e
1e-
1e+
++1
0e
e10
--2
0e
e10
1.2.3
.
1.2.3
+
1e
1e
1.2.3
++1
.
0e
000.e
e10
+
1e-
--2
000.e
1e-
1e+
--2
1ee2
--2
++1
abc
.
-
1e-
0e
0e
-
1e
+
000.e
--2
e10
1.2.3
1e
-
1e
.
++1
1e-
1.2.3
++1
.
+
-
.
abc
000.e
1.2.3
1e
-
+
1.2.3
.
1.2.3
++1
1e+
1.2.3
000.e
++1
--2
+
1e-
++1
1e-
+
.
-
+
+
e10
1.2.3
1e+
e10
-
++1
++1
1e+
abc
000.e
000.e
1e
1e+
-
0e
+
-
1ee2
++1
.
++1
--2
0e
abc
1.2.3
1e
0e
1e-
1e
-
1e+
+
1ee2
--2
000.e
-
0e
.
e10
++1
000.e
+
-
e10
0e
e10
e10
1e-
1.2.3
-
-
-
1e+
.
++1
.
0e
+
e10
0e
1.2.3
1e-
++1
++1
1e
+
-
000.e
000.e
+
1e-
1e
0e
++1
1e+
1e+
1.2.3
.
1ee2
0e
e10
000.e
-
000.e
-
++1
.
+
-
1ee2
000.e
-
-
--2
-
+
--2
-
+
1.2.3
e10
-
-
abc
1e
e10
1e-
000.e
1e
1ee2
1.2.3
+
+
abc
e10
1e-
++1
1ee2
+
.
e10
.
--2
000.e
1e+
-
abc
.
0e
++1
1e+
.
+
1e+
++1
++1
0e
1ee2
--2
++1
abc
--2
--2
0e
-
abc
e10
.
1ee2
.
1e
1.2.3
1e
0e
-
1e+
++1
+
--2
abc
1e-
1e+
--2
+
+
1ee2
1e
--2
+
e10
000.e
1ee2
1e+
1ee2
000.e
1e
1e
abc
0e
0e
1e-
-
--2
e10
.
1e+
e10
--2
++1
0e
1ee2
-
1e+
1e-
1e
++1
1e-
1ee2
.
++1
.
++1
000.e
1e+
.
+
+
1e-
++1
0e
--2
1ee2
0e
abc
1.2.3
e10
1e
-
1e-
abc
++1
-
0e
abc
-
0e
0e
000.e
1e+
1e
1ee2
+
1e-
abc
1e+
+
--2
0e
+
+
1e
1e
-
1e+
000.e
1e+
000.e
1e+
++1
1ee2
.
++1
0e
-
--2
-
0e
1e-
-
.
--2
000.e
++1
+
1e-
++1
1.2.3
1e
0e
1e-
e10
--2
--2
1e+
0e
abc
000.e
++1
0e
1e
abc
++1
--2
1ee2
--2
1e+
--2
-
-
.
000.e
1e+
--2
1e+
1e
1.2.3
1ee2
1e-
1e
--2
1e-
+
1e
1e+
1.2.3
1e+
++1
+
1e
++1
1e-
e10
0e
1.2.3
-
1e-
++1
e10
1e
++1
e10
1e
++1
e10
+
abc
1ee2
++1
1.2.3
1e+
1ee2
++1
--2
000.e
1e+
1ee2
+
1e
abc
++1
++1
+
0e
1.2.3
abc
0e
.
1ee2
0e
abc
1ee2
++1
1e-
1e-
0e
000.e
000.e
e10
1e-
--2
.
--2
1e
abc
.
-
1.2.3
abc
1e+
.
-
e10
+
abc
1.2.3
000.e
1e
-
++1
--2
1.2.3
+
.
--2
.
1e+
abc
abc
-
1e-
1e-
-
abc
.
abc
1.2.3
000.e
.
1.2.3
1ee2
++1
0e
e10
1.2.3
++1
000.e
1ee2
1e
1.2.3
abc
1e
--2
++1
1e-
e10
e10
000.e
1ee2
1e-
0e
-
1.2.3
1.2.3
+
-
1e-
-
1e-
1e-
--2
1e
1e-
1.2.3
1ee2
.
+
.
000.e
-
abc
+
.
++1
0e
-
+
--2
1.2.3
+
.
1e+
1e
1e+
1.2.3
000.e
.
++1
+
1.2.3
1e-
abc
1ee2
+
1.2.3
0e
abc
.
1ee2
1.2.3
+
-
e10
0e
-
0e
0e
abc
--2
1e
++1
++1
.
++1
+
1e+
.
1.2.3
e10
1e-
+
+
abc
1.2.3
0e
e10
.
e10
--2
+
abc
1.2.3
0e
1.2.3
1.2.3
+
1e-
-
+
1ee2
.
.
abc
abc
1e-
1e
1.2.3
abc
1ee2
-
-
--2
+
-
abc
1e+
abc
abc
abc
+
-
1e+
e10
1ee2
1.2.3
--2
e10
e10
-
--2
-
++1
1ee2
1ee2
--2
--2
abc
--2
abc
1.2.3
+
0e
e10
0e
1.2.3
++1
-
.
-
000.e
1.2.3
1e+
1.2.3
+
+
1e
000.e
1.2.3
000.e
1e+
-
.
1ee2
abc
1e
abc
+
++1
1e
1ee2
--2
+
1e
.
--2
1ee2
++1
1.2.3
1e-
--2
1e-
+
-
++1
.
0e
+
++1
1e
--2
1.2.3
1e-
-
1e
.
1e+
1e
-
1e-
-
1.2.3
--2
+
000.e
1e-
e10
1e-
e10
1e+
0e
1e
0e
1e-
1.2.3
1e
1e
--2
1ee2
1.2.3
.
1.2.3
0e
e10
000.e
+
abc
1e-
e10
1e+
++1
abc
0e
1ee2
--2
1e+
1e
.
0e
1ee2
--2
1ee2
0e
--2
++1
000.e
e10
0e
1e
1e-
--2
abc
1e-
000.e
1e+
++1
.
1.2.3
abc
-
1ee2
--2
++1
--2
e10
-
1e-
-
abc
-
-
000.e
abc
1ee2
1e
e10
1e
1e
1e
.
abc
0e
1e
abc
1.2.3
--2
1e-
--2
e10
.
.
++1
.
.
1ee2
1e+
1e
e10
1e
1e
abc
e10
1ee2
0e
e10
--2
000.e
e10
0e
1e+
++1
e10
-
e10
abc
1.2.3
++1
1ee2
000.e
0e
0e
-
1e
1e+
abc
000.e
-
-
e10
1ee2
--2
--2
-
e10
1e+
.
e10
1e
+
000.e
1ee2
0e
e10
e10
.
--2
0e
abc
+
e10
000.e
0e
e10
1ee2
-
abc
1e-
e10
0e
--2
e10
.
000.e
1ee2
1e
+
1ee2
1e+
1e
abc
+
.
1e-
1e+
e10
1e
1e
1ee2
1e+
1.2.3
-
000.e
1e
000.e
e10
e10
1e
--2
1e
e10
abc
++1
1e
1e+
1e+
-
0e
000.e
1ee2
1ee2
1e
-
+
.
abc
1e+
1ee2
++1
1e
+
000.e
0e
1e
000.e
++1
1.2.3
000.e
abc
-
1e+
e10
++1
1.2.3
+
-
+
.
1e+
abc
e10
--2
+
1e+
.
1e-
+
1ee2
1.2.3
0e
+
abc
1e-
000.e
+
--2
1ee2
000.e
1e+
-
+
1.2.3
e10
1e
++1
+
abc
+
e10
++1
+
+
1ee2
1e+
e10
abc
000.e
--2
--2
000.e
0e
1e+
abc
++1
++1
0e
1e+
--2
abc
1e+
1.2.3
.
1e-
--2
1e
.
++1
++1
abc
+
e10
1e
+
1e+
1e+
1e-
0e
+
.
--2
-
-
++1
abc
000.e
1.2.3
1e
1.2.3
++1
--2
1e+
1e+
-
1ee2
1ee2
++1
+
1e-
-
1.2.3
1e
1e
.
000.e
++1
++1
1e-
0e
1e
.
000.e
1e
0e
.
000.e
+
e10
1e-
e10
1.2.3
-
000.e
1.2.3
000.e
.
1e+
1.2.3
0e
++1
1e+
--2
.
1e+
-
++1
--2
.
0e
-
-
abc
0e
abc
++1
1e-
+
++1
--2
--2
+
1e-
abc
000.e
++1
1ee2
1.2.3
--2
1ee2
-
abc
1e-
abc
1e
000.e
abc
-
+
abc
abc
++1
1e-
000.e
1.2.3
++1
abc
+
--2
000.e
abc
++1
.
0e
1e+
1e+
1e+
1e
1ee2
1e-
abc
1e-
1e
.
000.e
abc
.
e10
1e
1e-
1e+
.
.
1ee2
1e+
1e-
1e-
e10
1e+
1e+
1ee2
1e-
-
e10
+
1.2.3
.
1e
+
e10
1ee2
1e-
1ee2
++1
0e
++1
0e
--2
1e
+
000.e
e10
abc
0e
-
+
-
1e
1e+
.
++1
000.e
1e+
-
e10
1e
1.2.3
1e-
1e-
1e
++1
1e+
-
1ee2
e10
-
1e
1e+
1e
000.e
++1
1.2.3
1ee2
+
-
000.e
.
--2
abc
.
e10
+
--2
.
1.2.3
1e-
abc
.
1ee2
0e
1e-
1e
0e
1e+
1ee2
000.e
1e+
-
+
1e-
1e-
1e-
--2
.
1.2.3
1.2.3
e10
000.e
0e
e10
000.e
e10
++1
1e
e10
+
1e
.
--2
abc
1.2.3
0e
1e+
e10
e10
-
1e
000.e
e10
+
1e+
1e
000.e
000.e
000.e
000.e
-
e10
.
1.2.3
++1
1ee2
1.2.3
000.e
1e
0e
.
abc
-
-
--2
abc
.
000.e
--2
abc
1e+
1ee2
+
1ee2
1e
+
e10
e10
abc
.
abc
-
abc
++1
000.e
1ee2
e10
1e
1e-
1e
abc
++1
abc
.
abc
.
.
--2
++1
e10
abc
1e+
1e-
abc
--2
1e+
1e+
0e
1e+
1.2.3
1.2.3
1ee2
--2
1e-
--2
1ee2
1e
+
1e+
0e
1e+
0e
1e
.
1.2.3
000.e
-
1e+
1e+
--2
1e-
1.2.3
1e+
--2
1e-
e10
1ee2
-
1.2.3
.
0e
-
1.2.3
1ee2
++1
1e
1e+
e10
000.e
1e
0e
.
++1
1.2.3
++1
-
1.2.3
1ee2
abc
0e
1e-
++1
e10
1e-
1e-
1e
1ee2
1ee2
0e
1e
1.2.3
1ee2
+
.
--2
1e
1.2.3
++1
abc
000.e
000.e
--2
1e
--2
1e-
1e-
1.2.3
e10
1.2.3
1e
1e
e10
++1
+
abc
0e
1e
000.e
++1
1.2.3
e10
1ee2
++1
-
abc
.
1ee2
000.e
1ee2
000.e
++1
1.2.3
1e
++1
abc
++1
-
.
-
--2
abc
e10
abc
abc
+
0e
abc
abc
-
000.e
abc
0e
000.e
1.2.3
1e
0e
++1
+
abc
1e+
.
0e
.
--2
1e+
-
1.2.3
e10
-
1.2.3
++1
.
-
1.2.3
.
1e-
+
000.e
--2
-
1ee2
1e+
+
1ee2
1e-
000.e
-
1ee2
0e
1e
+
--2
+
000.e
1.2.3
1.2.3
++1
--2
abc
1e
--2
.
1e+
1e+
++1
000.e
abc
000.e
1e-
1.2.3
000.e
--2
1e+
1e-
1.2.3
1e
+
.
abc
1.2.3
e10
1e-
1ee2
e10
1e-
000.e
000.e
abc
--2
--2
000.e
--2
-
-
++1
1ee2
.
-
abc
1ee2
000.e
abc
1e+
000.e
1e-
0e
-
1e+
+
.
1.2.3
1e+
1ee2
-
1ee2
++1
1.2.3
.
1e+
++1
1e-
abc
--2
-
1ee2
000.e
1e+
1.2.3
abc
1e
0e
1e
++1
1e-
.
1e+
-
0e
abc
.
+
1e+
1.2.3
1e-
0e
000.e
1ee2
e10
000.e
1e+
000.e
000.e
1.2.3
1e
++1
--2
.
--2
1e+
abc
e10
1e-
1ee2
1e+
0e
000.e
++1
0e
0e
1.2.3
1.2.3
++1
1e
.
-
+
.
000.e
--2
+
0e
1e+
1.2.3
-
1.2.3
1e-
.
000.e
--2
-
-
1e
1e+
+
-
abc
+
1.2.3
1.2.3
+
abc
0e
1ee2
1e+
--2
1e-
+
1ee2
++1
.
000.e
0e
1e-
000.e
-
000.e
0e
1e+
++1
--2
0e
1e+
0e
000.e
-
000.e
abc
1e-
+
--2
1e-
e10
1.2.3
++1
++1
1e
--2
1.2.3
+
1.2.3
--2
1e+
1e+
+
000.e
1.2.3
1e-
1e
+
1e-
-
.
-
000.e
--2
000.e
++1
0e
0e
000.e
.
abc
+
1e
abc
--2
1e+
e10
1e
1e+
1e+
-
1e-
1e-
1e
-
1.2.3
+
1e
+
000.e
+
--2
1e+
abc
0e
e10
+
0e
1.2.3
000.e
000.e
+
0e
1.2.3
e10
abc
+
--2
1.2.3
1e-
000.e
++1
abc
1e
--2
000.e
++1
e10
-
000.e
e10
e10
++1
0e
abc
1e+
1e-
-
--2
+
000.e
000.e
000.e
+
-
-
.
1ee2
1e+
1e
.
1ee2
-
0e
+
e10
.
++1
1ee2
+
1e+
1e+
1e+
--2
000.e
+
--2
+
--2
1e+
++1
1.2.3
1ee2
e10
0e
--2
1.2.3
1e
0e
--2
-
1e+
1e+
++1
.
.
000.e
--2
1e
e10
--2
+
e10
-
1ee2
++1
+
0e
1ee2
++1
.
000.e
abc
0e
1ee2
abc
e10
e10
1e-
1.2.3
1ee2
1.2.3
--2
0e
000.e
1ee2
e10
0e
1e+
-
1e-
1ee2
1.2.3
1ee2
e10
.
+
e10
1.2.3
1.2.3
+
abc
1.2.3
000.e
1.2.3
1.2.3
1e+
1ee2
+
1.2.3
+
1ee2
1ee2
e10
-
++1
e10
-
1e
1e+
000.e
1e+
-
++1
1e+
1e-
1e+
--2
1.2.3
1e-
0e
-
+
abc
e10
-
000.e
+
1ee2
+
000.e
+
1e+
e10
1e-
abc
1e+
-
-
1.2.3
.
--2
.
1e+
1.2.3
-
.
abc
abc
.
1.2.3
+
++1
1e-
++1
-
000.e
e10
1ee2
1.2.3
000.e
000.e
.
1e-
.
+
1e
1e
+
abc
+
1e-
abc
abc
1ee2
0e
1e-
000.e
1e-
1e
e10
000.e
++1
++1
1e
1e+
.
-
0e
e10
1ee2
.
1e+
1e-
000.e
++1
e10
0e
1.2.3
+
1e
e10
++1
1e+
1e+
++1
e10
+
-
.
+
1e+
1e+
+
-
.
.
e10
000.e
.
1.2.3
-
+
000.e
1ee2
1e
e10
abc
1e
+
.
--2
--2
1ee2
1.2.3
1e
1e
+
000.e
1e+
e10
++1
1e+
e10
000.e
000.e
.
abc
1e+
1.2.3
1ee2
-
.
1e-
1e+
000.e
1e+
000.e
1e-
++1
0e
-
.
1.2.3
++1
+
--2
+
1e-
.
abc
+
000.e
000.e
++1
1e-
1e+
++1
1.2.3
--2
.
+
000.e
0e
.
1e
1ee2
e10
1e
0e
-
1e-
-
.
1ee2
000.e
1e
0e
1e
1.2.3
1e
--2
++1
1e-
e10
1e+
abc
abc
.
1ee2
e10
1e-
abc
-
1e-
+
0e
abc
-
0e
+
1e+
1ee2
1ee2
abc
1.2.3
1e-
1e+
+
1e-
++1
000.e
--2
1e
e10
1.2.3
++1
e10
e10
abc
1e+
-
.
++1
1e+
-
1ee2
+
1e
1ee2
1e
abc
.
--2
abc
++1
-
-
++1
1.2.3
--2
abc
1e+
.
0e
abc
--2
1ee2
1e+
.
1.2.3
1ee2
1e
000.e
+
.
-
1e-
1e
1.2.3
abc
000.e
--2
1e
1ee2
++1
000.e
.
1e+
++1
000.e
+
000.e
abc
1.2.3
000.e
1e+
+
000.e
0e
1ee2
0e
1e-
0e
1ee2
000.e
000.e
-
0e
1ee2
1.2.3
abc
0e
++1
+
1e-
1e+
1e+
abc
abc
.
1e-
1e-
1.2.3
0e
1e-
-
1e-
.
1.2.3
abc
.
.
++1
1.2.3
000.e
--2
1e-
1e
1e+
1ee2
+
0e
000.e
-
++1
-
0e
1ee2
1e
+
000.e
1e-
1.2.3
abc
1.2.3
1e
.
000.e
1e-
abc
+
e10
--2
-
000.e
1e
0e
1e-
1e
++1
.
1ee2
1.2.3
1.2.3
++1
abc
1e-
abc
1e
1e-
0e
1ee2
--2
--2
1ee2
1e-
+
1.2.3
e10
1e-
1ee2
000.e
--2
++1
1ee2
--2
e10
abc
1e+
1e+
abc
1.2.3
-
e10
++1
-
++1
--2
1e
000.e
e10
0e
e10
e10
0e
1e-
abc
abc
1ee2
1e+
0e
--2
000.e
0e
1e
.
1e
000.e
1ee2
0e
1e+
--2
-
0e
1e
0e
abc
1e+
.
--2
e10
1ee2
0e
000.e
1e+
-
1e-
e10
+
abc
1e-
0e
-
0e
1ee2
abc
1e
000.e
-
--2
+
+
1ee2
.
1e-
1e-
1e+
1e+
1ee2
1e
1e+
abc
000.e
000.e
e10
-
1e
+
1e
++1
++1
1.2.3
-
+
++1
000.e
-
0e
1e-
1ee2
000.e
1e-
abc
+
-
++1
1ee2
000.e
+
0e
1e+
abc
1ee2
e10
.
000.e
-
1e-
000.e
e10
-
+
.
1.2.3
000.e
000.e
-
000.e
++1
1ee2
000.e
++1
e10
1.2.3
abc
0e
000.e
+
-
1ee2
abc
1.2.3
1e+
+
1ee2
e10
0e
-
.
1e+
0e
++1
1e
++1
--2
1ee2
1e+
+
e10
-
1.2.3
1e
1e
1.2.3
1ee2
--2
1e-
e10
1e+
abc
000.e
0e
++1
1.2.3
1ee2
1.2.3
abc
+
1ee2
1e+
1ee2
0e
+
000.e
0e
e10
1e+
000.e
000.e
abc
-
0e
++1
--2
000.e
e10
1e-
000.e
1.2.3
1e
++1
1e
.
1.2.3
1.2.3
.
-
1e
++1
1.2.3
--2
-
000.e
-
1ee2
e10
abc
++1
1e+
1e+
++1
0e
1e
1e+
1e
-
+
1.2.3
1ee2
+
1ee2
+
abc
--2
1.2.3
e10
1e
abc
0e
1e-
1e
-
+
abc
000.e
-
-
++1
1ee2
abc
.
1.2.3
+
.
abc
e10
1e+
+
--2
1ee2
++1
0e
1e+
1.2.3
--2
1.2.3
e10
.
1ee2
--2
-
000.e
.
1.2.3
+
.
1.2.3
1e-
0e
000.e
000.e
++1
.
.
abc
e10
--2
e10
-
1ee2
++1
+
000.e
1e-
abc
-
000.e
abc
0e
1e+
++1
-
.
0e
1e-
--2
1ee2
1e+
1e+
abc
abc
--2
1e
e10
1e
+
-
+
0e
1.2.3
abc
1e-
abc
-
+
000.e
000.e
abc
1.2.3
1e-
000.e
--2
abc
1ee2
0e
abc
1e+
++1
1e-
+
.
1e+
++1
.
--2
++1
-
++1
++1
1ee2
1e+
000.e
++1
++1
1e
1e
1.2.3
.
1e+
e10
--2
+
+
0e
1e-
--2
1.2.3
.
-
1e
0e
-
-
1e+
+
abc
1.2.3
1ee2
++1
abc
1e+
abc
--2
000.e
+
0e
--2
1e
+
++1
.
1e-
1e
1ee2
+
--2
1ee2
1e-
1e-
abc
++1
1e+
000.e
+
1e
+
1.2.3
++1
--2
.
--2
000.e
1e-
1e-
--2
0e
e10
--2
1e+
+
0e
++1
e10
1ee2
1.2.3
1e
--2
--2
1ee2
abc
1ee2
1e-
.
1e+
000.e
0e
000.e
+
--2
abc
0e
000.e
1.2.3
1e-
abc
1.2.3
1e-
000.e
1e-
1.2.3
1e-
abc
1ee2
--2
1e
-
1.2.3
++1
1.2.3
000.e
abc
.
--2
1e
-
e10
1e
0e
+
1e+
1e
abc
1e+
000.e
1e-
e10
0e
abc
++1
1.2.3
+
--2
1ee2
1ee2
1e
abc
1e-
1.2.3
abc
1e-
abc
000.e
abc
1.2.3
e10
--2
e10
000.e
000.e
1.2.3
+
1e-
1e
1ee2
++1
000.e
+
1ee2
1e+
e10
.
1.2.3
--2
--2
e10
1ee2
abc
--2
1e+
.
1e
1e-
e10
+
000.e
abc
1.2.3
1e-
1e-
abc
1e+
0e
1e
000.e
.
1e+
-
++1
000.e
--2
++1
1e+
1e
1e-
e10
abc
1.2.3
1e+
1.2.3
1.2.3
+
000.e
000.e
0e
++1
--2
abc
0e
++1
+
-
abc
1e
.
--2
000.e
0e
0e
0e
000.e
1.2.3
+
-
1.2.3
1ee2
--2
1e
e10
-
1e+
e10
+
++1
000.e
e10
1e+
e10
abc
000.e
1e-
abc
-
++1
1e+
1e+
1.2.3
1e-
000.e
1e+
e10
1ee2
e10
1e-
1e
1.2.3
0e
+
1e
.
1e
-
e10
0e
000.e
--2
-
abc
1e
1e
1.2.3
1ee2
0e
++1
abc
.
1e+
e10
1e-
-
1e
1e-
1.2.3
++1
0e
1e+
1ee2
1e
e10
--2
1e-
.
abc
--2
1e
1e
--2
1e-
-
.
++1
--2
e10
.
.
000.e
++1
--2
.
1.2.3
-
0e
1e
.
++1
0e
1e+
1ee2
000.e
-
1e+
+
1e
1e
1ee2
.
0e
000.e
++1
000.e
abc
1e
1.2.3
e10
0e
1ee2
1e
e10
0e
000.e
0e
1e-
1ee2
1e+
1.2.3
--2
1e-
1e-
1e+
1e+
++1
1e+
e10
1ee2
000.e
e10
1e
000.e
1e-
++1
1ee2
1e-
1ee2
1.2.3
abc
.
.
1.2.3
0e
1e-
1ee2
1e-
abc
e10
--2
e10
1.2.3
-
.
000.e
0e
0e
abc
++1
1e-
++1
1e+
.
000.e
1e
abc
+
.
++1
++1
1e-
1e+
.
1e
--2
.
1.2.3
+
.
1e+
0e
++1
+
0e
000.e
1.2.3
abc
e10
+
1ee2
000.e
1ee2
1ee2
--2
e10
abc
+
1e-
1e
000.e
1e+
0e
1ee2
000.e
+
++1
1ee2
e10
1e+
1ee2
abc
abc
0e
.
+
0e
1.2.3
1e+
1ee2
e10
000.e
++1
++1
+
-
+
000.e
1e-
1e+
-
1e+
++1
1e-
0e
.
e10
+
000.e
-
++1
1.2.3
000.e
++1
1e+
+
0e
1.2.3
1e+
-
0e
1.2.3
abc
0e
1e-
1e+
--2
1.2.3
e10
-
1.2.3
000.e
0e
.
+
1ee2
000.e
+
.
1e
1.2.3
-
-
++1
000.e
1.2.3
++1
1e-
1.2.3
1.2.3
e10
0e
-
+
.
e10
1ee2
abc
1.2.3
1ee2
e10
-
1e
1ee2
000.e
++1
--2
.
000.e
e10
++1
1e
000.e
1e+
+
1e
.
-
1.2.3
0e
-
++1
1e
1e-
--2
.
1e
1ee2
.
.
1e-
--2
e10
--2
1e-
--2
000.e
e10
e10
--2
e10
1ee2
1e-
1.2.3
e10
1.2.3
++1
.
e10
--2
1e
1e
+
.
1e+
++1
++1
0e
--2
abc
.
++1
1ee2
1e
1e+
0e
abc
++1
--2
1.2.3
000.e
.
000.e
.
++1
1e-
1e
e10
e10
-
1e
1e-
abc
-
1e
++1
.
++1
-
1.2.3
000.e
+
1ee2
.
1ee2
1ee2
000.e
++1
1e
000.e
-
abc
+
e10
1ee2
1.2.3
+
+
1e
1.2.3
abc
1e
+
1.2.3
1e+
0e
abc
+
1e
-
1e-
000.e
--2
--2
1e
1.2.3
1ee2
1e+
1ee2
1e+
000.e
1.2.3
1ee2
+
1.2.3
.
1.2.3
1e+
1e+
-
000.e
1ee2
e10
abc
1e-
--2
1e
1e+
-
-
1.2.3
1e+
.
e10
++1
+
e10
000.e
1.2.3
e10
abc
1.2.3
abc
+
abc
e10
0e
-
e10
1ee2
1e+
+
1e
1ee2
1e-
e10
-
0e
++1
-
++1
-
abc
abc
--2
abc
1.2.3
-
.
1e
1ee2
1.2.3
1e-
0e
+
e10
1e-
--2
++1
+
1ee2
++1
e10
abc
.
1.2.3
abc
abc
--2
+
abc
+
1e+
1.2.3
1e-
000.e
1ee2
abc
0e
e10
+
.
0e
++1
-
1ee2
0e
abc
--2
1.2.3
.
.
++1
++1
1e
1e+
abc
--2
.
+
++1
0e
abc
++1
++1
++1
e10
e10
abc
-
1ee2
1e-
abc
1e+
--2
+
+
0e
1ee2
1e
+
000.e
-
1e-
1e+
e10
+
-
1ee2
+
0e
abc
--2
000.e
1e-
1ee2
e10
-
1ee2
++1
1.2.3
e10
++1
000.e
1e
1.2.3
1ee2
0e
abc
1e
1e+
1.2.3
abc
1e-
+
0e
.
000.e
--2
-
000.e
-
1e-
1ee2
1e-
1.2.3
-
1ee2
+
--2
.
e10
1e+
.
--2
0e
++1
--2
--2
+
.
-
1e
000.e
1.2.3
1e
1ee2
abc
abc
--2
+
+
+
--2
1e-
1e-
+
1e
1e-
+
++1
000.e
1.2.3
.
1e
1.2.3
1e-
1ee2
++1
1e-
1e-
+
1.2.3
e10
.
abc
000.e
abc
+
1e-
1e
1ee2
1e+
1ee2
+
1.2.3
+
0e
1e+
-
1.2.3
++1
1e+
abc
.
1e
0e
1.2.3
1.2.3
000.e
.
0e
1e+
.
0e
1e+
--2
++1
e10
1e+
1e-
.
--2
1.2.3
1.2.3
--2
1e+
abc
000.e
+
1.2.3
.
0e
000.e
1e-
1ee2
.
1ee2
+
000.e
1.2.3
--2
1.2.3
--2
000.e
1e
0e
+
+
1.2.3
1e+
0e
abc
abc
+
abc
1ee2
1e-
.
.
1e+
1e+
abc
1.2.3
1e+
-
.
++1
1.2.3
--2
1e-
1.2.3
abc
--2
1e-
1e
1e
0e
--2
+
0e
1e
-
.
000.e
1ee2
1e+
-
e10
1.2.3
+
+
++1
1.2.3
-
1ee2
++1
0e
1e-
000.e
++1
+
-
0e
+
1e
--2
0e
abc
1.2.3
++1
-
1e
+
1e
0e
1e+
1e
abc
1e+
1e+
e10
.
++1
1e+
+
1e
000.e
abc
abc
1e
1e+
1e+
++1
abc
1.2.3
++1
1e
1e
0e
1e+
1e
1e+
0e
1e
-
1.2.3
1e+
+
--2
1e+
1e+
1e
1e+
1e+
1e+
abc
1e+
.
1e
-
e10
+
000.e
e10
--2
1.2.3
++1
abc
+
abc
-
000.e
abc
1e-
1e
-
++1
1e+
abc
++1
.
0e
-
000.e
1.2.3
.
1e
++1
1e
1ee2
1e-
--2
.
1.2.3
1.2.3
1e-
1.2.3
abc
1e+
--2
.
1ee2
++1
0e
1e-
-
1ee2
.
.
.
0e
abc
1e+
+
-
1ee2
000.e
0e
1.2.3
--2
+
abc
1ee2
--2
--2
1.2.3
1e+
--2
000.e
abc
abc
--2
-
1e
1.2.3
--2
abc
e10
abc
000.e
--2
1ee2
1e-
-
+
--2
1.2.3
1e
1ee2
1e
0e
1e
1ee2
+
000.e
1e
-
1e
++1
1e+
+
000.e
1ee2
1ee2
1e-
.
-
1e
1e
-
--2
++1
.
-
e10
--2
1.2.3
000.e
++1
-
.
1ee2
1e-
1e
1e+
000.e
abc
0e
++1
1e+
abc
++1
.
1e+
1e+
--2
0e
1e-
++1
000.e
0e
1e+
1.2.3
1e+
1ee2
++1
+
1e
++1
000.e
1e
+
abc
.
abc
1e+
++1
1e+
--2
++1
++1
0e
1e
e10
e10
1e+
1e
0e
abc
+
.
1.2.3
000.e
0e
++1
+
--2
--2
0e
1e+
1ee2
abc
.
.
+
1ee2
000.e
.
000.e
.
++1
++1
.
++1
abc
--2
1e+
+
1.2.3
000.e
++1
1e-
1e+
1.2.3
1ee2
.
abc
1e-
1.2.3
1e+
1e-
1.2.3
1ee2
-
1e
0e
++1
1e-
1e
1e+
1e
+
--2
1e-
0e
-
-
.
.
e10
++1
1ee2
++1
1e+
1.2.3
abc
.
--2
.
1e+
1e
1ee2
+
++1
1e
--2
e10
-
+
000.e
abc
1e
1e+
++1
--2
0e
--2
++1
1e-
--2
abc
1.2.3
1e+
1.2.3
0e
.
abc
++1
+
e10
1.2.3
+
.
000.e
.
e10
0e
abc
1e+
--2
0e
e10
1e
++1
.
1.2.3
1.2.3
1ee2
1ee2
+
++1
.
000.e
1e-
.
++1
++1
-
.
1e-
-
+
1e+
-
1ee2
1.2.3
.
++1
.
++1
1e+
abc
1.2.3
1e
++1
1e
000.e
1e-
000.e
--2
--2
1e
.
e10
+
--2
++1
1.2.3
e10
--2
.
1e-
abc
+
000.e
e10
e10
.
--2
1e
++1
++1
.
.
1e-
++1
++1
1.2.3
-
1e
1ee2
1e-
1e
1e
1e
--2
1e-
-
--2
1e+
0e
1e-
.
-
1e+
-
0e
.
-
++1
+
1e-
000.e
1e
1e-
1e
++1
0e
1e
1.2.3
--2
1ee2
000.e
000.e
+
-
.
e10
++1
--2
e10
+
.
1e
.
000.e
-
+
1e+
++1
0e
1e-
-
+
1e-
e10
1.2.3
1e+
1e
1.2.3
0e
1e-
.
abc
-
++1
+
--2
-
abc
000.e
e10
-
++1
e10
--2
1ee2
abc
abc
1e-
1e
1.2.3
--2
0e
.
1ee2
1ee2
+
1e+
1ee2
000.e
+
+
1e
1e
1.2.3
++1
abc
-
1ee2
000.e
1e-
1.2.3
1e+
--2
--2
++1
1e
1e-
000.e
0e
+
1e+
000.e
0e
++1
1e-
000.e
+
1.2.3
abc
0e
1e-
1.2.3
1ee2
--2
e10
1e+
1e+
1.2.3
--2
1e
1e+
-
++1
-
e10
000.e
+
--2
0e
1ee2
1e
1.2.3
e10
-
.
1.2.3
0e
000.e
1.2.3
000.e
e10
abc
++1
1e
0e
e10
1e
.
0e
-
--2
e10
1e-
1ee2
000.e
-
--2
+
0e
abc
-
1e
1e-
1e
.
.
1e-
000.e
--2
.
0e
1ee2
+
--2
000.e
1e+
1e-
++1
+
abc
--2
abc
abc
-
1e+
000.e
+
1e
--2
abc
-
000.e
-
.
1e
000.e
1e
1e
1e
1e
000.e
1.2.3
1e+
+
++1
0e
+
e10
1.2.3
0e
1ee2
0e
++1
-
1e+
0e
1e+
1e+
1e+
1e-
1e+
1e-
e10
++1
++1
0e
0e
abc
1.2.3
abc
+
1ee2
--2
1e-
++1
+
1ee2
1ee2
000.e
1ee2
1e-
abc
1ee2
1e-
1e
0e
.
1e+
000.e
0e
1.2.3
1.2.3
-
++1
1e
++1
1e
000.e
1e
--2
abc
++1
++1
0e
-
e10
+
--2
++1
000.e
1e-
1e+
1e
1e+
-
e10
+
--2
1.2.3
++1
e10
-
abc
1e-
1e-
1e
1e+
000.e
.
1ee2
e10
1ee2
--2
1.2.3
++1
1.2.3
1.2.3
e10
1ee2
1ee2
1e+
000.e
+
abc
1e
1ee2
1e
++1
1e+
--2
0e
-
abc
1e
++1
.
0e
1e+
000.e
1e+
1e+
000.e
1e
--2
abc
-
1e-
abc
1e-
1.2.3
e10
1e-
+
+
1e+
1.2.3
abc
++1
abc
+
abc
e10
1ee2
++1
1e-
0e
+
1e+
-
++1
++1
1e+
+
++1
1e+
1ee2
1ee2
+
1.2.3
+
--2
++1
1ee2
0e
1.2.3
abc
1e
-
.
++1
1e
+
+
1ee2
e10
0e
1ee2
000.e
1ee2
+
-
-
.
abc
e10
000.e
abc
1e+
.
1.2.3
1.2.3
.
1.2.3
1e-
--2
.
1ee2
+
.
-
1e-
--2
1ee2
-
000.e
--2
--2
1e
1e
.
000.e
1e-
e10
-
1ee2
1ee2
.
abc
.
+
000.e
+
1ee2
1ee2
+
--2
+
abc
-
--2
--2
e10
-
000.e
0e
0e
--2
++1
1e-
++1
1e-
1e+
.
e10
abc
1e
-
-
+
1e+
1.2.3
0e
0e
.
1.2.3
1e-
000.e
--2
-
000.e
1e-
abc
1.2.3
abc
abc
abc
0e
++1
++1
abc
++1
.
1e-
1e+
++1
0e
1e-
1e+
-
1ee2
++1
1e-
e10
1ee2
+
1e
1.2.3
000.e
0e
0e
1e+
1.2.3
++1
1e+
1.2.3
1e-
--2
1e-
0e
-
0e
.
000.e
.
+
000.e
000.e
abc
1e-
+
++1
--2
1e+
1e-
0e
+
1e+
1ee2
+
1e-
--2
++1
--2
1e+
e10
1e
+
+
1e
1e+
abc
--2
1ee2
e10
1.2.3
1e-
000.e
1e+
-
1e-
abc
000.e
-
.
1e-
1ee2
000.e
-
+
.
--2
e10
1.2.3
1e-
--2
e10
1.2.3
1e-
.
-
000.e
0e
1e-
+
0e
+
1e-
000.e
1e+
0e
1ee2
e10
000.e
000.e
000.e
0e
+
1e+
1e+
1ee2
++1
1e
++1
1ee2
1e+
1e-
1ee2
e10
-
+
1e+
1e-
000.e
e10
--2
0e
-
1e
-
-
1e+
0e
--2
000.e
0e
0e
1e+
1e-
000.e
.
0e
--2
.
++1
000.e
abc
1e+
abc
+
1.2.3
000.e
1e+
abc
1e-
1ee2
++1
++1
1e+
e10
1.2.3
1e-
1e
-
0e
0e
000.e
-
--2
1.2.3
++1
e10
-
1e
++1
000.e
.
0e
1.2.3
++1
1ee2
1ee2
0e
1e
1e
.
1e+
1e+
000.e
+
1.2.3
1ee2
1e
0e
.
+
.
.
+
1e-
++1
1e+
1e-
e10
1e-
1e+
0e
++1
.
-
1ee2
1e-
e10
e10
+
1ee2
1.2.3
+
--2
1e
+
1.2.3
1e-
0e
1.2.3
0e
1ee2
1e-
abc
1e+
++1
1e
e10
1e
000.e
1e
abc
1e-
1.2.3
0e
0e
-
1.2.3
0e
-
000.e
1e
+
-
e10
-
--2
000.e
--2
1.2.3
1e
0e
1.2.3
+
1e+
e10
++1
-
-
1e+
1e+
1e-
++1
e10
++1
--2
-
abc
-
1ee2
1.2.3
1e
abc
1.2.3
1ee2
1e+
1e-
0e
++1
0e
000.e
abc
++1
0e
--2
0e
1ee2
1ee2
.
1.2.3
000.e
-
e10
+
-
1e+
1e-
.
0e
1ee2
0e
+
1e
000.e
+
000.e
1e+
abc
++1
1ee2
-
--2
1.2.3
-
0e
000.e
abc
+
+
-
0e
abc
abc
.
.
e10
-
0e
0e
++1
0e
1.2.3
1e
1.2.3
1e-
abc
++1
1ee2
1e
-
1e-
0e
1e+
0e
000.e
e10
abc
1e+
--2
1e+
--2
1.2.3
.
++1
++1
++1
++1
1e-
1e+
++1
e10
1e
e10
--2
++1
abc
++1
-
1e+
--2
.
-
-
.
1.2.3
e10
0e
1.2.3
abc
1e-
+
abc
.
+
1e-
1.2.3
1e-
1e-
e10
++1
1e+
1.2.3
++1
1ee2
000.e
abc
1e+
1e-
1.2.3
e10
-
1e
1.2.3
.
.
.
1e
1ee2
1e-
1e+
1.2.3
++1
-
000.e
.
++1
-
0e
++1
0e
abc
abc
+
1ee2
1e-
1.2.3
1e-
-
abc
1.2.3
abc
1.2.3
1e-
.
.
--2
1e
e10
0e
.
-
+
abc
+
000.e
+
abc
+
abc
e10
0e
0e
1ee2
--2
-
+
.
1e
+
--2
000.e
1ee2
--2
++1
1.2.3
.
1e-
e10
1e-
+
0e
e10
1ee2
.
1ee2
0e
e10
++1
++1
.
abc
--2
000.e
000.e
++1
1ee2
-
--2
abc
1ee2
1e+
1e-
--2
1ee2
--2
1e
++1
1ee2
1ee2
e10
-
1e+
1e-
e10
1e-
1e-
1.2.3
--2
abc
1ee2
e10
0e
abc
1ee2
000.e
1e
000.e
1e+
1.2.3
1ee2
+
++1
-
+
1e+
e10
1e-
-
1e
1e
1ee2
+
.
-
abc
1e-
0e
abc
++1
1e+
1e+
--2
e10
0e
0e
000.e
abc
1.2.3
1e+
1e-
1e
-
abc
e10
1e+
.
1e+
1.2.3
abc
--2
-
.
1e-
-
++1
.
++1
--2
-
.
000.e
-
.
0e
abc
abc
--2
-
e10
++1
1.2.3
--2
1e-
abc
1e
1e+
--2
000.e
++1
+
-
1.2.3
abc
1e
1e
1ee2
--2
1e+
.
--2
1e-
1e-
-
++1
000.e
++1
+
++1
--2
.
++1
1ee2
000.e
1e+
++1
1ee2
1e
-
1e+
1.2.3
abc
1ee2
0e
e10
-
e10
0e
++1
--2
.
1e+
1e-
1e-
.
.
--2
++1
0e
++1
1e+
1e+
-
0e
-
1.2.3
-
.
0e
1.2.3
0e
000.e
1ee2
1ee2
1e-
e10
.
1e-
000.e
abc
1e
--2
1e+
000.e
000.e
0e
1ee2
1.2.3
1ee2
1e+
1e
000.e
1ee2
1.2.3
++1
1e
000.e
1.2.3
1e
--2
1ee2
0e
1ee2
1e-
1e+
000.e
abc
000.e
1e
000.e
.
++1
1e
000.e
000.e
0e
-
1e+
1.2.3
1.2.3
+
--2
1ee2
0e
1e+
+
1e
.
+
1e
++1
abc
0e
0e
1ee2
1.2.3
0e
--2
1e-
e10
-
0e
1e+
1e-
++1
1e
e10
0e
1ee2
000.e
000.e
1e-
0e
e10
1ee2
+
000.e
1e-
0e
++1
+
1ee2
.
+
1e-
e10
-
0e
1e-
+
+
000.e
1ee2
e10
1.2.3
abc
-
+
.
+
e10
0e
1e
1e+
--2
000.e
1.2.3
000.e
.
-
000.e
1e+
abc
000.e
+
e10
e10
--2
+
1.2.3
1ee2
--2
++1
1e+
000.e
abc
+
0e
1e-
.
.
.
abc
--2
--2
-
1.2.3
1e+
--2
e10
000.e
+
1e+
1e
1ee2
++1
1e+
000.e
000.e
-
0e
1e-
.
+
abc
1ee2
+
e10
000.e
0e
++1
1e+
000.e
--2
abc
++1
++1
000.e
1e
.
--2
0e
1e
1e+
1e-
1ee2
--2
1e
1e-
e10
1e-
0e
1ee2
.
1e+
abc
abc
1.2.3
+
1e+
1.2.3
abc
++1
e10
+
000.e
1.2.3
1.2.3
--2
++1
.
1e+
+
--2
0e
1e-
1ee2
e10
000.e
1e
.
e10
000.e
abc
1e+
1e-
1e
++1
1e
1e
+
+
--2
1e-
1.2.3
1ee2
.
--2
.
1.2.3
1ee2
1ee2
1.2.3
1e-
++1
abc
-
--2
000.e
000.e
0e
1.2.3
1ee2
1e-
1ee2
1.2.3
+
1e+
--2
1e
--2
-
.
+
1e+
1.2.3
+
1e+
1e+
.
.
--2
--2
1e-
000.e
-
1e+
.
-
-
e10
1ee2
abc
-
+
e10
0e
1e+
1.2.3
1.2.3
1e+
1e
abc
e10
1e-
--2
0e
-
++1
1e-
-
+
-
--2
.
1.2.3
0e
e10
1e-
--2
000.e
0e
1ee2
0e
++1
+
1e+
abc
.
1.2.3
1e
.
+
abc
1ee2
+
1e
1e-
000.e
1e-
--2
abc
-
0e
000.e
--2
1e-
abc
1ee2
1ee2
.
1e-
+
1e-
++1
1.2.3
-
0e
abc
abc
1e
0e
0e
1e-
1e+
+
0e
0e
.
++1
e10
.
000.e
1e+
1ee2
000.e
.
000.e
-
--2
abc
abc
abc
--2
1ee2
e10
1ee2
++1
1e
-
0e
0e
1ee2
--2
+
e10
000.e
--2
000.e
1ee2
1e
1e+
0e
++1
abc
--2
+
1e-
+
0e
abc
1e-
e10
0e
e10
1ee2
-
abc
e10
1e
+
1.2.3
--2
+
1e
0e
e10
++1
e10
1ee2
000.e
e10
1e+
1ee2
e10
0e
+
.
--2
000.e
++1
+
+
++1
1e-
.
--2
+
000.e
abc
0e
.
1.2.3
-
1e
-
++1
++1
++1
e10
-
abc
0e
1.2.3
1e-
1ee2
000.e
+
.
++1
.
0e
++1
.
.
1ee2
1e
abc
1e-
1ee2
1.2.3
-
1e-
1e-
+
abc
e10
++1
1ee2
-
+
1.2.3
e10
+
+
++1
1e-
.
1e
-
1e
.
1e+
--2
-
++1
++1
0e
1ee2
.
-
.
--2
1e-
1ee2
1e+
1ee2
--2
1ee2
1.2.3
1e+
++1
1ee2
1e+
1.2.3
1ee2
1e+
.
++1
000.e
0e
+
--2
000.e
1e+
++1
+
1ee2
1.2.3
++1
1ee2
+
+
1e+
.
0e
0e
1ee2
1e-
000.e
.
0e
e10
1ee2
.
1e+
--2
e10
1e-
abc
1e+
abc
0e
.
1e
+
1e+
1e+
-
1e+
0e
-
0e
.
1e
abc
1.2.3
++1
-
e10
1ee2
--2
.
1e+
-
.
1e
1ee2
.
1ee2
e10
1ee2
-
e10
0e
1e
1e-
1ee2
1e
1e+
.
.
-
1ee2
1e+
.
1e-
0e
++1
1e+
1e-
--2
-
--2
1e
+
--2
-
1e
1e
+
e10
-
1e-
--2
1e
1e
0e
0e
e10
1ee2
abc
1e-
0e
1e-
--2
-
1e
1e-
e10
1e-
1e-
1e+
+
000.e
e10
1e+
-
--2
--2
1e
000.e
000.e
e10
--2
1e+
.
0e
+
++1
abc
+
1ee2
e10
1.2.3
--2
abc
1e+
abc
000.e
--2
1e-
0e
1e
1ee2
+
++1
e10
1e
.
--2
1.2.3
.
++1
1e+
1e
-
--2
1e+
--2
++1
.
1e+
.
++1
-
++1
e10
000.e
000.e
-
000.e
-
1e
1ee2
e10
abc
--2
1e+
-
-
-
abc
000.e
-
0e
+
--2
1e-
1.2.3
--2
1e+
--2
e10
1e-
abc
1e-
1.2.3
1ee2
1ee2
000.e
1ee2
-
1ee2
abc
e10
1ee2
abc
-
1e-
-
1e+
1.2.3
+
.
1ee2
1e+
1.2.3
.
1e-
++1
1ee2
.
1ee2
++1
--2
.
e10
1ee2
e10
1e
e10
++1
-
1.2.3
+
.
--2
e10
000.e
1ee2
-
++1
abc
000.e
++1
++1
1e+
0e
000.e
1ee2
1e
+
.
++1
abc
000.e
1e
1e+
e10
0e
000.e
1e-
e10
--2
--2
0e
0e
1.2.3
-
0e
e10
.
e10
1ee2
++1
1e+
abc
1e-
1.2.3
--2
e10
abc
+
e10
000.e
+
0e
1e+
1e-
1e+
000.e
1ee2
1e-
--2
1e+
abc
+
e10
1e
--2
-
--2
.
abc
abc
1e+
e10
.
+
1e
++1
0e
000.e
000.e
1e
1ee2
1e-
abc
+
1e
+
1e+
.
1e
000.e
.
1e-
e10
1e+
1e
000.e
--2
0e
1.2.3
.
000.e
1e-
1e
--2
1e-
.
-
1e-
0e
abc
.
+
e10
+
++1
+
1ee2
abc
1ee2
1e+
1e+
++1
+
1.2.3
-
1.2.3
--2
.
-
+
1e
0e
++1
.
--2
-
1.2.3
0e
000.e
--2
e10
abc
1e+
1.2.3
e10
1e-
1.2.3
e10
.
++1
e10
--2
1.2.3
++1
+
--2
1ee2
1e
++1
1e+
1ee2
e10
+
++1
.
++1
1e+
abc
.
e10
000.e
++1
e10
+
0e
1.2.3
1e+
000.e
++1
1e-
1e+
1e+
0e
--2
1e
.
-
1e
1.2.3
e10
--2
++1
1e+
0e
++1
--2
abc
--2
++1
0e
1e
+
1.2.3
+
0e
000.e
1e+
e10
1e
++1
-
0e
1e-
1e-
+
1.2.3
--2
0e
0e
1ee2
1e-
.
--2
0e
000.e
1.2.3
1e
.
1e-
--2
000.e
1e+
.
1e-
+
1e
--2
+
1e-
1.2.3
0e
--2
1e-
1ee2
++1
1.2.3
1e-
.
.
1e
.
++1
++1
.
1e+
1e+
1e+
0e
e10
e10
1ee2
--2
1e+
--2
1e
1ee2
1e+
1ee2
1e-
1e-
-
1e+
0e
1.2.3
++1
+
e10
abc
-
--2
1e+
abc
e10
e10
1e+
abc
--2
.
1e+
000.e
1e-
1.2.3
0e
1ee2
1e
1e+
000.e
-
e10
1e-
--2
1e
1ee2
abc
1e-
+
0e
1e-
1e+
e10
e10
1e+
-
e10
.
--2
1ee2
1e+
e10
+
.
1e+
-
1e
++1
.
1e-
.
1e-
+
-
0e
++1
0e
e10
0e
e10
1ee2
1e-
0e
1ee2
1e
e10
1.2.3
1.2.3
1e-
e10
.
0e
000.e
1e+
1e-
--2
abc
+
1e
e10
1e-
1ee2
-
e10
1e-
1ee2
++1
1.2.3
e10
000.e
-
.
--2
000.e
.
-
e10
+
1e+
++1
e10
abc
-
0e
.
1e+
abc
1.2.3
+
abc
+
-
--2
.
0e
--2
0e
.
1e-
1.2.3
1ee2
0e
--2
1e
e10
.
1.2.3
--2
-
abc
1.2.3
++1
1ee2
1.2.3
1e
000.e
000.e
++1
++1
1.2.3
+
+
0e
1ee2
000.e
++1
0e
e10
++1
1.2.3
-
abc
000.e
abc
000.e
000.e
1ee2
1e-
abc
-
e10
1ee2
++1
000.e
abc
-
1e+
abc
1e+
abc
0e
++1
+
1.2.3
1ee2
1e+
+
abc
-
+
0e
++1
abc
1.2.3
e10
-
1ee2
1e-
+
1e+
e10
1e+
-
1.2.3
.
abc
+
e10
1e-
0e
-
1e
0e
1e-
-
--2
e10
1e+
0e
--2
0e
.
abc
000.e
--2
1e-
1.2.3
++1
1e-
+
1e
++1
1e
.
.
abc
1e+
.
+
+
-
1ee2
1ee2
1e
1.2.3
-
1e
.
1e-
-
e10
e10
000.e
1e+
--2
1e-
+
1.2.3
-
--2
0e
1ee2
1.2.3
1e+
abc
--2
--2
++1
++1
abc
000.e
--2
+
-
1e+
1.2.3
1e+
1.2.3
.
1ee2
++1
1e
++1
.
1e+
1ee2
1e-
1e
abc
000.e
--2
000.e
1ee2
1e+
000.e
e10
1e-
1.2.3
1e
0e
e10
--2
1e
1.2.3
-
-
+
+
+
1.2.3
1ee2
++1
0e
+
abc
.
1e-
-
1ee2
-
1ee2
1e
abc
000.e
1e-
--2
0e
1ee2
++1
1e-
--2
0e
++1
-
1e+
+
++1
e10
1e+
1e+
0e
1e-
1e
000.e
+
0e
++1
1ee2
0e
1ee2
000.e
.
e10
abc
--2
0e
000.e
1ee2
abc
--2
1e-
000.e
.
1.2.3
1ee2
abc
1e+
1e
.
++1
-
1ee2
.
abc
1e-
1e+
-
000.e
1e
+
1e
-
000.e
abc
1e+
1e-
0e
1e+
000.e
.
0e
-
1e
0e
--2
1e
1e
abc
--2
1e
.
000.e
abc
000.e
0e
1ee2
1e
-
1e-
000.e
.
--2
1e+
1e+
++1
1e
1e-
--2
000.e
1ee2
1e
1.2.3
1e
--2
1e
1e
--2
-
+
1e+
1e-
1ee2
-
000.e
--2
0e
-
1ee2
++1
0e
abc
++1
-
1e+
++1
1.2.3
1e-
1e
abc
e10
1e
0e
1e-
1e-
1e-
1e+
1e
+
1e-
1.2.3
1e
e10
++1
000.e
+
abc
.
e10
++1
0e
000.e
--2
.
1.2.3
1.2.3
.
1e
e10
1ee2
abc
+
1e
0e
-
0e
000.e
e10
000.e
-
+
--2
1e-
1e-
abc
000.e
1e-
e10
+
1e+
0e
0e
1e-
.
1e-
1ee2
1.2.3
--2
1e+
1ee2
0e
1e+
e10
1e
--2
1.2.3
1e
abc
1e-
000.e
e10
1e-
1.2.3
1.2.3
-
0e
.
abc
++1
1e+
1ee2
1.2.3
1e+
e10
e10
000.e
.
1ee2
abc
-
000.e
1e+
--2
000.e
1.2.3
1.2.3
000.e
1e+
1e+
1e
1e-
.
1ee2
--2
1e
1e-
-
e10
-
abc
+
1e+
e10
--2
1e
-
1e-
1e-
abc
0e
1e-
1e+
1e
000.e
1e-
e10
000.e
1e
1ee2
+
1e+
000.e
1e+
++1
1.2.3
--2
1e-
1ee2
1e-
+
1ee2
1e-
-
+
1e
++1
1e+
1e+
000.e
e10
--2
1.2.3
1ee2
.
1e
+
0e
--2
1ee2
-
e10
.
.
.
+
1.2.3
++1
--2
+
+
-
+
1e
abc
1.2.3
abc
1e+
--2
e10
0e
1e+
++1
abc
-
1e
abc
1e-
.
--2
--2
--2
abc
1e+
--2
--2
e10
1.2.3
1e-
-
1ee2
1e
0e
.
++1
abc
abc
e10
1e
+
1.2.3
1e-
1.2.3
1ee2
000.e
0e
+
--2
.
e10
1e-
++1
1ee2
1e+
0e
++1
1ee2
.
+
--2
--2
abc
1e-
e10
+
-
+
+
.
1e+
1e+
1e-
++1
1e
1e+
0e
0e
++1
.
1.2.3
--2
1ee2
abc
1ee2
abc
.
1e
1e-
++1
-
000.e
--2
1e+
0e
.
1e-
1e+
e10
1e
0e
.
1ee2
+
000.e
++1
0e
1ee2
1e+
1.2.3
1ee2
++1
000.e
000.e
++1
--2
+
.
++1
.
--2
1ee2
1e-
+
+
+
-
1e-
0e
e10
1e
--2
.
0e
-
1e
1.2.3
+
.
e10
--2
--2
1e-
abc
--2
1e
+
abc
+
+
1.2.3
1ee2
1e
1e+
--2
--2
0e
--2
-
1e-
1.2.3
1.2.3
000.e
++1
++1
abc
1.2.3
000.e
000.e
1e-
000.e
0e
0e
1e+
abc
1e
+
++1
000.e
-
--2
.
abc
.
1.2.3
abc
1ee2
1e-
000.e
1e-
1.2.3
1.2.3
000.e
-
-
000.e
1e
1.2.3
e10
1ee2
1.2.3
1.2.3
++1
++1
+
.
000.e
--2
1e+
--2
1e-
--2
1e-
1.2.3
.
abc
-
0e
0e
1e-
--2
1e+
-
++1
1e+
++1
1ee2
1ee2
.
-
1e
000.e
1e+
1e
--2
.
--2
++1
+
.
000.e
++1
1e-
000.e
--2
1.2.3
+
+
1ee2
000.e
e10
1.2.3
000.e
+
e10
1e
-
e10
1e-
.
abc
000.e
abc
1e+
1e-
1e-
1.2.3
e10
1.2.3
--2
0e
-
e10
1e-
++1
++1
+
e10
1ee2
abc
abc
1.2.3
+
1e
0e
000.e
+
1e+
1e
1e-
1.2.3
e10
.
1e+
1e-
1e-
.
1e-
0e
.
abc
0e
1ee2
++1
1e-
1ee2
0e
abc
1e-
--2
+
0e
000.e
1e+
++1
1e-
1e
++1
1e-
1e
000.e
-
000.e
1e-
1e+
-
1.2.3
000.e
--2
-
e10
-
000.e
0e
000.e
+
1e+
0e
e10
1e-
1e
--2
1ee2
1e
.
abc
-
--2
++1
1ee2
+
1e
.
1e
abc
1ee2
e10
-
++1
0e
1e
+
0e
abc
-
abc
1e+
.
e10
.
1e
-
e10
1ee2
1e-
1.2.3
000.e
++1
0e
-
000.e
++1
1.2.3
1ee2
abc
.
000.e
e10
+
1e
--2
1e+
abc
1e-
1e-
000.e
0e
-
.
1e+
.
++1
.
000.e
e10
-
1e-
1e
e10
1ee2
1e+
1e+
++1
1ee2
1.2.3
++1
1e
1.2.3
1ee2
--2
+
abc
abc
--2
e10
abc
abc
.
000.e
1.2.3
.
1e
abc
000.e
1e+
0e
-
0e
1.2.3
1e+
1e
e10
1e
1e-
+
++1
--2
e10
1ee2
1.2.3
--2
++1
0e
.
0e
1ee2
.
.
1e+
e10
e10
--2
--2
abc
++1
abc
1e+
abc
e10
0e
+
1e
+
.
.
++1
1e
000.e
++1
0e
1e-
1e
000.e
abc
1e
--2
000.e
1e
1e-
0e
1e+
abc
abc
0e
--2
++1
e10
++1
++1
1.2.3
000.e
1e
1e
1e
+
000.e
1e+
abc
+
1e+
1e
1e
1e
1e-
0e
1.2.3
++1
abc
e10
-
1e
000.e
--2
1e
1e+
000.e
-
1.2.3
abc
.
-
e10
-
0e
--2
abc
1e-
e10
0e
000.e
.
--2
0e
1e+
.
abc
++1
1.2.3
1e+
--2
1e+
--2
.
1ee2
1e+
++1
1e-
0e
+
1e
.
0e
1.2.3
1.2.3
1e-
+
1e-
1e
--2
000.e
000.e
--2
1e
.
abc
.
000.e
++1
1e-
000.e
1e
0e
--2
abc
0e
1e+
1.2.3
1e+
000.e
.
1e-
.
1e
1ee2
1e+
e10
-
e10
1e-
0e
e10
.
--2
1ee2
1e
--2
abc
1.2.3
1.2.3
--2
++1
++1
--2
1e
.
-
000.e
000.e
+
abc
1e+
+
0e
1.2.3
-
000.e
++1
1ee2
e10
++1
-
+
1e
+
0e
1ee2
+
-
++1
+
-
1.2.3
000.e
.
abc
--2
1.2.3
1ee2
e10
e10
++1
-
--2
abc
1e+
.
1e
abc
+
.
0e
0e
abc
+
--2
-
-
1e
0e
1.2.3
+
1e-
-
1e+
1e-
0e
1.2.3
-
1e
++1
000.e
1.2.3
+
.
++1
+
0e
+
++1
e10
1ee2
e10
000.e
e10
000.e
.
-
e10
1.2.3
1e+
1e-
0e
++1
1.2.3
e10
1e-
.
--2
.
+
++1
0e
1e+
1.2.3
1e
--2
1e-
++1
+
1e-
1e+
1.2.3
1e+
000.e
1ee2
--2
1e+
1e-
abc
1ee2
0e
1e+
.
1e
1e
-
.
000.e
1e
1.2.3
1.2.3
-
1e+
1e-
++1
1.2.3
-
1.2.3
0e
e10
abc
1ee2
e10
.
--2
1ee2
++1
1e-
0e
1e+
-
++1
+
+
1ee2
1e+
abc
000.e
e10
--2
1e-
000.e
1e+
1e
abc
000.e
++1
1e
abc
e10
e10
+
1e+
+
1ee2
++1
1.2.3
1e-
e10
1.2.3
0e
-
.
000.e
++1
abc
1.2.3
++1
e10
abc
1ee2
1e
1e-
1.2.3
e10
1e-
abc
1e
+
abc
0e
1.2.3
abc
--2
e10
1e+
1e+
.
1e-
1ee2
abc
abc
abc
-
abc
e10
e10
1e+
000.e
0e
.
--2
1.2.3
+
abc
-
.
1e-
+
1e-
1e+
+
0e
-
++1
.
000.e
1e+
1e+
1.2.3
1e
e10
abc
0e
1e
000.e
1e-
++1
1.2.3
0e
000.e
e10
--2
+
++1
-
0e
e10
-
--2
000.e
abc
0e
1ee2
-
1.2.3
1e+
1e+
e10
0e
0e
.
1e-
e10
+
+
1e+
e10
++1
1ee2
1e+
--2
.
-
1e-
++1
1ee2
-
.
1.2.3
--2
000.e
abc
1e+
++1
+
000.e
.
1.2.3
1e-
0e
+
abc
++1
+
1e
1e
-
e10
--2
0e
++1
++1
1ee2
1e
0e
-
+
+
1e-
000.e
++1
abc
abc
.
000.e
1.2.3
1ee2
1.2.3
.
-
000.e
1ee2
abc
.
--2
1e
abc
+
+
000.e
+
1e+
000.e
+
.
1e
1.2.3
abc
-
+
0e
1e+
-
000.e
1e-
1e-
+
1ee2
1ee2
abc
e10
e10
1e-
+
-
abc
1e
1e-
++1
1ee2
++1
abc
1e-
e10
--2
--2
abc
1e+
000.e
1e+
abc
1e-
000.e
1.2.3
0e
000.e
abc
1.2.3
.
abc
.
1e
abc
e10
1.2.3
000.e
1e+
+
abc
-
1e-
+
++1
0e
1.2.3
+
--2
1.2.3
1ee2
1e+
.
1.2.3
+
-
1.2.3
+
000.e
++1
e10
.
++1
0e
.
++1
1e
++1
1e-
000.e
--2
++1
1e+
.
+
--2
1e-
1e+
1e-
-
000.e
1.2.3
1e
++1
+
1ee2
1e-
1ee2
1e+
1e
++1
abc
1ee2
--2
0e
.
0e
e10
abc
1e+
1ee2
abc
1e
+
-
1ee2
.
.
1e-
abc
e10
1e+
.
++1
--2
++1
000.e
1e-
1ee2
1.2.3
0e
1e+
1e+
-
1e-
1e
++1
--2
+
1e-
000.e
-
1e-
--2
1e+
1e+
1.2.3
1e+
+
1e
--2
0e
--2
e10
1e+
1e
1.2.3
--2
0e
0e
e10
-
1.2.3
1.2.3
.
1e
.
--2
e10
.
1e+
e10
1ee2
+
e10
0e
.
-
+
0e
++1
-
1ee2
1.2.3
abc
++1
abc
1ee2
+
1ee2
.
1.2.3
.
-
abc
1ee2
-
1e-
e10
1ee2
--2
000.e
-
abc
+
--2
.
.
abc
-
e10
--2
1e+
1e+
000.e
0e
abc
000.e
000.e
1.2.3
1e+
1.2.3
1ee2
1e
1e+
1e+
000.e
e10
1e
1ee2
.
1e
e10
--2
000.e
abc
.
000.e
e10
++1
1e
++1
--2
1ee2
--2
e10
e10
1ee2
000.e
-
1.2.3
+
1.2.3
+
1e-
abc
+
1.2.3
1.2.3
1ee2
000.e
e10
e10
1e+
1.2.3
1e
.
--2
.
.
.
-
.
1e+
+
0e
000.e
1e
+
--2
1e
+
+
e10
e10
.
abc
.
e10
1e+
1e-
000.e
.
+
-
.
abc
+
1e
++1
1e+
.
0e
e10
1.2.3
1e-
abc
1e-
abc
0e
0e
000.e
1ee2
abc
0e
1e
1e-
1.2.3
0e
1ee2
++1
--2
1ee2
1e
1.2.3
0e
++1
1e-
e10
1e+
0e
000.e
1e+
1.2.3
1e
0e
1e
1e+
1.2.3
0e
000.e
000.e
++1
e10
1e
1e-
000.e
e10
1e
1e
abc
--2
1e
1ee2
-
++1
.
1e-
000.e
-
abc
+
+
+
++1
e10
1e
.
e10
-
1.2.3
0e
++1
-
.
000.e
1.2.3
1e+
e10
1.2.3
1ee2
--2
+
.
1.2.3
-
0e
1.2.3
1.2.3
.
e10
000.e
++1
1.2.3
-
1ee2
--2
1e+
++1
++1
--2
--2
1e-
1.2.3
.
0e
e10
1e
--2
.
--2
1e+
1e-
0e
.
1e-
abc
++1
1e-
1e
+
1.2.3
0e
--2
abc
--2
000.e
e10
1e+
0e
1e+
1e+
.
+
+
-
000.e
e10
1ee2
++1
++1
--2
0e
0e
++1
e10
1ee2
1e
-
1e-
-
-
1e+
1e+
1e-
+
.
0e
1e-
1e
1.2.3
1.2.3
--2
.
+
1ee2
1e-
1e
++1
0e
1ee2
++1
abc
++1
0e
000.e
1e+
1e
+
+
--2
--2
1e-
000.e
1e-
e10
abc
.
e10
1.2.3
1.2.3
1ee2
-
-
abc
-
000.e
1e
1e+
0e
000.e
0e
+
1e
abc
1e
e10
e10
++1
++1
1e+
1e
+
1e
000.e
e10
--2
.
1ee2
1e-
-
1e
++1
e10
.
-
1e+
++1
abc
0e
000.e
000.e
1e+
-
1e
0e
abc
+
-
-
1e
--2
1e
+
e10
000.e
1e-
-
--2
1e+
1e+
-
1e+
000.e
1e
.
--2
e10
abc
.
000.e
e10
abc
--2
1e-
1e-
--2
1e
++1
e10
abc
1.2.3
1e
.
1ee2
abc
1e+
1ee2
+
1e
e10
.
000.e
1e
000.e
-
1.2.3
e10
1e
abc
++1
0e
1e
++1
e10
1e-
1e+
abc
000.e
1e+
++1
1.2.3
1ee2
1ee2
0e
1e+
--2
++1
1.2.3
1ee2
+
-
000.e
0e
1e+
+
.
abc
++1
1e+
e10
1e+
1e
1ee2
--2
1e
+
1e+
--2
1e-
-
e10
-
+
abc
1e
--2
000.e
--2
e10
--2
000.e
000.e
.
.
1e+
abc
1e+
1e+
abc
000.e
++1
--2
1e-
e10
1e
0e
-
--2
0e
000.e
--2
e10
.
+
1e+
abc
1.2.3
++1
++1
++1
1e-
1e+
1.2.3
e10
-
abc
e10
1e+
.
1e+
e10
000.e
1e
e10
1e-
--2
--2
000.e
000.e
1e
.
0e
1e
1ee2
1e
0e
1.2.3
000.e
abc
1e-
.
+
1.2.3
1ee2
--2
1.2.3
.
.
.
1e-
1.2.3
abc
1e
e10
1.2.3
-
abc
abc
1e
000.e
1e
1e-
-
1e+
-
abc
1e-
e10
1e
-
1e-
e10
--2
abc
+
1ee2
000.e
000.e
-
++1
1e
.
1e-
000.e
1e
-
e10
-
++1
abc
-
e10
abc
0e
.
1ee2
-
1e-
1ee2
.
--2
1e
+
++1
1e
--2
1e+
1e
e10
1e
--2
abc
1e-
000.e
1ee2
1.2.3
1.2.3
0e
1e+
1.2.3
--2
1e+
1e-
e10
+
--2
+
-
000.e
1e-
1e+
1e
-
-
0e
e10
1.2.3
1ee2
1ee2
1e-
-
1e+
0e
1ee2
e10
e10
1ee2
1e-
1e+
+
1e+
e10
+
++1
++1
0e
000.e
--2
++1
+
1ee2
++1
e10
1e+
abc
000.e
000.e
e10
e10
abc
++1
000.e
000.e
.
e10
-
-
+
0e
.
0e
+
--2
1e
-
+
1e-
++1
0e
1ee2
1e
e10
000.e
++1
++1
1ee2
000.e
abc
1e-
1e
0e
1e+
1e-
000.e
1e-
abc
1ee2
1ee2
1.2.3
1ee2
-
1e
abc
1e
abc
1.2.3
1.2.3
0e
++1
1e+
.
1e+
--2
--2
e10
.
--2
e10
000.e
1e
++1
1e+
.
abc
-
-
1.2.3
1e-
1ee2
0e
1.2.3
e10
1e
0e
++1
e10
0e
1e
1.2.3
1e-
++1
++1
++1
000.e
1ee2
1.2.3
abc
1.2.3
.
+
0e
1e+
abc
-
000.e
abc
++1
1ee2
0e
-
000.e
0e
++1
0e
--2
1e-
e10
1.2.3
e10
++1
1e-
1e+
1e
-
e10
-
+
abc
1e
.
1e
e10
1e
e10
1.2.3
1ee2
1.2.3
1e
-
000.e
0e
1ee2
0e
000.e
1e+
-
++1
.
1e-
1e
++1
--2
--2
-
1e+
1ee2
++1
1e-
1ee2
1e-
1e
1.2.3
1.2.3
1e-
.
++1
1e-
e10
1e+
0e
0e
e10
-
e10
+
1.2.3
++1
++1
1e+
1e
.
1ee2
1e-
.
1ee2
0e
e10
e10
1e
abc
++1
1.2.3
--2
-
000.e
abc
1e-
1.2.3
--2
0e
abc
000.e
1e+
1ee2
++1
-
1e
-
000.e
+
000.e
-
1e
1e
1e
0e
0e
.
abc
-
0e
000.e
1ee2
1e+
1e-
000.e
-
1e+
++1
1e+
++1
0e
+
-
0e
1.2.3
--2
e10
abc
1e
1e+
000.e
1e-
--2
++1
++1
.
1e
1.2.3
1e-
e10
000.e
1.2.3
1ee2
1ee2
+
1.2.3
0e
1e
1ee2
e10
++1
1ee2
e10
1e+
+
000.e
1e+
1e-
1e
1.2.3
1ee2
0e
1e-
++1
.
1.2.3
0e
++1
+
+
1.2.3
.
1e
e10
--2
1ee2
+
++1
++1
1ee2
1.2.3
1e
0e
--2
--2
+
+
1e+
.
1.2.3
--2
-
abc
1e+
abc
--2
e10
+
0e
--2
abc
1e-
1e+
000.e
000.e
1e-
++1
++1
1ee2
1e+
0e
000.e
000.e
++1
000.e
-
1ee2
1e-
--2
e10
1ee2
1e+
--2
-
e10
e10
.
++1
--2
1e+
1ee2
abc
000.e
-
1e
000.e
1e
0e
1e
.
++1
+
0e
.
1e+
++1
1e-
.
1e+
1ee2
e10
+
+
1.2.3
1e+
e10
++1
000.e
.
1.2.3
e10
abc
-
-
-
1e+
1ee2
1e-
e10
++1
.
abc
1e
1e-
1e
e10
1e+
e10
++1
e10
1.2.3
e10
1.2.3
e10
1e+
e10
1ee2
e10
1ee2
++1
000.e
1e
1e
e10
e10
1e-
--2
+
e10
--2
e10
1ee2
++1
--2
-
.
1.2.3
1e-
e10
.
--2
--2
1e+
abc
.
.
abc
++1
.
1e
000.e
1.2.3
1e+
e10
++1
1.2.3
1e
1e-
000.e
e10
+
-
e10
1e
1.2.3
1.2.3
+
.
1ee2
1e
--2
-
.
1.2.3
1e+
000.e
000.e
e10
0e
+
1e-
0e
--2
.
1e+
.
1ee2
+
1e-
1ee2
0e
.
abc
1.2.3
++1
abc
000.e
0e
++1
++1
0e
1.2.3
abc
.
+
1.2.3
1e
.
000.e
-
1e
0e
-
1e+
+
--2
+
e10
.
.
1e
1.2.3
1e
.
abc
1ee2
000.e
.
+
--2
--2
000.e
abc
++1
1e+
1e-
0e
--2
0e
000.e
-
0e
0e
1e+
1e+
+
-
1e+
0e
1e
1e+
--2
--2
abc
1e-
.
e10
-
abc
1e+
.
1e
0e
.
++1
1e+
1ee2
1e-
++1
0e
++1
0e
1e-
1e+
e10
1e+
e10
++1
1e
1ee2
1.2.3
1.2.3
1ee2
1e+
000.e
--2
++1
++1
--2
1e+
-
1ee2
++1
1e
0e
e10
e10
1.2.3
-
1.2.3
+
000.e
1e
1e
0e
abc
-
.
1e+
1e+
abc
1e+
1e
0e
1ee2
+
e10
+
0e
--2
000.e
-
-
--2
-
1e+
abc
+
--2
1.2.3
0e
000.e
-
--2
+
--2
e10
1e
1e
1e+
++1
000.e
1.2.3
--2
--2
.
e10
0e
1ee2
1.2.3
1e
1ee2
.
1e-
--2
0e
1ee2
1.2.3
0e
1e+
+
0e
abc
0e
1e-
-
1e
0e
1e-
+
1e-
000.e
abc
+
-
-
1e
0e
.
e10
-
e10
000.e
.
+
abc
1ee2
1.2.3
--2
1e-
1e+
-
+
1e-
.
1e
.
1e
abc
.
+
abc
.
1e
0e
.
1e-
e10
1e
1e+
--2
000.e
+
0e
++1
abc
++1
++1
--2
000.e
+
1e
.
000.e
-
1e+
--2
1e+
1e+
1ee2
abc
abc
000.e
abc
1e+
abc
1e-
e10
+
-
-
1e+
+
000.e
1e+
1ee2
+
abc
-
1ee2
-
1.2.3
1.2.3
1ee2
1e+
1e
000.e
1e-
000.e
e10
++1
-
-
000.e
1.2.3
1e+
+
1e-
+
0e
1.2.3
1ee2
+
++1
-
1e+
+
1e+
abc
1.2.3
1ee2
-
-
.
1.2.3
1.2.3
abc
0e
e10
000.e
e10
1e
++1
++1
.
-
++1
+
-
000.e
--2
1e
1e+
+
1.2.3
e10
0e
--2
--2
1.2.3
1ee2
1e+
0e
0e
-
0e
1e
1.2.3
++1
1e+
1e-
1e
1e-
-
++1
.
.
--2
-
++1
000.e
++1
1.2.3
1e+
abc
-
1e+
abc
++1
1e+
+
1e-
1.2.3
1ee2
1e+
.
1e-
1e-
++1
1ee2
1e
1e-
-
abc
1ee2
+
+
000.e
++1
.
1ee2
1.2.3
1ee2
e10
.
--2
-
000.e
0e
--2
1ee2
1e
1e-
.
1ee2
e10
1e-
1e
e10
1e
--2
e10
1.2.3
000.e
1.2.3
1ee2
000.e
-
0e
e10
1e
1.2.3
-
++1
1e+
0e
1.2.3
-
.
abc
1ee2
e10
1e-
1.2.3
abc
e10
1e
e10
+
--2
1e
.
1ee2
+
0e
+
1.2.3
-
1.2.3
1e+
1ee2
++1
.
+
.
.
1ee2
000.e
1ee2
--2
1ee2
000.e
1ee2
1ee2
++1
--2
.
abc
--2
e10
1e+
1e+
000.e
-
-
-
abc
++1
abc
1e
1ee2
e10
++1
-
000.e
abc
+
0e
+
1e
1e
--2
1e-
1.2.3
--2
000.e
++1
1.2.3
e10
1e
1e-
+
.
000.e
1e-
--2
--2
.
e10
1e-
-
abc
1e+
--2
++1
1e+
--2
0e
000.e
000.e
--2
1.2.3
1ee2
.
1ee2
.
-
abc
000.e
0e
--2
-
1e+
000.e
1.2.3
1e
1e
abc
1e-
1e+
-
.
-
000.e
1ee2
++1
0e
1e+
-
-
-
1.2.3
-
1.2.3
0e
-
1e-
000.e
++1
.
1.2.3
-
1e+
1e
000.e
1.2.3
.
000.e
000.e
000.e
1.2.3
abc
1ee2
-
1ee2
++1
++1
0e
e10
++1
1e-
+
1e
1e
--2
1e-
+
1e
e10
1.2.3
1ee2
1e+
-
1e+
000.e
.
e10
1e-
e10
.
1e+
1.2.3
1ee2
1ee2
000.e
.
1e+
1e
1e
--2
--2
+
1e+
abc
1.2.3
1e+
.
1.2.3
.
0e
1e+
e10
1.2.3
1e+
abc
1e-
abc
-
abc
e10
1e
1e+
1e+
e10
+
000.e
--2
--2
1e
+
1ee2
abc
--2
-
-
1e+
+
e10
++1
1ee2
1ee2
1ee2
0e
000.e
++1
0e
1e+
000.e
abc
1.2.3
+
++1
.
1ee2
000.e
-
1ee2
1e-
000.e
1e+
++1
0e
1e+
1.2.3
1.2.3
++1
e10
abc
1e+
--2
--2
+
1e-
-
--2
e10
1.2.3
e10
+
1.2.3
0e
000.e
--2
--2
--2
+
+
1.2.3
-
+
-
1e-
abc
1.2.3
000.e
e10
0e
1ee2
-
e10
.
1.2.3
1e+
.
1e+
1e
+
1e+
1ee2
1ee2
++1
abc
1e-
+
1.2.3
0e
--2
1.2.3
0e
1ee2
e10
1e-
+
1e
1e
1e-
0e
+
0e
1e-
.
0e
+
1e+
--2
1.2.3
++1
1e-
1e-
.
1e-
abc
+
1e
1e-
0e
e10
1e
e10
abc
1ee2
+
1e+
1e
e10
1e
1e-
1ee2
abc
0e
1e-
000.e
1ee2
.
++1
++1
.
-
1e-
1e
++1
+
000.e
1e+
-
-
abc
abc
000.e
1e
.
1e+
0e
1ee2
1e
e10
--2
++1
1e-
abc
1e-
1ee2
1e-
1e-
1e
e10
1e-
++1
000.e
1e-
e10
000.e
1e
--2
-
-
000.e
+
+
abc
1e
1e+
1e-
1e-
0e
1e-
1ee2
++1
++1
.
1.2.3
1e
e10
e10
-
++1
++1
1ee2
-
+
000.e
e10
abc
1e-
1e+
.
1e+
000.e
1.2.3
1e
++1
1.2.3
+
1e-
-
1e
000.e
1e
++1
1e-
0e
-
000.e
--2
0e
000.e
1e-
1e
e10
abc
1e-
000.e
1e
0e
1e+
--2
1e-
1e-
1ee2
.
-
-
000.e
e10
1e-
1e
-
-
e10
+
1e-
1e-
1e
1e-
1ee2
abc
1e
1e
000.e
--2
1.2.3
+
+
e10
++1
1ee2
--2
000.e
+
++1
0e
1e
1e
e10
--2
++1
1e
abc
1e
++1
-
0e
++1
0e
1e+
1e-
+
000.e
.
1.2.3
.
1e+
e10
1ee2
++1
0e
1e
1e-
++1
-
e10
1ee2
1ee2
e10
+
.
-
e10
000.e
.
000.e
000.e
-
000.e
0e
1.2.3
1e-
abc
000.e
.
++1
0e
--2
abc
abc
abc
1e-
e10
1e-
1e
++1
e10
1.2.3
.
--2
abc
-
1.2.3
+
.
++1
++1
1ee2
1.2.3
-
1e-
0e
1e+
--2
abc
e10
1ee2
.
abc
0e
0e
1e-
+
-
-
+
1e
abc
+
--2
.
0e
1.2.3
0e
000.e
abc
--2
0e
1e+
+
1ee2
e10
.
1e
000.e
e10
+
--2
000.e
1e
1ee2
-
0e
abc
-
1.2.3
000.e
-
.
0e
1ee2
-
abc
0e
1ee2
1.2.3
1ee2
+
--2
0e
1ee2
--2
-
abc
e10
--2
++1
000.e
1e
.
--2
++1
.
e10
--2
--2
1e-
+
e10
.
abc
-
e10
-
1e+
-
1e+
1.2.3
1.2.3
1e
1e
.
1ee2
1.2.3
1e-
1.2.3
+
1e+
0e
--2
.
1e
0e
1ee2
000.e
-
++1
1e+
e10
0e
abc
--2
+
1e-
1ee2
.
--2
1ee2
1ee2
.
.
abc
1.2.3
1ee2
abc
000.e
1e-
.
-
.
.
1ee2
+
1e-
1.2.3
1e+
1.2.3
1e-
1e+
--2
.
e10
1e+
++1
--2
++1
1e-
abc
1e+
0e
--2
1e-
-
1ee2
-
1ee2
++1
--2
000.e
abc
+
.
abc
0e
1.2.3
++1
-
1e-
-
000.e
++1
1e
1.2.3
1ee2
--2
000.e
-
1e
e10
++1
abc
--2
1e-
++1
1ee2
1.2.3
1ee2
1e-
1e+
-
1e+
abc
000.e
+
000.e
1e-
+
e10
.
.
.
--2
1e-
1.2.3
-
1ee2
.
1e+
1e+
0e
+
1e+
++1
0e
1e+
1.2.3
.
e10
--2
e10
e10
1e
1.2.3
--2
-
abc
--2
1e-
-
--2
+
.
.
1.2.3
000.e
+
+
+
++1
1e-
abc
++1
1e
1e+
1e+
abc
e10
1e+
1.2.3
.
000.e
abc
0e
1e
1e
e10
e10
000.e
1e
++1
--2
+
.
1e+
000.e
-
1e
+
1e
+
abc
1ee2
000.e
1e-
.
-
+
1e
000.e
0e
e10
abc
1ee2
e10
1ee2
--2
-
1.2.3
++1
1ee2
--2
1.2.3
1e-
++1
1ee2
000.e
000.e
1ee2
--2
e10
1.2.3
1.2.3
1ee2
1.2.3
++1
.
1e-
000.e
++1
--2
1e
1e
++1
-
.
abc
1e+
1e
e10
1.2.3
1.2.3
.
000.e
000.e
000.e
1.2.3
++1
000.e
1e+
--2
1e-
e10
1ee2
e10
abc
++1
.
+
abc
1.2.3
++1
+
1e-
e10
1e-
1e
abc
1e
0e
000.e
1e+
++1
--2
1ee2
++1
abc
-
1e
1e+
1e+
-
1ee2
abc
e10
abc
--2
e10
+
abc
abc
.
1.2.3
1ee2
abc
+
-
.
1ee2
abc
e10
+
++1
1.2.3
.
1e-
1e-
1e-
1.2.3
+
1e-
abc
1ee2
-
+
-
1e
1.2.3
abc
0e
.
+
0e
1e-
.
000.e
1.2.3
++1
-
-
1e+
1e+
000.e
+
--2
1e+
.
0e
-
000.e
.
e10
e10
.
1e
1e-
e10
1.2.3
e10
1e-
000.e
++1
1ee2
0e
.
0e
1.2.3
-
1e+
1ee2
e10
1e-
1.2.3
e10
--2
0e
0e
1e-
1e+
1e+
0e
000.e
abc
abc
+
++1
1e
e10
e10
e10
1.2.3
1e
-
--2
000.e
--2
000.e
1e
1.2.3
1.2.3
1ee2
1.2.3
++1
1ee2
1e-
.
0e
.
--2
0e
1.2.3
1e-
0e
1.2.3
++1
-
.
++1
0e
.
1.2.3
0e
000.e
000.e
000.e
1e
--2
.
0e
e10
--2
+
-
1e+
--2
+
000.e
1ee2
+
1ee2
000.e
-
++1
000.e
1e+
1e
abc
1e
--2
.
0e
1e+
abc
1e+
1e+
-
--2
e10
++1
+
0e
.
e10
000.e
-
++1
+
+
1e+
e10
e10
0e
1ee2
abc
000.e
1.2.3
1e+
1ee2
0e
1e-
--2
1e-
1e-
--2
--2
1.2.3
1.2.3
1ee2
1ee2
e10
0e
1e
-
+
1ee2
1e-
1e
0e
e10
+
000.e
++1
0e
000.e
1.2.3
+
1ee2
.
+
e10
1.2.3
-
1e
1.2.3
1ee2
e10
-
--2
.
abc
+
1ee2
0e
.
--2
1e-
+
1.2.3
--2
1ee2
1e
e10
1ee2
1e-
1e
+
1e
+
1ee2
1e-
1e
-
1ee2
1ee2
+
1e+
000.e
1.2.3
.
1e-
+
-
-
++1
000.e
e10
++1
1ee2
++1
1e+
++1
1ee2
+
000.e
.
++1
1e-
--2
abc
abc
1e
1.2.3
1ee2
1e+
1.2.3
--2
++1
1e+
.
1e+
1e
1e
000.e
+
1.2.3
.
abc
1.2.3
1e
e10
1e-
1e
0e
1.2.3
--2
.
1e+
+
1e+
1e+
1.2.3
1.2.3
000.e
1e+
000.e
-
++1
-
--2
000.e
--2
1e
1ee2
.
1e
-
1e
1ee2
0e
-
--2
0e
1e+
1ee2
1ee2
--2
--2
1e
1e+
1e-
1e-
.
0e
.
e10
+
1e+
1e+
.
1ee2
1e+
1e
abc
e10
e10
--2
1e
abc
+
.
1e+
1ee2
000.e
0e
.
e10
-
-
++1
1ee2
.
0e
.
e10
--2
1.2.3
1ee2
1.2.3
1e+
e10
e10
e10
e10
000.e
abc
.
-
0e
0e
++1
1e+
--2
000.e
000.e
1.2.3
1ee2
1.2.3
+
-
0e
000.e
1e
1.2.3
0e
1ee2
0e
1e+
1e-
e10
1.2.3
++1
1ee2
abc
0e
.
1e-
1ee2
1e
1e+
1e-
1e+
1ee2
0e
1ee2
1e-
1e+
1e-
+
--2
abc
1e+
1ee2
1e-
1e
0e
abc
-
1ee2
1e
-
++1
000.e
1ee2
1e+
1e-
1.2.3
1e
1e-
0e
1.2.3
e10
1.2.3
--2
1e+
-
1.2.3
1e
++1
e10
1e+
+
1e+
1e+
1.2.3
.
.
-
--2
1ee2
1e-
1ee2
1.2.3
e10
.
1e-
-
.
1ee2
1.2.3
1e
--2
1.2.3
e10
0e
-
-
000.e
+
-
1e-
+
1.2.3
e10
000.e
--2
e10
-
++1
1.2.3
-
--2
-
0e
++1
0e
.
+
1ee2
1e
.
++1
e10
.
e10
.
-
abc
--2
1ee2
+
0e
+
0e
000.e
1.2.3
--2
1.2.3
1e
+
abc
+
000.e
000.e
0e
-
1e
+
+
.
000.e
000.e
--2
abc
1e-
+
0e
0e
1ee2
000.e
0e
0e
.
1ee2
1e-
+
--2
abc
++1
-
--2
1e-
e10
1.2.3
0e
1e-
1ee2
1e
1.2.3
e10
e10
++1
.
1ee2
1.2.3
-
e10
-
000.e
++1
++1
abc
1.2.3
--2
000.e
.
1e+
++1
-
abc
.
1ee2
1e+
0e
--2
e10
1e+
e10
000.e
+
--2
--2
1.2.3
1e+
1ee2
.
1.2.3
e10
1e
-
+
-
0e
.
abc
1e
1ee2
-
1e
--2
000.e
e10
0e
1e+
1.2.3
++1
++1
1e-
e10
1e-
-
abc
+
1e-
1e-
0e
+
0e
.
1.2.3
1e
1e+
1e-
1e
1ee2
1ee2
e10
000.e
0e
0e
1.2.3
000.e
++1
abc
e10
1e-
e10
1e-
.
e10
.
abc
++1
-
e10
1ee2
0e
000.e
0e
1e+
1e
abc
1ee2
1e+
.
1e+
++1
0e
++1
0e
1e-
e10
++1
1e-
0e
1e
0e
1e
1ee2
0e
1.2.3
--2
+
1e
1ee2
+
1e
1ee2
1e
+
0e
+
1e-
1.2.3
-
1e+
.
1e+
.
++1
0e
1e-
1.2.3
+
-
--2
.
-
e10
1.2.3
1e
abc
-
abc
e10
1e+
.
1e
0e
.
e10
--2
1.2.3
000.e
1.2.3
0e
1.2.3
1ee2
1e
1.2.3
--2
abc
abc
1.2.3
1e+
1ee2
1e+
1e+
0e
1ee2
1e+
000.e
--2
--2
abc
1e-
+
abc
1.2.3
+
abc
--2
e10
1.2.3
1ee2
.
1.2.3
1ee2
e10
1e-
0e
0e
1e+
++1
.
++1
--2
e10
000.e
1.2.3
--2
1ee2
--2
1e
++1
abc
1e+
000.e
000.e
+
++1
.
1e-
-
-
1ee2
e10
.
1e+
0e
e10
1e
+
+
1e+
--2
1e
1e
0e
e10
--2
0e
1e-
abc
1ee2
1e+
++1
1e+
0e
1ee2
000.e
abc
000.e
0e
-
.
000.e
0e
e10
-
1.2.3
.
1e
-
1.2.3
0e
1e-
abc
e10
+
000.e
++1
1e
1e-
0e
+
1e-
1ee2
abc
+
++1
e10
1.2.3
1ee2
-
1e+
+
--2
1e
e10
+
e10
--2
1e-
++1
abc
1e
000.e
000.e
+
000.e
e10
1.2.3
000.e
1e-
++1
000.e
1e+
+
.
--2
1e
000.e
abc
1e-
++1
1e+
.
abc
--2
0e
0e
1ee2
abc
0e
000.e
000.e
000.e
1e
e10
+
e10
1ee2
e10
1e
abc
-
e10
.
1.2.3
e10
0e
++1
.
1ee2
-
1e
1.2.3
1ee2
0e
++1
-
abc
000.e
abc
-
0e
1e+
1e+
1e
1e+
++1
abc
+
e10
abc
0e
.
+
1.2.3
1e-
000.e
1.2.3
--2
--2
1e+
.
abc
-
000.e
1ee2
abc
000.e
1e-
++1
1ee2
+
0e
-
abc
+
e10
-
e10
++1
++1
000.e
0e
1e+
0e
1e-
++1
abc
abc
000.e
++1
1e-
--2
-
e10
--2
++1
+
++1
1ee2
1e+
0e
++1
1.2.3
+
++1
000.e
abc
.
abc
++1
++1
+
1e-
1ee2
1ee2
1e
+
1e
1ee2
1e-
1e
e10
abc
1.2.3
1e
1e+
e10
.
1.2.3
0e
+
+
+
+
1e-
1e-
1ee2
abc
-
1.2.3
e10
++1
0e
.
abc
1e+
.
--2
1e-
--2
e10
1.2.3
abc
1e+
0e
1.2.3
1e
1e-
0e
.
1e
.
++1
1ee2
1.2.3
1e
.
1.2.3
++1
0e
1ee2
1e+
1.2.3
1e-
+
++1
1e
0e
.
++1
1e
++1
e10
1e-
1.2.3
1e-
1e+
1e+
.
--2
1e-
1e+
1e+
+
1e+
1e+
1e+
.
+
++1
1ee2
1ee2
++1
1ee2
1ee2
1e+
-
1e
000.e
000.e
1e
0e
--2
1.2.3
abc
--2
.
1e-
+
.
e10
1e+
1e
--2
1.2.3
000.e
-
000.e
-
1e-
--2
1e-
e10
1ee2
--2
e10
1e-
.
++1
1e+
1ee2
1e
e10
abc
-
--2
1e
0e
++1
1e
1e+
1e
-
-
--2
-
1e
1e
-
1e-
000.e
++1
1e
++1
1e
1ee2
e10
1e+
++1
e10
1e
++1
++1
1e+
abc
1e
1ee2
0e
1e
1e
0e
1e
000.e
1.2.3
++1
.
1e
+
1ee2
1e+
abc
1e-
e10
e10
abc
--2
abc
1e-
1.2.3
abc
1e+
++1
.
-
+
1e+
1.2.3
--2
+
e10
1ee2
abc
abc
1e
e10
e10
.
1e
0e
e10
--2
1.2.3
1e-
.
0e
-
000.e
-
+
1.2.3
--2
0e
+
-
abc
+
+
0e
-
1e+
1.2.3
-
1e-
e10
1e
+
-
1ee2
1e
e10
e10
0e
++1
1ee2
--2
0e
1.2.3
1e+
1.2.3
e10
1e+
000.e
-
1e+
1ee2
1.2.3
1ee2
1e-
1e-
1.2.3
000.e
-
1e-
e10
1.2.3
-
+
0e
0e
1e+
++1
0e
.
.
1.2.3
e10
0e
1e-
1e-
1.2.3
1.2.3
1e-
e10
1ee2
0e
1e+
abc
+
1e
.
1ee2
.
+
+
.
--2
1ee2
abc
+
-
1e+
1ee2
0e
.
1e
1e-
000.e
+
1e+
.
1e
0e
0e
abc
-
++1
--2
1e-
.
+
000.e
+
++1
1ee2
--2
e10
abc
0e
abc
--2
0e
.
1.2.3
0e
1e+
1e+
+
+
1e-
1e+
1e-
000.e
.
--2
1e-
abc
1e-
0e
000.e
+
-
1ee2
0e
1.2.3
1e+
e10
abc
1e+
--2
abc
1e-
1e
1e
--2
abc
e10
1.2.3
0e
1e
e10
1ee2
1e+
+
.
++1
--2
1.2.3
1ee2
--2
000.e
0e
.
1e
1e-
1ee2
1.2.3
000.e
1e
0e
000.e
1e
abc
--2
+
0e
e10
1e+
1e-
--2
1.2.3
-
1e
+
-
1e+
1e-
-
1.2.3
1e
++1
++1
1e+
000.e
+
1e-
000.e
1e+
1e+
abc
.
abc
1e-
1e+
e10
e10
1e+
1.2.3
++1
-
-
+
1ee2
e10
1e-
++1
+
abc
1e
--2
.
e10
++1
e10
1e
1e
0e
.
++1
1e+
.
.
abc
.
1e+
-
1e+
--2
-
.
1.2.3
1e
+
abc
1ee2
e10
1e
.
-
0e
+
e10
1e+
+
.
+
e10
abc
1ee2
++1
1e-
--2
.
e10
e10
1e-
abc
1e
e10
e10
1ee2
1.2.3
000.e
-
1e-
1e-
1e+
1e+
--2
.
1e-
0e
1e-
abc
1ee2
1e+
0e
abc
-
1.2.3
--2
-
1.2.3
+
-
e10
.
0e
1e+
e10
+
1e
1e
1.2.3
1.2.3
e10
1e-
1ee2
++1
-
++1
0e
1ee2
++1
1e+
abc
abc
--2
abc
1.2.3
000.e
+
1e
-
++1
1e+
-
-
.
.
1ee2
1e
++1
1e-
++1
1.2.3
1e
.
1.2.3
1e-
000.e
e10
1.2.3
1e+
++1
++1
--2
.
-
1.2.3
+
e10
1ee2
.
1ee2
e10
000.e
--2
1e-
1.2.3
+
1.2.3
000.e
0e
++1
0e
0e
1.2.3
e10
000.e
1e
1e-
1e
1.2.3
000.e
000.e
000.e
.
1e+
abc
--2
e10
-
-
1e
1ee2
.
++1
1.2.3
1ee2
-
1e
1ee2
-
1e-
e10
++1
abc
--2
1ee2
+
1ee2
-
--2
e10
0e
1e
++1
++1
1.2.3
1e-
++1
1.2.3
1e+
1e+
++1
++1
+
.
1e-
+
1e
1e-
abc
abc
.
0e
-
.
000.e
abc
000.e
1e+
1.2.3
--2
-
--2
+
--2
1.2.3
1e-
--2
+
1e+
1e-
1e+
-
++1
--2
++1
-
--2
-
1e
-
1e-
1e-
abc
1e
0e
1e+
abc
1e-
1e
.
-
1e+
1e+
-
--2
++1
++1
1e
--2
-
-
++1
1e+
.
000.e
-
1e
++1
1ee2
e10
000.e
-
--2
--2
++1
1e
abc
--2
000.e
--2
+
0e
-
1.2.3
000.e
1e+
1.2.3
1e+
abc
e10
0e
0e
.
abc
.
++1
1e
-
1.2.3
1e
1e-
1e+
0e
1ee2
+
.
0e
1e-
1e+
+
1ee2
1e
1e
++1
000.e
++1
.
abc
.
1e+
+
0e
+
1e+
--2
e10
.
--2
+
000.e
1e
--2
+
e10
1e
e10
1e-
000.e
++1
1e-
abc
--2
.
e10
1e+
e10
1e-
++1
++1
abc
++1
abc
++1
--2
-
1ee2
+
1ee2
000.e
1e+
000.e
1e+
1e-
+
1e+
.
1e+
1.2.3
.
-
abc
0e
abc
+
e10
-
e10
1.2.3
1e
++1
++1
1.2.3
e10
+
1ee2
-
+
1e
1ee2
1e+
e10
abc
--2
e10
+
1ee2
1e
1.2.3
1e+
abc
1e+
abc
1.2.3
000.e
1e-
0e
1e-
1e+
000.e
--2
++1
1ee2
e10
1e+
.
1.2.3
000.e
e10
1e
0e
.
++1
e10
--2
000.e
1.2.3
1e
++1
.
abc
abc
0e
++1
-
--2
abc
++1
000.e
-
abc
+
000.e
++1
abc
-
1e+
e10
+
e10
1.2.3
abc
0e
-
e10
-
abc
0e
.
0e
1ee2
e10
1.2.3
--2
.
1.2.3
1ee2
--2
abc
--2
--2
1e
+
000.e
1e-
++1
0e
000.e
e10
0e
1e+
+
1e-
000.e
1e-
1e
+
++1
1e
000.e
1e+
1ee2
++1
+
1.2.3
+
--2
0e
-
-
e10
++1
000.e
1e+
1.2.3
--2
000.e
.
1ee2
--2
1.2.3
.
1e
-
-
.
.
1e-
1e-
1.2.3
e10
1e+
.
000.e
1e
1e
0e
000.e
--2
e10
.
+
++1
1e
1e-
abc
1.2.3
0e
000.e
e10
1e+
--2
1ee2
abc
0e
1.2.3
1e
-
0e
1e-
-
1e
e10
1e+
1e+
0e
0e
1e+
1e
1e-
000.e
1e+
++1
-
.
-
abc
1e-
1ee2
+
1.2.3
e10
1e-
++1
abc
1e
0e
-
e10
1.2.3
-
e10
1.2.3
1e+
000.e
1.2.3
e10
e10
++1
1.2.3
1ee2
.
000.e
++1
.
1.2.3
+
.
++1
1e+
+
1e+
e10
1e
+
000.e
-
1.2.3
-
1e+
.
e10
-
e10
--2
1e
0e
1.2.3
.
0e
1e-
.
1ee2
--2
1ee2
abc
1ee2
000.e
1ee2
0e
000.e
+
0e
e10
1.2.3
1e-
000.e
000.e
0e
1e+
1e
-
1ee2
1e+
+
000.e
+
1ee2
++1
+
1ee2
+
-
.
e10
1e
1ee2
1e+
1e
1e
1ee2
1ee2
--2
000.e
1e-
--2
1e-
1e+
e10
abc
abc
1e+
++1
1.2.3
++1
++1
0e
-
+
+
1e
-
000.e
.
--2
1ee2
.
1.2.3
.
abc
1e
--2
++1
0e
1e
abc
1ee2
++1
1ee2
1ee2
+
-
1e-
1ee2
1e
1e
e10
+
--2
.
abc
1ee2
0e
abc
+
1e
e10
1e+
.
1e+
000.e
-
+
1e-
1e
-
0e
1e
--2
.
abc
++1
1ee2
.
0e
.
1e+
000.e
abc
1e+
--2
-
++1
e10
--2
1e+
0e
1e
0e
--2
.
++1
1e-
e10
--2
++1
0e
0e
1.2.3
++1
abc
0e
0e
0e
++1
+
++1
abc
+
1ee2
000.e
1e
e10
1.2.3
1.2.3
0e
--2
0e
abc
abc
000.e
+
e10
1e+
+
+
-
000.e
.
+
+
1e+
++1
abc
.
.
0e
+
.
000.e
+
--2
1e-
1e-
+
abc
1e
1ee2
0e
1e
1ee2
+
e10
--2
1ee2
1e
++1
++1
e10
000.e
0e
.
-
e10
+
1e-
--2
-
000.e
1ee2
1ee2
1e+
.
++1
-
1.2.3
e10
1e+
0e
1e+
abc
--2
1e+
-
1e+
1e
abc
++1
1e
++1
0e
0e
e10
000.e
++1
0e
1e
e10
1.2.3
000.e
0e
-
1ee2
-
1e
1e
abc
abc
abc
e10
000.e
1e-
++1
+
1e-
+
.
e10
e10
+
+
0e
e10
1.2.3
--2
-
.
--2
+
1e+
e10
-
abc
-
0e
abc
1e-
1e-
0e
000.e
1e-
1e-
+
-
1ee2
1e-
++1
1e-
1e-
abc
1e
.
1.2.3
1e+
e10
1e+
1e+
e10
000.e
1e-
000.e
1e
-
1ee2
++1
-
e10
1e
000.e
++1
abc
0e
+
++1
abc
++1
000.e
1e
1ee2
e10
abc
+
e10
+
e10
1.2.3
e10
1e
++1
000.e
.
abc
abc
++1
1e-
0e
0e
000.e
1e-
0e
e10
+
e10
--2
1.2.3
000.e
1e+
0e
abc
.
--2
abc
000.e
0e
1e
1.2.3
.
++1
1.2.3
1.2.3
.
1e
abc
1e-
1.2.3
1e-
1e+
+
--2
1.2.3
.
.
+
1.2.3
0e
1e-
abc
abc
0e
-
.
1.2.3
e10
0e
e10
abc
1e+
e10
1e
e10
--2
++1
1e-
++1
000.e
1e+
--2
abc
1e
e10
0e
0e
e10
1e
1.2.3
e10
1ee2
e10
000.e
-
000.e
0e
1ee2
1e
0e
1.2.3
1e-
-
000.e
1.2.3
abc
0e
1ee2
-
abc
+
+
1.2.3
abc
1e+
1ee2
1e
1ee2
++1
1.2.3
e10
1e
1e-
--2
e10
1e-
0e
1e-
1.2.3
1.2.3
abc
+
abc
000.e
1e-
++1
++1
1.2.3
.
1e
.
abc
e10
1e-
+
1e-
+
1.2.3
1e
++1
1e+
--2
.
abc
1.2.3
-
1ee2
-
++1
++1
e10
1e+
+
+
1e
1e-
.
abc
e10
abc
++1
1e+
.
1e-
.
abc
-
-
000.e
--2
.
.
--2
1e
0e
abc
+
1ee2
1ee2
+
1.2.3
--2
-
--2
1.2.3
.
++1
1e
-
--2
e10
--2
000.e
1.2.3
1e-
.
--2
+
-
000.e
e10
1.2.3
1e-
000.e
++1
--2
1e
--2
0e
1e-
++1
0e
1ee2
1e
1e
abc
1e-
1.2.3
--2
+
+
1e-
1e+
0e
.
-
000.e
1e+
-
-
e10
0e
000.e
1ee2
1e-
000.e
--2
1e-
000.e
1ee2
--2
--2
1e
1e
++1
-
1e+
abc
1e-
+
.
0e
+
1e
1ee2
1ee2
.
abc
1e
000.e
0e
1e-
1e+
1e+
.
+
++1
1e+
1e
1e+
1e+
000.e
1e
--2
1e-
0e
1e+
e10
abc
1e-
0e
0e
++1
1e-
++1
e10
0e
abc
++1
1e+
e10
--2
e10
1.2.3
1ee2
--2
1e-
0e
++1
1e-
1ee2
1e+
0e
1e+
1e+
e10
0e
1.2.3
.
1e-
0e
abc
abc
000.e
1e
e10
1e-
1ee2
000.e
1.2.3
000.e
+
1.2.3
abc
+
e10
+
1ee2
000.e
1ee2
1e-
1e+
0e
-
abc
1e
1.2.3
abc
1e-
1.2.3
0e
-
1ee2
000.e
1ee2
1e-
1e+
+
1e-
abc
1.2.3
1e-
1ee2
--2
--2
--2
1e
-
.
000.e
--2
-
--2
--2
.
+
1e+
e10
1e-
1e
1.2.3
-
1ee2
1ee2
000.e
1ee2
1ee2
--2
e10
1e-
--2
1.2.3
1e+
abc
++1
1e
000.e
1e-
0e
+
1.2.3
0e
1ee2
1ee2
abc
0e
000.e
1e+
1e
000.e
1.2.3
1e+
+
abc
1e
abc
1ee2
.
000.e
1e-
000.e
1ee2
-
++1
++1
.
.
1e+
++1
1e+
.
--2
1.2.3
abc
000.e
0e
1ee2
++1
-
-
abc
1e
0e
000.e
0e
.
--2
0e
1e-
1.2.3
1e+
.
e10
abc
+
1e-
e10
0e
1e+
1e-
abc
e10
0e
abc
+
.
.
e10
abc
abc
1ee2
0e
-
+
-
000.e
000.e
abc
abc
+
--2
1.2.3
000.e
1e+
+
++1
1e
abc
++1
1e
e10
1e-
-
1e-
-
.
1e+
++1
--2
e10
000.e
e10
+
1e-
0e
++1
++1
000.e
1ee2
1ee2
-
-
1e-
1e
1ee2
abc
1e+
-
0e
+
1e+
000.e
1ee2
-
abc
e10
1e-
e10
+
++1
-
000.e
abc
+
-
000.e
.
000.e
1.2.3
-
1.2.3
1ee2
+
1e+
1e-
1ee2
1ee2
-
abc
1e
1e+
1.2.3
e10
000.e
1e-
000.e
0e
.
1ee2
abc
0e
1e+
--2
+
abc
abc
000.e
000.e
1e-
.
.
1e-
0e
e10
1.2.3
-
--2
0e
000.e
000.e
.
1.2.3
1.2.3
+
1ee2
1e
.
0e
--2
0e
--2
000.e
1e+
000.e
e10
.
1e+
0e
-
1ee2
1ee2
e10
0e
1e-
0e
-
1e+
+
1e+
1ee2
1e-
1e-
1ee2
1ee2
--2
1.2.3
++1
abc
1ee2
1ee2
e10
+
000.e
--2
++1
abc
1e-
1e-
e10
1ee2
1ee2
abc
000.e
000.e
0e
-
1ee2
--2
abc
++1
1e
abc
1ee2
1e-
1e-
000.e
e10
1ee2
e10
-
0e
1e+
abc
.
1e
+
++1
e10
1e+
e10
1e+
--2
++1
1e
1e+
abc
.
000.e
0e
abc
e10
-
1e-
1e+
1ee2
000.e
1e
1.2.3
000.e
1.2.3
000.e
-
.
000.e
++1
1e+
1e-
--2
000.e
++1
1e
--2
+
000.e
.
++1
abc
1.2.3
0e
--2
1ee2
e10
+
1.2.3
1e+
+
abc
abc
1ee2
abc
1.2.3
1e
.
--2
000.e
-
000.e
e10
-
++1
1ee2
1ee2
000.e
1e-
+
abc
e10
-
.
1e-
.
--2
e10
++1
0e
0e
1.2.3
--2
1e+
--2
-
1e-
abc
.
0e
-
1.2.3
1ee2
--2
abc
-
-
abc
--2
-
abc
000.e
000.e
1.2.3
e10
+
1e-
0e
++1
-
abc
.
1e
1e+
--2
e10
1e-
1ee2
1e
.
+
1e-
1e
1ee2
--2
1e-
1ee2
1e
e10
1ee2
--2
abc
abc
1e-
1e-
abc
e10
1.2.3
++1
1ee2
e10
e10
++1
1e
.
1e+
e10
abc
1e-
0e
1.2.3
++1
.
1.2.3
--2
0e
1.2.3
1e+
000.e
1e-
1e+
1e-
++1
1e-
.
1e-
1e+
abc
1e+
--2
+
0e
++1
1.2.3
.
000.e
1e+
abc
1e+
++1
abc
-
.
000.e
1e+
+
--2
000.e
1.2.3
e10
0e
e10
1e
--2
1e
++1
.
1e-
1e+
0e
1e
1.2.3
++1
1e-
+
000.e
000.e
++1
1.2.3
0e
0e
1e-
-
000.e
0e
000.e
--2
1.2.3
.
1e
1e
e10
abc
.
1e+
abc
0e
.
+
++1
1e
abc
1e
-
1ee2
1e
1e+
--2
++1
--2
e10
1e
1.2.3
--2
1.2.3
1e
e10
1.2.3
abc
0e
1.2.3
.
1ee2
--2
000.e
e10
1e
e10
1ee2
--2
.
1ee2
0e
1e-
+
e10
++1
1.2.3
.
1.2.3
.
1e
-
abc
1e+
1ee2
.
-
1ee2
000.e
-
+
1e+
++1
abc
--2
0e
1.2.3
e10
--2
+
1e
1e
1ee2
1.2.3
1e
1e+
+
++1
abc
abc
--2
1e
1e
1e
0e
1e+
.
+
++1
+
++1
.
abc
e10
--2
0e
1e-
++1
-
1.2.3
.
-
++1
.
e10
abc
0e
++1
--2
+
abc
1e-
.
abc
1e-
e10
.
1e+
abc
1e+
e10
1ee2
.
1.2.3
1.2.3
.
1e
1e-
000.e
1ee2
.
-
e10
abc
1e-
1e
e10
0e
1e
e10
abc
0e
+
1e-
0e
1e+
abc
1e+
1e+
+
000.e
1ee2
+
0e
++1
+
++1
0e
abc
abc
++1
1.2.3
1.2.3
--2
0e
e10
-
1e+
1.2.3
1e-
.
1e
000.e
1e
1.2.3
--2
abc
1e-
abc
-
1e+
.
--2
0e
e10
1e-
1ee2
1e-
1e+
1e
.
1e-
abc
-
1e
1ee2
000.e
++1
--2
000.e
abc
.
0e
--2
++1
.
1e-
1ee2
+
1ee2
.
1e
++1
0e
abc
.
abc
--2
abc
+
1.2.3
000.e
1e
1ee2
1e-
1.2.3
--2
+
abc
.
+
-
.
--2
+
1ee2
0e
000.e
1e-
--2
1e
1e-
abc
1e
1.2.3
+
1e+
1e
1e
1e-
0e
1e-
000.e
-
0e
1e
abc
.
1e
1ee2
1ee2
1e-
1e-
1e
.
000.e
1e-
0e
-
000.e
1ee2
1e
abc
e10
e10
1ee2
1e-
-
1e-
000.e
-
+
1e+
1e+
.
1e+
1e-
.
000.e
1e-
+
0e
+
e10
--2
1.2.3
0e
e10
e10
1e
1e-
abc
+
--2
abc
++1
1e
abc
1e+
1ee2
0e
1ee2
--2
e10
0e
--2
abc
+
1ee2
1ee2
000.e
1e+
abc
+
1e+
0e
1.2.3
--2
+
++1
-
0e
1ee2
-
abc
++1
abc
1e
0e
-
--2
e10
1e+
1ee2
1.2.3
--2
-
1e
1ee2
1.2.3
1e
1e+
.
++1
+
1ee2
1.2.3
-
1.2.3
e10
1.2.3
+
--2
1e
e10
1e+
++1
0e
1e
1ee2
1e+
1.2.3
++1
--2
e10
-
1e+
1e-
1e-
1e-
1.2.3
e10
+
e10
+
++1
++1
++1
abc
1ee2
0e
1e
e10
e10
+
+
1e+
1ee2
1e+
000.e
1e
++1
-
.
.
0e
0e
+
--2
++1
e10
--2
++1
1e
--2
1.2.3
0e
000.e
1.2.3
1e
0e
1e+
+
0e
1.2.3
1e
+
--2
000.e
--2
abc
++1
e10
1e
1ee2
.
1e
1e
+
1.2.3
1e
abc
1e+
++1
000.e
1e+
0e
abc
1e-
.
.
1e-
1ee2
e10
1ee2
+
--2
1e
--2
e10
1e
+
0e
1e+
000.e
e10
1e
1e
abc
-
--2
--2
1e-
.
.
+
000.e
1ee2
1.2.3
1.2.3
1ee2
000.e
000.e
--2
000.e
0e
1e+
1e+
0e
0e
1e-
+
1.2.3
+
+
1e+
0e
--2
0e
e10
1ee2
000.e
++1
000.e
1.2.3
+
0e
e10
-
1e
1e-
abc
1.2.3
1.2.3
-
0e
1e
0e
1e+
000.e
1e+
e10
000.e
1ee2
-
1ee2
1e+
--2
000.e
000.e
e10
000.e
1.2.3
abc
0e
1e-
1ee2
.
abc
1.2.3
1e+
--2
1e-
1e-
++1
--2
-
++1
1ee2
abc
1.2.3
1ee2
1e
+
1e+
1e+
0e
--2
1ee2
e10
0e
000.e
1e
.
1e-
abc
1e-
1e
1e-
0e
1e
e10
1e
1e+
.
1ee2
000.e
1e
1e
abc
abc
1e-
+
1e+
1e+
e10
1e-
0e
e10
000.e
1.2.3
1.2.3
000.e
-
000.e
1.2.3
-
-
++1
000.e
000.e
.
1e-
--2
++1
1e+
--2
abc
+
abc
--2
-
abc
abc
+
1e-
1e-
++1
abc
000.e
-
1.2.3
++1
1e+
e10
e10
--2
+
e10
--2
--2
--2
1.2.3
--2
1.2.3
+
1ee2
+
-
1ee2
+
1e-
1ee2
--2
abc
++1
-
e10
1e
e10
e10
e10
1.2.3
e10
1e-
abc
--2
1e
1ee2
-
1e+
e10
.
abc
1ee2
1e
.
--2
1e+
1e-
+
+
1.2.3
1e+
1ee2
1.2.3
1.2.3
--2
e10
1e-
1e
abc
1e
--2
1e-
.
e10
1e+
1e+
--2
abc
1e
1e-
000.e
1e-
0e
--2
--2
++1
1.2.3
0e
1e
++1
.
1e
000.e
abc
++1
1e-
1ee2
1.2.3
1.2.3
1e+
1ee2
1e+
++1
.
1e-
1e
1e+
000.e
+
1ee2
abc
1.2.3
1ee2
abc
-
1ee2
.
e10
abc
1ee2
++1
1e
+
abc
e10
1e+
abc
--2
1e+
1e
--2
-
1.2.3
e10
1.2.3
-
e10
++1
1e
--2
+
e10
-
e10
1ee2
1.2.3
0e
0e
1.2.3
e10
-
1e
++1
1e
--2
000.e
1e-
1.2.3
e10
1e+
1e-
1e-
e10
abc
1e-
.
1e
.
++1
1.2.3
.
.
--2
0e
-
+
1ee2
1.2.3
++1
000.e
-
.
1e+
1ee2
1e-
+
1e+
1e-
.
1.2.3
1e-
1e-
+
+
1e-
-
1.2.3
1e
1e+
1ee2
-
1e-
0e
1e
++1
abc
1e-
1ee2
abc
++1
++1
.
+
1e
1e
e10
1e+
0e
1.2.3
abc
000.e
--2
1e
+
e10
0e
1ee2
1e
-
+
1.2.3
abc
1ee2
--2
1ee2
.
++1
++1
0e
+
1.2.3
--2
++1
1.2.3
1e+
1.2.3
1e-
1e+
++1
1e
1e-
1e+
1ee2
000.e
000.e
++1
1e
000.e
abc
-
.
000.e
0e
0e
-
1e
abc
+
+
abc
1e
000.e
1.2.3
000.e
++1
1ee2
1e+
1e-
+
++1
1e
e10
+
.
e10
1e-
1ee2
1e-
1e+
1.2.3
1e
+
++1
000.e
+
e10
1.2.3
0e
0e
1e
-
--2
e10
abc
0e
000.e
-
--2
1e+
1ee2
000.e
e10
.
e10
abc
abc
000.e
+
++1
1.2.3
--2
1e-
1e
e10
1e+
1ee2
1e-
abc
1e-
1ee2
abc
.
e10
0e
1ee2
1ee2
1e+
e10
e10
abc
1e-
.
1e+
1ee2
1e+
1e-
1e+
1e+
++1
1e+
1e+
000.e
1e-
--2
++1
abc
1e+
1ee2
1e
1e-
1.2.3
1e+
-
+
--2
--2
-
+
1e-
-
1e-
000.e
1e-
000.e
++1
.
000.e
.
1e+
-
1e+
e10
000.e
--2
1.2.3
1.2.3
1.2.3
000.e
0e
0e
1ee2
-
-
--2
1e-
1.2.3
1e-
1e+
++1
e10
1e
1e-
+
+
1e-
abc
1ee2
1.2.3
--2
1e
1e+
e10
+
+
e10
1e
1e+
000.e
1e
1e+
e10
++1
1e-
e10
.
1.2.3
--2
e10
000.e
000.e
1e+
1ee2
-
-
+
e10
+
abc
++1
-
1ee2
1.2.3
1ee2
1ee2
++1
++1
.
+
1ee2
1ee2
e10
1e+
+
000.e
.
1e+
-
1ee2
.
1e
--2
--2
1.2.3
.
--2
.
+
1e+
--2
+
0e
1e
+
000.e
abc
1e
e10
--2
abc
1ee2
--2
-
--2
+
000.e
--2
1e
000.e
++1
1e+
e10
1e
1e
-
e10
1e+
0e
++1
1ee2
1e-
0e
1.2.3
.
000.e
.
1e-
++1
.
000.e
-
e10
1e
+
++1
.
1e+
1e+
++1
--2
-
e10
1e
1ee2
1.2.3
0e
000.e
1e
1.2.3
++1
e10
.
0e
-
abc
1e+
1e+
000.e
+
abc
1e
--2
e10
--2
e10
0e
e10
1ee2
1.2.3
.
0e
1e
--2
++1
000.e
0e
e10
e10
.
abc
--2
000.e
--2
--2
abc
1e+
1.2.3
--2
1ee2
0e
1e
1e-
1e-
--2
e10
000.e
--2
--2
1e
++1
0e
1e
--2
-
1e
+
+
.
--2
0e
+
1e
e10
000.e
0e
+
1e+
1.2.3
0e
1.2.3
-
++1
1e-
abc
-
++1
000.e
e10
0e
000.e
1e+
--2
--2
-
1ee2
1ee2
0e
--2
1e-
+
e10
1e
000.e
1e
1e-
--2
1ee2
0e
000.e
0e
+
1ee2
1e-
abc
1ee2
.
.
1e+
+
-
abc
abc
.
-
-
1e+
1.2.3
e10
--2
e10
1e+
++1
+
1e-
1.2.3
1.2.3
0e
abc
000.e
1e
e10
e10
abc
-
1e+
1ee2
e10
1e
--2
0e
0e
e10
1e+
1e
+
1e
1.2.3
-
e10
1e
abc
-
e10
1e
+
1ee2
.
-
.
++1
.
1e-
000.e
.
.
++1
1ee2
abc
0e
abc
abc
.
0e
++1
e10
1e+
++1
-
1.2.3
1.2.3
abc
1e+
++1
abc
1e
1e-
1.2.3
--2
000.e
-
1.2.3
abc
1.2.3
000.e
1ee2
++1
1e+
0e
0e
++1
1e-
.
--2
1e
0e
++1
000.e
1e-
1e
1ee2
+
1e+
--2
++1
.
+
000.e
1e-
000.e
1e
1.2.3
abc
1e+
1.2.3
1e+
000.e
1e
+
1ee2
+
000.e
--2
-
+
abc
0e
abc
000.e
.
--2
1e+
++1
1e+
+
1e
1e+
1ee2
000.e
++1
.
1e
-
1e
1ee2
1ee2
1ee2
1e
.
1ee2
1e-
abc
+
-
1e+
1e
1.2.3
-
-
abc
1e
+
1e
--2
1e
e10
.
-
1.2.3
e10
abc
--2
000.e
000.e
++1
1e
--2
.
e10
++1
--2
+
1ee2
e10
--2
-
1ee2
.
0e
.
.
++1
1e
1ee2
++1
++1
abc
e10
1e
0e
1e-
1e-
.
1.2.3
+
1e+
1ee2
.
.
e10
000.e
--2
e10
-
abc
.
000.e
1e+
--2
1e-
--2
1.2.3
1e-
1.2.3
abc
1ee2
1ee2
1e+
abc
1e
0e
++1
1.2.3
++1
+
1ee2
1e
1e
1ee2
--2
1ee2
1e
1.2.3
.
+
1e+
1e-
000.e
--2
0e
1e-
.
-
1e
abc
1e
.
1.2.3
.
++1
--2
1e
.
e10
000.e
0e
--2
e10
1e-
-
000.e
000.e
0e
1ee2
0e
1e
0e
-
abc
++1
1e
1e-
abc
e10
+
1e+
abc
abc
+
--2
--2
1e
1e-
-
e10
1e
0e
0e
1.2.3
.
1e
000.e
1e+
abc
1e+
-
e10
0e
++1
.
abc
1e-
e10
000.e
.
e10
1e+
e10
+
1.2.3
++1
1ee2
0e
e10
e10
1e+
000.e
000.e
++1
0e
1e
.
+
++1
++1
.
1e+
.
+
-
1.2.3
000.e
e10
1e+
1ee2
++1
1e
e10
000.e
abc
1ee2
++1
.
1e+
abc
++1
1ee2
1e+
--2
++1
0e
1ee2
0e
.
+
e10
1e+
1e
1e-
1ee2
abc
1ee2
000.e
--2
abc
++1
0e
1e-
000.e
000.e
000.e
1.2.3
0e
e10
--2
++1
1e
1ee2
1.2.3
000.e
000.e
.
+
++1
1e
-
000.e
1ee2
--2
1e-
e10
-
1e
-
--2
.
.
1ee2
e10
0e
++1
1e+
+
-
-
0e
1e-
1e-
0e
1e
.
+
1e-
++1
-
e10
1e
1ee2
1.2.3
0e
e10
--2
--2
e10
000.e
1e-
1e-
1e-
e10
1e+
abc
++1
abc
1.2.3
0e
+
++1
--2
.
1ee2
000.e
1e-
1.2.3
1e-
000.e
0e
1e+
e10
1e-
.
+
-
-
000.e
.
abc
+
+
1.2.3
1e+
000.e
1e+
.
.
000.e
e10
e10
abc
1ee2
1.2.3
1e-
000.e
1ee2
1ee2
++1
1e
++1
+
1ee2
1.2.3
++1
e10
1ee2
--2
0e
0e
abc
-
--2
1e-
1e+
1e
1ee2
1e+
1ee2
abc
1.2.3
--2
1e-
1e
1e-
--2
1e+
+
.
++1
.
--2
abc
0e
.
000.e
-
.
1e+
.
0e
-
1.2.3
.
++1
1ee2
-
e10
abc
abc
abc
0e
.
--2
--2
1e
e10
-
0e
abc
.
.
e10
1e
++1
abc
e10
+
++1
++1
.
--2
1.2.3
1ee2
++1
+
000.e
1e-
--2
1ee2
1e
0e
e10
abc
abc
.
abc
1e+
1e
abc
000.e
-
abc
1e-
1.2.3
1ee2
abc
1e+
-
0e
.
1.2.3
++1
+
-
1e+
0e
--2
1e+
1e+
1e+
1ee2
+
-
e10
0e
1e-
.
1e
+
+
++1
000.e
abc
-
-
1e+
000.e
000.e
-
000.e
1e-
1e
1.2.3
+
+
1e-
+
1e+
-
1e
1e
++1
abc
.
1.2.3
+
e10
e10
+
1ee2
1e+
1e+
e10
1e+
++1
1e-
1e+
1.2.3
1e+
.
1e-
.
000.e
1ee2
1.2.3
.
1ee2
e10
1ee2
1.2.3
-
1.2.3
1e+
1.2.3
0e
+
abc
+
--2
-
abc
--2
000.e
1e+
++1
.
.
++1
+
1ee2
e10
++1
1ee2
--2
.
++1
1e-
0e
0e
1.2.3
1.2.3
--2
1.2.3
000.e
000.e
1e-
--2
0e
-
1e+
++1
1e+
1e
1ee2
+
1e
++1
++1
1e
1e-
+
1e
1e+
000.e
.
abc
+
--2
e10
abc
.
--2
abc
1e
000.e
++1
000.e
1e-
+
1e
+
1e
1e
1.2.3
1e
e10
000.e
0e
-
-
abc
abc
-
-
e10
1e+
1e
++1
1.2.3
1e+
1e
++1
+
++1
--2
+
1e
--2
abc
000.e
++1
-
++1
000.e
.
++1
1.2.3
000.e
000.e
1ee2
++1
1e
1e
-
1.2.3
1ee2
-
1ee2
1e-
.
1e
1e-
1e+
000.e
000.e
1e+
1e
1.2.3
1.2.3
1e
1.2.3
000.e
000.e
0e
abc
1e+
e10
-
-
++1
1.2.3
0e
1e-
1ee2
++1
0e
-
1e-
1.2.3
.
abc
000.e
++1
0e
+
0e
0e
.
1e+
1e-
1ee2
1e+
--2
1e+
+
1e+
.
abc
-
--2
-
abc
1e
.
.
1e
e10
abc
000.e
1e
--2
0e
abc
1e-
-
++1
e10
+
.
1ee2
+
0e
000.e
1e
--2
+
-
1e+
abc
0e
-
--2
1e+
1.2.3
+
1.2.3
++1
1.2.3
1e-
1e+
1ee2
1e
0e
e10
+
--2
1.2.3
abc
abc
1e+
.
+
1e+
-
000.e
-
000.e
000.e
1e-
+
+
-
1e+
e10
1e
++1
.
1e
--2
1ee2
000.e
1ee2
0e
1e+
+
abc
1ee2
1ee2
1e
1e+
abc
e10
1.2.3
--2
e10
0e
0e
abc
0e
1.2.3
1e-
e10
0e
-
++1
+
1.2.3
1e
-
e10
000.e
--2
0e
abc
-
e10
1e+
1.2.3
--2
1e
--2
0e
abc
-
0e
--2
++1
abc
1ee2
1e-
1.2.3
+
1e
1.2.3
1e+
1ee2
abc
--2
1e
0e
++1
++1
++1
1.2.3
abc
e10
.
1.2.3
--2
.
++1
1e
++1
++1
abc
1e
1.2.3
.
000.e
1e-
-
++1
000.e
0e
++1
1e
1ee2
++1
1.2.3
++1
1e
.
--2
+
0e
0e
-
++1
+
.
1ee2
1.2.3
.
1ee2
1ee2
1e-
1.2.3
1e-
000.e
--2
000.e
0e
+
--2
1e+
1e+
1e-
1e-
.
1e-
.
1e-
++1
e10
+
abc
++1
--2
--2
++1
1.2.3
1.2.3
e10
++1
1e+
1e-
1ee2
-
1ee2
1ee2
1e-
1ee2
1e+
1.2.3
+
0e
+
0e
1.2.3
1e+
1e-
abc
.
000.e
0e
1e-
000.e
1e-
+
1.2.3
.
++1
--2
--2
000.e
abc
000.e
1.2.3
++1
-
0e
+
.
abc
-
++1
1e+
--2
abc
abc
.
0e
.
1e
++1
abc
-
1ee2
000.e
e10
1e
e10
1e+
000.e
000.e
e10
000.e
++1
1e
.
e10
-
-
+
e10
++1
0e
1.2.3
.
1e+
0e
1e
++1
-
++1
1e
+
--2
e10
abc
1e
0e
++1
-
1e-
+
+
1e-
.
1.2.3
000.e
1e-
1e+
1ee2
-
-
1e+
++1
1ee2
1ee2
--2
1e
000.e
0e
abc
1.2.3
000.e
1e-
0e
.
1ee2
e10
1ee2
1e
.
1e+
.
e10
1e+
1e-
abc
1e+
1e
1e+
-
1e
000.e
e10
1ee2
1.2.3
-
1e+
abc
1e-
++1
abc
.
1ee2
1ee2
1ee2
1e+
0e
--2
1e-
1e
1ee2
1e-
+
1.2.3
1.2.3
.
e10
+
e10
+
1.2.3
1.2.3
1e+
-
1e-
000.e
.
1.2.3
.
--2
1e+
1.2.3
+
1e-
0e
000.e
-
0e
-
.
1e
1e-
000.e
1e-
+
+
1.2.3
--2
abc
0e
e10
1e
1e+
1e+
--2
1e-
-
1.2.3
0e
1e+
abc
000.e
1e
++1
000.e
.
1e
.
+
000.e
1e
++1
+
0e
+
1e
1e
.
e10
abc
000.e
+
0e
.
abc
+
+
abc
.
++1
e10
1e
e10
0e
-
1e-
--2
000.e
-
0e
1e-
-
-
.
--2
1.2.3
1ee2
1ee2
--2
++1
1ee2
abc
1e
1e+
1e-
1.2.3
1.2.3
1e+
1e
+
abc
1.2.3
1e
-
0e
++1
1.2.3
e10
1e-
--2
1e+
--2
-
1e-
.
1ee2
1e-
e10
-
1ee2
-
000.e
.
abc
1e
0e
abc
+
+
-
000.e
++1
.
++1
0e
1e+
.
+
1ee2
.
1ee2
-
.
1e
1e
1e+
1e+
-
1e-
-
000.e
0e
1e+
000.e
1ee2
+
1e+
0e
++1
1ee2
000.e
000.e
++1
.
000.e
1e
++1
1e-
1ee2
--2
0e
1.2.3
1.2.3
abc
e10
--2
+
0e
++1
1e-
e10
++1
1e-
--2
abc
0e
0e
--2
-
-
1e-
+
.
1ee2
.
1e
1e-
1ee2
000.e
1e-
1ee2
++1
000.e
e10
e10
000.e
1.2.3
1ee2
-
abc
abc
1e+
0e
1e+
1e
1e+
++1
++1
e10
1.2.3
abc
1e-
1e
1.2.3
000.e
+
1e+
abc
.
1.2.3
++1
1e+
1ee2
000.e
1e
000.e
e10
++1
000.e
.
e10
1.2.3
.
0e
.
1e
1e-
e10
000.e
000.e
--2
1e
--2
0e
.
.
++1
.
1e
.
000.e
000.e
1e-
1.2.3
-
000.e
++1
abc
++1
+
--2
1e
1e+
1ee2
1ee2
0e
1e+
1ee2
000.e
000.e
1ee2
1e
abc
.
--2
0e
-
1e-
1e+
1.2.3
.
1e-
1e-
1.2.3
1e
--2
1e
1e+
e10
+
+
abc
1e-
e10
--2
abc
abc
1e-
1e+
1e-
--2
abc
0e
++1
000.e
abc
1e+
++1
000.e
--2
1.2.3
++1
1ee2
1e+
abc
1.2.3
1e-
000.e
--2
abc
-
1e
--2
-
--2
e10
++1
+
000.e
1.2.3
1e-
1e+
1ee2
abc
1ee2
1e-
-
0e
+
abc
1e-
--2
++1
000.e
1.2.3
1e-
.
1.2.3
1e-
.
++1
--2
--2
1ee2
1.2.3
+
++1
1.2.3
--2
++1
--2
e10
1.2.3
.
000.e
1.2.3
++1
abc
1e+
e10
1e+
1e+
1e+
-
.
-
++1
000.e
1e-
1.2.3
1e
1e+
1ee2
abc
abc
0e
1e-
+
0e
1.2.3
000.e
--2
abc
abc
1ee2
1.2.3
abc
++1
--2
-
1.2.3
000.e
e10
000.e
1ee2
--2
1e+
--2
-
+
abc
--2
++1
1ee2
abc
e10
000.e
1.2.3
1e+
++1
1e-
1e-
1.2.3
1e+
1ee2
abc
000.e
1e+
1e+
0e
1e
+
1e+
--2
1e
1e+
--2
-
+
--2
0e
0e
1ee2
++1
1.2.3
0e
-
.
1e
1e
1ee2
-
-
+
000.e
1e+
abc
0e
1.2.3
1e+
1ee2
+
abc
abc
1e+
+
1e-
1e-
1e+
1e+
--2
1ee2
abc
e10
++1
0e
--2
abc
1e-
1e-
e10
.
e10
e10
+
+
++1
1.2.3
++1
000.e
-
++1
1e-
1e+
000.e
1.2.3
-
+
++1
000.e
1ee2
+
1e+
+
abc
0e
++1
0e
--2
.
++1
.
e10
1.2.3
1.2.3
1e+
--2
e10
1ee2
1e+
1e-
abc
+
--2
-
1e+
000.e
0e
e10
1e-
e10
e10
000.e
1ee2
abc
.
1e-
1.2.3
000.e
.
++1
.
.
1ee2
1e
1e+
1ee2
abc
--2
0e
--2
1ee2
000.e
0e
-
--2
+
e10
1ee2
+
-
1e+
++1
++1
abc
1e-
1e
.
abc
.
e10
1ee2
e10
1e+
1.2.3
1ee2
1ee2
abc
0e
e10
.
.
000.e
000.e
abc
1e+
1ee2
e10
1e-
0e
000.e
e10
.
--2
0e
++1
+
.
abc
1ee2
-
0e
+
++1
--2
1ee2
e10
.
--2
-
1e
000.e
000.e
.
1e+
1ee2
.
1e+
.
--2
1.2.3
+
--2
1e
1.2.3
++1
0e
.
-
1e+
1ee2
1e+
++1
--2
--2
1e
++1
.
++1
1ee2
++1
000.e
000.e
e10
000.e
++1
1e
1e-
1e
1e+
-
1e
++1
abc
000.e
1e+
1.2.3
--2
1ee2
1e
+
000.e
-
.
1.2.3
+
+
1e
1ee2
++1
1.2.3
1e-
1e
0e
-
1.2.3
e10
0e
-
1.2.3
1e-
--2
e10
--2
abc
abc
.
1ee2
1.2.3
1ee2
1ee2
000.e
1e-
1e-
000.e
--2
abc
1e+
+
.
1ee2
++1
1.2.3
000.e
--2
1e-
++1
e10
1.2.3
-
000.e
000.e
1e-
.
000.e
1e+
000.e
1e-
--2
.
--2
e10
1e
++1
abc
.
1e-
+
000.e
0e
++1
000.e
000.e
0e
--2
1ee2
1.2.3
.
e10
000.e
-
1e+
000.e
e10
1e+
-
+
1ee2
0e
1ee2
0e
000.e
abc
0e
1e-
+
1e+
++1
.
1.2.3
1e-
1ee2
e10
++1
+
1e
++1
--2
000.e
+
--2
1e
.
0e
+
+
+
1ee2
1e-
abc
e10
1ee2
--2
.
1e
+
1ee2
+
1ee2
-
.
0e
abc
1.2.3
e10
1e
--2
1e-
1e+
1e+
-
1.2.3
0e
e10
++1
1e
1e+
+
e10
+
abc
1e
1e-
e10
0e
1e-
++1
e10
1e+
e10
--2
++1
.
0e
+
000.e
1e+
+
1e+
1e+
.
+
1e
++1
0e
1e-
abc
.
abc
+
--2
+
.
++1
1e+
0e
1.2.3
--2
1e+
1.2.3
--2
--2
000.e
0e
1e
-
.
-
1.2.3
e10
1ee2
1e+
1e+
1ee2
++1
--2
1.2.3
.
0e
000.e
+
abc
1e
abc
1e
1.2.3
-
0e
+
e10
000.e
1e+
-
0e
1.2.3
1e-
-
-
+
0e
1e+
0e
1ee2
0e
+
000.e
1e
1e
-
000.e
0e
++1
+
+
-
-
--2
abc
1e-
1e
-
.
abc
1e+
--2
0e
0e
++1
1e
1.2.3
+
e10
000.e
000.e
e10
+
1ee2
1ee2
1ee2
000.e
1e-
e10
0e
1.2.3
1ee2
-
--2
1.2.3
-
-
1.2.3
.
++1
abc
1e
+
+
e10
000.e
-
1ee2
1e
++1
1e-
e10
++1
e10
+
-
1.2.3
1.2.3
--2
1.2.3
1e-
000.e
1e-
1e-
1ee2
++1
.
1e
abc
.
++1
--2
1.2.3
.
++1
1ee2
1.2.3
.
-
1e
++1
-
1e
1e-
1.2.3
+
1e+
1e
+
000.e
1e
000.e
0e
++1
+
.
0e
e10
+
--2
1e-
1e
.
+
1.2.3
abc
1e-
+
1ee2
.
1e
1e
++1
000.e
.
++1
.
1e
+
000.e
1e-
--2
abc
1e+
--2
1e
--2
abc
1e+
-
1e+
1e-
1.2.3
1e
++1
0e
++1
1.2.3
e10
e10
-
1e
1.2.3
1e-
abc
1.2.3
1e+
+
1ee2
.
1e+
1ee2
++1
abc
--2
000.e
1e+
e10
1ee2
1e+
abc
1e-
.
--2
1ee2
1e
abc
--2
1e
--2
0e
1.2.3
-
e10
e10
abc
e10
1e-
1e
1e+
1ee2
1ee2
++1
abc
abc
++1
1.2.3
0e
e10
1e-
0e
1e-
1e-
+
1.2.3
000.e
1ee2
1ee2
1e+
--2
1e
1e
abc
abc
-
1e
+
+
000.e
+
1ee2
1ee2
--2
1ee2
1e+
e10
000.e
1ee2
--2
e10
000.e
000.e
1e-
1ee2
+
.
000.e
1e-
1.2.3
1e-
.
++1
.
+
1e+
abc
1ee2
000.e
1ee2
++1
++1
abc
1ee2
1e+
1e+
abc
1e+
e10
.
1e-
1.2.3
000.e
e10
1ee2
--2
.
1.2.3
1ee2
.
+
--2
e10
1ee2
1.2.3
abc
000.e
+
-
1e-
++1
1e-
--2
0e
+
1e+
1ee2
000.e
-
1e+
1.2.3
.
000.e
1ee2
--2
1ee2
1e
1ee2
abc
1.2.3
1.2.3
1e-
-
1.2.3
++1
000.e
1.2.3
abc
1ee2
1ee2
e10
1e
1e+
1.2.3
0e
+
--2
++1
++1
1ee2
000.e
-
--2
--2
1e+
1.2.3
--2
1e+
1e-
--2
1e
abc
.
1e+
e10
0e
1e
--2
0e
1ee2
e10
1ee2
1.2.3
+
1e+
--2
.
1.2.3
++1
1e+
1e+
1e+
+
abc
1e
1e
0e
.
++1
0e
abc
--2
1e
.
0e
1ee2
--2
1e-
1ee2
1.2.3
abc
++1
abc
+
++1
1ee2
1e-
0e
0e
e10
.
.
0e
e10
1e-
000.e
.
-
abc
1ee2
++1
1e-
+
1.2.3
1e+
1e-
000.e
000.e
0e
-
1ee2
++1
++1
e10
abc
abc
1e-
++1
1.2.3
1e-
1e+
000.e
.
.
1.2.3
-
--2
.
--2
1e-
1.2.3
0e
abc
e10
++1
-
++1
++1
e10
1e+
e10
1.2.3
1.2.3
1e+
1e-
-
000.e
1.2.3
abc
e10
-
++1
1e+
++1
+
+
e10
++1
1e-
1.2.3
+
e10
1e
++1
.
++1
000.e
--2
-
1ee2
1e
1e
000.e
++1
1.2.3
1.2.3
1e
000.e
0e
1e
-
1e+
.
abc
+
1.2.3
1e-
000.e
-
.
1e
0e
1e-
0e
1.2.3
1e-
000.e
-
1ee2
.
1.2.3
1.2.3
e10
000.e
1.2.3
e10
1e
++1
000.e
abc
1ee2
++1
++1
1e
abc
0e
.
1e+
000.e
.
1ee2
--2
1.2.3
1e+
0e
.
.
1e
1e-
-
--2
.
1ee2
1e
1e-
e10
1e
1e+
1e-
-
+
.
abc
abc
abc
000.e
000.e
e10
-
e10
000.e
-
000.e
e10
.
--2
0e
abc
1.2.3
--2
+
1e-
1e-
1.2.3
1ee2
1e
000.e
--2
1ee2
1ee2
0e
++1
1ee2
++1
+
1e-
e10
+
--2
1e-
.
1ee2
e10
++1
1e-
1e+
1e
++1
e10
+
e10
1e+
000.e
1e+
++1
1e
1.2.3
++1
1ee2
abc
1ee2
1.2.3
++1
++1
1e
1e+
-
1.2.3
++1
e10
--2
-
-
--2
0e
+
0e
1ee2
++1
-
e10
+
1e
-
--2
1ee2
-
e10
1.2.3
0e
1.2.3
1ee2
--2
+
0e
1ee2
1e-
1e+
1ee2
e10
+
.
1e+
0e
abc
0e
--2
1e
abc
000.e
+
0e
000.e
1e-
e10
abc
1e-
1e+
++1
1e
++1
-
++1
000.e
--2
1e+
abc
.
1.2.3
1ee2
0e
1ee2
.
1ee2
0e
--2
1e-
0e
1ee2
e10
000.e
abc
++1
+
+
1.2.3
1e+
.
1ee2
0e
+
1ee2
abc
1e
abc
++1
.
++1
1ee2
++1
1e-
abc
e10
0e
1e
1ee2
.
++1
1.2.3
000.e
+
abc
abc
abc
1ee2
1.2.3
+
+
0e
++1
abc
abc
e10
.
1.2.3
abc
abc
-
.
1e
-
++1
+
++1
e10
e10
--2
0e
1e+
1e
--2
1e+
-
abc
abc
++1
0e
1e+
1e+
1.2.3
--2
000.e
1e+
.
1.2.3
1e+
-
+
1e+
1e-
1e+
000.e
-
1.2.3
1.2.3
.
++1
1e-
abc
1ee2
-
.
1e+
--2
abc
1.2.3
++1
-
+
.
1ee2
1e-
.
1ee2
000.e
-
+
1.2.3
1e-
1.2.3
--2
1ee2
000.e
-
1.2.3
1e+
abc
-
.
+
+
1e-
e10
.
0e
+
.
1e-
abc
1e-
+
000.e
1e
++1
1.2.3
-
.
1ee2
1.2.3
1e-
.
1e-
.
abc
0e
1ee2
+
000.e
abc
000.e
abc
-
1e+
.
++1
e10
.
1.2.3
1e-
--2
0e
0e
-
++1
1ee2
1e
1.2.3
1.2.3
-
+
000.e
1e+
1ee2
1ee2
+
e10
.
+
-
1e+
--2
++1
--2
1e
++1
000.e
1e+
1ee2
1e+
abc
1e
1e+
1e-
000.e
.
abc
1.2.3
.
1e-
abc
abc
-
+
++1
-
e10
0e
1e
000.e
-
1e+
+
000.e
1e+
1e
abc
--2
0e
1e-
0e
1e+
1.2.3
1e+
+
1e-
++1
1e+
1e+
000.e
+
000.e
1.2.3
.
e10
+
--2
-
--2
.
-
1e
+
.
-
1e+
.
000.e
.
+
1e
--2
--2
1.2.3
e10
e10
1e
abc
1e-
+
abc
000.e
1e+
1e
1ee2
1ee2
+
abc
000.e
-
+
000.e
1.2.3
0e
1ee2
1e
1e
1ee2
1e
-
.
abc
1e-
1.2.3
1ee2
abc
1ee2
1e
1.2.3
1e+
-
e10
1e
abc
1.2.3
+
e10
++1
+
000.e
1.2.3
1.2.3
1e+
1e
0e
++1
0e
e10
-
0e
+
1ee2
++1
-
++1
+
1e+
e10
--2
1ee2
000.e
.
-
1.2.3
0e
1.2.3
--2
.
1e+
e10
e10
0e
1e-
+
+
.
-
e10
--2
.
1e
++1
0e
abc
1e
1e
-
++1
e10
++1
+
000.e
abc
1ee2
+
1e-
+
1e-
1ee2
1ee2
.
-
1e-
e10
1.2.3
1e+
1e
-
--2
++1
1e
1ee2
--2
1.2.3
-
1.2.3
1ee2
e10
+
0e
-
--2
1e
+
1e+
1ee2
--2
1.2.3
+
+
1.2.3
-
abc
++1
e10
--2
1e-
1e
+
0e
+
1ee2
1e-
--2
1e-
e10
++1
1.2.3
1e+
0e
1ee2
.
1.2.3
abc
++1
1ee2
1e
e10
1e
.
++1
0e
--2
1e
-
1ee2
++1
0e
000.e
0e
0e
1.2.3
++1
000.e
abc
000.e
1ee2
e10
.
-
1e
.
1e-
abc
--2
000.e
--2
000.e
--2
1e+
1.2.3
abc
1e-
++1
-
.
+
1e-
-
1e-
000.e
abc
1e
--2
--2
1.2.3
-
1e
.
0e
e10
.
1.2.3
1e+
1.2.3
1e+
--2
.
1e-
1.2.3
0e
1e
.
++1
0e
1e
-
000.e
e10
+
0e
e10
1ee2
+
.
+
1e+
abc
0e
++1
e10
1e+
0e
-
.
--2
1ee2
1ee2
+
1e
abc
abc
.
+
++1
1e+
1e+
e10
++1
++1
--2
-
-
-
.
abc
.
.
++1
--2
1.2.3
1e+
e10
--2
--2
0e
.
.
++1
1.2.3
.
--2
0e
1ee2
1.2.3
++1
1.2.3
1.2.3
1ee2
1e-
000.e
1e-
++1
e10
+
1e
++1
e10
1.2.3
0e
e10
1ee2
e10
++1
e10
1ee2
e10
++1
abc
--2
0e
1e
+
-
--2
000.e
000.e
-
+
1ee2
abc
1e
1e
--2
.
+
1ee2
1e-
++1
e10
e10
+
+
.
1ee2
000.e
-
000.e
1e+
abc
-
.
+
+
0e
1.2.3
000.e
--2
++1
000.e
-
--2
e10
1.2.3
++1
1e+
e10
0e
1e-
0e
1e+
.
abc
++1
--2
--2
1e
1.2.3
0e
.
1ee2
0e
0e
--2
--2
0e
0e
abc
1e+
1e
--2
0e
.
+
e10
1e
abc
+
--2
1ee2
++1
abc
.
1e
--2
++1
1.2.3
+
0e
0e
1e
++1
++1
++1
1e-
--2
1.2.3
-
++1
+
000.e
abc
--2
1.2.3
abc
0e
1e+
1.2.3
--2
0e
0e
abc
++1
.
1e+
0e
1e
000.e
-
1.2.3
.
-
--2
000.e
1e+
--2
e10
1e
e10
e10
--2
1e+
.
.
1ee2
.
--2
+
1ee2
1ee2
0e
-
++1
1e+
1ee2
+
--2
--2
.
.
-
0e
000.e
e10
1.2.3
0e
1e-
1ee2
1e
.
0e
--2
1.2.3
e10
+
++1
.
1e-
++1
abc
1.2.3
e10
1e
--2
1e-
+
-
1e+
--2
e10
1e+
.
0e
--2
1.2.3
.
1e+
-
000.e
0e
abc
000.e
1e
1e
+
e10
.
1.2.3
+
--2
-
--2
+
1e+
--2
--2
-
e10
.
1ee2
1.2.3
-
1e+
.
.
.
1.2.3
--2
e10
+
.
000.e
0e
--2
+
e10
++1
.
0e
-
-
++1
1e+
1e-
0e
1e-
abc
++1
1e+
000.e
1e-
-
1e-
1e+
1.2.3
-
1.2.3
000.e
1e-
++1
-
1e-
-
1e-
++1
000.e
+
000.e
--2
000.e
--2
-
1e+
1e
1ee2
++1
+
1.2.3
000.e
.
1e+
1ee2
1e
1e+
1e+
1e
abc
-
+
1e-
.
1e+
1.2.3
1e-
.
--2
++1
--2
--2
1ee2
1.2.3
1ee2
+
++1
1.2.3
1e-
1ee2
+
.
0e
.
+
1e-
++1
1.2.3
1.2.3
abc
-
++1
-
abc
1.2.3
-
++1
1e-
++1
1e
--2
1ee2
--2
++1
1e+
000.e
1.2.3
e10
000.e
+
--2
e10
1.2.3
++1
1e+
1e-
--2
000.e
1e
+
1e+
++1
.
abc
-
-
.
1e+
abc
1e+
e10
1e+
++1
1e
000.e
--2
e10
.
000.e
1e+
1e-
+
++1
.
.
1e+
++1
+
++1
-
1e
e10
--2
1.2.3
abc
e10
-
abc
1e
++1
1e+
.
1ee2
.
1e-
1.2.3
abc
1ee2
.
--2
-
1.2.3
1.2.3
.
-
++1
abc
abc
--2
1ee2
1e
1e-
000.e
1e-
000.e
1ee2
++1
000.e
0e
1e+
1e
+
1e+
++1
1.2.3
--2
1ee2
1.2.3
1e
000.e
0e
++1
+
-
e10
++1
1e+
abc
1e
0e
1.2.3
1e+
0e
0e
1e+
1e-
abc
abc
1ee2
0e
.
1e-
--2
.
1e+
++1
.
--2
1ee2
1e+
1e+
-
000.e
1e-
000.e
0e
1.2.3
e10
abc
1e+
+
1e-
-
1e-
1ee2
1e+
1e+
1.2.3
1e+
1.2.3
.
--2
.
1e
1e
abc
1e-
--2
-
1ee2
0e
--2
1ee2
e10
0e
0e
-
1.2.3
1.2.3
abc
1ee2
1ee2
1.2.3
--2
.
1ee2
1e+
+
1.2.3
+
-
abc
-
000.e
+
1ee2
+
000.e
0e
1e
0e
0e
000.e
1e
1ee2
1e-
1e
e10
++1
1ee2
e10
1.2.3
++1
1.2.3
000.e
0e
.
.
1ee2
e10
--2
1e-
-
+
1ee2
1e
abc
1ee2
abc
0e
abc
1e
1e
1e-
e10
+
1e+
1e
1e-
1e
.
abc
1e
--2
e10
1e
1e+
.
--2
000.e
e10
-
1ee2
1e-
abc
1e-
0e
1ee2
e10
1ee2
1e
1e+
1e-
+
1e
1e
-
0e
-
1ee2
.
e10
e10
abc
000.e
000.e
abc
1ee2
1.2.3
.
1e+
-
1e+
1ee2
.
0e
000.e
-
1.2.3
-
abc
000.e
+
0e
abc
abc
1.2.3
000.e
-
abc
+
0e
1.2.3
1e+
1ee2
1.2.3
1.2.3
--2
e10
1e
-
0e
--2
000.e
0e
1e+
1e
-
0e
e10
1e
1.2.3
1e-
1e
++1
e10
--2
1.2.3
e10
1e
.
abc
-
-
000.e
0e
1.2.3
1e
.
1e-
1e
0e
--2
--2
++1
1e+
1e
1e
1e-
1.2.3
0e
1e
0e
+
--2
1e+
000.e
+
+
1ee2
1e
1e+
.
000.e
1.2.3
0e
++1
1ee2
abc
++1
1.2.3
--2
1e
1.2.3
.
-
0e
1e-
1e-
1e+
1e-
++1
abc
e10
--2
1e
e10
e10
--2
0e
-
+
1.2.3
.
++1
0e
1e+
1e+
1ee2
abc
000.e
1.2.3
1e+
+
++1
+
1e-
-
1e+
.
+
1.2.3
-
1ee2
1e
-
-
abc
-
abc
000.e
1e
abc
.
abc
e10
+
e10
-
1ee2
1.2.3
e10
1e
1e-
--2
e10
1.2.3
1.2.3
1e+
1ee2
0e
1.2.3
1e+
1.2.3
+
abc
0e
1e
0e
1e-
e10
.
abc
1e-
1.2.3
1e
1ee2
e10
1.2.3
0e
1.2.3
0e
--2
1e
1e
1e+
1e
1.2.3
1e+
abc
-
1e+
1e+
1e+
.
-
+
1.2.3
1.2.3
1ee2
0e
-
++1
.
e10
-
abc
++1
-
+
.
e10
1.2.3
1e
abc
1.2.3
.
000.e
0e
000.e
1e
.
.
++1
000.e
1ee2
1e-
+
1ee2
000.e
1e+
1ee2
000.e
.
1e
1e
abc
1e+
0e
1ee2
0e
1ee2
abc
.
1ee2
abc
+
0e
1.2.3
1e-
0e
-
e10
.
1e+
1e-
1e+
000.e
--2
1e-
e10
--2
++1
1ee2
+
+
e10
1ee2
1e+
++1
e10
1e+
--2
0e
e10
.
--2
+
0e
abc
1e-
1e-
++1
+
0e
--2
abc
1e-
1.2.3
1e-
1.2.3
abc
+
0e
1e
1e
1e+
+
.
abc
+
0e
--2
e10
+
-
000.e
000.e
--2
e10
-
1e-
1ee2
abc
-
1e-
1.2.3
+
1e-
1e+
1e-
000.e
.
000.e
-
1e+
abc
1e-
--2
+
--2
1e+
-
++1
++1
.
--2
--2
++1
1ee2
000.e
--2
1ee2
++1
000.e
-
.
-
1e+
abc
--2
e10
--2
000.e
1ee2
0e
-
000.e
000.e
1e+
000.e
-
--2
1e-
0e
abc
++1
1ee2
--2
1ee2
.
1e+
-
0e
1e-
1.2.3
000.e
1.2.3
.
1e-
000.e
-
0e
000.e
abc
1e+
-
1e-
1e+
0e
+
++1
000.e
1e+
1e-
+
1ee2
1e-
1e-
1.2.3
--2
e10
++1
1e-
++1
-
1e
--2
1.2.3
+
0e
-
.
abc
1ee2
0e
1ee2
--2
1.2.3
0e
+
000.e
1ee2
--2
1ee2
+
1ee2
++1
+
+
1.2.3
abc
+
-
--2
++1
--2
0e
+
e10
--2
000.e
1ee2
+
1e+
--2
--2
0e
1e-
e10
1e
-
-
++1
1e
--2
1e+
1e-
--2
1e
1e+
1ee2
--2
1e-
e10
e10
e10
1e+
1ee2
1e+
1ee2
--2
+
0e
1e+
--2
++1
1ee2
1.2.3
1e+
1e+
1.2.3
-
+
abc
-
-
1e+
000.e
1e-
1ee2
++1
000.e
++1
abc
1e+
0e
--2
--2
1ee2
e10
1e-
e10
1e+
abc
1ee2
000.e
0e
1ee2
0e
+
0e
abc
-
abc
--2
1e
1ee2
1e
0e
.
1e
-
1e
e10
e10
abc
0e
e10
+
-
++1
1e
-
1e-
abc
-
1.2.3
++1
1e+
+
abc
abc
++1
000.e
-
000.e
000.e
1.2.3
1e-
+
++1
1ee2
++1
e10
e10
e10
1.2.3
0e
e10
++1
e10
1e-
1e+
1e
000.e
+
1.2.3
abc
++1
++1
+
000.e
000.e
-
e10
1.2.3
e10
-
abc
000.e
-
1e-
--2
e10
.
+
1.2.3
1e
1ee2
0e
--2
++1
e10
abc
+
+
++1
-
.
1ee2
1ee2
1ee2
++1
++1
1ee2
0e
--2
1e
0e
-
1ee2
1.2.3
000.e
++1
abc
0e
+
--2
abc
++1
--2
.
--2
.
++1
.
+
000.e
abc
-
1e-
++1
1e+
+
--2
1ee2
1.2.3
-
e10
.
abc
++1
.
e10
1ee2
1e
1e+
1e+
.
-
0e
--2
abc
+
e10
1e+
+
1.2.3
1e
-
++1
1.2.3
1e
1e+
000.e
abc
++1
abc
-
1ee2
+
1e-
0e
1e
e10
1ee2
+
1e+
0e
000.e
e10
+
0e
1e
1ee2
1e-
0e
--2
1.2.3
1.2.3
abc
000.e
000.e
1ee2
0e
.
--2
1e-
++1
.
1e+
abc
abc
1.2.3
1e-
1e
1e
e10
1e-
++1
1e+
1ee2
0e
--2
1.2.3
1e+
--2
0e
.
0e
0e
1e+
1e+
000.e
.
1ee2
--2
1e
1.2.3
1e-
0e
-
1e
1.2.3
--2
.
++1
1ee2
--2
1ee2
1e
e10
--2
1e
0e
000.e
e10
0e
-
abc
1ee2
1e-
1e-
abc
++1
1e-
1ee2
1e+
1e
.
1ee2
.
1.2.3
1e-
++1
1ee2
1ee2
1.2.3
1ee2
1ee2
+
e10
.
1ee2
e10
.
.
-
000.e
1e
1e+
-
.
1e
1e-
1e
-
1ee2
1e
+
1.2.3
0e
e10
1.2.3
0e
1e+
1e+
-
.
++1
++1
-
e10
abc
1e+
1ee2
000.e
0e
+
+
1ee2
-
0e
.
1e
+
.
0e
+
--2
000.e
1.2.3
-
1e
e10
1e-
abc
e10
++1
000.e
1e
1e-
.
1ee2
1ee2
e10
1.2.3
1.2.3
++1
1e-
.
0e
1e-
000.e
0e
--2
1e
--2
1e-
abc
++1
e10
1.2.3
e10
--2
000.e
0e
+
1.2.3
abc
-
++1
1e
+
++1
1.2.3
1e+
++1
e10
-
1e-
000.e
1.2.3
1e-
1e-
1ee2
1ee2
e10
abc
1.2.3
--2
1ee2
--2
1.2.3
-
--2
.
1.2.3
000.e
1e+
++1
1e-
abc
1e-
+
1ee2
abc
1e
.
e10
0e
e10
1e
abc
1e-
-
-
1e
--2
.
++1
++1
e10
1.2.3
abc
.
0e
1e+
1e+
.
++1
1e
0e
000.e
++1
1e-
1ee2
e10
1e
e10
abc
1e-
1ee2
1e+
1e-
.
e10
-
1e
0e
--2
abc
000.e
1e-
0e
abc
1ee2
e10
-
++1
0e
-
1.2.3
1ee2
000.e
1ee2
++1
+
--2
++1
+
--2
++1
1e
0e
1e+
abc
.
000.e
e10
000.e
+
--2
.
0e
+
1.2.3
1e
e10
000.e
.
1e
1.2.3
abc
++1
1e-
1e
.
--2
--2
abc
-
--2
1e+
000.e
1e-
0e
abc
abc
1e
1ee2
+
--2
1ee2
+
e10
0e
abc
+
0e
-
1.2.3
++1
1e-
-
--2
0e
1.2.3
++1
-
1.2.3
+
1ee2
-
.
e10
++1
-
-
abc
0e
1.2.3
1e-
--2
1e
1.2.3
--2
1e
--2
abc
1ee2
1.2.3
abc
e10
1e
abc
-
1e+
000.e
1e-
000.e
1e-
1.2.3
1e-
1ee2
-
1ee2
abc
abc
+
0e
--2
1.2.3
0e
1e+
abc
--2
.
1e-
.
1e+
abc
-
++1
1e
.
1ee2
e10
abc
1e
--2
1ee2
1.2.3
++1
abc
++1
1e+
e10
1.2.3
abc
000.e
.
abc
.
0e
-
1ee2
e10
1e
-
1.2.3
1ee2
1e
1e-
1.2.3
abc
1e+
1e-
000.e
1ee2
++1
1e-
++1
000.e
000.e
0e
1.2.3
--2
1e
1ee2
-
e10
1.2.3
e10
1e
0e
abc
1e
1e-
1e-
1ee2
-
1ee2
1e-
1e+
+
+
1e-
e10
1ee2
1.2.3
1e
1ee2
1.2.3
+
1e-
1e+
000.e
abc
1e-
000.e
1e-
000.e
1.2.3
.
0e
1ee2
abc
1e
1ee2
.
0e
+
000.e
++1
1e-
+
abc
1e-
0e
++1
.
abc
abc
.
abc
1.2.3
-
+
1e-
0e
1ee2
000.e
1.2.3
1e
abc
000.e
0e
e10
1.2.3
e10
1ee2
+
000.e
1e-
1e+
0e
1e+
.
++1
1e+
abc
++1
1.2.3
1e-
.
.
1e+
-
++1
1ee2
--2
1e
1.2.3
++1
0e
1e+
1e+
1e-
-
000.e
1ee2
1ee2
++1
000.e
1e-
1e
1ee2
0e
1ee2
e10
000.e
1.2.3
1e
e10
1.2.3
-
abc
e10
++1
000.e
1e+
.
-
abc
000.e
-
abc
--2
e10
000.e
1e+
+
+
1e
+
1e-
000.e
.
000.e
-
abc
1e-
++1
1ee2
--2
1e+
.
+
++1
.
-
1e+
1.2.3
abc
+
1ee2
--2
e10
e10
1ee2
e10
--2
1e+
0e
-
000.e
0e
e10
-
000.e
1e
000.e
1.2.3
1e-
e10
abc
1.2.3
++1
--2
--2
000.e
-
1e+
+
-
1.2.3
abc
0e
1e
1.2.3
.
++1
1e+
-
e10
-
1e+
1e
1e+
e10
1ee2
000.e
1.2.3
1.2.3
+
+
--2
+
1e
1e-
1e-
-
0e
1.2.3
++1
++1
.
1e-
1e-
1ee2
1ee2
--2
0e
1.2.3
--2
0e
1e-
e10
+
1e+
-
+
e10
e10
000.e
+
-
1e-
1.2.3
1e-
000.e
--2
1e
abc
e10
++1
0e
1e
e10
1e+
+
+
0e
1e-
.
+
1.2.3
1ee2
--2
1e+
.
abc
1e-
1e
+
abc
+
0e
1ee2
1.2.3
000.e
++1
e10
1e-
--2
0e
1ee2
1.2.3
0e
-
+
1e+
abc
.
1.2.3
e10
000.e
0e
1.2.3
.
e10
1.2.3
+
e10
0e
1e-
e10
0e
e10
1e+
0e
0e
1e+
000.e
.
1e
-
1e
abc
1e+
1e+
abc
1e-
000.e
--2
e10
abc
1e
--2
0e
--2
000.e
-
+
0e
.
1e+
1.2.3
0e
e10
1ee2
--2
e10
.
1ee2
.
0e
1e
abc
.
1e
1.2.3
1e-
1.2.3
-
.
0e
e10
abc
abc
1e+
e10
1e
++1
1e-
1e-
1ee2
abc
--2
++1
.
+
000.e
0e
.
abc
+
++1
1e
--2
++1
1ee2
1e
000.e
--2
1e+
000.e
1e-
1e-
++1
1e-
e10
1.2.3
1.2.3
+
000.e
--2
1e+
1ee2
1e
abc
1ee2
--2
000.e
.
1.2.3
abc
-
1e+
1ee2
+
1ee2
1e-
+
abc
1e
e10
++1
++1
.
1ee2
1e+
+
1e+
1.2.3
1.2.3
--2
1e-
1ee2
1e
e10
abc
0e
++1
+
1e-
1.2.3
1ee2
1.2.3
--2
1e+
1e
0e
++1
0e
--2
abc
0e
1e+
-
.
1e+
1e
0e
1e-
-
1e+
++1
++1
1e
++1
+
0e
--2
0e
-
1e-
1.2.3
1e+
0e
1e-
e10
1.2.3
-
1e-
--2
0e
1ee2
0e
0e
1e+
abc
000.e
abc
+
1e+
--2
0e
++1
0e
1.2.3
1e
000.e
abc
1.2.3
1e
1e
000.e
e10
1ee2
-
1ee2
++1
1e+
0e
1e-
abc
1.2.3
000.e
1e+
000.e
1ee2
--2
e10
abc
1e
1e+
1e
1e
1ee2
+
1e
0e
1ee2
+
1.2.3
e10
e10
abc
++1
-
1e-
000.e
0e
++1
1e-
++1
1e+
++1
1ee2
1.2.3
+
1ee2
1e
1e-
1ee2
0e
-
0e
1e
0e
--2
abc
abc
.
1.2.3
e10
0e
1e-
1.2.3
e10
1e
1e-
e10
abc
--2
1e-
e10
-
1e-
1e-
abc
1e
1.2.3
0e
1.2.3
1ee2
000.e
.
1e
1e+
++1
1e+
1.2.3
e10
1ee2
abc
+
--2
000.e
1ee2
e10
--2
abc
++1
abc
0e
1e-
--2
1e-
--2
1ee2
++1
1e+
1ee2
abc
-
+
e10
1ee2
1.2.3
--2
1e+
000.e
1e+
1ee2
++1
+
+
1.2.3
1e
000.e
0e
.
e10
++1
1.2.3
1.2.3
1.2.3
1.2.3
000.e
+
1ee2
.
abc
--2
1e-
1.2.3
1.2.3
e10
000.e
1e+
abc
++1
1.2.3
000.e
++1
abc
--2
1e+
1e+
++1
-
abc
++1
0e
1e
-
1ee2
000.e
000.e
--2
+
1e+
++1
++1
1e
abc
1e
abc
0e
.
--2
1e
1ee2
.
+
--2
1ee2
.
1.2.3
--2
+
e10
.
1ee2
1e+
-
1ee2
000.e
+
1e-
-
--2
1e
abc
1.2.3
0e
abc
1ee2
0e
0e
.
0e
e10
1e
1.2.3
0e
1.2.3
1e+
--2
1e+
000.e
1e
--2
--2
--2
--2
1e-
1e
1.2.3
1e-
1e
1e
-
1ee2
000.e
++1
abc
-
.
+
1.2.3
+
1e+
1e+
0e
.
1ee2
++1
1e-
-
+
1e
e10
1e
abc
0e
1e
abc
1e
1ee2
0e
e10
.
0e
0e
0e
0e
+
1e+
1e
0e
000.e
--2
++1
++1
1e+
1e
.
abc
--2
1e
1ee2
--2
abc
.
1e+
--2
e10
e10
abc
-
000.e
1e-
-
.
1e
000.e
1e
1ee2
--2
0e
+
1ee2
0e
--2
++1
1e+
1.2.3
1ee2
000.e
000.e
1ee2
1e+
--2
000.e
0e
+
1.2.3
1e
0e
1ee2
abc
1e+
1e-
-
+
0e
000.e
++1
000.e
-
--2
-
1e+
-
--2
.
0e
--2
000.e
e10
.
1.2.3
.
000.e
1e-
.
1.2.3
+
1e
1.2.3
+
++1
1.2.3
1e-
-
.
--2
1e+
1e
abc
e10
+
--2
.
abc
--2
1e
1e+
0e
1ee2
1ee2
1e-
-
1e-
0e
e10
+
e10
000.e
000.e
1.2.3
-
--2
abc
+
1e
abc
0e
000.e
1e-
++1
.
-
1e+
--2
1ee2
1e
-
1e-
-
++1
++1
abc
1e-
1e
abc
.
e10
1e
1e+
abc
1e+
abc
++1
e10
.
++1
000.e
+
0e
+
1e+
1e-
--2
.
--2
1e+
abc
1.2.3
0e
--2
1e
.
++1
1e-
0e
+
-
1e-
1e+
-
000.e
1ee2
++1
abc
1ee2
000.e
abc
1e+
1e-
0e
e10
1e
1e-
1ee2
1ee2
.
0e
1e
1ee2
1ee2
abc
++1
000.e
1e
1e
+
1ee2
-
0e
000.e
000.e
1e
++1
1e-
e10
+
e10
++1
++1
1e-
+
e10
1e
1.2.3
0e
1.2.3
1ee2
e10
1e
1ee2
++1
abc
0e
1.2.3
-
0e
000.e
1.2.3
abc
.
000.e
++1
++1
1e
1e
1e+
++1
-
1e
1e-
++1
0e
0e
1e
1e-
1e+
.
++1
1ee2
-
-
1ee2
000.e
e10
1e-
--2
0e
1ee2
--2
1e+
+
abc
-
1ee2
e10
.
--2
1.2.3
abc
1.2.3
0e
1.2.3
+
e10
.
+
1.2.3
000.e
1e
1e-
-
1e
abc
1ee2
--2
+
0e
--2
.
1ee2
--2
.
000.e
1ee2
1.2.3
1ee2
1e
0e
e10
1e-
e10
++1
1e-
1.2.3
+
-
e10
1e-
1.2.3
abc
--2
+
1ee2
--2
abc
1e-
.
-
-
--2
abc
++1
e10
1e+
000.e
++1
1ee2
1e-
1e+
++1
0e
-
abc
1e-
--2
+
+
e10
--2
1e
1e+
--2
1e
+
1e
000.e
1e
--2
+
++1
1e+
abc
1.2.3
1.2.3
1e-
abc
abc
-
.
000.e
000.e
e10
1ee2
-
1.2.3
000.e
1.2.3
1e-
+
++1
e10
e10
1.2.3
1.2.3
000.e
e10
1ee2
.
abc
--2
e10
1e
000.e
1e-
000.e
abc
-
--2
000.e
000.e
1e+
abc
e10
-
++1
000.e
1e
-
-
+
000.e
1e-
++1
e10
1ee2
1e-
1e
1ee2
1e+
abc
e10
++1
0e
1ee2
-
0e
abc
1e-
.
--2
--2
1e+
++1
.
--2
1ee2
e10
1e-
-
000.e
-
1e
.
++1
1ee2
-
--2
e10
0e
0e
1e+
1e+
1.2.3
000.e
--2
1e
e10
1ee2
+
.
1.2.3
-
abc
1ee2
.
abc
0e
++1
-
1e
1e-
0e
1e+
++1
1e-
1e
1e
e10
1ee2
abc
--2
.
0e
+
++1
1e-
+
-
1e-
000.e
1ee2
0e
000.e
1e+
abc
abc
+
0e
-
0e
1e-
1e+
1e
1e+
++1
1e-
1e+
1.2.3
0e
abc
.
++1
abc
--2
0e
-
1.2.3
abc
e10
1e+
-
1.2.3
.
+
000.e
abc
--2
1e+
1e+
1e-
1ee2
000.e
.
.
--2
e10
-
000.e
000.e
-
1e-
1.2.3
1e
1ee2
1.2.3
1e+
++1
--2
.
1e
e10
1ee2
++1
1ee2
++1
++1
+
++1
-
0e
1e
1.2.3
1e-
-
1e
--2
1ee2
+
1ee2
0e
000.e
0e
++1
e10
.
000.e
1e+
000.e
1e
abc
000.e
abc
++1
1e+
++1
++1
+
1ee2
000.e
abc
e10
--2
0e
e10
e10
1e+
0e
000.e
abc
++1
--2
+
+
1e
1e+
000.e
e10
abc
000.e
--2
--2
1e-
1ee2
.
000.e
--2
abc
000.e
.
1e+
1e
++1
+
1e-
1.2.3
.
0e
e10
0e
-
++1
abc
-
1e
1e
abc
abc
.
+
-
.
+
000.e
1ee2
++1
000.e
1e-
-
0e
++1
e10
+
++1
1.2.3
1e
1.2.3
-
1ee2
1e
1e+
abc
0e
1e
+
1.2.3
+
1e+
-
0e
.
1e+
abc
++1
-
++1
1e+
1e-
1.2.3
.
1e-
1e-
1e+
abc
000.e
1e-
0e
1ee2
+
e10
-
0e
+
1.2.3
1e
e10
++1
1.2.3
e10
e10
1e
abc
1e-
+
0e
1ee2
abc
-
abc
0e
-
1e+
e10
.
e10
1.2.3
1e-
000.e
1e-
0e
abc
+
1e
.
e10
e10
+
++1
+
e10
1e+
abc
1e-
000.e
--2
-
1e+
1e+
1e+
1ee2
e10
1e
++1
1ee2
-
1e
1ee2
1.2.3
+
1e
0e
+
++1
++1
1e-
+
1ee2
e10
.
+
1e+
abc
1e
000.e
abc
000.e
1e-
1ee2
000.e
-
000.e
+
e10
000.e
1e+
abc
000.e
1.2.3
.
1ee2
1e
1ee2
-
1e+
1e-
1ee2
000.e
-
-
e10
1e
++1
1e+
++1
1e
1e+
1e+
+
1e+
abc
000.e
++1
++1
1e-
++1
abc
+
abc
-
-
1e-
-
-
.
.
+
1e
1ee2
+
0e
+
--2
000.e
1e+
++1
1.2.3
--2
++1
-
1e-
0e
1e-
1ee2
-
-
--2
1e
0e
+
+
--2
-
1e+
e10
.
1.2.3
1.2.3
0e
abc
1e+
abc
1e
1.2.3
000.e
-
1e-
e10
1e+
1e
1e+
--2
1e+
--2
--2
abc
1ee2
1ee2
1.2.3
000.e
abc
1e-
0e
1ee2
++1
1.2.3
-
1e
1e+
1e+
abc
++1
1e
1ee2
++1
+
--2
++1
-
.
1e+
--2
+
1e
e10
1.2.3
1.2.3
1e-
e10
1ee2
.
1e-
1e
000.e
abc
.
++1
abc
abc
--2
000.e
.
000.e
1.2.3
-
1.2.3
1e+
1e+
1.2.3
++1
--2
1e+
1e
+
+
1e+
1e
0e
+
e10
1.2.3
.
1e
.
-
1e
1.2.3
-
1ee2
-
1.2.3
.
1e+
1.2.3
000.e
abc
abc
1e
+
000.e
0e
-
1e
000.e
+
1e
.
000.e
+
0e
1e-
-
1e
+
-
abc
1e+
1e
1e+
abc
e10
+
0e
.
e10
1e+
+
1e
000.e
1ee2
1.2.3
000.e
1e+
++1
abc
abc
000.e
1.2.3
++1
1e-
1e+
-
.
1e-
++1
000.e
--2
1ee2
1ee2
1e
-
++1
1ee2
.
1e-
e10
1e
++1
1.2.3
000.e
000.e
abc
--2
--2
1e
1e-
1e+
1e+
abc
abc
1e
.
++1
1ee2
++1
0e
1e+
1e-
1e+
000.e
abc
e10
1e+
1ee2
e10
1e
1e-
1e+
000.e
++1
1e
1e+
1.2.3
e10
abc
.
.
1.2.3
++1
1e-
abc
e10
-
+
000.e
--2
+
1.2.3
--2
1e-
1e-
1ee2
1.2.3
1e-
++1
--2
+
-
e10
1.2.3
++1
1e-
0e
1e-
-
000.e
1e+
1e
1ee2
1e-
1.2.3
1e
1e+
1.2.3
-
+
-
e10
1e+
+
1ee2
abc
-
0e
++1
1e
1.2.3
000.e
+
1ee2
++1
0e
.
.
1e
++1
-
--2
++1
-
.
1e+
1.2.3
+
-
1e
.
1.2.3
--2
abc
000.e
1e-
1e-
000.e
1.2.3
000.e
1ee2
abc
1.2.3
.
1e+
1e
.
1.2.3
0e
1.2.3
1e-
1ee2
-
-
.
+
.
++1
1.2.3
+
1e
1.2.3
0e
+
1e-
1e
1e-
1.2.3
1e-
1.2.3
000.e
1ee2
-
++1
-
1ee2
1.2.3
.
--2
-
1ee2
-
+
1e
.
--2
--2
+
1e-
0e
1ee2
e10
.
--2
+
1e+
++1
1e+
abc
0e
e10
+
--2
e10
1e
.
+
1e-
0e
++1
1.2.3
.
000.e
+
+
abc
abc
0e
+
0e
++1
1ee2
1.2.3
.
.
-
000.e
1ee2
0e
++1
1e-
--2
--2
0e
1e+
e10
.
--2
+
+
1ee2
0e
-
000.e
1.2.3
--2
-
+
abc
000.e
1e-
--2
e10
++1
1.2.3
e10
abc
.
0e
.
abc
1ee2
abc
+
0e
+
0e
++1
e10
000.e
1e-
1e-
000.e
-
000.e
1e
0e
1ee2
-
++1
e10
.
e10
abc
++1
--2
--2
1.2.3
0e
+
1.2.3
--2
0e
1.2.3
1e+
1ee2
1.2.3
1e
0e
1ee2
1e-
000.e
1e
0e
+
1e+
1e+
1e+
1e
1e-
+
e10
--2
abc
e10
1e-
1.2.3
1.2.3
0e
-
1e-
1e-
abc
1.2.3
1.2.3
abc
000.e
1.2.3
-
0e
1e-
1.2.3
000.e
--2
++1
1e-
1.2.3
1.2.3
+
0e
000.e
--2
e10
.
000.e
.
1e
0e
1.2.3
1.2.3
1e
--2
0e
++1
abc
e10
1ee2
.
000.e
abc
abc
000.e
++1
+
0e
-
e10
1e-
0e
abc
1.2.3
1ee2
-
0e
.
-
1.2.3
--2
+
++1
000.e
1e+
+
++1
1e
-
1e
--2
abc
.
000.e
1e+
1ee2
1ee2
0e
1.2.3
--2
++1
abc
000.e
.
1e
1e-
1e
1.2.3
0e
1ee2
e10
1.2.3
e10
.
e10
e10
1e+
1e+
abc
1e
++1
+
e10
1e
1.2.3
--2
1e+
1e-
0e
1ee2
--2
1.2.3
+
1e+
abc
1.2.3
++1
-
1.2.3
-
abc
+
1ee2
abc
0e
1e-
e10
1e
e10
000.e
--2
--2
1e-
1.2.3
++1
1.2.3
000.e
abc
1e-
0e
1e+
abc
1.2.3
--2
abc
0e
++1
abc
e10
+
1e-
1.2.3
0e
1ee2
1e-
-
1e-
abc
1e
e10
abc
1ee2
1e-
1.2.3
0e
abc
1ee2
1e-
1e-
.
++1
+
1e-
1e-
-
++1
e10
--2
000.e
abc
0e
-
e10
+
0e
1.2.3
000.e
1.2.3
1.2.3
--2
++1
000.e
000.e
+
1.2.3
+
.
0e
.
000.e
+
.
1.2.3
abc
1ee2
1e
1e+
0e
000.e
-
0e
1.2.3
.
1ee2
0e
.
-
000.e
1e
1e+
1e-
1.2.3
--2
1.2.3
--2
000.e
--2
--2
1e
0e
-
++1
000.e
++1
+
.
1e+
1e+
0e
e10
+
000.e
++1
--2
abc
1ee2
.
0e
1e
0e
.
e10
e10
--2
1.2.3
++1
++1
e10
e10
-
1.2.3
1e
1e-
1ee2
000.e
1e
1e-
++1
1.2.3
1.2.3
0e
1e+
0e
-
abc
.
++1
0e
1ee2
000.e
000.e
000.e
+
1ee2
1ee2
0e
e10
e10
000.e
000.e
abc
1e+
1e+
++1
0e
1e-
abc
.
1e
--2
1e+
-
-
1ee2
000.e
1e+
1e-
++1
-
e10
1ee2
--2
abc
+
1.2.3
1.2.3
e10
1.2.3
++1
1e
++1
e10
0e
1e-
1e-
1e
abc
1e-
+
000.e
1e
1e+
1e-
-
000.e
++1
1.2.3
0e
-
e10
+
abc
abc
-
abc
1.2.3
0e
e10
1e
000.e
abc
1e+
1e+
1e-
-
0e
++1
.
abc
++1
--2
.
000.e
+
1e
e10
--2
1ee2
+
1e
0e
+
1e
++1
1.2.3
1e+
++1
-
.
1e-
1e
000.e
1.2.3
0e
+
1ee2
+
1e+
++1
1e-
1.2.3
e10
--2
1e-
1e-
--2
1e-
1e
1.2.3
1e-
1e-
1ee2
1ee2
1.2.3
1ee2
1ee2
-
0e
1e
1e
++1
-
+
+
+
-
--2
--2
1ee2
0e
+
--2
+
e10
1e+
e10
abc
+
1ee2
1e-
1e-
1ee2
.
1.2.3
0e
1e
1ee2
--2
e10
1ee2
1e-
+
1ee2
1.2.3
.
--2
+
1.2.3
1e
000.e
1e-
1e-
1e
++1
1.2.3
+
++1
1ee2
1e-
0e
1.2.3
000.e
-
abc
1e
1ee2
000.e
-
+
1.2.3
-
-
000.e
--2
e10
0e
+
++1
1e+
1e
+
.
++1
--2
--2
000.e
+
.
0e
1e-
1e
--2
1e+
1e
0e
1e-
e10
1e+
1ee2
000.e
1.2.3
0e
+
1ee2
0e
1ee2
-
1e-
.
1e+
abc
1e
.
-
-
-
++1
--2
abc
0e
1e-
1e+
++1
-
++1
1.2.3
1e
e10
1e
abc
000.e
0e
+
+
1ee2
000.e
1ee2
+
+
1e+
e10
0e
1e+
++1
1e
1.2.3
1e
--2
0e
.
1.2.3
1e
1e+
-
--2
+
abc
0e
e10
1ee2
1e
1.2.3
1e
1e-
0e
1e
1e+
1e
+
0e
0e
.
--2
.
-
1e+
1e+
.
++1
1.2.3
--2
--2
+
--2
1.2.3
--2
+
0e
++1
000.e
abc
000.e
1ee2
.
abc
--2
.
1ee2
e10
1e-
1e
1e+
abc
e10
1e+
1ee2
1e
abc
1.2.3
.
0e
1.2.3
1.2.3
1e-
abc
1ee2
--2
1e+
000.e
1e
e10
000.e
.
abc
0e
++1
000.e
++1
000.e
1.2.3
e10
1e-
0e
-
1e+
-
--2
+
1e-
000.e
.
-
.
.
e10
1e
1e
000.e
++1
0e
0e
-
.
+
e10
-
000.e
-
--2
1ee2
1e+
000.e
--2
1e+
0e
++1
+
1e
1e
1.2.3
1e+
++1
abc
1e-
1e-
1.2.3
1ee2
0e
000.e
abc
abc
1e-
1e-
--2
1e
1ee2
1e-
.
e10
0e
1.2.3
1.2.3
1ee2
1.2.3
000.e
+
1.2.3
abc
e10
e10
+
0e
1e-
0e
000.e
.
-
.
000.e
1ee2
000.e
.
--2
--2
0e
1e+
abc
1ee2
.
1e+
+
0e
e10
1e+
1.2.3
abc
1e-
-
1e
+
1e
+
1.2.3
1e-
1ee2
1.2.3
1.2.3
1.2.3
e10
++1
1e
1.2.3
0e
+
-
1e
e10
++1
.
-
0e
000.e
000.e
1ee2
.
+
0e
e10
-
abc
.
1e+
1e-
1e
++1
0e
abc
+
1e-
1e-
1e
e10
.
1e-
-
abc
++1
1ee2
e10
abc
1e+
1e+
1e+
-
1e
+
++1
e10
000.e
--2
1e-
1e-
000.e
000.e
++1
1e+
+
0e
1e-
0e
1e
--2
1ee2
e10
1ee2
+
+
1e+
--2
abc
000.e
abc
--2
1e-
abc
-
0e
1e-
abc
1.2.3
1.2.3
e10
1.2.3
1.2.3
1ee2
1.2.3
abc
+
1e+
abc
++1
+
++1
.
abc
++1
000.e
000.e
.
abc
.
1e-
000.e
0e
--2
1.2.3
--2
000.e
1e
1.2.3
0e
.
--2
1.2.3
--2
1e+
++1
1.2.3
1e
--2
1e-
1e-
++1
1ee2
1e-
1e
+
000.e
1.2.3
abc
+
e10
--2
1ee2
+
--2
000.e
++1
0e
1.2.3
000.e
++1
+
1ee2
1.2.3
.
+
1.2.3
.
e10
-
abc
1e-
1ee2
--2
1e
-
000.e
.
1.2.3
0e
++1
1.2.3
+
1e
1e-
1e-
--2
1e
1e+
1e
--2
+
+
1e-
.
000.e
++1
e10
e10
1.2.3
abc
--2
abc
000.e
-
1e
000.e
1e-
0e
1e+
1ee2
0e
++1
000.e
1e-
1ee2
1e+
abc
1.2.3
.
1.2.3
abc
1ee2
.
0e
000.e
-
1ee2
abc
1e-
abc
1ee2
e10
--2
-
abc
.
+
1.2.3
1e-
-
.
-
000.e
0e
--2
1e-
+
.
1e
000.e
0e
0e
1e-
-
1e-
abc
--2
-
000.e
1e
1e-
-
.
--2
1e-
1e
000.e
0e
1ee2
1e-
-
0e
1ee2
1e-
.
--2
+
++1
--2
abc
1e+
+
1.2.3
1e
000.e
0e
++1
1e+
1e+
abc
000.e
1e-
0e
1e+
e10
1e+
.
1e+
1ee2
0e
.
+
1e
1ee2
--2
1e-
-
e10
++1
.
abc
--2
-
e10
e10
+
++1
--2
000.e
1e+
++1
1.2.3
1ee2
1e
000.e
1ee2
+
000.e
.
1e
1.2.3
1ee2
1e+
1e+
000.e
1e+
1e+
e10
1e+
1.2.3
abc
++1
0e
-
1.2.3
1.2.3
1e-
--2
1.2.3
.
1e
1ee2
1ee2
000.e
000.e
1e+
e10
+
1e-
1e+
1e+
1e-
1e
.
1e+
abc
1e-
1ee2
1e
1e-
e10
1.2.3
1e
1e-
+
++1
--2
1e
.
.
1e-
1e-
000.e
++1
1e-
-
e10
.
.
0e
++1
1e
.
1e+
1ee2
1e+
0e
000.e
1e
++1
1e
--2
.
.
-
-
++1
-
1.2.3
e10
0e
1e+
++1
abc
abc
1e-
000.e
1e+
1ee2
-
abc
-
1e
0e
1e+
000.e
.
abc
++1
--2
1e+
+
abc
1e+
1e
1e
0e
-
-
1ee2
1e
1e+
0e
abc
++1
-
0e
-
-
--2
-
abc
1e-
1.2.3
1e
-
1ee2
-
++1
abc
.
1e
1ee2
000.e
+
.
1ee2
1e
++1
000.e
1ee2
1e
1e
1.2.3
.
0e
1.2.3
++1
1e-
e10
1e
e10
1e-
1ee2
1e+
1ee2
++1
1e+
-
.
-
000.e
1ee2
--2
0e
0e
1.2.3
+
1e+
--2
e10
1e+
abc
1e
+
000.e
1ee2
1e-
-
abc
-
e10
e10
e10
--2
1e
1e-
+
1ee2
1e-
000.e
abc
-
-
0e
abc
0e
--2
1.2.3
0e
-
+
e10
0e
++1
1.2.3
000.e
-
1e
+
abc
.
1e-
abc
1e+
000.e
1e-
1e
-
1e+
000.e
++1
1ee2
1e-
1ee2
--2
1ee2
-
1e+
+
.
1.2.3
1e-
-
.
1e-
--2
000.e
1ee2
abc
1e
0e
000.e
000.e
.
0e
1e
1e
1ee2
0e
1ee2
1e+
1.2.3
1e+
--2
1e-
.
e10
e10
+
-
1ee2
-
e10
+
1ee2
1ee2
++1
abc
1ee2
1e+
1ee2
e10
1.2.3
1.2.3
1e+
abc
.
1e+
.
++1
000.e
++1
.
-
1e-
++1
+
000.e
.
-
++1
1.2.3
1e
000.e
1.2.3
1e-
e10
1ee2
abc
000.e
--2
1e-
0e
--2
.
1e+
+
-
1e
1ee2
1e-
.
+
--2
--2
0e
1ee2
1ee2
1.2.3
1e+
1e-
+
0e
--2
abc
--2
1e-
.
1e+
1e+
.
.
1.2.3
--2
1e-
-
++1
1e
e10
1e
abc
++1
1e+
+
--2
000.e
1.2.3
abc
--2
000.e
e10
0e
-
e10
e10
1e-
+
1ee2
--2
1ee2
--2
1ee2
-
000.e
abc
1e-
abc
--2
1ee2
abc
e10
--2
--2
1e-
e10
.
+
abc
1ee2
1ee2
1e+
++1
+
1e-
.
1.2.3
+
1e
abc
1e+
1.2.3
1e-
abc
+
+
e10
--2
1e+
1e-
1e+
1e-
000.e
000.e
--2
0e
--2
e10
1e-
1.2.3
1.2.3
--2
--2
e10
+
1e+
1e-
-
e10
1e+
000.e
++1
--2
1e
1e
--2
+
1ee2
+
.
--2
abc
1.2.3
e10
--2
+
+
1ee2
0e
++1
abc
+
1ee2
1.2.3
+
-
1e-
+
-
1e-
1.2.3
+
0e
e10
1e+
1e+
000.e
1.2.3
-
1ee2
0e
1e+
-
+
.
-
e10
1e
++1
--2
-
0e
e10
+
1e-
1.2.3
1ee2
++1
1e-
e10
0e
1e-
--2
-
++1
+
0e
1e+
1.2.3
--2
++1
.
1e-
.
1e+
0e
1ee2
1e-
1.2.3
-
1ee2
1ee2
++1
abc
000.e
0e
.
1e+
0e
abc
.
1.2.3
+
1.2.3
-
--2
1e-
1ee2
1.2.3
1e+
--2
0e
++1
1e+
000.e
1e
+
e10
+
000.e
0e
-
.
1e
--2
--2
e10
1.2.3
000.e
1e+
-
1ee2
1e
-
abc
1ee2
1e+
-
1e
000.e
+
1e-
1.2.3
1e-
abc
1e-
abc
1e
++1
--2
1ee2
--2
++1
1e
1ee2
0e
-
000.e
1e-
--2
.
+
++1
1e
0e
0e
abc
-
--2
+
.
-
--2
1ee2
0e
1e
+
e10
+
1e+
1ee2
000.e
e10
0e
1e-
1.2.3
1ee2
1e-
-
e10
1e-
++1
1ee2
1e
-
1e
1ee2
++1
e10
1e-
1e
1e-
1.2.3
+
--2
1e+
1.2.3
0e
-
1e
1.2.3
abc
1.2.3
1e-
-
0e
1e+
1e-
+
.
e10
++1
1e-
.
000.e
1e-
--2
.
000.e
1.2.3
0e
++1
+
1.2.3
000.e
--2
.
abc
0e
1e-
000.e
++1
e10
.
-
++1
--2
-
-
--2
.
--2
abc
-
e10
++1
1e+
++1
+
.
1e-
0e
1e
e10
1e-
1e-
1e+
e10
0e
1e+
--2
e10
--2
.
1e+
-
1e
-
1e
1.2.3
abc
++1
abc
0e
1.2.3
000.e
e10
0e
1.2.3
--2
000.e
e10
.
000.e
1ee2
.
1e-
abc
1e-
1e+
1ee2
1e-
1e+
e10
1ee2
.
1ee2
.
.
.
abc
1e-
+
0e
0e
0e
1ee2
0e
1e
-
1e-
1.2.3
1ee2
0e
1e
abc
1e
0e
1e
1.2.3
--2
1.2.3
1e-
1e-
++1
0e
abc
-
1.2.3
1e+
-
e10
1.2.3
1ee2
abc
++1
1e
1e
.
e10
--2
abc
000.e
++1
1e+
.
1e-
e10
+
+
000.e
abc
--2
e10
000.e
1e
1ee2
++1
000.e
e10
-
1.2.3
abc
--2
1e-
000.e
000.e
.
000.e
--2
++1
.
1e+
1e+
1e+
1.2.3
.
++1
e10
0e
abc
-
abc
-
1.2.3
1ee2
1ee2
++1
abc
-
e10
++1
1.2.3
0e
1e-
e10
1.2.3
-
+
abc
-
.
e10
.
1e
++1
1ee2
1e+
1ee2
1e
1e-
1.2.3
1e
000.e
abc
1e+
1e+
e10
+
++1
++1
+
+
1ee2
1e
1e
1e-
abc
-
.
--2
+
0e
abc
000.e
1ee2
1.2.3
e10
1.2.3
abc
--2
1e
-
-
1e-
--2
--2
1e
1e-
1e+
1ee2
e10
abc
e10
1ee2
1.2.3
abc
e10
e10
0e
abc
1.2.3
abc
+
.
.
1e
1e
++1
1e-
000.e
000.e
0e
1e-
--2
+
abc
1e
.
-
abc
abc
e10
0e
1e
+
1e
1e
1e-
e10
-
000.e
1e+
0e
1e-
1.2.3
.
1e+
++1
+
++1
.
1.2.3
abc
e10
1.2.3
e10
1.2.3
000.e
+
1e-
1e
abc
1e
-
--2
--2
.
.
-
1e-
1e-
.
+
1ee2
abc
0e
1e-
abc
.
-
+
1e
1e-
0e
.
1e+
1e-
++1
++1
1.2.3
1e
1e
+
1ee2
0e
1ee2
++1
--2
1e+
1e+
--2
+
++1
000.e
1e-
0e
+
-
e10
000.e
000.e
000.e
+
+
1e
1e
1.2.3
1.2.3
1.2.3
++1
--2
e10
1ee2
000.e
000.e
1.2.3
+
1e+
000.e
1e+
--2
000.e
abc
0e
e10
--2
1e
1e+
+
1ee2
-
1e
+
e10
1e+
abc
+
1ee2
000.e
+
.
++1
.
1e+
++1
++1
1e-
000.e
1.2.3
e10
1e
+
1e+
1.2.3
1e
++1
1e-
++1
e10
--2
0e
000.e
+
1.2.3
1ee2
1.2.3
.
abc
.
1e-
1ee2
1e-
1.2.3
.
+
--2
++1
1e+
1e+
+
1e
1e+
1.2.3
0e
-
0e
abc
1e-
.
1ee2
1e+
-
1e-
1e-
.
-
1e+
1ee2
000.e
++1
0e
000.e
0e
000.e
000.e
--2
--2
0e
-
+
0e
1e
+
1e+
1.2.3
e10
0e
++1
1ee2
1e-
--2
e10
+
0e
1e-
.
-
++1
-
++1
e10
++1
.
.
+
000.e
000.e
1e+
1e+
1e
.
1ee2
1e-
e10
000.e
1.2.3
++1
1.2.3
1ee2
.
abc
++1
--2
++1
1e-
1e+
000.e
--2
--2
++1
.
-
-
0e
1e+
1ee2
-
+
e10
1e+
1.2.3
--2
000.e
+
1e+
1e-
.
--2
0e
++1
-
1ee2
.
1.2.3
1e-
1e
-
.
1ee2
1e+
1e+
--2
1ee2
000.e
e10
--2
++1
++1
abc
000.e
1.2.3
++1
-
e10
+
1ee2
1e
000.e
0e
000.e
--2
1.2.3
000.e
+
.
+
.
+
--2
1e-
.
0e
.
e10
e10
1e-
1e+
e10
.
+
000.e
abc
++1
1e-
+
.
abc
+
1e-
1e+
0e
++1
e10
.
+
1e+
e10
1e
1ee2
1e+
1ee2
--2
1e
.
.
--2
0e
1.2.3
1e
0e
abc
e10
1e
abc
1.2.3
1ee2
--2
.
1e+
1.2.3
--2
e10
-
+
1ee2
1.2.3
0e
0e
--2
abc
1e+
1ee2
1e
1e+
1.2.3
.
1e+
--2
1.2.3
0e
000.e
0e
-
000.e
-
+
--2
1.2.3
+
+
abc
.
++1
++1
1e
000.e
1e-
1e+
1e-
++1
1ee2
1e-
--2
+
000.e
1.2.3
1.2.3
.
.
.
000.e
1ee2
abc
+
1ee2
+
.
e10
1e+
1ee2
e10
--2
0e
abc
1ee2
1e+
e10
--2
1e
1ee2
.
e10
--2
--2
1e
000.e
.
1e
abc
0e
.
1.2.3
.
+
+
.
0e
e10
+
1e-
--2
e10
+
1e-
000.e
++1
1.2.3
+
e10
1e+
e10
++1
1e
abc
abc
0e
1e
1ee2
--2
++1
e10
1ee2
000.e
1e-
1e+
++1
e10
++1
1.2.3
1e+
--2
0e
-
e10
1e-
0e
e10
1e-
-
1e
abc
1e+
e10
--2
e10
1e+
abc
1ee2
e10
1e-
+
+
+
0e
--2
1e-
++1
--2
abc
1e+
0e
-
1e-
+
0e
-
.
-
1e-
000.e
abc
+
1e
--2
--2
0e
.
1e+
-
1ee2
--2
.
1.2.3
.
++1
0e
.
--2
1e
1e
1e
++1
1e+
0e
abc
0e
+
1e+
1e-
1ee2
abc
1ee2
--2
0e
1.2.3
1e-
+
.
1.2.3
000.e
++1
0e
1ee2
.
--2
1e+
1e
--2
0e
0e
1ee2
.
000.e
1e-
-
1ee2
-
abc
-
e10
++1
1.2.3
1e+
abc
-
abc
-
1e-
1e-
abc
0e
1.2.3
000.e
1e
-
1ee2
abc
1e
e10
0e
.
+
1.2.3
++1
++1
+
1ee2
1e
--2
abc
-
1e-
1e-
abc
+
++1
+
+
--2
-
000.e
1e+
1e-
++1
000.e
1ee2
1e
1e
+
1ee2
1ee2
1e+
abc
1e-
1e
0e
abc
++1
abc
000.e
--2
abc
-
0e
--2
1ee2
1.2.3
abc
e10
--2
abc
.
1.2.3
e10
--2
000.e
0e
++1
-
+
1e+
1e
1.2.3
1.2.3
1ee2
--2
1e+
-
e10
1.2.3
1ee2
abc
abc
++1
++1
0e
1e-
1e-
-
1e+
.
0e
1e+
abc
1e+
++1
1.2.3
e10
1e
+
1e
1.2.3
.
1e-
0e
+
abc
++1
1ee2
000.e
0e
-
1e-
0e
0e
1e
++1
1.2.3
abc
1.2.3
0e
-
1e+
--2
1ee2
1e-
1e
1e-
e10
abc
-
e10
-
-
--2
1e+
-
1.2.3
-
.
1.2.3
1.2.3
1.2.3
+
abc
1ee2
1e
000.e
1e+
1e-
1e-
000.e
abc
++1
+
1e+
1e
1e
abc
1e-
-
++1
1.2.3
1.2.3
1e
1.2.3
0e
.
1ee2
1e+
1e+
--2
1e+
--2
.
1e-
000.e
1e
--2
1e
e10
-
e10
abc
abc
--2
000.e
abc
-
1ee2
1.2.3
1ee2
000.e
1ee2
e10
-
++1
1e+
--2
1e
e10
1e+
1e-
1e-
e10
+
1e+
--2
1.2.3
1e
e10
1.2.3
000.e
e10
1.2.3
--2
1e-
1ee2
--2
0e
1e-
0e
0e
abc
1.2.3
.
e10
1e+
+
1e-
1.2.3
1e+
e10
e10
e10
--2
1ee2
1.2.3
--2
e10
abc
1.2.3
1.2.3
1.2.3
abc
1ee2
1e-
1e+
1e-
000.e
000.e
.
1.2.3
1e+
abc
1e-
.
--2
-
+
abc
1e
e10
++1
1.2.3
++1
1e+
0e
--2
e10
e10
0e
e10
1e
.
000.e
1e+
abc
+
++1
1ee2
1e
++1
+
+
.
1e+
.
0e
1e
+
abc
abc
000.e
--2
++1
++1
++1
1e-
1e-
e10
1ee2
1e-
1e-
1ee2
1e-
1e-
1e-
1e-
--2
1e+
.
1.2.3
1e+
e10
.
1ee2
1e
++1
1e
+
1.2.3
1ee2
1e-
.
1e
+
.
1.2.3
-
1ee2
0e
++1
+
.
-
000.e
++1
.
0e
e10
1.2.3
1e
000.e
.
--2
e10
1.2.3
000.e
--2
1e-
--2
000.e
1e+
1e
0e
1e
1e
-
abc
abc
1.2.3
1e
1.2.3
000.e
.
1ee2
++1
++1
000.e
1.2.3
.
e10
e10
e10
1ee2
0e
1e+
e10
1e+
000.e
+
0e
++1
++1
1.2.3
+
1e
000.e
+
.
1e+
000.e
+
000.e
e10
--2
1e-
+
1ee2
1e+
++1
abc
1.2.3
000.e
-
e10
1e+
--2
e10
000.e
.
+
1e+
1.2.3
1ee2
1.2.3
+
1.2.3
+
0e
1e+
1e
0e
1ee2
1ee2
1e-
0e
0e
1ee2
abc
1e+
1e
abc
abc
1e+
1e+
++1
1.2.3
000.e
1ee2
e10
1ee2
--2
--2
1e+
000.e
1ee2
0e
000.e
e10
1e-
.
1ee2
1e-
1e
1e-
--2
1e-
-
.
1e
abc
000.e
1ee2
1e+
000.e
0e
1.2.3
-
--2
+
-
.
abc
+
.
1.2.3
1ee2
-
+
+
1e-
1ee2
++1
1ee2
0e
++1
1e+
e10
1.2.3
e10
1e
-
1e+
++1
-
abc
000.e
-
abc
1.2.3
e10
000.e
.
abc
abc
+
++1
0e
1ee2
1e
1e-
1e+
--2
1e+
abc
--2
-
--2
0e
--2
e10
1.2.3
.
+
abc
-
000.e
1e-
1.2.3
0e
1ee2
1e
++1
1e-
0e
1ee2
.
1e-
.
++1
--2
-
1e+
1e
000.e
abc
1.2.3
-
--2
abc
1ee2
-
000.e
0e
abc
.
+
++1
0e
1.2.3
000.e
.
++1
1ee2
--2
000.e
--2
+
-
.
++1
+
1.2.3
++1
e10
1e
1e
1e
-
abc
.
1.2.3
++1
e10
0e
++1
000.e
0e
--2
++1
1e-
1e-
1e+
1e+
000.e
1.2.3
--2
.
++1
1e-
1ee2
+
.
++1
1.2.3
++1
1e+
1e-
000.e
abc
abc
--2
-
e10
1e+
--2
abc
000.e
abc
.
--2
++1
e10
+
++1
.
++1
1e+
++1
+
1e-
abc
1e
+
+
-
1e
+
1ee2
+
0e
-
1e-
1e-
e10
1ee2
1e+
-
++1
1e-
1e
-
0e
1e
++1
000.e
1e
+
1e+
1e
1e-
0e
1e+
1e
e10
.
1e+
1e-
++1
1.2.3
1.2.3
1ee2
++1
1e
++1
-
.
-
0e
1e
1e+
0e
e10
1e+
e10
1e
++1
1e+
.
abc
e10
.
1e-
1e
e10
1e-
++1
000.e
1.2.3
--2
000.e
+
1e
0e
1e+
1ee2
1e-
e10
.
1.2.3
+
1e
1e+
abc
abc
1ee2
1e
1e+
.
.
1.2.3
+
000.e
.
1e-
+
0e
1e+
1e+
++1
--2
e10
1.2.3
1e-
1e+
1e
+
000.e
-
000.e
.
1ee2
1ee2
e10
--2
++1
000.e
abc
000.e
1ee2
1e+
+
abc
1e
--2
.
--2
1e
1e+
000.e
1ee2
-
0e
-
--2
.
1ee2
000.e
1e+
1e-
-
-
+
1.2.3
--2
+
.
++1
abc
-
abc
1e+
abc
--2
++1
1e-
abc
000.e
1ee2
.
-
e10
+
abc
0e
++1
0e
1e
1e-
--2
000.e
e10
--2
+
1.2.3
abc
1.2.3
1ee2
0e
1.2.3
1e+
+
1.2.3
+
+
1e+
0e
+
1e-
1.2.3
+
1ee2
1.2.3
--2
-
+
1.2.3
--2
abc
-
++1
1.2.3
1e
abc
1e+
--2
abc
1ee2
1e
e10
000.e
1e-
+
abc
1e+
000.e
+
1e-
1.2.3
-
1e+
1e
1e+
1e
0e
000.e
e10
.
1.2.3
.
1.2.3
1e-
0e
.
000.e
1e+
e10
-
+
--2
-
-
1.2.3
1e-
1e-
1e+
1ee2
1e+
--2
-
--2
1.2.3
e10
1e-
000.e
1ee2
1e
.
-
1ee2
0e
1e
abc
abc
1e-
+
1e-
e10
++1
-
abc
++1
1e+
-
1ee2
.
++1
-
0e
1e+
abc
1ee2
--2
1e+
0e
0e
+
.
.
.
1e-
+
1e
1e+
e10
1ee2
1e
+
abc
abc
1e-
1ee2
0e
1ee2
e10
-
1e-
abc
1e-
-
1ee2
.
++1
e10
--2
+
abc
abc
abc
++1
000.e
1.2.3
++1
+
000.e
.
1e
--2
+
+
000.e
-
-
1e
.
-
1e
1e
1ee2
+
000.e
--2
-
1e-
1e+
e10
--2
-
+
1.2.3
1e
1e-
-
1ee2
+
++1
--2
1e
abc
000.e
++1
++1
1.2.3
1ee2
1e
abc
.
+
+
1ee2
--2
abc
abc
1e-
--2
000.e
.
1ee2
--2
1e+
.
1e-
000.e
1e+
+
1.2.3
1e
-
e10
.
e10
1e
1e-
+
1e-
.
1.2.3
1e
1e+
+
000.e
--2
1e+
++1
.
abc
1e
-
1.2.3
0e
e10
000.e
1e+
1e
1.2.3
1.2.3
1.2.3
1ee2
--2
1e+
1e-
1ee2
+
1e
-
+
--2
1.2.3
++1
1e+
1.2.3
-
000.e
1e+
--2
++1
000.e
+
-
abc
e10
1.2.3
1e+
.
1e-
e10
000.e
abc
000.e
1e-
++1
1e-
++1
--2
1e-
.
e10
abc
+
1e
0e
1e-
1e
0e
1e
1e-
1e
1ee2
+
0e
0e
1e-
abc
1e
1e
000.e
++1
1.2.3
--2
1e+
1e+
1e-
1.2.3
1e-
.
0e
1e+
1ee2
000.e
1ee2
1ee2
1e-
e10
abc
e10
1e
1e-
++1
abc
0e
-
--2
++1
1e+
1e
1e+
++1
0e
--2
1e
+
1e+
++1
000.e
1.2.3
+
.
e10
1e
+
1.2.3
.
++1
--2
1e+
++1
1e
--2
--2
-
000.e
1.2.3
-
e10
--2
e10
.
0e
--2
1e
1e
e10
.
--2
e10
-
+
0e
++1
--2
++1
-
000.e
1.2.3
0e
1e
-
-
--2
1.2.3
1e-
0e
e10
000.e
1e
--2
.
.
1e-
-
--2
+
--2
1e-
abc
1e
++1
abc
--2
1e-
-
000.e
1.2.3
e10
.
1e-
1ee2
1.2.3
1.2.3
+
1.2.3
1.2.3
+
.
.
1e-
1ee2
1e-
e10
1ee2
-
1.2.3
+
1.2.3
1ee2
1e
000.e
e10
abc
+
.
1e
1e+
1ee2
1e
+
-
++1
1ee2
+
abc
abc
abc
1e+
1.2.3
--2
000.e
-
1e+
+
-
++1
1e
abc
.
++1
abc
+
e10
abc
+
1.2.3
000.e
abc
+
000.e
1e-
0e
0e
e10
--2
1.2.3
1ee2
0e
1e+
+
1ee2
+
--2
000.e
0e
abc
1e+
1e-
1.2.3
0e
-
1e-
1e-
1e+
1ee2
abc
e10
--2
0e
000.e
+
1e
.
.
1.2.3
.
+
e10
1ee2
--2
abc
e10
1e-
1e-
-
1ee2
-
abc
-
abc
-
1ee2
e10
1e-
abc
+
1e
0e
1e
000.e
.
.
e10
1e
++1
--2
1.2.3
1e
++1
1e+
000.e
abc
++1
1.2.3
1e+
000.e
1e+
0e
1e+
000.e
abc
.
+
abc
0e
1.2.3
1e+
000.e
1ee2
e10
1.2.3
1.2.3
.
.
--2
000.e
1e+
0e
1e-
1ee2
1e+
--2
1e
1e-
0e
1e-
1ee2
1e-
1ee2
1e
+
000.e
1e
000.e
++1
0e
1e+
-
000.e
abc
1.2.3
++1
--2
1.2.3
.
1e
0e
1e-
000.e
1.2.3
0e
--2
--2
-
.
--2
1.2.3
0e
1e+
1e-
abc
+
000.e
1ee2
1e-
1e
abc
-
0e
--2
1e
++1
1e-
1e-
0e
.
1e+
1e-
1ee2
e10
++1
1e
000.e
++1
+
000.e
++1
1e
--2
0e
1.2.3
000.e
abc
--2
1.2.3
1e
e10
1e-
1e+
.
e10
e10
-
1ee2
1ee2
e10
e10
e10
e10
++1
1e+
1ee2
--2
--2
.
1ee2
+
0e
++1
abc
1.2.3
abc
-
000.e
000.e
000.e
000.e
.
-
-
000.e
abc
1e+
1ee2
1e+
1.2.3
000.e
1e-
1e+
+
1e
1e-
0e
-
1e+
1e
++1
e10
.
1ee2
+
1ee2
0e
1e-
--2
1e+
-
000.e
1e
1ee2
000.e
e10
--2
1e+
.
1ee2
--2
e10
1ee2
-
1e+
1e
1ee2
1e-
1e+
--2
++1
--2
-
000.e
.
1ee2
1.2.3
++1
-
+
1e+
e10
000.e
1e-
1ee2
-
1ee2
1e-
e10
1e
.
1.2.3
-
++1
1.2.3
1e-
1e+
e10
0e
1.2.3
000.e
++1
e10
.
e10
1.2.3
1.2.3
++1
.
1e
e10
.
1ee2
1e+
000.e
--2
.
.
++1
.
1ee2
1ee2
-
000.e
000.e
-
e10
1e
000.e
-
++1
1ee2
+
.
++1
0e
000.e
-
-
.
1e-
--2
.
-
1e-
1.2.3
000.e
1e
-
.
abc
++1
++1
1e+
.
1e
1ee2
+
1.2.3
1.2.3
0e
1ee2
.
1.2.3
e10
+
1e
000.e
--2
+
1.2.3
e10
++1
+
1.2.3
--2
--2
0e
-
0e
+
1ee2
1ee2
1.2.3
1e
-
0e
+
++1
abc
--2
-
.
+
000.e
1e-
1ee2
e10
--2
000.e
++1
abc
e10
e10
1ee2
1e+
+
+
e10
abc
-
e10
.
1e
-
1e+
++1
1.2.3
000.e
000.e
000.e
abc
1e+
1ee2
--2
1e+
--2
+
--2
--2
1ee2
--2
e10
1e-
1e-
.
1e+
+
0e
1ee2
e10
--2
abc
1ee2
000.e
0e
1e
e10
1.2.3
1e+
-
1e+
0e
++1
0e
1e
e10
--2
-
1.2.3
abc
abc
+
--2
.
+
e10
0e
1e
000.e
.
+
--2
+
0e
1ee2
+
1e
0e
-
1.2.3
1ee2
abc
-
0e
1ee2
1e-
++1
+
000.e
-
0e
+
000.e
1e+
1e+
e10
1.2.3
e10
1.2.3
+
-
1e
++1
1ee2
-
0e
-
1e
++1
1ee2
1.2.3
1e-
abc
000.e
1.2.3
+
1ee2
1e-
1e+
000.e
1.2.3
abc
000.e
e10
1e
1e+
++1
abc
--2
e10
1ee2
1e
+
++1
1.2.3
++1
e10
-
000.e
1e
abc
000.e
1ee2
.
+
+
1.2.3
1e+
1ee2
1.2.3
abc
--2
1ee2
+
1e+
1e
+
e10
1e-
.
1.2.3
.
-
abc
++1
-
1ee2
abc
-
.
++1
1e
000.e
1e
1e
.
1.2.3
1e+
-
1e-
-
+
000.e
++1
+
1.2.3
-
000.e
abc
1e+
++1
1e+
-
000.e
+
000.e
1ee2
--2
+
1e-
-
.
1.2.3
-
e10
abc
e10
000.e
--2
1e-
1e
--2
1e
e10
0e
abc
-
++1
1e+
0e
1.2.3
1e-
-
1e-
1.2.3
1e+
1ee2
1e-
1e+
-
1e+
-
.
1ee2
.
-
+
-
0e
++1
1e
000.e
++1
1e-
0e
0e
-
1e-
0e
-
e10
abc
--2
e10
abc
.
1ee2
--2
000.e
0e
-
0e
e10
.
1e
1.2.3
000.e
+
-
--2
-
abc
0e
e10
++1
0e
1e-
0e
+
1e+
1e
0e
abc
e10
1.2.3
1e-
1ee2
1e+
-
1.2.3
.
abc
++1
abc
1e
1e
++1
000.e
abc
1.2.3
1ee2
e10
--2
1e+
+
++1
000.e
1e-
000.e
0e
1ee2
1e+
--2
++1
1e+
+
.
++1
1e
1e
--2
+
1e
.
-
++1
+
-
1e
--2
1.2.3
--2
.
-
e10
e10
1e-
+
++1
e10
abc
++1
0e
1e+
1e+
-
1e+
--2
+
1.2.3
e10
-
1e
--2
.
--2
0e
.
1e-
e10
+
abc
--2
1e
abc
.
1.2.3
abc
+
1e+
.
1e+
-
1e+
0e
+
-
000.e
e10
1e-
++1
.
1ee2
000.e
e10
-
1ee2
-
0e
--2
0e
000.e
1e
1e+
1e+
000.e
1ee2
1e
--2
.
--2
1e
1e+
1ee2
e10
1e-
e10
0e
1ee2
1.2.3
+
1e+
e10
+
1e+
1e+
abc
1e+
-
++1
+
-
0e
1.2.3
e10
e10
abc
.
++1
--2
1.2.3
1e+
++1
1.2.3
1.2.3
1e
.
e10
e10
1e+
-
-
1ee2
++1
--2
000.e
e10
1.2.3
--2
.
e10
++1
1e
0e
+
1e-
1ee2
.
000.e
abc
--2
1.2.3
-
1ee2
0e
000.e
+
.
-
++1
1.2.3
0e
1e
e10
0e
abc
+
1e-
1ee2
000.e
+
-
0e
1.2.3
+
1e-
1e
--2
1e-
++1
1ee2
0e
abc
.
1ee2
1e
1.2.3
+
0e
-
-
1e-
1e
0e
e10
--2
000.e
1ee2
1e-
--2
1.2.3
++1
--2
1e-
1e
0e
1e+
-
1e-
1.2.3
abc
0e
1e+
1e+
000.e
.
-
+
e10
-
.
1e-
+
1.2.3
0e
0e
1.2.3
+
++1
1.2.3
e10
-
--2
abc
1.2.3
1e
1e
0e
1e
--2
e10
++1
-
1ee2
-
+
000.e
.
1e+
1ee2
1e+
1ee2
++1
e10
abc
1e+
1e-
1e-
.
e10
+
1ee2
e10
0e
+
e10
abc
000.e
+
e10
1ee2
.
--2
1e+
0e
++1
+
1.2.3
.
000.e
1.2.3
.
000.e
.
000.e
.
++1
-
+
-
abc
1e-
++1
++1
.
1ee2
e10
1e
e10
.
1e-
1e
1e+
abc
000.e
000.e
1e
1e+
000.e
-
e10
1e-
1ee2
1e-
0e
0e
1e
.
--2
-
+
abc
.
++1
0e
e10
1e-
1.2.3
1e
-
1e+
1.2.3
++1
1ee2
1e
1e
.
1e-
1.2.3
e10
1e-
1e-
1ee2
.
1e-
e10
-
-
1e
+
1e+
0e
1e-
e10
1ee2
-
000.e
1e-
.
1ee2
--2
1.2.3
+
-
--2
.
1ee2
abc
000.e
--2
-
e10
1.2.3
--2
0e
1e-
1e+
abc
+
1ee2
++1
000.e
--2
e10
--2
1ee2
--2
1e
1e+
1.2.3
--2
.
.
1.2.3
1e+
000.e
1e
1.2.3
.
++1
abc
0e
1e-
1e-
1e-
++1
1ee2
-
1e+
e10
1.2.3
1ee2
abc
1.2.3
000.e
e10
e10
1e+
1ee2
++1
0e
000.e
-
1e
1ee2
abc
--2
0e
e10
1e-
1.2.3
e10
1.2.3
1.2.3
--2
++1
abc
+
--2
0e
1e-
1e+
0e
abc
+
1.2.3
1e+
1e+
-
+
++1
+
--2
1ee2
++1
+
1e
000.e
1e-
0e
1.2.3
+
1e
1e+
1e+
1e-
1e
000.e
0e
1e-
-
0e
1ee2
-
1.2.3
0e
++1
-
+
1e
--2
1ee2
-
1e-
abc
.
1.2.3
-
-
.
-
abc
1e-
1e+
1e
0e
.
1ee2
0e
1e+
e10
++1
000.e
-
1e
+
1ee2
-
1e
++1
1e+
abc
000.e
.
+
1e
e10
000.e
0e
1.2.3
1e
1.2.3
0e
+
1e-
1.2.3
.
1e+
.
--2
.
.
e10
1ee2
1ee2
1e
e10
abc
1e
e10
1.2.3
abc
1e
000.e
+
1.2.3
abc
.
--2
1e
++1
1ee2
1e
0e
++1
1ee2
1e
000.e
-
1ee2
0e
1e+
+
++1
1e+
1ee2
1ee2
abc
e10
1ee2
.
abc
--2
-
1e+
e10
++1
1e-
0e
-
1ee2
000.e
1.2.3
.
--2
-
1e+
--2
.
--2
-
0e
+
1e
1e-
1.2.3
abc
1ee2
-
1e+
+
+
000.e
.
e10
.
abc
+
1.2.3
000.e
000.e
1e-
++1
1.2.3
--2
abc
-
--2
1e-
-
0e
+
1e-
000.e
abc
1ee2
-
1e
1e
1.2.3
000.e
abc
-
1e+
+
.
1ee2
++1
--2
++1
+
000.e
--2
--2
--2
1e+
1e+
--2
e10
1ee2
1ee2
1e+
000.e
0e
++1
1e+
++1
1.2.3
++1
1e-
1.2.3
++1
+
1ee2
e10
1e-
000.e
1e+
1ee2
1e
.
1ee2
1e-
-
++1
.
--2
--2
-
-
abc
1e
-
abc
-
-
1e+
.
1ee2
1.2.3
000.e
++1
-
.
.
1e+
0e
0e
1e-
1e
1.2.3
1.2.3
1ee2
--2
1ee2
++1
abc
0e
+
--2
1ee2
abc
.
e10
1e-
1e+
1ee2
0e
1e
1e
+
1e
e10
abc
1e
1ee2
-
e10
e10
e10
--2
++1
1ee2
++1
+
.
-
1e
1e-
e10
1e-
e10
e10
1e-
000.e
1e-
++1
abc
-
1e+
0e
+
1e-
1ee2
1ee2
.
1.2.3
--2
--2
e10
e10
1e
1.2.3
.
1ee2
.
1e
+
-
1.2.3
0e
e10
1ee2
1.2.3
1e+
e10
.
1.2.3
1e-
1e
abc
1ee2
--2
abc
-
1e+
e10
1.2.3
000.e
1e+
1e-
1e
1ee2
1e+
.
1.2.3
1e+
0e
1ee2
0e
++1
1e
1e
1ee2
-
+
1e+
--2
1.2.3
0e
1ee2
000.e
+
+
1e
1e
1e
++1
++1
.
1.2.3
1ee2
-
abc
1ee2
+
000.e
e10
abc
+
1e-
++1
.
1ee2
abc
abc
.
1ee2
-
1e+
abc
1e
.
abc
--2
e10
-
-
.
abc
-
--2
.
.
e10
1.2.3
1.2.3
--2
0e
-
000.e
++1
1ee2
0e
1.2.3
1e-
-
1e
+
.
1e+
+
1.2.3
0e
+
1e+
abc
1e
1.2.3
-
.
1e
-
1e+
-
0e
000.e
1e+
1ee2
+
1e-
--2
0e
1ee2
1e+
1.2.3
0e
1e-
+
--2
1e-
abc
1e+
1ee2
1.2.3
1e+
1e
1e+
--2
1e
e10
+
1ee2
e10
1.2.3
1e+
--2
1ee2
1e
000.e
1e-
-
e10
1ee2
1ee2
1e-
+
-
.
0e
-
abc
1e-
1ee2
-
1e+
+
--2
abc
++1
.
1.2.3
1e-
1e-
1.2.3
++1
1e+
1ee2
1e
1e
+
abc
-
1ee2
1ee2
+
abc
e10
-
1e
++1
000.e
1e-
abc
1e
000.e
1ee2
000.e
1e-
-
1.2.3
-
0e
-
+
+
1ee2
1.2.3
1.2.3
000.e
++1
+
0e
-
-
.
000.e
--2
+
000.e
000.e
+
1e-
1e-
+
1e+
000.e
0e
1ee2
--2
e10
0e
1e-
.
++1
abc
e10
0e
++1
++1
e10
1e-
e10
1e
000.e
1ee2
000.e
000.e
--2
1e-
1e-
.
0e
-
.
-
1ee2
1.2.3
+
1e+
++1
.
--2
1e-
1.2.3
e10
e10
1e+
e10
1.2.3
+
abc
+
abc
1.2.3
++1
1ee2
abc
+
000.e
1ee2
1e-
1e+
000.e
1e
+
-
0e
0e
.
1ee2
--2
1e
+
1.2.3
e10
-
--2
1e
-
e10
--2
e10
abc
abc
1ee2
++1
1.2.3
1ee2
+
abc
1e+
-
++1
1e+
1e+
1ee2
++1
1ee2
0e
1ee2
1e-
++1
.
1e+
1e+
.
-
e10
-
e10
1e
.
-
1.2.3
--2
000.e
e10
.
--2
++1
--2
1.2.3
1e-
1e
abc
1e-
0e
1.2.3
000.e
-
+
+
++1
1e-
1ee2
.
1ee2
--2
000.e
1e+
.
1.2.3
1e-
1ee2
.
--2
000.e
0e
.
abc
1e+
e10
abc
1e+
1e
1e
000.e
1.2.3
1e+
++1
abc
.
1e
000.e
000.e
0e
0e
1e+
-
+
1e-
0e
1e-
abc
+
1e
e10
1ee2
--2
0e
0e
--2
-
0e
abc
abc
e10
1ee2
0e
-
1e-
.
0e
1ee2
1e-
abc
1.2.3
1e+
1.2.3
-
+
1ee2
--2
.
abc
1e
1e
1e+
++1
--2
++1
++1
+
++1
1.2.3
++1
1e-
-
-
1ee2
+
+
1e
1.2.3
+
1e-
1e
1ee2
0e
1ee2
++1
e10
abc
--2
abc
++1
+
-
--2
abc
1ee2
-
.
-
0e
e10
++1
++1
--2
1.2.3
++1
000.e
++1
++1
abc
1e-
e10
+
e10
+
e10
--2
+
.
1e
000.e
--2
++1
1e
-
.
+
1ee2
--2
1e
0e
1e
1e+
++1
0e
--2
1ee2
e10
.
--2
+
++1
1ee2
1e-
+
1e+
e10
1.2.3
--2
.
abc
abc
abc
1e+
1e-
1.2.3
1.2.3
1e+
-
1e+
1.2.3
++1
+
-
-
--2
1e
++1
++1
1e-
e10
000.e
.
1e+
000.e
+
1e
+
++1
e10
-
1e
1.2.3
1e-
1e-
.
e10
abc
0e
+
+
1e
-
1ee2
e10
1.2.3
-
0e
1e+
1ee2
1e+
0e
0e
000.e
1ee2
++1
1ee2
1e
++1
-
++1
++1
1ee2
-
.
000.e
e10
-
1e-
-
1e+
0e
abc
1e+
+
-
000.e
.
abc
000.e
.
+
.
1e-
+
1.2.3
--2
1.2.3
e10
abc
--2
-
1e+
1.2.3
.
1e-
.
1e-
abc
1e-
--2
1.2.3
+
++1
0e
1ee2
1.2.3
e10
--2
1.2.3
1e
1e+
1ee2
e10
++1
.
--2
0e
1e-
e10
1e+
+
1.2.3
.
1e
e10
1e-
1ee2
e10
abc
.
000.e
--2
1e+
1.2.3
e10
--2
1.2.3
-
1e-
+
1e+
1e
+
abc
--2
abc
.
++1
.
abc
-
+
1e+
1e+
1e-
1e
abc
1e+
000.e
1e
--2
1ee2
1e
1e-
++1
1e
abc
abc
.
.
--2
-
--2
+
0e
--2
1e
1e+
e10
+
1e
0e
1.2.3
--2
000.e
e10
++1
-
.
+
e10
1e+
1.2.3
++1
+
.
++1
e10
--2
-
1.2.3
000.e
1e+
.
1.2.3
1.2.3
1e-
-
1.2.3
0e
1e
1e-
1e
-
++1
0e
0e
.
++1
+
0e
abc
000.e
0e
e10
1e+
1.2.3
e10
1ee2
000.e
++1
1.2.3
0e
--2
1e
++1
1e
+
abc
000.e
+
1e-
1ee2
--2
e10
++1
000.e
--2
1e
e10
e10
1.2.3
1e+
++1
e10
-
1.2.3
1.2.3
++1
-
1e-
1ee2
++1
abc
1e+
++1
0e
0e
1ee2
abc
1ee2
+
-
--2
+
abc
1e
1.2.3
1e
-
+
--2
1e
e10
1.2.3
++1
-
000.e
+
1ee2
0e
0e
1e
1.2.3
1e
e10
+
1e+
-
--2
1e+
0e
1e+
0e
abc
-
0e
-
.
--2
e10
--2
1.2.3
1e-
--2
abc
1e+
1e
e10
1e
+
000.e
1e+
e10
+
--2
++1
abc
.
-
0e
1e-
1ee2
1ee2
1ee2
1e
1e
0e
1.2.3
1e+
0e
--2
1.2.3
--2
-
1e
e10
1ee2
0e
0e
1ee2
1e+
000.e
000.e
-
.
1e+
000.e
1e+
1ee2
1e
.
000.e
++1
1e-
1e+
000.e
1e+
0e
1e
1e+
1e
1e-
1.2.3
e10
000.e
++1
000.e
000.e
1e+
000.e
1.2.3
1e-
--2
1e-
++1
000.e
--2
1e-
1e
1e
000.e
1e
0e
1e+
abc
1e
.
e10
000.e
1.2.3
--2
++1
1.2.3
--2
1e+
0e
e10
e10
1e-
1e-
1ee2
abc
1.2.3
.
1.2.3
--2
1e+
abc
.
1e
-
e10
abc
1.2.3
e10
--2
e10
.
--2
1e
0e
000.e
1e-
1ee2
000.e
++1
1e+
1e
1e
1ee2
.
++1
-
-
0e
1.2.3
000.e
000.e
000.e
1e+
++1
.
000.e
1e-
e10
-
--2
-
abc
.
e10
1e
+
1.2.3
1e
0e
000.e
+
1e
1e
0e
e10
1e
++1
-
0e
000.e
1.2.3
1.2.3
-
++1
++1
1e
-
+
1e-
-
1e
1e
000.e
1.2.3
++1
.
1e-
1ee2
1e
++1
1.2.3
--2
++1
1e-
--2
0e
000.e
1ee2
1e-
1e-
-
e10
--2
1ee2
.
000.e
++1
1e-
-
++1
-
1e+
0e
1e-
--2
abc
0e
0e
0e
-
1e
--2
e10
1e+
--2
000.e
-
1e+
abc
1.2.3
--2
1e-
1e-
1.2.3
++1
-
--2
0e
e10
1e
0e
abc
000.e
1.2.3
1e+
-
++1
1ee2
000.e
0e
abc
.
+
1e-
e10
abc
1.2.3
++1
1ee2
000.e
++1
+
1e+
000.e
1e
1ee2
1e+
000.e
--2
1ee2
1e
1.2.3
000.e
1e
0e
0e
1ee2
1e+
++1
1e
e10
abc
--2
--2
-
++1
-
000.e
+
++1
1e+
1.2.3
1.2.3
-
0e
e10
-
000.e
-
-
1e-
000.e
abc
--2
000.e
1e-
1e
1ee2
1e
1e-
++1
.
1e-
abc
000.e
1ee2
e10
e10
--2
--2
1ee2
++1
0e
1e-
+
0e
--2
1e+
e10
abc
+
++1
000.e
1e-
+
.
1ee2
e10
1ee2
1e
-
e10
0e
1e-
-
++1
1e+
1ee2
1ee2
1e-
1e-
abc
+
abc
000.e
+
1e-
1.2.3
++1
1e+
0e
+
1e
e10
1.2.3
0e
1e
1e-
1.2.3
1e-
abc
000.e
.
-
.
000.e
.
--2
1e
+
e10
1e+
000.e
1e-
-
0e
1ee2
++1
000.e
1e
abc
1ee2
1e-
+
1.2.3
++1
abc
--2
1.2.3
1ee2
1ee2
1ee2
-
1ee2
--2
1e+
000.e
++1
abc
e10
1ee2
1ee2
.
1e-
--2
1e+
-
.
1e
1e-
.
-
-
--2
abc
-
+
abc
1e+
1e+
1.2.3
1.2.3
1ee2
e10
1e+
.
1e+
e10
abc
-
e10
e10
1ee2
.
1ee2
abc
+
.
000.e
0e
1.2.3
e10
1e+
0e
abc
+
e10
.
1ee2
1e
abc
1ee2
e10
+
1ee2
-
0e
000.e
1ee2
1ee2
1e-
1e-
abc
1ee2
+
1e+
000.e
0e
1e+
abc
++1
1.2.3
1e-
abc
1e+
.
abc
1.2.3
1e
1e
1e
--2
1.2.3
1e+
1.2.3
1e-
abc
1ee2
1e-
1e-
+
--2
1ee2
abc
1e
1.2.3
+
+
-
1.2.3
1e-
1.2.3
000.e
0e
.
abc
0e
-
1.2.3
-
+
.
--2
--2
+
0e
1e-
-
1ee2
1e
1ee2
000.e
abc
1e-
0e
+
+
abc
1ee2
1ee2
1e
0e
e10
000.e
e10
.
++1
-
++1
000.e
1e+
--2
1e-
000.e
1e+
-
++1
0e
0e
1e+
1e-
--2
000.e
+
1ee2
-
abc
++1
++1
1.2.3
1e
1e
0e
-
abc
1.2.3
1e
1e-
-
++1
1e
+
1e
++1
.
-
+
-
abc
1e
000.e
1.2.3
1.2.3
1e-
000.e
+
1.2.3
++1
abc
-
0e
0e
0e
0e
000.e
000.e
-
abc
e10
++1
000.e
e10
++1
1ee2
+
+
++1
1e-
++1
1.2.3
.
++1
1e-
.
++1
000.e
1e-
e10
++1
000.e
.
1e-
e10
1ee2
0e
abc
-
++1
++1
0e
-
abc
abc
++1
1e
1e-
-
0e
abc
++1
1e
0e
++1
1.2.3
++1
abc
1.2.3
abc
abc
1e-
++1
e10
--2
1ee2
abc
+
e10
++1
1e
.
1.2.3
1e-
+
1.2.3
abc
--2
+
e10
1e
+
1e+
--2
.
1e+
e10
--2
1e-
1e+
000.e
1e
0e
1e+
1e+
1e+
1ee2
1ee2
-
-
.
1.2.3
++1
abc
1.2.3
1e
1e-
e10
++1
abc
e10
1e-
--2
.
--2
000.e
e10
abc
1e-
abc
000.e
-
abc
000.e
1e-
1ee2
1e
1e+
1e+
1e-
0e
1e
-
1ee2
000.e
e10
1ee2
1.2.3
+
--2
.
abc
1.2.3
++1
-
-
abc
--2
1e
1e+
.
0e
--2
e10
1e+
--2
0e
.
.
abc
1e-
1.2.3
-
abc
1e
abc
++1
.
1e-
1.2.3
abc
000.e
1e
1.2.3
+
000.e
1.2.3
e10
-
-
e10
0e
1e+
abc
1e+
1e+
0e
1e
++1
.
1e+
++1
--2
1.2.3
-
.
+
0e
.
1e
1.2.3
1.2.3
1e-
.
++1
--2
--2
0e
1e-
1e
--2
1e-
1e-
1.2.3
-
abc
1ee2
1ee2
+
-
1ee2
1e+
--2
.
abc
.
+
1e-
1.2.3
0e
+
++1
.
1e-
000.e
1.2.3
1ee2
1e+
++1
1ee2
++1
000.e
abc
.
+
--2
abc
.
0e
-
e10
abc
++1
1e+
-
000.e
1.2.3
abc
1.2.3
1e
abc
.
000.e
1.2.3
1e
1e-
.
e10
1e+
.
abc
-
1ee2
.
1e
1e+
000.e
1ee2
abc
-
1e
000.e
1.2.3
000.e
abc
abc
abc
-
abc
1ee2
-
abc
+
+
1ee2
1.2.3
0e
e10
0e
e10
000.e
1.2.3
0e
abc
1e-
1e+
.
1.2.3
.
e10
000.e
1ee2
1e-
e10
++1
0e
1e+
e10
1.2.3
000.e
0e
1ee2
0e
.
.
--2
++1
0e
000.e
0e
000.e
--2
0e
1.2.3
.
abc
.
abc
1e
e10
1.2.3
1e-
e10
1e
+
1e-
+
1e+
--2
1e
1e+
1ee2
000.e
abc
e10
1.2.3
1ee2
1.2.3
e10
-
-
1e-
1e-
1e+
1e-
e10
e10
1e
000.e
-
1ee2
--2
--2
1e-
1e+
000.e
1e
.
e10
++1
abc
1e-
e10
abc
1.2.3
e10
+
-
1e+
.
1e-
--2
1.2.3
-
++1
abc
1ee2
--2
000.e
-
e10
e10
-
1e+
e10
e10
--2
1.2.3
abc
000.e
000.e
0e
1e
1e+
e10
1e
++1
1.2.3
-
1e
abc
++1
1e
--2
--2
.
1e-
--2
e10
e10
1e+
.
1e-
-
e10
1ee2
+
.
1e+
1ee2
.
e10
.
1e-
1ee2
++1
0e
1ee2
1e
1e+
1.2.3
000.e
+
.
1e
e10
abc
000.e
++1
+
+
1e
.
++1
1e+
1.2.3
1e-
1e-
.
1.2.3
1e-
000.e
.
0e
0e
1.2.3
1.2.3
++1
abc
1e+
000.e
1ee2
0e
1ee2
--2
1e+
--2
-
1e+
--2
1e+
000.e
e10
++1
1.2.3
+
1e+
abc
1ee2
1.2.3
e10
000.e
1ee2
++1
1e
e10
1ee2
0e
000.e
1e+
-
--2
000.e
000.e
--2
+
1e-
1e+
1e+
1e-
e10
1e-
1e
1ee2
++1
000.e
1ee2
1ee2
e10
1.2.3
1.2.3
000.e
1ee2
e10
000.e
1.2.3
0e
1e
1e+
--2
--2
1e
1e+
e10
--2
1ee2
1e
1e
+
++1
++1
000.e
1e-
e10
+
-
0e
1e-
-
1.2.3
000.e
--2
++1
1ee2
+
-
++1
1.2.3
abc
000.e
--2
0e
++1
1e+
1.2.3
1ee2
+
1.2.3
e10
.
-
000.e
--2
0e
1e
++1
1e
000.e
.
++1
e10
++1
++1
0e
--2
--2
1e
+
abc
e10
1ee2
1ee2
-
1e-
1ee2
abc
--2
e10
000.e
1e-
1e-
0e
000.e
0e
--2
1e-
1.2.3
0e
+
-
++1
1e+
000.e
1e-
1.2.3
1e-
--2
e10
1e+
0e
1e
1ee2
e10
abc
1.2.3
++1
abc
1e
0e
1.2.3
++1
++1
1e-
--2
e10
+
000.e
1e+
++1
+
e10
.
abc
-
1ee2
-
1e+
0e
-
1e+
1e-
1ee2
+
1ee2
.
++1
--2
.
-
000.e
.
.
0e
1e-
--2
+
+
--2
1e+
abc
1e+
.
1.2.3
000.e
000.e
1.2.3
0e
1e+
.
1e-
abc
+
abc
-
1e-
-
0e
.
1e+
1e+
1.2.3
e10
++1
abc
1e
abc
000.e
.
1.2.3
-
+
-
+
++1
.
1e
--2
1.2.3
000.e
-
.
abc
abc
abc
+
1e-
--2
000.e
1e-
1e-
1ee2
--2
1e
000.e
0e
1e+
1.2.3
1e-
1e
++1
0e
abc
0e
-
-
--2
--2
.
1ee2
1ee2
0e
000.e
++1
1e
1e
000.e
e10
0e
1e+
1ee2
000.e
--2
1e
0e
1e
--2
--2
1e+
--2
+
.
1ee2
1.2.3
1e+
1.2.3
0e
--2
0e
1e-
1e-
1ee2
e10
1e-
e10
000.e
0e
.
1.2.3
--2
--2
+
000.e
1.2.3
++1
abc
abc
1e+
-
e10
-
1.2.3
0e
--2
e10
--2
++1
++1
-
+
1e+
000.e
e10
1e+
1e-
+
000.e
000.e
1.2.3
-
1e+
000.e
abc
++1
.
1e+
--2
1.2.3
.
abc
000.e
abc
.
abc
1e
abc
0e
e10
0e
+
+
1.2.3
1.2.3
--2
0e
+
0e
--2
000.e
-
+
.
+
.
+
-
1ee2
.
1ee2
--2
--2
.
1e-
1e+
+
1e+
-
1.2.3
0e
e10
-
+
e10
1.2.3
++1
000.e
++1
000.e
-
1e
1e-
abc
e10
1e
000.e
1e+
1e-
e10
++1
000.e
000.e
1ee2
++1
-
.
1e-
+
++1
1ee2
abc
abc
1e-
--2
000.e
++1
0e
0e
.
e10
e10
.
-
000.e
000.e
+
+
+
0e
000.e
abc
1e+
e10
1ee2
1e+
1e-
--2
+
1e
000.e
000.e
1ee2
+
abc
000.e
1.2.3
1.2.3
1e-
1e
--2
--2
1e
1.2.3
-
--2
1.2.3
000.e
++1
1e
1ee2
1e-
--2
0e
1e
000.e
.
abc
e10
++1
--2
e10
1e
++1
1.2.3
+
000.e
1ee2
--2
1e+
--2
0e
++1
0e
abc
-
1ee2
.
++1
++1
1e-
0e
++1
1e-
e10
.
--2
0e
000.e
000.e
1e-
1.2.3
1e
.
++1
0e
.
000.e
0e
++1
0e
++1
abc
.
.
1ee2
000.e
+
-
-
++1
.
1e
++1
1e+
1ee2
++1
1ee2
000.e
-
000.e
.
-
000.e
0e
e10
1e
abc
-
+
e10
e10
1.2.3
1.2.3
-
0e
++1
--2
+
-
--2
000.e
1ee2
--2
+
1ee2
0e
.
1ee2
.
+
1e
-
000.e
+
0e
-
0e
abc
--2
--2
+
000.e
++1
1ee2
000.e
0e
1e+
abc
-
-
1ee2
1ee2
000.e
++1
abc
.
000.e
1e+
0e
.
++1
++1
e10
--2
--2
1ee2
abc
1ee2
e10
1e-
1e-
abc
++1
abc
++1
++1
1e-
-
.
abc
000.e
1e
abc
abc
+
1ee2
--2
abc
0e
--2
-
--2
abc
-
0e
1e-
1ee2
0e
000.e
1ee2
000.e
e10
abc
abc
-
-
++1
.
-
1e+
1ee2
+
0e
1.2.3
0e
abc
000.e
++1
1ee2
-
+
1ee2
1e-
++1
--2
1e+
abc
000.e
+
abc
000.e
1e
1.2.3
abc
1ee2
1.2.3
-
-
++1
0e
e10
.
1e
1e
abc
1ee2
1.2.3
-
e10
1.2.3
0e
--2
.
1e
1ee2
--2
abc
000.e
1.2.3
000.e
.
e10
1e
++1
e10
000.e
1.2.3
1e-
0e
1e-
1e
0e
-
+
++1
++1
1.2.3
-
--2
abc
++1
e10
++1
000.e
1ee2
1e+
e10
1ee2
--2
-
-
--2
1ee2
-
000.e
1ee2
1ee2
++1
000.e
1e-
-
.
0e
+
--2
++1
e10
++1
1e+
1e+
1e+
1ee2
1e+
1e
++1
1e-
abc
1e+
1.2.3
0e
000.e
0e
1e
0e
.
.
abc
1e+
abc
.
1e-
-
1e+
1e
e10
-
abc
.
1.2.3
e10
1e
0e
1.2.3
+
0e
000.e
e10
.
1e
--2
-
--2
1e-
-
+
abc
.
.
e10
1e-
-
e10
000.e
1e
-
1.2.3
-
1ee2
1e
--2
+
--2
++1
abc
1e+
1.2.3
e10
+
e10
1e+
1e
e10
0e
1ee2
1e+
1e+
e10
++1
0e
1e-
abc
1e+
+
1.2.3
1.2.3
1e
000.e
++1
e10
1.2.3
1e+
--2
0e
1e
e10
.
1.2.3
++1
--2
0e
-
-
1e+
1e-
+
1.2.3
0e
1ee2
1e-
1.2.3
-
+
.
.
abc
-
000.e
1.2.3
1e-
+
0e
.
e10
--2
0e
000.e
1.2.3
1e+
1e-
1ee2
0e
--2
-
++1
e10
1e
--2
--2
e10
abc
+
++1
1e
1e+
0e
1ee2
+
0e
1.2.3
1e-
--2
--2
1e
1e
abc
000.e
1e
-
1e-
0e
--2
1e
.
0e
0e
1ee2
--2
1e-
--2
0e
000.e
1.2.3
1e+
.
abc
e10
1e
000.e
1.2.3
.
abc
1.2.3
e10
1e-
abc
-
++1
++1
--2
.
000.e
+
e10
e10
--2
1ee2
e10
+
-
e10
000.e
.
000.e
1e+
-
abc
+
1.2.3
e10
0e
+
+
-
000.e
e10
1e
1.2.3
0e
1.2.3
e10
1e
000.e
++1
--2
1e-
+
1e-
abc
+
.
++1
+
+
abc
abc
1e-
-
.
abc
1.2.3
.
1.2.3
++1
--2
1.2.3
1e+
+
-
-
1.2.3
e10
--2
abc
-
.
e10
1.2.3
-
0e
1ee2
1e+
abc
++1
--2
e10
e10
--2
--2
1.2.3
+
1e+
+
1e+
++1
-
+
1.2.3
1e
abc
+
.
1.2.3
1e
1.2.3
-
++1
--2
1e-
e10
1e
-
1e-
--2
-
0e
e10
abc
000.e
1e+
.
e10
1ee2
-
-
1e+
+
+
abc
1ee2
1e
000.e
1ee2
1e
++1
++1
1.2.3
+
--2
1e+
1e+
000.e
--2
1e+
--2
1e
1.2.3
+
+
abc
-
++1
--2
++1
1e
+
--2
abc
1e
1e-
abc
1e-
1e-
1e+
--2
1ee2
1.2.3
1e+
1e
++1
1e
1e-
e10
1e+
-
e10
+
1e+
1e
1e+
abc
.
-
1e
abc
1ee2
1e
1e+
1e
.
e10
abc
-
++1
+
1e-
1e-
000.e
1e
abc
.
abc
1.2.3
.
e10
1ee2
abc
.
--2
1e+
1e+
-
+
-
0e
1ee2
000.e
1.2.3
+
000.e
000.e
1e
1ee2
1e+
e10
e10
-
1ee2
000.e
1ee2
+
-
++1
++1
e10
0e
+
e10
1ee2
--2
-
1e-
abc
1.2.3
+
1e+
-
+
1.2.3
1e+
1ee2
1.2.3
.
1e+
e10
1ee2
+
e10
+
++1
+
1e
1.2.3
e10
1.2.3
abc
000.e
000.e
-
1ee2
abc
-
e10
-
1ee2
1e+
1.2.3
1e+
1e
e10
.
1ee2
1ee2
--2
abc
+
--2
1ee2
1ee2
++1
000.e
1ee2
+
1e-
1ee2
.
1.2.3
1e
1e
+
000.e
e10
+
++1
++1
0e
--2
1e+
1.2.3
-
1e+
1e+
--2
+
++1
1e-
e10
-
1e+
0e
000.e
1e+
--2
000.e
1.2.3
-
0e
1e-
1.2.3
1e+
++1
1e+
1e
--2
1e
--2
1e+
1e
+
+
abc
1e
1e
1e-
++1
.
e10
1.2.3
1e+
e10
e10
abc
-
1e
000.e
++1
1e-
+
-
--2
0e
1e+
abc
abc
--2
1.2.3
.
++1
000.e
1e
.
.
1ee2
000.e
1ee2
abc
+
1e+
+
1.2.3
e10
1e+
1e+
1.2.3
.
000.e
0e
1ee2
1e
+
.
+
1e+
000.e
1.2.3
1ee2
1ee2
e10
1.2.3
-
000.e
1e+
-
++1
1e-
abc
+
1e+
1e
++1
0e
++1
e10
-
--2
1e+
abc
1e-
++1
1ee2
++1
abc
1e+
abc
e10
000.e
1ee2
e10
++1
1e-
000.e
0e
+
.
-
--2
-
-
-
0e
1e
1.2.3
1e+
abc
.
1ee2
--2
0e
1e+
1e+
1.2.3
-
--2
+
--2
1e+
--2
e10
1e
1e
e10
1e-
0e
-
1e
1e-
000.e
1ee2
+
--2
1e-
+
0e
1ee2
0e
.
+
1e-
1e-
-
.
1e-
.
1.2.3
++1
--2
.
1e-
-
abc
+
+
1e+
000.e
1e+
-
.
1e-
000.e
++1
0e
abc
.
1e-
1e-
000.e
+
-
000.e
1ee2
1e+
1e+
e10
0e
1e-
abc
.
--2
1e
1.2.3
.
1ee2
.
000.e
0e
--2
000.e
1e
.
e10
1ee2
0e
.
1ee2
0e
1e-
000.e
1e+
1e-
--2
.
+
.
1e-
1e+
1e
+
.
e10
.
abc
1e
+
1ee2
.
e10
1.2.3
1e+
abc
+
+
000.e
000.e
abc
--2
+
1e-
+
e10
0e
1ee2
000.e
1.2.3
1e-
.
--2
1e
1ee2
-
1.2.3
--2
.
1e
abc
e10
--2
--2
--2
0e
1.2.3
++1
++1
1.2.3
1e+
-
1e
1e-
1e-
000.e
0e
abc
1e-
e10
000.e
000.e
000.e
1.2.3
--2
1e-
abc
1e+
1.2.3
1e+
e10
-
abc
000.e
--2
.
-
1ee2
+
+
++1
abc
--2
+
-
--2
e10
++1
e10
1ee2
abc
abc
abc
000.e
--2
1e
e10
1e+
e10
1e+
1.2.3
e10
1e+
--2
-
++1
--2
--2
0e
+
1e-
abc
1ee2
++1
1e+
000.e
e10
-
+
0e
-
abc
1e
--2
1ee2
1ee2
1e
--2
1ee2
1e-
abc
1e+
000.e
.
+
++1
-
1e+
1ee2
--2
+
--2
0e
--2
1e+
000.e
1ee2
e10
000.e
1e-
.
e10
000.e
abc
0e
-
++1
1e+
.
e10
1e
-
++1
1e
1e+
abc
abc
++1
1ee2
e10
++1
-
1e+
+
1e+
abc
abc
e10
1e-
.
.
abc
abc
abc
0e
000.e
-
e10
-
000.e
1ee2
+
000.e
+
1e-
-
e10
1e
--2
-
e10
1ee2
1e
--2
1e+
1e
1e+
+
0e
1e
1e-
1e+
1e
1e
++1
++1
.
1.2.3
.
e10
1ee2
.
1e
.
1e
1e
++1
1e+
1e-
--2
1.2.3
1ee2
000.e
e10
.
+
++1
0e
1e-
000.e
1ee2
1.2.3
e10
1ee2
1ee2
1e
abc
1.2.3
--2
1e
1e-
--2
000.e
1e+
abc
abc
000.e
abc
000.e
+
+
++1
1e+
0e
+
1e+
--2
0e
000.e
1e
1.2.3
1e-
1ee2
1ee2
000.e
1e
--2
0e
000.e
000.e
abc
1e-
.
e10
000.e
--2
.
000.e
000.e
1.2.3
++1
+
1.2.3
-
1e-
1e
e10
--2
1e-
.
.
abc
+
--2
++1
.
+
0e
1ee2
++1
1e+
.
e10
1.2.3
1e+
e10
0e
abc
++1
1ee2
0e
1e-
++1
e10
+
0e
1e-
000.e
1.2.3
1e+
1ee2
1e
1e+
+
-
1e-
000.e
1ee2
1e-
-
0e
e10
-
--2
.
.
++1
0e
0e
1.2.3
1e
000.e
000.e
--2
1.2.3
.
1e-
1.2.3
1e+
1e
.
e10
.
.
000.e
1ee2
--2
++1
1e-
-
++1
-
1.2.3
-
000.e
-
++1
abc
abc
abc
1ee2
-
0e
-
.
000.e
--2
--2
--2
-
abc
.
1.2.3
abc
abc
0e
1e+
++1
-
1e+
0e
1e
abc
1e+
1e
000.e
1ee2
1e-
e10
e10
e10
1ee2
1e-
0e
1e
1e+
000.e
e10
-
+
000.e
+
1.2.3
1e-
1e
++1
1.2.3
1.2.3
abc
1e-
0e
abc
-
+
+
1e-
1ee2
.
0e
000.e
1.2.3
abc
abc
abc
1ee2
abc
1e-
1e-
++1
.
1e+
1ee2
1.2.3
1e+
+
--2
000.e
1e+
1ee2
++1
+
++1
+
+
--2
.
+
abc
1e+
000.e
+
1e+
+
abc
++1
1e-
1e+
+
+
0e
abc
1.2.3
1e+
++1
1e-
0e
-
.
e10
+
abc
1.2.3
--2
1ee2
abc
1e
+
.
1ee2
e10
++1
--2
e10
1e+
+
000.e
e10
1.2.3
e10
e10
.
-
1ee2
1e
abc
1e
1.2.3
1e
e10
-
+
0e
e10
1.2.3
000.e
1.2.3
abc
0e
+
1e+
1e+
1.2.3
0e
abc
1e+
0e
000.e
--2
0e
e10
1e-
-
0e
e10
+
--2
--2
1e-
++1
++1
000.e
--2
1e+
000.e
--2
1e+
000.e
+
-
1.2.3
-
--2
1.2.3
+
1e-
1e
.
e10
e10
.
+
1.2.3
1e-
0e
1ee2
++1
1e+
1.2.3
1ee2
e10
1e+
abc
-
-
000.e
0e
++1
1e
0e
1e
1ee2
-
000.e
1e+
--2
000.e
1e
0e
e10
-
1ee2
+
-
1.2.3
1ee2
1e+
1e
.
1e+
abc
-
1.2.3
1e-
1ee2
1ee2
1e-
0e
--2
--2
e10
e10
e10
1e+
0e
000.e
+
-
-
1e
0e
1e+
0e
0e
1.2.3
1e+
1e
--2
e10
000.e
--2
1ee2
1e
1.2.3
+
1e
1.2.3
--2
1e
-
--2
--2
+
e10
1e-
000.e
1e
1e+
1.2.3
abc
--2
1e
.
abc
1e
+
1e-
.
0e
1.2.3
1e+
1.2.3
1ee2
0e
e10
1.2.3
000.e
1e-
1.2.3
++1
1ee2
1.2.3
+
+
--2
-
1e
.
1e-
0e
1.2.3
++1
+
1e+
--2
-
1ee2
1e
1ee2
+
0e
--2
e10
+
1e-
e10
000.e
1e
-
000.e
000.e
+
++1
1.2.3
++1
0e
+
1ee2
-
1.2.3
1e-
--2
-
abc
abc
1ee2
abc
0e
-
1.2.3
0e
--2
1ee2
1ee2
1e
-
1e+
0e
1ee2
-
--2
1e
1e-
+
abc
abc
1.2.3
0e
000.e
+
--2
000.e
--2
-
1ee2
000.e
0e
000.e
0e
1ee2
0e
e10
+
-
.
e10
.
0e
++1
abc
0e
0e
.
-
1ee2
1.2.3
1.2.3
.
+
1ee2
0e
1e-
abc
--2
0e
+
-
1ee2
++1
1ee2
1e-
1e+
-
1e-
abc
++1
.
--2
1e
0e
1e+
.
+
1e+
+
0e
--2
1e
++1
1e-
0e
-
abc
-
--2
abc
1ee2
1.2.3
1e-
1e
1e
000.e
0e
-
1.2.3
0e
1.2.3
+
abc
1e-
--2
.
++1
1e-
e10
++1
1e
++1
0e
0e
1e+
1.2.3
000.e
-
--2
-
000.e
1ee2
0e
1e+
0e
+
000.e
abc
e10
1e
1e
1.2.3
.
e10
abc
1ee2
++1
e10
0e
1ee2
1.2.3
1e-
abc
1e
000.e
1.2.3
0e
abc
.
1e+
0e
1e-
abc
1e+
--2
0e
.
++1
1.2.3
++1
1ee2
--2
1e+
--2
0e
abc
1e
1e+
-
abc
+
+
1e
1e-
-
abc
-
0e
1e+
1e+
-
000.e
+
0e
abc
1.2.3
000.e
1.2.3
1e-
-
+
++1
++1
0e
++1
000.e
1ee2
-
1e
1ee2
1e+
-
1.2.3
.
1ee2
1e+
+
1ee2
.
000.e
1e+
abc
+
.
--2
--2
.
1e-
000.e
e10
.
1ee2
-
e10
1ee2
1e-
++1
+
1e
1e
+
.
e10
-
-
+
000.e
1ee2
++1
--2
1.2.3
1e-
1.2.3
.
++1
1e-
1.2.3
000.e
-
1e
e10
abc
1e-
.
-
1e+
.
1e+
1e-
--2
0e
1.2.3
0e
--2
.
0e
++1
++1
-
0e
+
0e
000.e
1e-
1e
1e-
1e+
++1
abc
000.e
1e-
e10
1e
.
000.e
++1
000.e
++1
0e
1e-
1e
1e-
++1
1ee2
0e
+
000.e
--2
1e
1e-
1e+
1e
1e+
--2
1.2.3
--2
000.e
1e-
1e+
1e+
+
1ee2
000.e
++1
000.e
abc
--2
++1
0e
--2
+
-
.
1e-
1.2.3
.
.
0e
1ee2
--2
0e
1e+
1e
1ee2
0e
1e+
0e
++1
1.2.3
--2
1.2.3
-
1ee2
-
000.e
+
1e
+
++1
-
1.2.3
.
+
.
+
abc
1e-
.
--2
1e+
+
0e
abc
e10
0e
1e+
000.e
e10
++1
e10
1e
000.e
++1
.
1e+
0e
++1
0e
1e-
1.2.3
-
++1
.
abc
abc
1e+
++1
1e
abc
-
1ee2
1ee2
1e-
1e
+
1e-
abc
000.e
++1
1e-
e10
e10
000.e
e10
e10
1e+
++1
-
++1
1ee2
.
0e
0e
1e
1e+
--2
1.2.3
1ee2
000.e
--2
1e-
+
-
--2
1.2.3
.
1e+
--2
++1
.
1e-
+
e10
0e
1e-
0e
1ee2
1ee2
1ee2
1e+
abc
000.e
1.2.3
1ee2
1e-
e10
abc
--2
+
.
1e
1e-
1ee2
--2
e10
+
1e-
1e+
e10
0e
1ee2
1.2.3
0e
000.e
1e+
1e-
abc
++1
000.e
1ee2
-
abc
-
e10
0e
1e
1e-
e10
-
1.2.3
000.e
1.2.3
000.e
+
+
1ee2
1e
.
e10
1e+
.
abc
-
e10
1e
1.2.3
-
1e+
+
abc
abc
1e+
1e-
abc
0e
1e-
-
1.2.3
1e+
-
abc
1e
000.e
1e
++1
1e-
1.2.3
1e-
--2
1.2.3
1e+
e10
0e
1e+
1.2.3
.
e10
1ee2
++1
1.2.3
e10
.
--2
+
1e+
0e
-
abc
--2
-
-
.
.
--2
1.2.3
++1
-
000.e
1e-
++1
1e
.
1.2.3
abc
000.e
1.2.3
++1
0e
--2
abc
+
.
++1
.
1e+
1e+
000.e
--2
+
1ee2
000.e
1e+
1e-
++1
1.2.3
1.2.3
abc
--2
000.e
abc
1ee2
1e-
1ee2
1ee2
-
++1
e10
1.2.3
-
+
++1
++1
1e
--2
1e
e10
1.2.3
abc
1e
1e
abc
+
1e+
e10
e10
.
0e
e10
1e
abc
-
1.2.3
000.e
1e+
1e
1e-
1ee2
1e-
1e+
+
1e-
e10
.
1e-
-
1ee2
000.e
+
1e+
1e-
e10
++1
-
abc
1ee2
+
.
+
000.e
+
+
abc
++1
.
0e
+
-
abc
1.2.3
1e
--2
1e-
.
--2
e10
-
++1
1ee2
++1
abc
0e
0e
1e+
++1
e10
1.2.3
abc
1.2.3
abc
--2
++1
abc
0e
e10
++1
1.2.3
1e
-
-
++1
+
++1
--2
1e-
++1
+
1.2.3
1e+
000.e
1e-
.
abc
000.e
1e+
1ee2
0e
++1
1e+
++1
abc
e10
+
+
1e+
.
abc
1.2.3
000.e
1e-
abc
000.e
0e
--2
1ee2
-
000.e
0e
000.e
1ee2
e10
--2
+
1.2.3
1e
1ee2
000.e
1.2.3
1.2.3
1e-
1e-
1e-
++1
000.e
++1
0e
000.e
.
--2
1e-
.
1ee2
--2
-
+
1e
abc
abc
.
1ee2
abc
--2
1.2.3
--2
--2
1ee2
1e
1.2.3
abc
000.e
1e
e10
1e
+
000.e
-
0e
1e-
+
abc
.
.
1e-
1e
1ee2
1ee2
1e-
.
-
-
e10
.
e10
1e+
.
+
+
1ee2
0e
1e+
e10
0e
1e-
+
-
1e+
++1
0e
--2
e10
1e+
+
1e
0e
1ee2
-
++1
--2
1.2.3
+
000.e
++1
++1
abc
000.e
1ee2
0e
000.e
-
++1
1.2.3
++1
--2
+
--2
abc
1.2.3
++1
000.e
++1
1e+
000.e
e10
1e+
1ee2
e10
abc
-
1.2.3
0e
++1
1e-
abc
0e
0e
1e
1e
+
1.2.3
1e+
1e+
-
--2
1e-
1ee2
000.e
1e
1e+
+
abc
e10
1.2.3
.
1.2.3
abc
abc
--2
0e
0e
--2
1.2.3
0e
.
e10
abc
++1
0e
0e
0e
1ee2
+
1e-
1e
-
1e
++1
1ee2
-
-
1e+
+
.
000.e
1ee2
000.e
abc
.
1ee2
000.e
e10
000.e
1e-
1e+
1ee2
.
.
1ee2
e10
1e-
abc
e10
1e+
1e
1e
++1
0e
000.e
1e+
-
1e
++1
e10
1.2.3
000.e
--2
+
000.e
1ee2
abc
e10
-
1e+
1ee2
1.2.3
000.e
1e+
1e-
e10
.
1ee2
.
1e-
abc
abc
-
++1
000.e
--2
1e
1e-
--2
.
000.e
.
000.e
--2
1ee2
+
1.2.3
e10
++1
abc
1.2.3
000.e
e10
1e+
+
+
1e+
1e-
1e+
abc
000.e
1ee2
1.2.3
.
.
+
++1
abc
+
--2
+
++1
1e+
000.e
+
1e+
.
-
000.e
--2
+
--2
1e+
1e
1.2.3
0e
1e-
1ee2
e10
1.2.3
.
--2
1e+
--2
.
1e-
0e
1e-
++1
1e-
+
1e-
-
1e
e10
++1
+
1e
.
1e+
--2
.
+
--2
000.e
++1
abc
++1
1.2.3
-
1e+
1.2.3
1e-
+
e10
--2
000.e
1e
1e
1.2.3
--2
abc
1e-
000.e
1.2.3
.
.
+
.
1e+
1e+
1e+
1e+
abc
1e+
1e
1e+
1e
+
.
000.e
e10
+
0e
-
0e
+
0e
-
1e+
.
.
0e
1e-
--2
1e+
1e+
1e+
+
.
1ee2
++1
1e-
1ee2
abc
+
--2
1ee2
0e
1e
abc
1ee2
1ee2
1ee2
+
-
abc
1ee2
--2
--2
e10
0e
--2
+
1ee2
-
000.e
--2
-
1e+
abc
000.e
000.e
++1
1e-
1.2.3
1e+
--2
000.e
+
++1
1e-
1e+
++1
--2
.
++1
-
-
1e+
1e+
abc
+
1ee2
1e-
+
abc
0e
1e
abc
1e-
1ee2
1e-
000.e
000.e
abc
0e
1e
abc
1e+
e10
--2
-
abc
1ee2
++1
abc
e10
-
e10
e10
e10
1e-
+
-
+
-
1.2.3
e10
+
abc
0e
1e+
1ee2
0e
e10
000.e
abc
1ee2
1ee2
+
e10
e10
--2
1e+
.
000.e
000.e
-
++1
-
-
1.2.3
++1
1e+
e10
1e+
1e-
+
1e+
+
0e
abc
+
1e-
0e
-
1e-
++1
1.2.3
1e-
0e
1.2.3
1e-
-
+
-
-
0e
-
++1
.
1.2.3
000.e
abc
000.e
1e-
1ee2
abc
1ee2
1.2.3
e10
1ee2
--2
--2
1e-
++1
-
1ee2
abc
abc
+
abc
000.e
000.e
1e+
000.e
+
0e
1e-
0e
0e
1e-
000.e
000.e
1.2.3
1e+
0e
1.2.3
+
1ee2
1ee2
1e+
e10
1e
1e-
1e
1e
1e-
--2
1.2.3
--2
abc
--2
1ee2
--2
0e
e10
1.2.3
1ee2
1.2.3
.
1e+
--2
1e-
1e
1e-
0e
-
--2
e10
1e+
1e+
.
-
+
1e-
+
+
1e
0e
+
1e+
.
--2
--2
1ee2
.
1e
-
1e
1e-
++1
1e
000.e
-
000.e
.
--2
-
+
1e
++1
0e
0e
1e
+
0e
-
abc
++1
1e-
abc
1e+
1e-
1e+
1e+
e10
--2
1.2.3
0e
1e
1.2.3
++1
--2
1e+
1.2.3
1e-
--2
0e
-
--2
1e-
1e-
e10
1ee2
1.2.3
000.e
+
1.2.3
1.2.3
-
++1
+
000.e
1.2.3
1e
1ee2
1e
--2
1.2.3
1.2.3
.
+
+
1e-
1ee2
1ee2
+
e10
1e+
0e
000.e
1ee2
0e
-
abc
-
-
++1
abc
1e
0e
0e
+
1e
1ee2
000.e
0e
1.2.3
--2
0e
0e
1.2.3
000.e
+
--2
+
1.2.3
1e
e10
e10
0e
abc
.
0e
--2
e10
1.2.3
000.e
1e+
1e
1e-
1e-
1.2.3
abc
1e-
1ee2
000.e
abc
-
0e
abc
-
.
1ee2
e10
000.e
+
abc
1ee2
-
0e
e10
1e
++1
000.e
++1
abc
.
1e+
++1
e10
1e+
e10
0e
--2
abc
abc
0e
.
1e+
++1
++1
1ee2
++1
.
.
1.2.3
1ee2
abc
1e-
1e
000.e
1.2.3
1e+
1.2.3
1.2.3
000.e
1e
--2
1e+
1ee2
--2
1.2.3
++1
.
000.e
-
+
+
abc
++1
1.2.3
++1
1ee2
1.2.3
000.e
1.2.3
++1
000.e
1e
e10
+
0e
-
++1
e10
abc
-
++1
1e
++1
+
1e+
1e+
.
+
abc
0e
+
-
++1
0e
1e-
1.2.3
1e+
000.e
-
++1
e10
-
e10
0e
1e-
1.2.3
.
1e+
1e-
e10
abc
++1
1.2.3
000.e
++1
1ee2
++1
.
1ee2
++1
1e+
--2
0e
++1
++1
1e+
1e-
abc
1e+
abc
1e-
+
1e
1.2.3
1ee2
-
.
-
--2
--2
abc
abc
1e
--2
000.e
e10
abc
0e
1e+
--2
1ee2
-
1ee2
abc
1ee2
-
1e+
.
1e-
abc
1e-
.
1e
1e-
.
--2
--2
1.2.3
1e-
0e
1.2.3
1ee2
e10
.
0e
--2
1e
000.e
+
--2
1e-
000.e
1.2.3
0e
1e-
.
1.2.3
e10
-
e10
++1
--2
.
1e
000.e
1.2.3
+
0e
1ee2
1.2.3
.
--2
000.e
-
abc
++1
1e
-
1e+
++1
1e+
000.e
1ee2
.
000.e
-
1ee2
1.2.3
--2
0e
1e
000.e
+
1ee2
1e+
0e
-
1ee2
0e
1e
abc
.
000.e
1e
-
+
--2
1ee2
1ee2
1e
+
000.e
0e
1.2.3
--2
1ee2
1ee2
e10
1e+
++1
abc
1ee2
+
1e-
1e+
.
.
e10
1ee2
1.2.3
1ee2
--2
1e+
++1
1ee2
.
1e+
++1
1e-
1ee2
000.e
1e
000.e
1ee2
e10
--2
000.e
1e
1e-
e10
--2
1e+
1e-
0e
1ee2
--2
000.e
000.e
.
.
e10
.
1e-
e10
1e-
1e+
-
++1
abc
1e
abc
1ee2
++1
+
1e
++1
++1
abc
-
1e
abc
0e
1e+
1e-
1e-
abc
1e
1ee2
1e
++1
1ee2
000.e
1e-
1ee2
-
0e
++1
1ee2
-
+
abc
1e-
abc
1e
1ee2
+
e10
abc
1.2.3
-
++1
1e+
1e-
0e
++1
.
--2
+
1e
1.2.3
0e
1.2.3
1e+
1ee2
0e
.
--2
1e-
1.2.3
+
-
1e+
+
1e-
++1
--2
.
-
000.e
1.2.3
1.2.3
1e
1e-
1e
+
abc
++1
1e+
0e
0e
1e-
--2
1ee2
1e-
e10
.
000.e
++1
.
.
-
1ee2
.
1e
abc
abc
1ee2
--2
.
1e
+
1e+
+
-
+
++1
1e
.
--2
1.2.3
+
1e-
--2
++1
000.e
--2
-
0e
+
1ee2
abc
-
0e
1e-
++1
1ee2
1ee2
000.e
-
e10
.
.
1e
1.2.3
abc
e10
+
abc
abc
--2
1e+
0e
e10
1e
--2
--2
1e+
1ee2
1ee2
000.e
1e
1e+
abc
.
0e
-
0e
--2
--2
1e-
1e+
000.e
abc
.
--2
0e
1.2.3
1ee2
1e-
++1
1e-
--2
e10
000.e
1e
abc
1e+
000.e
.
+
--2
000.e
++1
1.2.3
++1
+
--2
1.2.3
.
++1
0e
++1
000.e
1e+
1e-
.
-
+
000.e
+
abc
-
+
0e
--2
1.2.3
e10
e10
+
.
000.e
1.2.3
1e-
1ee2
abc
abc
+
1e-
e10
1e+
000.e
.
.
0e
e10
-
++1
-
1e-
-
+
1.2.3
-
1.2.3
000.e
1e-
++1
--2
1e
.
++1
1e-
1ee2
-
1e
000.e
+
1e+
0e
--2
1.2.3
1e
0e
abc
1.2.3
1ee2
-
1.2.3
1e
--2
000.e
0e
000.e
1ee2
.
abc
+
000.e
1e+
1e+
e10
1.2.3
0e
000.e
1e-
+
-
1e-
--2
abc
1.2.3
.
0e
0e
-
-
+
-
0e
1.2.3
1e-
1.2.3
.
++1
1e
abc
+
--2
1.2.3
++1
++1
++1
000.e
1e+
000.e
1e-
1ee2
e10
1e
1e+
000.e
1ee2
1.2.3
1ee2
.
1e+
+
1.2.3
+
000.e
abc
--2
1e-
--2
1e-
-
--2
1e-
--2
1.2.3
0e
++1
1e
1.2.3
000.e
1e
1e-
-
e10
abc
1e-
1e+
e10
0e
++1
0e
++1
1e-
.
-
+
0e
000.e
abc
0e
e10
1.2.3
e10
1e-
0e
0e
1e
1.2.3
-
0e
1ee2
-
+
0e
e10
0e
+
.
1e+
+
1e+
-
1.2.3
-
1.2.3
.
-
1ee2
--2
+
++1
e10
0e
.
1e-
1e+
1e-
1e-
.
abc
abc
0e
abc
abc
e10
1e+
1e+
1e-
0e
1ee2
0e
+
1e
++1
1ee2
1e
abc
abc
-
000.e
1ee2
1e+
e10
e10
1e+
1e+
++1
abc
e10
-
--2
-
1e
++1
+
++1
abc
1e+
1e+
-
abc
000.e
1e
-
e10
1.2.3
1e+
-
+
000.e
000.e
1e-
--2
1e+
1e
.
1ee2
1e
e10
1e-
000.e
1e
.
0e
+
1e
++1
++1
1e-
e10
1e-
0e
.
1.2.3
++1
1e
--2
1e+
e10
000.e
0e
1.2.3
0e
0e
000.e
1ee2
1e
1ee2
++1
1ee2
--2
1.2.3
++1
000.e
.
0e
1e-
.
1e
abc
.
e10
1e-
++1
abc
-
--2
1e+
1e
.
1e-
e10
--2
+
1ee2
abc
--2
-
.
1ee2
--2
1e-
1ee2
1e-
+
1e-
.
0e
e10
--2
1ee2
--2
--2
abc
1e+
-
1.2.3
--2
--2
e10
1e+
+
1ee2
1ee2
abc
1ee2
e10
1e
0e
1e-
1e
0e
1e
1e-
1.2.3
1e
e10
1e+
1e+
--2
--2
0e
1.2.3
1e
1.2.3
1ee2
1ee2
++1
1ee2
abc
e10
1e+
000.e
e10
-
000.e
--2
1.2.3
abc
1ee2
e10
000.e
++1
000.e
1.2.3
0e
abc
1e+
+
0e
+
+
0e
1e+
-
.
000.e
1.2.3
1e-
1e-
0e
abc
.
1e+
1e+
.
.
+
.
1.2.3
abc
1ee2
e10
+
--2
000.e
1e
1.2.3
-
+
1e-
1e+
1e-
1e
abc
-
000.e
e10
abc
1e-
--2
000.e
--2
-
1.2.3
++1
-
e10
++1
--2
1e-
abc
e10
e10
1e+
1e
++1
++1
++1
0e
--2
1.2.3
e10
1.2.3
1e
1e
000.e
++1
++1
e10
e10
abc
+
1e
abc
-
1e+
1e-
000.e
++1
++1
abc
0e
+
.
-
abc
1e-
1e-
.
1e
.
1.2.3
abc
++1
1e
+
-
1e
e10
e10
+
1ee2
--2
--2
1ee2
1e-
1e-
abc
.
000.e
e10
-
--2
1e-
1.2.3
0e
0e
e10
abc
1e
+
--2
e10
abc
abc
1e
-
1.2.3
-
--2
1e
--2
e10
e10
000.e
.
+
+
+
000.e
--2
--2
abc
1.2.3
++1
1e+
000.e
000.e
1e-
--2
.
--2
--2
e10
e10
++1
.
1e+
1e-
0e
0e
1ee2
-
1.2.3
000.e
-
0e
abc
1e-
000.e
e10
1ee2
.
1e+
1e
-
000.e
1e+
e10
1e-
.
-
0e
1.2.3
e10
000.e
.
1ee2
abc
1ee2
1.2.3
.
++1
abc
1.2.3
-
1e
000.e
1e+
abc
1e
1e
.
+
e10
-
e10
.
1ee2
1ee2
+
.
1e+
e10
1ee2
+
000.e
1e+
e10
e10
e10
1e-
1e-
+
1.2.3
1e
1ee2
1e+
0e
-
e10
1e+
e10
e10
--2
1e+
1.2.3
1ee2
++1
1ee2
000.e
0e
000.e
1.2.3
1e
1.2.3
0e
1e-
e10
1ee2
+
e10
+
1e
-
+
1.2.3
e10
+
0e
.
0e
abc
1e+
1.2.3
--2
1e
++1
0e
1e+
1e+
000.e
e10
1e+
1e
1e-
1ee2
--2
1e
+
-
1e+
-
++1
-
1e
1ee2
-
000.e
000.e
1ee2
.
.
--2
+
1e-
abc
--2
1e
++1
.
--2
e10
+
1e
0e
1e
.
++1
++1
e10
000.e
.
0e
000.e
+
1.2.3
000.e
1e+
1e-
.
.
e10
1ee2
++1
1.2.3
1.2.3
abc
0e
0e
1e+
1ee2
1e+
abc
e10
1e
0e
1e-
1e+
e10
+
-
+
abc
1e+
1e-
+
000.e
abc
1ee2
1ee2
-
.
+
000.e
0e
-
000.e
1.2.3
--2
-
-
+
000.e
000.e
--2
1e-
--2
1.2.3
e10
.
1e
e10
+
++1
-
+
abc
1e+
1ee2
000.e
e10
e10
-
abc
--2
abc
1ee2
--2
-
.
abc
+
.
abc
000.e
--2
-
-
.
000.e
000.e
-
0e
000.e
000.e
+
000.e
e10
0e
000.e
--2
e10
++1
abc
000.e
1.2.3
e10
1e+
-
1e-
1.2.3
1e
abc
1ee2
-
1e+
0e
++1
1.2.3
e10
-
1ee2
000.e
0e
-
1ee2
++1
1ee2
-
1e
1ee2
-
--2
e10
0e
--2
e10
-
1.2.3
e10
0e
1ee2
++1
+
-
.
000.e
000.e
.
1e
--2
++1
+
-
1ee2
1e+
0e
1ee2
1e
--2
abc
0e
1ee2
1e-
--2
abc
++1
abc
.
1ee2
.
.
e10
1ee2
e10
e10
-
1.2.3
1.2.3
-
000.e
0e
+
1e+
.
1.2.3
abc
-
e10
++1
1e+
abc
e10
--2
++1
--2
+
abc
1e
-
1e
1e+
1ee2
+
++1
-
000.e
abc
+
+
000.e
1ee2
++1
1.2.3
++1
1.2.3
.
1.2.3
.
000.e
e10
000.e
e10
0e
e10
1.2.3
1ee2
--2
1ee2
++1
1e+
000.e
++1
++1
1e-
e10
+
++1
abc
e10
1e+
-
abc
1e+
--2
+
1ee2
+
e10
e10
1ee2
-
-
abc
-
+
--2
0e
++1
.
e10
1e
1e
+
--2
1ee2
1e
.
1e
+
abc
1e-
-
++1
+
+
++1
1.2.3
+
++1
e10
1e+
--2
0e
e10
++1
++1
++1
abc
++1
.
1e-
0e
-
1.2.3
1ee2
1e
1ee2
.
++1
1ee2
1e
0e
e10
1e-
1e-
-
1e+
1e+
1e
000.e
0e
1e+
++1
--2
0e
-
-
1e
1ee2
--2
1e-
e10
1e-
1e+
000.e
abc
+
0e
1ee2
.
-
0e
1ee2
+
-
1e
1ee2
e10
.
abc
000.e
1e-
--2
1e-
.
1e
.
.
000.e
000.e
--2
e10
++1
.
1.2.3
1.2.3
+
1.2.3
1e+
0e
1e
--2
abc
1.2.3
-
abc
abc
+
0e
-
1ee2
++1
--2
-
1.2.3
--2
1e+
.
--2
++1
e10
--2
1ee2
1e
+
1e-
+
1e+
++1
+
0e
abc
000.e
0e
0e
0e
1ee2
.
1ee2
-
000.e
000.e
1.2.3
--2
000.e
--2
000.e
1ee2
0e
1e-
+
.
-
abc
1e+
.
.
++1
0e
e10
abc
--2
1.2.3
.
1e
0e
++1
+
++1
1e
.
abc
-
+
+
1e-
0e
--2
0e
++1
+
1.2.3
--2
000.e
1e
--2
1e+
e10
e10
000.e
abc
0e
.
0e
--2
e10
1e+
000.e
+
.
1.2.3
1e+
0e
1.2.3
1e+
++1
.
+
e10
-
000.e
--2
1ee2
e10
1.2.3
-
-
1e
1e+
abc
abc
e10
1.2.3
abc
+
1.2.3
000.e
1.2.3
+
e10
1e
--2
0e
abc
1.2.3
1e
1e-
.
1e+
--2
0e
abc
abc
1e+
++1
e10
1ee2
1e+
++1
+
1ee2
000.e
--2
1.2.3
000.e
.
1e-
1e
1ee2
-
1ee2
+
1e+
0e
abc
1e+
000.e
1e-
+
-
+
1.2.3
1.2.3
--2
1e-
1e+
e10
1e+
.
+
1ee2
e10
++1
1e-
000.e
abc
1ee2
1.2.3
e10
e10
1e-
1.2.3
1e+
1.2.3
-
abc
0e
1.2.3
1e-
0e
.
1e+
1.2.3
0e
++1
1e-
1e-
+
.
1e
abc
0e
.
1.2.3
+
1e
1e+
++1
+
+
000.e
1.2.3
1.2.3
1e-
1e+
++1
0e
abc
e10
+
++1
+
++1
abc
0e
++1
++1
1e
000.e
-
1ee2
1e+
1e
0e
.
.
abc
.
000.e
1e
1e-
.
-
++1
1e+
000.e
0e
0e
++1
++1
1e
1ee2
++1
abc
--2
1ee2
--2
e10
000.e
.
000.e
.
--2
e10
-
1e-
--2
1e+
e10
abc
1e-
000.e
abc
.
abc
1e-
1ee2
e10
000.e
000.e
--2
1ee2
.
--2
e10
1e
1ee2
.
1ee2
1.2.3
1e-
e10
1e+
1e
1e-
1.2.3
0e
1e
++1
--2
++1
.
--2
1ee2
.
1e+
e10
1ee2
.
.
1e+
0e
--2
1ee2
abc
1ee2
0e
1ee2
1ee2
1e
1e-
.
--2
abc
1e-
1ee2
1.2.3
--2
--2
000.e
e10
0e
1e+
0e
0e
000.e
0e
--2
1.2.3
1ee2
1.2.3
-
-
1e+
1ee2
+
000.e
1ee2
0e
++1
++1
1.2.3
abc
1ee2
1.2.3
1e-
abc
--2
--2
abc
1e-
e10
0e
1ee2
e10
1e-
.
1e-
1.2.3
1e+
++1
1ee2
1e+
-
-
1e+
--2
1e-
1ee2
+
1ee2
1.2.3
0e
1e
1.2.3
abc
1ee2
++1
.
++1
1.2.3
1.2.3
1e-
.
1e-
++1
1e-
-
-
++1
1e
e10
1e
abc
1e
000.e
000.e
+
1e-
++1
abc
1e+
abc
000.e
++1
-
1e-
1e+
abc
-
e10
abc
000.e
1e
1e-
1ee2
1e+
1ee2
000.e
+
--2
0e
+
1e
1e+
++1
1e+
1e
e10
1.2.3
1ee2
1e
+
++1
0e
abc
e10
1e+
-
.
abc
1e+
++1
abc
-
000.e
1e-
.
1e
--2
+
abc
+
e10
1ee2
1e+
1e
e10
--2
-
1ee2
abc
0e
+
.
e10
abc
abc
.
-
1e-
1.2.3
++1
1ee2
000.e
--2
-
e10
+
1.2.3
1e+
e10
--2
1.2.3
1.2.3
1.2.3
1.2.3
++1
1ee2
.
++1
--2
e10
1e
.
++1
-
-
--2
.
000.e
000.e
.
1ee2
+
abc
1e+
1.2.3
e10
.
.
+
1ee2
--2
000.e
1ee2
1e-
1e-
+
1.2.3
000.e
1e-
1ee2
++1
abc
1.2.3
abc
+
+
-
.
-
abc
--2
-
++1
abc
.
1e-
abc
1e+
1.2.3
abc
0e
000.e
abc
0e
1ee2
000.e
1.2.3
000.e
1ee2
--2
1e+
0e
--2
+
++1
.
1e-
000.e
e10
1.2.3
+
+
1ee2
.
000.e
1e
1e-
-
abc
++1
1e-
1e+
1.2.3
1e-
.
-
.
1e
--2
-
1.2.3
000.e
0e
1ee2
0e
0e
000.e
1e
-
--2
++1
1e+
000.e
.
0e
1e
000.e
abc
e10
-
.
1e+
1ee2
0e
-
.
e10
abc
++1
1ee2
1ee2
1e+
0e
1.2.3
+
1.2.3
.
1e-
+
0e
+
-
000.e
.
--2
--2
-
1ee2
1e+
0e
1.2.3
abc
0e
++1
+
1e
1ee2
.
+
1.2.3
1e-
--2
+
e10
1e+
1e+
1.2.3
1e+
.
e10
0e
1ee2
--2
-
1.2.3
1e-
abc
0e
.
--2
e10
1e-
0e
1ee2
abc
1e-
1ee2
+
1e
1.2.3
1e-
1e+
0e
+
1e-
e10
1e-
++1
.
1ee2
1e
-
0e
0e
--2
--2
0e
000.e
.
1e
+
1e-
abc
1ee2
-
++1
+
1.2.3
1ee2
1.2.3
1ee2
e10
1e-
1e-
1e-
abc
000.e
+
-
0e
abc
1ee2
1e
1e
.
0e
++1
e10
0e
e10
++1
1e
1e
--2
--2
abc
1.2.3
-
++1
1ee2
000.e
1e-
+
.
--2
abc
-
1ee2
.
0e
1.2.3
e10
1e-
1e+
1e
abc
000.e
+
0e
1e-
000.e
++1
.
1.2.3
++1
1e
1e-
e10
--2
1e-
000.e
1e-
1e+
abc
--2
1ee2
000.e
000.e
1ee2
1e-
1e-
1e-
e10
1ee2
000.e
e10
-
+
--2
0e
1e
0e
-
.
000.e
1e+
000.e
--2
1e-
-
++1
0e
-
1.2.3
--2
1e+
e10
--2
--2
1.2.3
1e+
0e
-
--2
abc
-
1ee2
0e
1.2.3
--2
--2
.
-
abc
--2
1ee2
-
1e
-
--2
0e
.
1e
1e+
+
1e
1e-
++1
--2
.
+
--2
e10
.
.
.
000.e
1.2.3
1e
1ee2
e10
-
1.2.3
e10
1e+
e10
1e+
--2
abc
+
1e
000.e
1ee2
0e
++1
1.2.3
--2
abc
abc
.
0e
1.2.3
.
--2
e10
e10
1e+
1e+
++1
1e-
-
1ee2
e10
1e
--2
0e
1e-
1e
1e+
.
abc
0e
abc
1.2.3
++1
abc
abc
1e+
1e+
++1
1e-
++1
abc
1ee2
.
--2
1ee2
.
-
1.2.3
0e
+
1ee2
000.e
e10
+
++1
+
1e-
e10
e10
e10
+
1ee2
--2
1e
--2
1e
1.2.3
1ee2
.
.
1ee2
e10
1.2.3
1e+
1e+
1e-
1e+
e10
1e
abc
+
+
1e-
1e-
-
++1
0e
--2
+
1e
1ee2
++1
000.e
-
e10
++1
1ee2
1e-
1.2.3
abc
+
0e
e10
+
++1
abc
++1
--2
1.2.3
+
0e
+
abc
-
--2
-
1e-
1e-
+
-
e10
.
+
.
--2
0e
1e
++1
-
++1
0e
+
--2
e10
.
-
--2
1ee2
1ee2
++1
--2
1.2.3
1.2.3
1e-
--2
1e+
1e+
1e+
1e
.
e10
-
.
000.e
1e
1e-
0e
1ee2
1ee2
000.e
1e+
1.2.3
--2
1e+
.
abc
abc
1.2.3
++1
-
1e+
--2
1e-
000.e
abc
1e-
1.2.3
abc
e10
1e-
e10
+
1.2.3
--2
1e
000.e
-
abc
+
e10
abc
++1
1e+
e10
1e-
1e
000.e
0e
--2
1e+
000.e
e10
--2
--2
1e
++1
1e
--2
1e
1ee2
-
abc
1e-
++1
e10
1.2.3
+
1e
1e+
1e-
e10
0e
0e
--2
1ee2
1ee2
1e-
.
0e
000.e
1e+
+
1e-
1.2.3
+
0e
1ee2
.
e10
++1
1e+
0e
1e-
1e-
-
1e+
0e
1ee2
abc
abc
-
1e-
e10
000.e
000.e
+
1.2.3
e10
-
.
e10
e10
++1
1e-
0e
--2
abc
++1
1.2.3
e10
1e-
.
-
-
abc
1e+
++1
1e+
1e
1ee2
1e
+
e10
+
1.2.3
0e
1e-
1e+
0e
-
.
++1
1e-
e10
1ee2
000.e
+
.
1e+
1e
abc
-
1e+
1e+
--2
-
1ee2
1e+
1e-
0e
1e
-
1e-
-
e10
e10
1e+
.
1.2.3
1.2.3
e10
++1
+
-
0e
1e
1e+
0e
1e-
-
-
1e+
1e
--2
-
--2
1e-
e10
0e
1e+
1.2.3
e10
+
.
abc
0e
0e
1ee2
--2
1ee2
-
1e
1.2.3
abc
1e-
+
-
000.e
e10
e10
1e+
-
000.e
++1
.
-
+
abc
0e
1e+
e10
1e+
1ee2
abc
1ee2
1e-
1ee2
1ee2
1e+
+
000.e
1ee2
000.e
.
000.e
1e-
1e+
.
1e-
1e-
1ee2
0e
++1
++1
1ee2
1e
1.2.3
+
1e-
1.2.3
1e-
1e
1e
1e+
1e
0e
1e
0e
0e
000.e
1ee2
1e-
+
0e
e10
.
+
+
1ee2
abc
-
1e+
--2
.
1ee2
1e+
0e
--2
--2
abc
1e
000.e
.
.
1e
1ee2
.
++1
--2
1e-
--2
+
1e
1ee2
-
+
1ee2
000.e
1e+
abc
-
++1
+
-
-
1e
1ee2
0e
1ee2
1e
e10
abc
1e+
.
e10
000.e
--2
000.e
--2
++1
1.2.3
1e
0e
0e
1ee2
++1
+
0e
.
1.2.3
1e+
--2
1e+
+
1e-
0e
+
.
1e
.
1ee2
0e
1ee2
1e
1ee2
+
000.e
0e
+
abc
+
0e
1ee2
abc
1.2.3
1e-
abc
--2
++1
--2
-
--2
e10
1e+
1e+
0e
++1
+
-
1e+
e10
0e
1e-
1e+
000.e
1ee2
++1
--2
+
--2
1e-
.
+
000.e
.
e10
e10
0e
.
1e
000.e
1ee2
-
000.e
1e
1e-
++1
--2
.
-
.
1e
.
--2
--2
++1
abc
000.e
0e
000.e
1.2.3
1.2.3
--2
++1
abc
abc
1e+
abc
-
1e+
1e
0e
+
-
abc
000.e
1.2.3
e10
++1
e10
abc
000.e
++1
0e
--2
e10
.
1e-
+
000.e
1e+
+
1e+
.
1e+
--2
+
.
000.e
1ee2
0e
++1
e10
1e+
000.e
++1
abc
.
-
.
1e+
e10
1e-
1e
abc
.
+
e10
.
-
1.2.3
--2
000.e
.
e10
0e
+
0e
-
0e
.
1ee2
++1
e10
e10
++1
+
++1
.
1e+
.
1e+
--2
++1
e10
1.2.3
++1
1e
+
1e+
1e-
0e
0e
+
abc
.
1e-
.
abc
.
+
+
1e+
++1
++1
++1
000.e
e10
0e
.
1e
1e+
.
e10
1e
1e-
-
0e
0e
1ee2
abc
++1
e10
++1
0e
--2
0e
e10
.
1.2.3
+
++1
abc
1e-
-
1e+
1ee2
.
1e+
1e
++1
e10
--2
+
+
.
1e+
0e
1e-
1.2.3
1.2.3
000.e
1e-
1ee2
1.2.3
1e-
abc
1ee2
++1
0e
--2
000.e
e10
e10
1e
1ee2
-
.
e10
abc
0e
e10
1e
-
1ee2
1ee2
--2
++1
.
1ee2
abc
1.2.3
1e-
1.2.3
000.e
1e+
1e-
000.e
000.e
.
1.2.3
1e+
++1
000.e
1ee2
0e
-
--2
1e-
-
1e
1e-
-
1e+
000.e
++1
+
-
1.2.3
e10
1e-
-
1e+
e10
.
1e
.
--2
1e+
1.2.3
000.e
1e-
1e+
-
1e
abc
--2
+
1.2.3
-
1e
1.2.3
0e
1e
1ee2
.
+
++1
++1
e10
1e
-
--2
+
abc
1e
abc
1e+
+
.
abc
0e
1e-
1e
-
abc
e10
0e
1ee2
1.2.3
++1
1.2.3
++1
-
000.e
abc
0e
1e-
++1
1e
0e
1ee2
1.2.3
-
0e
+
-
e10
abc
1e-
1e+
+
++1
+
0e
1ee2
--2
1e-
1e-
0e
-
abc
++1
abc
abc
1e-
000.e
.
1ee2
e10
e10
e10
1e+
1.2.3
0e
+
abc
abc
0e
1e-
1.2.3
1e-
1e+
+
e10
1e+
000.e
--2
1e
abc
1e+
1ee2
1e+
e10
e10
000.e
--2
abc
abc
-
1e
-
1.2.3
++1
1e
1e
+
--2
0e
0e
1ee2
1e-
1.2.3
1ee2
1e+
1.2.3
abc
000.e
1e+
-
000.e
000.e
1ee2
1.2.3
++1
1e
e10
abc
+
000.e
+
1e-
1.2.3
+
1e-
.
--2
000.e
abc
1ee2
.
1e+
1e+
.
0e
.
+
000.e
++1
.
1ee2
000.e
+
-
--2
--2
+
-
1e
--2
1e-
1ee2
-
abc
.
+
--2
0e
e10
1e+
1e+
1e+
1e+
1e
0e
--2
1.2.3
1e+
1.2.3
1ee2
1e+
.
1e-
1e
1e-
--2
abc
000.e
1e-
abc
-
--2
--2
1e+
abc
+
0e
000.e
1e-
-
1ee2
1ee2
0e
1e+
.
1e+
000.e
abc
1.2.3
+
1ee2
000.e
000.e
abc
-
000.e
.
.
--2
1e-
++1
1e-
1e
abc
-
+
1ee2
1e+
e10
e10
0e
1ee2
.
1e
1.2.3
0e
1e+
+
1e-
1.2.3
1ee2
-
1.2.3
--2
-
1e-
++1
abc
+
-
1.2.3
1e-
--2
1e
-
abc
000.e
+
000.e
1ee2
1e-
1e-
-
abc
000.e
e10
+
1ee2
++1
++1
000.e
++1
-
.
++1
1.2.3
1e
0e
1e-
1e
-
abc
1e+
-
1e-
++1
1e
+
000.e
++1
++1
1ee2
1e-
1e-
.
1e
e10
0e
1ee2
e10
e10
1ee2
.
-
1.2.3
+
.
+
1ee2
1e
+
1ee2
1e
000.e
1.2.3
1ee2
abc
+
1.2.3
1e-
++1
--2
-
1.2.3
++1
1e
000.e
--2
1.2.3
1e-
++1
0e
1e-
000.e
abc
1e+
++1
1.2.3
1e+
1.2.3
-
+
-
e10
1e+
0e
--2
-
++1
1.2.3
++1
000.e
abc
1e-
--2
1e
000.e
000.e
+
abc
+
++1
1e+
+
0e
e10
--2
1e
1e
+
--2
1e
-
1e
1e
abc
-
1ee2
1e
1e+
--2
1e
.
--2
.
-
++1
0e
1e+
-
++1
1e+
1ee2
1e-
1ee2
++1
++1
.
1e
++1
1e
+
+
0e
1ee2
-
1.2.3
++1
++1
1e+
++1
1ee2
e10
1.2.3
+
abc
1e-
0e
abc
1ee2
1.2.3
0e
000.e
--2
++1
++1
++1
1e-
1e
1e-
000.e
0e
0e
++1
+
-
1ee2
++1
000.e
+
1ee2
1e+
1e+
1e
+
1e-
-
--2
000.e
++1
+
+
1e+
e10
1e-
e10
e10
0e
1e+
0e
-
1e
1e+
1.2.3
1ee2
1e
0e
1e-
abc
abc
1e
1e+
1e-
1.2.3
--2
e10
1e+
1e+
000.e
+
1.2.3
1e+
1e-
1ee2
abc
1ee2
1e-
1e+
0e
1e
000.e
abc
++1
1e
+
1.2.3
e10
++1
e10
++1
000.e
+
.
0e
+
+
1e+
1e-
--2
e10
1.2.3
1e
abc
e10
+
1.2.3
+
1e
--2
1e
abc
1.2.3
++1
1.2.3
000.e
.
000.e
0e
1e
+
.
++1
--2
e10
000.e
abc
.
abc
.
+
000.e
abc
1e-
0e
-
+
000.e
.
1e+
.
--2
--2
1e
1e+
1.2.3
e10
1e-
e10
--2
abc
++1
-
1e
.
1ee2
1ee2
.
0e
1e-
1e+
e10
1e-
abc
000.e
1.2.3
000.e
1.2.3
++1
1e
e10
--2
1e
abc
+
1ee2
--2
+
1ee2
-
--2
1ee2
1ee2
++1
1e-
1e
--2
0e
++1
0e
1e+
1ee2
++1
1ee2
0e
abc
0e
1e+
1e+
e10
1.2.3
1e
1ee2
+
000.e
--2
+
abc
1.2.3
1ee2
.
++1
--2
abc
1ee2
000.e
-
--2
1.2.3
1e
1e
1e
000.e
000.e
1.2.3
000.e
1ee2
++1
+
1e-
.
1e-
--2
--2
0e
0e
.
e10
.
1e-
e10
0e
1ee2
.
--2
1e+
e10
000.e
0e
000.e
--2
e10
1ee2
++1
0e
e10
.
-
1e
e10
e10
e10
e10
1e+
--2
1ee2
1e+
0e
++1
--2
000.e
--2
+
1e
e10
-
1e+
1e
1e
+
--2
++1
-
1e
1e-
++1
1e+
e10
.
1.2.3
+
-
1.2.3
-
-
++1
1e+
+
e10
1ee2
1.2.3
000.e
--2
1ee2
.
0e
000.e
.
1.2.3
+
e10
000.e
.
1e+
e10
.
1.2.3
000.e
0e
e10
000.e
--2
1.2.3
abc
0e
-
1e-
1e-
0e
1e+
000.e
.
0e
1.2.3
.
1ee2
000.e
1e+
1e-
-
-
++1
++1
1ee2
1e+
000.e
e10
1e+
+
1e+
0e
-
abc
000.e
abc
.
1e+
e10
1.2.3
+
+
000.e
--2
.
1ee2
abc
1ee2
0e
1ee2
1ee2
e10
000.e
.
+
++1
1e
-
-
000.e
1ee2
abc
1.2.3
1.2.3
e10
++1
1e+
1e+
++1
+
000.e
abc
1ee2
1.2.3
abc
abc
000.e
.
1e-
--2
.
1ee2
1ee2
1.2.3
1e-
.
-
-
.
1.2.3
abc
e10
1e-
abc
+
1ee2
.
++1
1.2.3
1e
.
1.2.3
--2
+
1ee2
-
++1
000.e
1.2.3
abc
-
++1
-
+
1e
e10
0e
--2
+
1e
1e
1.2.3
1.2.3
+
1e-
1e+
--2
-
1e+
--2
--2
1.2.3
++1
++1
e10
1.2.3
abc
000.e
000.e
000.e
1ee2
000.e
.
abc
++1
1ee2
+
-
++1
.
.
e10
e10
++1
1ee2
1e-
+
1e
--2
1ee2
1e+
++1
.
++1
1e-
.
--2
1e+
+
.
1e+
.
1e-
1e
.
1e
-
0e
1ee2
+
++1
1e+
000.e
e10
abc
1ee2
1.2.3
abc
1e
.
1e
1ee2
1e+
++1
abc
--2
0e
abc
-
1e
-
-
-
0e
1e+
1e-
--2
0e
000.e
e10
.
000.e
--2
abc
1ee2
1e+
1.2.3
e10
1.2.3
.
.
1ee2
1.2.3
+
0e
e10
1e-
+
++1
abc
+
0e
1e
1e-
+
1ee2
++1
1ee2
1.2.3
1.2.3
+
abc
-
+
+
1ee2
+
abc
e10
.
0e
+
--2
1e-
1ee2
abc
000.e
-
e10
000.e
1e
++1
1e
1ee2
-
.
+
--2
0e
+
000.e
1e-
--2
-
0e
1.2.3
--2
1.2.3
++1
1.2.3
+
-
-
1e
.
++1
++1
--2
++1
1ee2
abc
000.e
abc
.
1e
+
1e
-
--2
--2
0e
--2
1e
abc
e10
0e
--2
1e
-
abc
1.2.3
e10
0e
1e+
1ee2
+
.
abc
1e+
abc
--2
1e+
-
abc
-
++1
1e+
1ee2
1.2.3
abc
+
1.2.3
--2
abc
.
.
e10
-
000.e
abc
++1
1e
000.e
-
000.e
e10
-
.
1ee2
.
1e
.
0e
000.e
1ee2
-
1.2.3
1ee2
.
-
++1
-
.
-
1.2.3
abc
1e
.
1e
+
++1
1e
0e
1.2.3
000.e
1ee2
1e-
1e
1.2.3
1e-
1e-
1.2.3
1e+
e10
1e-
abc
e10
-
e10
e10
+
000.e
1.2.3
1e+
1.2.3
1e+
-
+
+
++1
-
1ee2
+
1e+
000.e
++1
+
.
e10
.
-
1e+
1ee2
000.e
1ee2
0e
++1
000.e
1e+
.
1.2.3
++1
1.2.3
e10
1e+
000.e
--2
abc
abc
000.e
++1
-
1ee2
+
1ee2
-
1e
1e+
1e-
1e-
1e
.
1e
000.e
+
+
1ee2
e10
1.2.3
1e-
000.e
abc
abc
1ee2
--2
e10
1e-
e10
1e
000.e
-
.
000.e
000.e
+
1.2.3
-
-
1e
1e+
0e
.
000.e
+
0e
e10
1.2.3
1.2.3
+
.
--2
1e+
--2
1.2.3
0e
+
--2
1e+
--2
abc
++1
000.e
e10
1.2.3
abc
.
++1
1e+
-
-
-
+
--2
1e
1e-
1e-
1ee2
e10
e10
1e-
--2
-
abc
1e+
.
0e
000.e
1e
-
.
1ee2
0e
1e-
++1
abc
1e-
000.e
abc
1.2.3
e10
-
1e+
e10
1e
++1
1e+
--2
++1
--2
.
--2
-
1e
0e
-
1e
0e
-
1ee2
1e-
1ee2
-
.
0e
.
000.e
1ee2
1.2.3
.
0e
0e
1e
1.2.3
0e
1ee2
1e
abc
abc
1e+
++1
1e
1e-
1e
.
+
1.2.3
1e+
-
--2
-
1.2.3
1.2.3
abc
++1
1e+
--2
e10
1.2.3
--2
1e-
1e+
-
000.e
0e
0e
1e
++1
+
000.e
-
1e+
--2
1.2.3
1e
1e
-
1e-
0e
1ee2
--2
-
1e+
1ee2
.
.
-
.
000.e
1e
000.e
0e
1.2.3
++1
.
1e
1e+
+
abc
1e+
1ee2
1.2.3
abc
--2
1.2.3
1ee2
1e
1e
1e+
abc
1ee2
abc
1ee2
--2
1e-
000.e
abc
000.e
000.e
++1
abc
.
+
abc
0e
000.e
1e-
abc
1e+
e10
.
--2
1.2.3
1ee2
1e
1e
e10
e10
0e
1e+
-
000.e
+
0e
+
++1
1e
000.e
+
.
-
.
e10
000.e
1ee2
-
.
--2
1e+
e10
1e
1e+
++1
abc
--2
e10
1e-
1e
1e
1e
--2
000.e
++1
-
e10
0e
-
1ee2
e10
1e
++1
-
--2
-
1.2.3
-
+
1e-
++1
e10
1e-
1.2.3
1e-
1e
0e
0e
--2
++1
1e-
++1
+
--2
1e-
.
-
1e
+
++1
1ee2
-
--2
000.e
1.2.3
--2
1.2.3
++1
000.e
+
++1
++1
0e
+
+
e10
000.e
++1
++1
++1
--2
abc
000.e
+
+
++1
-
--2
e10
0e
1e-
1e-
1.2.3
1e+
1ee2
+
--2
1e-
1e
.
.
--2
000.e
++1
+
1e
1e+
++1
1.2.3
1ee2
++1
1e
1e+
1.2.3
1e
1e
0e
0e
1ee2
1e+
-
-
--2
1e-
e10
--2
--2
++1
e10
000.e
++1
++1
1.2.3
--2
0e
0e
1e
+
-
0e
abc
e10
0e
1.2.3
1ee2
1ee2
--2
1e+
.
e10
1.2.3
.
1e-
+
1ee2
--2
-
1e-
000.e
1.2.3
000.e
++1
1e-
000.e
e10
.
1.2.3
1.2.3
--2
1e
e10
-
+
1e+
-
--2
--2
e10
000.e
.
+
1e-
0e
-
+
--2
1e-
1e-
1e-
+
000.e
+
1.2.3
e10
++1
-
1e-
1e
000.e
abc
.
0e
1e-
1.2.3
1e+
1e+
1e+
-
+
+
.
1e
000.e
1e-
1e+
1e-
e10
++1
0e
+
0e
--2
e10
abc
++1
0e
+
0e
--2
.
.
1.2.3
e10
1e-
++1
1e-
+
++1
+
.
--2
-
1.2.3
abc
1ee2
.
000.e
-
+
000.e
abc
1e-
++1
0e
1e-
.
abc
.
e10
1e
1e+
1e
.
1ee2
.
-
1e+
000.e
0e
++1
--2
--2
-
1.2.3
abc
1.2.3
1e+
1.2.3
0e
1e
1ee2
++1
abc
++1
--2
++1
-
e10
1e
1e
++1
1.2.3
++1
.
1ee2
.
1e
--2
++1
.
1.2.3
1e
0e
abc
++1
1ee2
++1
000.e
1e
+
.
.
+
e10
.
abc
1e
1e-
.
1e
-
e10
1ee2
000.e
000.e
1e
1e-
1e-
--2
e10
-
1.2.3
+
1e+
000.e
000.e
abc
1e
000.e
abc
000.e
000.e
.
1e+
1e
000.e
.
1e
1.2.3
e10
000.e
1e+
1e-
e10
1e-
0e
+
1.2.3
1e
+
abc
1e
1ee2
+
000.e
+
1e
abc
-
.
--2
++1
1.2.3
e10
1e+
-
-
e10
.
1e
-
-
--2
.
000.e
0e
abc
1.2.3
1e-
1e
e10
.
000.e
abc
1e-
1e
1.2.3
1e-
1e+
1ee2
abc
1.2.3
e10
1e+
000.e
.
1.2.3
1e-
++1
+
++1
0e
.
+
1ee2
--2
1ee2
-
e10
000.e
1e
.
1ee2
000.e
--2
+
1e-
1e+
--2
1ee2
+
1e+
.
abc
1ee2
1ee2
1.2.3
e10
abc
+
1.2.3
++1
1.2.3
e10
--2
+
0e
000.e
1e+
1e-
1e-
-
e10
e10
000.e
000.e
-
-
1e-
abc
1.2.3
e10
0e
abc
1.2.3
1e+
-
++1
000.e
1e+
1e+
000.e
e10
1e
1.2.3
1e
000.e
.
+
1ee2
0e
+
--2
--2
++1
0e
++1
1e
1e-
e10
1e-
000.e
1e-
e10
e10
1ee2
000.e
1.2.3
++1
1e
e10
.
e10
--2
1ee2
1e
000.e
1ee2
-
e10
++1
--2
-
000.e
--2
1e+
+
1e-
+
++1
.
1e
0e
abc
1e-
1e+
e10
000.e
1ee2
-
abc
000.e
--2
.
000.e
1e+
abc
abc
1.2.3
--2
--2
1e+
0e
1.2.3
1e
000.e
1.2.3
+
--2
1e+
e10
000.e
--2
1e
000.e
+
1e+
+
.
++1
000.e
1e+
abc
-
000.e
+
1e-
--2
--2
e10
.
e10
+
000.e
--2
+
+
1ee2
1.2.3
1e+
abc
1ee2
e10
0e
++1
+
-
abc
++1
000.e
-
1e-
1.2.3
--2
e10
e10
000.e
1e
+
1e-
000.e
abc
0e
000.e
1e-
++1
e10
000.e
.
1e-
1ee2
1.2.3
++1
.
0e
--2
1e+
1e+
--2
1.2.3
e10
1.2.3
1ee2
1.2.3
--2
--2
+
1ee2
++1
--2
--2
++1
0e
1.2.3
1.2.3
1e-
+
1e-
.
1.2.3
1e-
1e-
++1
1ee2
1e+
000.e
.
1e-
1e+
-
+
000.e
1.2.3
abc
1e
e10
+
1ee2
1.2.3
abc
000.e
1ee2
-
1e+
0e
1.2.3
1e-
1ee2
e10
++1
1e-
-
+
000.e
abc
1e
1e
1e-
--2
1e+
+
1e-
.
0e
--2
+
-
0e
0e
abc
++1
1e
000.e
1.2.3
--2
--2
000.e
000.e
1ee2
-
1e
abc
1e
1ee2
e10
1ee2
1.2.3
000.e
.
1ee2
1e-
.
1e-
000.e
.
000.e
1e+
-
1.2.3
1e-
e10
++1
--2
e10
1.2.3
1e-
1e-
++1
abc
-
.
++1
1ee2
1e
1.2.3
++1
abc
-
000.e
1.2.3
abc
-
+
e10
1e+
1e-
1.2.3
+
abc
e10
1e
1e
e10
-
++1
++1
0e
1e-
-
e10
1.2.3
1ee2
--2
--2
e10
1e+
abc
1.2.3
1e
1e-
0e
1e+
-
abc
000.e
1.2.3
1e
abc
000.e
000.e
000.e
1e+
1e-
e10
1e+
1e-
+
0e
000.e
1.2.3
--2
1ee2
++1
1e
1e-
1e+
abc
0e
--2
1ee2
1e+
1e+
+
-
--2
1.2.3
e10
1.2.3
.
1e-
--2
-
1e
abc
+
1ee2
1e+
.
1ee2
1ee2
++1
000.e
.
1e-
--2
--2
1e
-
1e
abc
1.2.3
e10
1ee2
.
1e+
-
1.2.3
+
-
0e
1e-
000.e
-
1e
1e-
.
0e
+
1.2.3
++1
1e-
-
abc
1.2.3
abc
abc
000.e
++1
000.e
1e
.
abc
abc
1e
0e
+
e10
1ee2
--2
--2
e10
e10
-
1e+
1ee2
--2
abc
.
1e
.
-
1.2.3
1e+
1e+
++1
--2
-
0e
+
1e
1e+
1e-
0e
1.2.3
1e+
e10
000.e
--2
-
1ee2
0e
--2
1e-
0e
++1
1ee2
1e-
abc
.
1e-
--2
++1
.
0e
+
000.e
+
abc
1.2.3
++1
abc
e10
1e
1e
e10
--2
1ee2
++1
1.2.3
abc
e10
1e
-
++1
e10
e10
000.e
0e
++1
1.2.3
1ee2
++1
.
1e
++1
-
000.e
1.2.3
000.e
0e
e10
1e-
e10
--2
abc
1e
1e+
1e-
1.2.3
000.e
+
1e+
-
1e+
-
1.2.3
000.e
abc
abc
--2
+
0e
abc
--2
+
-
.
abc
++1
1e+
1ee2
+
0e
1e
e10
0e
abc
.
1e-
--2
0e
.
.
++1
1e+
e10
1e
000.e
1ee2
0e
000.e
e10
1e-
e10
1.2.3
+
1ee2
-
e10
.
1e+
+
--2
-
--2
abc
0e
.
0e
1.2.3
+
e10
+
0e
e10
1ee2
+
.
abc
0e
--2
1ee2
--2
e10
+
--2
1.2.3
1e
abc
.
abc
1e+
1e
.
++1
1e
0e
e10
0e
.
e10
000.e
1e-
1e+
1e-
1e
abc
--2
1.2.3
1e+
.
+
.
-
.
1.2.3
-
1e+
--2
abc
-
++1
e10
0e
0e
abc
++1
e10
e10
abc
e10
+
1.2.3
abc
1.2.3
abc
-
.
1e+
1e-
abc
1e+
1ee2
++1
+
1e+
1e-
++1
++1
000.e
1e-
++1
1e-
1e-
000.e
++1
.
1.2.3
.
--2
1e
1.2.3
+
1e-
0e
000.e
e10
-
0e
1e
1ee2
000.e
.
++1
1.2.3
1e-
1e
000.e
1e
1e+
-
e10
-
abc
+
.
--2
--2
1e+
--2
.
+
1ee2
1.2.3
1ee2
++1
+
e10
abc
--2
000.e
+
1e-
000.e
-
.
0e
e10
++1
abc
.
0e
-
++1
000.e
1.2.3
abc
+
0e
1ee2
+
000.e
++1
1e-
-
e10
000.e
e10
0e
e10
--2
1ee2
--2
000.e
0e
+
1ee2
--2
1.2.3
+
abc
++1
000.e
0e
0e
abc
1e
-
e10
++1
0e
+
1ee2
1.2.3
abc
1e+
++1
0e
1e+
1e+
-
--2
1e
1e+
1e+
000.e
1.2.3
abc
--2
1e+
++1
+
+
--2
0e
++1
000.e
0e
1.2.3
1e+
1e
-
e10
1e
1e-
1e+
.
e10
.
abc
0e
1e
++1
.
+
-
.
--2
0e
1ee2
1ee2
1.2.3
1.2.3
0e
1ee2
000.e
+
1e
-
+
000.e
1e
++1
1e
1e
e10
+
+
1e+
e10
--2
1e-
1.2.3
000.e
1e-
1e
000.e
e10
0e
1ee2
e10
.
abc
e10
1e+
e10
0e
abc
1e+
++1
-
1e+
-
-
--2
1e+
1e
++1
000.e
abc
abc
e10
-
1e-
abc
abc
000.e
1ee2
000.e
000.e
--2
1.2.3
1ee2
1ee2
.
0e
-
1e-
++1
0e
+
1.2.3
.
1ee2
.
1e-
0e
1.2.3
.
+
1.2.3
1ee2
1e
-
abc
-
++1
1ee2
abc
--2
0e
000.e
1e
.
000.e
1ee2
+
1.2.3
0e
++1
000.e
.
++1
0e
abc
1e+
+
1e-
e10
1e
-
1e-
0e
e10
+
000.e
1e+
++1
++1
.
1e-
-
1e+
--2
++1
1.2.3
1e+
1e+
-
000.e
++1
--2
000.e
.
--2
e10
1ee2
1e+
-
+
1ee2
++1
--2
1e
0e
1.2.3
1ee2
000.e
.
++1
1ee2
1e
0e
++1
000.e
.
1ee2
1.2.3
000.e
.
0e
1e+
1.2.3
1e-
+
--2
abc
0e
0e
000.e
1e+
e10
1ee2
1ee2
--2
abc
1e-
-
-
0e
--2
1e
abc
1e-
e10
1e+
000.e
1e+
1e-
1.2.3
e10
++1
-
e10
1e
1e-
++1
e10
e10
1ee2
++1
1e
0e
+
abc
1.2.3
1e
1e-
0e
-
.
-
--2
-
1e-
+
0e
1e+
1e+
1e
0e
abc
1e
abc
1e
1e
000.e
--2
abc
abc
000.e
abc
000.e
1ee2
--2
+
1e-
+
1e
1e+
000.e
abc
1e+
.
-
-
+
000.e
++1
000.e
++1
e10
1e
e10
1ee2
.
.
-
-
-
++1
+
1e
1.2.3
abc
1.2.3
1e-
.
1e+
1.2.3
++1
+
-
000.e
e10
000.e
++1
++1
--2
++1
e10
-
e10
1e+
-
--2
--2
abc
1e+
abc
--2
.
1e+
1e-
e10
000.e
.
--2
++1
1e
++1
1e-
+
abc
1e
0e
1e+
--2
000.e
000.e
-
++1
000.e
1ee2
000.e
1.2.3
+
000.e
1ee2
e10
--2
-
.
--2
-
0e
000.e
e10
1.2.3
1e
1ee2
--2
0e
1e
abc
-
1e
1.2.3
1e+
-
.
1e
1ee2
-
1e-
+
1.2.3
1e
0e
000.e
+
1e
++1
0e
1e+
1e-
1e
1ee2
1.2.3
abc
1ee2
1e+
1e+
abc
++1
+
0e
1.2.3
1e+
1.2.3
-
e10
-
--2
1.2.3
1e+
1ee2
++1
+
--2
+
--2
.
abc
1.2.3
+
.
abc
++1
1e+
.
.
1ee2
1e+
e10
+
++1
++1
1e
++1
-
e10
1ee2
++1
1.2.3
1.2.3
1e-
++1
1e
1.2.3
000.e
+
e10
.
.
000.e
1ee2
1e+
+
1e-
+
--2
1.2.3
--2
--2
--2
+
abc
000.e
1.2.3
e10
.
.
1.2.3
+
1ee2
000.e
e10
abc
--2
000.e
++1
1e
+
1.2.3
--2
++1
e10
1ee2
e10
1e+
abc
000.e
+
abc
1e
+
-
abc
++1
--2
000.e
1e+
e10
abc
e10
-
1e-
--2
.
1e-
++1
1e+
e10
+
1e-
.
--2
0e
++1
+
1e-
e10
+
1ee2
abc
1ee2
1e+
1e-
1.2.3
abc
000.e
000.e
e10
++1
1ee2
1e
+
0e
1e+
e10
-
1.2.3
1.2.3
1e+
--2
++1
1e+
.
1e+
0e
.
+
1ee2
--2
1ee2
1e
--2
++1
1ee2
1e+
1e-
1e-
.
--2
-
1.2.3
1e+
1e
000.e
1e
1e
1e+
000.e
1e
+
1e-
++1
abc
.
abc
++1
1e
-
0e
000.e
1e
000.e
abc
1e-
--2
1e+
000.e
1ee2
-
--2
1e
000.e
1ee2
1e
-
abc
0e
abc
abc
1e
-
abc
1ee2
000.e
1e-
1e
abc
abc
1e+
++1
.
-
1.2.3
1e+
-
1e+
0e
+
abc
abc
abc
000.e
-
1e+
-
-
0e
1ee2
+
0e
+
++1
+
1e
1ee2
--2
e10
1e-
abc
-
+
+
0e
--2
000.e
1e-
1ee2
++1
1.2.3
1e+
1e
++1
abc
abc
++1
1ee2
1ee2
e10
1.2.3
-
1e-
abc
1e
+
abc
++1
1ee2
1ee2
+
1ee2
-
0e
e10
abc
++1
1ee2
000.e
-
1ee2
e10
e10
0e
-
0e
+
0e
+
1ee2
-
1e-
1e
000.e
1e
.
0e
.
0e
0e
abc
.
--2
1e-
e10
.
abc
000.e
++1
000.e
-
e10
1e
++1
1.2.3
0e
--2
--2
--2
-
e10
0e
.
1.2.3
abc
0e
+
1e
+
1ee2
abc
000.e
1e-
000.e
-
++1
abc
.
-
+
++1
1e
abc
000.e
.
+
e10
--2
1ee2
0e
+
1e-
1.2.3
--2
e10
.
++1
0e
++1
--2
.
1e
+
1e-
1ee2
+
+
1e+
0e
.
--2
+
1e+
+
abc
abc
1e
e10
-
1e+
1.2.3
1ee2
.
--2
++1
e10
.
+
1.2.3
1e-
1e-
--2
1.2.3
1e-
.
abc
--2
abc
1e+
1e+
1ee2
.
++1
++1
+
1e
--2
.
1ee2
1ee2
000.e
++1
e10
0e
1e
++1
e10
1e-
++1
--2
+
abc
.
1e-
0e
--2
+
1e+
e10
--2
+
-
++1
++1
.
.
++1
000.e
1ee2
.
1e-
.
0e
++1
1e
e10
000.e
1e+
000.e
0e
abc
abc
1ee2
1.2.3
.
--2
1e-
e10
e10
1ee2
000.e
1e+
-
1e-
+
--2
000.e
000.e
+
-
.
000.e
-
e10
-
1.2.3
e10
000.e
.
1e
++1
++1
.
-
000.e
+
--2
+
1e
-
1e-
--2
1.2.3
abc
e10
1e
000.e
1.2.3
e10
1e
-
-
++1
1e+
0e
1e+
.
-
.
1e-
+
000.e
0e
e10
e10
abc
abc
.
1e-
++1
abc
+
--2
++1
1ee2
--2
1e
1.2.3
++1
1.2.3
1.2.3
000.e
1ee2
++1
++1
1e-
+
000.e
--2
1e
1.2.3
1.2.3
.
+
1.2.3
e10
000.e
1ee2
0e
abc
-
0e
000.e
abc
e10
1e+
e10
-
++1
000.e
1ee2
-
1.2.3
1ee2
1e-
1ee2
--2
e10
1e-
.
1e+
--2
-
-
+
1.2.3
1e
abc
-
--2
-
000.e
.
e10
abc
.
e10
1e
abc
1.2.3
1.2.3
1e+
1.2.3
.
+
1ee2
++1
--2
-
1e
e10
1.2.3
1.2.3
1ee2
000.e
++1
1e
++1
1ee2
000.e
.
1ee2
1e
-
0e
abc
1e-
1ee2
+
abc
1.2.3
000.e
0e
000.e
1ee2
1.2.3
.
+
-
000.e
000.e
1.2.3
--2
--2
++1
000.e
000.e
1e-
1e
abc
1.2.3
--2
++1
1.2.3
+
e10
1e+
1e+
1e
-
1ee2
1e+
abc
1.2.3
1e-
abc
+
1e
-
+
.
1e
1e
1.2.3
1.2.3
1e
1ee2
1e+
+
--2
--2
-
abc
000.e
1e+
.
.
1ee2
--2
-
abc
0e
1e
1.2.3
++1
1e-
e10
1ee2
-
e10
1e
1ee2
abc
e10
e10
.
+
abc
1ee2
1ee2
.
abc
1ee2
1.2.3
+
0e
000.e
.
.
000.e
.
e10
1e+
0e
1e
1e
abc
000.e
abc
++1
1e+
--2
--2
abc
e10
0e
1e
1ee2
abc
1ee2
1e
e10
+
1ee2
1e
abc
++1
1e-
e10
1ee2
000.e
1.2.3
1e+
000.e
1.2.3
abc
+
++1
++1
1ee2
.
.
1ee2
1ee2
++1
--2
--2
1e+
1e-
1.2.3
1e+
--2
1e
1e+
1e
.
000.e
.
++1
abc
1ee2
0e
.
.
++1
-
1.2.3
1.2.3
--2
1e+
1ee2
1e+
.
++1
1e-
e10
1e+
000.e
1e-
e10
1e-
0e
+
1.2.3
-
-
.
000.e
1ee2
1e+
+
-
1.2.3
1.2.3
abc
1.2.3
++1
e10
1.2.3
abc
1ee2
1e+
1e+
e10
.
e10
-
000.e
abc
0e
.
.
-
.
+
1.2.3
1e-
0e
+
000.e
abc
1ee2
1.2.3
1ee2
e10
1e-
abc
1e-
+
1e
abc
1e
000.e
1e
1e+
+
e10
-
1ee2
e10
.
abc
-
++1
0e
1e-
--2
1e+
1.2.3
1e-
1e
.
+
+
1.2.3
+
++1
1e+
000.e
1.2.3
++1
0e
e10
abc
1e-
1e+
1e
0e
e10
-
--2
1.2.3
000.e
1.2.3
000.e
1.2.3
000.e
1e+
++1
++1
1e+
++1
.
1e
1e+
.
1e+
1e
0e
--2
1e+
1e
1.2.3
abc
1e-
+
1.2.3
1.2.3
1e-
-
1e
e10
+
.
+
000.e
abc
abc
0e
0e
0e
+
1ee2
-
1e-
++1
0e
1e-
1e+
000.e
-
1e-
-
+
+
1ee2
000.e
e10
1ee2
e10
1e
0e
1e-
000.e
1e-
0e
0e
1e-
0e
-
1e
1e
1.2.3
1ee2
1ee2
1ee2
--2
abc
+
++1
.
000.e
-
1ee2
1ee2
+
.
abc
+
--2
1e-
e10
--2
e10
1e
1e
abc
-
-
++1
1ee2
e10
-
1.2.3
.
+
1e-
0e
1ee2
+
++1
1ee2
000.e
1e-
-
.
1.2.3
++1
++1
+
000.e
1ee2
++1
1ee2
1.2.3
1e+
1e
1ee2
--2
0e
+
--2
+
000.e
.
-
000.e
.
e10
000.e
--2
000.e
1.2.3
000.e
e10
+
e10
000.e
1.2.3
000.e
+
1e-
+
1e-
++1
1ee2
.
abc
--2
.
1e-
0e
abc
1e-
--2
+
++1
1.2.3
abc
e10
--2
abc
1e
000.e
.
1e
1e-
1ee2
-
1.2.3
e10
1e-
++1
--2
.
.
1e
e10
1e-
1e+
1.2.3
.
1e
1e
--2
0e
--2
-
1e-
--2
1e+
.
abc
++1
1.2.3
1ee2
1e+
-
e10
.
1e+
0e
+
1e+
1.2.3
--2
.
0e
.
--2
0e
1e-
1e+
abc
-
--2
1.2.3
000.e
-
1e
0e
+
0e
1ee2
1ee2
+
1e-
++1
.
abc
000.e
-
1e+
abc
.
1.2.3
1e
000.e
1ee2
--2
1ee2
-
+
.
e10
-
1.2.3
+
e10
1e
e10
abc
--2
1e
1.2.3
+
+
.
1e
e10
1e+
1.2.3
e10
abc
abc
+
1e
1.2.3
abc
-
--2
1e+
1e-
+
0e
.
1e+
abc
--2
000.e
1.2.3
--2
000.e
-
++1
1e-
1e
--2
1e
++1
abc
-
1ee2
e10
+
1ee2
1ee2
+
000.e
1e-
.
+
1e+
000.e
1e-
1ee2
000.e
1ee2
+
1.2.3
000.e
1e
1ee2
.
+
1.2.3
--2
1ee2
1e-
1ee2
1ee2
--2
++1
--2
abc
1e
1e-
000.e
1e+
1e
1.2.3
1e
1e-
1e-
1e-
.
+
1e
1e-
abc
1.2.3
+
1.2.3
-
+
1e-
e10
1.2.3
--2
+
1e+
000.e
e10
1e
000.e
000.e
1ee2
--2
e10
++1
000.e
--2
000.e
0e
e10
e10
1e-
e10
.
-
0e
1e
0e
--2
--2
1e
0e
1e-
0e
e10
1e
0e
-
0e
abc
1e+
1e
000.e
e10
-
+
1ee2
--2
1e-
--2
1e-
-
000.e
1e+
1e+
--2
1e+
+
-
1e-
0e
--2
+
1ee2
+
000.e
1e-
+
1.2.3
abc
1ee2
e10
1.2.3
-
-
0e
.
1e
+
+
000.e
-
++1
e10
000.e
000.e
+
++1
abc
000.e
--2
1ee2
1e
1e+
1ee2
++1
1e-
1e-
000.e
+
000.e
e10
0e
e10
--2
--2
--2
+
e10
-
+
--2
--2
--2
+
1e
1.2.3
+
1.2.3
abc
1e-
0e
0e
000.e
1.2.3
-
1.2.3
1.2.3
++1
1e+
1e
1e
-
1e
-
e10
++1
1e+
+
e10
1ee2
abc
1.2.3
1ee2
1e-
000.e
1.2.3
1e+
000.e
++1
1.2.3
1ee2
++1
.
1.2.3
1ee2
1e
1e-
000.e
1e-
abc
1e+
.
-
++1
1.2.3
-
1e+
1e-
--2
-
abc
1e+
1e-
+
1ee2
abc
.
1ee2
e10
000.e
1e-
1e+
0e
abc
--2
1e-
1e-
+
-
1e+
1ee2
1ee2
e10
1.2.3
1.2.3
1e-
+
1ee2
1e
--2
e10
1e-
1e-
1e
+
++1
000.e
1e
++1
--2
-
1e-
+
1e-
-
1.2.3
1e-
+
1e
1ee2
e10
abc
1.2.3
1ee2
1e-
-
000.e
.
+
1e
abc
1ee2
1e
1.2.3
1.2.3
+
++1
e10
.
--2
1e+
--2
0e
1ee2
1.2.3
1e+
-
000.e
+
abc
e10
0e
-
abc
1e+
1.2.3
1ee2
-
.
++1
000.e
1e+
+
++1
-
abc
++1
.
++1
abc
1ee2
1e-
0e
++1
e10
000.e
1e+
0e
1e
++1
e10
1e-
+
1ee2
1e-
e10
+
+
1.2.3
1.2.3
1e
++1
1e
+
++1
1.2.3
--2
e10
abc
e10
--2
1ee2
1.2.3
.
1.2.3
1ee2
--2
-
000.e
--2
.
1e-
abc
1.2.3
--2
.
++1
000.e
.
0e
.
--2
++1
abc
e10
abc
1e
--2
1e
000.e
1.2.3
++1
1ee2
1e+
000.e
.
--2
++1
0e
e10
+
e10
1ee2
.
1ee2
1e+
1ee2
1ee2
1ee2
--2
1.2.3
.
1e+
+
1e+
++1
--2
1e
1e-
000.e
.
--2
abc
1.2.3
abc
000.e
+
-
+
++1
1e-
1e+
1e+
-
1e-
.
+
1.2.3
000.e
++1
1e
1e-
1ee2
+
++1
+
1e-
0e
1e+
abc
0e
--2
000.e
1e+
1ee2
e10
1.2.3
e10
1e
1e
abc
abc
e10
e10
--2
++1
.
abc
1ee2
1e-
000.e
1e
1e
000.e
+
1ee2
1ee2
++1
-
--2
000.e
1.2.3
abc
1ee2
1ee2
-
1ee2
+
abc
e10
--2
0e
-
000.e
0e
.
1e
abc
1ee2
abc
abc
.
000.e
--2
abc
1e+
1e-
.
1.2.3
1e-
1.2.3
1e-
1e
1ee2
++1
abc
0e
1e-
abc
000.e
0e
1.2.3
1e+
abc
1ee2
e10
1.2.3
1e
1.2.3
1.2.3
1.2.3
1e
0e
-
1e
1.2.3
000.e
1.2.3
1e-
1e-
000.e
-
0e
--2
0e
1e
+
-
+
+
+
1e-
1.2.3
e10
1e-
0e
0e
e10
.
1ee2
+
-
+
1e+
+
000.e
1e-
-
--2
1.2.3
--2
++1
.
1e
++1
1e-
1e+
1e+
1e-
000.e
1e+
1e+
++1
abc
000.e
-
abc
--2
++1
++1
++1
abc
1e
0e
.
1e+
1ee2
000.e
1e
--2
+
000.e
1.2.3
e10
e10
1e
--2
1e+
000.e
-
e10
1e+
1ee2
++1
+
1e+
-
abc
abc
1e-
e10
1.2.3
0e
abc
1e+
1e
000.e
1e-
++1
--2
abc
1e
abc
--2
1e
abc
++1
1e+
0e
e10
++1
.
.
1.2.3
000.e
++1
000.e
1ee2
e10
000.e
1e
+
++1
1.2.3
0e
.
1e
--2
--2
-
+
0e
1e+
++1
1ee2
e10
++1
1e
--2
abc
++1
+
1ee2
1e-
+
+
000.e
--2
--2
000.e
1e-
000.e
1e-
0e
+
1e-
1e+
abc
1.2.3
--2
--2
1e-
000.e
++1
++1
-
1e-
--2
1e
e10
1.2.3
e10
1ee2
1e+
1e+
e10
.
--2
1e
.
--2
1ee2
-
.
1e-
--2
0e
-
e10
--2
1.2.3
--2
+
.
000.e
1e+
-
e10
1e
.
.
--2
1ee2
-
1e+
000.e
1e
1e-
000.e
--2
abc
1.2.3
++1
1e
.
0e
.
+
000.e
000.e
0e
++1
.
--2
1.2.3
1e-
abc
0e
1ee2
1ee2
1e-
1e+
abc
+
0e
1.2.3
1e+
1e
-
1ee2
+
1.2.3
0e
1ee2
1e
1e-
1e
1e-
.
++1
0e
1ee2
0e
-
1e-
abc
1e-
1ee2
.
1e
.
0e
++1
000.e
0e
++1
1ee2
e10
1e+
0e
--2
.
1e+
1e-
e10
abc
000.e
000.e
-
abc
1e+
--2
.
+
abc
1ee2
abc
1e-
000.e
0e
1.2.3
1e-
++1
0e
+
0e
--2
1e-
0e
0e
0e
1e-
1e+
.
1ee2
--2
-
1e+
0e
abc
--2
+
1e
1e-
--2
0e
1.2.3
1.2.3
-
1ee2
++1
e10
-
+
1e-
e10
000.e
--2
+
--2
0e
e10
+
--2
1ee2
--2
000.e
.
abc
000.e
--2
1ee2
+
+
1e-
1ee2
++1
1.2.3
1e
1e
e10
0e
0e
e10
1e+
++1
abc
1.2.3
1e
1ee2
1ee2
1.2.3
1e
0e
-
1ee2
-
1e+
1e+
-
-
1.2.3
0e
e10
abc
000.e
1ee2
.
1e-
0e
1ee2
abc
000.e
000.e
1.2.3
1e-
1ee2
1.2.3
abc
1e+
.
++1
1.2.3
1ee2
++1
--2
--2
--2
++1
1e-
--2
1.2.3
--2
1e
+
1e+
e10
1e
0e
1e+
1e+
1.2.3
e10
-
.
0e
.
e10
1e+
1e-
e10
1.2.3
--2
0e
+
.
1ee2
1e
--2
abc
e10
1.2.3
--2
+
+
0e
0e
++1
+
1ee2
0e
1e+
-
1e-
000.e
1e
e10
-
1ee2
1e-
1e+
0e
++1
--2
1e-
1e
1ee2
+
1.2.3
0e
e10
abc
abc
1ee2
-
.
abc
1ee2
1e+
+
+
abc
1e+
--2
.
1ee2
1e+
abc
+
1e
++1
1e-
1e-
--2
0e
.
--2
-
1ee2
abc
++1
++1
000.e
e10
0e
1e+
--2
1ee2
1.2.3
--2
--2
0e
++1
.
.
0e
1e-
000.e
--2
+
1.2.3
000.e
+
000.e
e10
1ee2
-
1e
000.e
+
1.2.3
e10
1e
1e-
--2
000.e
--2
1.2.3
0e
+
1e
1e+
.
1e
1ee2
abc
-
-
0e
-
1.2.3
+
++1
1e-
--2
--2
0e
++1
1.2.3
--2
1e
1e-
0e
0e
000.e
0e
1e-
.
1e+
abc
-
+
1e+
1ee2
-
.
1ee2
1e+
+
.
++1
e10
1e
1e+
1e-
abc
++1
--2
e10
+
1ee2
.
1e+
0e
0e
1e+
abc
0e
++1
-
1e
1e
1e-
000.e
1e
--2
--2
000.e
+
++1
1e
++1
1ee2
000.e
abc
-
.
1e
+
1e+
0e
1e+
0e
-
000.e
.
abc
1e
+
1.2.3
.
1e
000.e
-
+
e10
1e
0e
--2
000.e
+
1e
1e-
1e+
1e+
abc
000.e
++1
1e
e10
0e
--2
1e
1e-
abc
0e
1.2.3
e10
-
++1
1ee2
1e-
--2
++1
1e-
1ee2
--2
--2
abc
.
1.2.3
1e-
1e+
0e
000.e
-
e10
000.e
000.e
abc
1.2.3
+
000.e
.
++1
1e+
.
1e
++1
-
000.e
-
++1
000.e
--2
++1
1e+
1e-
000.e
1.2.3
+
-
--2
1ee2
1ee2
1e+
0e
0e
1e-
+
-
1e+
000.e
1.2.3
1e-
1ee2
-
1ee2
1e-
++1
++1
1e
.
1e
000.e
0e
1e-
--2
1e-
1e+
1e
.
1e-
-
1ee2
+
.
1e
0e
1e+
++1
e10
+
e10
1e
-
.
1.2.3
1e-
1ee2
1ee2
--2
-
e10
-
.
++1
e10
e10
1e+
1e+
1e
1.2.3
1.2.3
+
--2
--2
000.e
1ee2
0e
.
-
1.2.3
000.e
.
1e
1e+
1e-
1e-
abc
.
abc
0e
1.2.3
1e+
++1
1e-
1e+
++1
000.e
1e+
1e-
1ee2
1ee2
--2
e10
1e+
--2
+
.
.
++1
abc
1e+
1.2.3
1ee2
1.2.3
-
.
1e
1e+
++1
0e
e10
e10
1e
000.e
abc
1e
e10
1e-
1e+
--2
--2
abc
0e
1ee2
1e-
0e
-
e10
.
0e
-
1e
.
0e
+
000.e
--2
+
abc
1e+
.
.
abc
e10
++1
1e-
++1
++1
1e+
000.e
-
1e-
e10
1.2.3
1e-
.
1.2.3
.
0e
.
0e
1e+
1.2.3
1e+
-
0e
++1
1e-
++1
1ee2
+
1e-
.
+
1ee2
abc
1ee2
++1
0e
0e
1.2.3
.
1e+
000.e
1e
1e
000.e
1.2.3
.
1e+
000.e
1e+
000.e
.
.
1e-
abc
.
1ee2
-
1e-
1.2.3
0e
++1
1e
++1
++1
1.2.3
abc
.
1.2.3
--2
000.e
1e+
++1
e10
1e
-
0e
-
1e+
1.2.3
++1
.
000.e
abc
+
1ee2
1e+
.
1e-
.
1e
+
--2
--2
000.e
+
1e-
--2
abc
000.e
--2
000.e
+
0e
1ee2
e10
0e
000.e
1e
1e+
1e+
++1
1e-
0e
1e+
abc
--2
0e
1.2.3
0e
1e
1e
1ee2
1e-
abc
1e+
0e
0e
--2
abc
-
1ee2
+
1.2.3
++1
e10
++1
--2
.
++1
000.e
1.2.3
-
e10
1e+
0e
1e+
++1
abc
1e+
--2
.
++1
--2
abc
-
0e
1e+
1e+
abc
e10
0e
+
1e
++1
1.2.3
1e
.
0e
0e
e10
++1
1e-
1ee2
000.e
-
e10
e10
e10
1e-
000.e
0e
1.2.3
1e
abc
+
1e+
1e+
.
000.e
0e
000.e
0e
abc
1e-
000.e
++1
+
++1
1e
.
++1
abc
1e-
1.2.3
-
1.2.3
1e-
.
.
abc
000.e
1e-
1e-
000.e
000.e
-
.
1ee2
abc
1.2.3
1.2.3
+
1.2.3
0e
000.e
e10
-
1ee2
.
1e
+
1e-
+
++1
1e-
++1
e10
--2
+
000.e
1.2.3
.
1e+
1.2.3
1e+
.
-
1e
--2
1.2.3
.
000.e
1e-
++1
1e
e10
++1
1e-
.
1e+
e10
0e
+
--2
1e
-
1.2.3
1ee2
+
000.e
++1
+
000.e
1e
+
.
1ee2
1ee2
++1
1ee2
0e
000.e
1e-
.
+
1e-
--2
.
000.e
1e-
abc
abc
+
000.e
--2
-
abc
e10
++1
1e+
0e
1.2.3
++1
1e
1.2.3
e10
1e
1.2.3
1e
-
1e
e10
1e
0e
+
--2
1e
0e
-
--2
++1
.
e10
++1
1e-
1ee2
-
+
e10
abc
1.2.3
000.e
+
000.e
-
e10
+
+
1e+
1e
.
+
-
000.e
++1
1.2.3
e10
++1
e10
-
abc
abc
0e
++1
1e-
e10
+
1e-
++1
1e-
1e
1e-
--2
.
++1
--2
1e
1e+
+
e10
+
e10
abc
e10
-
+
abc
1e-
000.e
--2
000.e
.
1.2.3
1ee2
-
e10
0e
+
e10
000.e
1e+
-
1e+
e10
++1
abc
000.e
e10
-
1.2.3
.
++1
++1
-
1ee2
1ee2
1.2.3
0e
0e
1ee2
1e+
000.e
0e
++1
-
--2
1e-
1e-
-
1ee2
-
0e
1.2.3
++1
1.2.3
.
e10
e10
-
000.e
1e+
.
1.2.3
++1
1e+
.
+
0e
-
abc
1.2.3
abc
1e
abc
+
-
1e+
abc
0e
1.2.3
-
abc
000.e
.
+
abc
1ee2
1e
e10
0e
-
1e-
1.2.3
++1
e10
1e
+
++1
+
++1
1e-
1ee2
1e-
000.e
1e
1e-
+
1e-
+
e10
1e+
abc
++1
1e-
+
+
1ee2
-
1e-
+
1e-
000.e
1.2.3
000.e
+
abc
--2
-
abc
1ee2
1e-
1e-
0e
.
abc
0e
000.e
1.2.3
1.2.3
++1
++1
--2
+
0e
1e+
1ee2
1ee2
1e+
++1
000.e
+
.
1e
-
1e
e10
1e+
+
--2
.
abc
++1
0e
1ee2
.
--2
000.e
1e-
1ee2
.
+
1ee2
1e+
.
1ee2
e10
1e
--2
000.e
1ee2
++1
++1
1e-
.
1e-
++1
.
1.2.3
1e
1.2.3
e10
1.2.3
1e+
1.2.3
.
1.2.3
abc
+
1e
1e
e10
e10
+
.
e10
--2
1.2.3
1.2.3
-
1.2.3
-
1ee2
++1
1e
1e+
e10
++1
-
e10
--2
1e
.
e10
1.2.3
000.e
1e-
abc
1e
1e-
-
.
000.e
1e+
1e-
1ee2
e10
.
--2
--2
++1
1.2.3
1e-
--2
0e
0e
e10
--2
--2
1e
e10
e10
1e
1.2.3
-
000.e
000.e
1ee2
1e
abc
1.2.3
--2
++1
000.e
1ee2
000.e
+
abc
1e+
1e
++1
.
++1
abc
1e-
.
0e
1.2.3
-
-
+
abc
e10
--2
.
abc
000.e
1ee2
--2
0e
000.e
++1
1ee2
abc
000.e
--2
e10
abc
-
1e+
.
abc
1.2.3
1e+
1e
1.2.3
000.e
1e
abc
1ee2
e10
000.e
0e
e10
e10
1ee2
abc
1e+
1e
1e-
e10
1e+
.
1e-
+
e10
1e
e10
1e
1e
-
1ee2
1e
-
++1
0e
1e-
-
1e-
abc
1e
1e-
1ee2
e10
1.2.3
1.2.3
1e
0e
-
e10
abc
1e
0e
0e
--2
1e
abc
1.2.3
1.2.3
1.2.3
1e+
000.e
.
--2
--2
-
000.e
-
1.2.3
.
0e
0e
1.2.3
1.2.3
1ee2
.
0e
1.2.3
++1
1ee2
1ee2
1e+
1.2.3
-
1e+
1e
1e
1.2.3
1e
abc
e10
+
++1
-
abc
1e-
000.e
.
1e+
--2
--2
1.2.3
1e-
000.e
1ee2
+
abc
1e+
++1
1e
++1
1.2.3
+
1e
abc
0e
e10
1.2.3
-
1e-
e10
.
abc
1e
1ee2
1ee2
abc
1e-
0e
1e-
000.e
abc
1e+
1e-
abc
000.e
0e
000.e
1e-
0e
--2
+
--2
000.e
-
abc
1.2.3
1e+
.
e10
0e
abc
+
0e
1e+
abc
--2
abc
-
++1
abc
+
000.e
1.2.3
0e
000.e
-
-
1e-
000.e
abc
0e
e10
1ee2
.
++1
1ee2
1e-
1e+
-
1e-
--2
-
-
1e+
.
e10
1.2.3
1.2.3
-
1e-
abc
000.e
1e-
1e+
1e+
1ee2
+
000.e
1e+
1e
1ee2
e10
++1
000.e
-
+
1e
1e-
abc
1.2.3
1ee2
000.e
++1
000.e
0e
1e
1e+
abc
+
abc
1e
1e-
--2
000.e
1e+
1ee2
000.e
++1
-
abc
.
1e+
000.e
-
0e
abc
+
-
--2
--2
-
+
000.e
-
e10
-
-
1.2.3
1ee2
.
--2
--2
--2
000.e
+
abc
0e
e10
1e
1e
abc
1ee2
abc
1.2.3
1e-
++1
1e
--2
++1
.
1.2.3
1ee2
+
abc
.
1.2.3
++1
++1
--2
.
--2
+
0e
000.e
-
abc
1e+
abc
0e
e10
0e
abc
1e-
1.2.3
.
0e
0e
1.2.3
1ee2
++1
0e
+
1e
0e
--2
e10
abc
e10
.
--2
.
abc
1.2.3
1e+
1.2.3
-
1e+
1e-
1.2.3
1ee2
.
1.2.3
1ee2
1e-
--2
abc
++1
1e+
.
--2
000.e
000.e
1e-
1e+
++1
+
++1
1e-
-
.
abc
++1
1e
000.e
e10
abc
1.2.3
000.e
000.e
1e-
1.2.3
e10
0e
000.e
.
abc
000.e
++1
1.2.3
e10
1ee2
1e+
1e-
1e-
++1
+
--2
+
000.e
1e
++1
.
0e
+
1e
0e
1ee2
abc
1.2.3
1e-
1e
abc
1ee2
1e
1e+
1e+
++1
0e
0e
1e-
++1
+
abc
.
1.2.3
--2
e10
-
abc
+
+
1e
--2
+
.
1ee2
1e+
.
--2
--2
0e
.
abc
+
++1
0e
abc
1e
+
-
000.e
1ee2
+
-
abc
--2
000.e
1.2.3
1.2.3
000.e
1.2.3
1e+
abc
1e-
--2
1ee2
1.2.3
000.e
e10
++1
abc
e10
1.2.3
1e-
1e-
1.2.3
1e
abc
-
++1
.
0e
000.e
1ee2
0e
++1
1e+
1ee2
++1
.
1e
1.2.3
e10
0e
abc
1.2.3
-
1e+
1e-
--2
0e
-
000.e
e10
1e+
e10
e10
.
.
1ee2
--2
0e
--2
1.2.3
++1
1e
000.e
1ee2
000.e
e10
+
0e
abc
abc
--2
--2
-
+
abc
+
1ee2
1e-
--2
1e
+
--2
1.2.3
++1
abc
0e
--2
1.2.3
1.2.3
000.e
1e
0e
1.2.3
0e
-
-
e10
1e
-
--2
--2
.
++1
+
0e
1e+
-
e10
++1
1e
0e
-
000.e
1e+
-
1e-
1.2.3
0e
1e-
e10
+
+
1e-
+
abc
abc
1ee2
.
.
000.e
e10
1.2.3
+
1e-
1ee2
1e
-
--2
e10
000.e
1.2.3
1e
.
1e-
+
1e
-
e10
1.2.3
1e-
e10
1.2.3
abc
++1
+
+
-
1ee2
0e
.
--2
1ee2
0e
1e-
++1
++1
abc
+
-
-
+
000.e
.
000.e
0e
++1
.
1ee2
1e-
0e
1.2.3
abc
abc
1e+
e10
e10
--2
000.e
++1
000.e
0e
.
1.2.3
.
--2
1.2.3
0e
.
++1
1e
1.2.3
0e
1e
.
.
0e
1ee2
0e
++1
1e-
abc
+
--2
1ee2
000.e
++1
1ee2
1ee2
-
1e+
1ee2
+
1e-
1e-
--2
+
1e
1e
0e
++1
000.e
1e
-
-
1.2.3
1ee2
1ee2
+
.
++1
abc
1.2.3
0e
1ee2
-
1ee2
.
1e
1e
000.e
1e+
.
e10
+
.
1e+
1e
.
++1
--2
.
-
0e
--2
--2
+
++1
1e+
1e+
--2
1e+
0e
+
-
++1
1e-
.
++1
1e
1ee2
1e
--2
1e-
1e
0e
--2
1ee2
0e
++1
000.e
1e
abc
.
.
abc
1.2.3
1e
e10
+
1ee2
++1
.
-
1ee2
0e
1.2.3
1e+
1ee2
1ee2
1e+
000.e
-
abc
0e
++1
1ee2
-
--2
-
0e
1ee2
1ee2
1ee2
e10
-
000.e
--2
e10
+
.
abc
0e
1e
1e-
+
abc
1e-
1e+
1e
1ee2
1e+
1e+
+
-
-
1ee2
1e-
1e-
abc
1e-
1e+
1.2.3
--2
++1
1.2.3
--2
0e
abc
++1
1e+
1e+
.
000.e
000.e
-
.
-
1e
++1
0e
0e
--2
abc
000.e
e10
1ee2
-
abc
abc
1e
+
+
1ee2
1e
1e
1e-
++1
--2
1ee2
-
0e
1ee2
0e
1e+
1e
.
1ee2
+
e10
++1
+
.
1e+
000.e
1ee2
1e
++1
000.e
.
1e
-
1e+
++1
.
abc
1ee2
1e+
++1
abc
e10
1ee2
+
--2
++1
1.2.3
abc
0e
0e
1e-
-
-
1e
1ee2
-
++1
0e
-
1e+
1e-
0e
.
1ee2
e10
1ee2
1ee2
e10
++1
--2
000.e
0e
1.2.3
++1
0e
e10
e10
+
1e
1.2.3
.
000.e
.
000.e
1ee2
000.e
++1
0e
+
--2
abc
++1
1e
--2
1e+
1ee2
1e+
--2
--2
1e-
000.e
abc
abc
--2
e10
1e-
1e-
1e-
.
1.2.3
+
1.2.3
.
0e
1.2.3
0e
+
-
000.e
000.e
+
abc
1e-
1e-
e10
++1
++1
1e
--2
-
abc
-
.
0e
++1
1e+
1e
abc
-
000.e
-
.
1ee2
e10
1e+
1e+
1e-
++1
e10
.
1e
1e
--2
abc
e10
0e
--2
e10
-
.
1.2.3
--2
.
abc
.
.
-
1e-
e10
++1
+
1.2.3
000.e
e10
--2
.
1e-
abc
000.e
.
e10
++1
1.2.3
1e-
++1
.
+
e10
abc
-
1.2.3
1ee2
--2
++1
-
000.e
0e
1.2.3
e10
--2
abc
0e
.
1.2.3
1e
000.e
+
+
1e
abc
1ee2
++1
++1
-
1e-
1ee2
1.2.3
1e
000.e
1e
-
.
1.2.3
++1
.
1e
1e-
1ee2
--2
1e-
0e
000.e
1ee2
e10
e10
000.e
e10
e10
e10
--2
1.2.3
1e
++1
1e
+
0e
1e+
--2
.
1e-
000.e
000.e
--2
abc
-
1.2.3
+
1e
1ee2
1e-
.
1e+
0e
1e
1e+
--2
0e
++1
000.e
.
abc
1ee2
1ee2
0e
1e+
--2
1ee2
1e
.
0e
e10
1e+
abc
1ee2
e10
-
--2
1.2.3
1ee2
++1
1e+
+
--2
+
--2
0e
000.e
+
0e
-
+
1e
1ee2
1ee2
--2
abc
1e-
.
abc
1e-
1.2.3
000.e
0e
.
000.e
1e
1e+
1ee2
1ee2
1e-
1.2.3
-
1.2.3
1e
1e
000.e
+
e10
1e+
0e
1e
1e-
e10
1e+
.
e10
--2
1e
abc
1e
1ee2
-
-
1e+
1e
1.2.3
1ee2
+
--2
e10
1ee2
abc
1e-
.
0e
1e
--2
e10
1.2.3
.
1ee2
.
abc
0e
1e+
abc
abc
e10
++1
000.e
-
abc
+
1ee2
1e+
1e
-
1e-
abc
abc
1.2.3
.
+
++1
1.2.3
-
1e
1e
1e
0e
.
.
--2
.
000.e
.
--2
1.2.3
++1
--2
-
--2
e10
e10
1e-
.
1.2.3
1e-
e10
1e+
000.e
1e-
1e
-
1e
+
.
1.2.3
e10
--2
abc
+
1e
000.e
++1
1.2.3
1.2.3
--2
-
000.e
abc
e10
0e
+
1e-
1ee2
000.e
000.e
1e-
1.2.3
1.2.3
1.2.3
++1
abc
000.e
+
1e
000.e
1e+
1e+
e10
1e+
++1
000.e
000.e
000.e
1ee2
-
--2
1e
++1
++1
abc
1ee2
abc
++1
++1
abc
1e+
1e+
1.2.3
-
++1
e10
--2
-
-
-
1e
000.e
000.e
0e
1ee2
++1
--2
++1
--2
++1
--2
1e-
0e
1e
+
0e
1e
1e
--2
.
.
-
++1
++1
1.2.3
-
-
000.e
--2
--2
+
1e+
000.e
+
++1
+
.
1e+
1.2.3
1e+
1ee2
000.e
+
e10
000.e
1e
-
e10
abc
0e
1.2.3
1ee2
abc
++1
1e+
+
.
1ee2
.
1e
++1
1e-
0e
.
+
0e
abc
1e-
+
0e
--2
000.e
1e-
1e
1e
0e
-
1e+
--2
--2
+
.
e10
abc
-
e10
+
1e
+
000.e
000.e
0e
000.e
1e
1e
1e
0e
-
0e
000.e
0e
1e
1ee2
.
1e
1e-
--2
1e
++1
abc
000.e
0e
-
1.2.3
1ee2
1e
-
abc
1e-
1.2.3
.
1e+
-
-
0e
+
-
1ee2
1e-
--2
abc
1e+
0e
-
++1
+
-
abc
++1
e10
1e+
.
++1
.
1e-
-
1.2.3
+
.
1e+
0e
000.e
e10
abc
1e-
000.e
abc
e10
++1
abc
1e-
1e
0e
000.e
1e-
--2
-
++1
--2
--2
000.e
-
-
1.2.3
-
.
abc
1.2.3
1e-
-
1ee2
e10
1ee2
.
++1
-
e10
-
--2
++1
1e
0e
abc
1e+
0e
1.2.3
1ee2
++1
e10
1e+
.
1e
1.2.3
+
1e
e10
1.2.3
++1
+
0e
-
1ee2
-
e10
--2
+
1e+
abc
--2
+
000.e
000.e
--2
e10
0e
000.e
++1
0e
-
abc
-
.
1.2.3
1ee2
e10
.
+
000.e
.
e10
--2
--2
.
1e+
e10
-
1ee2
e10
0e
1.2.3
1e
--2
1e-
000.e
000.e
+
-
abc
1ee2
0e
1.2.3
1e-
1ee2
1ee2
.
1ee2
1e
000.e
+
1e-
--2
1e
1e
1ee2
1e
-
+
1ee2
1e-
.
1e+
+
-
--2
.
1ee2
--2
++1
-
abc
.
.
000.e
1e-
--2
1e
1ee2
0e
0e
.
1e
1e+
++1
abc
++1
.
-
1.2.3
abc
+
000.e
0e
000.e
++1
abc
1ee2
000.e
0e
1e
++1
1e
1.2.3
0e
1e
+
1ee2
abc
0e
e10
0e
1.2.3
1e+
++1
-
000.e
-
000.e
++1
+
e10
1.2.3
.
e10
1e
-
abc
+
1e-
1e-
000.e
++1
++1
0e
1e
1e
.
1.2.3
--2
-
+
0e
1e+
abc
1ee2
--2
-
abc
1ee2
-
+
0e
1ee2
+
++1
abc
0e
1e+
1ee2
++1
1e-
0e
e10
1.2.3
--2
e10
1e-
1.2.3
000.e
+
e10
1e
--2
1ee2
1ee2
1e
+
1e
1e-
0e
.
1ee2
000.e
.
--2
0e
.
-
++1
.
-
1e+
+
1e
-
++1
.
--2
--2
--2
1.2.3
0e
++1
e10
1e-
.
--2
1e
.
0e
e10
abc
-
e10
0e
.
+
-
.
0e
+
1ee2
1e
--2
1e-
abc
1ee2
0e
000.e
1e
1.2.3
+
-
1ee2
-
--2
1ee2
000.e
+
--2
000.e
abc
1e
-
000.e
++1
++1
1.2.3
--2
1e-
1.2.3
1.2.3
1e-
.
1ee2
1e+
1e+
--2
0e
1ee2
0e
--2
+
000.e
0e
0e
-
.
+
e10
1e+
e10
1ee2
e10
1ee2
.
0e
++1
e10
+
000.e
abc
1ee2
1e-
1e+
0e
0e
--2
+
1e+
1e-
1ee2
000.e
0e
0e
--2
-
+
+
abc
1e+
abc
1e-
abc
--2
1e-
-
++1
-
+
1ee2
1ee2
-
-
.
+
.
e10
.
abc
1e+
1ee2
1e
++1
1ee2
0e
0e
1.2.3
++1
0e
1ee2
+
e10
++1
1ee2
-
0e
.
--2
++1
1e
e10
+
1e
0e
-
000.e
.
000.e
-
0e
1e-
1e
e10
1e
1e
1e
000.e
abc
1e
000.e
--2
.
-
1e-
000.e
1ee2
.
+
1ee2
e10
++1
abc
.
+
000.e
1ee2
+
.
.
1e-
1e
1ee2
abc
-
1ee2
1.2.3
1.2.3
000.e
+
1e+
1e
1e-
1e-
++1
+
0e
1e-
-
+
--2
--2
1e+
1e
000.e
-
1e-
+
1e
e10
1e+
1e
1ee2
-
1e-
--2
abc
1e
1e
.
abc
1ee2
--2
1e-
1ee2
1e-
abc
000.e
1e
1e-
e10
e10
-
+
--2
000.e
-
abc
++1
000.e
--2
1e
1e
1e
e10
1e-
-
++1
000.e
e10
.
++1
1e
+
1e+
1e-
-
1e+
1e+
--2
1e-
-
--2
+
1ee2
abc
e10
1ee2
1ee2
1e+
e10
abc
000.e
1e-
e10
e10
e10
1.2.3
+
1.2.3
1.2.3
1.2.3
1ee2
--2
++1
-
1e
1e+
000.e
abc
1e+
--2
1e-
000.e
000.e
+
1ee2
e10
1.2.3
e10
++1
1e+
abc
abc
1e-
e10
0e
+
0e
0e
0e
1e-
1ee2
e10
e10
000.e
1e+
--2
--2
--2
e10
0e
abc
1e-
1e+
1e-
0e
+
1e-
1e+
1e-
1e
e10
abc
1ee2
1e+
.
0e
1e-
1.2.3
000.e
1.2.3
.
-
e10
+
000.e
000.e
--2
.
0e
1.2.3
--2
.
000.e
1ee2
1.2.3
+
000.e
--2
e10
e10
1ee2
1e-
1.2.3
1e-
--2
-
-
1e-
.
000.e
-
+
1e
+
1e
e10
++1
1e-
--2
--2
1e
abc
++1
1ee2
-
.
1.2.3
++1
1ee2
--2
-
1.2.3
1e-
1e+
--2
+
--2
1e
000.e
+
+
000.e
0e
abc
1.2.3
+
000.e
1e
1e
--2
abc
abc
.
.
1.2.3
0e
0e
000.e
1ee2
e10
1e-
abc
0e
e10
0e
1ee2
1.2.3
0e
-
.
000.e
--2
1.2.3
000.e
++1
000.e
1e+
-
1e-
--2
1e-
1ee2
1.2.3
1.2.3
e10
000.e
000.e
0e
e10
000.e
-
0e
++1
1ee2
0e
+
1.2.3
++1
1e
1e
--2
e10
1e
1e
++1
--2
1e+
--2
+
--2
e10
+
.
000.e
abc
e10
++1
1ee2
1e
000.e
--2
1e-
-
1e-
000.e
0e
e10
1e
1e
--2
abc
--2
++1
1e-
1.2.3
1e-
1.2.3
abc
+
+
.
--2
1e+
+
-
1ee2
1e
1ee2
abc
0e
.
1e
--2
0e
1e+
++1
+
.
+
1ee2
.
0e
-
abc
0e
1.2.3
.
+
.
1ee2
0e
000.e
1e-
e10
abc
1ee2
1e
++1
abc
abc
0e
1e-
000.e
.
1e+
1e
1e-
0e
1.2.3
.
abc
0e
0e
++1
abc
-
1e+
1.2.3
1e
+
000.e
+
1ee2
1.2.3
-
1e-
.
1e
1ee2
0e
1ee2
1e-
abc
0e
000.e
0e
+
abc
1ee2
-
--2
000.e
-
-
1.2.3
1e-
-
+
000.e
+
.
e10
.
--2
0e
1ee2
1e
abc
0e
1e-
1e-
.
0e
--2
-
1e
000.e
e10
000.e
1e+
1ee2
000.e
1e
.
0e
1.2.3
--2
e10
0e
000.e
1e
0e
1e+
0e
1e-
-
1.2.3
--2
+
000.e
.
1ee2
1e+
.
000.e
0e
abc
1e+
abc
.
1ee2
-
e10
000.e
e10
e10
1.2.3
1e+
+
1.2.3
.
++1
abc
1e
.
1.2.3
++1
abc
1.2.3
e10
1.2.3
0e
1e-
abc
1e+
abc
1.2.3
+
.
abc
1e+
abc
++1
000.e
1e-
1e-
1e
abc
++1
-
0e
1e+
--2
e10
000.e
1e-
--2
--2
0e
000.e
1e
0e
.
e10
0e
1e
1.2.3
1e-
1e+
+
+
abc
e10
1e-
abc
1e-
--2
0e
000.e
+
1.2.3
abc
-
e10
++1
1ee2
-
+
000.e
1.2.3
.
.
+
0e
--2
1.2.3
1.2.3
1.2.3
+
++1
++1
0e
--2
+
1e+
1e+
1e
.
1ee2
abc
1e-
000.e
1ee2
e10
abc
0e
.
--2
1ee2
1e+
1e
000.e
0e
+
1e-
abc
abc
--2
1ee2
-
--2
++1
e10
e10
-
-
+
1e+
e10
1e+
e10
1e-
--2
1e
abc
1e+
e10
1e
1e
000.e
1e+
1ee2
e10
++1
--2
e10
-
++1
1e-
++1
++1
-
++1
e10
.
1ee2
--2
1e+
.
.
--2
1e
1ee2
0e
000.e
-
1e
1e
abc
1e
.
abc
abc
++1
++1
1e+
++1
-
1e-
+
000.e
1e
-
abc
++1
0e
-
+
++1
++1
1.2.3
e10
000.e
e10
--2
-
1e-
1e+
1.2.3
abc
000.e
--2
1ee2
1ee2
-
1ee2
1e
1e-
1e
1e+
0e
000.e
.
1e+
000.e
+
1.2.3
e10
1.2.3
+
++1
-
+
1e+
--2
1ee2
1ee2
abc
000.e
1e
0e
--2
+
1ee2
+
0e
++1
1e+
--2
000.e
1ee2
1e-
0e
1.2.3
++1
+
-
1e-
e10
000.e
--2
0e
-
e10
000.e
1.2.3
-
1ee2
1e+
1e-
+
0e
+
--2
1.2.3
0e
0e
+
1e-
-
1e+
1ee2
-
-
-
1e-
e10
-
++1
--2
-
000.e
0e
1e-
000.e
+
--2
000.e
0e
000.e
1e+
+
abc
-
-
-
1e
--2
abc
+
+
1ee2
+
1e-
abc
1e+
--2
abc
.
1.2.3
1e
-
1e
1e
abc
1e
+
.
0e
--2
1e-
e10
-
1e
abc
+
1e
++1
-
1.2.3
e10
1e-
.
1e+
1e-
1e-
1e
1.2.3
1e-
1.2.3
--2
--2
abc
e10
1e-
+
e10
-
-
0e
.
+
1e
--2
+
1ee2
000.e
1e
+
-
1e+
0e
e10
abc
000.e
+
1.2.3
--2
1.2.3
1e
0e
e10
000.e
e10
1ee2
--2
1e-
+
++1
abc
1ee2
++1
0e
+
++1
1e+
abc
1e-
abc
++1
1e-
0e
1e-
1e+
1.2.3
1ee2
-
.
abc
e10
++1
+
000.e
1.2.3
.
+
--2
1.2.3
--2
1e+
1ee2
-
++1
abc
000.e
1e
1e-
1.2.3
1ee2
1ee2
1e-
.
--2
0e
000.e
e10
e10
000.e
000.e
1e+
000.e
1.2.3
1e+
abc
1e-
+
1e-
-
abc
++1
-
1.2.3
1ee2
1ee2
1e-
e10
1e-
e10
000.e
1e-
0e
e10
0e
+
--2
++1
1e+
.
e10
++1
0e
abc
1e+
0e
1e-
e10
0e
e10
abc
1e
1e-
1e
1.2.3
+
1e
0e
1e-
--2
000.e
1.2.3
1.2.3
1e-
1ee2
1e
e10
++1
1.2.3
--2
1e+
000.e
000.e
1.2.3
1e-
+
abc
000.e
1e+
e10
abc
.
-
.
+
abc
e10
abc
1e-
++1
abc
1ee2
-
--2
1.2.3
1ee2
.
e10
1.2.3
000.e
e10
+
++1
++1
e10
1e-
+
1e+
1ee2
.
abc
000.e
abc
+
.
+
--2
0e
1e-
1e+
000.e
000.e
0e
0e
.
abc
000.e
1e-
abc
--2
1e
1ee2
1e
++1
0e
e10
1e
++1
e10
e10
.
000.e
e10
1.2.3
+
abc
1e+
++1
1e
0e
1e+
--2
++1
--2
abc
-
1e-
-
++1
++1
++1
1ee2
++1
-
-
1ee2
1e-
--2
e10
e10
000.e
1e-
-
000.e
000.e
000.e
.
1e-
.
.
1ee2
000.e
1e-
1e+
1ee2
1e
+
++1
1ee2
-
--2
e10
1e-
-
.
.
1e+
000.e
-
-
1ee2
abc
++1
1e+
--2
+
+
1ee2
.
0e
1e
000.e
e10
+
-
1e-
abc
1e
0e
1e-
e10
1ee2
+
e10
+
e10
.
1.2.3
--2
.
1e
000.e
1ee2
1.2.3
1e-
1e-
1ee2
1ee2
000.e
1e-
1e
++1
0e
1.2.3
e10
abc
1e
e10
1e-
abc
1e-
1e-
1e+
1ee2
+
-
1.2.3
abc
1e+
.
++1
+
-
1e
+
1e
1e
0e
+
+
-
1.2.3
+
abc
.
000.e
e10
0e
1e
1e-
1e-
e10
1.2.3
1.2.3
++1
--2
1e-
1.2.3
1e-
1ee2
0e
++1
--2
1e-
1e+
1e-
1e-
1ee2
1.2.3
+
000.e
+
1ee2
--2
abc
--2
0e
1.2.3
1e
0e
1e+
.
--2
000.e
--2
--2
++1
1ee2
1e+
1e-
e10
--2
0e
1.2.3
1.2.3
-
000.e
000.e
++1
1e+
1e+
0e
e10
1ee2
abc
++1
-
1e-
.
abc
e10
-
e10
1e-
1.2.3
.
1e
1ee2
++1
--2
+
--2
-
1e-
1e-
1e-
1.2.3
1e-
++1
1e+
1e+
+
++1
+
1ee2
.
abc
1e
000.e
1.2.3
1e
--2
e10
1e+
1.2.3
1e+
1e-
abc
1e
1ee2
e10
--2
-
.
000.e
1.2.3
++1
e10
1e+
1e+
0e
e10
.
1e
000.e
1e-
1e
abc
-
0e
1e
e10
0e
1ee2
1e
abc
abc
1e
--2
1e-
1.2.3
+
000.e
1.2.3
000.e
1e
--2
e10
.
+
1e+
-
1.2.3
--2
1e+
.
000.e
e10
1e-
e10
1.2.3
-
1e+
-
1.2.3
1ee2
1e
1e
++1
abc
0e
--2
1e+
000.e
abc
0e
0e
0e
++1
e10
1ee2
1e
000.e
000.e
1e
.
++1
e10
-
++1
1e+
+
-
-
1ee2
000.e
--2
++1
e10
++1
1e+
1ee2
1ee2
.
1e
1ee2
abc
e10
e10
++1
+
abc
1e-
--2
1e+
1ee2
0e
e10
.
e10
1e
000.e
1e
1e+
1ee2
1e+
--2
000.e
abc
e10
1e-
-
-
e10
e10
--2
1ee2
1e
1e-
1ee2
e10
--2
+
++1
1e
1ee2
1ee2
1ee2
++1
+
.
--2
e10
-
++1
1ee2
1.2.3
1.2.3
1.2.3
000.e
abc
+
000.e
1e+
1e
-
e10
1e-
+
1e
+
--2
e10
--2
1ee2
e10
-
+
1.2.3
.
e10
0e
e10
--2
++1
1e+
--2
--2
.
.
1.2.3
++1
+
000.e
.
0e
e10
--2
abc
0e
1e-
1ee2
.
abc
.
++1
+
e10
++1
e10
1e
+
0e
1.2.3
e10
1ee2
1.2.3
1e-
1e
0e
1ee2
e10
1ee2
--2
0e
0e
1ee2
0e
abc
1e
e10
0e
1e
--2
000.e
1ee2
--2
abc
0e
abc
+
-
.
abc
0e
1.2.3
-
++1
--2
++1
000.e
1.2.3
000.e
1e
--2
1.2.3
.
1e+
0e
1.2.3
e10
abc
0e
.
000.e
e10
+
++1
000.e
1e-
e10
-
--2
++1
--2
1e-
.
--2
1e
-
++1
.
++1
-
++1
000.e
1e+
000.e
-
-
+
1ee2
+
1.2.3
e10
--2
1e+
0e
+
1ee2
-
000.e
++1
+
+
1e
1.2.3
1ee2
1e
1e-
1e+
.
1ee2
e10
-
1.2.3
+
1.2.3
1e-
1e-
-
--2
abc
abc
0e
1.2.3
-
--2
1.2.3
1e-
1.2.3
1e-
-
1ee2
++1
e10
1e
-
+
1.2.3
-
000.e
000.e
1e+
+
-
1e+
.
abc
000.e
-
1ee2
++1
++1
0e
1e+
+
-
1ee2
++1
--2
-
-
abc
+
0e
++1
-
1e+
e10
e10
--2
1e
1e
abc
1e+
+
000.e
abc
1ee2
1e-
e10
1.2.3
e10
1ee2
.
+
0e
.
000.e
--2
++1
1e-
1.2.3
.
0e
1ee2
abc
1ee2
1e+
1e+
1e
1e
0e
--2
e10
e10
e10
--2
1.2.3
abc
.
1e+
.
1e
1e-
e10
abc
++1
+
-
+
1e
1e
-
+
1ee2
1e
1e-
--2
000.e
--2
1e-
1.2.3
1e-
1ee2
1e+
-
++1
-
1e+
000.e
1.2.3
1e-
000.e
1ee2
.
0e
1e-
e10
0e
+
abc
-
-
e10
0e
.
1ee2
1.2.3
1e
abc
1e
0e
000.e
1.2.3
++1
.
++1
1.2.3
abc
1ee2
1e+
--2
1e
1.2.3
1e
e10
1e-
e10
e10
--2
0e
000.e
++1
1ee2
1e
++1
0e
1ee2
000.e
1e+
000.e
.
.
1e+
1e-
1e-
-
1e
1e-
e10
1e-
-
++1
0e
.
-
1e
+
--2
0e
++1
000.e
+
--2
1.2.3
1e+
--2
1e-
1e+
.
.
.
abc
-
e10
000.e
+
e10
1ee2
1e-
1ee2
+
-
1e+
1e-
e10
1e-
++1
abc
0e
+
1e+
1e-
1e
1ee2
1e-
0e
1e
.
e10
1.2.3
1e+
.
abc
e10
abc
--2
1.2.3
1e
-
0e
1.2.3
e10
abc
1e+
+
0e
-
000.e
-
++1
.
000.e
.
1ee2
000.e
+
++1
.
e10
-
0e
-
1e+
1e+
++1
1e+
0e
-
1e+
1ee2
1.2.3
1e
1e+
1e-
1e
000.e
1e
000.e
1e-
1e+
1e-
000.e
1ee2
abc
1e
+
1e-
1e
-
e10
1e-
000.e
-
abc
abc
1ee2
0e
.
1.2.3
1.2.3
.
.
.
e10
1e+
-
1e-
1ee2
++1
-
-
abc
1e+
1e+
-
+
.
abc
1ee2
000.e
+
abc
1e-
1.2.3
--2
+
.
.
++1
1e-
++1
.
1ee2
000.e
++1
1e
--2
-
++1
1ee2
1.2.3
1e
e10
1e
.
1e+
1e+
1e
-
.
000.e
e10
++1
1ee2
1e+
1.2.3
--2
abc
++1
abc
1e+
1e+
++1
++1
.
e10
000.e
+
.
.
--2
1e-
1.2.3
0e
1e+
000.e
1e-
0e
1e
0e
1ee2
1.2.3
1e
--2
--2
1e
-
000.e
+
0e
--2
000.e
0e
1e
--2
1e+
--2
1ee2
-
000.e
--2
0e
abc
e10
abc
1e
000.e
+
0e
.
.
1e
e10
1.2.3
+
1e-
0e
--2
+
1.2.3
abc
000.e
abc
1.2.3
1.2.3
1ee2
+
1e-
1e-
000.e
-
1ee2
1ee2
--2
+
+
1ee2
e10
++1
+
0e
--2
-
0e
--2
+
000.e
1ee2
.
1.2.3
1e
+
1ee2
1.2.3
0e
000.e
--2
+
e10
.
.
1.2.3
0e
--2
000.e
1e+
e10
000.e
abc
1.2.3
0e
e10
000.e
abc
+
1ee2
1.2.3
1e
000.e
000.e
e10
0e
e10
1.2.3
abc
+
000.e
e10
abc
1e+
--2
1ee2
abc
abc
--2
1e
1ee2
++1
.
abc
1e+
1.2.3
0e
1e-
1e-
000.e
0e
++1
.
1ee2
+
+
1e+
1e+
1e
++1
abc
+
0e
--2
++1
1e-
1e-
1e+
1e
1e-
000.e
000.e
+
e10
--2
1e
++1
++1
1e
1ee2
e10
1.2.3
.
0e
1e+
+
1e-
++1
abc
1.2.3
-
.
000.e
0e
+
000.e
1.2.3
000.e
1ee2
.
abc
.
000.e
-
+
1e-
1e-
++1
000.e
--2
000.e
++1
1e
.
1e+
000.e
0e
1e+
0e
0e
1ee2
abc
1e+
+
1e
000.e
abc
e10
-
e10
1.2.3
1e-
+
0e
e10
+
abc
.
abc
--2
1ee2
-
0e
++1
1e-
abc
.
abc
1e+
1e-
1ee2
1e-
1ee2
-
++1
abc
0e
e10
1e
--2
.
1e-
1e
000.e
.
abc
++1
0e
.
1ee2
--2
1e-
abc
000.e
e10
1e-
1e+
abc
1e
-
-
1e
++1
.
.
.
0e
--2
0e
1e-
.
e10
000.e
++1
1e+
1ee2
++1
1.2.3
1e-
1e-
000.e
1e-
1.2.3
000.e
abc
.
-
1.2.3
--2
--2
1e-
000.e
1ee2
1ee2
0e
0e
1.2.3
1e+
--2
-
abc
+
0e
1.2.3
abc
1e-
-
1e
1e
.
--2
.
-
abc
1e+
1e
+
.
abc
.
-
e10
1e-
++1
e10
1.2.3
abc
1e+
++1
++1
e10
e10
+
+
--2
1.2.3
1e-
-
1ee2
1e
1.2.3
++1
000.e
--2
1.2.3
+
abc
0e
1e
1e+
-
.
e10
1e+
+
-
--2
++1
-
abc
1e+
1ee2
--2
1e
--2
000.e
1e+
1e+
--2
++1
-
1ee2
1ee2
+
1.2.3
1e-
-
--2
0e
1e
1e
1.2.3
--2
1ee2
-
abc
1e+
1.2.3
-
0e
-
+
e10
--2
abc
-
0e
0e
++1
e10
1e
1ee2
1e
000.e
0e
.
+
++1
0e
1ee2
abc
e10
.
1.2.3
abc
1e+
1e+
000.e
--2
-
++1
+
-
1ee2
+
-
1e-
++1
.
e10
1e
+
e10
1e-
--2
1e
1e+
1e-
+
1ee2
1e+
-
--2
0e
--2
000.e
abc
+
1e
1.2.3
1.2.3
-
1ee2
abc
-
1e
1e
+
1ee2
-
-
.
000.e
1e
abc
1.2.3
1ee2
--2
++1
0e
-
e10
++1
abc
000.e
.
1e-
1e-
-
++1
++1
1e-
.
1ee2
000.e
1ee2
1e-
abc
--2
1ee2
000.e
e10
000.e
--2
abc
1e
-
1.2.3
--2
1e-
1.2.3
-
abc
--2
abc
--2
-
abc
1e-
000.e
1ee2
++1
abc
0e
abc
-
0e
1.2.3
1e-
1e+
--2
-
1e-
++1
1e
++1
e10
1e-
--2
1ee2
.
--2
-
++1
1.2.3
--2
+
1ee2
1e-
1e-
e10
-
abc
.
1e+
1ee2
1e-
1.2.3
1e-
1ee2
1ee2
-
1e-
1ee2
1.2.3
1e
abc
000.e
-
0e
-
-
1ee2
1e+
--2
000.e
1e+
0e
e10
++1
++1
1e-
abc
.
+
++1
--2
e10
1ee2
1ee2
--2
1e-
abc
0e
e10
e10
1ee2
e10
.
e10
1e+
0e
1e
abc
0e
1e-
1e
--2
--2
1.2.3
--2
abc
--2
.
e10
+
e10
1e-
e10
e10
-
++1
1ee2
.
1ee2
.
1e
1e
+
e10
.
1.2.3
1e-
++1
++1
000.e
--2
++1
1e-
--2
1.2.3
1.2.3
abc
1e
e10
0e
000.e
.
0e
e10
+
e10
.
abc
1ee2
.
0e
1ee2
1e-
++1
abc
000.e
+
e10
1e
1e
1.2.3
1ee2
1e
+
0e
++1
000.e
--2
e10
1e+
++1
e10
000.e
abc
1.2.3
e10
0e
1ee2
1.2.3
++1
+
e10
abc
1.2.3
abc
e10
1ee2
.
1e-
++1
-
1e
1ee2
1e-
0e
000.e
.
1e
++1
+
+
1e-
e10
-
1e-
e10
.
1e+
--2
1.2.3
000.e
+
1.2.3
1.2.3
--2
abc
e10
000.e
0e
0e
1e+
1.2.3
1.2.3
1e
abc
-
1.2.3
++1
1e
1e-
1.2.3
1e-
.
1e
000.e
-
1e-
-
--2
000.e
0e
--2
1e
1e-
0e
e10
1ee2
.
--2
--2
0e
1ee2
e10
1ee2
1.2.3
1.2.3
1e
1e
abc
1e-
-
++1
1ee2
++1
000.e
1.2.3
.
++1
+
++1
1ee2
1e-
abc
abc
1e
1e-
000.e
1e-
1ee2
-
.
++1
1e-
--2
--2
+
-
e10
1.2.3
1e+
1ee2
+
000.e
+
+
1ee2
++1
--2
++1
++1
--2
e10
.
1ee2
.
1ee2
000.e
1ee2
++1
++1
0e
000.e
++1
1e-
0e
abc
.
e10
0e
1e+
e10
++1
++1
0e
+
++1
.
.
0e
1ee2
000.e
000.e
1.2.3
.
000.e
1e-
+
--2
1.2.3
-
--2
1e+
abc
++1
1e
+
--2
1e+
.
1ee2
-
.
.
1e+
0e
-
-
0e
1ee2
++1
abc
abc
abc
--2
0e
0e
-
e10
1e-
1e
000.e
e10
0e
1e+
e10
--2
e10
000.e
1.2.3
+
-
.
e10
1e
1e-
1e+
++1
1e+
-
+
000.e
abc
0e
1e
++1
1e+
1ee2
1e
1e+
+
--2
abc
0e
e10
+
1ee2
1ee2
+
+
1e+
-
1e
1e-
1e+
1e-
1.2.3
--2
1e+
1e
++1
1e
1.2.3
-
1.2.3
1e-
-
1e+
1e
0e
1e
--2
1.2.3
1ee2
++1
e10
--2
-
abc
000.e
1e+
++1
0e
0e
1e-
0e
-
1e-
1ee2
--2
.
-
-
.
e10
++1
.
1e
1e
1e-
1.2.3
.
1ee2
1ee2
.
1e
++1
0e
1.2.3
e10
++1
++1
000.e
000.e
e10
+
1.2.3
+
--2
abc
+
0e
e10
e10
-
1ee2
abc
0e
.
1e+
abc
1e
1e+
1e+
000.e
1.2.3
+
1.2.3
--2
1ee2
-
--2
abc
1.2.3
-
++1
1ee2
+
+
--2
--2
e10
1ee2
1.2.3
1e+
e10
1ee2
1ee2
++1
1e-
.
abc
--2
1e+
1ee2
1ee2
1e
1e-
0e
1e+
++1
++1
1e+
--2
-
1e+
000.e
1ee2
--2
--2
1e+
++1
++1
-
--2
-
-
1ee2
e10
000.e
1e
+
1e
.
abc
000.e
e10
--2
1.2.3
0e
1.2.3
--2
0e
e10
1e
abc
0e
1ee2
1e-
.
e10
--2
1e+
1e-
1ee2
e10
-
e10
1e
.
1e+
++1
1e
--2
+
--2
1.2.3
1e+
1e
--2
--2
++1
+
0e
000.e
000.e
1ee2
abc
0e
1e
--2
--2
000.e
+
1ee2
.
+
+
1e-
0e
1ee2
1.2.3
1.2.3
1ee2
++1
1e-
abc
0e
000.e
.
000.e
1e
--2
+
.
1.2.3
000.e
.
++1
+
abc
-
++1
++1
++1
1e-
+
000.e
-
--2
1.2.3
abc
+
1e+
.
e10
1e-
e10
0e
000.e
1e+
1e-
e10
1ee2
1ee2
.
abc
+
abc
+
++1
1ee2
1e-
0e
+
++1
--2
.
--2
000.e
e10
000.e
1.2.3
+
.
000.e
1ee2
000.e
1e
+
abc
1e
e10
e10
1ee2
1e+
-
-
1e
e10
++1
++1
1e-
1ee2
1e+
-
--2
.
-
1e
-
-
1e
1e
1e
--2
abc
+
1e+
1ee2
-
1e+
1e
000.e
--2
1e-
abc
e10
--2
0e
abc
e10
1e-
1e+
+
1ee2
000.e
1e
.
++1
+
-
1ee2
.
1e-
+
abc
--2
++1
1e
.
++1
1e-
000.e
+
e10
-
1e-
++1
-
-
e10
1e-
000.e
000.e
1e+
-
-
000.e
000.e
1e
+
1e
1e
--2
1ee2
-
1e-
.
1.2.3
1e+
abc
-
0e
e10
--2
1e
.
0e
+
1e+
000.e
e10
1e-
-
1e
1e+
e10
1.2.3
e10
e10
0e
.
+
++1
-
.
--2
-
000.e
1e-
-
0e
-
000.e
1.2.3
1e-
e10
++1
+
1.2.3
++1
1.2.3
--2
1e-
abc
1.2.3
+
0e
-
0e
++1
-
1e+
--2
+
.
1e-
e10
1.2.3
1e+
+
1ee2
abc
-
1e
++1
--2
+
1.2.3
1.2.3
abc
0e
e10
+
1e-
e10
1e-
-
1ee2
-
++1
--2
-
000.e
1ee2
.
1e-
+
+
e10
e10
1e+
0e
000.e
1ee2
0e
abc
abc
1e
abc
--2
1ee2
.
.
0e
0e
--2
.
1e+
++1
1e
abc
e10
+
1ee2
1e
1.2.3
1ee2
1e+
1e
000.e
1.2.3
e10
1.2.3
-
1.2.3
1.2.3
++1
1e+
1ee2
1e
.
1ee2
000.e
0e
1ee2
000.e
+
1ee2
1ee2
-
1.2.3
.
+
1e-
1e+
1e+
1e
--2
+
1e+
1.2.3
++1
.
.
++1
0e
abc
--2
.
1e
0e
1e+
1e+
e10
1e-
e10
++1
1.2.3
1e-
-
+
e10
1ee2
000.e
.
abc
1e-
1e+
++1
1e+
0e
++1
1.2.3
0e
000.e
000.e
++1
abc
1e-
e10
1e+
1e+
-
1.2.3
1e-
++1
000.e
1e+
++1
1e+
-
1e+
abc
1e-
0e
-
abc
--2
1e
000.e
--2
.
--2
0e
1.2.3
1.2.3
-
--2
--2
--2
0e
e10
1e-
+
e10
e10
000.e
1ee2
abc
1e
1.2.3
+
1e-
000.e
1e+
1e
0e
000.e
+
.
e10
1e
1e-
1ee2
0e
1e-
1.2.3
++1
1ee2
1ee2
0e
1e+
e10
0e
0e
0e
1e+
+
1ee2
e10
1e+
e10
--2
1e+
1e+
.
1ee2
++1
abc
000.e
1e-
abc
1e+
1e+
000.e
000.e
0e
1e-
1e-
1e+
e10
1e-
1e
1e+
e10
1e-
e10
1ee2
1ee2
-
1e+
000.e
1e+
1e+
1ee2
-
-
000.e
1e-
.
-
1ee2
1e+
1ee2
1e+
000.e
abc
--2
e10
.
e10
-
1e
e10
0e
-
1.2.3
.
abc
1e-
000.e
--2
++1
0e
1e
.
000.e
0e
1.2.3
abc
1e
1e+
1.2.3
1e+
.
1e
-
+
1.2.3
000.e
1e
.
000.e
0e
0e
e10
abc
+
e10
1e-
1e-
++1
0e
1e+
1e+
000.e
1e-
.
1e-
1ee2
1e+
.
1e-
1e+
-
1e+
1e-
0e
e10
--2
1e-
1e+
1e-
1ee2
-
-
1e
1e+
000.e
--2
.
1.2.3
.
1e+
-
+
abc
1e-
e10
-
000.e
1ee2
-
-
1.2.3
000.e
1e
.
--2
1.2.3
1e-
+
1e-
1ee2
.
.
1e-
000.e
+
+
abc
1ee2
1e-
1e-
-
1e-
-
.
++1
+
-
1e
+
1.2.3
abc
000.e
000.e
1.2.3
1e+
0e
1e-
0e
1ee2
--2
+
1.2.3
.
000.e
1e+
1ee2
e10
-
abc
1.2.3
000.e
--2
e10
1ee2
abc
1e
1ee2
abc
.
-
0e
1ee2
1.2.3
1e
1.2.3
-
1e-
1e-
1.2.3
-
000.e
++1
1e+
abc
1e
1e-
000.e
1e+
1e-
.
1e-
1e+
.
+
1e+
1e
1e+
.
e10
++1
000.e
++1
1ee2
abc
1e-
e10
+
0e
abc
e10
1e-
1.2.3
1.2.3
1e-
++1
.
+
e10
1e+
abc
-
1e
1e
--2
1e
-
000.e
1e-
e10
1e
1e
0e
1e+
++1
++1
+
++1
--2
+
0e
--2
+
0e
1ee2
-
e10
000.e
1e+
000.e
e10
000.e
.
0e
--2
abc
-
e10
+
.
++1
-
e10
1e
1e
++1
--2
1e-
.
1e
1e+
1e-
1ee2
0e
--2
e10
1ee2
1e+
-
1.2.3
1e
--2
abc
1.2.3
1.2.3
1e+
++1
1ee2
++1
--2
1e+
000.e
++1
--2
1e
.
1e-
1e+
-
1ee2
+
0e
0e
1e+
0e
000.e
+
1e+
--2
0e
1ee2
.
e10
1e+
+
-
abc
e10
1e-
0e
0e
+
-
abc
1ee2
abc
1e-
1e+
e10
--2
abc
abc
.
.
1e
+
-
0e
1ee2
.
e10
++1
0e
abc
+
--2
-
0e
-
++1
0e
+
--2
1ee2
000.e
1e+
1ee2
e10
1e+
1ee2
--2
++1
000.e
++1
1e+
1e-
000.e
++1
-
-
1e+
1.2.3
--2
1e
000.e
1e+
.
0e
--2
1e+
1e
1e
.
++1
1ee2
000.e
abc
-
1e-
abc
+
1.2.3
e10
.
--2
1e
0e
-
--2
+
e10
--2
1e-
1e
abc
++1
++1
1e
1e
e10
1e-
000.e
1ee2
1.2.3
1.2.3
1ee2
e10
1e-
0e
000.e
000.e
0e
abc
1e-
-
0e
1e
000.e
e10
1.2.3
0e
++1
-
+
1e+
000.e
.
1ee2
+
0e
--2
1ee2
-
e10
-
1e
1e-
1ee2
+
1e-
abc
++1
e10
abc
1ee2
+
0e
.
1ee2
++1
.
--2
++1
.
1e
1e
1ee2
1ee2
1ee2
0e
-
.
-
-
1e
++1
1.2.3
1e-
.
0e
1e
.
.
0e
abc
1e+
1ee2
000.e
0e
abc
--2
+
1ee2
1ee2
+
1e+
+
000.e
+
000.e
000.e
1e
++1
+
++1
e10
.
abc
1.2.3
abc
0e
1e+
+
abc
++1
0e
1.2.3
abc
-
-
.
1ee2
0e
abc
1e-
0e
1e+
.
1ee2
1e+
+
+
0e
1e-
1e+
0e
++1
e10
1e
1e+
1e-
1e-
1e
1.2.3
1ee2
1e+
1.2.3
++1
0e
e10
0e
1e
e10
1e
1e+
0e
1e+
1e
--2
1.2.3
1.2.3
1.2.3
1e
000.e
1e
+
1e
1e
--2
1e
1e-
--2
.
0e
.
000.e
1.2.3
e10
+
abc
abc
1ee2
+
1e-
000.e
1ee2
abc
1ee2
1e+
e10
1ee2
1e-
++1
--2
1ee2
1e-
1e
1.2.3
1.2.3
1ee2
0e
1e+
1.2.3
+
1e-
+
e10
-
1.2.3
000.e
abc
1.2.3
-
--2
1e-
1.2.3
1e+
1e-
.
1.2.3
--2
1ee2
1e+
1e-
e10
-
1.2.3
1e-
.
000.e
e10
--2
-
1e-
e10
+
.
1.2.3
.
1.2.3
.
--2
1e+
++1
1ee2
1e-
+
1ee2
1ee2
.
0e
+
1e+
.
0e
1e
-
1ee2
1.2.3
1e
1e+
-
+
1ee2
+
1ee2
--2
000.e
000.e
--2
1e-
1e-
e10
1ee2
e10
++1
000.e
1ee2
abc
1e+
1ee2
0e
1e+
abc
1e
000.e
-
000.e
0e
1.2.3
-
1e-
1.2.3
e10
++1
0e
1e
--2
0e
e10
1e+
1e
+
+
1e
--2
.
--2
1e+
1e
1e
abc
.
++1
e10
000.e
0e
+
1e+
0e
1ee2
1.2.3
1e-
e10
0e
1e-
++1
1e+
1e
.
1ee2
0e
.
-
1e+
0e
abc
1.2.3
1e
-
e10
0e
1e+
000.e
--2
1e+
1e
abc
++1
1e-
--2
1e
abc
1.2.3
1ee2
1.2.3
abc
e10
abc
++1
--2
+
-
+
++1
.
1e-
-
1ee2
1e-
0e
-
0e
0e
0e
abc
1e-
1e
000.e
++1
-
1ee2
++1
--2
1e-
++1
abc
abc
1e+
0e
+
1ee2
1e+
000.e
+
--2
--2
000.e
++1
abc
abc
++1
++1
.
-
0e
1ee2
--2
1e-
1.2.3
-
1e
1e-
1ee2
000.e
1.2.3
++1
1e-
e10
--2
1ee2
1e
1.2.3
1ee2
000.e
abc
0e
0e
1e+
++1
1ee2
0e
--2
e10
e10
.
++1
-
abc
+
1e-
0e
000.e
+
1ee2
abc
++1
1.2.3
+
-
.
+
.
-
1e
e10
1ee2
.
1e-
+
0e
0e
0e
--2
abc
1ee2
1.2.3
--2
0e
1e
++1
1e+
1.2.3
-
++1
e10
1e+
+
.
1e
0e
e10
000.e
++1
++1
1e-
abc
++1
0e
e10
--2
-
1e+
1e-
000.e
0e
1e
1e-
1e-
1.2.3
e10
1e-
000.e
000.e
000.e
++1
1e
+
--2
+
1e-
1e-
.
+
.
000.e
.
+
e10
-
e10
--2
1e-
abc
1.2.3
1e+
1e+
.
++1
1e-
.
000.e
abc
--2
1e+
e10
-
0e
0e
e10
abc
-
-
1e-
-
e10
1ee2
.
abc
.
1e-
-
abc
-
+
1e
0e
e10
e10
1e-
abc
--2
-
.
1e+
000.e
0e
1e-
++1
1e-
1e
1ee2
1e
abc
1.2.3
--2
1ee2
1e
1ee2
1e
1e-
++1
0e
e10
1.2.3
+
-
abc
+
000.e
-
e10
1e+
1e
++1
1.2.3
.
-
1e
1e-
1ee2
-
1.2.3
++1
1e-
++1
abc
abc
.
e10
1.2.3
1ee2
1.2.3
++1
e10
1e-
000.e
1e
e10
.
000.e
abc
e10
.
1e
1.2.3
++1
.
--2
1.2.3
1e-
1ee2
+
+
1.2.3
1e+
abc
1e+
0e
e10
-
abc
000.e
++1
1.2.3
0e
+
1e-
.
e10
e10
1ee2
0e
--2
+
-
abc
++1
1e-
+
+
000.e
--2
-
e10
1e-
abc
-
++1
.
abc
--2
++1
++1
abc
++1
+
++1
1ee2
1e-
abc
1e
0e
1.2.3
1e-
--2
0e
000.e
000.e
1.2.3
-
0e
abc
-
1e+
.
1e+
.
1ee2
--2
1ee2
+
1e
+
.
abc
abc
1e-
1ee2
.
+
.
1e
-
-
-
0e
--2
+
e10
000.e
1e
000.e
1.2.3
000.e
1e-
0e
0e
1e+
1.2.3
-
0e
1.2.3
-
-
1.2.3
e10
e10
1ee2
1e-
.
000.e
-
+
+
+
-
000.e
1e+
+
1ee2
abc
.
1e
-
+
+
-
1ee2
+
--2
--2
-
1e+
1e+
1e+
.
-
e10
1e
1e-
0e
1e+
000.e
+
000.e
000.e
+
1.2.3
abc
+
000.e
--2
1e+
-
0e
+
000.e
1e-
e10
-
-
000.e
1e
1e+
e10
1e+
1ee2
1e+
abc
0e
.
abc
--2
1e-
1e+
-
1e-
.
1ee2
1.2.3
1e+
000.e
--2
1.2.3
abc
1e+
1e+
e10
1ee2
1e
1e+
e10
--2
--2
-
000.e
1e+
000.e
+
1e
+
1ee2
--2
1e-
0e
1.2.3
1.2.3
0e
1.2.3
000.e
abc
1ee2
--2
+
e10
1e
1.2.3
.
1ee2
abc
.
1.2.3
000.e
abc
++1
1e+
-
000.e
1e
1.2.3
1.2.3
--2
abc
abc
+
+
1e-
--2
+
1ee2
abc
1e-
1ee2
1e
+
.
--2
1e
1e+
++1
++1
+
++1
0e
000.e
+
++1
+
.
000.e
--2
1e-
1e+
++1
1e-
++1
0e
.
-
+
1e-
1e-
1.2.3
--2
0e
--2
+
abc
000.e
1ee2
++1
++1
1ee2
++1
1ee2
1ee2
1ee2
--2
0e
e10
000.e
000.e
0e
++1
e10
1e
abc
--2
1ee2
1ee2
+
1ee2
1e+
000.e
.
1.2.3
-
1e+
000.e
0e
1ee2
1e
++1
1e+
1ee2
0e
1e+
1ee2
++1
1e+
.
0e
000.e
1.2.3
1.2.3
0e
+
1.2.3
0e
.
1ee2
1e+
--2
1e+
++1
abc
--2
1e-
+
e10
1e-
e10
1ee2
1.2.3
-
.
1ee2
1e-
.
++1
--2
0e
+
abc
abc
e10
1ee2
--2
++1
abc
1e+
000.e
1e-
abc
1ee2
1e+
1e+
e10
1e-
1e
--2
1ee2
000.e
++1
1e+
-
000.e
1e-
++1
000.e
.
abc
1ee2
1.2.3
0e
0e
++1
abc
1ee2
1.2.3
0e
000.e
-
abc
-
0e
-
1ee2
abc
1e+
1.2.3
0e
e10
1ee2
.
000.e
1ee2
1e-
+
0e
++1
1ee2
0e
abc
++1
-
--2
--2
1ee2
e10
++1
1e
1e
+
++1
000.e
1ee2
1e+
-
abc
000.e
.
abc
++1
1e-
+
1e-
1e-
1ee2
++1
+
e10
abc
1e+
1e+
e10
1e-
++1
1e-
1ee2
e10
--2
1ee2
-
+
1e-
+
+
--2
000.e
--2
e10
e10
1e
+
0e
.
.
--2
abc
0e
0e
1e
1e-
+
1e+
1e+
--2
1.2.3
abc
+
1.2.3
e10
1e-
1.2.3
--2
+
0e
1e+
.
++1
1.2.3
++1
.
1.2.3
--2
++1
-
-
.
1e-
1e-
000.e
1ee2
++1
.
++1
+
1e+
1ee2
1e+
.
.
1e
abc
++1
1ee2
++1
-
++1
1e
1ee2
abc
000.e
0e
e10
1e+
+
abc
1ee2
000.e
1.2.3
+
1e+
1.2.3
1e+
-
1e-
1e-
+
000.e
++1
abc
1ee2
1e
1.2.3
--2
1.2.3
e10
1ee2
+
1.2.3
+
1e
1e
++1
1e+
0e
+
1e
.
1e
1e-
1e-
abc
+
.
e10
1e+
0e
1e
1e-
-
+
0e
1e+
++1
1e
1e
1e
1e
-
1e-
abc
-
-
000.e
.
e10
1e+
000.e
000.e
0e
000.e
1.2.3
+
0e
-
1e-
1e
1e+
.
++1
--2
0e
1e
++1
abc
.
1e+
1.2.3
abc
0e
1ee2
1e-
1ee2
abc
e10
1.2.3
0e
1e-
1e+
+
e10
+
++1
1.2.3
000.e
+
1e-
1e+
1e+
abc
1ee2
1.2.3
+
1.2.3
1ee2
1e+
--2
+
++1
--2
e10
1e+
--2
1ee2
1e+
1e
1e
--2
++1
000.e
0e
0e
--2
.
e10
1ee2
000.e
+
1e+
abc
.
0e
abc
++1
1e
1e-
1e+
.
0e
++1
-
1e-
000.e
e10
.
1.2.3
1e
1e
--2
-
.
1e+
1e
--2
+
abc
e10
--2
.
1ee2
000.e
1e
1e
.
abc
--2
1e
000.e
1.2.3
1.2.3
-
1e
.
1e+
.
abc
000.e
+
.
--2
.
e10
1e
1ee2
++1
++1
.
000.e
1e+
1e
+
abc
+
--2
0e
abc
.
+
1.2.3
-
1e
++1
000.e
1e
.
++1
++1
0e
1.2.3
1ee2
abc
000.e
1.2.3
--2
1ee2
++1
+
++1
000.e
.
1e
1ee2
000.e
1e+
1e
-
abc
--2
000.e
++1
1e
abc
.
e10
1ee2
.
1e-
1.2.3
--2
.
abc
1.2.3
--2
1e+
0e
1.2.3
++1
e10
-
-
0e
abc
e10
e10
1ee2
1e-
1.2.3
0e
++1
e10
000.e
-
e10
abc
1.2.3
0e
1.2.3
e10
1ee2
e10
000.e
1.2.3
1e-
e10
+
1.2.3
+
1ee2
e10
e10
+
1e+
.
1e+
1e+
0e
--2
1e-
1e
+
e10
e10
000.e
++1
++1
0e
.
-
+
1e-
0e
++1
.
1ee2
1e-
e10
1ee2
-
abc
1e+
++1
-
e10
000.e
.
1ee2
0e
e10
1e
--2
--2
000.e
1e+
abc
abc
e10
+
abc
++1
1e-
1e
1e
-
-
000.e
--2
++1
-
e10
--2
.
++1
e10
+
1e+
abc
1e+
-
-
--2
1.2.3
abc
1ee2
1e-
1.2.3
1e-
e10
1e+
abc
abc
1e
1e
000.e
000.e
+
1e+
1.2.3
0e
++1
+
++1
1.2.3
e10
000.e
1ee2
1ee2
1e
+
0e
1e-
1e
1.2.3
000.e
000.e
1e+
--2
1ee2
++1
+
-
--2
1ee2
1.2.3
-
1e+
000.e
--2
1e+
.
-
e10
1e+
1ee2
1e-
1e
1e+
1e-
1e+
-
000.e
1e
e10
1e+
1ee2
.
abc
1.2.3
++1
0e
1e+
1e
000.e
1e
1.2.3
.
.
1e-
++1
1ee2
++1
1ee2
1.2.3
1.2.3
1e-
+
-
abc
1ee2
0e
+
-
abc
-
-
1ee2
++1
+
0e
000.e
1e
1.2.3
1.2.3
--2
e10
--2
-
1ee2
--2
-
1e
e10
--2
++1
++1
1ee2
abc
000.e
0e
abc
+
1ee2
1e+
1.2.3
+
-
--2
1ee2
--2
.
.
1e-
0e
+
e10
000.e
+
-
.
-
000.e
1e-
abc
-
.
0e
1e+
e10
1ee2
1e-
1.2.3
1ee2
0e
-
1e-
--2
1e
++1
+
-
1e-
abc
1ee2
e10
000.e
000.e
0e
0e
+
--2
1ee2
--2
-
1e-
0e
1e+
--2
1.2.3
abc
-
1e+
++1
--2
0e
1.2.3
-
abc
e10
000.e
0e
000.e
000.e
abc
1e
000.e
1e-
e10
0e
1e+
-
.
abc
-
0e
1ee2
1ee2
+
1ee2
e10
1e-
++1
++1
1.2.3
1ee2
+
1e-
e10
1e-
000.e
1e-
++1
+
0e
-
--2
.
000.e
0e
-
0e
1e
--2
1.2.3
-
++1
000.e
e10
+
--2
+
1e+
1e-
++1
++1
e10
1e+
-
1e
abc
abc
0e
0e
+
1e-
+
0e
000.e
+
000.e
1ee2
-
1.2.3
-
e10
+
e10
1ee2
1e+
e10
--2
-
1e+
e10
1.2.3
1.2.3
--2
1e-
1e
1ee2
e10
1e
1ee2
1e+
0e
1ee2
1.2.3
abc
e10
+
+
1.2.3
1e-
e10
+
1e+
.
++1
abc
0e
+
e10
-
1e-
0e
1e-
e10
abc
1e
+
1e-
abc
++1
--2
++1
000.e
1e+
1e+
000.e
++1
--2
1.2.3
.
+
1e+
1e+
+
1ee2
1.2.3
1e+
1e+
1e-
.
+
+
1e
-
1e
.
--2
000.e
-
.
1.2.3
e10
1e
--2
1e-
-
e10
+
0e
+
000.e
-
+
.
-
1e
++1
1e+
++1
+
+
abc
1.2.3
1e-
1e+
.
000.e
abc
--2
e10
0e
0e
--2
.
+
1ee2
e10
+
000.e
-
++1
.
1e
1ee2
1.2.3
000.e
++1
-
1e
1e
1e+
e10
abc
0e
1ee2
--2
1ee2
1e-
000.e
abc
+
1.2.3
.
1e+
1ee2
e10
--2
.
1e
1.2.3
1ee2
1e-
1.2.3
e10
1ee2
1e+
--2
.
abc
1e+
+
1e-
+
.
1e
1e+
000.e
1ee2
1ee2
0e
1e-
1e
1e+
1ee2
--2
--2
-
e10
-
--2
1.2.3
e10
+
0e
1ee2
--2
++1
.
-
.
e10
.
000.e
1ee2
1e+
++1
1e+
--2
--2
1.2.3
++1
--2
-
1.2.3
++1
abc
1.2.3
e10
abc
abc
1ee2
-
1e+
+
++1
--2
--2
++1
--2
1ee2
1e+
1e+
abc
000.e
1e
e10
1e-
1e
1ee2
1.2.3
1.2.3
1e-
+
0e
1e+
000.e
e10
--2
e10
abc
1ee2
--2
1e+
-
e10
-
1e+
++1
1.2.3
+
-
abc
1.2.3
++1
1e
+
e10
--2
000.e
--2
++1
0e
000.e
++1
1e+
0e
1.2.3
.
++1
0e
-
1e
000.e
1ee2
++1
.
1.2.3
--2
1e-
-
-
0e
1e
-
e10
1ee2
+
1ee2
+
1.2.3
++1
++1
1.2.3
1.2.3
1e-
++1
abc
0e
0e
abc
1e+
e10
1e+
000.e
1e-
++1
.
1e-
000.e
.
0e
1e+
+
1e
1e-
e10
.
abc
++1
1e
000.e
.
1e-
000.e
1e
++1
0e
1.2.3
--2
1e-
0e
1e-
1e-
-
+
--2
.
1.2.3
++1
1e+
abc
1e-
e10
000.e
--2
1e-
0e
-
+
abc
1.2.3
e10
1e-
1e
1ee2
-
000.e
abc
e10
abc
0e
1e
1.2.3
+
--2
abc
000.e
--2
+
--2
e10
+
0e
--2
1e+
+
e10
1e
.
--2
++1
1.2.3
1.2.3
--2
.
.
000.e
e10
1e
1e
-
1.2.3
000.e
e10
1e+
.
+
e10
0e
abc
0e
1e-
1ee2
1ee2
1e-
abc
1e
.
+
1e+
-
.
.
1ee2
abc
.
1e-
1.2.3
++1
-
1.2.3
-
1e-
+
000.e
1e-
1e-
++1
1ee2
+
++1
0e
1ee2
abc
++1
1e
1ee2
0e
e10
0e
++1
++1
000.e
0e
abc
1e+
e10
+
000.e
1ee2
-
000.e
000.e
1ee2
000.e
--2
--2
+
1e
e10
++1
e10
++1
+
0e
++1
1.2.3
.
1ee2
1e+
--2
0e
++1
e10
1ee2
--2
1ee2
1e+
--2
+
1e+
1ee2
++1
1e+
1.2.3
1ee2
+
1e
000.e
1e
1ee2
000.e
0e
1e+
++1
e10
1e+
0e
.
1.2.3
1ee2
--2
abc
1e-
000.e
-
000.e
-
1e+
e10
1e
1e-
--2
1e
++1
.
--2
000.e
e10
e10
++1
-
+
--2
1e+
++1
000.e
abc
--2
--2
1e
.
--2
-
++1
1ee2
--2
++1
1e
1e-
1e+
-
++1
-
.
+
0e
+
1.2.3
.
+
.
abc
1ee2
0e
1e+
--2
000.e
1e+
1.2.3
abc
1e-
e10
1.2.3
++1
--2
abc
1ee2
1e
1e
--2
--2
++1
--2
++1
+
1.2.3
0e
1e+
e10
1e+
e10
0e
0e
1e
.
e10
-
.
1e-
-
1e
abc
+
--2
1e-
0e
-
+
--2
1ee2
e10
1e-
.
1e+
++1
.
1e-
1ee2
++1
+
-
1ee2
++1
++1
1.2.3
+
++1
abc
++1
--2
-
1.2.3
1e+
0e
.
.
000.e
0e
-
-
1e-
abc
1ee2
++1
.
e10
.
1.2.3
abc
-
++1
-
000.e
1.2.3
1e
++1
1e
1e
+
abc
000.e
abc
000.e
1e+
abc
++1
1ee2
1e+
1e+
abc
+
+
0e
1e+
e10
++1
-
e10
1e-
1.2.3
+
.
1.2.3
000.e
--2
-
abc
.
1e-
1e+
000.e
.
1e-
1ee2
000.e
1e
-
.
1e+
++1
1.2.3
--2
1e
e10
++1
+
1e+
-
0e
.
1ee2
abc
0e
1.2.3
1e+
++1
1e-
--2
-
1.2.3
1e+
++1
1e+
1.2.3
1e-
000.e
1ee2
+
e10
000.e
1e-
-
abc
1e
++1
-
1e
++1
1.2.3
1e
1.2.3
000.e
++1
0e
e10
+
abc
--2
1e
1.2.3
1e+
1ee2
1e
e10
1e
1e
1e-
-
+
1e-
000.e
1e-
+
1e
000.e
1e
-
--2
e10
0e
abc
1e-
-
e10
e10
1.2.3
++1
-
1.2.3
e10
--2
1e-
e10
--2
1e
1ee2
0e
-
1.2.3
1ee2
e10
1e-
++1
1.2.3
0e
abc
abc
1ee2
++1
1.2.3
1e-
1e
000.e
+
0e
e10
--2
000.e
e10
1e-
++1
e10
+
1e+
++1
0e
-
.
1e
1e+
1.2.3
1.2.3
+
abc
1e-
e10
1e-
000.e
1e
-
.
e10
-
0e
.
+
+
-
.
1e+
e10
1.2.3
-
0e
1e
1e
1e-
1.2.3
.
1e-
--2
e10
.
--2
-
--2
-
1.2.3
-
abc
1.2.3
1ee2
1e
0e
1.2.3
abc
.
000.e
0e
abc
--2
1e-
-
--2
.
1.2.3
abc
--2
1e+
-
+
1.2.3
1.2.3
1ee2
000.e
1.2.3
0e
-
0e
0e
.
--2
1ee2
1ee2
abc
0e
e10
.
1ee2
abc
1.2.3
--2
1e
1.2.3
+
1ee2
abc
+
-
1e
1e-
1e-
1e-
1e-
-
1e-
1e
1e-
--2
++1
1e
1e+
-
++1
++1
.
0e
e10
abc
+
000.e
--2
1e
--2
-
1e+
1ee2
000.e
1ee2
--2
--2
1e+
1e+
1.2.3
000.e
.
1e-
e10
-
++1
000.e
-
.
0e
.
.
1.2.3
e10
abc
1e-
--2
-
abc
1e+
1.2.3
1e
0e
1e-
1e-
000.e
000.e
-
1e+
++1
1ee2
+
0e
-
+
+
0e
+
-
1e
1e+
-
0e
--2
000.e
-
0e
000.e
1e
1ee2
+
1e+
-
1e
1e
.
1.2.3
e10
000.e
1e
000.e
++1
0e
000.e
0e
abc
++1
abc
1.2.3
--2
0e
++1
+
000.e
--2
1e+
+
++1
1e-
--2
++1
1e+
++1
.
abc
1.2.3
--2
+
1e-
++1
-
0e
-
+
abc
abc
000.e
++1
e10
.
+
1e+
1ee2
1e+
.
1e-
1ee2
+
+
1e-
1e
+
.
1.2.3
0e
.
1e-
abc
abc
1ee2
1e+
++1
-
.
+
.
000.e
-
+
+
++1
1e-
0e
e10
000.e
1e-
--2
abc
1e-
1ee2
++1
000.e
e10
0e
+
1e-
.
-
1e
1e
1e+
++1
1e+
1e
0e
1e+
++1
abc
1e
-
0e
0e
+
1e
-
.
abc
000.e
1ee2
1.2.3
1e
1e-
abc
1e
000.e
000.e
--2
.
++1
.
1.2.3
+
1.2.3
++1
-
+
1e+
-
1.2.3
1e+
1e-
+
1e+
.
1ee2
+
-
+
000.e
1e
+
++1
1e
--2
+
-
1e-
.
0e
abc
1ee2
+
++1
++1
.
1ee2
abc
++1
000.e
.
++1
e10
++1
0e
-
1ee2
--2
1.2.3
+
0e
abc
++1
++1
--2
1e+
0e
1.2.3
abc
1ee2
--2
-
-
1ee2
1.2.3
1ee2
000.e
1.2.3
1e-
1e+
1e-
1e
1ee2
1e+
.
e10
++1
+
-
e10
1ee2
abc
0e
++1
1e-
--2
--2
++1
1ee2
1e-
1.2.3
e10
--2
1e
1e+
abc
1.2.3
0e
abc
1ee2
++1
1e
e10
.
1ee2
1e+
e10
--2
+
1e-
1e
++1
0e
-
1e-
1.2.3
+
--2
++1
0e
000.e
++1
e10
++1
+
--2
1e+
--2
1e
+
abc
++1
-
1e
e10
+
1e+
1e+
0e
1.2.3
--2
1ee2
1ee2
1e
1e+
1.2.3
+
000.e
.
++1
1ee2
000.e
1e-
1e+
--2
e10
1e-
--2
--2
+
+
1.2.3
-
+
++1
1e+
-
.
.
1.2.3
++1
0e
e10
e10
.
0e
abc
1.2.3
-
-
1e
1.2.3
1ee2
-
--2
--2
--2
abc
abc
1ee2
0e
1e
1.2.3
1e-
1e+
-
1.2.3
1e
1e-
000.e
1.2.3
-
1e
1.2.3
-
++1
--2
--2
1e
1ee2
1ee2
.
e10
1e+
1ee2
e10
--2
+
1ee2
1e-
1e
-
1e
1ee2
1.2.3
1e
+
1.2.3
.
1e-
+
1e+
1ee2
--2
+
++1
1.2.3
--2
++1
000.e
-
.
abc
0e
0e
1e+
abc
.
1e-
++1
-
--2
--2
-
e10
1.2.3
0e
e10
abc
e10
1ee2
.
1e
1e
1e-
+
++1
1e
1e
0e
--2
1e-
1e+
abc
000.e
+
1e
abc
1.2.3
1e+
e10
++1
++1
+
e10
1ee2
1e-
--2
--2
.
e10
e10
1ee2
abc
e10
abc
--2
0e
abc
1ee2
++1
.
--2
-
1ee2
-
-
+
-
1e-
-
1e+
-
1.2.3
1e
.
1e
++1
1ee2
e10
1e+
1e+
1.2.3
-
1.2.3
e10
.
1e+
1e
e10
1e-
000.e
+
+
++1
1e
1e
1e+
.
.
1e-
1e-
0e
+
.
1.2.3
1e-
abc
0e
0e
++1
+
+
.
.
+
1e
1e-
.
1e+
1e-
abc
000.e
abc
000.e
1e
+
abc
1.2.3
--2
1ee2
0e
--2
--2
.
--2
++1
1e+
abc
1.2.3
.
abc
1.2.3
--2
1ee2
+
abc
.
+
abc
1ee2
1.2.3
1e+
1e
.
000.e
1e+
0e
++1
1ee2
1e
--2
++1
1e-
.
-
.
1e
.
1ee2
abc
1ee2
1.2.3
1e-
1e+
1ee2
1e-
1e+
+
0e
abc
--2
abc
++1
.
--2
1ee2
000.e
1e
1.2.3
1ee2
.
1e-
1e
-
1e+
1.2.3
1ee2
e10
abc
++1
++1
1e+
-
1e-
000.e
1e+
abc
1e
+
1.2.3
+
.
0e
--2
1e+
-
.
1ee2
1e
++1
000.e
1.2.3
1.2.3
0e
e10
0e
1e-
1.2.3
--2
1e-
1e-
+
1e+
1ee2
1e
--2
1.2.3
e10
+
000.e
-
abc
1e+
++1
++1
1e
1e+
1e+
e10
++1
e10
1e+
-
abc
++1
1e+
1ee2
1ee2
1ee2
--2
++1
0e
1e+
abc
1ee2
1e+
1ee2
++1
1.2.3
0e
-
.
1e+
0e
--2
--2
--2
-
0e
-
++1
-
000.e
1e-
--2
.
e10
.
1e-
000.e
abc
1e+
+
+
1e+
1e
1.2.3
++1
+
abc
e10
000.e
+
1.2.3
1e-
-
0e
000.e
1e-
++1
1e+
++1
e10
1.2.3
.
1e
--2
0e
1ee2
++1
++1
1e-
-
++1
1ee2
1ee2
.
abc
--2
+
1e
e10
1ee2
1.2.3
1e+
--2
abc
0e
-
abc
1e
1ee2
.
abc
.
000.e
1.2.3
1ee2
-
0e
-
1e
1e
1ee2
++1
abc
--2
+
.
abc
0e
1e
1e
e10
0e
.
-
e10
e10
-
1e-
000.e
1ee2
.
++1
abc
abc
000.e
0e
0e
1e-
1e-
abc
+
+
abc
1e+
1e+
1e+
1e+
abc
+
.
1ee2
0e
--2
1e-
0e
.
e10
1ee2
++1
000.e
.
+
1e-
abc
--2
1e+
+
+
1e+
1e
1ee2
e10
1.2.3
++1
000.e
1ee2
-
1ee2
e10
1e
1e-
.
000.e
000.e
1e
.
1e+
1e-
abc
000.e
-
--2
1e-
++1
abc
+
--2
1e
e10
1ee2
.
++1
1ee2
abc
000.e
000.e
000.e
abc
1e-
1ee2
.
++1
1e
0e
abc
000.e
000.e
-
+
1e+
++1
1e-
++1
000.e
0e
+
1e
--2
000.e
1e+
e10
-
1ee2
++1
1.2.3
1e+
.
1e
1ee2
1e+
++1
0e
1.2.3
0e
+
.
1.2.3
+
.
.
e10
000.e
abc
-
000.e
e10
0e
--2
++1
e10
1e-
1e
1.2.3
e10
1e+
+
--2
1.2.3
.
.
1e+
1e+
1e
000.e
abc
-
.
1e
000.e
+
1e-
--2
000.e
1e-
1.2.3
1e+
--2
e10
1.2.3
1ee2
+
0e
e10
-
.
--2
1e+
1e
000.e
-
e10
000.e
1e
--2
e10
1.2.3
1.2.3
0e
000.e
1e
1e-
1.2.3
1e+
e10
1e+
1e+
.
e10
++1
.
++1
0e
+
--2
1e-
0e
1e
1ee2
+
1e
0e
1e
1e+
++1
-
e10
+
1e+
1e-
++1
1ee2
++1
e10
.
1e-
--2
++1
1e-
000.e
++1
1.2.3
1ee2
1ee2
1e+
0e
.
1e
--2
1e+
-
--2
e10
abc
--2
--2
0e
++1
1.2.3
1ee2
++1
1e
--2
+
--2
++1
1.2.3
-
1e-
e10
1e+
-
++1
1.2.3
000.e
.
0e
++1
0e
e10
1e-
1e-
0e
1e+
e10
--2
-
--2
+
1.2.3
.
-
abc
e10
+
1ee2
++1
1ee2
1e-
+
000.e
1.2.3
abc
1ee2
.
0e
.
+
++1
++1
--2
1ee2
1e+
++1
+
1e
0e
1e+
e10
1e+
1e
.
.
e10
++1
1ee2
000.e
1e+
1e+
000.e
1e+
1e-
1e+
1e
-
++1
1e
1e-
+
1.2.3
1e
1e
--2
e10
abc
++1
1.2.3
+
1e-
-
.
1e+
-
e10
1e-
0e
-
++1
++1
.
0e
000.e
--2
++1
1ee2
1e-
1e
-
000.e
1.2.3
.
-
--2
e10
++1
1e-
++1
1e
1e
1e
1e
1.2.3
abc
1e
0e
+
.
-
1ee2
-
000.e
--2
1e+
1.2.3
abc
1e
--2
abc
1e+
1e-
+
1.2.3
++1
1e-
++1
1.2.3
abc
1e
e10
.
+
abc
1e
0e
-
1e+
000.e
1.2.3
1e
-
1.2.3
.
+
000.e
1e
1ee2
1e
--2
0e
++1
1.2.3
1e-
1e
1e-
1ee2
++1
000.e
+
1.2.3
--2
1.2.3
e10
.
1e-
abc
1.2.3
.
1.2.3
-
--2
++1
--2
e10
1e
1ee2
++1
-
1.2.3
1e-
++1
1e-
1e
1e
--2
++1
.
1ee2
e10
0e
.
1e-
1e-
e10
1e+
0e
000.e
1ee2
+
e10
000.e
++1
1e-
1ee2
0e
-
+
--2
1ee2
.
1e-
1.2.3
.
1e
++1
+
.
abc
1e
++1
000.e
1e-
e10
1e-
1e-
1ee2
1ee2
++1
.
abc
1e-
++1
1.2.3
1.2.3
-
+
1.2.3
.
1.2.3
e10
e10
1.2.3
1ee2
-
.
++1
1.2.3
1e
1ee2
.
1e+
000.e
.
000.e
++1
.
-
--2
1ee2
--2
1.2.3
1e
--2
1e
++1
+
abc
1.2.3
1e-
e10
-
-
-
1e-
--2
-
000.e
+
1ee2
abc
1e+
1e+
-
1.2.3
e10
abc
abc
1ee2
e10
0e
--2
.
1e-
++1
+
1e
+
--2
1e
1e-
++1
1e
0e
0e
1ee2
.
000.e
1ee2
e10
0e
++1
.
+
1e-
abc
e10
.
--2
0e
++1
1.2.3
e10
+
.
0e
0e
1e
e10
abc
1e
000.e
e10
.
1e-
e10
1ee2
1e-
.
abc
-
--2
--2
1e
.
-
--2
++1
abc
1.2.3
abc
1e+
++1
e10
1e
abc
0e
1ee2
1e-
-
+
0e
1e+
1e+
++1
++1
+
-
1e+
-
1e-
e10
1.2.3
++1
--2
-
1e-
-
++1
++1
1e+
e10
abc
+
000.e
1ee2
e10
abc
-
000.e
.
000.e
-
+
.
.
-
abc
000.e
-
1ee2
-
+
+
--2
1e-
+
1e-
0e
e10
1ee2
-
-
abc
abc
.
-
1e
.
-
1.2.3
+
1e+
1e-
1e+
1.2.3
--2
1.2.3
0e
1e
1e-
--2
000.e
1.2.3
1e-
0e
e10
000.e
--2
abc
e10
++1
1e-
1e+
1e+
1ee2
1e
.
abc
1e-
+
++1
1.2.3
+
-
.
++1
1e+
abc
1ee2
-
-
++1
0e
1e+
e10
e10
1e
abc
e10
e10
1e-
--2
1.2.3
000.e
1.2.3
+
0e
1e-
-
0e
0e
1e
abc
1.2.3
--2
1.2.3
1ee2
+
1e
+
--2
-
+
1e+
.
+
1e
e10
1e
1ee2
1e
0e
e10
+
1.2.3
1e+
1e
1.2.3
1e
1e
++1
e10
1ee2
1e+
.
0e
e10
abc
abc
+
0e
1.2.3
1.2.3
abc
1.2.3
1e+
--2
1ee2
1.2.3
+
-
++1
0e
1ee2
1ee2
+
000.e
1e
++1
e10
++1
abc
1e+
1e
-
++1
0e
1e+
+
1e-
-
++1
abc
1e-
0e
000.e
1ee2
+
1e+
--2
++1
-
1.2.3
-
.
.
++1
0e
0e
-
1e+
++1
+
1.2.3
1ee2
+
1e
1e-
1.2.3
++1
+
--2
1e
abc
1e+
abc
e10
1.2.3
.
1e-
e10
1ee2
+
--2
e10
++1
e10
--2
.
1e-
1e
+
0e
1e-
1e-
000.e
1e+
1ee2
1e-
e10
1e-
1.2.3
abc
-
1e+
000.e
1ee2
1.2.3
e10
000.e
.
--2
1e
++1
1e
1ee2
1e-
000.e
1ee2
e10
--2
-
0e
-
1ee2
1e
1e
abc
.
.
+
abc
1ee2
1e
e10
abc
1.2.3
++1
1ee2
1e+
1e
1e+
-
1ee2
e10
--2
1e
1.2.3
.
0e
abc
+
000.e
000.e
1.2.3
0e
0e
abc
1e
.
1e+
--2
1e
e10
0e
++1
1e
abc
+
-
.
abc
e10
--2
++1
e10
++1
+
1e
1e
1e+
++1
1.2.3
++1
1.2.3
++1
1e
++1
1e
1ee2
-
0e
--2
1e-
1e+
0e
1e-
+
1e+
+
1e-
++1
0e
1e+
1e+
abc
--2
--2
0e
1e
++1
0e
--2
0e
1e+
1e+
1e+
+
-
++1
1e+
1.2.3
--2
1e-
--2
+
1e-
++1
0e
++1
1.2.3
1e+
--2
.
0e
+
--2
++1
+
++1
--2
e10
1e
1e+
abc
-
1e
1e-
++1
-
-
000.e
1e
1.2.3
1e-
--2
.
-
--2
1e
1e+
1e+
0e
++1
1e
++1
--2
0e
1.2.3
abc
1e+
1ee2
1e
1e-
1e
.
1e-
.
-
1.2.3
+
1e
-
1e+
1ee2
+
1.2.3
0e
1.2.3
000.e
000.e
1.2.3
+
1ee2
1.2.3
abc
1e+
++1
1.2.3
1e-
1.2.3
1ee2
1e+
e10
e10
1e
1e
0e
0e
1e+
+
--2
1.2.3
000.e
0e
0e
0e
.
+
1ee2
1e-
--2
000.e
++1
1e
000.e
1e+
1e-
1e-
1ee2
++1
1.2.3
++1
1e-
1e
1e+
1ee2
+
+
--2
--2
1.2.3
.
++1
e10
.
0e
--2
1ee2
000.e
+
1.2.3
1.2.3
++1
abc
-
abc
.
--2
1e-
1.2.3
abc
.
1e-
+
000.e
1ee2
1.2.3
1.2.3
+
1e+
abc
000.e
0e
e10
0e
000.e
1e+
--2
1e+
0e
1.2.3
+
1e+
++1
0e
1e
1e-
++1
--2
1.2.3
1e
++1
--2
.
.
+
1e+
1e
1.2.3
1ee2
1e
e10
++1
--2
.
++1
000.e
1ee2
1ee2
-
++1
-
1ee2
.
+
+
--2
+
1e+
1e+
1e+
e10
abc
000.e
000.e
e10
--2
-
0e
e10
1ee2
1e+
1e
0e
000.e
1e
000.e
--2
1ee2
1e
1e-
000.e
1e-
e10
abc
0e
.
1e-
1ee2
abc
0e
1.2.3
+
1ee2
++1
--2
--2
++1
abc
1e+
+
e10
000.e
.
.
0e
1ee2
abc
1.2.3
1e+
++1
1ee2
abc
-
000.e
1ee2
--2
0e
--2
--2
1e-
++1
.
++1
+
1e-
0e
000.e
1e
1e-
++1
++1
.
++1
-
1e
e10
1.2.3
1.2.3
1ee2
1.2.3
+
1e
e10
1e+
0e
1e
1.2.3
1e-
000.e
e10
1e-
.
1ee2
--2
1e
-
++1
1e
--2
000.e
1e-
1e+
e10
-
e10
1ee2
e10
1e-
-
++1
abc
1e-
0e
1.2.3
+
000.e
+
1e-
1.2.3
-
1e-
+
--2
1e
1e+
e10
1.2.3
abc
000.e
000.e
--2
-
1e
1.2.3
000.e
--2
000.e
-
1e+
+
+
.
-
-
1.2.3
1e-
1e+
e10
-
1e-
.
1e+
.
--2
-
e10
.
+
1e
--2
++1
++1
++1
+
-
1e+
1ee2
000.e
1.2.3
--2
000.e
abc
.
e10
1.2.3
0e
1.2.3
+
1e
-
++1
1.2.3
1e+
1e+
1ee2
abc
000.e
.
--2
1e-
e10
abc
1ee2
--2
1.2.3
abc
000.e
1ee2
1e
1ee2
--2
++1
e10
.
-
1e-
1e+
1e
0e
1e-
000.e
+
1e-
++1
1.2.3
.
000.e
1e+
1ee2
abc
1e+
.
0e
1e
1ee2
+
1e-
-
e10
1e+
000.e
--2
-
1e+
1e+
abc
e10
-
1e
++1
abc
--2
e10
--2
1e-
.
1e
1e
+
e10
1.2.3
-
++1
--2
1e+
000.e
1e+
e10
--2
000.e
+
1e+
1e
1e+
-
.
-
1.2.3
1ee2
e10
000.e
1e-
1ee2
+
++1
1e+
1.2.3
1e
++1
1ee2
+
--2
000.e
e10
e10
1e+
1.2.3
.
1e-
abc
0e
++1
-
1ee2
0e
000.e
.
+
e10
--2
++1
1ee2
.
000.e
000.e
1e
.
1ee2
.
+
1.2.3
+
1e-
0e
abc
++1
000.e
e10
1e
1ee2
--2
1e
1e+
1e
abc
1e-
+
1e-
--2
1.2.3
1e-
.
.
e10
e10
1.2.3
000.e
abc
000.e
0e
000.e
1ee2
++1
1e
1e+
0e
1ee2
0e
abc
000.e
abc
1e+
--2
.
1e
1.2.3
+
1ee2
1e
++1
1.2.3
e10
1e+
0e
.
1.2.3
-
++1
--2
1e-
-
000.e
abc
1ee2
000.e
e10
+
0e
1e+
1ee2
--2
e10
0e
--2
+
.
abc
0e
e10
e10
1e
-
1ee2
-
++1
abc
1e
--2
+
1ee2
e10
1e-
000.e
abc
e10
000.e
1.2.3
.
1e+
+
1.2.3
++1
--2
1e
000.e
1.2.3
1ee2
1ee2
1e+
1e-
.
+
1e+
1ee2
1.2.3
+
abc
1e-
1e+
000.e
.
e10
abc
1ee2
e10
1.2.3
.
+
++1
1.2.3
--2
++1
--2
1.2.3
0e
1.2.3
+
1e
1e-
--2
1e+
abc
0e
e10
.
000.e
1.2.3
.
1e+
.
0e
--2
--2
+
1ee2
000.e
+
1ee2
-
1e-
+
1e+
1e+
abc
1e-
1e+
.
1ee2
++1
abc
1ee2
+
abc
1.2.3
abc
.
1e
abc
1ee2
1ee2
e10
1e
1e
-
1ee2
++1
abc
.
e10
-
+
--2
1ee2
1e-
1ee2
1e-
1.2.3
1e+
.
-
1e+
e10
1e
1e+
+
--2
000.e
1e+
1.2.3
0e
1ee2
1.2.3
000.e
1e-
1ee2
1ee2
+
.
1e+
1e-
1e-
1e-
1e+
abc
--2
--2
--2
+
e10
-
000.e
000.e
1e+
1e-
1e-
1e+
1ee2
-
0e
.
1e+
.
.
1e+
1.2.3
1e
-
++1
.
1e-
000.e
--2
1e
1.2.3
--2
1.2.3
1ee2
.
1e
1.2.3
--2
1e
0e
1e
.
0e
1e
1e-
e10
+
1e+
.
.
+
++1
--2
-
++1
0e
abc
++1
-
++1
++1
-
.
-
abc
.
1.2.3
1e
1e-
0e
.
++1
.
--2
1.2.3
-
1e+
+
0e
1e
1ee2
e10
1.2.3
1e-
.
abc
-
-
+
--2
abc
000.e
1e+
+
abc
0e
+
1e-
1.2.3
--2
0e
.
1e-
1e+
0e
+
000.e
++1
-
1e
--2
1e
e10
-
-
000.e
++1
1.2.3
1e+
1e
-
abc
1e+
1ee2
1ee2
-
000.e
000.e
000.e
1ee2
0e
000.e
e10
1e
0e
++1
000.e
1e-
1ee2
1.2.3
1e
++1
0e
000.e
.
.
-
1e
1e
e10
e10
1e+
1ee2
+
abc
++1
1e
e10
e10
1ee2
e10
1e+
0e
1e
1ee2
1e
--2
--2
1ee2
1e+
1e
--2
1e+
-
1.2.3
-
1e
1ee2
1e-
1ee2
-
1e
1ee2
e10
+
-
e10
++1
.
abc
1ee2
e10
.
1e+
+
0e
1e+
-
1ee2
1e-
--2
1e+
1e-
e10
e10
-
.
.
++1
1e
e10
0e
1ee2
1e
0e
1e+
-
0e
++1
-
--2
000.e
000.e
++1
1e-
0e
--2
1e+
1.2.3
0e
1.2.3
1.2.3
1e+
1e
0e
1e
e10
+
1e+
000.e
1.2.3
--2
0e
.
e10
1e-
--2
e10
++1
1e
0e
abc
+
abc
000.e
1.2.3
-
.
1.2.3
+
.
1e+
--2
+
1e
1e+
--2
1e-
e10
1e+
000.e
1e
-
e10
1e-
--2
--2
e10
abc
-
.
e10
-
1e+
++1
0e
+
1e-
1e-
0e
1e
abc
--2
1e
000.e
++1
e10
+
1.2.3
e10
e10
++1
abc
1e-
1e
++1
000.e
abc
1ee2
1e
1ee2
-
1e-
000.e
-
abc
000.e
1ee2
+
1e-
1e-
+
e10
.
abc
1e-
0e
000.e
1ee2
000.e
+
abc
1e
000.e
-
1.2.3
000.e
-
1.2.3
000.e
1.2.3
-
.
1e
--2
1e
1e
1e+
1e+
++1
.
1ee2
.
1e+
1e+
+
e10
e10
-
1.2.3
1ee2
.
1e+
1e
0e
1e
++1
1e
-
.
+
-
+
1e-
.
1e
1e
.
abc
++1
-
1e+
1e-
1e
--2
++1
1.2.3
1ee2
1e-
.
1.2.3
.
000.e
1e-
--2
1e+
1e+
1.2.3
1e+
1e-
1e+
+
abc
--2
1e
.
1.2.3
0e
000.e
++1
++1
abc
-
000.e
.
000.e
e10
1.2.3
+
1.2.3
000.e
1e+
1e-
-
0e
1.2.3
abc
++1
000.e
1e-
1e-
1ee2
+
abc
-
-
+
000.e
e10
1e
0e
.
--2
e10
1e
000.e
++1
e10
0e
+
abc
abc
+
++1
-
--2
1.2.3
abc
1e+
1e-
1ee2
1e+
--2
1e+
++1
1.2.3
000.e
1e-
--2
--2
--2
1e+
.
--2
e10
1e-
000.e
++1
000.e
--2
abc
0e
.
1e-
0e
1.2.3
--2
1ee2
0e
.
--2
1.2.3
abc
+
++1
++1
1ee2
++1
1e
0e
1e+
++1
0e
.
e10
+
000.e
abc
--2
.
--2
1e
-
abc
1e+
0e
0e
+
--2
++1
abc
1e
.
1.2.3
0e
1e-
1ee2
abc
+
abc
1.2.3
1ee2
--2
--2
1e+
0e
0e
.
1.2.3
-
--2
1e-
++1
e10
abc
000.e
.
1e
000.e
++1
++1
1ee2
1e+
++1
1ee2
+
.
++1
e10
abc
1e-
1e-
--2
e10
-
1.2.3
++1
++1
-
1e
+
.
--2
.
000.e
1e
000.e
-
1e-
+
.
--2
-
e10
1e+
1e+
1e+
1ee2
1e-
1e-
abc
+
0e
--2
000.e
1e+
000.e
+
-
+
000.e
000.e
++1
000.e
0e
abc
1e+
1ee2
abc
1.2.3
1.2.3
000.e
1e+
+
1.2.3
+
e10
++1
0e
-
1e+
e10
1.2.3
1ee2
e10
+
1.2.3
000.e
000.e
abc
1.2.3
e10
1e
abc
e10
0e
-
+
1.2.3
.
1e+
--2
++1
--2
1e-
0e
1e-
+
1.2.3
1.2.3
1.2.3
-
1.2.3
-
1ee2
0e
1e-
000.e
1ee2
-
e10
+
1ee2
1.2.3
1e-
1.2.3
1.2.3
1ee2
000.e
0e
-
++1
abc
abc
e10
e10
1e+
+
++1
e10
1e-
e10
1e
1e+
e10
-
+
0e
+
-
000.e
-
1e-
--2
.
0e
000.e
.
1.2.3
abc
e10
--2
.
-
1e
000.e
1e+
--2
--2
1e
e10
1e+
1e
.
e10
1.2.3
1.2.3
1e
++1
abc
1e+
abc
1.2.3
1e-
1e
000.e
abc
000.e
1e+
abc
.
e10
0e
1e
1e-
.
++1
000.e
1e+
1e
1e-
1ee2
0e
--2
+
0e
000.e
1e+
1e
+
+
0e
++1
1.2.3
1e-
1ee2
++1
1ee2
0e
1e-
--2
--2
e10
abc
1e-
-
1e-
000.e
1e-
0e
e10
e10
000.e
1e
1e+
000.e
1.2.3
1.2.3
+
1e-
.
+
e10
1.2.3
0e
-
.
e10
--2
1e+
-
1e+
--2
1e
+
1e+
0e
000.e
.
1.2.3
0e
1e
1e-
--2
e10
+
1e-
000.e
1ee2
1e-
--2
1ee2
++1
1.2.3
1e-
.
1e-
1e
1e+
1e-
e10
1e-
1e-
000.e
1e+
-
--2
abc
1e+
abc
e10
1ee2
.
++1
+
e10
000.e
1ee2
1.2.3
0e
0e
0e
abc
1.2.3
e10
1e+
+
1ee2
-
1e
+
0e
1ee2
++1
1e+
.
e10
1e+
000.e
++1
1.2.3
1.2.3
e10
+
000.e
abc
.
1.2.3
1e+
1e+
1e-
--2
1e-
+
++1
1ee2
000.e
000.e
1e+
1e
abc
1.2.3
1e+
-
e10
++1
000.e
.
++1
1e
+
1e
1e
e10
1ee2
1ee2
-
1ee2
1e
--2
0e
.
--2
1e+
1e+
abc
.
+
-
e10
1e
.
--2
1e
.
0e
000.e
abc
++1
.
--2
000.e
1e
000.e
1.2.3
--2
e10
+
0e
1e
++1
000.e
--2
1e+
1ee2
1ee2
0e
0e
1e
1e
.
+
1e
-
1e+
--2
1e+
--2
+
-
+
abc
1.2.3
1e
1e-
abc
1e+
abc
-
1e+
0e
1.2.3
++1
+
--2
1ee2
++1
+
--2
1e-
abc
1e-
++1
++1
1e+
0e
-
1ee2
1ee2
1.2.3
+
--2
--2
.
1e-
-
000.e
000.e
1e+
1e
0e
1.2.3
.
000.e
++1
1ee2
1ee2
abc
e10
1e+
1ee2
0e
-
1e
1.2.3
1e
0e
1e-
--2
.
000.e
000.e
++1
1.2.3
+
1e
000.e
--2
1e-
--2
0e
1.2.3
e10
+
e10
1ee2
000.e
abc
1e
.
-
1e
--2
0e
0e
0e
abc
--2
1e-
1ee2
1.2.3
+
++1
0e
1e+
1e+
1ee2
0e
++1
1ee2
+
.
1e
1e
1ee2
1.2.3
-
000.e
e10
--2
1ee2
1ee2
+
1e-
1e
1e
0e
.
++1
++1
-
-
++1
1e-
.
e10
e10
1ee2
0e
e10
1e-
+
1e+
++1
++1
.
000.e
.
+
+
abc
abc
.
+
000.e
--2
1e-
1.2.3
0e
1e-
1.2.3
e10
-
1e+
000.e
1e-
1.2.3
000.e
+
abc
1e+
1e-
1e-
1e-
.
000.e
1e
e10
abc
1ee2
+
1e+
++1
1.2.3
e10
--2
abc
e10
++1
1.2.3
1ee2
000.e
000.e
1.2.3
1.2.3
+
--2
1e
1e
-
1.2.3
++1
-
1.2.3
1e+
-
++1
--2
-
--2
+
0e
-
.
1.2.3
++1
++1
-
1.2.3
000.e
0e
1e-
1.2.3
--2
000.e
1e
1e-
1e+
.
1ee2
1e-
1.2.3
000.e
1e+
++1
+
.
1.2.3
+
0e
000.e
000.e
0e
000.e
000.e
0e
1.2.3
1.2.3
--2
1e-
-
0e
.
++1
1e
.
--2
1.2.3
0e
0e
abc
-
1ee2
1e+
0e
1e
1.2.3
abc
--2
1ee2
1ee2
+
--2
abc
1.2.3
+
--2
.
000.e
1e-
000.e
1e
1ee2
e10
000.e
1.2.3
.
0e
e10
1e+
1e
1.2.3
0e
1e-
.
--2
1e-
e10
1ee2
.
--2
--2
1e-
1.2.3
.
1e
1.2.3
1.2.3
++1
1ee2
1e+
-
-
+
1e-
--2
1e-
++1
0e
0e
.
000.e
++1
-
1ee2
++1
1.2.3
000.e
1e+
1e+
++1
0e
-
1e+
1e+
.
-
0e
abc
--2
1.2.3
1.2.3
1ee2
1ee2
-
1e+
++1
+
--2
0e
-
000.e
-
1ee2
1ee2
1ee2
1e-
-
-
--2
1ee2
-
abc
0e
+
e10
1e
1e-
e10
1e+
+
1e-
1e+
1e+
1.2.3
1e+
e10
+
abc
1.2.3
000.e
e10
++1
e10
abc
e10
000.e
-
1.2.3
+
--2
1e
0e
0e
0e
+
1ee2
1e+
1e
1e-
1.2.3
abc
--2
0e
.
000.e
abc
--2
1e
-
1e
1e-
000.e
1e+
1e+
+
1e+
--2
0e
++1
000.e
e10
.
1ee2
1.2.3
++1
++1
e10
1.2.3
++1
+
1e+
1e
1e
-
1ee2
1e+
1.2.3
+
+
1e-
e10
1ee2
abc
1ee2
1ee2
1.2.3
--2
0e
++1
abc
1e+
+
1.2.3
.
--2
--2
000.e
abc
.
1e
+
1e-
0e
abc
1e
-
1e
1e-
1e-
--2
++1
0e
1e
--2
e10
1e+
1ee2
1e+
+
1e
0e
1e+
1ee2
1e+
1ee2
++1
e10
+
1e+
1e
+
-
1e-
000.e
1e+
abc
1.2.3
0e
0e
0e
e10
000.e
1e
-
+
-
1ee2
1e+
.
.
1ee2
000.e
000.e
+
1ee2
1.2.3
1ee2
0e
++1
0e
++1
e10
--2
.
1e-
abc
++1
1e
1ee2
++1
--2
000.e
1e-
1e
e10
1.2.3
e10
-
1e+
1e-
-
+
000.e
+
1e-
000.e
abc
+
1ee2
abc
abc
1ee2
abc
000.e
1e-
1.2.3
1e
+
1e
1e
+
.
1ee2
++1
1ee2
1e+
++1
e10
++1
e10
--2
0e
e10
1e-
.
++1
e10
1e-
-
.
1e-
0e
0e
0e
0e
1.2.3
1ee2
1ee2
++1
1ee2
1e
1e
1.2.3
-
000.e
.
000.e
++1
.
1.2.3
-
+
1e+
1e
1e+
--2
-
-
e10
1.2.3
+
e10
abc
--2
abc
++1
000.e
1e
0e
--2
0e
abc
1e+
000.e
e10
1e
1ee2
0e
++1
+
1e-
++1
e10
1e+
0e
1ee2
1e
abc
1.2.3
0e
1e-
+
e10
0e
+
1.2.3
abc
1ee2
1ee2
0e
--2
++1
abc
000.e
0e
.
000.e
0e
0e
1e+
-
1ee2
++1
1ee2
abc
+
1e-
e10
--2
1e-
1e+
+
1ee2
1ee2
-
.
-
1ee2
+
--2
e10
--2
+
--2
000.e
-
1e-
--2
e10
1e+
1e-
1e
1e-
e10
1e-
0e
++1
1ee2
+
1.2.3
1e
++1
.
-
++1
e10
1.2.3
000.e
1e
.
1e
.
1e+
1e-
1ee2
--2
1.2.3
+
1e-
.
-
abc
1.2.3
1ee2
+
e10
--2
1e+
--2
.
000.e
0e
1ee2
++1
+
+
000.e
1e-
e10
--2
1.2.3
0e
.
1.2.3
1e+
000.e
1e
1ee2
+
e10
000.e
e10
1e
1e
+
0e
--2
000.e
++1
0e
1e-
-
abc
1.2.3
1.2.3
1e+
--2
1.2.3
0e
1e
1e-
0e
abc
--2
0e
1e
1e-
1e
--2
1e+
000.e
.
e10
e10
e10
++1
1e
abc
-
abc
0e
1.2.3
abc
--2
e10
.
++1
0e
0e
e10
.
-
1.2.3
0e
abc
-
1e
-
abc
1e
000.e
1e+
+
1e
abc
1.2.3
1e
000.e
1.2.3
1e
-
+
1ee2
+
1e
.
000.e
000.e
+
1ee2
e10
0e
1e-
--2
0e
++1
1e
++1
1e
.
1.2.3
1ee2
1e+
--2
e10
.
1ee2
1e-
abc
--2
1e-
.
1e-
1e-
1ee2
0e
--2
--2
.
--2
.
-
1e-
000.e
1e
.
-
1.2.3
1e-
.
-
e10
1ee2
+
0e
1e
+
0e
--2
--2
-
1.2.3
e10
1.2.3
1e+
000.e
0e
-
0e
e10
1e-
--2
-
0e
e10
0e
0e
abc
1e+
1e-
0e
abc
++1
000.e
1e
1e-
--2
+
1e-
1.2.3
abc
1e
e10
+
-
-
--2
abc
000.e
abc
-
1e+
1ee2
1e-
1e-
--2
1e-
--2
--2
+
+
-
+
1ee2
.
e10
1e-
-
--2
0e
abc
abc
abc
000.e
1ee2
1e+
++1
1e+
abc
0e
.
.
0e
-
1.2.3
abc
0e
1.2.3
0e
1e+
1.2.3
.
e10
.
abc
++1
1e+
-
+
1e-
000.e
1e
000.e
.
abc
abc
1e
++1
1e-
1e+
abc
.
abc
1e
-
1e+
e10
-
--2
1.2.3
abc
1e+
000.e
abc
+
--2
1e+
1e
1ee2
000.e
1.2.3
1e+
.
.
e10
1e-
1e-
1.2.3
0e
++1
0e
1e+
1e
++1
1e-
e10
000.e
--2
--2
-
e10
0e
000.e
--2
1.2.3
.
0e
-
e10
+
000.e
.
0e
0e
--2
--2
1.2.3
e10
000.e
1e-
+
0e
1.2.3
-
1.2.3
.
0e
1e+
.
+
++1
0e
1e-
-
1e
e10
-
1.2.3
0e
1.2.3
1ee2
1ee2
0e
abc
1e-
0e
1.2.3
++1
1e+
abc
1e
-
--2
0e
1.2.3
--2
0e
abc
++1
0e
000.e
1.2.3
++1
.
000.e
1e-
1e+
1e+
1.2.3
000.e
1.2.3
+
1ee2
1e-
0e
0e
--2
--2
.
1ee2
e10
+
1ee2
++1
1e
.
+
1ee2
-
.
.
abc
1e
1e+
1e+
1e-
e10
e10
abc
+
+
1.2.3
--2
1e
1e-
+
0e
000.e
--2
1ee2
--2
e10
e10
1e+
000.e
1.2.3
1e
1.2.3
1ee2
-
++1
1e-
1e+
1e+
1e-
++1
1e+
0e
.
++1
-
++1
1.2.3
1e
++1
e10
+
--2
1ee2
.
--2
000.e
abc
++1
0e
++1
1ee2
0e
abc
1e
1e+
+
+
0e
abc
1e-
++1
0e
.
000.e
000.e
000.e
-
++1
1e+
e10
-
1e
1e-
000.e
.
1.2.3
1ee2
-
abc
1e-
++1
e10
e10
-
.
--2
+
1ee2
000.e
0e
abc
-
1ee2
0e
000.e
1ee2
1e
++1
+
1e-
-
0e
--2
--2
1e
1e-
+
abc
.
1e-
1ee2
abc
-
e10
1e
000.e
+
e10
1ee2
-
1e
1e-
1.2.3
000.e
+
.
++1
1e-
++1
++1
0e
abc
1.2.3
1e-
e10
+
abc
0e
--2
.
+
--2
e10
--2
1.2.3
.
1e-
0e
1e
1e
1e+
1e-
+
1ee2
000.e
abc
abc
1e-
--2
1e-
0e
1e+
1e
1e-
abc
e10
++1
0e
++1
1e-
++1
1e-
-
1e
-
000.e
1ee2
-
1.2.3
+
+
000.e
1e-
0e
abc
e10
1ee2
1e
abc
e10
1ee2
abc
abc
1e-
++1
++1
1e-
1.2.3
1.2.3
++1
1ee2
1e+
1ee2
1e
1e-
1e-
0e
1ee2
1e
1ee2
1.2.3
--2
--2
.
1ee2
--2
.
1e-
.
000.e
e10
abc
1e-
++1
--2
1e
--2
+
abc
e10
--2
000.e
abc
1.2.3
+
1e
e10
e10
abc
1e
++1
1.2.3
1.2.3
.
-
+
-
e10
1e+
abc
+
+
.
1e+
-
1.2.3
1ee2
e10
--2
+
1ee2
1e
.
+
e10
abc
-
e10
0e
+
abc
+
+
1.2.3
1e
1e+
.
.
1e
000.e
e10
+
1e-
000.e
1.2.3
++1
abc
000.e
1.2.3
1ee2
1e+
+
1e+
1e-
--2
1e-
++1
1ee2
+
abc
++1
.
e10
1.2.3
000.e
0e
1e
-
++1
e10
abc
+
-
1e+
++1
+
-
++1
.
++1
1e+
1e
.
--2
1e-
000.e
1e
.
1.2.3
0e
++1
1e+
e10
--2
1.2.3
1e
1ee2
000.e
0e
000.e
.
-
--2
e10
0e
.
1ee2
1e-
1ee2
.
+
1e-
--2
000.e
e10
++1
1.2.3
--2
e10
abc
1e-
1.2.3
1.2.3
1e+
--2
1e-
1e
-
1e-
1ee2
1e
1ee2
0e
+
+
000.e
1e+
1ee2
1e-
1e+
++1
.
e10
1e+
0e
0e
1e
-
.
1.2.3
1e+
1.2.3
000.e
++1
0e
-
1e+
1e-
1ee2
1e+
000.e
1.2.3
.
--2
1e+
1.2.3
1e+
1e-
e10
e10
abc
--2
abc
1ee2
--2
1e+
++1
e10
0e
1e+
1e+
1e-
-
1.2.3
++1
+
1ee2
000.e
++1
1ee2
0e
000.e
1ee2
0e
1.2.3
++1
1e-
-
1e
1e+
e10
++1
000.e
1e+
1.2.3
000.e
1e
1e+
0e
1.2.3
e10
abc
1e
0e
1.2.3
+
0e
.
1e-
1ee2
e10
1.2.3
.
000.e
-
0e
--2
-
1e-
0e
1ee2
1e+
+
1e
+
e10
++1
--2
-
1e+
1.2.3
-
++1
abc
1ee2
-
-
.
1e-
e10
e10
-
1.2.3
++1
+
+
abc
1.2.3
-
e10
0e
++1
1e+
1ee2
+
1e-
abc
1e
e10
0e
0e
1e+
e10
e10
-
1.2.3
abc
1e-
.
e10
++1
1e-
-
0e
.
--2
1e-
1e-
1e
++1
.
1ee2
1e
1e
.
1e-
1ee2
1.2.3
+
--2
e10
0e
-
.
000.e
++1
e10
1e+
+
1e-
abc
-
1e+
1e+
++1
1.2.3
abc
++1
1e+
e10
+
--2
1e+
1e
--2
1e-
1.2.3
0e
1e
--2
1e-
e10
-
0e
1e+
-
0e
+
.
1.2.3
++1
-
e10
-
1.2.3
1e+
-
1e
1ee2
1e+
1e
-
abc
000.e
abc
abc
.
+
abc
1e+
.
--2
1e-
1.2.3
1ee2
1e
-
1e
1e
1e
1ee2
1ee2
1e
000.e
1e
1.2.3
0e
abc
e10
e10
.
1e
0e
1e+
+
1.2.3
++1
1ee2
1e
0e
000.e
1.2.3
+
--2
1ee2
-
++1
e10
1e-
e10
++1
+
abc
.
1e-
1.2.3
.
-
e10
.
1e
1ee2
abc
000.e
++1
+
1e+
1ee2
abc
1ee2
0e
1ee2
.
--2
--2
1ee2
0e
abc
+
1e
--2
1e
+
1e
e10
e10
e10
++1
--2
000.e
000.e
1e+
1.2.3
+
1e
1ee2
1.2.3
1.2.3
1e
1e-
+
--2
1e+
1e+
e10
1ee2
1ee2
0e
1.2.3
1ee2
e10
.
1e
.
-
--2
++1
--2
1e
0e
.
0e
0e
e10
+
.
++1
.
1ee2
-
e10
++1
1e+
+
1e+
--2
-
1e
.
1e
1ee2
0e
1ee2
1e-
1e-
abc
1e-
-
1e-
000.e
--2
++1
1e+
000.e
1e
abc
000.e
1ee2
1.2.3
.
--2
e10
1e
-
+
.
.
000.e
1e+
1e+
1e-
000.e
000.e
1e
0e
+
+
e10
000.e
--2
0e
000.e
--2
1e
1.2.3
+
e10
0e
0e
--2
e10
+
-
+
+
.
1e+
+
.
.
1ee2
-
000.e
-
-
0e
--2
+
.
.
.
1e+
1.2.3
abc
.
1ee2
1e-
--2
0e
++1
0e
1.2.3
0e
0e
1.2.3
0e
1e
1e+
1e+
1ee2
abc
+
.
++1
1e+
1ee2
0e
1e
0e
++1
1ee2
1e+
-
0e
000.e
abc
1.2.3
+
1ee2
1ee2
1.2.3
0e
1ee2
abc
1e-
1e
000.e
++1
0e
000.e
1e+
.
+
--2
.
e10
000.e
0e
++1
0e
1.2.3
abc
1e
1.2.3
1ee2
1ee2
000.e
1e-
1e+
-
e10
abc
+
e10
--2
1.2.3
++1
1e
1e+
abc
1e
abc
1e
0e
-
abc
1e+
.
1e+
1.2.3
1.2.3
--2
abc
.
e10
1ee2
+
1.2.3
--2
1e-
0e
e10
--2
1e
.
1.2.3
1.2.3
--2
000.e
abc
+
000.e
0e
-
abc
e10
abc
1e
++1
++1
1.2.3
1e+
000.e
--2
1e-
.
--2
-
-
1.2.3
1e+
1e
1e+
1e-
000.e
1e-
abc
e10
1ee2
1.2.3
0e
+
.
+
1e+
-
1e
0e
abc
-
-
1e+
1.2.3
1e
--2
+
-
-
+
++1
++1
1e-
e10
--2
1.2.3
000.e
+
0e
1e
000.e
0e
1e+
e10
--2
1.2.3
1e+
1e+
e10
1e
.
1e+
e10
--2
--2
.
1e+
1.2.3
-
e10
0e
--2
++1
1e-
abc
++1
1e+
e10
1e
0e
1e+
1e-
0e
1ee2
abc
e10
+
.
e10
++1
1e-
1ee2
--2
1e
000.e
+
abc
.
-
abc
0e
1e+
++1
000.e
--2
abc
1e+
abc
++1
+
0e
--2
-
1ee2
abc
0e
abc
++1
1.2.3
1e+
1.2.3
1ee2
000.e
1.2.3
abc
1.2.3
1.2.3
--2
1.2.3
000.e
0e
000.e
abc
+
1e-
000.e
1e+
-
abc
1e+
1e
000.e
1e
.
--2
1e
1e
1e-
e10
1ee2
000.e
1ee2
--2
++1
0e
abc
abc
1e
-
1e+
1.2.3
+
abc
e10
--2
.
1e-
0e
abc
0e
1.2.3
-
--2
e10
1e+
1e
+
++1
-
1.2.3
abc
1e-
000.e
1e-
abc
1e-
+
.
.
1e+
abc
1e+
+
-
1ee2
1e
0e
.
1e-
abc
1ee2
0e
1e+
--2
.
1e
-
1e+
+
0e
++1
1e+
.
1.2.3
1ee2
+
++1
1e
1ee2
1e-
0e
--2
-
000.e
1e+
abc
1e
abc
--2
-
000.e
++1
1e+
0e
++1
1ee2
0e
1.2.3
1.2.3
0e
000.e
1e+
000.e
+
1e
1e
1e
1ee2
+
++1
0e
++1
1e
++1
e10
+
--2
e10
0e
e10
1.2.3
000.e
1e+
1ee2
+
e10
-
+
e10
.
1ee2
--2
1.2.3
1e
abc
-
-
abc
.
++1
1.2.3
e10
+
000.e
1ee2
1.2.3
abc
abc
1e
e10
1e
+
abc
1.2.3
1e+
e10
000.e
1e+
--2
--2
e10
1ee2
1ee2
1e
1e-
abc
1e-
000.e
1e+
.
+
-
0e
--2
1e
.
1ee2
--2
1ee2
1ee2
1e-
0e
1.2.3
-
+
--2
0e
.
0e
+
1.2.3
000.e
1.2.3
1e-
.
1e-
1.2.3
-
e10
000.e
1e-
++1
0e
1e+
abc
.
-
000.e
1e+
1.2.3
1e
++1
++1
1ee2
1e+
1.2.3
.
0e
1e-
+
1e
-
abc
1ee2
000.e
.
--2
-
1e
-
1e-
.
++1
+
1e
abc
++1
1e
1e
.
1ee2
1e
0e
abc
--2
1e-
1ee2
000.e
1ee2
e10
0e
1e
.
+
--2
+
e10
1e
1ee2
++1
000.e
.
1ee2
1.2.3
+
1.2.3
.
e10
0e
abc
--2
1.2.3
abc
1e
1.2.3
1ee2
1e-
.
abc
1e-
-
1ee2
-
1e-
1e+
--2
-
abc
-
-
1ee2
1e-
--2
1e
1e
1.2.3
abc
--2
.
1ee2
0e
-
1e-
-
-
e10
000.e
0e
-
000.e
abc
++1
--2
+
1.2.3
1e+
++1
1e
++1
+
--2
0e
1.2.3
e10
1e+
1ee2
--2
1.2.3
abc
000.e
abc
abc
0e
abc
1e-
1.2.3
.
1e+
000.e
abc
-
abc
0e
--2
+
e10
-
1ee2
e10
++1
000.e
abc
000.e
1e-
1e+
1e
1.2.3
1e-
-
1ee2
.
++1
.
1ee2
1e
-
+
.
1.2.3
.
000.e
++1
e10
--2
.
.
1e
1e+
-
1e
1e+
1e
-
000.e
.
.
+
1.2.3
1e+
.
abc
1e-
e10
1e
e10
1e
1ee2
++1
.
1ee2
--2
1ee2
++1
e10
++1
abc
1.2.3
++1
1e
000.e
1e-
abc
--2
+
.
1e
.
+
++1
1ee2
1e
.
1e
-
+
-
1e+
1ee2
1e
1e+
abc
++1
1e
++1
++1
-
1ee2
1e
1.2.3
1e+
1e
1e-
1.2.3
0e
0e
.
+
1e-
abc
.
0e
1e
1e+
e10
--2
+
e10
abc
1e-
1e+
1ee2
1ee2
+
abc
abc
1e-
1e+
1e+
1.2.3
++1
.
1ee2
--2
1.2.3
-
++1
.
1e-
--2
++1
abc
1ee2
--2
1e+
1e-
-
1e-
1ee2
1ee2
e10
+
abc
abc
++1
1e
1e+
.
1e+
+
000.e
--2
++1
1e
1ee2
+
1.2.3
+
0e
--2
1e+
--2
e10
.
0e
e10
0e
--2
e10
1.2.3
0e
1ee2
e10
1.2.3
.
++1
abc
1ee2
000.e
.
--2
abc
.
-
+
0e
--2
--2
.
e10
--2
.
1.2.3
e10
0e
abc
++1
1ee2
.
1e
.
--2
++1
1e+
abc
-
1ee2
1e
.
1e
-
abc
0e
1e+
.
-
--2
+
1e+
-
1e+
1e-
1e+
1.2.3
1e-
-
--2
+
+
+
e10
.
1e-
abc
1e+
0e
0e
e10
abc
++1
.
++1
1ee2
+
1e-
0e
0e
e10
0e
1e+
-
0e
000.e
-
++1
1e-
1ee2
+
1e-
000.e
++1
1e+
1ee2
--2
000.e
000.e
1e-
1ee2
1e
++1
e10
0e
+
000.e
abc
.
e10
1.2.3
.
1e+
1e
.
1.2.3
1.2.3
++1
1ee2
1e+
++1
--2
1e-
abc
1.2.3
+
1.2.3
--2
1ee2
1e
000.e
abc
1.2.3
1e+
-
.
1e
+
.
e10
.
-
++1
e10
--2
++1
++1
e10
abc
1e-
e10
+
e10
1e+
1.2.3
1.2.3
0e
e10
1e
0e
1e+
1.2.3
--2
1e
1ee2
1ee2
000.e
.
-
1ee2
000.e
1.2.3
1.2.3
1e-
.
000.e
000.e
000.e
-
1ee2
1ee2
--2
+
++1
--2
1e
000.e
abc
+
abc
0e
.
1e
1e+
000.e
e10
1e-
-
--2
1.2.3
--2
abc
1e+
1e-
000.e
-
1ee2
abc
+
e10
1.2.3
+
000.e
.
++1
++1
+
.
0e
+
abc
abc
0e
abc
1e
1.2.3
-
abc
1ee2
e10
--2
abc
1.2.3
abc
1e+
--2
000.e
1ee2
-
000.e
++1
1e-
.
1ee2
abc
000.e
1e-
--2
++1
+
.
e10
1e-
1e-
+
1.2.3
000.e
e10
.
1ee2
1e-
-
000.e
++1
-
.
.
0e
abc
1ee2
+
+
000.e
+
--2
1.2.3
e10
1e
1e+
.
+
++1
--2
+
1e-
0e
1ee2
0e
1ee2
000.e
+
1e-
--2
1e
+
1e
1e-
1e+
0e
1e+
1ee2
0e
.
1e+
1ee2
+
000.e
-
+
1ee2
0e
1e+
1ee2
abc
.
abc
1e+
1e+
1e-
+
1.2.3
000.e
1ee2
abc
1e+
1ee2
000.e
--2
+
--2
0e
1e+
-
000.e
++1
++1
+
000.e
.
1e+
1ee2
.
.
1.2.3
--2
abc
000.e
1e
e10
.
--2
++1
0e
1ee2
1.2.3
++1
-
-
--2
e10
+
++1
--2
1e
000.e
0e
1.2.3
000.e
++1
e10
abc
1ee2
++1
.
1e-
abc
1e-
--2
1ee2
0e
--2
1e
-
1.2.3
e10
1e+
1e-
1e+
.
0e
-
+
1ee2
abc
+
1e-
+
++1
++1
0e
000.e
+
abc
abc
++1
000.e
1e
e10
e10
1e-
1.2.3
++1
--2
1ee2
1ee2
e10
1e-
0e
+
1e
++1
1.2.3
1e+
.
1e-
000.e
.
+
000.e
-
-
+
1.2.3
abc
e10
000.e
abc
1ee2
1e
abc
e10
1ee2
-
++1
++1
abc
1e
1.2.3
.
0e
0e
--2
000.e
+
+
.
--2
1ee2
1e+
1e+
1e
000.e
+
.
0e
1e
0e
1e
abc
1e-
0e
1ee2
++1
+
1e-
1e-
--2
e10
1e
++1
1.2.3
1e-
.
1e-
1e+
1.2.3
abc
+
1ee2
1.2.3
000.e
abc
1ee2
0e
1e
.
e10
abc
1ee2
++1
0e
1e-
000.e
e10
1ee2
000.e
.
++1
1ee2
0e
abc
abc
1e+
.
++1
1.2.3
1ee2
1ee2
-
1ee2
1e-
--2
1e+
+
--2
--2
++1
1.2.3
abc
1e
000.e
.
+
e10
++1
1e-
1e-
--2
1.2.3
.
1e
abc
1.2.3
0e
1e
abc
0e
.
-
e10
1ee2
1e
e10
1ee2
1.2.3
++1
1e
1.2.3
000.e
1e-
-
1ee2
0e
e10
e10
-
abc
-
0e
000.e
--2
+
0e
--2
1e
-
.
.
0e
0e
000.e
1e-
abc
e10
000.e
1e+
000.e
0e
++1
000.e
++1
1e+
000.e
-
++1
1e-
0e
1e
1e
-
e10
1ee2
+
.
.
1e-
0e
000.e
1ee2
abc
0e
0e
1e
abc
-
e10
e10
1ee2
1.2.3
1ee2
--2
abc
++1
e10
1ee2
1.2.3
++1
1e
1e+
1e
--2
++1
1e+
abc
000.e
-
.
000.e
1e-
+
1ee2
1e+
e10
1.2.3
.
+
abc
0e
abc
000.e
1.2.3
.
1e-
abc
1ee2
000.e
1e+
1.2.3
.
abc
1e
1ee2
++1
1e+
+
e10
-
--2
1e
++1
abc
e10
1e
-
1.2.3
--2
1e-
.
.
000.e
0e
1e-
1e
e10
000.e
e10
1e-
1e+
++1
0e
1.2.3
1.2.3
-
000.e
--2
1ee2
.
1e+
1ee2
-
1e+
1ee2
.
-
0e
1ee2
++1
-
+
e10
1ee2
1.2.3
1.2.3
++1
1.2.3
1ee2
000.e
1.2.3
1ee2
1e
1.2.3
000.e
0e
--2
++1
-
1e
+
abc
1e
0e
.
0e
1ee2
000.e
1e-
abc
1e
1e
1e-
.
+
e10
-
1e+
000.e
+
+
1e+
--2
1ee2
-
000.e
e10
1.2.3
e10
1.2.3
1.2.3
0e
abc
1e
1ee2
1.2.3
1e
.
e10
1ee2
.
.
--2
0e
++1
++1
abc
--2
000.e
e10
000.e
0e
-
abc
1e+
1e
.
.
1ee2
1ee2
1e+
000.e
+
000.e
+
-
1e
1e
1ee2
000.e
e10
000.e
++1
.
1e
1e-
1ee2
-
1e
1e
-
e10
++1
e10
abc
.
.
--2
1e
-
+
1e
e10
000.e
--2
++1
.
1.2.3
1ee2
++1
000.e
--2
0e
++1
.
1ee2
000.e
--2
1e-
++1
+
1ee2
1e-
e10
abc
1e+
1ee2
-
+
.
-
+
0e
-
++1
1e+
.
0e
.
0e
000.e
000.e
++1
1e
++1
0e
1.2.3
++1
1e-
1e-
1e+
1ee2
1e+
++1
++1
1e+
.
1e+
1e
1e+
++1
abc
++1
abc
1.2.3
+
e10
1.2.3
.
abc
.
-
--2
++1
000.e
e10
++1
1e
000.e
.
1e+
1.2.3
000.e
1ee2
1ee2
-
1e+
0e
-
1e
abc
e10
+
1.2.3
000.e
1ee2
0e
1e-
--2
0e
+
.
++1
e10
e10
000.e
1.2.3
.
.
--2
1e+
.
1e
1e
000.e
000.e
1e
0e
.
-
1e
1ee2
1.2.3
1ee2
1e
1e+
abc
-
1ee2
--2
++1
1ee2
1e-
1ee2
1e+
+
1ee2
000.e
1ee2
-
1e-
+
1e-
abc
--2
e10
000.e
1.2.3
1e-
1.2.3
abc
0e
0e
abc
1e
-
1.2.3
1e+
1ee2
1ee2
1e-
abc
.
1e-
1ee2
1ee2
1.2.3
1e
--2
1e+
-
1.2.3
-
.
e10
1e+
1e
1.2.3
-
1e-
1ee2
1.2.3
000.e
++1
0e
--2
1ee2
0e
1.2.3
1.2.3
1e+
000.e
1e+
e10
0e
000.e
0e
1ee2
1e+
1e+
+
e10
abc
000.e
.
+
abc
000.e
.
.
e10
abc
--2
-
1e
1.2.3
1e
1e
1ee2
+
abc
.
++1
1ee2
000.e
0e
+
1e+
.
++1
1e+
000.e
1.2.3
000.e
1.2.3
1e-
000.e
abc
++1
+
1e-
0e
e10
++1
.
1e+
abc
--2
-
1e
1e
abc
abc
0e
1ee2
++1
++1
-
--2
1.2.3
.
1e-
-
0e
0e
1ee2
--2
1e-
1ee2
+
1e
1ee2
-
e10
000.e
.
1e-
000.e
e10
1e
++1
+
abc
000.e
1e+
.
1ee2
0e
--2
000.e
1e-
e10
1.2.3
0e
.
abc
++1
1.2.3
--2
+
1e-
-
.
1e+
e10
--2
--2
000.e
1e+
000.e
abc
1e-
-
0e
--2
000.e
1ee2
e10
1e+
1e
1ee2
++1
++1
++1
e10
-
.
-
0e
1ee2
1e
1.2.3
000.e
0e
0e
--2
1ee2
000.e
1e+
.
+
-
000.e
1e-
1e-
abc
1ee2
1.2.3
++1
-
1e+
0e
1ee2
1ee2
1e-
000.e
++1
1e
abc
1ee2
.
abc
1.2.3
000.e
+
++1
e10
1ee2
1.2.3
-
--2
0e
1.2.3
e10
000.e
+
1e
1e
.
--2
1.2.3
1e-
--2
+
000.e
e10
1.2.3
abc
++1
1ee2
1e+
1e+
1.2.3
1e+
++1
1e
1.2.3
1ee2
1e-
000.e
1.2.3
e10
1e
1e+
1.2.3
1e-
-
1e+
1e
1e-
+
1.2.3
-
-
abc
0e
e10
1.2.3
1e-
.
e10
++1
1e+
0e
.
e10
1ee2
1.2.3
1e+
-
-
1e+
1e
-
1.2.3
1.2.3
1.2.3
000.e
0e
1e-
e10
abc
.
1.2.3
0e
1e
1e+
-
e10
abc
--2
--2
++1
+
1.2.3
abc
e10
e10
.
-
-
e10
.
-
1e
e10
--2
1.2.3
abc
1e+
.
0e
-
e10
000.e
++1
abc
.
1.2.3
++1
000.e
+
1e-
+
--2
1e+
e10
1.2.3
-
e10
e10
1e+
1e-
1e+
++1
+
1ee2
1.2.3
1ee2
1e+
1e-
+
--2
+
1e
--2
1.2.3
e10
.
++1
000.e
1ee2
1e-
1e-
abc
.
1e-
-
1.2.3
abc
1.2.3
+
e10
--2
1e
+
++1
1e
1.2.3
abc
1.2.3
e10
abc
1e+
--2
abc
++1
.
++1
e10
1e-
e10
+
.
1.2.3
1e-
1e-
e10
--2
-
000.e
1e-
++1
1.2.3
1ee2
-
1.2.3
-
.
++1
000.e
1.2.3
000.e
1e+
1e+
0e
-
.
1ee2
++1
0e
000.e
1.2.3
0e
1.2.3
++1
e10
abc
000.e
.
-
++1
1.2.3
-
0e
1e-
000.e
1e
000.e
0e
+
1e-
-
++1
++1
+
1e+
.
++1
--2
abc
1e-
000.e
abc
0e
.
-
1.2.3
1e
++1
--2
1ee2
1e
1e
abc
--2
1e-
1.2.3
+
1.2.3
abc
000.e
++1
-
abc
++1
1ee2
abc
++1
1e
1e-
1e+
000.e
1ee2
-
abc
--2
--2
1ee2
e10
-
000.e
000.e
1e-
--2
.
abc
1.2.3
1e-
abc
--2
++1
-
.
e10
0e
1e+
1e+
+
++1
++1
++1
1e-
1e-
++1
--2
--2
1.2.3
000.e
000.e
1ee2
-
0e
abc
-
1e
1.2.3
1.2.3
1.2.3
1ee2
000.e
1e-
1e-
-
1e
++1
e10
--2
+
.
+
.
1.2.3
++1
1e
1.2.3
++1
1e
--2
.
-
e10
-
1e
abc
1.2.3
1.2.3
+
--2
0e
1ee2
1.2.3
1e-
abc
1e+
1e
e10
--2
1e
1e+
1e+
++1
+
1e+
e10
--2
1.2.3
000.e
0e
1.2.3
-
1ee2
1.2.3
1e-
1e-
1e-
++1
-
000.e
+
0e
e10
0e
0e
++1
--2
e10
1e
000.e
1.2.3
0e
.
+
abc
++1
-
abc
1e
1e-
1.2.3
1e-
.
--2
1e-
1e+
1ee2
000.e
e10
--2
1.2.3
++1
1e-
1.2.3
1e-
1e-
1e
1.2.3
abc
000.e
abc
++1
1e
1e+
++1
++1
1e+
1e
0e
1e+
1ee2
000.e
e10
.
.
1e+
0e
0e
0e
1ee2
--2
e10
.
1e-
1e
e10
000.e
--2
0e
-
000.e
--2
0e
1e+
1e-
-
e10
--2
--2
--2
0e
1e+
.
+
.
++1
1.2.3
000.e
-
1e+
1e
0e
1ee2
1ee2
+
.
1.2.3
1e-
++1
1ee2
1.2.3
1e-
-
+
1e+
000.e
-
1ee2
1e-
1ee2
1e-
.
abc
000.e
.
abc
1ee2
e10
+
e10
e10
--2
.
+
1ee2
abc
.
+
++1
1ee2
++1
1e+
+
abc
-
1e+
.
1ee2
-
1e+
e10
1e
000.e
000.e
e10
1.2.3
1e-
1e+
+
-
e10
+
-
1e-
1e-
e10
--2
1e
++1
-
--2
1ee2
000.e
1ee2
1e-
-
1e-
000.e
000.e
.
e10
.
++1
e10
1ee2
+
+
abc
1ee2
+
1e
0e
abc
abc
1e-
--2
+
1e+
abc
000.e
-
0e
1.2.3
1e
1e
1e-
1e-
++1
1e+
1ee2
++1
++1
0e
1ee2
++1
1ee2
--2
1e+
--2
1e
1ee2
e10
1e-
1ee2
-
-
1ee2
++1
1e+
.
--2
0e
000.e
abc
1e
1ee2
abc
0e
abc
e10
1ee2
1.2.3
++1
+
.
000.e
1.2.3
e10
1e
1e+
-
.
--2
1e
.
0e
.
1.2.3
++1
1e-
+
abc
1ee2
0e
++1
0e
1ee2
000.e
abc
.
--2
1.2.3
1e-
1e-
++1
0e
0e
+
1e
-
-
abc
-
1e-
000.e
-
+
1ee2
--2
1.2.3
1.2.3
1e-
+
-
1e-
1.2.3
+
1e+
1e+
.
000.e
1e-
0e
++1
0e
.
++1
e10
000.e
1e-
1e
000.e
.
e10
1.2.3
1ee2
1e
++1
-
1ee2
+
1e
-
1e+
++1
1.2.3
-
++1
e10
1ee2
1e+
+
.
e10
-
--2
1ee2
1ee2
1e+
0e
1e+
0e
+
1e-
1e
1ee2
abc
1ee2
1e+
.
000.e
0e
1ee2
.
000.e
1e
1ee2
++1
0e
1ee2
e10
1e+
abc
1e
1e
e10
--2
--2
--2
1.2.3
1ee2
1e
++1
1e+
e10
+
+
1e+
000.e
--2
1ee2
e10
abc
-
1ee2
1e
e10
1e+
1e+
abc
1e
1.2.3
-
+
1ee2
1e+
1ee2
abc
-
1e
--2
0e
++1
0e
1.2.3
.
++1
++1
0e
1.2.3
1ee2
1e+
+
abc
1e+
1ee2
000.e
1e+
.
1e-
+
1ee2
abc
-
++1
1ee2
+
1.2.3
1e
--2
1e
0e
--2
000.e
1e
1.2.3
1e
0e
abc
++1
1ee2
--2
--2
+
1e+
--2
-
++1
--2
++1
.
-
+
+
1e-
1.2.3
+
1e+
.
abc
1e-
+
e10
.
1e-
1e+
+
++1
+
1e-
1e+
e10
1e-
e10
++1
1e-
+
1ee2
++1
1e-
0e
1e+
-
1ee2
0e
e10
-
1e+
1e+
++1
-
++1
1ee2
abc
1e+
e10
1ee2
1ee2
1e+
1e-
++1
-
--2
.
1ee2
1e+
.
1.2.3
-
.
abc
1e
1e
1e+
e10
abc
+
1e+
1e
1e
0e
--2
-
abc
-
.
0e
1e
+
-
1e+
+
-
1e
0e
abc
1e+
+
+
++1
e10
+
abc
+
abc
1e
.
1e+
-
e10
1e
000.e
+
.
1ee2
1ee2
1e-
.
+
1.2.3
0e
--2
++1
1.2.3
1e-
1e-
+
1e-
+
1e
000.e
e10
abc
-
1ee2
1e-
1ee2
e10
.
++1
0e
+
+
.
1e-
1.2.3
e10
1e-
1e
0e
++1
+
e10
.
e10
-
0e
++1
++1
1e+
000.e
1e
000.e
1.2.3
++1
1.2.3
+
1e-
.
e10
1e
1e-
--2
1ee2
.
000.e
0e
1e+
++1
1e
1ee2
1.2.3
.
abc
0e
1.2.3
-
1e+
--2
.
e10
1e-
--2
1e
+
1e+
1ee2
1e
++1
.
1e+
1ee2
-
000.e
1e+
1ee2
1.2.3
1ee2
1.2.3
1e+
--2
--2
abc
abc
1e
++1
++1
.
1.2.3
1e+
1ee2
1e+
000.e
++1
++1
1ee2
+
abc
1e-
1e+
-
e10
1ee2
000.e
1e+
+
e10
.
-
1e+
0e
e10
++1
1e+
.
000.e
1ee2
--2
e10
000.e
000.e
1e-
-
abc
--2
--2
000.e
++1
0e
-
++1
abc
0e
1ee2
--2
-
--2
1e-
abc
+
.
--2
--2
.
.
++1
abc
1ee2
1e
000.e
++1
1e+
--2
.
--2
abc
0e
0e
000.e
000.e
0e
1.2.3
000.e
e10
1ee2
++1
abc
-
.
+
0e
-
0e
0e
1e+
000.e
1ee2
1ee2
1.2.3
1e+
++1
++1
1ee2
1e+
abc
abc
--2
1e+
-
+
-
0e
1.2.3
1e-
1e+
1e+
abc
000.e
e10
e10
-
1e-
0e
1e
+
-
abc
1.2.3
e10
.
1ee2
.
--2
1ee2
000.e
000.e
000.e
1.2.3
1e-
.
.
abc
+
1ee2
1ee2
1.2.3
.
0e
-
+
0e
+
1e-
1e-
000.e
.
1e+
-
1.2.3
--2
e10
1e-
abc
+
++1
e10
-
-
abc
abc
1e
1.2.3
1e+
1e+
1e+
++1
--2
++1
abc
1.2.3
-
000.e
-
000.e
000.e
1e-
000.e
1e+
1e-
abc
1e+
-
e10
1e
++1
-
000.e
000.e
0e
-
++1
+
abc
++1
.
1e-
1ee2
1e
.
+
1e
-
1.2.3
+
1.2.3
1e+
1.2.3
.
+
0e
1e+
1e+
1ee2
abc
abc
1e+
000.e
1ee2
1e+
000.e
.
abc
000.e
1.2.3
000.e
000.e
0e
++1
000.e
.
0e
+
1.2.3
1e
1e+
000.e
1ee2
000.e
e10
-
000.e
-
--2
1e-
+
abc
+
-
1ee2
--2
1e-
.
1e-
0e
1e
--2
1e
++1
-
abc
abc
e10
.
000.e
000.e
-
abc
++1
1e
e10
abc
.
.
.
0e
+
0e
e10
1.2.3
abc
000.e
1e
--2
-
000.e
++1
--2
000.e
1ee2
1.2.3
1.2.3
0e
1e
1e
-
e10
e10
e10
-
-
0e
1e-
1.2.3
.
-
1.2.3
.
1e
-
--2
1.2.3
-
--2
++1
0e
1e+
-
000.e
1ee2
+
000.e
-
1ee2
1ee2
abc
000.e
e10
1ee2
1ee2
000.e
++1
++1
0e
.
000.e
e10
000.e
-
e10
1ee2
abc
-
1e+
0e
0e
0e
1ee2
abc
+
e10
000.e
abc
1e
abc
abc
1e-
.
--2
1e-
abc
1e+
abc
+
-
1.2.3
abc
abc
abc
++1
abc
abc
e10
1.2.3
0e
e10
--2
.
++1
0e
e10
+
-
abc
++1
1.2.3
1e+
-
1e+
000.e
1.2.3
e10
000.e
--2
0e
1.2.3
-
1ee2
1.2.3
1e-
1.2.3
++1
--2
-
+
-
.
+
.
1e+
-
--2
1.2.3
.
1.2.3
+
1.2.3
+
++1
1.2.3
1e
abc
-
--2
++1
1ee2
1.2.3
1e
-
abc
1ee2
+
1e+
abc
1e
1e+
1.2.3
1ee2
-
1ee2
000.e
abc
-
--2
1.2.3
1ee2
--2
1e+
1e
1ee2
.
abc
000.e
++1
abc
++1
1ee2
0e
1e+
0e
1ee2
0e
1e-
1ee2
1.2.3
e10
1e
abc
1ee2
+
.
1.2.3
0e
0e
1e-
abc
0e
.
1ee2
-
1ee2
e10
1ee2
1e
1.2.3
1e-
1e-
0e
e10
+
-
0e
0e
1ee2
1e+
1e-
.
1ee2
1e+
1e+
.
1e-
1e-
-
1ee2
++1
1e
++1
0e
e10
abc
++1
000.e
+
1e-
000.e
1.2.3
e10
1.2.3
1e+
abc
1.2.3
-
0e
-
000.e
1ee2
-
--2
+
000.e
.
--2
+
e10
--2
++1
1ee2
e10
1e+
0e
0e
.
--2
1ee2
1ee2
++1
++1
abc
1e+
1e+
e10
.
1e-
++1
1e-
e10
+
--2
1.2.3
--2
.
--2
1e
1.2.3
1e
1.2.3
++1
-
1e+
000.e
.
0e
1ee2
0e
1ee2
.
--2
000.e
1e+
e10
1ee2
0e
e10
000.e
1e
-
1e
000.e
e10
abc
+
1ee2
1e-
1e+
-
000.e
.
-
1ee2
1e-
1e
e10
e10
0e
1e+
e10
000.e
1.2.3
.
1e
0e
+
++1
1ee2
-
000.e
e10
1e+
1e+
.
1e-
.
e10
.
.
abc
abc
1ee2
1e
.
++1
-
1.2.3
1e
++1
000.e
1e
1e+
1e
1e+
1e+
--2
0e
000.e
000.e
000.e
0e
0e
0e
1ee2
1.2.3
0e
++1
-
000.e
0e
0e
abc
+
e10
1ee2
--2
--2
-
1e
1e
1e+
1.2.3
1.2.3
1ee2
+
++1
+
1e
1ee2
--2
0e
0e
.
1ee2
--2
1ee2
1.2.3
1e
++1
--2
.
-
.
1ee2
1e-
0e
1e+
1.2.3
abc
e10
1ee2
++1
1ee2
1.2.3
+
000.e
0e
1e
.
1.2.3
1e
.
0e
+
1e+
1.2.3
-
.
1e+
-
abc
0e
1ee2
--2
000.e
+
0e
-
e10
-
-
+
1e
1e-
++1
000.e
.
1e
-
abc
-
abc
--2
1e
000.e
abc
1ee2
1e+
-
1e+
abc
1ee2
abc
abc
1ee2
++1
+
.
abc
-
0e
1e-
1e
+
-
1e-
1ee2
1ee2
1.2.3
++1
1e
+
000.e
++1
000.e
--2
++1
1ee2
1e
e10
.
1ee2
++1
.
1e-
1e-
1ee2
0e
000.e
1.2.3
0e
++1
1ee2
1e-
.
+
e10
1e-
1e-
+
1e-
.
1.2.3
1ee2
e10
1e-
abc
e10
abc
1ee2
abc
1e+
1ee2
abc
.
1e
1ee2
1.2.3
1.2.3
abc
1e
++1
e10
abc
++1
1e
1e+
abc
1.2.3
1e
.
++1
++1
1e
1.2.3
0e
.
-
0e
0e
1ee2
0e
1e+
1e
1ee2
1ee2
+
0e
0e
-
++1
.
0e
e10
1e+
+
000.e
1e-
1ee2
1ee2
+
1ee2
e10
abc
abc
--2
abc
--2
--2
000.e
e10
1.2.3
1e+
-
e10
1ee2
++1
+
000.e
1e-
000.e
e10
e10
1ee2
1.2.3
++1
e10
e10
1e
1ee2
-
0e
.
abc
e10
000.e
abc
.
0e
000.e
000.e
--2
++1
+
1e-
-
000.e
abc
++1
abc
+
+
abc
000.e
1e+
e10
1e
+
-
-
1e
+
abc
1e+
++1
1e
.
1ee2
e10
e10
1ee2
1.2.3
-
1e-
0e
abc
abc
1e
abc
1e+
0e
e10
1ee2
1e+
e10
--2
1ee2
+
e10
.
abc
-
e10
1e-
000.e
--2
1.2.3
0e
++1
1e+
000.e
0e
1ee2
1.2.3
1e
e10
+
abc
.
+
000.e
0e
+
e10
1e
1.2.3
e10
+
+
++1
abc
--2
e10
0e
++1
0e
1.2.3
1e-
-
++1
0e
1ee2
++1
-
0e
000.e
e10
000.e
++1
1e+
1e
++1
0e
1e+
abc
--2
0e
--2
++1
000.e
--2
++1
++1
1e+
1ee2
.
++1
1e+
--2
++1
1.2.3
1e-
.
.
+
1.2.3
++1
-
++1
1e+
0e
abc
++1
++1
1ee2
1.2.3
abc
-
1e
000.e
1.2.3
e10
0e
1e-
abc
1e
0e
1e-
.
1e-
++1
1e
0e
1e
1.2.3
++1
1e-
++1
1e
abc
1e-
1ee2
e10
abc
abc
abc
-
1e+
000.e
+
--2
--2
1e-
.
1ee2
.
1ee2
-
e10
000.e
e10
++1
-
0e
e10
0e
--2
000.e
1ee2
1ee2
1e
000.e
-
e10
e10
abc
000.e
+
1e
.
1e+
1e-
1e+
--2
abc
e10
.
1e+
+
++1
.
++1
-
+
1e-
1e
1e
e10
1e
0e
1.2.3
abc
1ee2
1ee2
1e
1.2.3
abc
-
1e+
.
e10
0e
1e+
1e-
1.2.3
1e-
abc
1e-
1e+
0e
1e-
1e-
1e+
--2
1e+
++1
-
000.e
abc
+
e10
--2
1.2.3
0e
0e
1.2.3
1e+
1e
++1
1e
e10
1e+
+
+
000.e
1ee2
1ee2
abc
1e
1ee2
abc
abc
+
1e+
--2
+
1e
-
++1
-
0e
-
.
1e+
1e-
--2
0e
1.2.3
+
--2
-
1e
-
abc
1ee2
--2
1e
abc
1.2.3
1e-
-
--2
1ee2
1ee2
1.2.3
000.e
+
1e-
0e
000.e
e10
000.e
1e-
000.e
1ee2
0e
e10
abc
+
1.2.3
0e
-
1ee2
--2
0e
1.2.3
1e+
1e
++1
1.2.3
++1
000.e
abc
e10
-
1e-
-
--2
1.2.3
+
+
1e
abc
++1
++1
e10
1.2.3
1.2.3
+
1e
000.e
1e-
++1
1ee2
1.2.3
++1
000.e
abc
+
1.2.3
1e
.
.
000.e
++1
e10
0e
+
1e+
+
0e
000.e
0e
0e
+
1ee2
++1
++1
1e+
+
--2
--2
.
++1
++1
++1
1e-
1e-
++1
++1
-
-
1e
+
.
1e-
1e
1e+
1e
1.2.3
1.2.3
.
+
000.e
1e
000.e
.
1.2.3
e10
1.2.3
--2
-
e10
1ee2
+
0e
.
abc
e10
1e+
1ee2
000.e
+
-
1e
-
1ee2
+
--2
-
--2
1ee2
1.2.3
1ee2
e10
--2
1e+
1.2.3
1e+
-
+
1ee2
abc
++1
0e
1e
000.e
1e+
-
--2
--2
+
++1
abc
1e
-
++1
000.e
000.e
abc
1.2.3
1e
-
-
++1
--2
abc
1.2.3
e10
.
1.2.3
abc
--2
-
e10
0e
e10
1e
abc
000.e
1e
1e-
1e-
1e+
1.2.3
000.e
000.e
1e+
1ee2
000.e
1e-
+
000.e
--2
abc
abc
++1
1.2.3
abc
000.e
++1
1ee2
--2
1ee2
abc
-
1.2.3
1e
000.e
++1
abc
1e-
1e
0e
+
1e+
e10
1e+
-
++1
0e
1e
1.2.3
-
.
-
e10
++1
1e-
1e+
000.e
1.2.3
1e+
1e
++1
.
1e
0e
+
1e-
-
e10
000.e
1.2.3
--2
0e
.
--2
0e
1e+
abc
++1
++1
1.2.3
e10
.
1e-
.
.
e10
1.2.3
--2
-
1.2.3
abc
abc
1e-
1.2.3
++1
-
--2
1.2.3
1ee2
+
000.e
-
1e
000.e
000.e
1.2.3
abc
000.e
1e
-
1.2.3
++1
.
1.2.3
e10
1ee2
abc
+
-
--2
1.2.3
1e
0e
000.e
++1
+
1.2.3
.
-
1e
-
e10
1e
000.e
000.e
1e
abc
1.2.3
1e-
abc
1.2.3
.
1e
1.2.3
1ee2
1e+
0e
abc
1e+
.
e10
000.e
++1
1e+
000.e
--2
1ee2
+
1.2.3
0e
.
-
e10
+
000.e
1e-
-
abc
1e-
1ee2
1e+
+
1e
0e
000.e
+
-
--2
.
+
.
.
0e
0e
1.2.3
--2
1e-
e10
--2
+
++1
--2
1e+
1.2.3
1ee2
1e-
0e
1e+
1e+
1ee2
--2
--2
+
abc
.
.
-
abc
1ee2
+
1.2.3
1.2.3
+
1e-
++1
0e
1e+
-
1.2.3
abc
.
1ee2
1.2.3
abc
e10
000.e
.
-
--2
e10
-
e10
e10
-
e10
1ee2
--2
1ee2
1ee2
1ee2
+
.
0e
-
0e
1e+
1e-
000.e
1e
1e+
abc
1.2.3
--2
++1
0e
1e+
1.2.3
--2
000.e
1e
1.2.3
000.e
e10
--2
e10
1.2.3
abc
0e
000.e
0e
.
1.2.3
++1
-
++1
+
-
1e
abc
-
1e
1.2.3
+
-
0e
1e+
abc
--2
1.2.3
1.2.3
000.e
0e
.
abc
++1
abc
0e
000.e
0e
++1
+
-
1e-
1ee2
000.e
.
.
000.e
1ee2
1e
-
-
1.2.3
abc
-
0e
--2
0e
1.2.3
0e
e10
e10
e10
abc
e10
e10
0e
1.2.3
000.e
abc
0e
++1
+
1e
0e
++1
-
++1
1e
1e
1e-
++1
+
1ee2
1e
e10
1e
+
1ee2
-
1e-
0e
1e
--2
1e-
1e-
1e-
1e
--2
0e
1e-
1ee2
0e
+
-
1e-
.
1.2.3
+
.
000.e
++1
-
1e
1e
.
e10
000.e
1e-
e10
1ee2
.
0e
1.2.3
-
-
000.e
000.e
e10
.
.
--2
e10
000.e
000.e
.
-
abc
0e
.
1.2.3
1e+
1ee2
1ee2
--2
1e+
--2
e10
1.2.3
1e
1e
e10
e10
1e
+
+
1e-
e10
-
1.2.3
1e
0e
1e+
000.e
1e+
0e
000.e
1ee2
1e+
1e+
.
1e+
0e
.
1e-
.
+
.
0e
abc
1e
1e+
1e
1e-
1e-
0e
+
+
1e
1e-
1ee2
1e
--2
1ee2
e10
-
++1
+
0e
0e
-
.
1e+
1ee2
1e-
1.2.3
1e+
1e-
1e+
+
0e
+
1ee2
-
000.e
+
1e-
abc
1.2.3
1ee2
1ee2
1e+
+
+
.
1.2.3
1e-
1e-
abc
1e+
+
1e
1e
+
--2
+
1e-
++1
--2
--2
1e
+
1e-
000.e
1e+
e10
++1
1e
1ee2
000.e
--2
1.2.3
-
++1
1.2.3
1e+
1ee2
-
1e
.
++1
++1
000.e
000.e
1e-
+
1.2.3
.
-
--2
.
0e
-
abc
000.e
1.2.3
-
1e+
-
1.2.3
++1
-
e10
--2
e10
0e
++1
+
1ee2
1ee2
000.e
000.e
.
1e
abc
1e
1.2.3
0e
+
abc
1.2.3
e10
0e
+
abc
000.e
abc
--2
++1
++1
1ee2
1e+
000.e
000.e
1e
+
1e+
1e+
e10
1.2.3
--2
+
+
1e+
1e
--2
abc
-
e10
.
++1
++1
0e
0e
e10
-
.
-
.
1e-
abc
e10
1e+
000.e
1ee2
1ee2
1ee2
1e+
000.e
abc
abc
1e+
1ee2
1e-
.
.
1e-
1.2.3
1e+
0e
0e
1e-
000.e
1.2.3
.
1ee2
1e+
000.e
--2
++1
+
+
1e-
1e
--2
000.e
+
1e+
.
abc
0e
1ee2
1ee2
1e+
++1
+
0e
-
000.e
1e-
1e+
+
-
1e
-
1e+
abc
1ee2
0e
1e
abc
-
1e-
++1
-
1.2.3
.
1ee2
1ee2
000.e
1e
+
++1
--2
1e-
1e+
-
abc
1e-
1ee2
--2
+
1e
+
1.2.3
1.2.3
0e
1.2.3
.
--2
1e
.
-
++1
1e+
000.e
1e-
-
e10
1e+
1e
+
+
++1
1e
1e-
1e+
++1
.
-
.
1e
.
-
.
1e-
000.e
e10
-
1e+
++1
abc
--2
+
e10
1ee2
e10
+
1e+
1e-
--2
1e+
e10
--2
--2
000.e
+
+
1ee2
000.e
1e+
++1
0e
1e-
-
1ee2
1e
+
1e-
abc
--2
1ee2
0e
1e+
1e
1e+
-
0e
abc
0e
000.e
abc
++1
1ee2
000.e
-
1e
1e-
.
000.e
-
++1
++1
+
1e-
1ee2
1.2.3
e10
-
abc
1ee2
--2
.
1ee2
1e+
0e
--2
e10
--2
.
++1
1.2.3
1.2.3
e10
1e-
1ee2
1e+
1ee2
0e
000.e
abc
1e
1e+
000.e
-
1e+
abc
--2
1.2.3
.
abc
+
000.e
-
--2
1e-
1e+
0e
++1
1.2.3
000.e
1.2.3
1.2.3
++1
1e
--2
1e
1e-
000.e
abc
1.2.3
abc
1e-
abc
1e-
++1
000.e
--2
++1
+
abc
0e
1e
++1
.
1e
+
000.e
1e
--2
+
--2
1e-
abc
1e+
.
abc
1e
000.e
1ee2
1e+
++1
1e-
1ee2
+
--2
1.2.3
++1
1e-
--2
1.2.3
.
1.2.3
000.e
1e-
-
-
1ee2
++1
+
.
1e
1e+
--2
.
--2
1e-
abc
1ee2
1e
+
--2
0e
1e
1e+
.
++1
1e+
-
.
e10
++1
1ee2
000.e
1e-
e10
1e-
.
--2
1ee2
1ee2
abc
000.e
0e
1e-
1ee2
++1
0e
--2
+
.
++1
-
1.2.3
1e+
-
.
-
e10
1e
+
+
.
1.2.3
1ee2
+
1e+
-
0e
1e+
1.2.3
-
1.2.3
1e-
1e
--2
-
0e
+
1.2.3
1.2.3
1e+
1e
+
1e+
e10
1e-
++1
.
++1
1.2.3
1e-
1e+
-
abc
1e
1.2.3
1.2.3
1ee2
.
1.2.3
--2
--2
++1
0e
+
-
1.2.3
1.2.3
--2
--2
-
e10
-
1ee2
1e+
1e+
1.2.3
++1
1ee2
1.2.3
--2
1e+
1.2.3
+
-
1.2.3
1e
1e
1e-
-
1ee2
abc
.
000.e
+
++1
.
1e-
0e
1ee2
1e+
+
++1
1e+
--2
1e
1e+
1e
1e+
--2
abc
1ee2
+
abc
1e
0e
e10
1ee2
0e
abc
1e+
++1
++1
1ee2
1ee2
0e
1e
1e
1.2.3
1e+
1e+
.
e10
.
1e
.
.
+
000.e
abc
.
1e-
-
--2
+
+
1e+
++1
e10
abc
-
-
+
1e+
e10
--2
1e+
1e+
--2
1e-
1.2.3
1.2.3
-
1e-
--2
--2
1.2.3
0e
-
1e-
abc
+
1.2.3
0e
e10
000.e
-
+
1ee2
1e-
.
-
--2
abc
.
1.2.3
.
+
+
-
000.e
-
abc
abc
0e
--2
+
1e
abc
.
abc
--2
0e
1e-
1ee2
-
1e
1ee2
1e
.
1e-
000.e
-
--2
--2
1e+
1ee2
--2
1e+
e10
1.2.3
++1
.
++1
0e
1.2.3
.
1e-
1.2.3
--2
1e-
000.e
+
abc
abc
++1
1e-
--2
-
1e+
--2
-
.
1.2.3
0e
e10
--2
1e
abc
1e-
abc
--2
+
000.e
.
1e
++1
1.2.3
1ee2
1e-
--2
++1
abc
1e
1e-
e10
+
abc
1e
++1
1.2.3
1.2.3
+
1ee2
e10
+
e10
--2
++1
1.2.3
0e
1e+
abc
1e+
000.e
--2
0e
abc
++1
.
1.2.3
1e-
-
1.2.3
000.e
1e-
1e+
0e
--2
1.2.3
1e-
+
1e-
--2
000.e
1e+
0e
000.e
+
1ee2
1ee2
-
0e
-
1ee2
000.e
1.2.3
+
+
1.2.3
1e+
1e+
abc
1e-
1e-
-
abc
+
1e-
abc
++1
-
++1
1.2.3
1e
1e
+
1e-
-
0e
0e
0e
000.e
1e
++1
1.2.3
0e
000.e
000.e
-
1.2.3
.
abc
-
1e+
abc
e10
e10
1.2.3
1.2.3
000.e
0e
++1
-
1e+
1ee2
.
--2
+
.
1ee2
+
1.2.3
-
000.e
1e+
-
.
-
1e-
1.2.3
000.e
1.2.3
++1
e10
+
--2
++1
1.2.3
.
+
.
abc
abc
++1
-
.
-
1e-
-
e10
++1
1e+
abc
.
1ee2
+
abc
1.2.3
++1
.
1e-
++1
0e
1e
1e+
.
-
-
-
e10
.
abc
000.e
+
abc
0e
1e
0e
-
e10
1ee2
000.e
1e-
--2
1e
0e
1.2.3
1e+
abc
-
--2
-
-
1e-
.
.
1e
1.2.3
+
.
abc
0e
e10
+
1.2.3
0e
e10
.
1ee2
000.e
--2
.
++1
1e-
1e+
--2
1e+
abc
.
-
-
1ee2
+
-
--2
1e-
1ee2
1ee2
1.2.3
.
000.e
-
1e
.
+
++1
1e+
1.2.3
1ee2
-
1e+
1.2.3
abc
+
+
000.e
1e+
+
abc
1e+
0e
e10
+
1ee2
1ee2
1e+
-
1ee2
--2
-
e10
++1
++1
1e-
1e
000.e
+
++1
1e
--2
.
000.e
+
++1
0e
++1
1e-
1.2.3
1e
1e-
abc
+
1ee2
000.e
000.e
1ee2
--2
1e-
000.e
e10
--2
1ee2
-
0e
1.2.3
0e
--2
e10
++1
e10
1.2.3
++1
0e
.
000.e
++1
000.e
.
1e-
1.2.3
abc
.
abc
0e
++1
abc
e10
--2
abc
.
1ee2
1.2.3
000.e
1ee2
1e
1e-
0e
--2
1ee2
.
.
e10
++1
1ee2
abc
abc
1e-
--2
--2
000.e
e10
000.e
1e-
1.2.3
e10
1.2.3
1ee2
1.2.3
1e+
e10
abc
1e+
.
-
e10
1e
1ee2
1ee2
1e
0e
abc
000.e
-
1e
000.e
-
-
.
--2
--2
1e+
e10
1e-
000.e
1e+
.
.
e10
1e-
1e+
1e-
e10
1.2.3
1e+
--2
.
1e
1.2.3
--2
--2
-
1e
1e-
+
1e-
1.2.3
-
++1
e10
000.e
1ee2
-
-
-
000.e
1e-
1e
--2
abc
1ee2
+
000.e
e10
1e+
.
1e+
--2
--2
--2
abc
+
1ee2
+
1e
0e
0e
e10
.
000.e
abc
+
+
1ee2
1ee2
abc
e10
1ee2
1e-
abc
1ee2
abc
--2
1ee2
--2
e10
abc
abc
1e
.
++1
0e
-
--2
1e
1e-
++1
1.2.3
--2
--2
abc
0e
1e
1.2.3
++1
1e
000.e
1e-
1ee2
1.2.3
e10
1e+
.
1e+
-
1ee2
--2
--2
--2
1e+
.
-
1ee2
abc
.
+
--2
1ee2
.
000.e
+
.
1e-
1ee2
000.e
.
--2
abc
1e+
--2
0e
000.e
abc
1e+
1ee2
1e+
e10
1e+
--2
1e-
abc
1e+
++1
e10
1ee2
++1
+
1e
e10
-
1.2.3
1e-
0e
-
+
0e
1e+
1e
1ee2
1.2.3
000.e
-
000.e
-
-
.
0e
1.2.3
000.e
1.2.3
1e+
1e+
1e
1e+
1ee2
1ee2
.
1e-
1ee2
.
0e
1e-
1e-
1.2.3
000.e
1e
1ee2
++1
++1
.
++1
1ee2
0e
1e-
0e
1.2.3
1ee2
e10
e10
1e+
000.e
000.e
0e
abc
000.e
abc
--2
.
--2
000.e
.
1e
++1
.
1e-
1e+
1e-
abc
+
e10
e10
000.e
+
++1
++1
1.2.3
--2
1e+
++1
+
1e+
+
abc
1e-
abc
--2
+
1ee2
1e-
-
1.2.3
++1
0e
0e
1e
1e
-
1e
000.e
e10
.
.
-
1e+
000.e
+
1e+
1e-
+
++1
abc
000.e
000.e
-
++1
1.2.3
abc
1e-
1e+
1ee2
abc
1e-
000.e
-
+
.
1e+
--2
1e-
1e-
-
000.e
000.e
++1
+
1.2.3
1ee2
1e
000.e
.
.
000.e
e10
1ee2
000.e
+
--2
1ee2
abc
1e
0e
.
.
1.2.3
.
.
+
1e
1.2.3
++1
000.e
1.2.3
+
++1
.
++1
+
0e
abc
--2
000.e
--2
-
1ee2
1e-
e10
e10
1e+
1e+
1ee2
1e-
e10
1e
0e
+
1.2.3
1.2.3
e10
1e
+
++1
1e+
.
1e+
abc
e10
-
1e+
-
1e-
.
abc
.
-
0e
--2
0e
1e
1e-
1e
1e
--2
1e
--2
0e
0e
1ee2
e10
1e+
e10
+
1.2.3
-
000.e
+
e10
.
+
+
--2
++1
++1
e10
.
1ee2
000.e
1e
--2
1e-
1e
abc
-
-
--2
--2
++1
0e
1ee2
0e
-
0e
1e-
0e
-
1e+
1e
++1
0e
1.2.3
.
1e+
000.e
--2
abc
--2
1e-
1e-
abc
1.2.3
--2
1e+
1.2.3
1e-
.
+
++1
++1
1e-
0e
-
1.2.3
++1
-
1.2.3
e10
1.2.3
1e-
1.2.3
abc
e10
e10
1ee2
1e
.
.
.
1ee2
1e
+
1e
.
.
e10
1.2.3
abc
0e
1e
1e+
000.e
1ee2
1.2.3
abc
+
000.e
+
--2
e10
1e-
1e-
e10
1e
1e-
0e
--2
e10
1.2.3
e10
1e
--2
1e-
e10
abc
1e
-
+
1ee2
000.e
1ee2
-
0e
e10
000.e
1.2.3
1e+
1ee2
-
0e
000.e
1e+
++1
e10
1e-
1e+
1ee2
1e-
abc
000.e
-
--2
1ee2
++1
000.e
000.e
0e
+
000.e
1.2.3
++1
1e+
000.e
1ee2
-
--2
+
1e
000.e
0e
+
1.2.3
+
abc
abc
1.2.3
abc
--2
1e
1e+
+
.
000.e
--2
0e
e10
+
1ee2
1e+
--2
--2
0e
1e
++1
-
.
0e
1ee2
-
1e+
1e+
0e
0e
1.2.3
1e+
1e-
++1
.
-
0e
e10
1e+
--2
--2
0e
1e
1.2.3
000.e
1e
--2
1ee2
1e+
0e
+
.
1.2.3
abc
1.2.3
1e-
1ee2
--2
000.e
1e
e10
++1
++1
0e
--2
e10
--2
abc
--2
-
1e-
1e-
--2
1e-
1e+
abc
+
1e+
+
-
--2
000.e
1ee2
abc
--2
++1
1e+
1e
1e+
e10
++1
1e+
000.e
000.e
0e
000.e
e10
++1
+
1.2.3
+
++1
+
-
1.2.3
-
000.e
--2
--2
--2
+
1e+
++1
e10
abc
e10
abc
1e-
1ee2
1e-
abc
1ee2
1e-
1ee2
1ee2
1.2.3
--2
--2
+
0e
0e
0e
000.e
1e
abc
1e-
++1
.
1e+
1e+
1e-
0e
--2
+
1ee2
e10
000.e
000.e
1ee2
000.e
--2
e10
abc
1e+
1ee2
1e-
1e-
1e-
1ee2
1e+
1e-
1e+
.
+
1e
abc
--2
1e
1.2.3
+
1.2.3
000.e
-
0e
1e+
1e-
.
e10
1e
++1
1e-
1ee2
-
.
1e+
1e
abc
000.e
++1
++1
--2
1ee2
--2
1.2.3
1ee2
1.2.3
1ee2
1e+
0e
1e+
1ee2
abc
--2
e10
000.e
1e-
0e
1ee2
abc
e10
++1
--2
--2
000.e
1ee2
e10
1e+
+
e10
1e+
--2
1ee2
e10
1.2.3
abc
+
1ee2
++1
1e-
1.2.3
e10
0e
.
1ee2
1e-
1.2.3
000.e
1e-
1e-
1e+
--2
1ee2
0e
abc
abc
1e-
abc
++1
1.2.3
++1
.
000.e
.
--2
++1
0e
--2
++1
++1
abc
0e
1ee2
1e-
++1
e10
1.2.3
+
1ee2
++1
++1
-
--2
000.e
-
1e-
+
e10
.
-
000.e
abc
1e
e10
1.2.3
abc
++1
-
1e-
++1
1e+
000.e
0e
.
1e+
-
abc
1e
1e+
1e
.
+
1e
1ee2
abc
000.e
1e-
+
abc
+
1e
abc
0e
e10
++1
e10
1ee2
--2
abc
e10
.
1e+
000.e
1e-
1e-
1e+
1e
1ee2
.
1e
--2
1e-
-
++1
.
abc
1e+
1ee2
-
0e
1e
1.2.3
abc
e10
-
1e+
--2
.
1ee2
0e
+
0e
000.e
000.e
+
e10
1e+
++1
.
1.2.3
1ee2
++1
abc
1e-
1.2.3
1e-
0e
--2
--2
e10
0e
000.e
--2
.
0e
-
0e
1e
1e
0e
1e
abc
000.e
1.2.3
++1
-
--2
++1
e10
.
1ee2
+
-
.
000.e
++1
1e+
++1
-
1e
--2
1.2.3
1.2.3
1.2.3
0e
1e
e10
1.2.3
+
.
1ee2
1e
000.e
++1
abc
000.e
abc
000.e
--2
1.2.3
abc
000.e
.
0e
--2
1e-
+
.
-
1.2.3
--2
1ee2
abc
0e
1e+
1e+
abc
+
1.2.3
.
+
1e
0e
+
+
abc
-
1ee2
--2
1e+
e10
1e-
0e
+
1e+
1e
++1
1ee2
1.2.3
+
1e+
1e+
1.2.3
++1
+
000.e
1e
.
1.2.3
1e
e10
e10
e10
000.e
1e+
1e-
.
-
--2
e10
e10
1e-
+
e10
++1
1e-
e10
1ee2
e10
1.2.3
+
e10
1ee2
.
1e-
1e
abc
1.2.3
e10
abc
1e
0e
1e
-
000.e
1e
1e+
0e
1.2.3
0e
+
0e
1e
e10
0e
.
-
1e-
-
-
0e
1ee2
+
++1
1ee2
-
++1
0e
e10
++1
+
e10
e10
+
abc
.
1e-
1e+
1e+
0e
000.e
1e+
e10
000.e
e10
abc
e10
+
0e
.
abc
1e-
0e
abc
1e+
0e
1e-
1e-
1e
1e-
.
++1
1.2.3
1e
+
000.e
000.e
1e+
000.e
1.2.3
1e+
000.e
1e
1ee2
1.2.3
000.e
1ee2
1e
1e
.
+
.
000.e
1e-
1e-
e10
++1
1e-
abc
0e
1e
000.e
-
0e
--2
e10
1.2.3
0e
0e
000.e
++1
+
.
000.e
1e-
1e
1e
.
1.2.3
+
e10
++1
--2
.
++1
e10
abc
+
++1
-
++1
1e
abc
0e
abc
1.2.3
0e
.
e10
+
1e
--2
.
.
+
++1
1.2.3
0e
0e
1.2.3
.
e10
000.e
.
000.e
000.e
++1
-
++1
--2
--2
1e-
e10
--2
0e
--2
--2
++1
1e-
000.e
abc
+
abc
1e
000.e
1ee2
1ee2
-
1e
abc
--2
.
-
+
-
abc
e10
1e+
1.2.3
0e
1e-
--2
1ee2
++1
0e
++1
+
.
--2
1ee2
0e
abc
abc
1.2.3
0e
1.2.3
0e
1e+
1e+
--2
.
1.2.3
-
abc
000.e
1e
-
1e-
e10
e10
000.e
0e
--2
-
+
+
e10
.
0e
0e
1e-
1e-
1e-
-
1e+
-
1e+
.
.
1e+
abc
++1
-
--2
0e
0e
1e
-
1ee2
+
0e
1.2.3
1e-
e10
-
000.e
1.2.3
1e+
1e+
1ee2
-
--2
1e-
.
1e
.
++1
-
1e
1.2.3
.
--2
e10
1e+
1e
1e+
0e
.
000.e
abc
--2
+
e10
-
--2
1e
.
1e-
.
1.2.3
.
000.e
1e
--2
-
abc
+
1ee2
000.e
1e
1e-
1e+
0e
1ee2
-
.
abc
1e-
.
0e
000.e
++1
abc
+
abc
0e
1e
--2
1ee2
000.e
--2
1e+
-
abc
++1
1e
1ee2
e10
1e
0e
+
1e
abc
1ee2
000.e
++1
0e
++1
000.e
1e
1e-
1e-
1e+
e10
000.e
000.e
1e-
1e-
--2
-
-
0e
-
1e-
--2
++1
abc
1ee2
abc
--2
-
abc
1ee2
.
e10
.
++1
-
.
1.2.3
0e
++1
-
-
abc
++1
1e+
000.e
1e
abc
1e+
--2
1.2.3
.
0e
abc
1e-
abc
--2
000.e
.
1.2.3
0e
abc
.
1ee2
e10
1e+
--2
000.e
1e-
abc
1e
1e+
abc
0e
1ee2
-
-
000.e
1e+
0e
1e
0e
0e
1.2.3
e10
--2
000.e
++1
e10
e10
1.2.3
.
000.e
0e
0e
0e
-
1e
1e-
--2
++1
+
--2
000.e
--2
--2
1e+
+
0e
--2
1.2.3
1e-
1e-
1ee2
abc
.
abc
+
1e+
1e-
++1
+
1e+
1e-
++1
1e-
--2
1e+
1e+
1e
--2
0e
abc
e10
1e-
++1
1ee2
.
1ee2
1.2.3
1.2.3
++1
-
1ee2
1.2.3
0e
abc
e10
-
.
1.2.3
.
-
1ee2
1e-
+
1e
abc
-
000.e
.
+
000.e
.
0e
++1
1e
1e
1e-
000.e
000.e
0e
.
0e
000.e
1e-
1e
e10
+
1.2.3
abc
+
.
0e
++1
0e
1e+
0e
1.2.3
1e+
1e+
+
--2
1.2.3
abc
1ee2
.
++1
1e+
1e+
1ee2
.
1e
e10
0e
1e
000.e
--2
abc
-
+
1e+
1e-
000.e
1e+
--2
1e-
e10
000.e
0e
e10
++1
.
0e
--2
abc
1ee2
1ee2
1e
1e+
0e
-
.
--2
1e-
++1
-
-
1e
e10
--2
1ee2
1.2.3
0e
--2
1e-
1e-
.
+
e10
1.2.3
+
++1
1ee2
1e+
++1
1.2.3
abc
1e-
+
1e+
1ee2
1e-
--2
+
0e
-
1ee2
1ee2
000.e
--2
1ee2
0e
0e
1e
abc
e10
1ee2
1e+
abc
1e-
1e-
++1
1e-
1ee2
-
1e+
1e-
1e-
.
1e-
++1
e10
1e-
-
.
e10
.
--2
000.e
0e
1e-
e10
e10
e10
1e
++1
0e
1.2.3
1.2.3
000.e
1ee2
-
-
1.2.3
-
.
1e
.
abc
++1
1e
000.e
1e
e10
-
abc
1e-
--2
000.e
-
1e
1ee2
.
+
1e+
1e
abc
1e
abc
-
e10
abc
1e+
000.e
1ee2
-
0e
abc
000.e
++1
0e
1e
1e
-
-
-
1e
.
abc
1ee2
1e
1.2.3
000.e
1e-
e10
1e
000.e
0e
.
.
-
-
abc
0e
++1
.
abc
1e+
1ee2
--2
++1
1.2.3
1.2.3
1ee2
-
1e-
--2
1ee2
1e+
-
000.e
abc
e10
e10
+
1e
abc
+
1e-
--2
000.e
++1
1e
000.e
abc
1e+
1e+
000.e
.
1.2.3
1e+
000.e
e10
--2
000.e
1.2.3
1e+
+
1.2.3
1e+
-
1.2.3
1e-
1ee2
1e-
1.2.3
0e
1.2.3
1ee2
1.2.3
++1
0e
1e-
+
0e
0e
abc
e10
1.2.3
1e
1.2.3
+
1ee2
1ee2
000.e
.
1ee2
-
--2
--2
1e-
-
1ee2
+
000.e
1ee2
abc
abc
1e+
1e-
000.e
.
1e+
abc
0e
+
000.e
.
++1
.
+
e10
1ee2
+
++1
+
1e+
abc
--2
abc
1.2.3
++1
1.2.3
1e
--2
0e
.
0e
1.2.3
1e+
abc
-
0e
+
abc
-
000.e
1e+
1.2.3
1e
-
0e
.
1e+
abc
1ee2
1ee2
-
-
+
e10
1.2.3
.
--2
000.e
1ee2
.
000.e
+
1.2.3
--2
++1
1e+
1e
-
-
abc
1ee2
000.e
+
1.2.3
0e
--2
--2
.
++1
1e+
.
-
0e
abc
abc
1ee2
1e
.
1ee2
1e
--2
1e
.
1e-
+
++1
1e
+
.
+
e10
1e+
+
abc
000.e
1e-
1e+
++1
1e-
--2
abc
++1
0e
e10
+
1e+
++1
000.e
.
1e-
--2
0e
abc
0e
1e
-
abc
abc
++1
1e+
abc
000.e
++1
1e-
+
.
1e-
+
1e-
1e
1e+
+
abc
e10
1.2.3
e10
000.e
.
++1
++1
1.2.3
1e-
e10
+
-
--2
000.e
--2
1e+
+
--2
--2
1ee2
1e
+
abc
1e
1e-
abc
1e
e10
--2
-
++1
e10
1e
1e+
.
++1
1ee2
--2
e10
000.e
--2
0e
--2
abc
1ee2
abc
-
0e
e10
1e
1.2.3
1.2.3
++1
++1
.
-
++1
0e
1e
1ee2
++1
1ee2
-
0e
++1
.
-
-
0e
e10
000.e
1e+
0e
1.2.3
1e+
1.2.3
1e+
1ee2
+
-
1e+
--2
-
1e
1ee2
1e-
++1
.
1.2.3
++1
+
abc
1.2.3
1ee2
1.2.3
1.2.3
000.e
0e
1e+
e10
1e-
++1
1ee2
000.e
--2
1e-
.
000.e
000.e
0e
1e-
000.e
000.e
-
--2
abc
1.2.3
.
000.e
1e+
1e-
++1
000.e
0e
--2
1e-
1.2.3
1e+
1e+
0e
abc
1.2.3
-
0e
000.e
.
1.2.3
abc
000.e
0e
.
abc
1e
1e+
1e+
1e-
1.2.3
abc
--2
e10
1ee2
1.2.3
1e
+
1e-
1.2.3
++1
abc
1e
.
++1
1e-
1e
1e+
.
e10
.
000.e
0e
.
-
1ee2
0e
0e
.
1.2.3
-
--2
abc
1.2.3
1e-
1.2.3
-
000.e
1.2.3
000.e
1e
0e
--2
1ee2
1e-
.
--2
1e+
1.2.3
++1
--2
--2
abc
.
abc
0e
0e
--2
0e
1ee2
1.2.3
--2
1.2.3
000.e
++1
1e+
--2
e10
1e
0e
abc
++1
1e-
-
000.e
+
e10
000.e
1ee2
1.2.3
0e
++1
1ee2
--2
abc
+
+
e10
--2
1e-
.
1.2.3
e10
1e
1.2.3
1e+
0e
.
1e-
.
abc
--2
e10
e10
0e
1e-
e10
.
000.e
abc
-
++1
1ee2
abc
1e+
--2
1e
++1
.
e10
1.2.3
+
0e
abc
1e+
e10
1e+
000.e
.
-
--2
1.2.3
+
--2
-
1ee2
.
1e-
1ee2
abc
1ee2
-
-
abc
+
.
e10
e10
1e+
1e+
abc
abc
+
.
e10
e10
1.2.3
abc
1e-
++1
1ee2
1e+
0e
abc
e10
++1
1.2.3
e10
1e+
abc
e10
1e+
++1
.
-
-
e10
1e-
0e
e10
--2
1.2.3
.
-
abc
1.2.3
e10
1.2.3
++1
1ee2
-
1e-
1e+
e10
1.2.3
1.2.3
abc
.
++1
1ee2
--2
1e-
--2
+
1e
1.2.3
--2
1e+
.
0e
.
1e+
abc
.
1e-
1ee2
1.2.3
--2
.
1ee2
000.e
e10
1e+
0e
e10
000.e
1ee2
000.e
--2
1ee2
-
1e+
abc
000.e
1e-
+
1e-
000.e
1e
1.2.3
--2
+
-
e10
1ee2
e10
abc
-
1ee2
1e+
--2
abc
+
1ee2
abc
abc
abc
+
1.2.3
abc
1e
1e+
1e+
+
1e+
+
1e
1ee2
1ee2
1e
e10
1.2.3
--2
+
1.2.3
++1
abc
++1
.
1ee2
0e
000.e
1e+
0e
1e+
abc
1ee2
1e-
1.2.3
1.2.3
+
1ee2
.
1ee2
000.e
0e
-
1e
0e
1e+
-
--2
--2
0e
e10
1e
000.e
-
0e
e10
+
+
1e-
1e
.
e10
1e+
e10
1e+
++1
0e
000.e
abc
1e
1e
++1
1e
abc
--2
0e
0e
-
e10
e10
1e
.
--2
e10
-
1e+
e10
.
1ee2
1e
+
1.2.3
--2
1e
--2
0e
0e
1.2.3
-
.
--2
.
1e-
-
1e
1e+
.
000.e
+
-
abc
++1
1e-
1e-
1.2.3
+
1e+
1e-
0e
1.2.3
++1
.
--2
+
000.e
++1
1.2.3
1.2.3
1.2.3
+
++1
1e-
1.2.3
0e
e10
000.e
1ee2
1ee2
+
1e
000.e
++1
1e
0e
1e-
000.e
1.2.3
1e+
0e
1.2.3
1e
abc
1e+
++1
e10
++1
--2
0e
000.e
+
1ee2
1ee2
++1
1ee2
++1
--2
e10
++1
+
abc
+
1ee2
++1
--2
0e
1e+
1.2.3
.
000.e
000.e
abc
e10
1e+
1.2.3
abc
-
000.e
1e-
1.2.3
1ee2
000.e
000.e
000.e
1e
--2
+
000.e
e10
+
0e
0e
++1
++1
e10
0e
e10
.
+
--2
e10
1e+
1e-
abc
++1
-
1e+
000.e
+
1ee2
abc
1e-
-
+
1.2.3
0e
abc
.
1e
1e
abc
+
1ee2
--2
e10
-
1e-
e10
1.2.3
abc
-
-
1e
1ee2
1ee2
e10
++1
0e
++1
000.e
0e
e10
--2
1ee2
abc
1e
1ee2
--2
1e+
-
++1
++1
--2
--2
000.e
.
--2
1e-
1e-
1e+
1e
1.2.3
000.e
1e+
1e
.
1.2.3
000.e
1ee2
abc
--2
--2
abc
1e+
1e-
1e+
-
1.2.3
000.e
1e-
+
1.2.3
e10
++1
0e
1.2.3
--2
0e
000.e
1e+
000.e
1e+
abc
000.e
+
--2
.
abc
--2
++1
e10
e10
000.e
0e
000.e
0e
0e
--2
1ee2
0e
000.e
-
000.e
1e+
.
1e-
abc
+
.
1e
+
e10
1e+
1e+
1.2.3
++1
abc
1e-
0e
--2
++1
0e
e10
1ee2
000.e
-
--2
++1
--2
1ee2
--2
+
1.2.3
1.2.3
.
1e-
e10
-
abc
e10
1e-
000.e
++1
abc
1ee2
--2
e10
1e
1e
-
1e
.
-
-
1e+
+
++1
e10
++1
--2
1e-
--2
++1
1ee2
.
abc
++1
.
1e
000.e
1e
1e-
1e
+
0e
000.e
000.e
1e+
000.e
1e
1e
+
0e
1e+
1.2.3
-
1e
1ee2
1.2.3
abc
0e
-
1e-
1e
e10
++1
000.e
1e+
1ee2
1ee2
000.e
1.2.3
1ee2
0e
1e
++1
--2
++1
.
0e
1.2.3
+
.
-
+
1.2.3
-
1e+
1ee2
-
.
1.2.3
--2
1e-
.
e10
1.2.3
1e
1ee2
0e
1ee2
abc
.
1ee2
1ee2
abc
1e-
--2
1.2.3
000.e
1e-
+
000.e
abc
abc
e10
000.e
1e+
1e
1e-
1e
000.e
--2
0e
e10
abc
1e
e10
1e-
1e+
1ee2
--2
abc
1e-
1e-
++1
1ee2
1ee2
1e
1e+
-
1.2.3
1e-
.
+
e10
1e
--2
abc
1e
--2
-
.
e10
--2
abc
1e+
-
0e
+
1e-
1e
1ee2
-
1ee2
000.e
--2
1e-
e10
000.e
1e+
1e+
1.2.3
1e+
0e
1e+
.
+
abc
1e
-
+
1ee2
000.e
0e
1ee2
-
1e-
abc
1e
+
1e-
+
1e
1e
-
1.2.3
000.e
1.2.3
e10
.
1e
+
abc
1e
1.2.3
abc
-
.
.
+
000.e
-
1e
e10
--2
e10
1.2.3
e10
.
1ee2
1e
1e
1e-
000.e
000.e
1.2.3
abc
1e
+
++1
--2
.
abc
--2
1.2.3
e10
+
++1
1ee2
.
000.e
.
1e-
1.2.3
1e
+
+
0e
0e
++1
-
1e
1.2.3
.
1e+
1ee2
e10
+
1.2.3
-
+
1e-
1e+
+
abc
1e+
-
abc
e10
e10
1e+
+
1e
1ee2
++1
++1
1e+
000.e
-
-
1ee2
+
.
000.e
1ee2
0e
+
1ee2
e10
-
1e-
--2
1ee2
++1
-
.
e10
0e
+
-
+
0e
1e
abc
abc
1ee2
abc
-
1.2.3
--2
.
+
+
1e+
.
.
0e
e10
1e+
1e+
1e+
+
1e
1.2.3
e10
1ee2
++1
1ee2
+
1e+
--2
.
1e+
abc
000.e
abc
.
1e-
e10
-
++1
-
abc
abc
000.e
000.e
1e+
-
000.e
-
000.e
--2
--2
+
1e-
1.2.3
++1
e10
000.e
000.e
1ee2
+
abc
+
abc
0e
abc
1.2.3
1e
1e
0e
-
1e+
--2
1ee2
1e+
++1
1ee2
000.e
-
abc
++1
--2
e10
--2
e10
--2
+
--2
1e
--2
e10
abc
abc
++1
--2
1e-
1.2.3
1ee2
1e
1ee2
e10
0e
1.2.3
1ee2
1e+
1e-
--2
-
0e
+
++1
1e-
--2
--2
-
1e
1e-
.
1e
abc
++1
1e
000.e
0e
abc
1e+
0e
000.e
1.2.3
+
++1
-
0e
1ee2
1.2.3
+
000.e
--2
000.e
--2
abc
abc
.
1.2.3
1e
1e
0e
1ee2
1e-
1ee2
000.e
-
e10
++1
1e-
++1
1e
+
+
e10
-
1e+
1e-
++1
abc
++1
1e+
abc
1e-
--2
abc
+
.
++1
1e+
1.2.3
1e+
1ee2
++1
++1
abc
-
1e+
++1
000.e
++1
-
0e
1e+
e10
1ee2
-
1ee2
1e+
1ee2
0e
0e
e10
+
++1
000.e
0e
1e-
1e
abc
+
-
+
-
--2
.
0e
1e+
++1
1ee2
-
1e
--2
1e+
1e+
000.e
++1
e10
-
e10
000.e
1e-
1ee2
1e+
-
abc
--2
.
0e
-
-
e10
1e-
000.e
1e
.
abc
+
1ee2
++1
+
-
+
+
000.e
1e-
1ee2
1.2.3
--2
--2
1e
0e
-
1e-
1e
abc
1e+
1.2.3
1e-
1e+
1ee2
1e
1e+
1e+
1e+
1.2.3
e10
abc
1e-
++1
1e
1e
0e
1e
1ee2
--2
--2
000.e
--2
e10
1.2.3
000.e
+
abc
++1
0e
1e+
1e-
1e+
1e
1e+
1ee2
0e
-
1e+
+
.
-
-
1e+
.
--2
1e-
.
++1
abc
--2
abc
-
abc
0e
e10
+
--2
1e
1e+
000.e
1.2.3
1e-
1e
000.e
e10
1e
+
1.2.3
000.e
000.e
--2
+
--2
.
0e
e10
1e-
1e+
--2
1e+
0e
++1
1.2.3
++1
000.e
++1
.
1e
1e+
-
1e
1e-
abc
e10
-
000.e
e10
++1
++1
e10
0e
abc
abc
000.e
abc
e10
e10
1ee2
1e+
abc
1ee2
1e-
1ee2
1e+
e10
1ee2
.
e10
+
1.2.3
1e-
+
1e
1e+
1e+
1ee2
0e
abc
-
0e
1ee2
1e
1e
1e
1.2.3
0e
++1
e10
-
0e
0e
+
0e
abc
++1
1e
1e
+
1ee2
000.e
000.e
1ee2
++1
1e
-
++1
-
abc
--2
-
--2
0e
+
-
abc
1e
+
abc
--2
e10
.
++1
abc
1e-
1ee2
+
++1
1ee2
++1
e10
--2
000.e
++1
1ee2
--2
+
+
000.e
++1
--2
0e
0e
++1
+
1ee2
1e
+
1ee2
+
abc
000.e
1ee2
e10
+
000.e
1e-
abc
1e+
--2
1e-
1e-
1.2.3
1e
1.2.3
1e
+
+
+
000.e
1e-
0e
1e-
1e+
++1
0e
-
.
--2
0e
1e+
--2
abc
0e
0e
1ee2
++1
0e
+
1ee2
e10
.
++1
.
1e-
1e-
.
1.2.3
1.2.3
0e
000.e
.
0e
+
.
--2
abc
1e-
-
1e+
abc
1e-
1ee2
1e+
.
1e
++1
e10
1ee2
1e+
0e
1e-
1e
e10
--2
.
e10
1e+
0e
000.e
--2
--2
1e-
--2
0e
abc
1e+
e10
++1
1.2.3
++1
e10
++1
0e
+
e10
000.e
-
1ee2
--2
0e
+
-
1.2.3
1e
0e
-
e10
+
1.2.3
e10
+
0e
1e+
++1
1ee2
--2
--2
0e
0e
-
000.e
1e-
.
1ee2
.
+
1.2.3
++1
abc
1e+
1e+
000.e
1e+
+
++1
1e+
1e
-
-
1e+
e10
000.e
1e-
++1
0e
1.2.3
1.2.3
1ee2
1e-
1e-
1.2.3
++1
000.e
e10
e10
1e+
abc
1.2.3
000.e
1ee2
.
.
--2
abc
-
0e
+
1e
1.2.3
1e+
e10
1e+
e10
abc
000.e
1e
0e
--2
1.2.3
1e-
0e
1e+
1e-
1.2.3
+
000.e
-
abc
e10
e10
-
+
0e
1e
0e
--2
000.e
1e+
1.2.3
0e
000.e
000.e
--2
-
--2
0e
abc
1e+
1ee2
000.e
--2
++1
+
1ee2
abc
1ee2
1e
--2
--2
000.e
1e+
1e
1e+
-
000.e
0e
abc
++1
000.e
000.e
++1
0e
1e+
.
-
e10
1e-
1e+
000.e
1ee2
+
1.2.3
1e+
.
++1
+
+
+
1.2.3
0e
1ee2
--2
1e+
1e+
1e-
1e+
1e-
e10
1e+
abc
1e-
000.e
1.2.3
1e-
1ee2
1e+
+
-
1e-
1e-
1e
0e
1e-
1.2.3
000.e
1.2.3
+
1.2.3
1e-
-
.
1.2.3
1e+
abc
1e
e10
1.2.3
e10
1e
abc
.
000.e
0e
1e+
e10
1.2.3
1.2.3
-
+
++1
1e+
1e
1ee2
1e+
1e-
1ee2
0e
000.e
-
+
1ee2
++1
++1
--2
e10
1e
++1
1e-
--2
-
+
abc
1ee2
000.e
--2
.
1e-
1ee2
--2
--2
.
1e
++1
--2
-
.
++1
++1
1.2.3
.
.
--2
000.e
1e+
1e
1e-
1.2.3
.
1e+
e10
++1
000.e
++1
--2
000.e
1e+
+
abc
1ee2
1e
1e+
abc
-
e10
.
1e-
1e+
1ee2
1.2.3
1e+
000.e
abc
--2
.
1.2.3
1e+
e10
1.2.3
+
+
000.e
+
+
0e
1e
--2
+
1e+
.
0e
.
.
1e+
1ee2
e10
1.2.3
.
++1
1ee2
0e
abc
+
-
1ee2
e10
+
-
000.e
abc
+
0e
e10
1.2.3
-
abc
1e
1e
-
++1
--2
1.2.3
1.2.3
1e-
e10
.
0e
1.2.3
e10
--2
1.2.3
--2
1e
--2
.
0e
0e
1e-
1e-
--2
.
1e
++1
-
0e
abc
++1
--2
1ee2
e10
1e
++1
-
1ee2
1e
0e
1e
1ee2
--2
1.2.3
e10
+
1.2.3
-
1e-
1e-
-
-
0e
1ee2
abc
-
++1
.
1e+
e10
1e-
1ee2
1e
-
0e
1ee2
000.e
.
0e
++1
1.2.3
+
1e-
--2
.
1e+
-
1ee2
1.2.3
1e+
1e
0e
1e
1e-
1.2.3
1e
0e
--2
1e+
1.2.3
1ee2
.
0e
1ee2
1ee2
-
e10
1e-
-
.
0e
abc
+
--2
.
e10
1e+
abc
--2
abc
--2
-
1e-
1e+
abc
1e+
1ee2
0e
000.e
+
e10
1e-
1.2.3
1e+
1e
0e
1e+
-
1e
.
0e
0e
1e
-
.
0e
++1
1e-
+
-
--2
1e+
e10
+
1ee2
+
1.2.3
1e-
--2
abc
+
1.2.3
++1
-
0e
000.e
abc
e10
.
1.2.3
000.e
1ee2
.
e10
++1
.
--2
1ee2
++1
++1
.
abc
1e
1.2.3
0e
1e-
e10
1ee2
+
--2
1e-
1e
++1
1ee2
1.2.3
e10
+
000.e
abc
1e+
1e
0e
1e+
000.e
1e
abc
1e
--2
0e
+
1.2.3
++1
+
1e-
abc
abc
++1
--2
000.e
-
++1
++1
e10
.
1e-
e10
e10
abc
1e-
++1
-
--2
1e-
--2
1e-
e10
000.e
+
1e+
1e-
-
1e+
abc
1e
000.e
e10
++1
-
abc
.
.
-
1ee2
+
1e+
1.2.3
abc
1.2.3
0e
000.e
e10
.
.
1e+
1.2.3
e10
.
1ee2
1e
-
.
0e
abc
0e
--2
.
1e-
.
+
abc
+
--2
e10
1e
1e+
+
1e+
1ee2
0e
-
1.2.3
--2
+
1.2.3
1e-
0e
--2
++1
-
1e-
+
+
000.e
1e
--2
0e
1ee2
.
++1
1e+
1.2.3
1e+
1e
e10
.
1e-
0e
--2
000.e
1e-
1e+
1e+
1e+
+
1e+
1e+
1ee2
1e+
1e-
0e
1ee2
e10
0e
++1
abc
++1
1e+
e10
1e-
abc
1ee2
++1
+
--2
000.e
1.2.3
abc
abc
e10
--2
++1
+
++1
+
1e-
++1
1e+
000.e
1e
abc
.
++1
--2
0e
1e+
-
e10
1ee2
.
1ee2
1e-
0e
.
--2
0e
--2
1e+
1ee2
abc
abc
1e-
1e
1e-
1ee2
-
.
1e+
1.2.3
000.e
--2
1e-
1e-
e10
-
--2
1ee2
e10
-
abc
e10
1e-
abc
0e
1e+
1e
1e-
++1
0e
1ee2
1e
+
-
000.e
1e-
1.2.3
1e+
e10
0e
1.2.3
.
--2
1e+
--2
1e-
-
000.e
1e-
0e
1e+
-
abc
000.e
+
0e
++1
0e
++1
000.e
1ee2
abc
1e+
1.2.3
e10
--2
e10
1e-
1e+
++1
++1
1e
1e+
1.2.3
abc
1.2.3
-
1e-
--2
--2
000.e
.
1e-
++1
+
0e
1e-
000.e
+
e10
1.2.3
000.e
1e-
000.e
--2
e10
.
+
1ee2
1e-
0e
1e
--2
-
1e+
.
.
000.e
0e
++1
1e
1ee2
e10
000.e
--2
--2
1.2.3
1ee2
+
1e-
0e
1.2.3
1e
1ee2
1.2.3
e10
--2
1.2.3
0e
1e-
1e
1e
000.e
0e
1.2.3
1e-
e10
+
.
1.2.3
1e
.
1e
1ee2
-
000.e
1ee2
000.e
1e-
1ee2
--2
1e+
000.e
1e+
++1
1e-
1e
abc
e10
1e+
1e
1e+
0e
abc
abc
++1
1ee2
.
.
.
1e
-
-
e10
1e+
-
000.e
1e-
0e
1ee2
0e
1e+
-
--2
1.2.3
1.2.3
1.2.3
abc
-
abc
1.2.3
abc
0e
abc
1e+
1ee2
1e-
--2
--2
++1
++1
000.e
1ee2
1e+
++1
e10
1e
1e+
0e
1e
abc
e10
abc
-
1e-
1ee2
.
-
1e
.
.
0e
1.2.3
1e-
1e+
0e
e10
1ee2
e10
.
0e
+
abc
+
1e-
000.e
1e-
0e
abc
1e-
1e-
.
1.2.3
abc
abc
0e
.
1ee2
1ee2
1e
1e
+
-
++1
000.e
1e
++1
1.2.3
1e-
e10
e10
1e-
abc
1e
+
1.2.3
1e-
-
1ee2
000.e
abc
1.2.3
++1
+
1ee2
1e+
.
abc
000.e
--2
1e
e10
++1
000.e
-
abc
.
1e
0e
1ee2
-
0e
1ee2
1ee2
1ee2
1.2.3
++1
000.e
1.2.3
++1
1.2.3
1e
1.2.3
1.2.3
1ee2
-
.
.
.
0e
abc
1e+
1ee2
0e
abc
1e+
-
+
abc
1.2.3
000.e
1e
1e-
1e-
000.e
1e+
+
000.e
+
000.e
abc
--2
0e
000.e
1e
1e
1e+
--2
+
0e
1ee2
++1
1e-
1e+
1e-
1.2.3
+
.
1e-
0e
1ee2
e10
1.2.3
1ee2
+
1e
++1
.
000.e
e10
+
1ee2
+
-
1e
1e-
1.2.3
1.2.3
++1
1ee2
--2
++1
.
1.2.3
abc
abc
++1
+
0e
--2
1.2.3
+
0e
++1
1.2.3
1e+
1e-
1e-
1.2.3
1ee2
-
000.e
abc
000.e
000.e
1ee2
.
1e
++1
1ee2
e10
1ee2
1e-
-
++1
000.e
e10
1e+
0e
1ee2
e10
0e
+
0e
1e+
1.2.3
.
1e-
0e
++1
e10
--2
.
--2
1e
e10
000.e
abc
1ee2
1e
--2
0e
+
1.2.3
1e
1e-
-
0e
--2
0e
abc
--2
1e+
1e
1e+
0e
1e
1e-
1ee2
-
1e+
000.e
1e-
e10
1e-
1ee2
1e
1e
e10
1.2.3
1e
.
abc
e10
-
1ee2
.
1ee2
--2
1e
e10
-
1.2.3
1e+
0e
-
000.e
e10
1e-
abc
1e+
-
1.2.3
000.e
1e
1e
1ee2
++1
1ee2
e10
++1
.
000.e
+
000.e
abc
000.e
++1
++1
1e-
1e
.
-
.
1ee2
000.e
1ee2
abc
1e
1e+
1.2.3
++1
1ee2
+
1e-
+
-
1.2.3
1e
-
0e
++1
.
+
1e-
--2
abc
+
1e+
0e
000.e
--2
+
1ee2
1ee2
--2
+
--2
0e
0e
e10
++1
+
000.e
abc
--2
++1
0e
000.e
0e
-
1e-
--2
abc
-
1ee2
--2
-
.
1ee2
.
.
1e+
abc
1e-
1e
000.e
-
++1
1e+
1e+
1e
1ee2
abc
--2
e10
-
1e
.
000.e
1e+
.
+
000.e
-
0e
1.2.3
000.e
++1
e10
.
++1
-
1e-
++1
000.e
1e-
0e
1e-
.
-
1.2.3
1.2.3
e10
000.e
--2
1e-
++1
++1
-
-
e10
1e+
-
.
0e
e10
.
.
.
e10
--2
abc
abc
--2
0e
+
--2
000.e
--2
++1
1e
+
000.e
+
1e-
-
+
1e-
abc
e10
0e
1e-
+
0e
1e-
0e
++1
.
.
1e+
1.2.3
+
-
1.2.3
1e
1.2.3
+
e10
1.2.3
1.2.3
1e-
-
+
0e
--2
++1
1e
1e+
++1
.
--2
1.2.3
000.e
e10
e10
1e-
000.e
1ee2
1e-
-
1e-
000.e
--2
1ee2
1ee2
.
1e+
1e+
0e
e10
1ee2
+
1e+
--2
abc
.
1.2.3
0e
-
abc
++1
++1
1e-
abc
1e+
e10
1ee2
++1
.
1e-
1e-
abc
++1
++1
1e
.
-
++1
abc
-
++1
abc
000.e
++1
e10
--2
0e
-
1e-
000.e
1e+
1ee2
000.e
e10
0e
--2
1e+
--2
1e-
1ee2
1e-
0e
e10
+
1e
1.2.3
++1
1e+
0e
000.e
.
.
0e
1e+
-
abc
+
1.2.3
1.2.3
.
000.e
0e
-
+
abc
1.2.3
1e-
+
+
--2
e10
--2
1e+
abc
000.e
1.2.3
1ee2
1e+
++1
1ee2
000.e
1e+
abc
--2
1.2.3
1ee2
e10
abc
000.e
+
1e
1.2.3
1e-
1ee2
1.2.3
.
1e+
1ee2
.
+
e10
--2
++1
-
0e
e10
1ee2
--2
--2
1e
.
--2
1ee2
0e
abc
-
++1
+
1e-
abc
1e
-
0e
++1
1ee2
-
000.e
1ee2
+
abc
0e
1e-
1e-
1ee2
1e-
-
1e-
+
abc
-
0e
0e
-
.
-
-
--2
1e+
e10
1.2.3
0e
--2
1e-
abc
e10
0e
++1
+
--2
-
1e+
0e
1e
.
+
-
e10
1e-
+
1.2.3
--2
1e+
++1
000.e
-
-
0e
1e+
1e-
1e-
.
.
abc
1.2.3
-
abc
abc
++1
0e
abc
-
1e+
1e+
1ee2
abc
1.2.3
e10
+
-
e10
000.e
+
-
0e
0e
--2
1e+
--2
+
000.e
abc
-
+
000.e
abc
abc
0e
1e+
abc
.
+
-
+
+
+
.
-
-
--2
.
1e+
1ee2
+
.
1.2.3
e10
1.2.3
1e+
1e+
-
abc
-
.
e10
++1
e10
e10
-
--2
abc
-
-
1ee2
1e
.
--2
1e
000.e
-
1e-
1e+
1.2.3
--2
abc
1e-
0e
1ee2
abc
abc
0e
-
000.e
-
1e
1e-
-
1ee2
e10
.
e10
000.e
1ee2
+
e10
1.2.3
-
-
1e
1e
abc
1ee2
+
1ee2
++1
1e-
+
1ee2
--2
abc
1e-
--2
--2
1.2.3
e10
abc
1e-
++1
abc
e10
e10
e10
abc
.
.
1.2.3
abc
++1
1e-
000.e
e10
++1
.
1ee2
+
--2
000.e
0e
abc
e10
1e+
.
1e+
+
.
1e
.
000.e
-
1ee2
e10
1e-
1e+
e10
0e
1e
--2
e10
1e-
000.e
1e
abc
--2
++1
1e+
abc
e10
+
000.e
-
e10
1ee2
1.2.3
-
e10
++1
-
++1
1.2.3
+
-
1ee2
+
1ee2
0e
1e+
1.2.3
1ee2
++1
++1
1e+
abc
1e
+
0e
1e-
e10
1e-
++1
abc
++1
1e
-
.
000.e
0e
000.e
1e-
1e+
+
000.e
.
++1
+
1.2.3
++1
1e+
1e-
.
+
-
1e-
1.2.3
e10
++1
1e
e10
abc
000.e
abc
.
1.2.3
1e
abc
1e
abc
1e-
1e
1e+
abc
+
.
1e-
1e-
-
+
--2
abc
--2
1e
-
1e
0e
.
+
+
--2
1e+
-
--2
0e
1e-
++1
--2
1e
.
1e-
1.2.3
.
1e-
abc
--2
e10
.
1.2.3
abc
1e
1.2.3
e10
1ee2
1e
1e+
1ee2
++1
+
+
+
abc
--2
1e
++1
.
.
1e-
.
1ee2
--2
abc
1e
++1
000.e
.
000.e
1ee2
abc
1ee2
1e
abc
000.e
-
-
-
1e+
000.e
--2
-
++1
1e-
1e+
++1
1e+
+
000.e
1ee2
1e-
000.e
1.2.3
1e-
-
000.e
e10
.
--2
abc
+
000.e
1.2.3
+
e10
1e
+
1ee2
000.e
000.e
000.e
1.2.3
+
+
1e-
--2
1e+
-
000.e
e10
000.e
--2
1e
1.2.3
1e
1e+
1e-
0e
e10
abc
e10
000.e
-
1e
1e-
--2
--2
++1
000.e
e10
++1
000.e
-
0e
+
1e
e10
-
--2
1e+
--2
+
0e
1ee2
1.2.3
1e+
1e+
++1
++1
1e
0e
.
e10
1.2.3
000.e
1e-
1e
1e
1e
--2
1ee2
1e
1.2.3
.
1e+
abc
+
1ee2
0e
0e
1e+
1e
000.e
e10
.
abc
1e
1ee2
+
-
+
e10
1.2.3
e10
1e+
1e+
++1
1e
e10
abc
1ee2
.
0e
0e
1ee2
1e-
--2
1ee2
1e
.
1ee2
1e+
000.e
1e-
e10
000.e
--2
e10
1.2.3
e10
000.e
1ee2
+
.
1e
abc
1ee2
e10
0e
1ee2
++1
000.e
abc
+
0e
1e+
1ee2
++1
--2
-
++1
000.e
1ee2
--2
000.e
1e
abc
-
1e
1e+
1e-
+
--2
+
1e
++1
0e
--2
0e
--2
1.2.3
--2
-
abc
++1
1e-
1ee2
--2
1e-
1e+
++1
1e
.
+
1ee2
+
1e-
000.e
++1
1e+
1e
1e+
abc
000.e
.
000.e
1e+
1e-
++1
1e+
1e
1e-
--2
1e-
000.e
0e
.
--2
abc
++1
+
1e+
1e-
+
++1
0e
000.e
abc
1ee2
-
--2
+
+
000.e
+
-
1ee2
+
abc
.
e10
abc
abc
++1
000.e
abc
.
1e-
.
1e
1e
1e-
1e+
--2
+
1.2.3
abc
+
1ee2
++1
.
abc
1e+
0e
+
1e-
1e-
1ee2
1ee2
+
1e-
e10
abc
1.2.3
000.e
++1
1e+
1.2.3
000.e
1e-
1.2.3
1e+
e10
1ee2
-
0e
1e+
abc
abc
++1
000.e
-
+
e10
000.e
-
1e+
++1
000.e
000.e
1ee2
000.e
.
.
.
1e-
0e
000.e
--2
--2
000.e
000.e
0e
1e-
++1
--2
000.e
abc
1e
-
abc
++1
-
++1
-
1e+
1e
000.e
0e
--2
1ee2
e10
.
1ee2
.
++1
1ee2
-
0e
e10
1e-
-
abc
0e
1e
--2
e10
e10
1.2.3
++1
+
.
--2
-
1e+
000.e
--2
0e
+
+
1e+
-
+
-
-
--2
--2
1e+
1e-
.
-
++1
0e
000.e
1e-
000.e
1e
1e+
+
++1
000.e
1.2.3
1.2.3
.
1e
+
e10
--2
++1
e10
+
000.e
.
1.2.3
++1
++1
--2
e10
e10
++1
.
1ee2
--2
e10
000.e
1e
--2
--2
000.e
0e
.
e10
+
++1
--2
1ee2
000.e
0e
0e
.
++1
++1
0e
1e+
.
e10
abc
++1
1.2.3
1ee2
1ee2
++1
1e
1e+
1e
1ee2
-
abc
e10
1ee2
1e-
1e+
1.2.3
0e
abc
e10
1e+
1e
1e
abc
1e+
-
abc
1e+
0e
-
0e
1e
1e+
e10
abc
++1
1e-
e10
1ee2
0e
++1
0e
000.e
1e
e10
e10
0e
+
1ee2
e10
1e-
.
--2
++1
1ee2
--2
1e-
e10
1.2.3
1ee2
0e
++1
+
+
.
+
e10
000.e
--2
++1
1e+
.
1e+
e10
0e
1e-
--2
abc
0e
--2
--2
abc
1.2.3
1e+
1e+
--2
1e
abc
e10
--2
1ee2
1e+
000.e
1e-
1.2.3
++1
1e
1e+
++1
0e
000.e
--2
.
++1
+
+
++1
0e
--2
0e
-
000.e
e10
1e+
000.e
.
1.2.3
+
1ee2
-
1e-
1e+
.
+
--2
e10
0e
1e
+
1e+
000.e
1e-
++1
+
e10
1e-
--2
1ee2
++1
+
++1
1e+
1e
e10
0e
0e
000.e
000.e
1e-
--2
-
000.e
e10
--2
abc
1e+
abc
1e
000.e
1e
++1
1e+
abc
1e-
e10
1ee2
--2
.
-
+
000.e
0e
.
-
e10
1.2.3
-
--2
000.e
0e
.
-
e10
abc
1e-
1ee2
000.e
0e
-
1e
1e
1e+
1ee2
0e
1e+
+
+
abc
--2
+
1e
1e
abc
1e
++1
-
++1
+
++1
+
.
1e
abc
1e-
++1
0e
1e
000.e
1.2.3
-
++1
1e-
0e
1ee2
+
++1
0e
+
1e
1e-
1e-
000.e
.
1.2.3
1e
1e-
--2
+
1e-
1e
+
e10
1e-
e10
1e
1.2.3
1e+
1e-
--2
--2
1.2.3
000.e
++1
1e+
000.e
1.2.3
--2
1e+
+
1e-
abc
.
0e
++1
0e
1e-
1e-
000.e
.
1e
1e+
-
++1
--2
--2
1.2.3
1e-
-
1ee2
1e-
1e+
e10
1e
0e
1e
++1
1ee2
0e
1e-
0e
1ee2
--2
1ee2
--2
abc
0e
1e+
0e
000.e
0e
abc
0e
e10
1e-
.
1e-
1ee2
e10
e10
abc
1.2.3
0e
+
0e
1e
abc
-
-
000.e
1e
e10
1.2.3
000.e
1e-
+
+
.
1ee2
000.e
abc
abc
1.2.3
--2
1e-
1.2.3
1e
-
.
.
+
1ee2
--2
-
--2
+
1e-
1e+
1.2.3
1.2.3
-
0e
abc
1ee2
0e
0e
0e
-
abc
++1
1e
0e
.
1e-
1e
1.2.3
--2
0e
1ee2
-
0e
e10
e10
++1
abc
--2
000.e
e10
+
000.e
--2
1ee2
000.e
++1
e10
1ee2
1.2.3
+
000.e
--2
e10
1e
1ee2
.
000.e
0e
1.2.3
1e
++1
-
0e
--2
-
1.2.3
e10
000.e
1e
1.2.3
1e-
+
e10
000.e
--2
1e-
-
0e
1e-
1.2.3
1e-
.
abc
1e-
000.e
1ee2
1e+
e10
+
-
1e+
.
+
000.e
1e
0e
-
abc
1e
++1
1.2.3
++1
1e
1e
1ee2
1e
000.e
abc
abc
--2
abc
e10
.
1e-
.
-
1e-
0e
1e-
abc
1e+
+
abc
000.e
1e+
e10
0e
+
1.2.3
--2
0e
abc
++1
+
1e
1ee2
-
+
-
0e
0e
1e+
1e
1ee2
1e-
e10
abc
1.2.3
.
e10
1ee2
1e-
.
--2
1e-
++1
++1
e10
1e-
+
0e
++1
1.2.3
0e
abc
0e
++1
+
.
--2
e10
-
0e
e10
.
1e
1ee2
-
000.e
1ee2
e10
--2
e10
--2
++1
000.e
--2
-
.
1e
0e
-
1e
1e
1e
e10
1e+
000.e
1e-
-
000.e
000.e
--2
1.2.3
--2
1ee2
+
0e
+
1e
0e
1e+
-
0e
0e
0e
1e
.
++1
abc
1e
abc
++1
e10
1e-
+
.
-
+
e10
0e
.
-
--2
-
e10
1e+
1e+
-
-
0e
+
1e+
000.e
abc
.
1e+
.
1e+
-
1e
0e
1ee2
1.2.3
1e+
e10
1ee2
abc
.
.
1ee2
e10
e10
--2
--2
.
0e
abc
1ee2
1e-
abc
abc
1e-
e10
.
1e-
++1
0e
--2
.
1e+
++1
1e
1.2.3
000.e
1.2.3
000.e
abc
.
1e+
1.2.3
+
e10
1e-
-
0e
.
1e+
1e+
abc
.
000.e
.
000.e
000.e
--2
1ee2
1e+
--2
--2
0e
1e-
+
0e
1e-
1e
1e-
abc
000.e
abc
1ee2
e10
1ee2
.
+
1e-
1.2.3
-
1e
+
--2
1e-
--2
-
1ee2
1ee2
+
e10
e10
1e-
+
1ee2
--2
1ee2
0e
-
+
+
1.2.3
000.e
1.2.3
-
1e+
1e+
1ee2
--2
1.2.3
.
1e
--2
-
+
++1
0e
e10
1e-
1.2.3
+
+
-
1ee2
1e+
1e-
0e
1e+
--2
++1
1e
++1
--2
000.e
--2
+
1e
1e
1e+
000.e
--2
1.2.3
--2
000.e
1ee2
e10
1.2.3
--2
000.e
0e
000.e
abc
1e-
1.2.3
000.e
1e
-
e10
.
0e
++1
1e-
1ee2
1.2.3
1ee2
-
+
-
--2
1e
+
1ee2
1ee2
e10
1e+
1ee2
++1
0e
--2
1e-
++1
1.2.3
-
e10
1e+
0e
1.2.3
abc
.
e10
e10
abc
-
000.e
--2
--2
--2
1.2.3
1e+
1e-
1ee2
1e+
1e+
1e-
+
0e
-
abc
abc
--2
1e+
000.e
1.2.3
--2
1.2.3
1.2.3
e10
.
1.2.3
++1
.
1e+
++1
.
1e
.
1e-
1e+
--2
+
.
0e
1ee2
e10
-
1e
1ee2
1.2.3
abc
0e
++1
e10
0e
++1
1ee2
++1
+
000.e
1.2.3
-
0e
1.2.3
1.2.3
1ee2
1e
abc
abc
+
abc
++1
0e
000.e
1e+
+
--2
abc
1e+
.
1ee2
1e
1e+
abc
e10
++1
e10
0e
e10
1ee2
e10
1e+
1e-
-
1e
1.2.3
1.2.3
++1
1e-
e10
-
000.e
1e+
--2
000.e
abc
e10
1e-
1ee2
1.2.3
--2
abc
000.e
1.2.3
1ee2
1e
1e+
1e
--2
1e+
1.2.3
1e+
abc
.
1.2.3
+
-
1.2.3
1ee2
--2
e10
-
1.2.3
1.2.3
-
e10
1e
1e
000.e
1.2.3
++1
+
1.2.3
.
000.e
1ee2
1.2.3
000.e
1.2.3
1e-
1ee2
++1
0e
abc
.
1ee2
+
-
1ee2
0e
++1
0e
.
--2
0e
.
1e
000.e
e10
1ee2
1e+
1e
abc
+
1.2.3
1e
abc
1ee2
000.e
++1
000.e
1e
000.e
1ee2
--2
++1
1.2.3
++1
0e
000.e
0e
+
-
0e
1e-
+
000.e
++1
1e-
0e
-
+
1ee2
0e
--2
.
++1
000.e
1e
-
000.e
abc
.
+
.
++1
e10
--2
++1
1.2.3
+
abc
abc
++1
1.2.3
-
1e+
-
++1
.
000.e
1e
.
+
000.e
1e
000.e
abc
abc
1e-
++1
.
.
++1
1e
1e-
--2
-
1e+
++1
1e
abc
.
0e
+
+
+
1ee2
1e
1e-
e10
0e
++1
.
1.2.3
1e-
0e
0e
-
-
1e+
+
1e
++1
1.2.3
1.2.3
abc
abc
.
1e
-
e10
abc
+
+
--2
++1
.
e10
.
++1
1ee2
abc
-
-
--2
1ee2
--2
0e
1ee2
abc
-
e10
1e+
1e+
1e+
1ee2
+
1ee2
1e+
000.e
000.e
000.e
+
1.2.3
0e
e10
++1
++1
1e+
abc
1ee2
--2
1e+
000.e
1.2.3
1.2.3
1ee2
.
abc
++1
1e+
1e
-
abc
1e-
++1
--2
e10
000.e
.
1e-
1e
000.e
e10
-
1ee2
+
1e+
0e
000.e
--2
abc
+
++1
++1
000.e
000.e
0e
.
abc
1e
abc
abc
abc
0e
000.e
1ee2
1.2.3
1ee2
abc
.
-
1e
000.e
+
e10
1e-
1e+
1.2.3
1e
++1
000.e
000.e
1e
1ee2
-
1ee2
0e
1.2.3
--2
000.e
+
.
-
1e-
+
--2
1ee2
abc
1e-
e10
000.e
1e
000.e
++1
1e
1e-
0e
1e-
1ee2
e10
++1
1.2.3
0e
1e
.
1e+
000.e
--2
.
1e
.
1e-
abc
--2
1e-
--2
++1
++1
++1
+
e10
e10
000.e
0e
1e
000.e
++1
+
0e
-
000.e
+
e10
e10
0e
1e
e10
0e
1ee2
0e
1e+
0e
-
-
1e+
--2
.
000.e
1e
+
++1
++1
0e
e10
1.2.3
--2
e10
e10
+
1e-
-
.
1e
e10
e10
.
e10
--2
1e-
+
1ee2
e10
1e-
abc
1ee2
-
000.e
1e
1e+
1e+
1e+
+
1e
abc
++1
1e-
1ee2
.
--2
e10
abc
1e
1.2.3
+
1ee2
1e-
abc
.
+
1e
e10
0e
-
1e+
1e-
-
1e-
1.2.3
0e
+
1e-
e10
+
e10
++1
e10
1.2.3
e10
abc
+
+
1e-
1.2.3
++1
1ee2
abc
1e-
abc
1e+
1.2.3
+
000.e
.
e10
1ee2
1ee2
1.2.3
0e
.
1ee2
abc
1.2.3
+
1e-
000.e
+
1e-
000.e
1e-
1ee2
0e
0e
1.2.3
1e-
+
e10
e10
1e
1e+
.
-
.
.
1e-
0e
e10
e10
1e
1e
000.e
0e
1ee2
000.e
1e
+
0e
e10
+
1e
0e
+
1e-
abc
e10
1e+
++1
000.e
--2
000.e
1e-
1ee2
abc
.
1.2.3
.
e10
1ee2
0e
000.e
1e+
+
.
1e
0e
-
000.e
000.e
1e
1e+
1e-
e10
++1
+
abc
-
++1
++1
+
e10
++1
e10
+
+
000.e
.
1ee2
-
000.e
1e-
-
0e
1e-
1ee2
abc
e10
1.2.3
1e+
1e+
000.e
-
-
e10
--2
.
0e
--2
-
000.e
+
abc
1e
--2
-
abc
--2
++1
1e-
++1
1e+
++1
.
0e
1e
--2
1e-
.
e10
.
0e
--2
1e
--2
1e-
abc
1e+
abc
1.2.3
0e
--2
-
1e+
0e
1e+
000.e
1e-
abc
1e-
1ee2
1e+
++1
abc
1e+
1e
+
-
0e
1.2.3
++1
000.e
++1
.
e10
++1
1e
.
abc
--2
.
1.2.3
0e
-
000.e
000.e
1e-
1e-
0e
-
abc
abc
e10
1e
.
1ee2
1e+
--2
1e+
1e+
0e
1.2.3
1e+
abc
1.2.3
1e
1.2.3
0e
+
--2
+
1ee2
1e+
1ee2
1ee2
--2
0e
1e
1.2.3
1.2.3
.
0e
-
1ee2
1e-
++1
1e
1e-
+
1.2.3
1ee2
+
e10
1.2.3
abc
000.e
1e
1e
000.e
abc
1ee2
+
e10
1.2.3
++1
1e+
000.e
+
1ee2
1.2.3
++1
+
1ee2
e10
1.2.3
000.e
e10
0e
1e-
1e-
--2
e10
abc
1e
1e+
1e+
1.2.3
000.e
abc
abc
-
++1
++1
-
1e-
.
-
000.e
1e+
++1
e10
1.2.3
+
++1
000.e
abc
000.e
1e-
.
000.e
.
--2
1e+
1e
+
e10
-
1e-
-
abc
abc
++1
1e-
e10
+
1e+
++1
1ee2
1e+
000.e
1ee2
1e-
1ee2
-
.
000.e
1e-
1ee2
e10
1e+
1e-
.
1e-
0e
+
++1
0e
1e-
abc
1e-
++1
abc
1ee2
-
000.e
1e-
abc
e10
e10
0e
0e
1e+
0e
-
+
000.e
.
.
--2
1e
.
1.2.3
0e
+
1.2.3
1e+
1.2.3
e10
+
000.e
.
1ee2
1e-
+
.
1e-
.
1.2.3
.
-
1e
1ee2
--2
1e+
++1
-
1ee2
--2
1ee2
1e
1ee2
0e
1e+
0e
1e+
++1
.
--2
e10
e10
+
-
1e
++1
abc
1e+
+
000.e
++1
.
-
++1
++1
1.2.3
1e-
1.2.3
--2
++1
0e
++1
e10
.
abc
1.2.3
1e+
000.e
1ee2
++1
-
--2
1ee2
0e
-
1e
+
e10
.
000.e
-
1e-
e10
-
000.e
1e-
1ee2
0e
1ee2
1ee2
000.e
e10
-
--2
1ee2
1e-
abc
+
+
-
++1
abc
abc
1e-
-
000.e
1ee2
abc
1e-
abc
1.2.3
1.2.3
--2
1ee2
1e+
1e+
1e
0e
e10
e10
1ee2
1e+
abc
1.2.3
1e+
1.2.3
++1
+
++1
0e
1ee2
e10
++1
-
1.2.3
1e-
e10
0e
++1
+
1e+
+
e10
.
1e+
.
-
1ee2
1e
abc
1ee2
.
.
0e
.
e10
e10
+
1e+
+
1e-
000.e
e10
000.e
e10
--2
0e
1e-
e10
1e-
1e-
e10
e10
1ee2
abc
1ee2
-
-
1.2.3
-
1.2.3
.
0e
++1
1e+
-
1e+
.
1.2.3
1e-
e10
++1
abc
-
000.e
0e
1.2.3
1e-
--2
e10
1e-
e10
1e-
1.2.3
+
1e+
++1
.
000.e
.
0e
1.2.3
.
++1
-
1e
000.e
.
-
++1
abc
1e-
+
1e-
abc
1.2.3
1e+
+
++1
1ee2
1ee2
.
.
-
-
abc
.
1e-
1e-
++1
1e+
++1
1ee2
-
e10
--2
.
e10
-
1ee2
1e+
.
0e
0e
e10
--2
++1
-
1e
+
1e
1.2.3
1e-
1ee2
e10
-
1e
1e-
++1
1e+
++1
1ee2
e10
0e
1e-
--2
--2
1e-
1e
1.2.3
+
-
.
.
.
1.2.3
e10
.
++1
abc
0e
1e
--2
-
.
1.2.3
-
1ee2
--2
e10
+
-
000.e
-
1.2.3
1e
000.e
++1
-
.
1.2.3
--2
1ee2
000.e
-
1e
1e+
abc
000.e
--2
--2
e10
+
++1
abc
.
1e
1ee2
1.2.3
1ee2
1e-
+
+
e10
000.e
-
1.2.3
1.2.3
1e+
1e+
+
e10
--2
-
1e
1e+
--2
abc
000.e
1e
1e
1ee2
1e
1e+
--2
1e+
1e
1ee2
0e
000.e
1e
000.e
e10
0e
e10
1.2.3
1ee2
1e-
000.e
e10
.
1.2.3
000.e
000.e
0e
--2
000.e
000.e
.
e10
++1
e10
-
0e
1e-
1.2.3
.
1.2.3
1e+
0e
--2
000.e
e10
1.2.3
1e
1ee2
+
+
000.e
1e-
1.2.3
-
1e
1e-
+
1e
-
+
+
1e-
.
-
e10
--2
1e-
1.2.3
--2
1ee2
1ee2
1e
-
e10
1ee2
000.e
.
1ee2
1e-
++1
1e-
++1
000.e
000.e
1e+
1e+
++1
1e
e10
1ee2
1e+
++1
.
0e
000.e
e10
1e
1e-
1ee2
1e+
++1
000.e
-
.
1e-
1e-
1e+
-
1.2.3
.
.
1e+
1ee2
1ee2
--2
++1
1e
0e
1e+
000.e
--2
++1
1e
++1
abc
abc
--2
e10
1ee2
1ee2
--2
abc
--2
-
1e-
.
1.2.3
0e
000.e
++1
000.e
++1
++1
+
.
--2
abc
1e
--2
0e
1e+
1.2.3
abc
++1
-
++1
1e
.
.
1e+
-
-
abc
1e
e10
abc
1e
-
1ee2
--2
1e+
1e
--2
1e-
1e
abc
1ee2
+
+
e10
e10
1e-
+
000.e
abc
1e+
.
++1
1e+
+
1e+
abc
0e
+
0e
.
+
e10
1e-
0e
e10
e10
.
1e+
000.e
.
.
abc
1e+
--2
1.2.3
.
000.e
1e-
0e
e10
000.e
-
1.2.3
1.2.3
1.2.3
--2
1e
1e
.
1.2.3
1e-
1e+
0e
.
0e
1e+
1e
1e+
e10
--2
+
e10
-
.
++1
1.2.3
.
-
++1
1ee2
+
0e
-
abc
++1
000.e
1ee2
+
1e
0e
1.2.3
-
1e+
0e
.
1e+
1.2.3
--2
--2
0e
000.e
-
++1
0e
000.e
--2
abc
1e+
+
.
000.e
++1
1e
1e
1e-
1.2.3
1e+
.
+
1e
0e
--2
1ee2
+
.
.
++1
1.2.3
--2
0e
e10
1.2.3
000.e
-
e10
1ee2
1ee2
0e
+
++1
abc
1.2.3
--2
1e+
-
-
++1
1e+
-
+
1e-
1e-
++1
-
1e
0e
1e+
1.2.3
+
1ee2
.
--2
1e
000.e
e10
.
e10
000.e
000.e
1.2.3
+
0e
1e+
1e-
000.e
1e-
1ee2
++1
+
abc
1e+
1e-
1.2.3
1.2.3
++1
-
e10
0e
.
e10
1e
++1
.
abc
0e
--2
+
1e+
1ee2
++1
--2
1e-
1e-
1.2.3
1e
e10
0e
--2
--2
0e
1e
1e+
000.e
1ee2
-
000.e
+
1ee2
--2
1.2.3
--2
++1
000.e
1ee2
abc
000.e
1.2.3
e10
+
1e-
abc
abc
0e
1e-
+
++1
++1
1e
1e
-
--2
--2
1ee2
1e+
e10
1e+
1e-
+
1ee2
.
1e+
-
000.e
1e
1e+
1e+
.
-
1ee2
1ee2
++1
e10
000.e
000.e
++1
1e
1.2.3
--2
0e
+
1.2.3
.
--2
e10
.
1.2.3
++1
1ee2
000.e
1e-
.
-
-
-
1e+
1e+
1e
1e-
-
.
.
++1
1.2.3
--2
1e+
.
.
0e
1e-
++1
-
e10
1e
--2
1e
e10
abc
000.e
000.e
.
1.2.3
1e-
1e-
1.2.3
-
0e
1e+
.
1ee2
+
0e
++1
abc
0e
-
0e
abc
e10
++1
1e-
1e+
1e-
000.e
1e-
1e+
1e
.
-
1.2.3
0e
1.2.3
e10
1e-
-
000.e
1ee2
000.e
1e
-
-
1ee2
0e
000.e
1e-
1e-
000.e
abc
1ee2
000.e
1ee2
-
-
abc
--2
+
--2
0e
1.2.3
1ee2
.
+
.
000.e
--2
.
abc
++1
1e+
e10
e10
1.2.3
abc
0e
0e
1e+
1e
abc
.
1e+
0e
e10
1.2.3
0e
1e
abc
+
1e+
e10
--2
e10
000.e
-
1e
1.2.3
1e-
.
000.e
0e
--2
+
0e
e10
1ee2
--2
.
1.2.3
e10
++1
.
+
++1
abc
1e+
+
0e
+
1e
-
++1
0e
1.2.3
0e
1ee2
--2
++1
abc
++1
1e+
1.2.3
1e-
1e+
1e+
000.e
++1
0e
e10
1.2.3
abc
-
1ee2
000.e
1.2.3
--2
1e-
1e
1e+
1ee2
1e+
1ee2
1e
abc
-
1e-
++1
0e
1e
000.e
+
1e+
1e+
1e
--2
++1
1e+
++1
1ee2
e10
e10
1ee2
1e-
1e-
1e-
1e
-
1ee2
1e-
+
-
+
1ee2
0e
1e
++1
1.2.3
+
.
1e-
1ee2
1ee2
0e
.
++1
-
--2
000.e
1e
000.e
1e-
1e-
1e+
+
e10
e10
1e+
--2
0e
1e+
1e+
abc
-
000.e
1e
abc
000.e
abc
1e-
++1
.
++1
0e
1e-
0e
1ee2
000.e
abc
1e
000.e
--2
.
+
--2
abc
000.e
+
-
1ee2
1.2.3
1e+
++1
1e
.
-
++1
000.e
1.2.3
000.e
+
++1
1e-
1e
++1
-
++1
000.e
1e-
1e-
000.e
000.e
1e
++1
abc
--2
1ee2
.
++1
++1
--2
--2
.
0e
1e+
++1
1e-
abc
1e-
1e+
000.e
-
1e
1ee2
0e
1e-
000.e
-
0e
1e
++1
1ee2
1e+
1e
++1
--2
.
1ee2
--2
-
1e-
000.e
abc
++1
.
e10
e10
++1
1e-
1ee2
abc
+
-
0e
1e-
1.2.3
0e
1ee2
.
+
0e
1e+
000.e
.
1e
e10
+
1e
1e
0e
1e
1.2.3
0e
0e
1e-
1ee2
0e
1e+
++1
1e+
1ee2
abc
--2
000.e
1e+
000.e
++1
0e
1e-
000.e
1e
0e
0e
e10
1e
1e-
++1
1e
000.e
.
e10
--2
1e-
++1
-
e10
1e
1e
1ee2
1e
abc
1e-
000.e
1ee2
1e+
000.e
e10
abc
1.2.3
1.2.3
+
e10
1e
1ee2
.
1e-
1e
.
1e+
--2
e10
.
++1
+
1e-
--2
abc
1e-
1e-
+
e10
1.2.3
e10
1.2.3
1e
e10
+
abc
++1
1ee2
--2
1e
1ee2
1ee2
++1
1ee2
1e+
++1
+
++1
000.e
e10
+
1e+
0e
++1
e10
1e+
+
1e+
abc
1e+
1e+
+
-
.
0e
abc
1ee2
.
++1
1e
1e+
+
abc
abc
1ee2
1e+
000.e
0e
.
1e-
000.e
-
+
1e+
1e-
0e
1e+
.
abc
+
000.e
1e
--2
1ee2
1e-
e10
--2
.
++1
1ee2
000.e
.
1e-
abc
0e
1.2.3
+
e10
1e
--2
1e-
--2
+
+
1e+
000.e
+
+
1e+
abc
1ee2
1e-
e10
0e
0e
1e-
0e
1ee2
e10
e10
1e+
++1
000.e
e10
1.2.3
1ee2
abc
e10
1ee2
-
.
--2
++1
1e
1e-
0e
--2
e10
1e
0e
e10
1e-
-
++1
++1
1e-
e10
e10
e10
1ee2
e10
000.e
0e
1e-
1ee2
1e-
--2
1e+
+
1e-
++1
-
++1
--2
-
1e+
1e
e10
1e
--2
1ee2
000.e
1.2.3
+
abc
.
1e+
--2
++1
1.2.3
-
0e
0e
++1
.
++1
.
e10
1ee2
abc
++1
1.2.3
++1
+
1.2.3
e10
-
1e
1ee2
0e
0e
000.e
++1
1e
e10
abc
.
e10
0e
+
--2
1e-
-
++1
e10
1.2.3
1e
000.e
++1
e10
1e+
000.e
1.2.3
1ee2
abc
-
abc
1e
.
1e-
1e
1e+
000.e
+
1e-
-
1e+
.
-
0e
abc
1e+
.
1e
1e-
--2
000.e
0e
--2
1e-
-
1e+
0e
1ee2
++1
+
e10
e10
1ee2
+
++1
.
e10
.
abc
1e
1e
+
0e
+
-
e10
-
1.2.3
e10
000.e
abc
e10
+
abc
-
-
e10
.
1.2.3
e10
-
000.e
1e
1.2.3
--2
--2
1.2.3
1e-
1.2.3
-
--2
--2
0e
1e+
000.e
+
.
abc
-
1e-
1e+
abc
1e+
e10
0e
abc
--2
1.2.3
--2
000.e
000.e
.
+
1e
abc
--2
000.e
000.e
e10
1e
1.2.3
1e-
1ee2
1.2.3
+
000.e
.
1e-
1e
1e
++1
1e-
1.2.3
1e+
1ee2
1ee2
+
+
++1
0e
1.2.3
1ee2
1e-
1ee2
1e
1.2.3
1e
1e+
e10
+
abc
.
--2
000.e
000.e
1ee2
0e
e10
--2
-
--2
+
-
-
000.e
1e
000.e
1e-
1e
.
--2
.
1e+
.
1e+
+
e10
000.e
.
.
1ee2
e10
1e+
1e-
+
e10
e10
--2
e10
1ee2
abc
000.e
--2
e10
+
1e-
1.2.3
1e
1e+
--2
++1
+
1e
1e+
e10
000.e
1ee2
--2
1ee2
1e+
1.2.3
--2
1ee2
1ee2
abc
000.e
.
-
e10
.
1ee2
abc
e10
++1
.
.
e10
--2
-
.
.
.
1e+
1ee2
1e+
+
e10
1e
000.e
-
1.2.3
abc
1e
++1
--2
++1
-
e10
--2
1ee2
.
1.2.3
1e-
1e-
abc
abc
+
1e+
1ee2
0e
+
-
-
1e+
abc
-
1ee2
--2
1ee2
e10
1ee2
1.2.3
1ee2
-
1e
e10
0e
e10
--2
-
1e
abc
1ee2
0e
++1
0e
abc
++1
.
1e
1ee2
.
.
abc
++1
-
abc
1e-
0e
+
1e-
.
e10
++1
--2
+
.
e10
++1
+
.
.
++1
e10
000.e
1e
1e+
1.2.3
e10
e10
1.2.3
-
000.e
1e-
+
000.e
-
-
+
000.e
abc
--2
+
1e
abc
1e+
000.e
1ee2
--2
-
--2
1e+
abc
+
1e-
1e-
abc
1e-
1.2.3
1e+
0e
1e
-
+
1e
-
1.2.3
--2
e10
--2
--2
+
1.2.3
--2
0e
1ee2
-
abc
e10
e10
1.2.3
+
--2
-
1e
+
abc
1.2.3
--2
000.e
0e
--2
e10
1e-
-
1e+
1e
0e
+
1e
.
abc
1e+
-
1ee2
--2
abc
--2
1.2.3
-
-
+
1e-
--2
+
abc
1e+
1e
000.e
1.2.3
1e
000.e
1e
+
.
abc
000.e
.
1e
1e
e10
1e
++1
0e
0e
1.2.3
1e+
1e-
1e+
-
000.e
.
000.e
000.e
abc
e10
abc
1e+
++1
+
1ee2
.
1e-
++1
000.e
1.2.3
1.2.3
1ee2
+
1.2.3
1.2.3
0e
1e+
1ee2
.
abc
++1
1.2.3
000.e
++1
e10
1e
e10
1e
--2
--2
1e-
1e
0e
-
++1
abc
1e+
++1
--2
++1
++1
0e
000.e
++1
++1
0e
1ee2
.
+
1e
.
-
abc
1ee2
-
1.2.3
1ee2
1e-
.
1.2.3
1.2.3
-
e10
e10
--2
1e-
1e-
1e-
--2
1e-
1e
1e
+
1e+
1.2.3
++1
1.2.3
0e
+
+
1e+
1e-
1e+
1e-
0e
++1
1.2.3
1.2.3
000.e
0e
-
1e-
1e-
-
.
e10
1e
1e+
-
0e
abc
--2
1e+
e10
1e
+
.
.
1ee2
1.2.3
1e-
1e
1.2.3
+
1e-
++1
abc
0e
1e
1ee2
1.2.3
1ee2
.
--2
--2
e10
1ee2
abc
.
1e
0e
e10
-
-
-
1.2.3
1e-
-
+
++1
e10
.
abc
000.e
abc
--2
0e
1ee2
e10
--2
--2
+
1.2.3
1e-
1ee2
1ee2
abc
+
e10
abc
1e-
1e
0e
abc
--2
1ee2
1e-
e10
1e
.
1e
abc
000.e
.
--2
+
1e-
.
-
1e+
000.e
+
e10
.
1e+
1e
--2
1e
1e
1.2.3
++1
1.2.3
1e+
-
000.e
abc
1e
++1
000.e
+
abc
abc
--2
000.e
1ee2
000.e
1.2.3
1ee2
1.2.3
abc
.
1.2.3
1.2.3
e10
1e
e10
e10
1.2.3
1.2.3
+
1e-
1.2.3
++1
--2
++1
0e
e10
1ee2
abc
abc
.
++1
1e
++1
1e-
+
000.e
0e
1e+
--2
abc
1e
1e+
++1
e10
abc
abc
--2
+
1e-
1e+
0e
1e
.
e10
000.e
1.2.3
0e
+
1.2.3
+
1e
1e
000.e
1e-
-
++1
1e+
1e-
1.2.3
+
++1
1.2.3
+
++1
000.e
.
--2
1e-
--2
+
1ee2
e10
1.2.3
-
000.e
++1
abc
++1
e10
1e
+
1e-
--2
1.2.3
-
++1
1ee2
+
1e-
-
1.2.3
1ee2
000.e
e10
--2
.
e10
--2
--2
1ee2
000.e
--2
000.e
1e
++1
e10
e10
e10
--2
-
--2
++1
1e+
.
000.e
.
+
abc
.
1e
-
1e
1e+
1e
+
0e
1e+
+
000.e
000.e
++1
e10
.
e10
1e+
1.2.3
1e+
++1
e10
1e-
abc
+
1e-
000.e
1ee2
++1
-
000.e
++1
1e+
000.e
0e
.
+
1e+
+
abc
1e-
1ee2
1ee2
1e-
--2
1e
1e+
.
1e-
0e
--2
000.e
1e+
+
.
abc
1.2.3
+
+
e10
1e+
1ee2
e10
+
1e
-
+
abc
--2
e10
000.e
e10
000.e
000.e
e10
abc
.
1.2.3
000.e
000.e
--2
e10
1e
abc
0e
1e+
000.e
abc
1e-
0e
e10
abc
++1
--2
--2
++1
--2
1ee2
1.2.3
000.e
+
abc
.
1.2.3
+
000.e
abc
0e
abc
1ee2
1e-
1ee2
.
1e
.
--2
1e
abc
+
+
0e
++1
1e-
++1
000.e
1e
0e
0e
-
e10
1.2.3
1ee2
abc
1.2.3
++1
0e
-
000.e
000.e
1e
0e
1e-
1e
0e
1.2.3
0e
e10
+
1e+
+
+
1.2.3
1.2.3
1.2.3
0e
-
abc
1e+
.
++1
--2
.
abc
e10
abc
+
1e+
1ee2
e10
--2
abc
+
--2
1e-
1e-
.
1.2.3
1ee2
1ee2
1.2.3
-
abc
1ee2
1.2.3
-
1e-
++1
abc
1e+
e10
.
e10
+
1e+
e10
++1
1e+
++1
+
--2
1e
abc
1e+
000.e
.
1ee2
+
1e+
.
.
++1
--2
0e
--2
++1
1ee2
000.e
e10
1e
--2
++1
1e
1e+
+
++1
+
++1
-
.
-
+
++1
1.2.3
+
.
0e
1.2.3
+
e10
e10
0e
000.e
1e
++1
+
.
.
1e+
1.2.3
+
++1
+
--2
0e
1e
000.e
.
-
--2
++1
e10
000.e
1ee2
--2
.
1e+
++1
.
1ee2
1ee2
1ee2
1.2.3
1e
++1
1e-
0e
1e
abc
--2
1.2.3
++1
e10
000.e
--2
1e
--2
000.e
1e+
1e
1e+
000.e
1e-
-
+
.
1ee2
abc
.
1e
000.e
abc
1e
-
000.e
1e-
abc
000.e
e10
1e
1e-
e10
.
1ee2
++1
0e
1.2.3
1ee2
1e
1ee2
1e-
++1
1e-
e10
--2
000.e
1e
1ee2
e10
--2
++1
0e
1e-
1e
1ee2
-
--2
1ee2
-
0e
1e+
abc
.
-
.
000.e
1e
-
-
++1
1e+
+
1e
+
1e+
1.2.3
-
1e-
1e+
+
1ee2
abc
1ee2
1ee2
1e+
.
abc
1e
1e+
1ee2
-
1ee2
0e
++1
abc
++1
--2
1.2.3
++1
1e-
e10
1.2.3
.
-
e10
1e-
+
+
e10
+
.
.
-
abc
0e
1e+
.
abc
-
1e+
++1
.
1ee2
000.e
1.2.3
abc
++1
000.e
-
--2
e10
-
000.e
1e+
abc
1ee2
1e+
abc
-
1e
abc
1e-
+
1.2.3
+
1e
0e
1e
-
abc
1.2.3
abc
1e-
1.2.3
--2
e10
1.2.3
--2
000.e
--2
1.2.3
1.2.3
1e+
1e
000.e
--2
1e-
e10
1e+
000.e
.
1ee2
1e
e10
abc
1.2.3
abc
e10
--2
.
++1
--2
+
-
1e
1e-
1ee2
000.e
-
000.e
.
1e+
-
e10
--2
e10
abc
1e+
0e
1.2.3
1e+
++1
.
1.2.3
++1
1.2.3
+
1e-
.
1.2.3
1e
--2
1.2.3
1.2.3
0e
.
++1
abc
--2
++1
1ee2
abc
1e+
e10
1e-
1e-
000.e
+
abc
+
+
-
1e
1e-
--2
1e
000.e
1e-
000.e
.
0e
+
0e
1ee2
+
000.e
0e
000.e
000.e
1e
1e-
1e
1.2.3
000.e
--2
1ee2
e10
.
e10
1.2.3
0e
.
0e
+
.
--2
e10
++1
e10
1ee2
--2
-
-
-
000.e
1.2.3
1.2.3
1e
.
e10
1e
1e+
1ee2
e10
0e
0e
1ee2
e10
1e+
+
1e-
++1
1e+
0e
0e
abc
1e+
--2
e10
++1
1e+
e10
++1
1e-
+
1e
1e
000.e
+
+
1e-
++1
--2
0e
++1
++1
e10
.
.
1ee2
1e-
0e
000.e
1ee2
1.2.3
+
++1
--2
--2
1e+
.
1.2.3
1e+
1e+
1e
+
0e
1ee2
.
000.e
1e
1.2.3
0e
--2
000.e
1e+
--2
--2
++1
000.e
1e-
1e
abc
+
1e
+
e10
+
0e
0e
1e+
1e
++1
++1
++1
.
1e-
000.e
--2
000.e
1e+
--2
e10
.
1ee2
.
++1
1e
-
1e+
.
1e-
.
1.2.3
-
1ee2
-
1e
abc
.
--2
abc
+
abc
--2
000.e
1e-
+
1e
000.e
0e
.
1e-
e10
++1
0e
e10
+
++1
+
++1
000.e
.
1e-
1e
1.2.3
.
e10
1ee2
+
1e+
000.e
abc
e10
e10
1e+
--2
-
1e
1.2.3
-
++1
1e+
--2
abc
.
-
1e+
+
1.2.3
1e-
.
++1
1e+
1e+
1e-
1.2.3
.
++1
e10
.
abc
1e+
-
+
1e
-
1e-
.
1.2.3
abc
1e+
.
--2
++1
-
1e
abc
1e-
-
abc
0e
--2
-
+
1e-
1.2.3
000.e
000.e
1e+
1e-
.
--2
1e
1ee2
1e-
+
++1
1ee2
+
.
1ee2
1e-
1.2.3
000.e
++1
1.2.3
-
1e
++1
++1
1e+
1e+
+
1.2.3
.
.
1e
000.e
abc
.
0e
++1
-
.
1e
abc
1.2.3
abc
1.2.3
abc
1.2.3
1ee2
.
++1
0e
000.e
1e
e10
1.2.3
++1
1e
e10
1e+
e10
000.e
e10
++1
.
0e
e10
0e
1ee2
0e
++1
.
1e
++1
e10
abc
--2
000.e
--2
++1
0e
e10
0e
1e-
e10
e10
--2
1ee2
1ee2
-
1e+
+
000.e
e10
.
1e-
e10
000.e
--2
1.2.3
-
1ee2
1e
1e-
.
e10
e10
.
1e-
+
++1
.
1ee2
1.2.3
abc
1e-
1e-
++1
++1
1e+
-
1e+
-
1e+
000.e
1ee2
0e
1e
.
++1
.
--2
1e-
++1
1e+
-
000.e
+
++1
1.2.3
abc
e10
1e
-
1e
1e-
1ee2
000.e
1ee2
1e
1e-
1e+
+
+
++1
-
0e
0e
--2
.
1e-
1e-
1e
1e-
++1
000.e
1e
--2
1e+
1e+
000.e
1.2.3
-
.
--2
e10
000.e
1e+
++1
1e-
-
.
++1
abc
+
1.2.3
1e
1e-
000.e
abc
1ee2
+
.
0e
.
1e-
abc
+
0e
1e
-
1e-
+
1e
++1
+
.
-
abc
1e-
--2
--2
+
1.2.3
++1
abc
abc
-
e10
.
-
e10
++1
-
e10
+
-
abc
1e+
1.2.3
1e+
++1
1e
++1
+
0e
-
--2
--2
1e+
1e+
000.e
.
1e
000.e
abc
++1
-
e10
abc
1e+
.
-
.
.
1e
+
-
1e
1ee2
1e-
.
0e
.
0e
--2
1e-
abc
+
0e
.
1e-
e10
0e
1.2.3
--2
--2
-
1e+
--2
000.e
1ee2
.
1.2.3
000.e
1e-
1.2.3
000.e
1ee2
1.2.3
e10
.
+
1e+
1e+
++1
+
1e
000.e
1ee2
1e
e10
e10
--2
0e
1e+
1e-
000.e
--2
+
-
1e
-
1e-
e10
++1
0e
++1
000.e
1e-
000.e
0e
-
--2
.
000.e
+
1ee2
1e-
1e-
+
1ee2
000.e
1.2.3
--2
0e
e10
1e
1e
1e+
e10
1e+
+
++1
e10
1e+
.
+
1ee2
e10
0e
--2
1e
-
1ee2
0e
--2
+
1e
e10
e10
abc
-
abc
1e+
000.e
-
1e+
--2
--2
000.e
++1
+
abc
++1
1.2.3
+
0e
e10
0e
1ee2
0e
000.e
.
.
000.e
000.e
1e-
e10
e10
1ee2
1.2.3
abc
e10
1e+
e10
abc
1e
+
++1
000.e
-
-
e10
1e-
000.e
-
e10
1e
1.2.3
1e
.
abc
+
-
1e
1e+
++1
1e+
000.e
1e
.
1e+
-
++1
e10
1.2.3
000.e
1.2.3
-
++1
1e
1.2.3
1ee2
+
1e+
0e
--2
+
1e
.
1e-
1e-
1ee2
1.2.3
++1
--2
.
--2
abc
++1
++1
abc
1e-
1e-
+
1e-
--2
abc
000.e
.
--2
-
-
0e
abc
abc
1e-
.
1e-
1ee2
abc
0e
abc
1e+
1e
e10
abc
1.2.3
e10
+
1e
0e
abc
1e
.
1e-
1e-
000.e
1e+
1e-
1ee2
+
abc
+
++1
0e
--2
1ee2
0e
1e+
000.e
+
e10
++1
++1
1e+
++1
1ee2
-
1e-
1.2.3
1e+
1e
000.e
000.e
1.2.3
1ee2
1ee2
.
0e
-
1e
abc
.
-
++1
.
1ee2
--2
1e+
+
+
--2
--2
1e+
-
++1
abc
1e+
1.2.3
1ee2
1e
0e
++1
000.e
.
.
--2
000.e
1e+
-
.
--2
e10
-
000.e
000.e
+
-
-
1ee2
1.2.3
e10
1ee2
e10
.
1e
1e-
+
1.2.3
--2
+
+
-
++1
++1
-
abc
000.e
-
1e-
1e-
++1
e10
abc
1ee2
--2
1e+
abc
1e+
1e+
.
1e-
1ee2
000.e
000.e
1e-
--2
1e
-
e10
1e-
1e+
0e
++1
0e
--2
+
1e-
++1
1e+
.
+
1.2.3
0e
1ee2
0e
++1
abc
+
e10
0e
e10
1e+
+
++1
--2
1ee2
1.2.3
1e
e10
+
--2
0e
abc
+
e10
1ee2
1.2.3
1e
.
1e
e10
+
000.e
e10
1e
0e
abc
-
000.e
++1
abc
e10
1ee2
1ee2
1.2.3
1e+
1.2.3
++1
1e-
--2
abc
-
++1
abc
1ee2
1ee2
e10
e10
000.e
-
0e
-
abc
.
000.e
--2
abc
--2
++1
1e-
1e-
+
1e
000.e
.
+
0e
.
-
1e-
1e-
-
++1
1.2.3
+
000.e
1e+
-
1e
.
000.e
1e+
1ee2
--2
1e+
0e
+
1e
1e-
1.2.3
1e-
1.2.3
++1
000.e
1.2.3
++1
++1
+
1e
-
1e
1e+
++1
1e
1e
.
1e-
0e
1ee2
abc
.
+
1e
1e-
1.2.3
-
0e
1ee2
1e
1e+
-
++1
.
--2
1ee2
1.2.3
abc
-
+
1.2.3
+
1e
-
++1
e10
+
-
1ee2
1ee2
.
.
--2
1.2.3
--2
-
0e
e10
1e+
1e
1.2.3
1ee2
e10
1e-
1e
-
1ee2
e10
1ee2
abc
abc
e10
1e
0e
000.e
000.e
++1
1e
1ee2
e10
--2
--2
.
.
+
1.2.3
0e
+
++1
1e+
.
1ee2
--2
+
.
1.2.3
-
e10
1ee2
000.e
abc
-
1e
1e+
++1
1.2.3
--2
--2
0e
e10
.
+
+
1e
1.2.3
-
000.e
.
e10
1.2.3
--2
+
1.2.3
--2
e10
1.2.3
1ee2
abc
0e
e10
.
000.e
1.2.3
000.e
--2
1e-
-
1e-
+
abc
1e+
1ee2
++1
1ee2
1e-
+
abc
+
--2
1e
abc
++1
--2
1e
++1
-
+
+
1e-
1e-
+
1e
-
--2
1e-
e10
abc
abc
-
++1
1e
.
1ee2
1e+
1e+
0e
--2
abc
1e+
-
1.2.3
.
-
1ee2
1e+
abc
abc
-
1e-
-
1e+
+
1.2.3
--2
1e+
+
1e-
++1
++1
--2
-
0e
1ee2
1e-
.
-
1ee2
1.2.3
000.e
1e-
-
-
++1
e10
1e-
1e
1e-
1ee2
+
++1
--2
1e+
1e+
++1
1e
-
1ee2
1e+
1e-
++1
0e
1e-
.
-
1e
.
--2
1e-
0e
1e-
abc
1e+
1e
1e+
1.2.3
0e
e10
1e+
--2
+
abc
1e
1ee2
1e
1e+
1e+
000.e
+
1e
-
0e
abc
1.2.3
1e
1e-
.
1ee2
++1
0e
1e
+
-
e10
++1
-
1ee2
.
1e-
1e
1.2.3
abc
abc
-
0e
+
1.2.3
abc
abc
--2
1e-
+
1e
1e-
+
1e-
--2
1e+
++1
.
++1
1e+
1e-
-
.
1e+
1ee2
1e+
.
1e
abc
1ee2
++1
.
1ee2
.
-
1e+
000.e
+
1e+
-
+
--2
1ee2
1e+
000.e
+
--2
++1
1ee2
.
1.2.3
1.2.3
+
1e
e10
e10
0e
--2
000.e
1.2.3
-
++1
e10
abc
0e
e10
1ee2
e10
1e+
.
.
1ee2
0e
1.2.3
1ee2
1.2.3
--2
1ee2
1ee2
1.2.3
1e
abc
.
e10
0e
000.e
1e-
1e
1ee2
1e
1ee2
--2
abc
1e+
1e-
1e+
000.e
abc
abc
000.e
1ee2
1e
000.e
1e-
1e+
000.e
+
-
1ee2
.
1.2.3
000.e
1.2.3
--2
-
--2
-
abc
1e-
1e-
000.e
.
1e
1e+
++1
-
1.2.3
000.e
--2
1.2.3
0e
000.e
e10
1e
1.2.3
.
1e
-
1e+
1ee2
000.e
000.e
000.e
++1
-
.
--2
0e
1e
e10
++1
0e
e10
-
abc
1.2.3
1e+
-
e10
1ee2
1ee2
1e
1ee2
1e
0e
1e+
e10
1e-
+
0e
e10
--2
000.e
++1
1e
000.e
1.2.3
1ee2
1e
abc
1e
1e
000.e
1ee2
0e
+
000.e
e10
1ee2
.
000.e
abc
-
1e
0e
1e-
-
1e-
1e-
+
--2
1e-
1.2.3
1e
-
--2
1.2.3
e10
1e-
1e
.
+
--2
abc
1ee2
1e+
--2
1ee2
0e
000.e
1.2.3
000.e
++1
1e
1ee2
abc
abc
1e
0e
1.2.3
++1
1.2.3
+
1e
000.e
+
1e-
.
1e+
++1
1e
0e
1e+
e10
1e-
1e-
1.2.3
++1
000.e
0e
++1
0e
--2
abc
-
000.e
1e+
1ee2
1e+
+
.
abc
-
+
+
1ee2
000.e
e10
-
--2
1e
1.2.3
abc
++1
++1
1ee2
-
1.2.3
++1
abc
abc
e10
--2
1e-
++1
1e-
+
e10
++1
1.2.3
1e-
1e-
1e+
0e
-
1e+
-
1e+
1.2.3
++1
0e
-
abc
-
--2
1e
.
e10
1e
1e+
.
+
e10
1e+
1ee2
.
1e
++1
++1
1e+
.
1e+
e10
1.2.3
1ee2
1ee2
.
1e-
+
--2
1e-
++1
1.2.3
1e+
000.e
1.2.3
--2
1e+
1e+
1ee2
000.e
+
1e
1e
++1
1ee2
++1
1ee2
000.e
+
+
0e
1e+
++1
1e-
1e
0e
.
0e
1e
+
1e-
1e
0e
1.2.3
--2
1.2.3
1e-
abc
0e
--2
e10
1e+
1ee2
abc
abc
+
1e-
1ee2
0e
-
-
1e+
1e
abc
000.e
1.2.3
e10
0e
abc
--2
--2
+
e10
0e
1ee2
1e+
e10
1e
-
e10
abc
abc
abc
-
1ee2
e10
abc
.
000.e
.
+
1e-
abc
1e
1e
++1
--2
1e
1e+
0e
000.e
-
.
+
+
.
-
1e+
--2
abc
.
1e+
0e
--2
+
--2
e10
.
000.e
abc
000.e
1e-
000.e
000.e
1ee2
1.2.3
0e
--2
1e-
abc
.
1e+
+
1.2.3
--2
-
abc
-
++1
0e
1e-
000.e
1e+
--2
++1
000.e
+
1e+
0e
1ee2
1ee2
0e
--2
0e
abc
1.2.3
++1
abc
++1
+
0e
1e-
e10
0e
.
++1
1ee2
1e+
abc
1e
1.2.3
.
1e+
1.2.3
abc
abc
000.e
1e+
1e-
--2
++1
1e+
e10
+
++1
++1
1ee2
1e+
--2
1e
++1
e10
1ee2
e10
1e+
1e+
++1
--2
++1
1e
1e-
0e
.
000.e
.
1e+
-
e10
1e-
1ee2
+
1e+
e10
--2
+
--2
++1
+
1e-
+
0e
abc
.
+
1e-
+
abc
1e+
++1
000.e
abc
1.2.3
--2
1e
+
1e
abc
1e+
000.e
1.2.3
000.e
e10
1e
--2
000.e
.
e10
++1
1ee2
1e-
--2
1.2.3
--2
abc
--2
+
--2
000.e
e10
e10
1.2.3
abc
1e
-
++1
1e-
+
+
1e+
0e
--2
+
--2
1.2.3
++1
++1
-
1e+
.
1.2.3
-
++1
-
0e
1e+
abc
1e
1e+
.
0e
0e
1e-
1e-
0e
1e-
000.e
000.e
1e+
.
1e-
abc
000.e
000.e
000.e
++1
0e
e10
1.2.3
1ee2
abc
1e
0e
-
--2
1ee2
1.2.3
abc
1e
1ee2
1e+
-
1e
--2
000.e
++1
1.2.3
--2
abc
+
1.2.3
++1
++1
000.e
-
1.2.3
1e
--2
0e
--2
1.2.3
-
000.e
-
1e
1e+
+
.
1ee2
+
1e
+
+
--2
1e+
1ee2
1e-
0e
+
1ee2
--2
1e+
000.e
-
1e-
-
.
1ee2
abc
1e
++1
e10
1e+
++1
.
abc
000.e
.
000.e
++1
abc
+
e10
abc
.
+
1e+
.
+
-
1e+
1e
+
+
abc
--2
-
++1
abc
--2
000.e
000.e
abc
0e
--2
1e
-
1e
++1
e10
0e
.
1e+
e10
1.2.3
1ee2
abc
e10
--2
e10
1e+
1ee2
e10
abc
1.2.3
1.2.3
--2
+
1ee2
1e
0e
1.2.3
abc
-
1.2.3
-
0e
+
e10
++1
+
0e
0e
.
1e
.
1e
000.e
--2
-
000.e
1e+
++1
+
1e
--2
abc
1.2.3
--2
1ee2
e10
+
0e
1e
0e
1.2.3
abc
--2
-
abc
abc
1e-
++1
1e+
e10
0e
--2
-
1e+
1ee2
.
0e
--2
0e
-
e10
1e
0e
1e-
+
1.2.3
1e+
1e
e10
abc
0e
+
000.e
e10
1e
-
--2
0e
++1
abc
000.e
1e-
000.e
000.e
0e
1ee2
abc
abc
1ee2
-
1e
+
1e
1e-
1e
abc
1ee2
abc
+
000.e
++1
1e+
+
--2
1e
+
000.e
abc
1ee2
1e
1e+
--2
-
abc
-
--2
--2
--2
--2
++1
+
.
1.2.3
000.e
000.e
000.e
000.e
.
+
--2
0e
.
++1
+
1e-
1e+
abc
-
1ee2
e10
1ee2
1.2.3
1e
1e
000.e
1.2.3
000.e
++1
1e+
1e+
1.2.3
e10
++1
-
1e
1e
--2
1e-
e10
.
-
1e-
1e+
0e
++1
0e
000.e
1e
e10
1e
1.2.3
1.2.3
e10
++1
++1
1ee2
++1
-
1e
e10
000.e
+
1e-
0e
1e
0e
abc
-
1e-
.
++1
e10
0e
1e
+
1e-
1.2.3
++1
abc
-
.
--2
--2
++1
1e-
1e-
1.2.3
+
1e+
e10
abc
.
abc
000.e
1e-
+
1e
++1
+
+
1e
++1
-
+
000.e
--2
1e+
+
1.2.3
1ee2
.
--2
--2
.
000.e
1e+
e10
--2
1e
1ee2
.
-
++1
000.e
000.e
--2
++1
1e+
1e+
1.2.3
--2
1e
0e
1e
e10
1e-
0e
1e+
++1
e10
++1
1e
1e
abc
+
1ee2
.
1e
e10
-
e10
-
1ee2
1.2.3
e10
1e-
abc
0e
++1
--2
abc
--2
1e-
1.2.3
1ee2
+
1ee2
1e
1e
1e+
--2
e10
1.2.3
.
.
--2
+
0e
0e
++1
000.e
1ee2
000.e
e10
-
1ee2
.
0e
+
-
++1
000.e
-
e10
--2
abc
-
e10
0e
1e+
+
++1
1e-
e10
e10
1.2.3
--2
1e-
1e-
000.e
1e
e10
++1
.
000.e
e10
1e
++1
000.e
1e-
e10
-
--2
0e
.
1e-
1e+
1e-
--2
++1
abc
0e
1ee2
++1
1e+
1.2.3
e10
abc
++1
1e-
+
1e-
++1
--2
++1
1ee2
+
.
1e-
-
-
1ee2
1e
e10
1ee2
abc
e10
1ee2
+
++1
+
++1
++1
0e
abc
++1
--2
000.e
.
.
++1
1.2.3
000.e
++1
1ee2
1.2.3
-
1e+
abc
-
--2
1.2.3
.
1e
1.2.3
+
.
1ee2
1e-
-
e10
abc
1e+
1.2.3
1e
e10
.
--2
0e
e10
-
++1
1e
e10
e10
0e
--2
e10
++1
1e+
1e+
1ee2
0e
-
.
1e-
abc
1.2.3
0e
1e-
e10
++1
000.e
000.e
1e-
--2
1ee2
1e
-
e10
++1
+
1.2.3
abc
1e
1ee2
+
abc
1ee2
1.2.3
e10
1e
1e
1e+
000.e
1.2.3
-
1ee2
e10
.
+
1ee2
+
1e
--2
1e
1ee2
1.2.3
0e
+
000.e
1e
++1
1e
000.e
abc
e10
e10
+
1.2.3
1.2.3
e10
0e
1e-
.
e10
1e+
000.e
1e
1.2.3
+
1ee2
1ee2
+
abc
1.2.3
--2
1e
++1
1.2.3
000.e
++1
1e
1e+
.
.
000.e
e10
1ee2
+
1.2.3
--2
1ee2
1e
++1
.
++1
-
1e
--2
0e
1e+
.
1e
e10
000.e
1e
1e-
+
.
0e
1e+
++1
000.e
++1
--2
--2
--2
++1
1ee2
--2
-
1e-
1.2.3
1ee2
++1
+
.
0e
e10
0e
1.2.3
1e+
.
-
abc
1e-
1ee2
1e-
1e-
1e+
e10
.
1e-
1e
0e
++1
e10
1e
1ee2
1.2.3
abc
--2
e10
1e-
1e
1e
1e-
1e-
-
1e-
1e+
--2
abc
1ee2
.
0e
e10
1e+
1e-
1.2.3
abc
-
0e
++1
++1
1e+
-
+
.
--2
+
e10
1.2.3
+
--2
e10
000.e
1ee2
0e
++1
++1
1ee2
1.2.3
.
abc
1e
1.2.3
e10
1e+
1ee2
1.2.3
+
0e
1ee2
1.2.3
1ee2
-
000.e
0e
1.2.3
++1
e10
1e-
+
--2
1e+
1e-
000.e
abc
abc
000.e
-
1e
1e
++1
1e-
-
1e-
++1
1.2.3
1e
e10
0e
--2
000.e
e10
abc
1e-
-
1ee2
.
e10
1e+
1e
abc
0e
1e
-
1e+
1e+
+
-
e10
--2
000.e
0e
-
000.e
++1
.
.
1.2.3
.
abc
--2
1e-
000.e
0e
.
1e-
1.2.3
--2
1.2.3
--2
000.e
0e
1.2.3
.
.
1e+
-
+
1e+
++1
e10
1e-
1e
abc
+
abc
-
.
-
abc
abc
1ee2
abc
+
1ee2
-
0e
1e-
abc
+
+
--2
.
000.e
1ee2
-
1e-
000.e
000.e
+
0e
++1
.
+
--2
1e+
abc
--2
abc
1e-
0e
--2
1.2.3
.
-
+
abc
+
1.2.3
1e
+
-
1e+
abc
1e+
000.e
1ee2
abc
1e+
abc
0e
0e
1e
.
.
+
1e+
000.e
e10
abc
--2
.
1ee2
-
1ee2
--2
1e+
000.e
1e+
--2
1.2.3
abc
++1
++1
1e+
--2
1e-
e10
+
1.2.3
.
1.2.3
-
.
++1
000.e
abc
1.2.3
1e-
1e-
1ee2
.
.
+
000.e
1e
1e-
1ee2
e10
0e
1ee2
--2
1ee2
1e
-
+
1.2.3
.
1ee2
1e
1e-
1e
000.e
+
abc
1.2.3
-
000.e
1e+
e10
-
+
000.e
++1
++1
e10
abc
++1
abc
abc
000.e
1ee2
1.2.3
++1
0e
abc
1e+
1e-
--2
++1
abc
1ee2
e10
.
000.e
.
0e
1e-
1e
1ee2
-
e10
1e+
0e
0e
1.2.3
1e
1e
e10
0e
1e-
++1
1e
0e
+
--2
1e-
--2
1ee2
1ee2
1.2.3
e10
1e
.
++1
.
++1
-
.
abc
1e
1.2.3
1.2.3
0e
1ee2
1e+
--2
1.2.3
e10
1e-
1.2.3
1ee2
abc
abc
++1
+
1e
000.e
1e
1ee2
1.2.3
0e
-
1e+
.
abc
1e+
+
--2
1e
1e
-
abc
1e-
abc
1e-
000.e
1e
e10
000.e
.
1e
1ee2
1e-
.
e10
+
000.e
0e
1e-
1ee2
1e-
++1
1e+
1ee2
000.e
+
1e+
.
-
--2
e10
+
.
000.e
e10
1e-
1.2.3
+
e10
1e-
.
+
+
1e-
+
-
-
--2
1e-
1ee2
000.e
abc
1e
1e
.
abc
--2
abc
0e
1e
e10
e10
1ee2
1e+
e10
1e-
abc
.
+
1e
1.2.3
.
--2
000.e
abc
1ee2
0e
--2
1.2.3
1e+
000.e
abc
1e
abc
1e
1ee2
-
.
abc
1e+
++1
1e-
--2
-
+
--2
1.2.3
+
e10
000.e
1ee2
000.e
abc
1.2.3
1.2.3
+
1e+
+
+
+
++1
0e
1ee2
0e
e10
abc
1ee2
1.2.3
0e
--2
+
.
1.2.3
1e
1ee2
--2
1e-
.
000.e
1ee2
1ee2
0e
.
.
1ee2
++1
1e
1e+
0e
1ee2
e10
--2
.
000.e
--2
1.2.3
-
abc
++1
-
1.2.3
e10
--2
0e
000.e
1e
abc
1e
++1
1.2.3
1.2.3
+
++1
+
++1
1e
.
1e
1ee2
0e
++1
-
abc
1e-
1e+
-
1e-
1e+
1ee2
000.e
0e
--2
+
1.2.3
-
1e-
1e+
.
-
+
e10
e10
+
000.e
+
--2
1ee2
abc
0e
1e-
-
1e+
1.2.3
1e
-
+
--2
abc
1e-
.
abc
0e
abc
1.2.3
+
abc
1e-
1e
++1
.
-
1.2.3
1.2.3
0e
1e-
+
++1
1ee2
000.e
--2
++1
000.e
1e+
0e
000.e
e10
abc
--2
+
e10
000.e
.
+
1e-
-
-
abc
1e+
000.e
1ee2
1e-
--2
1e
0e
1e
0e
1e-
--2
--2
1e+
abc
--2
0e
1e
1e+
--2
++1
-
1.2.3
.
0e
abc
e10
--2
000.e
1e
++1
1ee2
abc
-
--2
+
1ee2
0e
e10
.
e10
.
-
1e+
--2
e10
e10
e10
1ee2
1e
1e-
++1
-
1e+
+
++1
1e-
++1
abc
1.2.3
1e+
+
--2
0e
1ee2
000.e
000.e
1e-
1e+
.
--2
1ee2
1e+
1ee2
abc
1e-
.
1e-
1.2.3
+
1e
1e+
.
000.e
1ee2
1e-
e10
-
++1
-
abc
0e
.
.
-
+
e10
0e
+
+
1.2.3
000.e
.
.
e10
abc
++1
1e-
--2
--2
abc
+
+
abc
1e+
1e-
1e+
000.e
.
-
--2
-
-
-
1.2.3
1e
000.e
--2
1e
--2
1e+
1e-
++1
1e
--2
1e-
--2
--2
-
1.2.3
000.e
--2
abc
1e+
1e-
-
abc
-
--2
1ee2
000.e
++1
+
.
abc
e10
1e+
1.2.3
++1
1e+
1ee2
000.e
1e+
--2
000.e
abc
abc
1e
0e
1.2.3
0e
.
abc
--2
1e+
1e-
abc
+
1e-
1ee2
1ee2
1e+
e10
000.e
.
1e
1e+
1e-
1e
.
1e
--2
e10
e10
e10
000.e
abc
-
-
++1
abc
.
abc
--2
.
0e
1ee2
e10
+
-
1ee2
-
--2
++1
--2
abc
0e
0e
1.2.3
1e-
1ee2
0e
e10
-
1e
1.2.3
0e
1e
e10
0e
-
1e-
-
1e
abc
e10
+
1e-
-
.
1e+
1e+
++1
1e-
+
abc
1e+
-
0e
1e
1e-
0e
1e-
++1
--2
abc
-
++1
1e+
000.e
-
000.e
1e-
1e-
1e+
1e-
1ee2
.
e10
--2
0e
1ee2
0e
.
--2
1e
abc
1e-
0e
0e
-
+
abc
1e-
1e+
1e+
000.e
0e
+
abc
0e
000.e
1e+
1ee2
1e-
e10
1e-
abc
1ee2
000.e
000.e
1e+
1ee2
e10
.
-
000.e
-
-
1e+
1e
000.e
1e-
1e+
e10
000.e
1ee2
++1
--2
++1
+
--2
-
--2
0e
1e-
1e
-
1e
abc
1e-
abc
0e
++1
e10
.
+
+
abc
000.e
e10
e10
1e+
1ee2
.
e10
1e-
0e
.
e10
-
++1
1e-
abc
000.e
1ee2
-
--2
1e
1ee2
e10
abc
--2
.
1e+
1e+
-
e10
000.e
-
.
e10
000.e
++1
0e
1e-
0e
1e-
--2
1e
e10
1ee2
-
1ee2
1e-
e10
1e+
abc
1ee2
abc
1e
1e+
1e
1ee2
1ee2
++1
e10
1e+
1ee2
1.2.3
-
1.2.3
1ee2
.
1e+
abc
000.e
+
1ee2
1ee2
1e-
1e
-
.
e10
1ee2
.
+
1ee2
000.e
abc
--2
000.e
000.e
1ee2
0e
1e+
000.e
abc
+
1.2.3
--2
-
1e-
.
e10
1e+
e10
e10
1ee2
1e-
--2
-
.
.
0e
0e
e10
0e
.
--2
1ee2
000.e
-
+
.
+
.
1.2.3
1.2.3
1.2.3
+
--2
+
000.e
000.e
++1
000.e
abc
000.e
1.2.3
++1
1e-
1.2.3
1e
--2
1e-
e10
0e
1.2.3
1.2.3
e10
abc
+
-
0e
++1
1e+
e10
1.2.3
1ee2
1.2.3
1ee2
abc
--2
-
1e+
1e
1e+
1e-
++1
--2
.
1ee2
1e-
1.2.3
1.2.3
.
e10
abc
-
1e-
000.e
-
+
++1
0e
.
1ee2
1e-
.
++1
1e+
+
.
e10
.
.
1ee2
000.e
1.2.3
000.e
-
1ee2
abc
1ee2
-
-
++1
0e
++1
1e+
e10
++1
1.2.3
1.2.3
1e-
000.e
000.e
--2
1ee2
0e
e10
.
000.e
e10
1ee2
+
+
1e-
++1
1.2.3
1e+
-
1e-
+
1.2.3
1e
0e
1e
--2
1.2.3
++1
1e-
1.2.3
.
1e+
abc
1e-
+
e10
000.e
1e
0e
.
1e-
000.e
-
1ee2
e10
1.2.3
e10
1e-
--2
+
1.2.3
1.2.3
1e+
000.e
1ee2
1ee2
-
e10
.
1ee2
1e+
--2
--2
abc
1.2.3
abc
1e+
.
1ee2
1e
e10
-
1e+
-
e10
0e
.
1e+
--2
1.2.3
1e-
--2
1e+
.
1e
1e
1e+
abc
e10
.
1e+
++1
1ee2
--2
--2
1e
0e
1ee2
1e+
1e-
1e+
1e-
0e
1e
1e-
0e
0e
1e+
0e
1e
e10
e10
1ee2
1e-
++1
e10
1.2.3
1e+
.
++1
++1
0e
.
000.e
++1
.
0e
0e
+
0e
1e
++1
--2
++1
000.e
1e
000.e
.
++1
abc
1.2.3
.
0e
1.2.3
1.2.3
1.2.3
1e-
1.2.3
0e
+
1ee2
--2
0e
1.2.3
1e-
1e+
0e
1e
.
--2
e10
abc
abc
-
1.2.3
e10
abc
1ee2
--2
e10
+
000.e
0e
-
.
--2
1ee2
abc
1e
0e
1e-
--2
1.2.3
1.2.3
1.2.3
e10
+
.
++1
0e
1e
--2
1e+
e10
1.2.3
1ee2
-
e10
1e+
1.2.3
0e
1e+
e10
1e-
.
1e+
--2
.
1ee2
abc
.
000.e
abc
1e
1e+
1ee2
abc
e10
+
1e-
e10
0e
e10
e10
000.e
-
1e-
--2
1.2.3
1.2.3
1ee2
+
abc
1e-
1ee2
000.e
000.e
1ee2
.
1e-
1e
000.e
000.e
0e
+
1e-
--2
.
--2
++1
++1
1ee2
-
1e
1ee2
.
1e
1e-
-
--2
000.e
--2
1e
abc
--2
--2
1e-
1e-
1e-
abc
+
abc
1ee2
000.e
-
-
1ee2
1ee2
e10
--2
+
1e-
--2
--2
1.2.3
1e
1e
0e
1e
1e-
0e
abc
+
0e
++1
++1
++1
e10
1e-
1ee2
-
0e
+
1ee2
abc
-
++1
e10
+
000.e
--2
1e
.
e10
000.e
1e-
0e
+
e10
1.2.3
-
+
1e
1e
000.e
1e-
1e-
0e
1ee2
1e
1e
abc
0e
1.2.3
0e
-
1e
e10
.
1.2.3
--2
e10
1e-
1.2.3
1e-
1ee2
.
1ee2
.
1e+
1e+
1e
1.2.3
1e
1e
1ee2
1ee2
-
e10
++1
--2
1.2.3
.
-
1e+
1.2.3
1ee2
1e-
1.2.3
1.2.3
--2
++1
e10
e10
e10
abc
0e
--2
abc
000.e
.
0e
000.e
1ee2
-
1.2.3
1e+
++1
e10
1e+
1.2.3
1e+
+
e10
0e
--2
e10
0e
1.2.3
1e
++1
+
1e+
--2
1e
abc
000.e
-
0e
000.e
-
.
1e-
0e
-
1.2.3
--2
1e+
-
++1
0e
1e-
0e
0e
-
1e
1e-
1e
.
1.2.3
--2
1ee2
+
1.2.3
1e
--2
e10
0e
1e-
abc
-
000.e
--2
1e+
1ee2
--2
000.e
1.2.3
0e
1e+
--2
.
0e
1ee2
-
1e-
e10
0e
++1
000.e
1.2.3
+
e10
-
1e-
++1
-
1e+
1ee2
.
--2
1.2.3
1e-
e10
--2
000.e
+
1e
1e+
1.2.3
.
1e-
+
--2
1e+
e10
000.e
--2
e10
+
1.2.3
++1
+
1e
.
1e
+
-
1e
1.2.3
++1
abc
-
1e+
1e+
000.e
1ee2
1e
1.2.3
1ee2
1.2.3
-
abc
1ee2
++1
1ee2
++1
1ee2
++1
.
1ee2
-
0e
0e
-
000.e
.
1ee2
--2
-
.
++1
0e
abc
1ee2
1e+
0e
1.2.3
abc
+
++1
1e-
0e
1.2.3
+
1ee2
-
abc
+
++1
1e
--2
1e+
.
--2
--2
+
++1
+
000.e
1e
1.2.3
1ee2
1e
1ee2
1e
e10
e10
+
e10
0e
1e
1ee2
1.2.3
1ee2
+
e10
000.e
1e
--2
1ee2
+
0e
--2
++1
+
+
1e
1e-
1.2.3
1.2.3
1ee2
1ee2
1.2.3
--2
1e
1ee2
e10
1.2.3
1e
-
1.2.3
1ee2
-
--2
++1
+
0e
--2
e10
+
1e+
++1
1e-
--2
.
1ee2
-
000.e
1ee2
--2
1e+
1e+
+
-
e10
++1
1ee2
+
1e+
1.2.3
0e
--2
+
.
1e-
++1
.
1.2.3
1ee2
1e
++1
1e-
1e
+
++1
++1
000.e
1ee2
.
1e-
1ee2
.
--2
++1
abc
1e
e10
1e+
abc
1.2.3
1.2.3
000.e
++1
abc
1e
1.2.3
1e-
1e+
--2
.
1e
1.2.3
1e+
abc
000.e
+
.
e10
000.e
1e-
abc
1e-
++1
1e
1ee2
1e
0e
1e+
.
0e
-
1e+
+
-
1e
1ee2
--2
1e+
-
abc
+
1e+
1e+
1ee2
abc
abc
-
abc
1.2.3
0e
000.e
1.2.3
--2
abc
.
++1
abc
1e-
1.2.3
abc
--2
1.2.3
-
e10
1e-
--2
1e+
++1
1e-
1e
.
000.e
abc
abc
0e
1e-
++1
-
--2
1e
1e+
1ee2
1e
1e
abc
+
0e
000.e
.
1e
1.2.3
-
1.2.3
1.2.3
++1
+
++1
000.e
1e+
1.2.3
-
1e+
++1
--2
1e-
1e+
1e+
abc
000.e
e10
--2
000.e
1e-
++1
-
++1
--2
--2
1e
0e
1e-
+
1.2.3
000.e
0e
--2
+
1e+
1.2.3
0e
1e
+
+
1ee2
--2
000.e
-
e10
1.2.3
abc
+
-
+
e10
1e-
1e
++1
+
000.e
1e
1e
1e
1e-
000.e
--2
++1
abc
--2
abc
+
1e-
1e
1e-
1e+
1.2.3
-
+
e10
1e+
1e+
e10
1e-
1e-
1ee2
abc
++1
e10
1e+
1.2.3
1ee2
1e+
1ee2
1e+
-
1.2.3
.
1e+
0e
1.2.3
1ee2
000.e
--2
1e-
++1
.
1.2.3
1e-
1.2.3
++1
-
-
.
.
-
--2
1ee2
++1
1e+
1e+
000.e
1e+
--2
0e
++1
1e-
e10
1e-
e10
1e-
+
++1
1e-
1ee2
000.e
++1
0e
1e
++1
0e
1e
++1
++1
1e+
000.e
1ee2
-
-
++1
.
+
abc
000.e
abc
abc
e10
++1
1e-
+
+
1e-
abc
1e+
.
.
1ee2
1e+
++1
1.2.3
.
--2
1e-
abc
e10
000.e
+
0e
1e+
.
0e
000.e
1.2.3
.
-
1e
-
1.2.3
1e+
1e+
--2
++1
e10
0e
1e
abc
abc
1.2.3
.
000.e
0e
++1
000.e
--2
--2
+
000.e
abc
-
0e
1e
1ee2
abc
1.2.3
1ee2
e10
abc
abc
++1
1.2.3
.
.
000.e
000.e
+
--2
0e
000.e
1e+
1.2.3
1e
0e
1.2.3
1ee2
++1
0e
-
e10
0e
1e+
1e
e10
1.2.3
e10
+
abc
1.2.3
1ee2
-
abc
1e
1e-
000.e
1ee2
++1
--2
+
000.e
1ee2
abc
1.2.3
0e
1e
abc
1e-
000.e
-
1e
0e
e10
-
++1
e10
abc
1ee2
000.e
1e-
abc
1ee2
000.e
e10
abc
+
.
.
1e-
abc
1e-
0e
1.2.3
1e-
1.2.3
1e
++1
1ee2
+
1e+
0e
abc
++1
000.e
0e
1e
1ee2
++1
000.e
1e-
++1
++1
.
-
.
--2
--2
.
++1
.
++1
abc
1e
e10
1.2.3
abc
--2
abc
.
++1
+
000.e
1e-
abc
1.2.3
000.e
1e-
abc
1e-
-
-
e10
++1
--2
e10
1.2.3
--2
1e+
0e
abc
1e
1e+
1e+
abc
1e
000.e
abc
++1
1.2.3
1.2.3
1e
--2
1e
0e
1e-
1e-
1e+
000.e
000.e
1ee2
e10
e10
1e-
1ee2
0e
1ee2
-
++1
.
--2
.
000.e
++1
1e
1e
0e
1ee2
1ee2
e10
-
1e-
000.e
1e
1.2.3
+
1e
-
0e
1e-
-
e10
++1
.
+
0e
--2
++1
abc
-
1e-
abc
-
e10
0e
000.e
-
1ee2
abc
1.2.3
1e
++1
++1
--2
e10
.
++1
1.2.3
1ee2
1ee2
1e-
++1
1.2.3
+
1.2.3
++1
-
.
.
1e-
--2
abc
-
--2
.
abc
000.e
1e
++1
++1
-
1.2.3
+
0e
1e+
1e+
-
000.e
0e
.
e10
+
1e
++1
++1
1ee2
1e
++1
0e
abc
1e
--2
1e
1e-
000.e
000.e
000.e
1e
-
--2
0e
1e+
1e-
1.2.3
1e-
000.e
000.e
1.2.3
+
-
+
++1
1e-
e10
1e+
1e-
000.e
-
1e+
000.e
000.e
000.e
1.2.3
++1
1e
-
e10
1e+
0e
0e
1e-
0e
1.2.3
000.e
1e-
000.e
e10
.
000.e
1e+
1e
.
000.e
1e-
1ee2
abc
1.2.3
-
--2
0e
e10
1.2.3
1e
--2
0e
1e
1e+
1e
1e+
0e
0e
1.2.3
000.e
1ee2
e10
-
abc
e10
.
1e
1e+
1e+
+
1ee2
1.2.3
+
abc
1.2.3
1e
--2
++1
abc
abc
--2
e10
1ee2
abc
0e
0e
++1
abc
abc
1e-
abc
1e-
1e+
abc
-
1e-
++1
1ee2
+
e10
1ee2
1ee2
abc
000.e
1e
1e+
--2
e10
e10
--2
++1
1e+
abc
1e-
--2
e10
1.2.3
1e-
1e+
.
0e
+
1e
-
1ee2
e10
abc
1e+
+
0e
+
000.e
-
++1
--2
+
1ee2
-
1e+
+
0e
++1
--2
--2
000.e
1.2.3
abc
1e
e10
++1
abc
1e
1e+
.
abc
.
--2
1e-
-
abc
+
1e-
000.e
--2
-
1e
1e
0e
000.e
1ee2
000.e
1.2.3
1e-
abc
000.e
1e-
e10
+
-
--2
1ee2
1e-
abc
0e
.
1e-
++1
abc
+
1.2.3
1e
1e-
++1
1.2.3
1e
1e
++1
0e
0e
0e
.
1ee2
1ee2
0e
-
1.2.3
1.2.3
e10
000.e
1ee2
-
1e
1.2.3
1.2.3
--2
1e+
-
--2
abc
1e+
1e-
+
-
0e
e10
1e
abc
+
abc
++1
+
e10
1e+
000.e
1.2.3
+
1e+
000.e
-
--2
1e-
abc
1e-
1e+
e10
-
1ee2
1e
0e
1e-
-
0e
+
--2
1e-
abc
++1
1e
1e+
1ee2
--2
1.2.3
+
000.e
1ee2
+
1e+
e10
1ee2
1.2.3
-
++1
1ee2
1e-
-
1e+
1e
+
.
000.e
1e
1e-
abc
1e+
1e+
1e
e10
--2
.
.
abc
1e
-
1e+
-
1.2.3
0e
-
1e
-
+
1e+
1e
1e-
++1
1e
+
0e
e10
0e
+
0e
0e
1.2.3
++1
--2
0e
--2
1.2.3
1e
1e+
1.2.3
0e
1e+
1e-
e10
.
0e
-
-
.
e10
+
-
++1
1e-
0e
0e
1e+
1ee2
1ee2
1ee2
e10
-
1e-
1e+
++1
1ee2
+
1e-
0e
+
1e-
1ee2
1ee2
--2
1e
0e
0e
.
e10
0e
e10
abc
+
abc
1e-
000.e
1e-
--2
1e-
.
--2
000.e
abc
1e-
1e
000.e
1ee2
.
1e+
1.2.3
.
abc
--2
1e-
1e+
1e+
--2
+
abc
.
.
1ee2
e10
e10
e10
1.2.3
1.2.3
abc
.
000.e
+
--2
++1
.
0e
0e
1e
000.e
000.e
1.2.3
000.e
--2
.
+
1ee2
e10
++1
1e+
++1
1ee2
1e+
++1
abc
000.e
1e
.
e10
++1
abc
1e
1ee2
-
0e
-
0e
+
1e+
0e
1ee2
000.e
0e
+
e10
--2
abc
abc
e10
--2
abc
1e-
1e
.
+
.
.
-
000.e
1ee2
abc
1e+
-
.
.
-
1e-
1e+
1e-
0e
000.e
1e-
1e
1ee2
1e
e10
1e-
1.2.3
0e
1ee2
+
e10
1e
abc
0e
.
1.2.3
--2
1e-
0e
1ee2
1e
000.e
1e
.
0e
1e-
++1
.
.
1ee2
1ee2
1.2.3
1ee2
--2
1e
1e
1ee2
1ee2
-
abc
e10
.
+
++1
.
abc
-
1ee2
e10
e10
+
000.e
--2
1ee2
1.2.3
--2
000.e
1e
1ee2
1e
1ee2
000.e
+
++1
000.e
1e
-
++1
abc
+
1e+
1.2.3
0e
+
0e
e10
+
000.e
+
1e-
-
000.e
000.e
1e-
-
-
++1
+
1e
0e
--2
e10
1e
1e
000.e
e10
000.e
--2
1e
1.2.3
.
.
abc
-
1ee2
e10
+
1e+
+
0e
++1
0e
1.2.3
1.2.3
--2
000.e
000.e
abc
+
000.e
1e
1e-
--2
abc
.
++1
--2
abc
+
abc
+
1e
1e
0e
1e+
abc
+
--2
e10
1ee2
1e
e10
e10
+
+
--2
1e+
+
1ee2
000.e
e10
1e+
--2
1e-
e10
1.2.3
000.e
000.e
1.2.3
.
+
++1
1.2.3
1.2.3
000.e
+
000.e
e10
+
+
abc
-
++1
+
.
.
e10
abc
-
e10
1e
1e-
-
-
0e
1e+
-
1.2.3
1.2.3
1e
e10
++1
e10
1e-
1e-
1e-
++1
0e
-
e10
--2
1ee2
abc
1.2.3
abc
1ee2
1e+
1e-
++1
++1
.
abc
.
abc
1.2.3
1.2.3
e10
1e-
0e
.
.
1ee2
--2
--2
++1
1e+
--2
++1
1.2.3
000.e
++1
1ee2
1ee2
000.e
1e-
+
1e-
++1
1e+
1ee2
1e-
++1
+
1.2.3
--2
.
1e+
1.2.3
000.e
1e+
1e+
1e-
+
e10
++1
e10
1.2.3
0e
abc
e10
1ee2
.
+
000.e
.
1e
1e
1.2.3
1e-
1ee2
1.2.3
1ee2
1e+
.
++1
1ee2
-
-
1.2.3
1ee2
abc
1e-
++1
++1
e10
.
+
abc
000.e
.
1e
000.e
1.2.3
000.e
e10
1ee2
e10
1e+
1e+
1e+
1e
.
e10
abc
1e+
1e
1e+
--2
--2
++1
--2
.
1e-
++1
e10
1ee2
.
-
1e-
++1
1e
1.2.3
e10
1e-
1e+
.
.
abc
.
1e
1e
1.2.3
.
1e+
++1
.
0e
0e
abc
++1
e10
e10
1ee2
.
1ee2
--2
++1
--2
.
e10
1e-
0e
e10
++1
1.2.3
-
1.2.3
000.e
-
1ee2
000.e
abc
abc
--2
1ee2
0e
0e
-
+
1e+
1e-
.
1e-
000.e
1ee2
--2
1e-
1e
1ee2
0e
1e
1ee2
1e
1ee2
abc
-
.
+
1e+
.
-
++1
abc
1.2.3
1ee2
e10
1ee2
++1
-
1ee2
1e+
++1
abc
.
--2
1e-
abc
1ee2
.
-
e10
++1
1e
abc
000.e
--2
++1
--2
++1
1e
1e
1.2.3
++1
--2
1.2.3
0e
+
--2
abc
1e-
-
-
-
e10
-
.
1.2.3
-
++1
0e
abc
0e
0e
-
.
1ee2
abc
+
+
e10
.
-
+
1e
1ee2
--2
e10
-
1e
+
abc
+
1.2.3
.
--2
.
1e-
0e
--2
-
1.2.3
1ee2
1.2.3
-
--2
1e
-
+
1e+
1e
++1
--2
e10
1e+
-
+
+
000.e
1e+
++1
--2
++1
-
1e
e10
000.e
e10
-
1.2.3
.
--2
1ee2
000.e
1e
0e
1ee2
1e
-
1e+
.
.
0e
1e+
+
+
-
e10
.
1e+
1e
abc
1ee2
1e
-
1.2.3
000.e
000.e
.
000.e
1.2.3
.
1ee2
000.e
-
1ee2
1.2.3
-
-
e10
1e+
abc
1ee2
1.2.3
-
1ee2
1ee2
0e
e10
1e
abc
abc
.
1e
abc
+
0e
1e+
0e
1e-
1e+
1e+
1e-
1e-
000.e
1e-
--2
abc
1e
1e
1e
1ee2
1e+
1e-
--2
1ee2
1.2.3
+
1e+
1.2.3
1e
0e
000.e
+
0e
1.2.3
--2
abc
000.e
+
1ee2
.
e10
1.2.3
abc
abc
e10
--2
1e+
0e
1e
++1
--2
1ee2
000.e
1e+
1e
e10
abc
1e-
abc
--2
1ee2
1ee2
+
e10
0e
+
1ee2
--2
+
1e+
+
--2
.
1e
000.e
--2
-
0e
1e+
--2
-
abc
1e
0e
++1
1e
1ee2
-
--2
1.2.3
-
0e
1e-
--2
1e+
.
e10
e10
1.2.3
1e
+
1e
1e
1e
1e
++1
000.e
1.2.3
-
1e+
000.e
--2
.
.
.
1e-
-
1e
1e+
.
1ee2
1e-
abc
e10
e10
++1
1ee2
000.e
+
1e-
1.2.3
000.e
0e
1e
.
1e
1e-
abc
abc
abc
1.2.3
+
1e
1e-
-
1e-
000.e
++1
--2
1.2.3
.
1.2.3
1ee2
1e+
1ee2
1.2.3
abc
-
--2
++1
1.2.3
1ee2
--2
0e
abc
e10
1e+
1ee2
abc
1ee2
-
e10
1ee2
0e
1e
000.e
++1
--2
1e
1ee2
++1
.
--2
1e-
1.2.3
.
1.2.3
--2
.
.
abc
--2
000.e
+
000.e
e10
000.e
.
000.e
1e+
.
1e
1.2.3
.
1.2.3
.
abc
e10
--2
1e
1e
+
1e+
1.2.3
.
abc
000.e
e10
+
1e-
--2
1ee2
1e-
+
++1
-
0e
abc
1e+
-
e10
--2
abc
--2
++1
+
1.2.3
e10
0e
.
1e-
+
--2
-
.
e10
e10
.
-
e10
1e+
1.2.3
abc
++1
.
1e+
+
1ee2
e10
--2
1e-
+
1ee2
e10
e10
1e-
--2
1e-
1e
.
000.e
000.e
--2
-
+
1e+
++1
0e
abc
1e-
0e
0e
-
1e-
.
1e-
000.e
1ee2
1e+
1e-
--2
1e-
--2
.
1ee2
1.2.3
000.e
.
abc
1e+
+
1e-
1e
++1
.
++1
+
--2
1ee2
+
000.e
abc
+
1e+
1ee2
1e
1e-
1e+
1e
e10
1e
++1
-
1e-
++1
000.e
1e+
1e-
000.e
e10
.
1e
1e-
1e-
--2
e10
--2
e10
1e
1e
-
+
1ee2
1.2.3
e10
--2
abc
1e-
+
--2
1e
.
1e
e10
abc
.
+
-
1ee2
1.2.3
0e
1e-
-
+
000.e
1e+
1e+
0e
e10
e10
++1
+
1ee2
++1
000.e
e10
1ee2
0e
--2
.
abc
e10
1e+
1e
0e
1e-
1.2.3
1.2.3
1.2.3
+
--2
e10
--2
000.e
++1
000.e
--2
000.e
abc
.
e10
1ee2
abc
.
000.e
1e-
e10
1.2.3
1e-
000.e
1e-
.
1ee2
++1
0e
--2
-
1e
1ee2
-
.
+
+
1e-
+
.
0e
abc
1e-
.
-
1e-
+
+
--2
++1
e10
0e
++1
e10
e10
--2
000.e
-
e10
abc
.
1.2.3
1e
.
++1
++1
abc
1e+
--2
1.2.3
-
1ee2
1e+
--2
e10
1e-
++1
1ee2
1e-
+
1ee2
e10
1e-
1e+
-
000.e
.
0e
.
--2
0e
+
1e+
++1
.
000.e
+
abc
1.2.3
1e+
e10
+
1e-
1e-
abc
1ee2
.
0e
-
e10
++1
+
++1
000.e
1e-
1e-
1e
0e
1e+
0e
-
-
1ee2
000.e
000.e
1.2.3
e10
1ee2
e10
++1
e10
+
--2
e10
abc
+
e10
e10
+
1e-
0e
++1
1e+
1ee2
1ee2
e10
1e
++1
-
1ee2
1ee2
1e-
--2
--2
1ee2
1e+
--2
000.e
abc
--2
1e
e10
1ee2
e10
abc
1.2.3
.
1e-
000.e
++1
0e
1.2.3
+
1e
-
.
--2
1e+
abc
1.2.3
++1
abc
1.2.3
1e
.
abc
000.e
.
++1
1ee2
1.2.3
.
0e
1e
-
e10
++1
1.2.3
000.e
1.2.3
0e
1ee2
+
1e-
e10
1e
.
1e
+
000.e
+
.
1e-
-
1e-
1e+
000.e
1ee2
0e
1e+
1e+
000.e
1e
abc
1e
1e+
abc
0e
+
1e-
--2
1e+
0e
abc
1e+
e10
1e-
1e+
--2
000.e
e10
abc
1.2.3
++1
0e
abc
--2
1e+
1.2.3
abc
000.e
e10
+
++1
abc
1e+
e10
.
-
+
1e
1e-
1.2.3
0e
+
1e-
abc
--2
1e-
--2
1.2.3
1e-
e10
++1
1.2.3
e10
.
1e
-
1e-
1e
1e
++1
+
--2
abc
abc
1ee2
1.2.3
1.2.3
+
-
000.e
e10
1e
-
0e
1e
1e+
0e
abc
-
++1
1e-
1ee2
000.e
1ee2
1ee2
abc
000.e
1.2.3
abc
1e
1.2.3
.
+
++1
0e
0e
1ee2
abc
.
000.e
.
-
+
.
1e
1e+
1e+
abc
1ee2
1.2.3
1e
1e
+
1e+
+
.
-
1.2.3
.
.
1e-
000.e
++1
000.e
++1
1e-
1e
000.e
0e
1ee2
++1
0e
1e+
1e+
-
000.e
1e+
-
000.e
--2
1.2.3
1e-
-
abc
1.2.3
abc
.
.
000.e
.
1e+
1.2.3
++1
--2
-
e10
0e
000.e
abc
.
-
.
1ee2
1ee2
.
--2
+
--2
-
.
1e-
1e
-
.
1e-
1.2.3
1e
1ee2
1ee2
+
e10
0e
e10
-
.
1.2.3
-
-
+
0e
0e
1e+
1.2.3
1e+
1ee2
1e+
abc
1.2.3
+
000.e
1e-
-
-
1.2.3
1e+
1.2.3
0e
1e-
1.2.3
abc
1.2.3
e10
0e
abc
++1
abc
-
.
+
e10
-
000.e
1ee2
1e
+
1e
1e
abc
+
abc
000.e
abc
1e-
+
e10
-
e10
-
1e+
--2
1e+
abc
0e
abc
-
1.2.3
1.2.3
--2
1e+
+
--2
.
-
-
++1
abc
1e
1e-
-
e10
e10
abc
--2
++1
e10
1e+
-
1e+
--2
e10
0e
1.2.3
1e-
1ee2
1e
--2
000.e
.
--2
0e
abc
e10
1e+
-
.
abc
0e
--2
e10
1.2.3
++1
+
1e
1ee2
1e+
e10
++1
0e
1e
+
1e
1.2.3
000.e
0e
1.2.3
.
+
++1
1e-
1e+
+
1.2.3
1e-
--2
1e
.
1e
1.2.3
1e-
++1
1e-
1ee2
000.e
1e-
.
1.2.3
1e
000.e
+
0e
++1
1.2.3
1.2.3
e10
-
.
e10
000.e
1.2.3
abc
000.e
+
+
abc
000.e
+
abc
--2
-
000.e
e10
1.2.3
++1
0e
1.2.3
-
-
000.e
1e
1e-
1ee2
1.2.3
1ee2
1ee2
e10
1.2.3
1.2.3
++1
1ee2
e10
--2
000.e
1e
000.e
++1
000.e
-
+
0e
1e+
e10
1e-
abc
++1
abc
000.e
000.e
1e-
.
abc
abc
000.e
++1
++1
1ee2
abc
-
--2
1.2.3
--2
1ee2
1e+
1.2.3
++1
e10
e10
-
++1
1.2.3
1.2.3
1.2.3
++1
-
1ee2
++1
1e
1ee2
e10
abc
e10
+
--2
1e-
0e
000.e
++1
1e
++1
-
+
1e-
e10
.
-
0e
1e+
1e-
-
--2
1ee2
000.e
1e-
1ee2
1ee2
++1
1e
0e
++1
1.2.3
1e
0e
0e
1ee2
1.2.3
.
abc
1e+
1.2.3
1.2.3
000.e
1.2.3
1.2.3
-
++1
1e-
000.e
1.2.3
-
--2
--2
1.2.3
-
--2
000.e
0e
+
1ee2
+
0e
000.e
e10
abc
.
e10
1e+
000.e
-
e10
0e
1.2.3
1.2.3
1e
--2
0e
1.2.3
1e+
-
1.2.3
+
1.2.3
1e-
++1
+
000.e
1e
++1
--2
--2
1e+
e10
1.2.3
++1
000.e
1e-
-
1ee2
--2
0e
abc
-
.
1e
1.2.3
abc
1ee2
1.2.3
0e
-
1e
1e
++1
1ee2
1e
+
abc
+
++1
1.2.3
-
1ee2
1e-
1e+
++1
1e-
000.e
e10
abc
+
1e+
e10
1ee2
0e
1e+
000.e
1e-
1ee2
.
1e
1e-
1e-
1e+
1e+
1e-
abc
--2
++1
1e+
abc
1ee2
++1
1ee2
1e-
1e
0e
1.2.3
e10
e10
1e
-
1ee2
1e
.
e10
-
+
--2
-
-
-
abc
.
+
+
1e+
-
1ee2
++1
.
e10
1ee2
-
1e+
1e+
+
--2
1e-
1ee2
abc
1e-
1.2.3
-
++1
-
1ee2
.
1.2.3
+
1.2.3
1ee2
.
++1
1e+
e10
--2
1e+
--2
e10
+
.
0e
000.e
+
000.e
1.2.3
1e
000.e
1e+
e10
--2
+
1e
-
+
+
1e+
1e+
0e
e10
1e-
0e
e10
1e-
1ee2
-
1e
e10
1e-
0e
+
1e+
0e
1.2.3
1e+
e10
abc
e10
--2
000.e
abc
abc
abc
1.2.3
-
-
++1
1e
.
++1
1e-
+
+
1ee2
1e
1e+
--2
--2
-
+
1e+
e10
--2
000.e
000.e
-
++1
.
1.2.3
abc
--2
.
1.2.3
1.2.3
1.2.3
1ee2
.
1e+
1ee2
+
--2
1e+
+
1e-
+
++1
1.2.3
1e+
1e-
1ee2
1e-
1.2.3
abc
-
1.2.3
--2
-
1.2.3
1e-
abc
+
--2
abc
.
1ee2
1ee2
0e
abc
000.e
1ee2
1e
1e-
.
1.2.3
1e-
e10
1.2.3
+
1e-
1e-
--2
1.2.3
.
1e-
+
1e
e10
1e-
0e
0e
1.2.3
1e-
--2
++1
+
++1
e10
000.e
e10
000.e
1.2.3
1e
1e-
1e
abc
1.2.3
1e-
.
1.2.3
1e+
1e+
++1
e10
1e-
--2
.
--2
1.2.3
++1
000.e
000.e
1e+
1.2.3
1e
-
1ee2
1e+
1.2.3
.
1e
1e-
+
.
1e
1e-
0e
.
000.e
1e
0e
1e-
abc
--2
-
1e
1.2.3
1e-
.
1e+
++1
--2
e10
--2
abc
1.2.3
+
abc
e10
1e+
0e
-
1e-
1e+
++1
.
-
1e+
1e-
abc
1e+
1e-
+
e10
1ee2
--2
0e
abc
--2
++1
-
+
000.e
e10
1e-
1e-
1e+
-
1ee2
1ee2
e10
-
1ee2
++1
1ee2
--2
+
abc
1ee2
1e-
++1
abc
-
1e-
abc
.
1.2.3
++1
1e-
abc
1e
.
1e+
--2
.
1e
1ee2
1ee2
1e+
++1
1e
1ee2
e10
e10
.
1e-
--2
e10
+
++1
-
1e-
-
1.2.3
0e
abc
1.2.3
1.2.3
--2
.
.
0e
+
000.e
1e-
-
0e
++1
e10
0e
1e
-
-
--2
-
abc
e10
1ee2
+
.
1e
1e-
0e
000.e
+
--2
1e+
1e-
1ee2
++1
e10
000.e
-
.
--2
++1
-
abc
++1
--2
1e+
abc
++1
abc
000.e
.
1e-
++1
abc
1.2.3
++1
e10
1e
++1
1e+
.
000.e
.
.
-
0e
--2
++1
1.2.3
.
1e
1e-
--2
1e+
1ee2
++1
1e+
000.e
abc
1e+
--2
1e+
++1
1e
--2
000.e
1ee2
+
--2
--2
1ee2
0e
1e+
1e-
-
++1
.
1e+
-
1e-
1e-
e10
1ee2
abc
e10
0e
e10
1e
1.2.3
1e
1ee2
.
1e-
1e-
--2
000.e
1e+
1.2.3
1e-
e10
1.2.3
1.2.3
1ee2
++1
1e
1e
0e
1e
1e
e10
1e+
1ee2
1e
abc
+
1.2.3
000.e
e10
abc
.
0e
1.2.3
1e+
abc
+
--2
1e
1.2.3
abc
--2
+
++1
.
++1
1ee2
000.e
1ee2
1e-
abc
--2
0e
1e
--2
abc
abc
1ee2
.
1e-
e10
.
++1
1e+
000.e
000.e
1.2.3
--2
0e
e10
1ee2
e10
--2
1.2.3
1e-
1e-
1e
-
-
+
000.e
.
000.e
+
abc
0e
1.2.3
-
--2
1ee2
1.2.3
1ee2
.
1e
--2
e10
.
abc
1e-
1ee2
1e+
++1
--2
1ee2
1e+
e10
-
-
e10
000.e
abc
--2
e10
1ee2
++1
.
+
1ee2
1ee2
1e
1.2.3
-
abc
++1
1.2.3
--2
000.e
--2
e10
e10
abc
.
1e-
000.e
-
000.e
1e+
+
abc
++1
0e
++1
1e-
1.2.3
.
0e
.
abc
++1
0e
-
1e
-
000.e
e10
abc
-
abc
--2
1e+
.
1.2.3
.
1ee2
++1
1e-
e10
e10
1ee2
0e
1e-
-
0e
1ee2
0e
0e
+
abc
+
abc
1ee2
000.e
1e
+
1e-
++1
1.2.3
e10
000.e
1.2.3
-
1e
--2
1.2.3
.
1ee2
0e
1.2.3
1e
000.e
000.e
1.2.3
.
+
1e+
++1
--2
+
1e+
1ee2
e10
--2
e10
1ee2
1e
+
.
0e
abc
1e+
++1
1e
++1
1ee2
.
000.e
1e-
++1
++1
1e-
abc
-
1.2.3
1e
+
e10
000.e
--2
abc
abc
--2
1e
--2
1ee2
1ee2
000.e
.
+
-
1e
1e-
e10
--2
1.2.3
--2
e10
-
0e
abc
1e
1.2.3
000.e
1.2.3
.
.
.
1e-
.
1ee2
0e
1ee2
++1
.
1.2.3
+
++1
abc
0e
--2
0e
abc
000.e
-
--2
1e
e10
1e+
-
0e
e10
--2
.
0e
1e+
1ee2
000.e
-
abc
e10
++1
1ee2
-
++1
0e
.
000.e
abc
0e
1.2.3
1e
1.2.3
-
+
1.2.3
000.e
-
abc
1e
1e+
--2
1e+
abc
+
1e-
1ee2
--2
.
.
1ee2
++1
+
+
1e
++1
1.2.3
--2
1e
.
0e
000.e
+
1e-
++1
-
000.e
0e
1.2.3
-
--2
1e-
000.e
++1
++1
e10
000.e
--2
e10
1.2.3
1e-
-
1.2.3
1ee2
e10
-
0e
000.e
++1
abc
++1
000.e
1ee2
e10
-
+
0e
1e+
.
+
-
1e+
1e-
+
0e
.
-
1ee2
abc
-
000.e
-
000.e
1.2.3
+
++1
e10
1.2.3
1e-
--2
++1
e10
1ee2
1ee2
.
1e+
abc
000.e
0e
000.e
e10
0e
-
1e-
.
000.e
abc
-
e10
1e+
+
-
1e-
-
+
1e-
000.e
1.2.3
1e
+
+
1.2.3
0e
e10
1e
1.2.3
e10
++1
++1
+
1e
0e
1e
e10
1e+
0e
--2
1e
000.e
++1
1e+
1e
-
abc
++1
1ee2
++1
+
1ee2
1e-
--2
000.e
-
.
++1
abc
.
1ee2
e10
1e-
--2
--2
1ee2
1e
.
-
+
1.2.3
1.2.3
1e+
+
1.2.3
1ee2
1e-
1e-
.
1.2.3
000.e
e10
--2
abc
e10
0e
1e-
++1
-
1e
1e
000.e
+
1e+
1e+
.
--2
000.e
000.e
--2
.
000.e
1ee2
1ee2
1e+
+
.
++1
abc
1e
-
1e+
1e+
1ee2
++1
0e
e10
1e-
1e+
1e+
abc
--2
+
000.e
+
1e+
-
abc
1ee2
1e
e10
e10
.
+
1e+
--2
0e
++1
e10
-
1.2.3
--2
1ee2
abc
1e-
1.2.3
-
000.e
000.e
.
++1
1e-
-
e10
e10
1.2.3
.
-
+
-
-
1e-
--2
1e
0e
++1
1ee2
e10
abc
e10
abc
000.e
e10
+
1ee2
--2
--2
1ee2
abc
1e
--2
0e
e10
000.e
++1
abc
1e-
+
0e
--2
.
--2
-
-
0e
1e-
0e
000.e
-
1e
e10
++1
-
1ee2
--2
abc
1ee2
1.2.3
1.2.3
000.e
+
1e
abc
1ee2
1e+
abc
.
1.2.3
e10
++1
1.2.3
1.2.3
1e
1e
--2
1.2.3
e10
000.e
1e
1e-
-
1e-
1e+
abc
1.2.3
++1
1.2.3
++1
0e
abc
--2
1e-
1.2.3
--2
--2
1e
1e
1e+
e10
e10
1.2.3
e10
--2
000.e
1ee2
++1
--2
1e+
++1
1e+
++1
1e+
1e+
abc
1e+
-
+
+
1.2.3
+
1.2.3
1e+
1e
-
1.2.3
+
000.e
--2
1e-
--2
--2
--2
e10
000.e
1e
1e+
.
1ee2
000.e
000.e
1e+
1ee2
-
1e
1e-
1e+
e10
e10
1e
e10
0e
1e-
1e-
000.e
0e
abc
--2
abc
1e
e10
abc
1ee2
000.e
1ee2
1e+
--2
1ee2
1e-
1e
1ee2
1ee2
1.2.3
abc
1e
1.2.3
.
1e-
.
e10
1ee2
e10
1e-
e10
1e+
1.2.3
1e-
1e
--2
1e
1e-
e10
1e+
1e+
0e
+
1.2.3
-
1ee2
+
000.e
1e
1ee2
+
0e
1e+
abc
000.e
1e+
1e+
1e
1e-
+
0e
-
1.2.3
000.e
0e
1ee2
1.2.3
1e+
1e-
++1
1e+
--2
0e
+
.
1ee2
000.e
abc
1e
++1
-
1.2.3
1e-
1e+
1ee2
1e-
--2
1ee2
1e
1.2.3
.
0e
abc
e10
+
abc
1ee2
1e+
abc
abc
abc
-
1ee2
1e-
1e-
1.2.3
--2
abc
abc
0e
1e+
abc
1e
000.e
1ee2
1e
-
.
abc
.
.
1e-
abc
++1
1e
abc
000.e
1e+
1e-
e10
abc
e10
-
--2
abc
1ee2
0e
1e
-
abc
1e+
e10
++1
000.e
--2
0e
-
--2
.
1e+
e10
--2
+
1e+
000.e
1.2.3
.
1.2.3
1.2.3
000.e
e10
000.e
++1
1e-
0e
1.2.3
000.e
000.e
1.2.3
-
-
0e
1e+
1e+
1ee2
0e
1e+
000.e
--2
000.e
+
1e-
.
-
-
000.e
1e-
-
000.e
1.2.3
1.2.3
+
1e
--2
+
.
1e+
000.e
1.2.3
0e
1e
1e
abc
1e-
1e
1e
1ee2
+
abc
1ee2
1e
--2
0e
abc
1e
++1
0e
1ee2
1e
abc
1ee2
abc
+
+
1.2.3
000.e
-
-
0e
1ee2
+
1.2.3
1e-
1e
000.e
+
e10
1ee2
1e
--2
.
-
+
--2
0e
--2
--2
0e
1e-
+
1e+
1.2.3
1.2.3
1ee2
abc
-
000.e
1.2.3
0e
--2
++1
1e+
1e+
000.e
++1
e10
++1
0e
.
1e
0e
1e
1ee2
-
000.e
1e+
1.2.3
1.2.3
1e
000.e
e10
-
++1
abc
.
000.e
0e
1e-
1ee2
abc
--2
1.2.3
000.e
1e+
0e
+
000.e
0e
--2
000.e
.
1ee2
1e
-
-
1.2.3
0e
abc
e10
+
abc
1e+
abc
1e-
1.2.3
000.e
1e-
.
--2
000.e
0e
1.2.3
++1
1ee2
--2
0e
.
0e
.
1ee2
+
1.2.3
1.2.3
.
1e+
0e
000.e
.
.
abc
-
1e
-
1e
+
000.e
e10
+
e10
0e
1ee2
e10
000.e
++1
1ee2
.
1ee2
1ee2
000.e
++1
1e+
.
--2
++1
0e
1.2.3
.
1e-
abc
--2
1e+
1.2.3
1.2.3
1e
1ee2
1e
--2
0e
1.2.3
e10
1e+
++1
abc
1ee2
e10
1ee2
1.2.3
-
1e
e10
e10
0e
-
++1
--2
1e
e10
.
-
+
1e+
--2
1e+
++1
abc
abc
.
e10
--2
1ee2
1.2.3
++1
.
1e+
.
++1
1.2.3
0e
abc
1e-
1.2.3
1ee2
++1
1e-
0e
--2
-
--2
--2
1ee2
1ee2
000.e
1.2.3
-
+
0e
abc
1e+
000.e
0e
000.e
-
0e
1e+
1e+
--2
000.e
+
-
000.e
abc
0e
1.2.3
-
abc
000.e
+
000.e
1.2.3
1e
000.e
000.e
.
1.2.3
e10
e10
1e-
1.2.3
1e+
+
1.2.3
1e+
abc
-
e10
+
000.e
e10
1e
1e
1ee2
--2
1e-
.
1e+
-
1e+
.
e10
-
+
++1
1e+
.
-
--2
e10
+
+
1e+
1e+
-
1.2.3
1e
++1
1.2.3
1e
e10
--2
e10
++1
+
e10
0e
+
+
0e
++1
0e
++1
abc
-
1e-
--2
e10
1ee2
--2
-
000.e
--2
abc
1.2.3
.
.
+
+
1e
++1
1e-
--2
e10
1.2.3
1.2.3
-
++1
++1
1.2.3
0e
1e-
e10
abc
1e+
1.2.3
1ee2
1ee2
1e+
000.e
-
1e
000.e
+
+
+
e10
1e-
1e+
e10
++1
1ee2
--2
1ee2
1e-
1e-
1ee2
-
000.e
e10
0e
000.e
++1
.
000.e
+
++1
+
-
abc
1.2.3
+
1.2.3
--2
1e+
1e-
abc
1ee2
e10
1e
.
-
.
.
++1
1e-
--2
000.e
1e+
000.e
1e
+
e10
1ee2
--2
000.e
.
abc
abc
abc
1.2.3
1.2.3
abc
1ee2
1e-
1e
-
1.2.3
e10
1e
.
1ee2
--2
e10
abc
1e
abc
-
e10
1.2.3
+
1ee2
e10
abc
+
.
++1
000.e
000.e
++1
0e
abc
abc
1e-
1e-
1.2.3
1e
0e
-
--2
--2
abc
+
000.e
++1
1e+
.
e10
e10
abc
++1
.
0e
1e+
0e
0e
1ee2
000.e
+
-
1.2.3
.
.
1e
1e+
--2
e10
-
1.2.3
1ee2
000.e
1e-
--2
++1
000.e
1ee2
+
1ee2
1ee2
--2
abc
1ee2
1e-
000.e
1e-
1.2.3
0e
1e+
1.2.3
+
-
++1
1ee2
1e
1.2.3
1ee2
1ee2
1.2.3
0e
1e+
000.e
abc
1e+
.
++1
-
-
+
1e
.
+
--2
.
e10
--2
0e
1ee2
1e-
e10
e10
1e-
1ee2
000.e
e10
abc
--2
1.2.3
1e
000.e
1.2.3
1e+
+
--2
000.e
1ee2
--2
+
000.e
+
abc
1e+
-
.
1e-
+
++1
++1
-
1.2.3
+
1e
1ee2
.
1e-
-
1e
1e+
1e-
1ee2
1e+
1.2.3
-
0e
1e-
.
1e+
.
1.2.3
0e
+
1e-
000.e
e10
1e
-
++1
1ee2
000.e
+
1e
+
1e+
1ee2
000.e
-
+
000.e
--2
-
1e
--2
1ee2
000.e
1e+
-
1e
--2
0e
000.e
1ee2
1.2.3
+
.
e10
1e-
1.2.3
1e-
0e
1e+
--2
1e+
abc
.
--2
abc
000.e
+
1e-
--2
e10
.
000.e
e10
1e+
000.e
1e
--2
1e+
1e-
1e+
++1
000.e
--2
+
e10
--2
1e+
+
000.e
++1
1e+
.
abc
++1
1.2.3
1e+
000.e
1.2.3
1e+
--2
1e
.
000.e
000.e
1e
-
-
1ee2
1e+
+
1e
1.2.3
1ee2
1e+
-
1e
abc
--2
1ee2
1e
000.e
.
+
-
+
1e
--2
1.2.3
e10
1e
1ee2
--2
1e-
1.2.3
0e
0e
000.e
1.2.3
1ee2
1e+
0e
--2
++1
1e-
+
.
+
1e-
++1
1e
1.2.3
e10
abc
+
0e
-
e10
1.2.3
1e+
1ee2
+
++1
+
.
-
.
1.2.3
--2
1e
++1
--2
+
1.2.3
1e
0e
abc
-
.
1e-
0e
++1
1e+
1e-
0e
.
1e
000.e
-
--2
1ee2
++1
abc
000.e
1e-
--2
1.2.3
--2
e10
++1
e10
1.2.3
000.e
abc
1e-
1e+
0e
--2
1e-
1e-
000.e
+
++1
abc
1.2.3
-
1ee2
-
-
1e
.
.
abc
++1
abc
0e
0e
e10
e10
1e
0e
0e
000.e
--2
1e-
-
0e
+
1e
++1
1.2.3
abc
+
-
1.2.3
e10
1e
1.2.3
0e
1e-
.
1ee2
1e+
1e
-
1e-
1ee2
abc
1.2.3
1e+
.
1e
1e
--2
e10
e10
000.e
.
0e
+
1e
1ee2
abc
++1
+
+
0e
e10
000.e
1e
1.2.3
e10
+
--2
1e-
1ee2
000.e
+
0e
1e-
abc
e10
0e
1.2.3
++1
1e+
.
abc
1e+
1e
--2
-
000.e
1ee2
--2
++1
1.2.3
abc
-
000.e
1ee2
1e
000.e
1.2.3
abc
1.2.3
.
-
1e-
000.e
0e
-
--2
1.2.3
1e-
.
e10
++1
1ee2
--2
1e-
e10
-
.
--2
1e-
.
.
abc
.
000.e
1.2.3
1e
e10
.
0e
-
1e
1e-
1e-
1ee2
1e-
abc
--2
abc
e10
abc
1.2.3
e10
abc
+
1e
-
1e-
1e+
--2
1e
e10
abc
abc
1e+
e10
0e
--2
0e
1e
1e
.
000.e
+
1e+
e10
++1
1ee2
1e
0e
-
.
1e
--2
1ee2
1e+
1ee2
e10
1e-
1ee2
--2
abc
1e
1.2.3
-
0e
-
++1
0e
-
1e-
1e+
--2
e10
000.e
1e
1ee2
.
1e+
1e
--2
1ee2
.
1ee2
e10
abc
1e+
1e-
e10
1e-
e10
1.2.3
abc
1e+
0e
1e-
1ee2
++1
1e-
abc
1e-
abc
0e
1e-
abc
.
1e-
+
0e
1e-
1e
+
.
.
abc
000.e
1e
1e+
1e+
1e
e10
000.e
000.e
1e+
1.2.3
++1
1e+
1e-
-
--2
+
000.e
0e
1e+
e10
0e
000.e
+
.
1e
1e-
1e+
abc
1e-
1e-
+
--2
--2
++1
0e
1e
e10
1e-
1e+
abc
1e
000.e
1.2.3
1ee2
1e+
1ee2
++1
-
abc
e10
++1
1.2.3
1.2.3
e10
1e+
1e
1e+
--2
1e+
e10
1e
0e
1e-
-
0e
1e
1e
1e-
000.e
1e-
++1
000.e
000.e
e10
e10
abc
+
1e
1ee2
-
+
+
1ee2
abc
--2
--2
abc
+
-
++1
.
1e
++1
1e-
000.e
.
-
+
-
+
abc
++1
abc
1e
1e-
1e-
-
++1
.
1e+
+
abc
++1
1e
--2
++1
-
abc
1e
+
--2
+
.
1.2.3
e10
1e
1e+
-
1e+
+
--2
1e
++1
+
+
1e
1.2.3
1ee2
e10
+
1e-
e10
--2
--2
--2
1.2.3
000.e
++1
-
--2
+
.
000.e
e10
-
1e+
-
0e
abc
1e-
1e+
1e
--2
1.2.3
.
--2
000.e
-
1e-
abc
1e
1.2.3
abc
1ee2
1e+
--2
.
1e
+
1e
1ee2
.
+
0e
+
1e
e10
1e+
1e
e10
1e
-
000.e
++1
1e+
--2
++1
.
1e
+
--2
1.2.3
0e
1ee2
0e
++1
.
.
1e
0e
--2
abc
1e-
1e-
++1
--2
--2
000.e
abc
--2
1e+
1e-
--2
abc
.
1e+
1ee2
-
abc
-
1e-
-
1ee2
abc
1e-
e10
000.e
000.e
1.2.3
1e+
e10
-
e10
-
0e
000.e
abc
1e
.
-
1ee2
000.e
1e-
--2
1ee2
1.2.3
--2
abc
1ee2
1.2.3
-
1e-
-
1e+
1e-
-
-
1e
++1
1e
--2
+
1e
1e
1ee2
++1
abc
0e
1e
.
1e+
-
1e
1e+
++1
000.e
1e-
1e+
000.e
1e
-
0e
000.e
e10
abc
+
e10
1.2.3
0e
1e-
1ee2
--2
+
+
abc
++1
-
000.e
1e
1.2.3
abc
++1
-
0e
--2
1e
+
++1
e10
000.e
abc
++1
--2
1e-
000.e
000.e
.
1e+
+
++1
+
1.2.3
+
000.e
++1
e10
0e
--2
-
.
+
000.e
1e-
+
-
++1
1.2.3
++1
abc
0e
1e-
++1
++1
1e+
-
+
1e+
000.e
1e
--2
.
+
--2
1e
abc
1e+
e10
0e
-
1e+
0e
++1
1e+
e10
1.2.3
1e-
+
++1
+
0e
1e
1e
e10
1e-
1e+
--2
.
abc
1.2.3
1.2.3
++1
.
000.e
1ee2
abc
.
e10
.
--2
--2
abc
0e
e10
1.2.3
--2
.
000.e
1e
1e+
++1
1e
+
1e+
abc
1e
abc
abc
1e-
0e
1.2.3
1e-
1e+
e10
000.e
0e
--2
1.2.3
0e
abc
1e-
1e
1e
1e
abc
1e+
abc
abc
-
1.2.3
e10
++1
1e+
++1
abc
1e
0e
++1
1e
1ee2
000.e
1ee2
1e-
e10
+
0e
0e
1e
1e+
e10
1.2.3
0e
1.2.3
abc
1ee2
1e
+
.
1e
000.e
++1
abc
++1
.
.
e10
.
1ee2
--2
1ee2
e10
1.2.3
e10
--2
1e+
0e
0e
1ee2
1ee2
e10
e10
abc
1e+
+
000.e
1ee2
.
1ee2
1ee2
.
-
1.2.3
e10
000.e
000.e
+
-
1e+
1e
1e+
1e-
000.e
e10
e10
.
1.2.3
1e+
++1
abc
1e+
1.2.3
1e+
1e-
0e
+
1e-
1ee2
--2
1e
+
1e+
-
000.e
1.2.3
--2
0e
000.e
.
abc
-
1e-
--2
e10
1e-
0e
abc
.
e10
1e-
--2
1e
1e
0e
++1
1ee2
1.2.3
abc
1e-
1e
e10
1e-
1.2.3
1e+
0e
1e
000.e
1e-
+
0e
.
++1
--2
000.e
.
1e
-
1ee2
--2
.
1e
1e-
1e+
1e
1e
--2
1ee2
abc
e10
0e
.
++1
-
-
+
.
1e+
0e
+
+
1ee2
0e
0e
1.2.3
--2
.
1e+
--2
e10
++1
000.e
1e
abc
--2
.
++1
1e
1e
-
000.e
1e+
1e+
1e+
+
+
++1
+
.
.
abc
1.2.3
--2
++1
1e
+
1e+
1e
1e+
1e-
1ee2
++1
1ee2
000.e
-
1e+
1e+
1ee2
-
1ee2
1e+
1e-
--2
1e-
0e
0e
e10
1e+
-
1.2.3
--2
1.2.3
+
++1
000.e
abc
000.e
-
0e
1.2.3
1e+
1e-
abc
1e+
-
1.2.3
0e
1.2.3
-
1e
1.2.3
.
1e+
abc
1e+
1e+
1ee2
0e
1e-
1e+
abc
0e
1e
000.e
e10
1e-
-
0e
1e
.
1e-
0e
1e-
++1
000.e
1e
-
1ee2
-
1e
000.e
--2
.
e10
1.2.3
++1
-
e10
--2
1ee2
--2
1.2.3
e10
-
1e+
000.e
000.e
--2
000.e
abc
1e-
1e+
e10
1e+
+
+
1ee2
.
-
--2
.
-
++1
1e-
e10
.
.
+
++1
1ee2
1.2.3
0e
1.2.3
000.e
1.2.3
++1
.
000.e
-
000.e
++1
1e-
000.e
1ee2
-
0e
1e+
0e
1e+
e10
1e+
abc
0e
000.e
+
+
abc
abc
1e-
--2
+
abc
.
1e-
1e
.
1ee2
1e+
1e-
1e-
e10
abc
abc
1e+
1e+
1e-
1ee2
1e
1ee2
0e
1e
0e
--2
+
1e
--2
1e-
++1
1ee2
1e+
+
1ee2
1.2.3
e10
--2
000.e
.
1e
+
.
-
000.e
++1
1e-
-
000.e
000.e
1e
1e
+
.
000.e
++1
++1
000.e
1e
+
-
-
+
e10
000.e
1ee2
-
1e
000.e
1e-
1e
1e-
1e+
1.2.3
1e
1e-
+
1.2.3
+
+
abc
1ee2
1e
1.2.3
0e
1e
1e+
1e-
1e-
.
000.e
abc
abc
1e
--2
abc
000.e
e10
000.e
1.2.3
+
+
+
1e-
.
e10
.
1e+
1.2.3
-
abc
++1
1e-
-
1e+
0e
0e
1e-
1e+
0e
1e
abc
1e
1e+
1.2.3
1e+
++1
++1
.
1e-
0e
+
-
-
-
.
1ee2
1.2.3
0e
-
+
1e
1e-
abc
1ee2
-
+
abc
++1
000.e
1e
1e-
+
abc
--2
1ee2
1e-
-
abc
1e-
+
.
abc
1e+
0e
e10
-
abc
000.e
++1
000.e
--2
000.e
1ee2
1ee2
000.e
--2
0e
1e+
e10
1e-
+
1e
1ee2
++1
1e+
+
+
e10
abc
+
abc
.
000.e
.
1e+
abc
+
1e
1ee2
1e
e10
--2
0e
.
1ee2
1ee2
.
abc
0e
1.2.3
e10
1.2.3
1ee2
1e+
e10
0e
0e
000.e
1e-
0e
1e-
+
1e
++1
1ee2
+
+
1ee2
--2
e10
1e
--2
--2
-
abc
++1
-
--2
++1
e10
abc
abc
e10
1e
1e+
0e
000.e
1e
1ee2
1e+
++1
000.e
1e+
1ee2
abc
0e
1.2.3
000.e
-
0e
0e
++1
1.2.3
e10
0e
1e-
.
++1
1e+
1e
1e-
--2
000.e
1ee2
0e
1e
1e-
1e
000.e
--2
0e
abc
abc
abc
1.2.3
1.2.3
.
0e
1ee2
++1
1e
abc
abc
1e
.
1e
--2
1.2.3
--2
.
-
+
+
--2
+
1.2.3
1.2.3
000.e
1.2.3
1e+
-
0e
1ee2
1.2.3
000.e
e10
--2
-
1e+
1e-
abc
1e-
1e+
+
1e
--2
--2
abc
--2
abc
abc
abc
--2
e10
000.e
+
1e
1e+
0e
0e
-
1e+
1e
-
.
abc
1e-
.
abc
-
e10
++1
e10
1e+
-
1ee2
1.2.3
1e+
1ee2
1e
1ee2
++1
1e+
.
0e
1ee2
1.2.3
0e
1ee2
e10
e10
1.2.3
000.e
1.2.3
000.e
-
0e
0e
1e
1.2.3
1ee2
abc
.
.
1e
-
abc
1e-
++1
+
1e-
++1
1ee2
--2
e10
0e
.
abc
1e
.
1e+
1.2.3
000.e
000.e
+
1e-
1e+
000.e
000.e
++1
--2
1.2.3
+
1.2.3
+
--2
-
-
++1
1e-
1e-
-
e10
1e+
1e
0e
1e
1e+
++1
++1
-
000.e
000.e
++1
+
1e-
++1
1e-
1e+
++1
--2
1e
-
1.2.3
e10
1e-
e10
1e+
+
abc
abc
abc
abc
++1
1e+
+
e10
e10
1ee2
1.2.3
.
.
1.2.3
-
1e-
1e
1ee2
-
0e
--2
e10
1e+
.
0e
1.2.3
1e-
+
-
0e
+
1e
e10
+
++1
1ee2
++1
1e
-
1e-
--2
1e+
-
e10
.
1e
1ee2
1.2.3
e10
-
1.2.3
1ee2
000.e
0e
--2
1ee2
1.2.3
.
++1
++1
1e+
1ee2
-
--2
1ee2
--2
1e-
e10
1.2.3
1e
1.2.3
1e-
--2
000.e
++1
1e+
1ee2
e10
1e-
000.e
1e-
1ee2
1ee2
1e+
-
1e
1e-
+
e10
1e
1e
abc
abc
+
abc
1e
--2
++1
--2
1e
1e-
+
000.e
1.2.3
.
1e-
--2
abc
--2
1ee2
1.2.3
000.e
0e
1ee2
--2
+
1ee2
e10
1e+
0e
-
1ee2
++1
+
+
e10
abc
+
1e
--2
e10
1ee2
+
1e
-
1e
1e
1e
1e-
e10
+
1.2.3
abc
.
1e-
1e
1e+
1.2.3
0e
+
.
-
000.e
e10
1e-
e10
1.2.3
e10
abc
1e+
+
1e+
abc
.
1e+
+
1.2.3
1e+
1.2.3
1e+
1e+
+
1e-
abc
abc
.
.
-
+
1e+
1e-
++1
-
1e+
.
0e
++1
-
1e-
.
+
0e
.
--2
1e
-
1e-
e10
e10
++1
1e
1.2.3
-
--2
+
1.2.3
abc
.
1.2.3
1e
1ee2
0e
1.2.3
.
++1
0e
--2
--2
++1
000.e
000.e
-
1ee2
1e-
1e+
1e+
e10
++1
e10
000.e
--2
1e+
1.2.3
-
.
e10
1e-
1e+
abc
e10
++1
0e
1e
1ee2
1e
e10
-
+
--2
1e+
--2
1e-
.
0e
1e
1e+
+
-
.
1e+
000.e
abc
+
1ee2
-
000.e
1ee2
1e+
+
1ee2
1.2.3
000.e
abc
1e+
1ee2
-
0e
abc
1e-
1.2.3
e10
e10
1ee2
abc
.
.
1ee2
.
++1
1e-
0e
--2
--2
-
e10
1.2.3
1e-
1.2.3
0e
1e-
.
--2
+
1ee2
1.2.3
-
000.e
+
1e-
1e
++1
++1
++1
0e
1e
e10
abc
++1
--2
+
-
1.2.3
-
1.2.3
1ee2
-
abc
abc
abc
000.e
+
--2
++1
--2
1e+
1e-
1e-
0e
1ee2
1e
abc
e10
-
1e
--2
1.2.3
.
1e
--2
1e+
++1
1e-
1e-
abc
e10
1e-
1ee2
1e+
1.2.3
1e-
+
.
1.2.3
1.2.3
1e+
1e-
+
1e+
.
0e
000.e
000.e
e10
+
++1
0e
abc
1e
.
.
1e
1e+
--2
1.2.3
000.e
abc
++1
1ee2
++1
.
1ee2
1.2.3
0e
1e-
000.e
1ee2
0e
.
e10
1e-
1.2.3
000.e
1.2.3
-
000.e
1e-
++1
++1
1e-
1e
abc
1.2.3
1e+
++1
1e-
abc
1e+
e10
-
e10
000.e
1ee2
0e
1.2.3
1e
++1
--2
.
1.2.3
000.e
1e
--2
abc
.
+
1ee2
++1
abc
+
1e
.
abc
.
++1
1e
1e
1e
1e+
000.e
1e+
--2
000.e
1.2.3
0e
abc
-
+
1e-
++1
e10
-
.
.
000.e
--2
--2
++1
1ee2
e10
+
.
+
-
.
++1
1e
0e
1e-
0e
0e
000.e
1ee2
abc
1e-
1e
1e+
-
--2
000.e
1e-
1ee2
1.2.3
-
1e-
.
e10
++1
abc
+
--2
000.e
000.e
--2
e10
.
000.e
0e
--2
--2
.
0e
--2
1e+
1e+
1e-
++1
1ee2
1e-
1ee2
e10
.
-
1e-
1e+
1e+
.
1e-
.
-
-
1e
-
-
abc
000.e
+
1ee2
0e
-
1e-
abc
0e
.
1e
abc
1e
1e+
--2
0e
--2
1e-
1ee2
+
000.e
1ee2
e10
000.e
0e
e10
e10
+
1e
--2
--2
1e-
0e
--2
-
1e
1.2.3
+
++1
++1
+
++1
1e
-
1.2.3
++1
0e
-
0e
1.2.3
+
++1
1ee2
0e
1e+
--2
1ee2
--2
++1
000.e
-
1e-
1.2.3
.
1ee2
+
1ee2
1ee2
--2
1e
e10
1e
1.2.3
0e
abc
--2
--2
1e
1e+
e10
1e+
1.2.3
abc
1e+
+
000.e
1e-
1e
e10
++1
1.2.3
1.2.3
+
.
.
.
1.2.3
+
abc
+
.
++1
-
1e
--2
-
--2
+
-
++1
1e+
000.e
1e-
1e
1ee2
+
e10
1e-
1e+
abc
000.e
.
1.2.3
-
1.2.3
000.e
1ee2
+
+
+
1.2.3
--2
1e
1e-
1e
e10
1e-
1e-
-
.
e10
1e+
000.e
1e
.
1.2.3
000.e
--2
1e
1.2.3
1.2.3
.
1e-
.
000.e
0e
--2
1e-
e10
1.2.3
--2
e10
abc
0e
1e+
1e-
+
000.e
000.e
0e
1e-
1.2.3
1ee2
-
1e+
e10
.
1e
+
.
+
-
e10
e10
1e-
++1
--2
000.e
000.e
0e
++1
1ee2
1.2.3
--2
000.e
--2
.
-
0e
1e-
e10
e10
.
abc
1e
1e
000.e
1e+
e10
1e
.
-
+
-
1e-
0e
e10
0e
+
1e
e10
.
1ee2
0e
--2
abc
abc
-
1.2.3
++1
1.2.3
+
+
-
-
0e
000.e
-
1e+
1e+
1.2.3
1e
+
e10
1ee2
+
1e
++1
-
1e-
++1
1e+
1e
1.2.3
.
1e
1.2.3
++1
1.2.3
++1
+
-
1e
1ee2
++1
--2
+
.
abc
abc
--2
1.2.3
abc
1e+
000.e
--2
+
abc
-
000.e
1e
1.2.3
++1
--2
abc
-
1.2.3
1e
1ee2
abc
0e
e10
--2
.
++1
0e
-
000.e
--2
1e
1ee2
-
000.e
1e
.
1e+
.
--2
1.2.3
1.2.3
e10
1e
abc
1e+
abc
--2
+
1e-
1.2.3
0e
000.e
--2
000.e
abc
-
1ee2
1e+
--2
000.e
0e
-
-
1e-
1e-
+
1.2.3
1e
1e-
1e+
++1
abc
++1
1e-
000.e
.
1.2.3
+
1e+
.
0e
1.2.3
-
-
.
e10
++1
e10
+
1.2.3
1.2.3
1e-
1e-
.
1e
0e
e10
abc
1.2.3
abc
1.2.3
-
1e
e10
1e+
000.e
000.e
000.e
+
0e
+
--2
0e
--2
+
1ee2
-
1ee2
1e-
--2
--2
0e
000.e
1e+
.
1.2.3
+
e10
1.2.3
1e
--2
1e+
abc
1e
1.2.3
+
0e
000.e
++1
+
abc
1e+
1ee2
e10
1.2.3
+
+
1e
abc
1e-
1ee2
1ee2
-
--2
000.e
--2
1e-
000.e
1ee2
--2
--2
.
1e+
1.2.3
+
abc
e10
--2
+
e10
++1
++1
++1
1.2.3
000.e
.
e10
++1
++1
++1
++1
--2
e10
000.e
+
1e-
1.2.3
1.2.3
1e
-
1e-
.
0e
++1
1.2.3
-
0e
1.2.3
-
--2
1e-
000.e
1e+
++1
1ee2
000.e
1.2.3
e10
abc
1e
-
.
000.e
.
0e
1.2.3
+
abc
-
e10
-
abc
--2
+
abc
1e+
0e
e10
++1
+
1ee2
abc
+
+
.
1ee2
1ee2
abc
1e
1ee2
--2
++1
abc
0e
--2
1e+
1.2.3
1e-
.
1ee2
0e
--2
e10
1ee2
1ee2
--2
++1
1e-
1.2.3
--2
1e
1ee2
0e
+
1e-
.
1e
e10
++1
++1
e10
1e-
.
1e-
0e
1e+
+
e10
-
1e+
+
+
1e-
++1
000.e
1ee2
-
.
abc
.
abc
e10
1.2.3
1.2.3
e10
1e
1ee2
1e+
-
--2
--2
abc
-
000.e
--2
0e
+
1e+
.
1e+
++1
+
1e
+
0e
000.e
1.2.3
--2
e10
abc
1e+
0e
1e+
-
1e
e10
0e
1.2.3
--2
++1
.
1e-
000.e
1e+
0e
1e-
1e-
1e+
--2
1.2.3
1ee2
1e+
1.2.3
1e+
.
--2
1e-
+
-
-
1e-
1e-
.
.
e10
1e+
0e
1e
++1
-
.
1e+
.
abc
000.e
0e
e10
1e+
0e
1e+
abc
-
000.e
1e+
.
+
+
+
1e
0e
1e-
1e+
+
e10
1e+
.
--2
1.2.3
1e
000.e
1.2.3
1e
0e
.
1e+
0e
000.e
abc
1e-
000.e
e10
--2
abc
abc
.
0e
0e
e10
1e-
000.e
-
000.e
1.2.3
-
-
1e+
1e+
1ee2
1e-
e10
++1
1.2.3
1ee2
1ee2
1e
1e-
1e+
e10
abc
000.e
1ee2
--2
0e
e10
+
e10
--2
000.e
1ee2
e10
++1
+
1e
1e
-
0e
.
-
+
1e
0e
.
abc
e10
1e
++1
0e
e10
e10
0e
.
--2
0e
e10
0e
-
0e
.
.
1e-
1e+
++1
+
000.e
1.2.3
0e
abc
.
1e-
1ee2
0e
.
--2
1.2.3
--2
1e+
1e-
1ee2
1e
1e+
+
1.2.3
0e
++1
000.e
-
abc
++1
1e
0e
1ee2
abc
.
1e-
--2
e10
1.2.3
1.2.3
0e
1.2.3
1e
1e-
-
--2
1e-
+
1.2.3
-
1.2.3
000.e
--2
1.2.3
0e
1.2.3
abc
1e
1e+
000.e
1ee2
000.e
abc
.
abc
-
1ee2
--2
-
000.e
e10
1e-
000.e
.
abc
++1
--2
.
1e+
1e
000.e
1e
1e+
++1
-
1e+
0e
abc
--2
1ee2
1e+
e10
+
1.2.3
e10
abc
1e
--2
1.2.3
1e+
000.e
1e-
1e-
-
abc
000.e
+
0e
e10
000.e
+
-
--2
e10
.
.
1e+
1e+
.
--2
.
1.2.3
1e
1.2.3
1e
+
1e+
abc
+
+
1ee2
++1
1e
000.e
.
--2
1e+
1e-
-
1e
abc
abc
1e+
0e
1ee2
1.2.3
000.e
++1
1e-
1.2.3
+
1ee2
--2
1e
1e-
000.e
-
1e
1e+
abc
--2
0e
+
abc
1e-
.
1ee2
abc
1e-
1e-
abc
1ee2
000.e
000.e
000.e
--2
++1
++1
000.e
++1
000.e
1e+
++1
1e
1e+
abc
0e
++1
1.2.3
-
1e
abc
1.2.3
0e
e10
++1
1e
1e-
-
0e
+
+
1ee2
+
abc
1ee2
+
abc
--2
1e+
1e
1ee2
1.2.3
e10
0e
--2
1e-
1.2.3
e10
abc
1e+
1e
1ee2
.
++1
e10
1e
++1
1e+
-
.
1ee2
--2
.
1e+
e10
1ee2
1e
000.e
1.2.3
-
e10
1e-
++1
.
1e-
1e
+
0e
e10
1e
.
abc
.
--2
1e
1e+
--2
1e-
1e
+
1e-
--2
abc
+
-
--2
1.2.3
1ee2
1e
.
++1
000.e
+
-
-
1e
1.2.3
1e
.
1.2.3
1ee2
1.2.3
abc
.
-
-
abc
-
++1
1e
0e
1e+
1ee2
--2
.
--2
1e
e10
000.e
1ee2
1e+
0e
1ee2
e10
e10
-
--2
e10
1e+
-
+
+
abc
000.e
000.e
.
1e+
0e
1.2.3
1.2.3
1e
1e-
.
1e
000.e
1ee2
1ee2
0e
.
0e
000.e
-
-
abc
1.2.3
1e
-
1.2.3
1.2.3
++1
1.2.3
abc
e10
000.e
0e
e10
++1
000.e
--2
+
1.2.3
1e+
++1
abc
-
1.2.3
1ee2
0e
-
-
1e+
abc
++1
1e
1e+
1e-
0e
0e
1e
++1
--2
000.e
1ee2
e10
.
abc
+
1ee2
.
000.e
.
-
0e
1ee2
+
e10
0e
.
1e
1e-
e10
1.2.3
1e
1e+
0e
1e-
e10
1e-
++1
e10
1e-
abc
1e-
abc
.
abc
e10
000.e
000.e
1e
abc
1e
0e
++1
0e
+
.
1e
1ee2
-
+
+
1e-
abc
+
abc
0e
+
abc
000.e
+
1ee2
1ee2
1ee2
0e
000.e
+
-
++1
1e-
--2
1e
1ee2
++1
1ee2
000.e
1e+
.
1.2.3
-
1.2.3
0e
1e-
.
e10
000.e
+
abc
000.e
0e
000.e
1e+
0e
1e+
000.e
1e+
e10
1.2.3
0e
1ee2
++1
1.2.3
1e+
1e+
--2
000.e
0e
000.e
+
+
abc
1ee2
1ee2
1ee2
1ee2
1ee2
--2
.
000.e
1e-
abc
abc
1ee2
1.2.3
1ee2
000.e
1e-
.
0e
abc
1e+
--2
1ee2
1e+
1e-
.
e10
000.e
1.2.3
1e-
abc
1.2.3
abc
1.2.3
abc
--2
000.e
000.e
1e
.
.
abc
+
e10
1e+
-
.
1e
--2
1e
1e
.
e10
1e+
+
1ee2
1e+
1e-
abc
+
++1
0e
0e
1e-
abc
.
.
-
1.2.3
1ee2
-
e10
-
abc
e10
.
e10
abc
++1
1.2.3
+
1.2.3
1e-
e10
1e+
0e
0e
--2
0e
1ee2
000.e
e10
1ee2
1ee2
000.e
0e
abc
e10
.
++1
+
1e+
++1
--2
0e
1ee2
1e-
+
000.e
1.2.3
+
1e
0e
.
1e+
abc
++1
++1
000.e
e10
0e
+
abc
1e-
.
.
.
-
++1
+
-
0e
--2
1.2.3
--2
1e
1ee2
0e
-
e10
1e
--2
000.e
0e
1.2.3
000.e
--2
1e+
+
0e
--2
++1
1e-
1e+
.
+
-
++1
1e-
1ee2
1e
1ee2
1ee2
1ee2
e10
.
abc
1e-
1ee2
0e
1e-
--2
e10
1e-
1.2.3
.
1e-
abc
0e
.
++1
1e
1e
0e
abc
e10
.
1.2.3
1e-
+
1e-
1e
++1
1e+
--2
1.2.3
-
1e
e10
1e+
1e+
1e+
0e
+
000.e
++1
1e-
1.2.3
1.2.3
+
+
++1
--2
000.e
0e
.
0e
e10
1e-
0e
--2
abc
1e
1ee2
+
000.e
.
1e+
-
e10
-
1e
--2
000.e
abc
--2
.
1ee2
1.2.3
1.2.3
0e
1e-
1.2.3
-
000.e
--2
1e+
1ee2
abc
0e
1ee2
++1
000.e
1e
--2
1.2.3
000.e
000.e
1ee2
1e
1.2.3
1.2.3
000.e
abc
1e-
++1
1e+
1.2.3
e10
0e
++1
+
000.e
abc
e10
1e+
1e+
--2
abc
--2
--2
--2
0e
1ee2
++1
1ee2
-
+
-
abc
abc
abc
.
1e-
+
abc
--2
e10
1.2.3
--2
++1
1.2.3
abc
+
+
1ee2
e10
1e-
1e+
e10
1.2.3
1.2.3
1e+
e10
1.2.3
e10
1e
0e
.
abc
1ee2
0e
1e
.
1ee2
1e+
e10
e10
1e+
1ee2
1ee2
abc
.
.
1e
abc
--2
++1
--2
1ee2
1.2.3
1e-
++1
abc
1e+
++1
.
++1
++1
--2
.
1e-
++1
++1
1e+
1e+
-
1e
1.2.3
1ee2
+
.
--2
-
+
1.2.3
.
++1
000.e
1e
1.2.3
0e
1e
1e
--2
000.e
1.2.3
++1
1e-
0e
+
000.e
1ee2
.
1e-
1ee2
+
1e+
+
1.2.3
abc
0e
000.e
e10
-
abc
abc
000.e
.
1e+
1e-
1.2.3
000.e
1.2.3
--2
1e-
0e
1ee2
1e-
++1
1ee2
+
1ee2
+
1ee2
000.e
000.e
--2
.
1e
.
1e+
abc
1ee2
1ee2
++1
1.2.3
1e-
++1
e10
1e+
++1
000.e
++1
1.2.3
1e
1e-
.
1e
0e
1e+
--2
1.2.3
abc
1e-
1e+
++1
1e+
--2
abc
.
1e+
-
++1
1ee2
++1
000.e
000.e
+
1e
.
1e-
e10
--2
1e
000.e
1.2.3
1e
1.2.3
1.2.3
++1
.
0e
+
1e-
.
abc
e10
-
--2
1e
1ee2
1e+
1e-
--2
1.2.3
++1
1e
000.e
+
--2
1.2.3
1ee2
000.e
-
.
1e-
+
-
+
.
+
-
0e
+
+
1e-
.
--2
++1
1e
1ee2
--2
e10
1e+
1.2.3
--2
1ee2
abc
1e+
1ee2
+
1ee2
-
000.e
++1
++1
--2
-
1e-
1e+
-
1ee2
1.2.3
1e
1e-
0e
000.e
-
++1
--2
e10
1e+
0e
1e-
++1
000.e
-
1.2.3
abc
1e+
--2
+
1ee2
1e-
000.e
1e+
1e+
+
--2
-
-
000.e
1e-
++1
1e-
1.2.3
1e
abc
+
abc
1e+
1ee2
1e-
1ee2
0e
1e
1e+
+
+
1e-
++1
1.2.3
1ee2
abc
1ee2
1e-
.
--2
1e
000.e
--2
1ee2
1e+
1.2.3
e10
e10
-
--2
1e-
1e
000.e
+
e10
0e
0e
-
1e-
000.e
1e-
1ee2
1e-
.
1.2.3
e10
e10
+
+
1ee2
1.2.3
1.2.3
abc
0e
-
abc
0e
+
abc
.
e10
0e
++1
1.2.3
0e
1e+
+
1ee2
++1
+
.
0e
1.2.3
1e-
.
1e+
+
-
e10
000.e
e10
e10
1e+
0e
.
1e-
--2
++1
+
+
1.2.3
e10
1e-
1e-
0e
.
1e
abc
+
1ee2
1e+
--2
.
1e-
++1
1e
+
1ee2
e10
1.2.3
1.2.3
1.2.3
e10
.
++1
1e+
abc
0e
abc
1e-
000.e
1e-
1ee2
1ee2
--2
abc
0e
.
-
--2
0e
--2
1e-
1e
--2
1e-
1e
000.e
1e-
e10
1e
000.e
1ee2
abc
1e-
1ee2
1e
.
e10
1.2.3
1e+
1.2.3
000.e
+
e10
1.2.3
.
0e
--2
e10
1ee2
1e
000.e
abc
0e
000.e
1.2.3
1ee2
1e-
1e+
++1
abc
0e
0e
1e+
.
-
.
0e
e10
1.2.3
1e-
000.e
+
1ee2
1e-
e10
--2
+
0e
1e+
000.e
1e+
1ee2
abc
000.e
1e+
0e
1e-
1e
1ee2
++1
1e-
--2
++1
.
e10
--2
e10
1e
1e-
1.2.3
0e
--2
--2
-
-
abc
e10
1e
000.e
+
--2
abc
1.2.3
--2
.
e10
+
1ee2
1.2.3
1e-
1ee2
000.e
1.2.3
+
--2
1e-
1e-
1.2.3
1e
abc
e10
+
1e+
000.e
e10
1.2.3
1e-
1e+
.
1e+
.
000.e
++1
1e
1e-
-
1e+
+
++1
abc
+
abc
.
1e
1e+
1e-
1ee2
abc
abc
--2
000.e
1.2.3
000.e
e10
e10
e10
000.e
e10
e10
1ee2
-
0e
1e-
+
abc
++1
1.2.3
+
abc
1.2.3
-
.
1.2.3
.
++1
.
e10
++1
1e
e10
1ee2
e10
1.2.3
1e+
1e-
1.2.3
1e+
1ee2
e10
1e+
1e
1e
e10
+
1e+
1e
++1
-
+
.
1.2.3
0e
1e-
1e
1ee2
1e+
e10
1e
1e-
+
1e+
--2
1e-
-
0e
1.2.3
+
1e-
1ee2
abc
1.2.3
--2
.
1e-
++1
1e+
abc
1e+
abc
--2
-
.
.
1.2.3
1e-
+
e10
--2
1e
-
1e+
+
000.e
-
e10
1e-
000.e
1.2.3
000.e
1.2.3
--2
1e
-
+
1e+
1e+
1ee2
+
--2
+
1ee2
1e-
abc
1e-
--2
1ee2
000.e
1.2.3
e10
--2
.
1e
1e
e10
1e-
++1
1ee2
.
1e+
++1
e10
1e+
1e+
--2
1ee2
abc
1ee2
1e
++1
.
1e+
++1
--2
+
1e
abc
1.2.3
1ee2
.
1e
1.2.3
1e
1e-
1e+
1ee2
000.e
e10
--2
000.e
.
1e+
++1
1e-
0e
+
1ee2
--2
1ee2
e10
e10
--2
-
.
1e+
--2
.
1ee2
e10
.
1.2.3
1e
1e+
0e
-
-
1e-
000.e
abc
+
1e-
1e-
.
abc
+
abc
1ee2
--2
abc
--2
0e
1.2.3
0e
-
abc
1.2.3
+
.
++1
e10
1e-
1e-
.
0e
1e
+
++1
abc
1ee2
1e
1e+
e10
+
1e+
--2
++1
.
e10
.
1ee2
e10
.
e10
++1
1e+
1ee2
.
+
e10
0e
000.e
++1
1e+
--2
--2
+
-
++1
1ee2
.
1ee2
++1
.
--2
1ee2
abc
++1
--2
1e
000.e
1.2.3
-
--2
1e
1.2.3
0e
1ee2
-
1e+
abc
1e-
000.e
000.e
+
--2
1e-
1ee2
--2
1e-
--2
0e
abc
1e
000.e
.
.
1e
.
1e+
1ee2
0e
1e+
0e
++1
000.e
1ee2
--2
1ee2
1e+
1e+
++1
1ee2
abc
++1
e10
abc
1.2.3
1e-
1e-
--2
000.e
-
1e
1e-
1.2.3
1.2.3
1ee2
1e
.
1.2.3
0e
++1
abc
1e
abc
-
e10
-
--2
1e-
1.2.3
1.2.3
000.e
1.2.3
e10
++1
1ee2
++1
--2
1.2.3
+
e10
0e
+
1e-
abc
1e+
1.2.3
.
0e
.
-
1e+
-
.
+
0e
1e+
-
+
1.2.3
.
1e
abc
-
1.2.3
+
e10
1ee2
1ee2
++1
+
.
0e
-
abc
.
++1
1.2.3
1e
1e+
.
1e-
abc
++1
000.e
000.e
++1
0e
1e-
1e
0e
++1
000.e
0e
0e
+
1e
++1
abc
-
.
000.e
e10
1e-
1.2.3
--2
+
0e
.
0e
.
abc
+
--2
e10
0e
e10
abc
1.2.3
1ee2
.
-
-
000.e
1e+
abc
1e
1.2.3
--2
0e
0e
000.e
abc
+
+
1ee2
++1
1ee2
++1
.
1e-
++1
1e+
abc
++1
1e
1e
++1
1e+
1e
++1
+
-
000.e
1e+
1e
e10
e10
000.e
1e-
1e
0e
1e
--2
+
e10
1.2.3
1e+
000.e
--2
1e+
abc
0e
000.e
1ee2
1.2.3
abc
1ee2
1.2.3
-
1e+
.
+
abc
.
1e+
--2
++1
++1
e10
1ee2
1.2.3
1e
0e
1.2.3
++1
--2
1ee2
abc
1ee2
-
+
0e
1.2.3
abc
000.e
++1
000.e
1e+
1e-
.
1e+
-
1e
1ee2
1e-
e10
1e-
++1
-
000.e
1.2.3
0e
+
e10
000.e
++1
1e-
1.2.3
.
.
000.e
+
1e
1e-
abc
.
-
1e
--2
++1
1e
++1
e10
1e+
-
1e-
1ee2
1ee2
abc
+
1e+
1e-
-
+
+
0e
1.2.3
.
--2
++1
++1
++1
--2
000.e
--2
1e+
0e
--2
1ee2
1e+
abc
1e-
1ee2
1e+
+
abc
1ee2
1e-
e10
0e
1e-
+
-
1e-
+
1e
1e-
+
.
+
1ee2
0e
1e-
1e-
1e-
1ee2
e10
1ee2
000.e
1e+
1e-
abc
e10
1e-
000.e
1ee2
--2
0e
1e
--2
1e-
abc
+
.
1ee2
1e-
1e
abc
1e+
abc
1ee2
--2
abc
.
0e
.
++1
-
-
1e
0e
000.e
000.e
-
.
1e+
000.e
++1
++1
1.2.3
-
++1
1e
1e+
++1
--2
+
+
++1
1e-
abc
1e+
++1
-
000.e
1ee2
1e-
1e
000.e
1ee2
.
--2
-
++1
-
1e
+
1e-
--2
--2
1e-
000.e
000.e
0e
0e
1.2.3
--2
1ee2
1e
+
e10
1ee2
--2
1ee2
1.2.3
-
++1
abc
--2
e10
1e+
1e+
000.e
abc
-
+
1ee2
++1
0e
0e
+
1ee2
1.2.3
abc
++1
1e
--2
++1
++1
--2
--2
abc
1e-
1e-
1e-
1ee2
.
-
1.2.3
000.e
.
abc
.
--2
e10
+
-
+
000.e
abc
000.e
1e-
abc
++1
-
1e-
.
000.e
1e-
+
e10
-
+
1.2.3
1e-
.
1e
1ee2
1ee2
000.e
-
--2
1e
e10
000.e
1e-
000.e
1.2.3
1ee2
-
1e-
1e-
.
abc
1e+
000.e
-
abc
+
abc
1e-
.
1.2.3
abc
--2
.
000.e
1.2.3
0e
1e
000.e
e10
+
0e
+
1ee2
1.2.3
0e
0e
+
abc
1e-
.
abc
1e
+
1e
e10
000.e
.
++1
.
1ee2
1.2.3
.
000.e
--2
1e+
--2
1e
1.2.3
1e+
1e+
000.e
1.2.3
000.e
1e-
000.e
0e
--2
--2
abc
--2
1e-
1e+
1.2.3
1.2.3
1.2.3
--2
++1
++1
1ee2
1e+
1e-
.
1e+
+
--2
-
1e-
1ee2
--2
1.2.3
1.2.3
1.2.3
000.e
+
1e+
1ee2
--2
-
1.2.3
.
000.e
1ee2
+
1e+
e10
1e
1e+
++1
abc
1e
1.2.3
--2
-
1.2.3
-
000.e
abc
abc
000.e
abc
+
1e+
000.e
.
+
abc
1e+
1e-
1e+
.
1e
-
1.2.3
--2
000.e
1e
1e-
1e+
000.e
.
1e+
0e
1.2.3
1e-
1ee2
abc
1e+
1ee2
1e-
abc
abc
abc
1e-
abc
1e
-
e10
+
.
1e
e10
--2
--2
1e+
1ee2
.
e10
1e+
e10
0e
++1
0e
0e
1.2.3
1e
1ee2
1e+
1.2.3
-
.
1e+
-
1e-
abc
1e-
-
.
1ee2
1e
1e+
++1
+
e10
abc
1e+
abc
1ee2
000.e
0e
000.e
1e
1.2.3
++1
++1
1e-
1ee2
++1
1e-
1.2.3
1e-
++1
+
1e
1e-
1.2.3
0e
0e
-
abc
e10
1e-
1ee2
0e
000.e
+
1.2.3
000.e
1e+
1e+
--2
1e
+
1.2.3
+
e10
.
e10
e10
1.2.3
.
e10
0e
1.2.3
1e-
1.2.3
++1
000.e
000.e
1e
-
abc
1.2.3
1ee2
+
1e-
1e
-
e10
e10
++1
++1
000.e
abc
.
1e+
1ee2
--2
-
1e
1e
000.e
1.2.3
abc
.
1e
+
++1
1e-
1e+
.
1e
e10
+
+
--2
+
1e-
+
1e
1e-
0e
+
1e
0e
1e+
--2
0e
1e-
1.2.3
1e+
1e-
1e
abc
e10
.
-
+
1.2.3
1.2.3
1ee2
e10
1.2.3
0e
1e-
1ee2
e10
.
-
1e-
.
1.2.3
--2
1e
1ee2
--2
1e
000.e
1.2.3
++1
--2
1ee2
.
0e
1e-
1ee2
0e
+
1e
abc
++1
000.e
--2
1e
1.2.3
e10
--2
1.2.3
1e+
e10
1ee2
1e+
e10
--2
e10
000.e
1e+
1e
.
1e-
+
--2
.
+
.
0e
.
++1
0e
++1
+
1e-
abc
1.2.3
-
1ee2
--2
1e
e10
1e
1.2.3
000.e
1ee2
+
000.e
1e+
0e
++1
abc
+
000.e
++1
e10
1ee2
+
e10
++1
-
--2
.
0e
e10
1e-
abc
1e
-
--2
1e
1ee2
000.e
+
1.2.3
000.e
abc
+
0e
1e
1.2.3
abc
++1
1ee2
1e-
1e-
000.e
1ee2
1ee2
abc
1e+
-
.
1e-
abc
abc
.
1e+
abc
.
1e-
0e
1e+
e10
1e-
.
1e
1e
+
++1
0e
.
++1
1e
1.2.3
abc
000.e
+
e10
1e-
--2
++1
+
-
0e
1e+
-
--2
+
1ee2
e10
1e-
+
-
++1
abc
000.e
1.2.3
abc
e10
1.2.3
000.e
abc
.
--2
000.e
+
.
0e
1ee2
1e+
++1
1e
0e
e10
000.e
.
0e
e10
1e
1e
1ee2
--2
.
1.2.3
000.e
+
--2
+
--2
0e
e10
0e
.
--2
1e-
.
1e-
abc
--2
1ee2
000.e
e10
1e+
.
--2
-
++1
--2
1e+
000.e
.
--2
1ee2
1e+
abc
1ee2
--2
++1
1e
e10
1e
1e+
1e+
--2
-
abc
abc
0e
-
-
-
1e
1e-
1ee2
abc
1.2.3
abc
000.e
e10
1ee2
abc
1.2.3
1e
++1
0e
1e+
1.2.3
+
.
1e+
-
1ee2
1e-
--2
-
--2
1e
++1
e10
1e-
-
.
-
abc
--2
e10
.
abc
--2
000.e
1e+
e10
.
1ee2
1e+
abc
1e
e10
--2
-
++1
+
1e+
++1
--2
abc
1ee2
000.e
++1
abc
1.2.3
0e
.
++1
-
e10
++1
1ee2
.
.
1ee2
000.e
000.e
1.2.3
.
--2
.
+
e10
+
1e
e10
1e-
1e-
++1
1e+
abc
1ee2
-
0e
1.2.3
1.2.3
++1
1e-
+
e10
1e+
1e-
-
++1
abc
1e-
1.2.3
e10
++1
-
--2
abc
1.2.3
0e
+
-
++1
e10
+
1e
e10
1e
1ee2
--2
1.2.3
1e+
1e-
+
+
e10
++1
abc
abc
1e-
1e-
1.2.3
000.e
-
e10
000.e
.
e10
000.e
-
abc
1e-
+
1e+
+
1e+
++1
++1
.
--2
1e+
1.2.3
1e
1e+
-
1e-
.
+
++1
abc
0e
--2
.
0e
.
abc
1.2.3
1ee2
1ee2
-
e10
1ee2
1ee2
1e-
.
--2
1.2.3
1ee2
1e+
++1
e10
1e+
abc
0e
-
000.e
--2
0e
abc
0e
1.2.3
1e-
000.e
+
-
-
000.e
e10
.
1ee2
--2
1e+
+
1.2.3
e10
+
1e-
e10
1e+
e10
abc
abc
1.2.3
++1
++1
++1
1ee2
+
++1
0e
+
0e
1e+
+
++1
.
.
1ee2
e10
+
e10
1e+
0e
1e-
abc
1e
1ee2
-
1ee2
--2
1e
.
1e
abc
e10
++1
abc
1e+
abc
-
.
0e
1.2.3
000.e
1.2.3
1e
1e
1.2.3
1e
1e-
-
+
--2
000.e
1e
--2
abc
--2
000.e
e10
1e+
1e
abc
abc
1e
abc
0e
1e+
1e-
0e
1e
e10
--2
.
1e+
abc
1e-
++1
--2
.
abc
--2
1e-
-
1.2.3
1ee2
0e
000.e
--2
000.e
1e-
1e+
1.2.3
.
e10
0e
1.2.3
1.2.3
abc
1e
--2
000.e
1e-
000.e
e10
.
--2
abc
abc
--2
1e-
+
-
000.e
1.2.3
+
1e
-
++1
1e+
1e+
++1
e10
1.2.3
1.2.3
abc
1e+
--2
1ee2
1e+
--2
+
--2
e10
abc
1.2.3
000.e
1ee2
e10
1.2.3
--2
++1
1.2.3
-
abc
abc
0e
1ee2
-
--2
++1
++1
abc
1.2.3
0e
0e
0e
1e-
000.e
1e-
1e
+
1.2.3
e10
1e
1e
--2
0e
1.2.3
.
++1
abc
1.2.3
1e+
1ee2
--2
1e
.
1.2.3
-
-
0e
1e-
abc
0e
0e
1.2.3
1e-
-
1e-
0e
-
1.2.3
1e-
1e
e10
+
abc
0e
0e
1ee2
1e
1e+
0e
e10
++1
-
1ee2
000.e
+
+
+
-
++1
+
1e-
1e+
1ee2
1e+
1e-
+
++1
1e+
+
1e+
e10
.
1e+
1ee2
1e-
abc
1.2.3
1e+
1e-
e10
1.2.3
++1
0e
--2
000.e
++1
+
0e
1ee2
++1
1e-
--2
+
1e+
+
1e
1e+
1e
000.e
000.e
000.e
+
abc
.
abc
1e
1.2.3
+
000.e
1e+
e10
++1
+
1e-
-
1e+
1e-
0e
abc
1e+
1e
1.2.3
000.e
1.2.3
1e+
1.2.3
0e
-
1e-
--2
1e+
e10
-
abc
--2
1e
1e+
-
1e
000.e
--2
1e
1e
1e+
1e+
1.2.3
1e+
1e+
000.e
abc
+
1e
.
abc
1e+
-
0e
0e
1e+
0e
1e
000.e
-
++1
000.e
1e-
000.e
1e-
1.2.3
1e
++1
e10
.
1e+
1e+
++1
1.2.3
-
1e-
000.e
1e
1ee2
abc
.
e10
e10
1e
+
--2
1e-
+
1e
1e
++1
0e
-
0e
000.e
.
e10
e10
1.2.3
1e+
1e
1ee2
1.2.3
++1
-
-
--2
++1
1e
e10
abc
000.e
1.2.3
1e
1e
1e
.
--2
1e+
1e+
1e+
0e
1e-
e10
000.e
0e
--2
1e
--2
abc
abc
1.2.3
+
1e-
1ee2
--2
+
abc
1e
000.e
1ee2
0e
1e-
--2
+
1e-
1e+
1e-
+
1ee2
1e+
-
-
1ee2
1.2.3
--2
1.2.3
abc
000.e
1.2.3
1e+
1e+
-
0e
1e
1ee2
e10
000.e
--2
--2
-
abc
abc
1e
1ee2
1.2.3
+
abc
-
+
++1
1e-
.
+
1.2.3
++1
1e+
0e
abc
000.e
-
e10
000.e
000.e
1e+
abc
+
++1
1e-
0e
1e+
0e
-
.
e10
-
1ee2
++1
++1
abc
1e+
1e-
--2
1e+
abc
1e
e10
1e+
0e
000.e
1e-
0e
1.2.3
1e-
1.2.3
1e-
1e-
0e
000.e
.
1e
1e-
1.2.3
1e-
--2
-
1ee2
1e
0e
.
abc
--2
+
1ee2
abc
000.e
1.2.3
--2
0e
0e
-
abc
+
1ee2
0e
1e
abc
000.e
+
0e
+
-
1e
-
1.2.3
1.2.3
abc
000.e
e10
-
0e
1e-
abc
.
1e
1e+
-
--2
+
--2
-
000.e
0e
0e
1e-
0e
abc
+
--2
000.e
e10
e10
1.2.3
++1
abc
1e-
.
1e
e10
1e+
000.e
1e-
+
+
.
1e+
0e
000.e
e10
.
.
++1
1e
1e+
--2
--2
e10
+
1ee2
e10
1ee2
-
+
--2
1e
1.2.3
1e-
--2
e10
000.e
++1
0e
1ee2
--2
+
.
-
0e
000.e
1e-
1e-
1ee2
000.e
.
0e
1ee2
1ee2
.
+
+
+
e10
--2
abc
.
.
1e-
1ee2
1e
1e
--2
1e+
1e-
1e
--2
--2
.
+
1ee2
1e
1e
+
--2
0e
1.2.3
abc
-
1ee2
1.2.3
1e
.
0e
e10
.
e10
-
abc
+
1ee2
000.e
1e+
.
++1
1e
1e-
1e+
000.e
+
000.e
1e
--2
000.e
--2
0e
1e-
1e
1e
0e
1e+
1e+
.
--2
1e
++1
0e
000.e
-
abc
--2
1ee2
--2
.
abc
-
-
--2
000.e
-
1.2.3
e10
1e
1e
000.e
abc
.
-
-
--2
.
0e
-
0e
+
-
abc
0e
.
1e-
.
1ee2
++1
0e
1e
++1
+
1e-
1e
1e
e10
e10
1e-
++1
--2
1e-
1.2.3
1ee2
1ee2
abc
1ee2
e10
.
1ee2
+
--2
e10
000.e
1e+
1e+
.
1e-
++1
1e
1.2.3
1e
1e
.
000.e
e10
.
1e-
1e
--2
1ee2
1.2.3
abc
-
0e
e10
abc
000.e
abc
-
000.e
+
.
e10
e10
1e-
000.e
-
.
abc
1.2.3
1.2.3
--2
++1
0e
1e-
1e-
++1
1e
1e
e10
1e+
abc
--2
1.2.3
0e
1e+
+
1ee2
000.e
+
1e-
abc
1e
abc
1e+
++1
000.e
e10
.
.
++1
e10
+
0e
e10
1e
1.2.3
e10
e10
1e+
++1
1ee2
++1
+
1ee2
+
+
++1
-
--2
0e
+
1e+
-
0e
e10
0e
000.e
--2
0e
1.2.3
.
1ee2
.
000.e
1e+
1e-
0e
1e-
1e+
-
1e
1e-
1e-
1e
1ee2
1.2.3
1e
1.2.3
1.2.3
-
1e-
1ee2
-
1ee2
000.e
-
-
1e+
1ee2
--2
abc
1.2.3
abc
000.e
.
+
1e
1.2.3
-
0e
1e-
abc
-
.
1e-
-
0e
1e
000.e
.
0e
.
++1
1e
1.2.3
1.2.3
.
-
+
-
0e
1e
1e+
1e-
1ee2
+
000.e
--2
1ee2
1e-
1e+
e10
1ee2
1ee2
+
abc
.
++1
e10
1e-
1.2.3
0e
.
+
+
1e-
e10
-
++1
1.2.3
1.2.3
--2
+
1.2.3
0e
--2
1e+
++1
.
1.2.3
1ee2
++1
1ee2
1ee2
--2
++1
--2
1.2.3
+
000.e
1.2.3
++1
1ee2
e10
000.e
e10
--2
1.2.3
1e
1e+
000.e
e10
1e-
1e-
e10
0e
000.e
-
-
1e-
+
e10
1e+
1.2.3
000.e
--2
.
000.e
1e-
1e+
1e+
1.2.3
--2
1ee2
abc
1e
000.e
abc
e10
1e+
abc
-
e10
--2
1e-
1e+
1e+
++1
abc
000.e
1.2.3
abc
1e+
abc
1ee2
1ee2
+
+
1e-
1.2.3
1e+
-
1.2.3
000.e
1e
1.2.3
1e-
e10
1e-
1ee2
e10
e10
e10
-
e10
1e+
1.2.3
-
1.2.3
-
0e
--2
++1
abc
1e+
.
1e-
++1
1.2.3
1.2.3
e10
1e-
+
+
1e
-
+
000.e
1.2.3
--2
e10
1.2.3
.
0e
1e
1e
1.2.3
.
1e-
1e+
1.2.3
++1
+
1.2.3
1e
e10
000.e
1.2.3
.
.
++1
1ee2
0e
+
1ee2
1.2.3
+
1ee2
+
1e
1e+
1e-
--2
abc
e10
1e-
--2
1e+
1.2.3
1ee2
1e
e10
++1
e10
000.e
++1
0e
1.2.3
+
+
000.e
1ee2
++1
1e
abc
1e
+
+
1e-
--2
0e
0e
+
1e
+
1ee2
+
1ee2
1ee2
-
1ee2
000.e
++1
1e
e10
.
1e-
1ee2
+
++1
+
e10
0e
.
0e
0e
1e
0e
0e
1ee2
+
000.e
1e-
++1
--2
1.2.3
000.e
-
-
+
++1
000.e
000.e
1.2.3
000.e
1e
+
e10
e10
+
+
1e+
0e
0e
1.2.3
1e
-
1e
1e
1e-
.
-
+
e10
1e+
--2
.
0e
1.2.3
1e+
+
0e
.
e10
1ee2
-
e10
--2
0e
0e
e10
abc
+
1e
+
+
1e+
1ee2
.
000.e
1e-
.
e10
--2
e10
1e+
+
1e
1e
0e
1e+
e10
000.e
1e+
000.e
--2
1ee2
1e
+
abc
+
1.2.3
1e
0e
+
1ee2
-
000.e
000.e
1.2.3
+
e10
+
1e-
1ee2
1e+
e10
1ee2
1e
++1
+
abc
--2
abc
+
000.e
1e+
++1
.
1e+
++1
abc
+
000.e
-
1e-
--2
1ee2
--2
++1
1e+
1e
e10
0e
1.2.3
1e
0e
.
--2
000.e
1e-
1ee2
abc
++1
--2
.
e10
-
+
--2
1e
.
0e
-
--2
1ee2
1e+
0e
++1
.
0e
e10
abc
.
-
1e-
1ee2
1e
1ee2
1e
1e-
000.e
1e
.
000.e
++1
--2
1.2.3
++1
++1
0e
1.2.3
--2
1e
-
000.e
1e
e10
abc
--2
.
000.e
+
++1
abc
1.2.3
++1
0e
1ee2
.
-
-
.
1e+
1e+
abc
--2
1.2.3
000.e
000.e
0e
e10
.
1ee2
1e-
1ee2
++1
1ee2
abc
1e-
000.e
e10
000.e
1.2.3
.
abc
1.2.3
--2
e10
--2
000.e
1e-
-
--2
1.2.3
+
.
1e-
abc
-
e10
e10
+
-
1e+
e10
1e-
.
1.2.3
++1
1ee2
--2
e10
++1
e10
--2
1ee2
++1
000.e
.
--2
+
1e+
.
-
++1
-
000.e
1e-
-
abc
--2
1e-
000.e
.
1e+
--2
e10
++1
1.2.3
+
000.e
++1
-
000.e
--2
1e+
-
abc
.
000.e
-
++1
1ee2
+
+
abc
000.e
++1
-
0e
000.e
1ee2
e10
--2
abc
e10
1e-
1ee2
000.e
+
1.2.3
1ee2
+
e10
1e-
++1
0e
000.e
0e
1.2.3
1e+
0e
e10
1e-
-
--2
1e
.
++1
1ee2
1e
abc
1e+
--2
1ee2
.
0e
1ee2
1e-
1e
++1
0e
1e+
abc
1e+
e10
+
abc
--2
1e+
++1
1.2.3
000.e
++1
.
-
+
1e+
abc
e10
.
000.e
1ee2
000.e
+
1.2.3
.
++1
-
1e
1e-
000.e
1e
-
abc
0e
++1
+
0e
1e-
.
1e-
1ee2
1e+
--2
1e-
++1
1ee2
0e
1e-
abc
0e
e10
1.2.3
1e-
1.2.3
0e
0e
e10
000.e
abc
--2
e10
.
+
1ee2
0e
1e+
1e-
-
000.e
1.2.3
e10
000.e
000.e
0e
-
0e
0e
--2
1.2.3
++1
000.e
1.2.3
++1
.
abc
1e+
++1
000.e
+
1e+
1.2.3
1e+
+
+
--2
.
1e
abc
1e-
e10
-
++1
+
1e+
1ee2
+
000.e
1.2.3
1e-
1e
++1
1.2.3
--2
-
+
--2
1e+
1e
1e
-
1.2.3
abc
1ee2
1ee2
abc
000.e
1e
0e
abc
1e+
1e-
1e-
1.2.3
1e+
--2
1e
e10
1e-
--2
1e+
1e-
1ee2
1e+
1e+
.
e10
1e-
0e
e10
000.e
1.2.3
++1
000.e
1ee2
--2
abc
-
1e-
.
++1
1e-
1ee2
1ee2
000.e
1.2.3
++1
1.2.3
1.2.3
+
1ee2
--2
1.2.3
--2
1e
0e
--2
1.2.3
1e+
-
e10
000.e
++1
+
0e
1ee2
1e-
1e+
1e+
++1
1e
1.2.3
--2
1e
.
1e
0e
-
e10
abc
--2
1ee2
000.e
e10
1.2.3
1e+
1e+
--2
000.e
abc
1e
1e+
++1
1.2.3
abc
1e+
000.e
e10
++1
1ee2
--2
1e+
1ee2
1e-
++1
1e-
-
.
-
.
++1
-
1.2.3
abc
e10
1e-
+
0e
.
e10
0e
abc
0e
1e
.
++1
abc
000.e
1e+
1ee2
1ee2
1ee2
-
--2
abc
-
1e-
e10
1e
000.e
1.2.3
1e-
1e
+
abc
-
1ee2
.
--2
abc
0e
1e-
1e
1e+
000.e
+
000.e
-
1e-
abc
1e-
-
--2
+
0e
1.2.3
1.2.3
--2
+
+
-
++1
0e
1e+
1e+
--2
1ee2
abc
e10
--2
000.e
1e-
++1
--2
-
0e
e10
1ee2
--2
abc
1e
1e
1e-
--2
++1
++1
1.2.3
--2
--2
.
1e
1e
1e-
1ee2
++1
.
000.e
-
++1
abc
1ee2
1ee2
.
1ee2
1e-
+
++1
.
++1
000.e
000.e
.
.
000.e
1e-
1.2.3
1e+
0e
1e
1ee2
0e
--2
abc
e10
1e+
000.e
++1
+
1e-
000.e
1ee2
000.e
000.e
0e
1ee2
++1
-
--2
1e-
000.e
000.e
1.2.3
1e-
--2
+
+
+
1e-
000.e
.
.
1e+
--2
1e
1e-
0e
abc
-
1ee2
1.2.3
1e+
1e
--2
1e+
++1
e10
0e
1.2.3
1e
++1
abc
1e+
1e
.
e10
0e
1ee2
1e+
1ee2
--2
000.e
+
0e
.
.
000.e
1e
++1
abc
1ee2
+
--2
abc
1e
1e-
1e
--2
--2
1e
-
1.2.3
--2
+
1ee2
1e+
1.2.3
1e
1.2.3
--2
e10
++1
1ee2
+
.
1e+
-
.
e10
1e
abc
-
++1
1e
+
-
1ee2
1ee2
1.2.3
1e+
1e-
1ee2
abc
1e
-
e10
+
abc
1e-
e10
+
abc
--2
1e
abc
1e
000.e
1e-
-
1e+
.
abc
0e
e10
1ee2
-
abc
-
1e-
1e-
1.2.3
1e+
1e
-
--2
1e+
abc
++1
1e+
abc
1e
1e-
1e-
1.2.3
.
e10
++1
000.e
1ee2
1e+
--2
++1
-
0e
e10
+
abc
e10
-
++1
1e
1e
.
1e-
-
1e+
1ee2
0e
1.2.3
abc
.
+
e10
++1
000.e
000.e
1e-
0e
1ee2
--2
1e
++1
e10
.
abc
1e
1ee2
--2
.
.
1.2.3
e10
+
0e
0e
1e
--2
1e+
abc
0e
000.e
-
-
0e
--2
1e-
1e-
+
abc
1.2.3
1ee2
000.e
000.e
1e-
-
+
+
+
0e
000.e
--2
1.2.3
1ee2
000.e
1.2.3
+
++1
1ee2
-
0e
0e
--2
1e+
+
-
1e
++1
++1
abc
--2
1e-
e10
1e
-
0e
1e-
++1
--2
1ee2
000.e
--2
.
++1
+
++1
1e
-
1.2.3
1.2.3
++1
e10
1e
-
--2
1e-
++1
e10
000.e
0e
000.e
abc
abc
+
0e
1ee2
-
1e
+
+
e10
-
1e+
e10
-
1ee2
1e+
1ee2
1e+
--2
.
abc
1e-
000.e
++1
1e
0e
+
.
e10
1e
-
1e+
1.2.3
0e
-
1e+
000.e
-
0e
.
1e
1.2.3
1ee2
0e
1e+
1e+
--2
000.e
1.2.3
1ee2
-
e10
1e
-
1ee2
1e
.
e10
1e-
--2
--2
0e
1e-
.
--2
e10
000.e
+
1e
-
1e
1e-
.
1e
1e+
1ee2
1ee2
++1
-
--2
0e
e10
--2
-
0e
1e-
0e
e10
1ee2
e10
1e
-
000.e
+
--2
--2
1e+
++1
1e
1e+
.
abc
++1
.
e10
+
0e
--2
abc
-
--2
.
1.2.3
--2
.
0e
000.e
1ee2
0e
1e+
1e-
+
.
1.2.3
e10
0e
+
e10
e10
+
--2
0e
000.e
.
000.e
1e
--2
1e+
--2
1e
+
e10
1e-
1e-
+
-
abc
000.e
.
++1
--2
0e
0e
000.e
000.e
-
0e
-
.
-
abc
.
.
1e-
0e
e10
1.2.3
1e-
abc
++1
1e+
1ee2
+
abc
0e
1e-
-
1.2.3
000.e
1e+
++1
1e-
1e-
1ee2
1ee2
000.e
--2
1e
1.2.3
000.e
0e
--2
.
0e
0e
0e
1e-
-
+
.
.
e10
++1
1.2.3
++1
--2
1.2.3
--2
+
1ee2
++1
1ee2
++1
1e
++1
e10
000.e
-
.
-
+
abc
1ee2
--2
1e-
1e+
1.2.3
abc
1ee2
1ee2
+
1e
e10
1e
+
+
1e
1e
.
0e
--2
e10
0e
-
++1
abc
1ee2
.
1.2.3
000.e
1e+
e10
1e
--2
+
--2
abc
1e
+
1ee2
e10
1e-
1e
e10
+
e10
abc
1e+
0e
.
1e-
1e
++1
1e+
000.e
1e+
++1
.
abc
++1
+
.
--2
000.e
1e+
1.2.3
abc
-
abc
000.e
1ee2
1.2.3
1.2.3
000.e
--2
abc
+
0e
++1
1ee2
1e
abc
--2
e10
abc
1e
1e+
.
1ee2
0e
1e
-
--2
0e
1.2.3
1e
abc
+
+
e10
1ee2
1.2.3
1.2.3
1e
abc
-
abc
e10
0e
0e
--2
1e+
abc
+
1ee2
1e-
0e
-
.
abc
1e-
--2
.
.
1e
1e
e10
--2
000.e
+
0e
++1
000.e
e10
-
++1
--2
e10
e10
000.e
+
-
-
+
0e
0e
000.e
++1
-
+
--2
.
+
e10
1e-
1.2.3
.
abc
++1
-
1.2.3
abc
abc
--2
1e-
--2
+
++1
1e+
1e
abc
+
--2
1e-
1e-
++1
1e-
.
000.e
1.2.3
1e-
e10
1e
0e
000.e
+
1.2.3
e10
+
--2
+
1ee2
++1
e10
1.2.3
++1
abc
abc
1e
1ee2
1.2.3
0e
++1
000.e
.
e10
1.2.3
abc
e10
-
--2
-
.
1e-
++1
1.2.3
1e
1.2.3
--2
000.e
+
abc
1ee2
e10
1.2.3
.
+
.
1ee2
1.2.3
e10
0e
0e
1e-
.
--2
abc
000.e
+
.
1.2.3
1e-
.
1e-
0e
0e
1.2.3
+
1.2.3
1e+
--2
000.e
1e-
1e+
1e-
e10
1e-
--2
0e
1e-
e10
-
e10
1e-
++1
abc
0e
0e
++1
-
--2
1.2.3
1ee2
1.2.3
1.2.3
000.e
++1
abc
1e+
e10
1e+
1e-
-
e10
1e+
e10
++1
0e
-
0e
000.e
1e
1e+
e10
1e+
1e-
1ee2
000.e
1.2.3
1e
0e
+
1.2.3
0e
.
1e+
1ee2
000.e
-
1ee2
-
-
+
--2
--2
++1
--2
e10
.
abc
0e
++1
+
1e-
.
.
1e
0e
1e+
-
0e
abc
1ee2
0e
++1
1.2.3
.
1ee2
-
000.e
0e
+
1e-
abc
+
1.2.3
-
1.2.3
-
++1
000.e
-
++1
++1
e10
e10
0e
0e
1e-
1e+
++1
1e
-
1e-
e10
0e
++1
1e
000.e
.
e10
++1
++1
1e+
1.2.3
000.e
-
++1
000.e
.
++1
-
abc
++1
--2
0e
.
++1
1e-
+
1e
++1
000.e
000.e
-
1.2.3
abc
++1
abc
1e+
abc
1e-
++1
1e
1ee2
e10
000.e
1ee2
1e
1e-
1e+
+
+
abc
000.e
1.2.3
+
1e-
e10
1.2.3
-
1e+
1ee2
0e
000.e
--2
0e
0e
abc
+
1.2.3
--2
1.2.3
000.e
1e-
1e+
0e
0e
e10
1e-
-
000.e
++1
000.e
--2
.
.
++1
1e
++1
1e+
1e-
e10
1e+
1ee2
1e
000.e
.
1ee2
--2
0e
.
0e
--2
1e+
+
-
1e
abc
++1
1e-
1e-
abc
-
1ee2
0e
.
+
000.e
abc
1e-
--2
1.2.3
--2
1ee2
1.2.3
+
+
+
1.2.3
e10
++1
1.2.3
000.e
1ee2
+
1e+
1e
000.e
1e
+
--2
1ee2
.
.
.
+
++1
.
-
1.2.3
000.e
+
1e
1ee2
abc
1.2.3
-
.
1e-
1.2.3
++1
1e
1.2.3
--2
+
abc
0e
--2
1e
1e-
-
000.e
e10
1e
1ee2
1ee2
000.e
++1
e10
000.e
1e-
++1
abc
1ee2
1e
000.e
1.2.3
1e+
++1
0e
1e-
++1
abc
1e
abc
++1
0e
.
e10
1ee2
000.e
1ee2
1.2.3
.
1.2.3
--2
1e-
++1
++1
1e-
.
.
abc
1e
.
000.e
-
abc
-
abc
1e-
-
.
000.e
.
1e-
--2
+
1e-
abc
1ee2
++1
abc
e10
--2
e10
+
1e
1ee2
0e
1e
++1
1e
++1
1e+
-
1e
1e
1e
e10
+
+
-
1.2.3
.
1e+
++1
.
1e
abc
+
e10
+
++1
--2
e10
000.e
1ee2
e10
1e
1e
++1
000.e
1e-
abc
e10
--2
--2
+
1e
++1
1ee2
1e-
1e-
0e
1e-
.
-
1e-
1e-
1e-
-
e10
1ee2
.
-
1ee2
0e
-
--2
.
1.2.3
e10
000.e
abc
e10
0e
1e
+
1ee2
0e
1e-
1ee2
1.2.3
.
000.e
1e-
000.e
1e
1.2.3
0e
1e
1ee2
--2
-
000.e
1e+
++1
1e-
0e
1e
000.e
--2
1.2.3
1e+
000.e
e10
1.2.3
.
-
.
++1
1.2.3
+
1ee2
1e+
+
1.2.3
.
000.e
e10
0e
1ee2
1e+
e10
1e
-
1.2.3
1e-
1ee2
abc
abc
1e-
1e+
-
abc
000.e
--2
-
abc
++1
0e
e10
--2
000.e
abc
++1
-
--2
0e
-
1ee2
+
1ee2
--2
--2
1e
1.2.3
0e
.
--2
000.e
1ee2
1.2.3
0e
1.2.3
0e
1.2.3
1ee2
.
--2
-
abc
e10
1.2.3
abc
abc
0e
-
1ee2
1e+
-
abc
000.e
++1
--2
-
e10
000.e
e10
.
1e
1e
.
1e+
abc
1e+
abc
++1
1e+
1e+
++1
1e
-
0e
1e
1e
1e-
1e-
0e
1e+
1ee2
.
abc
+
1e-
1.2.3
+
e10
1e-
1.2.3
+
+
-
--2
+
1ee2
.
1e+
0e
+
1e-
1.2.3
000.e
e10
000.e
1e
000.e
+
0e
1.2.3
.
.
-
1.2.3
.
+
e10
1ee2
1ee2
e10
1e
1e+
000.e
000.e
abc
++1
1.2.3
1e
000.e
e10
1e+
1e
--2
-
1ee2
1ee2
.
e10
--2
1e
.
1ee2
1e-
1e+
--2
e10
e10
000.e
1e+
--2
+
1ee2
-
--2
.
++1
1e-
abc
++1
abc
1e
.
000.e
++1
000.e
1e-
e10
0e
1e+
.
-
+
1e-
1e
1ee2
1e+
000.e
--2
abc
1e-
1e-
0e
--2
.
-
1e-
abc
--2
--2
1e-
++1
1ee2
--2
1.2.3
-
1.2.3
.
000.e
.
++1
000.e
-
0e
--2
1e-
0e
++1
--2
0e
+
-
1e
1e+
1.2.3
1e
--2
1e
.
--2
--2
abc
0e
1ee2
000.e
000.e
1e
+
abc
1e-
abc
1ee2
+
000.e
e10
+
1ee2
0e
+
1e-
--2
1.2.3
000.e
-
1ee2
e10
1ee2
+
000.e
0e
1e+
1e-
--2
000.e
1e-
++1
+
1.2.3
++1
0e
+
abc
000.e
+
1ee2
1e-
1e+
0e
+
.
++1
--2
e10
000.e
1e-
++1
--2
1.2.3
1e-
1.2.3
1.2.3
1e+
1ee2
+
1ee2
000.e
e10
1e-
1e
e10
1e-
000.e
-
0e
-
0e
++1
1e
++1
-
++1
++1
+
--2
abc
-
++1
abc
e10
.
0e
0e
1e+
1e-
1e-
e10
-
-
000.e
1.2.3
.
+
1ee2
++1
0e
1e
1ee2
1e-
1.2.3
+
1.2.3
abc
1e
0e
1ee2
e10
1ee2
++1
abc
1ee2
1e
000.e
1e+
--2
1.2.3
++1
++1
.
1e-
1.2.3
0e
1e-
e10
1e+
++1
abc
+
e10
1e+
1.2.3
0e
++1
1ee2
1e+
000.e
1e-
.
1e+
-
.
--2
000.e
abc
--2
-
1ee2
.
1ee2
000.e
1e-
e10
--2
-
1ee2
abc
1e-
1e-
.
e10
000.e
1e-
.
1e
+
-
-
0e
-
000.e
1e
000.e
abc
0e
--2
e10
--2
1ee2
1e
.
++1
1.2.3
1ee2
--2
0e
000.e
.
1e+
--2
-
-
1ee2
++1
-
1e+
++1
1e
1e+
--2
++1
+
abc
1ee2
abc
0e
e10
0e
000.e
.
abc
1e+
1e+
--2
abc
000.e
-
1.2.3
000.e
--2
1.2.3
1ee2
-
++1
+
000.e
.
1ee2
.
1e-
1e
abc
1ee2
1e-
++1
000.e
1e
1.2.3
1ee2
e10
1e-
0e
1e-
1ee2
1ee2
abc
.
e10
--2
1e+
000.e
1ee2
.
000.e
1e-
1.2.3
.
1.2.3
.
.
+
--2
1.2.3
-
-
1ee2
+
1ee2
0e
-
e10
abc
1.2.3
000.e
1e
abc
0e
1e+
0e
abc
1ee2
abc
1e+
1e+
1ee2
-
1e-
000.e
1ee2
1e+
1.2.3
-
.
0e
1e
+
1e+
-
abc
1e+
+
1.2.3
000.e
--2
-
.
1e+
1ee2
1ee2
abc
--2
0e
1e
1e+
1e-
.
++1
e10
1e-
1ee2
1e-
1e
1.2.3
1.2.3
abc
--2
abc
++1
1e+
1e-
++1
.
1.2.3
--2
.
abc
1e
000.e
1ee2
1e+
000.e
++1
+
--2
1e-
1e-
.
.
000.e
+
1.2.3
1e
+
1ee2
+
1ee2
++1
1e+
abc
1e
1ee2
.
1e+
000.e
0e
-
abc
000.e
--2
++1
++1
e10
1.2.3
1e+
--2
+
000.e
e10
-
0e
000.e
0e
000.e
1e+
--2
e10
.
.
1e+
e10
1ee2
e10
000.e
1e
1e-
+
+
--2
1e+
1.2.3
--2
e10
000.e
abc
e10
e10
1e-
abc
1e+
abc
1ee2
--2
.
0e
abc
0e
abc
1e+
1ee2
+
1e+
+
1e
1e+
1e
--2
.
++1
abc
1e+
1e+
--2
.
.
+
1e-
1.2.3
1e+
0e
1e-
1e
.
0e
-
.
1e+
1e-
abc
--2
e10
1.2.3
1ee2
000.e
000.e
abc
-
0e
1.2.3
-
.
abc
abc
--2
1ee2
+
1e
e10
000.e
1ee2
e10
--2
+
1e
++1
-
++1
1ee2
e10
.
1e-
.
1.2.3
++1
--2
0e
000.e
1.2.3
abc
++1
.
e10
-
0e
1.2.3
1.2.3
1.2.3
000.e
000.e
++1
0e
e10
abc
.
000.e
.
1.2.3
1.2.3
abc
+
1e-
1ee2
e10
abc
++1
-
1.2.3
--2
1ee2
1e+
abc
1e
e10
++1
.
abc
000.e
0e
--2
e10
++1
--2
1e-
0e
++1
abc
1e
-
+
1.2.3
.
1e
abc
e10
1e+
0e
000.e
1ee2
000.e
0e
+
+
0e
1.2.3
1e-
000.e
1e-
000.e
-
1.2.3
1ee2
1.2.3
e10
1e+
0e
-
0e
+
--2
.
1e-
abc
1ee2
1e-
1.2.3
1e
e10
1e+
--2
1ee2
abc
.
1ee2
e10
+
1.2.3
abc
++1
--2
.
e10
1.2.3
1e+
++1
--2
-
++1
1e+
e10
e10
++1
1e+
1.2.3
1ee2
abc
++1
1e+
0e
1e+
0e
0e
1.2.3
0e
+
1e-
++1
000.e
++1
.
.
+
abc
1e-
000.e
--2
1e-
abc
0e
1e-
--2
1e-
1ee2
1.2.3
--2
000.e
1ee2
+
.
1e-
++1
--2
0e
+
e10
.
abc
e10
1e-
1e+
++1
+
+
1ee2
1.2.3
1e
e10
1.2.3
1e-
--2
1e-
0e
1e+
+
-
1e
++1
1e
1e-
0e
--2
+
0e
--2
1e+
e10
abc
e10
000.e
abc
.
--2
1e
1ee2
1e
+
e10
--2
1e
1e
++1
abc
0e
0e
abc
-
e10
000.e
1e
1e
1.2.3
0e
000.e
1e
.
+
000.e
abc
e10
1ee2
.
-
abc
1ee2
+
--2
.
1e-
1.2.3
--2
++1
0e
-
abc
abc
e10
1ee2
1e-
1e
abc
e10
1e+
--2
--2
1e-
1ee2
e10
.
++1
+
1e+
1e
1.2.3
-
1.2.3
1e+
1e+
++1
1ee2
e10
e10
1ee2
1e+
.
1e
000.e
1e+
1e+
1e+
1.2.3
e10
-
1e
1ee2
++1
1e-
--2
000.e
1e+
000.e
abc
.
0e
++1
1e+
1e-
+
++1
+
-
e10
-
--2
1e
1ee2
1e
1.2.3
abc
++1
++1
e10
1e
0e
.
1ee2
e10
e10
1ee2
0e
1.2.3
+
.
000.e
1e-
1e-
0e
1e-
1e+
--2
--2
1e+
000.e
.
1ee2
1e+
e10
1.2.3
1e+
.
000.e
--2
abc
+
1e-
--2
++1
abc
--2
1ee2
.
--2
1e
000.e
e10
e10
++1
abc
1ee2
000.e
+
1e-
.
1e-
1.2.3
e10
0e
--2
1e+
1e-
1e-
000.e
000.e
e10
-
1e
0e
+
0e
1e
1ee2
e10
000.e
abc
abc
++1
--2
e10
1ee2
000.e
1e-
1.2.3
+
0e
1ee2
e10
-
1e-
abc
1e-
-
e10
.
1e
e10
1ee2
1e
+
+
0e
--2
e10
1ee2
++1
abc
--2
-
1ee2
1ee2
1ee2
++1
abc
++1
abc
-
abc
-
.
.
1.2.3
1e+
e10
+
1e+
0e
abc
1.2.3
--2
1e-
--2
1e
0e
000.e
000.e
e10
++1
--2
++1
1e
--2
1.2.3
1.2.3
1.2.3
+
000.e
1e
e10
.
-
1e-
+
1e-
0e
1ee2
-
+
1ee2
1.2.3
--2
-
.
000.e
abc
-
+
e10
e10
++1
++1
++1
1e
--2
000.e
--2
+
e10
.
0e
+
0e
e10
000.e
0e
abc
--2
1ee2
1ee2
.
e10
1e+
abc
e10
-
-
0e
1ee2
1ee2
--2
000.e
-
1e
0e
e10
-
1.2.3
000.e
1.2.3
.
e10
1.2.3
1.2.3
abc
1e+
1e
-
e10
000.e
1.2.3
-
000.e
e10
abc
++1
0e
1ee2
+
1ee2
++1
1e+
.
abc
1ee2
000.e
1e+
+
e10
1e+
.
++1
.
1.2.3
1ee2
1e
1.2.3
e10
0e
abc
abc
e10
1e
.
1ee2
--2
1e
e10
1e-
+
1e+
abc
+
++1
++1
e10
0e
-
-
1e+
--2
-
1.2.3
1.2.3
+
000.e
abc
e10
-
1e
1.2.3
1e-
1e+
e10
1e+
1e+
1e+
--2
1e-
++1
-
+
+
abc
abc
+
-
1e-
.
000.e
1e+
0e
abc
1e
1e+
e10
--2
-
0e
--2
-
abc
abc
abc
--2
+
abc
0e
1e
1ee2
abc
1e+
--2
1e+
+
1ee2
abc
1.2.3
++1
--2
000.e
+
++1
0e
--2
--2
++1
0e
0e
.
-
1ee2
e10
1e+
1e-
++1
e10
-
1e+
.
e10
1e-
0e
1e
++1
.
1e+
.
0e
1e
+
1.2.3
0e
--2
-
1e-
000.e
++1
1ee2
+
0e
-
1e
1e
.
1ee2
1e+
1e+
e10
1ee2
-
abc
0e
++1
1ee2
0e
1e-
e10
1e
e10
+
000.e
e10
1.2.3
1.2.3
1e-
1.2.3
+
+
--2
+
--2
1e+
1ee2
.
.
1.2.3
1e
+
1.2.3
000.e
-
++1
1e+
.
000.e
1e
1e
--2
e10
1e
-
abc
e10
+
.
e10
++1
.
1.2.3
1e+
abc
0e
1e+
-
1e+
e10
000.e
e10
1ee2
1.2.3
--2
e10
000.e
-
1.2.3
e10
0e
--2
1.2.3
1.2.3
e10
++1
1e
abc
1e
1.2.3
1.2.3
1e
++1
0e
--2
0e
1e-
1ee2
e10
0e
1e
1e+
++1
abc
1e+
1e
0e
000.e
1e
.
1ee2
000.e
0e
000.e
abc
1e+
.
abc
1e+
-
0e
-
+
1e+
1.2.3
e10
1e+
0e
1.2.3
1.2.3
-
.
abc
0e
1e
+
0e
++1
1ee2
1e+
--2
e10
1e-
abc
0e
+
000.e
0e
1e+
++1
e10
abc
0e
000.e
--2
-
abc
--2
.
000.e
.
1.2.3
1e-
000.e
000.e
0e
1.2.3
1e+
000.e
++1
-
+
000.e
1ee2
--2
1e
0e
1.2.3
000.e
000.e
e10
-
-
.
.
1.2.3
000.e
0e
1ee2
1ee2
1e+
000.e
.
1e+
+
1ee2
1e+
0e
1e+
+
1e-
1e+
--2
e10
.
++1
1e
1e
1e+
abc
+
++1
+
0e
1e
e10
000.e
1ee2
1e
1e+
1ee2
0e
e10
abc
1ee2
-
1e-
1e
1e+
++1
--2
--2
+
+
.
1.2.3
++1
1e
abc
+
1e+
1e-
0e
-
.
000.e
1e+
e10
1ee2
++1
1e
1.2.3
1ee2
-
.
1ee2
+
1e+
+
e10
e10
1e
0e
1e
-
--2
abc
000.e
1ee2
000.e
-
0e
1e
abc
abc
e10
1.2.3
1e
--2
0e
.
1.2.3
1e+
--2
e10
--2
+
abc
1.2.3
.
--2
1ee2
--2
.
0e
.
1.2.3
--2
1.2.3
1ee2
1e+
+
-
000.e
-
e10
1ee2
-
++1
0e
abc
0e
e10
--2
.
++1
.
0e
.
1e-
1e-
++1
1e+
.
--2
1e+
1.2.3
++1
1e-
1ee2
1e+
e10
e10
abc
+
1ee2
1e
.
1ee2
.
--2
-
.
1e-
++1
+
abc
.
+
--2
++1
e10
1.2.3
++1
+
000.e
1ee2
abc
.
1e+
1.2.3
++1
-
1e
++1
+
abc
1e+
.
-
1.2.3
1e+
.
1e+
e10
++1
000.e
abc
1.2.3
1e
1e+
1ee2
abc
1e
1.2.3
1e-
--2
-
1ee2
+
1ee2
-
e10
1e+
1.2.3
1e+
1e+
1e-
0e
.
.
++1
000.e
1ee2
abc
.
++1
+
++1
+
-
.
1e-
++1
1e
-
1e
1e-
1e-
0e
1e
++1
1e-
1e+
abc
+
e10
000.e
1e
1ee2
abc
1.2.3
e10
1e
abc
.
++1
1e
+
-
-
000.e
++1
0e
1e-
e10
++1
1.2.3
1e+
.
-
-
1e-
--2
-
1.2.3
0e
--2
1ee2
+
abc
1e+
.
-
+
-
0e
+
abc
1e-
e10
+
0e
0e
000.e
000.e
-
e10
000.e
+
+
+
1e-
1e+
e10
000.e
+
+
1ee2
--2
0e
--2
.
-
e10
1e+
-
.
.
+
1ee2
000.e
1e-
1ee2
1e-
000.e
++1
-
1.2.3
+
--2
1e+
000.e
1ee2
--2
1.2.3
1.2.3
e10
.
+
000.e
.
1e
abc
.
1ee2
1.2.3
1ee2
.
.
1ee2
-
abc
1.2.3
1e+
+
1.2.3
1e+
1e
-
1e+
.
1e-
1ee2
1e
abc
1e+
+
++1
abc
--2
.
abc
1.2.3
1.2.3
++1
e10
+
1e-
abc
1e
e10
000.e
1ee2
--2
1e-
+
+
1.2.3
000.e
1ee2
++1
1e
+
0e
abc
1e+
e10
1e
+
1e
000.e
e10
000.e
abc
++1
0e
1e
--2
e10
-
e10
e10
e10
1e+
1ee2
0e
1e-
--2
1ee2
0e
-
000.e
-
--2
-
abc
abc
e10
++1
abc
1e-
.
+
-
+
1e
0e
1e+
0e
+
--2
--2
abc
--2
1ee2
0e
e10
e10
1.2.3
1e+
e10
0e
-
1ee2
++1
1e+
-
++1
1e
000.e
1e+
1e
e10
.
1.2.3
1e-
.
e10
e10
abc
000.e
1ee2
1e
abc
1ee2
.
--2
+
1ee2
--2
0e
--2
e10
-
--2
.
-
1e-
1e-
1ee2
0e
++1
-
-
000.e
000.e
abc
1ee2
e10
--2
000.e
1e-
0e
e10
1.2.3
++1
0e
000.e
.
1ee2
-
000.e
1e
-
1e-
abc
000.e
+
--2
e10
e10
+
000.e
.
1.2.3
000.e
000.e
1ee2
--2
--2
1e+
1.2.3
abc
.
1.2.3
1.2.3
+
0e
1e-
++1
1e
--2
+
1e+
+
1ee2
1.2.3
++1
1e
1e+
1ee2
1ee2
+
0e
1ee2
1e
000.e
abc
0e
e10
1e+
--2
abc
1e
--2
0e
0e
1e+
1e-
000.e
--2
.
1.2.3
+
abc
1ee2
--2
+
+
abc
abc
--2
1ee2
1.2.3
1.2.3
000.e
0e
e10
000.e
abc
e10
0e
+
e10
abc
1ee2
1e
--2
0e
e10
--2
1e+
0e
1.2.3
1ee2
1e+
-
1e
--2
--2
1.2.3
.
0e
.
1ee2
1.2.3
1ee2
--2
0e
e10
-
1e
1e+
1.2.3
abc
1.2.3
++1
e10
--2
--2
1e
0e
1ee2
1.2.3
1e+
abc
000.e
1e-
-
.
1e-
-
.
e10
e10
e10
++1
1e+
e10
.
0e
++1
e10
.
000.e
++1
1ee2
.
0e
1e
1.2.3
1e-
++1
e10
e10
--2
--2
0e
1ee2
1e
.
++1
++1
000.e
+
1e-
1e+
+
-
1e
1e
1e
1.2.3
1.2.3
--2
e10
--2
e10
--2
1ee2
-
1ee2
000.e
+
++1
1e-
1.2.3
1e+
-
+
abc
1.2.3
1.2.3
1e+
++1
1e
.
1ee2
1ee2
++1
1e-
0e
1e-
abc
.
--2
1.2.3
-
.
+
1e
0e
++1
e10
e10
1.2.3
1.2.3
abc
1e
--2
abc
+
+
1e-
.
++1
000.e
abc
1e
-
1.2.3
1e-
e10
1e-
++1
1e
1e-
1ee2
0e
-
1ee2
++1
1e
000.e
-
+
+
++1
1e-
1e-
1e
--2
+
.
abc
1e
--2
++1
0e
.
0e
-
+
000.e
+
-
.
--2
1ee2
1e+
e10
abc
+
++1
++1
0e
1e+
1ee2
++1
1.2.3
0e
1ee2
--2
.
+
1e
000.e
1.2.3
--2
++1
-
1ee2
+
1ee2
-
1e-
1e-
e10
1ee2
1e-
1e-
0e
.
0e
.
0e
000.e
0e
1.2.3
.
-
1e-
abc
1ee2
abc
1e+
abc
1e+
++1
1ee2
-
+
1e+
0e
e10
1ee2
1e+
1.2.3
1e
1e
+
1e
.
1ee2
.
-
e10
e10
e10
+
1e
++1
+
1.2.3
abc
1e
1e+
1e+
1ee2
-
abc
1e+
.
e10
e10
000.e
000.e
1.2.3
1e
--2
1e
++1
-
--2
1.2.3
abc
1e
1e-
1e
1e
1ee2
--2
++1
000.e
1e-
-
1ee2
1e-
-
.
1ee2
1e+
--2
abc
.
1ee2
1e+
+
++1
0e
1e
1e+
.
1ee2
e10
1ee2
1ee2
1.2.3
000.e
--2
abc
0e
1ee2
++1
1ee2
+
++1
-
e10
+
abc
abc
0e
1e+
-
1.2.3
++1
+
1ee2
1.2.3
1ee2
000.e
1e+
1.2.3
--2
000.e
1e+
1ee2
+
++1
0e
0e
--2
.
000.e
.
000.e
1.2.3
e10
+
abc
abc
1e-
1e
.
--2
.
abc
-
+
+
1ee2
1ee2
e10
000.e
--2
--2
1.2.3
0e
1e
e10
000.e
1.2.3
1e+
1.2.3
e10
e10
1e
000.e
0e
-
-
1e
1ee2
0e
-
1e+
++1
1ee2
++1
1e+
1ee2
+
abc
--2
1e-
--2
--2
abc
++1
-
.
1e
1e-
1ee2
++1
.
1e-
1ee2
e10
000.e
1e+
--2
+
abc
000.e
.
.
e10
000.e
++1
.
e10
.
abc
+
1.2.3
1ee2
0e
1.2.3
1e+
-
e10
1ee2
0e
+
1ee2
1e
1e
1ee2
1e-
1e-
+
e10
1e
abc
1e-
1e-
++1
-
1e
1e+
abc
e10
0e
000.e
+
0e
abc
.
e10
1e+
000.e
++1
1e-
--2
1ee2
++1
e10
.
1e+
1e-
e10
1.2.3
++1
abc
++1
1e+
abc
+
0e
.
000.e
+
abc
-
++1
+
1.2.3
e10
1e
--2
000.e
+
000.e
1e+
1e+
1ee2
1e
1e
1ee2
000.e
1.2.3
+
1ee2
1e+
1e-
000.e
.
++1
000.e
1.2.3
++1
000.e
abc
1ee2
1.2.3
1.2.3
.
1e
.
1e+
++1
1e
.
+
000.e
1e
1e-
abc
e10
.
1e+
.
-
--2
000.e
1e+
-
1e+
1e+
++1
-
e10
0e
1e
+
1ee2
1.2.3
--2
1.2.3
-
1.2.3
++1
.
++1
000.e
000.e
000.e
1e+
abc
e10
e10
1e
0e
--2
abc
1ee2
1e-
1.2.3
e10
-
.
1e+
abc
++1
e10
1e-
.
1e+
+
1e+
e10
000.e
--2
++1
1.2.3
1e-
+
1e
e10
--2
--2
++1
1e
abc
--2
.
000.e
-
++1
1.2.3
1.2.3
.
e10
+
++1
.
++1
1e-
000.e
1e-
e10
++1
.
000.e
1ee2
--2
0e
1e
1.2.3
1ee2
+
000.e
1.2.3
000.e
--2
-
000.e
.
+
0e
000.e
1.2.3
--2
1e
000.e
0e
1ee2
-
abc
abc
0e
1e-
--2
1ee2
000.e
1.2.3
1e-
1e-
1e-
1e+
--2
e10
--2
abc
abc
1.2.3
++1
0e
0e
1.2.3
--2
+
1e
--2
1e-
e10
-
e10
e10
1ee2
+
1e-
e10
++1
+
000.e
1e
-
++1
0e
-
.
1e+
.
-
0e
0e
+
-
++1
.
abc
++1
+
1e+
1e-
1e-
-
1e
1e
-
.
1e-
abc
0e
abc
1ee2
1ee2
++1
1e+
abc
e10
1e-
1e+
e10
-
+
+
0e
-
abc
-
++1
1ee2
0e
1.2.3
e10
1e
--2
1ee2
.
1e-
-
.
--2
+
1e
0e
1.2.3
+
+
000.e
--2
-
000.e
--2
000.e
++1
1e
0e
1e
+
1e
1e-
1e+
+
--2
1e
1ee2
1e+
-
-
e10
e10
e10
1e+
1e-
++1
1e+
1e-
0e
++1
.
1.2.3
.
000.e
1.2.3
abc
000.e
e10
.
--2
1.2.3
--2
+
++1
1.2.3
+
1e
1.2.3
000.e
1e+
000.e
--2
1ee2
1e-
1.2.3
--2
-
--2
+
+
000.e
1e
1e+
1.2.3
1.2.3
0e
.
1e+
1e-
1ee2
1e
.
abc
-
1ee2
e10
--2
0e
1e+
1ee2
abc
e10
++1
--2
++1
++1
1e-
1e
0e
1.2.3
--2
000.e
+
1e
1e
0e
+
0e
1e+
1e
0e
--2
-
000.e
-
++1
-
1e+
000.e
--2
++1
1e+
++1
e10
0e
-
e10
-
1e+
1e-
+
++1
.
1e
1e+
1.2.3
abc
e10
++1
.
1ee2
1e+
1e
000.e
0e
1ee2
++1
1ee2
+
1e-
+
abc
.
0e
1.2.3
1e
1e-
1.2.3
.
.
--2
1.2.3
+
--2
abc
+
++1
e10
1e-
abc
.
+
--2
++1
1e+
1e
.
1e-
-
1e+
1e-
1e-
-
+
abc
1ee2
1e
abc
-
1e-
000.e
abc
000.e
1e+
0e
e10
--2
--2
e10
1e
1ee2
-
1e+
e10
1e+
++1
1.2.3
1ee2
+
1e-
1e-
1e-
1ee2
000.e
1e+
1e
000.e
abc
1.2.3
+
1e
-
1.2.3
1.2.3
abc
-
1.2.3
1e-
++1
+
+
abc
-
1.2.3
1e
-
--2
1e-
1ee2
abc
.
1.2.3
-
1ee2
1e
1e
+
++1
1.2.3
1e-
1e
1e-
.
0e
++1
000.e
+
1e+
1e+
.
000.e
+
1e
0e
-
1e
0e
e10
++1
abc
000.e
1.2.3
--2
abc
1e+
.
1e+
+
1e
-
000.e
1e
--2
++1
++1
1e
e10
++1
.
1e-
++1
1.2.3
1.2.3
0e
+
.
--2
1e
1e
abc
1e
++1
++1
1e
1ee2
1e-
e10
+
0e
1e
000.e
000.e
1.2.3
1e+
-
+
1e-
0e
+
000.e
1e-
++1
e10
+
1e
1e+
.
++1
000.e
000.e
++1
1ee2
--2
000.e
1ee2
abc
1ee2
1e-
.
--2
++1
abc
abc
0e
+
--2
.
++1
e10
1e+
1e+
1e
1ee2
-
1ee2
-
+
-
+
1.2.3
0e
1ee2
.
++1
1e
1e+
1e
1.2.3
--2
+
abc
+
.
1e+
0e
.
1e
-
--2
-
abc
1ee2
-
000.e
1e
1e-
.
1e+
1.2.3
000.e
+
1e+
-
e10
++1
1e+
0e
+
1ee2
--2
0e
e10
000.e
1e
+
1.2.3
-
+
abc
000.e
e10
1e+
++1
--2
abc
++1
e10
0e
1e-
++1
1e
abc
abc
1.2.3
000.e
++1
1e+
1ee2
1e
e10
000.e
0e
000.e
e10
1e+
e10
1ee2
0e
--2
+
+
1e
1e-
+
1e
1e+
000.e
+
-
1e
000.e
++1
000.e
000.e
.
.
e10
1.2.3
1e-
-
1.2.3
1e
++1
abc
0e
0e
000.e
000.e
abc
1e-
-
1e-
--2
-
1e
1ee2
1ee2
1e+
1e
++1
0e
1e-
1e
++1
.
--2
+
--2
e10
abc
++1
--2
1ee2
e10
-
1.2.3
000.e
1e-
.
--2
-
1e+
000.e
++1
abc
++1
000.e
1ee2
0e
abc
1e-
.
++1
0e
--2
1e-
1.2.3
abc
1e
e10
1e-
.
e10
++1
--2
-
.
abc
1ee2
0e
++1
1e
1.2.3
1ee2
0e
0e
e10
.
0e
++1
1.2.3
1e
abc
--2
--2
+
1ee2
++1
+
000.e
-
1ee2
.
++1
++1
1.2.3
.
1e-
0e
1e-
e10
--2
000.e
-
--2
--2
+
abc
.
+
1ee2
+
1ee2
abc
0e
-
e10
e10
1.2.3
0e
abc
+
+
1e
1e+
1e-
1e+
1e-
1e-
abc
1.2.3
--2
000.e
.
++1
--2
1e+
-
1ee2
.
+
--2
e10
e10
abc
++1
abc
-
000.e
1.2.3
e10
e10
1e-
1e-
0e
e10
1.2.3
1e-
000.e
--2
1.2.3
--2
1e+
e10
1.2.3
++1
1ee2
1e+
1e-
000.e
000.e
.
++1
1e
1ee2
++1
1e
++1
1e+
1e+
1.2.3
1e+
+
--2
+
000.e
1.2.3
abc
--2
1ee2
1.2.3
1e
1.2.3
1e
1e
1.2.3
0e
0e
++1
--2
1.2.3
000.e
.
e10
1.2.3
1ee2
0e
1e
++1
1e+
-
1ee2
+
+
1.2.3
++1
abc
e10
abc
+
.
.
abc
1e-
-
+
1e-
1.2.3
1.2.3
1e
-
0e
-
e10
++1
000.e
1e-
000.e
.
0e
e10
1.2.3
1e-
abc
1ee2
e10
1ee2
++1
e10
-
000.e
0e
++1
000.e
.
1e-
-
0e
000.e
1ee2
1ee2
--2
1.2.3
000.e
++1
1ee2
000.e
e10
++1
0e
1ee2
e10
e10
.
000.e
-
1e-
1e-
-
abc
1e
e10
000.e
1ee2
0e
1e+
-
--2
000.e
abc
e10
+
000.e
1e-
1ee2
+
1ee2
-
1ee2
.
-
000.e
.
000.e
+
1ee2
1e-
1e-
++1
1ee2
+
1.2.3
.
++1
+
+
-
-
1.2.3
++1
1.2.3
abc
1ee2
+
1e
--2
1e-
1e
++1
1e
1e-
1ee2
1e
1.2.3
-
1e+
++1
+
000.e
e10
abc
1e-
e10
1e-
e10
--2
1ee2
1.2.3
-
e10
-
1e+
e10
1ee2
++1
abc
e10
.
0e
1e-
1ee2
++1
1ee2
+
1e
0e
0e
++1
-
1.2.3
000.e
1.2.3
+
.
1e
abc
1e-
+
1ee2
1.2.3
-
++1
0e
++1
++1
1e
1e-
1e+
1.2.3
1e+
e10
--2
abc
--2
e10
-
1e
1ee2
000.e
++1
-
0e
e10
0e
0e
000.e
000.e
-
.
1.2.3
000.e
e10
.
e10
1e-
++1
1e+
-
1.2.3
1e-
++1
++1
++1
-
1e+
--2
+
0e
.
1ee2
++1
1.2.3
1ee2
0e
0e
1.2.3
-
e10
1ee2
-
--2
000.e
1e+
000.e
+
1.2.3
1ee2
1e
--2
-
000.e
1.2.3
abc
++1
--2
+
000.e
1ee2
.
.
1e
0e
-
1e+
.
.
1e
0e
1ee2
1ee2
1ee2
0e
e10
abc
-
0e
+
1e+
1e
0e
1e-
1.2.3
0e
1e+
1e
e10
1e-
e10
--2
++1
+
.
1e-
1e-
000.e
000.e
+
1e+
++1
abc
1e-
1e-
1e-
1e
++1
-
e10
1ee2
--2
-
++1
1e+
1.2.3
--2
1ee2
000.e
1.2.3
abc
--2
e10
--2
e10
1ee2
0e
1e+
--2
1.2.3
--2
abc
--2
0e
1e-
0e
0e
e10
--2
--2
1.2.3
1ee2
1ee2
000.e
1e
1.2.3
e10
++1
-
e10
+
1e
abc
1ee2
-
1e-
abc
-
.
+
1e-
-
--2
++1
+
--2
000.e
0e
.
-
1.2.3
0e
-
000.e
000.e
000.e
abc
0e
-
1ee2
.
+
0e
+
0e
000.e
e10
1e
1e+
0e
-
000.e
--2
1e+
++1
1ee2
.
1.2.3
0e
+
1ee2
0e
1.2.3
000.e
1e-
0e
1e+
-
1e-
1e-
1e-
e10
1.2.3
e10
1ee2
0e
abc
.
abc
1e-
-
1ee2
+
++1
--2
++1
e10
.
+
1e-
1ee2
1e+
1ee2
1e-
-
0e
1e-
1e-
1e+
e10
++1
1.2.3
1e-
000.e
1.2.3
--2
e10
1ee2
.
1e
--2
1e+
--2
++1
abc
.
0e
000.e
-
0e
++1
e10
1e+
-
1.2.3
1ee2
1e+
+
abc
+
1e-
1ee2
1.2.3
+
+
abc
0e
1ee2
1ee2
1e+
++1
+
1e-
abc
1e
--2
0e
--2
abc
--2
e10
1ee2
+
1e
1e-
1ee2
1e+
1e
abc
1e-
++1
1.2.3
-
1.2.3
1ee2
abc
e10
1.2.3
1e+
+
1e-
abc
1e+
0e
++1
1e
0e
e10
--2
--2
1.2.3
--2
e10
-
--2
+
-
--2
1ee2
1e-
--2
.
1e
-
-
1e+
abc
abc
--2
1e-
e10
.
abc
1.2.3
000.e
1e
0e
1.2.3
1e-
1e-
1e
1e-
-
1.2.3
1e-
abc
1.2.3
1e-
abc
-
+
1e
+
+
0e
e10
000.e
+
e10
--2
000.e
+
1e
0e
1e-
e10
+
1e-
+
1ee2
e10
abc
++1
abc
--2
1e+
1ee2
++1
1ee2
0e
e10
abc
+
e10
-
1ee2
000.e
1ee2
--2
--2
-
0e
.
e10
0e
.
++1
1e
e10
+
.
--2
e10
1e+
e10
e10
1e
++1
e10
abc
e10
.
1.2.3
e10
1ee2
0e
1e+
1.2.3
0e
++1
--2
1ee2
1.2.3
000.e
-
0e
1e-
++1
1e+
e10
1e-
1e
+
1e-
.
++1
-
--2
1ee2
1.2.3
1.2.3
-
e10
-
abc
e10
.
1e-
1.2.3
0e
1e+
0e
1.2.3
--2
0e
++1
-
-
1e-
1e
1ee2
abc
1e-
--2
1.2.3
1.2.3
++1
+
e10
-
0e
0e
e10
1ee2
-
--2
1e+
e10
e10
0e
+
1ee2
abc
.
+
0e
.
1.2.3
0e
e10
++1
1ee2
.
abc
1e+
1e+
1e-
1e-
++1
e10
++1
+
abc
.
.
0e
1e-
1.2.3
0e
abc
+
000.e
0e
1e
1ee2
1e-
1e
1ee2
1e
1e-
1ee2
--2
--2
000.e
e10
-
++1
000.e
--2
-
+
1ee2
1e+
--2
-
1e+
abc
1e
0e
000.e
+
++1
0e
+
1.2.3
++1
1e
1e-
1ee2
++1
1e+
--2
--2
000.e
abc
1.2.3
++1
abc
e10
-
abc
1e+
1.2.3
e10
1.2.3
0e
1e-
0e
000.e
1ee2
-
-
--2
1e-
+
000.e
1e-
e10
abc
e10
abc
-
1e+
1e-
000.e
000.e
1e
1e
0e
abc
000.e
0e
.
.
1e-
-
1e
1e-
000.e
0e
-
1e
e10
1ee2
++1
0e
000.e
1e+
1e+
--2
+
1e+
1.2.3
1ee2
000.e
1ee2
1e+
1e
-
1.2.3
++1
1e
+
1e-
++1
1e+
1e
.
--2
1e-
++1
e10
1ee2
1e
1.2.3
0e
e10
+
--2
e10
abc
e10
000.e
0e
.
1e
e10
1e
1.2.3
+
abc
+
1ee2
+
0e
1.2.3
1e-
1ee2
e10
--2
e10
1ee2
++1
1e
0e
1.2.3
+
e10
1.2.3
+
1e-
+
1ee2
1e
1e+
++1
000.e
--2
--2
1.2.3
--2
--2
+
--2
1e+
1e+
0e
1e
-
e10
+
-
1e-
abc
1e
abc
abc
0e
.
1e
1e-
--2
1e-
1e+
--2
1.2.3
.
1e
0e
1e+
1e
1ee2
1e
0e
1e+
+
--2
1ee2
0e
1e-
e10
1ee2
+
-
1e+
.
0e
+
1e
-
000.e
abc
+
+
1.2.3
-
abc
.
-
1e
1e-
1e
--2
0e
1e+
000.e
--2
--2
000.e
abc
.
abc
1e
+
0e
1e+
1e-
1.2.3
1e+
--2
e10
abc
e10
1e-
e10
000.e
--2
e10
1e+
1.2.3
1ee2
0e
+
1e
1e-
-
000.e
e10
0e
1.2.3
--2
1ee2
abc
1e+
1e+
.
abc
000.e
++1
++1
0e
1e-
0e
.
1.2.3
--2
1e+
1.2.3
1e+
-
++1
e10
1e+
.
1e
1e+
0e
-
++1
+
1e-
1.2.3
000.e
++1
1.2.3
1e-
0e
1e-
1e+
1ee2
1e-
-
e10
1e-
1e-
e10
e10
--2
1.2.3
1e+
0e
1e+
1e
1ee2
.
0e
.
.
1e+
1e-
abc
.
--2
-
1.2.3
--2
000.e
-
1.2.3
1e+
e10
000.e
000.e
.
++1
+
++1
1.2.3
.
0e
--2
++1
+
--2
.
1e
1ee2
.
1e+
++1
1ee2
1e-
--2
1e-
1e+
000.e
++1
1e+
-
abc
--2
+
-
abc
0e
+
--2
1e-
1e-
+
--2
-
.
+
1e
-
.
-
0e
.
abc
000.e
abc
abc
1e+
1ee2
-
+
0e
-
--2
+
1e+
--2
000.e
--2
0e
e10
000.e
1e+
1.2.3
++1
abc
abc
1e+
000.e
1.2.3
+
1.2.3
1ee2
.
1e+
1e
--2
1ee2
000.e
1e
1.2.3
1.2.3
-
1ee2
0e
--2
--2
-
1e-
+
++1
1.2.3
1ee2
1e-
1.2.3
--2
1e+
e10
--2
-
000.e
++1
+
1ee2
1e+
1.2.3
1e-
e10
0e
++1
abc
+
000.e
1e-
e10
1e-
--2
0e
1e-
--2
-
e10
1e-
1ee2
1ee2
++1
1.2.3
1e+
1e
+
+
-
0e
abc
000.e
1e
+
1.2.3
1e+
-
++1
+
--2
1ee2
000.e
1ee2
+
1e
1.2.3
+
.
1ee2
000.e
1.2.3
.
.
-
1ee2
000.e
1e
1e
1e+
e10
1e+
0e
0e
--2
1e+
1ee2
--2
1.2.3
1e-
-
-
abc
1e-
000.e
+
1e
-
1e
--2
1e+
000.e
abc
0e
1e-
1e+
1e
1e+
-
e10
abc
abc
abc
--2
1.2.3
0e
1ee2
0e
--2
1e-
0e
e10
--2
1e
+
0e
0e
0e
1ee2
1.2.3
1e+
1e
-
abc
000.e
1e
1ee2
0e
1ee2
1ee2
1.2.3
+
e10
abc
++1
abc
--2
e10
e10
1e-
1e-
1.2.3
++1
1ee2
.
1e+
abc
e10
abc
+
1e-
e10
.
1e+
1ee2
1ee2
1ee2
.
000.e
1e
000.e
1e
1.2.3
1e-
1ee2
--2
+
1e-
0e
1e+
--2
1ee2
abc
--2
e10
1.2.3
--2
.
1e-
1e+
+
0e
+
.
1.2.3
000.e
1ee2
.
e10
0e
1e
1.2.3
--2
.
e10
+
abc
+
-
+
--2
0e
e10
0e
-
1e+
000.e
1e
1e
abc
-
+
-
e10
-
000.e
++1
1e
1e-
1e-
000.e
1ee2
1ee2
000.e
-
1e+
0e
000.e
1e
1e+
++1
.
000.e
+
1e-
+
--2
1ee2
e10
+
0e
e10
1.2.3
1.2.3
-
1e
++1
++1
--2
1ee2
0e
.
1e
-
++1
--2
1ee2
+
1e+
1e
-
1e+
abc
1ee2
000.e
-
abc
1e
e10
1e-
0e
1ee2
1e+
e10
1ee2
1e
--2
--2
.
1.2.3
000.e
++1
1e
+
0e
+
0e
.
000.e
-
-
1ee2
1e+
++1
1.2.3
0e
1e
0e
abc
.
abc
1e-
1e+
++1
0e
1e
000.e
--2
1.2.3
e10
1e-
e10
1e-
1e-
.
1e-
+
1.2.3
0e
e10
-
++1
1.2.3
+
1ee2
abc
.
1e+
1.2.3
--2
1ee2
-
.
000.e
1.2.3
000.e
1e
.
0e
+
++1
0e
-
e10
.
e10
1.2.3
++1
0e
++1
-
--2
1e
0e
-
1e
1e
+
++1
1e
1ee2
--2
--2
-
1e
-
e10
1e+
1e-
0e
1e+
abc
+
000.e
1ee2
1ee2
+
.
1.2.3
e10
1e-
+
++1
++1
000.e
.
+
000.e
.
1e+
+
.
+
--2
1e
1.2.3
1e+
000.e
1e
e10
+
abc
abc
.
.
1e
--2
--2
e10
1ee2
+
1e-
000.e
0e
0e
000.e
.
++1
1ee2
.
1e
--2
-
1.2.3
1.2.3
abc
++1
1ee2
000.e
1e+
++1
1e+
1e-
0e
0e
000.e
0e
-
-
1ee2
1e
0e
1e
1ee2
0e
e10
--2
1.2.3
1ee2
1e-
1e+
000.e
-
+
e10
0e
.
000.e
--2
1e-
000.e
1.2.3
000.e
0e
0e
0e
e10
.
e10
1e-
1ee2
++1
abc
-
1.2.3
1e-
abc
abc
--2
1e+
1e-
--2
.
0e
1e
1e
--2
-
1e-
1.2.3
1e+
1e
e10
e10
e10
000.e
e10
++1
1e-
abc
-
abc
1e-
+
1ee2
+
1.2.3
0e
++1
1e
1e+
1ee2
000.e
-
-
1.2.3
1ee2
000.e
.
+
-
abc
abc
e10
.
1.2.3
1.2.3
1e
0e
1ee2
e10
--2
++1
1e-
--2
1e+
1e
1e
-
--2
1e-
000.e
1ee2
abc
1e-
.
1.2.3
1e+
e10
++1
1.2.3
1e-
1e-
1e+
--2
1ee2
1ee2
1.2.3
1e
1e
e10
.
000.e
++1
+
abc
++1
++1
--2
e10
000.e
--2
1e+
1ee2
1e-
.
1e
1.2.3
1.2.3
1e+
000.e
1ee2
-
1e
--2
1e
--2
-
--2
0e
--2
e10
1ee2
000.e
1e-
abc
000.e
--2
--2
--2
1.2.3
-
1.2.3
1e-
1e+
.
--2
1ee2
--2
e10
abc
-
1e+
+
0e
++1
e10
1e+
-
1e-
-
+
e10
-
1ee2
.
++1
.
++1
+
-
+
abc
000.e
1e-
.
1e
-
1e
e10
0e
1e
1e
1ee2
.
.
--2
abc
1ee2
1.2.3
1.2.3
1ee2
e10
0e
abc
--2
1e-
0e
000.e
000.e
000.e
0e
000.e
1e+
1.2.3
1e+
+
1ee2
e10
.
0e
.
1ee2
000.e
-
0e
--2
000.e
1e-
+
+
++1
1ee2
+
1e
++1
abc
1.2.3
abc
1e-
1ee2
0e
1e+
1e
1.2.3
1e+
.
++1
1ee2
1e-
.
.
abc
++1
e10
0e
e10
--2
0e
1e
++1
.
abc
1ee2
++1
1e-
0e
1e+
-
1ee2
+
+
abc
--2
abc
1.2.3
1e-
+
.
0e
0e
1e+
abc
1e-
+
1.2.3
+
abc
000.e
abc
abc
+
+
e10
-
0e
--2
1e
1ee2
++1
1e
1e
1e-
1e
000.e
000.e
0e
--2
+
.
e10
.
1e+
1e-
e10
1e-
1e
abc
.
000.e
1.2.3
000.e
--2
1.2.3
1ee2
1ee2
.
1e-
++1
.
000.e
abc
000.e
1e+
+
000.e
++1
+
1e+
e10
+
1ee2
1e
++1
abc
000.e
++1
1e
.
.
0e
++1
++1
-
abc
+
+
1e
-
000.e
-
e10
.
1e
abc
--2
0e
e10
0e
e10
1e+
1.2.3
1ee2
000.e
--2
--2
e10
1e
1ee2
1e-
+
1.2.3
e10
-
1.2.3
1e-
++1
1e+
1.2.3
000.e
000.e
+
000.e
1e-
+
-
--2
1e
--2
++1
1.2.3
--2
--2
e10
0e
-
000.e
abc
1e+
.
+
1.2.3
1ee2
1e+
.
1e
0e
0e
000.e
-
-
1.2.3
0e
1e+
--2
e10
--2
1e+
1e
e10
--2
++1
.
+
1e
e10
.
.
0e
--2
-
+
1e
000.e
1e-
e10
1ee2
.
+
--2
++1
+
0e
--2
--2
0e
.
--2
1.2.3
1e
1ee2
.
1.2.3
1ee2
1e-
+
e10
-
0e
1ee2
e10
--2
--2
e10
1e-
-
+
++1
--2
0e
1e
abc
1ee2
.
+
++1
abc
abc
1.2.3
--2
++1
1e+
+
e10
+
e10
e10
abc
1.2.3
1e
e10
1ee2
1e-
1.2.3
1e
abc
1e
++1
1ee2
0e
0e
0e
1e+
+
1.2.3
1e+
1e
.
abc
1ee2
-
+
1.2.3
1ee2
e10
0e
1e+
1e
e10
+
1.2.3
-
--2
000.e
e10
abc
1ee2
e10
e10
--2
000.e
--2
1ee2
.
000.e
.
e10
0e
+
1e-
e10
1e
abc
1.2.3
1.2.3
++1
000.e
0e
1e
0e
1e-
1.2.3
.
-
1e-
abc
.
000.e
0e
-
abc
e10
abc
+
-
+
1e
1e
+
1e-
0e
1.2.3
+
++1
1e+
000.e
-
1e+
--2
1ee2
0e
1.2.3
++1
.
abc
--2
000.e
-
1e+
+
1e-
--2
--2
1ee2
1e+
1e+
1e+
--2
1e
--2
1e+
+
+
e10
+
.
1e+
1.2.3
000.e
000.e
++1
++1
1.2.3
++1
--2
-
1.2.3
--2
1e-
0e
.
1ee2
+
--2
000.e
+
1.2.3
-
.
1e
1e
e10
--2
.
--2
0e
abc
e10
--2
.
--2
+
abc
000.e
.
e10
abc
e10
1e-
++1
1e
1ee2
1e-
1e+
.
0e
000.e
e10
-
1e+
1e-
e10
1e
-
-
.
1e-
--2
abc
1e+
1e+
++1
--2
--2
abc
1.2.3
-
++1
e10
abc
.
+
+
++1
-
000.e
1e-
--2
1ee2
abc
e10
1ee2
abc
000.e
abc
e10
1e+
e10
1e+
0e
-
000.e
1e+
.
1.2.3
1.2.3
1ee2
e10
+
+
1e-
1e-
++1
--2
.
1e-
1ee2
+
++1
e10
--2
1.2.3
.
1e+
1ee2
++1
e10
-
0e
e10
+
1e+
1e-
000.e
+
1e-
.
1e+
1e-
0e
000.e
1ee2
1ee2
++1
-
--2
000.e
++1
1.2.3
000.e
abc
000.e
--2
1e-
1.2.3
000.e
.
000.e
e10
000.e
1e+
1e+
.
--2
.
1e+
1e
1.2.3
e10
1e
-
1e+
+
-
--2
--2
1ee2
1ee2
1ee2
abc
1e-
1.2.3
0e
+
1ee2
abc
e10
1e
0e
1ee2
abc
1e+
-
e10
1e+
.
1ee2
abc
1e
1e+
-
abc
--2
1e
++1
1ee2
000.e
--2
++1
1e-
1e
+
-
.
+
1e+
1e+
1e-
0e
+
e10
-
1e+
.
1ee2
1e+
1e
1.2.3
1e
1ee2
++1
e10
-
++1
1e
1e
e10
000.e
e10
1ee2
-
abc
0e
1.2.3
1e+
+
++1
--2
-
1e-
1e-
+
0e
.
++1
++1
1ee2
++1
000.e
1e-
abc
1e+
1e+
1e-
000.e
abc
abc
1e+
e10
--2
1e
.
++1
--2
1ee2
e10
+
1e
1ee2
.
--2
+
1e
.
000.e
--2
1ee2
000.e
1e+
.
-
e10
1e+
1e-
++1
0e
++1
.
abc
e10
1e-
--2
1e
1e+
000.e
000.e
1.2.3
1.2.3
+
-
e10
e10
e10
1.2.3
0e
1ee2
0e
--2
abc
1ee2
0e
1.2.3
1.2.3
1e-
1e
+
e10
0e
1e-
1e+
1e+
1e+
1.2.3
abc
--2
-
1ee2
+
.
1e
e10
1e
abc
1e
1e-
e10
-
1e-
1e
++1
+
++1
1e-
--2
.
e10
1e-
.
0e
1e
e10
--2
1ee2
1e
.
++1
1.2.3
1e-
--2
1ee2
abc
1ee2
-
0e
1.2.3
e10
1e-
0e
000.e
000.e
+
1e
--2
abc
e10
.
+
++1
.
abc
0e
1e+
++1
1e+
1.2.3
1e-
--2
000.e
--2
-
000.e
abc
+
1.2.3
-
1e-
1e-
--2
1.2.3
0e
1ee2
1.2.3
abc
1e
abc
1e+
abc
abc
--2
+
e10
000.e
.
-
1.2.3
-
+
000.e
000.e
.
-
++1
.
--2
e10
1.2.3
1.2.3
1.2.3
1ee2
-
++1
.
0e
+
1ee2
1.2.3
++1
000.e
000.e
-
--2
0e
000.e
000.e
0e
+
000.e
++1
abc
000.e
1e-
0e
+
-
000.e
-
1ee2
.
000.e
1e
1ee2
1e
1e+
e10
--2
1ee2
.
1.2.3
1e+
000.e
1e
1e-
1e+
1.2.3
1ee2
000.e
+
1ee2
000.e
--2
000.e
-
1.2.3
1e
--2
1e-
1ee2
--2
-
+
.
1e-
0e
.
-
1e
++1
e10
1ee2
1e-
000.e
--2
1.2.3
+
.
1e
++1
1.2.3
1e+
1e+
000.e
++1
1e+
1e-
1e-
-
1e-
--2
1e
1e-
.
e10
000.e
1ee2
-
1ee2
1ee2
0e
1e-
++1
--2
abc
1.2.3
1.2.3
--2
++1
.
abc
-
1e
000.e
000.e
abc
--2
abc
1e
1e+
+
1e-
1ee2
0e
e10
-
--2
e10
--2
++1
-
1e-
1.2.3
1e
0e
.
1ee2
-
1ee2
1.2.3
1e+
1ee2
.
-
.
1e+
++1
.
-
.
1ee2
++1
1ee2
--2
1e-
000.e
0e
.
1e
++1
1e-
abc
e10
--2
1e+
++1
++1
+
-
e10
1e-
1.2.3
abc
-
e10
0e
abc
000.e
e10
--2
1e
e10
1e
1e-
+
1ee2
0e
1.2.3
1e+
.
e10
-
1e
1.2.3
000.e
+
+
1ee2
++1
++1
0e
1e+
++1
0e
++1
1e+
-
1e
-
0e
1ee2
-
abc
.
++1
+
1e-
++1
e10
.
1ee2
+
abc
-
1ee2
1e-
abc
-
1e-
e10
000.e
1e+
0e
1.2.3
abc
1.2.3
e10
1.2.3
++1
-
1e+
1e+
++1
e10
1e+
000.e
-
.
1e-
1ee2
e10
1e
000.e
.
-
e10
+
+
1e+
e10
1e+
1.2.3
1e-
000.e
1ee2
1e+
1e+
1e-
1ee2
0e
0e
1e-
.
abc
+
-
1e+
1e
-
.
.
--2
1e
000.e
+
1e
1ee2
-
+
1e+
abc
1ee2
000.e
.
++1
.
--2
1.2.3
1ee2
e10
1e+
1e
0e
+
1.2.3
e10
000.e
abc
1e+
1e+
1e
.
000.e
000.e
--2
--2
1e
e10
1ee2
e10
.
--2
1e-
1.2.3
++1
++1
e10
000.e
0e
+
++1
++1
1.2.3
1.2.3
.
1.2.3
e10
--2
000.e
1e-
.
1ee2
1e-
.
.
-
0e
-
++1
1e+
.
1ee2
.
e10
++1
-
1.2.3
abc
000.e
1e
e10
.
abc
1e
1.2.3
1e+
1e+
++1
1e
+
1ee2
-
.
--2
1e-
1e+
1ee2
1.2.3
++1
+
--2
--2
abc
1ee2
1.2.3
1e+
1e
--2
+
1.2.3
abc
+
1.2.3
e10
-
1ee2
.
000.e
000.e
e10
-
1ee2
++1
--2
-
.
1ee2
1e+
+
1ee2
0e
abc
-
1e-
1e-
1ee2
--2
+
--2
1e+
++1
.
0e
1.2.3
1e
-
e10
1.2.3
abc
e10
--2
e10
-
+
1.2.3
1e
-
0e
.
1.2.3
abc
1.2.3
0e
+
1e-
-
000.e
++1
+
--2
abc
1e
0e
1.2.3
+
0e
1.2.3
+
000.e
1.2.3
1.2.3
0e
.
+
abc
e10
000.e
-
abc
++1
1ee2
0e
1ee2
000.e
-
.
abc
abc
0e
abc
1e
-
++1
1e-
1e-
000.e
1.2.3
0e
1e+
1e
0e
1e
000.e
.
1e
+
++1
1e-
+
-
1.2.3
1e-
--2
0e
1e-
+
1e
e10
1e+
0e
1e+
+
1e-
1e+
0e
0e
e10
-
abc
abc
1ee2
1.2.3
1e+
-
++1
1e+
1ee2
--2
1.2.3
1e
1e-
1e
000.e
1e+
-
-
abc
.
1e-
-
+
1ee2
1.2.3
--2
e10
-
1e+
e10
1e+
1e+
000.e
.
1.2.3
1e-
e10
000.e
1e-
1ee2
e10
1ee2
.
0e
1ee2
1e-
e10
1e+
1e
1ee2
-
000.e
-
1.2.3
1e-
1e-
--2
abc
.
1ee2
1e
+
1e+
000.e
1.2.3
1ee2
000.e
+
1ee2
1e+
0e
.
1e+
1e-
1e
000.e
000.e
1ee2
--2
-
.
+
++1
+
1e
abc
++1
1e
1e-
--2
1e
+
e10
1e+
--2
++1
+
e10
++1
abc
.
--2
--2
.
1.2.3
1e-
e10
1e
.
000.e
0e
1e-
--2
1e
000.e
1e
000.e
abc
1e
1e-
abc
1e
++1
-
0e
+
1e+
--2
1ee2
++1
1e-
-
1e-
e10
0e
++1
1ee2
--2
abc
.
+
0e
--2
000.e
-
1ee2
+
.
abc
000.e
1.2.3
abc
abc
.
000.e
e10
abc
1e
000.e
1e-
000.e
e10
-
1ee2
0e
+
++1
000.e
1e-
1e
1e-
e10
++1
1e
1e-
1e
e10
e10
e10
000.e
0e
+
1.2.3
--2
--2
1ee2
.
1ee2
--2
++1
000.e
-
++1
e10
--2
1e+
000.e
1e
1e+
1e-
-
1e-
--2
0e
1.2.3
--2
abc
.
1e-
1e-
+
0e
1e-
1e-
.
abc
1e
0e
++1
1e+
0e
000.e
++1
0e
e10
1e
000.e
.
.
0e
0e
-
1.2.3
.
1e
1e+
1e-
.
.
1.2.3
--2
.
++1
1.2.3
000.e
++1
1e
0e
0e
1e+
1.2.3
000.e
--2
1e+
.
.
--2
000.e
1e
abc
e10
1e
--2
++1
--2
1ee2
-
1e+
1.2.3
+
000.e
++1
--2
1.2.3
1ee2
0e
1.2.3
1e-
-
0e
000.e
1.2.3
-
++1
1.2.3
-
+
1e-
1.2.3
+
1e+
1.2.3
1e
000.e
1.2.3
+
000.e
++1
e10
e10
1.2.3
-
--2
1e
000.e
1e
--2
++1
.
.
1e+
-
1e+
0e
++1
--2
.
abc
abc
e10
-
1ee2
000.e
--2
1ee2
1.2.3
++1
000.e
abc
.
1e-
+
000.e
1ee2
+
000.e
-
e10
1e-
0e
1ee2
0e
000.e
1.2.3
1ee2
abc
--2
--2
abc
e10
e10
1e-
1.2.3
-
e10
1e-
1ee2
1e
1e+
000.e
0e
1ee2
+
abc
000.e
0e
e10
0e
.
+
-
1e-
abc
++1
-
++1
abc
e10
1ee2
1e+
-
0e
abc
0e
0e
1ee2
-
000.e
1e+
1ee2
1e
--2
-
abc
abc
1e
+
abc
1e-
abc
1e
e10
1ee2
0e
.
1e+
+
1ee2
+
abc
-
.
1ee2
e10
1e
1.2.3
--2
e10
-
1.2.3
0e
-
0e
+
+
.
1.2.3
1e+
000.e
1e+
0e
0e
-
-
1ee2
--2
000.e
abc
1e
-
+
e10
1e
1ee2
1e-
e10
1ee2
-
1e
1e+
1ee2
1.2.3
1e-
.
0e
1e+
-
0e
000.e
1.2.3
0e
--2
1.2.3
1.2.3
--2
e10
e10
-
+
++1
-
e10
1e+
abc
--2
++1
-
1e-
.
e10
+
1e+
0e
000.e
++1
++1
+
000.e
000.e
.
1e-
.
-
1e-
1e
1e-
1.2.3
+
1e
+
000.e
+
1.2.3
--2
++1
abc
e10
.
--2
1.2.3
+
+
1e+
1e
--2
000.e
1e+
abc
.
-
-
1ee2
1e-
--2
000.e
++1
++1
1ee2
+
0e
abc
1ee2
-
1e+
1e
e10
--2
-
1.2.3
1ee2
1e-
abc
-
.
+
e10
0e
e10
1e-
1e+
++1
.
1e-
+
-
.
1e
1e-
1e
--2
e10
1e+
1e+
-
1e
1e
1e+
1e+
1e+
abc
e10
+
000.e
1ee2
1e
.
abc
abc
1e-
000.e
+
--2
1e-
+
1e+
1ee2
1e+
1e+
-
1.2.3
.
e10
1.2.3
abc
--2
.
+
--2
1e+
e10
1e+
1.2.3
--2
e10
-
0e
-
++1
1e-
e10
++1
abc
abc
abc
1e+
1.2.3
000.e
abc
+
0e
000.e
1e+
1ee2
1e+
++1
1ee2
1e-
-
e10
1e+
1e-
+
1e+
000.e
+
1e-
+
.
abc
0e
1.2.3
000.e
1.2.3
abc
abc
abc
.
++1
e10
abc
1ee2
1e
1e+
000.e
++1
abc
1e-
--2
1.2.3
1e
++1
+
1e
--2
e10
-
1ee2
abc
+
e10
1.2.3
+
++1
abc
--2
.
.
++1
.
abc
1ee2
abc
-
000.e
++1
1e-
000.e
+
++1
--2
+
1e-
0e
++1
abc
0e
000.e
1e-
--2
0e
.
-
0e
000.e
--2
abc
.
1e+
1e-
0e
1e+
abc
1ee2
0e
+
abc
1ee2
.
e10
-
1.2.3
e10
1e
abc
1ee2
--2
++1
1ee2
+
+
abc
+
++1
+
+
1e
1ee2
0e
.
++1
1e+
+
000.e
1ee2
1ee2
.
000.e
--2
++1
--2
1.2.3
0e
1e+
e10
e10
.
--2
1.2.3
1e
e10
000.e
1e-
.
000.e
abc
++1
1e+
1ee2
.
000.e
1.2.3
++1
--2
1.2.3
1.2.3
--2
1e+
000.e
0e
1e
+
-
000.e
1e+
0e
0e
+
-
+
1e
1e
0e
++1
++1
-
1e
abc
1e
1.2.3
+
1e+
1e
1.2.3
1e
++1
1ee2
1.2.3
1e-
--2
--2
1e
0e
0e
++1
1e
1e
abc
1ee2
1e+
1e
-
abc
1e
e10
1e-
1e
++1
1ee2
--2
.
.
000.e
-
e10
1e-
++1
1e+
abc
1ee2
1e+
0e
.
0e
0e
1.2.3
0e
+
++1
1.2.3
1e
.
abc
1e-
1e
0e
-
abc
1.2.3
1e-
-
.
000.e
.
+
abc
+
e10
-
0e
abc
-
000.e
abc
000.e
abc
--2
1.2.3
-
1e
e10
abc
000.e
0e
1e+
+
1ee2
1.2.3
--2
+
-
++1
+
.
++1
.
1e
1ee2
1.2.3
1ee2
1e
1e
.
abc
++1
1e
++1
1e-
0e
abc
1e
-
++1
1e-
0e
1ee2
.
1e
++1
+
++1
000.e
1e-
+
abc
1e
e10
000.e
+
abc
abc
1e+
0e
1e
1e+
1ee2
-
++1
0e
1ee2
++1
-
abc
++1
1e
++1
e10
abc
1.2.3
1ee2
1e
1e
--2
e10
1ee2
1e+
1.2.3
1e+
000.e
1.2.3
1.2.3
abc
1ee2
e10
1ee2
abc
1e-
000.e
abc
-
-
e10
-
1ee2
-
e10
000.e
e10
e10
e10
1e-
1e-
--2
1e
e10
1e+
--2
1.2.3
-
++1
.
++1
1.2.3
1ee2
++1
1e-
1e
1ee2
-
-
000.e
1.2.3
abc
abc
1e+
1e+
--2
0e
1e-
-
-
++1
1e
--2
1ee2
e10
abc
-
1e+
1e+
+
1.2.3
--2
+
--2
1e+
0e
000.e
1.2.3
1e+
0e
1e-
1ee2
--2
0e
e10
++1
1e+
++1
e10
+
+
.
1e-
++1
-
1e-
-
1e+
-
+
1e+
+
++1
1.2.3
1e-
.
1e
--2
1e+
++1
-
1e+
e10
1ee2
000.e
.
e10
1e-
0e
e10
.
1e-
1e-
0e
1e
++1
1e+
-
.
++1
0e
000.e
.
000.e
+
1e+
1e-
-
++1
e10
000.e
0e
1e-
1.2.3
.
+
.
1e
e10
++1
e10
1.2.3
0e
--2
e10
1e
1e-
-
000.e
0e
e10
0e
-
++1
1e-
abc
abc
.
1e+
abc
1e
1.2.3
1ee2
++1
.
1e-
1e-
abc
1.2.3
1.2.3
--2
++1
--2
++1
++1
-
.
1e
.
1e+
e10
1ee2
1e
1e-
1ee2
1.2.3
000.e
1e+
1.2.3
1.2.3
1.2.3
1ee2
1e
1e+
abc
+
++1
1e
.
--2
1e
+
++1
1ee2
1ee2
++1
+
1ee2
--2
-
1e
abc
1e
0e
--2
e10
1e
1.2.3
000.e
1e-
1e
e10
1e
-
+
--2
--2
1e-
1e
++1
1.2.3
1e-
.
++1
e10
+
1.2.3
-
1e
++1
000.e
abc
++1
1e-
--2
1e
-
1e-
1.2.3
--2
e10
++1
-
1e
.
1ee2
-
.
1.2.3
1ee2
000.e
1e
--2
1ee2
abc
.
000.e
1e-
.
1ee2
e10
.
+
1e
.
++1
+
1ee2
1e+
0e
--2
000.e
000.e
abc
-
1e
1e+
-
1ee2
1e+
000.e
1ee2
--2
000.e
000.e
-
e10
1.2.3
0e
e10
1ee2
0e
0e
e10
1e+
e10
0e
1ee2
+
++1
++1
1e-
0e
.
+
--2
1ee2
abc
0e
1.2.3
1.2.3
000.e
0e
-
1e-
000.e
e10
abc
0e
1e+
e10
+
-
1e-
1e
000.e
1e
abc
1.2.3
abc
1e
+
1e
1e+
1e-
1e
1ee2
.
abc
e10
1e-
.
.
+
--2
+
+
1ee2
++1
1ee2
.
.
1e
1ee2
1e-
-
abc
-
1e
e10
1e-
1ee2
--2
++1
-
1ee2
0e
abc
--2
.
++1
--2
e10
++1
abc
e10
-
.
-
++1
1.2.3
abc
1e-
0e
1e+
--2
1e
++1
abc
000.e
1ee2
000.e
--2
0e
abc
.
1.2.3
--2
+
1ee2
000.e
0e
--2
1e
--2
+
-
1e
1e+
+
000.e
1.2.3
++1
1e+
.
1e+
--2
--2
-
e10
.
000.e
1e
1e+
0e
1e
e10
1e-
1ee2
e10
0e
.
++1
1e+
1.2.3
-
1e+
e10
1e-
+
1e-
1.2.3
++1
1ee2
000.e
abc
1e
1ee2
1ee2
1e-
1ee2
.
.
1e
1e+
--2
--2
e10
e10
e10
abc
0e
1e+
1.2.3
1.2.3
+
1e-
-
.
1e
0e
0e
1ee2
.
+
.
0e
--2
++1
-
000.e
1.2.3
1.2.3
abc
0e
1e-
--2
1ee2
abc
++1
000.e
1e+
-
000.e
--2
1e-
0e
0e
1e-
e10
++1
0e
abc
1.2.3
+
abc
1e+
++1
1.2.3
1e
1ee2
--2
.
abc
--2
--2
1e+
1.2.3
1e-
1.2.3
+
+
1e-
--2
1e
+
1e
1e
--2
1ee2
e10
1ee2
-
+
1ee2
abc
1ee2
abc
--2
.
.
abc
1e+
e10
.
+
0e
-
+
--2
1.2.3
1e-
1.2.3
1e
1ee2
000.e
--2
1ee2
1ee2
.
1e
1.2.3
-
abc
1e-
000.e
.
e10
1ee2
abc
+
1.2.3
--2
abc
.
1e-
0e
--2
1e
0e
1e
--2
++1
+
1ee2
++1
e10
++1
1.2.3
1e+
1e+
e10
1ee2
1ee2
.
1.2.3
++1
000.e
000.e
-
-
1.2.3
1e+
1.2.3
1e
--2
--2
e10
e10
++1
--2
1.2.3
+
000.e
-
e10
1e
1e+
1e-
0e
++1
--2
1.2.3
1e-
.
000.e
.
1e
1e+
-
-
e10
++1
--2
1e
--2
1.2.3
++1
e10
--2
-
1e-
e10
000.e
abc
1e
e10
1ee2
--2
e10
1ee2
.
000.e
.
1e-
000.e
0e
1ee2
.
0e
+
0e
abc
e10
1.2.3
1ee2
0e
1ee2
1ee2
000.e
1ee2
0e
.
--2
1ee2
abc
000.e
0e
1e-
.
.
--2
+
1e
--2
000.e
0e
000.e
e10
+
0e
0e
0e
abc
abc
--2
++1
+
++1
abc
1e+
1e+
-
000.e
1e
0e
abc
1.2.3
1.2.3
1ee2
-
++1
-
.
++1
+
--2
1e+
1.2.3
1e+
1e-
--2
.
1e+
0e
abc
-
000.e
1e
-
1e-
1e
++1
e10
000.e
1.2.3
1e-
abc
1e-
+
++1
-
0e
1e+
000.e
0e
+
-
--2
e10
1e-
1.2.3
+
1ee2
e10
++1
0e
1.2.3
abc
1ee2
+
+
++1
++1
abc
000.e
1.2.3
1.2.3
000.e
.
--2
--2
.
--2
1ee2
abc
000.e
-
1.2.3
0e
1e
1e-
1ee2
-
e10
1e+
.
1e-
1e
1e
0e
-
--2
--2
1.2.3
1.2.3
e10
-
1ee2
--2
1e+
1e-
e10
1e
--2
1.2.3
000.e
-
1.2.3
0e
++1
-
1e
000.e
1ee2
+
e10
--2
.
1e-
1e-
0e
e10
e10
.
0e
e10
.
+
+
--2
1ee2
1.2.3
0e
1ee2
abc
1ee2
1ee2
1e
1e
abc
abc
+
1e
1e-
-
1e+
+
000.e
1e-
000.e
-
++1
++1
+
++1
e10
000.e
-
1ee2
1ee2
1e+
+
1e+
0e
1e
1e-
1e+
1.2.3
1e
e10
1ee2
1e-
e10
0e
1e
0e
+
000.e
000.e
abc
.
e10
1e
-
abc
1e+
++1
1e+
1e+
--2
+
--2
abc
1ee2
1e+
0e
1e-
1.2.3
1ee2
-
+
.
1e
1e-
1ee2
1e+
-
--2
abc
--2
1.2.3
-
+
abc
-
-
--2
1.2.3
--2
000.e
--2
e10
e10
+
0e
1ee2
+
.
0e
e10
-
++1
-
e10
1e+
.
1e
1ee2
.
++1
.
abc
1e
0e
0e
++1
.
1.2.3
+
+
++1
1e+
000.e
000.e
1e+
-
.
1.2.3
1ee2
1e+
++1
1ee2
--2
+
--2
-
+
0e
1e
-
--2
++1
-
1.2.3
-
1e
++1
--2
++1
1e-
1.2.3
.
++1
1e
e10
0e
--2
abc
--2
.
+
--2
abc
1e-
-
1.2.3
--2
1ee2
+
1e+
1ee2
--2
abc
000.e
1e-
1.2.3
abc
1e+
1e-
1e-
--2
--2
+
1.2.3
.
++1
1e-
1e+
1.2.3
e10
1e
000.e
abc
-
abc
0e
000.e
+
.
1e+
000.e
1ee2
1ee2
+
000.e
1e-
0e
e10
e10
0e
1e-
000.e
+
1.2.3
-
abc
0e
1ee2
000.e
+
--2
1e
--2
--2
1e
000.e
++1
1e
1e+
-
+
-
1ee2
++1
e10
--2
-
1e-
.
e10
1e-
1ee2
e10
-
1.2.3
1e-
1ee2
-
--2
0e
+
-
000.e
-
abc
0e
000.e
1e+
0e
-
1e-
e10
+
++1
1.2.3
e10
1ee2
0e
1.2.3
++1
1e-
1.2.3
+
000.e
--2
+
-
0e
1e-
1.2.3
+
e10
e10
++1
abc
++1
0e
1e+
abc
1ee2
+
000.e
-
1ee2
+
1e
1e+
1e
1e-
e10
1e+
--2
0e
1ee2
1e-
.
1e
1e+
1e-
000.e
--2
1ee2
1ee2
1.2.3
1e-
1e
--2
1.2.3
-
++1
1ee2
-
000.e
--2
1.2.3
++1
1e+
++1
-
abc
000.e
1e
abc
.
+
0e
1e-
000.e
1e-
+
--2
e10
1e-
++1
1e-
000.e
-
1.2.3
000.e
-
.
--2
++1
0e
++1
.
000.e
1.2.3
000.e
1ee2
1e
abc
--2
e10
.
0e
++1
abc
.
1ee2
--2
1e-
000.e
1e-
--2
1e-
1ee2
++1
abc
abc
1e
1e-
--2
0e
1e-
1e
0e
0e
abc
+
--2
000.e
e10
1e
++1
1e-
1e
++1
0e
+
++1
1e-
e10
abc
1ee2
1.2.3
1e+
1ee2
1ee2
++1
1ee2
.
0e
+
1e
++1
+
0e
abc
1ee2
1e
--2
1e
.
--2
1.2.3
++1
000.e
abc
1.2.3
1e+
.
-
0e
1e
1e-
.
1e
e10
--2
e10
1e+
1.2.3
--2
--2
1ee2
++1
1e+
0e
e10
000.e
1e-
1ee2
1e+
1e+
1e
++1
1ee2
e10
1e+
000.e
1e-
++1
000.e
1.2.3
000.e
abc
1e+
000.e
0e
1e+
1e
.
e10
1ee2
1e-
1e+
1e-
1e
.
-
e10
e10
++1
1.2.3
abc
000.e
0e
.
--2
1.2.3
1e+
++1
1.2.3
e10
1e-
1.2.3
1e+
e10
1.2.3
++1
1ee2
1.2.3
1e
.
++1
e10
000.e
000.e
1e-
1e+
.
1e+
000.e
1.2.3
1e+
1e+
1e-
.
1e-
-
1.2.3
000.e
1.2.3
abc
1e+
1e
--2
+
1e+
0e
.
-
0e
abc
0e
1e
-
--2
-
1e+
abc
1e-
000.e
1e
--2
0e
-
1e-
++1
1e
1e-
1e
+
e10
e10
.
1e+
1.2.3
0e
--2
1e+
.
++1
000.e
--2
1e+
1e+
0e
abc
1.2.3
++1
0e
--2
++1
1.2.3
e10
abc
1e-
1e+
++1
-
0e
1e+
--2
+
--2
abc
1.2.3
1e-
1e-
e10
000.e
abc
1e-
1e-
1e+
1e-
1ee2
1e
-
--2
abc
1ee2
.
1e-
1e
0e
+
0e
e10
abc
1e
++1
+
0e
abc
abc
1e+
e10
1.2.3
000.e
000.e
++1
++1
++1
e10
0e
abc
+
+
1e-
000.e
1.2.3
-
1e
+
-
1e+
--2
-
-
000.e
000.e
e10
1ee2
.
1e-
--2
0e
++1
.
abc
+
abc
-
1ee2
e10
1e-
1e-
1e-
1e
--2
1.2.3
000.e
++1
1e+
1e+
1ee2
0e
1e+
0e
--2
-
1.2.3
+
--2
abc
1e+
000.e
-
1e+
-
1e-
1e+
000.e
1e+
1e
0e
1.2.3
e10
1e
1e
1e
+
-
abc
+
1e-
abc
1e-
+
--2
+
1ee2
.
.
--2
++1
1e-
e10
--2
1e-
++1
0e
1e-
1ee2
0e
000.e
e10
1e+
1.2.3
1e+
000.e
1.2.3
-
000.e
+
++1
e10
+
1e
++1
++1
e10
1e-
+
.
.
--2
1.2.3
1e+
-
++1
+
1ee2
++1
abc
e10
000.e
000.e
abc
0e
0e
1e+
0e
1ee2
abc
+
1e+
1e-
1e-
+
0e
0e
0e
++1
1.2.3
e10
++1
++1
1e
-
.
+
1ee2
1e+
.
1e-
--2
+
-
1e
abc
++1
-
++1
++1
-
e10
+
.
1.2.3
++1
e10
e10
1e
abc
++1
++1
1.2.3
+
0e
+
000.e
--2
1.2.3
0e
e10
1.2.3
--2
++1
e10
1e
1e+
abc
+
-
000.e
--2
1e+
1e+
1.2.3
000.e
1e+
000.e
.
++1
1e+
++1
+
--2
--2
1e-
1e
e10
-
e10
abc
e10
1ee2
e10
.
1ee2
-
e10
1ee2
1e-
1e+
1.2.3
000.e
--2
+
+
000.e
0e
abc
+
1e-
++1
e10
e10
abc
abc
++1
1.2.3
000.e
1ee2
1e
1e-
e10
1ee2
e10
1e
0e
--2
-
1e-
1.2.3
1.2.3
1e
1ee2
.
++1
abc
.
1.2.3
1e
+
1e+
1ee2
1e
--2
000.e
abc
-
+
1.2.3
e10
++1
1e+
e10
abc
.
.
abc
0e
1.2.3
abc
++1
1e-
++1
1e+
+
-
1.2.3
.
-
+
1ee2
000.e
+
.
1e+
.
1ee2
0e
--2
.
++1
.
1e
0e
1ee2
1.2.3
++1
0e
e10
abc
e10
1.2.3
1e
0e
+
-
1e
.
1e+
0e
1e-
1.2.3
.
--2
-
.
1ee2
1e-
1ee2
+
000.e
-
.
0e
0e
1e+
e10
abc
1ee2
1e-
-
1e-
1e+
1e
.
1e+
--2
1.2.3
1e
0e
e10
--2
1e-
1.2.3
abc
--2
--2
--2
-
--2
.
1.2.3
-
--2
+
1.2.3
1ee2
-
e10
e10
000.e
1e-
-
--2
+
--2
1e+
.
1e-
--2
.
1e+
1e
1e-
1.2.3
1.2.3
1e-
1.2.3
--2
1e-
e10
1e
1e-
1e
0e
--2
1e-
e10
000.e
1.2.3
-
1e
e10
e10
abc
abc
++1
1e+
e10
-
1.2.3
abc
--2
abc
.
abc
.
.
.
e10
1e
1ee2
abc
++1
.
1ee2
1.2.3
000.e
000.e
++1
abc
-
1e
.
.
abc
1e-
-
1e-
++1
++1
abc
1e+
1e-
1e-
1.2.3
1e
+
e10
1ee2
1ee2
000.e
1e
--2
-
1e+
1e-
1.2.3
++1
1e+
.
1e
1e+
--2
1ee2
1e-
-
1e
000.e
+
++1
.
1ee2
++1
+
e10
--2
abc
--2
-
1e
000.e
+
0e
e10
.
--2
0e
-
++1
1ee2
000.e
000.e
+
abc
0e
1.2.3
+
0e
++1
abc
0e
1e+
e10
--2
1.2.3
1e+
--2
1e
.
+
+
++1
--2
0e
++1
++1
1.2.3
0e
0e
e10
.
abc
1e-
1e+
1e
1e-
abc
++1
++1
0e
000.e
abc
++1
1ee2
1e-
-
1.2.3
e10
+
.
.
1e+
++1
1.2.3
000.e
0e
1.2.3
1.2.3
e10
--2
1ee2
.
.
1e-
0e
1.2.3
1ee2
abc
++1
1e
1ee2
--2
1ee2
0e
1e
e10
e10
1ee2
e10
--2
000.e
1e+
+
abc
--2
1e-
0e
abc
-
1e
.
+
1e
1e-
1e
000.e
-
-
.
1e
0e
e10
abc
-
1e
0e
e10
1.2.3
1e-
abc
-
-
+
1ee2
1e+
1ee2
1e-
0e
0e
++1
+
+
e10
1e-
-
1e-
000.e
1e-
--2
1.2.3
1e+
+
--2
0e
0e
1e
-
1.2.3
abc
abc
1.2.3
0e
1.2.3
--2
1e-
1e+
1e
+
++1
1.2.3
1.2.3
1e+
0e
abc
0e
000.e
1e
1e-
-
0e
0e
000.e
e10
0e
abc
.
.
+
1e+
+
.
0e
1e-
--2
abc
--2
+
1e
1.2.3
1e-
+
1e-
+
e10
--2
e10
abc
1.2.3
1e
+
--2
1.2.3
++1
++1
--2
1e+
1e+
-
abc
--2
1e+
e10
.
+
-
++1
++1
--2
-
1e+
0e
000.e
+
1e
.
0e
1e-
--2
++1
+
e10
1e+
1e
1.2.3
1e+
+
++1
1ee2
++1
1e
e10
-
--2
1.2.3
1e-
-
++1
-
e10
--2
000.e
+
0e
1e
000.e
--2
--2
.
1ee2
-
abc
abc
-
++1
e10
1.2.3
-
000.e
abc
.
000.e
+
abc
1e-
1.2.3
e10
abc
0e
--2
e10
1e-
--2
1.2.3
000.e
.
.
1e-
1.2.3
1e-
0e
-
1e
1e-
1ee2
1.2.3
abc
1.2.3
abc
e10
++1
e10
0e
.
1e
000.e
++1
.
1e-
1e-
0e
000.e
abc
1ee2
1.2.3
1.2.3
1.2.3
e10
1.2.3
--2
1e-
+
+
1.2.3
+
0e
1e-
e10
0e
e10
++1
+
1ee2
.
++1
+
+
--2
.
-
+
.
1.2.3
--2
-
e10
000.e
1e
0e
1e
+
1.2.3
1ee2
--2
000.e
1e
1e+
000.e
.
.
+
--2
1e+
.
--2
1e+
1ee2
1e
++1
-
000.e
abc
0e
1e
000.e
1.2.3
--2
0e
000.e
.
+
000.e
e10
1e
-
-
abc
1e+
+
1.2.3
abc
e10
--2
1.2.3
1e+
-
--2
+
1.2.3
1e-
--2
1ee2
000.e
.
0e
0e
++1
--2
+
1.2.3
+
1e-
1e+
e10
000.e
1.2.3
1e-
1e
+
1.2.3
e10
e10
000.e
++1
000.e
1e-
1e+
0e
++1
000.e
+
000.e
++1
++1
1e-
1e+
e10
1e
-
1ee2
000.e
e10
000.e
1e
1ee2
abc
1e
e10
e10
000.e
1e-
abc
0e
1e+
.
abc
000.e
-
++1
e10
-
.
-
000.e
--2
1e
1e-
1.2.3
.
--2
000.e
+
--2
+
1e-
1e+
0e
--2
000.e
e10
+
abc
--2
+
0e
e10
--2
1e-
e10
-
0e
000.e
e10
0e
1.2.3
e10
+
+
1.2.3
0e
+
--2
--2
0e
+
.
abc
-
--2
000.e
000.e
e10
1ee2
e10
abc
++1
-
0e
abc
0e
1.2.3
1.2.3
e10
e10
1e
1e-
abc
1e+
--2
-
1e
1e-
1.2.3
e10
+
.
e10
1e+
1e-
.
--2
000.e
abc
1ee2
--2
-
++1
1e-
0e
1e
.
.
1e-
++1
++1
1.2.3
000.e
e10
0e
.
1.2.3
abc
--2
000.e
.
+
+
e10
--2
1e+
e10
0e
000.e
--2
0e
1.2.3
1.2.3
.
0e
1.2.3
1.2.3
1.2.3
1e
1e-
0e
+
1.2.3
++1
--2
-
1.2.3
1ee2
1e+
1e-
1e-
--2
000.e
0e
0e
1e-
1.2.3
++1
1e-
+
1ee2
e10
.
+
1ee2
-
.
--2
.
1e
.
1ee2
1e
0e
++1
.
+
++1
++1
000.e
0e
abc
++1
1e
000.e
+
e10
++1
0e
0e
--2
1ee2
--2
0e
000.e
-
1e
1e-
1.2.3
1ee2
++1
--2
.
000.e
e10
.
0e
0e
+
++1
1e-
1ee2
000.e
1ee2
.
+
000.e
1.2.3
abc
1e
1e-
--2
+
1e+
1.2.3
0e
-
++1
e10
1e-
1ee2
e10
.
.
abc
1e+
--2
e10
e10
--2
e10
++1
abc
1.2.3
e10
++1
+
1e
-
000.e
1ee2
+
0e
1e-
++1
1.2.3
1.2.3
.
1e
1.2.3
1e
--2
1e-
1e+
abc
.
--2
1e+
1e+
-
0e
000.e
000.e
+
abc
1.2.3
abc
1e-
abc
1ee2
000.e
e10
+
0e
1ee2
-
1e-
000.e
1e
1e+
1e+
e10
.
abc
+
1.2.3
--2
--2
1e-
-
+
.
1.2.3
1e+
+
+
1e+
1e+
1e-
e10
abc
abc
1e-
000.e
1e-
-
++1
.
+
--2
-
e10
000.e
1.2.3
++1
1e
1e+
++1
-
+
1e+
000.e
0e
e10
1ee2
1ee2
abc
++1
--2
e10
+
e10
000.e
--2
.
e10
1e-
1e-
+
++1
1e
+
000.e
--2
000.e
1e
1e+
abc
+
-
.
1e-
abc
1ee2
1e-
.
1e-
+
1e-
0e
1e
000.e
abc
abc
.
000.e
++1
1ee2
++1
++1
1.2.3
1.2.3
1e-
--2
1ee2
1e+
--2
+
000.e
--2
+
-
1.2.3
1ee2
abc
1.2.3
1e+
1.2.3
1.2.3
-
1ee2
-
e10
+
1e
-
e10
e10
.
abc
1e+
--2
1ee2
.
1ee2
abc
.
1ee2
-
e10
+
1ee2
1e-
1.2.3
+
.
0e
e10
-
--2
000.e
1e-
.
000.e
.
.
-
.
-
000.e
000.e
abc
+
1e+
+
1e-
1e+
--2
000.e
--2
1e-
1ee2
-
abc
++1
0e
1ee2
.
1.2.3
+
1e-
1e
+
++1
+
1.2.3
--2
1e+
0e
0e
.
e10
1e+
--2
abc
1.2.3
e10
-
abc
+
1ee2
e10
-
1.2.3
1ee2
1ee2
1e
.
++1
000.e
1e-
000.e
abc
.
abc
e10
1ee2
1e
1e+
++1
-
1e-
1e
1e-
1.2.3
e10
1e-
++1
+
-
0e
++1
000.e
--2
1e
1.2.3
1e-
000.e
000.e
1ee2
++1
1ee2
--2
abc
.
abc
1e
+
000.e
1e-
1e
e10
+
000.e
000.e
e10
0e
--2
0e
-
e10
1ee2
--2
1e
abc
++1
1.2.3
1e-
+
++1
-
--2
.
.
e10
1.2.3
abc
1e-
1ee2
1e+
-
0e
--2
1e+
++1
+
--2
000.e
abc
000.e
000.e
.
+
1ee2
1.2.3
0e
1e-
--2
1e+
+
-
+
+
1ee2
1ee2
.
e10
abc
0e
++1
1e
abc
1e+
-
--2
abc
abc
1e
000.e
-
1e-
+
000.e
1e+
1e
1e-
++1
0e
000.e
--2
+
1ee2
1e-
.
++1
abc
1.2.3
1e-
1.2.3
1ee2
1e
.
1e-
000.e
000.e
--2
--2
1e+
+
000.e
1ee2
1ee2
0e
--2
--2
1.2.3
++1
1e+
e10
1ee2
000.e
--2
1e
+
0e
1e
abc
1.2.3
.
++1
e10
1ee2
1.2.3
++1
+
+
++1
abc
1ee2
+
--2
-
.
1e+
1ee2
-
1e+
1e
.
0e
000.e
-
1e
1e-
abc
1ee2
.
.
1.2.3
.
--2
000.e
++1
.
1e
1e+
000.e
++1
++1
--2
1ee2
++1
1ee2
abc
++1
1ee2
1e+
1e
.
000.e
-
++1
1e+
++1
e10
--2
e10
000.e
+
++1
abc
1e-
1e+
++1
1e+
.
--2
++1
++1
++1
0e
--2
1e-
abc
-
1.2.3
.
1ee2
--2
--2
1e-
1ee2
1e-
0e
.
000.e
e10
0e
1e
000.e
1ee2
-
000.e
1e-
1e
1ee2
++1
1e
.
1e+
-
--2
.
abc
--2
1e
1e+
-
1e+
1.2.3
1e+
1ee2
1e-
++1
1.2.3
--2
1e+
e10
1e+
1e
e10
--2
+
--2
1e-
0e
e10
abc
1e+
e10
1e-
1e
1ee2
--2
1ee2
++1
++1
-
1e-
0e
+
-
-
0e
1e+
1.2.3
000.e
abc
+
1.2.3
1ee2
.
1e+
--2
++1
abc
-
+
1e
--2
1e+
abc
1e+
1.2.3
0e
abc
000.e
0e
e10
1e-
e10
+
.
e10
1ee2
-
--2
1e+
1e+
0e
--2
e10
1.2.3
1e-
000.e
0e
1e
-
1e+
--2
++1
.
+
--2
e10
-
.
0e
1ee2
1e
--2
000.e
000.e
0e
e10
++1
--2
.
--2
--2
1e-
1ee2
--2
.
1e+
1e
--2
abc
++1
1e+
e10
.
--2
--2
1e+
++1
--2
++1
-
e10
000.e
++1
++1
1ee2
abc
1e+
1.2.3
1.2.3
abc
1.2.3
e10
1e-
000.e
++1
-
1.2.3
1e+
-
1e-
e10
1e
abc
1e
1e
1e-
1e-
1e-
1e
1e-
1ee2
1e-
-
1e
++1
000.e
e10
1.2.3
1ee2
abc
+
000.e
.
1e-
000.e
+
++1
0e
0e
000.e
000.e
1ee2
1e
-
0e
1ee2
1e+
1e
1ee2
000.e
000.e
1e
1.2.3
--2
abc
.
.
++1
++1
1.2.3
++1
e10
1e
1e+
abc
++1
1ee2
1e-
1.2.3
1ee2
+
e10
e10
--2
+
-
+
--2
++1
1.2.3
e10
1e-
1ee2
000.e
1e-
1e+
1e
.
1e
1e-
e10
1e
000.e
1e+
1e
000.e
--2
0e
1.2.3
+
+
1e-
1e+
000.e
1e-
--2
-
-
1ee2
000.e
.
000.e
--2
++1
-
+
0e
+
0e
e10
e10
000.e
e10
abc
1.2.3
--2
1e
1e-
0e
+
1e-
1e+
--2
--2
0e
0e
++1
+
e10
1e+
1.2.3
-
--2
--2
1ee2
1e-
0e
1.2.3
e10
1e+
+
+
.
0e
000.e
0e
1.2.3
++1
1e-
1e
.
0e
1ee2
1ee2
e10
-
1e+
1ee2
++1
0e
1.2.3
e10
e10
e10
1ee2
++1
1e
-
1e+
-
000.e
1e
1ee2
++1
1.2.3
1e+
1e
+
-
.
-
.
.
000.e
1e
+
e10
+
++1
-
abc
1e+
1e+
e10
000.e
1e
+
1e
+
+
1.2.3
-
abc
0e
1e+
1e+
000.e
+
1e-
1.2.3
+
000.e
-
000.e
-
++1
1ee2
abc
0e
1e+
0e
e10
-
1e+
abc
1.2.3
.
1.2.3
1.2.3
--2
1e
1e
++1
1e-
1e-
1.2.3
abc
-
.
-
1ee2
1ee2
1e-
1.2.3
.
1.2.3
1ee2
abc
000.e
1ee2
-
1e-
1e+
e10
000.e
1.2.3
0e
--2
.
0e
0e
000.e
.
1e
.
000.e
1e-
e10
000.e
--2
++1
abc
000.e
++1
1e+
e10
abc
1e
0e
++1
.
1e+
1.2.3
--2
--2
1.2.3
0e
000.e
.
e10
1.2.3
+
++1
1ee2
1e+
e10
000.e
1e
1ee2
-
abc
000.e
.
-
000.e
1e+
1e+
++1
abc
-
1ee2
1e-
1.2.3
1e+
0e
--2
--2
abc
0e
1e-
0e
1e
e10
e10
1ee2
-
e10
1e
1e+
1.2.3
++1
000.e
0e
1ee2
1.2.3
1ee2
000.e
abc
1.2.3
e10
++1
1ee2
000.e
-
0e
-
--2
++1
1ee2
000.e
1ee2
+
+
1e
1.2.3
.
--2
1ee2
++1
1.2.3
1.2.3
1.2.3
1e+
++1
+
e10
--2
-
1e
1.2.3
-
1ee2
abc
--2
1e-
-
abc
1e-
.
000.e
-
.
abc
-
000.e
1.2.3
e10
.
e10
0e
1.2.3
-
.
abc
+
1e+
1e
.
1.2.3
--2
000.e
0e
1e+
+
0e
abc
abc
e10
+
e10
-
1ee2
e10
abc
e10
e10
++1
e10
1e-
1e+
++1
1ee2
-
1e+
1ee2
.
1e
1e+
1e
1ee2
abc
e10
.
0e
1e
000.e
++1
.
000.e
abc
--2
1ee2
.
1ee2
.
-
++1
1e+
1e
-
1e+
1e
-
0e
1ee2
1e-
++1
-
1.2.3
1ee2
1ee2
--2
++1
--2
--2
1e+
+
+
abc
--2
1.2.3
+
1e
+
-
1e
000.e
1e-
1e-
abc
-
-
-
abc
1.2.3
1e+
1e
0e
e10
--2
1e-
000.e
0e
++1
+
e10
e10
1e
1ee2
+
1e+
1e
++1
0e
+
-
-
abc
+
1.2.3
1ee2
-
1ee2
-
1e-
e10
1e
+
.
1ee2
000.e
000.e
e10
1e+
1e-
--2
+
0e
1e
++1
e10
1e
.
abc
--2
1ee2
1e-
0e
e10
1e
0e
1e
+
1e-
1.2.3
.
+
1e
e10
--2
1.2.3
.
000.e
--2
-
.
1e+
--2
000.e
1ee2
1e-
1.2.3
.
++1
1ee2
e10
1e-
abc
000.e
1e
-
e10
+
1ee2
1e
--2
-
++1
1.2.3
++1
1ee2
e10
0e
1.2.3
1.2.3
abc
000.e
-
1ee2
+
.
1e
1e+
1e+
+
000.e
+
000.e
++1
abc
1.2.3
++1
1e-
++1
--2
1e-
1e
+
000.e
--2
0e
1e-
0e
.
abc
+
e10
++1
1ee2
000.e
e10
000.e
1.2.3
000.e
1ee2
1e
.
1.2.3
++1
1e+
--2
1.2.3
000.e
1e-
1e
1ee2
0e
-
.
1e+
e10
abc
e10
1e-
--2
000.e
.
-
e10
1ee2
+
abc
abc
0e
0e
0e
e10
--2
--2
0e
--2
++1
1e
+
1.2.3
1e+
1e+
-
++1
0e
--2
000.e
.
.
0e
-
abc
1e-
++1
.
--2
1e+
--2
000.e
+
1ee2
.
1.2.3
0e
1e
.
abc
1.2.3
++1
--2
1e-
-
1e+
.
1e-
1e-
1.2.3
0e
.
1.2.3
abc
abc
--2
-
.
1.2.3
1ee2
+
1e+
0e
-
000.e
000.e
1ee2
1e-
e10
-
1ee2
e10
+
0e
+
1e-
1e+
abc
++1
e10
++1
1e-
0e
-
--2
1e+
-
--2
0e
.
1e
1e+
1e+
1e+
1e
1e+
-
.
000.e
++1
e10
++1
1.2.3
000.e
1ee2
.
++1
0e
1e
000.e
abc
0e
+
-
1e-
1e
--2
--2
.
-
abc
1e+
1e+
.
--2
1e+
e10
--2
000.e
abc
+
e10
1.2.3
0e
1ee2
0e
1.2.3
-
0e
1e+
--2
.
-
abc
++1
++1
1ee2
000.e
.
abc
-
1ee2
000.e
000.e
1e
1e+
++1
1ee2
.
+
--2
1e
+
-
1ee2
1ee2
1ee2
0e
1e
1ee2
e10
1e-
1e+
++1
1.2.3
+
1e-
1e+
+
000.e
1ee2
1ee2
-
1e
++1
++1
.
1.2.3
++1
0e
--2
.
e10
1e-
++1
++1
++1
e10
000.e
1e
++1
--2
e10
e10
1e
1ee2
1e
+
abc
--2
+
+
++1
1e
abc
000.e
e10
1e-
+
1e-
abc
1e-
1ee2
1e
++1
-
1e-
-
1e
+
.
e10
1e-
+
+
000.e
-
abc
000.e
.
1e+
++1
1e-
1e-
1e
--2
++1
1ee2
1ee2
++1
000.e
-
1e+
000.e
+
-
0e
1e
++1
1e+
1e-
.
1e+
1e
1.2.3
-
abc
1ee2
1.2.3
--2
abc
1ee2
.
0e
1.2.3
-
+
000.e
--2
--2
1e-
-
--2
1e-
1e
--2
000.e
.
-
+
e10
e10
1e-
-
e10
0e
1ee2
e10
000.e
1ee2
1ee2
1.2.3
--2
e10
-
.
1e
-
0e
+
1e-
1ee2
--2
1.2.3
.
1ee2
000.e
1ee2
1e+
++1
-
1ee2
1ee2
1e
e10
1ee2
.
1e-
-
1e+
1e-
1.2.3
e10
-
000.e
e10
1.2.3
1e+
000.e
1ee2
-
-
--2
1.2.3
++1
++1
1e
e10
1e-
e10
0e
++1
1.2.3
--2
1e-
++1
1ee2
000.e
000.e
1e
abc
0e
1.2.3
0e
1e+
++1
1e+
1.2.3
++1
1ee2
1.2.3
++1
000.e
1ee2
0e
1ee2
0e
1e+
.
--2
-
1ee2
1ee2
1ee2
abc
abc
+
abc
1e
1e+
--2
1e-
e10
000.e
1.2.3
0e
-
+
--2
++1
abc
-
e10
++1
0e
000.e
0e
--2
.
+
1e+
++1
-
abc
1e
abc
--2
1.2.3
-
1e
+
.
e10
1e-
.
1e-
1ee2
1e-
++1
-
-
1e
1e+
000.e
1e-
-
+
0e
1e
.
1ee2
--2
-
1e-
1e
+
1.2.3
e10
-
1e+
1e
1ee2
e10
abc
-
++1
++1
-
--2
++1
1ee2
+
1e+
1e-
1e
1e+
1e
000.e
abc
1.2.3
1e-
1e
abc
.
-
1ee2
000.e
-
e10
1ee2
++1
1ee2
1e
1e
e10
1ee2
1e
.
++1
+
-
1e
--2
abc
abc
e10
0e
1ee2
000.e
-
1e
e10
--2
++1
-
1e
000.e
++1
e10
+
1ee2
.
000.e
1e+
+
1e-
e10
1.2.3
.
000.e
.
1e-
.
1e-
000.e
1ee2
e10
1e
1e-
1.2.3
1e
+
0e
--2
1e
.
0e
1e
0e
1.2.3
++1
1e+
++1
+
e10
++1
1.2.3
--2
0e
.
--2
e10
-
--2
1.2.3
1e
1e+
-
1e+
1e-
000.e
1.2.3
+
+
0e
++1
+
e10
.
abc
.
1ee2
000.e
1ee2
e10
1ee2
000.e
1.2.3
--2
++1
0e
1.2.3
++1
1e+
-
1e-
0e
1e
1.2.3
.
000.e
abc
++1
++1
1.2.3
000.e
1e
1ee2
+
1e-
000.e
.
++1
e10
.
1e
1e-
--2
1e
0e
1.2.3
.
1e+
+
.
1.2.3
1ee2
.
-
+
abc
1.2.3
+
000.e
e10
1e-
-
1ee2
1.2.3
1.2.3
e10
0e
abc
--2
++1
1.2.3
1e+
0e
--2
1.2.3
000.e
1e-
1e-
abc
e10
1ee2
0e
.
abc
1ee2
000.e
e10
1e
0e
e10
000.e
abc
-
000.e
1.2.3
-
1ee2
1ee2
e10
abc
-
--2
++1
1e-
1e+
++1
abc
abc
abc
1e-
1e-
++1
000.e
.
+
1ee2
e10
000.e
1ee2
abc
+
+
abc
abc
000.e
1.2.3
+
e10
1.2.3
1e
--2
0e
abc
1e+
1ee2
0e
1ee2
1e
0e
abc
+
++1
+
1e-
abc
000.e
1e
--2
.
0e
1e+
e10
1e
1e-
000.e
000.e
++1
-
1ee2
1e+
0e
1e+
++1
0e
-
e10
-
1ee2
1e
.
.
1e
e10
000.e
--2
1ee2
1ee2
1e-
1e
1e
.
1e-
.
1e
abc
abc
-
0e
abc
000.e
0e
1e-
e10
1e
1ee2
--2
abc
1ee2
1e
1e+
1e+
1e-
1e-
+
+
1e+
000.e
1e-
0e
+
1e-
1ee2
1.2.3
1e-
1e+
1e+
1e-
1.2.3
0e
.
1ee2
e10
0e
++1
--2
1e+
0e
-
--2
.
--2
-
abc
.
abc
.
1e-
1e-
e10
000.e
000.e
+
-
0e
e10
1e
abc
1e-
000.e
++1
abc
++1
1e-
000.e
abc
--2
1e+
.
e10
++1
0e
e10
abc
1.2.3
e10
1.2.3
1.2.3
e10
1e+
1.2.3
1e-
+
++1
-
000.e
000.e
.
-
-
+
e10
1.2.3
0e
--2
++1
1.2.3
e10
--2
1e-
1e+
1e-
.
1.2.3
0e
1e
abc
1.2.3
000.e
1e
000.e
e10
--2
0e
++1
1ee2
000.e
1e-
1.2.3
.
000.e
000.e
1e-
0e
.
-
1e
e10
abc
.
abc
+
000.e
e10
1e
1e+
++1
++1
0e
+
1ee2
e10
1e-
1ee2
1e-
1.2.3
1.2.3
abc
--2
1e-
abc
1.2.3
1.2.3
1e
--2
1e-
0e
1e+
-
--2
+
abc
0e
-
0e
1e+
--2
.
1ee2
0e
e10
1ee2
.
abc
.
abc
+
000.e
e10
.
e10
-
1e-
--2
1.2.3
1e+
000.e
.
.
1.2.3
e10
.
1e-
++1
1e
e10
e10
--2
0e
+
.
000.e
0e
-
++1
-
-
++1
-
1.2.3
e10
1e-
1ee2
--2
--2
1e
.
++1
++1
1e-
e10
+
0e
e10
1e-
1.2.3
.
0e
abc
++1
-
++1
++1
e10
1e-
-
.
0e
000.e
1e
1ee2
1e
1e-
-
-
1ee2
.
e10
abc
++1
1ee2
--2
.
0e
1ee2
1e+
-
1e-
e10
+
.
1ee2
1e-
-
.
--2
1e+
000.e
e10
++1
1e
+
1e-
1.2.3
1e
e10
1.2.3
1.2.3
.
1e-
0e
000.e
000.e
1ee2
1e
.
.
--2
+
0e
abc
1e+
++1
0e
1e-
--2
1e+
1.2.3
abc
.
+
1ee2
1e+
-
1ee2
0e
000.e
000.e
.
000.e
abc
0e
0e
0e
1ee2
++1
000.e
--2
1ee2
1e+
-
e10
-
1e
1e
-
000.e
e10
1e-
.
000.e
1e+
1e+
+
000.e
--2
+
-
0e
abc
e10
1e+
000.e
--2
1e+
++1
-
000.e
--2
1e
1ee2
1e+
0e
1ee2
1.2.3
++1
000.e
++1
-
e10
1.2.3
+
1ee2
1e+
0e
1e-
1e-
.
1.2.3
++1
0e
1e
1e
+
-
abc
1ee2
--2
.
000.e
1.2.3
000.e
1.2.3
0e
.
0e
--2
1e
1ee2
1.2.3
+
.
0e
1e-
1.2.3
abc
e10
000.e
1e-
1e+
.
000.e
1e-
1.2.3
.
1e-
+
++1
e10
.
e10
1.2.3
000.e
000.e
abc
abc
1e
e10
.
abc
+
abc
.
1e
1e-
e10
0e
e10
+
1.2.3
1e
1.2.3
+
--2
-
++1
1.2.3
e10
1e
1ee2
1e-
e10
0e
--2
1e
abc
+
+
abc
.
+
0e
000.e
1e-
++1
++1
1e
1e-
+
000.e
1e
1.2.3
abc
1e+
-
0e
000.e
+
-
1e
1ee2
000.e
1e+
000.e
++1
1e
.
0e
1ee2
1e-
.
.
abc
.
1e-
-
1ee2
0e
1e
+
1e
++1
1ee2
1e
e10
1e-
e10
000.e
+
1ee2
1e-
1ee2
.
0e
.
0e
e10
1ee2
000.e
000.e
--2
e10
1.2.3
000.e
--2
abc
0e
1.2.3
1ee2
1.2.3
+
+
-
--2
1e
-
1.2.3
1.2.3
1e+
1ee2
000.e
1ee2
1e+
-
000.e
-
1.2.3
1e
1.2.3
1e-
1e+
1e
000.e
1.2.3
++1
+
1e-
000.e
+
0e
000.e
1.2.3
0e
--2
++1
+
1e-
1ee2
0e
1e-
+
-
-
--2
e10
1e+
--2
1e-
000.e
--2
+
e10
000.e
.
0e
000.e
--2
abc
.
e10
0e
.
1ee2
.
+
1ee2
1e-
.
e10
-
--2
.
abc
++1
1.2.3
1.2.3
1e-
1e-
--2
1e
-
1ee2
000.e
000.e
1e
e10
000.e
0e
1ee2
1e
1e
.
1e-
1e-
1e-
++1
++1
1e
--2
.
000.e
1ee2
abc
1ee2
abc
+
e10
0e
e10
+
000.e
--2
++1
--2
.
+
0e
+
1ee2
-
-
1e+
-
000.e
.
1ee2
0e
.
.
.
.
abc
.
-
000.e
1.2.3
1ee2
e10
0e
++1
+
-
000.e
1e-
0e
.
0e
000.e
+
abc
1e+
-
1e
1e+
1e
--2
1.2.3
1.2.3
1ee2
--2
1e+
++1
+
+
.
+
1.2.3
--2
+
e10
1ee2
--2
--2
--2
e10
1.2.3
1e+
--2
++1
+
1.2.3
--2
.
1e-
.
1e+
1.2.3
1e
--2
0e
1e+
e10
e10
++1
+
1ee2
000.e
1e
1ee2
++1
0e
+
1e
1.2.3
1e-
++1
-
abc
000.e
1.2.3
--2
0e
1e-
.
+
1e-
-
+
1e-
1e+
++1
e10
++1
1e-
+
abc
1e+
1e+
1e+
1ee2
abc
-
000.e
1ee2
1e-
000.e
e10
-
--2
++1
1e
0e
--2
.
1e-
000.e
+
000.e
+
1e
1e+
++1
1.2.3
abc
1e
abc
000.e
.
1.2.3
1e
0e
+
.
0e
1ee2
1ee2
abc
e10
e10
e10
+
--2
--2
1e+
-
.
0e
+
--2
++1
1ee2
000.e
++1
1.2.3
1.2.3
+
-
--2
1e+
000.e
++1
1e
1ee2
abc
.
1.2.3
000.e
000.e
abc
1e-
e10
1e
e10
0e
e10
0e
1e-
1e-
1.2.3
.
++1
-
000.e
-
.
.
1e-
+
e10
000.e
1e
abc
1ee2
e10
--2
1e-
1.2.3
0e
1ee2
1ee2
1.2.3
1e
abc
.
1e-
0e
+
-
1.2.3
abc
--2
++1
+
-
1e-
-
+
1.2.3
1e+
.
000.e
1e
++1
--2
++1
0e
e10
1e
1e+
0e
.
--2
1e
abc
abc
abc
1e+
1ee2
1e-
1.2.3
.
-
e10
0e
1e-
1e
1e+
abc
000.e
1e-
0e
e10
1ee2
0e
++1
000.e
-
++1
1e+
abc
.
++1
+
000.e
.
1ee2
1e-
1e
1.2.3
000.e
e10
+
0e
1e-
++1
1ee2
.
1ee2
e10
--2
--2
+
abc
1.2.3
.
abc
000.e
--2
1ee2
1e+
e10
1e
1e+
1e-
.
000.e
-
+
000.e
.
1e+
--2
000.e
1.2.3
1e
+
e10
+
0e
1ee2
.
1e+
1ee2
abc
1e
1e
+
.
-
1e+
1ee2
-
0e
1e
+
1.2.3
0e
-
+
e10
.
++1
1e
0e
1e+
1.2.3
abc
+
--2
e10
e10
1e-
abc
++1
+
abc
++1
e10
e10
000.e
-
++1
1e+
1.2.3
abc
++1
.
e10
1ee2
1e-
1e
-
1.2.3
1e
1ee2
++1
1e-
+
+
1e-
e10
1.2.3
000.e
0e
0e
1.2.3
1e+
e10
.
++1
000.e
++1
1ee2
--2
1ee2
abc
0e
-
1e+
abc
-
abc
0e
abc
1e-
1.2.3
++1
1ee2
1e-
000.e
--2
+
-
1e+
1e-
-
e10
000.e
1e-
++1
1ee2
1.2.3
e10
abc
-
1e-
.
++1
++1
-
-
1.2.3
abc
e10
--2
-
1.2.3
1e+
-
abc
1e+
000.e
1ee2
1e-
+
000.e
.
++1
0e
0e
1.2.3
1e-
1.2.3
000.e
--2
++1
e10
1e-
+
++1
-
000.e
.
1ee2
1ee2
1e-
.
--2
0e
1e+
1ee2
++1
--2
0e
abc
000.e
1e-
++1
1e+
1e+
-
1ee2
1e
+
+
1e-
abc
+
1e
abc
000.e
1e
1e+
abc
1e-
1ee2
abc
++1
e10
000.e
++1
1ee2
1e-
--2
0e
000.e
e10
0e
e10
e10
1ee2
1e+
1e-
1e-
000.e
.
0e
.
1e+
abc
.
e10
0e
1e+
.
-
.
000.e
1e+
1e+
1e-
1e+
--2
--2
1e
e10
abc
-
000.e
+
-
++1
1.2.3
1e-
1ee2
1ee2
000.e
1e-
1e-
0e
--2
+
0e
1e+
e10
-
1ee2
-
1e
1e+
1ee2
-
e10
-
1ee2
1e
1e
.
1e
1e
abc
+
1e
1.2.3
1.2.3
--2
000.e
1e+
--2
000.e
++1
abc
1ee2
1.2.3
1.2.3
0e
--2
1e
--2
1e
.
+
-
.
--2
1e-
1ee2
abc
+
1ee2
-
1e+
.
000.e
1e-
1e+
1e-
0e
1e-
1e
1e-
1e-
1e-
000.e
e10
0e
--2
1e-
000.e
0e
--2
0e
1e-
1e+
+
+
+
.
1e+
--2
0e
+
1ee2
1.2.3
++1
.
1e+
+
1e+
abc
1e+
1e+
++1
1.2.3
1ee2
abc
1e+
1.2.3
+
.
+
1ee2
e10
abc
1e+
1.2.3
.
1ee2
.
000.e
1e-
++1
++1
000.e
.
1ee2
0e
1e+
1e-
1e-
1ee2
1e+
e10
1ee2
+
1ee2
.
1e
e10
1e-
.
++1
1ee2
--2
-
-
--2
1e-
--2
1e+
1ee2
e10
000.e
1.2.3
1e-
abc
++1
e10
abc
.
1e-
1e+
-
1e-
000.e
1ee2
--2
000.e
+
1e+
1e-
++1
1e
--2
.
000.e
+
.
1.2.3
1e-
000.e
1e-
e10
++1
1e
.
1ee2
0e
1e+
e10
-
0e
--2
0e
--2
e10
e10
1.2.3
+
e10
0e
1e
++1
++1
0e
1e
1e+
1.2.3
1ee2
--2
+
-
1ee2
+
0e
1.2.3
+
000.e
++1
0e
e10
.
000.e
1e
.
1.2.3
abc
.
.
abc
1.2.3
--2
-
e10
--2
1e
0e
.
abc
000.e
000.e
1e+
1e+
1e
abc
1ee2
0e
+
000.e
000.e
++1
e10
.
1e
--2
-
++1
--2
abc
-
++1
.
.
++1
++1
--2
abc
-
1.2.3
1ee2
1e-
-
0e
1ee2
1.2.3
1ee2
++1
abc
1.2.3
1e
1e+
.
--2
000.e
++1
e10
e10
e10
.
.
abc
e10
.
.
e10
1e+
e10
e10
1e
0e
0e
000.e
++1
.
.
e10
1e
000.e
--2
1e+
1e+
1e-
+
1.2.3
1e+
1ee2
+
e10
0e
--2
1e
e10
1e+
e10
e10
-
1ee2
++1
abc
000.e
--2
0e
--2
1e
--2
1e-
0e
--2
1ee2
1e-
1ee2
0e
--2
-
--2
1.2.3
1.2.3
1e
1e+
+
000.e
0e
--2
1e
e10
.
000.e
1e+
abc
1e-
++1
0e
e10
1e
0e
000.e
1e
0e
e10
+
.
--2
0e
1e+
000.e
.
1e
1e
1e+
1e
-
1e-
1e+
1e
e10
+
++1
+
e10
--2
.
.
1.2.3
0e
+
1.2.3
1ee2
1.2.3
1e-
1e
0e
+
000.e
.
1e
-
--2
1e
e10
-
1ee2
1e-
1.2.3
++1
-
1e-
1.2.3
1e+
1e+
0e
e10
e10
1e-
-
1ee2
--2
1e
0e
e10
1e+
000.e
+
--2
1ee2
.
--2
000.e
e10
-
000.e
000.e
1ee2
.
+
.
1ee2
e10
++1
abc
abc
++1
1.2.3
+
abc
.
1e
++1
1e-
e10
1e-
1e+
-
e10
--2
000.e
abc
1e-
++1
abc
e10
+
1e+
++1
1e-
1e-
1ee2
++1
.
.
abc
000.e
1e+
0e
e10
--2
0e
abc
abc
000.e
++1
++1
1ee2
1ee2
1ee2
.
abc
1e-
000.e
1ee2
e10
abc
--2
+
.
--2
+
0e
0e
1.2.3
-
1e-
++1
1e+
1e-
--2
+
-
+
0e
--2
++1
++1
0e
--2
--2
abc
1e+
abc
000.e
abc
e10
0e
++1
1.2.3
1.2.3
1e+
e10
000.e
1e-
1e+
e10
1.2.3
--2
0e
0e
1e+
000.e
abc
--2
abc
++1
1.2.3
0e
000.e
--2
0e
++1
--2
1e+
.
--2
+
++1
--2
1e+
.
abc
1e+
+
000.e
abc
-
abc
abc
1e
.
1e
1ee2
1ee2
1e
e10
1.2.3
1e+
abc
++1
-
1e+
1e+
e10
1e
abc
1e-
.
0e
1e-
--2
1e-
+
000.e
1e
1ee2
++1
e10
1e
000.e
abc
0e
+
-
000.e
-
--2
++1
1e+
1ee2
1e
+
--2
++1
1e
000.e
1e
1.2.3
-
.
e10
1ee2
+
000.e
++1
+
1e+
abc
0e
0e
1e-
1ee2
e10
1.2.3
1ee2
1e
-
-
-
.
e10
-
.
-
.
-
1.2.3
1.2.3
++1
abc
000.e
1e-
000.e
000.e
1e-
-
1e-
++1
e10
1e-
abc
e10
1e-
-
1ee2
+
e10
abc
--2
e10
++1
1e
-
--2
000.e
++1
.
abc
++1
1e-
-
-
1.2.3
1e
1ee2
--2
e10
0e
1e
1e
1.2.3
1e
1.2.3
000.e
000.e
.
--2
++1
.
1ee2
000.e
.
1ee2
-
1e
1.2.3
abc
1e
1.2.3
1e-
1e+
e10
-
1e
1e+
1ee2
++1
0e
1ee2
abc
+
-
++1
++1
abc
1ee2
--2
--2
1e-
1ee2
abc
++1
1ee2
1e-
1e+
+
e10
-
1.2.3
1.2.3
++1
1e-
e10
.
1ee2
1e+
++1
0e
e10
1ee2
1e+
--2
-
e10
000.e
1e+
000.e
e10
++1
--2
.
-
abc
+
.
.
.
--2
-
+
e10
abc
e10
1e-
1ee2
++1
0e
1e-
++1
1e+
1e+
0e
1ee2
abc
-
+
1e+
1ee2
1ee2
++1
1e-
1e
+
-
e10
1e-
.
1e+
e10
e10
--2
0e
+
e10
1e-
.
0e
-
-
1e-
1e+
1e-
-
e10
1e+
abc
abc
1ee2
1e-
1.2.3
-
1e
1.2.3
1e+
-
0e
000.e
1ee2
.
1ee2
1e-
+
0e
1e-
.
++1
0e
0e
1ee2
1e+
.
1e+
--2
++1
0e
--2
1e-
+
1ee2
++1
e10
++1
1e+
000.e
--2
1e
000.e
1e
1.2.3
1ee2
+
abc
1e+
1e-
1e
1e-
-
1e+
.
.
1ee2
-
1e-
1.2.3
000.e
1e-
+
++1
0e
1e+
1ee2
1e+
abc
++1
0e
abc
+
000.e
1e+
000.e
+
000.e
1ee2
-
1ee2
1ee2
.
000.e
1e-
1e+
1ee2
abc
--2
.
0e
++1
++1
000.e
1e-
1e+
++1
abc
1.2.3
++1
000.e
+
-
1e-
1e
1e
e10
1e-
-
1.2.3
1e+
1e-
1.2.3
.
.
000.e
++1
000.e
0e
--2
-
-
e10
1e+
1e+
1.2.3
+
1ee2
-
e10
-
1.2.3
.
1e-
abc
0e
abc
1ee2
1.2.3
000.e
1.2.3
+
e10
1e+
abc
1ee2
000.e
-
--2
+
e10
1.2.3
1e+
1e+
000.e
1.2.3
1ee2
000.e
+
+
1e
+
1ee2
abc
000.e
1e+
+
1.2.3
0e
1ee2
++1
e10
.
--2
abc
--2
+
1.2.3
.
-
.
1e+
++1
-
.
--2
000.e
e10
0e
0e
1e-
e10
+
000.e
1e
e10
++1
e10
+
.
0e
1.2.3
1e-
.
.
e10
--2
.
1e-
1.2.3
0e
+
--2
.
+
000.e
--2
-
abc
.
abc
1.2.3
1e
1e+
1e
.
-
1e
e10
000.e
1e
1ee2
1e-
1e+
e10
e10
1.2.3
.
1ee2
0e
++1
++1
e10
000.e
.
1e-
1e+
1.2.3
.
1e-
+
000.e
000.e
.
1ee2
--2
1e+
1e
1e+
1.2.3
0e
++1
++1
+
--2
-
+
1e-
abc
000.e
0e
1ee2
++1
1e+
1e-
abc
1ee2
0e
1.2.3
1.2.3
abc
1.2.3
1.2.3
abc
.
1e-
0e
1e+
+
0e
1e-
e10
1e+
++1
.
-
1ee2
000.e
1.2.3
1e+
++1
.
1e+
e10
1e
1e+
e10
1e
1e
abc
e10
1e
1e-
--2
e10
.
+
1e+
1e
--2
1.2.3
-
-
-
1ee2
++1
1e+
1e+
1e-
1e-
--2
-
e10
000.e
0e
++1
e10
+
1e
-
--2
1.2.3
1ee2
0e
1e-
1.2.3
1ee2
++1
0e
000.e
1e+
1ee2
0e
000.e
0e
-
+
abc
000.e
0e
e10
abc
--2
1.2.3
-
1e+
+
1e-
1.2.3
+
++1
+
-
abc
e10
1.2.3
1e-
--2
1e
.
1ee2
1e+
000.e
+
--2
.
1e+
1e-
e10
e10
abc
-
--2
+
e10
0e
0e
0e
++1
.
--2
++1
0e
+
++1
1e
++1
1e-
--2
++1
+
1.2.3
1e+
-
e10
e10
000.e
e10
-
1e+
1ee2
abc
+
abc
1.2.3
0e
abc
--2
--2
--2
1e+
1e
++1
0e
0e
--2
0e
--2
+
e10
--2
1.2.3
-
000.e
0e
0e
1e+
++1
1ee2
000.e
1e+
--2
1ee2
e10
+
1ee2
e10
abc
0e
abc
++1
e10
--2
1e
1e-
1e
1e+
1.2.3
1.2.3
0e
1e+
1.2.3
abc
++1
.
++1
.
1e-
.
e10
1.2.3
.
++1
1ee2
--2
1.2.3
++1
1.2.3
1ee2
.
e10
-
0e
+
--2
1e+
--2
-
++1
000.e
1e+
.
-
--2
1.2.3
000.e
1e-
+
000.e
1e
+
.
1e+
0e
0e
.
.
+
1e+
+
e10
e10
++1
1ee2
+
000.e
.
+
0e
1.2.3
1e
1e+
e10
++1
abc
.
--2
abc
.
1.2.3
1ee2
abc
1e
0e
--2
e10
1e+
1e
abc
0e
1.2.3
.
e10
1e-
++1
1ee2
--2
000.e
000.e
e10
000.e
1e
++1
-
.
1e+
.
abc
1e
--2
++1
1ee2
--2
e10
-
++1
0e
+
--2
--2
.
1ee2
1e+
1e+
000.e
-
0e
--2
1e
e10
1e-
1ee2
000.e
000.e
1e+
1.2.3
1e+
1e+
+
.
+
abc
000.e
1.2.3
0e
e10
0e
0e
.
1e+
.
1e
++1
1ee2
1e-
0e
0e
1.2.3
--2
1e
1e
1e
-
1.2.3
+
1e+
e10
e10
1e
++1
e10
+
1e-
1.2.3
1e+
-
+
0e
1e
1.2.3
1e-
000.e
1e
1.2.3
--2
1e+
--2
000.e
1ee2
1e
1.2.3
-
1e-
1e
--2
--2
1.2.3
0e
++1
e10
000.e
0e
abc
1e
e10
1ee2
1e
1.2.3
+
1e+
-
.
++1
abc
--2
1ee2
+
1e
-
1e+
e10
000.e
1.2.3
e10
1ee2
1e+
++1
1ee2
++1
1e
e10
--2
+
e10
++1
000.e
abc
000.e
1e+
1.2.3
1ee2
++1
1.2.3
1.2.3
0e
0e
e10
1e-
++1
++1
1e
1ee2
1.2.3
1.2.3
1.2.3
000.e
--2
1e-
.
0e
000.e
abc
--2
abc
.
1e-
e10
1e-
++1
--2
000.e
abc
+
--2
1e+
abc
1e-
--2
000.e
+
-
++1
1e+
1ee2
0e
--2
++1
--2
1e
1e+
1.2.3
1e
0e
.
000.e
1e
.
1e-
-
1e+
e10
++1
abc
++1
-
++1
000.e
000.e
.
0e
1ee2
000.e
1ee2
e10
e10
1e+
e10
abc
-
1e+
++1
0e
--2
0e
.
--2
1.2.3
abc
1e+
++1
1ee2
e10
e10
1e-
1.2.3
1.2.3
--2
1e-
-
1ee2
1ee2
1ee2
1e-
abc
1e-
.
0e
.
--2
1ee2
+
e10
1ee2
1e
1e
000.e
1e-
1e-
000.e
000.e
abc
-
0e
+
.
000.e
e10
1e
abc
e10
.
abc
.
1.2.3
1ee2
abc
++1
abc
1ee2
1e+
1.2.3
-
1.2.3
1ee2
+
1e+
000.e
1.2.3
-
.
.
1e+
1e-
1ee2
+
--2
1e+
000.e
1e
+
1ee2
0e
1e-
--2
-
.
abc
-
.
abc
1e-
abc
1.2.3
1e-
--2
1e-
000.e
1e
-
1e
-
abc
1e-
000.e
.
abc
++1
1e+
1ee2
1e+
1ee2
e10
1.2.3
000.e
1e-
1e
1.2.3
--2
.
--2
+
000.e
1e
.
1ee2
1e
abc
.
++1
e10
e10
--2
-
-
0e
000.e
1e-
1ee2
-
+
000.e
abc
e10
--2
1ee2
.
e10
e10
1ee2
.
-
abc
1e-
++1
1.2.3
1e-
+
-
1e
1e+
-
+
e10
abc
-
--2
1e-
-
.
1ee2
1ee2
000.e
+
+
1ee2
-
--2
0e
000.e
++1
0e
.
000.e
--2
e10
++1
.
0e
1ee2
1.2.3
000.e
1e+
++1
1e-
-
--2
000.e
1e+
1ee2
0e
1ee2
0e
000.e
1.2.3
1ee2
++1
abc
abc
1e+
1e+
000.e
--2
1e-
-
+
--2
1e
1.2.3
0e
000.e
e10
+
1ee2
1e
+
-
1ee2
-
++1
1e+
.
.
abc
1ee2
1e-
e10
-
000.e
1.2.3
abc
++1
.
e10
1ee2
-
+
1e-
.
0e
1e+
abc
1e
-
0e
.
--2
1.2.3
000.e
000.e
1e-
--2
000.e
++1
++1
abc
--2
+
1e
abc
++1
1e
.
1e-
.
0e
1.2.3
1e+
abc
abc
+
abc
0e
1ee2
1e
--2
1e-
-
--2
1.2.3
1e+
.
1.2.3
+
0e
1e+
000.e
000.e
1e
abc
e10
1e+
1.2.3
000.e
1e
1e-
1.2.3
1e
1e
000.e
1ee2
--2
e10
+
-
1ee2
1e
--2
-
0e
1ee2
.
1e
1ee2
1ee2
0e
abc
.
1.2.3
1e
-
++1
1e
abc
+
1e+
++1
1.2.3
1e-
1ee2
000.e
1e
1e-
000.e
0e
-
1ee2
.
1.2.3
1e
1ee2
++1
-
1e
000.e
1e-
1.2.3
1.2.3
++1
1e
1e
--2
1e+
0e
0e
1ee2
abc
--2
.
1e-
++1
-
1e+
1ee2
--2
+
000.e
abc
1e
.
.
+
1e
1e+
e10
1ee2
1.2.3
.
1.2.3
1.2.3
--2
.
000.e
000.e
abc
1.2.3
0e
--2
1e
1e-
.
e10
+
1.2.3
1e+
++1
-
.
0e
abc
--2
+
++1
1e-
1.2.3
abc
++1
--2
+
1ee2
1e+
1e-
1ee2
1ee2
0e
1e-
-
abc
1e-
++1
abc
++1
+
1e-
abc
.
++1
000.e
1.2.3
--2
-
1ee2
1e-
1e-
1e
000.e
--2
1e+
-
000.e
1.2.3
--2
1e+
abc
1e
++1
abc
++1
1e+
1e+
1e
1e
abc
000.e
1.2.3
0e
abc
e10
1.2.3
0e
abc
--2
-
1e
--2
1.2.3
+
--2
abc
abc
--2
+
.
+
++1
.
1e+
1e-
e10
1e-
1e-
++1
1e-
--2
.
1e-
0e
0e
1e-
+
++1
0e
.
0e
.
0e
e10
-
--2
.
0e
++1
++1
abc
0e
.
000.e
--2
1e
--2
++1
++1
1e+
abc
0e
1.2.3
1e-
1e+
1e-
1e
e10
1.2.3
1e+
1.2.3
0e
1e
++1
1.2.3
-
.
1e+
1e+
--2
++1
-
1e
++1
1e+
1.2.3
0e
--2
+
--2
++1
1ee2
++1
+
0e
1e
1ee2
1e+
000.e
abc
0e
abc
000.e
abc
--2
++1
e10
1e+
1.2.3
1.2.3
abc
e10
e10
-
1ee2
-
++1
-
abc
.
e10
1e+
-
0e
-
000.e
0e
1e-
1.2.3
-
000.e
1ee2
1.2.3
.
+
1e-
1ee2
000.e
1e
-
--2
abc
e10
.
+
1.2.3
e10
0e
000.e
+
+
-
0e
++1
--2
0e
1e
.
++1
1e+
-
abc
e10
1e
0e
.
-
e10
.
abc
1e-
1ee2
++1
1e
1e
--2
-
+
e10
e10
1ee2
--2
1.2.3
-
1.2.3
1e
++1
+
1e
1.2.3
-
++1
1.2.3
.
abc
1e+
e10
.
1e-
1.2.3
000.e
1e
1e+
1.2.3
e10
1.2.3
+
--2
e10
e10
e10
+
.
--2
1e
1ee2
1e
1ee2
++1
e10
-
0e
e10
++1
e10
0e
1e
++1
e10
1e
-
--2
.
0e
++1
1e
000.e
-
000.e
1e+
1ee2
000.e
.
1.2.3
1e-
1ee2
-
-
0e
000.e
1e+
1ee2
1e+
000.e
000.e
1.2.3
0e
abc
1e
1e-
1.2.3
1e-
1e-
1e
1ee2
0e
1e
1e+
--2
0e
1ee2
1e-
--2
000.e
++1
1.2.3
000.e
--2
abc
1.2.3
.
+
abc
000.e
1.2.3
1e-
++1
--2
1e
1e
000.e
1e+
1ee2
e10
--2
+
++1
--2
.
1ee2
1e+
1e
000.e
e10
.
++1
--2
-
.
++1
--2
+
--2
++1
+
+
e10
++1
--2
.
1e+
--2
+
1e+
1e
1.2.3
1e-
.
1e
1ee2
abc
++1
1e-
1e
+
1ee2
.
1e+
1.2.3
0e
1e
1e+
++1
000.e
e10
-
1e+
+
.
e10
1e+
1e+
e10
e10
1ee2
--2
1e-
1e-
++1
1.2.3
-
000.e
+
000.e
+
abc
1.2.3
-
000.e
1ee2
1e-
000.e
0e
1e+
1e-
+
1ee2
--2
++1
--2
1e
+
1ee2
0e
0e
+
1e
1e-
++1
1e-
+
++1
--2
--2
+
1.2.3
1ee2
e10
1e+
1.2.3
1ee2
1e-
e10
++1
-
--2
-
--2
1e+
++1
.
0e
.
.
abc
1e+
1e+
1ee2
--2
++1
.
++1
++1
+
.
--2
1e
1e-
1e+
abc
--2
0e
--2
--2
-
-
.
--2
++1
++1
1e
abc
abc
abc
1e
e10
1ee2
1e-
1e+
e10
1e
+
1.2.3
0e
-
-
1ee2
--2
000.e
1e
+
+
0e
1ee2
--2
.
.
+
abc
000.e
abc
++1
.
000.e
1ee2
000.e
+
1e-
1e-
-
.
.
-
0e
e10
.
.
1e-
.
1e-
1e-
.
e10
++1
1ee2
1.2.3
0e
000.e
++1
1ee2
1e-
1e+
.
--2
--2
++1
abc
.
000.e
+
1e-
+
1e-
--2
1ee2
0e
+
--2
1e+
abc
+
++1
abc
--2
-
.
+
1.2.3
-
1ee2
1.2.3
+
1ee2
abc
--2
abc
-
-
++1
e10
+
1ee2
+
e10
++1
1.2.3
abc
+
abc
e10
++1
-
++1
.
--2
e10
e10
1e+
1e-
--2
000.e
.
1e+
-
e10
--2
.
1.2.3
1e
0e
1e-
+
0e
.
1e+
1.2.3
1.2.3
e10
1.2.3
1.2.3
e10
1.2.3
0e
.
000.e
000.e
1e+
+
0e
.
-
1e+
-
abc
+
e10
-
000.e
0e
000.e
1e-
1e-
e10
-
--2
-
e10
e10
--2
abc
-
1e+
1e-
1ee2
e10
--2
.
+
1ee2
-
1e
++1
1e
000.e
1ee2
1.2.3
--2
1e+
.
--2
1e
000.e
.
1e-
1e+
1e
.
1e+
1e-
0e
e10
000.e
abc
--2
.
++1
1ee2
1e-
.
000.e
1.2.3
1ee2
++1
1.2.3
1ee2
1e+
++1
+
1ee2
-
1ee2
1e-
++1
1ee2
1e-
1.2.3
+
-
1ee2
1e+
abc
1.2.3
1.2.3
.
1.2.3
1e+
1e
1ee2
--2
1ee2
1e-
e10
.
++1
0e
--2
abc
--2
1.2.3
e10
abc
abc
1.2.3
abc
1ee2
0e
1ee2
1e
--2
e10
1e+
.
1e-
abc
000.e
--2
e10
e10
+
1e-
++1
++1
1ee2
-
-
++1
.
1e-
1e
000.e
abc
.
-
+
e10
abc
1e+
+
.
1e-
-
.
1.2.3
.
1e+
abc
abc
.
1.2.3
e10
++1
1.2.3
abc
0e
++1
1.2.3
++1
1e+
1.2.3
0e
1e
-
-
0e
e10
e10
-
0e
--2
0e
.
--2
0e
1e+
+
-
000.e
++1
000.e
-
e10
+
.
.
1.2.3
1e-
1ee2
1e+
1.2.3
1e+
+
e10
-
0e
--2
1ee2
1ee2
+
000.e
1e
+
1ee2
++1
1e-
.
0e
abc
e10
+
++1
++1
000.e
e10
.
++1
1ee2
+
1e
1e-
1e+
1e+
1e
abc
000.e
000.e
1e
.
000.e
1e-
++1
1e-
1e-
1e
.
1.2.3
1e
.
0e
000.e
abc
1e
.
000.e
1e
1e
1e
1.2.3
1ee2
abc
+
1.2.3
.
+
1e
++1
0e
1ee2
+
e10
-
+
1ee2
0e
000.e
-
1.2.3
abc
1.2.3
abc
000.e
1e+
abc
000.e
1e-
.
1ee2
-
0e
-
+
e10
++1
+
.
e10
0e
1e-
-
+
-
--2
1e
abc
e10
-
1.2.3
abc
e10
1e
1e-
--2
0e
1.2.3
e10
1e+
1e-
-
0e
abc
1ee2
e10
+
1ee2
1e
.
-
0e
1e-
0e
000.e
abc
e10
1e+
.
abc
-
1ee2
1ee2
e10
e10
--2
+
.
++1
1e-
-
-
1e-
--2
1.2.3
-
+
++1
-
1.2.3
1ee2
-
+
++1
1.2.3
1e
1e+
1ee2
000.e
1e-
+
++1
--2
1e-
.
1ee2
1ee2
1e+
e10
000.e
1.2.3
1e-
++1
e10
.
0e
e10
1ee2
0e
.
e10
++1
e10
000.e
++1
abc
1ee2
1e+
1ee2
000.e
0e
1e
+
.
0e
abc
+
0e
--2
++1
1ee2
000.e
e10
1.2.3
--2
--2
-
1.2.3
++1
1ee2
000.e
1e
.
1ee2
++1
1e
-
+
1e-
.
--2
1e
1e
-
000.e
abc
--2
.
0e
1e-
1.2.3
-
000.e
e10
1e
1e+
000.e
++1
--2
e10
1ee2
1ee2
+
.
1ee2
--2
1e
abc
1e-
1e+
1.2.3
1ee2
-
1ee2
+
1e-
1e
++1
++1
1ee2
1ee2
-
1e
0e
.
1ee2
abc
-
--2
1e+
000.e
1ee2
1e
abc
--2
1ee2
1.2.3
e10
+
.
1e
1e+
000.e
1ee2
++1
1e
1ee2
1.2.3
1.2.3
+
1e+
1e+
-
++1
+
--2
++1
--2
-
+
0e
++1
000.e
000.e
1ee2
+
++1
1e
e10
0e
+
1ee2
0e
.
-
1e
1e+
1e
+
abc
0e
1e
abc
0e
++1
.
000.e
e10
1e-
abc
1e
.
000.e
1e-
++1
--2
+
1e
++1
abc
1e+
.
++1
1e
1ee2
++1
1e+
1.2.3
.
--2
1ee2
.
--2
1.2.3
000.e
1e+
++1
1e-
abc
0e
1ee2
1e-
-
000.e
+
--2
1ee2
1e+
abc
000.e
--2
e10
1.2.3
0e
1.2.3
++1
1e
1e-
abc
1ee2
1.2.3
1e-
0e
1ee2
+
.
-
--2
000.e
1e-
000.e
--2
1ee2
.
1e-
1.2.3
abc
.
1e-
-
-
abc
0e
0e
1e+
+
1e
.
+
.
1e-
1ee2
1e-
--2
+
e10
++1
abc
0e
++1
e10
-
1e+
1ee2
.
1e-
000.e
0e
-
+
1e-
+
000.e
1e+
-
000.e
1e
1e
1e+
1ee2
1.2.3
.
1e-
+
1e-
1e
1e-
e10
000.e
+
1ee2
--2
000.e
+
--2
-
e10
1e
1e+
+
1ee2
1ee2
1.2.3
++1
++1
-
++1
abc
1e+
+
1ee2
+
1ee2
1e-
+
1e+
+
1.2.3
1.2.3
abc
-
1.2.3
000.e
1e
0e
000.e
1e+
1e+
1.2.3
000.e
0e
e10
1.2.3
1ee2
1e-
++1
.
+
1e+
--2
1e
1e+
1e
--2
1ee2
1e-
abc
+
1.2.3
.
abc
1e+
000.e
1e
.
000.e
e10
.
abc
e10
1.2.3
-
1e-
.
000.e
++1
-
.
1ee2
.
++1
1ee2
1e
--2
e10
1e+
1.2.3
1ee2
1e+
1ee2
+
--2
1e
000.e
-
1e+
1ee2
1e
-
1.2.3
--2
e10
e10
.
1.2.3
.
--2
abc
+
1e+
1e-
1e-
++1
--2
++1
--2
++1
1.2.3
1e
e10
--2
abc
1e
abc
0e
000.e
1ee2
1.2.3
abc
000.e
1.2.3
1e
.
1e+
e10
1e+
-
abc
1e
-
e10
000.e
1e-
0e
1e+
0e
abc
1e-
-
1e-
000.e
++1
1e-
1e
++1
++1
1e+
--2
++1
.
--2
abc
--2
1ee2
1e-
-
++1
e10
--2
1.2.3
1e
abc
e10
1ee2
000.e
.
000.e
1e+
0e
1ee2
000.e
0e
e10
abc
1.2.3
e10
e10
1e
1e+
-
1ee2
abc
.
abc
0e
1e-
e10
++1
000.e
1e+
--2
-
--2
000.e
000.e
0e
0e
1e-
+
abc
.
1e
1e
1ee2
0e
.
1.2.3
0e
--2
1e
-
--2
1e-
000.e
0e
1e
++1
e10
-
.
1.2.3
000.e
0e
1e+
1.2.3
.
0e
++1
000.e
000.e
1e
1e-
1e+
1.2.3
++1
1e-
1e-
1e-
1e
1.2.3
+
1e+
abc
1.2.3
0e
1ee2
1e+
abc
1e
1e-
--2
1.2.3
000.e
+
1ee2
++1
--2
+
1.2.3
abc
1e-
000.e
++1
1.2.3
1e-
000.e
1e-
1e+
--2
+
0e
--2
abc
000.e
1e
e10
1e+
--2
1e+
1e+
000.e
1.2.3
000.e
abc
0e
1ee2
.
--2
++1
-
++1
.
.
.
000.e
e10
1e
+
-
+
1e+
1ee2
1e+
+
-
e10
--2
1ee2
1e+
.
1ee2
1.2.3
1e
+
+
1e+
.
1e+
1e-
.
1ee2
1e
1e+
1e+
e10
.
abc
e10
.
-
1.2.3
-
000.e
++1
abc
1e-
1e
1e-
1.2.3
1e+
++1
e10
1.2.3
1e-
1e-
0e
--2
abc
abc
abc
000.e
1.2.3
++1
1.2.3
--2
++1
+
1ee2
e10
1.2.3
1.2.3
1.2.3
1e-
1e+
0e
abc
++1
1e+
.
1e+
1.2.3
+
000.e
1.2.3
e10
1e
.
--2
1e
-
.
--2
1ee2
e10
-
-
1e
000.e
1.2.3
+
+
0e
1e
++1
--2
++1
1ee2
0e
--2
--2
1.2.3
.
abc
1e
--2
000.e
1ee2
abc
abc
abc
000.e
1e+
1ee2
1.2.3
000.e
--2
abc
0e
++1
--2
1e
++1
1e+
--2
+
e10
1e+
--2
1e-
1e-
1ee2
1ee2
abc
-
000.e
--2
--2
.
1e+
e10
.
0e
000.e
e10
+
000.e
1.2.3
abc
000.e
--2
1e
+
1.2.3
0e
--2
1e
e10
-
-
1e+
++1
1e+
0e
1e+
1ee2
++1
000.e
0e
1ee2
++1
e10
1e-
1.2.3
1e
abc
+
--2
--2
-
++1
1e
1ee2
--2
.
-
.
+
1e
1ee2
+
000.e
+
000.e
.
++1
++1
1.2.3
1.2.3
1e-
0e
++1
0e
-
1.2.3
1ee2
.
--2
1e-
1e+
000.e
1e
1e
000.e
-
1e-
++1
1e-
++1
1.2.3
++1
abc
++1
1e-
abc
abc
000.e
1e-
.
1ee2
e10
1e+
1ee2
1ee2
1e+
abc
1e+
e10
++1
--2
1ee2
-
abc
e10
++1
0e
-
++1
.
1e
+
000.e
.
-
1e-
1ee2
000.e
--2
0e
000.e
0e
1.2.3
--2
1.2.3
000.e
1e+
abc
1e
--2
.
--2
1e
e10
--2
e10
-
1ee2
e10
-
1e-
+
--2
1.2.3
.
.
1e+
++1
0e
e10
+
1ee2
1.2.3
1ee2
e10
000.e
.
-
1e+
1e
0e
1.2.3
-
1.2.3
e10
++1
-
-
1e+
1ee2
.
1e
1e+
abc
1e-
1.2.3
+
abc
1e-
000.e
e10
000.e
1e+
1.2.3
--2
1.2.3
0e
+
1e-
++1
+
1e
e10
000.e
--2
--2
1e+
+
0e
000.e
abc
1e-
1e+
abc
-
-
1e+
1e+
1ee2
000.e
1e
000.e
-
0e
000.e
0e
+
1e+
++1
e10
000.e
0e
++1
abc
1ee2
--2
-
+
.
--2
1e+
1e-
abc
1ee2
1.2.3
.
.
1ee2
000.e
0e
-
--2
++1
000.e
.
--2
1e+
abc
1e-
0e
000.e
1ee2
-
--2
e10
-
000.e
-
--2
000.e
e10
++1
1e+
1.2.3
e10
++1
1ee2
000.e
1e-
.
+
000.e
e10
abc
+
1ee2
1ee2
000.e
1ee2
000.e
000.e
-
e10
-
1.2.3
-
1ee2
+
+
++1
1e+
e10
0e
-
1e-
--2
0e
-
1e
1e-
1e
1e-
.
++1
1.2.3
-
1e-
1.2.3
1e-
e10
e10
--2
-
.
--2
abc
1e
++1
++1
000.e
++1
--2
.
1ee2
1e+
e10
1e+
abc
1.2.3
1ee2
1e-
1ee2
.
e10
abc
-
1e
1.2.3
1e
1.2.3
1e
--2
1e-
++1
e10
--2
abc
++1
e10
0e
1e+
1.2.3
e10
1e+
000.e
1e+
1ee2
--2
e10
1ee2
0e
1.2.3
1ee2
.
1.2.3
1e
+
1e-
+
-
1ee2
.
+
-
000.e
.
0e
++1
000.e
000.e
000.e
+
1e+
000.e
-
1ee2
1e-
e10
+
--2
.
abc
+
abc
e10
1e+
0e
1e-
abc
.
--2
e10
000.e
++1
1e
000.e
1e
++1
--2
1e
1ee2
1e
++1
.
1e
abc
1e+
0e
1e
+
1e
0e
1e
.
1e+
1ee2
-
--2
++1
1e+
1e
.
++1
1e-
1e-
0e
++1
1ee2
1e
1e
1.2.3
++1
1e-
e10
1e
1e+
abc
+
e10
1e
1e
.
+
-
++1
000.e
-
0e
000.e
000.e
-
-
000.e
1e+
--2
++1
e10
1e
.
000.e
0e
++1
-
1e
000.e
abc
1e
000.e
e10
1ee2
++1
++1
1ee2
1e
1ee2
0e
1e
1e+
abc
+
0e
e10
1.2.3
0e
0e
1.2.3
-
000.e
1e-
0e
--2
0e
++1
abc
e10
.
0e
1e-
.
--2
1e
+
000.e
++1
1.2.3
1.2.3
+
1.2.3
++1
+
++1
abc
.
1e+
1e+
1e
-
--2
++1
1ee2
1ee2
1ee2
1.2.3
1e
+
0e
--2
.
1.2.3
1.2.3
1e
--2
1e
1e-
--2
.
1e+
+
1e+
1.2.3
1e-
1e-
1ee2
+
--2
1e
1.2.3
-
++1
1e
e10
0e
abc
1e
e10
abc
1e-
++1
-
.
000.e
--2
--2
-
e10
e10
e10
e10
--2
e10
1ee2
000.e
000.e
000.e
.
1ee2
1.2.3
e10
abc
1ee2
-
0e
1e-
--2
1.2.3
.
1e
1e+
abc
+
000.e
abc
--2
-
1ee2
1e
1e+
0e
1.2.3
1e-
e10
--2
.
1ee2
1ee2
e10
1ee2
--2
--2
1e-
e10
abc
++1
000.e
1e+
0e
++1
++1
abc
1.2.3
abc
-
+
0e
1e+
0e
1e-
e10
1e-
.
1e
1e-
+
0e
++1
000.e
.
0e
0e
1ee2
+
0e
000.e
1.2.3
abc
1e
1.2.3
abc
.
++1
1ee2
--2
++1
000.e
e10
e10
abc
-
.
++1
+
++1
.
abc
-
abc
-
1e
--2
abc
1.2.3
0e
+
1ee2
0e
1e
000.e
000.e
abc
e10
+
+
000.e
1e+
000.e
1e-
++1
1e+
+
000.e
++1
1.2.3
-
-
1e
1e
000.e
+
--2
000.e
1e+
-
abc
--2
1ee2
1ee2
-
++1
0e
abc
++1
1e+
1e-
1ee2
e10
1e+
1e
+
1e-
abc
--2
.
1e
1e+
1e
.
000.e
++1
--2
+
-
0e
1.2.3
--2
.
1ee2
-
1ee2
1e+
1ee2
-
1.2.3
1e+
-
0e
abc
1.2.3
abc
0e
1ee2
0e
-
1e+
000.e
--2
.
1ee2
0e
++1
++1
abc
1.2.3
000.e
++1
1e-
+
1e-
1e-
000.e
e10
--2
-
e10
000.e
1ee2
1e+
abc
++1
1ee2
1e
.
1.2.3
++1
+
abc
000.e
+
1e+
1e
1ee2
--2
+
.
++1
000.e
1.2.3
abc
-
000.e
e10
++1
1e+
1e+
000.e
1ee2
e10
e10
abc
1e+
1ee2
1e+
1e+
abc
+
1e
1.2.3
1e
1e
.
e10
1.2.3
1e+
1e+
000.e
++1
abc
e10
1ee2
1e+
+
0e
+
abc
++1
.
1e
0e
1e-
e10
-
1e+
000.e
.
1ee2
+
0e
+
1e
1ee2
.
0e
1e
--2
abc
1e+
--2
1ee2
1ee2
0e
-
1e-
--2
1e-
0e
+
+
e10
0e
e10
1e+
-
1e-
-
++1
abc
e10
.
1e+
000.e
e10
1e+
1e+
0e
1.2.3
1ee2
++1
e10
1e
1.2.3
.
--2
-
--2
e10
1.2.3
--2
-
e10
000.e
-
+
abc
abc
000.e
1e+
e10
1.2.3
1.2.3
1.2.3
+
1e+
--2
000.e
1e-
1ee2
+
--2
1e+
--2
000.e
000.e
1.2.3
+
1e+
1e+
e10
+
+
--2
-
1.2.3
abc
000.e
.
000.e
++1
1ee2
abc
++1
++1
--2
.
abc
abc
1e-
000.e
--2
1ee2
--2
abc
e10
000.e
1e-
abc
1.2.3
.
000.e
1ee2
1e-
+
1e+
1ee2
1e+
1ee2
.
1ee2
0e
.
abc
0e
0e
1e+
1.2.3
1ee2
+
abc
1e-
+
.
abc
.
1e
abc
+
-
1e-
.
--2
1e
0e
e10
1.2.3
0e
1e
.
.
1ee2
1.2.3
1e-
1e-
1ee2
abc
++1
+
++1
-
0e
1.2.3
--2
1e
1ee2
1e-
1.2.3
++1
1.2.3
0e
--2
000.e
.
-
e10
-
1e-
000.e
1e
+
++1
--2
-
1.2.3
0e
1.2.3
1e+
1ee2
e10
1e-
--2
e10
1e-
abc
-
0e
--2
+
000.e
.
+
+
1e
1e
+
0e
1e
1e-
--2
000.e
--2
1e
1e
+
abc
1ee2
+
0e
1e+
000.e
e10
e10
--2
1e
e10
abc
1e+
--2
0e
.
abc
1ee2
0e
000.e
1.2.3
++1
.
++1
--2
++1
-
1e+
--2
1e-
abc
--2
000.e
1.2.3
1e+
1.2.3
1e+
+
0e
1e-
+
1ee2
e10
000.e
1e
+
abc
1ee2
e10
1e
e10
1e-
1e+
1.2.3
-
+
0e
1e
+
e10
+
000.e
1ee2
000.e
1.2.3
.
1e+
000.e
--2
--2
1e
1e+
++1
000.e
000.e
--2
abc
1e-
1.2.3
abc
0e
1e
000.e
1e
0e
.
-
.
0e
1e-
0e
--2
1ee2
e10
.
1e
.
++1
1e
1.2.3
abc
-
1.2.3
-
.
1e
1e-
1e+
abc
1e+
--2
1ee2
.
1e+
1ee2
++1
-
1ee2
1e
-
000.e
1e+
abc
1e+
+
.
-
1e-
1e+
abc
++1
1e
abc
abc
--2
0e
000.e
1ee2
-
0e
0e
abc
++1
-
0e
1ee2
000.e
e10
1e
1ee2
.
000.e
--2
-
-
-
--2
-
++1
abc
1ee2
e10
1e-
e10
e10
--2
1e
1ee2
1e
1e-
1e-
-
1e+
1e
0e
-
++1
--2
++1
--2
1e
1.2.3
1ee2
+
0e
1e
abc
1e
+
1.2.3
0e
000.e
-
1e+
1e-
+
-
abc
.
1e-
1.2.3
1e+
+
1e+
++1
-
0e
1ee2
000.e
000.e
0e
000.e
0e
e10
++1
.
abc
0e
0e
1e-
++1
abc
1ee2
++1
1ee2
1e
1.2.3
.
.
++1
-
.
0e
--2
-
1e
++1
-
000.e
1e+
.
000.e
1e+
0e
1e+
-
--2
abc
1e
++1
.
1.2.3
--2
++1
abc
1e
+
-
abc
1ee2
+
1.2.3
1e
++1
0e
--2
++1
e10
1.2.3
000.e
1.2.3
--2
+
e10
1ee2
000.e
1.2.3
-
1ee2
0e
abc
e10
1.2.3
1e+
1e-
e10
0e
--2
e10
+
+
.
0e
0e
0e
-
abc
.
.
1e+
1e-
e10
-
abc
-
1e-
1e+
abc
1e+
0e
1.2.3
1ee2
.
--2
000.e
-
1e
++1
--2
abc
+
.
--2
e10
1.2.3
-
1e-
+
1e-
1e
1.2.3
abc
1e+
--2
1e+
abc
++1
000.e
000.e
++1
++1
1e
.
0e
1ee2
0e
000.e
0e
1e+
1.2.3
++1
+
1e
1e-
abc
1e-
.
abc
-
-
--2
0e
--2
1e+
1e
e10
e10
e10
++1
-
1e
abc
-
-
1e-
-
.
1e-
+
1e-
+
-
0e
++1
000.e
0e
+
-
e10
1ee2
1e+
++1
-
abc
1.2.3
--2
1e+
+
1e
--2
+
e10
-
1.2.3
1e-
.
1e-
000.e
1e
--2
1e
e10
++1
--2
--2
++1
1e-
--2
0e
+
e10
+
++1
0e
e10
1e+
.
+
++1
.
--2
1e
0e
1e+
1e
1ee2
1ee2
--2
e10
e10
++1
1e
1e-
e10
1ee2
1ee2
0e
++1
1e-
+
e10
.
1ee2
1.2.3
abc
000.e
1ee2
abc
1.2.3
1e
1e+
0e
1ee2
-
++1
0e
e10
000.e
+
1e
1.2.3
++1
1ee2
000.e
++1
e10
1e+
1e-
1.2.3
++1
1e+
1.2.3
1e-
1.2.3
1e+
e10
-
000.e
+
--2
1.2.3
1.2.3
000.e
1e-
1e+
-
.
1.2.3
1e
e10
1e-
--2
0e
--2
abc
1.2.3
++1
e10
-
1e
--2
1.2.3
--2
e10
++1
1e
1e
1e
1e+
0e
e10
000.e
--2
--2
1.2.3
e10
0e
abc
++1
1e-
1.2.3
1ee2
-
e10
1e-
.
e10
000.e
1e+
1e-
abc
1ee2
++1
1e+
000.e
++1
1e+
1e
1e-
--2
e10
--2
1e
e10
-
--2
0e
abc
000.e
1e+
-
+
1e-
.
0e
1e-
--2
1e-
1ee2
0e
1ee2
1e+
0e
1e
abc
e10
0e
000.e
000.e
1e+
1e-
abc
0e
1e+
1ee2
1e+
abc
000.e
000.e
e10
e10
++1
0e
1e-
--2
1.2.3
-
1e+
1e+
abc
abc
000.e
1e
1ee2
+
abc
+
1e+
0e
abc
e10
1e
1ee2
-
1e+
1e-
000.e
abc
1.2.3
1.2.3
1e-
1ee2
1e+
1.2.3
000.e
1.2.3
e10
1e-
0e
abc
000.e
abc
++1
1.2.3
abc
abc
--2
-
1e+
-
e10
abc
1e
-
--2
--2
000.e
1.2.3
1ee2
1e+
0e
++1
+
+
1.2.3
1ee2
1.2.3
--2
-
-
+
e10
-
1e
-
.
000.e
1e-
0e
.
-
1e-
1.2.3
1e-
1ee2
abc
-
000.e
--2
0e
++1
1e-
.
1ee2
1e+
+
1e-
1e
.
+
1e-
000.e
1ee2
1.2.3
1e+
++1
0e
1e
1e+
-
.
000.e
1e
1e+
000.e
+
.
+
.
1.2.3
-
1.2.3
1e
1e
abc
++1
+
1e-
1e
.
1e-
1e
1e-
++1
000.e
-
1.2.3
+
1.2.3
1ee2
1ee2
0e
++1
1e-
0e
+
1.2.3
000.e
1ee2
abc
000.e
1e
1ee2
-
+
--2
e10
.
1ee2
--2
000.e
0e
0e
0e
+
+
1e+
1e+
1ee2
++1
-
e10
.
-
abc
1ee2
+
000.e
+
1.2.3
0e
.
.
++1
++1
-
1ee2
--2
--2
1ee2
e10
1ee2
1ee2
+
+
1e+
abc
0e
000.e
++1
+
e10
abc
1e+
-
1e-
0e
1e+
1.2.3
abc
-
-
1.2.3
--2
1e
0e
abc
0e
1e+
.
1e
1.2.3
.
1e-
1e+
0e
0e
1e+
1e+
e10
1e
000.e
+
1ee2
.
++1
e10
abc
--2
--2
000.e
e10
--2
1e
1e
1.2.3
000.e
1e+
1ee2
-
+
-
abc
000.e
000.e
1e-
1ee2
0e
1ee2
0e
+
++1
e10
+
.
1e
0e
1e+
1.2.3
++1
1e+
abc
++1
abc
+
abc
1e
-
0e
abc
0e
000.e
+
1.2.3
1e+
--2
1e+
.
000.e
abc
+
1e
--2
.
0e
e10
.
abc
1ee2
abc
.
1e-
e10
000.e
-
000.e
-
1.2.3
-
.
1e
abc
e10
++1
e10
1e
0e
--2
1e
000.e
+
1e-
000.e
1ee2
1e-
--2
1e+
--2
1.2.3
000.e
1e-
--2
abc
+
+
1e-
000.e
0e
.
0e
1ee2
abc
++1
1ee2
++1
e10
++1
1e
+
++1
0e
1e-
++1
++1
1ee2
.
+
abc
+
--2
1e-
e10
++1
abc
1e
0e
1ee2
1e
abc
000.e
+
1ee2
+
++1
--2
--2
++1
--2
1.2.3
1ee2
abc
-
+
1e+
1e-
0e
++1
+
000.e
abc
1.2.3
.
1e-
.
abc
.
1ee2
1e
-
abc
1e
-
e10
000.e
000.e
0e
0e
.
1e-
1ee2
--2
e10
.
.
-
0e
1.2.3
1e+
1e
0e
1e-
1e
000.e
1e
++1
1e-
1e
--2
1e+
1ee2
++1
-
.
1e-
e10
e10
e10
+
000.e
+
000.e
.
-
000.e
+
+
1e-
--2
abc
1.2.3
000.e
1e-
000.e
000.e
e10
000.e
++1
1e-
++1
.
1e
1e-
000.e
1.2.3
e10
.
1ee2
e10
1e
--2
.
1.2.3
000.e
.
1e+
000.e
--2
000.e
abc
1e
1ee2
1e+
1.2.3
1e
1e+
abc
1e
-
1e+
--2
1ee2
000.e
.
1ee2
++1
1ee2
1.2.3
1.2.3
1ee2
1e
1e-
0e
++1
1e-
e10
0e
1e
1ee2
000.e
abc
-
0e
1e-
-
1e+
1e
+
1e-
+
1.2.3
e10
1ee2
000.e
1e-
.
abc
000.e
1e+
e10
1e
1ee2
000.e
e10
+
++1
1.2.3
1e
+
+
e10
000.e
-
-
.
1e+
e10
000.e
1e
1e
1e+
++1
0e
abc
0e
abc
-
e10
-
++1
-
.
1ee2
1e-
e10
1e
.
1e+
abc
.
1e
000.e
+
+
000.e
1.2.3
+
1e+
e10
1e+
++1
e10
-
+
.
1.2.3
1e+
abc
-
-
1e-
.
e10
1ee2
1e-
1e
++1
1.2.3
-
000.e
000.e
1ee2
--2
--2
1e+
000.e
abc
++1
-
.
000.e
++1
e10
1e
+
1e-
1e-
1.2.3
abc
abc
1e
0e
000.e
0e
1ee2
.
1e+
-
.
e10
1.2.3
1.2.3
+
e10
1e
1.2.3
1e-
1e-
+
.
1e+
.
000.e
++1
abc
0e
1e+
--2
abc
+
1.2.3
1.2.3
e10
1.2.3
--2
++1
e10
.
000.e
++1
1e
++1
0e
abc
+
++1
1e+
e10
1.2.3
.
--2
1.2.3
0e
1ee2
-
.
e10
1e+
++1
0e
++1
000.e
.
1.2.3
++1
e10
abc
-
0e
000.e
+
0e
+
1ee2
0e
1e
e10
abc
e10
1e+
+
1e
.
--2
--2
+
+
000.e
e10
-
e10
1ee2
1e
.
-
+
1e
++1
.
.
.
abc
000.e
+
+
++1
1ee2
.
1e-
--2
e10
+
+
1ee2
e10
abc
1.2.3
++1
0e
-
+
-
1e-
.
1.2.3
1ee2
0e
--2
0e
1e-
+
1ee2
++1
1e-
++1
1e
000.e
-
1e+
1.2.3
+
-
.
++1
++1
1e-
1.2.3
++1
000.e
++1
1.2.3
000.e
++1
e10
+
1e+
0e
++1
-
-
1e
000.e
--2
1e
+
e10
--2
000.e
abc
.
1e
1e+
1e
e10
1.2.3
abc
e10
.
000.e
000.e
.
1e-
--2
1ee2
1e
-
000.e
e10
+
--2
1ee2
abc
000.e
-
0e
-
1ee2
1.2.3
1e
abc
++1
e10
1.2.3
.
+
1e
abc
-
000.e
-
-
1e-
1e
--2
.
1e+
1e
1e-
1e
-
1e
abc
1e+
0e
-
--2
-
++1
1e-
1ee2
0e
1.2.3
abc
e10
++1
+
e10
abc
1e+
1e-
1e+
abc
abc
0e
1e
abc
1e
0e
.
--2
e10
++1
1e-
++1
1.2.3
000.e
1e+
1ee2
1e-
0e
--2
1e
1e-
.
1e
--2
1ee2
.
-
-
1ee2
.
1.2.3
0e
abc
1e+
1e+
0e
1ee2
--2
1e
1.2.3
+
1e
+
e10
1e
.
--2
++1
000.e
1e
0e
--2
1.2.3
0e
1e
1.2.3
e10
--2
--2
--2
.
++1
e10
+
1e-
000.e
.
1.2.3
.
+
e10
0e
+
abc
abc
e10
--2
.
1e+
1ee2
1ee2
abc
0e
000.e
1.2.3
++1
++1
--2
-
000.e
1e-
.
1ee2
1ee2
--2
++1
abc
-
1ee2
++1
1e+
.
1e-
--2
000.e
1e
1e+
1e
--2
1ee2
e10
1ee2
--2
--2
abc
++1
.
+
++1
1ee2
1e
abc
-
abc
-
1e-
1e
1e
--2
++1
--2
-
1e-
1e
--2
000.e
.
1e
0e
1e+
0e
0e
1.2.3
0e
abc
1e
--2
+
abc
1e-
e10
+
000.e
++1
1e
0e
1e+
abc
1e+
.
+
.
1.2.3
1.2.3
abc
0e
1e+
.
+
1.2.3
1e+
e10
abc
-
++1
.
-
1e+
.
--2
000.e
++1
.
++1
++1
abc
-
1.2.3
+
e10
1e+
1e+
+
++1
1e+
abc
1e
1ee2
+
000.e
abc
1e+
1e
1e-
000.e
0e
000.e
1e
abc
++1
1e+
--2
--2
1e+
1e+
1e+
1ee2
1e
.
--2
1.2.3
1e+
++1
++1
1e+
+
1e+
1e-
0e
1ee2
0e
+
--2
1ee2
1.2.3
--2
1e+
.
1e-
-
0e
1e-
abc
abc
-
-
1e
000.e
--2
++1
e10
-
0e
0e
++1
-
e10
abc
e10
1ee2
-
abc
1e+
0e
1.2.3
abc
-
--2
1e-
1ee2
.
e10
++1
e10
-
.
1.2.3
++1
-
000.e
1ee2
000.e
+
+
e10
0e
1e
e10
1.2.3
--2
e10
1e-
1ee2
e10
1ee2
1.2.3
000.e
000.e
1e-
.
-
000.e
1ee2
-
0e
.
000.e
1e-
+
.
1ee2
1ee2
abc
--2
+
1.2.3
e10
1.2.3
1ee2
0e
.
.
1e
000.e
++1
abc
1.2.3
--2
1e-
1e-
0e
0e
abc
+
.
1.2.3
1ee2
--2
1e+
++1
e10
e10
0e
.
--2
0e
abc
++1
abc
1e+
-
-
1.2.3
++1
-
abc
1ee2
-
1.2.3
++1
++1
+
--2
1e+
1.2.3
.
e10
e10
0e
1.2.3
abc
1e
+
000.e
-
1e+
+
-
+
+
1e
1ee2
.
1e
1ee2
1e-
1e+
--2
.
000.e
.
+
--2
abc
.
.
--2
abc
abc
--2
000.e
1.2.3
-
.
000.e
000.e
e10
abc
1e-
1ee2
1.2.3
000.e
e10
1ee2
.
.
0e
1e
+
e10
0e
1e-
0e
1.2.3
1e
1.2.3
++1
abc
abc
+
.
abc
abc
-
+
--2
1e
0e
++1
1e
+
abc
1.2.3
000.e
+
1e-
1e
000.e
0e
e10
000.e
1e-
-
000.e
1e
000.e
++1
+
++1
-
0e
-
1ee2
++1
-
1e+
-
1e-
-
.
000.e
-
1e
1ee2
--2
--2
-
++1
abc
e10
+
1ee2
1ee2
++1
1e
-
++1
++1
--2
e10
abc
1.2.3
abc
000.e
1e-
1e+
+
++1
.
+
1e-
-
.
+
.
1.2.3
1ee2
+
1e+
.
1e+
abc
e10
1ee2
1ee2
0e
1e-
+
+
.
+
--2
++1
abc
1ee2
e10
1ee2
--2
1.2.3
0e
1.2.3
1e-
++1
.
000.e
1.2.3
1e
--2
++1
+
+
1e-
1e
+
1e
1ee2
--2
1.2.3
+
000.e
1e+
++1
--2
000.e
.
0e
1e
0e
1ee2
1e
000.e
1e+
--2
1.2.3
-
-
1e-
++1
1.2.3
1e-
e10
000.e
1e
+
1.2.3
.
000.e
e10
1e
--2
0e
e10
++1
abc
++1
1ee2
abc
1.2.3
1.2.3
0e
--2
.
abc
--2
+
1e+
1e-
e10
1.2.3
abc
000.e
abc
1e-
1.2.3
1e
+
++1
000.e
-
1e+
+
1ee2
000.e
000.e
1e+
e10
1e-
0e
--2
1ee2
-
abc
--2
+
e10
.
1ee2
abc
0e
--2
1e-
1e
1e
1e-
1ee2
.
.
000.e
--2
e10
++1
1.2.3
-
1e
1ee2
-
.
abc
1e-
+
1ee2
1.2.3
1e
.
e10
1e
0e
1.2.3
++1
e10
1e+
1.2.3
+
1e+
000.e
++1
1e
.
--2
1ee2
000.e
abc
++1
1e+
-
1e
1e-
-
++1
.
1e+
-
1e+
.
1.2.3
-
0e
1ee2
.
1e+
1.2.3
1.2.3
1ee2
-
1e
-
-
e10
1e-
++1
0e
-
-
1e+
abc
000.e
0e
--2
1e-
1e+
.
000.e
.
abc
-
abc
1.2.3
-
000.e
1.2.3
.
-
+
.
.
1ee2
-
--2
++1
-
e10
1ee2
e10
--2
000.e
--2
1e+
1ee2
abc
1e
--2
1e-
e10
e10
000.e
--2
1e-
+
abc
+
.
--2
.
.
1.2.3
abc
1e-
1e
++1
1e
0e
1e-
1e+
e10
0e
0e
1.2.3
+
.
e10
--2
1e-
e10
0e
1e
+
1e-
1e
0e
--2
+
1ee2
1.2.3
1e-
++1
1e-
.
000.e
e10
000.e
000.e
000.e
-
1e
1e+
1e+
000.e
0e
000.e
-
1e
--2
1e
-
1e
1e
000.e
--2
e10
1e
-
1e
--2
1ee2
1.2.3
1.2.3
1ee2
e10
000.e
e10
e10
--2
1e
1e
++1
1ee2
1e-
1e-
0e
1e-
--2
abc
+
.
--2
++1
0e
000.e
+
.
1e+
--2
.
1ee2
++1
e10
0e
1.2.3
0e
-
1e+
0e
abc
1ee2
abc
000.e
1e
abc
e10
0e
000.e
1.2.3
abc
++1
-
++1
+
abc
1ee2
e10
-
abc
1e-
e10
1.2.3
1e+
e10
--2
+
1e-
1e-
0e
.
1.2.3
0e
--2
--2
1ee2
1e
abc
1ee2
+
1e
e10
.
e10
1e-
abc
000.e
1.2.3
0e
-
000.e
1e
000.e
e10
--2
0e
1ee2
000.e
++1
1e+
+
0e
0e
abc
.
1e-
1.2.3
e10
.
abc
--2
1ee2
--2
000.e
1e+
1.2.3
1ee2
abc
--2
0e
1e
1e
--2
++1
e10
.
e10
+
e10
000.e
1ee2
abc
1e
1.2.3
1e+
1e-
--2
1ee2
--2
-
1.2.3
1e-
++1
1.2.3
-
++1
1ee2
1e
0e
++1
.
e10
-
1e
+
+
--2
abc
1ee2
-
--2
--2
-
1e-
0e
++1
1.2.3
--2
1e
1e
-
e10
0e
e10
0e
000.e
-
++1
0e
1e+
1e-
--2
1e+
000.e
1.2.3
e10
.
1.2.3
-
++1
1ee2
1e
1e
1ee2
e10
--2
+
1ee2
abc
++1
-
1e+
0e
-
1ee2
e10
-
0e
000.e
++1
++1
0e
000.e
0e
-
++1
1e+
1e+
.
abc
1e
000.e
-
0e
000.e
e10
1.2.3
++1
abc
1ee2
--2
1e+
+
abc
1.2.3
e10
abc
1e+
000.e
1e
1e-
1e+
-
--2
-
+
.
000.e
e10
+
1e-
+
abc
e10
1e+
e10
e10
1ee2
.
000.e
--2
e10
0e
abc
1e
0e
e10
000.e
1ee2
--2
e10
++1
0e
1ee2
1e-
+
1e
e10
+
0e
+
0e
0e
abc
000.e
+
e10
1e
1.2.3
.
++1
abc
abc
+
0e
1ee2
1ee2
1ee2
1ee2
e10
000.e
-
--2
0e
1.2.3
e10
1ee2
++1
1e
1e
1e+
--2
abc
--2
.
+
abc
.
1e+
--2
1.2.3
++1
+
.
1ee2
1ee2
1.2.3
.
1e-
abc
1e
0e
1.2.3
1.2.3
1e+
1e-
--2
1.2.3
-
--2
1e+
1.2.3
-
1.2.3
1e+
1e
1ee2
1ee2
++1
-
000.e
1e-
-
0e
abc
000.e
.
+
e10
+
++1
1e-
.
0e
abc
.
1e
000.e
++1
e10
-
++1
1.2.3
abc
1e
abc
1ee2
+
.
1.2.3
1ee2
0e
1e+
1ee2
1ee2
0e
-
abc
0e
1ee2
1.2.3
-
1e
1e-
--2
e10
1.2.3
++1
1.2.3
1e
0e
0e
1ee2
000.e
000.e
++1
--2
++1
abc
++1
1ee2
+
1e-
e10
0e
.
+
.
abc
+
-
--2
+
1ee2
0e
000.e
000.e
1ee2
++1
1e
abc
abc
.
--2
--2
++1
000.e
-
.
1e-
-
1e-
+
abc
-
++1
++1
abc
++1
--2
1ee2
abc
1e+
000.e
--2
0e
+
--2
.
1ee2
1.2.3
000.e
.
++1
000.e
1.2.3
1e+
0e
1ee2
1e-
.
1e-
1e+
++1
1.2.3
abc
1e-
1e-
+
abc
1ee2
1.2.3
1e
0e
abc
1ee2
1.2.3
0e
0e
1e+
.
1.2.3
000.e
1e
-
--2
++1
+
.
1e
++1
--2
1ee2
1e-
0e
++1
1.2.3
++1
1.2.3
000.e
abc
1e
.
abc
+
0e
-
1ee2
000.e
1e+
1.2.3
1e
-
abc
++1
1e
1e+
-
+
000.e
.
.
1e-
+
+
1e+
--2
1.2.3
000.e
1e-
abc
0e
e10
1.2.3
1e-
--2
1e+
-
--2
1e+
--2
000.e
+
.
0e
--2
1.2.3
1.2.3
1e-
1.2.3
1e+
1e-
e10
e10
1ee2
0e
1ee2
1e-
0e
1ee2
1e
1e
.
+
.
000.e
1e
-
-
1e-
0e
1.2.3
e10
1.2.3
1.2.3
000.e
0e
1e
abc
--2
--2
+
--2
0e
.
1e+
++1
000.e
1e-
1e
++1
0e
1.2.3
e10
abc
1.2.3
-
1e
-
-
1e-
.
abc
1.2.3
-
1e-
1ee2
--2
0e
--2
-
1.2.3
-
0e
0e
1ee2
1.2.3
1e
-
++1
e10
0e
1e
1e-
e10
abc
1e-
abc
+
abc
++1
1e
--2
0e
-
0e
1e
abc
1.2.3
000.e
1e-
0e
abc
1e+
.
abc
1.2.3
++1
000.e
.
0e
1e+
abc
-
1.2.3
++1
--2
--2
1.2.3
1e+
+
abc
e10
0e
abc
--2
e10
++1
0e
1ee2
+
1ee2
1e-
000.e
1e-
-
1e
-
0e
000.e
1ee2
.
1ee2
abc
1e
0e
0e
abc
abc
1e+
.
1ee2
1.2.3
++1
000.e
.
1e-
1ee2
1.2.3
0e
abc
1ee2
0e
e10
1ee2
1.2.3
.
1e-
1e+
1e+
+
1e+
1ee2
1e-
+
1e-
.
0e
.
-
--2
1e+
1e
1.2.3
1e+
1.2.3
1e-
1e
+
000.e
e10
1e
++1
.
.
++1
--2
1e-
-
abc
.
000.e
1e
.
abc
1e
000.e
0e
++1
000.e
e10
.
000.e
abc
000.e
1e-
000.e
1.2.3
000.e
1.2.3
--2
0e
+
abc
1e-
.
1.2.3
1e+
++1
--2
1.2.3
1e-
0e
1e
abc
+
000.e
0e
e10
abc
.
1e+
000.e
1ee2
e10
-
+
abc
abc
--2
1.2.3
++1
1ee2
--2
--2
000.e
1.2.3
e10
e10
1e+
1e-
1e-
1e-
1ee2
1ee2
e10
1.2.3
e10
000.e
1e-
1e
1ee2
1e
1.2.3
0e
1e+
-
1.2.3
1.2.3
-
1e-
000.e
--2
1.2.3
abc
+
--2
1e-
+
.
++1
1.2.3
abc
.
0e
1e+
++1
1e
e10
+
abc
+
1e
abc
e10
--2
++1
1.2.3
-
000.e
.
++1
1.2.3
e10
++1
1e-
++1
-
1e+
.
1e+
1e
1ee2
000.e
1e+
1e
abc
e10
1e+
abc
e10
1.2.3
1e-
-
++1
.
1.2.3
1.2.3
-
1e
1e
--2
1ee2
abc
000.e
-
1e+
++1
+
1e
1ee2
--2
+
1.2.3
1.2.3
e10
abc
1e
-
0e
.
1.2.3
abc
1e+
1e+
e10
abc
++1
1.2.3
1e+
1.2.3
1e+
+
abc
-
0e
e10
0e
1ee2
000.e
1e-
+
1ee2
1e
1e+
-
1.2.3
1e
1e+
++1
0e
000.e
0e
000.e
.
1ee2
0e
e10
0e
+
1e+
1e
.
-
1e
.
++1
--2
1e
.
++1
1ee2
abc
++1
1ee2
++1
1.2.3
e10
1e
e10
1ee2
1.2.3
-
--2
1e+
1e+
-
1.2.3
1e+
000.e
000.e
.
1ee2
-
1e-
--2
1e+
1e-
-
abc
0e
000.e
-
1e+
++1
1ee2
.
0e
abc
1e+
0e
1e
-
--2
1.2.3
abc
1ee2
.
-
000.e
1ee2
+
0e
000.e
1e
+
1e-
1e-
e10
abc
+
.
000.e
1.2.3
++1
e10
1e+
++1
abc
-
1e
0e
.
1e+
1e+
1ee2
1ee2
abc
+
++1
1e-
1.2.3
1e+
++1
e10
1e-
1e
1ee2
0e
000.e
1ee2
1ee2
abc
.
1.2.3
e10
000.e
1ee2
1e
-
abc
++1
1e
1e-
--2
000.e
abc
++1
--2
1e-
.
1e+
1e-
e10
e10
.
0e
1e+
abc
e10
1ee2
1.2.3
1e-
1e
000.e
+
--2
abc
--2
.
1.2.3
+
1e+
--2
abc
1ee2
1e
1e-
++1
1ee2
1e+
--2
0e
abc
e10
1e-
-
1e-
--2
e10
--2
1e+
1ee2
1e-
.
000.e
+
1e
++1
1e
+
++1
000.e
1ee2
-
--2
1ee2
1.2.3
1.2.3
0e
e10
1e-
abc
1e-
1ee2
+
--2
1e
0e
000.e
++1
+
1e+
+
1e-
abc
0e
abc
e10
.
1e
1ee2
1e-
e10
1e-
--2
1e
--2
.
000.e
1.2.3
1e+
1e-
e10
abc
.
.
1.2.3
-
1e-
--2
e10
1e+
1e
+
0e
1e
abc
1e+
1e-
++1
000.e
++1
--2
abc
1ee2
1.2.3
1e-
--2
000.e
000.e
--2
1ee2
+
abc
-
1e
1e-
1ee2
1e-
1.2.3
abc
1.2.3
1ee2
1e-
0e
1ee2
1e-
1.2.3
000.e
0e
0e
1.2.3
-
1.2.3
1ee2
+
abc
--2
1.2.3
e10
e10
000.e
0e
.
-
1e+
1e-
1.2.3
1e-
--2
0e
-
-
-
1.2.3
0e
0e
--2
e10
1e-
1e
.
000.e
++1
-
+
++1
abc
1e+
--2
1e
abc
++1
1e
1e+
abc
1e
0e
+
++1
000.e
000.e
1.2.3
.
1.2.3
e10
abc
000.e
abc
000.e
e10
0e
.
0e
0e
0e
abc
-
++1
1e-
-
++1
.
-
.
+
++1
e10
000.e
+
abc
abc
1e
e10
1ee2
-
.
1.2.3
1e
0e
.
-
1.2.3
0e
0e
000.e
1.2.3
1ee2
+
1e+
000.e
e10
1ee2
+
+
1e+
1.2.3
++1
1.2.3
1e
+
1ee2
000.e
1e
++1
1ee2
0e
1e
1e
.
1e+
--2
1.2.3
.
000.e
+
e10
1e+
+
abc
1ee2
-
++1
000.e
1e-
1e
.
1e+
000.e
1.2.3
e10
.
-
--2
1e
1.2.3
abc
--2
-
1ee2
++1
+
--2
e10
1e+
1e
+
000.e
1e-
abc
e10
.
e10
+
1e+
e10
0e
.
1.2.3
-
0e
1ee2
+
--2
+
abc
abc
1ee2
0e
1ee2
1e-
0e
1ee2
+
1.2.3
1e-
++1
++1
++1
0e
.
0e
0e
++1
e10
1.2.3
0e
abc
.
1ee2
++1
++1
++1
1.2.3
++1
1e
abc
1e+
000.e
+
+
1e
e10
1e
1e
-
+
1.2.3
1ee2
+
1e-
--2
+
abc
-
-
+
-
1e+
1e-
1ee2
1.2.3
1.2.3
1e-
-
.
e10
--2
++1
-
--2
+
-
abc
0e
1.2.3
0e
1.2.3
1e-
1.2.3
000.e
000.e
1.2.3
-
++1
1e+
++1
.
.
0e
++1
abc
++1
1e
-
1.2.3
--2
1e+
-
1.2.3
e10
--2
1e
+
1e-
1e+
.
++1
e10
1ee2
--2
--2
000.e
1ee2
1.2.3
1e+
000.e
1.2.3
1.2.3
1e-
1e-
000.e
0e
+
+
.
1e
1ee2
000.e
1ee2
--2
-
--2
1e+
1e+
0e
-
1ee2
+
abc
abc
0e
++1
++1
+
abc
.
--2
1ee2
000.e
.
1e
1e
--2
000.e
1.2.3
0e
1e+
1ee2
.
-
.
abc
++1
abc
1e+
1ee2
1e+
e10
1e
--2
++1
+
1e
0e
1.2.3
e10
1ee2
e10
1e
++1
e10
e10
1.2.3
e10
0e
0e
e10
1e
.
000.e
-
+
1.2.3
--2
-
++1
+
1e+
000.e
1e-
1ee2
abc
1.2.3
-
1ee2
1e+
abc
-
-
-
++1
000.e
e10
1.2.3
+
e10
1e-
000.e
+
0e
e10
+
0e
1e
1e+
1ee2
++1
1e
1.2.3
--2
1e
000.e
1e
+
++1
1ee2
0e
--2
1e+
++1
1e+
abc
++1
0e
1e
1.2.3
1e
1e
--2
abc
1ee2
e10
abc
++1
-
000.e
+
-
-
0e
1e
1e-
1e-
-
1e
--2
abc
-
000.e
++1
.
--2
1e+
1e+
+
abc
abc
1.2.3
1e
abc
0e
e10
1e
0e
e10
1ee2
1e
1ee2
1.2.3
++1
--2
+
1e-
.
--2
--2
1e
1e+
e10
000.e
++1
-
++1
1e-
++1
.
--2
1e-
1e-
--2
++1
0e
--2
-
1e
abc
1e-
1e-
000.e
1e-
+
1.2.3
++1
1.2.3
1e-
.
-
-
1.2.3
-
--2
--2
abc
++1
000.e
++1
.
.
e10
0e
1.2.3
1e-
1e-
1e+
0e
++1
e10
1e+
+
e10
.
.
0e
0e
000.e
--2
.
1e+
1.2.3
1e+
000.e
-
000.e
+
1ee2
++1
1e
e10
000.e
000.e
1e-
e10
-
1ee2
1e
+
abc
.
-
1e+
+
abc
0e
1.2.3
-
000.e
1e+
+
.
1e
1ee2
000.e
000.e
1.2.3
1e-
1e+
--2
.
000.e
000.e
1e+
1e
++1
+
e10
0e
-
0e
1e+
000.e
abc
--2
-
1e-
000.e
1e-
000.e
e10
++1
--2
1ee2
1e+
0e
--2
1e
0e
1ee2
abc
e10
+
1.2.3
e10
abc
1e
e10
-
--2
.
000.e
000.e
0e
--2
1ee2
1.2.3
.
1e+
0e
0e
++1
1e-
1e+
1e
.
.
1.2.3
0e
-
1e-
abc
++1
-
0e
1.2.3
000.e
.
1.2.3
-
1e
1e
0e
+
abc
1.2.3
0e
+
1.2.3
0e
-
.
000.e
+
1ee2
1ee2
1ee2
1e
--2
1e
--2
-
1e
000.e
+
-
1e-
.
-
1ee2
000.e
1e-
000.e
1e
e10
.
.
1e
e10
+
1ee2
abc
1.2.3
e10
-
e10
1.2.3
000.e
abc
.
+
1e-
++1
1e-
abc
abc
--2
e10
0e
1e
++1
1e-
1e
-
0e
--2
1.2.3
e10
0e
-
abc
1.2.3
1e
1e+
.
.
abc
-
--2
1e-
000.e
--2
e10
+
--2
+
1e+
.
+
-
1ee2
1e-
--2
1e+
-
1e-
0e
1e+
0e
1.2.3
++1
1ee2
--2
1.2.3
1ee2
1e
1e+
+
e10
1.2.3
1e+
e10
-
e10
1ee2
--2
+
e10
000.e
1e
+
++1
1e-
-
0e
1e+
1e+
--2
000.e
e10
1e+
1e-
1ee2
1e+
--2
1e
1e-
--2
1e-
+
-
--2
-
1e-
0e
.
1e-
++1
1e+
--2
1ee2
0e
1ee2
++1
000.e
abc
1.2.3
abc
1e
1e-
++1
1e+
abc
-
--2
0e
+
-
.
000.e
000.e
1e
++1
0e
+
+
+
1.2.3
1e-
abc
1e-
+
0e
e10
.
abc
000.e
abc
+
.
.
1e
abc
1e-
1e+
0e
-
-
+
--2
1e+
0e
-
1e
.
0e
--2
++1
--2
+
.
--2
--2
.
abc
000.e
1ee2
abc
.
1ee2
e10
0e
1ee2
++1
-
1.2.3
e10
000.e
1e+
++1
1.2.3
1ee2
e10
1e
e10
.
0e
--2
1e
e10
1e+
.
+
--2
+
--2
abc
++1
.
1.2.3
++1
.
-
+
e10
1e
000.e
++1
1e-
1e+
1.2.3
1ee2
1e+
--2
++1
1e
1e-
e10
abc
+
000.e
000.e
+
+
0e
-
0e
e10
-
abc
1ee2
e10
1e
1e-
--2
e10
1e+
+
abc
+
+
.
++1
0e
1.2.3
+
000.e
--2
-
--2
abc
+
0e
1.2.3
++1
000.e
000.e
0e
1.2.3
1e-
1e+
.
.
1e-
1.2.3
abc
++1
-
1ee2
-
1e-
1.2.3
e10
1.2.3
1e
000.e
e10
e10
abc
+
1e+
000.e
--2
--2
abc
.
-
1.2.3
e10
+
1e-
1e-
1e
e10
0e
1e
--2
0e
1.2.3
++1
.
1e+
+
000.e
1e
e10
--2
1e
0e
-
000.e
++1
1ee2
-
--2
1e
1ee2
0e
1.2.3
0e
+
1e-
--2
000.e
000.e
+
1ee2
1e-
0e
1e+
-
1.2.3
+
000.e
e10
1e-
1ee2
e10
1e
1e
1ee2
000.e
1e-
--2
++1
e10
-
--2
+
abc
1e
--2
e10
1.2.3
0e
.
++1
abc
1e
.
e10
1e+
e10
1.2.3
0e
abc
1.2.3
1e
1.2.3
++1
abc
++1
1e
--2
1.2.3
1.2.3
000.e
abc
+
e10
+
+
+
1.2.3
000.e
-
abc
1e+
+
1e
+
-
1e-
.
++1
0e
.
000.e
1.2.3
1ee2
0e
1e
000.e
+
000.e
-
+
--2
1ee2
1.2.3
++1
--2
1.2.3
.
.
-
abc
.
abc
++1
e10
abc
abc
+
e10
1e+
0e
+
1.2.3
1e-
0e
e10
--2
1e
1.2.3
e10
+
.
0e
e10
0e
-
--2
1e
1e+
1e
1.2.3
+
++1
0e
.
+
1e-
1e+
1e-
e10
++1
-
1ee2
.
-
000.e
1.2.3
--2
.
-
1e
.
--2
0e
0e
-
1ee2
-
e10
1ee2
0e
e10
1ee2
++1
--2
1ee2
+
0e
+
1e-
++1
1e
0e
1.2.3
.
1ee2
000.e
000.e
+
--2
1e-
1.2.3
-
1.2.3
1e+
1.2.3
++1
-
0e
e10
1.2.3
.
1e+
1e+
+
e10
-
++1
1e
0e
1e
-
--2
1e-
1e-
+
+
+
-
+
.
e10
+
1e
-
--2
000.e
abc
.
0e
.
1e-
1ee2
000.e
abc
.
0e
1ee2
-
1e-
+
.
--2
000.e
.
1e
1e+
1.2.3
1ee2
000.e
1e+
1e-
--2
+
e10
1.2.3
1e
1ee2
000.e
-
++1
--2
000.e
-
abc
0e
000.e
.
++1
-
--2
e10
--2
000.e
abc
1e+
.
1.2.3
--2
-
abc
-
++1
1e-
abc
++1
+
000.e
abc
1e+
++1
.
1e
-
000.e
abc
e10
+
abc
e10
--2
.
1e-
1e
.
++1
1.2.3
abc
1e+
e10
1e+
-
--2
-
1e+
1.2.3
.
.
1.2.3
1e+
.
.
.
1e-
000.e
1e-
1.2.3
e10
-
1e+
000.e
+
e10
1e
000.e
1e-
.
1e+
abc
1.2.3
abc
1e+
+
+
1e+
1e-
-
+
000.e
-
--2
1.2.3
++1
-
.
1e-
0e
1ee2
1e-
1e
1e
e10
1e+
abc
000.e
.
000.e
++1
1.2.3
+
1e+
abc
1ee2
e10
000.e
.
000.e
1e+
0e
abc
-
1e+
-
1e-
000.e
++1
-
.
000.e
1e
1e-
1ee2
000.e
1e+
-
1e
1.2.3
0e
e10
1e
0e
0e
1e
000.e
.
.
000.e
-
abc
.
0e
--2
--2
e10
-
.
0e
e10
+
-
--2
1e
0e
0e
abc
++1
000.e
1.2.3
1e
abc
--2
e10
--2
1ee2
0e
1ee2
1e+
1e-
1e-
0e
abc
.
1.2.3
1ee2
1e
1e-
1e+
+
1e-
1e+
000.e
+
1e
0e
.
e10
1e
++1
1e+
e10
0e
--2
++1
+
1ee2
1.2.3
1.2.3
0e
abc
e10
e10
0e
0e
1e+
-
1.2.3
++1
++1
1.2.3
000.e
1e
0e
e10
++1
1ee2
--2
--2
1e-
+
0e
+
1e-
++1
abc
1.2.3
000.e
000.e
++1
.
1e+
e10
1.2.3
000.e
0e
000.e
1e
++1
+
+
--2
000.e
--2
abc
1e-
--2
1e+
0e
1e-
000.e
abc
0e
++1
1e+
+
1.2.3
e10
0e
+
0e
-
--2
000.e
1ee2
0e
1.2.3
--2
.
1e-
--2
1e-
.
1e-
000.e
1e
000.e
1e
1ee2
1e-
.
e10
1e
1e
e10
.
1ee2
.
++1
.
+
1.2.3
1.2.3
e10
e10
++1
000.e
1ee2
1e-
--2
.
0e
000.e
1ee2
+
1e-
.
1ee2
abc
.
+
1e-
.
e10
0e
+
++1
.
0e
--2
000.e
-
e10
0e
1e+
000.e
1e
1e-
--2
e10
1.2.3
0e
1e
e10
++1
abc
1e+
1e
.
abc
1ee2
1.2.3
0e
++1
abc
1e-
1e-
-
++1
e10
1e+
-
e10
e10
1e-
000.e
-
--2
1e
e10
abc
e10
--2
1.2.3
--2
--2
.
-
.
000.e
--2
0e
abc
1ee2
abc
1ee2
1e-
0e
0e
--2
1e-
-
1e
-
1.2.3
1.2.3
000.e
1ee2
+
--2
1ee2
.
.
0e
000.e
000.e
0e
1e
+
-
-
1e+
--2
.
-
e10
+
1ee2
1e+
abc
1.2.3
1ee2
1e
e10
1.2.3
1e+
1e-
1e-
1.2.3
-
-
++1
1.2.3
000.e
1ee2
1e-
1e
abc
--2
000.e
+
++1
000.e
-
1e
1e+
-
.
--2
1ee2
1.2.3
abc
0e
0e
e10
++1
+
1ee2
1.2.3
1e+
1e
0e
0e
+
+
--2
+
+
.
++1
1e-
abc
1e+
abc
0e
e10
1e-
+
1e
.
++1
.
1.2.3
+
.
abc
++1
1ee2
e10
+
-
--2
1e-
1e+
abc
--2
1ee2
-
000.e
1e
1e+
+
++1
0e
e10
1.2.3
000.e
1e-
000.e
1ee2
.
1.2.3
1e
.
+
+
1.2.3
-
e10
1e
+
-
0e
000.e
++1
0e
1ee2
-
abc
1ee2
++1
1ee2
1ee2
abc
0e
1e+
1e
e10
1ee2
-
e10
.
1ee2
1e+
e10
1e+
--2
1e-
e10
abc
1e+
0e
1e
-
1e+
+
1ee2
-
000.e
.
1.2.3
1ee2
000.e
e10
000.e
0e
1ee2
++1
1e-
1.2.3
.
.
1e+
abc
1e
1e+
1ee2
++1
1ee2
abc
e10
1e+
-
abc
+
1e
.
000.e
1.2.3
1e+
000.e
.
-
+
1ee2
1e
1ee2
1ee2
--2
--2
1.2.3
+
1e-
.
0e
0e
++1
000.e
000.e
000.e
1e
1.2.3
.
-
0e
.
000.e
0e
1.2.3
1e+
1ee2
1e-
1e+
1.2.3
e10
--2
1.2.3
--2
--2
++1
-
+
1ee2
-
abc
1.2.3
1.2.3
.
000.e
1e
abc
.
1e+
abc
abc
.
1e+
-
abc
+
1e
1e
--2
1e+
1.2.3
1ee2
000.e
+
.
+
0e
+
0e
e10
1e-
++1
-
e10
--2
0e
000.e
000.e
000.e
e10
000.e
abc
1e-
++1
1e
+
--2
.
1.2.3
1e+
1.2.3
+
e10
e10
++1
e10
1e+
1e+
abc
1e+
0e
+
abc
1.2.3
1e-
+
++1
1e-
+
abc
1e
e10
0e
1e
1ee2
1e+
abc
e10
1ee2
1.2.3
1e
1e-
e10
0e
--2
1.2.3
000.e
1e-
--2
1ee2
+
e10
-
1e
1e
1e
+
1e+
000.e
0e
1.2.3
abc
1e+
1ee2
+
+
+
1e-
+
+
++1
-
000.e
0e
+
0e
-
.
abc
000.e
--2
1ee2
-
1e+
abc
1e
1e-
1ee2
--2
000.e
++1
e10
1e
-
+
1ee2
-
e10
0e
1ee2
+
.
1e-
+
+
0e
1ee2
000.e
1ee2
1.2.3
1e
0e
.
1e-
-
.
1e
0e
-
e10
1e-
0e
1.2.3
++1
abc
e10
000.e
1e-
.
-
abc
.
1.2.3
1e-
e10
-
1e+
000.e
1.2.3
++1
0e
+
1e+
0e
.
abc
1e-
--2
e10
-
1e-
e10
abc
1.2.3
1ee2
1e+
+
abc
--2
++1
e10
000.e
++1
1e
.
+
e10
.
0e
1e-
1ee2
--2
e10
000.e
--2
0e
1e+
++1
1.2.3
1e
1.2.3
+
0e
++1
0e
+
++1
++1
0e
1.2.3
0e
1ee2
e10
1.2.3
+
1e-
0e
1e-
-
1.2.3
1e-
+
++1
.
1e+
.
.
1e-
0e
abc
.
+
1e-
--2
1ee2
e10
0e
--2
+
+
-
000.e
0e
1e-
000.e
1e+
1e
1e+
+
+
000.e
1.2.3
.
000.e
abc
abc
000.e
1.2.3
0e
++1
e10
0e
.
-
--2
1e-
+
e10
1.2.3
-
1e+
++1
000.e
1e
++1
1e+
+
000.e
1e
-
++1
++1
.
++1
1e
++1
1e
--2
.
1e+
1e+
000.e
1.2.3
e10
e10
.
1.2.3
1ee2
1.2.3
000.e
1e-
-
+
e10
0e
+
000.e
-
-
abc
--2
.
1e
0e
1e+
--2
000.e
1e+
000.e
000.e
1.2.3
-
1e
1ee2
abc
abc
1ee2
-
1.2.3
++1
.
1ee2
-
+
1.2.3
--2
1e+
1ee2
e10
0e
1e-
-
abc
0e
--2
0e
1e+
--2
1e+
000.e
abc
000.e
.
-
1.2.3
.
1ee2
e10
000.e
1e
--2
000.e
1e-
1e
1e-
++1
++1
1e-
e10
1e+
1e+
++1
abc
1e
-
1.2.3
1.2.3
abc
.
-
1e+
1.2.3
000.e
--2
0e
.
1e+
1e
1ee2
abc
--2
1e
.
1ee2
1ee2
1e
-
--2
+
+
e10
--2
1ee2
1e
e10
.
1ee2
.
abc
0e
++1
1e
1ee2
abc
1e-
abc
1ee2
++1
abc
.
abc
-
+
1.2.3
--2
e10
1e
.
1ee2
++1
1.2.3
abc
e10
+
0e
1.2.3
abc
e10
.
1e
1.2.3
+
1ee2
1.2.3
abc
1e-
1e
1e
.
1e+
++1
abc
1ee2
e10
-
abc
abc
--2
1e+
--2
1e
.
1e+
1e-
++1
e10
abc
.
1e-
abc
1.2.3
++1
-
000.e
1e+
1e
1ee2
1.2.3
1e
++1
1ee2
0e
1e+
0e
.
++1
++1
-
0e
1e-
-
.
+
-
1.2.3
abc
0e
0e
000.e
000.e
+
abc
++1
++1
1e
+
++1
1e-
--2
-
1.2.3
-
1e
abc
1e-
0e
000.e
++1
1e-
0e
1e+
1e-
0e
1e-
--2
abc
000.e
1e+
1.2.3
.
1.2.3
+
++1
1.2.3
1e+
e10
1e
1e
1e-
1e
++1
1e+
1ee2
.
abc
++1
e10
1e-
e10
e10
e10
0e
1.2.3
1ee2
e10
e10
+
++1
-
1ee2
-
000.e
++1
--2
1e-
-
e10
1e
--2
1e+
1ee2
1e
1e+
--2
-
+
1e-
-
1e
abc
+
+
--2
000.e
1ee2
1.2.3
--2
abc
1ee2
1ee2
000.e
e10
1.2.3
abc
1e-
++1
abc
++1
1e+
1e-
e10
0e
++1
1e-
.
1ee2
0e
1e
abc
.
+
abc
1e-
000.e
1e-
-
1e-
1e+
1ee2
1e-
1.2.3
.
000.e
e10
0e
++1
+
000.e
1e
1e
1e-
1.2.3
+
1.2.3
1e-
1e-
1ee2
.
1e-
1e
.
1ee2
-
-
000.e
1e+
abc
1e+
++1
abc
0e
+
--2
-
1e+
1e
.
1.2.3
--2
000.e
1e-
1e+
1ee2
1.2.3
000.e
1e+
e10
.
abc
1e-
abc
1ee2
.
000.e
0e
1e+
1ee2
.
-
abc
1e+
--2
0e
+
+
1.2.3
1ee2
1e+
-
0e
1e+
-
000.e
-
+
000.e
1.2.3
1e+
0e
1ee2
1e+
0e
0e
1e+
++1
0e
1e
1e+
+
e10
1e
++1
.
-
1.2.3
1.2.3
abc
abc
e10
abc
abc
1ee2
-
++1
1e+
++1
1e
1e
1e+
1ee2
000.e
++1
abc
abc
e10
-
1e+
1.2.3
1.2.3
.
1e
abc
--2
++1
e10
1e+
-
.
000.e
e10
++1
000.e
1ee2
1e-
1.2.3
+
abc
-
1ee2
++1
.
-
-
.
1e
--2
-
.
0e
++1
000.e
1e
e10
1e
+
1ee2
1e
1e+
1e-
1e-
abc
+
1e
e10
+
1.2.3
1e+
-
--2
1e+
+
000.e
-
.
+
-
1e
abc
1e+
000.e
-
1e+
000.e
1e-
1e-
.
.
abc
000.e
1ee2
1e-
++1
e10
1e-
000.e
1e-
+
++1
1.2.3
e10
++1
1e-
0e
+
--2
+
+
1e+
.
+
1.2.3
+
000.e
abc
1e+
000.e
.
+
1e+
0e
0e
.
000.e
000.e
0e
.
+
0e
1e-
1e+
0e
++1
1e+
1e-
.
-
1e-
0e
--2
e10
1ee2
abc
1e
1e-
--2
.
1e
1e
1.2.3
1.2.3
1e-
1.2.3
e10
1.2.3
-
-
1ee2
000.e
1e-
1e-
.
e10
--2
--2
+
-
.
--2
++1
abc
1e+
e10
+
1ee2
e10
--2
abc
0e
++1
--2
1e-
.
1e-
e10
1e
0e
+
1e+
--2
1ee2
e10
.
1e+
++1
.
++1
abc
+
+
e10
000.e
abc
++1
-
0e
-
e10
1e+
abc
1ee2
1e+
1e+
++1
abc
-
++1
1e+
0e
1e-
1.2.3
1e+
--2
1ee2
0e
1e
1e-
+
++1
1.2.3
000.e
1ee2
1.2.3
1e-
abc
++1
1.2.3
1e
1ee2
1.2.3
.
+
+
-
1e+
++1
1e
1.2.3
e10
+
0e
0e
1.2.3
1e-
000.e
-
1e-
1.2.3
.
1.2.3
--2
+
--2
--2
+
000.e
1e-
1.2.3
--2
.
e10
--2
1.2.3
1ee2
1e+
.
0e
1ee2
1e-
-
e10
-
1.2.3
000.e
abc
1ee2
1ee2
0e
1.2.3
1e
1e-
--2
1e-
--2
.
0e
e10
1.2.3
abc
.
abc
++1
.
+
abc
1e
--2
0e
--2
e10
-
1e+
000.e
1e+
abc
1.2.3
000.e
--2
1ee2
1e+
000.e
--2
++1
-
1ee2
e10
++1
1ee2
++1
1ee2
--2
0e
+
+
1e
1ee2
.
1e-
abc
e10
e10
+
e10
e10
1e
1e-
--2
000.e
1ee2
-
++1
1ee2
1e+
++1
1e
1ee2
abc
0e
0e
1e-
1e
1ee2
-
+
.
+
.
1e-
-
1e-
1e-
1e-
+
--2
1.2.3
e10
1.2.3
1e+
.
1.2.3
1.2.3
e10
e10
abc
1e+
e10
-
+
--2
1e-
.
1e
e10
++1
1e-
.
abc
1.2.3
000.e
.
0e
1e+
--2
0e
1e+
abc
++1
abc
--2
1e+
e10
++1
1.2.3
1.2.3
1e
1e+
.
--2
-
0e
+
--2
+
+
1ee2
.
++1
1e+
+
++1
-
+
1e+
--2
abc
000.e
0e
+
000.e
1e
1ee2
000.e
abc
1e
e10
1e
1e-
.
--2
1e-
1.2.3
++1
.
000.e
1e+
1.2.3
e10
-
+
1e
000.e
.
1ee2
1e
e10
1e+
1e-
+
+
1e
1e+
1e-
1ee2
-
1ee2
1e
--2
1e+
--2
1.2.3
1ee2
--2
e10
.
abc
1e+
1ee2
1e
--2
abc
+
-
-
000.e
+
1e
0e
--2
1.2.3
1ee2
++1
1e-
000.e
-
1e-
0e
1.2.3
++1
0e
.
1e-
1e+
.
-
1.2.3
1ee2
1.2.3
1e-
0e
1e-
++1
++1
1ee2
.
+
1ee2
.
1e-
abc
1ee2
000.e
000.e
1e+
1ee2
1e+
.
+
000.e
0e
1e
1.2.3
e10
1ee2
0e
000.e
1e
1ee2
1e-
e10
000.e
++1
+
--2
1e-
abc
1e-
++1
abc
.
0e
0e
--2
0e
1ee2
1ee2
000.e
1ee2
1e+
-
1e+
1e-
1e
abc
0e
1e-
000.e
1e
1e
--2
1e-
0e
abc
1.2.3
e10
000.e
+
-
--2
1e+
+
000.e
+
abc
-
e10
1e+
0e
1ee2
-
e10
abc
0e
+
1e+
000.e
--2
+
1e+
abc
0e
1.2.3
e10
000.e
-
-
--2
1e
1ee2
+
abc
000.e
1e+
1e-
0e
abc
abc
abc
000.e
1e
1e
1.2.3
0e
+
-
-
e10
-
1ee2
1ee2
1ee2
1e
000.e
e10
1e+
000.e
--2
++1
1e
1.2.3
000.e
0e
--2
-
+
1.2.3
1e-
++1
1e+
1ee2
1e
+
e10
000.e
1e+
1e
--2
.
++1
++1
1ee2
-
0e
++1
1e+
.
-
.
--2
0e
0e
0e
-
1ee2
1e
1e+
1ee2
e10
e10
1e+
0e
++1
e10
000.e
.
--2
0e
1e-
1e-
++1
1.2.3
1e-
0e
-
1e-
1.2.3
1ee2
1e+
--2
1e
1e-
000.e
1.2.3
abc
000.e
1e-
1e-
000.e
1ee2
++1
1e+
1e
1e-
0e
1e+
000.e
++1
-
000.e
--2
abc
0e
+
1e
++1
1e+
1e
e10
e10
++1
++1
1.2.3
1e-
1e-
1e
--2
1e-
1e
-
1ee2
-
1e
-
+
1e
abc
0e
-
1e
abc
1.2.3
.
--2
1.2.3
abc
000.e
1.2.3
--2
+
0e
1ee2
1.2.3
-
e10
000.e
+
1.2.3
0e
++1
1e+
1e
0e
1e+
-
abc
abc
1e
+
+
.
+
1ee2
0e
0e
1e-
abc
1ee2
1e
-
+
1ee2
++1
000.e
abc
+
++1
-
1.2.3
1ee2
0e
1e+
--2
1.2.3
1.2.3
1e+
1.2.3
1.2.3
+
.
1.2.3
--2
.
000.e
++1
+
--2
1e
++1
1ee2
1ee2
1e-
1e-
1e+
1e+
+
1e+
1.2.3
+
e10
000.e
1.2.3
000.e
+
1.2.3
1ee2
1.2.3
.
0e
1e+
-
--2
0e
++1
1ee2
1.2.3
++1
0e
-
1.2.3
1.2.3
+
1.2.3
000.e
+
++1
1ee2
e10
1e-
1e-
1e+
1.2.3
1e
e10
.
-
1ee2
1e+
1.2.3
1ee2
--2
.
1.2.3
+
--2
1e-
1ee2
1e+
000.e
++1
1.2.3
000.e
--2
1e+
++1
-
1ee2
.
000.e
1ee2
abc
1.2.3
1e
1e+
+
e10
++1
++1
e10
--2
--2
++1
abc
1e
abc
abc
1.2.3
000.e
e10
.
1.2.3
0e
1ee2
+
1e-
++1
1e+
1e-
0e
++1
1ee2
1e
1e+
1e
e10
1e-
e10
.
abc
.
1.2.3
+
++1
abc
+
1e-
+
1e
-
1ee2
1e
1ee2
--2
e10
e10
e10
1e
000.e
1.2.3
abc
000.e
1e
e10
000.e
++1
abc
1e+
e10
--2
000.e
0e
++1
1ee2
1e
1.2.3
1e+
abc
1e-
e10
e10
1ee2
000.e
--2
+
++1
1e-
1.2.3
++1
1e+
1e+
1e-
.
.
e10
0e
1.2.3
abc
.
e10
1e
0e
000.e
1ee2
1ee2
000.e
abc
--2
1e
1.2.3
-
1ee2
.
-
++1
abc
1.2.3
-
+
++1
1ee2
1e+
1e+
1e
-
1e
+
e10
.
e10
.
000.e
e10
++1
1e-
1e
1e-
1ee2
++1
000.e
--2
1e
-
e10
++1
.
-
1ee2
e10
1ee2
+
abc
0e
0e
000.e
abc
1e-
000.e
1e
+
-
++1
1e+
1ee2
0e
.
+
1e+
1.2.3
abc
0e
1e
e10
--2
+
0e
.
1e
--2
1e+
000.e
0e
--2
--2
1e+
+
-
1.2.3
1.2.3
++1
1.2.3
0e
000.e
1e
e10
--2
0e
+
1ee2
e10
-
1e-
1e
1ee2
.
-
0e
++1
.
-
000.e
0e
0e
++1
000.e
e10
+
+
.
1e
1e-
+
abc
1e-
1e+
1e+
1e-
-
000.e
1.2.3
-
1e-
1e-
000.e
+
-
-
1e+
1ee2
0e
1e-
1e
-
--2
++1
abc
e10
1e-
--2
++1
--2
+
1e+
1.2.3
1e+
++1
0e
1e
abc
1ee2
1e
-
+
++1
1e
++1
1ee2
1e+
1e
e10
0e
000.e
--2
-
+
0e
e10
1ee2
e10
1.2.3
1e+
++1
--2
e10
0e
0e
1e
e10
0e
1ee2
000.e
1e+
000.e
++1
abc
000.e
-
--2
++1
1ee2
e10
0e
1e-
0e
++1
++1
-
1ee2
++1
1.2.3
.
-
1ee2
1ee2
1e-
1e
abc
1.2.3
abc
1e+
0e
1.2.3
1.2.3
abc
.
000.e
-
e10
1ee2
.
1.2.3
000.e
+
1e
0e
1e+
1e
000.e
0e
+
1.2.3
1ee2
1e-
e10
abc
1.2.3
1ee2
-
abc
-
e10
-
e10
1e-
e10
1e
1ee2
--2
1e+
+
1e
1ee2
1e-
1e-
++1
1e-
1.2.3
1e+
1ee2
0e
+
-
++1
+
--2
1e+
1e+
1e
--2
--2
abc
e10
.
1ee2
000.e
1e
-
1e+
--2
1e
1e+
1.2.3
abc
000.e
1.2.3
1e+
abc
1.2.3
+
0e
e10
0e
1e-
e10
--2
1e
--2
--2
+
e10
1e
e10
0e
abc
++1
+
.
000.e
1e-
++1
-
-
--2
1e
1e
abc
1e
1e-
1e
1.2.3
1e+
1e
++1
+
e10
.
1e+
.
e10
-
1e+
1ee2
e10
000.e
1e-
+
+
e10
+
++1
+
--2
abc
0e
1.2.3
1e-
e10
.
+
1.2.3
.
000.e
e10
1e+
1e-
1ee2
1e+
1.2.3
0e
000.e
1ee2
.
000.e
000.e
abc
.
1.2.3
e10
1e+
000.e
.
.
e10
e10
.
--2
e10
abc
+
1e
000.e
--2
-
0e
-
1.2.3
0e
1.2.3
e10
1e+
1e+
1e-
--2
000.e
1e+
1e
abc
1ee2
abc
1e-
.
.
1.2.3
-
++1
1e+
1.2.3
1e
+
0e
0e
1e
000.e
e10
1e+
0e
--2
0e
+
.
+
000.e
-
e10
-
e10
1e-
+
1ee2
1.2.3
++1
+
.
1e
--2
abc
1e
1e-
+
1e
1.2.3
-
1e
0e
1e-
1e+
e10
e10
e10
--2
0e
1ee2
e10
1e-
abc
-
0e
++1
0e
1e
.
1e-
--2
.
e10
-
.
.
1ee2
++1
+
abc
1.2.3
1e-
--2
abc
.
-
e10
+
1ee2
1e
++1
1e-
--2
0e
e10
1e+
1e-
1.2.3
1e-
+
000.e
abc
++1
1.2.3
.
0e
0e
--2
abc
1e-
1e-
+
0e
--2
abc
--2
0e
.
.
e10
0e
.
1e+
1.2.3
1e-
1e-
1.2.3
1e-
e10
1e+
1e-
+
1.2.3
1e+
1ee2
+
1e
000.e
-
++1
0e
e10
e10
1e
000.e
abc
1e+
+
++1
.
-
1e+
0e
1ee2
--2
0e
++1
.
1e-
++1
1e
1e+
1e-
1e
.
000.e
1e-
e10
.
abc
abc
1e
.
1ee2
-
+
1.2.3
0e
++1
1e-
+
1.2.3
+
-
.
.
+
1e
e10
abc
abc
++1
0e
e10
e10
e10
1ee2
abc
+
1.2.3
++1
1ee2
1.2.3
1e
e10
e10
.
0e
1ee2
--2
e10
-
000.e
1ee2
0e
--2
1e-
1.2.3
+
1e
1.2.3
1.2.3
--2
1ee2
1.2.3
1.2.3
1e+
++1
1e
e10
++1
.
.
+
000.e
e10
0e
-
000.e
e10
-
+
-
.
1e
0e
1e-
000.e
++1
.
--2
1.2.3
000.e
1e
000.e
1.2.3
1e+
000.e
+
1e+
e10
-
abc
1e
e10
1ee2
+
0e
1e-
1e+
abc
e10
++1
1e
.
.
1ee2
e10
000.e
1.2.3
1e+
1.2.3
abc
1.2.3
-
1e+
1e+
000.e
1e-
1e-
0e
1e
1e
--2
1ee2
000.e
-
+
0e
1e-
++1
1e-
.
-
1e+
e10
-
1e+
1ee2
1e
1ee2
1.2.3
1.2.3
1ee2
abc
1ee2
1ee2
1ee2
1e+
1e-
e10
1e-
+
+
000.e
1e+
0e
1e
1e+
--2
000.e
--2
--2
++1
1.2.3
--2
abc
e10
1.2.3
000.e
1e-
1ee2
-
e10
1e
1ee2
+
++1
++1
0e
-
.
--2
1ee2
1e-
++1
.
1e
-
abc
--2
-
1ee2
000.e
abc
++1
1e
-
--2
+
++1
1e-
--2
0e
.
e10
abc
1e
0e
abc
++1
1ee2
e10
+
+
+
0e
abc
0e
+
++1
0e
e10
--2
000.e
--2
+
--2
1e
--2
0e
1ee2
0e
--2
000.e
.
-
000.e
+
--2
1e
++1
1e+
1.2.3
0e
+
000.e
.
+
1e
0e
.
-
--2
1.2.3
+
1e+
1e-
1e
abc
1e+
1e
abc
0e
.
abc
1.2.3
1e-
1e+
.
e10
000.e
+
abc
000.e
000.e
--2
-
e10
1e
++1
-
.
.
abc
e10
1e
abc
1e
abc
1e-
1e-
-
+
+
1e-
1e-
1e-
1e-
0e
++1
1e-
1.2.3
--2
000.e
1e
+
000.e
abc
+
1.2.3
1e+
1ee2
1.2.3
--2
.
--2
--2
++1
1ee2
1e
0e
1.2.3
+
e10
1ee2
1.2.3
1.2.3
1ee2
1.2.3
.
000.e
--2
1e+
0e
000.e
--2
++1
000.e
-
++1
1ee2
abc
1e-
.
-
1e
++1
1e
.
000.e
--2
0e
0e
e10
1e
0e
.
e10
1ee2
+
abc
abc
1e
.
abc
1e+
1e
-
1.2.3
e10
1ee2
abc
+
1e-
1ee2
--2
1e
e10
-
-
1ee2
1e
-
1e+
abc
1e-
1e-
1.2.3
000.e
-
abc
--2
-
.
1e-
++1
1e+
abc
0e
1ee2
--2
0e
++1
0e
1ee2
1e-
abc
.
++1
1e-
abc
1e
1e
1e
000.e
e10
.
1e
1e
.
e10
000.e
1.2.3
++1
1ee2
1.2.3
1e-
-
1e
1ee2
1e
1ee2
1e-
000.e
-
e10
--2
1e
e10
1e
++1
0e
1e+
--2
--2
1.2.3
abc
-
++1
+
1e
0e
++1
+
0e
0e
+
--2
e10
0e
000.e
0e
1e+
++1
000.e
1ee2
1.2.3
--2
++1
-
1e
++1
1e-
+
++1
1e
1e-
++1
abc
1e+
1.2.3
--2
abc
000.e
e10
1ee2
++1
--2
1e+
-
e10
1ee2
-
000.e
1e
1e-
1e+
-
.
1.2.3
000.e
1e+
abc
e10
e10
++1
-
1.2.3
0e
abc
e10
abc
abc
1.2.3
++1
+
0e
+
++1
--2
--2
.
--2
0e
1ee2
.
1e-
+
1e-
++1
--2
1e
abc
000.e
0e
+
1ee2
+
+
.
++1
0e
1ee2
1e+
1ee2
1e+
1e-
--2
1.2.3
1e+
1e+
1.2.3
++1
+
.
+
1e-
+
1e
1e-
0e
0e
-
+
--2
0e
abc
e10
1ee2
1ee2
1e-
e10
000.e
1e-
+
+
--2
--2
--2
--2
0e
.
-
++1
--2
1e-
-
1ee2
1ee2
1e+
1e
000.e
0e
abc
.
++1
.
--2
1ee2
1e
1.2.3
+
.
++1
1ee2
.
abc
abc
1.2.3
e10
.
.
-
+
000.e
.
0e
.
.
1e+
1e
1e-
000.e
-
1e+
e10
--2
1.2.3
000.e
000.e
1.2.3
0e
1e-
1ee2
1ee2
.
--2
1e
000.e
--2
abc
--2
e10
1.2.3
1e
++1
1ee2
1e-
1e+
-
+
1.2.3
+
+
1e-
0e
+
+
.
1.2.3
1ee2
--2
000.e
--2
++1
1.2.3
1ee2
1e-
.
1e+
1e
abc
1e+
0e
000.e
e10
e10
1e-
1e-
000.e
.
e10
.
-
1.2.3
+
1.2.3
1e
.
abc
1.2.3
1ee2
1e+
000.e
000.e
e10
-
1e-
-
abc
0e
e10
1e+
++1
1.2.3
1.2.3
--2
000.e
++1
1ee2
abc
0e
--2
-
1.2.3
e10
1ee2
.
abc
000.e
1e+
+
--2
1.2.3
000.e
--2
1e+
1e+
abc
000.e
1e+
1e-
1e-
-
1ee2
.
-
e10
++1
e10
1e-
++1
1e+
0e
.
--2
-
++1
+
.
1ee2
0e
1.2.3
.
.
--2
1.2.3
1e
1ee2
0e
.
e10
abc
0e
1ee2
1e+
1ee2
1e+
1e-
--2
.
abc
+
.
-
+
1e+
000.e
abc
--2
+
--2
0e
-
1.2.3
--2
000.e
1e-
--2
+
abc
-
e10
++1
1ee2
1.2.3
1.2.3
abc
1e-
--2
1.2.3
1ee2
++1
++1
abc
1ee2
-
e10
1e-
1e+
e10
000.e
000.e
1ee2
1.2.3
abc
+
1ee2
--2
+
1e-
1e
1e+
-
++1
abc
-
+
abc
-
1ee2
.
1ee2
.
1ee2
++1
+
000.e
1.2.3
0e
e10
++1
1e
++1
e10
++1
1ee2
000.e
e10
1e
0e
1e-
1e-
e10
0e
000.e
1.2.3
000.e
-
1ee2
1.2.3
0e
0e
abc
+
abc
1e+
-
0e
1.2.3
-
++1
0e
abc
1e-
1e-
1e-
--2
1e
abc
abc
1.2.3
--2
--2
1e+
++1
0e
0e
1ee2
1e+
000.e
1e+
1e-
000.e
--2
1ee2
+
000.e
000.e
++1
+
1.2.3
0e
1e+
-
e10
1.2.3
1e+
0e
abc
000.e
1e-
0e
e10
++1
1.2.3
++1
-
+
.
+
.
1.2.3
abc
1e-
1e+
0e
e10
-
1e+
1e-
+
+
abc
000.e
e10
1e+
-
+
000.e
1e+
--2
++1
1e-
+
abc
-
1.2.3
e10
1.2.3
1e-
1e
1.2.3
1e+
1e-
++1
.
0e
1ee2
0e
1e
++1
-
000.e
1e-
e10
e10
-
abc
000.e
1e-
abc
0e
.
0e
e10
+
0e
e10
abc
++1
1e+
1e+
1e
1.2.3
0e
.
1e-
.
.
1e-
abc
-
1e
1e+
--2
1e-
abc
e10
-
1ee2
--2
+
1e+
.
1e
-
0e
1e-
1e
e10
.
0e
0e
1e
1ee2
+
abc
abc
--2
1e
1e
abc
++1
+
000.e
000.e
.
++1
++1
0e
1ee2
1.2.3
1e-
0e
1e+
+
000.e
1.2.3
e10
1e
0e
1e
--2
1e
abc
1e
0e
1e
abc
1e
--2
000.e
1e-
0e
e10
.
1e+
++1
.
1e
--2
1.2.3
+
e10
000.e
1e+
-
000.e
1e+
++1
+
1ee2
1e+
+
.
.
1e+
e10
+
0e
++1
--2
abc
--2
1e+
++1
000.e
++1
1ee2
--2
1e-
000.e
-
--2
-
abc
+
--2
000.e
1e+
.
.
0e
1e+
000.e
1e+
1.2.3
e10
-
1ee2
-
--2
abc
000.e
--2
1ee2
++1
++1
1e+
.
000.e
abc
1e+
1e+
abc
abc
++1
+
abc
e10
1ee2
abc
1e+
1e-
000.e
e10
1e-
1.2.3
+
1ee2
000.e
1e+
1e
1e-
e10
abc
000.e
++1
e10
1.2.3
--2
1ee2
+
abc
--2
1e
abc
.
1e+
1e+
abc
1ee2
--2
.
-
0e
.
--2
000.e
e10
e10
1e+
-
1.2.3
1ee2
1e-
.
--2
1e-
+
--2
+
1.2.3
++1
0e
abc
.
000.e
0e
e10
1ee2
0e
.
000.e
1e
1e-
.
1e-
+
-
1.2.3
1.2.3
++1
000.e
++1
1e
1.2.3
abc
--2
e10
abc
+
1ee2
000.e
--2
++1
abc
1e
1ee2
++1
e10
--2
1e-
--2
e10
.
0e
e10
1e-
0e
000.e
++1
000.e
1.2.3
1.2.3
.
000.e
.
0e
1e-
1e
1.2.3
1ee2
++1
--2
1e
-
++1
+
.
-
0e
000.e
abc
000.e
-
1e+
1e-
1e+
e10
1e-
+
1e+
0e
0e
-
1e
1e
1.2.3
abc
1ee2
-
0e
+
1ee2
0e
1.2.3
+
++1
+
-
-
0e
.
1e+
0e
abc
1.2.3
000.e
1e-
1e-
1ee2
0e
+
-
e10
1.2.3
-
.
1ee2
e10
+
abc
1ee2
abc
1e-
000.e
0e
000.e
1e-
1e
0e
1e
--2
000.e
-
1ee2
0e
000.e
1ee2
+
1e-
abc
--2
1.2.3
.
abc
e10
000.e
1e-
+
-
e10
1e+
000.e
1e+
000.e
e10
+
1e
++1
1e
e10
.
--2
-
.
++1
0e
e10
.
e10
1.2.3
abc
-
-
.
++1
-
+
++1
1e-
000.e
++1
e10
++1
1.2.3
1e
000.e
+
000.e
-
000.e
.
e10
e10
1e-
++1
000.e
1e+
abc
++1
1e-
e10
e10
e10
abc
++1
--2
-
abc
abc
-
.
++1
abc
--2
++1
abc
.
1e-
1e
1e+
+
1e-
000.e
1ee2
+
--2
1ee2
-
e10
+
-
e10
abc
1e-
1e+
0e
.
++1
1e-
abc
1e-
abc
1ee2
abc
000.e
0e
.
1e+
000.e
1ee2
--2
000.e
-
1ee2
000.e
1e+
1e+
.
1.2.3
1e
++1
++1
1e-
1ee2
--2
++1
1e+
++1
.
000.e
+
0e
000.e
+
000.e
1.2.3
1e+
1e
+
000.e
000.e
++1
000.e
++1
0e
1ee2
-
1ee2
1ee2
1e+
e10
1e+
000.e
1ee2
1e-
1e
000.e
-
--2
1e-
1ee2
0e
++1
+
.
abc
1e+
e10
e10
--2
1e
-
1e-
e10
1e
1ee2
abc
--2
1e+
e10
0e
-
0e
e10
+
1ee2
0e
000.e
+
1e
+
--2
1.2.3
abc
-
1e
1e+
.
--2
+
1e
1e-
.
0e
1.2.3
1.2.3
1e
--2
.
e10
1ee2
1e
--2
+
0e
0e
--2
abc
000.e
1e+
1e
1.2.3
--2
0e
1e+
.
.
1e-
0e
1e-
000.e
1e-
0e
-
.
e10
1e-
000.e
1e-
1e+
000.e
1e+
++1
1e
000.e
++1
e10
1.2.3
--2
--2
.
e10
1.2.3
1e
1e+
1ee2
1.2.3
0e
+
+
1.2.3
+
0e
1.2.3
1e+
1.2.3
--2
+
0e
1ee2
1e
1.2.3
-
+
0e
e10
-
1.2.3
1.2.3
0e
+
1e-
++1
1e-
+
++1
e10
000.e
1ee2
1.2.3
1e-
1ee2
abc
000.e
1e+
1e-
1e+
--2
--2
.
e10
1ee2
++1
1e+
-
--2
++1
--2
1ee2
1.2.3
abc
abc
1e+
.
abc
-
e10
+
--2
1e-
+
++1
+
e10
abc
1ee2
++1
1e+
+
.
1ee2
1e
1e
+
1e-
0e
1ee2
1e-
1ee2
.
1e+
+
1e+
++1
1e+
--2
1e
--2
1e
+
.
+
--2
0e
++1
1e
0e
abc
000.e
0e
.
1e-
1e-
+
1.2.3
++1
.
1e
.
abc
abc
000.e
000.e
1e+
1e-
-
0e
1e-
1e+
-
0e
1e+
--2
0e
.
1e
0e
-
e10
1ee2
e10
0e
0e
--2
e10
1.2.3
e10
+
1e+
1.2.3
1e
e10
.
1e+
000.e
abc
1.2.3
-
++1
abc
1ee2
++1
1e+
+
+
+
--2
--2
.
1e-
-
000.e
0e
abc
0e
e10
1e-
.
1e+
0e
--2
+
1e-
+
1e+
abc
.
.
1e-
0e
.
1e+
1e-
++1
--2
1.2.3
1e-
0e
e10
1e-
--2
1.2.3
0e
e10
e10
--2
1e+
++1
+
e10
--2
e10
1e
--2
e10
abc
++1
1ee2
-
1ee2
1e
000.e
1ee2
1.2.3
abc
+
000.e
++1
--2
abc
-
1e+
abc
-
1.2.3
1.2.3
0e
1e-
1.2.3
1e
1ee2
1e+
e10
1e-
1e
.
1e
.
000.e
abc
++1
e10
1ee2
1e-
+
1e
1e+
000.e
1ee2
-
+
-
1e
1.2.3
000.e
1e
1e-
abc
1e-
1e
1e
0e
0e
1e
000.e
0e
--2
++1
e10
1.2.3
1e-
-
1.2.3
-
abc
0e
1e-
-
-
.
--2
-
0e
1.2.3
000.e
-
+
e10
1e
.
+
-
++1
++1
1e-
.
.
abc
--2
.
1e+
1e-
1.2.3
000.e
++1
++1
.
1e+
1.2.3
++1
1ee2
1e-
+
1.2.3
++1
e10
.
--2
.
1e+
1e-
1ee2
--2
0e
1ee2
+
1e-
1e
0e
-
abc
000.e
--2
0e
--2
1e-
000.e
1e-
e10
++1
--2
abc
-
1e
1ee2
++1
e10
1.2.3
-
1.2.3
1.2.3
1.2.3
--2
++1
000.e
1e-
0e
-
0e
++1
--2
+
000.e
000.e
1e+
1e-
000.e
abc
--2
1ee2
0e
.
-
1e-
++1
--2
1.2.3
1e+
1e
.
+
1e
1.2.3
-
++1
-
e10
-
1.2.3
1e-
1e-
-
++1
.
++1
++1
.
1e
1ee2
1.2.3
-
0e
--2
0e
1e+
1e+
0e
0e
--2
+
--2
abc
e10
abc
1e
1e
1e
1.2.3
++1
000.e
1ee2
--2
1.2.3
1e
+
+
+
++1
-
-
1.2.3
1.2.3
e10
1.2.3
1e+
-
000.e
abc
e10
1e-
-
--2
1e
000.e
1.2.3
1e-
1.2.3
.
++1
1ee2
1e+
1e-
000.e
1e-
1ee2
++1
1e+
0e
.
.
-
e10
1ee2
1.2.3
e10
0e
-
e10
e10
e10
abc
.
1e+
1e-
1e
+
--2
000.e
1e
e10
++1
1ee2
1e
1e-
000.e
1e+
abc
.
.
0e
1e-
--2
1e
++1
--2
-
-
-
+
1e+
-
.
.
1e+
+
++1
1.2.3
+
1e+
--2
1e+
++1
-
000.e
-
000.e
-
1e-
.
0e
1ee2
e10
abc
1e+
1ee2
000.e
1e+
1e+
1ee2
1e-
.
+
.
1e
++1
e10
++1
.
1e+
+
-
.
-
+
e10
.
1e+
1e-
+
+
1e-
++1
1.2.3
0e
1e-
.
.
1e
1e-
1e+
000.e
+
000.e
1ee2
1ee2
1.2.3
1e+
+
abc
abc
++1
1e+
+
0e
1e-
000.e
000.e
1.2.3
1ee2
--2
1.2.3
-
--2
-
1e+
0e
.
0e
++1
1e-
1e+
+
1e-
-
.
-
1e+
.
e10
1e-
+
.
0e
--2
000.e
-
abc
1e
.
+
+
1.2.3
e10
e10
000.e
1.2.3
.
000.e
1.2.3
1.2.3
0e
abc
.
abc
-
+
1e-
.
abc
.
-
1ee2
abc
+
1ee2
+
++1
+
000.e
000.e
000.e
1e
1e
000.e
--2
000.e
1e-
1e
1e
abc
+
e10
e10
1e-
1ee2
1e-
1.2.3
.
--2
abc
000.e
++1
1e+
+
1e+
+
.
1.2.3
1ee2
+
1e+
-
abc
1.2.3
e10
+
0e
e10
000.e
+
++1
++1
000.e
1e
abc
abc
1e
e10
+
1e+
++1
000.e
abc
1.2.3
1.2.3
+
000.e
+
+
000.e
1.2.3
e10
1.2.3
--2
abc
000.e
1ee2
++1
000.e
++1
++1
--2
++1
.
--2
1e-
+
abc
--2
1e-
+
0e
1e+
-
1e-
+
0e
abc
1ee2
1e+
1e+
1.2.3
-
000.e
--2
e10
-
0e
1ee2
0e
1e
abc
1e+
1ee2
.
-
1.2.3
1.2.3
e10
1.2.3
-
--2
abc
1.2.3
1e+
1e+
0e
1e+
++1
1e-
--2
1.2.3
+
0e
++1
1.2.3
+
e10
-
1e
--2
000.e
--2
abc
.
1.2.3
abc
000.e
1e+
1e
1ee2
0e
+
000.e
1.2.3
1.2.3
1e+
000.e
--2
1e-
1e
000.e
000.e
1e-
1e+
.
000.e
000.e
1.2.3
.
--2
0e
1e-
1ee2
abc
1e
++1
e10
.
-
abc
000.e
0e
e10
1e
0e
e10
0e
1e
--2
000.e
--2
1e
++1
1ee2
--2
1e
abc
000.e
.
1e+
+
+
.
abc
1e-
+
1e+
1.2.3
+
1.2.3
1e
1e-
++1
e10
1.2.3
1ee2
++1
1ee2
.
e10
1ee2
+
e10
1ee2
1e-
1ee2
1e+
.
1e+
+
.
++1
0e
--2
1e+
1e+
-
e10
e10
+
+
1e+
1.2.3
++1
1e
0e
1ee2
++1
1e
++1
1e-
1.2.3
000.e
1e+
0e
1e
0e
1e+
abc
++1
-
--2
abc
abc
--2
++1
abc
++1
--2
1e
--2
1e
e10
abc
000.e
-
++1
.
0e
-
+
.
1.2.3
1ee2
1ee2
+
abc
.
--2
0e
.
-
--2
1.2.3
+
.
1ee2
++1
1e-
1e
++1
-
.
1e+
1e+
1e
000.e
--2
1.2.3
000.e
1.2.3
0e
e10
e10
1e
--2
abc
+
.
0e
abc
1e
1e-
+
++1
+
.
000.e
1.2.3
1ee2
e10
+
1ee2
000.e
abc
-
abc
e10
1e
1e
1.2.3
--2
.
1.2.3
1ee2
--2
abc
1ee2
e10
.
--2
.
0e
1e
1e-
1e+
1e+
+
--2
1ee2
1ee2
1e+
1.2.3
1.2.3
1.2.3
1e+
-
1e-
0e
e10
1e
abc
--2
1.2.3
e10
abc
e10
.
1e-
e10
1e
.
++1
--2
1ee2
.
.
+
1e-
1e-
1.2.3
1.2.3
000.e
1e+
1.2.3
1.2.3
1e-
.
e10
1e-
abc
000.e
e10
-
-
1e
-
abc
--2
--2
++1
++1
0e
+
1e+
0e
1e
e10
1e
-
++1
+
++1
.
1e-
0e
000.e
.
.
1.2.3
-
1e
1e-
-
+
0e
1.2.3
0e
e10
1e-
abc
.
1e-
1ee2
0e
-
1e-
-
1e+
1e
1e
000.e
e10
1.2.3
-
1e+
+
++1
1ee2
++1
0e
++1
--2
--2
1ee2
+
+
1e-
--2
abc
-
1.2.3
1e
1ee2
++1
1e+
e10
--2
1ee2
-
000.e
1.2.3
1e-
abc
1e+
e10
abc
1e-
1e+
1e-
e10
abc
++1
1e
+
--2
1e+
1e+
.
0e
1e-
e10
e10
++1
-
+
e10
0e
000.e
+
0e
++1
++1
--2
+
--2
1e-
.
1e-
1ee2
e10
e10
++1
e10
+
.
abc
-
1e+
++1
1ee2
1e+
1.2.3
1e
1.2.3
++1
000.e
e10
+
1.2.3
1.2.3
1ee2
abc
1e+
1e-
-
.
1e
++1
0e
abc
.
.
--2
000.e
1e
++1
1e+
e10
1e+
.
1e
1e+
--2
1e-
++1
1ee2
1.2.3
1.2.3
++1
.
e10
1ee2
1e
1e
0e
1.2.3
1.2.3
000.e
e10
-
+
0e
1e
abc
-
1ee2
-
000.e
1e-
e10
+
.
1e
.
.
--2
+
abc
++1
0e
1e
1e+
.
e10
--2
-
-
--2
abc
1e+
000.e
1e+
++1
1ee2
e10
0e
1e+
1e
-
abc
0e
1.2.3
-
1.2.3
000.e
.
+
-
--2
--2
+
--2
+
1e+
1e+
--2
--2
000.e
1ee2
.
1e+
e10
1e-
.
000.e
1e-
.
1e
000.e
abc
1ee2
++1
0e
1e+
.
abc
e10
-
--2
++1
1ee2
+
+
1e+
0e
0e
abc
1e
++1
1e+
abc
000.e
--2
.
0e
+
1e
--2
--2
000.e
abc
1ee2
+
abc
++1
--2
--2
.
++1
1e
0e
000.e
1e-
abc
1.2.3
-
1ee2
--2
+
e10
1.2.3
-
.
0e
++1
abc
1.2.3
1ee2
1ee2
--2
e10
e10
000.e
-
++1
1e-
++1
e10
0e
++1
e10
0e
.
1ee2
--2
1.2.3
e10
000.e
1e-
--2
e10
1ee2
1e-
1.2.3
++1
1ee2
1.2.3
1.2.3
1e
1e
++1
0e
1e+
1e
-
--2
abc
0e
-
1e-
++1
1e+
abc
000.e
++1
0e
1e-
1e+
1e-
000.e
-
1e+
1e-
000.e
--2
1e
1e+
1e
1e
e10
1.2.3
1ee2
000.e
0e
-
.
.
1e+
1e-
1e
1e-
abc
1ee2
abc
1e-
+
e10
0e
--2
1ee2
1e
0e
000.e
0e
000.e
-
1.2.3
.
-
1e
-
1e+
+
1e
+
.
e10
1ee2
1.2.3
1.2.3
1ee2
0e
000.e
abc
1e
1e+
abc
1ee2
abc
1e+
.
1ee2
++1
000.e
1ee2
1e-
1e-
++1
000.e
1ee2
000.e
1ee2
--2
1e-
abc
abc
e10
e10
--2
1e+
1ee2
--2
1e-
1e
0e
-
1e
.
000.e
-
+
0e
1ee2
e10
abc
-
++1
.
e10
1ee2
+
1ee2
-
1e-
1e
1e-
++1
1e
e10
1e-
0e
1e-
.
1e
.
-
-
+
1e
1e
1ee2
000.e
++1
1.2.3
1e+
1e+
1e-
1e+
000.e
1e-
.
1e+
1.2.3
1.2.3
1e+
.
1e+
1e+
1.2.3
000.e
e10
.
0e
e10
1.2.3
1e+
1.2.3
0e
0e
1e-
0e
e10
abc
.
0e
abc
.
1.2.3
--2
++1
1e
-
1e-
000.e
1e-
0e
--2
1ee2
.
1e-
0e
1ee2
1e-
1e
1ee2
++1
e10
0e
1e-
e10
000.e
--2
-
1e+
000.e
abc
-
1e+
e10
1e+
e10
e10
1.2.3
000.e
-
1.2.3
1ee2
1e-
000.e
e10
1ee2
1e+
abc
++1
+
e10
1e+
1ee2
1e+
0e
0e
abc
1ee2
-
.
0e
++1
0e
0e
++1
1e
+
1e-
000.e
1e-
e10
--2
-
0e
1e
abc
1e
++1
1e+
--2
0e
1e-
0e
abc
1e
+
++1
1e
e10
+
++1
--2
1e
1.2.3
+
1e
+
1e-
.
1ee2
000.e
1e
--2
1e
000.e
1e-
1e
abc
1ee2
1e-
++1
1e
abc
--2
++1
e10
1e
.
++1
1e-
0e
1e
-
+
1e+
.
1e
-
--2
1e-
000.e
1.2.3
--2
1.2.3
1e
0e
1ee2
0e
1ee2
1e+
000.e
e10
1e+
1ee2
1e
-
1.2.3
e10
e10
e10
-
+
abc
1e+
0e
-
1e-
-
+
e10
abc
-
-
e10
e10
1e
+
e10
+
abc
--2
1.2.3
.
--2
000.e
1e+
+
.
-
e10
+
1e+
.
--2
+
1.2.3
0e
0e
000.e
1e
1ee2
1e-
000.e
1e
000.e
--2
e10
++1
1e
++1
abc
0e
+
1.2.3
1.2.3
+
0e
1e
abc
.
1ee2
-
1e
1.2.3
1e-
1e+
1e-
000.e
1.2.3
1ee2
abc
++1
1ee2
0e
++1
--2
--2
++1
1ee2
e10
-
+
1.2.3
1ee2
abc
1e
1ee2
1e+
1e+
1e
1e-
e10
1.2.3
1ee2
+
--2
0e
1ee2
++1
1e-
e10
1e-
abc
000.e
1e+
000.e
1e+
0e
++1
+
0e
abc
--2
1ee2
-
-
1ee2
--2
+
.
-
-
1e-
1ee2
++1
1ee2
+
.
+
.
1ee2
-
-
0e
--2
abc
1e+
-
-
0e
1.2.3
0e
1e
000.e
e10
abc
-
--2
e10
1.2.3
0e
++1
000.e
1ee2
1ee2
--2
1e+
000.e
+
abc
1e
-
000.e
0e
+
0e
.
.
+
e10
000.e
+
-
abc
1e
--2
1ee2
1e+
000.e
--2
0e
1ee2
1ee2
-
abc
1.2.3
abc
-
1e-
+
1ee2
1e-
abc
abc
1e
.
--2
+
1e
.
1ee2
1e
abc
++1
1ee2
000.e
1e
abc
1e
0e
+
--2
.
+
1ee2
--2
abc
-
1e+
-
1.2.3
++1
.
1e+
+
abc
1e-
1e-
abc
1ee2
++1
+
e10
.
--2
1ee2
+
--2
1e
++1
1e
++1
1ee2
+
1.2.3
-
1e-
1e
0e
.
abc
+
1e
1e+
abc
++1
-
+
1e-
1e+
000.e
1e-
.
e10
e10
0e
0e
.
.
+
1e-
1e+
0e
1e+
abc
abc
1e
1e+
.
e10
e10
0e
0e
0e
1ee2
+
1ee2
abc
1e+
+
1e-
0e
1.2.3
0e
1e+
1e+
0e
.
abc
+
+
++1
000.e
1e+
1e+
++1
1e
abc
--2
abc
--2
-
1e+
1e-
1e
1e
abc
0e
.
.
e10
1.2.3
-
0e
+
0e
++1
0e
+
1e
000.e
+
1e
+
1e+
1e+
1.2.3
++1
++1
--2
-
0e
1e-
1e+
1.2.3
e10
+
-
++1
1e
--2
.
+
-
1e+
1e
--2
1ee2
1.2.3
1ee2
e10
+
++1
--2
.
1ee2
1e-
1ee2
--2
+
abc
.
.
0e
1e-
000.e
.
1ee2
1.2.3
1ee2
0e
+
1.2.3
++1
+
1e+
++1
--2
e10
1e-
-
1e+
abc
000.e
+
++1
+
1ee2
1ee2
1e
000.e
--2
.
1e+
abc
abc
++1
+
1ee2
1e-
abc
000.e
.
+
+
0e
-
000.e
0e
-
1.2.3
e10
e10
.
1.2.3
0e
--2
-
.
1e
--2
++1
abc
000.e
000.e
1.2.3
000.e
abc
+
1e+
-
1.2.3
e10
e10
-
e10
1ee2
1e
+
.
1e
1.2.3
1e-
e10
000.e
000.e
++1
1e-
1ee2
1e
1.2.3
-
.
.
-
--2
1.2.3
1e
1.2.3
+
0e
1ee2
+
1e+
1e-
abc
abc
e10
0e
abc
1ee2
abc
1ee2
1ee2
+
.
e10
000.e
e10
-
--2
.
1.2.3
000.e
1e
000.e
1e+
+
000.e
abc
--2
+
1e+
0e
++1
.
1.2.3
1e+
abc
0e
+
000.e
1e
1e
000.e
1e
0e
--2
++1
0e
1e
1e
e10
e10
1.2.3
1e-
1.2.3
-
1e-
0e
++1
--2
1e-
+
.
+
0e
e10
1e
-
0e
1.2.3
0e
+
abc
-
1ee2
-
1.2.3
+
-
abc
.
0e
000.e
1ee2
0e
000.e
1e-
-
abc
1e
e10
000.e
0e
1e+
.
+
++1
-
--2
0e
.
e10
abc
+
1e
1ee2
--2
1.2.3
e10
+
1e+
abc
.
--2
+
abc
1e
abc
e10
+
1e+
000.e
--2
e10
e10
1.2.3
+
.
1.2.3
0e
0e
.
-
e10
1ee2
000.e
abc
1e+
+
1.2.3
e10
abc
.
1e-
1e+
e10
000.e
-
+
1e
000.e
1ee2
1e+
1e-
1e-
1e-
+
1e+
0e
1.2.3
-
-
0e
1ee2
+
--2
e10
abc
0e
1.2.3
1ee2
--2
1e
abc
-
1e
e10
000.e
.
1e-
0e
.
1e-
+
+
0e
e10
.
.
000.e
.
0e
++1
.
abc
0e
.
abc
0e
1e-
1e-
1e+
--2
0e
abc
e10
+
0e
1e-
1e+
1e-
-
--2
+
000.e
1e
000.e
000.e
1.2.3
.
1e+
1e
0e
++1
+
+
0e
1e+
--2
+
1e-
+
1ee2
.
000.e
1.2.3
1e
--2
1e
++1
1ee2
1e-
e10
1e-
--2
++1
1e
++1
++1
1e+
1.2.3
1e-
000.e
abc
-
abc
1.2.3
++1
000.e
++1
e10
.
1e-
.
--2
1.2.3
abc
abc
0e
1.2.3
1e
0e
.
1e+
1e
1ee2
+
-
.
--2
0e
1ee2
1e
1e+
0e
1e
++1
--2
-
0e
--2
--2
1e-
-
+
1e
0e
0e
abc
++1
++1
+
1e-
++1
1e+
1e-
1e
1ee2
0e
-
++1
.
.
0e
.
1e+
-
1.2.3
abc
000.e
1ee2
1e
000.e
1e-
1.2.3
+
000.e
000.e
1e-
000.e
+
--2
+
++1
e10
++1
000.e
1e
0e
e10
.
.
--2
000.e
--2
1e
++1
-
1ee2
0e
--2
e10
1.2.3
1.2.3
000.e
.
1e
-
1e+
e10
1e+
--2
-
1.2.3
abc
-
.
1ee2
000.e
-
1ee2
1e-
+
+
1e
1ee2
++1
++1
1e+
.
abc
-
abc
--2
1.2.3
--2
1ee2
e10
abc
abc
000.e
1.2.3
0e
000.e
1e
1e-
-
e10
0e
e10
--2
.
.
+
--2
000.e
1e
1ee2
1e
-
.
0e
000.e
+
1e+
1e-
--2
e10
--2
e10
e10
1e+
.
.
--2
--2
000.e
+
.
1e-
--2
1e-
.
-
--2
1ee2
000.e
e10
1e
-
e10
1e
1.2.3
++1
1ee2
++1
1e+
0e
++1
e10
000.e
+
-
1ee2
++1
1ee2
abc
--2
--2
1e
000.e
+
++1
1e-
.
abc
000.e
++1
abc
--2
.
1ee2
++1
++1
1.2.3
000.e
+
--2
000.e
abc
e10
0e
e10
1e-
--2
1e
1ee2
+
abc
abc
.
1e
1ee2
1e+
+
000.e
1ee2
1e
1e-
0e
--2
++1
1e+
000.e
1.2.3
1e
.
000.e
1.2.3
1.2.3
1e-
1e-
1.2.3
1ee2
e10
.
+
1e-
000.e
000.e
-
.
--2
++1
1e
1e+
+
--2
0e
-
.
1e-
1e
-
1.2.3
1ee2
1ee2
++1
0e
1.2.3
+
1e
e10
abc
--2
++1
0e
1.2.3
1.2.3
e10
+
000.e
1e-
++1
-
1e-
1e
++1
0e
--2
1e-
-
-
1e-
1ee2
1e
000.e
0e
0e
+
0e
1e+
1e-
0e
0e
1e
--2
-
1ee2
1e-
+
e10
1e-
.
000.e
1e
1ee2
+
1e+
-
1e
1e-
--2
1e
.
0e
1e
000.e
0e
.
-
++1
1.2.3
1.2.3
++1
-
e10
.
1e
1.2.3
e10
1e
abc
+
--2
1e
1.2.3
++1
1ee2
1e-
1e
.
++1
1ee2
1.2.3
++1
-
--2
e10
000.e
000.e
000.e
0e
.
1e
-
1.2.3
1e+
.
0e
-
000.e
+
e10
-
.
+
1ee2
+
1.2.3
1ee2
abc
++1
++1
+
000.e
--2
000.e
++1
000.e
--2
.
1e-
0e
0e
++1
++1
0e
e10
0e
1e-
--2
.
1ee2
.
++1
--2
.
1.2.3
1e
--2
+
1e+
.
1e+
0e
1e+
0e
1e+
++1
.
1ee2
-
.
--2
abc
1e-
++1
abc
1ee2
1.2.3
++1
1e+
abc
.
1.2.3
1e
000.e
1e
1ee2
e10
+
1e
1e+
+
--2
1e-
++1
.
+
1e-
1e-
1.2.3
abc
++1
1e-
1e+
e10
e10
000.e
+
abc
1e+
++1
e10
++1
-
-
1ee2
1e+
000.e
0e
e10
.
1.2.3
1e-
.
1ee2
1ee2
000.e
abc
--2
1e+
000.e
e10
abc
e10
1e
--2
.
1e-
1.2.3
abc
-
000.e
0e
+
+
1e-
1e-
1e+
1e
1.2.3
--2
1ee2
1.2.3
abc
e10
e10
1e-
++1
1e+
1e+
abc
0e
1e+
--2
1e-
1e-
++1
+
e10
--2
e10
1.2.3
.
-
1.2.3
+
abc
.
--2
.
.
++1
+
1.2.3
000.e
.
--2
1e-
1e+
0e
1e+
++1
.
-
1e-
000.e
1ee2
1ee2
1ee2
1e
++1
000.e
1ee2
.
1.2.3
1.2.3
1e
+
--2
e10
+
++1
1e-
++1
abc
0e
++1
+
e10
1e-
1.2.3
1e+
000.e
e10
1e+
0e
1ee2
0e
--2
++1
abc
1e-
+
1e-
1ee2
0e
1e
e10
1e
-
-
-
--2
1e-
--2
1ee2
.
e10
.
++1
1.2.3
1ee2
000.e
.
0e
++1
0e
1e
abc
1e+
.
1.2.3
1ee2
+
++1
abc
1.2.3
000.e
+
++1
1.2.3
1.2.3
1e-
-
-
1e-
1e-
+
1ee2
+
abc
1.2.3
1e
.
++1
++1
-
abc
--2
+
+
1e+
abc
1ee2
000.e
1ee2
1e
e10
+
+
e10
1e+
++1
1e+
e10
1.2.3
+
1e-
++1
1ee2
--2
+
1e-
.
++1
+
.
1e
0e
e10
-
1e-
--2
-
++1
000.e
abc
1.2.3
1.2.3
1e-
--2
1e+
1e-
0e
e10
1.2.3
1ee2
1.2.3
1e+
-
-
1ee2
1e+
+
+
0e
1e+
--2
1e-
--2
-
1e-
000.e
++1
e10
1e-
0e
++1
+
-
1e
1e+
0e
1e
0e
+
1.2.3
++1
0e
-
000.e
+
1ee2
++1
1.2.3
-
e10
1.2.3
1e-
+
.
abc
1.2.3
--2
.
-
000.e
1e+
1e+
1e-
1ee2
.
abc
abc
1e
abc
.
0e
1e+
+
000.e
.
abc
1.2.3
++1
1ee2
1e-
1e-
1e-
.
e10
1ee2
--2
1e
000.e
++1
0e
abc
1ee2
-
000.e
++1
0e
++1
1e
1e
abc
0e
000.e
abc
1e-
+
1e-
1e
-
0e
abc
+
++1
1e-
+
0e
1e
-
++1
1e+
abc
e10
1e-
+
+
e10
+
1e
.
abc
+
0e
+
+
--2
--2
1e+
1.2.3
1.2.3
1e+
1e-
--2
1e+
e10
--2
--2
+
abc
1e-
1e
1ee2
0e
.
--2
abc
1.2.3
1e
1ee2
++1
1ee2
0e
1.2.3
1e+
abc
e10
-
0e
000.e
1.2.3
1e-
1.2.3
1ee2
abc
-
.
-
1e-
1e
abc
+
++1
0e
++1
0e
-
1.2.3
e10
--2
.
1e-
1e-
000.e
e10
000.e
1.2.3
e10
1e-
--2
++1
0e
1e
1ee2
--2
1ee2
abc
000.e
1.2.3
1e-
++1
1ee2
e10
e10
1e
--2
abc
1e-
--2
1e
e10
1e-
--2
1e+
0e
+
++1
0e
0e
000.e
e10
1e+
1e
1e-
1.2.3
abc
000.e
++1
++1
.
1e-
e10
abc
++1
--2
1ee2
1e
1e-
++1
0e
1.2.3
abc
+
abc
+
000.e
1e-
+
1ee2
.
000.e
-
1e
1ee2
1ee2
-
-
+
000.e
--2
-
1e+
abc
e10
.
++1
1e+
1ee2
.
++1
1.2.3
1e+
1e+
++1
000.e
--2
.
1.2.3
1ee2
abc
.
000.e
000.e
1ee2
+
--2
.
1e+
abc
1e+
abc
.
1.2.3
++1
--2
1e
-
e10
abc
+
.
0e
e10
1.2.3
+
abc
--2
++1
1e+
1ee2
abc
1e-
1ee2
e10
0e
1e-
1e-
1e
1e+
1e+
--2
1.2.3
abc
+
1ee2
e10
e10
000.e
.
000.e
++1
e10
abc
+
--2
1.2.3
1.2.3
--2
--2
e10
++1
-
+
1e+
0e
abc
1e+
000.e
0e
++1
e10
abc
0e
1e
-
.
++1
--2
++1
000.e
0e
1.2.3
1ee2
.
1ee2
--2
000.e
++1
1e
-
-
+
1e+
+
.
+
--2
1.2.3
+
-
e10
1e
1e
+
1.2.3
.
1e-
+
1e+
1ee2
e10
1e-
1e
1ee2
--2
1e
1e-
-
+
++1
-
+
000.e
e10
e10
++1
abc
--2
1e-
1e+
1.2.3
1e
000.e
-
.
000.e
1.2.3
++1
--2
1.2.3
-
1e
e10
-
1.2.3
abc
.
1e+
abc
0e
1.2.3
1e+
1ee2
000.e
e10
.
--2
0e
e10
-
-
abc
e10
+
1.2.3
000.e
1e-
1ee2
abc
-
--2
1ee2
1.2.3
.
1.2.3
1e-
1.2.3
e10
1e+
e10
--2
1e+
+
1e+
-
--2
abc
-
e10
--2
000.e
-
1.2.3
--2
++1
1ee2
.
.
1ee2
e10
1.2.3
1e+
1e
1e
1e+
.
++1
.
-
.
1e+
--2
1.2.3
-
1e-
++1
1e+
-
1e
--2
1ee2
1e
-
.
1e+
-
+
000.e
1e
000.e
+
abc
+
.
.
1e+
1e-
1e+
1e
0e
1e-
e10
++1
1e
1e+
1ee2
++1
++1
-
--2
000.e
1ee2
++1
--2
--2
1e-
e10
+
--2
-
-
abc
1.2.3
abc
+
++1
1e
++1
++1
1e-
1e
1e+
.
1e+
+
1e+
000.e
1ee2
000.e
1e+
.
--2
1e
1e-
1ee2
000.e
1ee2
abc
.
--2
000.e
1e-
abc
1e-
-
-
++1
e10
1e
--2
000.e
.
-
++1
1e-
--2
000.e
+
e10
--2
1e+
1ee2
1e
1.2.3
000.e
e10
1ee2
abc
e10
-
e10
-
abc
.
abc
--2
000.e
--2
1e
1e-
1ee2
1e-
1e
000.e
+
--2
+
1.2.3
.
000.e
1e+
abc
--2
1e-
1e
abc
1e-
000.e
1e-
-
.
0e
--2
.
1ee2
abc
abc
000.e
1e
0e
000.e
-
abc
-
--2
000.e
1e-
0e
1e-
++1
000.e
1e
1e-
1e-
-
1.2.3
e10
1e+
1e-
0e
--2
1e
.
0e
++1
abc
1e
1e
0e
-
abc
0e
abc
++1
1e+
000.e
--2
000.e
--2
--2
1e-
1e+
--2
+
.
1e+
abc
1e+
-
-
0e
1e+
+
+
1e+
-
0e
-
1.2.3
--2
000.e
1e-
1e
abc
1ee2
abc
000.e
1e+
0e
--2
abc
+
e10
-
1ee2
-
--2
+
.
000.e
1e+
+
1e+
000.e
+
+
000.e
1e+
abc
1e+
0e
000.e
1e-
1e+
e10
e10
--2
0e
000.e
1e
-
0e
.
+
1ee2
000.e
+
1.2.3
1e
1.2.3
.
1e-
1ee2
-
0e
1.2.3
.
1e+
++1
--2
1ee2
1.2.3
--2
0e
1.2.3
1.2.3
1e+
1ee2
--2
1e+
--2
++1
abc
1e+
1.2.3
1e+
-
1e
0e
1ee2
--2
0e
000.e
000.e
1e
-
1.2.3
--2
++1
--2
1.2.3
-
1.2.3
++1
1e
000.e
.
1e-
1.2.3
0e
1e-
e10
abc
abc
-
000.e
--2
000.e
-
-
1.2.3
1e
000.e
000.e
.
+
000.e
--2
+
1e-
-
abc
1e+
1e
1e
e10
1e-
abc
1.2.3
1e-
1ee2
abc
-
0e
1.2.3
+
--2
++1
+
-
1e-
1.2.3
--2
abc
1ee2
abc
1e
+
1e
0e
1e-
-
--2
000.e
1e
1e+
1e
1e+
e10
1e+
1e+
1.2.3
--2
1e+
000.e
1e+
--2
000.e
abc
1ee2
.
--2
+
-
0e
1.2.3
++1
1e
000.e
000.e
0e
-
1.2.3
0e
1e
1e-
1e-
1ee2
1e+
1.2.3
1.2.3
1e-
1.2.3
--2
0e
000.e
abc
1.2.3
000.e
+
--2
1.2.3
.
1ee2
+
++1
1e
1e+
e10
0e
1e+
1.2.3
1e+
--2
000.e
+
000.e
+
1.2.3
0e
1.2.3
--2
1.2.3
000.e
e10
1e+
000.e
1ee2
1e
+
1e-
e10
000.e
-
+
e10
1ee2
.
++1
1ee2
.
-
abc
1ee2
.
--2
abc
1e-
.
+
.
1e-
1e+
e10
1e+
1e
1e+
+
0e
-
--2
1e
1ee2
1e-
+
abc
-
-
1e
--2
e10
.
1ee2
e10
1e-
abc
+
++1
-
--2
1e
0e
-
0e
0e
abc
--2
1.2.3
1ee2
--2
1ee2
000.e
1e-
+
abc
++1
1e+
1e
e10
.
1ee2
000.e
0e
--2
000.e
-
abc
000.e
1ee2
1ee2
000.e
1e
++1
1e
1e-
-
1e
1.2.3
+
1.2.3
e10
--2
1e
+
+
e10
+
+
1e+
1e-
abc
1ee2
--2
000.e
1e-
1e-
1ee2
-
1.2.3
1e
+
--2
1e
++1
1ee2
1e-
1e
-
1ee2
+
++1
1ee2
-
-
abc
1e+
-
000.e
1.2.3
--2
1.2.3
++1
++1
1e
++1
1e
1e
.
e10
e10
1e-
++1
1ee2
1e-
1e-
+
000.e
000.e
-
1.2.3
e10
1e
1.2.3
e10
-
e10
abc
abc
1ee2
.
1e+
+
+
abc
1e
0e
--2
1e+
-
e10
1e+
000.e
1e
1e-
++1
1.2.3
-
abc
1e-
abc
1e
1e+
e10
1.2.3
000.e
-
1e+
1e
-
--2
.
.
abc
abc
-
0e
1ee2
-
1ee2
++1
1e+
++1
abc
-
-
1e-
1e-
abc
abc
e10
1.2.3
abc
1ee2
1.2.3
1ee2
.
.
1ee2
1.2.3
e10
++1
0e
1ee2
abc
1e+
-
1ee2
000.e
--2
-
e10
1e
+
0e
+
1.2.3
+
1e+
0e
1ee2
000.e
1.2.3
1e+
.
e10
1.2.3
++1
+
e10
1e
1ee2
+
--2
1.2.3
+
1e+
1e+
000.e
000.e
--2
1.2.3
1e+
000.e
000.e
--2
000.e
e10
e10
1e
1e
--2
1ee2
000.e
--2
.
1ee2
--2
abc
-
-
1e+
1ee2
0e
+
1e-
1e-
--2
0e
-
1.2.3
1e-
0e
000.e
.
--2
1.2.3
abc
0e
1e-
-
1e+
1e-
1e-
1ee2
1.2.3
--2
1e+
1e
1e-
000.e
1ee2
-
e10
--2
abc
1e
-
-
000.e
-
1e-
--2
1e
000.e
1e+
.
0e
1ee2
+
1e-
1e+
1e+
1e+
1ee2
.
++1
1e+
abc
e10
--2
-
++1
1.2.3
1.2.3
000.e
.
-
1e-
abc
abc
+
0e
.
.
1ee2
1e-
e10
.
0e
1e
1e-
1.2.3
.
.
000.e
1ee2
1.2.3
--2
0e
1e
++1
-
0e
1ee2
1e-
0e
--2
+
1.2.3
--2
0e
1e
1.2.3
+
000.e
abc
-
++1
abc
1e+
1e+
-
1.2.3
e10
-
+
abc
--2
.
abc
abc
1ee2
-
1e
1e-
+
.
1e+
000.e
--2
1e+
++1
++1
0e
1e-
000.e
.
e10
1.2.3
.
++1
--2
1e+
++1
-
1.2.3
1e
0e
+
0e
1e-
1.2.3
abc
e10
1.2.3
1e-
e10
1e+
1e-
e10
--2
+
++1
1ee2
.
1.2.3
1.2.3
0e
--2
000.e
1e
0e
1e-
++1
1ee2
abc
++1
e10
-
1ee2
0e
-
000.e
000.e
1ee2
abc
1e-
1ee2
+
+
1e
+
abc
-
e10
++1
000.e
1e
1e-
1ee2
+
1ee2
+
--2
--2
1e-
1.2.3
0e
0e
.
--2
--2
0e
-
1ee2
1ee2
1ee2
1e+
--2
abc
e10
--2
1e
1e+
000.e
e10
1e+
abc
1e+
1ee2
1.2.3
0e
0e
abc
0e
000.e
++1
-
abc
e10
1ee2
1e-
abc
1e-
-
e10
--2
+
1e-
000.e
+
1.2.3
+
abc
1e+
1e+
-
++1
1e+
-
1ee2
e10
1e+
abc
+
-
1e+
000.e
++1
1e
000.e
e10
1.2.3
1.2.3
1ee2
+
1e-
+
1e
0e
abc
1e+
1e-
-
0e
000.e
--2
-
abc
+
1.2.3
1e+
000.e
1ee2
--2
1.2.3
--2
0e
1e+
--2
+
--2
e10
1e-
+
000.e
000.e
1e
e10
abc
--2
000.e
0e
1ee2
1e
1e
+
--2
-
1e+
1.2.3
e10
0e
1ee2
1e
000.e
++1
e10
-
+
.
1e
.
.
1.2.3
1.2.3
e10
000.e
.
.
000.e
e10
e10
+
1e
1ee2
abc
.
abc
.
1e+
.
0e
-
++1
+
e10
0e
1ee2
1e
-
1e-
1e
1e-
.
+
-
1e-
abc
1ee2
1ee2
.
1e+
--2
--2
0e
+
1e-
++1
e10
-
1.2.3
000.e
1e
e10
1e
000.e
abc
.
1e
abc
1ee2
e10
++1
1.2.3
1ee2
1e+
abc
1e
1.2.3
1ee2
1e+
e10
0e
--2
-
-
--2
1e
++1
--2
1e
1e
--2
--2
000.e
1ee2
1.2.3
1e-
+
++1
000.e
1e+
0e
e10
1ee2
-
++1
000.e
--2
0e
e10
abc
.
000.e
++1
--2
000.e
1.2.3
+
--2
e10
-
0e
abc
0e
--2
1e-
.
1.2.3
1e+
abc
--2
--2
++1
+
+
1ee2
1e
--2
-
++1
e10
+
1e
--2
1.2.3
0e
000.e
e10
-
abc
1e-
1e
++1
--2
1.2.3
--2
+
+
1ee2
+
e10
000.e
1.2.3
.
++1
000.e
1e-
abc
-
++1
1.2.3
++1
-
1e+
-
-
1ee2
1e
-
e10
--2
1.2.3
+
0e
--2
1e-
1ee2
1.2.3
1e+
.
0e
-
1e-
.
-
e10
-
-
1.2.3
-
e10
e10
--2
e10
--2
.
abc
1.2.3
1.2.3
0e
1e
1e
.
++1
-
--2
abc
0e
000.e
1ee2
+
0e
1ee2
1e
+
--2
e10
e10
--2
++1
1e+
.
1.2.3
000.e
.
1ee2
.
abc
abc
1e
-
.
--2
-
1e-
-
1e+
abc
--2
000.e
000.e
--2
abc
.
1e
-
--2
-
+
1.2.3
1e+
.
+
1e+
1.2.3
++1
000.e
1e+
-
+
1e+
.
-
-
+
abc
0e
++1
1.2.3
abc
-
1e+
1ee2
++1
1.2.3
++1
-
0e
0e
++1
e10
1e
000.e
1e+
0e
0e
0e
abc
000.e
1e+
1e+
1.2.3
abc
-
--2
1.2.3
0e
1e
e10
--2
1e-
1.2.3
000.e
1.2.3
+
1ee2
1e
+
-
--2
.
+
1e
e10
+
-
abc
+
--2
e10
abc
1.2.3
000.e
1e+
1.2.3
1e+
1e-
1ee2
+
e10
abc
.
+
000.e
1ee2
abc
1.2.3
1e
1.2.3
000.e
e10
1e+
1ee2
--2
abc
++1
1e+
.
1.2.3
--2
1e-
e10
+
.
1.2.3
++1
++1
+
abc
++1
1e+
1e
1e+
--2
abc
1e-
1.2.3
++1
-
++1
000.e
+
++1
-
1e+
1e+
--2
e10
1e+
+
+
1e+
e10
1ee2
-
++1
--2
-
--2
1ee2
000.e
1e-
-
-
0e
1e
-
abc
1.2.3
1e-
abc
abc
-
0e
1.2.3
1e
1e+
1e-
.
1ee2
1e+
0e
0e
1e
abc
--2
.
.
0e
-
++1
000.e
.
++1
--2
1e+
1e-
000.e
000.e
.
0e
++1
+
+
+
-
1.2.3
1ee2
.
abc
1.2.3
1e-
.
1e-
000.e
1e-
1e
1e+
e10
e10
1e+
1ee2
.
0e
abc
1e-
--2
1.2.3
1e-
.
1e-
1.2.3
1e+
1e+
.
1e-
1e+
-
1e+
+
1e
e10
--2
+
0e
1e
1e-
1e-
.
000.e
+
e10
.
0e
.
1e
++1
1ee2
0e
abc
1e-
1ee2
1e-
abc
+
0e
-
1e-
e10
1.2.3
000.e
1e+
-
1.2.3
1e
1e+
1.2.3
1ee2
1e-
abc
1e
--2
1e+
0e
1e-
1e-
abc
++1
-
1e
1e
1.2.3
e10
.
e10
--2
1e
+
.
1e
e10
abc
000.e
--2
000.e
-
0e
1ee2
000.e
1e+
1ee2
--2
000.e
1e
.
1ee2
abc
1e+
1e-
.
1e
.
--2
+
e10
e10
-
0e
0e
+
++1
1e
1e
.
-
1ee2
1e-
abc
++1
e10
--2
1e
1e+
-
1.2.3
--2
1e+
000.e
-
.
1e-
--2
abc
0e
abc
-
--2
--2
++1
1e+
1e
e10
++1
1e
e10
0e
abc
0e
-
0e
1ee2
.
--2
1e-
abc
1e-
.
e10
1ee2
--2
+
1e
1e+
000.e
abc
-
-
1.2.3
abc
1.2.3
abc
0e
-
-
1e+
+
1.2.3
e10
e10
--2
--2
000.e
e10
e10
0e
1e+
e10
0e
1.2.3
--2
.
1e+
1.2.3
++1
++1
1ee2
1e+
--2
abc
1e+
1e+
-
abc
++1
1e
-
abc
1e-
0e
.
0e
1e+
--2
+
1e+
e10
1e+
1e
1.2.3
1e
-
e10
.
.
.
abc
1e-
-
e10
1e+
++1
.
000.e
--2
1e+
0e
1e+
000.e
000.e
--2
1e
000.e
--2
abc
1e-
abc
000.e
1e
0e
0e
e10
e10
.
-
-
1e-
+
0e
-
++1
1.2.3
--2
abc
--2
--2
.
+
.
-
-
.
abc
--2
1e-
1e-
+
1.2.3
-
-
--2
.
.
1e
-
--2
000.e
1.2.3
e10
-
+
++1
0e
e10
.
e10
++1
1ee2
1e
-
-
abc
-
e10
1e+
1e+
1e+
1e-
0e
.
000.e
++1
1e
++1
e10
-
.
000.e
abc
abc
1e
1e-
1.2.3
abc
1e+
1.2.3
e10
e10
1.2.3
000.e
1e
1e-
1ee2
--2
000.e
.
++1
000.e
0e
++1
+
+
--2
e10
++1
1.2.3
1.2.3
+
1ee2
1e+
e10
000.e
1.2.3
.
1e
1e+
--2
1e-
1.2.3
1e+
1e+
0e
0e
e10
--2
1ee2
abc
--2
000.e
abc
1ee2
+
.
1e+
0e
1e
.
1e
++1
1.2.3
1ee2
--2
0e
1e+
abc
0e
.
1ee2
e10
1ee2
1ee2
--2
+
000.e
1e
abc
--2
-
1ee2
--2
1ee2
++1
1.2.3
1e
e10
1e+
-
1ee2
1e-
--2
0e
+
-
e10
++1
.
1ee2
abc
1e-
1e-
.
-
++1
1e+
0e
1.2.3
-
--2
e10
0e
e10
++1
e10
1e
++1
--2
abc
0e
.
000.e
+
1e-
abc
-
1e
1e
1e-
abc
0e
-
1ee2
1e+
-
-
--2
1ee2
0e
e10
1e+
.
++1
1ee2
1e-
1e
--2
0e
+
1e-
--2
--2
abc
--2
000.e
++1
.
-
--2
1e-
-
1e+
1e
1e+
-
abc
1e+
1ee2
.
--2
+
e10
--2
1e
++1
+
+
1e-
++1
abc
-
+
abc
000.e
abc
++1
abc
1e-
e10
++1
+
--2
1.2.3
abc
1e
++1
+
1e+
.
e10
.
0e
1e
+
+
+
000.e
e10
1e
1.2.3
abc
1e+
1.2.3
1.2.3
abc
0e
.
.
1ee2
1ee2
.
0e
0e
.
1e+
1ee2
e10
.
++1
e10
0e
+
0e
1.2.3
1e-
1e
e10
.
+
1e
0e
000.e
000.e
e10
1e
0e
0e
abc
abc
++1
1.2.3
1e-
abc
--2
0e
1e+
abc
.
1e+
--2
1e
1e-
000.e
.
e10
--2
1ee2
1e+
.
0e
--2
-
1e-
-
1ee2
1e+
.
1.2.3
++1
1e-
-
0e
--2
1e
1e
-
abc
0e
1.2.3
000.e
1ee2
-
-
1e
1.2.3
000.e
000.e
1.2.3
0e
1ee2
1ee2
000.e
1ee2
abc
1ee2
++1
000.e
0e
1.2.3
++1
abc
abc
.
.
++1
+
-
++1
--2
-
abc
000.e
++1
0e
+
000.e
abc
0e
++1
000.e
1e-
-
0e
e10
1ee2
++1
-
abc
0e
--2
+
1e+
e10
1e-
1e-
.
++1
0e
1.2.3
.
1ee2
1e
.
1e+
abc
1e+
.
1e+
.
abc
--2
-
0e
1.2.3
1ee2
-
1e+
++1
1.2.3
++1
1.2.3
0e
1ee2
1e
1ee2
1e-
1.2.3
1e-
.
1e
1e+
0e
++1
.
1e
+
1e+
-
e10
+
--2
.
e10
+
1ee2
e10
abc
1ee2
1e+
++1
1e-
1ee2
1e
.
--2
++1
0e
+
+
-
-
e10
+
abc
-
+
1e-
+
1e+
0e
1e-
.
1ee2
++1
1e
1e+
1e
000.e
abc
1e-
--2
1e
--2
--2
1e
1e+
0e
-
1.2.3
.
--2
1ee2
-
abc
1e+
1ee2
1ee2
++1
000.e
--2
1.2.3
++1
1e
000.e
-
+
1e-
1e+
1ee2
0e
++1
--2
0e
++1
1e
e10
1.2.3
000.e
--2
000.e
abc
e10
1e
000.e
--2
1e+
+
1ee2
++1
1e
e10
++1
1e+
0e
--2
1e
+
1e+
0e
abc
1e-
abc
000.e
+
1.2.3
1e
++1
++1
e10
1e+
1e
000.e
1e
-
++1
000.e
.
++1
000.e
1.2.3
.
--2
1ee2
+
+
abc
.
--2
-
1.2.3
1ee2
1e
0e
000.e
e10
e10
-
--2
1e-
1e-
e10
1e-
000.e
-
--2
++1
+
0e
.
0e
1e+
000.e
abc
1e-
abc
1e-
1ee2
0e
.
000.e
1e+
1.2.3
000.e
1.2.3
0e
1e
1.2.3
-
1.2.3
-
0e
++1
e10
1ee2
000.e
e10
1.2.3
++1
abc
1e+
++1
+
--2
++1
0e
1ee2
1.2.3
1e
abc
1e-
000.e
0e
1e
1e-
0e
e10
0e
0e
1ee2
1ee2
--2
1.2.3
0e
0e
0e
000.e
--2
.
1.2.3
0e
1ee2
abc
0e
.
1e+
abc
e10
1e
0e
++1
.
abc
e10
1.2.3
++1
1ee2
0e
e10
++1
-
abc
1.2.3
.
.
1e+
--2
1e+
1.2.3
--2
1e
--2
0e
1e-
-
.
-
1e
1e+
++1
0e
+
1ee2
++1
1e+
0e
1.2.3
1e+
1ee2
000.e
1e-
000.e
1e
0e
++1
0e
e10
1e-
1e+
1e+
abc
--2
1e-
1.2.3
1ee2
.
-
1e
--2
++1
1e
.
++1
1ee2
1e
1e-
abc
1.2.3
++1
0e
e10
0e
.
abc
1e
000.e
--2
.
1e-
1e
000.e
.
1ee2
0e
1e+
++1
.
0e
1e
e10
1e-
+
e10
.
1e
1ee2
1ee2
++1
e10
1ee2
1e
1.2.3
1.2.3
1ee2
1e-
.
-
1.2.3
0e
+
1e+
1e+
1.2.3
abc
1ee2
1e+
1.2.3
+
1ee2
1e-
abc
--2
++1
+
.
abc
+
e10
--2
1e-
++1
+
--2
abc
abc
-
+
e10
1.2.3
000.e
1e
--2
--2
.
++1
--2
e10
000.e
1.2.3
abc
++1
.
e10
.
1.2.3
.
1e+
1e-
.
1e+
1e
+
-
1e+
1.2.3
1e
0e
1ee2
1ee2
0e
000.e
e10
1e
+
-
1e-
1.2.3
abc
e10
0e
1e-
abc
000.e
1e+
1e
e10
++1
1e-
0e
-
abc
++1
e10
1e-
abc
0e
++1
1e+
.
1e
+
1.2.3
1ee2
1ee2
e10
e10
++1
1e+
1.2.3
1e-
1e-
1.2.3
000.e
abc
.
1ee2
0e
--2
1ee2
1e-
0e
1e+
+
1e+
1e-
1.2.3
1e
++1
++1
1e
1ee2
.
1e-
.
1.2.3
0e
1e-
1.2.3
--2
1.2.3
e10
--2
+
++1
e10
++1
1ee2
-
1e
1e-
-
e10
000.e
.
1.2.3
abc
e10
1ee2
000.e
1e
1e
000.e
.
000.e
++1
1ee2
1e
1e
1e-
1.2.3
1.2.3
--2
abc
--2
+
++1
-
.
e10
1e-
0e
++1
abc
++1
-
++1
1.2.3
.
--2
+
++1
1ee2
1e
1e-
0e
1e-
0e
1e
-
abc
0e
++1
++1
abc
++1
1ee2
--2
1ee2
--2
e10
-
+
e10
--2
000.e
abc
1e
0e
--2
abc
--2
1e
--2
0e
abc
e10
+
1e
--2
--2
1e-
1e+
1e+
000.e
-
--2
1e-
0e
1e
0e
1.2.3
1.2.3
1.2.3
0e
0e
1e+
-
-
e10
1e
000.e
1.2.3
1ee2
0e
--2
e10
000.e
e10
abc
--2
1ee2
--2
abc
1.2.3
000.e
1e
1.2.3
abc
000.e
000.e
1e-
e10
e10
++1
0e
1e-
1e-
1ee2
1.2.3
-
1e-
1e-
+
1e+
++1
1.2.3
.
+
0e
.
abc
1e
1e-
1e-
1e+
.
1e+
1e+
.
1.2.3
1e-
000.e
0e
abc
1ee2
--2
1e
000.e
+
0e
abc
1.2.3
++1
1.2.3
1ee2
e10
-
000.e
.
-
1ee2
0e
abc
1e-
+
--2
1e
1ee2
+
++1
1e-
1.2.3
1e+
1e+
1e+
-
++1
1ee2
e10
-
1ee2
1e
1e-
0e
1e+
+
1e+
abc
1e
1e-
abc
1ee2
++1
1e+
abc
0e
++1
++1
+
000.e
1.2.3
1e+
1e+
+
1ee2
1e+
e10
-
++1
-
1e+
1e-
0e
1e+
++1
--2
1e
0e
+
++1
0e
1e-
--2
-
.
0e
1ee2
++1
-
+
1e-
1ee2
--2
1e+
0e
+
++1
++1
+
--2
e10
1e-
+
0e
1e-
e10
1e+
.
1.2.3
000.e
-
1e-
1e-
abc
-
e10
-
e10
1.2.3
1.2.3
++1
++1
1e-
1e
0e
-
+
1.2.3
1.2.3
1ee2
++1
--2
-
++1
-
1.2.3
000.e
++1
000.e
++1
++1
1e-
-
++1
1e+
e10
abc
.
1e+
1.2.3
1e-
e10
1e-
+
abc
--2
000.e
-
e10
1e+
1e+
--2
-
++1
1.2.3
1ee2
0e
1ee2
1.2.3
1.2.3
-
0e
1ee2
--2
1e-
000.e
1e+
0e
e10
000.e
0e
1e-
++1
1e-
+
.
abc
--2
.
000.e
1e
1e+
1e-
1e
+
.
-
1ee2
1ee2
1.2.3
1e-
000.e
abc
.
1e
.
000.e
abc
1ee2
0e
-
.
000.e
abc
+
1e
1e
++1
1e+
+
-
1e-
000.e
+
1.2.3
0e
--2
000.e
000.e
000.e
-
e10
e10
1ee2
.
e10
000.e
0e
-
1ee2
e10
-
1e+
1e
1e+
1e+
++1
++1
1e+
-
1e-
1e+
--2
1ee2
1ee2
000.e
1.2.3
1e
++1
-
1e
0e
--2
1.2.3
abc
1.2.3
.
1e+
000.e
1.2.3
e10
1e-
abc
1.2.3
0e
1ee2
e10
1e-
1e+
1.2.3
-
0e
e10
e10
1e-
0e
.
e10
abc
e10
+
-
1e-
abc
+
++1
+
abc
000.e
e10
+
000.e
++1
e10
+
--2
.
000.e
000.e
++1
.
--2
.
--2
0e
0e
abc
e10
1e-
1e-
++1
++1
1ee2
1e+
--2
1.2.3
-
0e
++1
1e-
000.e
1.2.3
1e+
1e-
--2
0e
.
1e
1e+
000.e
1e-
1.2.3
--2
e10
0e
--2
1e
++1
000.e
.
e10
1ee2
1e
abc
1ee2
-
-
1e+
1e+
000.e
1ee2
abc
1ee2
1e-
1e
0e
1e-
e10
1ee2
1e+
1.2.3
1e
1.2.3
1.2.3
000.e
1e
000.e
abc
1e+
000.e
-
000.e
1ee2
0e
0e
000.e
++1
+
000.e
++1
1e
--2
1ee2
0e
1e
abc
1e+
--2
.
e10
0e
000.e
--2
+
.
1e+
1e
--2
000.e
abc
.
1e+
e10
++1
.
.
1e+
1.2.3
abc
000.e
000.e
1e+
++1
1e-
1.2.3
1ee2
abc
.
1ee2
++1
000.e
.
1e
+
1.2.3
-
--2
1ee2
.
abc
1ee2
1ee2
--2
abc
1ee2
1.2.3
.
--2
1ee2
abc
000.e
--2
1e+
0e
+
000.e
000.e
0e
1.2.3
-
--2
-
+
1e
abc
1e-
.
--2
000.e
e10
-
+
1.2.3
++1
.
000.e
000.e
000.e
abc
1e-
--2
+
1e+
-
1e-
0e
1e
1e+
1ee2
1e+
.
abc
1e
--2
0e
000.e
000.e
-
1e+
+
1.2.3
000.e
e10
000.e
+
1.2.3
1ee2
e10
1ee2
1e+
1.2.3
.
abc
--2
-
-
.
+
1ee2
000.e
e10
e10
1e
1e
1e+
+
1ee2
1e
1e
e10
+
1e
-
000.e
1e+
+
1ee2
++1
-
+
1e
1e-
--2
+
abc
++1
--2
-
abc
-
++1
+
1e
.
1ee2
++1
--2
000.e
.
-
000.e
-
1e
--2
000.e
1e+
-
e10
abc
+
1e+
0e
abc
e10
abc
.
1ee2
1e+
1e
+
1e
000.e
+
--2
1ee2
0e
1e
-
1e-
1e+
1e
.
000.e
++1
1ee2
e10
+
1.2.3
1ee2
1e-
--2
abc
abc
000.e
1e-
-
abc
1.2.3
1e+
.
1ee2
0e
000.e
1.2.3
-
--2
.
1ee2
1.2.3
-
++1
1e-
1e
.
1.2.3
1e+
.
+
1e-
++1
--2
-
1.2.3
1.2.3
abc
++1
-
--2
e10
1e+
e10
1.2.3
e10
-
abc
1e-
.
-
-
1e
++1
+
+
abc
1ee2
-
.
--2
1e-
0e
--2
000.e
+
1ee2
1.2.3
1.2.3
1.2.3
000.e
000.e
.
1.2.3
abc
000.e
0e
1e+
--2
1e
e10
1e+
0e
1e+
000.e
1e+
1.2.3
++1
1e+
1e-
1e+
1.2.3
e10
1e+
1.2.3
0e
1e+
1ee2
--2
+
-
1e+
1.2.3
e10
000.e
++1
e10
1e
000.e
-
0e
1e+
1e-
1e
-
-
++1
e10
1e+
++1
.
abc
1e
+
1e-
+
000.e
e10
1e-
1e
1e
0e
.
1e-
abc
1e+
1ee2
e10
+
++1
000.e
0e
1e+
-
--2
000.e
1e-
1.2.3
1ee2
1.2.3
0e
+
000.e
+
1e+
1.2.3
+
1e+
000.e
1ee2
++1
.
1e-
--2
1.2.3
1.2.3
1ee2
-
1e-
0e
0e
+
-
0e
000.e
abc
++1
e10
.
1e+
++1
+
--2
1e
.
1e-
000.e
abc
.
abc
1.2.3
0e
000.e
1.2.3
1e
-
0e
e10
1.2.3
+
+
1e
--2
0e
1e-
-
++1
1e-
++1
0e
0e
1ee2
1.2.3
1.2.3
--2
++1
abc
0e
1e-
0e
-
--2
1e+
1e+
000.e
0e
+
1ee2
e10
1e
-
1e+
abc
.
1e+
++1
1e+
.
000.e
++1
0e
--2
1e-
1ee2
++1
1e
000.e
1ee2
1e+
1.2.3
1e-
abc
.
++1
e10
++1
1e
+
--2
e10
--2
1e
1ee2
000.e
1e
-
1ee2
abc
1e+
.
1ee2
++1
1e-
0e
.
abc
1e-
-
1e-
-
.
1e-
.
.
1e
.
1ee2
1e
1ee2
1ee2
e10
-
1e+
1.2.3
0e
1.2.3
1e
.
0e
++1
++1
1e
1e+
1e+
1e
.
000.e
+
++1
e10
.
1e-
1e+
1ee2
1e-
1ee2
1e-
1e-
000.e
+
+
1e-
1e
--2
+
000.e
0e
000.e
+
.
abc
.
abc
--2
-
1ee2
.
1e-
1ee2
++1
1e
1e+
.
++1
1e-
e10
000.e
000.e
++1
+
1.2.3
1e-
1e-
000.e
1e+
abc
000.e
abc
+
.
.
1e+
.
++1
1e-
.
000.e
--2
1ee2
1e-
e10
1.2.3
+
+
000.e
abc
1ee2
1e
1e+
abc
e10
1e-
1e+
000.e
.
--2
--2
0e
000.e
+
000.e
1.2.3
1ee2
1e
000.e
--2
0e
++1
abc
-
+
0e
1e
1e+
1e+
.
+
-
abc
1e-
+
1e-
.
e10
1e+
-
1ee2
1ee2
0e
1.2.3
1e-
1e+
e10
--2
--2
1ee2
1.2.3
1e+
1e
e10
1e-
+
000.e
000.e
000.e
000.e
--2
.
0e
0e
1ee2
0e
-
1e-
1e
+
1e
-
--2
0e
--2
-
.
1e
-
1e-
abc
abc
000.e
e10
e10
1.2.3
+
+
0e
e10
e10
0e
1e
1.2.3
-
1.2.3
--2
1.2.3
0e
000.e
1e
1ee2
+
e10
000.e
.
1.2.3
000.e
1.2.3
--2
e10
1e-
1e-
-
+
+
1.2.3
1e-
+
abc
000.e
--2
e10
000.e
1ee2
++1
1.2.3
e10
e10
1e
0e
1ee2
1e+
e10
+
e10
abc
000.e
1.2.3
1e+
e10
1ee2
1e
abc
abc
--2
--2
1e+
+
--2
++1
1e+
abc
e10
+
000.e
000.e
1e
-
1e-
abc
1.2.3
+
++1
--2
1e+
1e-
0e
.
++1
0e
++1
abc
1e-
000.e
1e+
.
1.2.3
1.2.3
.
1e+
++1
--2
0e
0e
abc
1e+
++1
1e+
1e
e10
000.e
++1
e10
+
000.e
++1
e10
1e
--2
1e+
000.e
000.e
000.e
000.e
1e-
1e
--2
1e-
1e-
--2
1e-
1e
000.e
-
1.2.3
000.e
+
.
abc
--2
000.e
--2
.
e10
.
1e-
++1
++1
+
0e
1e+
abc
000.e
1ee2
-
++1
1e-
0e
-
1ee2
1e-
.
++1
1ee2
000.e
e10
++1
+
+
.
1e+
1e+
e10
1e+
+
1.2.3
abc
-
.
e10
.
++1
1e-
+
abc
++1
1.2.3
++1
0e
abc
000.e
e10
+
000.e
1ee2
1.2.3
e10
1e-
e10
--2
0e
1.2.3
1e-
1.2.3
0e
1e-
1e+
--2
1e+
+
abc
-
+
e10
1e
--2
1ee2
1e
.
.
e10
+
-
000.e
-
000.e
1e
+
1ee2
000.e
e10
abc
1.2.3
-
abc
--2
--2
-
000.e
--2
1.2.3
e10
-
.
1ee2
--2
1.2.3
1e-
e10
1e-
1e
-
abc
1e
1e+
--2
0e
abc
1e-
abc
1e-
.
++1
1e
abc
1.2.3
1ee2
+
e10
1ee2
1e-
000.e
abc
--2
1e-
e10
--2
++1
1.2.3
abc
e10
1.2.3
+
1e+
--2
1ee2
abc
-
-
1ee2
000.e
-
1.2.3
1ee2
1ee2
0e
--2
-
+
1ee2
1ee2
1e+
--2
1e-
000.e
1e+
++1
++1
1.2.3
1e+
1e
0e
1ee2
1ee2
1ee2
abc
.
1ee2
++1
+
.
1e+
abc
+
+
1e+
1ee2
1e+
-
e10
1e
+
1e
1ee2
++1
+
1.2.3
.
e10
-
.
++1
+
--2
abc
-
1.2.3
1e-
+
1e
1e+
abc
1e-
--2
1.2.3
abc
1e+
++1
1ee2
1.2.3
--2
++1
abc
abc
.
++1
--2
1e-
+
+
0e
1e
1.2.3
0e
1.2.3
1ee2
-
1e
--2
000.e
1e-
1e
-
.
1e+
++1
1e+
1.2.3
++1
--2
++1
1e
.
0e
1.2.3
-
1.2.3
1e-
1e-
abc
1.2.3
e10
0e
+
0e
++1
--2
0e
--2
0e
1e-
0e
1.2.3
+
--2
--2
-
.
abc
.
1ee2
--2
1e-
--2
1e
-
1e+
++1
0e
0e
1ee2
1ee2
1e-
1e-
e10
1e-
--2
1ee2
1e-
.
+
1e
1e
1e+
1ee2
000.e
0e
-
abc
0e
1e+
.
.
1ee2
1e-
1e-
000.e
.
--2
1ee2
+
1.2.3
0e
1e+
+
1e+
0e
1e
++1
.
000.e
abc
-
.
++1
+
+
.
e10
1e
--2
000.e
e10
1.2.3
1e
000.e
0e
--2
-
000.e
0e
--2
.
1.2.3
.
-
000.e
1ee2
++1
1e
0e
.
0e
1e
1.2.3
--2
0e
1e+
1e+
-
e10
++1
abc
+
1e-
-
1ee2
1e
+
--2
0e
+
000.e
000.e
e10
1e
++1
1e+
1e-
0e
--2
000.e
--2
0e
e10
-
--2
1e
0e
--2
1ee2
1e+
0e
++1
1ee2
--2
0e
0e
-
++1
++1
e10
0e
1e
1e-
1e-
0e
abc
0e
+
1.2.3
0e
abc
000.e
++1
1ee2
--2
-
1.2.3
.
+
1e
1e+
-
1e-
1.2.3
1e
1e-
+
1.2.3
1e+
--2
.
.
1e+
0e
e10
.
1.2.3
++1
-
0e
-
++1
e10
1e
1e+
--2
+
000.e
1e-
e10
1e-
1e-
1e+
++1
1e
0e
-
--2
+
+
000.e
1e-
e10
1ee2
1e+
-
1ee2
-
000.e
1e-
000.e
1ee2
0e
++1
1e
1ee2
++1
++1
1e-
1e+
1e
1e
e10
000.e
1e-
++1
+
--2
--2
abc
abc
+
0e
1ee2
--2
1e-
.
abc
0e
1.2.3
1e
--2
++1
1e
+
.
1ee2
.
e10
1e
1.2.3
--2
.
000.e
1e-
1e-
0e
1e+
1e-
1e-
abc
--2
1e-
1.2.3
1e+
--2
abc
1ee2
000.e
000.e
1.2.3
1e
1.2.3
+
1e+
1e-
000.e
.
1e-
+
++1
-
1ee2
1e-
0e
-
-
.
e10
e10
--2
e10
abc
+
--2
0e
1e-
-
--2
1e-
1e
1e-
.
1.2.3
1ee2
1.2.3
1e
e10
0e
e10
--2
--2
000.e
++1
1.2.3
1e-
000.e
0e
1.2.3
000.e
1e-
--2
abc
000.e
1e
.
--2
.
0e
1.2.3
abc
--2
1e-
--2
abc
1.2.3
e10
0e
0e
1ee2
1ee2
e10
--2
1e+
1e-
1e
1.2.3
.
1.2.3
e10
0e
1e
--2
0e
1.2.3
abc
1ee2
1ee2
+
abc
--2
abc
abc
1e
1e
++1
1e-
e10
1.2.3
1e+
.
0e
0e
.
-
1e
1ee2
0e
1.2.3
abc
1.2.3
-
+
-
+
000.e
-
--2
--2
e10
abc
--2
.
1e+
1e
--2
1e
+
+
e10
0e
000.e
++1
.
+
++1
1.2.3
1e
-
1ee2
.
+
abc
1ee2
++1
000.e
1e
000.e
1e+
abc
+
1.2.3
1ee2
000.e
000.e
--2
1.2.3
-
e10
1.2.3
1.2.3
0e
1ee2
1.2.3
000.e
1.2.3
1ee2
abc
000.e
abc
.
.
e10
++1
e10
e10
+
1e-
abc
1e-
1e
-
abc
abc
e10
abc
--2
1e-
1e-
1e+
1e
++1
++1
abc
1ee2
0e
1e-
1e
1.2.3
0e
abc
e10
.
e10
000.e
1e-
1ee2
-
abc
0e
1e-
1.2.3
e10
1.2.3
abc
1.2.3
1e+
1e+
e10
e10
abc
1e
-
-
.
--2
--2
1e+
1ee2
.
--2
.
1ee2
abc
1e+
1ee2
0e
abc
1e-
000.e
1.2.3
000.e
000.e
1e+
--2
.
1.2.3
1e-
1e
1.2.3
++1
000.e
.
1e-
e10
1.2.3
++1
1.2.3
1.2.3
.
0e
-
-
e10
--2
1e
0e
1e-
.
-
abc
.
--2
1.2.3
.
000.e
++1
1.2.3
--2
1.2.3
1e
--2
0e
+
1.2.3
++1
000.e
000.e
.
1e+
++1
1e-
1e-
++1
abc
e10
+
1e
.
+
1ee2
abc
--2
000.e
0e
1e+
1.2.3
++1
++1
--2
1e+
++1
1e+
1.2.3
--2
abc
+
e10
1ee2
1.2.3
0e
1e-
1e-
--2
1e-
-
1e+
000.e
1.2.3
1e
abc
+
++1
1.2.3
abc
.
1e+
000.e
1e-
000.e
0e
-
000.e
1.2.3
000.e
1e+
+
0e
e10
1.2.3
1e+
++1
e10
-
+
000.e
1e-
+
1e+
+
1.2.3
abc
1ee2
1e
++1
.
1e+
abc
1e+
abc
abc
++1
1e+
e10
1e
1.2.3
++1
1e-
-
1e+
1e
--2
+
1ee2
0e
1.2.3
--2
+
-
1e-
++1
e10
abc
e10
--2
e10
-
1e-
--2
.
.
0e
abc
e10
++1
e10
1.2.3
1.2.3
1e-
000.e
1e
1e-
++1
++1
1e
1e-
-
0e
0e
--2
1e-
1ee2
000.e
000.e
1e
++1
.
1e+
abc
1e-
e10
1e+
--2
+
1e
1e-
1.2.3
.
1.2.3
+
1e-
--2
--2
++1
--2
0e
--2
-
abc
-
1e-
-
-
++1
1e-
abc
--2
1e+
1.2.3
1ee2
000.e
000.e
++1
0e
abc
1ee2
1.2.3
1ee2
+
--2
1.2.3
.
1e-
1ee2
0e
1e+
1.2.3
000.e
1e-
e10
abc
1e+
+
1.2.3
.
--2
+
1e
0e
e10
-
1e+
-
1e+
1e+
000.e
abc
++1
.
000.e
1e-
000.e
1e
++1
e10
1e
1e-
.
1.2.3
1e-
--2
+
1e
0e
0e
1ee2
1ee2
1.2.3
1e+
000.e
1ee2
0e
1.2.3
.
1e-
--2
.
.
+
1e
e10
+
1e-
+
e10
000.e
1e+
+
abc
0e
++1
1ee2
--2
000.e
1.2.3
1.2.3
-
-
1.2.3
.
1e
1ee2
e10
0e
-
1ee2
1e+
0e
1.2.3
1e-
--2
1e
+
1.2.3
e10
0e
.
.
e10
++1
1e-
1ee2
.
--2
1e+
1e+
--2
-
1ee2
abc
--2
1.2.3
1ee2
+
.
1e-
1.2.3
.
1e+
.
--2
1e
+
0e
abc
1e
++1
1e
-
.
--2
0e
0e
+
--2
abc
e10
1ee2
1.2.3
1e
e10
.
0e
0e
e10
abc
1e+
1e+
1e
1e-
1ee2
abc
1e+
+
1.2.3
0e
1.2.3
1e
1ee2
1e+
.
++1
000.e
++1
1e+
1e
++1
.
abc
1e+
000.e
0e
1e
1e
1e+
1e
1ee2
++1
0e
--2
1e
.
1e-
1ee2
e10
e10
+
000.e
1e
++1
000.e
1e-
.
abc
--2
1ee2
000.e
e10
1ee2
abc
++1
1e-
+
e10
abc
abc
1.2.3
1e+
--2
e10
1e+
1e-
000.e
1e-
abc
1e+
e10
1ee2
-
1e
++1
abc
abc
+
+
1e+
0e
1e-
1ee2
e10
0e
--2
.
000.e
+
1e+
abc
1ee2
.
000.e
1.2.3
--2
e10
000.e
000.e
1e+
+
+
1e+
abc
1ee2
++1
1.2.3
1.2.3
++1
1e-
--2
1.2.3
--2
abc
--2
1.2.3
e10
e10
e10
abc
.
.
1e+
-
+
.
0e
0e
.
0e
0e
1ee2
1e+
e10
+
1.2.3
1e-
++1
++1
0e
000.e
0e
1e
+
+
0e
.
1e-
-
--2
+
.
e10
.
abc
abc
000.e
+
1e
abc
1.2.3
000.e
++1
++1
++1
e10
0e
000.e
--2
1e
.
1e
1.2.3
+
-
1e+
1e+
++1
1e+
000.e
+
1e-
1ee2
--2
-
1e-
000.e
1.2.3
-
.
e10
0e
--2
000.e
000.e
1ee2
e10
1e+
abc
0e
1.2.3
1e-
-
1ee2
abc
1.2.3
1ee2
-
-
1e-
1ee2
1e+
1.2.3
1e+
++1
abc
.
+
0e
++1
++1
++1
1ee2
0e
++1
.
1e
0e
1ee2
+
--2
--2
0e
1.2.3
+
1e
--2
1e-
e10
.
-
1ee2
1e
-
1e
+
1e-
++1
.
e10
++1
1e-
--2
1e
1.2.3
+
+
1e+
1e+
--2
+
1ee2
1e-
-
1e-
1e-
abc
1e+
1e-
1ee2
.
--2
000.e
-
e10
abc
1e
1e+
-
.
1e+
++1
+
++1
000.e
0e
-
1e
0e
--2
1e-
1.2.3
-
1e+
1.2.3
e10
1e-
1e
.
0e
1.2.3
+
1e+
1e-
e10
1e+
0e
1ee2
1ee2
000.e
+
1.2.3
1ee2
1e
1e
++1
0e
000.e
-
.
000.e
1.2.3
++1
--2
000.e
abc
1e+
1e
1e+
--2
1e+
1e+
e10
1e+
000.e
e10
--2
.
abc
+
.
0e
abc
1e+
1.2.3
1ee2
0e
++1
.
1e-
1e
+
000.e
++1
0e
++1
abc
1e-
.
--2
1ee2
0e
1e+
1e+
0e
e10
abc
+
.
1ee2
1ee2
1e+
--2
0e
e10
1ee2
0e
1e-
1e+
0e
-
0e
++1
1e+
1e-
1ee2
0e
0e
1ee2
.
-
000.e
.
1.2.3
1e+
000.e
e10
abc
-
0e
1ee2
0e
1ee2
1e-
1e
.
abc
abc
e10
abc
++1
1e
-
+
1ee2
0e
1e
1.2.3
0e
abc
abc
+
1e
.
1e+
0e
--2
.
1.2.3
++1
-
++1
.
1e
1ee2
.
++1
++1
-
-
-
000.e
e10
--2
abc
0e
0e
1e
abc
-
.
1e
000.e
1.2.3
--2
e10
--2
e10
1e+
e10
abc
--2
1ee2
+
1ee2
1e+
1ee2
0e
1e
1.2.3
++1
1e-
1.2.3
1.2.3
1e
1e-
1e-
1e+
1e
+
+
1ee2
0e
0e
.
1e
abc
0e
1e
abc
1e-
000.e
1.2.3
1e+
0e
1e+
e10
.
abc
0e
1.2.3
e10
1e
++1
1e+
1e-
-
e10
1e-
1ee2
1e
1e+
+
-
.
000.e
1e
1e
0e
e10
1e+
-
-
1e+
1e-
.
-
e10
1e+
e10
1e
.
1.2.3
1ee2
0e
1ee2
1e-
+
e10
--2
--2
--2
-
0e
1e+
++1
abc
1e-
0e
1.2.3
++1
1e+
.
abc
1e
000.e
abc
++1
e10
1.2.3
1e-
.
1e-
-
e10
abc
-
000.e
-
abc
.
.
1e-
1e+
.
1e
++1
.
1e
abc
1.2.3
--2
1ee2
+
.
0e
000.e
1ee2
0e
++1
1e-
.
-
000.e
.
0e
1e-
++1
1e
0e
1e-
-
-
++1
1e-
1e-
1ee2
000.e
--2
1ee2
1e-
1ee2
abc
-
-
1.2.3
0e
.
1ee2
-
+
1e-
1e
1ee2
1e-
1e-
1.2.3
1e-
1ee2
++1
1e+
1.2.3
0e
1ee2
1ee2
1e
1.2.3
1.2.3
1e+
--2
.
++1
000.e
+
e10
1e-
e10
1.2.3
1ee2
e10
1e+
.
--2
+
1e-
.
-
-
--2
1.2.3
++1
1.2.3
--2
abc
000.e
1e-
++1
1e-
1e
1e
1ee2
1e+
+
000.e
++1
1ee2
+
-
1e
1e+
e10
1e-
+
1e+
1.2.3
+
1e-
0e
1.2.3
1e
1.2.3
0e
e10
1e-
e10
0e
1e-
e10
e10
0e
abc
e10
e10
-
++1
e10
+
0e
000.e
1e+
abc
.
1ee2
abc
000.e
1e
+
abc
1.2.3
1ee2
abc
0e
-
000.e
abc
1.2.3
1e+
1e-
0e
+
1e
abc
1e-
++1
e10
1e-
abc
++1
000.e
e10
+
++1
1e-
0e
--2
0e
-
--2
1ee2
--2
1.2.3
e10
--2
1e-
1e-
-
0e
.
1e+
++1
e10
000.e
++1
+
1e
000.e
0e
.
--2
1ee2
++1
000.e
abc
+
1e+
1ee2
abc
-
1ee2
0e
--2
000.e
1e-
0e
1e
000.e
abc
--2
0e
1e+
-
--2
.
.
e10
1e-
1e-
1ee2
1e-
e10
1ee2
0e
0e
+
--2
--2
000.e
1e-
000.e
-
e10
--2
1e+
1e+
1e+
abc
+
+
1ee2
-
+
1e
1e+
1e
1ee2
1e-
1.2.3
+
++1
1e
.
--2
1e
0e
000.e
1ee2
0e
++1
++1
--2
1ee2
+
1e
1ee2
1e+
000.e
0e
1.2.3
abc
1e-
1e+
0e
e10
000.e
1ee2
1ee2
++1
e10
1ee2
abc
1.2.3
++1
1ee2
0e
1e
.
000.e
1e
1e
-
000.e
++1
1e+
000.e
1e+
1e
e10
++1
0e
000.e
1e
e10
abc
1ee2
-
1e-
1e+
1.2.3
0e
+
e10
-
--2
1.2.3
1e-
000.e
1e
0e
++1
abc
1e
0e
1e+
1e+
1.2.3
e10
--2
--2
000.e
1.2.3
000.e
000.e
-
1.2.3
-
1.2.3
+
abc
abc
1e
.
e10
1e-
++1
--2
1ee2
++1
1ee2
++1
000.e
abc
--2
1e+
1e-
0e
.
1.2.3
1e+
000.e
e10
e10
--2
+
++1
1e-
abc
abc
1e
1e+
1.2.3
1e+
1e-
1e
.
000.e
1e-
1ee2
++1
abc
-
e10
1.2.3
1e+
1ee2
1e-
1e+
++1
000.e
.
1.2.3
1e+
1ee2
++1
1e
e10
1e+
000.e
abc
+
.
+
000.e
1.2.3
1e-
1e+
1e
000.e
1e-
.
1e
000.e
1e+
abc
1.2.3
+
++1
000.e
1ee2
++1
e10
--2
1ee2
-
--2
.
1.2.3
1e-
1e
--2
0e
-
1e-
1e-
1.2.3
1e+
000.e
e10
e10
--2
1.2.3
abc
++1
0e
++1
000.e
1e
+
-
abc
+
0e
.
1.2.3
1e
.
1ee2
1e+
000.e
1.2.3
1e
1e-
e10
abc
1.2.3
--2
-
0e
1e
1e-
1e+
1e
1.2.3
000.e
+
1ee2
--2
0e
-
1.2.3
1e
1e-
+
1ee2
1ee2
.
.
1e
0e
e10
1ee2
1e-
++1
1ee2
1ee2
abc
++1
-
0e
1e+
1e
1.2.3
1e
abc
--2
--2
1.2.3
000.e
.
1ee2
1e-
++1
1.2.3
-
e10
abc
+
1ee2
1.2.3
+
1e-
-
1e-
--2
1.2.3
--2
--2
1e-
--2
abc
.
abc
.
+
1e-
+
--2
0e
--2
-
e10
++1
0e
.
1e-
1e
000.e
e10
.
e10
1e
1e-
1ee2
1e-
.
1e
000.e
1e-
1.2.3
e10
0e
++1
.
e10
0e
1e-
1e-
+
000.e
0e
abc
1ee2
1.2.3
1e+
+
1e+
1e+
1e+
e10
e10
e10
1ee2
--2
1e+
0e
abc
.
-
-
e10
1ee2
--2
1e-
1e+
1.2.3
1e-
-
1.2.3
+
0e
1ee2
1.2.3
.
1e
abc
1.2.3
1.2.3
abc
1e-
++1
-
--2
--2
1e
1e-
++1
1e+
++1
1ee2
abc
000.e
1ee2
e10
e10
1e-
1e+
-
1ee2
1ee2
1e
e10
-
000.e
1e+
-
abc
-
e10
.
1e-
1.2.3
e10
0e
000.e
+
++1
abc
++1
++1
--2
1e+
0e
-
--2
1.2.3
0e
000.e
1e
0e
000.e
++1
1e
.
-
1.2.3
--2
.
--2
-
+
000.e
1e
1e-
1e-
1.2.3
-
e10
.
1e-
1e-
1e-
e10
1e+
000.e
0e
--2
1.2.3
1e+
1e+
1.2.3
e10
1e+
1ee2
1e+
0e
000.e
e10
.
-
1e
abc
e10
1ee2
+
1ee2
e10
++1
e10
-
0e
abc
000.e
e10
1ee2
abc
++1
1ee2
1e
.
-
--2
abc
.
.
000.e
1ee2
++1
-
1e
--2
1e+
+
1.2.3
-
+
abc
1e+
1.2.3
1.2.3
1e-
-
-
1e-
.
abc
0e
abc
0e
++1
1e
1.2.3
++1
1e
1ee2
1ee2
000.e
1e-
1e-
0e
e10
1e+
-
1.2.3
0e
abc
1e+
++1
.
-
+
1.2.3
--2
-
0e
1e
1e
abc
000.e
+
abc
1e
1e-
abc
1ee2
1e+
.
000.e
--2
1.2.3
e10
.
+
++1
++1
abc
++1
.
--2
1ee2
abc
1ee2
1e
abc
e10
1e+
1.2.3
+
abc
1e
++1
abc
1e
000.e
abc
e10
-
abc
-
0e
--2
-
e10
--2
--2
e10
0e
++1
e10
e10
+
0e
e10
1.2.3
1e
1.2.3
1ee2
+
1.2.3
1ee2
000.e
000.e
.
1e-
e10
1e
000.e
.
0e
+
e10
e10
+
e10
.
abc
.
.
e10
+
000.e
1.2.3
.
e10
1e
1.2.3
000.e
.
1.2.3
0e
000.e
abc
1e+
1.2.3
++1
.
1e
1e
++1
abc
++1
e10
1.2.3
1.2.3
000.e
000.e
000.e
--2
000.e
1.2.3
1e
abc
1e
1e+
++1
++1
1.2.3
-
1e
.
e10
000.e
1e
--2
+
abc
--2
-
++1
abc
.
1e-
000.e
-
.
1e
1ee2
1.2.3
1e-
e10
1ee2
e10
1e+
0e
1e
e10
--2
+
e10
1.2.3
abc
0e
abc
1e
1e
.
1.2.3
000.e
++1
+
1ee2
-
0e
0e
e10
abc
e10
abc
+
++1
1e
-
1.2.3
++1
1ee2
1e-
000.e
1ee2
1.2.3
++1
1.2.3
000.e
000.e
--2
1.2.3
.
++1
000.e
abc
+
--2
abc
1e+
.
000.e
000.e
--2
.
1e
--2
.
0e
1e+
+
1e-
--2
++1
1ee2
000.e
e10
1ee2
1e-
e10
1e
1.2.3
--2
+
1.2.3
1e+
+
1ee2
+
+
abc
++1
1e
000.e
1.2.3
1ee2
1e-
e10
0e
1e
1e-
e10
1e+
1e-
000.e
1e+
abc
1e
-
1e
000.e
1e
000.e
1e
1e
1ee2
1e
-
1e+
.
1.2.3
++1
-
1e+
1e+
1.2.3
++1
1e-
1ee2
++1
e10
e10
1e-
+
1e-
+
-
1e+
.
1e-
1e-
1e-
+
--2
000.e
abc
--2
0e
++1
++1
000.e
--2
abc
0e
-
1e+
1e
1e
+
++1
.
1e
1e+
1ee2
e10
abc
--2
1e-
1e
1e+
1.2.3
--2
-
000.e
0e
e10
1.2.3
1e
.
.
1ee2
000.e
1ee2
1e
-
-
+
-
1e+
1ee2
--2
1e-
1e
--2
++1
0e
e10
1.2.3
+
.
.
1e+
000.e
--2
.
1e-
--2
0e
+
0e
++1
.
1e-
1ee2
-
1e+
++1
1e
1e
0e
1.2.3
-
+
000.e
1e-
--2
++1
++1
1ee2
++1
.
-
1.2.3
1ee2
1ee2
-
1.2.3
abc
1e-
.
--2
1e
1ee2
--2
1.2.3
000.e
1e+
e10
--2
abc
0e
1ee2
1.2.3
+
--2
1e+
+
-
-
000.e
+
1ee2
1ee2
--2
abc
1e+
.
000.e
1e+
e10
1.2.3
1.2.3
1e-
1ee2
1e-
1ee2
1e
1e-
000.e
+
000.e
abc
e10
.
1ee2
-
e10
--2
-
000.e
++1
0e
++1
.
1ee2
000.e
1e-
+
000.e
--2
abc
++1
--2
+
1.2.3
abc
-
000.e
++1
abc
1.2.3
abc
.
+
.
1ee2
1.2.3
e10
1e-
0e
000.e
abc
+
++1
abc
--2
--2
000.e
1ee2
+
1e+
abc
+
000.e
1e-
+
-
--2
abc
++1
1e+
000.e
1ee2
.
+
1e+
1ee2
abc
e10
1ee2
abc
-
1e+
abc
1e+
--2
--2
1e-
--2
e10
1e+
000.e
1e
0e
1.2.3
1e+
1e
e10
+
abc
1e-
.
0e
1e+
1e
abc
1.2.3
1ee2
1e+
1e-
++1
-
e10
0e
1e
1.2.3
+
1e+
0e
-
abc
abc
1e-
-
0e
000.e
e10
1e-
0e
--2
e10
000.e
1.2.3
1e+
0e
abc
1ee2
1ee2
--2
1ee2
1e+
++1
abc
abc
abc
1.2.3
-
1.2.3
1e-
e10
.
abc
--2
1e+
1e-
1.2.3
++1
-
000.e
-
1e-
abc
+
abc
1ee2
1e-
--2
000.e
1e
abc
1ee2
000.e
abc
1.2.3
1e+
.
1e
--2
.
1e-
+
1e+
1e+
--2
0e
1e+
1e-
0e
1e+
.
1e-
--2
1e
-
e10
--2
1ee2
.
--2
1ee2
0e
e10
0e
+
+
+
-
1ee2
-
--2
-
1e
1.2.3
1e
1e+
000.e
++1
1e
abc
1e+
1ee2
0e
.
--2
--2
e10
-
--2
1.2.3
1e
+
+
1ee2
0e
abc
0e
-
1e
e10
++1
1.2.3
1e
0e
e10
1ee2
0e
--2
1e
--2
1e
e10
0e
1e+
-
-
+
+
-
1e+
1ee2
+
1e
+
--2
000.e
1e-
1e-
1ee2
--2
abc
000.e
.
e10
-
1e
++1
--2
1e-
abc
++1
abc
++1
1e
-
1ee2
0e
e10
abc
000.e
000.e
1e+
+
1ee2
++1
-
0e
abc
++1
abc
1e
1.2.3
.
e10
1e-
abc
.
1e+
e10
abc
1e-
++1
1e
-
1ee2
abc
++1
e10
1e
000.e
-
.
.
1e-
.
000.e
1e
--2
000.e
-
0e
1.2.3
1e-
e10
+
1e+
1e+
1e
e10
000.e
1.2.3
abc
000.e
000.e
0e
0e
000.e
1e
1e
1e+
1e
++1
e10
000.e
1.2.3
1ee2
000.e
--2
1.2.3
1e+
1e
abc
.
1e+
.
1e-
1.2.3
1ee2
abc
abc
1e-
abc
-
abc
+
1e+
1ee2
+
000.e
000.e
e10
abc
--2
0e
+
++1
1e+
1e-
-
--2
1ee2
+
1ee2
--2
++1
1e+
-
1e-
1e
+
1e-
0e
1e+
--2
.
++1
-
1e-
1e+
0e
.
1e
.
e10
+
.
--2
--2
1.2.3
0e
1ee2
.
1e-
abc
abc
000.e
.
1e
abc
+
++1
-
e10
e10
--2
-
-
0e
.
--2
e10
.
abc
+
abc
1e+
1ee2
1e
1ee2
-
++1
0e
1ee2
-
1ee2
+
1e-
.
+
+
abc
+
e10
+
000.e
.
1e-
1e+
1e
000.e
1e-
1.2.3
1e
.
1ee2
1e+
abc
++1
.
abc
000.e
1e
1e+
--2
.
abc
+
1e+
.
1.2.3
++1
-
.
e10
--2
abc
1.2.3
-
-
e10
000.e
abc
--2
0e
1e+
--2
1ee2
+
+
000.e
0e
+
--2
--2
1e
--2
1ee2
1.2.3
1e
1e-
1e-
++1
1e-
1e
--2
--2
-
--2
1e-
1e
1e-
1ee2
000.e
1ee2
1.2.3
abc
+
++1
-
--2
000.e
1e+
-
0e
000.e
++1
--2
1e
.
e10
abc
0e
+
abc
e10
000.e
e10
-
.
++1
++1
1e
1e
e10
.
1e-
++1
1e+
--2
.
.
1ee2
1ee2
000.e
1e-
abc
++1
abc
++1
1e+
--2
+
1e
000.e
1.2.3
e10
0e
1e-
000.e
000.e
++1
1e+
1ee2
.
1e
+
.
abc
e10
1.2.3
0e
0e
++1
1e+
1e
-
++1
--2
-
e10
e10
e10
e10
1e
1ee2
++1
1ee2
-
abc
e10
1ee2
-
0e
000.e
1.2.3
+
e10
e10
1ee2
1e-
1ee2
e10
+
+
1ee2
1ee2
1ee2
-
-
1e-
abc
+
1e-
1ee2
1e+
.
++1
e10
--2
0e
1.2.3
abc
+
1e+
++1
--2
-
000.e
000.e
0e
0e
++1
++1
1e+
1e+
+
++1
++1
1e
1e+
-
1ee2
--2
1.2.3
1e-
++1
1e+
-
0e
1ee2
--2
e10
e10
--2
e10
1e+
++1
--2
abc
1ee2
e10
+
1e-
1e
.
1.2.3
abc
e10
++1
--2
1e
+
++1
1e+
--2
1e
e10
+
1.2.3
1e
abc
++1
e10
0e
1e-
abc
+
-
e10
0e
.
++1
000.e
1e+
1e-
1.2.3
--2
1e
+
1ee2
-
000.e
000.e
-
+
000.e
--2
1.2.3
1e
1e
e10
1ee2
++1
1e-
1e-
.
1e+
1.2.3
.
.
.
.
--2
1e-
1e-
abc
abc
--2
++1
000.e
1e
+
++1
abc
abc
1e
e10
000.e
0e
+
1ee2
1e+
.
1ee2
000.e
--2
1.2.3
+
.
1.2.3
++1
-
e10
1e-
+
--2
1e
1e+
e10
1.2.3
1e+
1ee2
1ee2
1.2.3
1ee2
--2
0e
1ee2
1.2.3
e10
000.e
-
--2
e10
000.e
-
000.e
0e
.
e10
--2
1e-
1e+
1e
0e
abc
0e
--2
.
000.e
1e+
+
++1
++1
1ee2
--2
+
1e-
1e
1e
+
.
1ee2
0e
000.e
0e
000.e
1ee2
abc
1.2.3
1e+
1e-
1ee2
.
+
abc
1ee2
1.2.3
abc
.
++1
0e
1e+
1.2.3
000.e
-
e10
e10
1e
0e
000.e
0e
000.e
++1
+
1ee2
abc
++1
1e
1e+
.
000.e
1.2.3
1ee2
1.2.3
1.2.3
+
1e
++1
--2
0e
000.e
e10
+
1e-
1.2.3
1e
-
000.e
1e+
+
.
+
1e-
abc
000.e
1.2.3
000.e
--2
-
+
1ee2
000.e
++1
+
1e
000.e
1e
1ee2
1.2.3
e10
+
1ee2
.
abc
abc
1ee2
++1
--2
+
1ee2
--2
1e
1ee2
+
+
++1
++1
+
--2
1e
1e+
1e
1e
0e
1ee2
1e+
1.2.3
+
--2
--2
1e
--2
1e
abc
1e-
+
000.e
-
1e+
--2
1e+
1ee2
1.2.3
++1
0e
++1
1e
abc
--2
abc
1ee2
e10
+
1ee2
000.e
0e
1e-
-
++1
--2
1.2.3
--2
1ee2
+
1ee2
1ee2
1e-
+
-
.
--2
++1
1ee2
abc
e10
1e+
1.2.3
++1
1e-
1e-
1ee2
1ee2
1ee2
e10
1e
1.2.3
+
1ee2
++1
1.2.3
000.e
000.e
--2
1e+
abc
abc
e10
0e
--2
++1
1ee2
abc
1.2.3
--2
1e
+
abc
1ee2
1e
e10
1.2.3
.
1e-
000.e
000.e
1.2.3
0e
e10
1e+
1ee2
000.e
1e-
1e-
.
abc
++1
+
.
abc
1e-
1e-
1.2.3
-
1.2.3
+
++1
1e
-
-
e10
1e-
+
1e-
0e
e10
-
-
--2
++1
e10
-
1e-
1e-
1.2.3
--2
1e+
e10
0e
1e-
1ee2
--2
-
--2
1e+
000.e
1e-
abc
++1
--2
e10
0e
1e-
-
1e-
.
1ee2
1e
1ee2
e10
1e-
++1
1e
1.2.3
0e
1e+
+
++1
-
+
-
+
1ee2
1e+
abc
1.2.3
e10
++1
abc
1e
0e
1e
1e-
++1
++1
1e
1.2.3
0e
.
.
.
--2
000.e
-
1e+
000.e
1.2.3
+
+
abc
000.e
--2
1e+
0e
+
1e-
1e+
1ee2
1ee2
++1
1e
e10
-
000.e
+
000.e
--2
000.e
++1
1.2.3
1e+
abc
e10
1e
++1
1ee2
--2
++1
0e
1e
++1
1.2.3
1.2.3
+
1ee2
1.2.3
1e+
abc
+
000.e
++1
.
1e-
0e
++1
1ee2
1.2.3
.
1.2.3
-
1.2.3
e10
+
++1
0e
1.2.3
1e
.
1e-
1e
1e
1e
+
1e-
+
+
e10
0e
000.e
0e
1e
e10
0e
abc
++1
--2
abc
1ee2
000.e
-
1e-
1e
1ee2
--2
1e-
abc
1.2.3
-
1.2.3
-
e10
.
1ee2
-
e10
+
.
0e
000.e
1.2.3
abc
abc
+
abc
+
000.e
1e-
1e
1e-
-
1e
e10
-
1e+
abc
000.e
+
++1
--2
000.e
++1
++1
0e
--2
.
0e
1e-
-
000.e
e10
e10
1e
000.e
0e
e10
0e
abc
000.e
0e
+
abc
e10
+
000.e
++1
+
1.2.3
++1
abc
1.2.3
--2
1e
abc
0e
1e-
000.e
.
.
abc
1e-
+
e10
1e
0e
000.e
1ee2
+
abc
abc
-
1e
abc
1ee2
+
.
0e
abc
000.e
++1
1e+
+
e10
1.2.3
1e+
-
1e-
1e-
0e
--2
0e
.
1e-
1ee2
1.2.3
1.2.3
e10
0e
+
1ee2
0e
.
1e-
0e
1e-
1e-
1ee2
1.2.3
e10
1e+
.
-
1ee2
1e+
++1
e10
1ee2
abc
-
e10
--2
000.e
abc
++1
e10
-
000.e
0e
+
1e-
abc
000.e
-
++1
1e-
+
++1
1e-
+
1e
abc
--2
++1
-
1ee2
abc
+
000.e
-
.
+
0e
1e+
--2
.
-
-
000.e
1e-
000.e
--2
.
1ee2
1e+
--2
0e
--2
+
++1
1.2.3
-
-
++1
1ee2
1e
--2
1e+
.
e10
1e-
1e-
abc
--2
1e+
abc
+
++1
1.2.3
abc
e10
+
1ee2
1ee2
1e
-
-
-
000.e
++1
1e
e10
e10
1.2.3
-
1e+
1.2.3
1.2.3
+
-
1.2.3
1.2.3
.
abc
abc
0e
.
.
1.2.3
++1
++1
+
++1
-
1ee2
1e-
000.e
abc
-
000.e
--2
0e
+
000.e
++1
000.e
1.2.3
-
1.2.3
1e-
1e-
--2
e10
1e
--2
1e-
1.2.3
e10
1e-
.
++1
-
000.e
abc
e10
e10
0e
1e+
000.e
000.e
000.e
0e
+
0e
-
-
abc
1e+
abc
abc
1e
1ee2
1e+
1e
1e+
++1
1.2.3
e10
1.2.3
1e+
000.e
-
1e
+
+
++1
++1
-
--2
1e
-
1e-
-
+
.
1ee2
--2
1ee2
1ee2
1e-
0e
+
1ee2
1.2.3
0e
-
1e-
e10
abc
--2
1.2.3
+
1ee2
--2
000.e
000.e
1ee2
e10
1.2.3
--2
+
000.e
-
-
+
1e
.
abc
1e+
000.e
1.2.3
0e
1e+
1e-
000.e
++1
1e
+
.
.
0e
1e+
e10
000.e
--2
1e+
-
1.2.3
e10
1.2.3
--2
000.e
--2
1e+
--2
0e
1.2.3
.
1e
1e+
.
e10
0e
1ee2
+
1e
.
0e
1e
1.2.3
--2
++1
000.e
abc
e10
--2
+
-
e10
1ee2
1ee2
1e-
1e
1ee2
-
1ee2
-
-
-
abc
-
+
+
++1
+
.
-
1ee2
0e
+
e10
--2
-
abc
1.2.3
1ee2
0e
000.e
1.2.3
.
abc
1.2.3
1e
1e+
--2
.
abc
0e
+
++1
abc
.
1ee2
.
-
0e
abc
--2
1e+
+
000.e
.
0e
1e+
abc
+
000.e
.
e10
++1
0e
e10
0e
1e-
0e
1ee2
1ee2
1e+
1ee2
1e+
1ee2
.
++1
000.e
000.e
1e-
abc
0e
1e
+
e10
e10
-
1e+
1e
e10
+
.
e10
0e
++1
abc
1ee2
0e
1e
000.e
1e
1ee2
000.e
1.2.3
1e
-
e10
1.2.3
+
1e-
--2
1.2.3
1e+
1e+
--2
e10
++1
++1
1e-
000.e
0e
000.e
1ee2
e10
++1
-
+
1ee2
0e
.
e10
1e+
1.2.3
--2
1e-
e10
000.e
+
1ee2
e10
1e+
--2
1e+
0e
1e+
1.2.3
1e
abc
1e
++1
0e
000.e
000.e
1ee2
1e+
0e
abc
--2
--2
1e-
1e
1e-
1e
1e
--2
++1
-
000.e
-
e10
++1
0e
-
1e+
1.2.3
++1
-
1e+
1ee2
1e
1ee2
.
--2
1.2.3
1e+
--2
1e-
e10
e10
000.e
1.2.3
1e-
1e-
.
1e
1.2.3
abc
abc
++1
--2
1ee2
0e
abc
1e-
1e+
0e
abc
1e-
-
abc
1.2.3
000.e
1e+
000.e
.
+
1e
e10
1e
1e-
+
1e+
abc
1.2.3
e10
1.2.3
0e
000.e
1e-
-
1e-
1ee2
-
000.e
++1
1e
1e-
+
1ee2
1.2.3
abc
1e
1ee2
1e
.
e10
.
1e
1.2.3
e10
1e+
.
1ee2
.
0e
1.2.3
abc
abc
++1
0e
1.2.3
++1
--2
+
1e-
.
++1
1e+
++1
abc
++1
1ee2
1.2.3
1.2.3
1ee2
000.e
.
.
1ee2
000.e
abc
.
.
1e+
abc
000.e
1.2.3
000.e
e10
--2
e10
0e
1e
--2
-
e10
1e-
abc
abc
1.2.3
1e+
1e-
1.2.3
1e+
abc
.
.
1e
-
1ee2
1.2.3
++1
1ee2
1e+
+
++1
0e
1e+
abc
1e-
1.2.3
.
1ee2
e10
1e
1e
1.2.3
++1
-
1ee2
-
000.e
--2
1ee2
.
--2
--2
e10
0e
1e+
1ee2
+
+
1ee2
e10
1.2.3
e10
-
000.e
1e-
1e-
--2
1e+
-
abc
000.e
1ee2
--2
1ee2
-
e10
--2
++1
.
000.e
+
.
++1
000.e
1.2.3
1e
1ee2
.
abc
--2
abc
abc
++1
0e
-
e10
e10
1e-
abc
1.2.3
-
0e
--2
0e
++1
--2
++1
--2
+
e10
1e
000.e
e10
1e
e10
1e-
1ee2
abc
.
1.2.3
++1
1e
.
++1
1.2.3
abc
+
1e+
0e
++1
-
1e+
e10
++1
-
++1
.
000.e
1e
1e
++1
1e-
1e-
.
0e
-
1e
++1
+
abc
0e
1ee2
++1
1ee2
1e+
++1
0e
.
e10
0e
.
++1
abc
1.2.3
e10
1e
1e
-
+
1ee2
--2
1e+
000.e
1.2.3
1.2.3
0e
1.2.3
-
1.2.3
1ee2
+
abc
e10
1ee2
1ee2
.
000.e
0e
+
1e-
+
1.2.3
1e
.
1.2.3
1e-
1e
1e+
1.2.3
--2
++1
e10
000.e
1e
1e+
000.e
000.e
0e
1.2.3
1e
.
1.2.3
1e
1.2.3
.
e10
1e+
+
e10
1e+
0e
1e
1.2.3
1ee2
000.e
+
+
-
0e
1e+
++1
1ee2
abc
1.2.3
1.2.3
+
--2
1e+
1e
++1
1e
abc
--2
e10
abc
+
1ee2
000.e
abc
1e-
abc
000.e
e10
1e+
abc
.
0e
e10
1e-
abc
--2
e10
1ee2
--2
-
1e-
1e
000.e
1.2.3
1ee2
-
+
+
-
abc
000.e
-
--2
1ee2
1ee2
1ee2
000.e
+
--2
e10
.
000.e
0e
++1
1e+
-
1ee2
e10
e10
1e-
000.e
.
abc
1e
1e
1ee2
1.2.3
++1
.
e10
e10
++1
1e+
e10
1.2.3
-
.
1e+
.
--2
000.e
.
1e+
1ee2
e10
1e-
1e+
--2
1e-
1.2.3
0e
++1
-
1e+
1ee2
1e-
1ee2
++1
1e
000.e
0e
1e-
.
++1
++1
.
abc
1e+
-
1e-
.
--2
1e-
1e
e10
abc
.
1e-
+
+
-
000.e
1e+
.
1e+
1e
e10
-
1e
1e+
1e-
+
1e-
.
0e
1.2.3
abc
1.2.3
+
e10
1e
-
abc
1.2.3
-
1.2.3
--2
-
++1
+
1.2.3
0e
1e+
+
0e
1e+
.
.
abc
+
abc
+
++1
--2
0e
1e+
e10
1e
1e+
1e
0e
abc
000.e
1.2.3
.
+
1ee2
1.2.3
--2
++1
1.2.3
-
-
--2
1e-
-
--2
.
e10
++1
1ee2
1ee2
1e+
000.e
0e
+
+
++1
1e+
1.2.3
++1
e10
-
.
1ee2
+
-
-
1e-
--2
1e-
e10
1e
.
1ee2
e10
1.2.3
000.e
e10
1e-
+
-
1.2.3
1.2.3
abc
1.2.3
1e+
e10
000.e
abc
1e-
1ee2
+
-
.
+
abc
000.e
.
e10
abc
1e-
+
1.2.3
1e-
1e-
1e+
1ee2
000.e
000.e
1e+
1e+
-
abc
abc
1e-
1ee2
1e
abc
1.2.3
1e
abc
+
1e
1e
abc
.
1e
abc
--2
1e
1.2.3
1.2.3
abc
1e
abc
++1
--2
-
.
1e-
1e
1e
--2
e10
1e-
+
+
-
--2
++1
0e
1.2.3
e10
-
1e-
1e
e10
1e-
1e+
1e
1e-
1e+
1ee2
e10
1e-
000.e
1.2.3
0e
1ee2
e10
--2
0e
000.e
abc
1e
0e
1ee2
++1
e10
++1
abc
-
.
0e
-
++1
--2
e10
+
0e
+
.
--2
000.e
++1
000.e
--2
+
1e+
-
0e
.
-
e10
1e
1.2.3
abc
--2
1e+
000.e
0e
000.e
++1
e10
+
.
1.2.3
1e-
000.e
1e+
1ee2
abc
e10
1e+
1e
1.2.3
1e-
1ee2
1e-
1e
abc
--2
1e-
1ee2
000.e
.
000.e
+
+
-
e10
--2
1ee2
1ee2
--2
.
+
0e
0e
++1
+
-
.
e10
1ee2
.
+
000.e
+
--2
0e
1.2.3
.
++1
1e
1.2.3
1ee2
--2
0e
abc
abc
1e
++1
1e
.
1e+
e10
e10
--2
++1
.
1e
0e
1e+
+
0e
-
1ee2
1ee2
abc
1e+
0e
++1
1e+
1.2.3
1e+
+
1e+
.
e10
-
1.2.3
000.e
1ee2
000.e
1.2.3
000.e
+
.
--2
1.2.3
1ee2
1e-
1e
+
abc
1e+
e10
.
-
1e+
+
e10
e10
e10
1e-
abc
-
1e+
1e-
000.e
e10
abc
1e+
1e-
1e+
++1
0e
1e
--2
e10
1.2.3
1e
1.2.3
abc
abc
1.2.3
abc
1e+
0e
1e+
1.2.3
abc
++1
1e
1e
1e-
-
abc
abc
e10
1.2.3
abc
++1
abc
1e-
1e-
1e
.
1.2.3
.
1e-
1e
1ee2
.
1e+
1e-
.
0e
abc
000.e
1e-
e10
1e-
1.2.3
1e-
000.e
1.2.3
abc
-
0e
1e+
+
++1
1e+
1e+
++1
000.e
1.2.3
1.2.3
e10
++1
000.e
0e
0e
++1
--2
--2
++1
-
--2
1.2.3
1e+
e10
.
1ee2
e10
1e
.
1e
--2
1e
++1
e10
-
0e
.
.
++1
1ee2
-
++1
++1
+
000.e
-
0e
abc
abc
1e-
+
1e
.
++1
.
e10
1.2.3
1.2.3
++1
+
abc
.
1e+
1e-
.
1.2.3
0e
abc
1.2.3
++1
1e+
abc
1e+
1e+
e10
000.e
1ee2
1e-
abc
abc
abc
e10
1.2.3
1e+
-
000.e
0e
1ee2
e10
+
1ee2
1ee2
1e
abc
--2
++1
000.e
1e
+
1.2.3
0e
++1
.
--2
1.2.3
0e
abc
e10
-
1ee2
.
1e+
1.2.3
1e-
0e
000.e
e10
+
1e+
+
1.2.3
000.e
--2
1ee2
1e
++1
--2
+
++1
1e
abc
abc
abc
000.e
e10
1e+
1e-
abc
++1
++1
1.2.3
-
1e+
-
1e-
+
--2
1e
--2
-
--2
--2
e10
+
.
++1
++1
.
.
--2
0e
abc
1ee2
1.2.3
000.e
.
1e+
000.e
e10
1ee2
+
e10
++1
1e+
1ee2
abc
.
1e+
-
0e
1.2.3
--2
abc
0e
1.2.3
1.2.3
1e
1ee2
.
1e-
1e-
0e
+
0e
++1
1ee2
1e-
1e+
1e-
1e+
1e-
1e
-
1e+
++1
abc
+
abc
1e
1e-
1e
0e
+
e10
+
1ee2
--2
abc
e10
1e-
000.e
-
1.2.3
-
++1
+
e10
1ee2
1e-
000.e
1e+
abc
1e-
e10
++1
1e-
1e+
e10
1e+
000.e
e10
0e
-
1e-
abc
1e
-
000.e
1ee2
1e+
-
abc
+
000.e
000.e
-
+
e10
1ee2
1.2.3
0e
++1
+
--2
--2
1e-
0e
abc
.
.
--2
1ee2
0e
++1
--2
1ee2
--2
++1
1e+
e10
1e+
.
abc
abc
1ee2
+
.
e10
1.2.3
1e+
+
+
-
.
1e-
abc
000.e
++1
1e+
1e+
000.e
000.e
1ee2
+
.
1e-
abc
.
1e
++1
+
--2
0e
e10
1ee2
++1
abc
++1
0e
e10
.
1.2.3
+
1.2.3
++1
--2
++1
1.2.3
+
--2
+
1e-
++1
1ee2
--2
1e-
0e
0e
+
--2
1ee2
-
000.e
++1
-
--2
--2
--2
1e-
e10
1e-
1e-
++1
1e
1e
1.2.3
1ee2
1e+
0e
1ee2
1.2.3
1e+
.
++1
1ee2
e10
abc
.
000.e
1e+
1e-
0e
e10
+
++1
1ee2
-
1e+
1e-
0e
--2
.
0e
-
+
++1
1ee2
000.e
-
.
.
1e
1.2.3
e10
abc
--2
1.2.3
.
-
000.e
+
000.e
1e+
-
abc
1e
.
+
1ee2
abc
.
1e+
1e
000.e
000.e
++1
0e
e10
-
-
0e
-
-
1e
--2
abc
1e+
1ee2
1ee2
1.2.3
000.e
e10
1e+
abc
++1
1.2.3
1.2.3
1.2.3
000.e
++1
e10
1e
1ee2
.
.
0e
1e+
--2
.
++1
e10
0e
1e+
-
1ee2
1e+
1e
++1
e10
+
1.2.3
1.2.3
++1
.
0e
1ee2
.
1e
0e
e10
e10
1e+
1.2.3
1e+
1e+
1ee2
0e
--2
1e+
.
000.e
abc
1ee2
-
1e-
--2
1ee2
1.2.3
e10
0e
--2
-
0e
abc
--2
1e-
-
1e
e10
e10
++1
1e
--2
++1
abc
1.2.3
1ee2
1e+
++1
1e
1e+
000.e
+
-
1e
1ee2
1e-
1e+
1e-
000.e
.
++1
1e+
.
-
0e
++1
1e-
1.2.3
1.2.3
1e
e10
.
1e-
e10
1e+
0e
.
1e-
1e+
++1
000.e
1e+
abc
.
-
1ee2
000.e
abc
1e+
e10
+
1ee2
++1
1e-
1ee2
-
abc
0e
1e
+
0e
1e-
1.2.3
++1
1ee2
+
abc
1.2.3
--2
0e
++1
abc
e10
++1
0e
--2
--2
e10
e10
.
+
abc
e10
e10
+
1e+
1.2.3
.
e10
1e-
-
0e
0e
000.e
.
++1
abc
1e
e10
0e
1.2.3
e10
1ee2
1ee2
+
1e-
--2
000.e
-
1e
000.e
e10
1e
1ee2
0e
1e
-
0e
e10
e10
1e+
1e-
.
0e
++1
000.e
--2
1ee2
++1
e10
1e
000.e
1e+
abc
+
0e
--2
1e
000.e
000.e
+
1ee2
-
-
abc
abc
1e-
1e-
1e-
1e-
1.2.3
+
++1
--2
.
1ee2
-
1e
.
-
1e+
-
1e
1e
1e-
abc
.
1.2.3
e10
000.e
-
1e+
1.2.3
++1
+
abc
1e+
--2
1e
0e
1.2.3
1e-
.
abc
1ee2
++1
1e+
1e+
1.2.3
.
1.2.3
1ee2
--2
e10
1e+
000.e
1.2.3
1e
1e
--2
1.2.3
.
1e+
1ee2
0e
1ee2
++1
-
++1
1e-
-
1ee2
1e-
-
++1
1e+
--2
-
--2
++1
1ee2
1ee2
1ee2
1ee2
--2
1e+
000.e
--2
1e+
abc
1.2.3
abc
--2
abc
0e
-
000.e
--2
1e+
+
1ee2
abc
++1
.
--2
.
1ee2
+
0e
+
000.e
1e
1e+
0e
1ee2
e10
.
.
e10
1e-
abc
-
abc
--2
000.e
1ee2
--2
000.e
1e
1ee2
1ee2
0e
0e
1ee2
--2
-
.
1.2.3
1e+
-
.
++1
1e-
+
000.e
+
abc
1ee2
+
-
++1
abc
++1
0e
abc
1.2.3
1.2.3
1.2.3
.
1ee2
1.2.3
1.2.3
abc
++1
000.e
--2
0e
++1
1e+
abc
abc
1e+
++1
1ee2
1.2.3
+
1e+
-
1e
--2
1.2.3
1e
+
000.e
-
1.2.3
1e
++1
1ee2
-
1e
1.2.3
abc
.
1ee2
.
1e-
0e
1.2.3
1ee2
--2
000.e
1.2.3
1e
e10
++1
+
-
--2
abc
abc
1.2.3
--2
1e
1e
1ee2
e10
0e
e10
000.e
1e
abc
++1
1.2.3
1ee2
000.e
0e
abc
0e
+
--2
+
000.e
1ee2
1e+
1e
+
000.e
1e
1e-
e10
-
+
e10
++1
1e-
000.e
+
1e-
1.2.3
1e
0e
.
0e
1ee2
+
.
1e
1e
000.e
e10
.
000.e
1ee2
1ee2
1e
1e+
1.2.3
++1
0e
1e+
++1
+
0e
.
000.e
1e+
1ee2
0e
1e
.
1.2.3
.
.
1.2.3
-
abc
1e+
1e-
abc
.
1e-
++1
e10
-
--2
1e
1ee2
abc
e10
1ee2
+
abc
abc
+
.
--2
++1
++1
.
++1
-
1e-
1.2.3
1.2.3
000.e
000.e
1.2.3
1e+
-
0e
e10
abc
e10
1.2.3
1ee2
-
--2
e10
abc
++1
1.2.3
1e
++1
e10
0e
abc
+
++1
-
1.2.3
-
000.e
-
1e
e10
1e
000.e
0e
+
1e
--2
e10
abc
1ee2
-
.
1e+
1ee2
.
abc
0e
++1
++1
000.e
-
1e-
-
000.e
1e-
0e
1e+
1e
--2
1e+
--2
--2
1e+
+
1e+
1e+
--2
.
1.2.3
000.e
-
-
1e
1.2.3
0e
1.2.3
1ee2
0e
-
abc
000.e
1.2.3
++1
1e
++1
-
-
1ee2
.
000.e
1ee2
++1
-
1.2.3
+
++1
--2
.
++1
-
.
1e
1.2.3
.
--2
1.2.3
abc
1e
++1
-
.
1.2.3
--2
1e-
1ee2
000.e
1e-
.
1e
1e-
0e
1.2.3
e10
1e
-
-
0e
1.2.3
-
-
+
1e+
.
1e-
++1
0e
1ee2
+
e10
000.e
++1
1.2.3
1.2.3
.
++1
1e-
--2
-
e10
1e-
000.e
+
-
1e-
1e
-
0e
abc
abc
+
000.e
0e
++1
1ee2
1ee2
000.e
1e+
--2
0e
0e
1e
abc
++1
+
-
abc
000.e
+
1e-
++1
000.e
--2
.
000.e
-
1e-
1.2.3
.
000.e
abc
000.e
.
--2
1e
.
1ee2
1ee2
1ee2
--2
abc
1ee2
++1
1e-
+
1e-
1e+
e10
--2
1.2.3
-
.
.
0e
-
1e+
1.2.3
+
0e
-
0e
1ee2
-
1.2.3
1ee2
0e
1e-
e10
1ee2
abc
abc
abc
-
.
-
1ee2
1ee2
1e
000.e
1.2.3
1e+
1.2.3
abc
1e-
e10
1.2.3
abc
--2
1e
--2
1e-
000.e
++1
++1
1.2.3
abc
--2
0e
1e
e10
++1
0e
++1
000.e
.
1e+
1e+
1e-
1ee2
e10
1ee2
-
1e-
1e
abc
000.e
1ee2
-
.
000.e
1e-
-
1ee2
1e
e10
++1
.
1e+
.
+
1e
1.2.3
abc
abc
abc
.
0e
abc
0e
0e
1e-
1e-
+
abc
.
000.e
e10
0e
-
1e-
e10
--2
1ee2
--2
abc
1ee2
0e
1e-
++1
1e-
abc
+
1e
0e
0e
0e
abc
1ee2
1e
1ee2
000.e
1e-
1e
abc
+
1ee2
000.e
abc
+
0e
e10
+
000.e
1ee2
1e
+
abc
abc
++1
.
1.2.3
-
e10
1ee2
abc
000.e
++1
+
1.2.3
e10
++1
abc
1e-
1e
e10
1e
1e+
+
--2
1e
1ee2
0e
1e
abc
e10
1e-
--2
1e+
0e
1e+
++1
e10
--2
0e
1.2.3
-
abc
+
1e
+
1e+
1e
0e
1e
1ee2
1e+
.
1.2.3
1.2.3
1e-
.
0e
1ee2
1.2.3
+
1ee2
1e+
000.e
abc
abc
abc
++1
e10
-
0e
0e
--2
+
-
abc
e10
--2
1ee2
e10
--2
1e
e10
1e+
-
000.e
.
.
+
abc
abc
1.2.3
--2
1e+
+
++1
1ee2
1e
1e
++1
1e-
-
--2
1e-
e10
000.e
1e-
1e+
000.e
-
e10
0e
abc
1e+
e10
000.e
e10
.
abc
1e-
-
.
+
--2
-
000.e
.
1.2.3
1ee2
.
1ee2
1.2.3
1ee2
1e-
+
abc
abc
1e-
1e-
abc
1e
+
+
-
e10
1.2.3
1e-
e10
+
1ee2
000.e
1ee2
1e-
.
0e
0e
1e
abc
.
1ee2
1e
++1
.
--2
+
1e+
1e+
--2
1e
++1
e10
--2
e10
1e
-
-
--2
1e-
++1
-
1ee2
1e+
--2
000.e
1e
.
1.2.3
++1
e10
1e+
000.e
1.2.3
.
1.2.3
--2
1e-
1e
abc
++1
1e-
1e-
abc
-
+
+
1e
0e
+
0e
1e+
-
1ee2
++1
-
++1
-
++1
+
1e-
1.2.3
1e-
++1
1ee2
1e-
1.2.3
1e-
1e-
e10
1e
.
.
+
000.e
--2
1e
1ee2
+
1e
000.e
++1
.
--2
e10
0e
000.e
1ee2
000.e
-
.
+
e10
1e+
1ee2
1.2.3
++1
++1
1e-
1e-
e10
1e-
1e
+
abc
+
1e+
abc
1e-
e10
1e+
1e-
1.2.3
++1
1e+
.
1.2.3
1e+
1e
1e-
1e
+
1ee2
0e
abc
e10
.
1e+
++1
1e-
e10
1.2.3
.
+
1.2.3
000.e
000.e
-
+
1e+
+
abc
1e-
++1
-
e10
abc
1e-
1.2.3
-
-
--2
e10
+
.
+
000.e
.
1e+
1e
000.e
000.e
1e+
-
e10
1.2.3
-
1.2.3
1e-
1ee2
1e+
++1
-
1.2.3
1ee2
.
--2
--2
0e
1e
--2
0e
+
.
++1
abc
abc
0e
-
0e
0e
000.e
e10
e10
e10
1e
1e
-
e10
+
1e+
1e
1e+
1e
abc
1e
1ee2
--2
.
1ee2
--2
e10
000.e
.
+
e10
-
1e+
-
000.e
1e
--2
e10
abc
+
1.2.3
1.2.3
--2
.
1e
1e
+
000.e
1.2.3
0e
000.e
1.2.3
++1
+
--2
1ee2
1e
1e
abc
--2
.
0e
0e
0e
--2
1e-
0e
+
1e
000.e
1e-
0e
1ee2
1e+
abc
1e
1e-
abc
1ee2
1.2.3
++1
1.2.3
-
1e
-
1e-
--2
1.2.3
000.e
+
abc
-
++1
1ee2
1e+
1e+
000.e
++1
abc
--2
1e-
++1
abc
+
++1
1e-
1.2.3
1.2.3
-
.
1.2.3
000.e
.
1e-
1e
e10
++1
1e+
1e
-
abc
--2
1ee2
e10
1e-
+
000.e
1e
1e-
1e+
abc
-
abc
0e
-
-
--2
1e
++1
-
-
1e+
-
000.e
.
1ee2
1e
++1
e10
e10
0e
1.2.3
1e-
.
e10
1e-
1e+
abc
1.2.3
1e+
1.2.3
-
0e
0e
0e
1ee2
e10
1e+
000.e
-
1e-
e10
1.2.3
0e
e10
0e
++1
abc
abc
000.e
.
1e
e10
1.2.3
000.e
++1
abc
e10
1e
1e
1e
000.e
+
.
1e
.
1ee2
1ee2
1e
-
1e-
e10
0e
abc
+
000.e
abc
1ee2
1e-
1e
1e-
0e
-
1.2.3
1ee2
1ee2
000.e
.
.
.
++1
e10
1e+
1.2.3
1e+
1e+
1e
1.2.3
1e
+
1e-
abc
000.e
000.e
1e
++1
-
1e-
1e+
++1
1e
1e
e10
1e
000.e
e10
1e+
0e
+
--2
1e-
.
1ee2
1ee2
--2
.
-
1e+
.
++1
1.2.3
++1
e10
1.2.3
0e
+
1e-
e10
1ee2
1e
1.2.3
-
abc
1e
000.e
1e-
1ee2
1ee2
++1
+
e10
0e
0e
1ee2
-
1.2.3
1.2.3
1.2.3
abc
+
--2
--2
e10
-
abc
.
+
000.e
-
1e-
.
1e-
+
1e
abc
-
+
1.2.3
e10
.
abc
abc
e10
0e
++1
e10
000.e
.
0e
1ee2
1.2.3
.
1ee2
0e
.
e10
1ee2
1e
1e+
abc
.
0e
1e-
++1
++1
-
+
.
e10
1e-
e10
1ee2
0e
000.e
1.2.3
1.2.3
1e-
-
1.2.3
abc
e10
0e
1e
-
1e-
000.e
1e+
1e-
000.e
1e+
1e-
+
000.e
1e+
+
1ee2
1e+
000.e
--2
1ee2
1e
-
0e
000.e
1e+
1.2.3
1ee2
abc
000.e
abc
1e-
0e
1e+
++1
1.2.3
0e
abc
000.e
--2
1e+
1e+
1ee2
+
0e
000.e
.
0e
1e
abc
.
1.2.3
1e+
1e-
-
1e-
-
++1
1ee2
--2
+
.
++1
1ee2
1e-
+
e10
1e-
+
+
+
+
000.e
000.e
.
e10
1ee2
-
--2
.
abc
000.e
1.2.3
abc
000.e
+
1e+
0e
-
0e
--2
1.2.3
e10
1ee2
++1
-
--2
--2
1e+
.
1e-
-
1e-
000.e
1.2.3
--2
.
--2
0e
1.2.3
--2
000.e
1ee2
1e-
.
000.e
++1
++1
e10
1e
1e+
1e-
1ee2
--2
1e-
1e+
0e
1e
0e
--2
+
abc
abc
1ee2
.
1ee2
1e
abc
++1
-
000.e
000.e
-
+
1e-
-
+
--2
e10
+
1.2.3
1e+
-
000.e
--2
0e
0e
--2
1.2.3
0e
1.2.3
1e+
--2
1e
1ee2
1.2.3
1ee2
-
000.e
1e-
1.2.3
++1
.
-
1.2.3
1e+
1e-
--2
++1
-
++1
abc
abc
.
1ee2
0e
--2
e10
1ee2
++1
1e
1ee2
++1
-
1e
1e
++1
1e+
000.e
.
0e
000.e
000.e
-
1e
-
-
1ee2
--2
000.e
abc
++1
abc
abc
++1
1e+
--2
e10
e10
1e+
e10
+
1ee2
1e-
1.2.3
--2
1.2.3
1e+
++1
++1
1e
1e+
--2
abc
-
+
1ee2
--2
0e
.
+
--2
-
abc
e10
1e-
--2
1ee2
abc
0e
1e+
000.e
-
-
--2
abc
--2
1e
.
1.2.3
1e
-
0e
+
0e
abc
.
-
--2
e10
1e-
0e
1e
000.e
abc
--2
-
e10
++1
1e
000.e
1e
1e+
--2
1e-
1e+
0e
1e+
.
abc
.
1e
1ee2
+
1ee2
--2
1e-
.
1ee2
--2
-
e10
-
1e
0e
1.2.3
+
1e-
+
1e-
000.e
1e
1ee2
+
0e
++1
1ee2
1e
-
abc
1e-
--2
++1
+
1.2.3
0e
--2
000.e
000.e
+
0e
000.e
++1
--2
1ee2
1e+
+
0e
-
0e
0e
abc
1e
-
abc
e10
0e
1e-
--2
1ee2
1ee2
1e+
-
+
1.2.3
1e+
1e-
1e
1e-
abc
1e-
1.2.3
+
.
1e-
1e-
1ee2
abc
1e
000.e
1e
1ee2
++1
.
+
.
.
1e+
+
--2
1ee2
+
1e
--2
abc
++1
1ee2
+
+
1ee2
1e-
1.2.3
0e
000.e
+
1e+
-
+
.
1e+
+
1ee2
-
000.e
-
abc
abc
--2
++1
e10
abc
--2
e10
e10
.
1e
1e+
1e+
1.2.3
1ee2
1e
abc
0e
abc
-
e10
1e-
e10
1e+
+
1ee2
+
e10
1e+
abc
1e
--2
1e
0e
+
e10
1e
abc
++1
-
1ee2
1e-
1.2.3
1ee2
1e+
1e
1e-
++1
--2
-
-
abc
--2
-
1e+
e10
+
-
1e
-
+
1ee2
1e-
++1
1e
1e+
e10
1e+
-
1e+
1.2.3
1e+
++1
1e-
++1
1ee2
1e
abc
1e
abc
abc
1e+
1e+
1.2.3
1ee2
+
--2
1.2.3
1e
1ee2
1e-
abc
1.2.3
1e-
e10
abc
-
1e-
abc
1e
0e
1ee2
abc
000.e
000.e
+
1e
0e
--2
1.2.3
0e
e10
0e
++1
e10
000.e
-
0e
1e+
1.2.3
++1
1.2.3
abc
e10
1e
0e
-
.
.
-
++1
1e
1e
.
++1
1e
+
1e+
1ee2
--2
0e
1e-
1e-
1e+
1.2.3
000.e
e10
0e
+
1e-
1e
1e+
0e
--2
1e
.
.
000.e
000.e
.
+
1e-
1e
1ee2
1ee2
1e
000.e
1.2.3
-
1.2.3
+
1ee2
.
+
1ee2
.
.
--2
1e-
0e
abc
1e+
000.e
1ee2
++1
1e
0e
1ee2
-
1e+
++1
000.e
.
000.e
++1
1.2.3
.
1e
-
1e
1.2.3
-
1e
.
0e
abc
--2
e10
e10
abc
.
abc
1e+
1.2.3
abc
1ee2
1e-
1e+
+
1e
000.e
1.2.3
++1
1e
1e-
+
-
--2
++1
+
1.2.3
e10
-
--2
abc
1e+
1e-
1ee2
--2
+
1ee2
000.e
--2
1.2.3
1e-
e10
1e-
e10
1.2.3
+
000.e
abc
000.e
--2
++1
0e
abc
+
--2
-
--2
++1
1ee2
+
1e+
-
e10
1e
000.e
1e-
abc
e10
000.e
e10
abc
++1
abc
-
e10
--2
abc
++1
1e-
e10
1.2.3
1e-
++1
.
1.2.3
++1
1.2.3
1e+
000.e
0e
abc
1e-
1e
000.e
1.2.3
.
0e
1e+
1ee2
0e
.
1ee2
e10
1ee2
1.2.3
-
e10
1e-
--2
1e
000.e
0e
++1
1e
-
1.2.3
--2
.
abc
1e+
1ee2
-
--2
++1
1e+
.
1ee2
-
1ee2
++1
e10
1e
1ee2
+
0e
++1
1e-
1ee2
1ee2
1e+
abc
--2
+
.
1.2.3
1e
1.2.3
-
1.2.3
1e-
000.e
0e
1ee2
abc
e10
1e+
1e+
1.2.3
1e+
abc
1ee2
1ee2
e10
1e
e10
+
0e
1ee2
-
abc
-
abc
1ee2
000.e
e10
abc
1e+
1.2.3
++1
000.e
abc
1e
1.2.3
++1
000.e
1.2.3
-
-
abc
1ee2
1.2.3
1e-
e10
1ee2
--2
.
.
1ee2
--2
1ee2
.
--2
++1
000.e
+
1e+
1e+
0e
e10
1ee2
-
--2
1e+
-
000.e
1e
.
1e
1e+
1e-
1ee2
1ee2
e10
0e
e10
e10
1e
1e+
000.e
.
.
e10
1.2.3
+
1e
1e-
0e
1e-
0e
0e
1e+
1e+
1e+
e10
e10
1.2.3
e10
--2
+
1e
0e
e10
1.2.3
1e+
1ee2
1ee2
0e
--2
e10
1e-
++1
--2
e10
abc
1e-
abc
.
+
--2
1.2.3
1ee2
--2
1.2.3
1.2.3
abc
1.2.3
++1
.
-
1ee2
1.2.3
1e-
000.e
1e
-
0e
1e+
+
-
abc
0e
1e
.
1e+
1e+
1e+
-
1e-
1e
1.2.3
1.2.3
+
1e-
-
1e+
0e
++1
1.2.3
1.2.3
e10
1e-
1e-
+
1e-
e10
000.e
abc
.
-
000.e
e10
1e+
+
0e
1e
+
1ee2
1e-
1e-
abc
+
1e
abc
1e-
e10
1.2.3
0e
++1
+
1e
+
.
1ee2
0e
e10
1e
-
++1
1.2.3
abc
--2
000.e
0e
-
0e
1e-
abc
e10
1e-
1e+
0e
1e-
.
1e+
0e
.
1e
000.e
1ee2
1.2.3
1e-
+
e10
-
+
0e
.
e10
1e
1e-
1ee2
1ee2
0e
1e-
--2
0e
abc
++1
--2
-
1ee2
-
++1
.
1e+
1e+
1ee2
--2
-
+
+
--2
abc
1e
1.2.3
1ee2
+
-
000.e
e10
1ee2
1e
.
1.2.3
.
--2
0e
e10
1e+
+
0e
1e+
1.2.3
000.e
e10
--2
1.2.3
1.2.3
--2
+
++1
e10
abc
++1
1.2.3
1ee2
abc
abc
--2
e10
--2
000.e
e10
.
0e
-
0e
1e
abc
e10
++1
.
--2
0e
+
--2
1e
000.e
++1
0e
++1
e10
.
1.2.3
e10
1ee2
000.e
000.e
1e+
e10
000.e
+
++1
0e
e10
1e+
000.e
000.e
1e-
-
000.e
1e+
1ee2
abc
.
abc
0e
000.e
1e
1e+
1e
+
000.e
e10
1e-
+
e10
--2
1e+
1e-
abc
+
1e+
+
--2
abc
--2
1e
1e-
++1
++1
-
.
--2
e10
.
0e
0e
1ee2
1e
000.e
abc
1e-
1.2.3
++1
.
1e+
000.e
1ee2
++1
1ee2
000.e
--2
1.2.3
-
1ee2
1e
-
0e
.
1e+
++1
1e-
.
000.e
1e-
1e+
abc
abc
1e-
1e+
1e-
1e+
--2
+
1e+
1e+
1ee2
e10
1ee2
1e+
.
abc
1e+
-
1e-
000.e
1e
0e
1.2.3
1e-
1.2.3
--2
0e
000.e
-
abc
--2
1.2.3
1ee2
.
1e-
1.2.3
000.e
1e+
1e-
1e-
abc
1e-
abc
000.e
+
abc
e10
1ee2
1e+
0e
000.e
-
-
+
1.2.3
0e
1.2.3
1e-
+
++1
1e+
abc
1e+
++1
abc
++1
abc
1e-
abc
--2
++1
1e-
.
000.e
000.e
0e
1e
1ee2
+
abc
--2
1ee2
0e
e10
1e-
1e
.
+
-
--2
000.e
abc
1ee2
++1
1e+
0e
1.2.3
-
-
1e-
1e+
1e+
--2
abc
000.e
.
1e
1e+
--2
++1
.
000.e
000.e
1e-
1ee2
++1
1ee2
0e
+
++1
++1
1ee2
abc
++1
0e
--2
+
1e+
--2
--2
+
abc
abc
e10
e10
1e
000.e
++1
1e
1ee2
1e-
1e-
--2
000.e
abc
1ee2
e10
1e
0e
000.e
++1
000.e
1e
e10
++1
++1
1e+
.
1ee2
+
e10
.
1e
1e
0e
--2
abc
1e
1e
e10
-
e10
.
abc
000.e
1.2.3
1ee2
abc
--2
0e
000.e
0e
--2
0e
abc
1e
1e-
-
++1
1ee2
-
-
abc
e10
1.2.3
++1
1e
+
abc
1e
1ee2
e10
1e-
000.e
1ee2
1e-
1ee2
++1
1.2.3
1e
1e-
e10
abc
000.e
1e+
1.2.3
++1
+
e10
1ee2
1.2.3
++1
1e+
-
1ee2
1e+
1e
e10
1e
--2
.
e10
+
1ee2
--2
.
000.e
1ee2
.
1e+
1ee2
+
0e
abc
+
1ee2
1.2.3
1e+
.
++1
abc
1.2.3
--2
++1
000.e
0e
abc
abc
+
1ee2
1ee2
.
1e
--2
1.2.3
1e+
1ee2
1e+
e10
1e-
.
1e
--2
1ee2
1.2.3
1e+
0e
0e
-
000.e
1e+
000.e
1e-
1e
--2
0e
.
1e-
1e+
++1
e10
1e-
abc
1ee2
--2
0e
000.e
1e+
+
--2
1.2.3
1e
++1
1e+
e10
e10
000.e
-
000.e
000.e
--2
e10
1e+
000.e
0e
++1
+
--2
++1
000.e
.
1e-
++1
.
1ee2
-
1.2.3
1ee2
-
abc
e10
e10
1ee2
++1
1e+
e10
-
-
.
1e
0e
1e-
1e+
1e
1e
1ee2
1.2.3
abc
+
0e
-
--2
0e
1.2.3
1ee2
e10
abc
++1
1.2.3
+
1ee2
--2
000.e
1ee2
.
1e+
abc
000.e
0e
abc
.
1.2.3
abc
1.2.3
1.2.3
e10
1e+
1e-
++1
++1
++1
--2
1e-
000.e
.
1e
1.2.3
1e
1.2.3
1e+
000.e
1ee2
--2
1ee2
--2
1ee2
abc
1e+
.
0e
--2
e10
+
1e+
1e
000.e
e10
abc
1.2.3
0e
e10
0e
++1
1e+
1e-
-
1e
1.2.3
1ee2
0e
1ee2
000.e
-
abc
e10
0e
-
++1
-
-
1e+
-
0e
1.2.3
e10
+
-
0e
1e-
000.e
abc
--2
1e+
e10
.
1.2.3
1e-
0e
.
1.2.3
1ee2
+
-
.
++1
++1
abc
1e
000.e
1e+
++1
++1
1ee2
.
e10
-
e10
1ee2
--2
e10
1.2.3
+
000.e
0e
++1
1e+
1e
1ee2
1e+
-
e10
+
+
1e
+
1ee2
--2
+
+
1e+
1e
1e+
+
000.e
1e+
--2
1ee2
1e+
1e+
1.2.3
000.e
abc
000.e
--2
1.2.3
1e+
-
1ee2
1.2.3
--2
e10
1e
0e
1.2.3
1e
1ee2
--2
e10
+
0e
+
e10
++1
-
1e+
e10
1e-
-
--2
0e
++1
1e
.
1ee2
1ee2
abc
0e
--2
abc
1e-
000.e
1e
.
+
-
e10
+
++1
1.2.3
000.e
++1
1.2.3
000.e
000.e
1e
++1
e10
0e
-
.
+
abc
--2
1ee2
1.2.3
-
1ee2
000.e
0e
.
++1
1e+
1e-
0e
1.2.3
.
0e
1e-
1e-
e10
.
.
1e
1e+
+
1e+
++1
1e
++1
--2
1ee2
--2
000.e
--2
.
1e-
1.2.3
++1
e10
abc
1e-
000.e
1.2.3
abc
000.e
+
+
1e+
1e
e10
1ee2
0e
1.2.3
+
0e
1e
--2
--2
000.e
.
+
1.2.3
000.e
1e+
e10
-
1e
--2
1e+
abc
++1
1ee2
1.2.3
abc
1e+
1e-
000.e
+
1ee2
1e-
abc
--2
1e-
1e-
-
1ee2
1e+
-
.
1e
1.2.3
abc
-
e10
1e-
abc
-
.
++1
-
e10
-
abc
.
000.e
-
1e+
1.2.3
--2
1e-
.
--2
0e
--2
1e+
1.2.3
1e+
0e
1ee2
.
.
abc
+
0e
+
abc
.
abc
.
1e+
000.e
1.2.3
--2
1e
0e
+
1e
0e
1ee2
1e+
e10
1ee2
000.e
e10
abc
.
e10
e10
+
++1
000.e
--2
1e-
--2
1e
e10
.
+
abc
--2
e10
000.e
e10
++1
.
1.2.3
e10
1e-
1e+
+
1e+
-
1ee2
--2
000.e
1e+
--2
1.2.3
0e
.
abc
--2
0e
1e
-
abc
++1
1.2.3
.
1e-
.
1e
0e
1e
1.2.3
1e
++1
.
+
0e
++1
000.e
.
1.2.3
.
abc
.
+
--2
++1
e10
abc
1e-
1ee2
abc
000.e
+
1e+
1e+
++1
.
000.e
1e
000.e
-
--2
000.e
1ee2
abc
1.2.3
--2
+
.
1e-
1e-
++1
1e
1ee2
-
--2
+
-
1e-
e10
1e-
1.2.3
000.e
0e
++1
1ee2
abc
--2
1.2.3
-
0e
1e-
1e+
1ee2
++1
.
.
abc
+
1e-
1e+
--2
1e
1e
1.2.3
e10
1.2.3
e10
++1
1ee2
1e+
0e
+
++1
e10
1e+
--2
0e
abc
e10
000.e
1.2.3
1e
1e+
1ee2
1e
1e-
1e+
.
0e
1ee2
1e-
1ee2
000.e
-
000.e
1e
1e-
-
e10
.
1e+
e10
1e+
1e
++1
1ee2
1e
0e
1e+
++1
000.e
+
1.2.3
1e
000.e
e10
000.e
.
000.e
abc
--2
abc
1.2.3
-
--2
000.e
++1
000.e
1e+
0e
1ee2
-
+
abc
++1
++1
-
.
+
.
++1
-
-
1e-
1.2.3
1ee2
0e
abc
abc
0e
1.2.3
1.2.3
1ee2
000.e
1e
.
++1
1e+
--2
1e
e10
--2
0e
abc
+
1e-
000.e
-
++1
abc
+
abc
1.2.3
.
1.2.3
000.e
1ee2
000.e
e10
abc
1e
abc
.
++1
1.2.3
1e-
0e
++1
1e
1e-
000.e
1ee2
.
1.2.3
--2
--2
1e-
1ee2
000.e
++1
abc
++1
1ee2
1ee2
+
0e
+
.
abc
.
1e+
000.e
1ee2
.
.
+
++1
--2
++1
1.2.3
0e
e10
.
e10
1e
e10
1e-
1.2.3
--2
e10
000.e
1ee2
000.e
-
1e
1ee2
++1
0e
+
+
++1
1e+
.
-
1e+
+
1.2.3
1.2.3
--2
.
1ee2
1e
++1
++1
000.e
.
1e+
--2
++1
000.e
abc
1e-
1e+
abc
.
1e+
abc
.
1e-
0e
++1
1e-
--2
--2
-
1.2.3
-
1ee2
+
e10
.
-
e10
1e
+
1.2.3
1e
--2
--2
000.e
1.2.3
1e+
1.2.3
1e
000.e
0e
000.e
1e
1e
0e
--2
000.e
.
abc
0e
0e
1e
1.2.3
1.2.3
abc
e10
--2
++1
1e
.
000.e
--2
+
1.2.3
e10
e10
000.e
e10
1e-
e10
-
1e-
1ee2
e10
-
1.2.3
1.2.3
000.e
1e
1e+
000.e
+
1ee2
+
1e
0e
1e+
.
1e
++1
1e-
1.2.3
++1
-
++1
e10
1.2.3
abc
e10
.
e10
1e
abc
0e
1ee2
++1
1.2.3
--2
e10
1.2.3
0e
e10
1e+
1ee2
abc
abc
abc
.
abc
1e-
0e
0e
0e
1e
1.2.3
+
1e+
000.e
abc
+
abc
1e+
--2
+
1e+
1e-
e10
+
000.e
1.2.3
1e+
.
1e+
1ee2
1.2.3
1.2.3
abc
1e
0e
000.e
0e
++1
1e-
1ee2
1e+
-
e10
abc
-
1e+
1e+
--2
1e-
e10
+
000.e
1ee2
--2
abc
e10
-
-
1.2.3
1e-
1e
1e-
1e+
1e
+
1e
++1
1e+
1e
000.e
1ee2
1e-
1e-
--2
++1
1e+
-
.
.
--2
.
0e
+
1e+
--2
abc
++1
1e-
1e-
0e
abc
1e-
1ee2
abc
000.e
000.e
1e+
-
++1
1e+
e10
1.2.3
e10
-
++1
0e
1.2.3
1ee2
.
++1
1e-
abc
1.2.3
1ee2
0e
.
++1
000.e
1e-
1e+
e10
1e
--2
000.e
1ee2
++1
1.2.3
.
+
+
000.e
abc
--2
e10
1e+
1e
++1
+
-
--2
1.2.3
abc
+
-
1e
++1
1.2.3
e10
1e+
0e
1e+
--2
1e
.
000.e
1.2.3
000.e
1.2.3
++1
--2
1e-
-
+
000.e
1e
1.2.3
1e-
1e
0e
0e
1e
--2
abc
e10
+
1e
e10
--2
0e
1.2.3
--2
000.e
000.e
1e
.
--2
1ee2
abc
000.e
1ee2
-
.
+
1ee2
abc
1e
1e
abc
abc
--2
1ee2
+
e10
--2
-
.
+
1ee2
0e
.
.
-
-
000.e
0e
1e+
e10
abc
1e-
1ee2
1e
++1
+
1e+
++1
1e-
-
+
++1
1ee2
1e+
1ee2
1e-
1e-
1.2.3
.
-
e10
1.2.3
1ee2
--2
1e-
0e
++1
abc
abc
-
++1
++1
e10
000.e
1e-
1ee2
.
+
-
--2
e10
1e+
000.e
0e
1ee2
abc
abc
--2
+
0e
1.2.3
++1
++1
++1
-
abc
e10
+
1ee2
.
1e
1.2.3
--2
e10
e10
++1
1e-
++1
--2
e10
1ee2
++1
1e
1e
1e
+
000.e
-
--2
++1
000.e
000.e
1ee2
abc
--2
abc
.
-
e10
--2
--2
--2
.
.
1e-
.
++1
000.e
1e+
1e
-
-
++1
1e-
1e
1e-
1e+
e10
1e
.
--2
1ee2
000.e
+
++1
1ee2
1e-
000.e
++1
--2
1ee2
+
000.e
--2
1e+
--2
1ee2
--2
+
e10
1e+
++1
1.2.3
000.e
e10
1ee2
-
--2
++1
1.2.3
.
e10
.
1.2.3
1.2.3
e10
e10
1e+
abc
e10
1e+
0e
--2
1.2.3
e10
++1
1.2.3
1e+
e10
0e
++1
abc
+
1e
++1
1e-
0e
+
1.2.3
1.2.3
1ee2
--2
e10
1.2.3
abc
+
--2
1ee2
1e-
-
e10
000.e
1e+
1ee2
.
abc
-
1.2.3
--2
1e
1ee2
1e+
abc
-
000.e
--2
++1
-
.
000.e
0e
1e+
1.2.3
1e-
1.2.3
abc
-
1e-
1e-
1e
0e
1e+
++1
--2
1e-
000.e
1.2.3
-
000.e
++1
+
abc
e10
abc
1.2.3
--2
+
1ee2
000.e
.
+
+
1ee2
--2
.
++1
.
0e
--2
--2
abc
1ee2
++1
1.2.3
1e-
abc
1e
000.e
e10
.
000.e
e10
1.2.3
1ee2
++1
abc
1ee2
abc
000.e
000.e
.
1e-
1.2.3
abc
--2
-
--2
-
e10
1.2.3
e10
e10
1ee2
0e
0e
1e+
0e
1ee2
1e+
--2
1.2.3
1.2.3
+
.
1e
abc
.
1.2.3
1ee2
--2
0e
1e
.
1e+
1ee2
+
1.2.3
-
.
1ee2
e10
000.e
1ee2
1e+
1e+
+
1e+
abc
abc
1e
0e
abc
000.e
-
abc
1e+
000.e
.
e10
--2
e10
.
0e
000.e
+
e10
1ee2
1.2.3
000.e
-
++1
.
1ee2
--2
-
+
e10
1e
abc
000.e
1.2.3
0e
0e
++1
1.2.3
abc
-
abc
e10
e10
-
1e
000.e
abc
000.e
e10
-
.
0e
++1
--2
+
000.e
+
0e
1ee2
e10
1ee2
-
e10
1e
-
1e-
.
0e
1e+
abc
abc
000.e
1e+
1e
.
0e
.
++1
000.e
++1
++1
1ee2
+
.
--2
-
-
1ee2
1e-
1e+
--2
e10
+
+
+
1ee2
0e
1e+
abc
-
-
1e+
+
1e-
1e+
--2
abc
0e
.
1.2.3
1ee2
+
1.2.3
1e+
+
e10
-
-
++1
0e
--2
1e-
1e+
1e
.
0e
1ee2
1e+
--2
.
+
1e+
1e-
0e
-
1e
000.e
e10
-
1e+
+
1e
1e+
000.e
1e+
abc
0e
+
1e-
++1
-
000.e
1e
1e
e10
1ee2
-
1e-
000.e
.
0e
e10
1e+
-
000.e
0e
1e-
1e
1ee2
abc
1e+
1ee2
.
000.e
+
1.2.3
1e+
.
1.2.3
1.2.3
abc
1e+
abc
e10
+
0e
1e
e10
1e-
e10
-
0e
1e-
.
abc
1e
abc
1e-
1e+
0e
000.e
e10
abc
000.e
1e+
1e-
e10
1e
.
1e+
1e-
e10
000.e
1e-
1e
--2
abc
1e+
1e-
1e+
-
-
1.2.3
.
1ee2
1e-
1e+
1e+
0e
++1
1ee2
+
000.e
-
+
000.e
1e+
0e
0e
++1
.
1e-
1e-
++1
1ee2
++1
--2
abc
1.2.3
++1
+
.
e10
+
e10
++1
1e+
e10
abc
0e
1ee2
1e-
-
1e
.
++1
1e-
0e
1.2.3
abc
1e+
.
000.e
.
1.2.3
0e
+
0e
1e-
1.2.3
1.2.3
-
1e+
0e
+
+
1e+
--2
1e+
+
.
000.e
1e+
1.2.3
1.2.3
--2
.
1e-
e10
abc
.
1.2.3
abc
1e
e10
000.e
1.2.3
-
-
000.e
1.2.3
+
e10
1e
--2
+
++1
1e+
1ee2
1e
000.e
1e
e10
1ee2
000.e
e10
1e
++1
1ee2
0e
0e
e10
+
1e
.
-
0e
000.e
1e
abc
1e
1ee2
++1
++1
--2
1e+
0e
1e+
1.2.3
1e+
1e+
1e+
e10
++1
-
1.2.3
000.e
1e
0e
1e-
000.e
1e+
1ee2
0e
0e
1e-
1e
-
1ee2
000.e
.
1ee2
++1
e10
+
e10
.
++1
-
1e+
e10
1.2.3
abc
0e
1e+
000.e
++1
+
.
--2
.
++1
abc
0e
1e
++1
abc
++1
000.e
-
1.2.3
.
1e
e10
1.2.3
-
-
0e
1e
e10
1e-
0e
--2
1e-
0e
1ee2
0e
1ee2
0e
1e-
1e-
abc
+
1e
1.2.3
.
e10
.
1.2.3
++1
+
0e
1.2.3
1e-
.
1.2.3
1ee2
abc
.
0e
-
+
1ee2
1ee2
1e-
1e
--2
e10
++1
0e
++1
1ee2
0e
1.2.3
e10
0e
1e
1.2.3
1e
1ee2
++1
1e-
0e
--2
1ee2
--2
0e
e10
1e
1e-
e10
e10
.
1.2.3
1.2.3
--2
e10
--2
1.2.3
e10
++1
1.2.3
1e+
1e-
000.e
0e
1e
1e
1e-
1e-
.
++1
1.2.3
++1
++1
0e
0e
--2
000.e
e10
++1
+
-
000.e
abc
1e-
1.2.3
0e
1e+
1e-
-
-
.
1e-
1e
1ee2
000.e
-
abc
1e-
1e+
1ee2
e10
1e
+
1ee2
--2
1ee2
e10
0e
abc
0e
1.2.3
0e
1e+
0e
--2
1e
1.2.3
abc
0e
000.e
-
0e
1e
--2
abc
+
0e
1ee2
--2
1e+
1.2.3
+
000.e
1.2.3
e10
abc
1e
++1
--2
1ee2
1e-
0e
1ee2
--2
1e+
-
1e
000.e
e10
e10
1ee2
.
e10
1e+
0e
+
.
.
+
1.2.3
1e+
++1
1ee2
abc
1ee2
+
000.e
000.e
.
1e-
e10
1.2.3
1ee2
+
1ee2
1e-
1.2.3
000.e
1e
.
1ee2
abc
1ee2
.
0e
1e+
--2
abc
1ee2
1e
1.2.3
000.e
-
1ee2
1.2.3
++1
.
1e+
1e-
1e
1e-
1ee2
1.2.3
1e-
.
1e-
++1
+
000.e
--2
000.e
0e
abc
0e
e10
abc
++1
1e
1.2.3
1e-
.
1ee2
+
--2
--2
1e-
-
0e
1ee2
1ee2
0e
abc
000.e
.
++1
abc
.
1e
1.2.3
--2
1e-
1ee2
1.2.3
1e
1e+
000.e
1e-
.
000.e
1e+
++1
000.e
000.e
+
000.e
.
abc
000.e
000.e
1e-
1e+
++1
1e+
000.e
000.e
+
+
000.e
1.2.3
1ee2
+
1e+
1e+
abc
e10
1e
--2
1ee2
e10
e10
.
abc
1e+
+
0e
+
e10
1e
abc
000.e
000.e
.
--2
abc
--2
abc
--2
-
.
1ee2
abc
0e
--2
e10
.
1e-
++1
e10
++1
.
+
000.e
000.e
0e
++1
.
-
000.e
+
1.2.3
-
e10
1e-
--2
++1
1e
.
1e-
0e
1.2.3
1ee2
abc
1e
1e
++1
--2
.
0e
--2
+
e10
.
1.2.3
1.2.3
1e-
000.e
0e
1e+
-
1e+
abc
+
+
+
--2
.
abc
1e-
1e
1e
++1
0e
abc
1.2.3
abc
--2
1.2.3
000.e
++1
1e-
e10
1ee2
+
1e-
1ee2
e10
e10
000.e
1e+
1.2.3
1e-
1e+
1.2.3
-
0e
1ee2
000.e
0e
1e+
1ee2
1e+
1e
e10
1e-
000.e
+
1.2.3
1ee2
.
000.e
1e
0e
1ee2
--2
abc
--2
+
1e+
e10
1e+
e10
++1
+
000.e
.
.
e10
-
1e+
.
+
++1
1ee2
--2
++1
1ee2
1ee2
1ee2
1e-
+
.
-
-
-
.
1e+
1e+
1ee2
+
e10
000.e
1e
--2
--2
1ee2
.
1e-
1e-
+
+
1e
1e
++1
1e-
.
1.2.3
--2
1e+
--2
1e
e10
1e+
000.e
1e+
1e-
--2
1e+
e10
--2
abc
.
-
000.e
1e
1e-
.
.
+
000.e
1e-
1e
++1
1e
++1
e10
abc
0e
++1
e10
000.e
abc
abc
++1
++1
.
000.e
1e+
0e
abc
-
--2
abc
1ee2
1e-
e10
0e
+
000.e
.
1e+
--2
1e
1e-
+
0e
--2
+
0e
1e-
1ee2
--2
1.2.3
+
0e
.
+
1.2.3
1e
+
000.e
1.2.3
abc
1e
.
1ee2
1.2.3
1e-
1ee2
e10
abc
1e+
1e
--2
1.2.3
-
000.e
++1
++1
+
1e-
+
1e+
+
--2
1ee2
++1
.
abc
+
--2
abc
--2
0e
0e
1e+
000.e
abc
-
e10
--2
+
000.e
--2
abc
.
++1
1ee2
+
1e-
+
-
+
1e-
abc
++1
+
1e-
++1
0e
1ee2
0e
e10
1e-
1e+
1.2.3
++1
-
-
1.2.3
1ee2
1.2.3
e10
abc
0e
1.2.3
000.e
++1
1e-
++1
1e-
0e
1.2.3
1.2.3
++1
++1
1e-
000.e
1e+
e10
+
1ee2
e10
0e
+
++1
-
++1
--2
abc
-
1e
1ee2
1ee2
-
1e-
1e-
1e-
e10
abc
++1
1e+
-
1e+
1e-
.
1e-
abc
1e-
++1
abc
.
--2
1ee2
1e-
1e
abc
++1
--2
1e+
1e-
0e
+
1.2.3
++1
0e
1e-
abc
e10
1.2.3
1ee2
1e
-
++1
--2
000.e
1.2.3
0e
0e
000.e
1e
1ee2
.
.
--2
abc
+
1e-
abc
000.e
.
--2
1e+
-
1ee2
1e+
1e
.
.
0e
1e-
1e
1ee2
abc
0e
1e+
1e
1e-
1e+
+
1e+
+
++1
--2
+
1e
-
0e
1e
-
1ee2
1.2.3
0e
1e+
abc
e10
1e
.
abc
-
1.2.3
+
-
1e+
+
--2
-
0e
--2
abc
-
0e
.
1e
e10
0e
1e
1e
+
.
000.e
+
1ee2
1.2.3
--2
1e+
000.e
0e
++1
0e
1e
--2
--2
000.e
000.e
1.2.3
0e
1e+
0e
1e-
000.e
1.2.3
e10
1e+
1e
1.2.3
e10
000.e
000.e
-
1e+
++1
0e
1e+
1e
++1
1e
1.2.3
1.2.3
000.e
1e+
--2
1.2.3
1e-
++1
--2
-
1e
1e
1e-
++1
.
abc
++1
e10
1e-
1e
1ee2
--2
e10
++1
+
--2
000.e
000.e
++1
1e-
--2
-
1ee2
1.2.3
1e+
++1
1ee2
1e
1e
--2
1e+
+
+
0e
+
1e-
-
--2
1e+
1ee2
abc
++1
0e
+
1ee2
++1
e10
abc
1ee2
-
1e
1e
e10
--2
1.2.3
abc
e10
1.2.3
1e-
-
1e
000.e
.
1e
1e
.
-
1ee2
.
1.2.3
1e-
0e
-
.
1e+
1e+
1ee2
1e+
0e
1e-
+
++1
1e+
+
e10
.
abc
+
1.2.3
000.e
++1
abc
+
1.2.3
+
1e-
-
1.2.3
1e
+
1.2.3
0e
1ee2
.
-
000.e
1e
abc
--2
1ee2
++1
++1
.
000.e
-
e10
0e
--2
000.e
+
1e
.
0e
abc
1e
1ee2
000.e
+
000.e
0e
1e
++1
+
e10
000.e
++1
abc
1ee2
-
e10
1e+
1e-
1ee2
1e-
000.e
e10
1.2.3
-
+
1e-
++1
abc
1.2.3
e10
0e
000.e
-
-
1e
1ee2
1ee2
0e
1.2.3
1e
--2
+
+
-
1e-
--2
1e
1e
1e-
+
0e
--2
.
0e
.
1.2.3
0e
1.2.3
e10
1e
abc
1ee2
1e-
e10
000.e
.
0e
000.e
000.e
-
.
-
1e+
-
1e
--2
--2
e10
000.e
--2
--2
+
-
e10
.
1ee2
-
--2
1e-
1e+
.
--2
abc
1e+
abc
0e
1e-
++1
1ee2
1e-
-
e10
abc
1e-
1e-
1e
-
-
1e+
-
--2
.
-
.
1e
1e+
000.e
1e-
abc
000.e
++1
1e
1e
1e
.
1.2.3
+
e10
.
--2
-
--2
1e
1ee2
++1
1.2.3
0e
+
0e
1.2.3
1ee2
--2
1e+
++1
-
1ee2
1e-
1ee2
1ee2
++1
+
1e+
+
.
abc
abc
1e+
1e+
000.e
e10
abc
1e-
++1
abc
000.e
1.2.3
000.e
++1
+
000.e
-
--2
e10
1e
-
-
-
.
1ee2
.
1ee2
--2
e10
000.e
abc
.
000.e
1.2.3
.
1e-
abc
abc
abc
++1
-
1e+
1.2.3
1e-
1.2.3
-
e10
1ee2
.
000.e
-
abc
1e+
e10
1e
e10
abc
++1
++1
000.e
1e+
e10
000.e
0e
000.e
++1
000.e
-
1.2.3
.
1ee2
1e-
--2
e10
1e-
1ee2
000.e
++1
++1
1e-
+
e10
1e-
1ee2
+
1ee2
1ee2
000.e
1e+
1e-
1e+
--2
+
1e
-
abc
0e
--2
.
++1
-
++1
--2
0e
1e
1ee2
000.e
--2
1e-
1e+
--2
e10
000.e
1e+
--2
abc
1ee2
.
0e
e10
1e-
++1
-
1ee2
1.2.3
+
-
-
+
+
1ee2
--2
1e-
+
e10
-
abc
1e-
1ee2
1.2.3
000.e
--2
1e-
e10
1.2.3
-
000.e
.
.
1.2.3
1.2.3
1e-
1e
-
1ee2
--2
++1
+
1e
.
--2
1e
0e
++1
1ee2
1.2.3
--2
-
e10
e10
-
1e-
1e
1.2.3
abc
0e
0e
1.2.3
1e+
.
--2
0e
.
-
1ee2
1e+
--2
1e
1e-
1e
1e
-
1e+
--2
0e
1e+
-
000.e
++1
--2
000.e
++1
000.e
-
-
++1
-
.
1e-
++1
1e+
1e+
1e
--2
+
1.2.3
1.2.3
-
1.2.3
1e+
1ee2
e10
+
++1
--2
1.2.3
1e-
++1
--2
000.e
1e
1e-
e10
e10
e10
1e
1ee2
000.e
1e+
1ee2
++1
1.2.3
abc
++1
abc
abc
abc
0e
++1
1ee2
1.2.3
++1
0e
1.2.3
--2
abc
-
1e
1.2.3
--2
abc
abc
.
++1
1e
0e
1e-
1e
--2
1e+
--2
e10
.
1.2.3
1e
1ee2
-
1ee2
1e
--2
abc
-
1ee2
e10
1.2.3
1ee2
1ee2
1e
-
e10
--2
1e
+
1ee2
000.e
+
abc
.
-
++1
e10
++1
000.e
++1
+
1e-
abc
1e+
000.e
-
e10
1e+
1ee2
e10
-
--2
1e
1e+
1.2.3
1e-
.
+
++1
e10
.
.
.
1ee2
1e-
0e
1.2.3
1ee2
1ee2
e10
-
1e-
abc
1e+
1e
.
++1
1e-
--2
0e
.
1ee2
-
0e
--2
+
+
000.e
1e
++1
+
0e
1e
+
abc
+
1.2.3
++1
1.2.3
++1
1e+
++1
1e-
000.e
1e-
1e
1e-
+
.
-
1.2.3
0e
abc
1.2.3
+
.
.
1e
1e+
1.2.3
--2
abc
abc
e10
1e-
-
e10
++1
1e-
0e
1ee2
1e-
abc
abc
1e
.
1e-
abc
1e+
1e+
+
1e+
1.2.3
++1
.
000.e
abc
1.2.3
-
0e
1ee2
--2
0e
abc
1ee2
1.2.3
e10
abc
000.e
1ee2
--2
1ee2
0e
abc
.
000.e
++1
1ee2
1e+
e10
--2
e10
--2
abc
+
++1
1.2.3
000.e
1e+
++1
.
000.e
1e
1e+
abc
abc
.
1e+
+
--2
000.e
e10
+
1e+
0e
1e+
1ee2
+
--2
1ee2
abc
1e-
--2
-
++1
-
e10
1e-
abc
abc
-
1ee2
1e+
1.2.3
1e-
+
1e+
-
+
1ee2
000.e
+
1ee2
1e+
000.e
1ee2
000.e
+
e10
--2
abc
1e
e10
000.e
++1
1.2.3
1e
.
e10
--2
-
1ee2
+
.
--2
1e
e10
1e+
-
1e
++1
.
++1
0e
000.e
1e-
000.e
--2
0e
1.2.3
0e
.
1e
1.2.3
.
1e-
abc
1.2.3
abc
e10
-
--2
1ee2
000.e
-
abc
--2
.
-
-
1e-
1e
+
+
--2
++1
000.e
000.e
-
1e
1e+
--2
e10
000.e
--2
000.e
+
1ee2
--2
.
1e-
.
e10
1.2.3
1e+
1.2.3
--2
1e-
1.2.3
--2
1e
++1
1e+
--2
1ee2
++1
abc
1.2.3
1ee2
e10
+
1e+
--2
1e
1e
0e
0e
1.2.3
0e
--2
1.2.3
1e+
-
000.e
+
1.2.3
++1
+
-
1e+
.
0e
e10
1e
+
e10
1e-
--2
abc
1e
+
1.2.3
1e+
1e-
+
1e
abc
000.e
--2
1ee2
1.2.3
-
abc
e10
--2
1e
.
++1
++1
+
1e
+
++1
abc
000.e
1ee2
+
1e-
+
abc
+
1e
.
1e
1e-
++1
000.e
+
1e-
1e+
1e+
0e
0e
++1
--2
++1
+
.
1.2.3
-
1e
1e+
--2
--2
-
1.2.3
000.e
abc
.
1.2.3
1e
1e
e10
e10
1e
e10
-
e10
1e-
+
+
+
1e
1e+
--2
1ee2
1.2.3
e10
000.e
e10
++1
1ee2
1e
--2
--2
1ee2
.
.
-
1.2.3
1.2.3
--2
--2
.
1ee2
000.e
--2
-
000.e
-
0e
e10
0e
0e
000.e
++1
-
++1
-
--2
1.2.3
1e+
1e
1.2.3
e10
0e
0e
1e+
1e
1e-
1e-
.
1e+
1e-
e10
e10
0e
++1
1.2.3
abc
1e-
1ee2
1.2.3
-
+
1ee2
-
000.e
-
e10
1e-
000.e
1e-
e10
1e+
-
e10
e10
1e
1e
++1
000.e
0e
1e+
0e
e10
1e+
1e+
1ee2
.
1e-
e10
1ee2
abc
--2
-
000.e
-
000.e
000.e
-
++1
1e-
-
++1
000.e
1ee2
.
1ee2
abc
0e
1e
.
abc
abc
000.e
1e+
1e-
+
+
1.2.3
1e-
.
1e-
000.e
1.2.3
--2
abc
.
e10
1e
000.e
++1
0e
.
.
1ee2
abc
1e+
1e
+
1ee2
0e
1ee2
1e
000.e
000.e
000.e
1e-
1e
-
1ee2
e10
abc
++1
-
1.2.3
1e-
1e+
+
1ee2
1e+
--2
1e-
.
1e+
abc
--2
++1
1ee2
000.e
1ee2
1e-
1ee2
1e-
1e-
1e-
abc
0e
--2
abc
e10
++1
1ee2
++1
1e-
abc
1e+
.
++1
1.2.3
++1
--2
1ee2
0e
++1
1ee2
1e
abc
1ee2
1e
--2
1ee2
1.2.3
0e
0e
--2
1ee2
1e+
++1
e10
-
1ee2
.
abc
.
0e
000.e
0e
1e
1.2.3
1e+
abc
-
abc
1e
++1
1ee2
abc
abc
1e+
--2
--2
-
1ee2
-
0e
1.2.3
0e
e10
1ee2
e10
000.e
++1
--2
1.2.3
0e
1.2.3
abc
0e
++1
1.2.3
++1
abc
0e
1e
1ee2
1e+
1e
1ee2
1ee2
1ee2
1.2.3
1ee2
1e
+
1e
1e
1e
+
+
1e+
-
1ee2
1e+
1ee2
1e+
++1
++1
++1
++1
1e-
0e
1.2.3
-
.
1ee2
1e
-
-
e10
.
--2
++1
1e+
abc
0e
e10
++1
++1
0e
1e
++1
1e
-
1e+
1.2.3
0e
.
+
++1
.
.
e10
000.e
1e
abc
.
abc
1ee2
1e
-
1e-
1.2.3
-
000.e
1e+
-
++1
++1
-
1e
000.e
+
+
1e
1e-
1.2.3
++1
-
--2
+
abc
--2
1ee2
1e+
--2
000.e
1e
1ee2
1.2.3
e10
000.e
1e+
1ee2
1e-
abc
1.2.3
abc
++1
+
.
000.e
1.2.3
e10
e10
-
++1
1.2.3
1e
-
--2
--2
+
++1
.
++1
1ee2
1e+
0e
1e+
1e
abc
1ee2
-
+
abc
+
-
000.e
++1
1e-
.
+
1e-
.
1ee2
1ee2
abc
1e+
.
--2
.
+
.
+
1e+
1e+
++1
+
++1
1.2.3
abc
+
-
e10
e10
--2
1e
1ee2
++1
1e+
abc
1e
+
000.e
1.2.3
1e
.
.
0e
e10
--2
1e
-
0e
--2
++1
++1
abc
++1
1.2.3
e10
-
--2
e10
1ee2
000.e
1ee2
abc
1e-
++1
1e-
abc
0e
1.2.3
abc
abc
+
e10
.
1e+
1.2.3
1e+
abc
++1
e10
e10
1ee2
abc
1.2.3
1e+
1e-
.
abc
.
++1
000.e
.
e10
-
0e
--2
--2
.
000.e
.
-
e10
--2
.
e10
000.e
1e+
1.2.3
abc
000.e
0e
-
0e
++1
1e-
000.e
--2
+
--2
1.2.3
abc
-
1e
.
000.e
abc
+
-
.
0e
+
-
0e
0e
.
1e-
1e
--2
1ee2
e10
1.2.3
abc
000.e
1e-
e10
-
e10
.
000.e
1ee2
-
-
000.e
1e+
1e-
000.e
1e
++1
abc
+
0e
1e-
0e
-
1.2.3
1ee2
1.2.3
++1
.
1e-
1ee2
1e-
-
-
-
e10
-
1ee2
1ee2
1ee2
++1
1e+
1e+
000.e
e10
--2
1ee2
000.e
e10
1e+
1e+
--2
1e+
.
--2
0e
+
000.e
1ee2
1e+
1ee2
++1
--2
-
abc
000.e
1e
0e
.
1e-
000.e
1e+
1ee2
1e+
e10
--2
1e-
1e+
1e
0e
++1
abc
1e+
++1
-
0e
-
1e-
000.e
.
-
++1
e10
0e
+
--2
1e-
-
0e
abc
+
1e-
0e
-
-
1e-
0e
0e
++1
e10
0e
abc
1.2.3
000.e
+
.
0e
abc
1ee2
1e+
abc
+
000.e
--2
.
1e
000.e
e10
++1
++1
1ee2
1.2.3
.
1.2.3
abc
1e+
000.e
1e-
-
--2
abc
-
-
1ee2
1e-
1e-
--2
000.e
--2
++1
abc
.
1e+
1e+
--2
1e
1e-
-
--2
--2
1.2.3
--2
1e-
1e+
--2
1e-
1e-
000.e
--2
-
abc
--2
0e
0e
-
1e+
1.2.3
-
++1
1e+
1e-
1ee2
++1
.
e10
abc
abc
.
-
1ee2
+
1e-
e10
1ee2
-
--2
1e
000.e
e10
abc
0e
+
1e+
1.2.3
0e
1e-
abc
0e
--2
e10
1e+
--2
++1
abc
--2
-
1e+
1e+
1e-
1e
+
000.e
+
1e-
.
.
1ee2
e10
e10
-
.
++1
+
1ee2
abc
1ee2
1ee2
1e
--2
-
.
0e
1ee2
1.2.3
1e
0e
1e
abc
1ee2
1ee2
abc
1e-
000.e
abc
e10
0e
1e
.
1e-
1e
.
--2
1e-
--2
abc
1e+
1e-
-
000.e
1ee2
--2
+
e10
abc
1e+
0e
-
--2
1e+
e10
0e
e10
1e-
+
.
.
1e+
++1
1e-
--2
++1
1e-
abc
0e
--2
++1
abc
++1
1.2.3
-
1ee2
--2
000.e
1.2.3
e10
--2
1e-
-
--2
+
1e+
abc
000.e
000.e
++1
000.e
1e
0e
abc
1e-
e10
--2
e10
+
1e
0e
++1
.
1e
e10
+
abc
abc
1e-
0e
.
1ee2
abc
.
1e-
--2
1ee2
1ee2
e10
000.e
1e-
abc
000.e
1e-
1e+
1e-
0e
000.e
1e-
+
+
1e+
1ee2
1e
abc
+
1ee2
1ee2
--2
-
e10
1e+
e10
++1
1e-
1e+
-
-
000.e
-
000.e
+
-
1e
++1
1e
e10
1e+
1ee2
.
-
000.e
0e
1.2.3
+
-
1e+
000.e
1e-
0e
000.e
000.e
++1
0e
1.2.3
0e
1e
++1
1e-
.
1ee2
1e+
1.2.3
abc
0e
e10
+
1ee2
0e
1ee2
1.2.3
000.e
1e-
000.e
-
1ee2
abc
e10
+
--2
e10
1ee2
1ee2
++1
1.2.3
++1
1.2.3
1e
e10
1ee2
1e
+
0e
-
1e+
++1
e10
--2
abc
1e
1e+
abc
0e
.
e10
1.2.3
1e
abc
e10
+
++1
abc
0e
000.e
+
0e
1e-
1e+
e10
1e+
--2
1e+
000.e
1e
000.e
.
e10
1.2.3
+
-
1.2.3
1ee2
1ee2
1ee2
0e
-
1e-
1e-
.
--2
1e
0e
1.2.3
1e+
0e
++1
.
1e
1e+
0e
0e
e10
++1
abc
++1
-
++1
1e
e10
e10
e10
1e-
0e
+
e10
1e-
abc
++1
1e+
000.e
e10
++1
0e
.
e10
1e-
--2
e10
1.2.3
.
000.e
000.e
.
+
e10
1e
++1
1.2.3
+
e10
1e+
++1
1ee2
.
+
1e
1e+
1ee2
-
e10
000.e
-
+
.
000.e
++1
1ee2
.
1e+
e10
.
--2
.
1e-
1e
1ee2
000.e
1e-
.
1e+
++1
000.e
.
1e+
++1
1.2.3
.
--2
-
000.e
0e
1e
1e+
e10
1ee2
--2
-
000.e
000.e
-
1ee2
-
1.2.3
1e
.
000.e
1.2.3
0e
--2
abc
--2
++1
-
1ee2
0e
abc
1e-
abc
1e+
-
1e
1e
.
e10
1e+
+
abc
e10
1e
000.e
+
1e
-
abc
1.2.3
000.e
++1
abc
.
1e-
1e-
e10
--2
.
000.e
0e
1.2.3
0e
1ee2
++1
+
1e-
1.2.3
+
0e
++1
1.2.3
--2
000.e
1e-
abc
++1
.
--2
++1
--2
--2
0e
0e
.
1e-
1e-
+
000.e
1e
1e
--2
-
000.e
abc
0e
1e-
0e
1e+
.
abc
1e-
-
1e+
000.e
0e
1e-
1e+
1e-
-
++1
abc
+
+
1.2.3
1e-
1e+
--2
--2
0e
abc
000.e
1e-
--2
abc
abc
1e-
.
1e
--2
e10
++1
--2
++1
e10
--2
e10
1.2.3
--2
1e
--2
abc
abc
1e-
0e
+
e10
0e
1.2.3
--2
1.2.3
--2
++1
abc
1.2.3
0e
0e
1.2.3
--2
-
++1
1e+
--2
--2
abc
-
1e-
++1
1e+
++1
1.2.3
1e
++1
0e
1e-
1e-
abc
-
1.2.3
+
1e-
1e+
000.e
--2
abc
1.2.3
1e
0e
++1
1e+
e10
e10
000.e
.
-
000.e
1e-
1e+
1.2.3
000.e
1e
1ee2
1ee2
0e
000.e
+
000.e
0e
1e
1e-
++1
++1
1e-
e10
+
1e+
++1
++1
.
e10
+
1.2.3
1e-
1e-
1e-
1e
1ee2
--2
--2
000.e
e10
1e+
e10
0e
++1
--2
1e+
abc
++1
e10
e10
1ee2
-
1.2.3
1.2.3
-
1e
000.e
-
1e-
1e
--2
1e
1e-
--2
1e-
.
1e+
e10
abc
1.2.3
--2
000.e
--2
-
1e-
abc
1ee2
1ee2
0e
++1
1ee2
abc
abc
1e-
1ee2
++1
-
1e+
1ee2
++1
++1
1e
+
++1
1e-
abc
1e
1.2.3
000.e
e10
++1
0e
.
++1
1.2.3
e10
1e
1e
+
0e
1.2.3
1e
abc
1ee2
000.e
1e
--2
.
e10
1ee2
+
1ee2
1e-
1e
e10
1e+
-
.
abc
000.e
-
--2
1e
1.2.3
+
1.2.3
1e-
000.e
0e
-
1e+
++1
1.2.3
1e+
+
--2
000.e
-
+
1ee2
0e
abc
1e-
+
1.2.3
++1
--2
++1
--2
1ee2
1.2.3
+
1e-
.
1e+
1ee2
1ee2
.
000.e
--2
000.e
abc
-
-
-
1ee2
0e
1.2.3
000.e
1e
.
-
1e
1e
++1
+
1ee2
+
1e-
abc
1.2.3
-
1.2.3
000.e
+
000.e
1e+
000.e
-
.
++1
--2
.
1ee2
1ee2
0e
1.2.3
-
++1
--2
-
000.e
e10
1e+
+
.
.
--2
+
000.e
1e
-
.
000.e
-
+
.
.
1e+
0e
.
.
.
+
e10
e10
1e-
-
1.2.3
0e
1e+
000.e
1ee2
++1
1ee2
-
1ee2
1e
000.e
--2
1e-
1.2.3
e10
1e
abc
-
--2
1e-
1.2.3
1e+
+
abc
--2
000.e
-
-
1e
1e
1e+
1ee2
1e+
1ee2
-
-
0e
--2
1ee2
abc
+
000.e
+
1e
1ee2
0e
0e
-
++1
--2
-
e10
abc
-
0e
-
1e
+
.
.
1e+
000.e
000.e
--2
.
1e-
1e+
-
1ee2
1e
1e-
++1
--2
1e-
1e+
1.2.3
+
1ee2
--2
0e
1e
++1
++1
1.2.3
1e
1e-
+
++1
1e
000.e
.
abc
000.e
1.2.3
.
abc
1e-
1e+
--2
1ee2
1.2.3
1e+
1e-
000.e
1e-
-
1e+
e10
1e-
000.e
-
000.e
abc
--2
1.2.3
1e+
.
abc
++1
1e
++1
abc
1e+
e10
1e
1e+
1e-
+
1e+
abc
-
++1
abc
++1
000.e
0e
-
1e-
abc
.
e10
--2
1e-
e10
0e
000.e
1e
+
1e
-
--2
1e
+
e10
--2
1e+
.
--2
0e
1e
000.e
000.e
.
e10
1e
--2
1e-
e10
e10
e10
0e
000.e
0e
.
1e
000.e
1ee2
1ee2
1.2.3
1ee2
1e-
-
--2
abc
.
1e
1ee2
abc
1ee2
+
1e
000.e
1e-
1e
1e+
1.2.3
1ee2
0e
1.2.3
--2
000.e
--2
000.e
e10
-
1e+
000.e
e10
++1
1e+
1e+
1.2.3
-
+
--2
++1
++1
e10
--2
0e
1ee2
1e
1e+
1e+
1ee2
abc
+
++1
1e
++1
--2
000.e
e10
1e-
1e+
1e+
1.2.3
-
-
.
0e
000.e
++1
--2
0e
abc
0e
1e-
+
+
--2
abc
1.2.3
1.2.3
--2
+
++1
-
-
--2
1ee2
e10
abc
1e-
0e
e10
abc
1e-
1.2.3
++1
++1
1ee2
000.e
--2
000.e
1e+
1e-
000.e
e10
abc
++1
.
abc
-
1e-
000.e
1ee2
1ee2
1e
1.2.3
++1
1.2.3
000.e
1.2.3
+
abc
--2
--2
1ee2
.
1ee2
1ee2
--2
-
000.e
0e
1.2.3
000.e
0e
--2
000.e
1.2.3
1.2.3
1ee2
1e
000.e
1.2.3
-
1.2.3
1ee2
000.e
1e
--2
1ee2
1e-
-
1e-
abc
1e
abc
e10
e10
000.e
1ee2
1ee2
abc
000.e
--2
1.2.3
++1
1.2.3
abc
abc
1e-
--2
1.2.3
1e+
.
1ee2
0e
abc
e10
000.e
000.e
0e
1e+
--2
1e+
1e-
1.2.3
abc
1e+
abc
.
1e-
.
e10
+
000.e
abc
--2
.
++1
--2
+
--2
1.2.3
1.2.3
1e+
e10
1e
1ee2
.
.
abc
++1
++1
1e-
+
1e+
++1
1e
.
+
1e+
+
0e
1e
.
e10
1.2.3
e10
abc
-
+
1ee2
1e+
1.2.3
abc
++1
e10
+
1.2.3
1e+
1e+
-
000.e
e10
000.e
0e
0e
--2
e10
000.e
--2
++1
1e-
1e
1e+
e10
+
1e+
1e-
++1
.
1e
1ee2
1e+
.
1.2.3
1e
1ee2
++1
1e-
0e
++1
--2
1e-
++1
+
-
1ee2
1e+
1ee2
e10
1e
+
--2
000.e
++1
000.e
-
1e
000.e
1ee2
e10
0e
-
.
1e+
abc
1e
0e
1.2.3
--2
1.2.3
e10
-
+
+
e10
-
000.e
--2
1.2.3
e10
1e-
++1
e10
-
++1
--2
abc
.
0e
-
--2
1.2.3
0e
-
e10
abc
1e+
-
.
1e-
--2
1e
1e+
1.2.3
000.e
++1
0e
1e-
1.2.3
++1
1e-
1.2.3
abc
1e+
-
+
+
.
1ee2
--2
++1
1.2.3
e10
++1
.
.
000.e
--2
++1
++1
1ee2
000.e
1.2.3
-
0e
-
-
1.2.3
++1
e10
1.2.3
abc
--2
1.2.3
.
++1
000.e
1e+
1e-
abc
abc
--2
+
.
1e-
--2
-
--2
e10
++1
000.e
-
abc
000.e
e10
+
1e-
--2
--2
.
0e
1e
1e-
000.e
1ee2
1e
--2
.
1e
1e-
000.e
1.2.3
0e
-
.
1.2.3
1ee2
1ee2
1e
0e
1ee2
e10
--2
000.e
1e
1e
1ee2
1ee2
1e
--2
1e-
+
1e-
e10
++1
0e
1ee2
abc
++1
1ee2
000.e
.
++1
abc
0e
++1
1e-
1.2.3
+
1e+
000.e
000.e
++1
-
e10
1ee2
abc
.
1e
e10
1e+
abc
--2
1ee2
abc
1.2.3
e10
1e-
abc
1.2.3
--2
1e-
1e+
.
000.e
--2
1ee2
e10
1e-
-
+
0e
1e+
+
--2
+
1.2.3
e10
1e-
-
-
.
abc
+
-
+
1e+
.
1e+
1e-
1e
e10
-
--2
e10
1.2.3
abc
1ee2
0e
1.2.3
0e
--2
+
e10
1e
.
1e-
1.2.3
1e-
1.2.3
1e+
++1
abc
e10
1.2.3
1.2.3
++1
e10
1.2.3
.
++1
e10
.
1e
1e+
+
++1
-
++1
1e+
0e
0e
1ee2
1e+
+
--2
-
.
000.e
.
.
1.2.3
1e+
1e
--2
1e+
000.e
e10
1e+
0e
1.2.3
.
1e-
1.2.3
1e+
abc
1.2.3
--2
abc
1e+
--2
1.2.3
1e
--2
+
1e+
--2
.
.
+
1e+
abc
1e+
abc
1.2.3
1e+
.
0e
+
1e
+
1ee2
0e
e10
abc
--2
+
1ee2
1e-
-
--2
-
0e
000.e
1ee2
+
e10
0e
000.e
0e
1e
--2
++1
++1
abc
1.2.3
++1
1ee2
+
+
e10
--2
1ee2
-
1e-
++1
abc
000.e
--2
1e
.
abc
++1
1ee2
000.e
1.2.3
abc
1ee2
0e
1.2.3
--2
1e+
1e
abc
++1
--2
e10
1e
--2
1.2.3
-
1ee2
000.e
-
e10
abc
-
abc
e10
++1
1e-
1ee2
.
0e
1e+
1e
.
1e+
.
1e
--2
000.e
1e+
1ee2
000.e
1e+
-
1e+
1e-
1e-
-
+
000.e
1e+
.
000.e
1e+
1e
e10
e10
0e
++1
+
e10
1e+
++1
++1
0e
1.2.3
1ee2
++1
abc
1ee2
abc
1.2.3
0e
--2
-
++1
e10
000.e
0e
+
1ee2
-
-
1e-
1e+
1e-
1e-
1e
0e
1.2.3
1.2.3
--2
1e+
0e
-
.
0e
--2
0e
++1
--2
+
000.e
-
1ee2
000.e
1e+
000.e
1e-
1e-
0e
0e
++1
1e+
0e
+
e10
-
1e-
--2
1.2.3
-
--2
+
e10
e10
-
++1
++1
000.e
abc
1e-
abc
abc
++1
1.2.3
e10
000.e
1e
--2
1.2.3
0e
--2
abc
-
abc
--2
1.2.3
000.e
abc
1e
+
1e-
0e
-
-
000.e
0e
1e+
1ee2
.
1e+
1e+
000.e
abc
.
1e-
1e
-
1e-
0e
e10
1.2.3
1.2.3
1e+
0e
0e
-
1ee2
-
abc
1.2.3
abc
abc
1e+
1e-
1.2.3
000.e
1ee2
+
--2
0e
e10
1e-
1e
1ee2
--2
1ee2
++1
+
++1
1e+
abc
-
e10
++1
+
abc
+
000.e
-
1e
1e
1e
1e
++1
+
000.e
1.2.3
1e-
+
1e
1.2.3
.
.
++1
000.e
1ee2
++1
1e+
000.e
e10
-
000.e
0e
+
.
1ee2
1e
0e
e10
1e+
abc
abc
1e-
000.e
--2
-
-
++1
1e-
.
abc
e10
.
000.e
1.2.3
1e
000.e
++1
1e-
1.2.3
+
1e-
-
e10
--2
000.e
1.2.3
1ee2
1ee2
--2
++1
1e+
++1
abc
e10
.
1e+
1.2.3
1ee2
.
--2
abc
0e
000.e
abc
1e
1e
++1
--2
+
.
1e
1e+
000.e
0e
+
+
1e+
1e-
.
+
++1
1.2.3
1e-
0e
e10
abc
1e
1.2.3
1e+
++1
.
--2
+
abc
1e
1e-
1ee2
1e
000.e
e10
.
++1
e10
e10
1e-
1e
0e
.
++1
.
000.e
++1
abc
++1
+
.
-
1e+
-
-
0e
0e
-
1.2.3
1ee2
++1
abc
.
--2
1e
1e
-
1ee2
1e+
1.2.3
0e
0e
1e-
1ee2
-
++1
-
+
000.e
--2
+
-
1e-
1e+
1ee2
++1
--2
--2
--2
-
e10
1e+
e10
0e
1e-
--2
++1
++1
--2
.
1e+
abc
-
1.2.3
1e-
-
1.2.3
--2
+
.
++1
1e-
1.2.3
1ee2
1e
1ee2
--2
++1
1.2.3
1.2.3
+
0e
abc
.
++1
0e
000.e
0e
.
e10
1e+
+
1.2.3
e10
--2
0e
--2
++1
1ee2
.
1e
.
1e-
-
1.2.3
++1
e10
000.e
++1
1.2.3
abc
-
1e+
+
.
1.2.3
+
--2
-
++1
.
1.2.3
e10
0e
1.2.3
1e+
1e-
+
--2
1ee2
0e
.
1e-
-
abc
1e-
e10
--2
1e-
0e
abc
-
000.e
000.e
0e
1.2.3
++1
++1
0e
0e
000.e
-
000.e
++1
++1
1ee2
1.2.3
abc
abc
++1
+
abc
0e
e10
1e+
1ee2
0e
--2
1e
+
000.e
1e+
1e
1e-
1e+
-
.
-
++1
1.2.3
abc
1e
1e-
++1
1.2.3
--2
--2
1e-
+
.
+
--2
1ee2
000.e
e10
e10
1ee2
e10
1e-
--2
1e-
abc
++1
++1
1ee2
0e
.
e10
.
1.2.3
--2
1.2.3
0e
0e
1e
1e-
abc
-
000.e
1e-
e10
000.e
1e
1.2.3
1e+
1e-
000.e
1ee2
++1
+
--2
0e
e10
000.e
1e+
--2
++1
abc
.
1ee2
.
0e
.
0e
000.e
abc
000.e
++1
.
abc
1e-
e10
+
1e+
-
1e-
abc
--2
++1
--2
1.2.3
abc
1.2.3
1.2.3
+
1e
+
1e
.
1e-
0e
1e+
1e+
.
1ee2
--2
+
1e-
1e+
1.2.3
000.e
1e-
++1
000.e
e10
--2
.
+
1e-
-
1e+
1e+
1ee2
abc
1ee2
1e
.
1e+
1e+
--2
1e-
--2
1ee2
++1
++1
0e
e10
.
1e
1.2.3
1e+
e10
1e-
.
1e-
1e+
--2
+
-
++1
000.e
-
++1
1e-
1e-
1e
1ee2
1.2.3
e10
.
e10
1e
1.2.3
++1
++1
--2
++1
1e-
.
1.2.3
1ee2
--2
+
-
--2
-
+
000.e
1.2.3
0e
e10
1e
abc
++1
.
++1
abc
.
.
1e+
1e+
.
1e
1ee2
1e+
++1
.
1e+
-
-
000.e
++1
e10
1e+
1ee2
++1
1e+
1e+
1e+
000.e
000.e
-
1e-
-
1e
.
1.2.3
abc
-
1e
1e
0e
000.e
1e+
1e
+
e10
+
.
--2
0e
abc
1e
-
1e
1.2.3
+
abc
e10
.
1e+
000.e
+
1e
1e+
-
+
--2
1e+
--2
1e+
e10
++1
1ee2
++1
abc
+
1e
0e
1e+
1e+
000.e
0e
1e+
abc
1e+
+
+
1.2.3
-
--2
e10
000.e
.
.
0e
++1
abc
1e+
1ee2
0e
++1
0e
abc
-
--2
000.e
1e+
+
1ee2
.
1e
++1
--2
--2
1ee2
1e
0e
1e-
-
1ee2
1e
e10
.
1.2.3
-
1ee2
+
1ee2
1e+
1.2.3
1e
1e+
1ee2
1ee2
1ee2
.
1ee2
1e+
0e
e10
++1
1e
1e+
--2
abc
1e
abc
000.e
1ee2
+
+
--2
1ee2
1ee2
000.e
e10
0e
1e
abc
+
abc
1e
1e+
++1
++1
+
e10
--2
e10
-
1.2.3
--2
1e+
.
1e-
-
abc
-
++1
000.e
+
1ee2
.
e10
++1
.
e10
000.e
1e
--2
--2
1ee2
000.e
abc
1.2.3
1ee2
1e+
e10
e10
+
1e+
e10
+
1ee2
+
1ee2
1.2.3
+
0e
1ee2
000.e
e10
1e+
1.2.3
-
e10
abc
1e
1e-
abc
0e
1e-
--2
0e
000.e
abc
1e+
+
.
1ee2
++1
--2
+
1e+
e10
1.2.3
1e
1e
.
1e-
000.e
1ee2
-
--2
1.2.3
0e
+
.
abc
1.2.3
1e-
abc
1.2.3
1ee2
000.e
abc
000.e
-
abc
++1
++1
1e-
e10
e10
000.e
1e
-
000.e
1e
1.2.3
0e
++1
e10
0e
e10
+
abc
1e+
.
1ee2
++1
e10
abc
e10
000.e
--2
1e-
0e
1e
e10
1e
e10
--2
abc
1e+
1ee2
.
1e-
0e
1e-
1ee2
.
1.2.3
000.e
1e-
1e-
.
.
--2
+
0e
1e-
.
--2
abc
1e+
1ee2
+
-
000.e
+
000.e
.
1e-
--2
+
1e+
1.2.3
+
000.e
abc
0e
+
1ee2
1e+
-
1e+
0e
1ee2
1.2.3
0e
e10
--2
1.2.3
000.e
e10
+
+
1.2.3
--2
1.2.3
+
000.e
++1
--2
1e
abc
abc
e10
1e-
1e-
-
1e-
1e
-
e10
e10
-
000.e
1e-
1.2.3
--2
0e
000.e
000.e
000.e
+
1e-
000.e
1ee2
-
1ee2
1e-
1.2.3
.
--2
+
--2
--2
1e
++1
e10
-
1.2.3
+
--2
--2
+
abc
.
-
0e
0e
--2
abc
.
.
-
0e
1e-
1e+
+
+
.
-
--2
+
0e
1.2.3
1.2.3
1.2.3
++1
1e-
1e
000.e
0e
+
abc
1.2.3
.
++1
0e
1e
0e
1ee2
1e+
++1
-
++1
--2
1e
-
e10
1e+
++1
1.2.3
+
1e
++1
--2
1.2.3
abc
1ee2
+
1e-
1e-
--2
1e
1.2.3
0e
1.2.3
000.e
e10
000.e
1.2.3
1e+
--2
1e-
-
1ee2
1.2.3
.
abc
000.e
1e-
abc
0e
e10
1ee2
e10
1ee2
--2
e10
000.e
0e
1e
1e+
000.e
1ee2
1e
1e-
1ee2
-
abc
++1
+
1e+
.
000.e
.
000.e
e10
0e
1e-
1e
++1
1e+
++1
000.e
e10
abc
1ee2
+
1e+
1ee2
1e-
1ee2
0e
e10
0e
--2
1e-
-
0e
1e
1.2.3
1ee2
1e-
.
0e
1.2.3
000.e
1e-
+
000.e
1.2.3
++1
-
++1
1e
++1
000.e
1e
1e+
0e
e10
+
-
e10
1e-
-
++1
++1
++1
000.e
000.e
-
-
1.2.3
1e+
++1
e10
1e
1e+
1e+
1ee2
e10
-
000.e
-
1.2.3
-
e10
-
0e
1e
1e+
--2
e10
-
-
1e-
1e+
.
--2
1ee2
.
1ee2
1e+
e10
-
0e
++1
1e-
-
0e
e10
1ee2
1.2.3
e10
+
1e
1.2.3
--2
++1
000.e
-
++1
-
+
1.2.3
abc
-
0e
--2
1ee2
.
1.2.3
0e
1e
--2
abc
1.2.3
+
1e
abc
e10
000.e
.
1e+
.
000.e
000.e
1ee2
000.e
e10
abc
+
1e+
0e
+
abc
-
+
1ee2
++1
1.2.3
e10
.
abc
1e-
--2
1e+
--2
1ee2
1e-
1e
0e
e10
++1
1.2.3
-
1e
1ee2
+
1e+
.
e10
-
abc
.
1e+
e10
-
1ee2
++1
000.e
1e+
-
1e
.
1e-
-
0e
.
1e-
1e
e10
.
++1
--2
++1
1ee2
1.2.3
-
.
--2
e10
+
1e
e10
e10
--2
-
++1
1ee2
e10
000.e
--2
-
1e
--2
abc
--2
1e
1e+
-
0e
e10
1e+
000.e
0e
1e+
1.2.3
1.2.3
-
abc
abc
+
000.e
1e+
1e
1e+
+
000.e
++1
e10
1e-
0e
1e
1e-
1.2.3
0e
1e-
1e
e10
++1
abc
1e+
1e-
0e
e10
000.e
e10
abc
+
1.2.3
+
.
000.e
000.e
.
.
-
1e+
1e+
--2
.
-
--2
1e
.
1.2.3
++1
1ee2
+
0e
1e
1e
.
-
+
0e
1.2.3
0e
++1
.
-
-
1e-
e10
++1
1e+
--2
0e
+
1ee2
+
1e+
-
+
-
1ee2
-
.
e10
--2
1e+
1ee2
--2
0e
+
.
1e+
--2
+
abc
e10
abc
000.e
1.2.3
1e-
--2
e10
0e
1e
0e
.
abc
abc
+
000.e
1ee2
abc
1e-
1.2.3
1e+
1ee2
1e-
1e-
1e+
+
000.e
0e
++1
000.e
.
0e
1e
-
0e
--2
1e+
--2
1e-
1e
--2
1e-
+
000.e
1e-
-
0e
1.2.3
.
1e-
abc
--2
abc
000.e
+
+
1e
1ee2
1ee2
0e
1.2.3
.
0e
++1
1ee2
e10
0e
1e-
000.e
.
+
.
e10
1e
-
000.e
+
e10
.
-
1e
1e
1e
1e+
000.e
1e-
1e+
++1
000.e
000.e
-
--2
0e
1e-
000.e
000.e
--2
1e-
.
1.2.3
+
1e-
0e
1.2.3
--2
++1
1.2.3
.
1e-
0e
0e
1ee2
-
1.2.3
0e
abc
--2
e10
e10
1e-
+
+
1ee2
-
.
--2
+
+
1ee2
.
1e+
1.2.3
e10
0e
1e
-
-
1e
--2
0e
.
0e
.
1.2.3
+
abc
1ee2
000.e
-
1e+
e10
000.e
e10
1.2.3
1e
abc
--2
abc
1e
abc
1e
000.e
-
--2
+
000.e
.
+
000.e
abc
1e
e10
e10
--2
-
++1
.
1.2.3
1e-
1.2.3
0e
0e
e10
.
-
1e
0e
abc
000.e
abc
--2
0e
0e
1.2.3
--2
+
1e-
000.e
+
1.2.3
1ee2
e10
1e-
0e
+
.
1e
.
1e+
1.2.3
1ee2
1e-
1.2.3
0e
+
+
1e
e10
--2
0e
1.2.3
1.2.3
000.e
.
+
abc
1e+
000.e
000.e
1ee2
000.e
+
1e+
1e-
+
.
1e
--2
--2
1e
1.2.3
1e-
++1
1e-
++1
000.e
1ee2
abc
000.e
1.2.3
.
000.e
--2
--2
e10
000.e
--2
0e
1ee2
.
abc
1e+
1.2.3
0e
-
abc
1e-
e10
000.e
1ee2
+
.
abc
1.2.3
1ee2
1e
1.2.3
1e+
1e-
1e+
--2
1e
-
1e-
e10
1ee2
1e
+
1e-
1e
-
+
+
1ee2
e10
e10
++1
1e+
1e-
e10
abc
1e-
++1
.
-
-
0e
1e-
1.2.3
1.2.3
1e
1e-
-
1ee2
1e+
.
e10
e10
++1
.
--2
+
1e-
e10
-
e10
1e-
++1
e10
000.e
1e+
++1
--2
1e+
0e
1e+
e10
+
e10
e10
+
++1
abc
+
1e+
-
1ee2
+
1e+
abc
0e
000.e
000.e
e10
1.2.3
abc
abc
1.2.3
1e+
0e
0e
e10
1e
.
+
abc
1e+
--2
+
1ee2
e10
1.2.3
1e
1.2.3
1.2.3
+
-
1e
1.2.3
0e
.
1e-
1ee2
+
abc
.
000.e
1e
1.2.3
+
1e+
1ee2
1ee2
0e
1e
abc
+
e10
1ee2
++1
++1
e10
0e
0e
1ee2
++1
1e-
1ee2
000.e
1e+
1e
abc
000.e
1ee2
.
abc
-
1e
1.2.3
1e-
+
e10
1.2.3
abc
000.e
e10
++1
e10
1e+
+
000.e
++1
1.2.3
e10
abc
--2
1ee2
.
1e
1ee2
1ee2
+
1e-
abc
1.2.3
-
1.2.3
--2
1e
-
--2
abc
+
1e
-
1e
1e-
1ee2
0e
1e+
0e
1.2.3
000.e
1.2.3
1e
1ee2
1e
--2
-
.
1e-
0e
1ee2
++1
1.2.3
1ee2
+
1ee2
abc
-
++1
1ee2
1e+
-
e10
--2
0e
.
++1
1e+
000.e
1e
1e+
e10
1ee2
++1
1e-
e10
--2
1e+
1e
-
+
1e
0e
1.2.3
.
1e-
abc
1e
1.2.3
000.e
1e
000.e
1e-
++1
-
1.2.3
e10
1e
++1
0e
1ee2
1.2.3
1e+
1ee2
abc
1ee2
1e+
1e
+
e10
1e-
1.2.3
.
1e-
1e+
abc
1ee2
1ee2
1ee2
--2
++1
1e-
1.2.3
0e
1e-
-
1e-
000.e
0e
1e+
abc
000.e
.
1e
1e
++1
e10
1e+
e10
1.2.3
.
1e
000.e
1.2.3
e10
abc
-
--2
+
1e-
++1
+
1e-
e10
0e
e10
000.e
abc
1e+
1.2.3
+
1e-
e10
1e-
1e-
1e
1e-
1e-
1e+
-
1e
.
1e+
1e-
1e-
1e
-
+
.
-
++1
1e-
0e
e10
++1
-
1e+
.
1.2.3
++1
.
abc
.
.
++1
.
1ee2
1e
1e+
1ee2
.
1.2.3
1e+
1ee2
1e-
e10
abc
++1
.
++1
1e
-
.
000.e
1e+
1e
abc
1e-
abc
1.2.3
-
000.e
1.2.3
-
+
+
+
1ee2
1e
-
1e
-
1.2.3
e10
--2
-
abc
000.e
1.2.3
--2
--2
1ee2
0e
1ee2
.
000.e
++1
1e+
e10
abc
-
e10
.
+
e10
1e
.
1e-
++1
++1
1e
.
1e-
--2
1.2.3
abc
--2
1e+
1e-
1.2.3
1e
1.2.3
+
.
1.2.3
0e
--2
0e
abc
1e
1e+
1e-
abc
-
--2
0e
-
1e
1ee2
abc
.
0e
--2
1e
abc
1.2.3
.
--2
+
1e
1e+
0e
+
0e
abc
abc
e10
1e+
+
+
1e-
-
0e
1e-
1ee2
++1
1e+
1ee2
1ee2
+
abc
000.e
e10
e10
e10
+
+
e10
++1
+
1e
++1
1ee2
0e
1e+
1.2.3
e10
1e+
+
-
1e+
++1
e10
abc
.
1e
abc
1e-
abc
1e-
+
-
-
--2
-
000.e
++1
.
++1
1e+
--2
1e
.
0e
1.2.3
1e-
+
abc
0e
abc
.
++1
++1
--2
.
++1
000.e
e10
1e+
000.e
e10
1e+
0e
+
1.2.3
--2
1e+
1e+
0e
++1
0e
0e
e10
0e
.
0e
+
.
abc
--2
0e
1e
--2
.
000.e
1e+
--2
e10
1e
0e
1ee2
++1
1e+
-
-
1e-
000.e
++1
1.2.3
1.2.3
1e+
-
1e
--2
1.2.3
--2
+
e10
1e-
1e
abc
--2
++1
000.e
1ee2
e10
abc
++1
1ee2
1e-
1ee2
-
1ee2
abc
1e-
1e
1e+
-
.
abc
1e
abc
1e-
1e
1e+
1ee2
1e
0e
e10
.
1ee2
1.2.3
1.2.3
+
1ee2
1e+
1e+
-
-
.
--2
1e
e10
-
++1
0e
1.2.3
e10
e10
e10
.
1e+
000.e
0e
e10
1ee2
--2
1e
abc
1e-
1.2.3
--2
1e
1ee2
+
e10
.
--2
000.e
1e
+
--2
1e+
.
000.e
0e
1e-
0e
.
0e
++1
+
1.2.3
abc
000.e
.
+
-
1e
0e
1e-
0e
1ee2
1.2.3
1e+
e10
e10
1e+
1ee2
+
1e
+
-
abc
.
e10
-
1e+
000.e
1ee2
1.2.3
abc
+
.
1e
1e
0e
abc
1ee2
1.2.3
1.2.3
1ee2
1ee2
++1
--2
.
.
e10
0e
+
0e
abc
000.e
++1
abc
1.2.3
abc
e10
++1
e10
1e
++1
1e+
--2
e10
e10
--2
+
.
-
abc
0e
+
1e-
1e
000.e
000.e
1e
+
abc
1e+
1e
1.2.3
-
--2
1.2.3
1.2.3
e10
1ee2
+
1.2.3
--2
+
abc
e10
.
1e+
.
1e-
1ee2
-
1e
.
abc
++1
abc
+
+
e10
1e+
1e
000.e
1.2.3
.
+
1e-
e10
+
-
1e+
000.e
1ee2
abc
e10
+
+
abc
1e
1.2.3
+
0e
1e-
abc
1e-
000.e
1e+
-
1e+
0e
000.e
abc
000.e
--2
1e
.
+
0e
1ee2
-
000.e
.
000.e
1.2.3
abc
1.2.3
1ee2
000.e
1.2.3
-
e10
.
+
-
++1
.
1ee2
.
1e-
1e+
abc
.
1ee2
e10
--2
.
1e+
+
++1
+
0e
e10
e10
.
e10
abc
+
1.2.3
0e
abc
1e+
.
--2
0e
e10
++1
1e+
e10
1.2.3
1e+
-
abc
000.e
e10
1e+
1e+
000.e
.
000.e
-
1e-
1e+
1ee2
abc
e10
e10
1ee2
abc
1e
++1
000.e
000.e
-
1ee2
--2
-
--2
.
1e+
++1
+
-
1ee2
1e
e10
000.e
+
000.e
1e-
1ee2
abc
abc
1ee2
1e
1.2.3
1e+
1ee2
0e
000.e
1ee2
1ee2
1.2.3
--2
++1
e10
1e-
1e
1e-
.
0e
.
abc
1e
.
1.2.3
000.e
++1
-
--2
e10
1e
.
1e+
.
0e
1.2.3
e10
++1
-
e10
0e
++1
1e+
1ee2
1ee2
+
++1
--2
+
1e+
+
0e
.
1e
1e+
1e+
-
1e+
1e-
e10
1ee2
abc
1.2.3
1e+
1e+
1ee2
-
1ee2
e10
1e
e10
.
e10
1e
abc
1ee2
--2
1e+
1e-
000.e
.
1ee2
--2
1.2.3
-
1.2.3
.
abc
++1
e10
0e
1e
--2
1e-
1e
1ee2
e10
1ee2
1.2.3
1e
e10
1e+
1e-
++1
1e-
1.2.3
-
1ee2
000.e
1e+
000.e
1e
1e
.
--2
1e+
1ee2
abc
1e+
1e
.
1e
+
0e
e10
+
++1
--2
-
--2
--2
++1
000.e
000.e
e10
abc
e10
1e+
e10
0e
1e-
1ee2
++1
.
1ee2
1.2.3
e10
0e
0e
--2
-
1.2.3
1ee2
++1
000.e
1e
1e-
000.e
000.e
1ee2
--2
1e
++1
000.e
1e+
1e+
0e
-
1e
1.2.3
.
e10
--2
1e+
abc
-
+
.
1e+
.
0e
e10
++1
0e
abc
1ee2
++1
e10
e10
1.2.3
++1
.
++1
e10
.
++1
000.e
e10
.
+
-
.
0e
0e
-
000.e
--2
e10
abc
000.e
1ee2
-
abc
1e+
-
-
1ee2
++1
1e
1ee2
-
+
e10
1.2.3
000.e
1ee2
1.2.3
1ee2
abc
-
0e
+
e10
1ee2
.
1e-
1ee2
++1
+
1e-
+
000.e
.
1e-
1e-
1e+
abc
1e+
e10
.
1ee2
1e
e10
1e+
1e+
0e
1.2.3
1e
--2
000.e
1e
--2
abc
000.e
--2
abc
1e+
000.e
0e
++1
1.2.3
+
-
1e+
e10
1.2.3
abc
1e
1ee2
1e
.
1e
1ee2
1ee2
.
1ee2
++1
000.e
--2
abc
e10
1e
--2
1e-
--2
1ee2
+
abc
1ee2
+
000.e
1e+
+
e10
-
-
1e-
e10
-
++1
1e-
1ee2
1e+
.
+
000.e
1.2.3
1.2.3
0e
e10
1e+
1e-
.
1ee2
.
1e-
1e
1e
.
++1
1e+
-
-
.
000.e
000.e
.
abc
1e+
1e+
abc
1e+
0e
+
000.e
1ee2
000.e
1ee2
+
abc
+
1e+
e10
-
1.2.3
000.e
000.e
.
-
1.2.3
1e
+
-
.
-
1e-
1e+
000.e
000.e
000.e
1e
++1
1e
0e
1e
+
0e
--2
-
000.e
000.e
e10
1ee2
.
1ee2
0e
1e-
1ee2
1.2.3
--2
1e+
++1
0e
.
++1
000.e
e10
000.e
--2
-
0e
1.2.3
+
0e
1.2.3
+
++1
--2
1e
1e
1ee2
e10
+
1ee2
e10
e10
-
1e
1e+
+
.
1e+
1ee2
1e+
abc
.
abc
.
--2
0e
++1
--2
0e
-
++1
abc
1.2.3
1e+
e10
-
000.e
.
+
000.e
--2
1e
000.e
1e-
.
++1
+
abc
-
000.e
.
e10
1e-
1e+
1e
1e+
000.e
-
--2
--2
abc
-
++1
++1
1e+
0e
0e
++1
.
1.2.3
--2
++1
++1
abc
1ee2
e10
+
1.2.3
1.2.3
-
000.e
-
+
000.e
1e-
abc
1e-
0e
1e-
++1
1e-
--2
1e
1e-
-
--2
.
1ee2
1.2.3
.
+
-
+
abc
e10
0e
abc
1.2.3
1e
.
0e
1ee2
e10
1e+
1e-
000.e
-
000.e
1ee2
+
abc
1e
1.2.3
0e
1.2.3
000.e
1e-
e10
++1
000.e
+
+
1e
0e
000.e
++1
000.e
-
++1
0e
e10
abc
++1
0e
e10
0e
--2
+
abc
1.2.3
1e-
e10
++1
1e+
1e-
-
abc
1e
e10
1e-
+
--2
1.2.3
.
--2
1e-
1e-
e10
1e-
1.2.3
.
.
.
-
+
.
1e+
--2
--2
1e+
1e-
000.e
0e
1ee2
abc
abc
000.e
+
1.2.3
1e-
-
1e+
000.e
-
e10
1.2.3
abc
.
1e-
1e-
0e
--2
1e+
000.e
000.e
e10
1.2.3
1e-
+
1ee2
000.e
e10
abc
1e-
abc
0e
1.2.3
1e+
000.e
-
+
++1
.
e10
1e-
abc
--2
--2
-
+
0e
-
abc
0e
++1
-
+
1.2.3
--2
abc
abc
000.e
1e
1ee2
abc
-
.
1e+
1e
-
+
++1
+
abc
1e
1.2.3
1e+
1ee2
0e
e10
1e
1e+
++1
abc
-
.
abc
1.2.3
abc
-
1e
1ee2
++1
e10
1e+
e10
+
1e-
1ee2
-
+
+
000.e
--2
1.2.3
.
1e
e10
++1
.
1e+
e10
1e
1.2.3
1.2.3
000.e
abc
-
1e
+
1ee2
++1
1e
++1
e10
++1
000.e
1e-
-
0e
0e
0e
1e
1e
1e
++1
1.2.3
++1
.
++1
--2
++1
--2
e10
.
1e
+
++1
--2
-
1e+
--2
1e
1e-
0e
e10
1e+
+
1.2.3
1ee2
1.2.3
-
+
--2
1e-
--2
1e+
000.e
1e
-
1e+
1ee2
abc
1.2.3
--2
-
-
e10
e10
000.e
abc
1.2.3
.
+
1e
1e
+
abc
+
1e-
-
1.2.3
1e-
1e
-
000.e
++1
++1
++1
++1
0e
-
++1
0e
+
.
abc
1e
1e-
-
abc
.
--2
.
+
1e-
+
0e
.
0e
--2
+
1e-
0e
1.2.3
+
++1
abc
++1
e10
.
.
abc
++1
++1
--2
0e
.
000.e
.
1e
000.e
+
-
e10
-
+
abc
-
.
abc
e10
+
1e-
abc
1e+
+
+
0e
+
000.e
-
++1
1e+
1e
--2
+
1e-
+
1e
--2
.
e10
--2
1e+
e10
1ee2
--2
-
1.2.3
000.e
1e+
1e-
e10
1e
abc
e10
++1
++1
--2
-
1e+
+
.
1ee2
-
-
0e
1e+
1.2.3
++1
1e
.
1e-
1e-
1.2.3
000.e
++1
+
--2
1e+
e10
1e-
--2
1e
+
-
1e-
-
1e
1e
abc
+
++1
abc
1.2.3
1e-
+
--2
1.2.3
0e
1e+
.
1e+
1.2.3
000.e
--2
1e+
e10
1e+
1ee2
e10
++1
1e+
1ee2
1e-
1e
1.2.3
1ee2
1.2.3
1.2.3
0e
abc
--2
1e+
000.e
1e+
++1
1ee2
1.2.3
abc
++1
1ee2
++1
e10
e10
1e+
abc
1ee2
1.2.3
1e-
000.e
1e
-
1.2.3
+
1e+
1e
1e+
1.2.3
1e
+
000.e
0e
--2
1e+
abc
.
++1
1e+
++1
000.e
-
1e
+
abc
1ee2
--2
e10
--2
--2
1e+
+
1e
1ee2
000.e
abc
1ee2
1e-
--2
1ee2
e10
e10
1ee2
e10
1.2.3
1ee2
1e
1e-
.
abc
--2
1.2.3
1ee2
++1
.
-
+
-
--2
--2
1e+
-
++1
1e
0e
e10
1.2.3
abc
1e
++1
000.e
0e
++1
e10
0e
-
000.e
--2
abc
+
++1
0e
--2
000.e
e10
1.2.3
e10
-
--2
1.2.3
-
0e
1e
1e+
+
.
1e
0e
e10
-
.
1e+
1ee2
+
+
1e-
1e-
--2
--2
-
0e
.
e10
++1
e10
abc
--2
1.2.3
1ee2
--2
000.e
++1
e10
1e
1ee2
1ee2
000.e
1ee2
0e
0e
-
.
e10
-
+
1e-
000.e
.
++1
1e-
e10
1.2.3
000.e
1ee2
.
1e-
-
000.e
.
1e
1e+
+
+
.
-
+
+
1e
000.e
abc
1e
abc
1ee2
e10
abc
1e
abc
000.e
+
--2
0e
0e
abc
0e
1ee2
abc
abc
--2
1e
1.2.3
1.2.3
1.2.3
.
1e+
++1
1.2.3
+
--2
+
.
abc
1e-
-
-
abc
1.2.3
abc
1.2.3
0e
1e
1e+
1e-
1ee2
--2
-
1e+
++1
.
++1
1e
e10
-
abc
1e+
+
-
1e
++1
abc
abc
1e-
e10
+
--2
000.e
.
e10
+
-
1e+
+
--2
1.2.3
1e-
1e-
1e-
000.e
++1
-
--2
-
.
1ee2
abc
1ee2
1ee2
e10
1ee2
++1
1e
0e
1.2.3
1e-
.
--2
--2
1ee2
.
1ee2
1e-
1ee2
e10
e10
++1
abc
0e
+
1e
e10
.
0e
+
0e
abc
--2
++1
.
1.2.3
e10
000.e
1.2.3
1ee2
000.e
1.2.3
1e+
1e-
e10
abc
+
1e+
000.e
e10
+
+
1ee2
0e
1ee2
e10
1e-
1e-
1e+
0e
1.2.3
000.e
.
1.2.3
0e
1e
++1
++1
000.e
e10
1e
1.2.3
abc
1e-
-
1e+
e10
1.2.3
e10
1e-
0e
1.2.3
0e
1.2.3
++1
--2
0e
0e
1e+
--2
abc
+
.
1ee2
+
-
++1
e10
1e
0e
000.e
1e
1e
++1
1.2.3
0e
e10
1ee2
++1
1ee2
.
1e
1e-
e10
++1
.
--2
1e+
abc
--2
-
1e-
1e+
.
-
++1
abc
1ee2
.
+
000.e
1ee2
--2
1e
1.2.3
000.e
.
e10
-
e10
1e+
1e+
-
1e
++1
1e-
000.e
++1
+
1e+
0e
+
.
.
.
abc
1ee2
+
.
e10
000.e
1e-
abc
e10
+
0e
1.2.3
+
+
1.2.3
1e+
--2
.
1e+
.
000.e
abc
1ee2
e10
abc
.
000.e
0e
000.e
1e
1e+
000.e
1e
+
1e-
+
0e
+
.
1ee2
1ee2
1e+
e10
-
1e+
0e
1e-
+
abc
1e
abc
1e+
-
0e
-
.
0e
1e-
e10
.
++1
.
e10
1e+
1e
.
.
1.2.3
1e+
--2
--2
000.e
abc
1e-
000.e
0e
e10
0e
1ee2
1ee2
+
-
000.e
-
1.2.3
+
1ee2
-
++1
--2
--2
-
--2
e10
1.2.3
1e-
+
++1
+
++1
1.2.3
abc
1ee2
1.2.3
000.e
1ee2
+
1ee2
-
1e+
++1
+
++1
1ee2
abc
.
e10
1e+
-
1e
--2
1e-
1e+
--2
e10
--2
1.2.3
1e+
1e
0e
1e
000.e
-
-
1e
1e-
abc
1e-
abc
.
1ee2
+
1e
1e+
1e
1e-
+
0e
-
1e
.
abc
++1
0e
e10
--2
+
-
1.2.3
1e-
000.e
1.2.3
-
-
1e
1e
000.e
1e-
+
1.2.3
--2
1e+
1.2.3
abc
0e
1e-
1e
--2
++1
1e
1e-
0e
.
1.2.3
1e-
.
+
0e
+
000.e
1.2.3
e10
--2
abc
1e-
1e-
1.2.3
1ee2
e10
1e-
000.e
1ee2
1e+
.
abc
1e-
1e+
e10
--2
abc
--2
1e-
e10
1.2.3
000.e
e10
--2
--2
+
1ee2
1e
1e-
e10
e10
1e
+
++1
1ee2
+
1.2.3
abc
1.2.3
e10
e10
-
1e+
--2
1e
1e
.
e10
e10
1.2.3
1.2.3
000.e
abc
1e-
abc
1e+
1e
1e+
--2
--2
1.2.3
--2
abc
1.2.3
--2
000.e
++1
--2
1e+
1ee2
--2
1ee2
1e-
++1
0e
++1
1e+
1ee2
000.e
e10
.
--2
0e
1e+
+
1e+
e10
.
1e+
1e
++1
-
1ee2
abc
--2
1e+
.
e10
000.e
000.e
1e
1e-
1.2.3
000.e
0e
1.2.3
1e-
+
1e+
1e+
abc
abc
+
.
++1
.
1.2.3
000.e
abc
-
1e-
-
e10
abc
abc
0e
.
000.e
.
abc
+
.
++1
++1
++1
1ee2
1e
1e
e10
1e+
1e-
000.e
--2
1e+
1.2.3
++1
--2
1.2.3
+
abc
0e
--2
1.2.3
000.e
+
-
000.e
1.2.3
.
--2
1e
e10
1e
abc
1ee2
1e-
0e
abc
.
--2
1e
1.2.3
e10
1e
+
--2
1.2.3
1e-
1ee2
.
0e
1e
1ee2
1e-
-
+
1ee2
+
e10
1ee2
e10
++1
1.2.3
+
abc
.
0e
0e
--2
0e
0e
-
1e-
0e
1e
--2
1e-
1e
++1
++1
e10
-
+
++1
abc
1e+
++1
1e
-
.
++1
1e-
1e-
1e
000.e
1e
000.e
0e
e10
-
1.2.3
1e-
0e
1.2.3
1.2.3
+
--2
++1
e10
-
.
1ee2
1ee2
0e
1e-
--2
1ee2
++1
1ee2
1e
0e
1.2.3
+
++1
1e-
e10
1.2.3
++1
1e
.
.
1e
e10
1.2.3
1e-
1e+
++1
000.e
+
.
-
--2
1e
e10
1.2.3
1e-
+
1e-
1.2.3
abc
1e-
abc
abc
--2
0e
1.2.3
1.2.3
e10
1e-
e10
.
++1
1ee2
++1
1e+
0e
--2
.
000.e
0e
--2
1e-
1e+
1e+
abc
1.2.3
0e
000.e
-
e10
1ee2
1e
-
1ee2
++1
abc
++1
000.e
-
++1
abc
+
.
1e
000.e
1e
++1
1ee2
1ee2
-
1e
1ee2
-
abc
0e
1e-
++1
000.e
1.2.3
000.e
1e+
-
abc
1e-
1e
0e
e10
--2
1.2.3
--2
1e+
1e-
+
.
1.2.3
abc
1e+
0e
.
1ee2
000.e
++1
0e
.
1.2.3
.
1e
000.e
+
+
+
--2
1ee2
0e
1e
000.e
1.2.3
0e
000.e
--2
+
-
000.e
--2
1e-
1e-
e10
abc
.
abc
1ee2
1ee2
000.e
1e-
++1
1e+
++1
1e-
e10
++1
-
1e-
1e+
+
-
1ee2
--2
+
1ee2
.
e10
++1
1e
abc
--2
1e
e10
1ee2
0e
1e-
.
1e-
1ee2
--2
e10
+
0e
-
1e-
.
--2
1e+
.
-
1e-
abc
000.e
1e
0e
1e+
++1
0e
++1
e10
++1
.
++1
e10
--2
abc
abc
abc
.
000.e
000.e
0e
abc
1e-
e10
.
0e
-
0e
1.2.3
1e-
1e+
1e
-
1e-
1.2.3
+
0e
e10
e10
--2
1e+
abc
1e+
abc
000.e
e10
--2
0e
1e-
e10
+
0e
-
++1
--2
1e+
1.2.3
++1
+
1e+
+
0e
-
1.2.3
1e
1ee2
.
-
1e
++1
1e+
1e+
e10
1e-
+
1.2.3
1e+
1ee2
000.e
1ee2
+
+
000.e
++1
+
1e-
1.2.3
++1
1ee2
--2
--2
000.e
.
--2
1e+
000.e
000.e
-
0e
.
1.2.3
1e-
--2
--2
1ee2
--2
-
++1
e10
0e
--2
000.e
1ee2
abc
--2
1ee2
1e+
++1
++1
1e-
++1
.
000.e
--2
.
-
--2
--2
1e-
1e+
1ee2
1ee2
abc
0e
+
1e
++1
e10
0e
1e-
--2
000.e
.
0e
1e-
-
1e
+
+
1ee2
000.e
e10
+
1e+
+
1e
.
abc
-
++1
e10
1.2.3
1.2.3
+
-
1e-
-
abc
0e
-
0e
1e-
--2
.
+
1e+
000.e
+
--2
e10
+
-
1e+
e10
e10
1.2.3
1e-
+
0e
.
--2
1e-
1e-
-
1e+
.
0e
1e
--2
1e
0e
000.e
+
0e
abc
000.e
1ee2
1e+
1e
-
0e
+
.
1e-
1.2.3
-
.
--2
1e+
.
0e
1.2.3
--2
abc
--2
000.e
1ee2
1ee2
1e+
1ee2
0e
1.2.3
1ee2
000.e
++1
000.e
1e+
1ee2
1e-
1e
++1
-
e10
0e
000.e
0e
-
++1
1ee2
+
e10
-
1ee2
1ee2
.
1.2.3
1ee2
+
++1
e10
1e-
e10
-
000.e
1ee2
e10
1e-
abc
1.2.3
000.e
1.2.3
1e-
0e
1.2.3
-
e10
.
1.2.3
-
++1
1e-
+
--2
1ee2
+
0e
.
0e
-
1e
--2
0e
++1
abc
1e-
1e+
--2
1ee2
.
1e
-
000.e
-
.
+
-
--2
++1
1e
abc
e10
e10
1.2.3
+
+
e10
++1
1e+
e10
e10
abc
1e
1.2.3
e10
1e
e10
0e
e10
+
1.2.3
.
1e-
++1
000.e
++1
--2
1ee2
1e+
1ee2
000.e
.
1e
abc
++1
e10
1e+
+
abc
.
0e
+
++1
+
abc
1e-
e10
1e
1e+
+
+
1e+
abc
abc
e10
.
1e-
1e+
abc
1e+
--2
--2
000.e
--2
abc
0e
0e
1e+
1e-
e10
1e+
-
1e+
e10
1e
.
000.e
0e
1e
e10
1e+
1ee2
+
abc
--2
1e-
.
0e
0e
1e
-
--2
1e+
1e-
1e
e10
.
0e
000.e
1.2.3
1.2.3
0e
1e
1e+
1.2.3
1ee2
1e-
000.e
1ee2
1e
1.2.3
e10
1ee2
1.2.3
1e+
.
000.e
-
000.e
000.e
abc
e10
1.2.3
abc
e10
abc
abc
--2
e10
++1
abc
1e+
.
1e+
.
abc
e10
+
1e
1.2.3
000.e
1e+
.
1ee2
000.e
abc
.
1e
abc
e10
1e-
e10
1ee2
1e+
-
1.2.3
e10
++1
+
-
000.e
+
000.e
+
1e-
1e
1.2.3
+
1e+
--2
1ee2
.
0e
1e+
1e
.
++1
++1
000.e
1e
1ee2
-
--2
++1
1.2.3
1e+
1e-
e10
1.2.3
1e
0e
000.e
.
000.e
e10
1e-
1e+
++1
++1
--2
0e
.
.
-
1e
1e+
+
1.2.3
abc
1e-
-
++1
abc
--2
1e-
++1
1e+
e10
1e-
000.e
+
.
1e+
.
000.e
1e-
1ee2
1e+
0e
--2
1ee2
1ee2
1e-
1e+
1.2.3
-
--2
--2
0e
++1
1.2.3
+
1.2.3
++1
1e
abc
++1
-
+
1.2.3
0e
e10
1e-
abc
1.2.3
1e
-
1e
1.2.3
1.2.3
0e
+
abc
+
1e-
-
.
1ee2
1ee2
000.e
1.2.3
++1
1e+
0e
1ee2
1e+
1e
1ee2
000.e
-
1e
1e+
1e-
1e+
1ee2
1e+
+
--2
1e
1.2.3
000.e
e10
1.2.3
.
1e+
+
1ee2
000.e
000.e
e10
-
+
e10
1e+
0e
000.e
+
1.2.3
1e
e10
--2
--2
++1
1e-
--2
+
1ee2
e10
.
1ee2
000.e
+
.
1ee2
1ee2
1.2.3
1e
.
e10
1ee2
1.2.3
1e-
1e
e10
e10
--2
e10
000.e
1ee2
abc
000.e
1e+
--2
-
1e
.
1.2.3
1e+
-
0e
1.2.3
.
.
1ee2
+
000.e
+
--2
e10
1ee2
.
++1
++1
--2
1e-
--2
1e+
1ee2
++1
+
1e-
-
-
000.e
1e+
++1
1.2.3
1e-
.
--2
.
0e
.
--2
--2
1e-
abc
++1
1e-
1ee2
1ee2
1e
1e-
+
000.e
.
0e
--2
e10
1e+
abc
e10
1e-
abc
1e
+
.
++1
1.2.3
abc
e10
1e+
0e
abc
++1
1.2.3
1e-
.
1e+
-
.
++1
1e-
++1
1ee2
++1
++1
1e+
1e
000.e
1ee2
000.e
--2
1e
000.e
--2
1.2.3
000.e
1e-
++1
e10
++1
--2
1e-
1.2.3
1e-
1e+
abc
e10
1e-
1.2.3
0e
e10
abc
-
1e
1ee2
0e
1e+
+
++1
+
1e-
--2
0e
--2
abc
1e+
1ee2
abc
abc
--2
1ee2
.
--2
000.e
1ee2
e10
e10
.
++1
++1
-
-
1e+
.
--2
-
1.2.3
++1
++1
1e-
1.2.3
1e+
1e
.
abc
+
e10
1e
000.e
0e
.
--2
1e+
e10
1e+
000.e
-
++1
e10
e10
++1
-
1.2.3
--2
--2
1e
--2
++1
000.e
1e
+
+
1e+
1e
1e
1e+
1.2.3
e10
1.2.3
1e-
1e+
1e
+
.
e10
1e-
-
000.e
1.2.3
e10
1e-
0e
000.e
e10
abc
+
1e+
abc
--2
++1
1.2.3
e10
1.2.3
1e-
1e+
1e-
1e+
1e-
000.e
abc
--2
1e
1e
1e-
e10
1ee2
-
0e
++1
1e-
1e
e10
.
0e
1.2.3
+
e10
e10
++1
--2
1.2.3
--2
1ee2
abc
1.2.3
0e
++1
000.e
++1
1ee2
1e
1ee2
++1
-
1e-
.
-
e10
+
000.e
++1
e10
1e-
0e
++1
.
e10
1e-
++1
1e
e10
--2
.
abc
0e
--2
.
1e-
000.e
1e-
1e
-
1e
1e-
1e+
1ee2
1e+
-
1e+
1ee2
1ee2
-
+
1e+
++1
-
abc
1e
-
--2
1e+
1e+
++1
1e
1ee2
.
-
--2
-
1ee2
1.2.3
+
--2
0e
1e-
1ee2
++1
1e
-
1ee2
abc
1.2.3
e10
.
.
000.e
-
1e
1.2.3
1ee2
1e-
.
1e
abc
0e
1e-
++1
000.e
000.e
abc
1.2.3
e10
--2
abc
1e+
1ee2
0e
.
abc
1ee2
1.2.3
1e-
1e+
-
1e+
1ee2
--2
1e
-
e10
-
1e
000.e
1e+
1e-
000.e
000.e
-
0e
1.2.3
e10
1ee2
e10
1e
1e+
1ee2
000.e
-
1e+
1e+
000.e
e10
++1
--2
.
++1
1e-
0e
1e+
1e-
0e
+
.
1e
0e
e10
e10
-
1e+
+
1.2.3
1.2.3
--2
--2
1e+
1.2.3
1ee2
+
1e+
.
1e+
1e
1e+
e10
1e-
000.e
1e+
0e
000.e
1e-
.
1.2.3
1ee2
1ee2
1e
0e
1ee2
++1
++1
1e
1e+
-
1e
e10
e10
1e+
e10
1ee2
1e+
-
++1
1e
--2
++1
000.e
+
0e
1.2.3
1e
1.2.3
-
1e+
1e+
--2
1e
++1
000.e
000.e
1ee2
e10
1.2.3
++1
++1
000.e
+
0e
1e+
1.2.3
1e+
000.e
abc
1e-
++1
.
+
.
.
000.e
e10
--2
000.e
000.e
1e-
abc
000.e
1e-
1.2.3
.
1e+
1.2.3
+
1ee2
++1
e10
000.e
1e+
--2
.
1.2.3
1ee2
0e
1e
1e+
1e+
1e-
1ee2
1ee2
1.2.3
.
++1
0e
1e+
1ee2
000.e
000.e
e10
0e
1e-
-
000.e
1e
.
.
1e-
abc
++1
e10
.
1.2.3
1e-
1e
1e+
++1
abc
.
1.2.3
1.2.3
-
000.e
1e
e10
abc
1.2.3
.
.
1e-
.
1.2.3
1.2.3
++1
++1
1e
abc
1e
1e-
1ee2
1ee2
--2
++1
abc
++1
1e-
abc
++1
1e+
1e-
abc
1e-
--2
1ee2
1e
1ee2
1e+
abc
1e
.
1e
1e-
++1
+
1ee2
.
++1
.
1e+
-
000.e
e10
--2
0e
e10
--2
++1
-
abc
0e
1.2.3
e10
++1
1ee2
+
abc
e10
e10
1e-
--2
0e
1e
-
0e
.
.
1e-
-
++1
0e
+
abc
1e+
000.e
0e
1e
1e
1e-
1e-
1e
--2
1e-
++1
abc
-
1e+
1e-
e10
+
+
000.e
abc
1ee2
.
+
1e-
abc
1e-
1ee2
e10
-
1ee2
1e+
1.2.3
000.e
1e-
000.e
+
0e
1.2.3
.
1e
+
1e
+
1e
--2
.
1.2.3
000.e
e10
1e+
1e
--2
0e
++1
1e+
+
+
++1
000.e
.
-
abc
1ee2
e10
1e
1ee2
++1
1e-
abc
0e
++1
1e-
--2
0e
.
e10
+
+
1e+
.
+
e10
--2
1e+
1e-
--2
0e
.
1ee2
1.2.3
e10
000.e
1ee2
e10
-
1e
e10
1e
abc
1e
-
+
abc
0e
1.2.3
000.e
1e
++1
1ee2
1e+
1e+
.
.
000.e
1e+
+
abc
abc
000.e
1ee2
++1
1ee2
1e-
0e
+
1ee2
1ee2
++1
--2
++1
++1
000.e
e10
1e-
abc
+
1e+
.
1e-
+
1.2.3
+
+
.
-
.
++1
--2
--2
-
1e-
e10
e10
1e-
abc
e10
0e
+
1.2.3
000.e
++1
.
abc
1e
1e-
-
abc
e10
1.2.3
abc
000.e
1e+
1.2.3
--2
abc
1.2.3
1.2.3
abc
0e
1e+
--2
0e
1e+
e10
--2
-
e10
000.e
1e+
e10
1e
1.2.3
+
--2
abc
abc
1e
abc
e10
1e+
1e-
1e
1ee2
-
000.e
1e+
1.2.3
--2
1ee2
1e
e10
1e+
abc
1.2.3
0e
.
1ee2
1e+
1.2.3
1ee2
+
000.e
1e-
0e
e10
1e-
1.2.3
1e+
.
+
1e+
e10
1e-
-
+
1e
.
+
000.e
1e
--2
++1
abc
1e
1ee2
1e
-
0e
e10
+
-
--2
0e
1.2.3
abc
1ee2
1ee2
-
+
0e
000.e
+
1e+
.
-
0e
.
1e
1ee2
1e
0e
++1
++1
1e-
e10
0e
0e
1e
1.2.3
-
1e
++1
1e+
++1
++1
1ee2
000.e
000.e
1e
1e+
1ee2
1.2.3
++1
.
000.e
1ee2
1ee2
1ee2
1e-
1e-
1e+
0e
.
.
e10
++1
1e
1.2.3
000.e
0e
1e
--2
1e
1.2.3
1e
++1
0e
000.e
--2
1.2.3
++1
1e
000.e
1e
--2
e10
1ee2
.
1ee2
1e-
1.2.3
-
--2
1e
1e+
-
1e-
.
-
1e-
--2
--2
0e
abc
1e
1e
e10
.
-
e10
.
0e
1e+
1e-
1ee2
1e-
1.2.3
1e+
--2
e10
e10
.
1e
.
++1
.
1.2.3
1e-
1e-
1ee2
1e-
000.e
abc
0e
000.e
.
1e
1e-
-
000.e
.
1ee2
e10
+
1e+
1e
.
1e
abc
0e
1ee2
.
0e
e10
1e
1.2.3
0e
000.e
1ee2
-
++1
1e
1e+
--2
1e-
1.2.3
--2
000.e
0e
-
.
e10
--2
1e-
1e
abc
1e+
e10
1e+
abc
.
1e-
0e
1ee2
+
-
0e
++1
000.e
000.e
+
1e
++1
+
--2
1e-
e10
1e
.
1ee2
1.2.3
+
++1
e10
0e
+
abc
000.e
0e
-
1e-
000.e
1.2.3
1ee2
1e-
1e-
000.e
-
1e+
000.e
000.e
0e
abc
--2
1e
++1
1e
1e
++1
1e
++1
1e-
e10
.
0e
-
1e-
000.e
++1
1e-
++1
1e-
e10
1e
1e+
1e+
abc
+
0e
abc
1e+
++1
1.2.3
.
+
--2
abc
e10
--2
1e-
+
0e
-
0e
1e-
abc
1e
1e+
000.e
e10
+
0e
-
1.2.3
-
.
0e
++1
1.2.3
1e-
1e+
1e+
--2
abc
1.2.3
000.e
-
1e-
000.e
1e-
1e
1e-
1.2.3
abc
1e+
abc
0e
1e-
e10
1ee2
--2
1e+
+
-
1e+
+
0e
-
.
0e
1e+
++1
1e+
1ee2
0e
1.2.3
abc
1e
e10
1e
0e
e10
++1
0e
1e-
1e
.
000.e
abc
1e-
-
1e-
1.2.3
++1
-
1ee2
1e
000.e
abc
1e
000.e
000.e
000.e
1e+
1e-
.
1e
1.2.3
0e
--2
1e
000.e
+
0e
0e
++1
1e
1ee2
-
--2
1.2.3
-
1ee2
abc
1e
1e+
1e
--2
1ee2
++1
.
-
000.e
+
.
1ee2
1e-
-
1e+
+
+
1e-
+
-
e10
1.2.3
abc
.
-
+
1.2.3
abc
abc
0e
--2
000.e
1e+
000.e
000.e
000.e
e10
1.2.3
e10
1e+
-
e10
1ee2
1ee2
1e+
++1
000.e
000.e
abc
+
e10
1.2.3
000.e
1e-
e10
e10
1.2.3
1e-
1ee2
--2
1e-
--2
1.2.3
1e
1e-
1e-
1e-
-
000.e
+
--2
abc
++1
1e+
1e-
1e+
1ee2
0e
1ee2
000.e
1e+
1ee2
-
1.2.3
++1
+
1e
000.e
-
+
1e
-
1ee2
.
.
000.e
--2
1e
e10
1e-
1e+
000.e
1e
--2
1e+
-
--2
--2
+
-
1e-
1ee2
1ee2
.
e10
.
++1
000.e
1e+
0e
.
abc
e10
--2
1.2.3
1e
1.2.3
1e+
0e
1.2.3
.
e10
+
abc
abc
000.e
++1
--2
1e+
+
--2
abc
e10
1.2.3
--2
1e+
-
e10
+
0e
--2
0e
1e+
1ee2
0e
abc
+
.
e10
++1
1e-
000.e
abc
abc
1ee2
e10
--2
1.2.3
1e+
0e
1.2.3
1e+
++1
.
++1
000.e
000.e
1ee2
0e
1e-
+
000.e
1ee2
0e
--2
000.e
.
-
-
1.2.3
1e+
+
++1
0e
1.2.3
--2
++1
abc
abc
e10
e10
.
--2
0e
-
000.e
e10
+
000.e
1ee2
.
0e
1e-
1e+
+
++1
e10
1e
1.2.3
++1
++1
0e
.
abc
-
++1
-
1e-
000.e
+
abc
0e
1.2.3
.
abc
e10
abc
+
+
-
.
1e-
e10
+
1e+
e10
e10
-
1.2.3
-
1e-
--2
000.e
--2
.
0e
000.e
e10
1ee2
++1
1e+
1.2.3
1ee2
1e
000.e
abc
-
e10
1.2.3
1ee2
--2
1ee2
++1
++1
1ee2
1e-
1e+
--2
.
abc
abc
+
1e-
1e-
1e-
+
++1
0e
.
++1
e10
1e+
1e
abc
--2
--2
1e+
000.e
1e-
--2
1e-
0e
0e
--2
-
1e+
abc
1e-
--2
++1
1e+
1e+
1.2.3
-
1e
++1
1ee2
e10
1ee2
-
1e-
1e-
abc
++1
0e
++1
e10
1e-
0e
.
.
0e
.
1e+
+
1e+
000.e
.
1e
abc
--2
e10
++1
1e-
0e
--2
1e
e10
.
++1
abc
000.e
0e
1e
-
-
1e+
--2
1ee2
0e
abc
e10
000.e
+
e10
+
1ee2
1e
1.2.3
-
-
.
000.e
+
1e-
1e-
1e-
1.2.3
1e+
++1
++1
000.e
-
0e
1e
.
1ee2
.
000.e
--2
1e+
000.e
0e
1e
++1
-
1e+
1e+
e10
abc
1e
1.2.3
-
abc
1.2.3
-
abc
++1
000.e
+
.
0e
abc
+
+
000.e
1.2.3
0e
1ee2
abc
1.2.3
e10
-
++1
abc
++1
1.2.3
--2
1e+
0e
++1
1e+
e10
1e+
1e+
1e
1.2.3
1.2.3
+
1e+
.
1e+
--2
.
1.2.3
.
1.2.3
e10
--2
1e
++1
++1
.
e10
++1
1e-
1e+
1e+
1e-
e10
1ee2
0e
+
+
000.e
abc
1e
1e+
++1
1e+
+
1.2.3
abc
0e
.
.
000.e
+
abc
+
1e-
-
+
--2
1.2.3
1.2.3
-
abc
1e+
1.2.3
1e
+
1ee2
0e
abc
e10
.
e10
000.e
.
1.2.3
000.e
1e+
1ee2
abc
000.e
-
1e
000.e
abc
1.2.3
1.2.3
abc
+
+
1ee2
1ee2
.
++1
000.e
e10
abc
1e
--2
-
--2
000.e
.
++1
1e+
++1
1e+
0e
1.2.3
1e-
abc
-
1e
.
1e-
abc
.
-
--2
e10
1.2.3
1.2.3
+
abc
--2
1e
1.2.3
e10
1ee2
0e
.
--2
-
1ee2
1e
++1
1.2.3
++1
1ee2
++1
1e-
e10
abc
+
++1
1ee2
++1
1e
++1
abc
1e
-
1.2.3
abc
0e
1ee2
1.2.3
000.e
++1
++1
000.e
1e-
1e+
abc
000.e
0e
1e-
1.2.3
+
e10
+
e10
1.2.3
-
1e-
--2
--2
.
e10
-
000.e
1e+
1e
0e
abc
1ee2
0e
0e
1.2.3
000.e
abc
e10
--2
+
++1
abc
1e+
e10
+
1e-
1e-
1e+
1e+
.
1.2.3
abc
1e
--2
+
0e
--2
--2
1e
1ee2
1ee2
--2
1e-
abc
000.e
-
.
++1
--2
e10
abc
abc
e10
1ee2
1ee2
1e-
000.e
1e
.
0e
1.2.3
++1
1e+
abc
abc
--2
-
1e+
1ee2
1.2.3
0e
1e+
1ee2
abc
1ee2
-
--2
++1
000.e
++1
-
--2
1ee2
1e+
e10
-
1e+
e10
1.2.3
1e+
1ee2
-
1e-
000.e
++1
e10
+
-
++1
1e+
000.e
1e+
abc
000.e
1e
1e-
1.2.3
-
1ee2
1ee2
e10
++1
1e+
+
000.e
1ee2
0e
e10
+
0e
.
--2
++1
1e-
abc
1e-
++1
--2
.
1.2.3
1.2.3
abc
e10
0e
0e
1e-
abc
000.e
e10
.
e10
++1
000.e
1e-
1e-
1.2.3
--2
1ee2
-
1e+
-
1ee2
1e
0e
++1
-
++1
++1
1e
--2
--2
1e-
--2
1ee2
1ee2
++1
1.2.3
--2
1e-
abc
++1
1e-
-
-
.
0e
1e+
+
.
1e+
+
000.e
1e
e10
1e
++1
-
1e-
-
1e
0e
1e
+
++1
1ee2
1e-
--2
1e
1e-
1e
000.e
1e-
000.e
--2
1.2.3
000.e
++1
0e
++1
1e
0e
1e
1e-
+
.
--2
1ee2
1e-
1e
-
--2
+
1e-
000.e
1.2.3
0e
1.2.3
e10
1.2.3
-
abc
abc
1ee2
abc
e10
1ee2
1.2.3
--2
--2
1e
1e-
1ee2
0e
+
abc
1.2.3
--2
e10
1e+
-
e10
.
+
+
.
abc
abc
e10
.
1e
0e
0e
1e
000.e
e10
++1
e10
0e
abc
1e
.
1e-
e10
++1
++1
000.e
-
abc
1.2.3
--2
1.2.3
-
0e
1e
1e+
-
000.e
-
1e-
++1
1e+
e10
0e
--2
1e-
000.e
--2
1.2.3
1e
abc
e10
+
1e+
1e+
0e
+
1e+
-
1e-
.
1e
000.e
0e
--2
+
-
+
abc
--2
++1
1e
1e
abc
++1
1e+
--2
1ee2
-
000.e
1e+
0e
--2
000.e
--2
1e-
e10
1e-
-
1ee2
000.e
.
1e+
1ee2
--2
--2
1.2.3
++1
e10
000.e
abc
1.2.3
-
.
.
.
--2
1.2.3
abc
-
abc
-
+
000.e
abc
1.2.3
++1
0e
abc
abc
e10
1e+
-
0e
+
-
1e+
-
++1
0e
++1
abc
++1
abc
1e-
e10
++1
.
++1
0e
1e+
+
e10
-
+
e10
1ee2
+
abc
e10
1ee2
1e-
e10
1.2.3
1ee2
1.2.3
--2
1ee2
1e+
1ee2
1.2.3
-
1e+
1e+
1ee2
.
--2
1.2.3
0e
1ee2
1ee2
e10
-
-
000.e
1.2.3
+
1.2.3
-
--2
++1
--2
++1
0e
.
000.e
++1
0e
0e
.
abc
1e+
--2
000.e
--2
000.e
1.2.3
+
1.2.3
-
e10
+
e10
-
-
1e-
.
1.2.3
0e
++1
0e
1ee2
0e
1ee2
1e
+
1e+
--2
1e
abc
+
abc
abc
.
1e-
--2
+
1ee2
e10
0e
1ee2
1e-
1e+
-
.
1e
-
.
--2
0e
1e-
000.e
+
1e+
-
1e
0e
--2
-
1e+
-
+
1e
+
1e+
e10
e10
1e-
1e+
--2
--2
1e-
1e
1e-
abc
0e
0e
.
1.2.3
+
1ee2
1e
1e-
1ee2
1e
1ee2
0e
1.2.3
000.e
0e
.
+
+
+
1e-
1e+
-
1e
++1
1e
1ee2
1.2.3
000.e
000.e
000.e
1e-
1ee2
000.e
e10
1e-
1ee2
+
e10
.
abc
+
+
--2
-
.
abc
++1
1e
1e-
1e
++1
1e+
abc
1ee2
e10
++1
.
abc
1e-
e10
.
abc
+
-
1e-
++1
1e+
.
000.e
000.e
e10
1.2.3
1e+
++1
1e
++1
.
000.e
1ee2
e10
++1
-
-
0e
+
1e+
1e+
1e-
e10
-
++1
1ee2
e10
1ee2
1e
++1
1e
abc
.
1e-
1ee2
1e-
1ee2
-
abc
--2
e10
1.2.3
+
1ee2
000.e
000.e
1e+
++1
abc
e10
000.e
++1
+
1.2.3
1.2.3
e10
1e-
abc
-
1ee2
1e+
e10
1e
--2
+
1ee2
+
.
0e
1e-
1ee2
e10
1.2.3
1ee2
1.2.3
1e+
-
.
1ee2
e10
abc
1e
-
1e
1e-
1.2.3
++1
e10
++1
--2
0e
1ee2
000.e
e10
e10
1.2.3
000.e
--2
1e
0e
abc
1.2.3
--2
1e-
e10
e10
1e-
1ee2
000.e
abc
1ee2
1e+
1.2.3
--2
000.e
+
1.2.3
abc
0e
1ee2
++1
e10
.
1.2.3
1e+
+
1ee2
1e-
1.2.3
e10
+
1e-
1ee2
1e-
.
+
0e
.
-
+
.
1e
1.2.3
+
000.e
1e
1ee2
abc
.
1e-
0e
--2
0e
1ee2
1e-
++1
+
0e
--2
0e
abc
1e+
--2
--2
+
++1
+
e10
1e
1e+
--2
+
1.2.3
0e
1e
1ee2
1e+
1e-
1.2.3
1ee2
abc
1e-
1e
.
1e+
.
1.2.3
1e+
1e-
-
1e+
000.e
1e+
0e
+
1e-
1ee2
++1
1e+
0e
e10
1e+
1ee2
e10
e10
+
000.e
1.2.3
1e
1ee2
1ee2
1e-
1e+
0e
+
+
1e-
+
abc
++1
.
-
.
.
1.2.3
-
1.2.3
.
++1
0e
-
1ee2
abc
1ee2
1e-
0e
0e
+
1e+
000.e
1ee2
000.e
0e
abc
.
.
.
1e+
-
abc
1e
1e
1.2.3
1ee2
--2
abc
1e
1.2.3
-
abc
1e+
000.e
000.e
+
--2
000.e
1.2.3
0e
0e
1e+
0e
-
++1
1e+
1.2.3
0e
1e-
.
e10
.
e10
.
000.e
1e
1.2.3
1.2.3
+
--2
1e
--2
+
1ee2
e10
1e
e10
-
0e
1.2.3
1e
e10
-
0e
1.2.3
0e
1e+
.
1.2.3
0e
+
0e
--2
-
1.2.3
+
-
++1
++1
1.2.3
000.e
1e+
abc
0e
-
-
0e
1e
-
--2
.
1ee2
1e-
1e
abc
1.2.3
--2
0e
e10
-
-
1ee2
++1
--2
1ee2
000.e
1e-
1.2.3
--2
abc
++1
.
1.2.3
1e+
1e
1e-
1ee2
1e
0e
e10
1.2.3
.
.
.
-
--2
-
--2
1.2.3
1.2.3
000.e
0e
1e
-
++1
+
abc
++1
abc
.
e10
1ee2
0e
abc
1e-
1e-
++1
abc
1.2.3
+
--2
e10
1e+
--2
1.2.3
000.e
-
1ee2
.
abc
abc
000.e
1e+
-
1e-
1e
abc
000.e
1e
1e-
000.e
0e
abc
1e+
1.2.3
0e
1ee2
1e-
1e
abc
0e
--2
1e-
1e-
-
-
abc
000.e
.
1e+
0e
-
000.e
abc
1.2.3
abc
1e-
000.e
-
1e-
e10
000.e
1ee2
000.e
1e-
000.e
0e
1.2.3
1ee2
1.2.3
1e-
++1
--2
.
1ee2
--2
000.e
1e
0e
e10
0e
1e-
+
1.2.3
e10
000.e
1ee2
+
0e
-
-
e10
-
000.e
+
1.2.3
1.2.3
--2
1ee2
1e+
.
--2
++1
1ee2
-
abc
1e+
-
1e+
e10
1e
.
000.e
0e
1ee2
1e-
1e
.
.
e10
0e
0e
0e
1e-
--2
0e
1e-
+
1.2.3
000.e
000.e
1e+
1e
1e
0e
+
1ee2
+
+
-
000.e
000.e
++1
0e
0e
1ee2
.
--2
-
abc
++1
++1
000.e
--2
1.2.3
abc
--2
1e-
1.2.3
-
abc
000.e
1.2.3
1e-
-
e10
1.2.3
0e
1e
.
1.2.3
-
.
abc
0e
abc
1.2.3
-
+
e10
+
+
-
++1
abc
.
+
1e-
1e-
.
1e
0e
000.e
000.e
1e-
e10
.
1e
abc
000.e
1.2.3
+
+
++1
+
++1
000.e
-
abc
1e
1e+
abc
.
++1
1ee2
++1
1.2.3
000.e
1e
e10
1.2.3
1e+
-
++1
--2
e10
abc
e10
++1
++1
+
1e
1ee2
+
--2
0e
1e+
1ee2
.
--2
1e
000.e
e10
-
-
++1
+
+
1ee2
--2
000.e
1e
+
abc
1e
1ee2
abc
abc
-
++1
e10
1e
1e-
1e
-
000.e
0e
abc
--2
1ee2
-
+
1e+
abc
1e+
1ee2
+
1.2.3
+
abc
1e-
abc
000.e
000.e
1ee2
.
1e+
++1
abc
+
1ee2
-
--2
.
abc
-
-
0e
0e
-
+
1ee2
+
+
1.2.3
e10
0e
1e-
000.e
000.e
0e
1ee2
1e
++1
+
--2
++1
++1
1e+
.
.
1ee2
abc
-
1ee2
-
1ee2
-
e10
1e
+
+
-
1.2.3
1.2.3
1.2.3
0e
-
0e
+
+
1.2.3
++1
1ee2
1e
++1
1e
--2
+
1.2.3
abc
1e+
++1
+
1ee2
1e
000.e
1ee2
1e
e10
000.e
1e+
++1
1ee2
1e-
++1
000.e
1ee2
-
1ee2
+
0e
--2
1ee2
e10
1e
1e-
.
.
1e
000.e
.
1e-
1.2.3
0e
1e
1e-
abc
000.e
+
e10
--2
1ee2
000.e
1e-
.
+
1.2.3
abc
1e
abc
-
1e
e10
-
.
-
0e
++1
000.e
1e+
e10
--2
+
0e
1e-
e10
++1
e10
0e
.
1.2.3
++1
000.e
e10
e10
abc
1e
1e-
000.e
+
1e-
1.2.3
1.2.3
1.2.3
.
1ee2
++1
abc
1e+
+
.
1e+
e10
1e+
1e-
-
-
+
+
abc
1e
abc
1e-
e10
e10
1e
000.e
++1
e10
--2
1ee2
.
-
.
1e
-
0e
1.2.3
+
.
0e
-
1.2.3
-
0e
1e-
1e+
.
abc
++1
1ee2
--2
-
e10
1.2.3
1e-
-
000.e
-
+
1e-
.
+
--2
.
1e
1e+
+
1e
+
1e+
.
000.e
abc
1ee2
++1
-
-
+
1ee2
e10
--2
1e-
1e+
++1
--2
-
1.2.3
000.e
++1
1.2.3
--2
.
000.e
1.2.3
abc
abc
1e+
abc
-
.
1e+
e10
--2
000.e
.
1e+
-
0e
e10
1e
000.e
1.2.3
++1
.
1e+
++1
0e
--2
000.e
+
1.2.3
abc
000.e
-
0e
++1
1ee2
-
0e
--2
abc
--2
1e+
1e+
+
1ee2
1ee2
--2
abc
000.e
000.e
abc
abc
++1
.
1e+
e10
.
1e+
++1
1e-
++1
-
1ee2
000.e
abc
++1
abc
1e+
e10
.
.
--2
000.e
abc
++1
1e-
--2
000.e
1e+
++1
1e
--2
--2
1e+
+
abc
0e
-
000.e
--2
++1
abc
e10
1e
--2
0e
e10
++1
--2
1ee2
-
+
.
+
000.e
+
1ee2
++1
.
0e
1.2.3
1e
.
-
e10
1ee2
1e+
1e
++1
1e-
1ee2
abc
1e
1e-
1e-
e10
1.2.3
-
.
1e
+
1e+
++1
1e+
1e
+
+
000.e
1.2.3
abc
-
-
abc
abc
abc
-
.
1.2.3
--2
1e-
++1
1e+
--2
000.e
1.2.3
1ee2
-
1e-
1e
0e
-
abc
1e
1e+
1e+
.
e10
-
.
1e
1e+
abc
--2
+
1e+
+
0e
+
--2
1.2.3
abc
0e
1.2.3
-
.
000.e
1.2.3
++1
0e
1ee2
abc
--2
-
1e+
1e-
1e
.
+
-
e10
1ee2
+
++1
--2
--2
0e
++1
e10
0e
++1
0e
1e-
e10
1e-
-
1e+
1ee2
1ee2
1ee2
1e-
1ee2
0e
000.e
1e-
0e
+
1e
1e-
1e+
000.e
1.2.3
-
-
0e
1ee2
-
+
.
1e+
0e
.
1e-
1ee2
0e
++1
--2
0e
1e+
1.2.3
1e
.
+
1ee2
1e+
--2
1e-
-
.
1ee2
1e+
e10
0e
e10
000.e
++1
1ee2
1.2.3
000.e
1e-
++1
0e
.
++1
1e+
++1
1.2.3
-
1e-
abc
--2
1ee2
+
.
e10
++1
1e-
1.2.3
1e
1ee2
e10
1e-
1e+
1.2.3
000.e
.
+
1e+
0e
--2
1e+
000.e
0e
000.e
--2
1e-
1e+
.
1e
abc
1e
+
1.2.3
abc
1e+
1ee2
e10
1e+
1e
1e
e10
.
-
1e+
.
+
abc
1e-
0e
--2
1ee2
1e+
-
e10
-
.
+
--2
-
.
0e
1ee2
1ee2
1e+
+
-
000.e
1.2.3
+
e10
0e
0e
-
1.2.3
1ee2
+
1e-
1e+
e10
++1
1.2.3
1e+
1e+
e10
1e
--2
1.2.3
1ee2
++1
--2
.
.
abc
1ee2
000.e
1.2.3
1e+
1e
1e+
1e+
--2
1.2.3
1e-
--2
-
.
1e+
.
1.2.3
+
1e+
++1
abc
-
1e
1.2.3
e10
-
1e-
000.e
.
1ee2
-
0e
0e
0e
--2
1.2.3
--2
1ee2
abc
++1
.
000.e
1ee2
--2
+
1e
1ee2
++1
++1
e10
+
-
.
abc
-
-
-
.
1.2.3
1ee2
000.e
1ee2
abc
.
1e+
0e
+
e10
1.2.3
.
+
abc
--2
0e
1e
1e+
e10
.
--2
++1
-
000.e
-
+
000.e
++1
1e
0e
abc
1e-
1e-
e10
--2
.
.
1e+
1.2.3
-
abc
000.e
1e
+
1e+
1.2.3
1ee2
++1
1.2.3
++1
-
.
-
000.e
1ee2
++1
-
++1
abc
.
+
+
+
+
e10
1.2.3
--2
abc
1e-
.
e10
.
1e
-
1e-
0e
-
0e
1.2.3
1e-
000.e
+
abc
1e
1e-
-
1e+
-
0e
1e
+
e10
1e+
abc
.
000.e
++1
.
++1
1e+
abc
1e+
e10
1ee2
-
0e
++1
1e+
e10
1e-
++1
1e+
--2
.
1e-
000.e
1ee2
000.e
++1
1e-
--2
1.2.3
++1
abc
1e-
0e
abc
--2
1.2.3
e10
1e-
1e
.
.
1e+
.
0e
++1
000.e
1ee2
1.2.3
0e
1ee2
1e+
1e
--2
1.2.3
.
e10
-
0e
0e
--2
++1
e10
0e
1e-
++1
1e-
-
1e+
++1
1ee2
1.2.3
1.2.3
++1
+
000.e
e10
1e
.
1e+
-
1e+
.
e10
0e
--2
1e
1ee2
e10
.
e10
+
000.e
1e-
abc
000.e
-
1e
1e
e10
++1
1ee2
.
1.2.3
--2
1ee2
e10
.
1.2.3
++1
.
+
e10
1ee2
abc
0e
1e+
000.e
1e
0e
1e-
1.2.3
--2
1ee2
-
abc
1ee2
abc
++1
.
-
1e-
1.2.3
++1
000.e
-
-
1ee2
1e+
1.2.3
1e+
abc
++1
1ee2
-
-
1ee2
000.e
--2
--2
+
1e
000.e
1e-
1e-
1ee2
+
++1
1ee2
-
0e
--2
0e
1e
0e
e10
0e
.
0e
.
000.e
1ee2
--2
++1
--2
1.2.3
e10
-
1ee2
++1
1e-
1e-
+
1ee2
1e+
++1
-
+
1e-
1e
1ee2
1.2.3
1.2.3
1e
1e-
.
0e
--2
++1
abc
abc
1e+
1.2.3
.
1.2.3
1e-
abc
1ee2
0e
++1
+
1e-
0e
abc
e10
1e-
--2
000.e
.
+
0e
000.e
000.e
abc
1ee2
--2
0e
.
+
+
-
+
0e
000.e
1.2.3
1e+
e10
000.e
e10
0e
1ee2
abc
000.e
1ee2
1e
1e
--2
1e+
-
000.e
1e
.
1e
abc
1ee2
1e
1ee2
1e-
1e+
0e
0e
++1
1.2.3
e10
1e-
1ee2
.
e10
+
1.2.3
1ee2
-
1e
1e
1e
1e+
--2
1.2.3
1e
e10
e10
e10
++1
1e
000.e
--2
0e
1ee2
++1
e10
abc
--2
--2
+
1.2.3
1.2.3
1.2.3
e10
1e
1ee2
1e
1ee2
000.e
e10
.
+
+
1.2.3
-
0e
.
000.e
.
++1
+
1e+
1e+
1e
1ee2
1e-
0e
1e-
e10
1e-
abc
1ee2
e10
e10
abc
1.2.3
1.2.3
abc
e10
--2
1e+
1e-
000.e
e10
++1
e10
0e
-
1e+
1e
abc
+
-
e10
.
1e+
--2
1e-
abc
++1
++1
1e+
000.e
.
++1
000.e
1e-
1e+
0e
.
--2
++1
1e-
0e
0e
-
1e
+
000.e
1e+
000.e
1e+
+
e10
++1
++1
-
+
0e
.
++1
++1
-
1.2.3
1e-
e10
--2
++1
1.2.3
1e+
000.e
--2
1e
abc
1ee2
0e
000.e
0e
--2
1ee2
1ee2
abc
1ee2
0e
++1
+
000.e
++1
e10
1.2.3
0e
.
+
-
1ee2
abc
+
abc
-
.
-
1ee2
1e
1e+
1e+
++1
.
1e+
1e-
1e-
.
--2
-
1.2.3
abc
e10
000.e
0e
0e
+
abc
--2
-
.
1e+
e10
+
1e
1e+
-
1.2.3
1.2.3
-
++1
++1
++1
1e-
1e-
1.2.3
abc
--2
0e
++1
000.e
-
+
1e
+
1e
000.e
1e-
1e+
1.2.3
1ee2
0e
+
000.e
1.2.3
000.e
+
++1
1.2.3
-
--2
+
1ee2
1e
1ee2
1e+
-
.
e10
1ee2
++1
1e-
0e
1e+
1e+
1e-
1e+
+
1.2.3
1e+
e10
+
abc
1ee2
abc
abc
1e-
1e
e10
-
abc
.
000.e
+
1e-
000.e
1e-
+
+
1e+
abc
--2
+
1e+
abc
1.2.3
1.2.3
++1
.
e10
+
.
1ee2
1ee2
000.e
++1
--2
1e-
++1
--2
000.e
abc
1e-
0e
0e
.
000.e
-
1e+
1e
0e
+
-
0e
abc
++1
1e
1e
e10
1e-
1e-
1e-
++1
1e
1e+
abc
-
1ee2
1e-
1.2.3
e10
1ee2
1.2.3
-
1ee2
000.e
1e-
++1
0e
0e
++1
000.e
abc
+
000.e
1e
0e
1e
1.2.3
000.e
000.e
1e-
1e
1e
++1
1.2.3
1.2.3
1e-
1.2.3
--2
++1
--2
+
1.2.3
0e
.
1ee2
1ee2
e10
++1
e10
1ee2
1.2.3
++1
--2
1.2.3
1e+
abc
1e+
0e
+
1e
0e
1.2.3
000.e
000.e
++1
e10
0e
++1
1.2.3
+
e10
+
1.2.3
1e+
+
1e
0e
000.e
--2
abc
-
-
1ee2
+
-
++1
1.2.3
000.e
1e-
1e+
+
.
1e
++1
.
1ee2
1e-
1e
1e
++1
0e
000.e
abc
--2
abc
++1
1.2.3
000.e
1e
0e
1e-
1ee2
1e+
abc
abc
-
1.2.3
++1
000.e
++1
e10
1e-
.
abc
1e-
1e+
.
--2
1e+
0e
000.e
+
-
1e-
1.2.3
--2
1ee2
000.e
.
1e+
e10
abc
1e
--2
0e
1e
abc
.
0e
1.2.3
0e
1ee2
--2
1ee2
-
--2
1.2.3
1e+
1e-
1e+
1.2.3
000.e
1e
1e+
000.e
000.e
abc
--2
abc
000.e
++1
e10
000.e
1ee2
.
+
abc
1ee2
abc
e10
--2
+
1ee2
.
abc
1.2.3
1e+
+
1e-
000.e
++1
abc
+
+
1.2.3
--2
1ee2
++1
1ee2
1.2.3
++1
-
abc
1e+
1.2.3
--2
000.e
000.e
-
1e
.
.
+
+
000.e
1.2.3
++1
1e
e10
+
1.2.3
.
1e+
0e
1e-
1e+
e10
abc
--2
abc
1ee2
--2
.
.
abc
1e
.
++1
--2
1e+
.
1.2.3
e10
--2
+
-
000.e
e10
1.2.3
+
0e
++1
e10
1ee2
1e
1ee2
1e+
1e+
--2
++1
1.2.3
--2
0e
1e+
-
.
--2
--2
1.2.3
0e
.
abc
1e
1e
1e+
1e
-
000.e
+
1e+
1.2.3
1e+
1.2.3
0e
+
e10
abc
1ee2
--2
1e
000.e
1e-
1e+
+
abc
-
1e-
abc
--2
000.e
.
0e
1ee2
1ee2
.
+
1.2.3
1e+
--2
++1
1e+
000.e
1e+
+
abc
--2
-
0e
1e
e10
.
1ee2
0e
e10
1e-
.
1e-
+
1e
--2
.
1e+
+
000.e
1e
0e
e10
++1
1e+
000.e
1ee2
+
.
abc
1.2.3
0e
--2
1e
--2
0e
1e+
++1
+
1ee2
1.2.3
+
-
++1
.
0e
e10
0e
+
+
e10
1e+
1.2.3
.
.
+
--2
-
++1
++1
1.2.3
-
++1
e10
000.e
000.e
1e+
+
0e
1e+
+
1ee2
e10
abc
1e-
--2
1e+
0e
0e
1e-
-
1.2.3
-
--2
.
--2
1e-
-
--2
000.e
000.e
1ee2
000.e
1.2.3
1ee2
+
1e+
--2
-
000.e
000.e
e10
1e
abc
1e+
++1
.
1.2.3
1e+
1ee2
1.2.3
1e
1e+
++1
-
++1
1ee2
.
1e+
0e
1ee2
+
--2
1e-
e10
++1
e10
1e
1e+
+
-
e10
000.e
0e
000.e
1ee2
+
abc
--2
-
1.2.3
abc
1e-
1ee2
--2
1.2.3
abc
1ee2
0e
-
--2
1.2.3
1e
+
--2
--2
++1
abc
abc
1e+
-
1e+
1e
abc
000.e
0e
1e
-
1e-
abc
1e+
000.e
1e+
1e+
1e+
--2
1e-
0e
abc
1ee2
0e
1e+
--2
0e
1e+
+
1e-
0e
000.e
0e
+
--2
000.e
1.2.3
.
1e+
--2
1e-
--2
abc
1e
.
--2
1ee2
.
--2
1e-
1ee2
1ee2
e10
1e
1e+
abc
1e
-
--2
1ee2
abc
abc
0e
1e
0e
abc
1e-
1e-
abc
++1
0e
000.e
-
+
++1
0e
abc
1ee2
abc
1e
1.2.3
1e
1.2.3
0e
e10
abc
1e-
1e
1e-
000.e
+
1.2.3
0e
-
++1
0e
1ee2
000.e
++1
1e-
-
--2
1ee2
-
++1
1ee2
1e-
abc
1.2.3
0e
000.e
0e
1.2.3
000.e
.
abc
0e
++1
+
0e
--2
1e
--2
1e+
-
000.e
+
1e+
1e+
0e
--2
++1
000.e
1ee2
1e
--2
abc
0e
1.2.3
--2
0e
0e
--2
.
abc
++1
1ee2
1e
+
1.2.3
1e-
1e-
1.2.3
abc
1e-
e10
1ee2
++1
-
.
-
-
1e+
1ee2
e10
0e
1e-
.
.
1e
1.2.3
1.2.3
1e
.
1e+
0e
e10
++1
++1
1e+
abc
.
+
-
.
--2
0e
--2
-
1e-
-
++1
abc
.
1e
1.2.3
+
000.e
000.e
1e+
+
+
+
+
.
1e+
0e
+
e10
++1
1e
-
1ee2
e10
0e
+
e10
.
-
++1
abc
++1
.
1ee2
1ee2
1e
000.e
-
+
1e
1e-
1.2.3
0e
1e-
-
abc
e10
1.2.3
abc
-
e10
1e-
abc
++1
abc
1e-
+
1e
abc
-
1ee2
++1
0e
1e
e10
1e
1e
+
000.e
1ee2
1.2.3
--2
.
1e
+
1e+
-
1e-
--2
+
0e
e10
1e-
1e+
e10
0e
000.e
1e+
e10
abc
.
1ee2
e10
abc
1e
1e+
1e-
1e-
--2
.
1e
--2
--2
++1
e10
1e+
+
abc
1e+
1.2.3
000.e
-
000.e
1e-
1e+
1e-
1ee2
1e+
.
+
1e+
1e+
1e
e10
abc
1ee2
1ee2
e10
++1
1.2.3
--2
1.2.3
1e
--2
++1
0e
+
0e
-
-
+
e10
+
++1
1ee2
1e-
--2
+
e10
abc
1e-
0e
.
-
--2
.
1e-
1.2.3
-
-
000.e
0e
e10
abc
abc
1e-
abc
0e
000.e
--2
e10
e10
000.e
++1
1ee2
abc
e10
e10
0e
+
1e+
abc
1ee2
++1
1e
1ee2
++1
-
1ee2
+
1e+
1.2.3
1ee2
1.2.3
1ee2
1e+
++1
0e
1.2.3
e10
0e
1ee2
abc
1e
1.2.3
000.e
+
1e
0e
1ee2
++1
0e
1e-
++1
1e
1e-
--2
abc
000.e
1e-
1e+
e10
1ee2
1.2.3
1e-
--2
000.e
1ee2
e10
--2
1.2.3
0e
e10
+
0e
-
abc
000.e
1e-
0e
-
1ee2
1ee2
+
++1
abc
1ee2
e10
e10
0e
e10
--2
1e
+
1e-
000.e
000.e
-
0e
abc
000.e
+
-
1.2.3
abc
.
++1
1e-
1e+
000.e
1e
1ee2
0e
++1
1.2.3
.
.
++1
--2
+
1e-
+
+
1e+
e10
e10
--2
1ee2
+
1ee2
1.2.3
++1
0e
--2
1ee2
000.e
abc
1e-
e10
-
1.2.3
++1
e10
.
000.e
e10
.
+
1e-
.
+
0e
1e+
1.2.3
1e-
1.2.3
e10
-
1ee2
1e
1e-
--2
1e
1e+
+
1.2.3
e10
1e
.
e10
1e+
1e
abc
1e+
e10
--2
-
0e
1e+
.
0e
1.2.3
000.e
.
1ee2
0e
000.e
.
abc
1ee2
000.e
++1
+
--2
--2
++1
e10
--2
1ee2
e10
1.2.3
1e-
.
+
abc
1e-
--2
000.e
1e+
.
1e-
+
1e-
1e+
1e-
--2
1e+
1e
.
1ee2
1e+
e10
abc
1.2.3
1ee2
1e+
e10
1.2.3
0e
+
+
000.e
.
0e
.
1ee2
+
++1
0e
0e
0e
0e
+
+
+
1ee2
000.e
-
++1
1.2.3
.
1.2.3
.
1e-
0e
.
000.e
e10
e10
1e-
1e
0e
1e
+
1ee2
1e-
abc
-
0e
1e-
000.e
1e-
.
e10
1e-
++1
--2
--2
abc
1e
-
++1
1.2.3
1e
000.e
+
++1
1e
1e+
-
++1
1e
abc
--2
e10
000.e
0e
1e+
.
--2
1ee2
000.e
1e
.
++1
-
-
0e
0e
1e
1e+
e10
.
1e
-
e10
e10
1e-
1.2.3
1e+
+
000.e
0e
.
--2
++1
abc
--2
0e
--2
000.e
000.e
e10
.
1.2.3
1e-
+
.
000.e
++1
.
abc
abc
1e-
1e+
-
1.2.3
-
+
1e
1e
abc
1ee2
.
abc
1e+
+
1ee2
e10
--2
--2
1e+
1e+
000.e
-
000.e
++1
.
0e
1.2.3
-
++1
1e
1e
1ee2
1e
--2
.
1e
1e
1.2.3
000.e
--2
1.2.3
.
1e-
abc
1e
1e+
abc
0e
+
+
--2
0e
1e+
.
1e-
e10
+
1e
1.2.3
1e
++1
--2
000.e
+
e10
--2
1ee2
+
000.e
--2
1.2.3
e10
+
e10
1.2.3
1e
abc
abc
++1
0e
1e-
1.2.3
-
1e-
++1
000.e
000.e
000.e
abc
-
000.e
-
000.e
0e
1.2.3
.
abc
000.e
+
++1
++1
--2
+
-
abc
e10
1ee2
1e
0e
000.e
1.2.3
1e+
abc
e10
1e+
++1
-
1.2.3
+
1ee2
1e-
+
1ee2
1.2.3
1e+
+
000.e
1e+
0e
-
1ee2
000.e
-
1e
++1
1e
1e-
1.2.3
.
--2
-
.
+
1.2.3
++1
-
1e+
-
1e-
e10
e10
-
000.e
e10
1e+
abc
0e
e10
0e
1ee2
1e-
--2
0e
1e+
0e
++1
1e-
1e-
1ee2
1ee2
abc
++1
abc
--2
0e
abc
-
1e
e10
1e-
1.2.3
1e
1e
1ee2
e10
-
1e+
abc
1ee2
000.e
000.e
e10
abc
000.e
abc
1.2.3
e10
1e-
000.e
.
e10
++1
0e
++1
1.2.3
++1
++1
1e+
-
000.e
+
000.e
1.2.3
--2
0e
1ee2
--2
1e+
1e+
0e
.
++1
abc
e10
++1
1e
--2
-
+
1e
e10
000.e
0e
+
0e
++1
+
e10
1e+
abc
+
1e+
1.2.3
1.2.3
1e+
1e+
1ee2
1e-
-
e10
.
1e
e10
0e
0e
1e
1e-
1e-
--2
abc
-
++1
.
e10
1e
e10
.
e10
1e+
++1
++1
1ee2
e10
++1
-
000.e
1e-
1.2.3
.
-
1e
e10
.
++1
1e
--2
++1
1e+
1.2.3
e10
1ee2
1.2.3
e10
-
1e
++1
--2
++1
e10
1e-
--2
e10
.
abc
+
1.2.3
abc
1e+
1e+
1.2.3
1ee2
++1
1ee2
1e-
-
1ee2
-
1ee2
000.e
--2
--2
++1
e10
1e-
0e
1e+
1e+
1ee2
0e
1e-
--2
-
--2
1.2.3
--2
1ee2
++1
-
1e-
1e-
000.e
abc
-
++1
1ee2
+
000.e
1.2.3
0e
.
1e-
1.2.3
1e+
++1
--2
--2
1e-
--2
0e
000.e
1e+
1e+
+
-
1ee2
--2
0e
.
0e
+
1.2.3
--2
1e+
++1
-
--2
1ee2
1ee2
1e
++1
abc
000.e
1e+
-
.
--2
000.e
-
++1
1e+
1ee2
++1
0e
1e
--2
.
1e+
.
1e
-
.
++1
1e+
-
abc
1e-
+
++1
1e-
+
1e+
1.2.3
0e
.
++1
.
.
+
.
++1
.
1e+
+
abc
++1
1.2.3
1.2.3
1e+
-
+
--2
++1
1e
1e+
e10
+
1.2.3
+
0e
e10
--2
e10
0e
abc
+
1e-
1.2.3
--2
1e
+
--2
--2
0e
.
++1
abc
++1
1ee2
1e+
1.2.3
e10
+
000.e
-
1e
.
--2
.
+
1ee2
-
+
.
-
e10
abc
000.e
e10
1e-
1ee2
++1
+
0e
1.2.3
e10
-
1e+
1ee2
.
1.2.3
1e-
.
1e+
++1
0e
++1
0e
--2
abc
1e
1e+
e10
++1
1e
abc
++1
1e+
+
1.2.3
1ee2
0e
000.e
--2
1e-
1.2.3
++1
000.e
1.2.3
1ee2
1.2.3
1e
1.2.3
++1
e10
e10
000.e
e10
+
.
--2
1e-
+
++1
e10
1.2.3
++1
1e-
abc
.
1e-
1e-
e10
-
1e+
1ee2
000.e
+
e10
1ee2
++1
--2
1e-
.
e10
-
1ee2
--2
000.e
1.2.3
.
-
000.e
++1
1ee2
-
1e
1e
1.2.3
+
000.e
++1
0e
1ee2
0e
1e
1ee2
1e-
1e+
1.2.3
1e+
1e
+
.
.
.
000.e
.
1.2.3
1ee2
--2
1.2.3
0e
0e
.
+
1.2.3
1.2.3
++1
.
--2
.
000.e
.
e10
1e+
0e
+
++1
abc
++1
1e
1e
+
1e-
.
0e
e10
1e
--2
0e
1e-
.
e10
-
e10
1e+
.
e10
++1
--2
1ee2
000.e
1e
1.2.3
1e-
1ee2
abc
--2
0e
1e+
1ee2
1e
1e-
++1
1ee2
000.e
+
++1
e10
000.e
--2
000.e
abc
1ee2
+
1e+
1e+
.
.
0e
1e+
1.2.3
abc
0e
++1
1ee2
1e+
++1
1e
0e
000.e
1.2.3
1.2.3
000.e
++1
.
1e
1e+
0e
0e
1e-
1ee2
000.e
-
1ee2
+
++1
-
++1
e10
.
1e
1e
.
1ee2
1e+
e10
--2
+
++1
1ee2
1e
-
++1
abc
++1
1e+
abc
-
-
+
1.2.3
abc
.
++1
1ee2
1e
+
1e
1e+
-
1.2.3
++1
-
.
-
1e
.
000.e
++1
+
1ee2
-
1ee2
--2
1.2.3
000.e
abc
--2
0e
abc
e10
e10
--2
.
0e
e10
.
-
0e
.
0e
.
000.e
++1
++1
1ee2
+
1e+
.
e10
0e
000.e
1e
--2
1e
1e+
0e
++1
.
--2
000.e
0e
1e+
++1
e10
.
1e+
e10
1e-
000.e
1.2.3
1e-
000.e
abc
++1
--2
.
1e
1e+
0e
++1
.
--2
0e
1ee2
1ee2
1ee2
.
+
1e-
0e
1ee2
1e+
.
1e
000.e
+
abc
e10
++1
1e+
1.2.3
+
1e-
1e
1.2.3
--2
abc
--2
abc
1ee2
e10
--2
1e-
abc
1ee2
--2
-
1.2.3
1e
0e
++1
000.e
1e+
1e-
1e+
1.2.3
1ee2
1e-
1ee2
+
abc
abc
+
1ee2
1.2.3
1e-
1e+
abc
0e
+
000.e
.
1e-
++1
+
1e
+
1.2.3
+
1.2.3
1.2.3
e10
--2
000.e
1e-
+
+
0e
e10
000.e
e10
0e
1e
e10
++1
1e
1e+
++1
-
abc
-
1e-
1.2.3
1ee2
-
+
1e-
000.e
1e
1e+
--2
1.2.3
1ee2
0e
1e+
-
0e
1.2.3
abc
abc
+
.
+
--2
--2
1ee2
0e
1e-
000.e
-
abc
1e-
1e-
++1
e10
abc
+
1e-
1e-
++1
1e
0e
1e-
1ee2
++1
1e
1e+
1ee2
1e-
-
abc
.
abc
1e
0e
+
-
1.2.3
+
1e+
1e+
1.2.3
0e
+
1e+
+
++1
abc
0e
e10
000.e
000.e
000.e
1.2.3
1ee2
0e
000.e
1e-
++1
1e+
1.2.3
1.2.3
1ee2
1e-
--2
1.2.3
e10
abc
-
abc
1e
++1
1e
000.e
0e
++1
++1
--2
.
-
e10
0e
1e
-
.
-
1e+
1e-
0e
1e-
1e+
e10
0e
000.e
1e+
abc
1e
000.e
000.e
1e
0e
1e
-
++1
1.2.3
++1
e10
0e
++1
+
e10
1e-
1e+
0e
e10
1ee2
.
0e
--2
1e+
abc
1e+
e10
.
1e+
++1
000.e
1e
0e
000.e
1.2.3
1.2.3
--2
1e
e10
000.e
1e+
abc
0e
1e+
e10
1e+
1e-
.
1e+
1e-
abc
-
.
1e-
0e
1ee2
--2
000.e
1e-
--2
abc
abc
-
--2
1e+
abc
1e+
1e+
--2
1.2.3
e10
1ee2
000.e
e10
+
1e
+
--2
1e-
1e-
-
+
.
1e+
1.2.3
++1
0e
abc
1e
0e
1e
-
--2
abc
++1
+
.
+
abc
.
0e
abc
+
1ee2
-
+
1.2.3
1e-
+
--2
e10
1e-
0e
--2
++1
e10
++1
e10
1e-
000.e
.
e10
0e
1ee2
1e-
1e+
e10
1ee2
1e
1.2.3
abc
--2
1e+
++1
--2
-
e10
1e+
0e
++1
1.2.3
1.2.3
0e
++1
abc
++1
1e
++1
++1
1ee2
abc
1ee2
1e+
--2
0e
1.2.3
--2
++1
.
e10
.
1ee2
+
1e+
+
.
e10
1e
--2
1e
--2
1.2.3
--2
.
abc
e10
0e
++1
-
+
0e
-
.
++1
--2
--2
-
1ee2
-
++1
abc
0e
abc
.
--2
1.2.3
1e
1e+
+
1.2.3
e10
0e
-
-
1e
abc
-
e10
1e-
1ee2
1e+
000.e
000.e
1e+
0e
1e+
.
1.2.3
000.e
++1
1.2.3
-
abc
.
000.e
+
1.2.3
+
--2
1.2.3
-
-
1.2.3
e10
0e
+
0e
+
1.2.3
1e
1e-
1e-
--2
1e+
++1
1e+
--2
1ee2
abc
-
1.2.3
.
0e
000.e
1ee2
0e
1e-
-
1e-
0e
1.2.3
1.2.3
1e+
1e-
1e+
e10
+
-
++1
1e-
abc
+
+
e10
1e-
1ee2
1e-
.
1e+
+
000.e
1.2.3
+
.
+
.
0e
.
1e-
1e
1e-
-
+
--2
000.e
+
.
1ee2
.
abc
1e
-
0e
++1
.
1.2.3
1e+
1e
--2
++1
--2
1e-
abc
1e-
e10
+
++1
.
1e+
abc
1.2.3
-
0e
0e
1ee2
abc
1ee2
.
1.2.3
1ee2
1e
1.2.3
1ee2
++1
-
+
000.e
1.2.3
-
000.e
1.2.3
abc
1.2.3
++1
e10
.
000.e
e10
1e-
abc
abc
000.e
.
1ee2
1e-
.
0e
+
+
1e
1e
1ee2
++1
-
.
1e+
000.e
1.2.3
1e-
+
1ee2
++1
-
--2
++1
000.e
.
0e
+
1e+
-
1e
.
1ee2
.
1e+
1e
1e-
--2
--2
1ee2
0e
000.e
-
++1
1ee2
-
abc
--2
+
.
.
1e
+
e10
e10
1.2.3
.
1e+
abc
1e+
++1
1.2.3
++1
-
000.e
1.2.3
000.e
1e+
-
--2
1ee2
.
-
1e
1e
1e
e10
++1
1e
000.e
1e-
--2
1e-
000.e
0e
-
--2
000.e
0e
000.e
0e
1e
-
abc
1e
+
000.e
-
e10
1e-
1e-
1e+
000.e
-
1e
-
-
e10
1e+
.
abc
1ee2
1.2.3
+
abc
--2
1ee2
1e
e10
+
--2
1ee2
1ee2
1.2.3
1e+
abc
1e+
e10
1e
.
++1
1ee2
000.e
000.e
000.e
e10
.
abc
abc
-
1ee2
0e
abc
abc
0e
1e+
1e-
1e
--2
1e-
++1
++1
000.e
1e
1e+
000.e
000.e
--2
++1
1e-
+
++1
000.e
+
000.e
++1
++1
1ee2
e10
-
1ee2
0e
-
--2
-
000.e
e10
1e
.
1e
000.e
--2
+
1e-
1e
e10
+
000.e
1e-
000.e
1e-
1e+
1ee2
e10
++1
1.2.3
1ee2
abc
abc
abc
1e+
.
--2
000.e
000.e
e10
-
++1
abc
abc
+
1e+
e10
1e
1.2.3
++1
1.2.3
--2
1ee2
1e-
1e+
1e-
1ee2
1.2.3
1e-
--2
000.e
000.e
--2
+
abc
abc
--2
e10
--2
0e
1e
1e-
.
000.e
1e-
000.e
--2
1e+
0e
000.e
1.2.3
abc
-
e10
1.2.3
1e-
1e-
.
e10
-
abc
000.e
-
e10
000.e
1e
+
1e+
1ee2
0e
1e
++1
.
+
000.e
--2
+
1e
1e-
1ee2
++1
000.e
1e
-
++1
-
--2
1e+
1e+
1ee2
abc
++1
1e-
abc
1e
1e+
--2
1e+
0e
0e
e10
1ee2
abc
e10
1e-
--2
000.e
e10
1e
--2
1e-
.
0e
++1
1e-
1e
+
1e-
.
0e
e10
000.e
-
0e
1.2.3
0e
++1
000.e
.
1e
++1
1e+
-
++1
-
abc
++1
1.2.3
0e
--2
1e-
--2
1e
1e
abc
1e-
--2
1e-
.
1.2.3
1e+
--2
1.2.3
1.2.3
++1
0e
abc
000.e
abc
0e
1e
+
-
1e-
++1
abc
1.2.3
000.e
1e-
1ee2
++1
e10
1e
.
1e-
1e+
.
-
-
1e
0e
1.2.3
++1
0e
++1
-
abc
++1
1e+
1e
abc
000.e
1e
1ee2
-
000.e
+
--2
.
1e
.
1ee2
e10
0e
e10
1ee2
0e
1e+
e10
-
1ee2
-
e10
abc
000.e
1ee2
1e-
1e
abc
-
1e+
0e
+
1ee2
000.e
1e
1e+
1e-
0e
000.e
abc
abc
1e
1e-
1e+
1ee2
000.e
1e-
1e+
000.e
abc
-
1e-
.
abc
abc
1e-
1.2.3
+
abc
1e+
--2
1.2.3
0e
++1
-
000.e
+
0e
++1
-
1e-
--2
000.e
-
1e
1.2.3
++1
1e
--2
1.2.3
+
1ee2
--2
.
000.e
1e+
+
0e
1e
abc
1.2.3
e10
1ee2
1e
--2
+
1ee2
000.e
++1
1e-
+
++1
-
+
1e-
e10
+
1e
-
+
000.e
+
.
1.2.3
000.e
-
1e+
+
.
1e+
1ee2
.
e10
1e+
1e+
1.2.3
+
-
0e
1e-
1.2.3
1e
0e
e10
++1
+
1.2.3
-
1.2.3
1e-
++1
0e
abc
+
-
0e
1e+
e10
000.e
0e
+
e10
e10
1e-
000.e
.
1e
1e-
1ee2
e10
1ee2
1e+
e10
--2
+
1e
000.e
-
000.e
1e+
000.e
0e
++1
.
1e-
.
++1
e10
000.e
.
1e
abc
-
.
1.2.3
1.2.3
.
++1
1e+
1e+
1e+
000.e
000.e
++1
0e
0e
.
1e-
--2
000.e
0e
--2
000.e
+
+
1e
++1
1ee2
++1
1.2.3
1e-
0e
000.e
1e
1e
++1
1.2.3
-
1ee2
1.2.3
1e
1e+
1e
1.2.3
e10
0e
1e
++1
0e
1e
000.e
1.2.3
-
-
+
e10
0e
abc
000.e
1e
-
+
+
--2
abc
1.2.3
.
abc
++1
1e-
0e
abc
1e
1e-
+
1e-
0e
1e
e10
abc
-
abc
1.2.3
++1
.
1e-
--2
--2
++1
++1
.
0e
1e-
1ee2
1.2.3
1e+
abc
1e
--2
1.2.3
e10
1e+
.
1.2.3
1e-
++1
1.2.3
1ee2
e10
e10
0e
++1
e10
e10
++1
1.2.3
-
+
-
abc
.
0e
.
-
000.e
1.2.3
1e-
+
1ee2
--2
++1
0e
1ee2
1e
.
abc
-
+
+
1.2.3
1e-
+
e10
abc
--2
--2
1e
+
++1
+
+
+
000.e
e10
0e
000.e
+
-
e10
000.e
+
1e+
abc
abc
e10
e10
1e-
.
.
1ee2
abc
000.e
++1
000.e
1ee2
0e
+
1e-
1.2.3
0e
.
abc
0e
1e
--2
+
1e
1.2.3
1e
1e+
+
000.e
1e-
1e+
+
+
.
1e+
1.2.3
0e
0e
1e-
--2
0e
1e
++1
1.2.3
++1
-
1e-
0e
000.e
1e+
1e
++1
000.e
1.2.3
1e-
1.2.3
e10
1e
-
--2
1.2.3
--2
e10
abc
1.2.3
0e
1.2.3
0e
++1
000.e
1ee2
1e-
1ee2
abc
e10
000.e
000.e
--2
1ee2
-
1e
1e
-
0e
abc
--2
0e
.
1e
++1
.
000.e
-
e10
+
1ee2
abc
.
abc
000.e
1e-
-
1e-
000.e
-
1ee2
1e
abc
0e
+
1ee2
++1
-
-
1e+
.
1e-
1.2.3
++1
abc
--2
--2
e10
0e
++1
++1
--2
e10
+
+
abc
abc
0e
1e
+
000.e
1e-
1ee2
e10
e10
1.2.3
1e-
.
1ee2
000.e
1ee2
1e-
1ee2
++1
1e
0e
1e
-
.
1e+
1e+
1e-
000.e
--2
0e
.
1e+
0e
1e
1.2.3
e10
--2
.
1e+
1e-
--2
-
-
000.e
1e+
1e-
1e+
1e+
1e+
-
1e+
1e
e10
000.e
.
1ee2
.
0e
e10
1.2.3
1e-
++1
1ee2
-
0e
-
e10
1e-
abc
1.2.3
000.e
1.2.3
e10
1e+
+
+
abc
--2
1.2.3
e10
abc
abc
-
++1
.
000.e
++1
0e
abc
1e-
0e
+
-
abc
.
+
+
1e+
1e+
1e+
0e
abc
-
1e+
1.2.3
0e
++1
1e+
-
e10
0e
1ee2
0e
++1
--2
0e
+
+
e10
1.2.3
-
e10
1e-
1e
++1
+
000.e
1e
-
0e
++1
--2
++1
1e
0e
0e
1e+
000.e
.
-
--2
1ee2
1e+
1.2.3
000.e
1e
1e
.
+
.
000.e
1e-
e10
0e
000.e
abc
1e
1e-
.
.
--2
1e+
1ee2
1e-
abc
abc
.
-
abc
0e
e10
1.2.3
-
--2
1e+
1e
-
1ee2
0e
1e-
+
--2
.
++1
000.e
e10
1e+
1e+
++1
1ee2
.
+
1ee2
+
-
--2
1e-
0e
1.2.3
1e
1.2.3
+
abc
1ee2
1e+
++1
e10
1e+
e10
1e-
0e
1e
1.2.3
1.2.3
0e
-
++1
000.e
+
1e+
++1
1.2.3
000.e
0e
-
000.e
1e
e10
abc
1ee2
1.2.3
+
++1
1e+
-
0e
++1
1e
--2
e10
abc
1.2.3
1e+
--2
e10
+
1e+
+
-
1e+
1ee2
1e
abc
--2
-
1e-
1e
1e
1e-
e10
e10
1e
1e+
--2
.
0e
e10
--2
1ee2
0e
-
.
+
000.e
0e
e10
0e
.
.
.
1.2.3
abc
.
+
++1
.
1.2.3
++1
e10
-
++1
1.2.3
.
-
++1
--2
000.e
1ee2
abc
.
1e+
-
abc
1ee2
.
+
1e+
--2
1.2.3
+
1e
--2
1e
1e-
1.2.3
abc
+
1ee2
++1
000.e
1e+
1ee2
1e
--2
-
1ee2
1ee2
1e
++1
1e
1e+
1ee2
+
1e-
.
1e+
+
000.e
-
000.e
abc
000.e
1ee2
1e+
+
abc
0e
-
abc
+
e10
1.2.3
.
1.2.3
-
-
1e+
e10
abc
1.2.3
1ee2
e10
-
1e+
1e-
1e+
1e+
abc
-
1ee2
.
e10
.
1e-
0e
0e
0e
+
1e-
1e
+
1e+
1.2.3
e10
1.2.3
e10
1e+
1e-
--2
--2
1.2.3
e10
.
-
.
1e
.
1e+
1e-
1e-
e10
-
e10
1.2.3
1e+
000.e
+
000.e
--2
abc
abc
.
1.2.3
.
-
0e
+
+
+
++1
1.2.3
1e+
++1
abc
--2
000.e
--2
1e-
1e-
1e
1e-
1e+
e10
1e
+
1e
0e
1e
1ee2
000.e
1.2.3
abc
+
1ee2
0e
1e
--2
000.e
000.e
-
abc
1e
1ee2
1.2.3
1e
++1
1e-
+
000.e
--2
000.e
.
0e
0e
e10
0e
1.2.3
--2
abc
1e+
+
.
1.2.3
-
1e+
000.e
+
000.e
1ee2
1e
abc
.
0e
++1
1e+
1e-
+
++1
000.e
000.e
+
1e
1e-
1.2.3
--2
1e
000.e
1ee2
-
1e-
1e+
abc
1e+
abc
e10
++1
000.e
e10
++1
e10
1e
1e-
-
abc
1e-
-
1e
1e+
0e
000.e
--2
000.e
.
+
++1
abc
1ee2
1.2.3
000.e
+
++1
++1
e10
--2
--2
1e-
000.e
+
0e
+
e10
-
000.e
+
1e+
1.2.3
1ee2
+
1e
+
1ee2
abc
+
e10
1ee2
1ee2
++1
1ee2
1.2.3
.
1ee2
0e
--2
+
e10
e10
1e+
abc
000.e
1e+
1e
--2
1.2.3
--2
000.e
1e-
1e-
+
1ee2
-
000.e
++1
000.e
1.2.3
1e+
e10
1e+
abc
++1
1e
1e-
-
1e-
--2
1.2.3
e10
1e+
abc
1ee2
1.2.3
0e
1e+
1.2.3
+
0e
++1
++1
1ee2
--2
1e+
0e
1ee2
++1
0e
000.e
-
--2
000.e
1e
1e-
.
abc
1ee2
e10
abc
.
1e+
1e-
1e+
.
1ee2
1e
1e+
1e
abc
1e-
++1
--2
--2
1e
1.2.3
e10
--2
1ee2
1e
1ee2
1ee2
0e
-
abc
e10
+
+
1ee2
0e
.
+
--2
0e
1e
000.e
++1
1.2.3
1e-
000.e
++1
1e+
1e-
1e-
000.e
1ee2
000.e
e10
+
abc
1e
++1
-
.
1.2.3
1e+
+
++1
+
--2
1ee2
000.e
0e
e10
1e-
--2
++1
1ee2
+
e10
.
000.e
1e-
0e
++1
+
1e-
-
abc
1.2.3
+
0e
.
000.e
1ee2
++1
1ee2
--2
0e
1e+
-
0e
e10
++1
.
e10
--2
1e-
--2
1ee2
000.e
+
e10
1e+
e10
++1
1ee2
000.e
.
abc
1.2.3
1e+
e10
1e
1e
+
000.e
-
.
++1
.
e10
000.e
0e
1e+
.
-
++1
e10
-
.
1e-
1.2.3
000.e
1e
.
1e-
0e
.
abc
+
++1
1.2.3
0e
000.e
1.2.3
.
1e
--2
1e
1ee2
e10
abc
e10
1.2.3
++1
+
abc
abc
1.2.3
abc
1e
++1
1e+
1e-
0e
.
1e+
000.e
e10
000.e
1ee2
+
abc
1e
--2
0e
000.e
0e
1e
1e-
1e-
++1
1e+
e10
1ee2
++1
0e
-
e10
1ee2
1.2.3
+
0e
.
1e
abc
1ee2
--2
e10
+
.
000.e
1ee2
1e+
++1
+
.
1.2.3
-
1e
+
1ee2
1e
e10
000.e
abc
e10
1e+
+
000.e
1e+
000.e
1ee2
abc
--2
--2
1e-
--2
+
0e
0e
0e
.
1.2.3
0e
--2
+
abc
--2
+
--2
++1
1.2.3
1e+
abc
++1
--2
e10
abc
.
+
e10
1e
1e
1ee2
0e
1e
+
abc
000.e
--2
0e
1e+
e10
e10
000.e
1.2.3
1e
1e-
++1
--2
+
+
abc
e10
1e+
0e
1e+
--2
abc
e10
++1
1ee2
+
-
1.2.3
1ee2
1ee2
--2
++1
000.e
abc
+
000.e
abc
1e+
1e-
1ee2
1e
1e-
--2
abc
abc
1ee2
.
--2
e10
1ee2
-
-
000.e
e10
1e+
1e
abc
1e-
--2
e10
1.2.3
+
000.e
+
1e-
1e-
.
-
e10
0e
000.e
1e-
1e
++1
-
1e
+
-
1e
1e-
0e
000.e
0e
0e
1.2.3
000.e
1e+
1e+
++1
++1
++1
+
-
.
abc
-
1e-
--2
-
+
-
e10
abc
.
--2
++1
1e-
1e+
1e
--2
+
1ee2
000.e
1ee2
++1
.
+
1.2.3
e10
+
e10
.
1ee2
000.e
-
0e
1.2.3
.
1e+
abc
1e
.
1e+
1e-
abc
++1
e10
++1
0e
e10
1e-
1e-
1e+
abc
e10
1e
abc
0e
.
1ee2
1.2.3
0e
+
0e
1e
e10
1e+
+
1e+
++1
++1
000.e
0e
1e
e10
0e
abc
+
1ee2
1e
++1
++1
1.2.3
.
1ee2
000.e
1e-
abc
1.2.3
1e+
+
.
abc
++1
1e
1.2.3
1e+
abc
0e
+
abc
+
-
1e+
++1
1e+
abc
000.e
abc
1e+
1ee2
000.e
000.e
1e+
1ee2
--2
1ee2
abc
.
e10
0e
-
e10
1e
++1
1e
+
1e
1ee2
abc
e10
.
1e
--2
abc
000.e
e10
1e
0e
--2
1ee2
--2
+
++1
++1
1.2.3
.
1e+
++1
000.e
1.2.3
++1
e10
1.2.3
+
1e-
++1
1.2.3
-
.
1.2.3
1ee2
1e-
abc
abc
.
e10
1e
1e+
1e+
+
-
000.e
1e
1e+
1.2.3
000.e
000.e
1ee2
-
++1
000.e
+
1e+
1e+
.
abc
.
++1
000.e
1.2.3
abc
1e
abc
000.e
--2
1ee2
--2
1e+
++1
e10
abc
1e
1e-
.
1.2.3
++1
1ee2
-
e10
++1
++1
1.2.3
.
++1
1e-
1e+
0e
-
-
e10
1e-
e10
++1
1e
1e+
e10
1ee2
+
1.2.3
0e
000.e
--2
1.2.3
1.2.3
1e-
--2
++1
1.2.3
--2
000.e
++1
1e+
1e-
000.e
-
+
1e
.
-
--2
abc
-
abc
++1
e10
1ee2
-
1.2.3
--2
--2
e10
1.2.3
1e-
++1
0e
0e
--2
.
-
--2
abc
+
abc
000.e
abc
abc
+
1e+
1e-
++1
.
+
-
1e
+
+
.
000.e
000.e
1e+
abc
1e+
e10
1e+
++1
1e-
+
1e-
--2
1e+
e10
--2
.
000.e
++1
1e-
++1
e10
--2
.
e10
++1
-
abc
1e
e10
abc
1.2.3
0e
-
000.e
0e
0e
1e-
000.e
-
abc
1ee2
1e
+
--2
++1
--2
.
++1
1e+
1e
.
1e
1.2.3
--2
1ee2
1e+
++1
1e-
abc
e10
1e
abc
-
0e
e10
abc
++1
e10
abc
--2
++1
--2
1e+
e10
1ee2
abc
1e
1e-
+
e10
1ee2
1ee2
+
.
-
1e-
abc
-
.
e10
1e
1e-
--2
-
1e
1ee2
1e
--2
e10
1e
+
1e
1e+
1e+
1e
e10
+
1e
1ee2
--2
+
0e
0e
-
1e+
-
1e
1ee2
abc
1.2.3
++1
1e
1e-
+
--2
-
1e
e10
1e+
++1
++1
--2
1e-
000.e
1e-
1e-
1e-
1e-
000.e
--2
+
abc
--2
1e
abc
.
abc
e10
0e
1e
1e+
1e+
1e-
+
abc
-
e10
abc
abc
.
+
.
1e-
000.e
.
e10
e10
1e+
abc
1e-
0e
e10
0e
abc
000.e
e10
-
--2
1e
0e
abc
abc
1.2.3
--2
++1
1.2.3
e10
1ee2
1e
000.e
++1
--2
0e
abc
1e+
e10
1e+
000.e
1ee2
--2
1e+
1e+
--2
abc
1.2.3
abc
1e
abc
1.2.3
1e-
.
abc
1e
abc
1e+
1ee2
1.2.3
abc
000.e
-
e10
1e-
.
1e+
000.e
--2
1e+
1e-
1e+
.
++1
1ee2
1ee2
-
abc
1.2.3
0e
.
1.2.3
++1
.
-
-
++1
1ee2
++1
+
--2
e10
--2
1ee2
1e+
0e
e10
--2
000.e
1e+
++1
e10
-
1ee2
0e
+
e10
1e-
+
e10
-
1ee2
1e-
+
000.e
1e-
++1
0e
-
1e-
++1
1ee2
000.e
+
--2
-
e10
1e+
1.2.3
1ee2
.
--2
1ee2
.
abc
1e-
e10
1e+
000.e
1e-
1e-
1e-
000.e
1e+
000.e
000.e
1e
1e-
000.e
--2
000.e
1.2.3
1.2.3
abc
1e+
--2
.
--2
-
.
0e
--2
+
e10
--2
e10
1ee2
abc
1e-
1e+
e10
abc
0e
1e-
000.e
abc
1e
1e+
abc
++1
1ee2
0e
--2
++1
e10
++1
+
1e
1e
+
+
++1
1ee2
1e+
1e-
000.e
0e
1ee2
1ee2
1e-
abc
++1
.
1e+
0e
1e+
1.2.3
0e
abc
1e+
e10
1ee2
1.2.3
1e
.
0e
000.e
e10
--2
abc
+
e10
0e
e10
1ee2
000.e
1e
++1
0e
1.2.3
1.2.3
+
000.e
+
abc
abc
1e-
000.e
1e
+
+
--2
1ee2
0e
0e
-
1ee2
1ee2
++1
++1
.
1ee2
+
1ee2
--2
e10
1ee2
1e+
1ee2
1e-
000.e
++1
--2
e10
1ee2
--2
++1
1.2.3
-
abc
1e+
.
e10
000.e
1e-
++1
+
1ee2
--2
abc
++1
.
0e
-
0e
1ee2
--2
0e
+
1e-
1e+
+
0e
000.e
e10
--2
1e-
0e
0e
e10
1e
+
+
1e+
+
abc
-
1.2.3
0e
1e
e10
.
+
000.e
000.e
++1
-
0e
.
0e
e10
1ee2
1e+
1e
0e
-
1e+
abc
+
--2
1e-
++1
+
++1
-
1e+
++1
1e-
0e
e10
--2
0e
1.2.3
1ee2
1e+
1e-
1e-
e10
0e
1ee2
--2
1e+
e10
1e-
0e
000.e
1e
+
0e
-
e10
1e+
1e-
.
+
++1
--2
.
000.e
.
-
1e
1e-
1e-
abc
+
1e
.
.
+
1ee2
--2
1e-
.
-
1e
abc
e10
1e-
-
1e-
+
000.e
1.2.3
1e+
1e+
000.e
1.2.3
1e-
1e+
1.2.3
1e-
e10
1ee2
--2
++1
e10
-
abc
e10
+
--2
1.2.3
1e
1e
+
1.2.3
1ee2
+
1e+
1ee2
--2
++1
-
.
-
0e
+
+
0e
+
-
1ee2
0e
1e
1e
1ee2
000.e
.
.
abc
e10
1e-
0e
1ee2
e10
000.e
1e-
--2
.
0e
1e+
.
1ee2
1e+
--2
1e+
abc
-
1.2.3
1ee2
0e
1e
--2
1e-
-
1e
0e
e10
e10
1ee2
e10
++1
0e
abc
+
000.e
e10
e10
1e+
1e+
000.e
000.e
0e
--2
0e
.
000.e
e10
1e
1e-
e10
000.e
0e
e10
e10
++1
--2
e10
abc
-
1e+
1e+
000.e
1e
0e
1e
1e+
--2
.
--2
1.2.3
1ee2
--2
abc
1e-
abc
-
1e
--2
e10
-
1e
--2
0e
-
1ee2
0e
0e
+
--2
1e-
1.2.3
-
--2
abc
.
abc
1e+
.
+
--2
1e
1ee2
000.e
1.2.3
1.2.3
.
1e
000.e
000.e
abc
--2
--2
1e+
000.e
1e
+
abc
0e
.
1e+
000.e
e10
--2
1e-
0e
000.e
1e+
1e+
++1
1e-
--2
+
+
+
1ee2
+
+
--2
abc
e10
1ee2
+
.
.
+
+
-
.
.
1e-
--2
1.2.3
0e
abc
1ee2
0e
e10
-
+
.
0e
+
1.2.3
1e
-
000.e
000.e
0e
1e+
abc
1e-
+
++1
1e+
++1
1e-
++1
1ee2
1.2.3
.
e10
+
1e-
++1
--2
1e-
e10
abc
1e
1ee2
++1
abc
1e-
--2
--2
e10
.
0e
1e
abc
1e
1e
+
1ee2
1e
1e+
--2
1.2.3
-
.
--2
1e
+
e10
++1
-
0e
-
1.2.3
+
--2
1e-
abc
--2
1.2.3
++1
--2
1e
+
++1
1e
e10
1ee2
0e
1e
0e
1e-
e10
.
++1
--2
e10
.
--2
++1
0e
--2
++1
1ee2
+
++1
1e+
1e+
0e
abc
0e
.
1e
000.e
.
1e-
++1
1e+
.
000.e
--2
1e+
abc
++1
1e-
1e-
.
+
1e-
1e
-
1ee2
000.e
-
1e-
.
abc
.
1e
1.2.3
-
--2
-
+
1e+
-
0e
-
abc
000.e
1e+
1.2.3
e10
000.e
abc
e10
--2
1e
+
++1
abc
+
-
1e-
abc
.
1e
1e+
1ee2
-
1e
.
1e-
1e
1e
1e
++1
e10
1e
++1
-
1e
1ee2
1.2.3
1e-
0e
.
--2
-
1e
1e
000.e
.
.
+
.
1ee2
0e
1e-
+
1.2.3
-
1e
abc
+
abc
1.2.3
1.2.3
abc
abc
1e+
+
1.2.3
0e
abc
000.e
1e+
+
.
++1
.
1e
1ee2
+
1ee2
.
1e
++1
e10
0e
.
1e+
e10
1e
1ee2
1e
abc
0e
++1
0e
e10
000.e
1.2.3
000.e
++1
.
1ee2
1e
--2
0e
1ee2
1.2.3
++1
1e-
000.e
e10
1e
++1
--2
abc
+
1e-
--2
e10
1.2.3
1.2.3
1e+
--2
abc
1.2.3
++1
.
-
--2
.
1e+
++1
++1
1e+
abc
+
+
e10
1e
1e+
0e
abc
1e-
000.e
000.e
e10
+
++1
1.2.3
1.2.3
.
+
1e+
.
1.2.3
000.e
1e+
e10
1e-
-
--2
+
1e+
--2
0e
++1
1e+
++1
1ee2
1e
1e-
+
e10
.
e10
1e-
+
0e
1ee2
1e-
.
-
0e
+
++1
1e
1ee2
1e+
1e
1e-
1e+
1e+
1.2.3
abc
1e-
-
0e
1e
1e
abc
1.2.3
abc
1e-
abc
-
1e
1e
1e
abc
1.2.3
1e-
1e
+
0e
.
e10
000.e
+
+
1.2.3
1e-
0e
0e
.
1ee2
0e
1e+
1e
++1
1ee2
-
.
++1
abc
++1
e10
1e+
abc
++1
1e-
1e
abc
--2
1.2.3
0e
000.e
1ee2
--2
e10
++1
1e
e10
--2
1e+
+
000.e
++1
-
+
--2
1e
1e
1ee2
++1
000.e
-
e10
abc
+
.
1e
++1
--2
1ee2
000.e
e10
1.2.3
1e+
1.2.3
0e
--2
abc
-
1e-
e10
000.e
1e-
++1
1.2.3
0e
+
e10
1.2.3
1.2.3
1e
1ee2
1e-
0e
--2
e10
.
1e
e10
e10
--2
abc
1.2.3
.
1.2.3
1.2.3
.
0e
0e
-
.
1.2.3
000.e
1e+
0e
000.e
+
1e+
+
-
1e-
1e
0e
+
1ee2
+
000.e
1ee2
+
++1
++1
1e+
1e-
e10
-
--2
1e-
000.e
1ee2
abc
000.e
1ee2
0e
-
1ee2
++1
abc
e10
1.2.3
abc
-
e10
1e+
1e+
1e
--2
abc
-
000.e
++1
1e
1.2.3
-
1.2.3
1.2.3
.
.
0e
e10
1ee2
1e-
.
1e-
1e+
++1
+
1.2.3
000.e
1e+
000.e
1e-
1e-
1e+
-
1.2.3
-
--2
1e+
000.e
1ee2
-
+
0e
0e
--2
--2
-
1e
1.2.3
1e-
1e
1.2.3
1ee2
+
-
1e-
abc
1e-
1e+
++1
.
.
1.2.3
e10
-
000.e
e10
e10
1e-
++1
1e+
000.e
.
1.2.3
++1
abc
-
1e-
--2
abc
-
1.2.3
e10
+
1e+
+
-
1.2.3
1e+
1e+
000.e
e10
1e+
--2
1e+
1e
1.2.3
+
.
+
+
.
++1
1ee2
++1
1e
e10
000.e
1e
1ee2
--2
-
000.e
abc
.
++1
.
abc
1ee2
+
e10
1e+
1e-
1e
1e
1e+
.
1e-
000.e
.
1.2.3
1ee2
1e
.
1e-
0e
.
1.2.3
abc
1e+
e10
1e+
000.e
abc
0e
1e
000.e
0e
-
1e
0e
abc
1e
-
-
abc
++1
0e
0e
e10
.
000.e
1e
++1
.
.
1e-
++1
1e
--2
1ee2
.
0e
1.2.3
1.2.3
-
.
-
+
+
-
1e-
1ee2
000.e
1ee2
1e
+
-
abc
e10
0e
1e
.
1e
--2
abc
000.e
1e
1.2.3
--2
abc
--2
0e
1ee2
+
000.e
--2
000.e
0e
0e
1e-
1e+
0e
1e-
1.2.3
abc
++1
--2
1e-
++1
.
1e-
1.2.3
.
1e+
abc
1e-
1ee2
1e-
000.e
1e+
1e+
1.2.3
--2
++1
1ee2
abc
1e+
.
1e-
abc
000.e
0e
1ee2
-
abc
e10
+
-
abc
++1
1ee2
1e+
+
.
1e
.
--2
e10
1e-
-
1ee2
abc
++1
.
1.2.3
abc
000.e
+
.
1e-
0e
-
0e
1.2.3
++1
.
--2
000.e
1e-
1e-
abc
.
1e
.
000.e
1e-
1e
++1
++1
e10
abc
.
abc
000.e
1ee2
+
1.2.3
1e+
1.2.3
--2
1ee2
--2
++1
1e
+
1ee2
000.e
--2
1e
000.e
000.e
++1
--2
1e
000.e
1e-
1e-
++1
1e-
1.2.3
000.e
-
e10
1e-
0e
1ee2
-
--2
-
e10
++1
1e+
1e+
0e
1.2.3
--2
0e
e10
1ee2
.
1e-
1e
1e-
1.2.3
e10
1e
1e
0e
1e-
+
--2
abc
1e-
.
000.e
000.e
1e
+
1.2.3
1ee2
1e+
-
--2
+
0e
--2
.
000.e
000.e
000.e
000.e
1ee2
1e-
abc
1e-
.
1e-
1ee2
0e
.
-
e10
--2
e10
1e+
-
1e-
1e-
++1
++1
0e
+
1ee2
1e-
abc
e10
.
1e
++1
1.2.3
1.2.3
1ee2
1e-
e10
0e
1ee2
0e
1e+
.
1e+
0e
1.2.3
1e+
1.2.3
.
1.2.3
e10
--2
0e
1e+
++1
1ee2
1e-
000.e
.
1ee2
+
+
1e+
+
1e+
e10
0e
++1
++1
1e
abc
1.2.3
.
+
1.2.3
1ee2
e10
abc
1e+
+
.
e10
-
--2
++1
000.e
1.2.3
1e+
e10
.
1e-
1.2.3
0e
abc
1ee2
+
1ee2
0e
1e+
e10
1.2.3
e10
-
e10
000.e
1ee2
1ee2
1e-
e10
1e
abc
1e-
-
+
1e-
1e+
1e+
.
e10
+
1e
1.2.3
+
1e+
-
1e-
1ee2
abc
1.2.3
1e+
-
1e-
0e
1.2.3
1ee2
++1
++1
1e-
1e
abc
0e
-
0e
1.2.3
e10
e10
--2
-
e10
1e
1ee2
abc
--2
1ee2
++1
e10
0e
1e+
.
-
--2
1e+
1e
1ee2
--2
-
000.e
+
1e-
1.2.3
+
++1
1e+
-
1ee2
1e
e10
1.2.3
abc
1e
abc
abc
++1
+
0e
1e+
1e-
1e-
1.2.3
-
++1
1e-
1ee2
1.2.3
-
1.2.3
--2
1e-
+
+
.
1ee2
0e
1.2.3
--2
1.2.3
1ee2
abc
abc
abc
++1
0e
abc
1ee2
1e
1.2.3
++1
1e
1e+
.
-
0e
-
abc
abc
--2
0e
-
1e
.
1e-
.
e10
1e-
1e-
+
-
++1
abc
0e
1.2.3
0e
0e
+
++1
e10
000.e
000.e
000.e
.
1ee2
abc
+
++1
abc
1e+
abc
abc
.
++1
e10
1ee2
++1
0e
.
1ee2
0e
--2
--2
0e
abc
1ee2
1e-
--2
0e
1.2.3
000.e
1e+
abc
-
.
1e-
1e-
1e
1.2.3
--2
+
e10
1.2.3
0e
1ee2
1e-
0e
e10
--2
1e-
.
+
1e-
-
1e+
e10
e10
.
-
++1
e10
e10
e10
abc
-
1e-
+
-
1e+
1e
abc
--2
1e-
abc
1e+
000.e
1e
1.2.3
1e-
000.e
+
1.2.3
1e-
0e
1ee2
0e
++1
abc
1e-
1e-
abc
e10
0e
0e
-
++1
1e-
--2
1ee2
e10
1e
0e
e10
1e
1ee2
e10
1e
000.e
1.2.3
++1
1e+
0e
1e+
1e-
1e
1.2.3
000.e
1.2.3
1ee2
1e
1e+
1e+
abc
e10
1.2.3
1e+
1ee2
abc
1ee2
--2
000.e
1e-
.
-
e10
1ee2
.
--2
e10
abc
-
++1
--2
1ee2
1e+
1.2.3
e10
abc
--2
000.e
1e
1e-
++1
0e
.
1e+
++1
0e
1.2.3
-
-
1ee2
.
-
000.e
1e
abc
000.e
000.e
000.e
abc
++1
++1
+
abc
1ee2
0e
1e-
000.e
++1
1e+
++1
++1
++1
-
e10
.
--2
abc
abc
1ee2
000.e
+
abc
0e
--2
1.2.3
1ee2
.
--2
1e-
.
0e
0e
-
--2
1e
1ee2
abc
+
1e-
1.2.3
1e-
abc
e10
.
++1
.
0e
1.2.3
1ee2
abc
1e
e10
e10
--2
1ee2
1e-
1e+
-
1ee2
1e+
0e
--2
--2
.
1ee2
1ee2
+
1e+
e10
abc
-
.
000.e
-
000.e
1ee2
1.2.3
.
1e-
0e
e10
1e-
-
0e
-
abc
000.e
.
0e
.
1.2.3
1e-
abc
1ee2
++1
1e
1e
--2
e10
1e+
.
.
-
000.e
1e-
+
1ee2
1e-
+
1ee2
e10
+
0e
1e+
e10
++1
--2
e10
e10
-
1e
++1
0e
1.2.3
1ee2
--2
000.e
+
abc
1ee2
1e+
1e
++1
-
++1
1e-
1ee2
e10
e10
1.2.3
e10
1e-
-
1.2.3
1e
++1
000.e
.
.
1.2.3
e10
--2
000.e
1ee2
--2
.
.
0e
abc
000.e
1e
.
1e-
1.2.3
1e
e10
1.2.3
.
e10
1e
0e
-
1e+
1e-
1.2.3
abc
e10
-
.
1e-
1e-
e10
0e
000.e
.
0e
1.2.3
e10
+
.
-
e10
1e
1e-
0e
1ee2
--2
1e-
1e
.
1e+
++1
0e
1.2.3
000.e
.
1ee2
-
abc
1ee2
0e
e10
e10
e10
abc
1e+
1ee2
.
--2
1e
1e
000.e
1.2.3
--2
-
1e+
++1
1e+
--2
1.2.3
0e
1e
1e+
0e
+
1e
abc
1ee2
1.2.3
e10
0e
e10
abc
1e
1e
1e
0e
0e
1e+
1.2.3
++1
1e
+
1e+
1.2.3
-
000.e
1e+
0e
1e+
++1
e10
1ee2
1e-
1e
.
1e
e10
abc
--2
++1
0e
--2
1ee2
000.e
e10
.
.
1e
-
0e
1e+
++1
e10
+
1e
000.e
1.2.3
-
-
+
1e+
0e
1e
+
-
--2
abc
abc
1e-
1ee2
1e
1e-
0e
1e
.
1e+
+
1e
+
1e
0e
1e+
e10
000.e
0e
0e
e10
.
1e
1.2.3
e10
1e-
--2
1e+
1e-
--2
--2
--2
+
1ee2
000.e
abc
0e
1e-
.
+
+
--2
e10
+
--2
.
--2
abc
abc
e10
1e+
--2
1e-
-
1e+
0e
e10
1e+
1e+
1e+
1ee2
-
+
000.e
+
e10
0e
-
1.2.3
1e+
0e
--2
1ee2
1e-
0e
+
-
+
--2
1e+
1ee2
1.2.3
e10
e10
++1
0e
--2
1ee2
-
-
-
+
--2
1ee2
--2
abc
1e+
1e+
1.2.3
+
++1
000.e
1e-
1e
++1
000.e
1e
1e
--2
+
++1
--2
--2
1e-
abc
1e
+
1.2.3
-
++1
.
-
000.e
1.2.3
1ee2
+
++1
0e
1ee2
1ee2
1e-
e10
000.e
1e-
1.2.3
--2
1ee2
1e+
1.2.3
0e
e10
--2
--2
1e-
abc
1ee2
e10
1e
.
1ee2
.
++1
000.e
1e-
++1
000.e
1.2.3
.
--2
e10
+
1e+
1e
000.e
1ee2
--2
--2
.
.
+
++1
abc
--2
0e
e10
e10
++1
.
++1
abc
-
1e-
e10
++1
1e+
abc
1e
.
abc
1e-
+
++1
abc
-
000.e
-
abc
++1
0e
++1
e10
abc
1ee2
1e
0e
1e+
1.2.3
++1
000.e
1e
1e
1e-
e10
1e
++1
1e+
0e
1e
.
e10
--2
--2
--2
++1
0e
1ee2
.
+
.
.
000.e
--2
1e
1e-
e10
1e-
.
0e
1.2.3
++1
1e-
1e+
abc
0e
1e
abc
++1
1e+
--2
1e-
1e-
+
1.2.3
1.2.3
--2
1.2.3
--2
1e
+
abc
1e-
1e+
.
--2
000.e
1.2.3
1e+
0e
abc
++1
.
abc
000.e
-
--2
1.2.3
abc
1e+
0e
0e
--2
1e-
--2
--2
e10
e10
1.2.3
000.e
1ee2
abc
1e-
abc
--2
1ee2
1e+
1e+
+
1.2.3
1e-
+
++1
++1
1e+
abc
--2
1e-
1.2.3
e10
-
abc
1e-
--2
1.2.3
1e-
abc
1e+
++1
e10
.
1.2.3
.
-
e10
000.e
0e
000.e
+
.
--2
1e+
-
000.e
1e
e10
.
e10
1ee2
abc
+
000.e
0e
1ee2
.
1e+
1.2.3
e10
1e-
1e+
0e
abc
1e-
+
0e
.
1.2.3
--2
e10
0e
e10
e10
-
1e-
.
1e
1e
1ee2
1e+
000.e
++1
e10
1ee2
1e
000.e
++1
-
--2
1ee2
-
1ee2
+
1e-
0e
0e
-
abc
0e
abc
000.e
.
1e
e10
abc
abc
0e
1e+
-
-
++1
1e-
1e+
e10
abc
1.2.3
-
1e+
+
1e
1e-
1ee2
e10
0e
--2
1e-
1e-
e10
+
--2
-
--2
-
+
.
e10
.
1.2.3
-
+
++1
1e
-
0e
1e+
1.2.3
000.e
1e-
1e+
e10
++1
1ee2
1e+
.
000.e
1e+
0e
+
++1
1ee2
1e
0e
1e+
1e+
1e
e10
1e+
1ee2
--2
1.2.3
1e+
+
-
abc
--2
000.e
1e-
++1
000.e
1e-
-
.
1.2.3
abc
1ee2
abc
e10
1e+
--2
+
1.2.3
1e
1e
0e
-
000.e
-
0e
1e-
-
000.e
1.2.3
000.e
1e-
++1
1e-
1e-
-
0e
1e
000.e
0e
1e-
.
1e
0e
1e-
1e+
abc
000.e
++1
1ee2
++1
1e+
1e-
1ee2
-
--2
-
abc
1e
abc
1e-
--2
e10
.
000.e
e10
1e+
.
abc
e10
--2
abc
-
e10
0e
-
--2
++1
1.2.3
+
1.2.3
1e+
+
++1
0e
--2
-
1e
1e+
+
1e-
1e-
1ee2
1ee2
e10
++1
0e
.
.
abc
abc
-
1ee2
0e
0e
.
1.2.3
abc
000.e
1ee2
1.2.3
-
+
1ee2
1e-
--2
1e
0e
e10
1e-
++1
000.e
e10
1.2.3
e10
++1
--2
1e+
e10
-
.
1e-
1e-
1e
1e-
e10
1e
-
--2
+
000.e
--2
0e
1e+
++1
++1
1e-
++1
1e+
-
1.2.3
1e
1e-
0e
.
0e
--2
+
abc
1.2.3
.
000.e
1.2.3
1ee2
1ee2
+
1ee2
++1
000.e
1.2.3
1e+
.
+
abc
-
--2
e10
e10
000.e
1ee2
1.2.3
1e-
1e-
0e
+
abc
1.2.3
0e
.
-
+
+
1ee2
1.2.3
.
-
000.e
1e+
.
.
+
++1
1.2.3
0e
+
1ee2
-
0e
e10
-
1.2.3
1e
0e
+
-
+
.
0e
1e-
-
000.e
abc
1ee2
++1
1.2.3
000.e
1e-
1ee2
000.e
1ee2
1.2.3
++1
++1
abc
++1
--2
000.e
.
.
--2
1e
000.e
.
++1
000.e
1e-
-
.
++1
1e+
--2
abc
+
1e-
++1
abc
1e+
--2
1e-
000.e
-
e10
1e-
0e
+
0e
0e
-
-
++1
1ee2
.
-
1e+
1e-
.
abc
++1
--2
1e
--2
++1
-
1e-
abc
--2
--2
.
1ee2
e10
1.2.3
abc
1ee2
abc
++1
--2
000.e
+
++1
1e
0e
abc
000.e
1e
.
+
abc
1e
++1
1e
e10
1e-
1.2.3
.
000.e
0e
1ee2
0e
0e
000.e
abc
1ee2
1.2.3
e10
1.2.3
--2
1e-
1e
1e+
0e
.
.
000.e
--2
+
1e+
1e-
1e
1e-
1ee2
000.e
1ee2
1e-
1e-
e10
+
0e
1e-
abc
+
1e-
1.2.3
--2
++1
--2
1e-
--2
++1
000.e
--2
+
-
1e-
1ee2
1.2.3
abc
1e+
0e
1e-
.
1ee2
--2
++1
abc
1e
e10
1ee2
1e-
+
.
abc
1.2.3
--2
+
.
0e
abc
-
000.e
1e+
0e
1e+
1ee2
0e
abc
e10
0e
1ee2
++1
e10
-
-
1ee2
000.e
1.2.3
1e+
0e
1.2.3
+
++1
abc
1ee2
000.e
1ee2
e10
--2
abc
+
1ee2
+
1e
+
0e
000.e
e10
++1
-
1.2.3
1.2.3
e10
1e+
-
--2
1e-
1e+
1.2.3
1e-
000.e
1e-
+
--2
1ee2
abc
-
1ee2
+
++1
1.2.3
e10
e10
1ee2
1e-
++1
.
-
1e-
1ee2
1e+
1e
++1
1.2.3
e10
1e+
e10
-
1e-
abc
1.2.3
1e-
0e
1e+
-
e10
1ee2
++1
1e+
1e+
0e
+
.
-
--2
1e
1e
1e-
++1
1ee2
1e+
e10
1.2.3
1e-
--2
1ee2
++1
++1
+
1e+
1e
--2
--2
.
-
abc
1e+
-
1.2.3
++1
++1
1e
1e+
++1
1.2.3
1.2.3
1.2.3
1e+
1ee2
1ee2
1ee2
1e
.
.
.
+
1.2.3
.
0e
1.2.3
1.2.3
0e
e10
1ee2
1e
-
abc
1e-
1e-
1e
++1
0e
0e
1ee2
1.2.3
--2
000.e
1ee2
--2
1.2.3
1ee2
.
000.e
0e
1e+
e10
000.e
1ee2
0e
e10
1.2.3
+
.
+
0e
0e
0e
0e
1e-
1ee2
++1
0e
1e+
1.2.3
0e
1e-
0e
1.2.3
++1
abc
abc
0e
+
1e+
.
1ee2
e10
1ee2
1.2.3
++1
1e-
+
.
0e
.
1ee2
1ee2
+
1ee2
1e-
+
-
000.e
1.2.3
0e
-
.
1ee2
+
1e+
1e+
000.e
++1
--2
1ee2
++1
1e+
1.2.3
e10
0e
1ee2
1.2.3
++1
+
++1
000.e
1e
--2
.
1ee2
1e
+
1e-
000.e
1e+
0e
e10
abc
.
1ee2
1e
1e
e10
0e
0e
1e+
0e
000.e
1e+
-
0e
e10
abc
--2
--2
1e
1.2.3
1.2.3
000.e
.
+
e10
.
.
1ee2
0e
1ee2
1e
000.e
1e
1e
1e
.
0e
1e+
1e+
1e
.
1e
--2
1e
000.e
--2
1e+
0e
1e+
000.e
1e-
1.2.3
1e-
1e-
0e
0e
abc
0e
1e+
1.2.3
1ee2
1.2.3
.
+
0e
+
0e
1e
000.e
1.2.3
+
1e-
--2
1e
1e
0e
++1
--2
1.2.3
0e
+
0e
--2
-
1e+
0e
1e+
1e+
1e+
.
.
0e
e10
++1
1.2.3
.
1e
1.2.3
1.2.3
-
1e-
-
1e+
++1
1e
0e
++1
1.2.3
++1
.
++1
.
e10
.
++1
1ee2
1e
000.e
--2
.
-
1ee2
0e
0e
e10
1e-
000.e
1ee2
0e
0e
1e-
0e
++1
.
--2
+
++1
1.2.3
+
++1
--2
1e
-
1e
-
abc
1e+
abc
1e
1ee2
1e
+
0e
1ee2
1ee2
+
000.e
0e
1e+
000.e
1e
e10
1ee2
+
1e+
++1
1e
1e+
0e
1e
1e-
1e
1e+
0e
000.e
-
--2
--2
-
.
.
.
1ee2
-
1e-
e10
1ee2
1e
000.e
1e
1e-
++1
0e
e10
1e
.
0e
1e+
1ee2
.
1.2.3
abc
++1
1e-
000.e
.
000.e
1e
--2
1e-
e10
abc
1e-
--2
e10
.
abc
++1
0e
--2
1.2.3
abc
1e-
abc
1e-
1e+
1.2.3
.
e10
1.2.3
--2
1e+
1ee2
--2
+
--2
+
000.e
1.2.3
1e-
+
++1
e10
-
000.e
1e-
1e-
.
.
000.e
1.2.3
++1
.
1e+
--2
e10
++1
++1
++1
1e+
.
1e+
++1
--2
1ee2
000.e
000.e
-
.
1.2.3
abc
1e-
000.e
1e+
0e
0e
abc
0e
1ee2
1e
-
-
.
e10
-
1e+
.
.
1e-
--2
1e-
1e
1e
1.2.3
+
1e
1e-
0e
e10
-
1ee2
1.2.3
1e
0e
+
1ee2
.
1.2.3
abc
000.e
abc
abc
000.e
0e
.
1e-
.
e10
1e-
1e-
1e
000.e
000.e
1e+
1e
--2
1e
1e+
++1
+
--2
1e-
.
--2
e10
++1
1.2.3
+
1e+
1e
1ee2
1.2.3
000.e
++1
e10
.
abc
e10
000.e
1e-
-
e10
abc
+
e10
++1
e10
--2
++1
.
0e
0e
1ee2
-
1.2.3
++1
++1
0e
-
1.2.3
e10
--2
1e+
.
++1
0e
1.2.3
0e
0e
1ee2
--2
.
-
1ee2
--2
abc
0e
0e
++1
--2
-
e10
1.2.3
0e
1e
++1
1ee2
0e
.
e10
000.e
1e
0e
1e+
1.2.3
1e-
1e
000.e
++1
1e
1e
++1
e10
-
1e+
1ee2
1ee2
1ee2
1e-
++1
--2
-
.
1ee2
.
0e
0e
1e-
++1
1e
.
000.e
000.e
-
1ee2
1e-
0e
-
e10
1e+
1e
1.2.3
--2
++1
1ee2
1.2.3
1.2.3
1e
e10
1e-
abc
1.2.3
1e
abc
e10
0e
1ee2
1ee2
e10
1e-
-
e10
e10
1e
1e
000.e
1ee2
e10
++1
1e+
0e
1e
000.e
++1
1.2.3
1e
1ee2
.
++1
1ee2
1e
--2
1e
1ee2
1.2.3
1ee2
0e
.
1e-
000.e
1.2.3
1e-
000.e
1ee2
+
0e
1e
+
1e
++1
--2
e10
1e+
-
--2
.
000.e
--2
+
++1
1.2.3
abc
000.e
1ee2
000.e
.
.
1e
--2
e10
1e+
1ee2
+
1ee2
.
1ee2
1e-
abc
++1
000.e
-
1e-
1e-
+
+
+
0e
e10
++1
e10
1e+
1.2.3
000.e
1e
1e+
e10
000.e
++1
++1
000.e
+
++1
-
.
1e
1e
.
e10
abc
.
abc
1e-
abc
1.2.3
.
e10
e10
0e
1ee2
++1
abc
--2
1e
1.2.3
000.e
1e-
e10
1ee2
1e-
1.2.3
e10
e10
--2
1e-
+
e10
+
1e+
1.2.3
1.2.3
-
1e
-
++1
e10
1e+
1.2.3
1ee2
-
-
e10
1ee2
1e-
1.2.3
000.e
1.2.3
1ee2
1e+
1e-
--2
1ee2
1e-
abc
1e
++1
1ee2
.
1ee2
1e-
++1
+
0e
.
1e+
++1
000.e
abc
+
1.2.3
++1
.
1.2.3
0e
1.2.3
1e+
1e
.
000.e
1ee2
+
e10
-
1.2.3
-
1.2.3
--2
1e
000.e
e10
++1
000.e
1.2.3
e10
1ee2
e10
--2
1ee2
+
++1
1ee2
1e
000.e
abc
--2
1.2.3
++1
1ee2
e10
e10
1e-
1e
--2
abc
++1
++1
+
1ee2
e10
000.e
--2
1.2.3
000.e
.
.
0e
++1
000.e
+
1e
.
1ee2
-
abc
1ee2
++1
e10
+
0e
abc
abc
+
000.e
1e+
1.2.3
.
1.2.3
1e
1e+
+
1ee2
-
+
-
1e+
.
++1
1e-
1e-
1ee2
-
++1
++1
1e-
--2
1e
--2
-
1ee2
1ee2
1ee2
1e
1ee2
--2
1e-
1.2.3
.
1.2.3
-
++1
1e-
1e+
.
1e+
1.2.3
000.e
--2
1ee2
+
1e-
1.2.3
0e
1.2.3
000.e
1ee2
1e-
1e
abc
.
1e-
abc
abc
+
1e-
1e-
000.e
1e-
1ee2
.
-
1e+
0e
-
1e-
e10
1e-
1e-
.
0e
1.2.3
1e-
1e
1ee2
+
abc
++1
1e-
+
++1
++1
1.2.3
.
abc
--2
.
-
1.2.3
000.e
+
.
-
-
e10
-
1e
--2
.
e10
-
0e
1ee2
abc
-
++1
+
1e-
--2
1ee2
e10
++1
e10
+
abc
+
1e+
.
0e
abc
-
-
000.e
1e
abc
000.e
.
--2
0e
--2
e10
1e-
+
+
-
1e+
++1
0e
1e-
++1
e10
1e-
-
++1
abc
1e
1e+
000.e
e10
-
1ee2
1e+
+
.
1ee2
1e-
.
.
1ee2
abc
1e
1.2.3
1.2.3
--2
1e-
--2
1e+
1ee2
1e
1e-
0e
1e
--2
e10
+
abc
.
1ee2
++1
.
1ee2
--2
e10
--2
1.2.3
1e
1.2.3
.
000.e
0e
1e-
1e+
abc
-
1.2.3
e10
0e
000.e
--2
++1
+
--2
1e-
1e+
.
1.2.3
000.e
1e
--2
--2
-
0e
1ee2
-
000.e
1e+
1e
1e
1e+
.
.
0e
-
+
++1
1.2.3
-
e10
+
--2
1ee2
1.2.3
000.e
1e
e10
--2
0e
abc
abc
1ee2
000.e
++1
-
abc
1.2.3
1e-
1e-
--2
1e-
1e
-
.
e10
e10
1ee2
0e
+
+
1e+
1ee2
e10
000.e
1e+
1e
e10
0e
+
1e-
1e-
1e-
e10
.
e10
++1
-
abc
abc
+
.
1.2.3
--2
1ee2
0e
-
1e+
+
000.e
+
1e+
++1
1e+
1e
--2
abc
1e+
--2
--2
++1
1e+
1ee2
1.2.3
e10
++1
.
-
1ee2
e10
++1
1e+
.
1.2.3
+
1ee2
++1
e10
1.2.3
+
++1
1e+
--2
+
e10
-
-
.
1ee2
++1
1e+
1e-
1e
-
--2
1e-
1ee2
1ee2
1e
-
-
1e
++1
-
000.e
000.e
-
000.e
-
0e
.
1e-
.
1e+
1e-
+
++1
1e
1.2.3
.
000.e
1ee2
1ee2
--2
abc
--2
0e
.
.
1e+
1e
1.2.3
-
1.2.3
-
1ee2
-
abc
0e
0e
.
--2
1e
abc
1ee2
.
+
+
0e
+
abc
-
.
e10
e10
.
1e
0e
-
--2
000.e
1e-
1.2.3
000.e
1.2.3
abc
1e-
1e-
000.e
1e+
-
+
.
1e+
1e
1e+
000.e
+
.
+
1ee2
--2
0e
++1
e10
1ee2
0e
0e
1e
e10
++1
000.e
+
-
--2
-
000.e
++1
000.e
e10
1.2.3
1e+
1e+
1e+
1ee2
1e
++1
1e+
000.e
+
000.e
-
000.e
-
e10
1e-
abc
1.2.3
1e+
--2
000.e
1e-
1ee2
1.2.3
.
-
000.e
0e
1.2.3
abc
000.e
000.e
1e
e10
1e
abc
1e-
1.2.3
.
1e
++1
1ee2
+
-
1e
-
1e
1e
1ee2
000.e
1ee2
0e
1e+
+
-
.
1e
.
0e
++1
+
1e+
-
e10
e10
1.2.3
abc
.
abc
1ee2
1e+
0e
++1
.
abc
0e
1e-
.
abc
--2
000.e
1ee2
e10
1e-
++1
-
000.e
000.e
--2
0e
abc
-
+
1e-
+
000.e
1e+
1.2.3
1ee2
1.2.3
-
--2
1e-
--2
1e
1.2.3
1e
abc
.
+
1e+
abc
.
000.e
abc
++1
1.2.3
.
++1
000.e
++1
+
1ee2
+
1.2.3
++1
e10
1e-
-
e10
.
-
1ee2
1e-
+
1e
e10
0e
1e-
1e+
+
0e
1.2.3
abc
1e+
000.e
++1
0e
e10
1e-
000.e
.
1e+
e10
1e
abc
--2
abc
0e
--2
000.e
1e+
.
1e+
1e+
++1
1e+
1ee2
++1
++1
1e-
abc
.
++1
1e-
000.e
abc
abc
1.2.3
e10
abc
0e
1e+
-
abc
+
000.e
++1
1e
+
1ee2
0e
--2
1e-
0e
000.e
000.e
-
1ee2
1e
1.2.3
e10
1e
1ee2
--2
.
1e+
1.2.3
abc
1e+
+
1e+
+
000.e
1.2.3
000.e
0e
--2
1.2.3
++1
e10
-
abc
0e
++1
++1
--2
1e-
e10
1e+
1ee2
1.2.3
0e
0e
1.2.3
--2
1e+
1e+
+
000.e
1.2.3
1ee2
abc
-
0e
1.2.3
000.e
e10
1ee2
.
++1
000.e
--2
1e-
000.e
++1
.
++1
.
1e+
1e+
1.2.3
1e-
1e-
+
1e
1e+
++1
e10
1e-
1e
+
1e-
1e
++1
1e
1e-
1ee2
1.2.3
e10
.
++1
1e
000.e
1e+
++1
++1
1e
1e-
-
--2
1.2.3
000.e
1e-
.
1e
0e
+
abc
1e-
--2
++1
+
++1
+
--2
1ee2
e10
1e+
+
1e+
abc
1ee2
++1
--2
1e+
e10
+
1.2.3
1e
.
000.e
.
e10
1e+
.
1ee2
-
-
-
+
1e+
1.2.3
0e
-
1ee2
1e+
e10
.
1.2.3
+
1ee2
1e-
1ee2
-
.
--2
--2
1e
1ee2
.
0e
1e+
e10
e10
1ee2
abc
.
e10
.
--2
.
-
1e
--2
-
e10
0e
1e-
1e-
abc
e10
e10
0e
1ee2
--2
1ee2
++1
++1
1e+
--2
0e
1ee2
+
abc
1e+
.
e10
0e
abc
abc
1e-
1.2.3
.
+
++1
+
000.e
1.2.3
--2
1e+
0e
1.2.3
1e+
1e-
1e
1ee2
1e
1e
-
+
1e+
000.e
e10
1e
abc
1e+
1e-
1e-
--2
1e-
-
-
0e
1e-
++1
1e-
-
--2
+
1e+
+
0e
1e
--2
1ee2
1e
.
1e-
0e
1e
1.2.3
.
.
1e+
1e+
--2
1e-
1e-
.
+
e10
-
0e
+
1e-
0e
e10
1e
+
-
+
1.2.3
abc
+
-
000.e
++1
.
++1
1e-
1ee2
1e-
+
.
0e
.
abc
1e
.
1.2.3
.
0e
1e-
--2
000.e
--2
e10
e10
--2
e10
1.2.3
1e-
1e
1e-
e10
++1
000.e
+
-
e10
abc
++1
e10
e10
--2
0e
e10
000.e
--2
1ee2
++1
-
.
1e-
+
--2
1.2.3
1.2.3
1e-
++1
.
.
++1
1e-
1.2.3
.
+
1.2.3
.
++1
000.e
1ee2
000.e
.
0e
++1
1e
-
1e
0e
-
.
1e+
e10
--2
1e-
1e-
--2
+
1e-
1e
+
1e-
1e
1e-
abc
0e
-
000.e
++1
1ee2
000.e
e10
1e+
1.2.3
e10
++1
++1
-
0e
1e
abc
.
+
++1
000.e
1e-
1e
1e-
e10
-
++1
abc
0e
1e+
000.e
-
+
000.e
1e
--2
1ee2
abc
++1
+
e10
+
0e
1e+
e10
1e-
1e
000.e
1.2.3
1ee2
0e
.
-
1e-
+
0e
++1
000.e
e10
1ee2
++1
++1
abc
1.2.3
++1
1ee2
000.e
1e
1e+
--2
1e
.
+
1ee2
000.e
.
++1
0e
1.2.3
+
++1
e10
1e-
abc
1e-
0e
.
0e
--2
000.e
.
1.2.3
e10
1ee2
.
-
1.2.3
++1
1ee2
--2
-
--2
1ee2
1.2.3
+
++1
-
e10
abc
++1
+
+
1e-
0e
1e
++1
+
1.2.3
1e-
000.e
1.2.3
abc
+
+
000.e
1ee2
1ee2
e10
1e+
0e
++1
.
e10
--2
1e
1e+
1ee2
++1
e10
abc
.
1ee2
000.e
.
-
0e
1ee2
e10
++1
e10
-
e10
+
abc
++1
-
abc
e10
1e-
1e-
e10
+
.
+
--2
.
1ee2
1.2.3
1.2.3
++1
1e
++1
++1
0e
-
000.e
.
0e
1ee2
+
-
1e
.
+
.
1e+
e10
1.2.3
-
abc
+
--2
000.e
--2
1e-
1e+
1.2.3
--2
1.2.3
++1
1.2.3
e10
1e+
1ee2
--2
e10
000.e
000.e
1e+
--2
--2
1.2.3
1e
e10
abc
++1
++1
000.e
000.e
abc
1e+
abc
e10
++1
abc
0e
++1
1ee2
-
1e-
-
++1
1e-
.
-
1.2.3
e10
1ee2
000.e
1.2.3
1e+
1.2.3
000.e
1e+
1e-
-
1e
++1
--2
abc
0e
1e+
-
abc
1e-
1e+
.
1e-
abc
1e
.
1e
++1
000.e
+
abc
1ee2
--2
0e
.
.
1e-
1.2.3
abc
abc
.
.
-
1e+
-
e10
.
.
1e
++1
1.2.3
+
1e
1ee2
++1
0e
0e
0e
.
1e+
++1
.
1e+
--2
+
1ee2
1ee2
1.2.3
.
e10
+
.
+
1ee2
1e-
1e+
1.2.3
000.e
--2
--2
+
abc
1e-
1e+
e10
1ee2
1.2.3
abc
abc
++1
1e-
.
1.2.3
1e-
-
abc
1e
+
1.2.3
--2
000.e
-
000.e
0e
1ee2
++1
--2
1e+
1e+
++1
abc
1e
1.2.3
0e
+
+
++1
1e-
-
1.2.3
e10
abc
0e
000.e
1.2.3
+
e10
1ee2
--2
++1
1e+
1e
1.2.3
++1
+
1ee2
--2
1e+
-
abc
000.e
1ee2
abc
abc
++1
000.e
e10
abc
abc
1ee2
++1
1e
e10
-
1e
e10
000.e
-
e10
abc
abc
abc
000.e
-
1e+
1e
1e
0e
e10
1e+
++1
.
+
.
e10
-
1e+
1e-
++1
++1
1e+
--2
1ee2
--2
1ee2
abc
0e
.
1ee2
.
1e-
.
.
1ee2
.
1ee2
1e
1ee2
000.e
1ee2
1.2.3
0e
-
1e
1e+
1e
1ee2
0e
abc
1ee2
000.e
1.2.3
1ee2
1e
+
abc
--2
1e+
--2
000.e
e10
1e
1e-
abc
++1
+
1e-
0e
abc
1e-
1.2.3
1ee2
e10
1e
1e-
--2
.
abc
1ee2
e10
abc
1e+
++1
1e-
1ee2
++1
1ee2
++1
-
-
.
-
+
1e-
0e
1e
.
+
--2
1.2.3
1e
1e
+
1e+
1e+
0e
1e
1e-
e10
1e
-
0e
0e
1e-
-
.
1.2.3
000.e
+
000.e
e10
--2
000.e
1.2.3
--2
--2
abc
000.e
1.2.3
.
1e+
-
+
-
++1
1e
.
+
-
abc
0e
+
1e+
000.e
1e+
++1
e10
1.2.3
1e+
000.e
1e+
+
1e+
1ee2
1e+
1ee2
1e
.
-
1e-
000.e
+
000.e
-
0e
1e+
--2
1ee2
.
0e
0e
-
0e
000.e
.
e10
1e
1e+
1.2.3
e10
--2
abc
1.2.3
1.2.3
--2
-
++1
--2
e10
abc
-
-
1e-
.
0e
e10
.
1ee2
1e-
1e
-
1e+
e10
1e
1e
0e
1e
--2
-
--2
1.2.3
000.e
000.e
1.2.3
+
--2
1e
1e
-
--2
abc
1e-
1e-
1e-
0e
abc
+
.
1e-
000.e
e10
++1
e10
+
000.e
1e
1e-
abc
1e
.
-
-
+
000.e
0e
--2
++1
1ee2
++1
1e-
e10
abc
abc
--2
1.2.3
1e-
1e-
.
1e-
1e+
0e
000.e
000.e
1e-
--2
-
++1
++1
000.e
1.2.3
1e-
--2
e10
1.2.3
000.e
0e
.
e10
000.e
--2
000.e
e10
000.e
000.e
++1
+
1.2.3
1e-
e10
-
0e
0e
1.2.3
1ee2
0e
1e
1ee2
.
++1
++1
e10
-
++1
1e-
abc
++1
1e-
+
1.2.3
++1
abc
+
000.e
abc
1e+
--2
1.2.3
000.e
1e+
.
1e
++1
-
--2
--2
1e
1.2.3
1e+
0e
--2
1ee2
1.2.3
abc
1e+
--2
1ee2
000.e
0e
+
0e
000.e
1.2.3
000.e
-
--2
+
1.2.3
1e+
1e+
-
1e-
++1
+
+
0e
1e+
000.e
.
1e
.
1e-
+
+
.
abc
000.e
1e+
1e-
0e
e10
++1
1e+
1.2.3
.
-
--2
e10
000.e
.
.
1.2.3
1e
1e
--2
++1
+
0e
--2
e10
+
abc
1e-
-
abc
+
.
+
.
1ee2
++1
1ee2
1e-
--2
--2
e10
000.e
000.e
1e+
1.2.3
++1
1ee2
--2
e10
1ee2
-
-
-
-
abc
1ee2
1e
1.2.3
1e
--2
1e-
--2
1e+
abc
1.2.3
.
1.2.3
++1
++1
.
--2
1e
++1
++1
--2
1e+
1ee2
000.e
-
000.e
1e-
-
1e
-
1.2.3
e10
1.2.3
000.e
000.e
1e+
abc
1e
++1
1.2.3
1e-
0e
e10
000.e
1e
1ee2
000.e
1e
-
1e+
1e+
-
+
e10
0e
1e
1ee2
++1
1e-
+
abc
1e-
--2
++1
-
++1
000.e
-
1e
0e
0e
e10
e10
-
.
+
1e-
--2
0e
1.2.3
abc
1ee2
abc
++1
+
1e
++1
1e+
1ee2
1.2.3
1e
-
e10
++1
.
0e
1.2.3
1ee2
-
000.e
.
-
abc
abc
--2
1ee2
+
+
000.e
++1
1e
--2
++1
000.e
0e
-
1e-
0e
1e+
+
1e
+
1e
1e-
000.e
--2
1ee2
--2
1e+
-
000.e
++1
++1
.
++1
--2
000.e
1e-
1.2.3
abc
000.e
e10
1ee2
000.e
0e
1.2.3
1.2.3
1e-
e10
e10
+
e10
1.2.3
abc
.
1e-
abc
++1
+
+
1ee2
000.e
1ee2
abc
--2
1ee2
1e+
+
+
abc
+
000.e
1e-
e10
1e
000.e
.
1e-
.
--2
000.e
000.e
abc
abc
-
e10
1e
1e
-
--2
+
.
--2
.
+
.
1e+
abc
abc
1e
abc
+
++1
1e
abc
000.e
e10
0e
e10
1.2.3
-
-
000.e
1e+
1e+
000.e
1e+
000.e
1e-
1ee2
1e-
1.2.3
1e
-
1e
0e
1e+
-
1ee2
000.e
1e+
-
--2
.
+
0e
000.e
.
--2
000.e
+
1ee2
--2
abc
-
0e
0e
1ee2
1.2.3
+
1e-
000.e
+
000.e
1e-
-
1ee2
0e
e10
e10
--2
-
e10
1e-
1.2.3
++1
abc
abc
--2
1e+
1.2.3
1e
0e
+
1ee2
++1
0e
1e
abc
+
1.2.3
000.e
1e
--2
0e
0e
1e+
abc
1e+
1e+
.
1e+
abc
1.2.3
1.2.3
-
++1
.
-
0e
e10
1.2.3
1e-
++1
1e+
1e-
+
.
1e
.
1e-
++1
0e
abc
000.e
-
abc
-
--2
++1
.
1e
e10
1e-
abc
-
1e
0e
1e+
e10
+
--2
000.e
-
000.e
++1
-
abc
--2
1e-
++1
+
1e-
1e+
abc
--2
1ee2
abc
--2
-
000.e
1e-
+
0e
1ee2
1.2.3
1e
-
1.2.3
e10
-
0e
0e
--2
.
++1
000.e
abc
0e
0e
.
-
0e
.
++1
1e
1.2.3
1e
abc
.
--2
--2
1e+
--2
1.2.3
1e-
1e
--2
.
1ee2
000.e
1e+
1e-
000.e
+
0e
000.e
abc
1e+
-
1.2.3
0e
1e+
abc
abc
1ee2
1.2.3
1e-
000.e
1ee2
1.2.3
abc
+
--2
--2
0e
.
1e
+
+
1e+
e10
1.2.3
.
+
1e-
-
000.e
--2
e10
1e-
1e-
abc
-
abc
--2
1e
-
++1
++1
1.2.3
1e
1e-
1e+
1e+
0e
0e
1.2.3
1.2.3
+
+
0e
+
000.e
0e
+
e10
+
1e
.
0e
000.e
--2
1ee2
+
e10
++1
1e-
.
--2
e10
1e
1e-
1e
abc
e10
1e-
000.e
e10
0e
000.e
.
abc
1e+
++1
++1
e10
.
++1
1ee2
--2
--2
1e+
1e+
1e+
++1
abc
e10
++1
1.2.3
abc
0e
e10
0e
1e-
--2
-
--2
--2
.
+
-
--2
e10
--2
000.e
.
1ee2
1e+
abc
1e-
+
.
1ee2
-
1e-
.
++1
-
1.2.3
++1
--2
1ee2
abc
1e+
1ee2
abc
1e
.
1e+
++1
.
-
1e-
1e
e10
.
1e-
abc
1.2.3
1e+
.
-
1e-
1.2.3
1e-
1ee2
1ee2
-
1.2.3
1e+
0e
.
.
-
1e-
+
+
1ee2
-
.
1e
abc
1ee2
++1
1e
-
1ee2
.
1ee2
1e
.
.
++1
1e
abc
1e+
1ee2
++1
e10
1ee2
1e
++1
1e
++1
0e
+
1.2.3
1ee2
.
000.e
1e
1e
e10
1e-
1ee2
+
abc
-
+
e10
e10
++1
++1
++1
0e
abc
1ee2
1e
--2
e10
1ee2
1e
000.e
++1
e10
+
1e
abc
1e-
-
1e
1.2.3
000.e
.
000.e
1ee2
e10
1.2.3
1ee2
1.2.3
0e
1e
0e
0e
1.2.3
e10
.
1e-
1e
.
000.e
e10
1ee2
--2
0e
000.e
.
0e
1e+
abc
--2
++1
abc
abc
1e-
abc
e10
++1
1.2.3
1e
1e+
1e-
1e+
--2
e10
1.2.3
e10
1ee2
--2
0e
1e+
+
.
1e
1e-
1.2.3
1e-
0e
0e
1e-
1.2.3
+
000.e
1ee2
-
1.2.3
e10
--2
++1
abc
++1
1.2.3
+
1ee2
0e
++1
000.e
1ee2
-
abc
-
++1
--2
1e
++1
abc
-
1e+
1e+
abc
1ee2
1.2.3
1e
1e+
-
.
++1
-
--2
1ee2
0e
1e-
++1
1e-
abc
1.2.3
-
1e-
.
0e
1.2.3
1e+
++1
+
0e
1e+
1e
1e
--2
1e-
--2
1e
e10
+
1.2.3
+
1e-
+
abc
-
1e+
--2
1e
0e
1ee2
000.e
++1
000.e
.
abc
1e+
abc
abc
--2
1ee2
1ee2
--2
.
0e
-
.
000.e
.
++1
+
1e
-
1ee2
.
.
--2
1.2.3
1e
0e
1.2.3
abc
1e+
0e
1e+
1e-
1ee2
0e
1e-
000.e
--2
0e
++1
1e
1e
1.2.3
abc
1e+
e10
1e-
.
++1
1e
0e
abc
++1
1e-
.
1ee2
+
0e
1e-
--2
1e-
++1
1e+
0e
.
--2
-
-
0e
1e
.
0e
1e+
000.e
++1
1e-
-
1e-
0e
1e-
--2
--2
1.2.3
0e
++1
1e
1e-
000.e
-
1e-
000.e
+
++1
e10
1ee2
1ee2
+
1.2.3
-
abc
1e
e10
1e+
+
-
--2
+
.
+
.
000.e
1e
+
.
1.2.3
+
.
abc
+
1e+
++1
000.e
.
.
.
1e
abc
1e+
.
0e
1e+
abc
--2
1ee2
1ee2
1ee2
.
.
++1
1e+
e10
0e
e10
++1
1e
000.e
1e
1.2.3
000.e
abc
1e+
.
1.2.3
.
+
++1
-
+
000.e
000.e
000.e
1e-
1ee2
1e-
-
+
abc
1.2.3
1.2.3
abc
1.2.3
0e
000.e
1e-
.
1.2.3
++1
1ee2
abc
0e
1e-
1e
+
abc
1.2.3
1e-
000.e
+
e10
+
-
1e-
.
1ee2
1e
1.2.3
1e
+
.
1e
1.2.3
abc
++1
+
0e
e10
-
+
+
+
1e
e10
1e-
e10
0e
++1
-
1.2.3
1.2.3
1.2.3
1ee2
1ee2
++1
1e
1e
.
1e
.
abc
e10
.
0e
0e
-
0e
0e
.
--2
1ee2
e10
abc
000.e
1.2.3
--2
-
1e+
1e-
+
1e
++1
++1
000.e
000.e
++1
000.e
1ee2
0e
0e
000.e
+
+
abc
1.2.3
1e+
000.e
abc
abc
abc
-
++1
+
--2
.
1e
+
0e
000.e
--2
1e+
e10
+
+
1e+
.
000.e
1e
1e
1e-
1e-
+
e10
1.2.3
0e
1e-
++1
++1
1e+
-
+
1.2.3
.
e10
.
1e-
000.e
+
1e+
++1
1e+
1e-
.
1e
abc
+
1e+
1e+
abc
--2
++1
1e+
e10
-
--2
.
1e-
1e
++1
1e-
++1
+
abc
++1
1ee2
1ee2
e10
--2
1e
abc
1.2.3
--2
++1
++1
1e
++1
0e
.
-
1e
0e
000.e
.
e10
1ee2
0e
1.2.3
--2
1.2.3
1.2.3
e10
abc
++1
1e-
.
1e+
--2
++1
1e+
e10
1.2.3
++1
++1
1e-
-
abc
1e
-
000.e
1e+
1ee2
abc
+
++1
e10
-
abc
1e
1e-
1ee2
1ee2
abc
1e-
1ee2
1e
abc
1.2.3
+
+
0e
1e+
++1
.
--2
e10
1.2.3
1e-
--2
000.e
abc
+
1e+
e10
-
1e
-
abc
-
1e-
000.e
-
000.e
1e-
0e
1e-
.
1ee2
+
--2
1e+
1.2.3
1ee2
--2
0e
+
--2
e10
e10
.
+
1e-
1e
1e-
1ee2
++1
abc
-
-
1e-
0e
.
abc
1ee2
1.2.3
000.e
abc
1e+
0e
.
+
1e+
.
1e+
++1
0e
.
1e+
000.e
.
abc
1ee2
1e+
1.2.3
1ee2
1ee2
1e+
--2
abc
++1
1ee2
e10
+
1e+
1e
+
0e
1.2.3
1e-
000.e
--2
1e+
1e+
.
1e
-
1ee2
1e-
++1
0e
1ee2
1.2.3
.
+
--2
--2
+
1e+
1e
.
+
e10
abc
--2
1ee2
+
+
1.2.3
0e
-
-
abc
--2
++1
1e+
0e
1e+
-
1ee2
-
1.2.3
++1
1ee2
.
abc
0e
e10
e10
-
--2
1e+
-
--2
1e+
000.e
.
0e
1e+
1ee2
e10
1e+
-
0e
.
0e
.
+
0e
--2
++1
.
abc
+
.
--2
000.e
--2
++1
.
000.e
--2
1e
.
1e+
1.2.3
1e
+
-
.
1ee2
1.2.3
0e
000.e
--2
1e
1.2.3
1.2.3
-
++1
1.2.3
+
-
1ee2
000.e
1ee2
abc
1e-
1ee2
1e+
abc
-
abc
e10
1e
e10
+
.
1e
e10
.
000.e
0e
000.e
.
++1
1e+
1e+
e10
1e+
0e
+
1e+
--2
1e-
1e-
abc
0e
.
1.2.3
0e
e10
1e
1e
e10
++1
e10
0e
1e-
-
1e
1e-
+
1e
0e
-
1ee2
e10
e10
-
abc
1e-
000.e
-
1ee2
0e
abc
1e-
0e
1e+
1e
abc
++1
abc
abc
1.2.3
1e
1ee2
abc
-
+
abc
-
0e
1e+
1e+
1e
1e+
--2
+
+
-
1e-
abc
000.e
1.2.3
e10
1.2.3
0e
abc
.
1ee2
e10
.
e10
1ee2
0e
1e
+
+
1e-
000.e
+
1e
1ee2
1e-
1e-
1ee2
++1
1e-
+
1e
--2
.
1e
abc
.
+
.
+
-
+
abc
+
+
-
-
e10
++1
-
-
000.e
1.2.3
e10
0e
--2
1.2.3
1e
1.2.3
1e
.
0e
0e
1e
e10
1e
1e+
--2
1e
.
--2
0e
1e-
1e-
e10
abc
000.e
000.e
1e-
e10
0e
abc
1e
1e
1ee2
e10
--2
+
e10
1e
++1
1e-
1ee2
1e+
--2
--2
1e-
--2
-
0e
+
0e
+
1ee2
1e-
++1
1e-
-
++1
1e
1ee2
++1
1e-
++1
.
1e-
1.2.3
1e+
abc
--2
e10
000.e
e10
e10
1e-
000.e
++1
1e+
1e-
1.2.3
-
1e
.
000.e
-
000.e
+
--2
1.2.3
0e
1ee2
-
--2
000.e
1ee2
1.2.3
.
+
.
000.e
+
-
0e
000.e
abc
.
.
+
.
.
1.2.3
.
1e-
1e
0e
1ee2
e10
++1
0e
000.e
1.2.3
1ee2
--2
1e+
++1
abc
1ee2
-
++1
000.e
--2
1.2.3
e10
1e
0e
e10
1.2.3
1.2.3
e10
e10
1.2.3
1ee2
--2
000.e
-
e10
.
+
1e-
++1
1e+
000.e
++1
1e-
000.e
abc
1e+
--2
+
++1
++1
.
-
1e
1.2.3
abc
1.2.3
e10
000.e
1e-
1ee2
1e+
1ee2
++1
-
.
-
--2
abc
1.2.3
.
abc
1e
1ee2
-
1ee2
1e+
1e+
1.2.3
.
000.e
000.e
1e+
1e-
++1
abc
.
1e+
.
1ee2
--2
1.2.3
+
000.e
1.2.3
abc
abc
e10
1e
abc
1e+
e10
+
abc
-
++1
1e
+
.
1e+
+
+
+
-
-
1e
1.2.3
1ee2
1ee2
.
1ee2
abc
+
000.e
1ee2
1e
1e-
000.e
abc
++1
+
1ee2
1e+
1ee2
+
1e
++1
0e
.
e10
-
0e
1.2.3
.
0e
1ee2
abc
1.2.3
-
+
0e
.
abc
1e
0e
+
1ee2
0e
--2
1e
1ee2
1e
1.2.3
+
1ee2
+
++1
-
000.e
e10
1.2.3
1e
--2
-
1e+
000.e
-
+
1.2.3
1e+
++1
1.2.3
1e+
000.e
++1
--2
--2
000.e
--2
1e
0e
e10
abc
1e-
--2
1e-
1e+
--2
--2
1e
-
000.e
1e+
1e-
-
-
1ee2
000.e
++1
000.e
1e
1.2.3
--2
0e
1e-
-
.
+
++1
1e-
-
1e
--2
1e-
+
000.e
0e
1e-
abc
--2
-
000.e
1e+
0e
e10
1e+
1e+
1e
1.2.3
1e+
.
0e
++1
0e
++1
1.2.3
000.e
+
++1
--2
abc
000.e
1e-
1e
+
1ee2
--2
1e+
0e
1e+
--2
++1
0e
1ee2
+
1e
--2
1e+
-
1ee2
--2
1e+
-
1ee2
1e-
e10
000.e
1.2.3
1ee2
+
1e+
--2
-
1e+
-
1.2.3
-
.
abc
--2
abc
0e
1.2.3
+
1e+
+
1.2.3
+
1e
-
0e
e10
0e
1e+
000.e
+
1.2.3
1ee2
++1
e10
.
+
+
000.e
abc
0e
-
000.e
000.e
++1
+
1e+
1.2.3
1e
++1
abc
1e
1e-
1e+
1ee2
1e-
++1
1ee2
1ee2
0e
1e
.
1e-
abc
1e
1.2.3
-
-
000.e
0e
abc
abc
+
1e-
000.e
.
-
1.2.3
+
+
0e
1.2.3
.
.
1e-
1e-
1.2.3
+
1e
-
++1
000.e
e10
1ee2
-
1ee2
.
abc
--2
+
1ee2
.
1ee2
1e+
1ee2
0e
abc
000.e
+
1ee2
0e
0e
.
0e
abc
1ee2
0e
++1
0e
0e
1e+
++1
-
1.2.3
0e
-
1e
++1
1e
++1
1e+
1e+
+
1e
0e
e10
1e+
e10
1e
1e
++1
-
1ee2
1e+
e10
1e+
.
e10
000.e
1.2.3
1e-
1.2.3
++1
--2
1e+
1ee2
1e+
1ee2
1e-
++1
.
-
abc
000.e
1e+
-
.
--2
0e
-
1e+
abc
++1
1.2.3
+
++1
-
--2
abc
abc
1.2.3
1e-
0e
-
-
e10
+
abc
1e+
1.2.3
e10
0e
000.e
1ee2
+
1e-
1e
+
e10
1e-
e10
++1
e10
-
--2
0e
--2
1e-
--2
++1
1e+
1.2.3
-
1e-
+
++1
-
--2
.
1.2.3
+
1e+
0e
1e-
000.e
.
1ee2
0e
1ee2
++1
1.2.3
e10
1.2.3
.
-
1.2.3
e10
1e-
0e
1e
.
+
.
1e+
0e
1.2.3
-
e10
1.2.3
1e-
1e+
e10
1e-
1e
000.e
.
-
1e+
.
--2
.
.
--2
0e
1e-
1e+
abc
++1
++1
++1
1e
.
1e+
-
1e-
e10
1e-
0e
000.e
abc
1e+
-
e10
0e
1e+
--2
++1
+
-
1.2.3
0e
++1
--2
abc
e10
1e
1ee2
0e
++1
+
000.e
1e+
1ee2
--2
1.2.3
1e
1e-
1e+
.
-
--2
+
000.e
+
++1
1e+
000.e
0e
+
++1
.
1.2.3
1e+
000.e
1ee2
0e
e10
000.e
.
1ee2
1.2.3
000.e
0e
--2
1.2.3
0e
.
e10
0e
0e
.
--2
1e-
1e
1e+
.
1e+
--2
000.e
--2
000.e
1e
000.e
+
1e
1ee2
--2
-
--2
1.2.3
abc
1.2.3
e10
++1
1e+
1e-
.
.
e10
1e
abc
abc
1e+
+
.
-
--2
1e+
.
0e
--2
1e-
0e
+
1.2.3
0e
000.e
0e
1e-
1e
1e+
e10
1e-
-
--2
000.e
1e+
++1
e10
000.e
+
1e+
1e-
000.e
000.e
+
.
++1
1e-
1e+
000.e
1ee2
++1
0e
--2
++1
.
1ee2
+
-
-
1ee2
1e
abc
0e
1e-
000.e
000.e
000.e
abc
+
.
1e
000.e
-
+
--2
+
e10
1.2.3
e10
1ee2
-
-
1e+
+
++1
+
abc
1.2.3
1ee2
--2
1e-
1ee2
000.e
1e-
abc
.
abc
++1
1.2.3
1e-
--2
1e
.
1ee2
000.e
1.2.3
e10
000.e
1e+
1e
1e-
+
1e-
0e
abc
1e
e10
1e
1ee2
1e-
1e
+
1e+
e10
e10
-
.
--2
000.e
++1
abc
abc
0e
1.2.3
1e+
1e
1.2.3
++1
+
+
++1
1e-
1ee2
--2
1.2.3
-
0e
1e
abc
e10
abc
000.e
e10
1.2.3
1.2.3
.
--2
--2
1e+
e10
1e
-
-
000.e
1.2.3
+
-
1e-
1e+
1e+
1e
e10
+
1e+
000.e
000.e
--2
1ee2
1e-
--2
--2
1ee2
000.e
0e
abc
1e
++1
--2
1e-
+
1ee2
1.2.3
.
--2
1e
++1
1e
1e
abc
e10
1ee2
-
1e-
-
abc
1e+
.
000.e
1.2.3
+
000.e
.
--2
abc
1e
1ee2
1ee2
1ee2
0e
0e
--2
++1
abc
1ee2
000.e
-
abc
0e
0e
abc
abc
1.2.3
1.2.3
+
000.e
.
000.e
1e+
1e+
+
0e
1.2.3
1e+
0e
1.2.3
1ee2
1e-
--2
000.e
--2
-
1e-
--2
1.2.3
.
+
1e+
+
-
++1
1.2.3
--2
1e+
1e
.
abc
0e
--2
000.e
0e
1e
1.2.3
000.e
0e
.
abc
1ee2
1.2.3
1.2.3
0e
e10
000.e
0e
e10
--2
-
+
1.2.3
.
--2
1ee2
0e
abc
0e
+
++1
1.2.3
++1
1ee2
e10
0e
--2
--2
e10
+
000.e
1e
+
1e
.
000.e
-
1e
++1
--2
1.2.3
1e
000.e
1e-
--2
1ee2
e10
1.2.3
e10
-
.
-
e10
0e
0e
e10
1e-
.
-
--2
1e-
1.2.3
.
000.e
1e
000.e
1e
1e-
++1
0e
1.2.3
abc
--2
1ee2
-
e10
abc
abc
1.2.3
1e-
--2
++1
1e+
++1
1e+
1e+
1e+
--2
1ee2
1e-
+
1e-
+
000.e
0e
-
+
abc
1e-
abc
1e+
--2
-
1ee2
e10
1e-
0e
1e-
abc
-
000.e
abc
e10
++1
000.e
1.2.3
1ee2
0e
.
1e
000.e
e10
abc
+
1.2.3
e10
1e+
.
1e+
1ee2
+
.
--2
1ee2
+
-
++1
0e
abc
+
-
1e+
-
+
e10
1.2.3
abc
0e
1.2.3
-
-
1e-
+
abc
e10
--2
1e+
1e-
000.e
1e-
0e
-
0e
1e-
++1
1ee2
1e-
0e
.
-
1e-
+
-
+
1ee2
000.e
-
abc
1.2.3
1ee2
1e
1e-
0e
1e
1ee2
1e-
0e
+
.
--2
1e+
000.e
abc
abc
1e
.
abc
1e
1.2.3
0e
++1
-
+
1.2.3
+
000.e
1e+
e10
0e
1e
e10
0e
1ee2
1e-
1e+
++1
-
+
0e
1e-
+
++1
abc
.
++1
1.2.3
abc
1.2.3
1e+
1.2.3
1e-
-
--2
+
1ee2
abc
1e-
1.2.3
1ee2
1e
--2
+
1ee2
1ee2
--2
1ee2
abc
--2
000.e
1ee2
+
000.e
++1
--2
-
-
+
1e-
1.2.3
1e+
000.e
0e
1.2.3
+
.
-
0e
1ee2
.
.
0e
1e-
0e
e10
1ee2
1e
++1
++1
e10
1e
abc
0e
abc
1e-
-
++1
+
++1
-
1e-
.
1e
1e
000.e
+
.
1e
abc
-
1ee2
0e
.
.
1e-
+
1e-
abc
1e-
1ee2
-
1.2.3
1e
--2
1e+
1ee2
.
-
1ee2
+
-
0e
1e+
1.2.3
--2
--2
abc
1e-
1e+
1e+
1ee2
++1
1.2.3
--2
++1
++1
1.2.3
++1
--2
abc
.
1e
-
--2
e10
0e
-
1e-
.
1ee2
-
.
1ee2
abc
1e-
.
1e-
e10
abc
1e
0e
1ee2
1.2.3
1ee2
+
1e
--2
1e
1e-
1ee2
000.e
1ee2
e10
0e
000.e
1e+
--2
-
1ee2
0e
.
1e+
++1
.
1e-
+
abc
abc
.
abc
e10
++1
e10
0e
abc
.
1e
abc
e10
1e-
+
-
1ee2
abc
1e+
--2
--2
1ee2
1e-
-
0e
e10
--2
0e
e10
abc
--2
1e+
0e
--2
1e
1e
-
1e
000.e
0e
-
1e
++1
++1
000.e
1e-
abc
+
+
0e
0e
0e
++1
.
000.e
1.2.3
000.e
000.e
1e
1e-
1ee2
--2
--2
000.e
+
1e
1.2.3
1ee2
+
abc
1e-
--2
+
1.2.3
1.2.3
1ee2
1.2.3
1e-
--2
e10
1e
--2
1.2.3
.
.
1e-
e10
-
-
1.2.3
0e
1ee2
++1
e10
--2
.
-
000.e
-
-
0e
1e
1.2.3
0e
--2
+
0e
1e-
++1
000.e
--2
1e-
++1
abc
abc
000.e
-
000.e
--2
1e+
1.2.3
0e
+
1e-
e10
e10
0e
++1
+
abc
1e+
++1
1e-
--2
1ee2
1e+
e10
+
e10
0e
1e+
1e-
0e
1.2.3
1e+
abc
.
++1
000.e
1e-
1e+
1.2.3
1e-
++1
.
000.e
.
1.2.3
+
1e-
1e
--2
e10
abc
-
1.2.3
++1
0e
1.2.3
000.e
abc
1e+
.
1e-
e10
1ee2
0e
--2
--2
1e+
abc
--2
++1
--2
1e+
1.2.3
abc
+
1.2.3
abc
1e+
1e
++1
abc
1e+
0e
1e
+
-
1.2.3
1.2.3
+
--2
abc
--2
-
000.e
1.2.3
1e+
-
e10
1.2.3
1e+
--2
abc
-
--2
1ee2
--2
1e+
e10
abc
+
1.2.3
1.2.3
--2
--2
1ee2
1ee2
++1
0e
1e-
1ee2
abc
000.e
--2
1ee2
0e
1e+
++1
e10
1e+
abc
1.2.3
++1
++1
-
--2
1ee2
1e
0e
1.2.3
.
e10
-
1e
1ee2
000.e
++1
1.2.3
++1
000.e
++1
.
+
000.e
000.e
-
abc
e10
abc
--2
1.2.3
.
000.e
1.2.3
0e
1e
-
0e
1e-
1e
1.2.3
-
000.e
1e+
-
1e-
e10
1ee2
+
++1
--2
--2
abc
--2
abc
-
1ee2
0e
1ee2
+
+
0e
1e+
1e+
1e+
1.2.3
1e
e10
1e+
abc
1e
0e
abc
1ee2
.
1.2.3
1.2.3
1e+
e10
++1
1e
1.2.3
.
000.e
++1
000.e
-
e10
--2
1e-
0e
1e
1e
1e-
++1
1e
1e-
1ee2
1ee2
.
1ee2
-
1e+
1e+
e10
e10
+
1e
0e
-
0e
0e
1.2.3
1ee2
+
000.e
abc
+
1e-
000.e
.
1.2.3
abc
.
-
0e
1e
++1
0e
abc
-
--2
1e-
0e
0e
000.e
-
--2
--2
0e
1e
1e-
-
1e-
1e
++1
000.e
e10
1.2.3
1e+
1e
1e-
1ee2
--2
abc
1ee2
0e
.
++1
.
-
1ee2
0e
1.2.3
000.e
000.e
1e+
1e+
1.2.3
1e
1e+
abc
++1
.
abc
e10
0e
1e-
e10
.
-
.
0e
000.e
1e
000.e
0e
1.2.3
abc
-
--2
.
++1
1ee2
1e+
1e
e10
abc
1e-
.
1.2.3
--2
0e
1e-
0e
000.e
0e
1ee2
++1
-
1e+
--2
1ee2
.
1e
--2
1.2.3
e10
abc
1ee2
0e
-
-
--2
++1
1e+
0e
e10
--2
1e
1ee2
+
--2
--2
abc
abc
+
-
.
.
--2
1e
1ee2
+
.
1e+
1e
1e+
abc
1e+
000.e
1e-
+
-
1ee2
000.e
abc
1e+
abc
0e
abc
+
-
000.e
1e-
-
+
-
abc
-
e10
.
.
1.2.3
.
.
-
++1
--2
1e+
-
1e+
1.2.3
-
1ee2
1.2.3
1e+
000.e
000.e
--2
++1
1.2.3
-
1e
e10
-
1.2.3
1ee2
e10
++1
1e
+
e10
-
1e+
.
+
e10
--2
.
1e
.
0e
.
000.e
+
++1
.
++1
.
.
0e
-
1e+
1e+
.
0e
+
+
1e
+
+
e10
1.2.3
-
.
+
--2
1ee2
.
1.2.3
000.e
+
+
0e
0e
-
1.2.3
-
000.e
1e+
1ee2
000.e
1e
e10
000.e
1e-
1e+
1ee2
+
--2
000.e
abc
1e
000.e
1.2.3
1e
1e
1.2.3
+
--2
--2
abc
+
0e
abc
abc
0e
-
.
-
0e
1e-
+
1e+
1e+
1e-
1.2.3
000.e
1e+
1e+
.
1e+
-
--2
-
++1
+
--2
e10
-
abc
abc
.
-
1e-
--2
-
+
1e+
.
-
--2
1e+
1e+
1.2.3
--2
1e-
0e
1e
.
+
abc
1e-
--2
0e
1.2.3
1e
1e+
.
++1
1.2.3
e10
.
--2
++1
--2
++1
0e
1e+
++1
--2
e10
-
-
abc
abc
1ee2
++1
0e
1e
000.e
1e-
0e
+
000.e
++1
1e-
0e
.
1.2.3
1.2.3
.
1e+
1e+
.
+
1e
-
-
-
000.e
abc
1ee2
+
1.2.3
+
1e-
--2
1ee2
1e-
+
-
--2
.
1e-
--2
++1
++1
1e
e10
+
+
1e+
1e+
++1
1e+
000.e
--2
1e-
e10
1.2.3
++1
000.e
1e
--2
abc
++1
1e
1e-
-
--2
abc
1e+
1e
+
000.e
abc
+
++1
abc
+
abc
abc
1e
+
1ee2
-
1ee2
1.2.3
abc
+
.
000.e
1e+
++1
e10
e10
1.2.3
abc
1e
1e-
0e
1e
.
--2
abc
--2
1e+
1.2.3
1ee2
+
1e-
1e+
.
+
1ee2
1.2.3
++1
e10
1.2.3
1.2.3
e10
1ee2
++1
.
abc
++1
--2
.
abc
.
e10
1e-
1e-
--2
000.e
1e-
abc
000.e
1.2.3
e10
--2
++1
1e
e10
1e-
1ee2
abc
0e
0e
abc
-
--2
1e
1ee2
--2
1.2.3
abc
+
1e+
abc
000.e
e10
-
--2
1e-
1e+
--2
e10
+
1e+
abc
1e
000.e
+
1.2.3
1ee2
1e-
1e-
1e+
000.e
abc
+
+
1e+
1.2.3
e10
--2
1.2.3
000.e
000.e
++1
1ee2
000.e
000.e
1.2.3
.
1e
1ee2
++1
1e+
000.e
1.2.3
1.2.3
1e+
0e
e10
++1
000.e
+
1e
1e-
1e+
0e
1e+
--2
1e
1e+
1ee2
++1
abc
e10
000.e
++1
abc
++1
--2
0e
1e-
-
abc
e10
-
000.e
1e-
1e-
1ee2
abc
000.e
e10
-
e10
--2
+
--2
++1
0e
1ee2
.
1ee2
.
-
1.2.3
1e
.
.
0e
+
000.e
1e-
++1
1e+
0e
0e
1.2.3
.
++1
--2
abc
1ee2
1ee2
e10
1e-
+
1e+
1e+
1e
++1
000.e
-
1e+
.
--2
000.e
1e
-
0e
1e
--2
1e+
.
abc
++1
+
1e-
--2
.
000.e
abc
.
e10
.
1.2.3
abc
abc
-
--2
1e
000.e
000.e
1e
1e
1e+
abc
1e
1e+
++1
0e
e10
0e
0e
abc
1e-
1.2.3
abc
1.2.3
1e-
0e
1e
.
.
1e
000.e
0e
1ee2
000.e
--2
0e
+
e10
+
1ee2
-
1.2.3
1e+
+
1e-
1ee2
++1
1e-
1.2.3
1.2.3
1e
.
1e-
abc
abc
1.2.3
.
--2
0e
0e
1ee2
1e+
000.e
abc
abc
--2
1e
e10
1e-
+
1.2.3
1.2.3
1e+
1e-
++1
--2
1ee2
000.e
1e
1e+
abc
++1
000.e
1e-
1e+
abc
1e-
000.e
++1
e10
1e-
++1
e10
1.2.3
abc
000.e
++1
000.e
000.e
1e+
abc
000.e
abc
--2
1.2.3
e10
++1
+
e10
--2
-
+
abc
abc
+
abc
1ee2
+
1e
abc
1.2.3
1e+
-
000.e
-
1e+
1.2.3
+
000.e
1e+
1e+
1e
.
abc
-
-
e10
1e-
1e
.
--2
1e
000.e
1e-
++1
-
+
1e
1e+
1e-
++1
0e
abc
-
0e
--2
++1
1e-
1e
1ee2
e10
1e-
--2
1.2.3
1e
1e
+
1ee2
0e
--2
-
+
e10
1e+
e10
1e-
.
1ee2
-
-
abc
+
-
e10
+
-
+
--2
e10
-
abc
1e
-
--2
e10
e10
--2
000.e
.
000.e
.
1e
1e+
abc
1e+
1.2.3
+
.
1e-
.
000.e
abc
.
1e-
1e
1.2.3
--2
1ee2
1ee2
-
--2
.
.
++1
-
.
++1
e10
abc
abc
abc
-
1.2.3
000.e
0e
1e-
-
.
000.e
1ee2
+
1ee2
0e
abc
.
1.2.3
1ee2
1e-
.
1e-
+
000.e
000.e
1.2.3
e10
000.e
1e
1e
abc
-
++1
e10
--2
1e+
-
1e+
1e-
1e+
1e
++1
1ee2
abc
1e+
0e
000.e
abc
000.e
1ee2
1e+
++1
++1
++1
-
1ee2
++1
e10
--2
abc
+
+
+
0e
abc
--2
.
--2
1e+
1e+
.
0e
--2
++1
+
e10
-
000.e
1e
+
000.e
+
+
e10
1e+
.
1e+
++1
.
000.e
000.e
1.2.3
--2
1e-
000.e
1e+
1ee2
e10
-
.
1e-
+
1e
0e
1e
--2
-
.
.
++1
abc
--2
0e
.
1ee2
--2
abc
--2
1.2.3
--2
+
++1
++1
+
++1
abc
0e
1ee2
0e
1e+
--2
000.e
abc
abc
1ee2
1.2.3
--2
e10
1ee2
+
1e
1e
1e-
e10
e10
1.2.3
1.2.3
-
abc
1ee2
--2
1ee2
.
000.e
1e-
-
1e+
+
.
.
--2
abc
+
e10
1e-
.
abc
000.e
1e+
000.e
-
1e-
1e-
1e-
-
1e-
.
.
e10
.
.
1e+
000.e
0e
-
1e+
++1
0e
e10
1ee2
e10
1.2.3
1e+
--2
1e
1e-
.
1ee2
abc
+
1e+
1.2.3
000.e
e10
abc
1.2.3
--2
1e
0e
1.2.3
0e
--2
0e
.
1e+
e10
1e-
.
++1
++1
-
000.e
+
e10
e10
0e
+
0e
abc
000.e
+
0e
1ee2
e10
1e
1e
abc
0e
++1
--2
1e-
+
e10
1e
+
--2
-
1e-
e10
--2
1e-
.
000.e
1ee2
1e+
1e-
e10
.
000.e
1e
abc
000.e
.
-
1.2.3
--2
abc
1ee2
--2
++1
+
--2
1e-
+
0e
1.2.3
-
+
1e
000.e
.
0e
1ee2
1.2.3
1.2.3
++1
1e
+
1e+
000.e
1.2.3
--2
++1
+
.
.
e10
e10
--2
1e-
-
-
abc
1ee2
1.2.3
+
000.e
0e
1e+
.
++1
+
+
abc
1e
--2
1e+
1.2.3
e10
0e
1.2.3
-
-
0e
000.e
1e+
1e+
.
1e
1e
++1
.
e10
++1
1e-
abc
000.e
abc
1ee2
abc
1ee2
000.e
--2
0e
1e+
e10
000.e
+
.
e10
.
1.2.3
++1
0e
++1
++1
1.2.3
000.e
000.e
1ee2
1e-
--2
1e
++1
1.2.3
1e-
0e
abc
1e
--2
1e+
1e-
e10
e10
-
000.e
+
1e
.
--2
e10
++1
1e+
0e
.
1e-
000.e
++1
+
+
000.e
+
--2
abc
--2
-
1.2.3
+
--2
1.2.3
abc
1e
1.2.3
1e+
1.2.3
1e-
1e
--2
--2
1e+
000.e
1ee2
abc
+
.
1e+
e10
1e
1e+
1e-
e10
1e-
1.2.3
+
1ee2
1e-
.
+
.
--2
.
e10
+
e10
abc
.
+
--2
1e
abc
.
1e+
++1
000.e
1e
1ee2
.
000.e
1e
e10
1.2.3
1e-
1e+
1ee2
1ee2
--2
+
1.2.3
1.2.3
abc
0e
e10
1.2.3
1e-
abc
++1
abc
1ee2
--2
1.2.3
-
--2
1e+
1.2.3
1e
000.e
e10
-
+
000.e
abc
000.e
+
0e
-
abc
1.2.3
1e+
-
--2
-
abc
-
abc
++1
e10
1e+
--2
.
1e-
++1
-
++1
1e
0e
1e+
++1
1e
++1
+
1e-
e10
0e
+
000.e
1.2.3
1e+
0e
1ee2
--2
1e+
1ee2
abc
1e+
1ee2
000.e
1e
1e-
1ee2
++1
000.e
1e
1e
--2
1ee2
1e-
++1
+
1.2.3
1.2.3
1e+
1ee2
-
-
++1
+
abc
.
e10
--2
1ee2
--2
++1
0e
--2
0e
1e-
000.e
1e
1.2.3
e10
abc
0e
1e
1e+
++1
abc
1ee2
-
1ee2
0e
1e+
+
1e+
1ee2
abc
1e-
1e-
1ee2
-
1e
.
0e
1ee2
.
1e+
--2
1e
--2
-
1e-
+
.
.
1e-
--2
-
1e
--2
1e-
--2
+
+
abc
.
0e
+
1.2.3
++1
0e
1ee2
e10
1e
1e+
++1
1e
abc
000.e
1.2.3
1e-
e10
-
1e+
1e-
1ee2
1e
e10
0e
--2
--2
+
+
1.2.3
--2
1e+
1ee2
abc
1e-
1ee2
1.2.3
++1
1e-
++1
.
1e-
--2
1ee2
1e+
0e
1ee2
1e
abc
1ee2
0e
.
000.e
+
.
--2
1e
1.2.3
0e
-
1.2.3
e10
1e
1e-
.
-
000.e
e10
1e
1e-
1e+
1ee2
e10
.
abc
abc
+
1.2.3
+
1.2.3
.
1e-
--2
++1
e10
--2
1ee2
000.e
1ee2
++1
1e-
0e
++1
abc
1e-
e10
1e+
+
+
1e-
abc
.
0e
1e+
000.e
++1
e10
000.e
+
0e
1e-
000.e
abc
1ee2
1e-
.
e10
1e-
000.e
1e+
1e+
1.2.3
1e-
++1
.
-
-
1.2.3
1e
abc
.
e10
abc
1.2.3
+
1e
.
1e-
e10
1e-
abc
1.2.3
-
.
1.2.3
+
++1
1e-
1e+
abc
1e+
+
.
0e
1e+
abc
+
++1
1e+
-
+
1e-
000.e
1e+
e10
-
000.e
e10
0e
+
--2
1e
--2
0e
e10
-
abc
++1
0e
-
000.e
000.e
1e+
1ee2
1ee2
1.2.3
1ee2
++1
1ee2
--2
1e-
000.e
abc
e10
e10
0e
1.2.3
abc
--2
++1
e10
1ee2
1e
1e
.
1e
++1
e10
+
0e
1e+
0e
++1
1e-
-
abc
++1
e10
1.2.3
++1
.
++1
e10
.
1.2.3
++1
1e-
1ee2
0e
1.2.3
1e
1ee2
1e-
e10
++1
++1
+
1ee2
1e-
-
1e-
abc
+
1e+
.
abc
abc
++1
--2
.
1ee2
1.2.3
abc
e10
1e-
--2
-
+
1.2.3
+
abc
e10
.
abc
-
--2
-
000.e
e10
abc
abc
.
abc
.
1.2.3
1e
1.2.3
+
1.2.3
-
+
.
+
1e
1ee2
e10
000.e
1e-
1ee2
--2
e10
1e+
1.2.3
1e+
++1
1e-
-
++1
.
.
e10
000.e
++1
abc
.
1e
1e+
1e-
1e-
e10
-
1e-
1e
abc
1ee2
-
1e
1e
--2
abc
--2
++1
abc
abc
000.e
-
1e+
e10
0e
-
1e-
.
1.2.3
1.2.3
000.e
1e+
000.e
000.e
1ee2
1ee2
e10
0e
1.2.3
e10
abc
000.e
abc
0e
1e
--2
1e-
+
-
0e
1.2.3
e10
abc
-
e10
1ee2
++1
1e-
-
e10
1e
000.e
--2
.
e10
000.e
-
1.2.3
-
-
0e
-
abc
e10
000.e
+
000.e
0e
--2
000.e
abc
1.2.3
1.2.3
0e
--2
1ee2
1e+
e10
e10
000.e
1.2.3
1e
-
.
0e
+
abc
--2
++1
-
-
e10
.
.
1e-
+
.
+
1.2.3
1ee2
1e+
e10
1e-
.
1e-
1ee2
1.2.3
abc
e10
1e+
1e
1e-
1e+
++1
e10
1e+
e10
1e
1e+
--2
1ee2
1e
1e
++1
+
e10
+
e10
1e-
000.e
1e+
.
--2
1ee2
-
--2
--2
e10
abc
--2
e10
e10
000.e
-
+
0e
-
1e
e10
000.e
--2
-
--2
++1
e10
e10
1.2.3
-
.
+
++1
1ee2
1.2.3
1e-
1e
1e
.
++1
1.2.3
1e-
000.e
+
-
1e+
-
0e
e10
1e-
1ee2
.
.
000.e
abc
.
+
000.e
.
e10
1ee2
1.2.3
-
++1
1e+
.
1.2.3
abc
1e
1e
1ee2
1e+
1.2.3
++1
e10
+
abc
1e-
1ee2
e10
+
-
++1
000.e
000.e
1ee2
++1
1.2.3
.
--2
0e
abc
--2
1.2.3
abc
e10
--2
abc
0e
+
1ee2
1ee2
1e
000.e
1.2.3
1ee2
.
1.2.3
1e+
1.2.3
1ee2
+
+
-
1e
++1
1ee2
1.2.3
++1
1ee2
+
1ee2
1e-
1e+
1e+
000.e
1e
.
1ee2
++1
1.2.3
abc
1e+
abc
.
0e
.
.
1e
000.e
1e-
1e+
1e
-
e10
1e+
1e
1e-
+
.
0e
abc
1e+
1e-
1e-
+
.
e10
1e
-
1ee2
000.e
++1
0e
--2
0e
1.2.3
1ee2
.
e10
--2
000.e
e10
1e
abc
1e
1ee2
0e
1ee2
0e
1ee2
-
000.e
e10
abc
1ee2
1ee2
1e+
+
1e
++1
e10
.
-
0e
.
1e
abc
--2
1.2.3
0e
+
1e
000.e
1ee2
1.2.3
++1
1ee2
e10
+
1e
1e+
0e
--2
1ee2
--2
1e-
1e-
1e-
.
000.e
1e+
1.2.3
-
1.2.3
+
1e+
1ee2
1e
--2
1.2.3
e10
000.e
--2
+
000.e
++1
1e+
0e
1.2.3
1.2.3
abc
++1
.
--2
1e+
0e
--2
e10
1.2.3
e10
.
--2
.
++1
000.e
.
1e+
0e
e10
+
000.e
-
1e+
000.e
--2
.
000.e
++1
1ee2
1e+
0e
+
1e-
1e+
++1
--2
--2
+
1ee2
+
.
1.2.3
0e
1.2.3
1e
+
1ee2
e10
--2
1ee2
+
1e+
.
-
--2
++1
.
000.e
1ee2
1e
--2
-
--2
+
1e-
000.e
1ee2
-
+
1e+
0e
abc
1.2.3
--2
e10
1e
1e+
1e-
abc
1e-
e10
++1
000.e
0e
abc
abc
.
1e+
++1
1.2.3
1e
1e
1e
+
000.e
0e
1.2.3
abc
.
000.e
1e
.
1e-
+
abc
--2
1ee2
+
.
e10
1ee2
e10
.
e10
abc
abc
+
1e
-
abc
abc
.
0e
++1
++1
1e+
++1
--2
+
-
+
abc
--2
1ee2
--2
1e+
--2
+
1.2.3
--2
1ee2
1e+
1e
-
+
1e-
000.e
1e
++1
--2
e10
1e+
1ee2
1.2.3
1e-
1e+
+
1.2.3
+
.
abc
--2
.
1e+
1ee2
1e
000.e
1e+
0e
1ee2
+
000.e
-
000.e
abc
abc
++1
.
e10
--2
abc
+
++1
+
1e+
++1
--2
1e+
e10
1ee2
--2
1e
--2
e10
.
1ee2
1e
1e
1e+
000.e
1.2.3
e10
.
-
++1
.
000.e
abc
1e
1e
1.2.3
abc
.
++1
1e-
-
1.2.3
abc
1ee2
.
++1
1ee2
++1
1e+
1e+
-
0e
++1
1.2.3
1e-
1.2.3
--2
-
.
1e
000.e
1e
1.2.3
.
1.2.3
abc
1e+
000.e
e10
000.e
--2
1e-
.
1e+
++1
abc
1e+
1e-
abc
-
0e
+
1e+
+
1ee2
e10
.
e10
-
000.e
1.2.3
1e-
1.2.3
.
1e-
1e
e10
1e-
1e
000.e
+
-
1e+
e10
--2
0e
+
abc
-
1e
1e-
0e
1ee2
e10
1e
.
--2
e10
++1
+
abc
--2
1e
--2
1e+
+
-
+
abc
1.2.3
+
--2
abc
0e
1ee2
1ee2
++1
1e+
000.e
1ee2
000.e
e10
abc
1e
1e
1e-
1e+
+
e10
000.e
--2
++1
1.2.3
000.e
1e+
1e+
0e
1e+
--2
1e+
.
1e-
1ee2
.
1ee2
+
e10
abc
-
+
++1
.
--2
1e
1.2.3
++1
e10
+
1e
1ee2
0e
1.2.3
1e
.
--2
++1
e10
1.2.3
1e-
0e
abc
1e+
.
1e-
1.2.3
1.2.3
1.2.3
000.e
e10
1e+
1ee2
--2
000.e
++1
000.e
0e
-
0e
1ee2
++1
--2
abc
1e
e10
e10
1e-
1e-
000.e
e10
.
1e
e10
1e
1.2.3
-
-
1.2.3
1e
+
1e
abc
++1
abc
1e-
1e-
000.e
+
000.e
e10
000.e
1e
.
000.e
e10
1e+
1e
0e
1.2.3
.
1e+
1ee2
.
--2
abc
1e-
.
.
1ee2
++1
-
.
1.2.3
1e+
+
1e
abc
0e
000.e
--2
abc
1ee2
.
000.e
0e
1e+
1e-
1.2.3
e10
--2
1e-
abc
.
abc
.
+
.
000.e
1.2.3
000.e
1e-
000.e
1e
e10
1.2.3
--2
000.e
1e-
000.e
abc
1.2.3
abc
abc
1ee2
1ee2
1ee2
--2
e10
1.2.3
1e
1ee2
0e
++1
1e+
--2
1e+
.
1.2.3
1e-
1ee2
1ee2
abc
1e-
e10
0e
abc
.
e10
.
-
e10
.
1ee2
0e
000.e
-
1.2.3
0e
abc
--2
+
abc
++1
1e
--2
abc
-
-
++1
.
1e
000.e
.
1.2.3
e10
--2
abc
0e
.
1e+
1e+
e10
e10
.
abc
+
--2
+
1ee2
1e+
e10
abc
1e-
abc
+
++1
0e
000.e
--2
--2
+
1.2.3
1ee2
1e+
-
+
1e-
abc
.
.
1e
++1
1e-
1e
000.e
1e+
000.e
++1
0e
+
1.2.3
000.e
++1
1ee2
1e
e10
1ee2
++1
+
+
--2
1e
++1
e10
1e+
1e
1ee2
++1
++1
+
--2
abc
1e+
abc
1e-
+
e10
+
1e+
0e
1e-
1ee2
e10
1e
.
1.2.3
1ee2
+
1e
1e-
.
1e+
0e
1.2.3
-
e10
++1
--2
1e+
000.e
.
.
+
e10
1ee2
.
1.2.3
--2
-
--2
abc
++1
.
-
+
++1
1ee2
1.2.3
--2
0e
0e
1e
-
1.2.3
+
1.2.3
abc
1e+
0e
1ee2
+
000.e
1e-
1e+
1e
0e
1e-
1e+
0e
abc
--2
--2
e10
abc
1e-
1e
1e-
++1
-
abc
1.2.3
1ee2
000.e
1e-
+
++1
000.e
1e-
000.e
.
.
1e
-
+
++1
++1
1ee2
1e+
1e+
+
e10
++1
1e-
-
1e-
--2
--2
1e
+
abc
1.2.3
000.e
-
0e
-
1e-
+
1.2.3
++1
1e+
1e-
-
.
e10
1e-
++1
1e
1e+
abc
1ee2
+
++1
1e-
-
++1
1ee2
000.e
++1
1e
1e
1e+
++1
1ee2
-
0e
0e
abc
1.2.3
e10
000.e
1e+
000.e
1e-
1e+
e10
1.2.3
-
1.2.3
1.2.3
0e
1e
1e+
+
1ee2
-
0e
1e
0e
1e+
e10
--2
1e
0e
e10
0e
1e-
000.e
1e-
1e+
0e
e10
e10
1.2.3
1ee2
1.2.3
0e
e10
1e
0e
0e
1.2.3
+
1ee2
1.2.3
++1
++1
1.2.3
1e
1.2.3
1e
1.2.3
+
+
-
e10
1ee2
000.e
abc
1e
1e
+
-
1ee2
.
1e+
e10
--2
1e+
1ee2
++1
+
1e
1e-
abc
000.e
++1
--2
+
++1
abc
.
+
.
0e
++1
1e+
++1
+
+
++1
0e
--2
abc
e10
1ee2
000.e
--2
-
-
+
abc
+
.
1e+
1ee2
+
1e+
e10
1.2.3
000.e
000.e
0e
.
1ee2
-
.
e10
1e
1ee2
1.2.3
1e-
--2
+
1.2.3
1ee2
e10
1e-
0e
000.e
e10
abc
abc
1ee2
-
+
1ee2
1e+
1e+
1e+
1ee2
000.e
++1
--2
000.e
--2
1e-
1ee2
.
0e
+
0e
000.e
-
.
--2
1e+
--2
1.2.3
--2
1ee2
1ee2
1e
abc
0e
1e-
1ee2
+
abc
-
++1
--2
0e
++1
1e+
1e-
1.2.3
1e+
abc
0e
1e-
1e+
-
000.e
1e+
1e+
e10
1e+
e10
abc
000.e
1e
abc
+
1e
++1
000.e
0e
1e-
000.e
1e-
abc
1e
e10
1ee2
-
.
1e+
+
++1
1ee2
1ee2
e10
--2
+
+
-
+
.
e10
1e+
0e
abc
1e
-
e10
1e
1ee2
abc
000.e
abc
1e+
e10
e10
+
+
1e
1ee2
++1
++1
1ee2
1e-
1.2.3
1.2.3
--2
1e
1.2.3
000.e
1e+
abc
1e+
++1
1ee2
000.e
-
1e-
--2
++1
-
e10
1e-
0e
+
abc
1e-
1e-
1ee2
0e
.
1e-
--2
000.e
--2
1ee2
e10
+
1ee2
-
abc
abc
000.e
--2
1e-
-
e10
.
+
1e
1e
0e
1e-
1e
+
-
1e-
0e
abc
abc
++1
-
1.2.3
--2
0e
--2
1e
--2
1ee2
1ee2
+
--2
1.2.3
0e
++1
++1
0e
0e
--2
++1
1e-
000.e
000.e
1e-
++1
.
1ee2
abc
++1
-
000.e
abc
++1
-
+
e10
abc
+
1.2.3
+
1ee2
0e
-
1e-
1e+
0e
--2
0e
-
+
0e
--2
1ee2
0e
1e+
1e
1.2.3
1ee2
+
-
.
1e
1e+
1ee2
abc
1e+
e10
1e+
1e-
e10
1.2.3
+
abc
1.2.3
1e
.
++1
.
-
1ee2
--2
1e
++1
000.e
1ee2
1e-
1e-
000.e
-
1e
1e-
1ee2
--2
1.2.3
1ee2
1e+
1ee2
1ee2
1e-
e10
.
1ee2
000.e
++1
+
--2
.
1e+
000.e
1e
e10
1e
000.e
abc
+
1ee2
abc
1e
++1
0e
.
e10
abc
--2
abc
000.e
000.e
++1
1e+
+
.
.
abc
--2
0e
1ee2
1ee2
e10
+
0e
1ee2
0e
-
e10
--2
000.e
--2
++1
1e+
--2
1ee2
.
.
.
-
1.2.3
0e
1ee2
++1
-
e10
000.e
abc
000.e
++1
1e+
1.2.3
+
1.2.3
1e-
abc
1.2.3
.
abc
++1
1e
e10
+
1e+
1ee2
++1
--2
000.e
e10
+
1e+
1e
abc
0e
1e
1e+
1e
1e+
.
1e+
.
1.2.3
++1
1e-
1e
-
000.e
1e
--2
1.2.3
++1
1e+
1e-
1e
1e
1.2.3
1e-
0e
1e-
1e-
+
1.2.3
--2
1e
abc
+
-
1e-
1.2.3
000.e
abc
0e
000.e
e10
--2
++1
++1
.
1e+
abc
1ee2
0e
+
000.e
000.e
+
1ee2
abc
1e
000.e
1.2.3
e10
abc
++1
e10
1ee2
1.2.3
1.2.3
--2
1ee2
++1
0e
1ee2
abc
000.e
1e
1e
abc
1e+
1e+
e10
1e-
1e+
1e
++1
1e
1e-
1e+
e10
++1
--2
1e
+
.
1e
.
--2
1.2.3
e10
+
abc
e10
+
000.e
e10
1e-
0e
1e+
1.2.3
abc
.
000.e
1ee2
abc
1e
000.e
0e
1ee2
1e+
abc
--2
1e-
.
++1
++1
e10
e10
abc
+
1e+
++1
abc
--2
1e
0e
abc
e10
abc
.
1e+
0e
1ee2
1e-
--2
0e
1.2.3
1e+
e10
000.e
1.2.3
1e
abc
1e+
1e+
1e
1ee2
e10
1ee2
e10
+
1e
.
1ee2
1e+
++1
abc
000.e
000.e
0e
1ee2
+
e10
+
++1
++1
abc
1e-
0e
++1
0e
++1
-
--2
-
1e+
1e
0e
.
-
+
0e
1e+
000.e
e10
1e+
1e-
++1
1.2.3
000.e
1.2.3
1e-
1ee2
.
1e
1e
--2
1.2.3
000.e
--2
000.e
+
++1
-
0e
+
1e-
1e-
+
abc
1e+
0e
.
1e-
000.e
++1
e10
1ee2
000.e
1e+
1e+
000.e
1e-
1e
e10
abc
1e-
--2
-
1e+
--2
++1
++1
1ee2
++1
1ee2
1.2.3
+
1.2.3
-
000.e
0e
--2
.
000.e
0e
+
.
000.e
1e-
1e-
+
1ee2
+
1e
000.e
1ee2
1ee2
0e
1.2.3
1ee2
000.e
e10
-
0e
e10
1e+
1.2.3
1e+
+
1e
+
+
++1
0e
++1
abc
000.e
1ee2
1.2.3
-
1ee2
-
000.e
1e+
e10
1e+
1ee2
+
++1
1e+
e10
0e
1.2.3
000.e
1.2.3
1e+
+
1e+
1e-
1e-
abc
0e
0e
1.2.3
abc
1.2.3
0e
--2
e10
000.e
+
--2
1e+
-
++1
0e
1e+
0e
1e
-
.
000.e
000.e
abc
1e
1e
.
1e+
1e-
1e
-
1ee2
1.2.3
0e
1e
0e
0e
0e
0e
1e+
.
abc
0e
1e-
1.2.3
+
1.2.3
abc
1e+
1e
+
1e+
1e+
e10
++1
++1
1ee2
1e
.
1e-
1.2.3
++1
1e
.
abc
.
1e-
1.2.3
+
.
--2
+
0e
-
.
e10
abc
1.2.3
1ee2
1e+
0e
abc
e10
1e+
e10
1e-
1e-
++1
1e
-
1e
++1
.
0e
1.2.3
1.2.3
-
++1
e10
1.2.3
1ee2
.
abc
1e
1ee2
abc
1.2.3
1e+
+
1e
.
++1
000.e
0e
1e
1.2.3
--2
0e
000.e
-
1.2.3
0e
1e-
-
1ee2
++1
000.e
+
1e
1e+
++1
++1
-
abc
1ee2
-
1ee2
e10
e10
abc
-
--2
000.e
--2
1e-
+
0e
1e+
-
e10
1ee2
1e-
1ee2
000.e
1e+
1e
1.2.3
++1
abc
.
-
0e
+
+
1e+
1e-
0e
0e
--2
++1
+
.
1ee2
1e-
.
1.2.3
1.2.3
-
+
0e
-
1.2.3
1.2.3
--2
1e+
1e-
0e
1e-
-
++1
++1
1.2.3
1e-
1e
+
0e
1ee2
1e-
1e
--2
++1
++1
++1
-
1e+
++1
1e+
1e-
+
1ee2
1ee2
1e+
1.2.3
-
+
++1
++1
++1
+
1.2.3
e10
1ee2
1ee2
abc
1.2.3
e10
1ee2
1.2.3
0e
1e-
1e
.
e10
.
1e
+
-
e10
.
e10
1e+
-
+
+
1e+
--2
1e
.
++1
-
0e
++1
-
-
1e
1e+
abc
abc
e10
abc
--2
+
1e+
+
1ee2
0e
+
1e+
1ee2
1ee2
--2
1.2.3
1e
000.e
1e
-
++1
abc
000.e
000.e
1ee2
-
1.2.3
1e
1e-
.
.
--2
--2
1e+
1ee2
++1
1e+
1e
1e
--2
1e+
1.2.3
--2
-
++1
++1
1ee2
000.e
1e
e10
1e+
+
.
1e+
+
abc
--2
1e-
-
e10
1e
e10
--2
000.e
000.e
000.e
0e
0e
abc
0e
--2
000.e
e10
1ee2
++1
abc
-
e10
abc
e10
1e+
--2
0e
1e
1e-
0e
1e-
1e+
--2
abc
--2
abc
++1
-
abc
abc
1e-
-
-
1ee2
--2
++1
.
1e
--2
1e-
1.2.3
e10
000.e
1e+
abc
e10
+
1e-
++1
1ee2
1e-
+
000.e
.
1e+
--2
1ee2
1ee2
+
-
--2
1e
1ee2
++1
++1
.
1ee2
e10
-
1.2.3
1ee2
0e
1e-
1ee2
1ee2
e10
e10
1.2.3
000.e
0e
++1
-
1.2.3
-
1e-
.
000.e
abc
000.e
1ee2
.
1e
1e-
0e
--2
1e-
++1
++1
--2
.
0e
+
000.e
1ee2
1e+
000.e
.
--2
.
+
e10
--2
1e
1e-
e10
e10
++1
-
.
1.2.3
0e
1.2.3
-
1e
-
1e+
-
++1
--2
000.e
000.e
1e-
1e-
++1
abc
1e-
1e+
e10
000.e
.
1ee2
abc
-
++1
1e-
1e-
000.e
1e+
1e+
e10
1e-
.
+
++1
1e+
abc
0e
0e
e10
1e+
++1
e10
1.2.3
0e
000.e
1e
+
++1
1e-
1e
-
1e
e10
e10
.
-
0e
abc
+
.
e10
0e
1e
1.2.3
--2
1e+
0e
++1
1e-
e10
e10
1e+
-
++1
abc
1e
+
+
000.e
--2
--2
-
e10
1ee2
abc
0e
1e
1e-
--2
--2
1e-
1.2.3
.
1e
1ee2
-
1ee2
+
--2
--2
1ee2
1e-
.
--2
e10
1e
1e+
++1
abc
000.e
000.e
-
1ee2
--2
.
e10
1e+
1e+
--2
e10
.
abc
1e
.
+
0e
.
+
-
+
++1
++1
++1
1e-
+
abc
++1
-
.
+
.
0e
.
abc
1.2.3
-
1e-
0e
1e-
000.e
abc
000.e
1.2.3
1e
e10
0e
000.e
--2
000.e
-
1e-
1e+
e10
1e
-
1e+
1e-
1.2.3
e10
--2
-
-
abc
-
-
1.2.3
++1
e10
e10
1ee2
1.2.3
++1
--2
+
1.2.3
0e
1e
0e
++1
0e
--2
0e
1e+
1.2.3
++1
e10
1ee2
e10
1e-
1e-
.
1e-
--2
e10
000.e
0e
1e+
1e+
1e+
0e
e10
abc
1ee2
1.2.3
0e
1ee2
abc
e10
abc
-
000.e
+
1.2.3
1e-
abc
.
1ee2
.
000.e
-
--2
1e
--2
-
1.2.3
1ee2
--2
-
+
abc
1ee2
+
000.e
1ee2
1.2.3
++1
1.2.3
1ee2
++1
--2
1ee2
+
+
1e-
e10
.
-
abc
000.e
0e
000.e
1ee2
++1
.
1e+
1e
000.e
1ee2
0e
+
++1
abc
1e
-
1.2.3
1e
1ee2
-
000.e
e10
-
1e
0e
.
++1
-
1e
e10
000.e
.
1e
abc
-
0e
++1
abc
1ee2
abc
000.e
+
.
1e-
1e+
abc
abc
1ee2
e10
--2
-
000.e
1e-
.
000.e
0e
abc
e10
1.2.3
000.e
abc
-
e10
e10
-
1ee2
++1
abc
.
.
1e
1.2.3
1e-
1ee2
e10
1.2.3
1.2.3
1e-
1.2.3
--2
++1
000.e
-
-
-
1.2.3
++1
0e
000.e
+
++1
1ee2
1ee2
.
1e
000.e
++1
.
0e
-
.
++1
abc
1.2.3
1ee2
abc
-
1e
++1
1e-
+
.
1e
000.e
1.2.3
000.e
1e-
--2
1e
1e-
abc
-
--2
000.e
000.e
000.e
000.e
.
+
++1
1.2.3
-
++1
+
.
1ee2
+
-
1e-
--2
e10
+
000.e
-
++1
e10
1ee2
e10
--2
e10
++1
abc
1e-
1e
++1
1e-
1ee2
.
0e
abc
++1
1e-
1e+
++1
e10
+
1.2.3
1e
--2
abc
abc
.
1e+
1e+
e10
++1
++1
--2
.
1e-
1e
--2
--2
0e
1ee2
1e+
1e
1e-
1e+
abc
1ee2
1e+
-
+
abc
--2
1e-
++1
1e+
1e-
1e+
1e+
000.e
1ee2
1e-
--2
e10
++1
-
1.2.3
--2
1e+
.
.
-
1e-
++1
1e-
1e
e10
++1
+
1e
1e+
1ee2
-
1e
++1
0e
abc
1ee2
++1
.
1e-
e10
e10
abc
-
++1
e10
1ee2
1e+
1e-
++1
1e
1e
e10
e10
--2
1ee2
1e-
1e+
e10
+
000.e
+
000.e
abc
0e
000.e
+
--2
1e-
-
1e-
000.e
e10
1e+
--2
.
000.e
++1
0e
1e-
--2
--2
1ee2
++1
++1
+
1.2.3
+
1e
1.2.3
.
++1
1ee2
.
1e-
1e
e10
--2
0e
abc
0e
1e+
.
++1
e10
1.2.3
abc
.
1e
000.e
--2
1e
1e
.
1.2.3
--2
--2
-
--2
++1
++1
1e
000.e
1e+
e10
1.2.3
1e
+
1ee2
-
++1
abc
+
1e+
1e-
000.e
--2
-
--2
1e
1e+
+
-
e10
-
e10
0e
+
++1
abc
-
1ee2
1e+
0e
1e-
+
--2
.
000.e
+
0e
0e
--2
.
e10
1e-
.
-
0e
.
000.e
-
1ee2
e10
e10
--2
1.2.3
1e
.
1.2.3
e10
000.e
1e
0e
1ee2
1e
1e
.
1.2.3
1e-
+
abc
000.e
.
1e
1e
000.e
1e-
1e
abc
.
1e+
e10
.
abc
1e+
+
1.2.3
abc
1e+
e10
-
1ee2
1.2.3
.
++1
++1
1.2.3
-
+
++1
0e
0e
0e
1e-
1e-
0e
0e
0e
000.e
1e+
0e
1.2.3
1.2.3
0e
1ee2
-
--2
1e
++1
--2
1ee2
000.e
1e-
abc
1e+
1e+
0e
-
1ee2
1e-
.
0e
++1
1e+
.
1ee2
-
++1
1e+
+
++1
-
000.e
1e
+
000.e
+
0e
1ee2
1e-
0e
--2
1.2.3
1e
1e+
e10
000.e
000.e
1e
1.2.3
.
e10
+
1ee2
0e
1e
1.2.3
1e+
e10
1e+
1ee2
0e
++1
-
e10
1e+
.
1ee2
1e
1e-
.
1e-
--2
0e
1.2.3
--2
1e-
.
1e-
000.e
++1
--2
000.e
1ee2
1e+
1e+
1ee2
abc
-
+
--2
1e+
1.2.3
1e+
e10
1e-
000.e
1e
abc
1e+
1ee2
+
-
1e
.
1e
000.e
--2
e10
0e
e10
abc
abc
.
+
++1
0e
+
000.e
1e
--2
1e-
.
1.2.3
.
+
++1
1ee2
1e-
000.e
1.2.3
1e+
1e-
-
0e
1e
1.2.3
0e
.
++1
e10
.
1ee2
++1
abc
1ee2
1.2.3
1e
abc
abc
+
1e-
.
+
abc
1e
abc
++1
.
0e
abc
+
0e
abc
1.2.3
+
0e
1ee2
1e-
1e-
e10
++1
1.2.3
++1
000.e
000.e
0e
1e+
0e
++1
-
1e
--2
+
1ee2
-
1e+
++1
1.2.3
1e
000.e
e10
1e+
--2
++1
.
+
1e+
+
1e
--2
++1
abc
000.e
1e+
1e
1e+
1e
1.2.3
--2
1e-
.
1e-
++1
abc
e10
0e
e10
0e
abc
1.2.3
++1
--2
abc
0e
e10
.
0e
abc
abc
1e+
1e-
-
1ee2
1.2.3
1e+
1.2.3
+
1e-
abc
1e-
1e+
1e-
1e+
0e
++1
+
--2
.
abc
1e+
abc
+
1ee2
-
1ee2
0e
1e
abc
+
abc
0e
abc
++1
++1
1ee2
.
1ee2
+
abc
0e
000.e
abc
0e
-
1e
1e-
+
000.e
-
000.e
abc
1.2.3
1e+
1.2.3
--2
-
1.2.3
1e+
.
-
0e
0e
1e-
+
+
.
e10
abc
1e+
1e
1ee2
--2
--2
+
1.2.3
.
.
e10
000.e
.
+
abc
1.2.3
1ee2
abc
1.2.3
+
-
0e
-
000.e
1.2.3
-
--2
000.e
1ee2
.
abc
1.2.3
.
0e
1e
++1
.
.
e10
e10
-
1.2.3
--2
1e-
1e-
0e
1.2.3
0e
1e
1ee2
1.2.3
abc
--2
1e+
0e
e10
--2
++1
.
-
1ee2
--2
e10
1e
e10
-
e10
abc
abc
abc
0e
1e+
abc
+
1e-
000.e
0e
1ee2
-
000.e
abc
abc
--2
.
++1
0e
e10
abc
1e-
e10
+
1e+
1ee2
000.e
--2
1e+
abc
1e+
-
--2
1e+
000.e
1e-
e10
.
1e+
.
1e-
++1
1.2.3
.
1.2.3
1.2.3
+
0e
1e
++1
1ee2
1e+
--2
1e-
1e-
1.2.3
.
1ee2
1e
1ee2
1e+
++1
e10
++1
1ee2
0e
+
0e
1ee2
+
0e
000.e
e10
abc
000.e
1ee2
.
1e+
1.2.3
.
000.e
--2
1e-
1e
1e-
1.2.3
1e
e10
0e
1e-
e10
.
1e
abc
1ee2
abc
+
.
1e-
-
1.2.3
--2
+
-
abc
e10
1e-
1e-
1e+
1.2.3
000.e
-
--2
1e
+
abc
1ee2
1e-
++1
1e-
--2
.
000.e
0e
--2
1ee2
--2
abc
1.2.3
0e
++1
1.2.3
e10
1e-
1e-
+
0e
1ee2
-
++1
1e-
-
1e+
++1
1ee2
-
e10
1e-
-
++1
-
.
1.2.3
1e+
abc
abc
1.2.3
--2
1.2.3
++1
0e
abc
.
.
.
e10
000.e
1.2.3
-
+
000.e
1ee2
1.2.3
abc
.
1e-
1.2.3
.
0e
1ee2
000.e
.
+
1.2.3
1e
1ee2
++1
-
1e+
000.e
000.e
1e+
1e+
1.2.3
e10
-
abc
++1
abc
abc
e10
.
1e-
++1
++1
--2
abc
++1
1ee2
abc
1ee2
-
+
--2
1ee2
-
++1
++1
.
.
-
--2
0e
1ee2
+
1e+
-
e10
1e
1e+
abc
++1
abc
++1
--2
.
0e
++1
++1
000.e
0e
1e
1e+
.
++1
1.2.3
0e
++1
.
+
-
abc
1e
1e+
abc
1e+
1e
+
.
e10
1.2.3
++1
1e+
++1
.
1e+
1e+
1e+
000.e
+
1ee2
abc
1e
++1
1e
++1
+
1.2.3
1ee2
0e
1.2.3
1ee2
abc
++1
--2
1e+
1e-
0e
1e
.
1e-
--2
.
++1
++1
+
++1
1ee2
++1
+
+
-
e10
1.2.3
abc
1ee2
.
++1
.
-
1e-
--2
abc
e10
++1
1e+
+
e10
abc
1ee2
1e
1.2.3
--2
000.e
1ee2
1.2.3
1e
++1
000.e
+
e10
000.e
0e
++1
000.e
-
-
e10
--2
-
1e-
1e-
--2
+
abc
1e+
+
1ee2
1e-
0e
+
e10
--2
000.e
+
000.e
++1
1ee2
000.e
--2
1e+
1e+
.
1ee2
e10
1.2.3
-
1e
000.e
abc
0e
++1
0e
-
--2
1ee2
-
1e+
1ee2
-
1.2.3
1e-
000.e
1e
0e
1e+
--2
1e
1.2.3
.
000.e
.
.
1e-
1.2.3
1.2.3
++1
+
+
1e+
1e-
abc
+
--2
e10
-
abc
1e+
--2
-
e10
e10
e10
--2
-
1.2.3
.
+
1.2.3
1.2.3
-
0e
0e
1.2.3
e10
1e-
000.e
1.2.3
1.2.3
e10
--2
1ee2
000.e
-
1.2.3
0e
e10
e10
1e+
+
1e
e10
0e
000.e
++1
.
1e+
e10
++1
1.2.3
e10
-
e10
1e
0e
+
1e
--2
-
-
1e-
1.2.3
1ee2
1e+
1e+
1e+
abc
-
e10
.
1e-
0e
1e
.
1.2.3
000.e
+
1e+
1.2.3
+
e10
abc
1.2.3
1ee2
-
000.e
e10
--2
000.e
1e
abc
abc
1e+
--2
1ee2
--2
++1
1.2.3
1e
1e-
1e
abc
++1
abc
0e
0e
abc
e10
0e
1ee2
e10
1e-
abc
+
.
000.e
1e
--2
1.2.3
1e
+
0e
0e
000.e
1ee2
1e+
0e
+
0e
++1
+
000.e
000.e
1ee2
1ee2
1e-
e10
1e+
e10
1e
1e-
1.2.3
1e
0e
1e+
1ee2
++1
0e
+
abc
1e
++1
1e+
1e-
abc
1ee2
1e-
-
++1
abc
+
-
--2
-
-
0e
1e+
1e
1ee2
1e
0e
000.e
1ee2
.
1ee2
-
+
1e+
-
e10
1e-
1e-
1ee2
1e+
1.2.3
1e
abc
++1
--2
--2
1e-
1e
0e
0e
1e-
000.e
0e
e10
1e+
1.2.3
000.e
abc
++1
1e-
1e
--2
1ee2
1e
0e
1e-
1e
.
1e
0e
++1
1.2.3
.
+
+
1e+
1e+
1e+
000.e
1ee2
--2
-
000.e
1e
1e-
--2
.
e10
abc
1ee2
1e+
1.2.3
abc
1e+
++1
++1
e10
-
1e
abc
1e
+
1e
0e
1ee2
1e-
1e
-
-
--2
.
1e
++1
0e
e10
-
++1
1e-
000.e
e10
000.e
0e
1e
-
abc
1ee2
++1
1e+
abc
+
-
0e
1ee2
++1
1e+
1e
abc
abc
-
1.2.3
1e-
1.2.3
0e
1e+
1e+
+
1e-
1e-
1.2.3
.
--2
e10
1e+
1ee2
.
1e
++1
-
1.2.3
1e+
+
1ee2
e10
1e-
++1
1ee2
-
-
-
1e
1e
0e
abc
++1
.
1e-
abc
1e+
1e
0e
++1
1ee2
abc
000.e
1ee2
-
1e+
1e
+
1.2.3
1e+
1e-
1ee2
1.2.3
000.e
1ee2
-
1e
1e+
000.e
1.2.3
-
1e
++1
-
+
1.2.3
--2
000.e
.
1e-
+
-
-
-
1e-
1e+
1e
abc
1e+
-
+
000.e
1e
1ee2
-
-
--2
.
1e
1e+
abc
1ee2
1e+
1ee2
e10
.
1e-
0e
e10
-
++1
.
e10
0e
--2
++1
1.2.3
-
1e
1e+
1e
+
1ee2
-
e10
1e-
1e
++1
+
.
abc
-
0e
++1
1e+
+
-
+
abc
1e+
++1
.
1e+
-
1ee2
1e+
+
+
1e+
1e-
++1
.
abc
1.2.3
e10
abc
1e+
--2
000.e
0e
1e+
000.e
-
1e-
++1
1ee2
.
0e
000.e
--2
1e+
1.2.3
abc
++1
1e
1e+
-
1.2.3
1e
--2
1ee2
--2
1e-
1.2.3
0e
++1
+
-
--2
.
000.e
+
abc
+
1.2.3
1e-
1e+
-
1e
.
1e+
+
-
.
+
1e-
000.e
.
.
1e-
1e-
1ee2
abc
1e+
1ee2
+
+
0e
+
0e
++1
+
-
.
1ee2
1ee2
0e
000.e
1.2.3
1.2.3
-
.
--2
1e
++1
++1
1ee2
1e+
1e
-
--2
1.2.3
1e-
1e
1ee2
1.2.3
--2
0e
1e
e10
000.e
++1
--2
abc
000.e
1e
++1
0e
-
abc
abc
+
1e
1e-
0e
1.2.3
-
e10
abc
1ee2
1e
1.2.3
000.e
abc
1e-
--2
-
1e
1e
e10
e10
-
--2
+
e10
1.2.3
1e+
-
+
1e
0e
.
000.e
1.2.3
-
e10
--2
1e+
-
++1
1ee2
1e
-
0e
1e-
1ee2
1e+
abc
e10
000.e
abc
0e
+
1.2.3
0e
abc
abc
.
.
0e
1e-
abc
e10
e10
1e+
+
--2
0e
++1
++1
0e
1.2.3
1ee2
-
abc
1e
0e
1e
+
e10
000.e
e10
--2
1e
--2
.
0e
--2
1ee2
abc
1e+
0e
1e-
+
1ee2
1e+
1e
-
1e-
0e
-
1.2.3
1.2.3
++1
000.e
--2
1e
000.e
0e
1e-
1e-
0e
1e
-
000.e
abc
000.e
--2
++1
000.e
.
--2
.
0e
1e
--2
--2
1e+
0e
1e
0e
-
1ee2
-
0e
1e-
-
1e
++1
1e-
++1
--2
--2
000.e
1ee2
1e-
1e-
000.e
000.e
--2
--2
1.2.3
1e+
1e+
1e+
.
++1
000.e
1.2.3
abc
.
abc
000.e
+
++1
++1
.
abc
--2
-
000.e
++1
1e+
-
1e-
-
+
1e-
1e-
.
1e+
000.e
e10
.
+
000.e
--2
1e
+
-
++1
000.e
1e
1e-
+
--2
abc
-
1e+
abc
1e-
1ee2
++1
1e+
1e+
-
1e-
-
e10
0e
1ee2
-
1e-
1.2.3
abc
1ee2
1.2.3
abc
--2
000.e
--2
1.2.3
++1
e10
abc
1e-
--2
e10
0e
e10
+
e10
++1
++1
0e
e10
1e-
000.e
1e-
1ee2
.
e10
+
--2
1e-
++1
1e+
+
000.e
++1
e10
--2
abc
+
++1
+
1.2.3
e10
1ee2
abc
1e+
1ee2
--2
--2
1ee2
1e+
1e
1.2.3
+
++1
+
1e-
1e+
.
--2
000.e
e10
--2
1e-
.
--2
1e-
1e-
1e+
1ee2
+
1ee2
1e-
abc
1.2.3
1ee2
abc
++1
.
.
abc
000.e
1e-
++1
1ee2
e10
1e
1e+
1e+
--2
1e+
++1
1e-
++1
--2
+
-
-
-
1ee2
++1
1e
abc
-
1.2.3
abc
e10
+
000.e
0e
--2
e10
1.2.3
1e
0e
.
abc
000.e
--2
1ee2
1e
1.2.3
.
1.2.3
1.2.3
abc
1ee2
1e
000.e
--2
1ee2
1.2.3
+
--2
.
1e-
0e
--2
.
+
--2
.
e10
+
0e
0e
000.e
000.e
000.e
1e
e10
e10
++1
1e-
0e
1ee2
0e
1.2.3
.
abc
1ee2
1.2.3
1e-
+
1e+
1e
abc
--2
abc
000.e
+
--2
0e
.
1e+
--2
e10
000.e
--2
1e+
1e-
abc
1e-
1ee2
1e+
1e+
1.2.3
.
-
1e-
+
1ee2
000.e
-
1ee2
1ee2
000.e
1.2.3
--2
e10
0e
++1
1e
1ee2
000.e
0e
-
1e+
--2
.
++1
e10
000.e
+
+
e10
--2
000.e
1.2.3
e10
1ee2
1ee2
.
++1
1e+
--2
1e
1e+
abc
abc
1.2.3
++1
e10
.
0e
1ee2
1.2.3
e10
0e
1e
000.e
-
000.e
1e+
0e
--2
1e+
abc
-
1e+
.
0e
1ee2
1e-
1ee2
abc
.
0e
1e
1.2.3
+
1.2.3
000.e
-
e10
1ee2
-
1e
abc
1e
.
1e-
000.e
1.2.3
1e-
.
abc
.
abc
1.2.3
0e
0e
1e+
1e+
1ee2
1e
1e
+
1e+
--2
--2
-
e10
++1
e10
++1
1.2.3
e10
abc
+
e10
1ee2
--2
--2
abc
1ee2
0e
1e-
e10
000.e
e10
+
+
e10
+
1.2.3
1.2.3
abc
1.2.3
+
000.e
0e
1e-
e10
--2
1ee2
1e+
1e+
+
.
--2
1ee2
0e
-
1ee2
1ee2
1.2.3
1ee2
-
1e
abc
--2
1ee2
++1
0e
--2
1e-
abc
1.2.3
+
abc
abc
++1
1.2.3
-
-
++1
-
--2
e10
1ee2
1e
-
abc
e10
1e-
--2
1e-
-
000.e
000.e
1e-
-
+
.
1e+
1.2.3
1e-
e10
-
.
1e+
+
-
1.2.3
.
abc
1e-
1.2.3
000.e
1ee2
1e
++1
1.2.3
1e-
1e-
1.2.3
0e
1ee2
1ee2
+
abc
+
+
abc
000.e
--2
0e
.
1.2.3
0e
e10
e10
e10
1e+
e10
.
1e-
.
1e
000.e
-
1e-
+
000.e
1.2.3
e10
+
--2
1ee2
e10
0e
-
+
-
.
--2
0e
-
++1
+
+
e10
1e
--2
1e
1e-
abc
000.e
000.e
+
--2
-
abc
1.2.3
0e
1e
1e
++1
000.e
-
e10
e10
1.2.3
000.e
.
1e
1e-
--2
1e
-
.
1e
e10
--2
1e+
1e-
++1
e10
e10
++1
+
000.e
1ee2
1e
--2
abc
1e+
1.2.3
1e+
abc
.
1e-
abc
1e+
000.e
000.e
000.e
-
1ee2
--2
--2
.
--2
1e
1.2.3
.
1e
1.2.3
e10
++1
.
1.2.3
--2
-
1e-
++1
1ee2
1e-
+
++1
1e
.
1ee2
1e-
e10
-
0e
1.2.3
-
0e
1e-
1e-
++1
1e-
.
1.2.3
--2
0e
.
--2
e10
1ee2
1ee2
abc
0e
1e+
1e
.
abc
+
0e
1e+
+
000.e
1e+
abc
abc
1e
1.2.3
e10
1e
1ee2
1.2.3
-
++1
1e
1.2.3
.
1e-
0e
1e-
-
1.2.3
1ee2
000.e
++1
--2
+
1ee2
000.e
e10
+
1e+
++1
++1
1e
-
++1
1.2.3
000.e
1e
1e-
1e
--2
e10
1e
1.2.3
1.2.3
1.2.3
e10
1e+
e10
e10
1e-
1.2.3
0e
e10
1e+
+
1e
-
e10
000.e
abc
+
1.2.3
1e+
000.e
000.e
+
.
abc
++1
++1
1ee2
e10
1e+
--2
1e+
0e
1.2.3
+
++1
+
1e+
0e
++1
+
.
1e+
abc
abc
1e+
1.2.3
1.2.3
1e-
1ee2
1ee2
1e-
000.e
.
1e-
--2
+
abc
000.e
1ee2
1.2.3
000.e
1e
000.e
0e
0e
.
--2
--2
++1
+
0e
1e
abc
000.e
abc
+
1.2.3
1e
1e
.
000.e
1e-
000.e
--2
1ee2
1.2.3
abc
++1
1.2.3
000.e
1ee2
-
e10
++1
+
.
--2
1e-
0e
000.e
--2
+
--2
--2
.
--2
e10
1.2.3
1ee2
-
+
++1
-
1e
000.e
+
1e-
.
e10
++1
--2
abc
.
1ee2
1.2.3
1e
abc
0e
1ee2
abc
.
1.2.3
abc
.
+
e10
1e
1e
000.e
000.e
+
--2
+
1e-
-
.
1e
--2
.
.
--2
-
-
1e
1e+
+
0e
--2
.
1e
1e
1e-
-
--2
1ee2
e10
-
-
++1
1e-
1.2.3
++1
-
1e
abc
e10
.
--2
e10
+
0e
1.2.3
1.2.3
.
000.e
-
1.2.3
1e+
1e+
1e-
1e-
e10
000.e
1.2.3
+
1.2.3
1e+
1.2.3
1ee2
0e
-
++1
1e
0e
000.e
++1
++1
0e
0e
1e-
-
abc
1e+
1.2.3
1ee2
1e
000.e
1e-
1e
.
abc
++1
1.2.3
--2
1.2.3
e10
e10
++1
abc
--2
++1
--2
1e
e10
1.2.3
.
000.e
1ee2
e10
1.2.3
abc
+
1e+
000.e
+
1e+
1e+
1e-
000.e
abc
e10
.
1.2.3
++1
.
1e-
1e
+
++1
1.2.3
e10
0e
000.e
0e
0e
-
++1
1e
1e
abc
1ee2
--2
abc
000.e
e10
1ee2
1e-
000.e
++1
000.e
++1
000.e
-
1.2.3
-
.
+
abc
.
1ee2
1.2.3
.
1e-
1ee2
.
-
abc
1ee2
-
000.e
1e+
1.2.3
+
1e
.
1.2.3
.
+
.
1.2.3
-
1e
1.2.3
-
++1
1e-
--2
1e-
-
abc
1e+
-
.
0e
1e
1ee2
1.2.3
1.2.3
1e
000.e
1e-
1e-
1.2.3
1ee2
1e+
e10
.
e10
abc
e10
0e
1e-
-
.
+
abc
e10
++1
abc
1e
000.e
1.2.3
abc
abc
1e-
1e
000.e
e10
1e-
1ee2
000.e
1e+
-
1e-
000.e
abc
abc
1e+
1ee2
1e-
000.e
000.e
1e
1ee2
0e
--2
1e+
--2
1ee2
1e
--2
-
000.e
1e+
-
++1
1e-
.
1e-
+
1.2.3
-
0e
++1
.
e10
1.2.3
1e+
0e
--2
1.2.3
+
.
-
000.e
1e+
1e+
000.e
1.2.3
1.2.3
.
-
000.e
.
0e
.
+
e10
1ee2
--2
1ee2
000.e
1e
000.e
++1
-
1e+
e10
--2
.
1ee2
--2
1e
++1
--2
.
1e+
0e
++1
.
.
1e+
--2
1e+
1ee2
1e+
e10
000.e
1ee2
++1
-
1e-
abc
-
1.2.3
1e-
1e-
1e+
++1
1ee2
1e-
1e
1.2.3
--2
1.2.3
-
abc
1e+
abc
1e+
--2
1e
1e
-
--2
1e+
-
-
0e
0e
1e
1e-
+
1.2.3
000.e
1.2.3
+
1ee2
000.e
1.2.3
1e
--2
1e-
abc
1e
e10
1.2.3
++1
1.2.3
-
++1
1.2.3
1ee2
-
000.e
+
1e
0e
0e
-
-
0e
--2
1e-
1ee2
--2
.
.
-
1e
1e
-
-
+
-
+
1e
1e+
000.e
0e
1e-
1e+
1.2.3
-
abc
++1
e10
.
1e+
0e
1e
+
000.e
1e+
e10
e10
1.2.3
0e
1.2.3
1e+
++1
1e+
1.2.3
0e
1e-
0e
1e+
++1
1e+
-
abc
e10
abc
abc
1e+
1e-
++1
e10
1e+
1.2.3
000.e
000.e
abc
1e-
1e-
-
1e
++1
0e
1e-
+
1e
+
1e-
0e
1ee2
1e+
1e
+
-
000.e
1e-
0e
--2
.
0e
1ee2
0e
1.2.3
+
--2
1e-
1e+
1e
000.e
1e
1ee2
0e
++1
e10
-
++1
.
.
000.e
++1
--2
.
000.e
1e+
abc
++1
e10
1e
--2
+
1e
e10
0e
-
-
000.e
++1
+
1e-
++1
e10
abc
1.2.3
0e
1.2.3
abc
0e
-
++1
--2
000.e
1ee2
-
1e
1.2.3
1e-
000.e
++1
1e+
0e
000.e
0e
1.2.3
0e
000.e
1ee2
000.e
0e
--2
1e-
1e+
++1
+
.
000.e
1e+
+
1ee2
1e-
++1
000.e
1ee2
000.e
+
0e
1e
1e+
--2
1e
1e
1e
+
-
-
e10
++1
+
1e+
1e-
--2
--2
000.e
1.2.3
abc
000.e
++1
1ee2
++1
e10
1e-
000.e
e10
1e+
-
1.2.3
0e
abc
0e
.
1ee2
1e+
++1
+
1e+
--2
1e
e10
--2
0e
0e
1.2.3
e10
1.2.3
abc
1.2.3
abc
000.e
++1
++1
1e
000.e
1.2.3
1ee2
1e
000.e
-
-
1e-
000.e
1.2.3
abc
1.2.3
1.2.3
abc
.
+
1e-
000.e
0e
1.2.3
0e
1e-
0e
+
abc
e10
1e
-
+
e10
e10
1e
abc
-
--2
1e
000.e
-
1e
e10
+
1e-
1.2.3
1e
+
++1
e10
+
1.2.3
000.e
+
1e+
1e-
.
e10
000.e
1e-
+
1e+
1e
1e-
1e-
e10
1ee2
1e
1e+
e10
0e
0e
1.2.3
+
1e+
1e-
1e-
1e-
--2
1ee2
+
1e-
1e
e10
0e
e10
++1
e10
1e
.
e10
e10
abc
e10
1e
000.e
1e
1ee2
1e+
abc
000.e
-
1e
1e-
1e+
.
+
000.e
0e
-
1e
+
-
1e+
1e+
.
+
+
0e
1e
--2
-
++1
.
1e+
e10
--2
+
-
++1
--2
000.e
000.e
1.2.3
.
000.e
1.2.3
abc
1e-
-
++1
0e
-
e10
e10
000.e
1e+
1ee2
--2
1e-
1e
--2
1e
0e
1.2.3
--2
--2
000.e
1.2.3
1e
e10
+
000.e
1e+
-
1e-
abc
1e
-
0e
++1
1ee2
0e
abc
++1
+
000.e
abc
--2
e10
0e
+
+
++1
1.2.3
1.2.3
e10
1.2.3
1ee2
+
abc
-
+
1e+
++1
1e-
0e
--2
e10
1ee2
++1
0e
1e
+
-
1e+
e10
abc
0e
1.2.3
--2
e10
-
++1
-
1e-
++1
-
--2
-
1ee2
0e
000.e
1ee2
abc
1e+
-
1e+
000.e
+
1e-
--2
e10
1ee2
++1
+
0e
++1
abc
e10
.
1e-
1e+
--2
.
-
-
abc
000.e
1e-
1e-
e10
++1
++1
++1
++1
1.2.3
1e
000.e
e10
1e
e10
1e-
--2
--2
1.2.3
1e
0e
1ee2
1e
-
++1
.
1e
0e
--2
000.e
-
e10
000.e
1e
1e-
.
1e+
e10
1ee2
-
.
1e
1e+
1ee2
1e-
e10
1.2.3
.
.
0e
--2
0e
1e
1e
000.e
abc
++1
--2
.
1ee2
0e
1.2.3
abc
++1
1ee2
0e
1ee2
1.2.3
0e
-
000.e
++1
-
1e+
1e
+
000.e
abc
1e
e10
1e-
1ee2
+
1.2.3
000.e
1.2.3
abc
000.e
++1
000.e
abc
1ee2
1.2.3
0e
1e
0e
++1
+
--2
+
--2
.
1ee2
-
+
1.2.3
-
1.2.3
-
-
abc
1ee2
.
--2
-
1.2.3
++1
+
.
1e-
--2
++1
-
++1
abc
++1
--2
e10
000.e
--2
abc
-
1e-
e10
000.e
+
++1
+
.
.
--2
1e
++1
1ee2
--2
1e+
000.e
1e+
.
1.2.3
abc
.
1e
-
.
+
1e
1ee2
e10
1e-
000.e
--2
.
-
+
0e
1ee2
++1
++1
++1
1e+
0e
abc
abc
--2
1.2.3
1.2.3
--2
e10
1e+
++1
1ee2
1.2.3
e10
1e-
.
1e
1ee2
.
0e
--2
+
000.e
e10
1e-
e10
-
+
000.e
-
abc
1e+
1.2.3
-
e10
1e+
0e
++1
.
1e
1.2.3
e10
0e
-
--2
abc
000.e
1e-
.
e10
++1
+
.
++1
1e
++1
0e
0e
++1
1e-
--2
+
++1
1e+
.
e10
++1
++1
1ee2
000.e
--2
e10
1.2.3
-
-
1e
abc
e10
--2
--2
+
e10
1e+
1ee2
1e
--2
++1
1e+
-
1.2.3
1.2.3
.
1e
1e-
e10
000.e
e10
1ee2
0e
.
1e-
++1
++1
1e+
--2
1ee2
0e
--2
.
-
e10
-
1e+
1e
1.2.3
1e
000.e
--2
1.2.3
0e
1e+
000.e
1e
--2
++1
++1
000.e
.
1e-
1e+
abc
++1
0e
1ee2
1e
1e
abc
e10
1e-
++1
.
1e+
+
--2
abc
0e
0e
1ee2
e10
1e
.
0e
1ee2
1e+
1e+
--2
.
1e+
+
1ee2
--2
1.2.3
++1
abc
e10
1e-
+
.
e10
e10
--2
.
1e-
+
-
--2
0e
1e+
000.e
1e-
000.e
1e
1e-
1e+
1e+
1e
1.2.3
1e+
.
1e
1ee2
+
1ee2
1e-
1e
000.e
1ee2
.
--2
+
abc
1e
1.2.3
1ee2
abc
+
e10
1.2.3
e10
1ee2
.
-
0e
1.2.3
1e
--2
1e-
-
1.2.3
0e
1e-
.
++1
1e+
-
+
1e+
--2
1ee2
1e
+
1ee2
1e-
-
++1
--2
+
e10
1e+
-
e10
++1
1e-
e10
1.2.3
--2
0e
-
+
-
000.e
+
+
e10
1e+
+
0e
++1
+
1e
1e-
e10
.
-
1e-
1e
1e
-
abc
1e
000.e
.
+
1e+
-
-
1ee2
1ee2
1e+
++1
-
1e+
000.e
1e
1e-
++1
000.e
1ee2
e10
1e+
.
--2
--2
0e
-
1e+
e10
--2
+
-
1e
1ee2
+
0e
000.e
1ee2
--2
1ee2
1e
abc
1.2.3
1e+
1e
1.2.3
--2
1e
1e-
1e
1e+
.
1e+
abc
++1
-
--2
--2
1e+
000.e
1e+
1.2.3
+
abc
000.e
1.2.3
.
1e
1ee2
0e
1.2.3
abc
1ee2
-
e10
.
++1
000.e
1ee2
++1
+
1ee2
+
1ee2
1ee2
e10
abc
.
e10
1e-
1ee2
-
-
e10
000.e
1.2.3
.
1e-
1.2.3
--2
-
1e+
1e
++1
e10
e10
1ee2
000.e
1.2.3
.
--2
--2
+
.
1e-
1e-
1e+
--2
1e+
1.2.3
1.2.3
0e
+
000.e
1ee2
abc
.
--2
--2
e10
1e+
++1
1e-
.
+
1e+
--2
-
-
000.e
1e
++1
1e
abc
++1
1ee2
0e
--2
1e+
1e
.
.
1ee2
1ee2
1e-
e10
1e-
0e
e10
1.2.3
1ee2
.
e10
e10
abc
1ee2
1.2.3
++1
++1
1e-
++1
+
+
1ee2
-
1.2.3
1.2.3
000.e
-
.
1e+
.
1ee2
.
1ee2
1e-
e10
1.2.3
1ee2
-
0e
1.2.3
abc
1.2.3
.
1ee2
-
1e
.
1e-
1e
1e
+
1e+
-
1e-
0e
e10
1.2.3
--2
1e
abc
abc
++1
.
1e+
++1
++1
1e-
.
+
1ee2
1e+
--2
000.e
--2
1e+
1ee2
1.2.3
1e
1.2.3
1e+
+
abc
++1
1ee2
--2
-
1.2.3
e10
000.e
++1
1e
1e
e10
1ee2
1ee2
+
1ee2
e10
1ee2
0e
000.e
1.2.3
1.2.3
1e
abc
.
--2
abc
000.e
++1
+
1e
e10
1e
0e
000.e
abc
1e+
.
1e+
+
-
e10
1e-
++1
0e
e10
abc
+
1e+
.
abc
1e+
+
0e
1e+
1e+
000.e
e10
1.2.3
1e+
-
0e
0e
.
000.e
1e
++1
--2
--2
1e-
+
1e
e10
1ee2
e10
.
1.2.3
+
e10
1ee2
+
e10
1e-
1e
000.e
1e-
++1
1e
-
.
1e+
000.e
+
0e
+
++1
+
e10
e10
1e-
1e-
.
1e
++1
e10
abc
.
000.e
000.e
.
1.2.3
abc
-
1ee2
abc
-
.
1e
.
0e
+
--2
++1
e10
--2
1.2.3
abc
1.2.3
1e-
++1
1e
1ee2
e10
.
1ee2
1e
+
0e
1.2.3
-
--2
1ee2
1e+
e10
1.2.3
+
++1
0e
1e-
+
1ee2
--2
1e-
000.e
-
abc
0e
+
1e-
e10
1e-
++1
1.2.3
1e-
000.e
abc
e10
abc
-
abc
0e
.
.
1e
0e
1e
0e
++1
1e+
-
1.2.3
1e-
-
0e
1e+
1e
+
1.2.3
-
1e-
--2
--2
--2
--2
++1
1.2.3
e10
abc
.
e10
000.e
000.e
.
-
abc
0e
1e-
000.e
e10
e10
-
000.e
+
1.2.3
++1
1e
-
1.2.3
1e+
e10
.
1ee2
++1
-
--2
++1
1.2.3
1e
0e
1e
++1
.
1e-
0e
1e-
1e+
1e
e10
abc
abc
.
000.e
++1
-
.
1e+
000.e
++1
++1
1.2.3
--2
1.2.3
++1
e10
+
e10
1e
0e
e10
abc
++1
000.e
1e+
--2
0e
1ee2
e10
1.2.3
e10
1ee2
.
-
1e
1e+
1.2.3
.
-
++1
1.2.3
1ee2
--2
1e-
1e+
1.2.3
1.2.3
1ee2
abc
--2
++1
+
0e
1e-
--2
+
+
0e
1ee2
1.2.3
+
000.e
++1
e10
abc
1e+
.
1e
000.e
abc
e10
1ee2
0e
1e-
--2
--2
+
1ee2
1e-
0e
e10
1ee2
000.e
-
--2
.
1ee2
-
-
e10
--2
000.e
-
0e
-
1e-
++1
--2
.
++1
1ee2
e10
1e
1ee2
0e
++1
000.e
1e
1e
--2
--2
.
1e+
.
--2
000.e
1ee2
.
+
abc
1ee2
abc
1.2.3
+
--2
-
.
e10
abc
.
.
000.e
-
1e
000.e
0e
1e
abc
0e
--2
1ee2
.
0e
+
000.e
0e
--2
.
1e-
1e-
1e+
1e
--2
.
1e+
000.e
000.e
1e-
-
-
1ee2
abc
abc
+
++1
e10
1e-
.
++1
000.e
+
--2
1.2.3
-
abc
-
e10
0e
1ee2
1ee2
-
-
1e
.
--2
++1
1e
-
000.e
.
1.2.3
1e
1e-
-
-
1.2.3
+
++1
abc
++1
--2
1ee2
1e
+
000.e
1e+
000.e
abc
++1
0e
+
.
-
+
+
1e-
1.2.3
0e
1ee2
1.2.3
++1
++1
1e-
1e
-
0e
--2
+
++1
e10
e10
0e
--2
1e-
-
.
e10
+
-
1e
--2
+
abc
+
0e
.
1e+
+
-
1e
1.2.3
1ee2
e10
e10
+
1.2.3
.
.
1e
000.e
0e
000.e
+
0e
++1
abc
--2
1ee2
--2
0e
+
1ee2
.
abc
-
.
--2
++1
1ee2
1e
1e-
+
1e-
1e+
000.e
1e-
1e-
+
e10
-
000.e
1ee2
000.e
1.2.3
1e-
e10
000.e
e10
++1
e10
000.e
-
.
+
0e
abc
1e
--2
e10
abc
++1
e10
1ee2
000.e
.
-
1e+
1e
1e+
000.e
--2
0e
0e
abc
0e
000.e
1ee2
abc
--2
1e+
++1
+
.
1e
000.e
1e
1e-
000.e
1e-
.
1e+
++1
000.e
e10
--2
++1
1e+
0e
.
1e
++1
e10
1e-
1e-
0e
abc
1e
0e
000.e
.
+
000.e
e10
1e+
e10
1ee2
abc
+
1e+
+
.
++1
1e+
++1
e10
abc
--2
1ee2
++1
-
000.e
1ee2
0e
1e-
0e
1e-
0e
++1
1e+
e10
--2
000.e
1e-
++1
--2
--2
1e
--2
1e-
--2
abc
++1
1e-
-
.
1.2.3
0e
0e
-
000.e
1e-
-
.
0e
--2
e10
++1
abc
1.2.3
e10
-
-
abc
1e+
++1
000.e
abc
--2
-
--2
--2
1e-
0e
--2
1ee2
e10
000.e
abc
1e+
1.2.3
e10
000.e
abc
e10
--2
+
++1
1e-
0e
e10
.
-
e10
1e
1.2.3
e10
++1
e10
000.e
+
abc
0e
1e-
++1
1e
++1
1e+
1e+
1.2.3
1.2.3
+
0e
++1
1e+
.
e10
.
1e-
-
-
abc
1.2.3
1.2.3
0e
1ee2
1.2.3
--2
000.e
++1
1e-
0e
.
-
1ee2
.
.
--2
000.e
++1
++1
000.e
0e
+
.
--2
1.2.3
+
0e
++1
.
1e
+
abc
--2
-
--2
--2
-
1ee2
1e+
1e
.
+
--2
000.e
0e
000.e
1e+
1e-
abc
1.2.3
1e-
e10
0e
1e-
1e
.
e10
1.2.3
--2
+
0e
abc
1e+
0e
0e
1e
.
--2
.
1.2.3
000.e
000.e
--2
1e-
abc
e10
000.e
.
++1
1e-
.
e10
e10
0e
1e
000.e
1.2.3
1.2.3
+
++1
abc
--2
1e-
abc
1.2.3
1.2.3
++1
+
.
++1
.
++1
abc
++1
0e
abc
--2
.
abc
.
1.2.3
e10
-
1.2.3
0e
1ee2
1e
+
1e+
000.e
000.e
e10
0e
1e
e10
-
000.e
.
e10
1e-
0e
1e
1.2.3
abc
000.e
1e-
0e
--2
1ee2
.
0e
.
+
1e
e10
+
.
1e-
--2
++1
000.e
--2
.
1ee2
000.e
1ee2
1e
1.2.3
0e
+
+
-
+
++1
abc
abc
.
abc
++1
e10
1e+
+
0e
--2
1e
000.e
1.2.3
1e+
1e-
++1
-
1.2.3
1ee2
0e
1.2.3
++1
--2
e10
abc
000.e
++1
+
--2
--2
.
1e+
1e+
abc
-
1e+
-
1.2.3
+
0e
1.2.3
+
+
--2
000.e
1e-
1e-
++1
--2
1.2.3
--2
1e+
+
0e
.
++1
1e-
1ee2
abc
000.e
-
-
1e+
abc
0e
abc
e10
1e+
000.e
++1
0e
1e+
++1
.
000.e
e10
1.2.3
--2
1e-
1ee2
-
0e
1.2.3
-
0e
0e
1e+
-
1e-
0e
abc
1e
000.e
1e
+
-
1.2.3
0e
+
1e+
1e
-
e10
1e
0e
.
1.2.3
0e
1e+
1.2.3
0e
1.2.3
1ee2
1e
+
1ee2
abc
--2
0e
e10
000.e
0e
000.e
1ee2
-
000.e
.
1e
0e
abc
1e
1.2.3
-
1e+
--2
abc
1e
abc
1e-
abc
-
--2
--2
1ee2
+
.
--2
0e
1ee2
abc
++1
000.e
0e
1e-
-
e10
e10
1e+
++1
+
.
1e
000.e
1.2.3
e10
e10
1e-
0e
1ee2
+
++1
abc
++1
1e-
1e
1.2.3
0e
abc
-
1e
abc
1e
0e
1ee2
.
e10
000.e
e10
1e
1ee2
1ee2
1e-
+
1e-
1e
--2
-
000.e
1e-
abc
1.2.3
--2
000.e
e10
1.2.3
1e-
0e
-
++1
-
++1
0e
++1
++1
1.2.3
1e-
0e
0e
1e
+
1e
0e
1ee2
++1
1.2.3
e10
1.2.3
1ee2
1ee2
1ee2
++1
1e+
+
.
1e+
++1
++1
1ee2
abc
.
000.e
e10
1e
000.e
0e
abc
-
e10
e10
1.2.3
+
1ee2
++1
0e
0e
.
1e
1e
1e
++1
abc
000.e
e10
1e+
abc
1ee2
0e
e10
1e+
-
1e
.
++1
1ee2
1e
0e
1e+
1e
.
0e
+
--2
1ee2
0e
e10
e10
1.2.3
000.e
++1
1e+
e10
1ee2
1e-
1e-
abc
e10
1.2.3
++1
1e
++1
++1
0e
1.2.3
1e+
1e
000.e
e10
1e+
abc
1e+
-
1ee2
1e+
++1
1e+
-
1e-
1ee2
--2
1e
+
1ee2
1ee2
e10
-
--2
--2
1e
.
1e-
.
1e
e10
+
1ee2
1e+
1ee2
-
1e-
+
0e
abc
-
1e+
000.e
.
0e
1e
1e-
0e
1.2.3
1e-
1e
.
1.2.3
1e
000.e
0e
1e
1e-
1.2.3
--2
1e
1ee2
1e-
e10
1e
1.2.3
1e+
0e
1e
--2
0e
1.2.3
.
1.2.3
1.2.3
1ee2
1e+
1ee2
abc
+
.
+
1.2.3
1ee2
abc
e10
--2
0e
0e
1ee2
abc
--2
++1
.
1.2.3
++1
-
+
+
+
++1
--2
-
1e-
000.e
1ee2
1ee2
1ee2
0e
0e
0e
abc
1.2.3
--2
abc
-
-
1e
e10
++1
1.2.3
1e+
000.e
1e-
000.e
0e
1ee2
1.2.3
--2
1e-
0e
+
0e
e10
1e-
1.2.3
-
e10
--2
0e
0e
.
1e-
+
+
+
-
1ee2
1e+
1e
abc
-
000.e
-
000.e
++1
+
--2
0e
abc
1e
--2
.
000.e
1e+
--2
1e
--2
--2
+
+
000.e
.
1ee2
1ee2
1e
0e
+
e10
e10
-
1ee2
++1
000.e
+
1e+
-
++1
abc
.
1.2.3
++1
++1
-
1.2.3
1e-
++1
1.2.3
-
000.e
000.e
1e-
1e-
.
abc
1e
000.e
000.e
e10
.
1ee2
1ee2
1ee2
.
e10
0e
abc
0e
--2
1e+
1e-
--2
-
1ee2
-
+
e10
000.e
1e-
000.e
1ee2
+
abc
-
++1
e10
1e
++1
1.2.3
0e
0e
.
000.e
1ee2
000.e
1ee2
1e
1ee2
1ee2
+
1e
abc
++1
1.2.3
0e
++1
++1
++1
.
++1
-
e10
000.e
1ee2
1e-
1e
.
.
1e
--2
1.2.3
-
1e+
-
000.e
1e-
1.2.3
+
1e
1e+
+
-
1e-
e10
--2
000.e
abc
0e
--2
000.e
1.2.3
1e
.
--2
abc
1.2.3
1ee2
1.2.3
1ee2
abc
e10
0e
1e
abc
1e-
++1
+
++1
0e
000.e
--2
000.e
abc
1ee2
abc
--2
--2
1e-
.
1e+
1e-
1e+
.
000.e
0e
1e-
--2
1.2.3
e10
--2
0e
.
abc
1.2.3
1ee2
1.2.3
0e
--2
1.2.3
.
1ee2
e10
--2
e10
1e+
000.e
1ee2
1ee2
0e
+
1.2.3
1e+
+
--2
1.2.3
abc
1e+
abc
1e-
-
1e
.
++1
1ee2
0e
abc
++1
0e
0e
+
abc
000.e
1e-
1e-
1e-
000.e
-
0e
--2
000.e
1ee2
1e
.
++1
abc
1ee2
1e+
1ee2
1ee2
-
-
-
.
0e
-
1e
1.2.3
abc
+
1ee2
1e-
+
-
1e
abc
abc
.
1e+
1e-
.
--2
++1
++1
abc
1e+
1.2.3
1.2.3
1ee2
0e
+
1.2.3
-
+
+
1.2.3
1e-
000.e
+
abc
.
+
+
e10
1e-
1ee2
-
000.e
.
+
1e
abc
+
.
1.2.3
1ee2
-
-
e10
++1
+
1.2.3
1e+
1ee2
1.2.3
--2
abc
1e+
0e
1e
1e-
--2
.
.
1e
e10
000.e
000.e
1e-
000.e
0e
1e
--2
--2
-
--2
1e-
1e+
+
1.2.3
1e
abc
--2
--2
1ee2
1e
1.2.3
1.2.3
.
1e+
0e
++1
+
+
1e-
1ee2
-
-
000.e
1ee2
000.e
.
0e
e10
000.e
.
1e-
0e
000.e
1ee2
-
+
e10
abc
abc
abc
.
+
abc
1e+
++1
1ee2
e10
1e+
-
1e
1ee2
-
abc
000.e
1.2.3
.
1e+
abc
1.2.3
1.2.3
1.2.3
1ee2
++1
1ee2
0e
1e-
1e
1ee2
abc
1e+
++1
1e
1e-
1e+
1e
abc
1ee2
+
000.e
1e-
-
--2
+
+
++1
abc
.
000.e
-
abc
0e
1e
0e
1.2.3
.
.
abc
1.2.3
++1
1e+
1e
--2
000.e
1e+
.
1e+
0e
++1
++1
1.2.3
1e-
1ee2
+
--2
++1
.
1e+
1.2.3
-
-
e10
abc
1.2.3
1.2.3
++1
--2
1ee2
e10
1e-
e10
1.2.3
1ee2
1.2.3
abc
--2
1e-
1ee2
1ee2
1.2.3
0e
++1
1e+
--2
1e+
e10
+
++1
000.e
++1
0e
--2
.
000.e
1e
.
1e-
+
1.2.3
1.2.3
-
abc
abc
abc
0e
-
e10
1e+
e10
--2
1e
-
++1
+
1e
-
000.e
++1
++1
0e
1e
--2
.
.
--2
1e-
1ee2
abc
1ee2
1e+
.
0e
1ee2
0e
++1
000.e
e10
1e+
+
abc
--2
+
1.2.3
1e+
1e+
1.2.3
1.2.3
-
-
1e+
000.e
1.2.3
-
1e+
0e
+
1ee2
1e+
1e+
e10
e10
+
000.e
1e+
0e
.
abc
1.2.3
1e+
+
000.e
1e-
-
000.e
0e
e10
--2
+
1e
--2
+
1e-
++1
0e
1e
1e-
1ee2
--2
1ee2
-
1e+
1ee2
1e+
e10
1e+
000.e
1e
1.2.3
abc
+
1.2.3
1.2.3
1e-
+
+
1e
--2
abc
1e-
abc
--2
++1
--2
++1
0e
-
+
++1
++1
0e
--2
1e+
e10
1.2.3
--2
e10
-
++1
000.e
-
abc
1e+
1e+
1e+
.
-
0e
--2
e10
1e-
1e-
abc
1.2.3
000.e
abc
abc
1e-
--2
1ee2
+
1.2.3
++1
-
1.2.3
1e+
1e+
0e
-
1e+
0e
000.e
000.e
1.2.3
000.e
1e+
abc
1e-
++1
0e
-
1e+
0e
000.e
.
abc
+
1.2.3
-
1.2.3
+
1ee2
e10
--2
1e+
1e+
-
0e
-
.
1e+
-
1e+
1e-
000.e
abc
1e-
0e
++1
--2
0e
1e
+
-
abc
-
-
--2
1e
1e
+
.
--2
1e+
e10
1e
+
1e
.
1e-
1ee2
1e+
1ee2
-
1e-
1.2.3
000.e
+
.
--2
.
abc
e10
000.e
e10
e10
-
.
0e
-
1e
000.e
abc
--2
0e
0e
++1
1.2.3
0e
.
1e+
0e
-
1e-
0e
0e
0e
abc
1e-
0e
1e
0e
--2
-
.
1e
1e
--2
++1
1e+
1e+
abc
0e
000.e
.
000.e
1e+
++1
0e
-
-
0e
--2
--2
000.e
1ee2
1.2.3
--2
abc
--2
1e
.
++1
--2
1.2.3
1ee2
000.e
-
+
1.2.3
1e
e10
+
+
1.2.3
1.2.3
abc
abc
-
1ee2
1e+
e10
--2
-
-
+
--2
1e-
0e
++1
--2
1e+
.
-
-
1ee2
--2
++1
1e
0e
1e
000.e
-
1e+
++1
0e
-
-
+
++1
1.2.3
000.e
1e+
-
1ee2
--2
--2
1.2.3
++1
1e
e10
+
--2
1.2.3
+
000.e
--2
1e-
1.2.3
1e
1e
1e
e10
1e-
1e+
--2
+
1.2.3
++1
abc
1.2.3
.
++1
1.2.3
.
abc
++1
.
1ee2
1ee2
000.e
1e
1ee2
--2
000.e
1e
1e
--2
++1
abc
abc
abc
.
e10
1.2.3
+
1e-
1e-
abc
--2
1ee2
000.e
000.e
++1
abc
-
1e+
.
0e
--2
.
1e
1e
1ee2
0e
--2
000.e
++1
1ee2
0e
1ee2
1e
abc
abc
.
--2
-
e10
.
.
1e-
1.2.3
--2
1e+
000.e
000.e
+
000.e
.
--2
+
0e
.
1.2.3
1e
-
000.e
--2
1e+
.
1.2.3
1e-
1ee2
++1
+
1ee2
1.2.3
--2
e10
1e-
.
-
1e+
-
1e
--2
1e+
++1
1.2.3
abc
1e
+
+
++1
-
1e+
1e+
0e
1e+
1.2.3
e10
1e+
.
--2
1e+
1e
000.e
000.e
1e-
+
e10
-
.
++1
1ee2
1ee2
1e+
1e+
1.2.3
.
0e
1e+
.
abc
-
++1
e10
1.2.3
1e-
++1
000.e
1e+
0e
.
1e-
abc
--2
0e
1e+
1e+
1ee2
+
1e+
-
1e+
e10
1e+
++1
.
1ee2
000.e
000.e
1e-
000.e
1.2.3
1e+
+
000.e
1.2.3
++1
1.2.3
.
--2
0e
000.e
000.e
1e+
abc
++1
.
0e
1.2.3
1.2.3
1e+
+
0e
abc
-
1.2.3
-
1ee2
1e-
-
1ee2
.
1e
.
1e-
1e
abc
1ee2
000.e
0e
1e
.
-
+
e10
1e-
.
1e
0e
1e
-
0e
abc
+
+
--2
e10
abc
1e
000.e
1e
0e
0e
-
abc
1.2.3
1.2.3
0e
1e
1e+
1e-
000.e
e10
++1
.
-
abc
1ee2
abc
--2
000.e
-
++1
000.e
.
1ee2
--2
1e
-
++1
abc
1e
1ee2
-
e10
+
1e+
-
1e-
1e
0e
000.e
-
1e+
++1
--2
--2
+
++1
1e-
1.2.3
-
000.e
.
e10
000.e
+
.
e10
1e+
1e+
0e
1ee2
1e+
1e
1e+
+
1e-
000.e
e10
0e
e10
1ee2
abc
1e-
000.e
1.2.3
1.2.3
++1
1e
1ee2
0e
abc
e10
1ee2
0e
000.e
0e
--2
.
--2
.
-
1e+
e10
1.2.3
000.e
0e
1e
--2
1.2.3
1ee2
1.2.3
--2
--2
--2
--2
1.2.3
--2
e10
000.e
1e
e10
1e+
+
-
1ee2
000.e
e10
1e
000.e
e10
1ee2
1.2.3
000.e
1.2.3
abc
000.e
--2
1ee2
1e
000.e
.
e10
1e
1.2.3
1e
e10
-
1e
000.e
.
++1
-
1e
0e
+
.
0e
1e+
e10
-
1e+
1e
1e+
--2
.
abc
000.e
1e
0e
1ee2
--2
--2
abc
1e-
1ee2
++1
1e
1.2.3
000.e
-
.
1e-
++1
0e
abc
--2
1e-
++1
1ee2
+
1e-
1e-
0e
1.2.3
--2
--2
000.e
e10
000.e
+
1e
1e+
0e
1e-
++1
0e
1e-
e10
1e
e10
e10
--2
--2
+
.
abc
000.e
1.2.3
000.e
1e-
--2
1.2.3
e10
1e+
--2
-
1ee2
000.e
.
--2
1.2.3
1ee2
1e+
1e-
--2
++1
1e
0e
1.2.3
1.2.3
++1
++1
abc
1e+
1e-
--2
+
1.2.3
-
1e+
-
++1
000.e
0e
1e-
.
1.2.3
000.e
1e+
--2
e10
1e-
1.2.3
1e+
abc
1.2.3
++1
000.e
1.2.3
++1
1e
--2
1.2.3
1.2.3
+
--2
+
000.e
+
--2
1e
1e-
1e-
1.2.3
000.e
abc
1ee2
0e
abc
1e
--2
.
.
1ee2
.
000.e
1e+
1e-
0e
0e
e10
e10
e10
+
1ee2
000.e
-
1e+
000.e
-
1ee2
1e-
1.2.3
++1
1ee2
e10
-
000.e
e10
abc
++1
-
1e+
1e
-
1.2.3
000.e
1e
0e
++1
--2
0e
1e-
-
--2
1e+
++1
1ee2
1e-
-
1.2.3
-
000.e
abc
.
+
1e
e10
--2
-
1ee2
1e
++1
.
1e
1e-
+
++1
1.2.3
abc
.
abc
e10
0e
000.e
abc
abc
+
1e
0e
.
1e
-
1e
1e-
--2
1e-
abc
0e
1e-
000.e
0e
.
1e+
1e+
--2
abc
000.e
--2
1ee2
+
1e
1.2.3
1e
e10
-
000.e
1e
1e
0e
+
1e+
000.e
0e
--2
1ee2
--2
-
1e
-
--2
++1
+
abc
.
000.e
.
1ee2
abc
++1
abc
+
0e
000.e
1e+
-
e10
1e+
e10
1e+
000.e
000.e
1ee2
abc
1.2.3
1.2.3
e10
abc
1ee2
1e
--2
1.2.3
1e
1e
+
++1
abc
0e
abc
abc
.
+
1e-
1e+
.
1e+
e10
1e-
e10
0e
0e
1e+
+
abc
1.2.3
1e
e10
000.e
1e
.
000.e
++1
e10
0e
1e-
abc
1e+
.
1ee2
0e
1e-
1e-
1e-
.
1ee2
1e
++1
--2
1e-
1e
e10
000.e
-
-
++1
-
000.e
.
1.2.3
1e-
-
.
0e
++1
1e
000.e
.
1e-
1e-
--2
-
--2
1e
1ee2
+
1e
abc
+
e10
000.e
++1
1e-
0e
abc
-
1e+
1.2.3
1e-
--2
--2
++1
.
1e+
1ee2
1e+
000.e
abc
++1
1.2.3
1e
1.2.3
1ee2
-
1.2.3
.
++1
1e-
0e
1e+
1e
0e
1e-
.
1e
--2
+
1.2.3
1e-
--2
+
0e
e10
1.2.3
++1
+
000.e
1e-
++1
1.2.3
0e
.
abc
1e
++1
++1
1e
+
1e-
1.2.3
0e
1e-
.
000.e
.
0e
1.2.3
e10
abc
1ee2
1.2.3
1ee2
1e
000.e
abc
1e+
abc
.
+
--2
1e-
--2
++1
1e
1.2.3
--2
--2
e10
.
--2
1ee2
1e-
e10
e10
0e
.
1e-
-
000.e
0e
000.e
+
1.2.3
1ee2
--2
e10
.
0e
000.e
.
1e-
.
0e
abc
1e+
0e
1e-
-
1e
1e
0e
000.e
e10
1ee2
--2
1e-
1ee2
000.e
.
1e
1e+
1e
1e
abc
.
1e+
abc
1e
1e+
--2
-
1.2.3
e10
1e
+
e10
abc
1e+
1.2.3
1e
1e-
-
++1
1.2.3
-
e10
1e+
abc
++1
+
--2
abc
-
1e
--2
1ee2
1.2.3
000.e
++1
1.2.3
abc
000.e
.
e10
1e-
1e
e10
abc
0e
abc
e10
1ee2
++1
1e
.
0e
.
e10
1e-
1e+
e10
1e+
-
++1
000.e
++1
e10
--2
0e
abc
--2
1e-
000.e
1e+
000.e
.
1e
0e
1e-
+
e10
++1
1.2.3
--2
.
0e
0e
abc
1ee2
.
1.2.3
1e-
--2
1e
0e
1ee2
+
-
--2
-
1e+
1e+
1.2.3
+
abc
abc
1e+
1e
1e
1e
1ee2
1e
1.2.3
1e+
+
1.2.3
1e
abc
abc
1e+
0e
+
0e
abc
1e
1e+
e10
--2
1e-
-
1e-
1ee2
1e
0e
1.2.3
+
000.e
1e
++1
-
.
abc
e10
1e-
+
1ee2
abc
1e
000.e
abc
e10
0e
e10
1e-
1.2.3
.
1e-
-
++1
1ee2
e10
.
000.e
--2
e10
++1
abc
1e
abc
1ee2
+
1e+
+
1e
1e
abc
1e
++1
1e
1e+
+
abc
1e+
-
0e
++1
1ee2
++1
++1
--2
+
1e
-
1e+
1e
+
-
0e
0e
abc
1e+
1e
++1
++1
1.2.3
++1
+
.
+
1.2.3
+
1.2.3
1ee2
000.e
1.2.3
.
000.e
1e
--2
1ee2
+
++1
-
1e
--2
-
abc
1ee2
1e+
e10
0e
+
1ee2
.
+
.
1e-
1ee2
--2
e10
--2
+
-
1.2.3
+
.
1ee2
--2
e10
0e
0e
1ee2
000.e
e10
1.2.3
1e
1.2.3
0e
1e
++1
.
1ee2
--2
0e
1.2.3
1ee2
--2
--2
1e-
.
.
abc
-
0e
1e
1e-
-
1e+
1ee2
++1
abc
--2
.
0e
1e+
1e-
.
.
--2
-
1ee2
1e-
e10
1e
abc
.
000.e
1.2.3
e10
1e-
e10
.
000.e
000.e
+
--2
1e
e10
e10
.
e10
abc
--2
+
++1
abc
000.e
abc
000.e
1ee2
++1
1e
--2
+
1e+
1e+
1e-
++1
--2
--2
++1
0e
e10
abc
1.2.3
1e
e10
+
++1
1ee2
000.e
+
.
1.2.3
1e
1e+
1e-
1.2.3
-
e10
.
+
1ee2
0e
1e
1e+
-
.
1e
e10
++1
1ee2
1ee2
-
abc
+
1e
++1
abc
e10
0e
1.2.3
-
.
--2
-
1e
-
1.2.3
1e-
abc
abc
++1
-
1e
1e-
abc
abc
1e+
--2
e10
++1
000.e
+
e10
1e-
1.2.3
+
1e+
abc
1.2.3
.
1ee2
000.e
e10
-
1.2.3
1e
1e+
1e
1e
1ee2
1e+
++1
-
++1
1e+
1.2.3
1e
1.2.3
+
000.e
1e
.
1.2.3
.
++1
1e+
1e+
++1
e10
1.2.3
.
++1
.
e10
1ee2
000.e
0e
1ee2
1e-
+
1e+
abc
1e+
1e
1ee2
-
1e+
0e
.
++1
abc
++1
--2
abc
0e
abc
1e-
e10
0e
000.e
--2
1e+
-
1e
1ee2
.
1e+
--2
000.e
+
abc
1e-
1ee2
e10
1.2.3
-
1e
++1
+
++1
--2
000.e
abc
1e
--2
1e
1e+
+
0e
abc
++1
1e
--2
++1
000.e
1.2.3
1e-
++1
1e+
1e-
1.2.3
-
abc
e10
+
1.2.3
e10
1.2.3
e10
1e
0e
abc
+
e10
+
1e
.
1e
++1
1ee2
e10
000.e
e10
abc
abc
-
000.e
1e-
1e+
.
e10
0e
0e
0e
e10
1ee2
--2
0e
1e-
1e
0e
1.2.3
1e-
1.2.3
++1
e10
1e
1e+
0e
000.e
abc
0e
+
000.e
0e
1ee2
--2
abc
1.2.3
--2
++1
1ee2
1ee2
1.2.3
-
1e
1.2.3
e10
0e
1ee2
+
+
-
000.e
1ee2
+
-
000.e
1ee2
1e
1.2.3
1e+
1ee2
++1
abc
+
abc
-
abc
000.e
++1
++1
+
0e
.
--2
--2
1e+
000.e
1ee2
0e
1e-
1e+
+
1ee2
1e
1e
1.2.3
e10
e10
-
1e+
0e
1e+
+
1e-
.
000.e
+
-
1e-
++1
1e+
1e+
-
.
abc
-
1.2.3
++1
0e
e10
+
1e
0e
1ee2
++1
e10
+
000.e
0e
.
1e-
000.e
1.2.3
1e
--2
1e-
++1
e10
1e+
-
1e
0e
000.e
-
--2
++1
1e+
abc
--2
--2
--2
1e+
0e
0e
e10
++1
e10
000.e
000.e
1e
1.2.3
++1
+
++1
e10
abc
-
1e-
+
1e
abc
000.e
abc
e10
1ee2
e10
1e
+
abc
.
--2
000.e
1e-
0e
1.2.3
.
e10
+
++1
1e-
1.2.3
1e-
+
1e+
1.2.3
1.2.3
1.2.3
--2
++1
-
--2
0e
abc
1e-
+
000.e
1ee2
1ee2
++1
1e+
abc
1.2.3
abc
+
abc
1ee2
1.2.3
++1
1.2.3
1e+
1.2.3
1e
1e
1e-
1.2.3
0e
++1
0e
000.e
e10
000.e
1e+
1e+
abc
1e
000.e
0e
e10
abc
+
1.2.3
1e
1e
1e
.
000.e
1e-
0e
+
-
--2
++1
.
000.e
1e
1e
.
-
1.2.3
000.e
+
000.e
.
++1
1e+
1e-
abc
.
.
1ee2
000.e
abc
1e
0e
abc
1e+
1e+
+
++1
1e-
1.2.3
1ee2
--2
1.2.3
.
000.e
1e
1e+
1ee2
1e+
.
abc
.
1e-
1e-
+
1e-
e10
1e
.
000.e
1e+
1e-
000.e
++1
e10
000.e
.
-
1e
++1
e10
++1
1.2.3
1.2.3
.
1e-
1e+
1.2.3
e10
1e
1ee2
1e+
000.e
000.e
++1
1.2.3
1ee2
1.2.3
1.2.3
1e+
1e-
1e
--2
abc
1e-
--2
0e
1e-
1e-
1e-
+
++1
abc
1e
abc
.
1.2.3
++1
abc
1.2.3
.
+
1e
e10
1.2.3
+
-
++1
1ee2
abc
1ee2
e10
000.e
1e+
abc
++1
1e+
abc
000.e
1.2.3
.
.
000.e
1e
000.e
1e-
0e
1e-
+
.
abc
++1
+
.
++1
1e
++1
e10
1.2.3
1e
.
1ee2
000.e
-
abc
1ee2
-
++1
e10
1e
-
1.2.3
000.e
1.2.3
--2
1e-
abc
-
++1
0e
++1
1ee2
++1
000.e
000.e
000.e
+
+
.
abc
.
++1
1e
++1
+
0e
.
e10
abc
1e+
e10
abc
0e
abc
+
000.e
+
1.2.3
0e
abc
++1
e10
.
1.2.3
abc
1ee2
1e+
1ee2
++1
--2
-
1e
--2
1e+
0e
--2
.
e10
1.2.3
++1
++1
000.e
1e
1e+
000.e
abc
+
000.e
0e
--2
1e-
1ee2
--2
.
-
-
0e
1e+
++1
+
.
+
1e
++1
0e
0e
e10
1e-
e10
e10
1.2.3
-
+
1e+
+
1ee2
1e
--2
+
.
.
+
.
1.2.3
1e+
0e
+
e10
+
1e-
1e-
e10
+
abc
0e
--2
+
0e
1e
1ee2
1ee2
1e
-
-
e10
1ee2
.
abc
0e
1.2.3
++1
.
.
abc
++1
0e
0e
1e-
0e
e10
+
1e+
1e
+
.
-
1.2.3
1ee2
1ee2
-
1e-
++1
-
abc
--2
--2
000.e
000.e
1.2.3
1.2.3
--2
abc
000.e
abc
1e-
.
+
+
1ee2
1ee2
++1
1e
++1
--2
1.2.3
0e
-
-
0e
1.2.3
1.2.3
++1
1.2.3
1ee2
--2
000.e
1e
000.e
1e-
1e
1e-
1e+
1e-
0e
abc
+
1e-
--2
000.e
1e
--2
+
--2
000.e
000.e
1e
e10
--2
0e
e10
000.e
0e
.
1e
.
1ee2
1.2.3
--2
000.e
++1
.
1.2.3
abc
abc
0e
1e
abc
+
--2
.
-
abc
abc
e10
-
1ee2
1.2.3
1e+
1e+
1e+
000.e
0e
1ee2
1e+
0e
1.2.3
000.e
e10
.
1e+
1ee2
abc
--2
0e
0e
-
1e
abc
.
.
+
0e
000.e
.
+
1ee2
e10
1e
+
1e
+
+
.
1ee2
++1
e10
--2
--2
1e
--2
e10
-
1ee2
1ee2
000.e
-
0e
.
+
1e
.
--2
.
.
1e-
++1
1.2.3
1e+
--2
+
1.2.3
abc
+
1.2.3
.
-
1ee2
++1
e10
abc
1ee2
0e
-
1e+
1e-
.
1.2.3
1e+
.
0e
1ee2
--2
1ee2
--2
+
1e+
++1
0e
1.2.3
1e-
++1
1e+
1e-
1e+
1e-
000.e
1e-
--2
--2
0e
-
++1
-
++1
--2
1e-
1e
.
1e+
1.2.3
+
1e
.
000.e
-
0e
1ee2
e10
++1
1.2.3
-
e10
+
1.2.3
1e-
e10
000.e
+
1e+
.
000.e
1e
++1
1e-
e10
+
++1
0e
1e+
0e
1e
0e
++1
+
++1
--2
000.e
1e+
+
1e-
1e-
1e+
0e
1ee2
1.2.3
++1
000.e
abc
+
1ee2
1e-
1ee2
1e-
0e
0e
000.e
-
++1
000.e
-
-
1e+
000.e
1e+
+
000.e
abc
e10
--2
.
1e+
1.2.3
1.2.3
.
1.2.3
1e+
0e
1e-
1ee2
-
.
++1
--2
1e
1.2.3
+
0e
1e-
++1
1.2.3
-
++1
1e-
1e+
+
000.e
-
1.2.3
1.2.3
+
1e-
.
0e
--2
1ee2
0e
0e
0e
1ee2
--2
-
1e
abc
.
0e
abc
e10
1.2.3
++1
.
1e-
e10
++1
e10
--2
1e+
1e+
++1
000.e
abc
1e-
++1
1e
e10
abc
--2
1e
--2
abc
1e+
++1
1e
abc
1e+
1ee2
1ee2
--2
1e
0e
++1
+
1e-
1.2.3
0e
abc
1.2.3
1e
++1
1e+
+
e10
-
1e
1.2.3
++1
0e
1e+
++1
-
abc
1.2.3
1e-
1e+
0e
+
1ee2
-
000.e
e10
0e
e10
++1
+
0e
1.2.3
.
--2
0e
1ee2
1e-
+
-
abc
abc
+
1e-
+
1e-
1e+
1e-
1ee2
1e+
1e+
1e-
0e
abc
0e
e10
e10
000.e
1ee2
1ee2
e10
1ee2
+
--2
1e+
1ee2
.
1e+
1e
1e
1.2.3
1e
--2
+
++1
1ee2
--2
1e-
0e
e10
1e-
1e-
1e
++1
000.e
--2
1e-
1e
1ee2
000.e
abc
1e
1e-
1e+
1ee2
1.2.3
--2
-
e10
1e
1ee2
000.e
1e+
e10
+
.
++1
++1
++1
1e+
1e+
000.e
-
1e
1.2.3
+
--2
++1
e10
+
.
1e
abc
+
1e
-
-
1.2.3
000.e
000.e
e10
000.e
+
0e
e10
-
abc
1e
1e+
1ee2
1e+
++1
++1
1e
1ee2
-
1e-
1ee2
1ee2
0e
1e-
abc
000.e
--2
1e+
000.e
0e
1ee2
--2
--2
-
--2
1e-
e10
000.e
e10
1e+
1ee2
.
1e+
1ee2
e10
0e
++1
--2
++1
abc
.
1ee2
1ee2
1e+
.
+
.
1e-
+
0e
+
+
1e-
1.2.3
1ee2
e10
1e+
1e
-
1e+
1e-
1e+
1e+
1.2.3
abc
1e-
abc
1e+
1ee2
1.2.3
e10
e10
e10
1e+
.
1ee2
1.2.3
0e
e10
1e
0e
1e-
1e+
.
1e+
--2
-
1ee2
1ee2
1.2.3
000.e
abc
1.2.3
e10
-
++1
abc
1e-
1ee2
1ee2
e10
1ee2
-
1e+
.
abc
000.e
1e
0e
++1
+
1e
1.2.3
1e-
1e-
e10
1.2.3
.
000.e
1e
abc
000.e
1ee2
1e
0e
1e
abc
++1
1.2.3
e10
+
++1
e10
1e
000.e
+
000.e
abc
-
--2
1e+
-
++1
++1
1e+
000.e
+
1e-
0e
abc
-
--2
000.e
1e+
0e
++1
1ee2
1.2.3
e10
.
1.2.3
1ee2
--2
++1
--2
e10
+
1e-
0e
--2
1e
000.e
1.2.3
0e
0e
1e-
-
e10
.
--2
1e+
1e
1e-
.
000.e
-
++1
++1
1e
1ee2
.
++1
000.e
.
1ee2
e10
.
e10
1e+
0e
++1
1e
+
++1
.
1.2.3
.
abc
1ee2
.
1e-
+
1e
.
1.2.3
1ee2
1.2.3
++1
.
--2
1ee2
+
1e+
1e+
-
0e
1e
1.2.3
abc
-
e10
-
-
+
000.e
1e-
1ee2
e10
0e
e10
abc
++1
1ee2
e10
1e-
e10
.
-
1e-
.
0e
-
1e
1ee2
1e
++1
1ee2
.
1e+
++1
0e
0e
+
1e-
++1
1e-
1e
e10
1e
.
e10
1e+
1e+
1ee2
1e
1.2.3
1ee2
1e+
000.e
1e+
-
e10
abc
0e
1e+
1.2.3
e10
000.e
-
1e+
000.e
1e+
e10
1.2.3
1.2.3
1e-
1e+
-
1e-
--2
1.2.3
1e+
000.e
0e
1e
1e-
++1
1e+
0e
e10
e10
1.2.3
--2
1.2.3
1e-
e10
1ee2
e10
++1
+
1e+
000.e
-
++1
1e-
e10
.
1.2.3
0e
1e-
--2
.
1e+
1e+
1e-
1.2.3
-
1e
1e-
--2
1e-
1.2.3
000.e
e10
0e
e10
-
000.e
-
1ee2
1e-
e10
-
1ee2
1ee2
abc
1.2.3
.
000.e
+
-
1e+
--2
--2
1e-
.
+
1.2.3
1e-
.
+
.
abc
++1
1e-
1ee2
++1
1e-
1e-
1e
000.e
e10
1e-
1.2.3
1.2.3
1e
1e+
.
1e-
--2
.
+
abc
1e+
++1
-
-
--2
000.e
++1
1.2.3
abc
++1
abc
abc
e10
--2
0e
++1
-
1e-
e10
++1
-
1e
e10
000.e
000.e
e10
.
0e
+
-
1e-
+
e10
000.e
1ee2
e10
1e
+
1e
1e+
1e+
1.2.3
.
1e-
++1
+
0e
000.e
abc
1.2.3
-
e10
+
1e+
0e
e10
++1
000.e
000.e
-
--2
000.e
1.2.3
++1
1e
1e-
1e-
+
-
1e+
0e
++1
-
abc
abc
+
1e
1ee2
1.2.3
1e+
abc
000.e
--2
1ee2
0e
-
-
1.2.3
abc
-
000.e
-
1e-
e10
1e
abc
--2
.
0e
+
+
e10
000.e
++1
1e+
-
1ee2
1.2.3
+
-
--2
0e
++1
-
1.2.3
--2
1e-
-
e10
1.2.3
1ee2
1e
--2
e10
1ee2
abc
+
000.e
1e-
e10
1e+
0e
1.2.3
++1
1e
1e
abc
e10
abc
.
000.e
++1
abc
1.2.3
1e+
++1
-
000.e
+
0e
1e-
1e+
1ee2
000.e
1.2.3
1e+
1e+
abc
0e
.
1e
abc
e10
1e+
1ee2
++1
abc
0e
e10
1.2.3
++1
-
-
000.e
1e-
1ee2
+
e10
--2
1e-
1.2.3
--2
1e+
1e+
--2
000.e
abc
+
1e-
1e-
1e-
.
++1
1e+
e10
++1
1ee2
000.e
abc
1.2.3
1e
1e
0e
000.e
1.2.3
1e-
0e
--2
abc
1.2.3
.
1e
000.e
--2
1e+
-
-
0e
e10
abc
+
1e+
e10
0e
abc
.
e10
000.e
-
abc
--2
.
--2
1e-
++1
abc
1e+
abc
1.2.3
1e+
1e-
1ee2
.
1e
.
e10
e10
abc
000.e
1.2.3
1.2.3
-
++1
++1
000.e
-
.
000.e
e10
0e
-
1ee2
1.2.3
++1
000.e
--2
1ee2
.
.
e10
000.e
++1
e10
+
1.2.3
+
0e
000.e
0e
-
1e+
0e
1e
++1
+
e10
1e
000.e
1e+
.
.
1ee2
1e+
abc
+
1ee2
.
1ee2
0e
1ee2
1.2.3
--2
1e+
--2
abc
000.e
000.e
1e
1e+
1ee2
1e+
--2
1e+
abc
e10
1.2.3
e10
1e
+
+
++1
1e-
000.e
.
abc
000.e
--2
++1
e10
1e
1.2.3
1.2.3
-
--2
000.e
--2
e10
.
-
abc
000.e
.
000.e
1ee2
++1
0e
1ee2
1e-
0e
abc
000.e
++1
e10
-
+
+
0e
1e
000.e
0e
000.e
1e
1ee2
abc
.
++1
1e-
+
1ee2
e10
abc
abc
1.2.3
+
+
1e
1e
1e-
+
+
1ee2
0e
1e
-
-
000.e
abc
e10
e10
++1
1ee2
--2
+
1ee2
0e
++1
+
e10
-
1e
0e
-
abc
1e-
1e-
1.2.3
+
++1
.
000.e
1ee2
1e
.
1.2.3
abc
1.2.3
.
--2
-
--2
--2
-
1e
1e
++1
e10
1ee2
--2
+
1e-
++1
-
--2
1e-
000.e
--2
++1
1e+
1.2.3
e10
1e-
000.e
1ee2
000.e
--2
++1
--2
abc
+
abc
1e+
++1
.
++1
1e+
-
e10
000.e
000.e
1ee2
1.2.3
.
0e
--2
1e
e10
.
0e
++1
1e+
e10
.
++1
0e
1ee2
1e+
.
e10
.
-
1e
000.e
000.e
1ee2
0e
1e+
.
1.2.3
1e+
000.e
0e
1e
.
1e
1.2.3
-
--2
1e-
++1
+
e10
1.2.3
.
0e
000.e
abc
1ee2
abc
1e+
1ee2
1e+
--2
1e-
000.e
1e-
000.e
--2
1ee2
1e
e10
0e
1e+
1e
e10
1.2.3
++1
++1
.
1.2.3
--2
1ee2
1e
--2
+
0e
1ee2
++1
++1
--2
--2
e10
.
1e-
1.2.3
1ee2
0e
1ee2
-
1.2.3
+
0e
+
--2
1.2.3
1.2.3
-
e10
1e+
1.2.3
1e+
1.2.3
1e+
1ee2
.
0e
000.e
--2
1.2.3
1e+
+
1ee2
1e+
1e
000.e
1e-
-
.
abc
e10
1e
000.e
1e+
1e
000.e
-
+
e10
1.2.3
+
000.e
-
abc
abc
--2
000.e
1e-
1.2.3
++1
0e
1e+
--2
-
+
1e
000.e
1e
1.2.3
+
1e
1.2.3
++1
1ee2
1.2.3
.
abc
++1
--2
0e
+
.
000.e
++1
1e+
000.e
1e
1e
1e
000.e
1.2.3
000.e
1ee2
1.2.3
1e+
-
++1
abc
000.e
1e+
abc
1e+
e10
1e+
0e
.
1ee2
1ee2
.
1.2.3
abc
1e+
1e-
e10
1e+
000.e
000.e
-
.
0e
++1
abc
1.2.3
1e-
1e+
--2
000.e
1e+
1e+
.
1e+
000.e
.
1e
++1
000.e
e10
++1
1e+
e10
1ee2
0e
--2
000.e
1.2.3
--2
000.e
--2
-
1.2.3
abc
0e
000.e
0e
1.2.3
abc
1e+
abc
1e-
1.2.3
1e+
000.e
1ee2
--2
000.e
1e-
1e-
++1
e10
.
-
1.2.3
-
0e
1e
1ee2
0e
.
0e
1e+
-
1e-
1.2.3
--2
-
1.2.3
e10
-
1e+
e10
1e-
0e
-
-
abc
.
++1
e10
0e
0e
1e+
++1
000.e
000.e
.
1.2.3
0e
0e
++1
1ee2
1e
0e
-
.
1ee2
1.2.3
1ee2
--2
.
1.2.3
+
1e+
1ee2
1.2.3
1e+
1e
e10
abc
++1
.
+
.
--2
+
.
000.e
1ee2
.
0e
1e+
1e
1e-
--2
1e-
1.2.3
-
000.e
0e
0e
++1
e10
1.2.3
abc
--2
+
++1
--2
1.2.3
1e+
--2
--2
1e+
-
1ee2
1e-
1ee2
1e-
abc
abc
-
1e+
1.2.3
0e
1e
1e-
0e
.
e10
000.e
.
--2
1.2.3
--2
abc
1e
.
1e+
++1
+
-
1ee2
1.2.3
000.e
0e
1.2.3
000.e
.
e10
+
1.2.3
-
++1
e10
.
0e
1e-
.
0e
1e+
abc
000.e
1e
--2
+
1e
abc
1.2.3
++1
.
1.2.3
++1
1e-
1ee2
e10
1e-
1e-
0e
--2
abc
+
000.e
1ee2
000.e
1e
abc
e10
e10
1e+
1ee2
1e+
000.e
++1
1e
abc
.
1e
--2
000.e
1ee2
1e
+
0e
1e-
1e-
-
+
1ee2
1e+
-
1e-
1ee2
.
abc
000.e
e10
1e+
1e
++1
--2
++1
1ee2
0e
e10
--2
.
+
abc
000.e
1e-
++1
abc
1e+
e10
1ee2
++1
1e-
+
.
0e
.
abc
-
1e
.
--2
--2
0e
e10
1e
+
1.2.3
--2
000.e
1e
--2
0e
1e+
1ee2
abc
000.e
1.2.3
++1
+
1ee2
1e
000.e
--2
1e-
1.2.3
0e
++1
1.2.3
0e
1ee2
e10
+
1e
++1
1e+
1ee2
1e+
1ee2
-
0e
+
--2
++1
000.e
1e+
000.e
1e-
1e
.
+
1e-
+
-
1.2.3
1e-
0e
1e+
1ee2
.
--2
abc
1e-
1.2.3
1e-
1e
000.e
1ee2
1e+
abc
1e+
000.e
1e-
-
1ee2
+
0e
+
.
1e
+
e10
++1
+
++1
000.e
1e-
1e+
++1
abc
1e-
1e-
.
-
+
1e+
+
abc
--2
000.e
.
1ee2
1e-
abc
--2
.
e10
-
++1
e10
abc
+
1e-
1e+
1ee2
+
--2
1e+
--2
.
++1
000.e
abc
-
-
--2
.
.
1e+
1ee2
0e
1e+
1e+
++1
++1
0e
--2
++1
+
1e
.
--2
000.e
1e
000.e
--2
1e-
1.2.3
++1
++1
.
+
1e-
+
0e
0e
1.2.3
--2
1ee2
+
abc
1e+
++1
--2
--2
e10
0e
1e+
--2
0e
abc
-
abc
1e-
--2
+
-
0e
0e
e10
0e
++1
--2
++1
1e+
1e-
e10
--2
000.e
0e
-
--2
.
-
.
1.2.3
+
-
--2
+
1ee2
e10
+
1e
--2
+
e10
abc
abc
++1
1e
+
--2
1e-
.
.
000.e
++1
.
1.2.3
1e
+
1e-
000.e
000.e
1e+
--2
-
1e-
1e-
0e
1ee2
e10
++1
1.2.3
1e-
0e
.
.
000.e
1e+
1e+
1.2.3
++1
-
1e-
e10
0e
1ee2
1e+
.
1e-
++1
++1
.
.
e10
1e
000.e
1e
++1
-
.
000.e
-
1e
-
.
--2
1e-
-
e10
.
1e-
000.e
1.2.3
1.2.3
-
0e
abc
000.e
1e-
e10
1e+
abc
1.2.3
000.e
.
++1
.
0e
1e-
-
e10
+
+
-
1e-
-
1.2.3
e10
++1
000.e
.
1e
.
-
1e
--2
1e
-
abc
000.e
++1
1e-
1e
1ee2
1e
++1
abc
0e
000.e
+
1e+
+
.
1ee2
--2
e10
0e
1e-
1.2.3
e10
e10
000.e
.
--2
1e-
--2
1.2.3
000.e
e10
e10
-
+
1.2.3
abc
1e-
1e
.
abc
e10
000.e
000.e
1e+
1ee2
-
.
--2
-
--2
000.e
+
1e+
000.e
.
0e
--2
abc
1ee2
1e-
0e
1e-
1e-
-
e10
abc
+
0e
--2
1ee2
1e-
1e
+
-
1.2.3
-
-
-
000.e
000.e
e10
1ee2
000.e
0e
1ee2
1.2.3
++1
1e-
++1
.
1ee2
+
000.e
1ee2
++1
+
++1
--2
1ee2
0e
1ee2
1.2.3
1e-
1ee2
.
000.e
1e+
+
++1
abc
1e
000.e
1e+
.
000.e
e10
000.e
1.2.3
++1
1.2.3
abc
1.2.3
0e
++1
1e+
1e-
1e
1ee2
1e
abc
e10
000.e
0e
++1
000.e
000.e
.
e10
abc
-
1e-
1e-
1.2.3
.
--2
000.e
1e-
1ee2
1e-
-
-
1e-
e10
--2
++1
abc
0e
-
0e
abc
1.2.3
0e
1e+
.
.
.
1e
++1
1ee2
e10
-
0e
+
e10
+
1e
1e-
1ee2
1e+
0e
1e+
++1
e10
e10
.
1.2.3
0e
1e+
++1
1e+
+
.
-
+
abc
1e
1ee2
abc
abc
1e
1e-
0e
abc
abc
1e+
000.e
000.e
1e+
.
0e
1e+
1e-
1e-
0e
abc
++1
1e
++1
1e-
.
1e+
.
abc
abc
e10
1e+
abc
1.2.3
1e
-
++1
1ee2
000.e
e10
+
1e
1.2.3
1e
0e
abc
abc
e10
1e
1.2.3
1e
--2
1e-
0e
1e-
1.2.3
0e
0e
e10
e10
++1
0e
+
1ee2
--2
1ee2
.
1e
1e+
1ee2
0e
e10
--2
1ee2
1e
-
1e
++1
--2
1e+
1.2.3
0e
000.e
1ee2
e10
+
0e
.
1e-
++1
000.e
-
1e+
abc
1e+
abc
1e+
0e
e10
1.2.3
abc
0e
1.2.3
abc
-
1.2.3
000.e
e10
1ee2
1ee2
abc
1e+
-
1e
.
0e
0e
1e
+
1e-
-
++1
1e-
1ee2
1ee2
1e
0e
000.e
1e+
1e+
000.e
++1
abc
1e-
000.e
1e
1.2.3
.
0e
+
--2
000.e
1ee2
abc
.
++1
-
1ee2
1e-
.
.
0e
0e
1e+
1.2.3
1.2.3
+
000.e
1.2.3
.
0e
++1
1e+
+
abc
1e-
1.2.3
1e
1e
1ee2
-
1e-
000.e
-
0e
++1
+
e10
1.2.3
--2
--2
++1
1.2.3
-
0e
1e
++1
1.2.3
000.e
--2
1.2.3
.
1.2.3
+
000.e
1e+
1e+
1e-
1e-
abc
-
.
000.e
+
+
1e+
++1
1e
e10
.
1.2.3
1.2.3
abc
.
+
++1
1ee2
--2
abc
++1
1.2.3
000.e
-
-
+
1.2.3
-
1ee2
+
e10
1.2.3
1e+
-
.
1e-
abc
1ee2
0e
1e+
1e+
000.e
1e
000.e
1.2.3
+
1e+
e10
+
1e
+
0e
abc
1e
e10
1e-
++1
000.e
+
1.2.3
--2
1e+
000.e
--2
--2
.
.
abc
1.2.3
1.2.3
abc
1e-
1e-
-
abc
-
abc
000.e
0e
.
--2
+
abc
000.e
000.e
1e+
1ee2
1e-
1e-
abc
1ee2
0e
1.2.3
abc
-
000.e
--2
000.e
abc
0e
++1
1ee2
+
-
1.2.3
.
++1
++1
1.2.3
1ee2
1e-
1e
.
1e+
-
abc
1e
abc
1e+
+
000.e
.
--2
--2
.
000.e
1e-
1e+
1ee2
1e-
1e
000.e
abc
++1
1e-
0e
.
--2
abc
1e
e10
1.2.3
-
000.e
1e
e10
1e-
1.2.3
+
1.2.3
--2
1e+
1e+
000.e
.
++1
-
1ee2
1e+
1e-
1.2.3
1e
000.e
+
1.2.3
1e+
e10
1e-
.
-
1e-
1e-
--2
--2
1e
1.2.3
--2
000.e
--2
1.2.3
1ee2
--2
-
abc
000.e
e10
000.e
++1
1.2.3
0e
1.2.3
+
abc
1ee2
1e+
-
--2
1.2.3
--2
-
1e-
e10
1.2.3
--2
-
1e-
+
--2
++1
1e
+
--2
e10
--2
.
000.e
abc
1e
1.2.3
0e
e10
1.2.3
--2
abc
-
.
1e-
1e
++1
1ee2
++1
000.e
--2
1e
.
--2
1e
000.e
1e-
.
.
1ee2
abc
abc
+
++1
1e
000.e
1e+
e10
1e
-
1e+
1e-
-
1ee2
--2
abc
abc
e10
-
1.2.3
-
000.e
1e-
1ee2
.
abc
--2
++1
000.e
-
1ee2
++1
1e+
e10
++1
1.2.3
000.e
0e
--2
abc
1ee2
1.2.3
.
--2
++1
000.e
1e+
0e
000.e
++1
++1
-
1.2.3
1e-
1.2.3
++1
0e
1e-
++1
1.2.3
e10
++1
1ee2
e10
000.e
++1
+
+
1e+
1e
.
--2
1e+
1e
-
1e+
++1
-
+
1e-
0e
e10
e10
1e+
1e
-
1e+
-
1e-
1.2.3
1.2.3
1ee2
--2
0e
1e-
++1
1.2.3
000.e
1e+
-
++1
1.2.3
1e+
1e+
abc
0e
abc
e10
1e
abc
0e
+
.
-
++1
--2
.
+
1e-
1.2.3
1ee2
0e
000.e
-
--2
+
1.2.3
-
-
000.e
1.2.3
e10
++1
abc
e10
e10
000.e
1ee2
1.2.3
1.2.3
1ee2
000.e
1ee2
.
1e
+
+
-
++1
--2
1e
+
1e-
abc
1e-
e10
000.e
1.2.3
e10
.
1e+
-
1.2.3
.
abc
abc
++1
1e
-
000.e
e10
1e
1ee2
.
+
e10
1e
1e
1e+
.
1e
++1
1e
1ee2
1e
000.e
abc
1e+
1e+
.
1e
1e-
+
e10
abc
1e
e10
abc
abc
-
1e
-
-
e10
0e
abc
++1
--2
1e+
1e
.
0e
000.e
000.e
1e+
.
0e
e10
+
++1
--2
++1
1e-
000.e
1e-
--2
+
1.2.3
1.2.3
1e
++1
++1
1e-
.
1.2.3
--2
e10
abc
1e+
-
+
--2
1e-
1.2.3
++1
1ee2
1e
1e+
.
1e-
+
0e
0e
--2
1e-
-
0e
+
.
0e
1e-
--2
000.e
1ee2
1e-
1e+
1e-
-
.
1.2.3
1ee2
+
000.e
++1
++1
1.2.3
0e
++1
000.e
++1
1e
1e
1e
+
1e
0e
--2
0e
e10
-
1e-
+
e10
1e
.
abc
e10
abc
e10
abc
0e
--2
1e
e10
--2
++1
1.2.3
e10
1e-
1e-
000.e
-
0e
--2
0e
1e-
000.e
-
--2
e10
1e
-
.
0e
1e+
1e
--2
.
1e
abc
1e-
+
++1
+
abc
e10
.
0e
1e
abc
-
-
--2
1e
.
++1
1ee2
-
+
abc
+
1ee2
1.2.3
1ee2
abc
abc
1.2.3
0e
1e-
+
--2
abc
1e
-
1e+
++1
1e
abc
++1
1ee2
000.e
1.2.3
1.2.3
1e-
1ee2
.
1e+
--2
+
1e+
1.2.3
--2
1e
0e
1e+
1.2.3
1e
1e+
-
+
abc
1.2.3
e10
1e-
-
abc
abc
1e-
1e+
0e
.
abc
+
--2
.
++1
+
0e
e10
e10
1e
1ee2
++1
e10
+
000.e
1ee2
1e+
1e-
++1
.
e10
-
1e+
0e
1e+
1e
1ee2
1e+
e10
-
--2
1.2.3
1ee2
+
++1
1e-
e10
1e-
1.2.3
++1
abc
+
--2
1e
+
-
1e+
++1
1ee2
0e
--2
0e
1e
0e
-
1.2.3
e10
0e
1e
1.2.3
abc
--2
1e-
e10
.
1.2.3
++1
abc
--2
1e
0e
1e-
-
.
1ee2
++1
+
000.e
1.2.3
000.e
1e
--2
1.2.3
1.2.3
.
--2
+
1e+
e10
--2
1e-
.
.
1e-
1e-
e10
.
1.2.3
--2
0e
1e
++1
1e
1e-
e10
++1
-
.
e10
-
+
1ee2
000.e
abc
++1
abc
1e
-
1e
+
e10
0e
abc
abc
1e
.
-
e10
++1
+
++1
1ee2
-
--2
1.2.3
++1
1e+
1e
1ee2
--2
-
1e+
.
0e
1e+
e10
e10
1e
1.2.3
1e+
.
1e
-
0e
000.e
-
--2
+
1ee2
abc
e10
.
1ee2
1e
+
1.2.3
++1
abc
++1
--2
e10
.
000.e
000.e
+
++1
1.2.3
.
1e
.
1.2.3
1e-
1.2.3
1ee2
1.2.3
++1
+
--2
++1
1e-
1e+
++1
1e
-
-
-
-
1e-
--2
1ee2
+
abc
1e
1ee2
abc
-
1ee2
.
1ee2
1e-
.
-
++1
abc
1ee2
+
1e+
abc
.
--2
+
1ee2
1ee2
1e-
++1
1e-
000.e
abc
-
.
e10
1e+
1e
+
1ee2
1ee2
+
0e
+
++1
-
-
1e-
1e-
-
e10
.
++1
1.2.3
++1
1e-
1e+
--2
1e-
1e
1e-
abc
e10
-
1e+
+
1e-
e10
-
0e
--2
--2
1e+
1.2.3
++1
1e+
1.2.3
e10
abc
abc
e10
e10
1e-
-
--2
1ee2
1ee2
abc
1.2.3
1.2.3
-
--2
1ee2
0e
1e
-
1ee2
++1
1e-
abc
1.2.3
+
1e+
000.e
e10
.
-
1.2.3
+
0e
--2
.
0e
--2
1e+
e10
1.2.3
0e
0e
++1
0e
000.e
.
1e
1.2.3
0e
++1
.
1e+
+
1e+
000.e
+
.
-
000.e
1e-
--2
++1
+
--2
1e
1e+
000.e
-
1e-
--2
0e
0e
1e
1e-
+
.
1e+
1e+
1ee2
1e+
.
1ee2
+
000.e
.
.
++1
+
e10
abc
0e
.
1.2.3
.
--2
+
1e+
e10
1ee2
--2
1e
1e
+
--2
.
.
abc
+
000.e
--2
+
+
++1
1e
1e+
0e
.
-
e10
1e
1e-
1e
-
+
1ee2
1.2.3
--2
++1
1e-
++1
1ee2
1e+
1e-
000.e
-
0e
1ee2
0e
1.2.3
e10
+
1e+
1e
1.2.3
1e-
1ee2
-
abc
1ee2
1e
abc
abc
++1
.
000.e
000.e
1e+
1.2.3
++1
e10
000.e
.
1e+
1e-
--2
0e
000.e
0e
000.e
.
0e
.
.
000.e
1ee2
0e
+
1.2.3
-
++1
.
1e
1e+
0e
++1
++1
.
1e-
.
e10
1e
++1
abc
1.2.3
000.e
1e-
1e-
e10
1e
1e-
000.e
e10
1.2.3
.
1e
1ee2
--2
e10
1.2.3
1ee2
1e+
1e+
0e
000.e
000.e
1e
0e
000.e
abc
1e-
e10
000.e
0e
0e
1e-
e10
abc
-
1e+
.
-
++1
e10
1.2.3
+
0e
.
0e
0e
abc
1.2.3
0e
1e+
1ee2
1e-
1e
--2
+
1e
0e
000.e
1e+
0e
1ee2
1.2.3
+
.
0e
1ee2
1e
e10
1e+
000.e
-
++1
1ee2
1e
--2
1e+
1e+
1e-
++1
++1
000.e
.
1ee2
--2
000.e
.
1.2.3
0e
000.e
-
0e
1e+
--2
abc
++1
++1
0e
1e-
++1
1.2.3
1ee2
.
000.e
.
.
--2
e10
++1
1e+
+
++1
000.e
.
abc
1e
-
-
.
1e
e10
0e
e10
++1
+
1e+
1e
-
1e+
000.e
1.2.3
++1
++1
.
1e
1e+
0e
1e-
1e-
e10
-
+
1ee2
1.2.3
abc
+
e10
--2
.
1.2.3
-
1.2.3
1.2.3
1e+
1e
1e-
abc
++1
1e+
e10
1ee2
1ee2
+
e10
1e-
1e+
1.2.3
--2
--2
e10
1ee2
1e
++1
--2
1e
1.2.3
1e-
-
1e-
.
+
000.e
000.e
+
abc
1e
abc
--2
1e
.
abc
0e
1e+
1ee2
1.2.3
-
0e
-
0e
000.e
1.2.3
1e-
.
1e+
1e
e10
+
1.2.3
1e-
000.e
+
1ee2
000.e
-
0e
abc
0e
1.2.3
-
1e-
e10
++1
0e
++1
++1
+
--2
abc
++1
1ee2
-
abc
1e
000.e
1e
1e+
.
--2
.
1ee2
.
1e-
e10
1e+
-
1ee2
+
e10
abc
1e+
1ee2
0e
0e
e10
+
--2
+
++1
1e+
1e-
1ee2
1e-
++1
++1
+
1.2.3
1e+
1e
0e
++1
1ee2
.
0e
000.e
1e-
abc
++1
000.e
1e-
.
1ee2
1e
1e-
0e
.
1.2.3
1e
000.e
1.2.3
1e+
abc
.
1.2.3
1ee2
--2
1e+
0e
1.2.3
--2
000.e
-
-
1e+
+
000.e
.
.
1e+
.
000.e
.
1e
000.e
+
e10
++1
-
1e+
000.e
1e+
0e
abc
e10
000.e
1e
1e
+
.
-
+
-
++1
e10
000.e
e10
--2
1.2.3
++1
-
abc
1e+
1e+
--2
++1
1e
0e
1e-
.
1e+
abc
1.2.3
abc
++1
1.2.3
000.e
000.e
1e
-
abc
++1
1ee2
-
.
.
1ee2
1.2.3
e10
1e+
1ee2
.
--2
000.e
1ee2
e10
-
1ee2
.
0e
e10
1e-
000.e
++1
++1
1e+
--2
0e
0e
--2
0e
1ee2
1e
000.e
+
1e-
--2
1.2.3
e10
1ee2
1e
--2
1.2.3
1.2.3
1e-
--2
-
000.e
--2
abc
1e-
+
1e+
--2
--2
-
.
1.2.3
000.e
1e-
--2
1e
0e
000.e
000.e
++1
1.2.3
abc
+
++1
000.e
000.e
++1
abc
e10
1e
0e
1.2.3
+
1e+
+
1e
1e
000.e
.
1e-
1e
0e
1ee2
000.e
.
--2
1.2.3
.
000.e
-
1.2.3
--2
0e
1e-
++1
1.2.3
+
0e
--2
++1
.
abc
abc
1e
abc
0e
1.2.3
1e
abc
--2
1ee2
1ee2
-
+
1e-
.
+
1e
++1
1e+
000.e
e10
abc
0e
--2
++1
--2
1.2.3
1ee2
1.2.3
1e
-
0e
--2
1e+
.
1ee2
1ee2
-
000.e
1.2.3
.
1ee2
e10
++1
+
abc
1.2.3
+
+
.
0e
abc
1e
++1
1e-
-
++1
000.e
1ee2
.
0e
000.e
-
--2
--2
-
1e
++1
1e+
++1
0e
--2
0e
000.e
0e
-
1e+
000.e
.
e10
e10
+
1e-
--2
++1
--2
1e
++1
1ee2
1e-
-
1.2.3
0e
1.2.3
1e+
++1
1e-
.
e10
++1
.
1e
+
e10
1e
++1
-
1e+
1ee2
-
++1
1.2.3
000.e
+
1e
1e-
-
000.e
1ee2
e10
--2
++1
.
.
.
+
++1
1e-
1ee2
-
e10
1ee2
1e+
1.2.3
abc
0e
--2
1ee2
e10
-
e10
-
++1
1e+
+
--2
1e-
1e-
1ee2
0e
000.e
abc
1e-
1ee2
1e-
-
.
1e-
e10
1.2.3
000.e
+
000.e
0e
1e
1e+
abc
000.e
-
0e
e10
abc
1e-
++1
000.e
1e-
0e
1e-
1e
abc
1ee2
1ee2
e10
1e-
--2
abc
++1
e10
abc
0e
--2
.
--2
000.e
1e-
000.e
000.e
.
+
000.e
0e
1.2.3
++1
e10
1ee2
1ee2
.
abc
e10
1ee2
1e-
1e-
-
+
abc
1.2.3
--2
.
1e+
1e-
+
1.2.3
+
0e
++1
--2
abc
1e
abc
000.e
1e+
++1
+
-
1ee2
1e-
1.2.3
1e
000.e
.
--2
000.e
1e
1ee2
.
000.e
1e+
0e
+
1e-
++1
000.e
abc
0e
1ee2
+
1.2.3
++1
0e
1e
000.e
abc
1e
1ee2
000.e
abc
-
abc
abc
1.2.3
1ee2
1.2.3
-
1e+
1ee2
000.e
.
1ee2
000.e
0e
000.e
-
1ee2
-
1e
1e
000.e
e10
0e
.
1e
--2
0e
000.e
1.2.3
++1
+
0e
1.2.3
--2
e10
000.e
--2
+
1e
0e
1e+
-
+
1e+
-
+
.
e10
1e-
--2
--2
e10
+
000.e
000.e
1e-
0e
+
--2
++1
--2
0e
++1
1e
1ee2
0e
1.2.3
1.2.3
--2
1e-
000.e
e10
1ee2
1.2.3
--2
1e-
1e-
--2
.
.
000.e
000.e
0e
1e
--2
e10
++1
0e
000.e
1.2.3
e10
abc
e10
1e
-
1.2.3
1e-
1e-
1e-
e10
0e
000.e
1e+
+
-
1e+
.
abc
-
1e
+
+
1e-
++1
1ee2
1ee2
abc
0e
1e+
1.2.3
1.2.3
0e
.
0e
1e
1.2.3
abc
abc
abc
1e
1e-
+
abc
1e-
1e
--2
++1
1ee2
1e+
0e
1ee2
000.e
000.e
+
1.2.3
.
+
1e-
+
1e+
+
abc
1e+
1.2.3
e10
-
1e-
000.e
+
++1
abc
000.e
+
abc
1ee2
1.2.3
1e+
1e-
1e+
+
0e
1.2.3
e10
++1
-
e10
000.e
1.2.3
1e+
1.2.3
000.e
000.e
-
1.2.3
1e
.
1e+
abc
e10
1e-
abc
1e
+
1ee2
.
1e
.
e10
1e
-
e10
--2
abc
1.2.3
1e+
0e
e10
000.e
+
e10
1e
000.e
1ee2
0e
1ee2
1e-
1ee2
1e
e10
+
+
+
1ee2
1e-
abc
1.2.3
abc
e10
1e+
-
++1
e10
000.e
000.e
1ee2
1e+
1e-
1e
1.2.3
1ee2
--2
e10
abc
1e
1e+
e10
1ee2
000.e
--2
++1
1.2.3
--2
--2
000.e
-
1e
++1
.
--2
+
1e-
1e+
0e
1ee2
+
0e
000.e
.
.
000.e
1ee2
1ee2
++1
1e-
.
1e+
1.2.3
abc
0e
abc
e10
++1
--2
1ee2
0e
1e-
1.2.3
--2
-
1ee2
1e-
000.e
1e-
1ee2
e10
+
000.e
+
.
1e-
--2
e10
++1
+
--2
-
1e
abc
e10
000.e
.
1.2.3
++1
0e
1.2.3
e10
000.e
1.2.3
.
++1
abc
1.2.3
1e
--2
e10
1ee2
abc
+
1e
000.e
.
1e-
1ee2
000.e
+
1e
1.2.3
0e
1e-
1e
1e+
000.e
-
1ee2
1.2.3
000.e
-
.
1ee2
-
+
abc
1e
1ee2
e10
1.2.3
0e
1e+
000.e
1e
1.2.3
1e-
0e
000.e
--2
1e-
++1
e10
abc
e10
0e
e10
1.2.3
++1
1ee2
+
.
1e-
abc
1e+
000.e
+
+
1e+
000.e
++1
e10
-
-
--2
1e+
.
1.2.3
++1
e10
1e
1ee2
.
--2
1e+
.
-
e10
1e-
.
-
--2
abc
e10
0e
.
1e-
--2
1ee2
.
1e-
000.e
000.e
-
abc
000.e
1e
1.2.3
1e-
.
-
-
e10
0e
1.2.3
1e-
abc
1e-
1e
++1
abc
1ee2
++1
.
0e
1.2.3
0e
000.e
1ee2
e10
0e
1ee2
e10
1e
+
1e-
e10
1e-
++1
1e+
0e
+
++1
1e+
000.e
1.2.3
000.e
0e
e10
1.2.3
1.2.3
-
0e
abc
1e+
1ee2
-
1e+
--2
1ee2
1e+
1e+
-
0e
1e+
1e-
1e-
0e
+
abc
1.2.3
--2
1ee2
.
1e-
-
1.2.3
1e
1ee2
.
-
1ee2
1ee2
1e
1e+
+
000.e
1e
000.e
0e
--2
000.e
0e
0e
--2
abc
1e
--2
++1
1.2.3
1.2.3
0e
--2
1.2.3
1ee2
++1
.
-
abc
1e-
000.e
1.2.3
++1
++1
1.2.3
0e
0e
1e
e10
e10
++1
.
--2
1e+
0e
1ee2
++1
-
--2
1.2.3
++1
-
e10
0e
.
1e-
e10
e10
1.2.3
++1
abc
.
e10
0e
+
.
0e
.
-
-
1.2.3
1e-
1.2.3
1e+
1.2.3
.
-
1ee2
0e
-
++1
--2
1e+
0e
0e
+
e10
-
.
++1
000.e
--2
1e-
-
1ee2
000.e
000.e
1.2.3
-
1ee2
1e-
000.e
000.e
1e
abc
abc
abc
000.e
1e+
abc
e10
1e+
e10
++1
0e
1e+
.
1.2.3
-
abc
1e
1e
+
+
--2
000.e
abc
1e-
.
1e-
e10
--2
1.2.3
--2
1e
1e-
0e
1e-
.
0e
1ee2
abc
--2
--2
000.e
1ee2
1ee2
000.e
0e
1.2.3
e10
1e+
+
000.e
--2
1ee2
+
+
e10
e10
1.2.3
1.2.3
abc
++1
abc
-
+
.
-
-
e10
1.2.3
--2
.
-
--2
+
1e-
--2
.
.
1ee2
1ee2
1e+
0e
e10
e10
1e
1e+
++1
++1
--2
1e
1.2.3
++1
+
1e+
+
1.2.3
-
000.e
--2
--2
.
+
1e
--2
.
++1
1.2.3
1e+
e10
e10
000.e
1ee2
++1
1e-
+
++1
e10
0e
e10
e10
1e-
1e+
++1
e10
--2
+
.
-
1e-
.
abc
--2
++1
--2
1ee2
1.2.3
+
-
--2
1e
.
--2
1ee2
1ee2
.
1ee2
-
e10
+
1e+
+
.
++1
1ee2
000.e
1.2.3
0e
--2
000.e
1.2.3
1e+
000.e
0e
000.e
abc
e10
.
1e-
000.e
0e
abc
1ee2
-
1e+
abc
1e-
+
+
1ee2
1.2.3
000.e
000.e
abc
e10
1e
000.e
1.2.3
++1
++1
1e-
++1
--2
1ee2
++1
-
--2
1e+
--2
1e-
++1
++1
++1
1ee2
1e-
.
.
++1
0e
.
1.2.3
1e-
abc
+
000.e
1e-
0e
1e
000.e
--2
.
++1
abc
+
+
1.2.3
1e+
e10
1ee2
++1
-
1.2.3
.
+
1e
0e
abc
1ee2
++1
.
1e-
0e
1ee2
++1
abc
++1
0e
abc
-
++1
e10
++1
1.2.3
+
1e
--2
0e
.
e10
abc
++1
1.2.3
1e+
1.2.3
1e+
1ee2
+
-
--2
++1
1e
+
e10
++1
abc
1e+
+
000.e
e10
++1
e10
--2
-
+
1ee2
000.e
1e-
--2
-
1.2.3
+
e10
-
1.2.3
--2
++1
000.e
--2
e10
.
1ee2
.
000.e
1ee2
1ee2
.
1ee2
1.2.3
++1
1.2.3
+
1e
-
+
1.2.3
000.e
++1
0e
--2
.
1e
0e
0e
--2
1e
1ee2
--2
e10
1e
0e
000.e
abc
abc
1e+
.
1e-
1e+
-
+
++1
000.e
-
0e
000.e
++1
1e+
+
+
.
abc
1.2.3
--2
1.2.3
0e
0e
1e+
1e
000.e
++1
abc
+
1e
e10
-
1e-
1e+
0e
1.2.3
-
++1
e10
1ee2
.
1e+
-
+
1e+
0e
-
1e+
0e
--2
1e+
0e
.
000.e
1.2.3
1e
-
e10
.
1e
e10
0e
1ee2
++1
abc
.
e10
--2
-
++1
1ee2
000.e
000.e
000.e
000.e
--2
1e
-
1.2.3
abc
1.2.3
e10
1e+
e10
1ee2
0e
1ee2
e10
0e
abc
1e+
++1
abc
1e
++1
.
-
+
--2
abc
+
1.2.3
000.e
.
0e
1.2.3
1ee2
-
++1
e10
++1
1e+
e10
1e
1e+
0e
1e-
1e+
++1
--2
abc
++1
+
1e
++1
1ee2
1ee2
e10
0e
1e-
0e
abc
e10
1.2.3
1e+
-
1e
0e
.
1.2.3
abc
1ee2
+
000.e
-
abc
000.e
0e
.
.
-
.
.
--2
1e
--2
--2
1e
1.2.3
+
.
1e-
1.2.3
1e
1e-
1e
abc
1.2.3
++1
--2
abc
1e
++1
1e-
++1
abc
-
++1
++1
1.2.3
000.e
.
0e
1ee2
+
--2
1.2.3
1e+
000.e
1e
+
1ee2
1e-
1e-
abc
000.e
.
000.e
1e
0e
1e
1ee2
1e
+
--2
1e
1.2.3
-
--2
1.2.3
e10
1ee2
++1
000.e
000.e
.
1e-
abc
+
000.e
1.2.3
1e-
--2
--2
abc
--2
.
1e-
1e-
000.e
1e
1ee2
--2
1ee2
1e+
.
1.2.3
+
-
1.2.3
1e-
1e
+
000.e
+
e10
++1
e10
1e
++1
000.e
++1
e10
++1
1e+
.
abc
abc
-
1.2.3
1e-
-
abc
1e-
1ee2
+
1ee2
--2
+
1e+
1e-
1e+
-
000.e
abc
0e
1e-
abc
1e-
--2
1ee2
e10
1ee2
++1
1ee2
0e
1.2.3
.
1.2.3
abc
.
++1
-
abc
e10
e10
1.2.3
+
1.2.3
e10
1.2.3
1e+
000.e
++1
0e
1e+
abc
e10
000.e
e10
1.2.3
1e-
1.2.3
0e
+
abc
1ee2
e10
1ee2
++1
+
1.2.3
1e+
0e
1e+
abc
1e-
0e
++1
0e
e10
1.2.3
1.2.3
0e
-
e10
+
--2
++1
000.e
0e
-
1e+
++1
e10
e10
--2
+
.
1e-
--2
1e+
1.2.3
abc
abc
e10
1ee2
.
++1
e10
1.2.3
++1
1e
+
.
-
1e-
++1
1.2.3
0e
.
--2
++1
1e-
1.2.3
0e
000.e
1e
--2
+
1e+
e10
1ee2
1e-
++1
0e
--2
.
1e+
.
1.2.3
1e
000.e
1e-
1.2.3
+
--2
++1
1e+
1e+
1e+
+
000.e
.
++1
000.e
--2
1e-
0e
+
1ee2
1.2.3
-
--2
abc
1ee2
1e+
++1
1ee2
1e-
1e-
-
1e
-
.
0e
e10
1.2.3
--2
000.e
1.2.3
1e+
1e+
1e-
1e
+
-
1e-
1e-
1e-
1ee2
e10
-
000.e
1.2.3
1.2.3
-
.
1e
1.2.3
.
1e+
1e
1.2.3
1e-
-
1e+
e10
000.e
e10
1e
-
abc
1ee2
0e
0e
++1
1e
-
1e+
0e
1e+
1e-
-
1e-
000.e
++1
e10
-
0e
1e
1ee2
1e+
.
1e-
-
000.e
000.e
1e
1e+
-
.
1ee2
e10
--2
1e
++1
0e
1e+
--2
1.2.3
0e
++1
+
1e+
e10
--2
.
1e-
1e-
--2
1e
1e+
1ee2
1e
1ee2
1ee2
0e
1e-
abc
+
-
1e
1e
-
.
1.2.3
-
+
++1
1ee2
e10
++1
-
-
++1
1ee2
e10
1ee2
1.2.3
1ee2
1.2.3
1ee2
1.2.3
1ee2
++1
abc
++1
+
1ee2
0e
1e
1ee2
-
0e
--2
1e+
.
.
1ee2
.
e10
+
--2
++1
1ee2
.
1e-
--2
e10
e10
e10
1.2.3
--2
-
--2
--2
abc
e10
0e
1e+
000.e
1e
1ee2
1e+
1e-
1.2.3
0e
1e-
1e+
-
1e+
e10
-
000.e
000.e
0e
++1
1ee2
1ee2
1.2.3
000.e
1e+
0e
+
-
000.e
1.2.3
1ee2
1ee2
abc
1e-
e10
1e+
e10
000.e
1e
000.e
1.2.3
1ee2
--2
-
1e+
1e+
--2
e10
000.e
abc
e10
1e+
--2
0e
++1
+
+
--2
-
1.2.3
--2
abc
.
0e
1e-
--2
1ee2
000.e
000.e
--2
-
1e
000.e
000.e
-
1ee2
e10
--2
e10
1ee2
+
1e-
+
+
0e
+
1e
1e+
e10
1e-
.
++1
.
.
000.e
1.2.3
1.2.3
+
++1
1ee2
.
abc
+
0e
--2
1e
1e
+
000.e
0e
--2
1.2.3
1.2.3
1e
1e
0e
abc
-
0e
1.2.3
000.e
1e-
.
1ee2
abc
-
1e-
1.2.3
--2
abc
1ee2
--2
e10
1e
1.2.3
0e
abc
1e+
1e-
1e-
++1
0e
-
1e+
--2
++1
.
++1
abc
1e-
000.e
+
abc
0e
1e-
+
+
++1
.
.
++1
e10
000.e
-
.
++1
1e-
-
abc
1e
--2
-
000.e
1ee2
++1
1e+
abc
0e
.
abc
1e-
1e-
1ee2
abc
+
1ee2
1e
000.e
0e
1e+
1e+
1ee2
000.e
1e+
1e+
1ee2
e10
++1
1.2.3
0e
1.2.3
abc
1.2.3
.
1e+
.
+
.
1e+
.
e10
1e
-
1e
1ee2
--2
abc
+
e10
1e+
1ee2
--2
1e
0e
--2
000.e
1ee2
1e+
1e
1e-
--2
1e-
abc
1.2.3
--2
1ee2
e10
.
.
000.e
-
abc
1.2.3
++1
e10
1e-
.
-
e10
-
1e-
1e-
-
abc
1ee2
++1
e10
--2
-
000.e
e10
abc
-
.
1e-
e10
abc
--2
0e
1.2.3
--2
000.e
--2
000.e
--2
1e+
++1
.
abc
000.e
abc
+
.
000.e
-
++1
000.e
e10
0e
0e
--2
1ee2
000.e
1e-
abc
++1
1e-
+
.
1ee2
abc
1e-
1.2.3
abc
-
1.2.3
e10
1e-
0e
1e+
-
1e+
1.2.3
+
-
abc
1ee2
0e
++1
-
e10
1.2.3
0e
++1
++1
.
++1
0e
e10
e10
1e
--2
+
1ee2
.
1ee2
++1
000.e
--2
--2
.
-
++1
.
e10
1e-
1e-
--2
e10
000.e
1e-
1.2.3
1e
1.2.3
1e-
--2
++1
abc
1e
1e+
-
1e+
e10
1e
++1
.
1e+
.
abc
000.e
0e
1e
1e+
1e+
e10
--2
e10
+
abc
1.2.3
1e
e10
--2
1e
1.2.3
-
+
000.e
1e-
++1
--2
1e+
abc
+
1.2.3
1e+
1e+
000.e
abc
1.2.3
++1
1e-
1e-
+
0e
-
--2
++1
.
1ee2
e10
e10
e10
1.2.3
+
+
000.e
.
1e
e10
e10
e10
--2
1e
1e-
000.e
-
000.e
--2
++1
1e
0e
1e+
-
abc
1ee2
--2
abc
e10
e10
1e+
1.2.3
++1
+
000.e
1ee2
1e
+
e10
1e
1.2.3
e10
000.e
1ee2
000.e
-
1e+
1e+
1e
1e+
0e
0e
0e
++1
1e+
++1
abc
-
e10
1ee2
1e-
1e
1.2.3
1e-
-
.
+
.
e10
--2
-
0e
000.e
1.2.3
000.e
000.e
-
--2
1e-
++1
--2
+
+
+
e10
+
+
--2
--2
e10
e10
000.e
1.2.3
1e-
--2
1e-
000.e
+
1e+
1e
1.2.3
000.e
.
1e+
.
1.2.3
1.2.3
1e-
1e+
++1
1e
1e-
.
000.e
-
--2
1e+
1e
abc
0e
1e+
+
.
abc
1e
++1
1.2.3
+
1.2.3
1e
1.2.3
0e
1e+
1ee2
1ee2
1.2.3
--2
1e-
-
000.e
.
abc
1e
0e
1e+
000.e
e10
-
+
1.2.3
000.e
e10
1e
1e
1e+
-
-
1e
e10
--2
0e
1ee2
1e+
abc
++1
e10
e10
-
0e
--2
1e+
1.2.3
-
1e
.
0e
1e
0e
+
1e
1ee2
.
0e
0e
abc
abc
000.e
-
--2
--2
e10
1e-
0e
++1
000.e
1e-
1e+
-
000.e
.
abc
1.2.3
.
1e
1e
0e
1ee2
1e-
abc
+
1e-
+
1e+
1e-
1.2.3
1.2.3
000.e
1e
+
--2
++1
1e-
1e+
++1
++1
1ee2
000.e
0e
--2
abc
-
--2
++1
e10
++1
e10
abc
1.2.3
abc
++1
e10
--2
1ee2
1e
e10
1ee2
0e
e10
e10
1.2.3
abc
1ee2
-
1e-
.
-
1e+
1e
1e
1e-
000.e
1e-
1e+
1e
.
1e
0e
++1
--2
.
e10
000.e
.
1e
-
1e+
++1
abc
.
1e
1.2.3
1e-
++1
000.e
1e-
++1
e10
1ee2
1e+
-
1e+
e10
0e
1.2.3
0e
e10
1e+
1ee2
e10
1e+
1e
000.e
1e+
.
1ee2
.
--2
--2
1.2.3
-
1e-
1e
1e-
.
1ee2
1e+
1ee2
e10
1ee2
1.2.3
1ee2
000.e
1.2.3
e10
++1
000.e
1e-
.
0e
000.e
e10
+
0e
0e
e10
1e+
1e+
1.2.3
.
1.2.3
1e+
000.e
1e-
1.2.3
-
1.2.3
1e-
000.e
1e+
1ee2
000.e
1ee2
.
1e
1ee2
1e-
1e+
1e+
abc
-
--2
++1
1e
1ee2
1.2.3
++1
0e
1.2.3
1e+
1e
0e
--2
1e+
1e-
-
e10
-
.
000.e
1e+
++1
000.e
--2
1e-
0e
000.e
.
++1
1e-
++1
-
++1
0e
1.2.3
1e-
e10
1ee2
+
abc
-
1e-
1e+
-
0e
0e
0e
e10
-
++1
+
++1
1.2.3
-
1e-
-
1e
++1
abc
000.e
000.e
abc
1.2.3
1e
1.2.3
+
-
1ee2
0e
1e
--2
-
1e+
++1
e10
e10
1e
+
e10
1e
1e
.
.
1e
1e+
+
++1
1e-
+
++1
-
e10
1e
1.2.3
++1
0e
1e-
1e-
1e
1e+
+
000.e
1e+
e10
abc
1.2.3
0e
1e-
1e-
1e+
++1
-
++1
000.e
1e
000.e
+
000.e
e10
-
-
1e-
1.2.3
++1
-
+
-
000.e
1e
1e+
1e+
+
--2
.
1.2.3
--2
abc
e10
000.e
0e
000.e
0e
e10
.
e10
1e-
++1
1e
1.2.3
.
1.2.3
000.e
000.e
1e+
e10
e10
000.e
1.2.3
1ee2
+
000.e
1ee2
--2
.
1e
1e-
1e-
1e
e10
abc
1.2.3
0e
0e
1e+
e10
+
0e
1e+
-
1e
1e
0e
e10
1e-
1e-
1.2.3
e10
1e-
++1
0e
1e
1e-
e10
--2
1ee2
.
0e
++1
.
1e
1.2.3
--2
e10
1e-
abc
e10
1.2.3
--2
1ee2
--2
1e-
1e
++1
--2
--2
abc
.
0e
1e+
1ee2
-
+
1e-
000.e
000.e
000.e
1e
0e
-
000.e
abc
++1
.
1e-
--2
1e+
--2
abc
1e
1.2.3
e10
1.2.3
000.e
1e
abc
.
000.e
1e-
.
++1
e10
e10
++1
+
1ee2
1e-
+
1e-
1e
+
1.2.3
1e
--2
+
-
+
.
-
1e+
1ee2
++1
0e
1e+
000.e
1e
-
+
1e
-
++1
1e-
1.2.3
1e
0e
++1
000.e
+
1e
000.e
1e+
1e+
-
1e+
--2
1e+
0e
000.e
-
000.e
1e
1e+
1e-
--2
e10
1.2.3
1e+
1ee2
000.e
000.e
--2
abc
0e
--2
1e-
e10
1e+
abc
++1
-
1e
1e-
abc
1ee2
000.e
--2
1ee2
--2
-
1ee2
1ee2
+
+
--2
1e-
000.e
e10
e10
1e
0e
1.2.3
-
1ee2
++1
0e
1e
000.e
--2
1e-
e10
1.2.3
1ee2
-
++1
.
1ee2
+
abc
0e
1e-
0e
.
1e+
000.e
000.e
000.e
1e-
.
+
abc
abc
e10
1.2.3
1e
e10
e10
abc
--2
000.e
+
--2
1e+
-
++1
000.e
e10
-
e10
--2
++1
abc
++1
1e-
-
1e+
e10
1ee2
+
1ee2
1.2.3
+
.
1.2.3
.
e10
--2
1ee2
+
e10
++1
1e+
1e
1e
0e
1e-
+
--2
-
abc
1ee2
.
++1
.
1e+
1e
++1
--2
+
.
1e-
1e+
0e
1e-
1e
000.e
e10
.
abc
abc
+
abc
e10
+
--2
0e
++1
000.e
+
--2
.
1ee2
.
+
e10
1e+
++1
e10
+
1e
-
1e-
.
1.2.3
e10
abc
++1
.
1e+
.
0e
1e-
.
--2
0e
abc
1e+
abc
1e-
1ee2
.
++1
--2
1e-
000.e
000.e
++1
e10
abc
abc
e10
1.2.3
1e-
.
1e+
0e
-
++1
000.e
1e+
1e
-
--2
1e-
abc
abc
1e+
abc
1.2.3
1ee2
1e-
0e
-
-
--2
1e
abc
1e
1.2.3
1e+
.
1ee2
e10
1e
abc
.
1.2.3
000.e
1ee2
000.e
1.2.3
-
1.2.3
.
--2
1e
0e
abc
0e
1e-
.
e10
1e-
1e
1.2.3
1.2.3
1ee2
1ee2
.
-
--2
.
1.2.3
1e-
+
++1
1ee2
000.e
1e
++1
abc
1e+
+
+
0e
--2
++1
1e+
000.e
+
1e+
.
++1
--2
1.2.3
1e-
--2
-
1e
.
++1
000.e
abc
+
1e-
+
.
++1
1e-
1e
.
0e
1.2.3
1.2.3
000.e
abc
1e-
-
1e
1.2.3
++1
+
1e
abc
abc
--2
.
e10
1e+
1e
++1
1e+
000.e
000.e
0e
1e-
1e+
++1
--2
0e
abc
1.2.3
.
1ee2
1e-
1e
1e
-
1e-
abc
abc
--2
1ee2
abc
-
1e+
abc
1ee2
1.2.3
abc
1e
+
1e
--2
+
++1
0e
1e
+
.
--2
1ee2
+
--2
1ee2
0e
abc
e10
abc
000.e
1ee2
1e-
abc
1e-
1e
1ee2
1e
+
abc
1e+
1e+
+
0e
e10
1e
e10
++1
.
0e
++1
+
1ee2
0e
.
-
1ee2
0e
1ee2
000.e
abc
abc
-
+
.
000.e
0e
1e-
0e
1ee2
1.2.3
e10
1.2.3
e10
1e
000.e
1e-
1ee2
1e-
1e
000.e
++1
e10
1.2.3
1ee2
0e
1ee2
0e
-
1e
0e
1e+
--2
-
000.e
abc
1e
1e
abc
1e+
e10
1e-
1.2.3
1ee2
+
e10
1ee2
abc
++1
1e
1e+
e10
1e
000.e
-
1e-
000.e
e10
1e-
++1
e10
.
-
000.e
1e-
1e-
1ee2
1ee2
--2
++1
1e+
abc
1e+
e10
1e+
000.e
-
1e
1e+
abc
++1
0e
abc
++1
-
++1
abc
1e-
--2
1ee2
++1
.
-
1e
1.2.3
1e+
1e-
000.e
1e
0e
000.e
e10
0e
1ee2
1e
-
--2
+
-
1e
e10
0e
0e
1e
.
.
-
1e
e10
++1
1e-
-
abc
0e
e10
e10
.
abc
000.e
000.e
0e
0e
--2
0e
-
1e+
--2
0e
000.e
--2
000.e
1e+
1ee2
e10
-
+
++1
000.e
0e
1ee2
1.2.3
.
abc
-
0e
0e
-
000.e
e10
e10
++1
.
1.2.3
-
1e+
0e
-
++1
.
.
1e+
1e+
++1
0e
--2
1e-
e10
1e-
--2
1ee2
abc
++1
-
1e
--2
0e
abc
1e+
1e
1e
--2
1e
.
--2
e10
+
1ee2
e10
0e
--2
-
--2
abc
++1
--2
1e-
+
1e+
0e
abc
0e
1e+
++1
1e+
abc
.
.
1e-
++1
-
1e+
abc
1e-
--2
-
-
1e
++1
+
e10
--2
1e+
+
1e+
1e
abc
++1
abc
1e-
1e
1.2.3
1ee2
.
--2
e10
000.e
1e+
1e-
000.e
++1
.
0e
--2
1ee2
-
.
++1
-
-
1.2.3
+
1e+
1e
.
1e
1e+
1e+
1ee2
1.2.3
000.e
1ee2
1e
1e+
++1
e10
000.e
000.e
-
000.e
-
1ee2
--2
-
0e
abc
1e+
1ee2
++1
e10
1e-
1e+
1e-
--2
1e+
-
e10
e10
1ee2
--2
000.e
+
+
1e-
-
e10
+
1.2.3
e10
000.e
e10
+
.
.
abc
000.e
1e+
1.2.3
e10
000.e
.
1.2.3
1e-
1e-
1e-
++1
1.2.3
+
e10
1e
++1
e10
--2
1e+
-
1ee2
1.2.3
1e
1e+
.
1.2.3
--2
1e-
1e
1.2.3
1e
e10
1e
1e
1e-
000.e
-
-
.
e10
.
000.e
1e-
1ee2
0e
1.2.3
1e-
.
1e+
1.2.3
1.2.3
0e
1e
++1
1ee2
++1
e10
e10
1e
abc
1e
1e+
--2
1.2.3
+
abc
e10
-
+
1ee2
-
1e-
1ee2
1.2.3
++1
1e-
1ee2
--2
--2
-
++1
0e
0e
1e
+
-
--2
000.e
++1
1.2.3
0e
000.e
1e
++1
.
-
1e+
1.2.3
+
1.2.3
++1
++1
++1
-
-
++1
1e
1.2.3
1.2.3
++1
1e
.
++1
e10
1e+
1ee2
1e+
--2
.
0e
++1
1e
--2
1e-
abc
++1
+
abc
1e
1e-
1e
--2
++1
1e+
+
+
000.e
--2
1e-
1.2.3
1ee2
++1
000.e
abc
0e
abc
0e
--2
1e+
0e
000.e
1.2.3
1ee2
1e
abc
e10
1e+
1e
abc
000.e
.
++1
abc
1.2.3
--2
1ee2
++1
--2
0e
1ee2
1e+
1e+
1ee2
1ee2
e10
.
-
000.e
000.e
1e
000.e
.
-
+
1e+
abc
1e+
--2
1ee2
0e
+
-
1.2.3
e10
1e
e10
1e-
.
++1
1ee2
0e
e10
1e+
1e
--2
-
.
.
++1
.
e10
++1
--2
-
1e
--2
++1
1e
1e+
-
e10
abc
abc
1ee2
e10
1.2.3
1e+
1ee2
1e
abc
e10
.
1ee2
e10
-
e10
1e-
1e
0e
-
abc
1e+
0e
1.2.3
1ee2
+
abc
-
1.2.3
-
e10
abc
++1
0e
1e
abc
000.e
000.e
--2
-
1e+
1e-
1.2.3
0e
1.2.3
--2
+
1.2.3
000.e
1e+
0e
+
-
++1
+
1e-
000.e
-
--2
abc
1.2.3
1.2.3
-
1e-
1e
0e
0e
-
e10
abc
1ee2
1e
+
0e
-
-
1e+
1ee2
1e-
1.2.3
1ee2
1.2.3
-
000.e
1.2.3
1.2.3
1e-
++1
--2
abc
1.2.3
-
++1
-
1e
-
e10
++1
000.e
abc
0e
+
000.e
-
e10
1e
++1
1e-
abc
0e
+
0e
-
e10
+
1e-
--2
000.e
1e+
1.2.3
1e
1ee2
1e
abc
.
-
1e+
1e
1.2.3
000.e
1ee2
0e
-
1e
1e-
abc
1.2.3
1.2.3
abc
1e
+
--2
-
-
--2
--2
1.2.3
1ee2
.
0e
1e
-
1.2.3
++1
0e
++1
+
0e
++1
000.e
e10
0e
1e
1ee2
1e+
e10
+
abc
000.e
++1
1e
--2
abc
1e-
1e
1e-
0e
e10
1e-
abc
-
.
1e+
+
1e
1e-
-
000.e
0e
0e
0e
abc
-
0e
1.2.3
1e-
.
.
+
1e+
++1
.
++1
-
+
1ee2
000.e
0e
-
.
+
--2
1e-
abc
1ee2
e10
1ee2
1e
000.e
abc
0e
000.e
1.2.3
++1
1e
--2
1e+
1e
1e
abc
1.2.3
+
1e
++1
000.e
--2
abc
--2
abc
1e
1e+
e10
000.e
-
-
1e-
1e-
e10
1e
0e
+
000.e
1e-
1e-
0e
+
1e-
1.2.3
1ee2
000.e
.
1e+
+
1e
.
e10
1e+
+
1e
0e
+
000.e
0e
1e
abc
e10
e10
1.2.3
1.2.3
1e
1.2.3
+
--2
000.e
0e
1e-
1e+
--2
++1
abc
abc
e10
1e+
-
1e
000.e
++1
000.e
+
1ee2
1ee2
1.2.3
.
++1
000.e
1.2.3
++1
++1
abc
++1
+
1e
1e
1.2.3
1e+
1e
abc
e10
1e-
++1
1e
0e
-
+
1e-
e10
--2
++1
.
1e-
1.2.3
abc
+
1.2.3
1ee2
1ee2
+
-
.
1e-
0e
0e
000.e
000.e
000.e
--2
0e
--2
1e+
++1
000.e
++1
0e
.
+
1e
1e-
e10
--2
1.2.3
1ee2
1e+
--2
1ee2
000.e
.
1ee2
1e+
1e
e10
1ee2
1e-
1e+
0e
.
abc
1.2.3
1e-
++1
0e
1e+
+
e10
1e
--2
1e+
1ee2
--2
1e-
e10
.
1ee2
++1
-
1e
1e
.
1e-
++1
1e+
+
0e
+
1ee2
1e+
000.e
1e-
abc
+
++1
--2
1e-
+
e10
0e
e10
1.2.3
e10
e10
.
abc
1e-
--2
++1
0e
1ee2
+
000.e
++1
1e+
1e
1e
1e-
e10
-
1.2.3
abc
--2
000.e
-
1ee2
++1
--2
abc
1e+
e10
abc
0e
e10
abc
1ee2
1e
1e-
1e-
1.2.3
e10
1ee2
+
e10
e10
-
.
1ee2
.
e10
000.e
1e+
++1
e10
--2
1.2.3
1e-
1e-
000.e
e10
-
1e+
-
abc
1e+
1e
++1
--2
1.2.3
-
.
.
0e
1ee2
1e+
1e-
1e
1e-
1ee2
-
abc
1e+
++1
1.2.3
abc
1ee2
1.2.3
++1
abc
.
-
1.2.3
0e
--2
1.2.3
.
1e-
1.2.3
--2
1e-
.
1e-
1e-
000.e
++1
1.2.3
--2
1e-
++1
1.2.3
1ee2
1ee2
abc
1e-
0e
abc
++1
1ee2
--2
-
1.2.3
--2
+
.
++1
1ee2
+
1e
+
1.2.3
e10
abc
1e-
0e
000.e
1e+
0e
0e
1ee2
+
1.2.3
1e
1e
.
1e-
1e+
-
1e-
+
e10
e10
+
+
.
.
++1
1e+
1e-
1.2.3
.
+
0e
1e
.
1e
1e
-
0e
1ee2
--2
e10
0e
000.e
1e-
+
e10
abc
1.2.3
+
++1
000.e
.
e10
--2
e10
0e
1e
+
e10
1.2.3
e10
--2
0e
0e
000.e
abc
1e+
1ee2
1ee2
+
abc
abc
1e+
.
abc
-
1e-
1e
+
e10
1.2.3
.
++1
1ee2
-
+
0e
.
000.e
000.e
000.e
-
000.e
-
1e+
0e
0e
e10
1ee2
abc
000.e
-
e10
1e
++1
000.e
--2
000.e
abc
000.e
1ee2
1e-
+
1e
.
.
+
.
1e-
1ee2
1e-
1e
1e+
0e
000.e
--2
000.e
1e
abc
000.e
1ee2
-
--2
abc
0e
1ee2
+
1e+
abc
-
++1
1ee2
1.2.3
1e+
--2
abc
.
1e-
.
++1
1e
000.e
000.e
1e-
.
abc
1e-
++1
1e+
.
-
-
1e
1ee2
1.2.3
++1
e10
1e-
1e
000.e
--2
++1
-
1.2.3
1e-
1e
+
0e
-
1e
0e
1.2.3
abc
1.2.3
--2
1e-
-
e10
.
1e+
1.2.3
1e-
+
.
abc
1e-
++1
1.2.3
abc
-
0e
1ee2
+
-
0e
+
1e
--2
-
1e+
1e+
++1
0e
abc
1e-
0e
0e
-
.
000.e
1e
1e+
1e-
+
++1
1e
++1
0e
-
e10
+
--2
000.e
abc
++1
-
-
-
-
1.2.3
1e+
abc
1e+
abc
1e
1e+
0e
1e-
0e
000.e
.
+
e10
+
1.2.3
000.e
0e
1e-
1e-
1ee2
0e
--2
1.2.3
1.2.3
1ee2
1e
abc
0e
1ee2
--2
1e-
-
-
1e-
e10
1.2.3
abc
+
1ee2
.
1e+
1ee2
abc
0e
1.2.3
abc
--2
1.2.3
--2
-
abc
1ee2
1e-
abc
0e
-
1e
-
+
-
000.e
0e
.
.
000.e
1ee2
000.e
000.e
e10
1e
abc
+
1e+
--2
1e
000.e
+
1e
1.2.3
++1
1.2.3
1.2.3
000.e
1e-
1.2.3
+
1.2.3
1ee2
++1
1e
1e-
e10
e10
++1
1ee2
1e-
--2
e10
1.2.3
1e+
++1
1e+
++1
e10
0e
+
1e
1ee2
1e-
1e+
abc
1e-
+
--2
abc
000.e
e10
-
1.2.3
+
.
e10
+
+
e10
e10
++1
1ee2
.
1ee2
-
.
1e+
++1
0e
e10
000.e
1e+
.
1.2.3
1.2.3
1e-
1e
-
+
1e-
1e+
abc
--2
++1
+
0e
.
1e-
1e-
++1
0e
1.2.3
.
abc
000.e
1ee2
1ee2
--2
++1
1.2.3
0e
e10
++1
0e
+
000.e
1.2.3
1e-
000.e
1e-
1e
++1
--2
abc
+
.
--2
--2
1e+
.
0e
+
++1
000.e
e10
.
e10
1e+
.
000.e
.
1.2.3
000.e
000.e
.
000.e
--2
1.2.3
1e
abc
e10
++1
1e
1.2.3
1e
abc
--2
1.2.3
1ee2
1e
000.e
1ee2
1e-
1e-
1e+
e10
000.e
000.e
--2
+
.
--2
--2
000.e
+
abc
-
1e-
1e+
1e-
--2
++1
000.e
.
1ee2
1.2.3
++1
abc
1e+
-
.
+
abc
0e
++1
+
0e
0e
1ee2
1e
.
1ee2
1ee2
0e
1e+
-
1e+
+
1.2.3
e10
abc
--2
1ee2
1ee2
0e
1ee2
0e
abc
0e
.
++1
1e-
-
1.2.3
+
.
1.2.3
0e
1e+
-
1e+
000.e
1e
+
1.2.3
+
-
+
000.e
1e+
-
1e+
1ee2
+
0e
0e
1e+
abc
1e
abc
1ee2
1e-
0e
abc
-
1ee2
-
0e
1.2.3
1.2.3
+
--2
1ee2
e10
1e-
--2
abc
1e-
1.2.3
.
+
000.e
abc
+
abc
.
abc
.
++1
abc
+
000.e
1e-
0e
abc
+
000.e
-
1e-
-
1e
000.e
.
-
1e-
1e+
1e
1ee2
++1
0e
1.2.3
abc
-
1ee2
.
0e
1.2.3
000.e
1e-
000.e
1ee2
+
0e
1e-
1e-
-
1ee2
1.2.3
1e+
+
1e-
000.e
1e-
.
+
1ee2
+
1e+
1.2.3
e10
1e-
0e
1e
--2
1e+
.
1e+
1.2.3
++1
-
0e
000.e
0e
+
++1
+
.
++1
1e-
0e
-
1e+
1.2.3
e10
abc
abc
0e
--2
++1
++1
-
1e
000.e
1ee2
1.2.3
1ee2
e10
+
0e
e10
++1
.
1e-
+
-
.
abc
1e-
1ee2
000.e
--2
.
1e+
abc
-
e10
1e
--2
1e
+
.
0e
+
1.2.3
1e
0e
.
.
+
.
+
++1
1ee2
.
.
1e+
1e+
1ee2
1e-
1ee2
1e+
0e
1e-
abc
.
.
+
000.e
000.e
1e
--2
1.2.3
abc
000.e
1ee2
e10
abc
1.2.3
-
.
000.e
++1
-
+
--2
.
abc
--2
-
1e-
0e
0e
-
--2
e10
1e+
+
1e+
+
--2
--2
-
000.e
-
++1
1e+
+
1e-
abc
1e-
0e
-
000.e
1e
1e
--2
1ee2
.
e10
abc
1e-
1e-
1.2.3
1e
--2
abc
1e+
0e
000.e
1.2.3
+
0e
++1
abc
1e+
1e+
.
1e-
0e
++1
1e+
0e
++1
1e-
1e-
--2
++1
+
1e+
1e
++1
.
abc
.
+
1.2.3
1e+
1e+
++1
++1
++1
.
1ee2
0e
e10
0e
+
+
1e
abc
++1
000.e
abc
-
1e
1e
.
+
1e+
-
--2
1e+
++1
1ee2
1.2.3
++1
e10
e10
--2
++1
abc
--2
e10
abc
-
++1
1e+
1ee2
.
1e
1.2.3
e10
1e-
1e-
-
e10
abc
1e+
.
abc
1e-
1e+
1ee2
1ee2
1ee2
abc
1e+
abc
++1
1ee2
1e
abc
1e
-
-
++1
000.e
-
0e
+
1e+
1.2.3
1ee2
000.e
1.2.3
0e
+
1e-
++1
abc
++1
1.2.3
.
1.2.3
1.2.3
+
++1
e10
1ee2
0e
+
e10
1.2.3
1e+
-
+
--2
-
0e
1e+
+
+
1e+
1e
e10
-
.
e10
e10
1e-
1e+
++1
--2
.
abc
1e+
000.e
e10
abc
--2
0e
e10
1.2.3
1e+
--2
1.2.3
e10
e10
.
1e+
-
e10
-
--2
+
e10
abc
1e+
-
1ee2
0e
abc
abc
1.2.3
abc
1.2.3
e10
--2
0e
1e+
1e+
-
0e
abc
1.2.3
-
1e+
1e+
-
0e
--2
1e-
--2
abc
.
--2
1e-
1e
1ee2
1e-
-
000.e
1ee2
0e
.
e10
-
0e
e10
--2
1e+
+
1.2.3
++1
abc
1ee2
.
1.2.3
++1
-
0e
-
000.e
-
--2
1e+
e10
e10
1e-
000.e
000.e
--2
e10
1e
1e
1.2.3
1e+
e10
abc
1e+
--2
0e
000.e
0e
++1
0e
--2
--2
++1
-
1e
000.e
1e-
0e
-
+
1e-
000.e
1.2.3
-
.
0e
1ee2
e10
-
--2
1e-
000.e
1e
000.e
000.e
+
1e-
++1
+
0e
--2
+
++1
+
abc
000.e
.
1ee2
-
0e
000.e
1e-
++1
000.e
1e
++1
0e
1e+
--2
1e+
1e-
++1
abc
1e+
abc
abc
+
.
abc
e10
abc
1ee2
-
1ee2
.
.
1e-
--2
abc
1e-
+
-
--2
0e
1.2.3
--2
1e+
+
-
1e-
000.e
++1
0e
+
abc
abc
abc
1ee2
--2
1e+
-
0e
abc
--2
--2
.
1.2.3
++1
abc
1.2.3
1.2.3
abc
-
.
--2
-
0e
e10
-
.
abc
-
1e-
+
--2
0e
1e+
e10
-
+
abc
0e
++1
e10
e10
1ee2
1e+
--2
1e+
1e+
+
++1
-
000.e
1e
1e+
1e+
.
1e+
abc
e10
abc
0e
abc
0e
000.e
1e
--2
e10
000.e
-
1e+
.
++1
1e-
1e
1e+
1e+
1e+
1ee2
.
1ee2
++1
1.2.3
+
1e-
1e-
1ee2
1e
000.e
++1
1e+
abc
e10
1e
e10
++1
0e
1e+
1ee2
abc
abc
--2
abc
.
1ee2
++1
1ee2
000.e
0e
--2
++1
0e
000.e
000.e
++1
-
.
1.2.3
1.2.3
+
1e
-
1e-
e10
1e
+
.
+
abc
++1
1e-
1e-
e10
000.e
1e-
1e
1e+
1ee2
1ee2
1e
-
e10
.
-
e10
e10
0e
1.2.3
000.e
--2
--2
-
.
e10
1e+
e10
.
-
1e+
0e
1e-
1.2.3
e10
1e+
1e-
abc
--2
1.2.3
000.e
abc
1e-
1e+
1.2.3
+
000.e
1.2.3
000.e
1.2.3
1e+
e10
1ee2
-
1e+
1.2.3
1.2.3
-
abc
000.e
1e
--2
1ee2
1e-
1e+
000.e
0e
--2
e10
000.e
1ee2
1e
1ee2
1e+
000.e
--2
0e
+
000.e
1.2.3
-
+
e10
++1
e10
0e
000.e
e10
+
1e+
000.e
1ee2
-
--2
1e-
abc
1.2.3
1e
++1
1.2.3
1e
e10
0e
1e
+
abc
+
+
e10
.
abc
1.2.3
1e-
1.2.3
abc
1e
-
abc
1e
1e
1e
--2
abc
0e
1e-
--2
.
000.e
1ee2
0e
1e+
e10
abc
1e-
.
abc
1.2.3
0e
1ee2
1e+
e10
-
-
1ee2
e10
000.e
1e-
1ee2
--2
000.e
abc
0e
1e-
000.e
e10
++1
1.2.3
.
e10
1e+
1ee2
1e
-
0e
-
1ee2
1e
.
1e+
1e+
--2
1e
abc
abc
e10
-
--2
--2
1.2.3
abc
+
+
.
.
1e
++1
0e
e10
e10
+
e10
+
.
-
+
1ee2
abc
000.e
1ee2
abc
-
e10
1e-
1e-
e10
+
.
1.2.3
1ee2
--2
.
-
1e+
1e
++1
1.2.3
1e-
+
--2
++1
1ee2
1ee2
-
-
+
000.e
1e
1e-
1e-
1e-
e10
+
1e-
--2
1e
0e
0e
++1
000.e
abc
-
1.2.3
-
++1
--2
1e
e10
1e-
+
.
000.e
1e-
000.e
000.e
000.e
0e
-
+
1e+
000.e
1ee2
+
e10
1e-
1e+
-
.
-
-
000.e
+
+
e10
e10
-
1ee2
0e
1e-
.
-
+
1.2.3
000.e
000.e
++1
abc
+
-
e10
1e
+
+
-
1ee2
1e+
1ee2
000.e
1e-
0e
1e
+
1e
--2
.
1.2.3
1e-
0e
000.e
1ee2
000.e
0e
1.2.3
abc
0e
1e
1.2.3
1e-
1ee2
.
abc
1ee2
-
e10
1ee2
e10
1.2.3
++1
000.e
0e
.
1e
1e-
--2
0e
1e
1e+
1e
1e
++1
000.e
.
1ee2
+
1.2.3
abc
0e
1.2.3
+
1e+
+
000.e
+
1e-
e10
++1
1e
+
.
1e+
000.e
1e+
.
e10
+
.
++1
1.2.3
.
+
--2
1ee2
+
-
e10
1e+
+
++1
1.2.3
1e+
abc
1ee2
1e-
.
1e+
abc
+
1e+
-
++1
+
abc
-
++1
1.2.3
--2
0e
1ee2
.
1.2.3
-
.
.
1ee2
abc
1e
1e+
1e+
1e+
--2
.
1e+
1e
+
1e
1e+
abc
-
1e
1e-
+
1.2.3
1e-
1e-
0e
+
e10
++1
1ee2
.
1e+
1e
-
+
-
1e+
1e+
0e
0e
abc
+
+
++1
--2
.
e10
e10
.
1e-
1e
1.2.3
-
abc
000.e
+
e10
++1
++1
1ee2
++1
0e
1e-
--2
+
0e
-
abc
+
+
1e-
++1
1ee2
1e-
1.2.3
0e
1e-
e10
1ee2
1e
++1
+
-
-
e10
--2
+
+
e10
.
++1
1e-
0e
+
0e
e10
.
-
++1
1e+
1e+
abc
1ee2
0e
1e
--2
1e+
1.2.3
e10
.
.
1e-
--2
+
1.2.3
1e-
1ee2
+
++1
--2
e10
.
000.e
e10
e10
abc
--2
-
--2
abc
e10
e10
+
-
--2
+
1e-
abc
-
000.e
-
1e+
+
1.2.3
.
1ee2
abc
000.e
1e
.
1ee2
e10
--2
0e
1e+
1.2.3
e10
1e+
e10
000.e
1e+
1.2.3
1e
-
+
e10
++1
0e
.
1e+
1ee2
1e-
1.2.3
abc
1.2.3
--2
-
000.e
++1
e10
1e
e10
1.2.3
1e-
.
1ee2
--2
abc
1e-
0e
000.e
e10
1e
e10
1ee2
++1
1e+
1.2.3
+
++1
1e+
1e
e10
1e
1ee2
1e
.
-
1.2.3
--2
.
000.e
1.2.3
000.e
1e-
0e
abc
1e-
+
++1
1e-
1.2.3
1ee2
++1
0e
+
1e+
--2
++1
1.2.3
e10
++1
-
000.e
++1
.
.
1e+
000.e
1e+
000.e
-
1e-
--2
e10
000.e
1e-
1e-
e10
++1
1e+
1e-
000.e
1e+
abc
1e+
0e
+
e10
1.2.3
+
000.e
.
1e+
1e
1ee2
1.2.3
-
-
1e-
1.2.3
abc
1.2.3
+
e10
1ee2
--2
--2
++1
1e+
1e-
e10
abc
1.2.3
1e-
0e
1.2.3
1e
1e
abc
1ee2
+
1e
0e
000.e
1ee2
+
abc
000.e
1e+
000.e
-
.
1.2.3
abc
++1
.
1ee2
1ee2
-
++1
1e+
1e
000.e
++1
1ee2
1.2.3
000.e
1.2.3
1e
e10
++1
000.e
e10
++1
abc
++1
1e+
++1
1ee2
abc
1e-
1ee2
1e+
000.e
++1
1e+
0e
-
0e
1e-
1ee2
000.e
e10
1e
000.e
+
1.2.3
0e
abc
-
e10
-
1e
++1
0e
000.e
1.2.3
--2
1ee2
0e
abc
000.e
1e
0e
1.2.3
1e+
1.2.3
1e
1e+
++1
000.e
-
abc
-
1ee2
e10
1e+
--2
1ee2
--2
abc
++1
abc
+
1e
--2
.
0e
1e
++1
0e
.
1ee2
1e-
1.2.3
abc
1e-
1e+
e10
--2
1e
1e+
1e-
0e
e10
abc
0e
1e-
abc
1e+
--2
.
1e+
1e
e10
1e+
1.2.3
0e
e10
--2
1ee2
1e
1ee2
000.e
.
e10
.
000.e
1e+
1e+
e10
.
1e+
1e
000.e
1e-
1ee2
1.2.3
++1
.
1.2.3
--2
0e
1e-
1e+
++1
1ee2
1e-
e10
1e+
abc
000.e
+
000.e
1e-
1ee2
1e+
1ee2
.
1e
abc
000.e
abc
.
1.2.3
000.e
1e
1e+
0e
0e
e10
e10
1ee2
.
abc
0e
-
++1
e10
1e-
0e
++1
0e
--2
abc
000.e
1ee2
1e
1.2.3
.
1ee2
++1
-
+
0e
--2
1e+
--2
abc
1e-
1e+
e10
1ee2
1e-
++1
1ee2
+
000.e
.
1e-
abc
--2
.
1ee2
.
1e+
0e
e10
1e-
1e
1e+
--2
1ee2
-
.
000.e
000.e
e10
++1
++1
-
1e+
++1
++1
e10
e10
1.2.3
.
++1
abc
1e-
1e+
.
1.2.3
++1
000.e
000.e
+
1ee2
.
e10
1ee2
--2
--2
--2
--2
.
1e+
abc
1e+
+
abc
++1
abc
+
--2
--2
+
1.2.3
--2
abc
+
-
e10
1e-
.
1e
1e+
e10
1e-
+
abc
e10
1e
--2
abc
1e-
.
1e-
abc
+
+
+
+
-
e10
1e+
+
+
--2
0e
1.2.3
+
++1
1e-
-
-
1e
1e+
-
1e-
1e-
1ee2
1e
abc
1e-
abc
-
1e+
-
-
1e+
1e
+
1e+
1e+
1.2.3
-
.
1e+
--2
abc
+
abc
++1
1e+
+
1ee2
000.e
0e
1e-
1.2.3
+
1ee2
++1
e10
0e
-
++1
0e
abc
e10
--2
--2
++1
e10
1e+
+
0e
-
1e+
--2
1e+
-
.
e10
++1
-
1ee2
.
++1
++1
++1
+
e10
1.2.3
1e-
1.2.3
-
-
0e
1.2.3
1e-
1e+
--2
abc
abc
1.2.3
++1
.
000.e
--2
0e
.
000.e
0e
e10
1.2.3
000.e
1e-
-
000.e
++1
+
1e
--2
--2
1.2.3
1ee2
.
1e+
1.2.3
1e-
1.2.3
1e
1e-
0e
1.2.3
1ee2
+
+
+
++1
1e
-
000.e
1e+
0e
abc
.
++1
000.e
1e-
1.2.3
abc
1e
.
+
abc
.
0e
abc
1ee2
abc
1e-
1e-
1ee2
0e
abc
++1
000.e
-
abc
1e-
abc
.
1ee2
++1
1.2.3
e10
--2
-
.
1ee2
1e+
+
-
.
0e
000.e
--2
++1
0e
++1
1.2.3
0e
++1
1ee2
1e-
e10
0e
e10
0e
++1
++1
++1
1ee2
1ee2
1e+
abc
-
-
+
--2
1e
--2
++1
+
--2
1e+
-
+
--2
++1
1e
-
.
e10
--2
.
.
1ee2
1e+
abc
1ee2
1.2.3
000.e
-
0e
+
++1
0e
1e+
1ee2
abc
000.e
0e
abc
1ee2
+
abc
.
--2
e10
000.e
0e
++1
+
1.2.3
0e
.
1.2.3
1e-
1ee2
1e-
+
e10
1e-
0e
1.2.3
0e
0e
+
++1
1e-
1e+
abc
e10
0e
--2
+
++1
++1
abc
000.e
abc
000.e
1ee2
.
000.e
000.e
.
1e-
000.e
--2
1e-
++1
--2
1.2.3
e10
--2
1e+
-
000.e
-
.
e10
1e-
0e
0e
000.e
+
1ee2
abc
000.e
1e
1e
abc
1e-
++1
1.2.3
1e-
1e+
1e+
--2
1e-
1ee2
abc
+
000.e
000.e
000.e
abc
1e
e10
++1
1e-
000.e
1e+
0e
.
1e-
000.e
1ee2
e10
000.e
000.e
1.2.3
+
-
1e+
e10
1e+
1.2.3
.
1ee2
--2
++1
++1
1e
1ee2
e10
--2
1e-
++1
1.2.3
++1
+
+
1e+
++1
+
e10
1e
.
1e+
1ee2
0e
.
1.2.3
1e+
1.2.3
0e
000.e
1e
0e
.
1e-
.
1e+
.
e10
1e-
1e
-
+
.
1.2.3
e10
1e-
1.2.3
abc
e10
1ee2
0e
000.e
.
1.2.3
+
0e
e10
1.2.3
abc
0e
1e-
++1
e10
-
abc
++1
+
1.2.3
1e
-
--2
abc
e10
1.2.3
abc
.
1e
0e
0e
0e
0e
.
1e+
.
1e-
1e
.
abc
1ee2
.
1e-
1ee2
+
-
++1
1e-
++1
1e+
--2
1e
0e
1.2.3
0e
0e
--2
.
1ee2
-
1e
++1
--2
++1
+
1e-
1e+
0e
000.e
e10
abc
0e
--2
1e
-
-
-
0e
0e
1e
1e-
+
1ee2
1e-
1e
1ee2
1e-
++1
1.2.3
abc
-
1e+
1e-
1e
000.e
1e+
1e-
1e+
e10
1.2.3
-
1ee2
-
-
1e-
1.2.3
.
000.e
1e-
1.2.3
.
--2
000.e
++1
--2
1e+
1e-
+
abc
1e
-
0e
.
1e+
abc
1.2.3
1.2.3
+
-
1ee2
1e
-
000.e
-
++1
-
1e
-
++1
1.2.3
.
++1
++1
++1
--2
-
0e
1.2.3
1e+
000.e
1.2.3
1e+
0e
0e
-
1ee2
abc
.
000.e
+
1e
1ee2
--2
abc
1ee2
1e+
-
0e
1e-
-
+
--2
--2
e10
0e
1e+
--2
--2
1.2.3
1.2.3
-
1ee2
--2
1.2.3
e10
1ee2
1ee2
.
000.e
1e+
abc
1e
1e
1ee2
abc
e10
e10
.
1ee2
1.2.3
++1
--2
-
-
1.2.3
1e-
0e
1e
0e
abc
0e
++1
1e
1ee2
000.e
000.e
1ee2
1e
abc
000.e
++1
-
--2
0e
1e+
-
000.e
0e
e10
++1
+
-
1.2.3
e10
+
000.e
+
+
1e
0e
1e
1e-
1e+
0e
1e
1ee2
1ee2
.
abc
-
+
+
.
--2
--2
e10
1.2.3
000.e
000.e
000.e
000.e
1e+
--2
e10
1e-
0e
+
0e
0e
1e-
+
1e
1e+
++1
1ee2
1e
000.e
1e+
1e
1e+
000.e
1.2.3
-
-
e10
1e-
++1
e10
1e-
+
0e
++1
1e+
0e
abc
1e
--2
--2
0e
e10
1e-
.
+
.
e10
1e-
1.2.3
.
1e-
1e-
--2
1e
0e
+
1e-
1e-
e10
1.2.3
e10
.
.
0e
+
000.e
.
000.e
-
1e-
1ee2
++1
-
1e-
1e+
1e-
1.2.3
e10
1.2.3
--2
+
1.2.3
000.e
++1
abc
1e
-
.
1e-
-
e10
1.2.3
.
abc
1e+
abc
1.2.3
e10
000.e
abc
--2
-
--2
1.2.3
1e
1ee2
+
--2
1.2.3
abc
1e+
e10
1e+
1ee2
1ee2
abc
1ee2
000.e
e10
++1
.
e10
1.2.3
e10
1e
e10
abc
1e
0e
--2
000.e
1e+
1e
.
-
e10
000.e
e10
abc
.
1.2.3
e10
++1
+
1e-
1e+
1e-
1e-
--2
0e
1ee2
1.2.3
++1
+
1e-
+
1e+
--2
000.e
1e+
1.2.3
+
0e
1e-
0e
+
1e
0e
e10
-
-
1ee2
1.2.3
++1
1e+
e10
.
abc
.
1ee2
1e
+
000.e
--2
1e+
1e-
e10
1e
1ee2
1e-
0e
1e
++1
1e-
.
1ee2
++1
1e
.
1ee2
-
-
1ee2
1e-
0e
000.e
.
000.e
++1
.
abc
1e-
1.2.3
++1
--2
1e
1e-
1e
.
1e-
1e
1.2.3
--2
000.e
e10
abc
.
.
1.2.3
1ee2
0e
abc
+
1e+
--2
+
--2
-
1e
e10
1e-
abc
0e
e10
1e+
1.2.3
abc
1.2.3
1e+
1e-
1e+
0e
000.e
1e
1ee2
-
000.e
1e+
--2
0e
0e
0e
abc
1e-
1ee2
1e
.
-
e10
1e
1e-
000.e
+
0e
e10
-
--2
1e-
--2
1e+
1.2.3
abc
++1
1e+
1e-
++1
1e+
++1
1e+
1.2.3
000.e
++1
abc
1e
0e
.
000.e
++1
+
++1
1e
-
.
1e-
+
abc
abc
--2
e10
1ee2
e10
.
--2
+
.
-
1e+
abc
e10
e10
1e+
++1
--2
1ee2
.
000.e
e10
abc
1e+
1e+
--2
--2
--2
1ee2
000.e
1ee2
.
1.2.3
000.e
e10
--2
1e+
0e
--2
+
+
1e
--2
1e
--2
1e-
--2
e10
+
abc
1e+
+
+
abc
1e
++1
1.2.3
000.e
.
+
e10
1ee2
abc
0e
+
1e+
++1
++1
1e+
0e
abc
abc
++1
++1
1.2.3
1ee2
1ee2
e10
abc
e10
e10
1e
1ee2
1e+
1e-
1ee2
1e
+
abc
--2
0e
1e-
1e+
-
abc
.
1ee2
1ee2
++1
1e+
000.e
.
-
1ee2
abc
000.e
+
0e
1ee2
0e
+
++1
1.2.3
000.e
1.2.3
1e-
1e
.
1.2.3
.
.
+
0e
-
1.2.3
+
1ee2
0e
--2
000.e
000.e
1e-
1.2.3
1e+
--2
1e+
1e+
1e+
abc
1e-
0e
1ee2
1e+
1e+
000.e
+
000.e
1e-
000.e
e10
.
++1
1.2.3
--2
1e+
-
++1
1.2.3
.
000.e
.
abc
++1
e10
1ee2
abc
1e-
.
1e
000.e
.
--2
+
--2
--2
+
000.e
1e+
000.e
000.e
-
e10
.
1ee2
.
.
abc
1e
1e-
e10
++1
1e+
.
-
--2
1e
1e+
e10
1e
1e+
1e
abc
++1
1.2.3
abc
0e
1e+
1e-
-
1e-
1.2.3
1e-
+
0e
1.2.3
.
abc
-
1ee2
1e-
1e-
1.2.3
-
1e
1ee2
1ee2
abc
--2
1e
++1
.
abc
+
.
1.2.3
-
e10
1.2.3
1e-
0e
.
1.2.3
.
-
000.e
.
0e
0e
.
--2
1.2.3
.
1ee2
abc
1e-
1e+
--2
1e+
1e
+
1ee2
1e+
000.e
--2
+
1.2.3
000.e
e10
abc
-
1.2.3
e10
abc
0e
-
1.2.3
--2
-
+
.
+
++1
--2
+
.
abc
0e
0e
--2
+
1.2.3
1e-
.
--2
e10
000.e
++1
1e-
e10
--2
1ee2
1ee2
+
++1
000.e
000.e
+
e10
0e
--2
1e-
++1
1e+
1e
0e
abc
1e+
.
.
+
+
1e-
1.2.3
1.2.3
abc
0e
.
0e
+
e10
1e+
000.e
1ee2
1e-
-
1.2.3
++1
-
+
000.e
++1
1e
--2
1e
000.e
1ee2
1ee2
abc
--2
000.e
000.e
e10
0e
e10
++1
0e
000.e
+
-
0e
.
000.e
1ee2
0e
1e-
1e-
--2
1.2.3
abc
-
1e-
1e-
1e+
+
-
--2
1.2.3
1e+
e10
abc
1ee2
abc
0e
0e
1ee2
+
1e-
1ee2
e10
++1
000.e
-
abc
1e
1ee2
0e
-
-
--2
e10
+
++1
1e-
.
000.e
-
1e-
-
1e
.
e10
0e
-
0e
1ee2
e10
1e
++1
e10
1e
1e+
.
+
.
+
000.e
1e
1.2.3
1e-
abc
e10
abc
000.e
.
0e
1e+
1e-
-
1e-
1e+
e10
+
000.e
--2
1e+
++1
e10
1e-
1e
1e-
0e
.
1e
++1
0e
.
1e-
0e
+
1e+
1e
000.e
+
1ee2
e10
1e
.
000.e
++1
++1
++1
abc
abc
--2
e10
-
1e-
-
1.2.3
abc
--2
-
e10
++1
.
1ee2
.
1e
1ee2
1e
1e
1ee2
abc
.
1e+
1ee2
0e
1e-
+
1e-
1e+
1e
e10
1e
1e-
1e
+
1e
1e-
0e
1e+
+
-
1e-
-
--2
abc
000.e
++1
--2
abc
.
-
++1
-
1.2.3
.
1ee2
.
1e-
+
1ee2
--2
e10
-
1e-
0e
--2
1e
0e
1ee2
--2
-
++1
.
1e
.
e10
0e
0e
000.e
1.2.3
1e-
1ee2
1ee2
-
.
++1
++1
0e
++1
+
1ee2
.
1.2.3
abc
0e
-
-
-
1e+
1e-
abc
1ee2
0e
1ee2
000.e
++1
1ee2
1ee2
+
1.2.3
--2
++1
000.e
1e
.
1ee2
-
-
1e
1e+
1.2.3
--2
e10
--2
1e+
1e+
1e
1e+
0e
abc
.
1.2.3
abc
0e
.
--2
1e+
1ee2
+
.
.
1.2.3
.
++1
1.2.3
abc
1.2.3
0e
1e
-
--2
+
000.e
1e-
000.e
-
-
.
+
1ee2
1e
+
+
e10
1ee2
1e
.
1e+
1e-
1e+
-
--2
.
0e
++1
e10
1ee2
e10
e10
--2
--2
e10
-
1ee2
.
1e-
e10
1e+
1e
abc
-
1ee2
1.2.3
1e-
1e-
1e-
+
0e
.
++1
.
1e-
1e
+
1ee2
++1
1e+
++1
1.2.3
.
1ee2
.
1.2.3
-
++1
1e-
0e
.
+
1.2.3
-
1.2.3
0e
.
.
1ee2
000.e
.
000.e
1e+
--2
--2
0e
abc
++1
0e
++1
-
.
abc
.
1e-
1.2.3
abc
e10
1.2.3
++1
1.2.3
.
000.e
0e
1e
000.e
.
++1
1e+
abc
1e
1e
1e+
e10
-
0e
abc
0e
1e+
++1
1e
000.e
++1
0e
++1
1e
++1
1e+
+
1.2.3
e10
1e-
+
1e
.
1ee2
1e-
--2
000.e
--2
--2
1.2.3
abc
1e
1e-
0e
1e
1e-
abc
e10
1ee2
--2
e10
1e+
e10
1e+
e10
0e
--2
-
--2
e10
+
1e+
1ee2
1ee2
000.e
1e+
++1
.
1.2.3
abc
.
abc
-
.
--2
1e+
1e+
e10
1e-
0e
.
-
0e
e10
++1
--2
1.2.3
1e-
1e
--2
1e-
1.2.3
1e+
1e
1e+
++1
-
000.e
1e+
--2
1e-
1ee2
1ee2
1e
++1
+
1e
e10
1e
1e
--2
1e
1e
1.2.3
++1
1e+
.
1e+
abc
++1
-
abc
1ee2
1ee2
abc
0e
++1
abc
-
-
-
1e+
+
--2
1e
1e
0e
++1
e10
e10
1e-
0e
--2
1e
e10
+
-
+
-
000.e
1e-
0e
000.e
1e
1e
e10
0e
e10
++1
1e+
.
+
1e-
--2
.
++1
-
e10
1e
1e
-
e10
1e+
1e+
-
abc
e10
1e
abc
1e-
1e
000.e
1.2.3
abc
1e
--2
1ee2
abc
--2
000.e
000.e
--2
-
abc
1ee2
--2
1e+
abc
1ee2
0e
e10
abc
e10
1.2.3
++1
1.2.3
0e
.
1ee2
abc
1e-
e10
--2
000.e
1e
e10
abc
000.e
.
1e+
1e-
e10
1e-
000.e
++1
1e+
1.2.3
000.e
-
1ee2
0e
1e-
abc
+
.
--2
000.e
abc
.
e10
1e+
1.2.3
abc
0e
0e
.
1e
000.e
1e-
-
+
e10
1ee2
1.2.3
1ee2
1e-
-
1ee2
1e
e10
e10
1e
-
-
e10
1e-
++1
+
000.e
+
1ee2
+
-
++1
abc
0e
000.e
0e
1e
1e+
.
abc
0e
.
--2
abc
000.e
+
e10
e10
e10
.
1ee2
+
1e+
1e+
1.2.3
abc
1ee2
1ee2
1.2.3
1e
000.e
1e
--2
000.e
1e
1e-
1.2.3
1e+
1e
1e+
++1
abc
0e
1e
.
1ee2
+
++1
1e-
+
1ee2
1e+
++1
1ee2
1e-
1e+
1ee2
e10
1e
1ee2
.
--2
1e-
000.e
-
.
++1
1ee2
1ee2
.
++1
1e
0e
++1
-
1e+
-
-
.
1ee2
.
1.2.3
1ee2
-
1e
1e-
1e
000.e
e10
1ee2
0e
+
1e+
--2
1e-
.
000.e
+
-
000.e
.
1e
0e
++1
++1
-
1ee2
1ee2
1.2.3
++1
abc
e10
+
000.e
abc
1ee2
abc
-
.
1.2.3
--2
1e+
-
1e-
1e
1e
+
+
1e-
1.2.3
-
+
--2
.
-
e10
1e-
1ee2
1.2.3
abc
abc
--2
+
000.e
-
1ee2
1e
1.2.3
1ee2
--2
1e+
e10
1e+
.
1ee2
.
1.2.3
e10
0e
e10
++1
1ee2
e10
e10
1e-
1ee2
++1
+
--2
1e
.
e10
e10
abc
abc
.
1e-
+
1e
--2
abc
abc
++1
1e+
e10
++1
000.e
--2
abc
000.e
1e+
.
000.e
-
1e-
1.2.3
000.e
1e
1.2.3
+
1e
1.2.3
-
e10
1e+
abc
1ee2
e10
1ee2
e10
+
abc
abc
++1
1e-
0e
abc
000.e
e10
000.e
-
000.e
+
1.2.3
1.2.3
1e+
--2
++1
++1
abc
1e-
--2
1e
0e
--2
+
++1
.
1.2.3
1e
abc
+
-
--2
+
1e+
--2
-
e10
-
--2
1e+
1e-
--2
--2
abc
-
--2
abc
1e-
1e
000.e
1e
0e
0e
1e+
.
--2
1e+
1e+
+
1e+
1e
+
0e
.
++1
0e
.
1e-
-
--2
1e+
1e+
+
++1
--2
1ee2
0e
1e+
-
abc
1.2.3
0e
++1
1.2.3
abc
++1
+
1ee2
++1
1e
0e
1.2.3
e10
e10
0e
.
1e
+
0e
1ee2
-
e10
1.2.3
000.e
1e+
+
1.2.3
000.e
1ee2
1ee2
+
1e+
1e-
1e
1e-
+
1e
++1
+
1ee2
1e
1e
1e-
+
-
000.e
+
000.e
.
1ee2
abc
1e
1e+
1e
000.e
1e+
1ee2
.
--2
1e
abc
abc
e10
0e
++1
e10
1.2.3
.
--2
+
0e
.
0e
1e
1e
++1
e10
+
++1
1e+
1e
e10
1e-
1e
-
1ee2
++1
1e-
-
0e
--2
1e-
0e
+
abc
000.e
++1
0e
0e
000.e
+
++1
1ee2
1e-
1e+
1e+
--2
1e+
e10
-
abc
.
000.e
1.2.3
1e+
1e+
000.e
-
-
1.2.3
--2
1e-
.
e10
+
e10
0e
-
++1
+
.
1e-
1e-
++1
++1
0e
abc
abc
1e
1ee2
--2
--2
1e-
1.2.3
1e-
1e
abc
1ee2
1.2.3
1ee2
++1
+
.
e10
0e
++1
1.2.3
++1
1ee2
1e-
0e
e10
abc
--2
--2
1.2.3
000.e
abc
0e
1e+
1e
++1
++1
1.2.3
.
1.2.3
1e
-
e10
abc
1.2.3
1e+
.
1ee2
000.e
e10
1.2.3
abc
1.2.3
0e
1e
1.2.3
--2
e10
000.e
abc
1e
abc
abc
-
abc
-
1e
1e+
1.2.3
1e+
1e-
1e-
--2
++1
+
abc
1e+
1ee2
--2
++1
-
1ee2
e10
000.e
1e-
.
+
1.2.3
000.e
000.e
0e
1e-
--2
1e+
1e
1ee2
e10
1e+
1ee2
e10
1e+
1e+
1ee2
-
1.2.3
-
++1
e10
--2
1.2.3
-
1ee2
abc
e10
.
+
1.2.3
1ee2
0e
1ee2
1e-
+
--2
1.2.3
000.e
-
++1
1e-
000.e
+
++1
1ee2
0e
e10
0e
-
1.2.3
++1
1ee2
0e
+
abc
1e+
0e
1ee2
abc
-
000.e
1e+
1.2.3
1e+
e10
0e
-
e10
1e+
+
000.e
+
abc
1e+
1ee2
0e
1e+
++1
1.2.3
e10
0e
1ee2
1ee2
1e-
++1
abc
e10
--2
e10
--2
+
000.e
abc
1e+
000.e
1e
+
1e+
1e-
1ee2
000.e
1e+
--2
000.e
++1
1e
1ee2
.
--2
1e
e10
1e
000.e
1e
e10
--2
1e
e10
.
000.e
1.2.3
+
1e
abc
e10
--2
1ee2
1e-
1ee2
1.2.3
1e-
1.2.3
-
1e
-
-
-
1.2.3
+
++1
.
0e
1e+
--2
1e-
0e
--2
1.2.3
0e
+
e10
+
++1
+
++1
0e
++1
++1
0e
++1
1e-
000.e
-
e10
1ee2
.
1e+
1e+
1.2.3
+
--2
.
abc
e10
++1
+
--2
1e
1e-
--2
000.e
e10
--2
--2
++1
1e
abc
--2
abc
000.e
++1
+
1ee2
.
0e
--2
++1
1e
000.e
1e
-
++1
++1
1e+
.
0e
0e
e10
+
+
++1
1.2.3
1ee2
++1
++1
abc
1e-
e10
1.2.3
++1
e10
1e-
abc
000.e
1.2.3
abc
1e-
--2
1e+
abc
--2
-
1e-
1e+
000.e
.
000.e
1e
1ee2
abc
++1
1e
1e-
1.2.3
1e
abc
++1
abc
++1
1.2.3
e10
0e
1.2.3
0e
e10
1e
+
abc
1e
+
--2
1.2.3
1e+
-
1ee2
1e
+
e10
-
1e+
+
++1
1e-
+
0e
0e
+
+
.
1e-
-
0e
1e
++1
1e
0e
++1
-
-
e10
1e
1.2.3
1ee2
1e-
-
1e+
1ee2
abc
1.2.3
000.e
1e
++1
-
1ee2
000.e
1e
000.e
--2
-
e10
1.2.3
--2
1.2.3
1.2.3
++1
.
--2
-
1.2.3
e10
000.e
+
++1
+
+
-
.
1e+
1e-
1ee2
++1
0e
000.e
abc
1e
1e
abc
-
e10
1.2.3
e10
e10
1e-
e10
1e+
1ee2
+
e10
--2
+
--2
abc
-
.
000.e
++1
1ee2
1e
1e
1e
1e
e10
1e-
1e
1e+
abc
1ee2
e10
-
1e
++1
1e-
000.e
000.e
0e
1e+
1e+
-
abc
1e+
-
1e
-
1e
e10
1e-
abc
abc
1e+
1e+
1e+
000.e
1ee2
-
1e+
1e-
+
1e-
abc
.
0e
1e-
000.e
1e+
.
abc
0e
0e
++1
1ee2
-
-
1ee2
++1
0e
1.2.3
0e
1e+
000.e
--2
.
1ee2
1ee2
1.2.3
1e+
+
e10
1e-
1e
--2
1e
e10
1e+
e10
abc
1.2.3
1e-
1.2.3
abc
1.2.3
++1
1e+
-
+
1e+
-
1e+
--2
1e+
++1
0e
--2
.
abc
1.2.3
+
1e
++1
abc
1ee2
1ee2
abc
1e
-
1e+
abc
1e
abc
1e+
1e+
e10
0e
1.2.3
-
.
e10
abc
1e
.
000.e
+
++1
000.e
1.2.3
1e+
-
.
000.e
1e
000.e
1ee2
++1
.
000.e
abc
-
1e-
1e+
1e
.
1e-
-
1e
e10
.
abc
+
000.e
1e+
1.2.3
000.e
e10
1e-
e10
abc
1e
1ee2
.
1ee2
++1
--2
0e
+
1e
--2
--2
0e
+
1ee2
++1
0e
1ee2
--2
0e
--2
e10
-
abc
e10
--2
--2
e10
1e-
1e
+
--2
++1
1e
e10
--2
0e
1e-
000.e
1ee2
000.e
1ee2
.
--2
--2
000.e
1ee2
0e
-
1e
000.e
-
e10
.
1e
000.e
1.2.3
e10
--2
--2
e10
+
1e+
0e
000.e
1ee2
1ee2
1e+
+
.
1ee2
++1
1e
1e-
++1
1e
abc
000.e
++1
e10
abc
1.2.3
1e
1ee2
abc
1e+
1e
-
0e
0e
0e
--2
1e-
1e
1e
1.2.3
1.2.3
1e+
1.2.3
0e
1.2.3
abc
--2
1e-
abc
++1
-
-
1ee2
-
1.2.3
1e+
1e
+
000.e
000.e
000.e
++1
e10
1e-
abc
++1
0e
1.2.3
--2
1ee2
+
abc
1.2.3
1ee2
1e
++1
1.2.3
abc
+
1.2.3
1e+
1.2.3
e10
1e+
+
1ee2
0e
0e
--2
-
1.2.3
1ee2
1.2.3
1e
+
+
e10
abc
1e+
1e
1e-
++1
abc
abc
abc
--2
0e
1ee2
1.2.3
1e-
1e
000.e
e10
0e
000.e
abc
1.2.3
1e-
++1
1e+
+
-
++1
abc
1.2.3
0e
1ee2
-
++1
++1
1.2.3
1ee2
++1
1e+
++1
1ee2
++1
e10
abc
1e+
++1
abc
0e
1e
abc
1ee2
--2
--2
1e
1e
1e
.
1.2.3
1ee2
0e
0e
1e
+
1.2.3
abc
1e
.
++1
1e+
+
.
+
000.e
e10
--2
.
1e
abc
1e
e10
1.2.3
1ee2
abc
000.e
1.2.3
+
1e+
e10
-
--2
-
+
-
abc
0e
e10
1e-
1e-
-
-
1e
e10
.
+
++1
000.e
+
.
1e
1.2.3
+
0e
000.e
e10
1.2.3
+
0e
1e
1.2.3
+
1.2.3
0e
000.e
e10
-
1.2.3
.
-
1.2.3
+
e10
abc
-
--2
++1
abc
--2
0e
+
1.2.3
1e+
++1
abc
-
.
.
abc
++1
1ee2
+
1ee2
.
++1
+
-
1.2.3
1.2.3
--2
-
abc
1e
1ee2
abc
1.2.3
abc
1e
++1
1e
1e-
000.e
1e+
0e
--2
0e
1e+
--2
+
+
abc
1e-
.
-
000.e
++1
--2
-
000.e
abc
0e
-
1.2.3
--2
--2
000.e
.
.
+
--2
1e+
++1
--2
+
1ee2
1e
1e-
+
.
000.e
++1
0e
+
000.e
-
1ee2
--2
--2
000.e
1e-
1e-
abc
000.e
0e
abc
1e+
0e
++1
0e
.
--2
1.2.3
0e
.
abc
--2
++1
1.2.3
1e
1.2.3
1e
0e
+
+
1.2.3
--2
++1
.
1ee2
1e
1ee2
++1
.
--2
1ee2
1e+
.
--2
1e
e10
--2
000.e
1e-
.
++1
1e+
1ee2
.
1.2.3
0e
1ee2
abc
++1
000.e
e10
1.2.3
000.e
.
++1
--2
abc
e10
abc
++1
1e-
1e
1ee2
.
++1
.
-
abc
1e-
1.2.3
1ee2
1e
000.e
0e
++1
++1
0e
1e
+
0e
000.e
-
.
+
++1
--2
0e
000.e
000.e
+
--2
+
.
1e-
+
.
0e
000.e
-
--2
1ee2
1e+
+
1e-
1e+
1e
1.2.3
1.2.3
0e
1e
1e+
-
-
+
e10
000.e
1e+
1e+
e10
abc
1ee2
e10
--2
+
1ee2
+
abc
1e
e10
.
1e
0e
1e-
.
-
1e
+
-
1e-
1e-
.
1e
1.2.3
-
1e+
++1
.
--2
-
1e-
e10
1ee2
+
--2
1.2.3
++1
abc
1ee2
++1
++1
0e
1ee2
--2
++1
++1
++1
abc
1ee2
--2
1.2.3
e10
-
++1
+
1.2.3
+
1e
1e-
-
1ee2
e10
1e
000.e
+
000.e
000.e
1e
++1
+
--2
.
abc
--2
+
-
++1
000.e
0e
abc
-
000.e
++1
--2
++1
-
1e
1e-
--2
e10
e10
e10
-
1e-
1e
1e+
000.e
1e+
0e
++1
-
1ee2
1.2.3
1ee2
++1
abc
abc
.
1.2.3
1e
-
1e-
--2
-
0e
+
1e-
+
-
+
e10
++1
+
1ee2
-
+
1.2.3
000.e
e10
1ee2
++1
000.e
1ee2
1.2.3
0e
1e-
000.e
--2
1ee2
1ee2
e10
++1
000.e
+
0e
+
1.2.3
1e-
1e
.
1ee2
0e
1e
-
1e+
++1
++1
0e
000.e
e10
+
--2
e10
-
0e
1.2.3
e10
1e+
abc
1e+
1ee2
++1
++1
--2
1e
1e
1e
--2
-
abc
1e-
.
++1
++1
--2
000.e
abc
1e
1e+
000.e
000.e
1.2.3
-
abc
1ee2
0e
000.e
0e
1e
++1
1.2.3
1e-
1e+
000.e
0e
++1
1ee2
1e
--2
1e-
+
-
1e-
+
++1
e10
1ee2
--2
1.2.3
++1
.
e10
1.2.3
1e-
1.2.3
1e+
--2
-
e10
--2
1ee2
e10
+
.
-
-
0e
1e
000.e
e10
000.e
abc
.
abc
-
++1
+
+
++1
-
1e
1e-
1e-
+
1ee2
1e-
1e
1e-
1e-
e10
abc
e10
1.2.3
1e
-
--2
1e
0e
e10
1.2.3
e10
0e
.
1ee2
1e-
-
+
-
e10
1e+
+
0e
++1
1ee2
1e-
000.e
1e+
++1
1e-
abc
-
--2
abc
1e+
++1
+
1e+
.
1.2.3
1e+
1e
--2
.
abc
1e+
1e
-
-
--2
--2
+
1e-
e10
e10
+
--2
1.2.3
.
-
e10
.
++1
abc
+
1e
+
--2
1ee2
000.e
1e-
1e-
abc
1e
1e+
000.e
0e
abc
abc
0e
++1
1e
000.e
++1
0e
1e-
0e
1e-
000.e
abc
+
-
1.2.3
.
1e
--2
--2
000.e
abc
000.e
.
abc
-
1e+
++1
+
000.e
+
1e+
000.e
1e
1e-
++1
1.2.3
.
1e-
+
1e+
.
1e
1.2.3
+
+
000.e
1.2.3
-
--2
abc
1e-
1ee2
1.2.3
abc
++1
+
0e
e10
-
0e
.
1e-
1e
abc
1e
0e
.
e10
1e+
e10
+
abc
1e
000.e
1e-
-
000.e
.
-
1e-
abc
-
.
-
-
1e-
1e-
e10
-
1e
1e
1e-
1e
1.2.3
0e
++1
-
++1
-
000.e
000.e
1.2.3
--2
1e+
++1
1e-
0e
e10
1ee2
+
1.2.3
.
abc
abc
+
.
1ee2
.
1e
abc
1e
1e+
1e-
1e+
++1
abc
e10
-
1e+
0e
--2
1e+
-
+
1e-
1e+
--2
000.e
1ee2
000.e
++1
1e-
.
1.2.3
++1
e10
++1
1.2.3
000.e
++1
++1
abc
1e-
-
.
000.e
1e+
.
1e-
1ee2
1e+
e10
-
++1
0e
-
+
1e+
--2
1.2.3
--2
1e+
000.e
abc
e10
1e
e10
-
0e
e10
1ee2
1e-
1.2.3
1ee2
1e
.
--2
1.2.3
e10
abc
abc
abc
-
1.2.3
1.2.3
abc
000.e
0e
++1
000.e
0e
-
abc
1e+
1.2.3
.
++1
-
1.2.3
.
000.e
1e-
.
1e
--2
1ee2
1.2.3
abc
+
+
+
abc
--2
1e-
.
1.2.3
++1
1ee2
+
000.e
1e-
e10
.
1e
e10
1ee2
0e
1ee2
1e
e10
1.2.3
++1
-
.
++1
--2
1e
0e
e10
-
abc
+
1e-
0e
1e-
--2
1ee2
e10
1e+
e10
1e-
1e
1.2.3
1e+
0e
.
000.e
e10
1ee2
1e
1.2.3
.
e10
+
1.2.3
1e+
1ee2
1e-
+
1.2.3
abc
e10
+
1e+
1e+
e10
0e
--2
+
1e-
1e+
-
1e+
--2
0e
000.e
1e-
1.2.3
-
abc
000.e
1e+
1e
1e
-
1e-
++1
000.e
+
++1
e10
--2
1.2.3
0e
.
e10
+
abc
1e-
1ee2
e10
1ee2
000.e
1e
e10
.
000.e
000.e
--2
++1
1.2.3
-
1.2.3
.
000.e
++1
1ee2
1e+
+
1e
000.e
abc
+
1.2.3
1e-
+
e10
e10
0e
1ee2
-
--2
1e+
--2
000.e
1ee2
1e-
1e-
1e
e10
1.2.3
--2
++1
1e+
--2
abc
1e
-
0e
-
e10
1e
1.2.3
abc
1.2.3
1e-
++1
1ee2
--2
1e+
000.e
.
+
+
1.2.3
abc
0e
.
1e+
-
--2
abc
1e+
000.e
1.2.3
++1
abc
1e
+
0e
1.2.3
1.2.3
0e
++1
1e-
1e-
1e+
--2
000.e
-
1e
1ee2
1ee2
-
--2
0e
1e
.
e10
1e-
++1
+
abc
1.2.3
0e
+
++1
1e+
.
+
0e
1e+
1ee2
000.e
1e
++1
1e
1ee2
++1
1ee2
1e-
e10
1e
abc
1e+
1e
--2
abc
-
1e
1e+
1e-
.
abc
1e
1e+
1e
000.e
1e+
1e-
1e-
1e
0e
+
e10
+
1.2.3
1e+
.
e10
000.e
abc
1ee2
-
1e+
e10
abc
1ee2
--2
1e-
+
.
1e-
1.2.3
+
.
-
1ee2
1e-
e10
++1
abc
1e-
1ee2
abc
-
1e+
1e
000.e
++1
.
1e
1ee2
1ee2
000.e
1ee2
--2
abc
++1
-
1e+
++1
--2
+
1.2.3
0e
++1
1e
--2
--2
1e-
1ee2
1e
1e-
.
+
1.2.3
1e+
1e+
.
1e-
-
1ee2
--2
e10
--2
e10
0e
000.e
e10
+
-
1.2.3
0e
1e
1ee2
1ee2
1e
1e+
+
0e
1e+
1ee2
1e+
1.2.3
abc
abc
.
+
1ee2
1e+
-
+
0e
1ee2
abc
e10
1.2.3
1e
1e-
1e-
0e
++1
1e-
e10
e10
1e-
1e-
+
1ee2
e10
000.e
1ee2
abc
0e
1ee2
1e
1e-
+
++1
1ee2
1e
1ee2
-
1.2.3
e10
1e+
++1
0e
1e
abc
--2
1e-
1e
1ee2
-
0e
1e+
1ee2
1e+
1ee2
.
abc
-
e10
.
000.e
1e-
-
0e
1e+
1.2.3
1e
+
1e+
+
1.2.3
.
-
-
1e+
+
--2
0e
000.e
abc
1e-
000.e
--2
.
++1
-
.
++1
-
1e
1.2.3
-
0e
0e
1ee2
--2
.
.
0e
1e
abc
+
.
+
1e+
++1
+
e10
.
1ee2
+
++1
--2
1e+
0e
--2
++1
-
000.e
1e
--2
0e
1e+
1e
000.e
000.e
1ee2
1ee2
0e
1ee2
000.e
-
1e
++1
1e
-
.
000.e
1.2.3
abc
0e
1.2.3
1e
0e
1.2.3
1e-
abc
1e+
1.2.3
abc
abc
.
++1
+
1e+
000.e
000.e
1e
0e
++1
000.e
.
e10
abc
abc
1.2.3
1ee2
0e
.
e10
1.2.3
++1
1e
1ee2
++1
000.e
abc
abc
1e-
000.e
0e
.
1e
1.2.3
0e
.
.
abc
--2
1.2.3
.
1ee2
-
1e
1e
e10
000.e
1e-
.
000.e
1e
000.e
--2
0e
.
abc
1.2.3
--2
0e
e10
++1
+
1.2.3
1e-
0e
1e
e10
+
1e+
e10
1e-
1ee2
1ee2
1e+
abc
000.e
1e+
abc
e10
e10
1e-
abc
abc
++1
000.e
1.2.3
.
1.2.3
1e+
1.2.3
e10
1e-
0e
-
1e+
1.2.3
+
.
1e
abc
++1
1.2.3
0e
1.2.3
1ee2
1e-
abc
++1
1e-
-
+
+
1.2.3
.
1e
1ee2
0e
abc
1ee2
.
1ee2
1e
1e-
-
1e-
0e
++1
000.e
1e
++1
--2
0e
1.2.3
000.e
++1
.
1.2.3
000.e
+
1e
1e+
1e-
--2
1.2.3
-
1ee2
1ee2
++1
000.e
e10
-
0e
abc
1e-
abc
000.e
.
abc
1ee2
1e+
--2
1e
0e
0e
++1
abc
0e
e10
1.2.3
1e+
1e
++1
0e
000.e
--2
0e
++1
1e
1e-
+
++1
1e+
--2
abc
1e
000.e
1ee2
+
1e
abc
0e
1e-
1e
000.e
1e+
abc
1ee2
--2
++1
1e
.
+
+
.
0e
1ee2
e10
-
abc
1e+
000.e
0e
1e-
e10
1.2.3
1e+
+
++1
abc
--2
1e+
++1
abc
1e+
--2
1e
e10
0e
--2
1e+
1ee2
-
1ee2
e10
1e+
+
000.e
+
0e
.
1.2.3
1.2.3
--2
abc
0e
-
abc
1ee2
000.e
abc
1e-
000.e
-
000.e
0e
abc
.
.
1ee2
1e+
+
1ee2
0e
1e+
000.e
abc
e10
+
.
000.e
1e+
1e
++1
abc
1ee2
abc
1e
.
1e+
--2
e10
1.2.3
.
0e
1e
1e+
1e
e10
e10
+
000.e
000.e
1e
000.e
.
1.2.3
1.2.3
-
e10
000.e
.
1.2.3
1.2.3
1ee2
0e
1ee2
--2
.
--2
1ee2
--2
1e-
--2
.
1e+
0e
000.e
.
000.e
abc
-
e10
1e
1ee2
0e
-
+
++1
1.2.3
000.e
1e+
-
.
.
1.2.3
e10
000.e
++1
0e
1e
+
.
abc
--2
--2
abc
1e-
--2
abc
1e+
-
-
0e
1e+
1e+
+
--2
1.2.3
--2
e10
1e+
1ee2
1e-
abc
1.2.3
-
abc
abc
++1
++1
abc
000.e
-
-
0e
1e
.
++1
000.e
1ee2
0e
1ee2
1ee2
1e+
++1
1e+
abc
000.e
+
++1
0e
abc
0e
1e+
abc
--2
--2
1e+
1e+
1ee2
abc
++1
1.2.3
1e
000.e
0e
1e
1e+
+
1ee2
.
e10
000.e
+
--2
1e+
abc
1e-
e10
0e
1e+
.
1.2.3
1e+
1e-
++1
.
0e
1ee2
1.2.3
abc
++1
abc
-
++1
--2
abc
1e
+
abc
1ee2
1e+
000.e
0e
0e
abc
1.2.3
-
1e+
+
1.2.3
e10
1e
1e-
+
1e+
.
-
++1
--2
--2
1e+
--2
abc
000.e
1e
0e
e10
e10
-
abc
e10
1ee2
1e
1e-
1e+
.
000.e
e10
0e
abc
1e
--2
1.2.3
1e-
--2
000.e
000.e
1ee2
--2
++1
-
1e
0e
e10
.
.
1.2.3
abc
--2
0e
--2
-
++1
1.2.3
1e
e10
1e+
1e
0e
++1
abc
e10
1ee2
1.2.3
.
-
1e
++1
--2
.
1e
1e-
1e+
1e-
0e
e10
+
1e+
0e
--2
--2
000.e
1ee2
+
1e+
abc
++1
-
+
--2
0e
--2
.
1ee2
0e
1e-
+
1e
.
1e
abc
-
1ee2
+
--2
--2
0e
1e
1.2.3
1e-
000.e
--2
1e+
abc
++1
1.2.3
0e
--2
abc
1ee2
abc
000.e
++1
1e-
e10
1e
000.e
+
e10
1e
0e
1.2.3
1e
e10
e10
1.2.3
abc
1e-
-
1e-
1e+
0e
000.e
1e+
-
--2
--2
++1
++1
abc
e10
0e
1.2.3
--2
1e-
--2
1e
1e
1e+
e10
1e+
--2
1.2.3
++1
abc
e10
1e-
--2
1e+
1ee2
abc
000.e
1e+
.
++1
1.2.3
1ee2
+
--2
--2
.
.
1e-
e10
--2
--2
1.2.3
e10
++1
1ee2
1e-
+
1e
.
1.2.3
abc
.
1ee2
000.e
1e-
1e-
-
1.2.3
e10
1e
1e+
1.2.3
000.e
.
--2
1ee2
1e-
e10
e10
-
+
-
++1
1ee2
0e
e10
1.2.3
e10
--2
++1
0e
1e+
1e+
000.e
.
+
-
.
000.e
e10
abc
1e
1e-
1.2.3
--2
1.2.3
.
1ee2
.
1.2.3
+
.
1e+
-
1ee2
1e+
--2
-
.
+
abc
000.e
1ee2
1e-
1ee2
--2
.
1e
1.2.3
--2
1ee2
+
abc
++1
1e-
1e
1e
1e+
0e
0e
--2
e10
1e
1.2.3
e10
.
0e
1e-
1e+
--2
1e-
-
000.e
1ee2
.
0e
0e
1e+
+
1.2.3
-
0e
abc
1ee2
-
000.e
1e
e10
.
1e+
1e
abc
0e
1.2.3
1e
1e+
1e+
e10
e10
e10
0e
1e-
abc
1e-
1e-
--2
000.e
abc
.
1e+
+
++1
++1
1.2.3
-
--2
1e+
e10
.
e10
--2
1.2.3
0e
.
0e
+
.
+
+
1.2.3
abc
1.2.3
1e
abc
abc
+
++1
0e
.
000.e
1e-
1ee2
0e
1e-
.
--2
000.e
abc
1.2.3
--2
+
1.2.3
++1
1.2.3
1e+
0e
abc
1ee2
1e
-
1e
.
-
abc
1e+
-
1.2.3
0e
0e
.
e10
1e
1e+
1ee2
1.2.3
abc
+
1.2.3
--2
000.e
--2
000.e
1e
-
1e-
0e
--2
1e+
1e
1e
-
000.e
1e-
1e-
++1
abc
++1
1e
-
1e+
1.2.3
0e
.
1e+
+
.
1ee2
1e-
000.e
1e+
.
.
abc
1.2.3
1e
.
0e
000.e
-
000.e
1.2.3
1e
1ee2
abc
1.2.3
0e
1e-
+
-
1.2.3
1e+
--2
+
e10
++1
1e-
1e+
--2
1e+
1e-
1e-
1e+
abc
++1
abc
1.2.3
abc
--2
1e+
1e-
0e
-
1ee2
0e
1e
+
1.2.3
++1
1e
.
abc
abc
1e+
000.e
1e
0e
1.2.3
1.2.3
+
1e+
0e
1e-
1ee2
++1
1e
e10
1e+
.
++1
-
0e
abc
1e
0e
1e+
1e-
000.e
--2
1ee2
e10
e10
1.2.3
-
++1
-
1e
--2
-
0e
e10
abc
1e+
1ee2
e10
abc
-
--2
000.e
+
e10
1ee2
.
++1
1e-
.
1e+
000.e
0e
--2
1e
1e-
1ee2
000.e
abc
+
1ee2
++1
1e+
1e-
1e+
++1
--2
000.e
++1
e10
--2
++1
1ee2
1ee2
.
1e-
--2
-
1.2.3
1ee2
1e-
-
abc
1ee2
1e
1e+
1ee2
0e
1ee2
1ee2
.
1.2.3
.
++1
1e-
abc
--2
1e+
1e-
1e
e10
1ee2
-
0e
1e
1e+
e10
1ee2
000.e
1e
1ee2
1e-
+
1ee2
abc
1e-
e10
1.2.3
-
000.e
++1
000.e
000.e
1e-
--2
1ee2
1.2.3
-
0e
++1
++1
1e+
1.2.3
--2
-
0e
1e-
e10
1ee2
e10
.
1e-
0e
++1
1e
.
0e
+
-
-
-
abc
--2
+
+
1e+
1e+
000.e
1.2.3
0e
.
-
0e
0e
e10
1e
1e+
1e
e10
1ee2
-
e10
e10
1e+
-
+
++1
+
000.e
1e
+
.
.
000.e
abc
1e
1e
000.e
000.e
--2
1e
.
1.2.3
.
abc
000.e
1e+
1e+
e10
1ee2
e10
abc
1.2.3
-
+
0e
1ee2
1e
1e
1.2.3
.
e10
1.2.3
1ee2
abc
1.2.3
-
1e
1.2.3
1ee2
1e
e10
e10
1.2.3
+
1.2.3
abc
-
1e-
000.e
000.e
--2
.
1.2.3
1e
1e-
1ee2
1e
++1
1.2.3
000.e
+
.
--2
.
+
1e
abc
e10
--2
abc
1e-
abc
e10
1e-
--2
1ee2
000.e
1e
1e
000.e
+
++1
e10
.
e10
+
1e-
e10
-
0e
+
000.e
.
.
e10
0e
000.e
1e+
1e
abc
--2
1e
abc
-
++1
-
abc
.
0e
-
++1
1.2.3
1.2.3
1e-
-
1ee2
+
000.e
000.e
e10
e10
000.e
1e+
e10
1e+
+
+
--2
000.e
--2
1e+
1.2.3
.
0e
0e
e10
-
.
.
1e-
+
1.2.3
000.e
--2
1e+
.
+
+
1e
1e-
.
000.e
1ee2
-
000.e
1e
0e
-
0e
1e-
+
0e
0e
1.2.3
.
1.2.3
e10
e10
1e+
abc
1ee2
1e
abc
++1
1e-
1.2.3
+
++1
+
1.2.3
--2
1e-
0e
000.e
e10
1e+
1.2.3
1ee2
1.2.3
abc
1.2.3
-
abc
.
1e-
--2
abc
--2
1e+
.
e10
e10
1.2.3
1ee2
.
1e-
1ee2
1.2.3
+
1ee2
+
--2
.
000.e
1e
000.e
-
000.e
0e
1e+
++1
.
-
1e+
-
++1
1ee2
e10
1ee2
0e
+
1ee2
--2
++1
--2
1e-
000.e
-
1e+
-
.
abc
+
--2
+
--2
abc
abc
++1
abc
1ee2
1e+
0e
.
.
+
-
-
--2
1e-
1.2.3
000.e
.
1e-
1e+
1.2.3
e10
++1
.
+
.
abc
1e
0e
++1
1e-
+
1e+
e10
abc
0e
-
1e-
1e+
-
e10
--2
.
--2
abc
.
.
+
e10
++1
++1
+
e10
abc
++1
1e+
++1
abc
1e-
e10
0e
e10
1e-
abc
0e
+
1e
1.2.3
+
1ee2
1e
-
-
e10
1ee2
--2
--2
1.2.3
abc
.
000.e
.
0e
1e+
1e+
--2
abc
000.e
1ee2
--2
++1
--2
+
++1
1e+
--2
+
1e-
abc
1ee2
1e-
1e+
0e
0e
1e
.
1.2.3
-
000.e
1e+
+
0e
0e
0e
abc
000.e
++1
0e
abc
1.2.3
+
e10
1e
e10
1ee2
e10
abc
e10
abc
1ee2
1e-
+
.
1e-
1.2.3
--2
e10
1ee2
.
+
e10
.
abc
1e-
+
1e
-
1ee2
1e
1e+
-
000.e
e10
1ee2
++1
1ee2
1ee2
1.2.3
1e
+
+
.
1.2.3
abc
1e+
abc
.
0e
.
1ee2
0e
1.2.3
--2
.
-
abc
-
1.2.3
1ee2
-
++1
000.e
e10
--2
1e
1.2.3
-
0e
-
e10
++1
1e+
e10
+
abc
++1
0e
1e-
++1
0e
e10
+
++1
0e
1ee2
1e
e10
1e
1.2.3
--2
1e+
abc
1.2.3
1.2.3
1.2.3
1e
000.e
e10
1e-
1.2.3
++1
.
++1
e10
1e-
1ee2
1e-
1ee2
-
0e
000.e
1ee2
0e
0e
+
--2
1ee2
1ee2
1e-
++1
-
-
1e
+
1ee2
.
++1
1ee2
1e
0e
++1
++1
+
1ee2
1e-
1ee2
1e-
1.2.3
+
+
1e
1.2.3
.
.
1.2.3
-
abc
1.2.3
1e-
.
1.2.3
1e+
-
--2
1.2.3
abc
000.e
1e+
0e
1e-
.
0e
1.2.3
1ee2
1ee2
1e-
-
1e+
e10
1e+
000.e
e10
000.e
1e-
000.e
--2
+
1.2.3
1.2.3
0e
1ee2
++1
e10
+
+
0e
.
abc
000.e
1ee2
++1
1e
+
.
++1
1ee2
1ee2
--2
.
.
1.2.3
1e-
++1
++1
++1
000.e
1.2.3
abc
1ee2
1e-
1ee2
--2
1e-
abc
+
e10
.
e10
.
++1
1e-
0e
abc
++1
1e+
e10
000.e
1ee2
-
1e+
++1
1e+
.
1e
1.2.3
000.e
++1
0e
.
0e
+
000.e
1e-
-
--2
+
1e-
.
1.2.3
1e+
-
abc
1e+
+
-
e10
-
abc
1e-
e10
000.e
1.2.3
--2
abc
1e+
.
e10
+
1.2.3
1.2.3
1e-
1.2.3
+
--2
0e
+
abc
1e-
0e
1e
.
0e
abc
1e-
--2
1ee2
-
0e
1.2.3
1e-
1e+
e10
0e
++1
abc
++1
1e
abc
-
1.2.3
e10
.
abc
1.2.3
++1
0e
1.2.3
1ee2
.
1ee2
1e+
000.e
1e
abc
-
e10
1ee2
.
000.e
--2
abc
000.e
++1
+
e10
1ee2
000.e
--2
.
++1
+
.
-
.
-
abc
000.e
-
.
++1
abc
--2
1.2.3
--2
0e
1e-
1e-
-
--2
.
1e+
1e+
+
1ee2
-
e10
.
1ee2
--2
abc
000.e
--2
e10
1.2.3
1ee2
1e-
0e
-
+
1e+
--2
.
abc
1e
0e
1.2.3
1ee2
e10
0e
1e+
000.e
000.e
++1
1ee2
e10
0e
1.2.3
1e+
-
1ee2
++1
000.e
e10
000.e
1e
1ee2
1e
0e
1e+
000.e
0e
1e-
e10
1e-
1e-
1e
-
1ee2
1.2.3
abc
1e+
1.2.3
1e+
-
000.e
1e
0e
-
1e+
--2
1e-
.
0e
e10
1e+
.
-
1.2.3
1ee2
abc
1e-
abc
.
--2
1.2.3
000.e
++1
e10
--2
.
.
1ee2
abc
-
.
1.2.3
e10
++1
abc
+
-
1e
1.2.3
abc
abc
1e+
1e
1.2.3
abc
000.e
1e+
1e-
1.2.3
000.e
0e
++1
0e
.
--2
1.2.3
1.2.3
++1
1e
.
-
++1
abc
--2
++1
000.e
1e
000.e
--2
abc
1ee2
1e-
.
1e
.
1.2.3
1e
abc
++1
++1
1e-
000.e
.
+
0e
abc
1.2.3
++1
0e
1e+
-
000.e
-
e10
-
+
-
1.2.3
1.2.3
.
.
--2
1.2.3
+
-
+
--2
abc
--2
1e+
abc
1e-
abc
1e+
+
000.e
1e
1e
++1
1ee2
abc
.
--2
1e+
1e-
-
1ee2
1e-
abc
+
0e
--2
.
e10
.
++1
.
1e+
-
.
abc
-
000.e
--2
1.2.3
0e
.
000.e
.
e10
0e
.
1ee2
1.2.3
1e-
1.2.3
0e
abc
++1
1e+
1e+
--2
0e
1.2.3
abc
+
--2
1ee2
1e-
1e+
--2
-
e10
-
1e
1e+
0e
+
-
.
1e-
-
1e-
1.2.3
--2
-
1e+
+
1e+
000.e
1e+
1ee2
1e+
1e
++1
1e+
e10
1.2.3
++1
--2
1.2.3
--2
1ee2
-
.
-
1ee2
1e-
1e-
--2
e10
-
1e-
.
1e-
1.2.3
.
1e
0e
++1
0e
++1
1e
--2
1e+
1e
++1
.
abc
+
1e-
+
1ee2
000.e
+
++1
++1
--2
1.2.3
++1
0e
1e
0e
-
000.e
.
-
abc
abc
1e
1e-
1e-
1.2.3
1.2.3
--2
1.2.3
abc
e10
1e
--2
abc
++1
.
-
e10
1e-
.
1ee2
1.2.3
-
000.e
1e-
1e
1e
1.2.3
1e
0e
e10
1ee2
1e+
1e+
+
1e+
-
++1
1ee2
1e+
1e+
abc
+
+
.
1e+
1ee2
0e
1.2.3
0e
1ee2
000.e
1e-
+
1ee2
.
1e
1.2.3
e10
++1
abc
-
0e
++1
abc
+
.
-
+
1e-
abc
000.e
0e
000.e
1.2.3
-
.
e10
++1
-
-
1e-
--2
1e-
+
1e
1ee2
e10
000.e
abc
--2
000.e
e10
1e+
++1
++1
-
abc
1e
1e-
1e-
1e
.
1e+
1ee2
.
1e-
1e-
1e
--2
0e
--2
1e+
e10
1.2.3
1e+
-
1e-
1e
1ee2
1e
0e
1e
e10
1ee2
abc
-
e10
0e
++1
000.e
1e+
1e
++1
1e-
e10
0e
1e
000.e
++1
++1
.
1e-
000.e
1ee2
++1
0e
--2
1e
-
--2
-
-
000.e
1ee2
1e-
1e+
-
000.e
++1
1e+
000.e
++1
0e
1e+
.
1e+
1e-
-
abc
1.2.3
1e-
-
1e+
000.e
1e+
e10
++1
1ee2
+
.
.
++1
1ee2
1e
+
000.e
1ee2
1e-
+
+
--2
000.e
abc
e10
1ee2
1e
1e+
.
1.2.3
1ee2
--2
000.e
1e
0e
0e
++1
.
1.2.3
-
+
1e-
.
+
-
0e
1e-
++1
000.e
.
0e
1ee2
000.e
1.2.3
1ee2
.
1e
.
e10
0e
1e+
++1
+
1e+
+
++1
e10
1e-
0e
abc
-
+
1e+
e10
1.2.3
++1
++1
1e-
++1
e10
1e
+
+
1ee2
0e
1ee2
.
000.e
+
e10
abc
++1
1e-
--2
1e+
1ee2
+
++1
.
++1
--2
.
--2
++1
abc
.
--2
1e-
abc
1e-
1ee2
--2
1e+
1e
e10
1.2.3
abc
0e
000.e
-
1e
++1
1ee2
1ee2
--2
1e+
1ee2
.
1.2.3
--2
--2
1e
++1
abc
1e
.
1ee2
1e-
e10
0e
000.e
0e
1.2.3
1.2.3
abc
1e
1e+
1e+
1e-
+
-
--2
.
-
.
+
--2
--2
000.e
000.e
0e
1.2.3
+
0e
+
+
-
+
1e
0e
+
--2
0e
1e
1e-
++1
000.e
1e
++1
e10
1ee2
-
+
e10
1e
++1
-
000.e
1e
++1
1e
e10
e10
1ee2
1e
.
0e
1.2.3
abc
1e-
0e
1e-
000.e
e10
1.2.3
.
0e
1e
e10
1ee2
abc
.
abc
1e-
1ee2
1ee2
e10
1ee2
0e
.
1ee2
-
abc
1ee2
1e-
e10
e10
e10
+
1e+
++1
++1
000.e
1e-
1ee2
--2
e10
.
1e
.
-
1ee2
1ee2
1e-
0e
1ee2
abc
-
1e-
1e
abc
000.e
1e+
e10
+
0e
++1
abc
1e+
.
1e+
e10
.
1.2.3
000.e
+
1e-
0e
1e+
.
.
0e
1.2.3
1e+
1.2.3
++1
.
+
0e
1ee2
e10
.
.
--2
1e+
0e
1ee2
-
e10
1e
000.e
+
.
++1
--2
abc
000.e
1e+
.
++1
e10
0e
0e
000.e
e10
-
0e
-
1ee2
1ee2
0e
++1
1ee2
1e+
-
1e+
0e
-
1ee2
1e
0e
abc
000.e
1e
1ee2
000.e
--2
--2
.
.
1e-
1e
1e
1e-
1e+
1e+
1e+
--2
1e
1ee2
abc
e10
1ee2
1ee2
e10
0e
abc
--2
0e
1.2.3
e10
1e
1e-
1.2.3
1ee2
++1
abc
+
++1
++1
000.e
+
000.e
1e-
1e-
1ee2
1.2.3
.
.
.
.
.
.
++1
0e
1ee2
1.2.3
-
--2
1e
1ee2
abc
1e-
1ee2
abc
1e+
1e
+
0e
abc
--2
+
1ee2
000.e
e10
1.2.3
.
1ee2
abc
000.e
1e+
+
000.e
--2
+
000.e
+
0e
e10
1e
--2
1.2.3
1e
1e
--2
e10
+
--2
++1
e10
abc
+
1e+
000.e
1e
1e-
--2
--2
1ee2
-
--2
-
1e+
+
1e+
1ee2
e10
-
000.e
1.2.3
-
1ee2
-
1e-
e10
abc
abc
1e
--2
1e-
1e
1.2.3
1e+
abc
.
1e+
1e
--2
++1
1e
1e+
--2
1e+
+
1e
1.2.3
1ee2
+
abc
1e+
++1
+
--2
abc
e10
abc
1.2.3
-
1e-
e10
1e+
000.e
.
1e-
0e
1e+
000.e
1e-
1.2.3
1.2.3
1e-
000.e
+
--2
000.e
000.e
1e-
1e
1e
0e
++1
--2
1e
0e
--2
1.2.3
1.2.3
.
1e-
-
000.e
0e
e10
.
000.e
1e+
1e
-
abc
-
+
abc
1e
1e
++1
1ee2
++1
-
000.e
-
abc
1ee2
e10
1e+
e10
--2
1.2.3
0e
abc
1e
0e
1e-
++1
000.e
e10
--2
--2
1.2.3
-
-
abc
1e+
++1
1.2.3
0e
0e
0e
++1
-
1e-
+
000.e
-
0e
.
1ee2
1e
000.e
1e+
1e-
000.e
0e
+
000.e
--2
+
1e-
1ee2
1ee2
--2
1e
1ee2
-
-
--2
e10
1e
1.2.3
1e
1e-
0e
--2
1e-
abc
1e-
0e
1e-
1e
1e-
-
+
e10
++1
0e
+
1e
--2
e10
1ee2
abc
1e
++1
0e
e10
abc
0e
1e
1e+
e10
1e-
1ee2
++1
++1
-
1.2.3
1e-
abc
0e
0e
.
1e+
++1
.
+
1.2.3
1.2.3
1e+
0e
000.e
--2
0e
0e
--2
000.e
abc
0e
+
abc
+
--2
abc
e10
1e+
0e
+
1ee2
000.e
1e
1ee2
1.2.3
--2
--2
0e
1e
1e+
1e
-
0e
abc
.
-
1e
1e+
.
+
0e
1ee2
0e
.
1e+
1.2.3
1e
000.e
e10
-
abc
1.2.3
000.e
--2
+
-
1e+
.
0e
.
000.e
1ee2
1e-
1e-
0e
-
-
abc
-
1.2.3
1e-
--2
.
++1
000.e
1e
abc
1e
-
1e-
1.2.3
1e-
1e
1ee2
--2
1.2.3
1e+
++1
+
.
+
e10
0e
1.2.3
e10
.
--2
+
000.e
+
--2
0e
-
e10
0e
.
1ee2
--2
+
1ee2
1ee2
1.2.3
1ee2
1e
e10
abc
abc
1e+
++1
abc
1e
0e
1e
1e+
1ee2
1e-
++1
--2
-
1.2.3
abc
000.e
1e-
000.e
-
1.2.3
1.2.3
1.2.3
1.2.3
+
1.2.3
1ee2
0e
+
1ee2
--2
abc
1e-
--2
abc
000.e
abc
abc
1.2.3
-
000.e
++1
1.2.3
000.e
+
+
--2
1ee2
.
-
1ee2
1e
e10
1e
1e+
1ee2
1.2.3
1e-
--2
+
--2
++1
1ee2
++1
1e
000.e
+
0e
abc
1e
1.2.3
1e-
1ee2
1e
1e
+
000.e
e10
.
.
1.2.3
--2
1e
1ee2
.
.
1e
1.2.3
1e+
1e
e10
1e
1e-
000.e
-
+
1ee2
.
e10
+
1e
-
.
--2
1.2.3
abc
1e+
0e
abc
1e-
1e-
-
1e
abc
--2
--2
e10
1ee2
1e
1e-
e10
1e
++1
1e+
1e+
0e
1.2.3
.
+
--2
1ee2
+
0e
1e+
1e+
1ee2
1.2.3
.
-
abc
1.2.3
.
-
-
.
.
-
1e
1e+
.
.
1ee2
--2
-
e10
+
++1
++1
1.2.3
1e+
+
+
-
1ee2
1.2.3
1e
0e
e10
0e
000.e
abc
.
e10
+
1e
+
1e+
--2
-
1e
+
--2
++1
++1
.
++1
abc
1e+
0e
1ee2
1ee2
1e+
++1
+
+
000.e
.
1.2.3
1e-
1ee2
1ee2
--2
1e-
++1
1ee2
1ee2
.
1e+
-
abc
-
000.e
--2
000.e
abc
0e
++1
1e
0e
.
1.2.3
-
-
.
--2
++1
1ee2
000.e
1e-
.
1e
+
0e
1e-
000.e
e10
++1
1.2.3
+
.
1e-
1ee2
0e
1e
abc
--2
1e
abc
1e+
0e
1ee2
abc
1e
1.2.3
.
e10
1e-
.
++1
-
1e-
.
e10
+
1ee2
abc
abc
.
1e-
000.e
1e+
--2
++1
-
--2
000.e
000.e
1e
.
abc
000.e
.
-
1e
-
.
abc
--2
1ee2
1e-
0e
e10
e10
++1
++1
1ee2
-
1e-
e10
0e
1ee2
.
1.2.3
++1
+
e10
.
++1
000.e
1e-
.
-
+
1ee2
.
--2
.
000.e
.
1e-
abc
e10
1ee2
-
+
1ee2
1e
1e
1e-
e10
e10
1ee2
abc
1e
e10
--2
1e
1.2.3
0e
1ee2
.
--2
1.2.3
++1
--2
1e+
+
.
1.2.3
1e-
e10
1e
--2
1e-
1.2.3
0e
+
--2
1.2.3
1ee2
++1
1e+
1e+
1ee2
1e
--2
.
--2
abc
++1
1.2.3
+
e10
1.2.3
1e+
1e
--2
1.2.3
1.2.3
+
1.2.3
+
0e
1e-
000.e
.
1.2.3
--2
+
0e
1e-
++1
.
1.2.3
1e
+
1e+
1.2.3
1.2.3
++1
++1
-
-
.
000.e
0e
.
-
abc
+
e10
1e
1.2.3
000.e
1.2.3
0e
.
.
abc
--2
1e-
000.e
1.2.3
1ee2
1e
000.e
1e+
+
+
0e
1e-
abc
--2
0e
-
1.2.3
e10
--2
-
-
-
++1
.
.
1e-
e10
1.2.3
000.e
000.e
1e-
--2
1e
abc
++1
1e+
000.e
1ee2
1e+
1ee2
-
abc
1e
1.2.3
--2
1ee2
1ee2
1e-
+
abc
+
.
.
+
--2
-
1e
1e+
000.e
--2
e10
000.e
000.e
1e+
1e+
000.e
e10
++1
1e
++1
--2
.
--2
abc
+
.
1e+
e10
0e
0e
abc
1e-
--2
--2
+
1.2.3
-
1.2.3
abc
e10
1.2.3
1ee2
abc
--2
+
1.2.3
1.2.3
.
1e+
1.2.3
-
e10
+
1ee2
abc
1e+
.
000.e
-
000.e
abc
1ee2
1e
1.2.3
e10
1ee2
0e
1e
1.2.3
e10
abc
++1
000.e
1e-
++1
000.e
1e
1ee2
abc
1e-
1e-
-
1e+
.
-
--2
1ee2
1e+
.
1e
1e+
1ee2
++1
1e-
.
abc
--2
.
.
1e
.
1ee2
1e
0e
1ee2
1ee2
--2
e10
1e+
1.2.3
-
.
e10
++1
-
e10
1e+
1.2.3
1e-
.
--2
1e
.
0e
0e
000.e
1ee2
abc
1e-
1e
++1
1e
1.2.3
--2
--2
000.e
++1
1.2.3
1e-
-
-
e10
.
1ee2
.
1e+
1e+
000.e
000.e
1e
+
1ee2
1e-
1.2.3
++1
.
+
e10
0e
++1
abc
e10
.
.
1e+
e10
1e-
000.e
--2
-
1e+
1ee2
--2
-
1e
abc
abc
abc
+
e10
--2
1e-
e10
+
++1
0e
+
-
-
.
e10
abc
++1
-
--2
0e
+
1ee2
+
.
1e+
1.2.3
1.2.3
1ee2
1e+
0e
1e
1e
++1
000.e
-
1e
--2
1.2.3
1e+
1ee2
1ee2
1ee2
1e+
--2
++1
000.e
+
1e+
--2
++1
000.e
1e
1e-
e10
.
1.2.3
1ee2
0e
1ee2
1e+
-
000.e
+
++1
1.2.3
1e+
.
e10
++1
1e+
0e
0e
000.e
0e
-
0e
e10
1e
1ee2
-
.
0e
+
e10
abc
-
+
e10
abc
--2
e10
e10
e10
000.e
+
1ee2
1e
.
++1
0e
1e-
+
e10
1.2.3
0e
-
+
++1
1e
-
1e+
1ee2
1.2.3
000.e
1e-
1e+
--2
000.e
--2
+
000.e
1.2.3
--2
e10
-
++1
1ee2
1e+
1e
++1
--2
abc
1e
e10
1e+
000.e
1.2.3
0e
1e+
--2
1.2.3
1e-
000.e
abc
1ee2
1e+
1e-
++1
1e
000.e
000.e
.
1e+
e10
.
abc
-
1e+
-
--2
1.2.3
1.2.3
1.2.3
.
e10
1e-
abc
1.2.3
000.e
+
+
1e
1e-
+
1ee2
--2
1ee2
.
1e-
000.e
--2
1e+
++1
1e+
1e+
.
1.2.3
++1
abc
+
.
+
1ee2
e10
0e
abc
++1
1ee2
1e-
1ee2
++1
1.2.3
1e-
0e
++1
abc
1e+
.
0e
0e
000.e
++1
1e
++1
++1
1e+
1e+
abc
1e+
--2
++1
abc
--2
0e
++1
1e
1e
1ee2
1e
--2
1ee2
1e
1.2.3
1ee2
.
.
1e
++1
0e
1e
--2
+
1e-
abc
abc
1e-
+
1e
1.2.3
-
0e
+
--2
e10
0e
0e
000.e
+
++1
--2
1e+
1e+
.
000.e
1e
1ee2
1e
e10
000.e
--2
1.2.3
1ee2
--2
1ee2
000.e
1ee2
+
.
--2
1ee2
e10
.
1e-
1ee2
abc
.
1e
.
000.e
1e
0e
1.2.3
e10
1e+
1e+
1e
-
1e+
0e
1e+
e10
1e-
e10
.
1e-
+
++1
1e-
0e
1e-
1.2.3
1e
e10
000.e
1.2.3
0e
0e
++1
1e-
000.e
abc
1e-
0e
000.e
++1
e10
1e+
000.e
++1
1e
--2
-
-
-
1e+
abc
1e-
1.2.3
1e+
abc
1ee2
000.e
1ee2
-
abc
1e-
abc
1e+
1e+
++1
1.2.3
0e
abc
1e-
1e
1e+
.
+
0e
abc
1ee2
1e-
abc
1e
+
0e
1e+
abc
1e+
1e
1ee2
+
-
.
1e
1ee2
+
+
0e
+
e10
abc
+
--2
1.2.3
+
000.e
000.e
1.2.3
000.e
--2
0e
1e
1.2.3
-
1.2.3
abc
1.2.3
e10
1.2.3
1ee2
000.e
+
1ee2
abc
-
abc
1.2.3
1e-
1e
+
.
0e
+
000.e
e10
-
--2
1ee2
1e
1e+
1ee2
--2
++1
1ee2
1.2.3
e10
1e+
1.2.3
1.2.3
1ee2
0e
+
000.e
.
1e-
1ee2
1ee2
.
-
1.2.3
1e-
e10
000.e
1e-
1e+
1ee2
-
e10
1e-
-
.
1e+
++1
.
e10
-
abc
abc
0e
--2
abc
0e
++1
1e-
abc
0e
1.2.3
1ee2
000.e
.
0e
-
++1
1e-
e10
1.2.3
+
e10
--2
abc
abc
000.e
0e
000.e
1e
e10
+
000.e
0e
1.2.3
++1
0e
1e+
-
++1
0e
1.2.3
0e
000.e
e10
000.e
1e-
000.e
000.e
-
.
1e+
abc
e10
1.2.3
1e
1.2.3
++1
1e
1ee2
1e-
1ee2
+
000.e
--2
-
e10
e10
000.e
+
e10
e10
1e-
+
abc
++1
1e-
+
abc
abc
+
--2
1e
1e
abc
1ee2
1e
-
e10
++1
e10
1e
-
000.e
++1
1e-
.
1e-
+
0e
0e
++1
+
1.2.3
++1
1e+
+
-
1e+
1e+
e10
++1
0e
000.e
1.2.3
1e+
--2
0e
000.e
1e-
-
-
--2
0e
1ee2
000.e
1e-
+
1e-
+
1.2.3
1ee2
+
1e+
++1
+
e10
1e
0e
--2
1e+
1e-
000.e
abc
e10
++1
+
1ee2
++1
abc
abc
++1
+
e10
0e
1e+
++1
1e-
.
0e
e10
1.2.3
000.e
1e+
1ee2
0e
1.2.3
0e
++1
--2
1.2.3
.
1e-
-
1ee2
abc
.
1.2.3
1ee2
.
1e
--2
000.e
+
1e-
--2
+
--2
e10
++1
--2
1e-
1e+
++1
1ee2
1e-
e10
0e
0e
.
1e
000.e
1e-
1ee2
+
000.e
1.2.3
1e
++1
.
.
1ee2
1e-
1e
+
abc
-
1.2.3
1ee2
e10
1ee2
.
.
0e
abc
1e+
1.2.3
abc
1ee2
0e
--2
++1
.
1ee2
.
1e
1e-
-
1e-
+
1.2.3
1e-
1e-
000.e
1e-
0e
1e-
-
-
1ee2
abc
1.2.3
--2
1e-
++1
--2
1ee2
1e
.
1.2.3
++1
0e
1e+
1.2.3
-
1.2.3
e10
--2
-
1ee2
-
1e+
-
1e-
.
0e
-
++1
--2
1e+
abc
1ee2
-
1e-
1ee2
0e
1.2.3
abc
1e
000.e
++1
000.e
000.e
++1
++1
000.e
abc
--2
0e
1e-
1e
0e
1e+
++1
.
e10
1e+
1e-
1ee2
+
000.e
1ee2
--2
e10
--2
1ee2
.
--2
1e+
+
1e-
-
e10
1e+
1.2.3
1e-
1e
abc
1e+
1e
.
abc
1e-
e10
1e
.
1ee2
--2
1ee2
1.2.3
1.2.3
.
1e
1e-
0e
1e-
1e-
abc
+
abc
1e-
abc
-
1e+
++1
+
1.2.3
e10
e10
.
e10
++1
1e+
1e+
--2
1e
000.e
--2
1e-
-
e10
--2
1e+
1ee2
1.2.3
--2
1e-
1e
-
--2
-
000.e
++1
0e
.
1ee2
000.e
000.e
e10
-
.
--2
1e+
000.e
abc
+
e10
1e
abc
++1
1e+
1e+
abc
-
1e-
-
1e-
1ee2
1ee2
--2
--2
000.e
1ee2
-
000.e
1.2.3
e10
1ee2
1ee2
++1
++1
e10
.
1e+
1e-
+
+
1.2.3
1e-
.
1e+
.
1e
000.e
1e
1e-
1.2.3
abc
--2
0e
abc
1e+
-
1e-
1.2.3
e10
e10
abc
1.2.3
-
1e+
1ee2
1.2.3
.
1e
.
+
1e
0e
1e+
e10
++1
1.2.3
.
0e
1e+
1ee2
1e+
1.2.3
1.2.3
1.2.3
1e
1e
--2
++1
abc
e10
abc
0e
1e-
+
abc
+
1e-
-
abc
e10
-
.
1e-
000.e
-
e10
e10
.
abc
.
1e-
++1
1e+
+
++1
1e
1e+
0e
1e+
--2
.
++1
0e
1e-
-
e10
--2
1e
++1
1ee2
+
1e-
1.2.3
1e
1.2.3
0e
+
0e
+
0e
+
1e-
1ee2
+
1e
+
e10
++1
0e
1e+
+
--2
+
1ee2
0e
1e
1e+
1.2.3
.
e10
.
e10
e10
1e-
1e+
--2
.
-
1e-
1e
1e+
1e
e10
1.2.3
1.2.3
--2
.
--2
.
1e+
1.2.3
1e-
++1
000.e
1e+
1.2.3
1.2.3
e10
++1
++1
+
abc
-
1e+
0e
0e
1e+
++1
1.2.3
1.2.3
e10
-
000.e
0e
000.e
e10
1.2.3
1e+
.
1e-
++1
1ee2
1e-
++1
1e-
e10
0e
+
--2
++1
1e-
000.e
.
e10
1ee2
1e-
abc
1e
0e
abc
.
000.e
1.2.3
1e+
1e
000.e
.
abc
+
1e
1ee2
abc
abc
1ee2
.
.
1ee2
1e-
1ee2
1.2.3
++1
+
000.e
++1
e10
--2
--2
0e
1ee2
--2
1e-
e10
0e
e10
++1
.
-
1ee2
.
0e
+
000.e
0e
+
--2
e10
.
+
--2
abc
++1
0e
-
--2
1e+
1e-
abc
--2
-
e10
-
1ee2
--2
1e+
000.e
+
0e
1e-
abc
.
-
1ee2
1e
++1
--2
1e+
1.2.3
1e+
0e
-
1e
--2
1ee2
++1
0e
abc
1e
.
1e+
--2
1e
abc
1ee2
.
1e-
000.e
1ee2
.
abc
-
abc
++1
--2
1e-
++1
.
1e+
1e
1.2.3
e10
.
e10
--2
1ee2
.
000.e
-
--2
1ee2
e10
1ee2
++1
0e
000.e
1e+
abc
000.e
-
++1
abc
1e-
abc
-
1e+
++1
1e+
abc
1ee2
++1
1.2.3
+
++1
+
0e
.
1ee2
++1
1e+
e10
000.e
1ee2
1e
abc
1ee2
e10
--2
--2
000.e
1e+
1e
--2
+
1.2.3
1.2.3
1e
-
1e+
+
.
+
1e-
-
--2
abc
000.e
-
1ee2
--2
1ee2
--2
--2
.
.
1e-
1e+
-
--2
1ee2
0e
1ee2
1e+
abc
1e
1e+
1ee2
+
1.2.3
.
+
--2
++1
+
.
+
1e+
e10
0e
0e
--2
1e-
++1
0e
1.2.3
--2
1e
-
+
.
1.2.3
1.2.3
++1
+
1.2.3
++1
abc
-
000.e
-
0e
1e-
1e+
000.e
--2
1.2.3
+
++1
1.2.3
-
1.2.3
0e
0e
++1
.
1ee2
1.2.3
+
1e-
++1
1.2.3
1e
.
1.2.3
--2
-
++1
000.e
++1
1e+
1.2.3
++1
1.2.3
.
.
1.2.3
000.e
1e+
abc
--2
0e
0e
-
++1
0e
e10
--2
0e
1e
1e
+
000.e
.
+
--2
.
0e
e10
++1
1e+
1e+
+
++1
-
+
1.2.3
+
+
0e
1e-
e10
abc
1e-
--2
e10
.
1ee2
1e-
1e
.
+
+
1ee2
+
1e+
e10
++1
++1
abc
++1
.
1ee2
.
1e-
-
1ee2
1e-
abc
1e+
--2
1ee2
000.e
000.e
0e
+
-
1e+
++1
+
1e
--2
1e+
-
.
000.e
+
000.e
1e+
0e
1ee2
1e-
1e-
.
1e-
000.e
000.e
1ee2
++1
1e-
1.2.3
1e+
-
--2
1e
+
e10
1e+
abc
++1
.
e10
1e-
1e
++1
abc
-
1e-
1e+
1e+
abc
+
++1
-
1e-
abc
0e
abc
000.e
1e-
--2
.
0e
1e
1e-
--2
1e+
+
000.e
.
-
0e
1ee2
abc
.
1e
abc
.
-
abc
000.e
1e
-
0e
--2
1e
0e
1ee2
1e+
e10
0e
abc
e10
1.2.3
1e-
1ee2
-
--2
1.2.3
1e+
000.e
-
+
000.e
abc
+
+
1ee2
0e
abc
-
e10
+
1e+
--2
1e+
-
--2
abc
+
0e
1e-
1e
1e-
1.2.3
1e-
1.2.3
.
--2
-
1.2.3
1.2.3
e10
000.e
-
1e
-
e10
1e
++1
++1
000.e
-
0e
+
000.e
.
+
abc
.
1e-
0e
1.2.3
000.e
1e-
++1
++1
+
000.e
abc
-
000.e
--2
1e-
1e-
e10
--2
1ee2
1ee2
1.2.3
0e
e10
+
1e+
-
e10
1ee2
e10
000.e
1e
--2
-
+
1.2.3
abc
1e-
.
+
1e+
.
++1
e10
1e-
0e
000.e
++1
e10
1e-
1e+
--2
1.2.3
--2
1e
.
1e+
1e-
0e
--2
.
1.2.3
1ee2
abc
+
e10
1e-
-
++1
abc
-
--2
1e
abc
000.e
abc
000.e
++1
1e-
-
.
0e
1ee2
--2
--2
abc
000.e
-
--2
1.2.3
-
.
1e+
1e-
++1
1ee2
abc
abc
1.2.3
1.2.3
.
1e-
1e
-
abc
-
abc
1e
.
-
0e
abc
000.e
000.e
0e
e10
abc
1e
1ee2
1.2.3
0e
1e
1e+
-
1e-
++1
abc
1e+
1ee2
1ee2
abc
1.2.3
+
1e-
1e-
1.2.3
0e
-
1e+
1e+
1e
1ee2
e10
--2
abc
1e-
1e-
+
abc
+
1e
+
e10
1e-
+
.
++1
1e-
.
1ee2
++1
e10
e10
1.2.3
e10
+
.
+
1ee2
000.e
1.2.3
1ee2
1e-
1e
000.e
+
abc
1ee2
1e-
abc
1.2.3
1e
--2
000.e
1e-
1.2.3
-
++1
1.2.3
-
+
1e
.
0e
--2
abc
+
1e+
1e-
-
--2
1.2.3
--2
0e
.
.
1e+
-
1e-
1e+
--2
.
+
--2
.
1.2.3
000.e
1e
1e+
000.e
000.e
1e+
abc
--2
abc
1.2.3
abc
-
1e+
+
-
abc
1.2.3
++1
1e
000.e
.
+
1e-
0e
1e-
1e
1ee2
++1
-
-
--2
0e
1e-
000.e
++1
1e+
.
0e
--2
1e+
.
-
1e+
000.e
--2
1.2.3
1ee2
1e+
1e+
0e
++1
1e+
1.2.3
1.2.3
++1
000.e
--2
e10
-
-
-
-
1.2.3
000.e
.
abc
000.e
-
1e+
0e
e10
1e+
.
1.2.3
-
-
1e+
e10
+
1e
1e
++1
+
e10
1e+
1ee2
1e+
++1
000.e
1e+
000.e
+
--2
abc
.
abc
abc
e10
1e-
1e
1e+
0e
abc
1.2.3
-
1.2.3
0e
e10
000.e
1.2.3
e10
e10
0e
1ee2
000.e
+
0e
1e+
000.e
1.2.3
e10
e10
0e
.
--2
1.2.3
+
1e-
1e-
000.e
e10
e10
++1
000.e
-
--2
-
-
+
0e
++1
1e+
+
0e
000.e
abc
1e-
-
1e+
abc
-
e10
++1
1e
1e-
-
1e+
-
1ee2
1e-
++1
1e-
1ee2
000.e
.
1.2.3
e10
1e+
1ee2
++1
-
.
0e
1e-
abc
1e+
1.2.3
++1
.
000.e
000.e
+
1e
000.e
+
0e
+
++1
0e
-
1e-
.
1e+
++1
0e
1ee2
0e
++1
1e+
.
0e
abc
1e+
1e
++1
--2
.
++1
000.e
abc
0e
1e+
--2
--2
abc
1.2.3
1e
000.e
1e-
.
000.e
++1
-
1ee2
abc
1ee2
-
0e
e10
++1
-
0e
.
1.2.3
000.e
000.e
1e-
1e+
+
1e-
1e-
0e
--2
e10
e10
000.e
abc
0e
1e+
1e-
1.2.3
--2
1e
0e
e10
000.e
e10
e10
1.2.3
1ee2
1e+
1ee2
.
1ee2
0e
-
1.2.3
1e-
++1
1.2.3
-
1ee2
++1
abc
.
1e-
1e
0e
000.e
e10
-
.
0e
-
abc
1e
1e
--2
1e+
abc
000.e
000.e
e10
1e-
e10
1.2.3
e10
++1
++1
e10
1ee2
++1
000.e
+
1.2.3
+
0e
1.2.3
.
1ee2
1e
000.e
000.e
1e
.
1e-
0e
000.e
-
-
1e-
1e-
--2
1.2.3
++1
1e-
e10
+
0e
1e-
++1
1e-
-
1e
abc
-
+
1ee2
1.2.3
1e
-
000.e
e10
1ee2
000.e
000.e
000.e
-
.
-
1e+
--2
1e+
000.e
000.e
.
e10
.
.
000.e
-
.
1e+
abc
e10
1e-
abc
1ee2
0e
1.2.3
.
1ee2
abc
-
e10
0e
1ee2
.
+
000.e
1e-
abc
1ee2
1e+
abc
--2
+
-
0e
1.2.3
1.2.3
.
e10
0e
++1
--2
e10
1e+
1.2.3
0e
1ee2
-
--2
-
+
abc
1e
1e+
-
1ee2
000.e
1.2.3
1ee2
1e
++1
000.e
000.e
e10
abc
000.e
1e+
+
+
+
1e
1e
++1
1ee2
0e
1e-
1e-
1e
0e
e10
--2
1e-
1e
1ee2
abc
--2
1.2.3
1.2.3
1e-
--2
.
000.e
++1
e10
1e+
abc
0e
1e-
1e
1ee2
-
e10
0e
abc
+
.
1ee2
000.e
0e
0e
1ee2
.
.
000.e
abc
+
1e-
--2
1ee2
1ee2
000.e
0e
+
1.2.3
--2
0e
1ee2
0e
.
e10
+
++1
1ee2
abc
1e-
e10
--2
--2
--2
abc
.
0e
1e-
000.e
0e
e10
1e+
1.2.3
abc
.
1.2.3
.
000.e
-
1.2.3
0e
1e+
+
1e+
0e
0e
++1
abc
1.2.3
-
-
1ee2
+
0e
--2
1e
1.2.3
1e
1e-
1ee2
+
++1
+
.
++1
--2
000.e
abc
1e-
1e
++1
1e+
1ee2
+
--2
e10
.
1.2.3
+
-
1e-
-
e10
e10
1.2.3
1e-
.
1e-
1.2.3
++1
-
++1
+
++1
++1
1ee2
abc
000.e
+
++1
1e+
1e-
1.2.3
++1
1e
abc
1ee2
abc
1ee2
1e-
.
+
1ee2
.
-
1ee2
0e
+
1e-
abc
1e-
++1
+
0e
e10
1ee2
.
-
e10
1.2.3
1ee2
1e-
1.2.3
-
1ee2
1e-
1ee2
++1
abc
-
1e
1e+
.
++1
abc
++1
1e-
1ee2
000.e
1ee2
e10
e10
+
000.e
abc
e10
+
.
-
+
--2
+
1ee2
e10
0e
000.e
abc
000.e
1e-
+
1e-
-
0e
++1
.
.
+
1e
0e
--2
0e
1.2.3
0e
+
.
0e
000.e
--2
-
0e
1e-
1.2.3
+
1.2.3
--2
.
1e+
000.e
+
1e+
--2
--2
-
++1
-
-
1ee2
1e-
000.e
0e
e10
1e-
1e-
--2
--2
e10
1ee2
-
1e
--2
+
++1
1e
.
1e+
-
1e
1e-
1e-
1e
--2
1e
1.2.3
1e+
1ee2
e10
1e-
--2
--2
1.2.3
abc
+
000.e
1e+
-
e10
--2
.
.
.
abc
abc
0e
--2
+
1e+
1e-
--2
--2
1e+
++1
-
e10
e10
.
1ee2
1e
abc
1.2.3
1e+
1e
1.2.3
1.2.3
1e-
1ee2
++1
++1
+
1e+
e10
-
++1
0e
1e+
e10
1e+
1e-
e10
--2
1ee2
++1
000.e
000.e
--2
.
000.e
0e
e10
0e
1.2.3
1e-
1e+
-
--2
e10
1e+
1e+
1ee2
000.e
abc
0e
1.2.3
0e
-
000.e
1.2.3
abc
1.2.3
.
+
--2
++1
+
1e+
+
1e-
1e+
++1
--2
--2
--2
.
--2
+
1ee2
-
--2
-
1e
1ee2
+
000.e
1ee2
abc
e10
1e
abc
--2
+
0e
+
.
000.e
1e
e10
--2
++1
+
+
-
--2
-
0e
--2
--2
1e+
1.2.3
1.2.3
1e
.
1e-
e10
1e
1ee2
--2
--2
1ee2
-
.
++1
1.2.3
++1
1e+
1e
--2
e10
1e+
+
+
0e
-
-
e10
-
1e+
0e
1e-
1e+
abc
-
abc
abc
++1
++1
e10
1ee2
++1
+
1ee2
e10
.
1e
000.e
1e
-
.
1.2.3
1e-
--2
+
1e+
1.2.3
000.e
0e
1e+
0e
abc
abc
1e
--2
1e+
+
0e
--2
0e
++1
abc
1e-
1e
abc
1e-
1e-
abc
000.e
0e
abc
++1
--2
.
1e
1e+
1e-
--2
e10
.
abc
1ee2
1e-
1e
--2
1e+
1.2.3
++1
1.2.3
.
-
0e
1.2.3
1e
.
1ee2
000.e
1e
1e
e10
abc
.
--2
.
1e-
000.e
000.e
0e
1.2.3
abc
+
1e+
1e+
000.e
++1
1e+
1.2.3
--2
0e
000.e
++1
1.2.3
1.2.3
000.e
e10
abc
--2
1e+
1ee2
-
1ee2
0e
--2
1e
++1
abc
-
000.e
1.2.3
-
e10
000.e
--2
abc
abc
+
-
1ee2
.
abc
.
++1
abc
+
1e
abc
--2
1e+
--2
1e
000.e
1.2.3
0e
-
abc
e10
+
0e
++1
1e
1e-
e10
++1
1.2.3
1e
1.2.3
1e-
1e
1ee2
abc
+
--2
abc
.
1e+
+
1e+
++1
-
1e
.
--2
1.2.3
0e
1.2.3
1ee2
-
1e-
1e-
1e
000.e
.
1e+
.
++1
-
1e+
000.e
0e
--2
1e+
1e+
.
.
--2
-
abc
1e-
abc
1e-
1ee2
1e-
1e-
+
.
000.e
1e+
.
1e-
0e
--2
1.2.3
000.e
1e
1ee2
1ee2
e10
e10
1e
++1
1ee2
0e
++1
e10
.
000.e
1.2.3
1e-
1ee2
1.2.3
1.2.3
+
abc
-
0e
1e-
1e
--2
.
1ee2
1e
--2
-
000.e
1.2.3
++1
e10
--2
1e+
0e
1e-
--2
abc
abc
1ee2
1e+
++1
abc
1e+
++1
1e-
1.2.3
abc
1e+
1ee2
1ee2
1e-
.
1e
1e+
1e+
1e-
1e-
1ee2
1e-
--2
0e
-
.
++1
1e-
1.2.3
abc
-
000.e
-
1ee2
1e+
1.2.3
1e+
-
++1
1e-
1e-
--2
1e
++1
1.2.3
.
e10
1.2.3
1e-
+
1.2.3
1e-
.
0e
--2
1e-
1e-
0e
++1
--2
-
-
0e
e10
+
1.2.3
abc
++1
-
000.e
e10
000.e
1e
+
--2
--2
0e
0e
1ee2
abc
.
--2
000.e
1e
1.2.3
1ee2
++1
1.2.3
+
1e-
0e
0e
1ee2
abc
-
1e
+
1e
0e
000.e
e10
++1
.
.
+
-
1e-
1.2.3
1ee2
1e-
000.e
1e
-
1ee2
++1
0e
1.2.3
e10
--2
0e
1e+
0e
e10
0e
1.2.3
e10
1ee2
1e+
000.e
abc
1e+
+
--2
--2
e10
1e
0e
++1
-
--2
1e+
+
e10
1e-
-
.
1.2.3
+
0e
0e
++1
-
1e+
1e
++1
++1
000.e
1.2.3
1e
.
abc
abc
1ee2
+
+
1e-
++1
++1
1.2.3
1e
0e
abc
.
++1
e10
e10
0e
1e-
+
.
+
0e
000.e
e10
1e-
1e-
--2
0e
-
1e+
1e
1.2.3
+
1e+
1e-
1e+
1.2.3
1e+
1ee2
abc
-
1e
-
000.e
.
1e
abc
1e
--2
abc
-
+
1e+
-
1e-
-
-
1e
1e+
-
0e
e10
--2
e10
0e
.
abc
+
1e
000.e
1ee2
1e+
+
abc
000.e
1.2.3
+
0e
1e-
1e+
++1
1e+
1e-
+
1e+
1e-
++1
000.e
e10
0e
1e+
++1
+
1ee2
1ee2
abc
1e-
+
0e
--2
++1
-
--2
1.2.3
e10
0e
++1
e10
e10
-
1e
000.e
000.e
abc
--2
.
1ee2
-
1e
-
1e+
++1
++1
++1
e10
++1
e10
0e
000.e
000.e
1e
1.2.3
1e
000.e
--2
1ee2
abc
e10
++1
abc
-
-
1e+
1.2.3
+
++1
000.e
1e+
1e
--2
.
000.e
1e
1e+
++1
++1
.
++1
abc
1e-
000.e
000.e
-
1ee2
abc
abc
1ee2
0e
1e+
-
1e
1e+
000.e
1e-
-
abc
1e
++1
-
e10
.
1e+
++1
e10
--2
000.e
000.e
1e+
000.e
1.2.3
.
1e+
1e-
e10
+
000.e
1e+
abc
abc
e10
1e+
000.e
-
+
e10
+
1ee2
-
1e
++1
1e-
++1
e10
e10
1e
-
e10
1e+
.
e10
e10
000.e
1.2.3
.
.
1e+
1e+
e10
1e
e10
0e
++1
abc
abc
.
--2
1e-
--2
e10
000.e
1e
++1
1ee2
1e+
1.2.3
1e-
e10
++1
1ee2
1.2.3
++1
-
--2
1e-
--2
.
1e
e10
1e+
e10
1ee2
abc
1.2.3
.
1ee2
-
--2
-
1e-
000.e
.
abc
1ee2
abc
000.e
1ee2
1e+
abc
1.2.3
0e
+
1ee2
1e+
1e-
++1
1ee2
1e
-
000.e
1e-
1e-
-
abc
1e-
++1
0e
1ee2
++1
+
1.2.3
0e
1e+
e10
-
+
1e
1e+
000.e
1e-
++1
1.2.3
+
0e
1.2.3
abc
-
abc
000.e
000.e
e10
e10
++1
e10
abc
1e+
1ee2
000.e
1e
1e
.
.
1ee2
1e
1e
1ee2
.
++1
--2
0e
000.e
--2
.
+
+
1e-
+
0e
abc
1.2.3
--2
0e
abc
000.e
e10
0e
000.e
1e-
1e+
--2
.
1e+
1.2.3
1ee2
.
1e
-
0e
-
--2
1e-
abc
1e-
000.e
1.2.3
1e+
1e+
1e+
-
+
+
abc
1e
1e+
--2
1e+
++1
1e-
+
0e
++1
1ee2
1.2.3
1ee2
-
abc
1.2.3
--2
0e
+
--2
1e-
.
000.e
--2
abc
000.e
1.2.3
--2
1.2.3
--2
1.2.3
++1
0e
+
1.2.3
1e
1e
abc
.
000.e
1.2.3
000.e
e10
.
++1
-
+
abc
e10
.
0e
abc
0e
0e
++1
000.e
e10
1.2.3
1e-
-
1.2.3
1ee2
000.e
1.2.3
++1
+
-
e10
1ee2
.
++1
1e-
000.e
+
+
1e
1e-
1ee2
1e+
++1
.
000.e
1e
000.e
e10
0e
000.e
-
++1
1e-
1ee2
000.e
--2
--2
e10
000.e
+
--2
.
1e-
000.e
abc
abc
.
1e
-
.
+
.
1.2.3
.
e10
1e+
1e+
1.2.3
1ee2
abc
.
.
1e-
1ee2
1e
1e-
1.2.3
--2
abc
abc
1ee2
1e
1e-
e10
+
1.2.3
+
1e+
1e
+
abc
1ee2
e10
1e+
-
.
-
1ee2
1e
abc
0e
1e
abc
1e+
.
e10
1e
1.2.3
1e
+
1e
1e
-
1ee2
-
.
++1
+
000.e
-
-
1.2.3
.
1e-
1e+
1e
1e
1e
1e+
1e+
.
++1
1e+
+
.
--2
000.e
1e
1.2.3
abc
-
.
--2
abc
.
1e
1ee2
1e+
1e+
.
1e+
000.e
+
++1
1e+
+
1e
e10
1e+
-
--2
++1
000.e
0e
+
1e-
++1
1e+
--2
1e
-
-
0e
1e
1e
+
e10
+
1ee2
000.e
1.2.3
0e
000.e
1e-
.
1.2.3
+
1e-
e10
-
1ee2
.
abc
1.2.3
1e
1ee2
1e+
e10
1ee2
1e-
.
e10
abc
+
1ee2
e10
1ee2
--2
1e-
1.2.3
1.2.3
abc
0e
abc
e10
0e
0e
abc
e10
abc
1.2.3
++1
abc
++1
1e+
1e+
1e
1e-
1e
1e
-
1e+
-
1e-
1e-
.
.
e10
-
000.e
1e+
1e+
1e+
1.2.3
.
e10
.
0e
1.2.3
-
++1
.
1e-
1.2.3
0e
.
e10
1ee2
--2
abc
e10
1.2.3
1e-
1ee2
1e+
000.e
-
e10
++1
1ee2
1e-
++1
0e
1e
0e
++1
.
000.e
000.e
abc
1e-
1e
1e
1e+
0e
--2
.
1e-
.
-
1.2.3
1.2.3
1.2.3
++1
1e-
1e-
e10
1e+
.
1ee2
++1
+
1ee2
--2
1e+
1e
e10
-
1e+
1e
000.e
1e
.
e10
1ee2
1e-
+
1.2.3
++1
++1
abc
++1
1ee2
1e
0e
e10
abc
++1
-
.
0e
++1
1e-
--2
-
0e
0e
--2
1e
++1
+
000.e
0e
000.e
1e
--2
+
abc
1e
1e
1.2.3
1.2.3
0e
--2
+
+
e10
+
1e
1e
1e-
++1
--2
000.e
1.2.3
1e
e10
1ee2
0e
1e
++1
++1
1e
1e+
.
1e+
1.2.3
.
e10
000.e
-
1.2.3
1e+
.
1.2.3
+
abc
1.2.3
--2
0e
1ee2
-
1.2.3
abc
.
--2
1e
++1
1.2.3
000.e
1e+
e10
--2
0e
abc
.
1e+
0e
++1
.
--2
-
0e
-
-
+
.
+
0e
abc
1.2.3
1ee2
1e-
--2
+
1e
1e
1e-
abc
0e
--2
abc
1.2.3
++1
-
1ee2
-
000.e
0e
e10
.
1e
+
-
000.e
abc
e10
1e+
1e-
--2
1e
.
1e
1e+
1e
+
1e
++1
1e
0e
000.e
+
1ee2
+
0e
++1
1ee2
--2
1ee2
1e
1e-
abc
e10
1e
--2
.
000.e
++1
000.e
-
1e+
abc
--2
+
abc
1e-
++1
+
1e-
1.2.3
abc
--2
e10
1ee2
1e+
1e-
1e-
--2
1e+
abc
.
1ee2
++1
abc
1.2.3
1.2.3
1ee2
+
.
1ee2
--2
--2
--2
0e
1e-
1e-
000.e
.
+
1e-
000.e
000.e
0e
0e
abc
-
1e-
abc
0e
1e
1e
++1
e10
0e
1e+
e10
1e-
-
e10
++1
.
1e-
e10
++1
0e
0e
1e-
-
000.e
--2
abc
1e+
0e
+
1e-
1ee2
1ee2
1e
1e
1.2.3
--2
.
0e
-
--2
.
1e
1e-
1e
--2
++1
-
1e
1ee2
e10
1ee2
e10
1e+
e10
.
000.e
1ee2
000.e
0e
000.e
1e-
1.2.3
++1
1e
abc
+
-
+
1ee2
-
000.e
1e+
1ee2
0e
1.2.3
+
e10
-
-
1ee2
1e
1e-
-
-
e10
abc
-
0e
1e
1e-
1.2.3
.
1.2.3
1e
++1
0e
1.2.3
.
-
abc
e10
1ee2
000.e
--2
1e+
1e
++1
++1
-
+
1e-
e10
1e-
1e
1ee2
e10
1e
e10
0e
+
1e
0e
.
1.2.3
1ee2
-
000.e
1e+
1.2.3
.
1e-
-
1ee2
0e
1e-
.
-
0e
+
000.e
1ee2
1e+
1e+
1e-
1ee2
--2
-
1e-
1e-
1e-
e10
1ee2
++1
--2
--2
1.2.3
+
++1
--2
.
-
000.e
1e+
.
0e
e10
0e
000.e
abc
1e-
.
000.e
1.2.3
1.2.3
000.e
1e-
000.e
+
-
e10
1ee2
1e+
e10
1e+
1ee2
1e-
1e-
000.e
abc
1ee2
+
--2
1.2.3
+
-
--2
1ee2
0e
000.e
e10
.
++1
+
1e-
1e-
+
1e
1.2.3
000.e
1e
1.2.3
1e
e10
1.2.3
1ee2
1e-
1ee2
abc
abc
.
--2
e10
--2
++1
--2
1e
--2
1e
++1
abc
1ee2
1e+
1ee2
1ee2
++1
1e+
1e-
1e
1e
1e
1.2.3
abc
1e-
+
++1
--2
1e+
1e
1e-
1e
.
000.e
1e-
000.e
-
0e
1e+
--2
e10
0e
.
.
000.e
--2
-
-
.
-
+
000.e
+
+
+
++1
.
1e+
.
1e
1e+
1e+
abc
1ee2
000.e
abc
e10
0e
1e-
+
--2
1.2.3
1e
1e
1.2.3
1e
++1
++1
++1
--2
1.2.3
1e-
abc
000.e
e10
++1
++1
+
1e+
1ee2
+
1e+
1ee2
1.2.3
1e-
+
e10
.
++1
++1
.
++1
-
1e+
1ee2
e10
1ee2
abc
.
1.2.3
.
1.2.3
1e+
+
1.2.3
1e+
1e
--2
1e-
abc
.
e10
000.e
++1
++1
1e+
++1
+
-
.
--2
-
.
+
abc
1ee2
1.2.3
1e-
1.2.3
1e-
abc
-
1.2.3
-
1ee2
abc
1e-
.
--2
1e+
++1
.
-
--2
1e+
0e
1e-
--2
000.e
1e
+
1.2.3
1e-
1.2.3
-
.
e10
++1
1.2.3
0e
e10
1e
.
1e+
0e
1e+
1e-
e10
-
++1
1.2.3
--2
abc
1e+
+
0e
1e-
e10
++1
1ee2
000.e
1.2.3
0e
abc
.
.
abc
000.e
-
0e
++1
-
1e
-
.
+
0e
--2
1e-
+
--2
e10
.
e10
.
.
1e
1e+
.
abc
--2
--2
1e+
0e
0e
000.e
abc
.
e10
0e
.
1.2.3
++1
000.e
.
1e+
abc
+
abc
+
0e
1.2.3
1ee2
-
1e-
e10
000.e
--2
-
1e-
1e
1ee2
.
1e+
1e
1.2.3
abc
1ee2
-
--2
-
1e
1e
1e-
abc
.
+
1e
-
-
1e-
abc
e10
1.2.3
1ee2
000.e
++1
--2
abc
1e
000.e
1e+
1ee2
000.e
.
1e-
+
++1
--2
abc
.
000.e
000.e
1e
1e
--2
1ee2
e10
.
e10
++1
1e-
1e-
e10
1.2.3
+
1e-
+
1e+
1e-
1.2.3
e10
.
1e
e10
0e
--2
1.2.3
1e-
++1
+
1e-
e10
0e
000.e
+
-
--2
abc
1e
++1
1e
000.e
e10
+
--2
-
++1
000.e
.
1e-
1e+
--2
e10
1e
abc
1ee2
1e+
0e
--2
1.2.3
1e
1ee2
abc
0e
1e+
.
1ee2
1e
0e
.
-
-
++1
1e
0e
-
.
1ee2
1e
1e+
.
-
1.2.3
000.e
1e-
1e
.
e10
+
000.e
e10
--2
.
000.e
+
000.e
1e-
1ee2
1e
+
1ee2
0e
1e+
1e+
1e-
.
0e
1ee2
1.2.3
+
++1
.
1ee2
abc
1e+
1ee2
+
1e-
1.2.3
.
e10
+
0e
++1
1e
1ee2
000.e
0e
+
1.2.3
-
1.2.3
--2
.
abc
1e
1.2.3
.
.
0e
-
1e
1ee2
1e-
1e-
+
++1
abc
000.e
1.2.3
1e
1.2.3
1.2.3
1e
+
.
--2
1e
1e-
1.2.3
--2
0e
e10
1e+
--2
++1
.
++1
0e
e10
--2
1ee2
+
000.e
1e
1e+
.
e10
0e
++1
1e-
-
++1
e10
1e+
1e-
1e
1e+
-
1e
++1
1e-
abc
1e-
000.e
000.e
e10
+
1.2.3
0e
e10
+
000.e
--2
--2
1.2.3
000.e
1e
1e
+
1e+
0e
1e-
.
e10
1ee2
1e-
1ee2
.
abc
--2
++1
++1
.
abc
1.2.3
--2
--2
0e
++1
.
1e
1e+
--2
000.e
1e-
000.e
--2
+
0e
abc
1e
e10
1e
1e+
--2
++1
e10
0e
1e
--2
1e
1ee2
+
+
+
-
000.e
1ee2
0e
-
1e+
1e
1.2.3
000.e
1e-
0e
1ee2
abc
1e-
e10
1ee2
++1
1e-
1.2.3
1e-
e10
1e
1e-
1e+
1e
000.e
1.2.3
++1
.
0e
1e-
1e-
1e-
1e
.
000.e
1e
1e
000.e
000.e
-
.
++1
0e
0e
+
abc
++1
0e
0e
1e+
++1
1ee2
++1
000.e
000.e
--2
++1
000.e
abc
.
--2
abc
0e
+
0e
1e+
e10
.
000.e
1e+
.
1.2.3
abc
1e-
000.e
000.e
-
1e-
1e
abc
e10
++1
000.e
1e+
.
++1
-
.
1e-
1e+
1.2.3
e10
.
000.e
1e-
++1
0e
000.e
+
.
abc
+
1.2.3
1e
++1
1.2.3
.
1ee2
+
--2
-
1e
1e+
.
++1
--2
0e
1e+
++1
000.e
-
000.e
1e
++1
.
1.2.3
--2
1e-
abc
--2
--2
abc
1e-
1e+
--2
e10
1e
e10
++1
1e-
-
abc
+
1.2.3
abc
1.2.3
1e-
1e
000.e
-
--2
e10
1e-
000.e
1ee2
--2
e10
0e
-
++1
e10
1e-
--2
1e
1e
1.2.3
1e-
--2
0e
e10
0e
++1
++1
1e+
0e
1.2.3
e10
0e
000.e
1ee2
000.e
1.2.3
+
1e-
000.e
1e+
-
e10
abc
1e-
1e
-
--2
++1
1ee2
--2
1.2.3
--2
e10
e10
abc
--2
1ee2
abc
e10
1e+
0e
e10
-
-
1e
1ee2
1ee2
1e-
000.e
-
++1
-
abc
1.2.3
+
1e+
000.e
1.2.3
1ee2
1e
.
abc
--2
1e
0e
1e+
++1
0e
0e
000.e
1e-
e10
1e+
1e+
0e
1e-
+
1ee2
1.2.3
1e-
abc
1e+
1e+
.
000.e
.
1e
+
--2
0e
1e
abc
1e+
++1
+
++1
abc
++1
++1
--2
-
-
0e
0e
1e+
1.2.3
1e
0e
+
abc
+
1ee2
+
--2
000.e
1.2.3
000.e
1ee2
.
+
abc
abc
--2
e10
+
1e
1e-
+
1e
000.e
.
+
+
e10
1.2.3
abc
1e-
000.e
e10
++1
000.e
1e+
1ee2
++1
1ee2
+
++1
++1
e10
0e
+
.
abc
-
--2
000.e
1.2.3
-
.
.
+
1e
++1
1ee2
1ee2
e10
0e
0e
1e-
1e-
+
1ee2
1ee2
1.2.3
1e
+
1.2.3
1e-
1e+
1.2.3
1e
++1
1e
000.e
000.e
1e+
000.e
+
1e+
+
++1
0e
-
1ee2
abc
1e+
e10
++1
1.2.3
1e-
1.2.3
1e-
1e-
1.2.3
1e-
--2
.
abc
abc
+
+
--2
--2
+
++1
0e
0e
++1
abc
+
e10
1.2.3
abc
1ee2
-
.
++1
0e
++1
0e
0e
.
++1
000.e
1e+
000.e
1e+
1e
.
.
1ee2
--2
.
++1
.
0e
1.2.3
000.e
0e
1.2.3
1.2.3
.
1e-
e10
1e+
abc
1e-
1e+
1ee2
1e-
e10
1e-
1.2.3
e10
1e+
1e
e10
++1
1.2.3
--2
-
++1
1e+
abc
--2
-
-
--2
1e-
--2
+
1.2.3
1.2.3
abc
1.2.3
+
1e+
1e+
abc
++1
-
--2
1e-
+
1e+
abc
--2
++1
.
000.e
1.2.3
++1
1.2.3
+
abc
abc
0e
e10
1e-
e10
1ee2
.
abc
++1
1e
1e-
1e
.
1ee2
abc
1e
1e-
-
-
1e+
++1
1e+
+
+
1ee2
1e
.
+
-
1e
1.2.3
e10
000.e
1ee2
0e
+
+
+
1.2.3
0e
++1
1e
1e-
--2
1e+
1e-
-
-
e10
--2
0e
++1
+
+
.
.
1.2.3
1e-
e10
e10
+
1e-
e10
-
0e
+
1e
-
1.2.3
0e
abc
1e-
e10
--2
--2
1e-
-
000.e
abc
1e-
-
e10
0e
1ee2
0e
1e-
+
1e
-
000.e
1ee2
abc
--2
.
abc
--2
0e
++1
000.e
1e-
e10
++1
1e+
0e
-
-
000.e
1e-
.
000.e
1e-
--2
-
1.2.3
e10
0e
1e+
-
1e-
1e+
--2
1e-
1.2.3
++1
1e+
1e-
--2
1e
000.e
000.e
0e
1e-
1e-
1e+
1.2.3
+
1e
1e+
+
--2
0e
abc
1ee2
--2
0e
0e
.
000.e
e10
1e-
000.e
+
abc
--2
1e
1e+
-
1.2.3
--2
++1
++1
++1
++1
e10
0e
-
1e+
1e+
-
e10
1e+
1e-
++1
--2
1ee2
e10
+
1e+
1ee2
e10
1e+
+
1.2.3
1ee2
+
1ee2
+
abc
.
0e
1ee2
000.e
1e
1e+
000.e
1ee2
++1
+
000.e
1.2.3
-
+
1e-
e10
e10
1e+
1ee2
0e
+
abc
+
1ee2
000.e
+
1ee2
-
1e-
1e+
--2
1ee2
1e-
1e
abc
0e
+
000.e
000.e
++1
abc
abc
.
-
1e
0e
0e
abc
1.2.3
abc
000.e
+
e10
1e
.
--2
abc
.
0e
000.e
1e+
.
1e
0e
abc
000.e
++1
0e
1ee2
1e-
++1
1e+
1ee2
1ee2
000.e
1e+
--2
1.2.3
0e
abc
0e
abc
abc
1e+
+
000.e
000.e
abc
1e
+
000.e
+
000.e
1.2.3
1e+
+
1.2.3
1.2.3
.
1e-
.
1e
1e
-
1e-
++1
--2
e10
+
1ee2
1.2.3
++1
-
.
1e+
+
1e+
e10
++1
000.e
1e-
+
.
1e+
.
.
1e-
000.e
0e
+
1ee2
.
--2
e10
1e-
--2
abc
1ee2
1e+
1e
1e+
e10
-
0e
--2
-
++1
e10
.
++1
abc
1.2.3
1e-
1e
1ee2
0e
1ee2
1e+
.
.
-
--2
000.e
1e-
e10
1.2.3
-
.
1e+
0e
e10
-
1e+
1e+
--2
+
--2
1e+
1.2.3
++1
++1
++1
abc
1e+
.
-
1e+
+
++1
1e
000.e
abc
1e
0e
++1
000.e
0e
1.2.3
1e+
e10
1e+
++1
1e
-
.
++1
abc
0e
-
abc
++1
-
1e-
++1
-
abc
1e+
+
.
.
1e-
++1
1.2.3
.
e10
1.2.3
1.2.3
1e+
e10
1e
+
1.2.3
0e
abc
+
000.e
e10
0e
-
1e+
-
000.e
1e-
+
++1
1e-
e10
-
1e
1.2.3
000.e
++1
0e
1e-
1e
1e+
-
+
1e+
.
1e
1.2.3
abc
+
1.2.3
abc
--2
abc
000.e
.
abc
1.2.3
e10
abc
-
1ee2
++1
e10
.
1ee2
+
1e+
--2
1e
++1
-
e10
e10
0e
--2
+
--2
++1
++1
++1
000.e
1ee2
1e+
abc
++1
-
e10
+
1e-
abc
abc
+
1e-
1e
1.2.3
abc
-
--2
+
1e
.
1e-
++1
1.2.3
--2
1.2.3
1e
-
1e-
++1
+
abc
e10
1e-
1e
0e
abc
000.e
1.2.3
1e+
abc
.
-
.
--2
1e-
abc
000.e
.
0e
1e+
.
+
1.2.3
1e
++1
1e-
000.e
abc
1e+
--2
0e
--2
1e+
++1
0e
1e+
+
++1
1e-
-
+
e10
.
+
000.e
1e
0e
1.2.3
1e+
+
0e
e10
0e
--2
0e
++1
1e-
1.2.3
-
.
000.e
--2
000.e
--2
1e+
1ee2
e10
0e
1e-
1e
1e
1e-
1ee2
000.e
1e-
+
-
--2
1e+
1.2.3
000.e
+
1e+
.
--2
.
.
0e
abc
--2
0e
--2
1ee2
1e+
1e+
abc
1e-
1e-
abc
1e-
--2
abc
1e+
e10
0e
e10
000.e
--2
.
0e
++1
1.2.3
+
abc
--2
e10
--2
1e-
1e
abc
1e+
1ee2
1e+
1e
abc
-
1e
e10
e10
1e+
--2
.
1e+
--2
1e+
1.2.3
000.e
abc
e10
1e
-
-
abc
--2
1e
0e
1e-
++1
0e
1.2.3
+
.
e10
0e
1e+
1e+
1ee2
1ee2
--2
1ee2
-
0e
++1
0e
1e
000.e
0e
++1
1e
e10
abc
000.e
000.e
000.e
1e-
1e-
1ee2
0e
++1
.
0e
+
1ee2
1e+
e10
--2
1e+
+
0e
+
1e
1.2.3
1e+
e10
1.2.3
1e+
e10
1e+
+
1e+
1ee2
++1
1e+
abc
-
e10
1e
++1
-
1e+
+
++1
1e+
1e-
+
++1
++1
1e
--2
1e
-
e10
0e
+
1e
e10
1.2.3
1e-
1e
1e-
0e
1.2.3
++1
.
1e
.
.
e10
abc
000.e
1e-
--2
e10
++1
0e
000.e
1e
1.2.3
--2
1e+
000.e
+
++1
1e-
1e
--2
++1
1e
.
1ee2
1e+
0e
-
000.e
1.2.3
1e
abc
1e+
.
.
1e-
1.2.3
.
1ee2
--2
--2
1.2.3
0e
.
e10
e10
1ee2
1.2.3
1e-
1ee2
+
1.2.3
e10
+
0e
-
.
abc
1e-
1e
1ee2
1e+
0e
1e-
abc
--2
--2
1e-
--2
1e+
000.e
0e
+
000.e
0e
000.e
-
--2
1e-
1ee2
0e
.
-
000.e
+
1e+
abc
abc
+
1e
e10
++1
abc
000.e
++1
000.e
0e
1e
1e-
1ee2
0e
.
++1
+
000.e
abc
1e+
1.2.3
e10
++1
abc
++1
+
1e+
e10
abc
1e-
abc
1ee2
1e
e10
0e
abc
1e
e10
.
1e+
.
000.e
1e+
1e-
1e+
1e+
1ee2
000.e
0e
++1
1.2.3
000.e
++1
abc
--2
.
+
e10
+
1ee2
abc
e10
--2
1.2.3
--2
1e+
0e
--2
abc
0e
e10
++1
0e
-
--2
+
abc
1.2.3
-
1e-
--2
abc
1e+
--2
-
1ee2
e10
0e
0e
.
1e-
1e+
+
--2
1e-
.
0e
1e
.
.
1e-
1.2.3
-
1.2.3
0e
--2
+
1ee2
e10
e10
abc
1e-
1e+
.
1e
abc
.
--2
1e+
1e+
000.e
.
0e
++1
e10
0e
1e-
+
abc
1e+
1ee2
1e-
1e
--2
1e-
+
e10
++1
-
1e-
0e
1ee2
--2
+
000.e
1.2.3
1.2.3
1.2.3
1e-
++1
++1
1ee2
1e
abc
1e-
1e-
+
1.2.3
++1
--2
1.2.3
1.2.3
000.e
abc
abc
1e+
1.2.3
.
.
1e-
0e
abc
0e
000.e
++1
1e-
+
.
0e
000.e
++1
1e
1.2.3
-
1.2.3
1e+
000.e
abc
1.2.3
1.2.3
1e+
0e
1.2.3
++1
abc
0e
+
000.e
-
++1
000.e
1ee2
1ee2
1e+
000.e
--2
e10
0e
abc
e10
++1
1ee2
e10
-
++1
+
1e
--2
--2
++1
-
1e-
abc
1e-
1.2.3
1e+
0e
.
1e
+
0e
1ee2
.
abc
1e
.
.
++1
abc
+
--2
1e
++1
-
0e
000.e
abc
e10
1e
1ee2
1.2.3
abc
1e+
.
1e-
--2
0e
e10
++1
++1
1.2.3
.
abc
abc
++1
--2
e10
000.e
+
++1
e10
--2
1e-
++1
1.2.3
1e+
abc
1e+
000.e
1e+
+
1e
000.e
1e
-
-
+
abc
1e
1ee2
1.2.3
+
-
++1
1e+
000.e
000.e
1.2.3
1ee2
1ee2
e10
000.e
--2
abc
0e
1.2.3
1e-
1.2.3
.
--2
e10
+
0e
1ee2
1ee2
++1
1e
abc
-
0e
e10
--2
1e+
-
1e
1e
1e
000.e
1ee2
1e
1.2.3
e10
abc
1e+
e10
+
000.e
1e-
000.e
1ee2
--2
abc
++1
--2
1e-
-
1e-
0e
.
0e
++1
1ee2
e10
++1
++1
1ee2
abc
.
--2
1.2.3
-
1.2.3
--2
-
1ee2
000.e
--2
1.2.3
abc
000.e
1e+
-
1e
++1
--2
1.2.3
1.2.3
e10
e10
abc
1e
abc
e10
1e-
+
0e
1.2.3
1.2.3
1.2.3
+
0e
++1
.
1ee2
abc
++1
0e
e10
.
1e
000.e
0e
e10
-
1ee2
.
1.2.3
1.2.3
1e
-
0e
++1
1e+
e10
1e
1.2.3
1e
1.2.3
1.2.3
0e
++1
+
1e-
1.2.3
0e
0e
1.2.3
e10
e10
+
e10
000.e
e10
.
-
1e-
1e
1ee2
1.2.3
++1
-
000.e
1e+
0e
0e
1e+
000.e
.
e10
+
++1
000.e
e10
000.e
0e
-
1e+
-
e10
+
+
e10
1e-
abc
1ee2
-
abc
++1
1e+
abc
-
000.e
abc
abc
+
1ee2
+
000.e
-
--2
1ee2
++1
-
.
+
e10
+
1.2.3
1e
+
++1
--2
-
0e
+
.
1ee2
.
1e
000.e
1e
e10
e10
-
0e
1ee2
+
++1
000.e
1ee2
++1
--2
1e
1e-
1e+
e10
000.e
-
-
-
.
+
-
e10
e10
-
abc
abc
.
1.2.3
-
--2
1e+
e10
+
++1
1ee2
+
1e+
1e+
1e-
1ee2
0e
1.2.3
.
.
+
++1
1e
+
1ee2
1e+
+
.
++1
0e
1e-
000.e
+
0e
abc
.
000.e
000.e
--2
1.2.3
1e+
1e-
000.e
1.2.3
e10
--2
++1
1e+
1.2.3
0e
1.2.3
--2
1e
1e
0e
1e+
0e
.
0e
1e-
1e-
0e
--2
abc
++1
1e-
--2
0e
--2
1.2.3
-
1.2.3
1ee2
1e+
++1
+
--2
1e
000.e
1e+
++1
.
--2
--2
-
1.2.3
-
.
1e+
-
1e+
+
1e+
0e
.
1e
--2
1e
++1
0e
0e
0e
1e-
000.e
1e+
+
+
1.2.3
abc
++1
--2
e10
+
-
000.e
++1
1e+
0e
0e
e10
1e
e10
++1
000.e
1e
abc
1e-
abc
000.e
0e
--2
000.e
++1
e10
000.e
abc
1ee2
+
000.e
1e-
+
0e
++1
1e
abc
e10
1.2.3
.
++1
1e+
+
0e
-
0e
1e+
000.e
1e
abc
-
1e
1ee2
e10
-
+
1ee2
000.e
1e
+
1ee2
.
1e
.
000.e
-
1e+
-
1e-
0e
abc
--2
.
++1
1.2.3
1.2.3
1e
-
000.e
.
1ee2
1e
abc
++1
1e
abc
1e+
1e
abc
++1
1e+
e10
000.e
1e
0e
++1
e10
1.2.3
--2
000.e
e10
+
1.2.3
1.2.3
--2
1e+
1ee2
000.e
abc
e10
e10
+
.
0e
1e-
1.2.3
++1
.
--2
e10
1.2.3
.
1e+
1e+
1e+
+
1e+
-
0e
++1
abc
abc
000.e
abc
1e
+
000.e
e10
-
0e
000.e
e10
++1
e10
1.2.3
000.e
1.2.3
e10
000.e
1e-
1e+
-
1ee2
000.e
1ee2
1e+
1.2.3
--2
0e
1e-
+
e10
0e
1e+
.
1.2.3
abc
1e+
+
abc
.
0e
1.2.3
1e+
1e-
-
abc
0e
-
1e+
1e+
+
0e
1.2.3
++1
--2
000.e
e10
0e
.
+
1.2.3
1e
--2
0e
1e+
1.2.3
1e+
1ee2
e10
e10
-
abc
.
--2
1.2.3
1e
000.e
-
--2
1ee2
e10
abc
1ee2
1e-
e10
e10
1e-
000.e
1ee2
-
1e-
-
1.2.3
e10
++1
abc
.
--2
+
abc
-
000.e
+
1e+
1e+
.
.
1e+
1e+
-
1e+
000.e
abc
000.e
e10
0e
++1
1.2.3
abc
+
1e+
-
1e-
--2
+
.
abc
+
1ee2
+
1e+
1ee2
-
000.e
1e+
.
1.2.3
1ee2
000.e
-
0e
1e+
1ee2
+
1e+
.
1e+
1.2.3
.
.
.
1e
000.e
abc
++1
0e
0e
1ee2
1e
+
000.e
1ee2
0e
--2
+
1ee2
-
000.e
+
1ee2
000.e
-
0e
e10
1e+
1e
000.e
--2
.
+
000.e
.
0e
-
e10
e10
1e
1.2.3
++1
1ee2
0e
0e
+
abc
1e-
abc
1.2.3
+
--2
1.2.3
.
.
1.2.3
abc
0e
-
--2
++1
-
0e
000.e
--2
abc
-
--2
+
+
++1
++1
1e-
-
1e-
1e+
--2
-
-
000.e
1e
-
1e+
1e+
++1
1e
1e
1.2.3
abc
0e
abc
1e-
1e+
1e-
1e-
abc
-
1e+
1ee2
abc
-
1e+
1.2.3
1e+
000.e
+
1e+
.
1.2.3
1.2.3
--2
1e+
--2
++1
0e
++1
-
1e+
1e
000.e
1e+
000.e
000.e
abc
++1
-
-
0e
.
abc
1ee2
+
++1
-
abc
++1
--2
0e
0e
.
0e
e10
e10
1e
--2
1e-
--2
1e
1.2.3
000.e
000.e
1e+
1e+
abc
1ee2
+
.
-
1e-
-
0e
000.e
-
e10
+
e10
--2
1.2.3
+
1.2.3
abc
000.e
.
1e-
1e+
+
0e
+
e10
++1
+
1.2.3
1e+
.
++1
+
-
1e-
1e-
0e
--2
+
0e
abc
1e-
e10
++1
1.2.3
-
+
-
1e+
1e-
--2
1e
000.e
1e
abc
abc
1.2.3
-
-
1e
1e-
1e+
0e
1ee2
e10
abc
1ee2
+
-
++1
.
1ee2
.
++1
++1
+
++1
e10
.
0e
000.e
1ee2
+
.
.
.
+
0e
abc
1e-
1e+
1ee2
++1
e10
1ee2
++1
1.2.3
000.e
+
1e
++1
000.e
--2
0e
0e
1e
abc
000.e
++1
1.2.3
+
0e
++1
+
000.e
1e+
++1
1e
1ee2
.
--2
1ee2
abc
1e
e10
.
+
1ee2
000.e
1ee2
e10
-
abc
--2
++1
abc
abc
--2
000.e
++1
.
-
1.2.3
000.e
--2
abc
+
--2
.
0e
++1
++1
1e
--2
--2
+
1e+
1e
000.e
-
0e
--2
++1
1e
--2
1ee2
1e
1ee2
+
+
+
abc
--2
0e
1e+
1.2.3
-
1e+
.
000.e
.
1.2.3
1.2.3
000.e
++1
++1
e10
.
--2
0e
000.e
-
1e+
1.2.3
1e-
1e-
e10
+
++1
--2
1e-
0e
1ee2
+
000.e
--2
0e
000.e
--2
1e+
1e-
e10
1.2.3
1e
1.2.3
--2
-
1e
++1
abc
1e+
++1
0e
1e+
+
0e
0e
.
0e
.
0e
1.2.3
abc
-
.
++1
1ee2
.
1ee2
1e
++1
1ee2
+
--2
1e+
1.2.3
1e
1.2.3
abc
e10
.
1e
1ee2
e10
1ee2
1e-
e10
1e+
1.2.3
0e
0e
.
++1
1.2.3
000.e
1e-
1e-
1ee2
1e-
e10
0e
++1
-
--2
abc
++1
1.2.3
1ee2
-
abc
1ee2
++1
-
--2
1ee2
1e-
1e-
1e
1ee2
+
1e+
1.2.3
1ee2
1.2.3
abc
1e+
e10
1e+
1e
1e+
++1
.
1e
-
abc
1e
e10
1.2.3
abc
+
-
1e-
+
1e-
1.2.3
1e
++1
-
--2
e10
abc
-
1e
e10
1ee2
+
-
--2
1e+
+
1.2.3
--2
.
abc
1e-
1e-
abc
1e
1e+
--2
++1
e10
+
.
+
1.2.3
1e-
1e+
-
+
-
+
1e+
abc
000.e
1e-
-
1e+
1e
-
1e+
1e-
1e
000.e
0e
000.e
--2
1e
000.e
000.e
e10
0e
1e+
000.e
-
-
+
abc
-
++1
1e-
1.2.3
0e
1e-
0e
1e
+
+
.
--2
--2
1ee2
0e
1e+
+
e10
000.e
--2
1e+
.
1ee2
0e
--2
1e-
1.2.3
1e
.
1.2.3
1ee2
1e
--2
+
--2
--2
1e-
1e
1e
1ee2
-
abc
--2
+
1.2.3
e10
1e
--2
1e-
e10
1e-
.
+
1e+
1e
000.e
1e-
--2
1e-
abc
1e
0e
.
--2
000.e
-
0e
--2
1.2.3
--2
--2
e10
e10
+
1ee2
-
1ee2
1e
--2
+
-
+
-
1ee2
1ee2
000.e
1.2.3
1e+
abc
-
1e+
0e
1e+
1ee2
abc
000.e
abc
-
abc
1e
1ee2
1e
1e+
abc
000.e
--2
1e
1e
0e
++1
.
++1
e10
1ee2
1.2.3
1e+
1e
++1
abc
.
e10
++1
1e+
000.e
1e
1e
abc
+
e10
.
1ee2
1.2.3
1ee2
1e+
e10
--2
1.2.3
+
++1
1ee2
+
0e
1ee2
.
1e
1e-
abc
.
.
++1
1e
--2
-
abc
0e
abc
-
e10
e10
1.2.3
1e-
++1
--2
1e+
1e-
e10
000.e
e10
1e-
abc
--2
e10
1e+
1e-
+
e10
-
abc
--2
1.2.3
-
+
1e-
1.2.3
000.e
000.e
1.2.3
.
1e-
1e
--2
000.e
1ee2
+
e10
-
abc
+
1.2.3
1e+
1e-
000.e
1e-
-
abc
1e
abc
+
-
--2
-
1e
1.2.3
1e
1e
--2
1ee2
abc
--2
-
1e-
1e-
1e-
e10
0e
++1
1e-
000.e
e10
1e
e10
.
1e+
1e-
1e
--2
+
1e
1e
+
1e+
1e+
1ee2
--2
1.2.3
+
1e+
1ee2
1e-
abc
1ee2
1e
000.e
1.2.3
e10
1ee2
-
1.2.3
1.2.3
++1
0e
0e
-
+
--2
1ee2
1e
000.e
1ee2
1e
1e-
e10
1e+
e10
-
1.2.3
-
000.e
1ee2
--2
1e-
000.e
--2
1e+
-
--2
.
.
+
--2
abc
1e-
000.e
abc
+
-
--2
1ee2
000.e
1ee2
0e
0e
1e
1e
1e
0e
++1
0e
1.2.3
+
1e-
000.e
e10
0e
1e+
.
1e+
000.e
++1
-
--2
1e
1.2.3
+
1ee2
1e
++1
1ee2
1e
0e
1e
1.2.3
--2
--2
--2
1.2.3
0e
1e
.
1e+
++1
1ee2
.
1e+
0e
1.2.3
abc
--2
1e-
e10
+
1.2.3
.
+
1e-
abc
--2
.
0e
-
0e
1e
abc
1e
+
+
1e-
1ee2
++1
++1
0e
--2
--2
+
1.2.3
.
.
0e
e10
000.e
1e+
1e-
1e
1.2.3
abc
--2
1ee2
abc
+
e10
1e-
1e
--2
1e+
1ee2
+
1e
abc
+
1e+
e10
1e
.
000.e
0e
--2
++1
e10
.
1e-
+
e10
1ee2
+
-
1e+
1e+
+
1.2.3
+
-
+
abc
++1
e10
1e+
.
1ee2
1e
000.e
1e-
+
abc
1e-
0e
-
0e
e10
0e
000.e
e10
1ee2
--2
1e-
-
abc
0e
abc
000.e
--2
0e
1e-
0e
000.e
1e
++1
1e+
.
++1
000.e
000.e
1e-
1.2.3
abc
--2
1.2.3
--2
.
000.e
000.e
000.e
1.2.3
+
e10
abc
1.2.3
1e-
abc
1.2.3
.
0e
1e
1e+
1ee2
1.2.3
++1
1e
abc
1e
.
-
1e+
000.e
.
1.2.3
000.e
000.e
+
.
abc
000.e
+
1e+
-
1ee2
++1
-
e10
e10
000.e
+
+
1ee2
abc
--2
1e-
0e
e10
0e
--2
0e
1e+
e10
e10
000.e
++1
e10
--2
1e+
+
abc
1.2.3
-
1e-
abc
1e-
1ee2
000.e
1e
++1
abc
1e-
.
.
1ee2
--2
1e-
000.e
abc
--2
abc
-
1ee2
e10
1e
.
+
abc
000.e
abc
e10
-
++1
0e
--2
1e+
0e
abc
-
.
1.2.3
++1
+
-
000.e
+
1.2.3
e10
--2
abc
-
--2
1e
e10
e10
abc
1.2.3
+
000.e
1ee2
1ee2
e10
-
.
0e
1e+
e10
0e
1e-
1.2.3
-
1e+
-
1e
--2
1e
--2
1e
0e
1ee2
--2
-
1e+
--2
000.e
abc
1e-
0e
e10
1e
1e-
000.e
-
1e+
abc
abc
1e+
1.2.3
1e-
1e+
--2
0e
-
--2
1.2.3
+
000.e
1.2.3
e10
1e-
--2
000.e
e10
-
1e-
1e-
--2
1e+
e10
.
0e
abc
abc
000.e
--2
1e
abc
.
1.2.3
1.2.3
1.2.3
.
+
1e-
1ee2
++1
-
1.2.3
1e-
abc
1e-
1e-
.
e10
0e
abc
.
abc
.
.
1.2.3
abc
000.e
++1
1.2.3
--2
1ee2
000.e
e10
++1
000.e
1.2.3
1e+
1e+
1e
1e-
+
e10
abc
0e
000.e
-
1e+
++1
1e+
1.2.3
1.2.3
1e
1ee2
.
000.e
-
1e
1e
0e
1e-
1e
1.2.3
+
--2
--2
++1
.
1e+
1e-
1.2.3
--2
1.2.3
0e
1.2.3
--2
000.e
-
e10
1e-
-
000.e
+
000.e
.
1.2.3
1e
1e
abc
1e
abc
1e
1e
abc
1e-
000.e
e10
+
000.e
++1
.
1ee2
--2
1e
.
0e
000.e
1ee2
000.e
abc
000.e
1e-
++1
1e+
.
1e
1ee2
0e
1.2.3
1ee2
1e
0e
0e
e10
1.2.3
1e+
1e
.
1e-
++1
1e-
abc
abc
1e
-
1e-
.
--2
e10
1e-
++1
.
1.2.3
-
abc
1e-
0e
1e+
1ee2
.
1e
000.e
1e-
1e+
.
++1
1e-
1.2.3
1e
1ee2
1.2.3
000.e
1e+
.
e10
-
e10
++1
1ee2
-
0e
1e+
1e
.
abc
--2
-
+
1e
000.e
1e+
1.2.3
e10
1.2.3
0e
1.2.3
.
abc
-
++1
1.2.3
.
--2
++1
abc
++1
++1
000.e
.
+
-
++1
1ee2
1e-
1ee2
000.e
1e
000.e
e10
e10
++1
1.2.3
--2
000.e
+
-
1ee2
abc
1.2.3
1e-
0e
1.2.3
-
000.e
.
--2
1e
0e
-
1e+
++1
1e-
1.2.3
.
1e+
0e
+
1.2.3
.
1e
0e
1.2.3
e10
-
.
abc
++1
1e
1e+
1e+
-
+
abc
000.e
abc
1e
--2
1e
abc
1.2.3
.
.
1e+
e10
1ee2
+
++1
1.2.3
1e+
+
0e
1e
1e+
abc
1e-
+
1e
++1
1e
1.2.3
++1
--2
++1
000.e
1e+
0e
1e-
1e+
++1
.
0e
++1
000.e
e10
000.e
.
1.2.3
++1
++1
1e-
0e
++1
.
0e
1.2.3
++1
1ee2
++1
-
1.2.3
1e-
1.2.3
1e+
1e
1e+
e10
-
abc
1e+
1e-
.
1ee2
1e-
0e
1ee2
1.2.3
0e
++1
1e
000.e
e10
1e
0e
1e
0e
1e+
--2
1.2.3
0e
000.e
e10
--2
1.2.3
1ee2
+
--2
e10
1ee2
0e
0e
1e
1e+
+
+
0e
1ee2
--2
-
abc
1e+
1e-
++1
1ee2
abc
1.2.3
.
.
.
e10
-
-
++1
-
1e+
-
-
.
1ee2
000.e
abc
.
1e
-
1.2.3
0e
+
.
1ee2
+
abc
-
1.2.3
1ee2
1e
1ee2
1e
1.2.3
--2
0e
e10
1e
0e
e10
e10
.
--2
1.2.3
1e
++1
000.e
.
abc
000.e
000.e
++1
++1
-
1.2.3
000.e
abc
++1
1e-
--2
+
1e-
1e-
.
e10
.
000.e
1.2.3
abc
abc
1.2.3
++1
abc
-
abc
1.2.3
abc
1e
.
abc
e10
.
e10
.
1e
--2
0e
1e
0e
1e-
abc
1e-
1e
1ee2
abc
1.2.3
0e
1ee2
000.e
0e
1e-
000.e
-
-
1e-
-
000.e
0e
.
-
0e
1e+
abc
0e
.
1e+
1e
0e
-
e10
e10
--2
1.2.3
1e
.
000.e
e10
.
++1
0e
++1
1e-
.
-
1.2.3
-
0e
1e
1e
1.2.3
1.2.3
000.e
.
1ee2
1.2.3
++1
abc
++1
--2
abc
1ee2
+
.
0e
0e
1e+
+
1ee2
e10
1e-
e10
--2
1e
1e+
1e-
1e
-
abc
1e
000.e
e10
1e
0e
--2
1ee2
1e
abc
0e
+
++1
abc
e10
1e-
abc
abc
abc
1ee2
--2
+
-
1e+
1e
000.e
1e-
.
abc
1ee2
1e-
0e
1.2.3
.
1e
++1
1ee2
.
1.2.3
1e-
++1
+
0e
1e+
e10
++1
.
e10
.
1e-
.
-
1.2.3
000.e
abc
e10
1e+
.
1.2.3
1e+
++1
-
1ee2
1e+
--2
+
1e-
e10
000.e
+
1ee2
1e+
000.e
000.e
.
1ee2
-
.
1e
+
+
1e+
1e+
000.e
--2
e10
1e
e10
1e+
+
000.e
1e
0e
abc
abc
1e+
-
1e+
000.e
1e
.
0e
e10
000.e
1e-
.
1e+
abc
1e+
abc
+
e10
-
000.e
1.2.3
1.2.3
e10
-
1e+
+
1.2.3
-
e10
.
.
e10
-
abc
.
e10
0e
+
0e
+
--2
1e-
0e
000.e
.
1.2.3
--2
0e
1ee2
1e
1e
+
e10
1e-
1.2.3
1e+
1e-
1e+
1e+
1e-
+
+
-
1e-
000.e
++1
++1
0e
1e-
1e+
1ee2
1e+
.
+
e10
000.e
1e-
1e-
.
abc
000.e
000.e
-
e10
1ee2
e10
+
++1
1e
+
1e
1e+
000.e
+
-
1ee2
1ee2
-
+
+
e10
1e
--2
0e
abc
.
0e
1e+
1e+
1e+
1e
.
-
abc
e10
1ee2
1e-
e10
.
1e
e10
1e
+
1.2.3
--2
1.2.3
-
1e
++1
.
1.2.3
1ee2
++1
1e+
0e
+
1e
++1
1e-
1.2.3
--2
1.2.3
.
1e+
e10
1e-
1ee2
1ee2
++1
e10
000.e
1ee2
1e
0e
++1
1.2.3
1e+
.
0e
.
abc
0e
-
-
.
1e-
--2
+
000.e
-
1ee2
--2
1e-
--2
1e-
1e-
1e
0e
000.e
1ee2
.
1ee2
1e-
--2
.
e10
1e+
abc
.
1e-
1e+
++1
1e+
.
1.2.3
1.2.3
000.e
1e-
--2
+
1e-
1.2.3
1ee2
000.e
1.2.3
1e-
000.e
000.e
+
1e-
--2
abc
--2
1e+
1.2.3
-
1.2.3
1e
--2
1e+
+
1e
1e+
--2
1e-
--2
abc
1e-
1e
e10
-
000.e
000.e
000.e
e10
.
000.e
+
1ee2
0e
-
1.2.3
0e
1e-
1.2.3
0e
1e-
-
1e+
abc
++1
1.2.3
0e
++1
.
1e
1e+
++1
1ee2
--2
000.e
.
-
1e+
1.2.3
.
-
abc
1e-
1ee2
++1
e10
--2
++1
++1
1e+
-
000.e
1e
-
1ee2
++1
1.2.3
0e
.
-
.
--2
0e
1e
+
1e+
1e+
1.2.3
1e+
1ee2
1e+
--2
-
000.e
0e
1e
abc
-
-
000.e
1e
1.2.3
1ee2
-
1e
1.2.3
1e
e10
1e
-
.
0e
.
-
1e
-
e10
e10
1e
1ee2
1e-
1e+
+
--2
0e
1.2.3
+
.
.
1.2.3
1e
1ee2
abc
-
e10
abc
-
1ee2
1e-
abc
abc
abc
0e
abc
1e
++1
abc
1e-
+
abc
-
.
--2
1e+
1.2.3
abc
1e-
000.e
+
1e
1e+
000.e
1e
.
++1
.
+
--2
.
1ee2
1e
1e+
.
-
e10
1.2.3
1e+
1ee2
abc
0e
1e
1ee2
0e
1e
-
1e+
++1
000.e
e10
1.2.3
0e
e10
e10
abc
.
1e-
.
.
1.2.3
1e+
1.2.3
1e+
000.e
1.2.3
--2
1e
++1
abc
1.2.3
abc
1e+
1ee2
1e-
--2
1.2.3
-
1.2.3
--2
++1
1e-
000.e
++1
+
e10
1e
.
--2
0e
++1
1.2.3
1.2.3
000.e
+
-
1e+
1e
++1
1e-
e10
1.2.3
1e+
0e
0e
1e+
1e-
1ee2
++1
+
++1
000.e
abc
e10
1ee2
--2
--2
1ee2
000.e
e10
1ee2
abc
1.2.3
1ee2
e10
-
+
++1
1e-
e10
1e-
0e
1e+
abc
++1
1e+
.
1e
-
+
1.2.3
+
0e
1e+
+
-
1.2.3
1e+
1e
1e-
+
abc
-
1e-
0e
1ee2
1.2.3
++1
abc
-
0e
1.2.3
-
--2
000.e
1e+
1e+
.
e10
-
0e
1.2.3
1ee2
000.e
1e
++1
+
1e-
0e
abc
0e
+
abc
1ee2
1e+
.
1e-
0e
1e-
e10
+
abc
000.e
1e-
1e
1ee2
++1
1ee2
1e
-
1ee2
000.e
-
--2
1.2.3
1e
1ee2
1e+
--2
1e+
000.e
e10
1ee2
e10
1e
--2
000.e
1e-
.
abc
0e
.
1e-
++1
000.e
1e+
.
1e-
1e
0e
000.e
e10
++1
1e
1e+
--2
1ee2
1.2.3
--2
e10
0e
0e
-
1.2.3
+
++1
e10
+
--2
e10
1e
++1
.
--2
.
1e+
1.2.3
-
0e
1e-
-
+
000.e
abc
0e
.
.
e10
1.2.3
e10
-
--2
abc
e10
abc
1.2.3
--2
--2
1ee2
e10
1ee2
e10
--2
+
1e-
1e-
1e-
++1
1ee2
1e-
1ee2
1e-
1e-
-
-
abc
1e-
++1
abc
0e
1.2.3
1e-
000.e
+
1.2.3
000.e
000.e
abc
-
++1
.
1e-
++1
-
-
0e
1e+
0e
--2
1e
.
0e
1ee2
0e
1ee2
1e
--2
1e-
1e+
+
.
abc
1ee2
++1
1e+
1ee2
--2
e10
000.e
.
.
1.2.3
1ee2
1.2.3
e10
1e-
+
1e-
1ee2
1e-
1.2.3
1ee2
1e-
1.2.3
++1
1.2.3
1e
1.2.3
++1
1e+
1e-
.
000.e
000.e
1e-
-
000.e
0e
1e-
e10
.
1e+
1e-
0e
1e
1e-
e10
0e
+
++1
-
e10
--2
1e-
1e
.
1e
0e
1.2.3
.
-
abc
1e
1e-
+
0e
e10
-
e10
1e+
000.e
++1
++1
e10
++1
e10
.
1e-
.
000.e
e10
--2
+
1e-
1.2.3
-
+
.
1e-
abc
e10
+
e10
+
1e-
--2
-
1e
+
abc
+
+
1e
1ee2
.
abc
1e
++1
1e-
++1
--2
1e-
0e
0e
000.e
--2
-
.
1e+
abc
1.2.3
--2
1e
000.e
--2
0e
000.e
--2
1e+
000.e
1e+
1e+
abc
+
abc
abc
1.2.3
--2
--2
+
.
1ee2
--2
-
0e
++1
+
+
.
.
e10
1ee2
++1
--2
abc
.
1.2.3
++1
-
.
-
+
1ee2
0e
+
--2
++1
-
1.2.3
abc
++1
abc
1ee2
1e
1e+
0e
--2
e10
abc
1e+
1e+
1e+
1e
0e
0e
e10
+
1e
e10
abc
e10
0e
.
1e
0e
-
1.2.3
0e
1e+
++1
1.2.3
+
--2
abc
000.e
--2
1e-
1e-
-
0e
1ee2
.
e10
.
--2
000.e
-
.
.
+
1e+
1e-
++1
.
-
-
-
1e
1.2.3
++1
e10
1e
-
1ee2
-
-
1e
1.2.3
.
+
0e
1e-
--2
abc
1.2.3
-
1e-
1ee2
000.e
0e
000.e
abc
++1
1e
--2
++1
+
.
1ee2
0e
1e-
+
000.e
1e+
.
000.e
1ee2
1e-
1.2.3
1ee2
1e+
0e
++1
+
1.2.3
+
abc
e10
1e-
1e
abc
--2
000.e
1e-
.
+
1e+
1e+
abc
-
1ee2
000.e
1e
1.2.3
+
0e
abc
--2
1.2.3
.
000.e
1e+
++1
.
e10
000.e
-
000.e
1.2.3
-
abc
0e
++1
++1
000.e
abc
.
-
--2
1e
abc
1.2.3
1ee2
+
-
+
0e
1e-
000.e
0e
000.e
--2
1.2.3
abc
++1
000.e
e10
+
1.2.3
--2
000.e
1e
1e
-
-
0e
1e
1ee2
.
-
.
e10
1.2.3
abc
+
1e-
1ee2
1e
++1
.
++1
-
1e
--2
1e+
1e-
-
-
1.2.3
-
1e+
1e+
e10
--2
.
++1
--2
e10
000.e
e10
++1
-
1e-
e10
1ee2
--2
abc
0e
e10
.
+
abc
000.e
000.e
-
--2
0e
0e
abc
1e-
+
-
--2
1e-
1ee2
+
e10
000.e
1e+
1ee2
000.e
1e+
e10
++1
1e+
1.2.3
++1
1.2.3
1e+
-
1ee2
.
0e
++1
000.e
1ee2
1e+
e10
.
1.2.3
1e
++1
.
abc
++1
e10
--2
--2
1e
1ee2
1.2.3
.
+
-
1ee2
abc
abc
1e+
++1
1e
1e+
-
1.2.3
1.2.3
1ee2
0e
1e-
-
000.e
-
1e-
++1
1ee2
1e
--2
0e
000.e
0e
1e-
e10
e10
+
0e
1e-
--2
1e-
1e
+
1e
1e-
++1
0e
1.2.3
1e+
1.2.3
++1
1e+
++1
+
--2
1ee2
1e+
e10
.
--2
1ee2
--2
1e-
.
1.2.3
+
1e-
abc
-
e10
abc
1.2.3
1e+
1e-
-
000.e
000.e
000.e
0e
1e-
++1
.
1e+
0e
.
000.e
e10
--2
1ee2
1e
e10
.
000.e
1.2.3
e10
++1
abc
1.2.3
abc
.
--2
1e-
1e
1ee2
abc
1e+
000.e
1.2.3
-
-
000.e
.
1e-
++1
.
+
abc
0e
--2
+
000.e
.
0e
--2
-
+
.
+
+
++1
abc
-
e10
000.e
000.e
-
.
e10
000.e
1e+
++1
-
-
e10
+
e10
--2
.
e10
--2
0e
--2
1e-
000.e
1e
000.e
1e+
+
abc
1e+
e10
1.2.3
.
1e+
1ee2
1e+
+
e10
1e+
-
0e
e10
abc
++1
1ee2
+
.
1e+
e10
--2
--2
000.e
--2
-
1.2.3
1e
.
0e
0e
.
abc
1ee2
1e+
+
-
abc
.
-
.
1.2.3
.
0e
0e
1ee2
--2
-
1e
1e+
-
++1
1.2.3
1e-
--2
1e
.
1e-
1ee2
000.e
e10
abc
1.2.3
000.e
000.e
1.2.3
0e
000.e
0e
+
1.2.3
--2
1e-
.
000.e
0e
1e-
1ee2
-
-
abc
+
0e
++1
1e-
1ee2
abc
++1
+
000.e
1e+
abc
1ee2
000.e
+
1e-
e10
e10
abc
abc
0e
0e
abc
+
1e
-
abc
--2
--2
1e
--2
++1
1e-
.
--2
1ee2
1e+
1ee2
++1
1e-
1e+
0e
.
1e
000.e
1e+
--2
1e
++1
-
e10
1.2.3
++1
1e+
-
0e
++1
1e-
1e+
0e
--2
-
.
.
+
abc
++1
1ee2
1e-
000.e
0e
000.e
1ee2
++1
1e+
1e-
1e
1ee2
0e
++1
+
000.e
e10
--2
+
1e-
000.e
1.2.3
e10
.
abc
1e
++1
e10
-
1ee2
1e
-
1e+
--2
1ee2
+
1e
--2
e10
000.e
1ee2
+
000.e
--2
1e
0e
1e+
--2
abc
000.e
abc
1.2.3
1e+
1e
1e
++1
.
+
abc
+
e10
1e
1.2.3
1e-
0e
1e
1.2.3
1.2.3
++1
1ee2
0e
abc
1.2.3
-
000.e
1ee2
1e
++1
1e-
1ee2
1ee2
1.2.3
.
+
e10
1e
1ee2
1e
.
-
++1
++1
-
1e+
000.e
0e
1e+
.
1e+
abc
1e-
-
1e-
++1
1.2.3
1ee2
1e-
.
1ee2
abc
1ee2
++1
1e
1e+
1.2.3
1ee2
0e
1ee2
1e
abc
1.2.3
.
abc
abc
0e
.
+
1e+
0e
1.2.3
1e-
-
.
e10
.
1ee2
000.e
1e+
1e-
1e+
1.2.3
1e+
.
abc
e10
1.2.3
-
abc
--2
1.2.3
.
1e-
1.2.3
e10
--2
1e+
1ee2
--2
abc
e10
abc
1e+
--2
.
abc
1.2.3
e10
++1
--2
+
0e
1ee2
e10
0e
abc
1e-
++1
1e+
1e
1e-
0e
-
1e-
1e
1e+
1ee2
abc
+
1ee2
1e+
1ee2
1e+
1.2.3
e10
1.2.3
1e-
1e
0e
0e
--2
0e
1ee2
1.2.3
e10
.
++1
1e
1e
1e
1e+
1e
1ee2
++1
1e+
1e
+
++1
1e+
-
abc
1.2.3
abc
.
1e+
1.2.3
1e-
--2
.
1.2.3
1.2.3
1e-
e10
e10
--2
1e
1e
1.2.3
e10
1e+
e10
000.e
-
000.e
++1
-
1e-
1ee2
1ee2
+
1ee2
+
000.e
1e
1e+
000.e
000.e
+
1e+
1e+
1e+
1e-
0e
e10
+
1.2.3
+
abc
e10
--2
e10
e10
1ee2
1e
000.e
e10
.
abc
000.e
abc
+
1e
1.2.3
++1
.
abc
++1
1ee2
1e-
1e+
1e
1.2.3
++1
abc
--2
e10
.
+
1e-
0e
e10
1ee2
1e
e10
+
-
abc
--2
000.e
1e
abc
e10
++1
0e
--2
1e-
0e
1e-
--2
000.e
1e
1e-
1ee2
-
1.2.3
e10
.
e10
1e+
++1
1ee2
1e+
1e
1e-
--2
++1
000.e
e10
++1
0e
000.e
e10
++1
.
0e
abc
000.e
1ee2
.
-
e10
.
1.2.3
1e-
-
1e-
1e+
++1
1e
000.e
1e+
--2
1e-
1e
-
abc
1e
+
-
++1
1ee2
000.e
1e+
1ee2
1ee2
abc
+
1e+
1e
1e-
1e
000.e
++1
e10
abc
1.2.3
++1
000.e
1e-
e10
000.e
++1
1.2.3
e10
1e
0e
--2
1.2.3
+
e10
abc
1.2.3
1.2.3
.
++1
1.2.3
1.2.3
--2
0e
1.2.3
1e+
++1
1ee2
.
--2
abc
1ee2
1ee2
-
1ee2
1e+
.
1e
1.2.3
1.2.3
1.2.3
1.2.3
--2
abc
1e
1e-
1.2.3
1e-
1e-
+
0e
.
1e
abc
1ee2
1e-
1.2.3
1e
1ee2
-
0e
+
0e
abc
1e-
--2
-
1.2.3
0e
1e
e10
1.2.3
+
--2
+
e10
+
.
000.e
1ee2
.
++1
1e-
1.2.3
1e
1.2.3
1.2.3
--2
000.e
-
++1
+
-
--2
1e
1e-
e10
e10
1e-
abc
1e-
++1
-
--2
-
1.2.3
--2
abc
1.2.3
++1
1ee2
1e+
0e
1e
++1
e10
-
++1
--2
1.2.3
0e
e10
-
--2
.
1e-
1e-
1e
abc
-
0e
e10
1e+
abc
abc
1.2.3
0e
1ee2
--2
+
e10
e10
e10
0e
-
e10
+
1ee2
abc
--2
0e
+
e10
1e
000.e
1e
1e
-
0e
abc
abc
++1
abc
abc
1ee2
1ee2
++1
++1
-
-
1e+
-
+
-
++1
abc
000.e
+
.
1.2.3
++1
1e-
1e+
++1
0e
000.e
--2
0e
000.e
000.e
1ee2
1.2.3
1.2.3
0e
e10
++1
1e+
--2
++1
-
1.2.3
1.2.3
--2
1ee2
1.2.3
e10
e10
1e+
--2
1e+
+
000.e
++1
1.2.3
e10
-
++1
1e+
+
e10
abc
1ee2
++1
.
-
1.2.3
abc
abc
1e+
-
--2
1e-
e10
0e
1.2.3
000.e
000.e
e10
1e+
++1
+
-
1.2.3
0e
1ee2
000.e
1.2.3
1ee2
1e-
0e
1e-
++1
--2
1ee2
1e-
--2
abc
-
abc
1.2.3
+
000.e
abc
1ee2
1e
++1
++1
--2
.
-
1.2.3
1e-
+
0e
1e
1e+
0e
+
--2
--2
000.e
--2
e10
000.e
000.e
0e
1ee2
1.2.3
+
e10
0e
0e
++1
1e
+
1e
000.e
++1
1ee2
000.e
000.e
1e-
--2
1e-
abc
0e
1e
-
+
-
000.e
e10
1.2.3
0e
1e-
.
1ee2
0e
--2
+
-
1e+
0e
++1
000.e
abc
1e-
abc
e10
1ee2
1.2.3
1e
--2
e10
1e-
1ee2
--2
e10
1e+
abc
e10
.
+
000.e
-
1e+
abc
.
000.e
1e
000.e
abc
000.e
1e-
++1
000.e
0e
1e
1e+
1e-
1.2.3
1ee2
abc
1e-
--2
000.e
abc
1e
--2
.
1e+
-
e10
++1
abc
0e
.
++1
.
-
1.2.3
.
1ee2
1.2.3
1e-
.
.
--2
1e
000.e
1e+
abc
1ee2
e10
abc
0e
e10
1e
1.2.3
abc
0e
0e
000.e
--2
000.e
-
e10
+
1.2.3
0e
.
0e
++1
1e+
1.2.3
-
1e+
+
++1
000.e
abc
++1
+
e10
-
+
++1
1ee2
0e
+
0e
1ee2
+
1e-
1ee2
000.e
abc
e10
-
++1
000.e
.
0e
0e
+
++1
+
abc
1e+
.
+
++1
.
1e+
++1
1.2.3
-
+
.
000.e
--2
.
+
000.e
1ee2
.
--2
abc
0e
1e-
++1
1e-
--2
--2
1ee2
1ee2
-
1e-
e10
--2
000.e
000.e
1e-
000.e
0e
1.2.3
1.2.3
000.e
1e-
1.2.3
1e-
1ee2
000.e
--2
e10
.
e10
1.2.3
1e+
+
1e-
abc
1e-
.
e10
000.e
000.e
-
+
abc
000.e
+
1.2.3
--2
.
--2
abc
1ee2
+
--2
0e
+
+
-
-
e10
-
--2
1e-
++1
++1
--2
1e-
--2
-
1e-
1e
--2
++1
1e+
--2
1e
-
1e
0e
+
1e-
1e-
++1
1e
1.2.3
0e
1ee2
++1
-
e10
1e+
1e-
000.e
1ee2
1e-
-
1e+
1e-
1ee2
1e-
1.2.3
e10
e10
0e
-
1ee2
1e+
--2
abc
000.e
-
+
e10
.
1ee2
.
++1
++1
1e+
abc
+
-
+
-
abc
abc
+
e10
-
1ee2
++1
.
0e
--2
000.e
1e
+
.
1e
--2
1e-
1e-
000.e
-
1e
1ee2
1e
.
.
--2
000.e
.
1e+
1ee2
1ee2
e10
.
++1
-
-
1.2.3
-
abc
0e
1e+
.
1ee2
1e+
--2
-
abc
1.2.3
1e
+
0e
--2
1ee2
1e+
1e-
.
1ee2
0e
1ee2
+
1e+
-
e10
1e-
abc
abc
-
++1
1.2.3
e10
e10
+
--2
++1
1e+
-
1ee2
--2
1.2.3
-
--2
000.e
000.e
++1
++1
1e
1e
000.e
e10
++1
-
--2
abc
++1
1e+
1ee2
++1
abc
++1
1.2.3
e10
--2
000.e
++1
0e
+
0e
1.2.3
1.2.3
1ee2
1e-
--2
+
++1
1e
1e
000.e
0e
1.2.3
abc
e10
0e
1e-
1e
0e
.
1.2.3
abc
+
+
-
-
--2
1e+
1e-
000.e
+
+
1.2.3
1e
1ee2
-
-
000.e
-
1e-
1e+
0e
1.2.3
000.e
.
++1
--2
-
.
0e
-
000.e
++1
1e+
e10
0e
1e-
++1
1e-
1.2.3
1e
1e
abc
1e-
1e-
--2
+
e10
-
1.2.3
-
-
1ee2
0e
1.2.3
1ee2
--2
1ee2
abc
1ee2
1ee2
abc
.
1ee2
-
abc
1.2.3
1e
1.2.3
1e
abc
-
1ee2
0e
1.2.3
.
1e+
0e
1ee2
0e
1e
.
1.2.3
e10
1e
1e
.
e10
abc
1ee2
++1
1e-
1.2.3
1e
1e
1ee2
1.2.3
.
1e+
++1
1ee2
1.2.3
1e
.
--2
1e+
-
1ee2
++1
--2
0e
1ee2
-
1.2.3
--2
1ee2
1.2.3
--2
1e
e10
1.2.3
--2
1ee2
1e
abc
-
1ee2
1ee2
0e
000.e
0e
+
abc
++1
--2
e10
1.2.3
1.2.3
1.2.3
--2
1ee2
1.2.3
-
1e-
1e
abc
.
--2
000.e
.
1ee2
1.2.3
1e-
1ee2
1e+
--2
abc
1e+
abc
1ee2
1e
0e
abc
+
000.e
e10
abc
000.e
000.e
+
0e
abc
e10
abc
1ee2
-
1.2.3
e10
--2
1e+
.
.
1e-
1.2.3
e10
0e
1e+
1ee2
000.e
+
0e
--2
000.e
0e
000.e
e10
0e
++1
+
abc
abc
0e
-
.
000.e
-
++1
e10
++1
1e-
000.e
+
0e
1e+
abc
++1
1e
000.e
e10
++1
++1
--2
1e-
+
.
++1
1ee2
0e
+
-
++1
-
++1
abc
e10
abc
--2
1ee2
abc
--2
0e
0e
1e
0e
000.e
e10
1e-
++1
++1
--2
++1
1ee2
000.e
0e
1e+
-
000.e
0e
1.2.3
.
--2
1ee2
0e
.
-
1e-
1.2.3
abc
.
1e
1e
-
+
+
1e+
0e
1e
--2
000.e
0e
1e
.
+
-
000.e
e10
1ee2
++1
+
-
1e
++1
abc
1e
.
000.e
++1
000.e
++1
0e
0e
e10
abc
0e
1e
e10
1e-
1ee2
1e
abc
--2
--2
+
--2
0e
abc
--2
-
000.e
e10
.
1e-
1e-
0e
--2
++1
1e
abc
1e-
++1
e10
1e-
e10
+
e10
abc
-
1e
0e
abc
1e
1e+
.
0e
e10
1e-
abc
1e-
1e-
++1
--2
000.e
1ee2
+
++1
e10
abc
abc
e10
++1
.
--2
1e-
++1
1ee2
+
1ee2
1e-
abc
000.e
1ee2
1e
abc
1e+
000.e
--2
1e
++1
--2
e10
0e
1e+
-
+
+
abc
0e
++1
000.e
e10
e10
abc
0e
0e
++1
.
--2
0e
abc
1e
000.e
e10
000.e
.
abc
++1
.
1ee2
1.2.3
1e+
abc
1e
1.2.3
1.2.3
+
.
0e
abc
++1
.
-
1e+
+
abc
000.e
1e+
-
0e
.
e10
-
1ee2
++1
1e+
abc
1.2.3
--2
1e-
e10
-
1.2.3
--2
1e
1.2.3
-
.
-
1ee2
e10
1e
abc
-
1e-
1ee2
000.e
-
0e
--2
++1
0e
.
+
++1
e10
e10
000.e
1e
1e-
1ee2
1ee2
1e+
000.e
++1
1ee2
1.2.3
++1
1e
1ee2
.
-
1e-
e10
1.2.3
++1
0e
000.e
--2
0e
++1
000.e
000.e
000.e
.
1.2.3
.
--2
+
-
1e-
000.e
0e
1e
++1
1ee2
++1
1e
+
-
1ee2
1e
e10
1ee2
000.e
abc
+
1e+
-
1ee2
000.e
.
abc
000.e
e10
1e-
0e
1ee2
1ee2
1e+
1ee2
+
1ee2
--2
+
++1
+
0e
--2
abc
e10
.
1.2.3
++1
1e+
000.e
-
e10
1e
1e
--2
1ee2
abc
1.2.3
-
1e+
e10
abc
1e+
1.2.3
e10
1e
--2
e10
--2
e10
1e
1e-
--2
.
+
1e+
--2
.
e10
--2
1e+
1e+
1.2.3
1e+
1ee2
e10
-
-
1e-
000.e
1e
1e
1ee2
e10
.
1ee2
e10
1e+
1e
--2
.
0e
000.e
abc
0e
.
1ee2
000.e
1e
e10
--2
0e
1.2.3
000.e
1e+
abc
abc
000.e
++1
--2
abc
++1
-
+
0e
abc
e10
1e+
--2
-
-
e10
1e+
abc
0e
000.e
1.2.3
abc
1ee2
++1
e10
1e+
1ee2
e10
0e
--2
0e
000.e
1e-
0e
1e+
abc
1.2.3
+
1e-
000.e
1.2.3
+
1e-
0e
1e-
++1
.
-
1e
000.e
.
.
--2
000.e
1ee2
abc
e10
000.e
1.2.3
1.2.3
abc
000.e
e10
++1
1.2.3
1e+
0e
.
abc
-
1e
1ee2
++1
0e
+
1ee2
1e-
1ee2
abc
--2
++1
1.2.3
1e
++1
+
--2
1e-
000.e
1e-
--2
1e+
1.2.3
1e-
++1
.
e10
++1
e10
1e-
1e-
1.2.3
1.2.3
1e+
1e-
1.2.3
1.2.3
--2
1.2.3
.
-
--2
e10
++1
abc
++1
1e
-
1e+
.
1e+
1e+
0e
000.e
e10
++1
-
.
.
1ee2
++1
-
e10
--2
.
e10
.
1e+
-
-
.
1ee2
0e
0e
--2
e10
1.2.3
e10
1ee2
1ee2
e10
+
1ee2
.
++1
+
1e
1ee2
1e
e10
000.e
1e-
-
-
0e
e10
++1
1e+
--2
1ee2
1.2.3
0e
1e-
.
+
.
-
abc
e10
1e+
1.2.3
+
1ee2
1ee2
1e-
1.2.3
--2
1e-
abc
.
0e
--2
abc
-
e10
1e
--2
000.e
1ee2
0e
abc
-
.
1e+
.
1e-
1ee2
.
-
e10
1e+
0e
000.e
0e
.
++1
1e-
1e+
+
0e
++1
1.2.3
++1
000.e
1.2.3
+
1.2.3
--2
1ee2
1e-
1e
--2
-
000.e
1ee2
+
1e+
e10
1e+
1.2.3
abc
+
+
1e-
--2
abc
0e
0e
000.e
1.2.3
000.e
--2
0e
-
++1
++1
0e
++1
1e+
1e+
1ee2
1ee2
.
++1
++1
++1
-
000.e
1e
000.e
1e
.
1e
1e
--2
-
1.2.3
-
1e
--2
e10
1e
++1
1e
1e-
1.2.3
--2
.
--2
1e-
e10
.
--2
++1
000.e
.
000.e
+
0e
++1
1ee2
000.e
0e
++1
1e
--2
0e
1e-
++1
e10
--2
0e
0e
0e
000.e
abc
--2
++1
000.e
1.2.3
-
++1
1e-
000.e
000.e
1ee2
1.2.3
0e
.
-
-
000.e
-
1.2.3
000.e
1e+
+
0e
--2
1e-
.
-
1.2.3
1e+
1.2.3
-
000.e
+
1e
+
.
000.e
.
abc
+
1e
.
1e-
.
--2
1.2.3
-
1.2.3
1e-
1ee2
--2
1ee2
1e+
e10
e10
1e-
++1
0e
+
0e
.
--2
e10
-
-
1e
1e+
000.e
+
e10
1e
1.2.3
--2
1.2.3
e10
1e
0e
--2
+
1ee2
1.2.3
1.2.3
--2
000.e
e10
++1
e10
1e+
--2
1e+
1ee2
1e+
1e
1ee2
.
1e
1e+
1ee2
1e
--2
000.e
-
1e+
1e-
-
1e-
--2
1ee2
000.e
1ee2
1ee2
1e+
1e
1e
++1
0e
+
1ee2
1e
+
0e
abc
e10
e10
1.2.3
1e+
abc
e10
1e+
+
1ee2
1e-
000.e
abc
-
1e-
--2
1e+
0e
.
abc
+
-
1e
1e+
000.e
0e
000.e
--2
abc
0e
++1
--2
0e
1e
--2
1e
+
--2
1e+
0e
e10
e10
000.e
.
1.2.3
000.e
1e
--2
1e
abc
--2
--2
--2
1e
.
000.e
1e
--2
+
++1
1.2.3
0e
1e+
-
1e
--2
+
abc
--2
-
-
-
1.2.3
.
0e
1e+
abc
1.2.3
1e+
--2
000.e
+
1ee2
1.2.3
--2
-
1e-
--2
-
++1
++1
1e+
+
abc
e10
1e-
000.e
+
000.e
000.e
.
abc
1.2.3
-
-
+
e10
abc
++1
-
1.2.3
.
-
000.e
abc
--2
1ee2
1e
--2
+
1.2.3
1e+
.
++1
e10
000.e
0e
1.2.3
-
0e
1.2.3
1e+
1e
0e
.
0e
1ee2
abc
1.2.3
abc
--2
+
1ee2
e10
1e
000.e
1ee2
1e
1.2.3
.
000.e
1e-
1e-
-
++1
1e-
.
.
000.e
1e-
000.e
-
-
1e+
++1
abc
1e-
1e-
e10
1.2.3
e10
000.e
--2
+
--2
abc
-
000.e
e10
1e
1ee2
1ee2
1.2.3
1e+
-
0e
1.2.3
1e
-
-
1e-
abc
0e
e10
--2
.
+
1e+
abc
1.2.3
000.e
1e
.
e10
0e
+
1e+
000.e
1e-
1e-
+
1.2.3
0e
1e+
abc
abc
0e
1e-
1e+
e10
1.2.3
-
1e
-
1ee2
1e+
1.2.3
--2
e10
abc
-
1ee2
--2
e10
000.e
1ee2
0e
1e+
-
abc
000.e
000.e
1e+
0e
-
1e-
1e
1e
1ee2
1e-
1ee2
abc
+
0e
++1
+
+
+
+
0e
1e-
--2
1ee2
1e+
--2
--2
.
1e+
1ee2
++1
abc
.
++1
.
1e-
+
e10
--2
1ee2
-
0e
1e
1ee2
1.2.3
abc
1e-
abc
1e-
-
1e-
1.2.3
.
1e+
+
1e
abc
1.2.3
1e
++1
000.e
1.2.3
1e
--2
1ee2
000.e
1.2.3
++1
+
++1
1ee2
1e-
.
.
0e
1ee2
e10
0e
1e
+
000.e
1.2.3
--2
1.2.3
--2
e10
-
1e-
-
1e-
.
1e-
1e+
000.e
1e
0e
--2
e10
1e-
1ee2
1e+
1e+
000.e
0e
e10
abc
e10
+
e10
1e
1.2.3
0e
1.2.3
+
0e
++1
1.2.3
1ee2
000.e
1ee2
1e
e10
.
.
.
+
++1
--2
1e+
1ee2
.
1e+
1.2.3
e10
++1
-
1ee2
1e
1e
++1
abc
000.e
--2
e10
1e
++1
-
1e
--2
abc
.
+
.
1e
-
++1
1e-
abc
--2
000.e
+
.
1ee2
+
abc
e10
-
e10
-
0e
1e+
000.e
--2
1e+
-
000.e
--2
+
0e
0e
--2
abc
0e
1e
--2
-
abc
1.2.3
1e
-
1ee2
-
1.2.3
0e
000.e
1ee2
1e-
0e
--2
1e+
000.e
1e+
1e+
1ee2
1e
e10
1e
abc
abc
1e-
abc
+
abc
1e-
1e+
e10
abc
000.e
1e
++1
1e-
++1
abc
1e+
1.2.3
--2
1e
+
++1
.
.
1e+
1e+
1.2.3
1e-
1ee2
1e+
1.2.3
++1
1ee2
-
1.2.3
abc
.
abc
+
--2
e10
1e-
000.e
1e-
1ee2
.
1e-
1ee2
++1
+
1ee2
-
1ee2
1.2.3
e10
1.2.3
1.2.3
0e
-
abc
1e-
0e
000.e
1ee2
1.2.3
000.e
1e+
0e
.
.
0e
0e
+
++1
abc
-
1ee2
--2
--2
--2
1e-
1e-
1ee2
1e+
0e
000.e
1.2.3
1.2.3
1.2.3
abc
--2
-
++1
1e-
1e-
e10
abc
1e-
abc
0e
abc
0e
e10
1ee2
0e
1.2.3
1e+
1e+
1e
.
e10
1e-
1.2.3
-
+
.
-
000.e
--2
1e+
e10
-
.
1.2.3
++1
+
0e
1ee2
.
1e
-
1e-
1e-
000.e
1e-
++1
abc
--2
--2
-
e10
1.2.3
1e-
1ee2
1e
0e
--2
1ee2
.
1e+
-
++1
1.2.3
1e
.
0e
-
++1
1e+
1.2.3
1.2.3
++1
1e
1.2.3
1ee2
abc
1ee2
000.e
1e-
1e-
1e+
1ee2
1e
000.e
0e
1e+
--2
0e
1ee2
1e
+
e10
1.2.3
000.e
1e
1.2.3
1.2.3
e10
e10
0e
-
1e
.
-
--2
1e
abc
--2
e10
e10
--2
1ee2
1e+
e10
1e+
e10
000.e
1.2.3
e10
++1
.
1.2.3
1e+
e10
1e+
abc
1e
e10
1e
+
e10
+
abc
.
--2
1e
1e-
-
+
1e+
abc
+
e10
-
.
++1
-
1e-
0e
1e-
-
abc
1e+
+
1.2.3
.
+
.
.
1.2.3
1e+
++1
--2
000.e
1.2.3
0e
1e-
1e-
1ee2
abc
1e-
1e
++1
1e
++1
1ee2
1e
++1
-
1e+
-
1.2.3
--2
.
++1
.
1.2.3
1ee2
-
+
0e
e10
1e-
.
--2
--2
1.2.3
000.e
+
0e
1e+
.
--2
++1
1e-
000.e
1e+
1e
1e+
1e-
1e-
000.e
1e+
1e-
++1
-
000.e
1ee2
0e
-
--2
-
+
++1
0e
++1
.
000.e
1e-
000.e
1.2.3
1e
++1
1.2.3
0e
1.2.3
--2
1ee2
++1
1e-
.
1e
--2
000.e
--2
e10
1ee2
0e
abc
++1
000.e
.
++1
++1
1ee2
+
+
.
-
1.2.3
1e+
1ee2
++1
0e
e10
++1
--2
--2
abc
1e+
1e-
abc
1.2.3
.
1ee2
.
1.2.3
.
+
.
1ee2
0e
.
--2
.
e10
1e
000.e
1ee2
1e
e10
1e+
--2
e10
1e
-
000.e
e10
1e+
1ee2
.
1ee2
0e
e10
000.e
.
1.2.3
+
-
++1
1e+
-
1ee2
1e
-
-
1e
000.e
1ee2
++1
1ee2
--2
abc
+
+
1ee2
.
e10
1e
000.e
abc
1e
--2
--2
++1
++1
1ee2
0e
abc
-
+
1e+
e10
1e+
--2
.
.
1e+
0e
000.e
e10
0e
1.2.3
abc
e10
-
1e+
--2
1e
e10
1e-
1e-
1ee2
1.2.3
e10
0e
1e
1.2.3
--2
1e-
000.e
++1
+
000.e
000.e
1e-
-
abc
-
++1
-
++1
-
1e-
1e
1.2.3
abc
1.2.3
1e+
1e-
1e-
000.e
.
0e
--2
1.2.3
.
.
--2
--2
+
++1
+
abc
abc
+
--2
.
-
e10
1e+
1e+
-
1ee2
e10
.
abc
1.2.3
000.e
1e+
.
000.e
--2
--2
e10
0e
000.e
1e
e10
1.2.3
1.2.3
.
abc
-
1e+
.
e10
++1
-
-
1e+
1e-
1e+
1e
0e
++1
+
1e+
.
e10
abc
1ee2
0e
e10
+
1.2.3
1ee2
-
.
0e
000.e
1e+
++1
e10
1e
e10
e10
1.2.3
0e
0e
--2
++1
++1
1ee2
-
0e
1e
000.e
1ee2
e10
1e
--2
+
000.e
0e
1ee2
.
1ee2
abc
000.e
0e
e10
1e
1ee2
1e-
e10
++1
1e+
.
1e-
1.2.3
+
1.2.3
0e
e10
+
1e
abc
0e
++1
1ee2
1.2.3
+
000.e
1.2.3
1ee2
1ee2
1e+
.
++1
--2
1ee2
1e+
0e
1e-
1ee2
1e-
000.e
--2
000.e
++1
e10
0e
1e-
1e-
1e+
1e+
++1
++1
--2
0e
+
1e
-
1e-
--2
1e+
1e+
1e
0e
1e+
1e
+
0e
000.e
000.e
-
1e-
1ee2
--2
--2
1.2.3
--2
--2
0e
1e+
1e+
000.e
abc
.
abc
1ee2
--2
1e+
1e-
+
1e-
abc
++1
--2
1.2.3
0e
-
+
1e+
++1
--2
--2
++1
--2
e10
--2
+
1ee2
000.e
1e
1.2.3
000.e
000.e
++1
-
1e
++1
.
.
1e+
--2
--2
abc
-
e10
1e-
1e+
e10
000.e
000.e
1ee2
+
++1
1e
1e
e10
++1
e10
abc
1e+
0e
1e
e10
-
1.2.3
++1
1e+
000.e
e10
0e
000.e
.
abc
--2
000.e
abc
--2
.
1.2.3
1.2.3
abc
-
1e-
e10
1e+
000.e
+
+
1e+
.
1e-
0e
1ee2
0e
++1
.
e10
1e
e10
e10
1e+
e10
1ee2
1.2.3
e10
1e+
1e-
1e-
1e
--2
1ee2
--2
1e
1.2.3
1e
000.e
1e-
1ee2
-
1ee2
1e
.
.
1e-
e10
1e
++1
1.2.3
-
++1
1.2.3
1e+
1.2.3
++1
1e-
abc
1.2.3
e10
1e+
--2
abc
1e+
.
abc
abc
1e
abc
0e
1e
-
abc
1.2.3
0e
+
1ee2
1e-
1ee2
abc
--2
0e
000.e
abc
.
000.e
1e
e10
-
1e-
+
--2
+
+
000.e
1.2.3
--2
000.e
000.e
1e
-
0e
+
1e-
e10
000.e
1.2.3
.
1ee2
1e+
++1
-
1e
0e
.
0e
1e-
1e-
.
1.2.3
1e+
000.e
.
abc
e10
e10
1e-
000.e
+
.
0e
0e
0e
0e
++1
1e+
1ee2
e10
++1
-
1e+
000.e
+
++1
--2
1.2.3
1e
1.2.3
abc
--2
1.2.3
000.e
1e-
1ee2
0e
000.e
1e-
e10
+
abc
+
+
1ee2
abc
--2
000.e
e10
1.2.3
1ee2
1e
e10
-
-
1.2.3
abc
abc
-
abc
1e
e10
--2
+
--2
1e+
000.e
1.2.3
--2
abc
.
1ee2
.
.
1ee2
++1
e10
1e-
1e
1e+
1ee2
1ee2
0e
1e-
1e
1ee2
abc
1e
000.e
abc
++1
-
-
abc
1e+
000.e
1ee2
1.2.3
+
1e-
e10
++1
+
1e
000.e
1.2.3
.
e10
1e-
1e-
e10
e10
.
.
000.e
.
1e-
1e
1.2.3
1e+
.
1e
abc
1e
++1
1ee2
--2
-
1e+
abc
abc
abc
1e-
.
000.e
--2
--2
+
1e-
-
1e
++1
000.e
+
1ee2
1ee2
++1
000.e
abc
0e
0e
1e-
e10
--2
-
+
--2
--2
e10
1.2.3
-
1e-
1ee2
1e+
1.2.3
+
1e+
--2
1e-
0e
abc
e10
++1
1ee2
1e
abc
1e
.
--2
+
1.2.3
+
0e
000.e
1e
1ee2
--2
1ee2
1e+
000.e
1e+
1ee2
--2
.
abc
1ee2
.
abc
0e
.
1.2.3
1e-
1.2.3
1e-
1ee2
-
000.e
abc
000.e
1e+
1e
1e+
1e+
0e
.
.
1e-
1ee2
1ee2
1e+
--2
000.e
--2
e10
abc
1ee2
1e+
1e+
++1
e10
.
1e-
.
000.e
1.2.3
000.e
1e-
e10
-
000.e
000.e
1.2.3
++1
1ee2
1ee2
.
+
-
1e-
--2
++1
abc
-
1.2.3
1e+
+
1e
0e
.
1e
.
.
e10
1e-
1e+
-
abc
1e+
--2
000.e
0e
++1
--2
++1
+
e10
++1
1e+
1e
1ee2
000.e
++1
1e-
-
e10
1ee2
++1
abc
abc
-
++1
1e+
1e+
--2
1ee2
1e+
1e
1.2.3
++1
--2
1e+
1e
0e
.
1.2.3
-
1e
+
1e
abc
e10
1e
e10
1e-
+
1.2.3
++1
++1
1ee2
.
1e+
1.2.3
--2
--2
++1
0e
++1
1ee2
1e+
e10
.
1e-
0e
1ee2
1.2.3
1e-
000.e
e10
000.e
+
1e+
.
1.2.3
000.e
1e+
1e+
--2
.
--2
0e
+
abc
000.e
abc
1e
e10
++1
--2
000.e
0e
e10
e10
+
0e
1e-
1e+
1ee2
abc
1e
1.2.3
1e-
-
+
--2
++1
.
abc
1e-
1e+
1e-
000.e
1e-
1ee2
+
--2
1ee2
1e
1e
--2
--2
-
abc
.
1e+
++1
1e+
000.e
e10
+
000.e
1e+
abc
++1
1.2.3
1e-
1.2.3
e10
1ee2
--2
1.2.3
000.e
1ee2
e10
++1
++1
+
000.e
--2
1e-
abc
-
1.2.3
1.2.3
abc
1.2.3
1e-
1e
+
1ee2
000.e
abc
1e-
abc
.
++1
e10
1.2.3
1.2.3
1e-
1e+
+
--2
0e
.
abc
000.e
+
1ee2
1e+
000.e
.
000.e
1e+
1e-
.
--2
abc
++1
000.e
1e
-
e10
--2
0e
1e
.
e10
-
--2
+
1e-
1e
-
-
-
e10
1ee2
abc
.
++1
--2
e10
1e-
0e
-
-
--2
-
1e+
-
abc
-
1e+
e10
.
.
1e+
--2
1.2.3
--2
0e
.
++1
+
--2
++1
--2
0e
1ee2
1e
abc
++1
1e-
1ee2
.
000.e
.
.
.
0e
000.e
e10
1e-
++1
1e
+
e10
000.e
1e-
1e
.
000.e
abc
+
1e+
e10
abc
1e-
+
e10
abc
+
1e-
1e-
+
abc
000.e
++1
e10
1e-
e10
++1
--2
--2
--2
000.e
1ee2
000.e
000.e
1.2.3
++1
-
1e-
1e-
1e-
1.2.3
--2
1ee2
1e
1e-
1e-
1e
++1
++1
e10
+
--2
abc
1e
--2
000.e
1.2.3
1.2.3
-
000.e
abc
-
-
++1
1e
abc
1e-
e10
+
-
+
0e
1ee2
abc
1.2.3
000.e
0e
--2
.
-
000.e
++1
1e+
000.e
-
1.2.3
--2
--2
000.e
1e-
-
.
1ee2
.
e10
1e-
abc
abc
++1
-
+
000.e
0e
000.e
1ee2
.
1e-
1e-
.
1e-
abc
1e-
+
-
--2
e10
abc
--2
e10
-
1.2.3
0e
abc
++1
+
-
1e
0e
+
0e
1e
--2
.
0e
abc
abc
1e+
e10
1.2.3
--2
+
abc
-
++1
000.e
1e-
1ee2
1e-
000.e
++1
0e
.
-
0e
1e-
1.2.3
abc
abc
1e+
e10
e10
0e
000.e
000.e
000.e
1e-
1e+
++1
0e
000.e
--2
.
1ee2
1e+
1e-
abc
++1
abc
++1
e10
1ee2
000.e
0e
abc
1e+
1e
+
000.e
1e
1e
+
.
e10
.
1e-
.
++1
1e
1ee2
0e
1ee2
e10
1ee2
.
-
abc
abc
0e
1e
.
1ee2
1ee2
1ee2
+
1e+
++1
-
000.e
-
--2
1e+
--2
.
abc
abc
1e+
abc
1e-
000.e
-
1e-
1ee2
1.2.3
.
0e
--2
1e
--2
000.e
+
1ee2
1e-
0e
1e-
++1
000.e
+
1e-
1e+
0e
--2
0e
+
1e+
1ee2
+
1e+
e10
e10
1e-
abc
000.e
1e
+
e10
0e
1e+
.
+
1e+
+
e10
1.2.3
.
++1
abc
++1
1ee2
--2
1e+
++1
000.e
++1
-
1.2.3
-
0e
1ee2
+
0e
0e
-
e10
e10
1e-
-
.
1ee2
--2
abc
++1
++1
1.2.3
--2
abc
000.e
abc
1ee2
1e
--2
-
-
1e+
000.e
1ee2
0e
.
000.e
1ee2
++1
000.e
--2
000.e
0e
e10
1e-
e10
.
--2
000.e
++1
abc
e10
+
+
+
.
000.e
++1
.
1ee2
--2
1e
1e-
++1
000.e
1.2.3
++1
1ee2
1ee2
+
++1
abc
-
--2
0e
0e
1e-
++1
1ee2
.
e10
abc
1.2.3
0e
000.e
--2
++1
e10
1e+
000.e
++1
e10
1e-
1e
000.e
++1
000.e
000.e
+
.
1e+
--2
++1
1e-
abc
1ee2
1.2.3
1e
-
1e
abc
-
000.e
-
0e
abc
0e
000.e
++1
-
-
1.2.3
+
--2
abc
1e+
1e+
000.e
-
1.2.3
+
--2
--2
000.e
e10
e10
--2
+
abc
-
1e
1ee2
-
++1
1ee2
abc
abc
--2
1ee2
1e+
1e-
0e
1e
.
++1
+
0e
e10
1e+
000.e
1ee2
abc
000.e
1.2.3
1.2.3
1ee2
++1
0e
--2
abc
1e
1e+
-
+
.
abc
e10
--2
e10
1.2.3
1ee2
.
1e-
.
1ee2
.
abc
000.e
1ee2
1e+
1e-
1ee2
+
+
-
--2
.
1e-
+
-
--2
1ee2
000.e
1e-
-
1ee2
abc
.
0e
1e-
abc
1ee2
--2
000.e
--2
e10
e10
1.2.3
.
-
000.e
0e
.
--2
+
abc
--2
-
e10
++1
.
1e-
1e+
+
0e
1e-
+
--2
++1
1ee2
0e
++1
1.2.3
--2
e10
--2
000.e
0e
abc
e10
-
+
1e
++1
-
1e+
1.2.3
000.e
1ee2
-
-
1.2.3
e10
++1
+
-
-
0e
1ee2
1e-
1ee2
1.2.3
0e
1e+
000.e
--2
0e
0e
-
1e-
+
1e
--2
++1
1e+
e10
-
1ee2
000.e
--2
0e
1e-
1ee2
.
1e+
++1
1e+
000.e
1e
.
000.e
1e-
1e-
1e
-
--2
0e
abc
.
1.2.3
000.e
.
1e
1e-
++1
1.2.3
.
1e+
++1
++1
1e+
1e+
.
1e
0e
1.2.3
+
--2
++1
1.2.3
1ee2
1ee2
1.2.3
.
0e
-
1e
e10
1e+
.
-
+
000.e
abc
1e
--2
1e+
--2
000.e
e10
-
--2
1e-
-
1ee2
1ee2
1.2.3
+
1e-
++1
.
1e+
-
1e-
--2
.
1e
1e-
1e
1.2.3
1.2.3
1.2.3
000.e
.
1.2.3
+
0e
1ee2
1e
+
abc
--2
+
1ee2
1ee2
1.2.3
abc
++1
e10
-
000.e
-
1e
-
1e-
-
0e
000.e
++1
1ee2
000.e
.
1e+
--2
000.e
1e+
1.2.3
1e-
+
1e
1e+
++1
000.e
.
-
.
.
abc
1e-
1.2.3
-
1e-
-
++1
1.2.3
1ee2
1ee2
1ee2
1e-
0e
1e+
.
1.2.3
1.2.3
1e
1e
++1
++1
--2
-
1e-
1e
000.e
1ee2
000.e
1e+
1e+
abc
--2
1e-
1e-
000.e
1e
+
1e
+
abc
--2
e10
-
-
1e+
e10
1e-
.
1.2.3
0e
1.2.3
1ee2
1e+
+
++1
--2
1ee2
e10
.
+
1e
0e
1ee2
1.2.3
1e+
1e-
--2
1.2.3
1e
e10
1e
1ee2
+
e10
--2
000.e
1e
+
0e
abc
1.2.3
.
++1
-
1.2.3
1ee2
0e
000.e
--2
abc
0e
+
--2
.
.
1ee2
1e+
000.e
000.e
--2
1e+
--2
1e-
++1
1e-
1.2.3
000.e
1e+
abc
1e+
1e+
-
1ee2
.
1ee2
.
1e+
1.2.3
1e
-
abc
1.2.3
1.2.3
000.e
1e-
--2
000.e
abc
000.e
0e
1e
000.e
1e-
1e
1ee2
1e-
1.2.3
--2
1e
1ee2
-
1ee2
-
1ee2
1.2.3
abc
0e
1e+
e10
-
0e
000.e
--2
000.e
1e+
1e+
1.2.3
--2
--2
1.2.3
1.2.3
1e
0e
000.e
000.e
0e
--2
1ee2
1ee2
--2
1ee2
0e
1e-
1e+
.
1ee2
-
1.2.3
0e
1ee2
000.e
000.e
1e-
abc
000.e
-
0e
+
1e
e10
1.2.3
--2
-
1e
0e
--2
1ee2
000.e
1ee2
-
-
1e+
++1
abc
--2
1e+
1e-
1ee2
e10
1ee2
1e-
1.2.3
0e
.
1ee2
abc
--2
++1
1ee2
1e-
.
.
e10
.
--2
--2
1.2.3
1.2.3
1ee2
abc
--2
++1
abc
1ee2
000.e
1ee2
++1
--2
--2
1e
1e-
abc
--2
1e+
1.2.3
--2
1e-
--2
0e
0e
+
+
++1
-
.
1e+
.
1e+
000.e
1e
++1
1ee2
1e+
1.2.3
1e
1ee2
1e+
1ee2
.
0e
++1
1e
abc
1ee2
1ee2
1e
e10
--2
1ee2
1ee2
0e
-
++1
1.2.3
++1
1e
-
1ee2
-
1e
0e
1e-
e10
-
abc
1ee2
-
-
.
--2
0e
abc
e10
abc
abc
-
++1
+
-
e10
1e-
abc
1e-
1e
1e-
1e+
e10
.
abc
.
abc
1e-
1e
abc
--2
1ee2
-
.
1ee2
+
-
1e
e10
000.e
e10
e10
1e-
--2
++1
1.2.3
0e
1.2.3
abc
e10
abc
1.2.3
.
0e
abc
1e-
--2
1e+
1.2.3
-
1ee2
1e-
0e
1e
1ee2
+
000.e
1ee2
-
1e+
+
.
--2
-
0e
++1
abc
abc
+
000.e
1e+
1.2.3
+
+
abc
1e-
1e
e10
1.2.3
1.2.3
1.2.3
-
1e
--2
1e-
abc
1e+
+
1e-
.
++1
++1
--2
abc
--2
--2
1e+
++1
000.e
000.e
-
e10
.
1e+
.
1e+
1e+
++1
0e
1e-
abc
.
000.e
+
abc
0e
.
0e
++1
1e-
1.2.3
1ee2
1ee2
.
--2
1ee2
1.2.3
1e
1e+
-
1e+
1e-
--2
.
+
1e+
1e-
1e
--2
e10
0e
1e-
.
--2
1e
--2
000.e
1e-
++1
1.2.3
--2
1e-
1ee2
1ee2
0e
1e-
1e
1.2.3
+
1.2.3
--2
1ee2
1.2.3
++1
1.2.3
1.2.3
--2
++1
1ee2
000.e
1e
1e
++1
-
1e-
0e
1.2.3
0e
e10
.
.
e10
+
1.2.3
1.2.3
e10
1ee2
abc
+
abc
1.2.3
-
000.e
1ee2
1ee2
1e
+
1e+
000.e
1e+
abc
+
000.e
+
0e
abc
+
++1
++1
1ee2
e10
--2
1.2.3
+
1e-
+
+
++1
1.2.3
1ee2
.
1e
-
1.2.3
1e
--2
++1
+
+
e10
+
1e
.
1e
-
-
1e
1e
1e-
.
000.e
.
0e
++1
1ee2
+
000.e
0e
abc
000.e
e10
1e
+
e10
+
1e
1.2.3
e10
--2
++1
abc
0e
+
1e-
--2
0e
--2
--2
1e
+
++1
1.2.3
1e
1.2.3
1e-
-
.
1ee2
1e-
1e+
abc
1e
1e+
--2
1e+
1e-
++1
0e
--2
+
1ee2
0e
1.2.3
-
000.e
1e-
1e+
e10
1e
1e
--2
e10
000.e
e10
000.e
-
-
1e-
1ee2
000.e
-
++1
1ee2
1e-
++1
1e+
e10
--2
e10
++1
1e+
1e+
000.e
e10
--2
++1
abc
1e+
0e
++1
1e+
abc
.
--2
0e
++1
-
0e
--2
+
1ee2
--2
000.e
1e+
--2
+
000.e
000.e
e10
-
1e-
--2
.
1.2.3
1e
.
.
++1
0e
1e+
1e-
abc
.
1ee2
+
1e
e10
1.2.3
1.2.3
.
0e
000.e
+
+
abc
e10
0e
1.2.3
000.e
1.2.3
abc
+
0e
000.e
e10
1e+
++1
1ee2
1.2.3
e10
1e-
1.2.3
+
--2
+
.
1e
+
1e
0e
+
1e+
0e
000.e
0e
1ee2
.
++1
1e
1e+
0e
++1
++1
++1
1e-
++1
+
++1
1e+
abc
0e
+
-
1.2.3
1e-
1.2.3
000.e
++1
abc
++1
1e
e10
1ee2
abc
1e-
1ee2
--2
1e
++1
1ee2
1.2.3
1e+
000.e
1.2.3
--2
1ee2
1ee2
000.e
abc
000.e
++1
1e-
0e
e10
.
1.2.3
1e
000.e
-
1ee2
abc
0e
1e
1e-
1e+
1.2.3
e10
--2
1e+
1e-
1.2.3
0e
+
+
1e-
++1
++1
abc
1ee2
1ee2
abc
.
000.e
e10
+
000.e
1e-
+
1ee2
1e
1e-
+
abc
--2
1ee2
-
--2
1.2.3
++1
abc
0e
0e
abc
1.2.3
1e
1e
1e-
1e-
1e+
.
-
--2
--2
.
1.2.3
1e+
1.2.3
.
.
++1
000.e
-
++1
1e
1ee2
0e
++1
1e
1e
.
e10
++1
0e
1.2.3
++1
+
0e
000.e
--2
--2
000.e
1ee2
1.2.3
1e+
0e
000.e
1e
--2
1e+
1e+
.
1e-
--2
1e-
000.e
1e
1e-
1e-
+
1e-
.
1e
1e
abc
.
e10
abc
1e
1.2.3
1e
1e+
e10
1e-
e10
1.2.3
abc
e10
e10
abc
.
abc
++1
000.e
1e
-
1ee2
000.e
++1
0e
0e
abc
1.2.3
+
000.e
1e-
000.e
1ee2
++1
++1
abc
abc
1.2.3
abc
abc
+
++1
000.e
000.e
abc
000.e
+
++1
.
1e
0e
0e
1ee2
+
abc
++1
1e
abc
000.e
.
++1
--2
1e
e10
+
0e
--2
.
abc
abc
abc
--2
1e-
1e+
abc
+
1e+
.
000.e
+
--2
++1
1e-
000.e
1.2.3
+
e10
1.2.3
1e-
e10
1e
1ee2
+
e10
1.2.3
000.e
.
+
1e+
++1
abc
abc
1.2.3
++1
+
1e+
e10
1e-
--2
1e
abc
1e-
0e
+
0e
1ee2
abc
0e
+
++1
0e
.
1e+
.
1e+
0e
+
000.e
.
1ee2
--2
--2
1.2.3
1.2.3
000.e
1.2.3
+
1e+
1e+
000.e
1ee2
1ee2
0e
+
1ee2
1ee2
1e
1.2.3
000.e
+
-
--2
1e+
1.2.3
1.2.3
abc
--2
1e+
.
++1
.
abc
1ee2
1e-
1e
1e+
+
.
1ee2
-
1e
.
abc
1e-
1.2.3
abc
1e
1e
-
0e
abc
--2
-
.
0e
++1
000.e
1.2.3
abc
1.2.3
.
1e-
1ee2
++1
1e-
--2
.
+
1e-
000.e
000.e
1e-
1ee2
1ee2
1e
+
.
1ee2
0e
1ee2
1e+
1e+
1ee2
abc
++1
1e+
1.2.3
1ee2
++1
.
1e-
000.e
1e
1e
.
000.e
1e
.
1.2.3
1e
1e
-
e10
abc
.
1e
--2
1ee2
++1
.
1e-
e10
1e-
1.2.3
abc
1e+
1e
1.2.3
000.e
1.2.3
-
e10
1e+
e10
1e
e10
e10
abc
--2
1ee2
1.2.3
--2
+
1e+
e10
--2
1e
--2
000.e
e10
+
1e-
0e
1ee2
.
.
1e+
-
1e-
1.2.3
++1
1e-
++1
+
1e-
++1
e10
-
++1
1.2.3
0e
-
--2
0e
e10
1e+
000.e
1e+
-
abc
++1
--2
-
1e-
e10
--2
.
1.2.3
+
1.2.3
1e
000.e
1.2.3
1e
1e
1ee2
abc
0e
000.e
abc
1ee2
1ee2
--2
1e-
1e+
-
1e+
1e+
1e+
abc
1e+
--2
--2
.
--2
+
1.2.3
.
e10
.
+
1e-
e10
1.2.3
--2
0e
1.2.3
e10
0e
1.2.3
0e
1e+
abc
1e+
1.2.3
--2
--2
-
1ee2
1e+
--2
-
1ee2
--2
-
+
.
+
--2
e10
abc
+
+
.
1e
++1
-
1ee2
1e+
0e
000.e
1ee2
0e
1.2.3
e10
1e
-
-
.
--2
--2
1.2.3
+
--2
--2
1e+
+
+
1e-
++1
0e
e10
1ee2
0e
1ee2
1ee2
-
1e+
-
.
+
++1
+
000.e
000.e
abc
abc
1ee2
1ee2
++1
1e-
000.e
e10
1ee2
e10
e10
-
1e-
1e-
1.2.3
1e+
+
+
1.2.3
abc
000.e
-
--2
--2
1e-
1e-
000.e
abc
1e+
.
abc
1.2.3
e10
-
++1
1e-
+
1e+
1ee2
1e-
++1
++1
abc
000.e
--2
.
--2
.
1e+
++1
++1
abc
+
1ee2
000.e
000.e
-
e10
1e+
--2
-
0e
1e
000.e
1e+
++1
.
--2
000.e
-
.
1e
1e-
000.e
abc
.
1ee2
+
+
+
-
.
1e+
++1
0e
000.e
e10
000.e
+
.
--2
000.e
0e
1e+
1.2.3
.
--2
abc
0e
.
--2
++1
abc
--2
.
--2
1e-
e10
abc
1e
0e
1e
-
++1
1ee2
1e-
+
0e
1ee2
1.2.3
.
1e+
1e-
1e-
++1
1.2.3
1e
+
e10
0e
1ee2
1e+
abc
++1
000.e
+
1e-
++1
--2
--2
1e+
e10
1e
+
+
+
1ee2
.
1e+
.
++1
1ee2
000.e
e10
+
1e+
1e+
e10
000.e
000.e
+
000.e
000.e
abc
.
++1
+
0e
1.2.3
.
1e-
1e+
1ee2
-
000.e
e10
0e
-
.
000.e
++1
+
1e
.
000.e
1e+
000.e
1e+
1e
1e
.
1e-
000.e
1e+
1e
1e+
1e
--2
1e+
1e
1e+
e10
--2
-
.
1e
1.2.3
.
e10
e10
--2
abc
1e-
--2
--2
++1
1e-
000.e
-
-
.
0e
-
abc
++1
1.2.3
000.e
1.2.3
1e+
-
e10
0e
--2
1e-
1.2.3
000.e
0e
000.e
0e
1e
+
000.e
000.e
++1
1ee2
.
abc
1e+
.
1.2.3
e10
1e
000.e
1e
e10
abc
--2
1.2.3
1ee2
1e+
000.e
0e
e10
1.2.3
1e+
1e
-
e10
1e-
++1
000.e
1e+
0e
000.e
000.e
1e-
1.2.3
.
1.2.3
-
0e
1.2.3
1e-
000.e
1e-
1e-
1.2.3
000.e
1.2.3
+
000.e
1.2.3
abc
e10
-
.
abc
+
000.e
e10
000.e
--2
1e+
1e
.
0e
1e-
1ee2
abc
e10
1ee2
0e
1ee2
e10
1.2.3
1e+
1.2.3
+
1e
1ee2
1e-
e10
1e
0e
abc
e10
1e-
1ee2
-
.
.
000.e
.
+
1e-
abc
1e-
--2
+
1e+
1e+
1e+
abc
1e+
1e+
1ee2
+
+
-
1.2.3
++1
+
-
--2
0e
+
.
1e+
+
000.e
1e
1e+
1ee2
++1
1e
1ee2
1ee2
1e-
-
1e
1e+
1e-
++1
--2
+
-
e10
0e
1e+
abc
++1
.
0e
1e
--2
1e
1e+
abc
--2
-
-
1e+
--2
1ee2
000.e
++1
1.2.3
-
1ee2
0e
.
1e
++1
--2
.
abc
--2
++1
++1
abc
+
000.e
1ee2
1e-
000.e
-
+
-
abc
e10
+
1e
1ee2
abc
1ee2
abc
.
--2
1e-
000.e
1e+
-
--2
000.e
--2
-
000.e
0e
000.e
e10
-
e10
e10
e10
000.e
.
1.2.3
1e+
abc
1.2.3
1e+
1ee2
1.2.3
1ee2
++1
0e
++1
0e
1e+
0e
1ee2
1e-
1ee2
0e
e10
.
+
-
1e
-
-
1ee2
+
1ee2
-
000.e
1e+
.
-
.
-
1e-
1.2.3
1e
1e
abc
1ee2
1ee2
1e-
e10
000.e
e10
1e-
e10
++1
++1
+
1e
1e
0e
abc
0e
e10
++1
e10
1ee2
--2
--2
-
1.2.3
1ee2
0e
1e
+
.
1e-
0e
1.2.3
000.e
.
--2
--2
1.2.3
1.2.3
e10
1e
1e+
+
.
1ee2
1e-
abc
+
.
1ee2
0e
abc
1ee2
abc
1e-
+
000.e
+
-
.
++1
abc
abc
1e-
-
++1
e10
abc
000.e
1ee2
.
1ee2
1e
e10
1e+
1ee2
+
0e
1e
000.e
1e
.
e10
0e
1e
.
1ee2
1.2.3
--2
000.e
+
.
1.2.3
++1
abc
1ee2
1e
--2
1e-
000.e
--2
1e
abc
+
-
--2
++1
0e
1ee2
-
e10
1e+
--2
.
+
-
-
0e
0e
-
abc
1.2.3
0e
0e
1ee2
e10
1ee2
-
0e
1ee2
+
-
+
1.2.3
1.2.3
1.2.3
000.e
1e+
-
.
abc
1ee2
1ee2
+
1e
1e
000.e
1.2.3
000.e
+
+
.
--2
000.e
0e
.
1ee2
--2
--2
1e+
abc
e10
abc
1e-
-
1ee2
1e+
e10
+
abc
e10
-
000.e
0e
1ee2
--2
-
000.e
0e
1e-
000.e
e10
abc
0e
1e-
+
++1
1e+
1e+
++1
--2
1e
1.2.3
.
.
1ee2
++1
000.e
1.2.3
.
1e
0e
e10
-
++1
1e
1.2.3
1ee2
1e+
1e+
1.2.3
+
1e
1ee2
+
1.2.3
.
1e+
--2
abc
abc
1e-
1e-
e10
0e
e10
1ee2
.
000.e
--2
+
+
000.e
1.2.3
-
1e+
++1
--2
1ee2
--2
--2
e10
.
1e
1e+
000.e
1e+
+
1e
1e+
e10
1e
+
-
0e
0e
.
-
000.e
++1
000.e
1e+
+
1.2.3
000.e
1e+
0e
-
0e
++1
0e
++1
abc
1e
+
.
1.2.3
-
000.e
abc
1.2.3
1e-
-
e10
.
0e
e10
1e-
++1
1ee2
1e-
0e
1ee2
000.e
++1
1e-
abc
e10
1e-
1e+
1e-
0e
1.2.3
000.e
++1
1.2.3
000.e
1e-
1e+
.
1.2.3
e10
1.2.3
+
+
1e-
000.e
1e
1e+
1.2.3
1e+
.
1e+
+
1.2.3
.
++1
1e+
.
1e-
1ee2
e10
1.2.3
.
1e-
--2
abc
++1
.
abc
.
-
1e-
1e-
000.e
e10
+
0e
abc
0e
1e-
1e+
++1
.
1.2.3
1.2.3
--2
-
0e
-
1ee2
abc
1.2.3
abc
1e-
.
-
--2
1ee2
e10
--2
-
-
+
1e
abc
1e+
.
--2
1e
1e
000.e
+
0e
+
1e+
1e+
1.2.3
++1
000.e
1ee2
1e
--2
1e-
--2
--2
++1
0e
1ee2
abc
0e
1.2.3
--2
1e
0e
--2
1ee2
--2
--2
.
++1
abc
.
0e
abc
++1
1e-
0e
1e
000.e
e10
abc
1e
1.2.3
e10
--2
1.2.3
abc
1e
1.2.3
e10
--2
0e
1.2.3
1e+
1ee2
1.2.3
-
000.e
0e
1e-
1e-
--2
abc
1e
++1
.
1.2.3
1.2.3
1e
++1
1e
-
abc
1e
1ee2
1.2.3
0e
-
++1
0e
++1
.
1e+
1.2.3
--2
1ee2
abc
000.e
1e-
0e
.
++1
1e+
.
1ee2
++1
1e
1e
1ee2
++1
e10
1.2.3
1e
.
1e
.
000.e
-
abc
e10
--2
e10
1ee2
000.e
--2
abc
1e
1e+
.
1e-
e10
+
e10
000.e
1e
--2
+
abc
1.2.3
1e+
1e
e10
1e-
.
abc
1.2.3
.
1e
e10
e10
0e
--2
++1
+
1e
1e+
-
--2
000.e
1.2.3
1e
++1
1e-
1e-
e10
--2
1e-
.
1.2.3
++1
.
0e
.
0e
--2
-
1e+
.
1.2.3
--2
1.2.3
.
+
1e
abc
++1
.
-
-
1e+
000.e
000.e
--2
--2
1.2.3
abc
.
e10
e10
1e
000.e
++1
++1
1.2.3
0e
1e
000.e
0e
e10
1e-
.
e10
1e
-
0e
1e-
1e
e10
1ee2
1ee2
++1
++1
1e+
e10
--2
1e
abc
+
1e+
1e
000.e
1e
1e-
1e+
.
1e-
1e+
abc
1e
.
abc
++1
e10
--2
1ee2
0e
1ee2
1e
0e
++1
abc
1.2.3
.
+
1e+
0e
1e
-
000.e
0e
.
.
1e
0e
e10
1e+
--2
1.2.3
e10
1e-
000.e
++1
0e
1.2.3
1e+
.
000.e
+
1e-
+
-
0e
0e
1e-
0e
-
--2
1e+
000.e
0e
0e
1e
1.2.3
-
1e
--2
.
++1
000.e
--2
abc
0e
1ee2
1ee2
abc
000.e
1.2.3
1e+
0e
1e
+
abc
abc
1e
000.e
++1
000.e
1e-
0e
0e
++1
+
++1
1e
1ee2
1e-
--2
1e+
000.e
1.2.3
1ee2
abc
-
1.2.3
e10
1.2.3
abc
1e-
++1
1e-
1e+
--2
e10
1ee2
000.e
1.2.3
1e-
-
-
1e+
e10
1e+
1e+
000.e
1ee2
++1
--2
1e
1ee2
1e-
0e
1ee2
-
1e
1e
abc
++1
000.e
++1
1e+
--2
1e+
-
--2
1.2.3
1ee2
-
0e
.
0e
abc
.
abc
1e-
++1
--2
0e
1e-
1e
1ee2
-
1.2.3
1ee2
1e+
-
e10
++1
++1
1e
++1
1e
1e
1e
000.e
1ee2
--2
abc
1e-
1e
abc
+
--2
1e-
1.2.3
000.e
.
+
1ee2
abc
1e-
++1
1e-
abc
abc
1e-
1e+
1e
1.2.3
1.2.3
-
+
1.2.3
.
1.2.3
.
0e
1e
e10
1e+
1e-
++1
--2
0e
+
0e
+
1.2.3
++1
abc
1e
--2
e10
abc
1e
0e
1.2.3
000.e
--2
+
000.e
-
1e-
+
1e+
+
.
0e
-
e10
1.2.3
1e+
--2
1e
++1
1ee2
--2
1e-
1e-
1ee2
1.2.3
.
1ee2
1.2.3
+
1e-
000.e
0e
++1
.
1e+
-
1e
abc
++1
abc
-
-
1.2.3
e10
1e+
e10
++1
000.e
++1
-
-
-
1e+
.
1ee2
1ee2
+
-
0e
1e+
abc
+
e10
1ee2
000.e
1e-
1e-
1e-
1.2.3
0e
+
1e+
-
1e+
--2
-
--2
0e
1.2.3
.
.
1e+
--2
0e
e10
-
++1
1e+
1e+
1e
1.2.3
0e
1e-
e10
-
-
--2
+
1ee2
0e
e10
1.2.3
1e-
1.2.3
1e
1e
000.e
-
000.e
0e
1e-
1e
0e
1ee2
++1
0e
1e+
abc
1e+
+
1e
1.2.3
.
000.e
0e
e10
1.2.3
1e
1e+
000.e
1e+
1e-
abc
1e+
+
1e+
abc
1e+
++1
0e
+
abc
1.2.3
1e+
1e+
e10
000.e
-
abc
+
1.2.3
1e
e10
+
e10
--2
0e
000.e
1e+
1e
1ee2
-
0e
1e+
--2
1ee2
1e
1e-
abc
1ee2
.
-
-
.
0e
0e
++1
-
0e
++1
0e
abc
--2
1e
1.2.3
abc
e10
e10
-
+
1e+
--2
e10
-
++1
1e+
e10
.
000.e
1.2.3
+
.
1ee2
-
1ee2
++1
1e
.
e10
1e
1e-
000.e
1e+
1.2.3
1e
--2
1e
1.2.3
0e
1e
000.e
0e
++1
1e-
0e
.
1e-
e10
1.2.3
000.e
1e
++1
e10
0e
++1
1e-
000.e
000.e
1.2.3
-
1e-
abc
abc
-
-
1e
1ee2
-
1e+
1e+
000.e
-
0e
1ee2
0e
1e-
1e-
.
--2
000.e
1e+
+
1.2.3
+
1e
+
0e
1ee2
0e
--2
1e
1e+
1e-
--2
abc
1e+
+
abc
-
1e
1ee2
--2
++1
1ee2
-
1.2.3
e10
1ee2
.
1e
1e-
1e+
1ee2
e10
+
1e+
1e+
abc
.
+
1e+
-
--2
1.2.3
1.2.3
1.2.3
++1
0e
1e-
1e
+
e10
000.e
.
1ee2
1ee2
abc
+
abc
+
e10
1.2.3
e10
.
000.e
--2
+
abc
000.e
+
.
1.2.3
0e
1.2.3
1e+
e10
e10
e10
e10
1e-
1e+
.
abc
.
e10
1e-
1e-
0e
1e+
++1
.
1.2.3
++1
1e
++1
1ee2
e10
abc
1ee2
--2
--2
++1
+
+
.
.
1e-
-
e10
1e-
0e
abc
e10
.
--2
.
0e
e10
1ee2
+
abc
--2
.
abc
.
.
1ee2
.
1.2.3
-
+
1e
000.e
++1
1.2.3
++1
.
++1
1ee2
1e
.
.
1e+
.
1.2.3
000.e
000.e
000.e
--2
+
e10
1e-
abc
1ee2
1e-
1e
++1
--2
+
1ee2
1.2.3
-
++1
.
1ee2
1e+
e10
1e
1e-
1e-
1ee2
-
1e
0e
.
--2
000.e
1e
--2
1e-
--2
-
abc
1e+
000.e
1ee2
--2
1e+
000.e
--2
1e-
e10
abc
e10
1e
1e-
-
000.e
-
+
1ee2
+
.
000.e
1e+
-
e10
.
-
.
1e-
e10
++1
000.e
1ee2
1.2.3
1e
e10
1e+
000.e
++1
.
1e+
e10
e10
1e-
0e
1e-
abc
1e+
+
e10
1e-
e10
++1
1e-
0e
1e-
e10
1e+
1.2.3
+
1.2.3
abc
1.2.3
1.2.3
1ee2
1.2.3
0e
1e+
1e+
1e+
1e+
-
+
1.2.3
+
--2
1e
1e-
000.e
abc
e10
+
abc
0e
1.2.3
++1
0e
1.2.3
1e
-
--2
1.2.3
++1
--2
0e
.
0e
-
-
+
--2
1.2.3
e10
1.2.3
1.2.3
abc
1e
0e
.
1e-
1e
1ee2
1.2.3
1e+
000.e
1.2.3
.
1.2.3
--2
.
1e+
++1
++1
-
abc
1e-
0e
000.e
+
--2
1.2.3
.
-
1e
0e
+
1e-
-
e10
0e
1ee2
.
-
1e+
1e-
+
1e+
abc
1e
000.e
1e+
e10
-
1.2.3
--2
1e+
1ee2
1.2.3
1e
-
1e
e10
.
1e
1e-
++1
e10
1e-
--2
--2
abc
1.2.3
-
1e-
abc
abc
+
.
e10
+
abc
1e
abc
--2
e10
1ee2
1e+
-
e10
e10
1e
.
000.e
.
1e+
--2
1e+
.
1ee2
1ee2
1e
--2
--2
e10
1.2.3
1e
-
abc
1ee2
--2
1e
1ee2
.
+
1e-
e10
1.2.3
-
e10
++1
1.2.3
++1
abc
1e
1.2.3
++1
++1
e10
e10
1e+
1e+
1e+
abc
1ee2
1e
--2
1.2.3
000.e
000.e
-
--2
1e
1e
1ee2
+
.
1e
1e-
.
.
1ee2
1e-
--2
000.e
-
e10
++1
.
.
+
.
e10
++1
000.e
abc
000.e
-
abc
1e-
.
+
0e
--2
-
abc
1e
1e-
--2
1e-
0e
--2
+
+
.
-
+
--2
1ee2
--2
0e
1e
+
+
000.e
1ee2
--2
++1
1e
1e+
1e-
1ee2
e10
000.e
.
--2
-
.
+
++1
1.2.3
000.e
abc
+
-
1e-
1.2.3
-
1.2.3
e10
1e
1.2.3
1e
000.e
-
1e-
.
1ee2
-
1.2.3
++1
.
1ee2
.
1e-
000.e
1e+
++1
1ee2
--2
000.e
e10
1ee2
++1
abc
000.e
+
+
-
1e+
+
abc
.
abc
1.2.3
-
++1
1e-
1e-
abc
1ee2
e10
-
+
1.2.3
1e+
1e-
000.e
--2
++1
.
--2
abc
1e+
+
1.2.3
1e+
1.2.3
000.e
0e
--2
1ee2
--2
000.e
1e
++1
1.2.3
-
1e+
0e
.
1ee2
-
-
1.2.3
e10
1e
e10
1e+
+
-
1e
000.e
000.e
.
000.e
1.2.3
1ee2
000.e
e10
.
1ee2
0e
-
.
-
1e+
--2
-
--2
1ee2
.
.
0e
1ee2
000.e
0e
-
0e
abc
1ee2
e10
1e
1ee2
-
abc
++1
1.2.3
--2
0e
e10
++1
1e+
1ee2
1e-
1e+
+
0e
-
-
000.e
++1
1.2.3
0e
.
1e
1e
++1
e10
.
++1
abc
abc
e10
1.2.3
0e
+
+
.
1.2.3
1e
1e+
++1
1e-
0e
+
-
e10
-
1.2.3
+
0e
1.2.3
++1
1.2.3
++1
.
1ee2
1.2.3
1e
-
.
1e+
0e
000.e
1.2.3
e10
--2
.
+
+
-
000.e
++1
1.2.3
000.e
--2
e10
1ee2
000.e
abc
1e
1.2.3
+
-
-
--2
1e-
.
++1
1e
1.2.3
-
1ee2
abc
e10
++1
+
++1
1e-
++1
++1
000.e
abc
++1
0e
++1
+
000.e
1e
+
1e+
1e-
000.e
e10
++1
1ee2
++1
++1
1e+
+
1e-
++1
++1
0e
1e+
0e
1e
e10
++1
1e
000.e
--2
abc
+
e10
.
abc
000.e
1e
0e
-
--2
1e
0e
1ee2
++1
1ee2
+
--2
--2
abc
abc
.
1.2.3
e10
--2
e10
--2
++1
+
abc
+
+
+
000.e
.
++1
++1
--2
1.2.3
+
1.2.3
abc
++1
1e
000.e
1e+
+
1e+
1e
0e
++1
1e
e10
.
--2
--2
1.2.3
abc
1e
000.e
1e+
e10
.
e10
1e+
e10
-
abc
abc
1e
1e
000.e
.
++1
+
000.e
1ee2
1.2.3
0e
1ee2
1e+
-
++1
1e+
1e-
++1
--2
1e+
0e
++1
1.2.3
-
-
+
-
e10
1e+
000.e
e10
1ee2
1.2.3
000.e
e10
1ee2
.
-
000.e
1.2.3
000.e
1ee2
.
1e+
++1
.
+
--2
++1
1ee2
abc
1.2.3
0e
1e
1e-
1e+
000.e
1e-
1e-
.
1e
1.2.3
++1
1.2.3
1.2.3
1e+
1ee2
+
--2
++1
abc
e10
.
1ee2
1e
000.e
1.2.3
1e+
--2
e10
.
e10
.
e10
000.e
+
abc
1e-
0e
1e-
0e
1.2.3
0e
1e+
1e
1e
1e
.
--2
.
1e+
1e
1e-
.
++1
++1
++1
0e
1ee2
e10
1ee2
1e+
-
--2
1e
++1
--2
1e+
1e+
0e
++1
.
1e
++1
e10
+
1e
.
abc
.
0e
+
1ee2
abc
0e
--2
-
+
0e
1e-
abc
1e
++1
abc
1e-
.
1e-
abc
e10
-
.
1ee2
0e
1e
1e
1ee2
1ee2
1e-
0e
e10
1ee2
--2
--2
abc
++1
1e
0e
1ee2
.
.
abc
--2
0e
.
1.2.3
1e-
.
.
abc
000.e
--2
++1
1e
1ee2
0e
1e
1e-
1ee2
+
0e
.
1.2.3
+
e10
e10
0e
-
e10
000.e
abc
+
.
--2
000.e
e10
1ee2
--2
+
000.e
000.e
.
++1
1e-
++1
0e
.
1e-
++1
abc
++1
000.e
0e
++1
e10
1e-
1e
.
.
1.2.3
abc
0e
-
.
1ee2
000.e
1e
--2
1ee2
1.2.3
--2
000.e
0e
.
0e
e10
abc
+
1.2.3
.
-
1e+
1.2.3
-
++1
0e
--2
1e+
1e
1.2.3
e10
+
--2
1e
1e
1ee2
e10
1ee2
-
-
1ee2
-
.
1e+
-
000.e
+
1e+
.
0e
1e+
000.e
1ee2
1ee2
1e-
0e
1.2.3
+
1e+
1.2.3
+
.
.
.
abc
.
abc
1ee2
1ee2
.
000.e
1e-
-
-
1e+
abc
1.2.3
-
abc
1e+
1.2.3
.
000.e
1ee2
1e
++1
.
.
e10
abc
1.2.3
--2
1ee2
1e
1e+
++1
abc
--2
++1
abc
+
e10
+
1e-
1e
abc
1e-
++1
-
1ee2
--2
0e
--2
1e
1e+
--2
--2
000.e
.
000.e
0e
1ee2
1e-
1e
e10
1.2.3
++1
--2
1e-
abc
1e
+
1e-
++1
1ee2
000.e
1ee2
e10
.
+
000.e
.
1e+
1e+
0e
1e
1e
1ee2
0e
+
+
1.2.3
1e+
1ee2
000.e
+
1ee2
--2
.
e10
--2
0e
+
1e+
e10
e10
e10
abc
1e+
1e+
1e+
--2
-
abc
abc
abc
--2
1ee2
--2
1ee2
000.e
1ee2
--2
1e+
1e+
.
000.e
000.e
-
1ee2
--2
000.e
1e+
0e
1e
1.2.3
1e+
0e
1e
--2
1e-
0e
000.e
-
e10
++1
.
1e-
-
+
--2
abc
abc
+
000.e
e10
1e-
000.e
000.e
1e-
abc
1e-
++1
e10
000.e
+
+
+
abc
+
-
+
1e-
e10
--2
1.2.3
-
-
1e-
abc
--2
1.2.3
1ee2
1e
1.2.3
--2
--2
+
--2
0e
.
-
1ee2
000.e
.
000.e
1ee2
1ee2
-
++1
--2
--2
1e-
0e
1ee2
0e
1e-
1e-
e10
1e+
.
1.2.3
e10
1ee2
1e-
.
0e
-
000.e
abc
1ee2
--2
+
abc
1e
1e+
--2
1ee2
1ee2
1.2.3
1ee2
1e-
000.e
1.2.3
1e-
1e+
++1
--2
0e
e10
++1
e10
--2
++1
abc
1e+
0e
1e-
-
0e
0e
1.2.3
1e+
abc
++1
1e+
abc
.
++1
+
.
000.e
abc
1e
1.2.3
--2
1e+
+
++1
0e
000.e
+
++1
+
1e
0e
1e
1ee2
1e+
1e-
0e
.
1e
1ee2
abc
0e
--2
.
1e-
+
0e
1ee2
0e
1e
000.e
1.2.3
+
++1
.
0e
.
--2
1ee2
000.e
.
++1
e10
+
e10
1.2.3
1.2.3
++1
e10
000.e
1ee2
1e-
1e-
1e
e10
++1
000.e
abc
+
e10
-
1ee2
++1
1e-
+
.
1.2.3
--2
000.e
1e-
000.e
1.2.3
1ee2
1e+
0e
1e+
0e
1e+
e10
--2
1ee2
1e-
e10
+
000.e
.
abc
--2
1e+
1ee2
1.2.3
.
-
e10
1ee2
e10
e10
--2
e10
-
--2
1e+
+
e10
++1
.
1e-
1ee2
1ee2
++1
1ee2
+
+
+
+
1e+
1.2.3
1e+
000.e
000.e
e10
abc
000.e
1e
.
.
0e
1e-
1e-
abc
abc
++1
e10
e10
.
+
1ee2
1e
+
1ee2
.
1e
+
--2
-
++1
000.e
1e+
e10
1e
000.e
1e+
++1
--2
.
-
+
1ee2
1ee2
1e+
1.2.3
e10
e10
1e+
1.2.3
000.e
e10
0e
1.2.3
++1
--2
1e+
--2
e10
-
000.e
--2
000.e
1e-
1e+
1ee2
0e
1e+
1.2.3
1e
abc
1e-
1e
+
1e+
e10
++1
abc
-
0e
1ee2
0e
1e
1ee2
abc
abc
-
1e
1e
-
1e-
e10
000.e
abc
000.e
000.e
1ee2
.
.
1.2.3
e10
0e
++1
++1
e10
++1
1e+
1.2.3
1e
-
1.2.3
1e+
--2
++1
--2
--2
--2
e10
++1
abc
--2
1e-
000.e
1ee2
abc
abc
1.2.3
1e
1e+
-
e10
-
1e-
000.e
+
abc
1e
0e
0e
1e-
.
abc
.
-
000.e
000.e
1.2.3
1.2.3
000.e
000.e
++1
.
1e-
++1
0e
000.e
1e-
1e+
1.2.3
1ee2
1e+
++1
0e
--2
0e
1ee2
1ee2
.
--2
e10
1e+
000.e
000.e
abc
1e-
000.e
1e-
000.e
abc
--2
abc
+
--2
1.2.3
--2
++1
.
1e-
.
.
+
1ee2
0e
-
1e
.
++1
.
e10
000.e
.
1e+
1.2.3
000.e
1e+
1ee2
1e-
+
1e-
--2
1.2.3
1.2.3
1e
++1
+
+
1ee2
1e+
-
000.e
1.2.3
0e
-
abc
++1
--2
1e
.
0e
+
+
1e+
e10
1ee2
1.2.3
++1
1e
1e-
++1
e10
--2
1e+
1e-
0e
0e
1e
--2
abc
-
--2
--2
0e
.
-
e10
--2
++1
+
1ee2
abc
1ee2
1ee2
e10
-
--2
+
1e
1ee2
++1
1e
++1
++1
1ee2
1.2.3
++1
-
1.2.3
e10
1e-
+
e10
.
1e+
.
0e
-
0e
abc
1.2.3
0e
--2
--2
1e
0e
+
++1
1e
++1
.
1e+
1e+
e10
1.2.3
1e+
abc
.
000.e
1e
000.e
++1
.
1ee2
e10
1e-
1.2.3
--2
1e
abc
1.2.3
abc
.
++1
0e
1ee2
+
1e+
abc
1.2.3
abc
+
1e-
1e+
--2
++1
-
1ee2
1.2.3
+
.
000.e
1e-
abc
++1
1e+
--2
1e-
e10
-
1.2.3
abc
1e
++1
e10
1.2.3
e10
.
-
1.2.3
1e-
-
0e
++1
-
1e
.
+
1e-
000.e
-
-
e10
++1
++1
++1
0e
-
0e
1ee2
--2
+
000.e
1.2.3
--2
1ee2
000.e
1e-
abc
000.e
1.2.3
1ee2
1e+
1.2.3
abc
1e-
1e+
1e+
1e+
000.e
000.e
1e+
000.e
+
e10
1.2.3
000.e
1e
abc
1e
1.2.3
1e+
-
+
1ee2
.
1.2.3
+
1.2.3
+
abc
+
-
0e
000.e
1ee2
+
-
.
-
e10
000.e
abc
e10
-
1.2.3
++1
abc
0e
1e-
1e-
1e
-
+
--2
abc
1.2.3
000.e
1e
.
1.2.3
1ee2
1.2.3
--2
000.e
abc
0e
000.e
abc
+
-
1e
1e+
e10
0e
000.e
1e-
-
1e
.
--2
--2
1e+
1e
abc
+
1e
abc
abc
++1
1e+
1e-
1e+
1e-
1e+
1ee2
000.e
1ee2
abc
--2
++1
-
abc
.
1.2.3
.
-
+
1ee2
abc
.
--2
e10
1ee2
000.e
.
abc
e10
1e
abc
.
--2
-
1.2.3
e10
-
1e
.
000.e
+
-
--2
1e+
0e
+
-
e10
1.2.3
++1
--2
000.e
0e
1e+
1.2.3
1.2.3
-
abc
1e
-
--2
000.e
++1
-
000.e
1e-
+
0e
1ee2
+
abc
--2
e10
.
1e+
1.2.3
--2
1e-
e10
000.e
1e-
e10
000.e
1e+
++1
++1
-
.
++1
--2
1ee2
1.2.3
1ee2
-
1e
1e+
e10
0e
.
1e
--2
++1
abc
1e-
+
e10
0e
abc
1e-
e10
-
-
1e-
.
-
e10
+
abc
e10
1ee2
0e
-
1e
1ee2
1.2.3
abc
000.e
+
1e-
1e+
--2
1e
--2
++1
1e-
--2
000.e
1ee2
1ee2
+
+
abc
--2
000.e
1e-
1ee2
++1
--2
1.2.3
1e+
1ee2
1.2.3
-
abc
--2
1e
++1
abc
abc
1e-
0e
000.e
.
abc
1e+
1e
1.2.3
000.e
+
++1
.
.
-
000.e
1.2.3
e10
1.2.3
++1
abc
1e+
-
+
1e-
1e+
1.2.3
.
1ee2
000.e
0e
+
0e
1.2.3
+
1e
.
0e
--2
1e
+
000.e
+
+
1e
e10
0e
.
.
.
000.e
e10
0e
1.2.3
-
--2
000.e
1ee2
1e
+
e10
--2
+
.
1e+
1.2.3
++1
000.e
++1
1e+
.
000.e
0e
1e+
1e+
1e-
abc
+
000.e
-
000.e
-
+
-
1ee2
1e
+
0e
.
--2
1ee2
1.2.3
0e
1e-
+
.
000.e
1e-
1e-
.
1e+
--2
1ee2
+
1ee2
++1
1e
abc
--2
000.e
1ee2
1e-
0e
000.e
--2
0e
++1
+
abc
1e-
1.2.3
1ee2
abc
e10
1.2.3
1e
1e
+
+
-
1ee2
abc
--2
-
1.2.3
000.e
1ee2
+
--2
1.2.3
abc
-
1e-
1ee2
++1
e10
--2
1ee2
+
--2
-
.
--2
1e
e10
--2
000.e
1.2.3
.
000.e
1.2.3
1.2.3
1ee2
abc
1e+
0e
1ee2
-
1e-
0e
1e+
1e+
+
1e-
abc
--2
--2
--2
.
000.e
++1
1ee2
1.2.3
.
1e-
--2
1.2.3
-
1ee2
.
.
--2
--2
0e
+
1e
++1
000.e
--2
-
.
1e-
-
1ee2
++1
++1
e10
abc
++1
1.2.3
e10
000.e
1e
1e-
.
1ee2
1e
1e+
000.e
.
++1
+
000.e
1ee2
abc
e10
000.e
e10
1ee2
e10
++1
++1
1e
1ee2
++1
1ee2
++1
1e-
1.2.3
-
1ee2
++1
-
1ee2
+
abc
-
0e
e10
0e
1.2.3
--2
1e
--2
e10
--2
1e+
-
1e-
1ee2
1.2.3
++1
abc
0e
1e+
1ee2
e10
+
1ee2
1e+
.
--2
1e+
e10
1.2.3
1ee2
1ee2
-
--2
--2
1e+
1e
1ee2
1e+
1e
+
e10
++1
e10
e10
++1
1e-
1e-
1.2.3
1.2.3
++1
++1
1e
--2
abc
1ee2
1e+
000.e
1ee2
1e
.
1e-
--2
0e
1e+
1e+
--2
1e+
0e
1e+
+
1e-
000.e
1e+
abc
1e+
0e
-
--2
+
++1
+
1e
+
.
abc
e10
++1
1ee2
000.e
e10
1.2.3
1.2.3
1e+
.
.
e10
1e-
e10
-
e10
--2
+
e10
.
e10
0e
1ee2
e10
--2
-
1.2.3
1e
1e+
1ee2
1e+
-
abc
1e-
++1
1e
-
--2
--2
abc
000.e
000.e
0e
1e+
+
e10
1e+
1.2.3
000.e
-
abc
-
abc
1ee2
.
0e
+
++1
1e+
--2
--2
--2
1e-
000.e
+
+
1e
1.2.3
1.2.3
1e+
+
000.e
++1
1.2.3
-
+
.
000.e
e10
.
.
abc
1.2.3
+
-
abc
1e
1e-
1ee2
-
1e-
1e-
1e+
.
1e
0e
abc
.
1e+
e10
1e
1.2.3
1ee2
++1
0e
--2
e10
1e+
--2
.
e10
-
1e-
000.e
1e
1ee2
e10
1e
1e+
-
000.e
abc
abc
.
-
1e+
e10
--2
1e+
1e-
abc
0e
000.e
1.2.3
--2
e10
e10
000.e
--2
++1
-
++1
1e-
++1
--2
e10
1.2.3
+
-
000.e
0e
1e-
abc
abc
1e
000.e
.
++1
000.e
1.2.3
-
.
000.e
+
000.e
1e
e10
abc
000.e
-
000.e
1.2.3
abc
e10
+
1e+
.
abc
0e
1e+
--2
.
abc
.
1ee2
0e
e10
+
1e-
abc
+
e10
1e
1.2.3
--2
+
-
+
+
e10
1e
e10
e10
1.2.3
0e
1ee2
000.e
000.e
0e
1e+
++1
++1
--2
abc
1ee2
1.2.3
++1
++1
000.e
+
e10
+
-
1e-
+
1e+
1e-
.
1e-
.
.
+
1ee2
abc
-
--2
000.e
1e+
0e
1e
--2
e10
000.e
-
0e
0e
++1
e10
0e
+
1ee2
1e
1ee2
+
1e-
1e
1e
++1
1e-
1e
abc
+
+
1.2.3
--2
1.2.3
++1
1.2.3
.
--2
1.2.3
.
++1
e10
++1
.
++1
abc
abc
++1
0e
1e
1e
1e-
1.2.3
1e+
0e
++1
-
-
e10
1e-
1e
1.2.3
000.e
1e+
1e
abc
+
abc
-
++1
000.e
abc
--2
1e
+
e10
1e-
1.2.3
-
1ee2
e10
1e-
1.2.3
++1
1ee2
000.e
1ee2
e10
--2
--2
1e+
1e-
+
0e
.
+
1.2.3
abc
--2
0e
.
0e
1e+
1e
.
-
++1
1.2.3
+
++1
1e
1e+
1e-
1.2.3
--2
000.e
1e-
000.e
0e
abc
000.e
1ee2
e10
1ee2
.
-
e10
++1
1e+
000.e
-
000.e
1.2.3
000.e
+
1e
++1
1.2.3
++1
1e-
++1
1e
1e+
.
.
abc
.
abc
.
1e-
--2
+
1ee2
abc
.
+
000.e
--2
1e
1e-
+
1e
0e
+
1e
1ee2
1.2.3
1e+
++1
1e+
1ee2
1e
abc
1.2.3
.
000.e
++1
+
abc
--2
abc
1.2.3
0e
--2
-
++1
e10
0e
1e-
1e+
0e
1e+
0e
1.2.3
++1
0e
1ee2
-
1e-
-
--2
1e+
--2
++1
e10
+
--2
1e
1e
1.2.3
-
abc
abc
++1
1e
1e+
0e
1e+
1ee2
abc
1e-
1e+
1e+
1e
+
++1
.
1e
000.e
--2
--2
--2
1ee2
+
1e
-
+
000.e
1.2.3
abc
1e
1e+
1ee2
--2
e10
1ee2
0e
1e+
--2
1e+
abc
e10
1e-
1e+
1ee2
-
abc
1ee2
1ee2
1e
1e
.
1e
1ee2
abc
-
e10
0e
+
1e
-
1e+
--2
1e-
++1
1e-
e10
1.2.3
1ee2
-
1.2.3
1e-
1.2.3
1e+
e10
abc
1e
000.e
1.2.3
--2
1e
1e
1e
1.2.3
.
0e
-
++1
--2
0e
--2
1.2.3
-
1ee2
1e+
+
++1
000.e
--2
1.2.3
0e
+
000.e
e10
+
1e+
1e+
1.2.3
e10
1e
1ee2
+
0e
1e
1.2.3
abc
+
1e
--2
1ee2
1e+
1.2.3
1.2.3
000.e
--2
1e
abc
0e
0e
1ee2
1e-
+
0e
.
++1
1e
1.2.3
1.2.3
1ee2
abc
1.2.3
.
000.e
1e
0e
1.2.3
1ee2
-
1ee2
1ee2
1e+
+
++1
0e
e10
++1
--2
e10
abc
0e
-
000.e
e10
1ee2
1e+
1e+
++1
1e
1.2.3
+
0e
1e-
--2
abc
1.2.3
0e
1.2.3
0e
1e+
000.e
1e-
000.e
1ee2
1e
000.e
--2
+
++1
0e
1ee2
1e-
-
-
1e
1e
++1
--2
abc
++1
0e
+
e10
1e-
1ee2
000.e
1ee2
1e
e10
++1
-
1e-
+
1.2.3
+
1e+
1.2.3
000.e
000.e
abc
-
--2
+
000.e
--2
1.2.3
000.e
1e
1.2.3
1.2.3
1e+
0e
000.e
-
1ee2
1e
0e
.
1.2.3
1ee2
+
1.2.3
0e
.
e10
abc
0e
0e
1e-
--2
++1
e10
--2
e10
1.2.3
1.2.3
-
1e-
000.e
--2
000.e
.
1ee2
--2
e10
1.2.3
e10
000.e
1e
1e+
1ee2
1e+
--2
1ee2
++1
--2
000.e
+
000.e
++1
abc
1e+
000.e
-
+
--2
1.2.3
--2
000.e
abc
--2
-
1e+
abc
1e
.
.
1e+
0e
+
abc
000.e
1ee2
++1
++1
-
e10
000.e
1.2.3
1e
abc
.
+
abc
1.2.3
+
++1
.
1e+
1e+
abc
--2
1e-
0e
-
1e+
.
abc
+
.
-
0e
++1
++1
-
++1
1e
1ee2
--2
e10
000.e
-
1ee2
0e
--2
1ee2
+
1ee2
--2
1e+
e10
0e
--2
abc
1e
--2
1e+
abc
.
.
000.e
1ee2
++1
e10
--2
abc
1ee2
1ee2
000.e
.
e10
000.e
.
+
1e-
++1
++1
1.2.3
++1
e10
-
++1
1ee2
1ee2
+
1.2.3
--2
.
-
0e
000.e
1e-
1e+
abc
000.e
abc
1ee2
abc
0e
++1
1e
abc
+
-
e10
1e
++1
1e+
abc
++1
e10
e10
--2
++1
000.e
1.2.3
1ee2
1e-
--2
1e-
1e
1e-
+
1.2.3
1.2.3
-
1.2.3
+
++1
000.e
abc
1e+
1e
-
1.2.3
.
--2
000.e
000.e
+
-
e10
--2
1.2.3
000.e
1e
1.2.3
1e-
--2
.
+
.
--2
000.e
+
000.e
--2
1e
e10
e10
1e+
1e-
--2
++1
1.2.3
-
-
+
abc
1ee2
--2
-
0e
1e
1e-
1.2.3
e10
++1
e10
e10
.
1ee2
abc
--2
1e+
1ee2
.
--2
1ee2
000.e
.
1e
--2
1e
.
1e+
1e+
1e
e10
1ee2
e10
+
1e
--2
1ee2
0e
abc
-
.
++1
1e+
1e+
.
1e
+
1e-
+
--2
1e
abc
++1
1ee2
1e
000.e
e10
e10
e10
1.2.3
e10
1e+
1e
e10
++1
0e
1.2.3
e10
+
abc
abc
1e+
+
0e
1e
1ee2
0e
1.2.3
0e
1e-
++1
000.e
000.e
abc
1.2.3
000.e
000.e
++1
0e
abc
000.e
0e
1ee2
--2
++1
--2
e10
.
-
e10
abc
+
1e
++1
1e-
+
+
--2
1.2.3
1e-
1e-
++1
+
0e
1.2.3
000.e
1e+
1ee2
0e
.
abc
1e-
000.e
000.e
e10
0e
abc
1e
e10
--2
++1
1e-
abc
abc
1e+
.
1.2.3
-
.
1e
1e
++1
+
1e+
+
.
++1
1.2.3
0e
--2
++1
0e
-
-
1ee2
.
000.e
0e
abc
1e
+
1ee2
++1
1ee2
.
1ee2
1e+
e10
--2
.
1e
--2
.
--2
1e
e10
1e+
0e
0e
.
1e
1ee2
1e
1e-
--2
+
.
1e-
1e+
000.e
.
+
1ee2
1.2.3
+
1ee2
000.e
--2
1e
1ee2
--2
000.e
++1
+
1e-
1e-
1.2.3
000.e
0e
e10
1.2.3
+
.
.
--2
-
abc
1e
1e
1ee2
+
1e
1ee2
.
1.2.3
1e-
1e
000.e
+
abc
1e+
1ee2
.
++1
++1
+
-
1e-
1e+
.
++1
.
.
1.2.3
++1
--2
1e
+
-
.
1ee2
000.e
abc
--2
1ee2
1e-
0e
++1
-
abc
1e+
0e
1e-
++1
++1
-
-
.
1e+
0e
1e
++1
1.2.3
1ee2
000.e
1e+
0e
abc
.
000.e
1ee2
++1
0e
.
++1
1.2.3
e10
abc
--2
1e+
-
000.e
.
-
++1
1.2.3
0e
+
--2
000.e
e10
++1
-
1.2.3
abc
1e+
++1
1ee2
--2
1e
-
-
++1
++1
++1
+
1e-
1e+
000.e
1e-
1e+
++1
++1
1e+
--2
1ee2
1e-
++1
--2
.
000.e
++1
++1
-
0e
1e+
-
1.2.3
000.e
--2
+
abc
abc
--2
1e+
--2
1e+
1e-
+
.
e10
abc
.
e10
.
1ee2
e10
1e-
1e+
1.2.3
1.2.3
-
.
000.e
abc
--2
000.e
e10
1e+
.
--2
1e+
-
0e
1e-
1e-
1e+
1ee2
-
1e+
1ee2
1.2.3
++1
+
++1
1e+
++1
1e-
+
1.2.3
e10
1e
1e+
1e
0e
1e+
.
1ee2
1.2.3
abc
1e+
e10
-
++1
e10
1e-
000.e
++1
--2
1e+
0e
1e+
1e-
.
+
1e
--2
++1
++1
+
1ee2
1e+
1e
1e
+
abc
abc
0e
++1
000.e
1e-
0e
.
++1
.
-
1.2.3
000.e
000.e
--2
1e
e10
++1
1e-
1ee2
-
000.e
1e
1e-
1ee2
--2
1e+
--2
1e+
000.e
abc
1.2.3
.
-
000.e
abc
0e
1e-
+
-
+
000.e
e10
++1
.
abc
abc
.
abc
1e+
++1
++1
--2
+
e10
000.e
0e
1.2.3
abc
1e-
1e
000.e
1.2.3
--2
1e+
1.2.3
++1
0e
e10
000.e
-
1.2.3
0e
1.2.3
--2
abc
1e-
--2
+
1ee2
1e
000.e
1e-
++1
++1
1e-
.
-
1ee2
1e-
1ee2
e10
--2
--2
000.e
1e
1e
-
000.e
1e
1e
abc
+
++1
000.e
.
-
--2
e10
1e
0e
1e-
1e+
1e
abc
--2
++1
1ee2
.
abc
+
1e+
1ee2
--2
1e-
1e
.
1e+
abc
1ee2
1.2.3
abc
+
--2
1ee2
1e-
+
1e
1.2.3
+
+
--2
--2
1e-
-
++1
1e-
1ee2
1e
1e-
-
1ee2
1.2.3
-
1.2.3
++1
000.e
.
e10
--2
1e-
-
+
--2
.
--2
1e+
++1
1.2.3
1e-
000.e
+
+
++1
1e
--2
0e
0e
--2
1e+
1.2.3
-
.
.
1.2.3
++1
000.e
1e-
1ee2
1e+
abc
e10
-
1e+
+
000.e
1e-
+
.
e10
1e
1ee2
abc
0e
1e+
-
000.e
1e+
--2
1e
e10
1.2.3
--2
1.2.3
000.e
+
1.2.3
e10
--2
abc
--2
.
1.2.3
0e
1e
1e-
abc
.
e10
1e
+
--2
1e
1e+
abc
1e
1e-
000.e
1ee2
--2
e10
1e+
1ee2
++1
1e-
.
1ee2
0e
000.e
1e+
abc
+
+
000.e
1e-
1ee2
1e
1ee2
0e
--2
000.e
.
1ee2
+
1.2.3
++1
1e+
1.2.3
1ee2
-
1.2.3
abc
+
.
.
-
-
1e
1ee2
1ee2
abc
1ee2
+
e10
0e
+
1ee2
--2
+
.
000.e
+
.
.
+
.
1e+
1.2.3
+
000.e
+
1ee2
-
1e-
--2
e10
--2
1e-
--2
1e+
++1
1e
++1
+
+
+
-
0e
1e
000.e
--2
++1
++1
-
1ee2
.
1.2.3
0e
++1
++1
1e
+
1ee2
.
.
1e
1e-
.
-
++1
--2
0e
1ee2
-
1e-
+
0e
0e
000.e
000.e
1e-
-
abc
-
.
abc
+
0e
.
1e+
1ee2
--2
0e
e10
--2
000.e
+
e10
1e
1.2.3
0e
1e-
-
1e-
1e-
000.e
--2
abc
1e-
1e+
-
1e+
1.2.3
1ee2
1e
.
.
1e+
000.e
-
1e-
1ee2
++1
-
1.2.3
abc
+
-
1e-
--2
+
.
1e
-
0e
1e-
1.2.3
-
0e
000.e
1e
+
1ee2
--2
1ee2
1e-
000.e
1ee2
++1
--2
000.e
e10
+
++1
000.e
1e-
1e-
+
1e+
1e
1e
1ee2
1ee2
1e
+
1ee2
1.2.3
0e
-
abc
000.e
abc
1.2.3
1e-
1e-
1e
+
1e+
1.2.3
1e
e10
abc
+
.
-
e10
abc
+
000.e
-
1e
1e-
1e
.
-
-
1e+
1ee2
1e-
0e
++1
1ee2
++1
+
0e
++1
1e
-
0e
++1
1.2.3
1e-
1e-
1e+
+
.
1ee2
0e
1ee2
0e
--2
-
--2
++1
-
-
000.e
--2
e10
+
1.2.3
-
1e
--2
1e-
.
1ee2
-
0e
--2
+
1e+
1e-
1ee2
1ee2
1.2.3
++1
1e
1e-
0e
++1
+
++1
--2
--2
0e
1e-
1e-
1e-
1ee2
1ee2
e10
+
000.e
1e-
-
000.e
0e
1e+
++1
++1
-
abc
1ee2
-
1.2.3
1.2.3
--2
0e
000.e
1ee2
+
++1
e10
1e
1ee2
abc
abc
0e
1e+
1e
.
abc
-
1e
e10
1e
1e+
1ee2
++1
--2
abc
+
abc
1e-
.
.
--2
0e
--2
abc
e10
++1
e10
-
abc
abc
e10
.
e10
000.e
abc
.
+
-
1e+
1ee2
1.2.3
1e
abc
--2
1e-
.
1e
-
1.2.3
e10
0e
-
++1
--2
--2
-
--2
-
1e-
1e
+
000.e
e10
1ee2
1.2.3
1.2.3
+
1.2.3
0e
0e
++1
+
1e-
++1
++1
--2
++1
000.e
abc
.
e10
++1
1ee2
e10
1e+
1ee2
1.2.3
1e+
++1
0e
1e+
1e-
.
1e+
000.e
1e+
1ee2
+
1.2.3
.
1e+
1e-
1ee2
-
1e
1e+
e10
1e-
--2
1e
.
1.2.3
1e+
+
-
.
abc
abc
1.2.3
+
+
-
--2
1ee2
++1
0e
++1
+
1e-
--2
abc
--2
1e
abc
+
.
1e
.
-
1e-
abc
++1
1e-
-
1.2.3
1e-
1ee2
1e
+
1e
1ee2
1e+
e10
000.e
1ee2
000.e
0e
1e-
++1
1.2.3
-
1e-
000.e
000.e
000.e
-
1e-
--2
1e-
++1
abc
1e-
+
+
--2
1e+
+
1e-
+
+
++1
1ee2
1ee2
1e+
000.e
1e+
--2
1e-
1ee2
1e-
1e-
1ee2
0e
--2
0e
000.e
000.e
1e+
1e-
0e
1e
++1
000.e
+
e10
1ee2
--2
1.2.3
1e
.
1.2.3
-
+
e10
e10
1.2.3
0e
1.2.3
1e+
1e+
1.2.3
1ee2
e10
-
++1
000.e
1.2.3
1e+
.
abc
--2
1e+
+
0e
-
1e+
1.2.3
+
1ee2
0e
0e
1e-
0e
abc
1e+
1e
1e+
++1
.
+
-
+
--2
e10
e10
1e-
0e
1e+
1e+
-
abc
-
1e+
-
++1
--2
+
1e+
-
0e
000.e
--2
1ee2
000.e
--2
.
000.e
++1
--2
--2
-
0e
1e-
1.2.3
e10
+
000.e
+
1.2.3
1e-
000.e
0e
1.2.3
1e+
000.e
1e+
++1
abc
000.e
1e-
1ee2
1.2.3
000.e
+
1ee2
1e+
1e+
++1
0e
-
+
.
1.2.3
abc
1e
.
1.2.3
++1
+
1.2.3
abc
-
0e
1e
.
+
abc
-
1.2.3
1e+
e10
1e
+
1e+
1.2.3
+
++1
1.2.3
1e+
--2
.
1.2.3
1e+
.
000.e
1.2.3
1e+
.
++1
abc
1e-
.
1.2.3
--2
1.2.3
+
1.2.3
-
--2
+
+
.
++1
000.e
0e
1.2.3
000.e
e10
.
1.2.3
0e
000.e
1e
abc
--2
1e-
+
1e+
.
1e
1e-
0e
+
.
.
--2
000.e
1e-
abc
0e
1e+
e10
1ee2
abc
++1
+
+
1ee2
.
.
-
+
1.2.3
e10
-
abc
1e
000.e
1.2.3
1e-
1.2.3
-
abc
1e
-
1e+
1e-
--2
1ee2
1ee2
1ee2
-
-
1e+
-
-
1e-
000.e
1e+
-
.
1e
1e-
++1
e10
abc
0e
+
e10
.
1ee2
--2
--2
-
0e
1e+
0e
000.e
000.e
0e
0e
1ee2
1e
.
abc
--2
abc
e10
1ee2
-
++1
1ee2
abc
abc
1e
--2
1e-
1.2.3
1.2.3
1.2.3
0e
--2
abc
1e
++1
e10
--2
000.e
e10
++1
--2
--2
1e-
+
1ee2
-
1e
++1
.
.
abc
abc
-
1e
+
.
abc
e10
+
++1
abc
-
000.e
1e
1ee2
e10
1e
1ee2
1.2.3
-
1e+
1.2.3
--2
e10
e10
-
1.2.3
1e
1e+
1e+
1ee2
.
1e-
++1
1.2.3
1e-
1e
1e-
--2
--2
--2
000.e
--2
--2
1e
1e+
--2
+
1.2.3
abc
+
1e-
1e-
1e
1e
0e
1e+
abc
.
1ee2
000.e
++1
1e-
1ee2
-
000.e
1e
++1
e10
1ee2
1e+
+
-
-
1e
000.e
1e
e10
+
+
.
1e+
1e+
e10
++1
+
1e-
abc
+
++1
++1
1ee2
1e
1e
1e-
-
0e
-
-
+
1e-
e10
1e+
1ee2
1.2.3
1e+
1e
++1
000.e
++1
--2
+
e10
e10
1.2.3
.
1ee2
--2
e10
-
000.e
0e
--2
+
.
000.e
1.2.3
++1
1e+
1e
0e
1ee2
0e
++1
0e
e10
1e
1e
--2
abc
++1
.
abc
-
1e
--2
1e
1ee2
e10
1e-
--2
.
.
1e
abc
1e-
abc
--2
abc
1e-
000.e
++1
+
1ee2
--2
-
++1
000.e
1ee2
+
1e-
+
+
abc
1ee2
000.e
--2
1e
1e-
0e
+
0e
1.2.3
--2
1e+
0e
1ee2
-
--2
++1
1e
1ee2
+
1e
1e
000.e
.
0e
0e
1ee2
1e-
1.2.3
abc
abc
.
1e-
0e
1e
1.2.3
0e
1.2.3
1.2.3
.
++1
1e-
++1
--2
++1
++1
abc
abc
e10
1e+
-
-
1ee2
.
1e
e10
1e+
1e
++1
1e+
abc
1e+
1e
+
abc
1.2.3
e10
1e-
++1
abc
1.2.3
-
e10
-
+
1e
++1
--2
abc
e10
--2
000.e
1e-
000.e
e10
++1
000.e
-
++1
1.2.3
000.e
1e-
+
1e+
1ee2
.
1ee2
e10
1e-
++1
-
000.e
1ee2
-
+
1ee2
1.2.3
+
000.e
abc
.
000.e
--2
-
abc
.
++1
1ee2
++1
1e-
++1
++1
.
+
+
++1
abc
++1
0e
--2
++1
0e
1e-
000.e
1ee2
1e
1.2.3
-
e10
1e-
.
1e+
+
++1
1e+
000.e
+
1.2.3
1e
-
.
1e+
.
.
000.e
++1
e10
1.2.3
1e+
1e+
000.e
1ee2
0e
1.2.3
abc
0e
.
000.e
+
--2
.
+
1e+
000.e
1e-
1e-
--2
.
--2
000.e
++1
--2
0e
-
0e
++1
1e-
-
+
000.e
1ee2
--2
1.2.3
e10
.
1.2.3
++1
1.2.3
+
+
e10
1ee2
1e
1e
0e
.
1e-
0e
+
1e
1e-
-
000.e
1e
abc
abc
++1
0e
abc
-
1e
000.e
e10
1e+
+
.
1.2.3
1e-
.
000.e
1e
-
.
000.e
++1
000.e
000.e
+
1e+
0e
abc
1e+
0e
1.2.3
abc
--2
1e
--2
-
0e
.
--2
++1
1e+
.
+
++1
+
--2
1e+
000.e
1e
1ee2
++1
abc
0e
1.2.3
+
000.e
1.2.3
++1
1ee2
+
0e
+
000.e
1e+
-
abc
1ee2
e10
1e+
-
+
--2
1e
++1
1e+
++1
0e
++1
1e+
--2
0e
++1
1.2.3
--2
1e+
1ee2
++1
--2
+
000.e
000.e
+
abc
1e+
1e+
1e-
000.e
+
+
+
1.2.3
0e
e10
--2
+
--2
e10
0e
000.e
+
1e+
abc
-
1e+
.
-
1ee2
e10
1e-
000.e
-
-
e10
000.e
--2
0e
-
-
e10
e10
1e+
++1
++1
1e+
1e
abc
.
e10
++1
e10
abc
1.2.3
.
1e-
1e
--2
1e+
1.2.3
+
-
1.2.3
1ee2
1ee2
e10
1e+
1e-
--2
1ee2
-
e10
1e
0e
1.2.3
++1
-
1.2.3
1ee2
--2
1e-
0e
000.e
0e
abc
1ee2
1e
1ee2
--2
1e
1e+
-
.
0e
.
--2
1ee2
1.2.3
0e
1ee2
000.e
1.2.3
000.e
1.2.3
1e
-
abc
abc
1.2.3
e10
0e
.
abc
0e
-
++1
++1
++1
-
1e+
1e+
1.2.3
0e
abc
1e
0e
++1
000.e
e10
1e
1ee2
-
--2
e10
0e
-
0e
+
000.e
abc
1.2.3
1e
1.2.3
1e+
.
abc
++1
e10
000.e
.
0e
1e
1.2.3
e10
.
1e+
1ee2
abc
e10
++1
abc
1e
1.2.3
1e+
0e
.
-
abc
-
1e+
+
0e
e10
++1
--2
1e+
1e+
1e-
000.e
--2
0e
0e
1e
1ee2
abc
1e-
1e-
1e+
0e
0e
--2
0e
000.e
1e+
.
0e
1e
.
0e
0e
1e
1e
e10
abc
1ee2
.
.
0e
1e-
-
abc
1e+
1e-
.
abc
000.e
.
abc
1e+
++1
1e+
-
e10
e10
0e
e10
1e
1e
1.2.3
1ee2
.
1e+
--2
1e
abc
abc
000.e
1e+
+
abc
--2
--2
--2
1e+
1e-
.
1.2.3
--2
e10
++1
e10
1e
e10
--2
abc
abc
1ee2
--2
1e
+
--2
e10
0e
.
e10
++1
1e+
0e
000.e
1e-
abc
1e
+
--2
0e
e10
000.e
0e
++1
1e-
0e
e10
1ee2
1e
.
-
e10
+
1e+
.
000.e
1.2.3
0e
.
1e
+
++1
1.2.3
e10
+
1.2.3
--2
1.2.3
-
e10
1e-
1.2.3
-
+
+
1.2.3
+
-
--2
++1
1e-
000.e
.
1e-
+
1.2.3
1e+
000.e
--2
.
+
000.e
+
--2
1ee2
1e-
0e
.
1e+
+
--2
1e-
1.2.3
0e
e10
++1
000.e
++1
--2
000.e
--2
--2
1e+
1e
-
1e
0e
+
1e
1ee2
1e
1e-
1e
000.e
000.e
0e
1e-
000.e
--2
e10
e10
e10
1ee2
--2
-
0e
.
.
0e
+
1ee2
000.e
1e
e10
e10
+
000.e
--2
.
++1
1.2.3
1.2.3
1.2.3
+
0e
e10
1e-
.
--2
+
+
.
+
--2
1.2.3
e10
++1
1ee2
++1
1e+
++1
++1
0e
-
e10
1e
0e
1e-
1ee2
--2
+
abc
-
.
.
.
000.e
e10
1ee2
++1
1e
.
1ee2
++1
abc
abc
1e+
.
e10
abc
-
-
000.e
++1
1e
abc
-
abc
abc
-
1e-
1.2.3
--2
0e
e10
abc
+
--2
000.e
1.2.3
--2
e10
abc
1e
1e-
1e+
abc
1e+
.
.
abc
+
1e
1e+
++1
++1
--2
-
.
.
++1
1e
1.2.3
+
1e
++1
e10
e10
-
0e
-
--2
+
1e
1ee2
++1
--2
.
-
abc
1e
-
-
-
1ee2
--2
++1
--2
1e+
1.2.3
1e+
abc
000.e
000.e
+
abc
1ee2
++1
.
-
.
1.2.3
1e+
1e
--2
abc
1e
++1
.
1.2.3
--2
0e
-
0e
+
1ee2
1e-
.
+
1e
1e
.
1.2.3
--2
e10
+
0e
1e
0e
1ee2
1ee2
1.2.3
0e
1.2.3
1.2.3
1e
0e
+
1e+
0e
++1
.
abc
abc
1e
1e
++1
000.e
abc
0e
abc
abc
abc
1e+
1.2.3
1.2.3
-
--2
1ee2
e10
1e+
000.e
abc
1e
1e
abc
e10
1e
-
abc
1ee2
1e
0e
1e-
-
.
++1
abc
abc
1e
++1
+
000.e
abc
000.e
1e
0e
e10
abc
-
1e-
++1
-
000.e
000.e
-
0e
1e+
-
--2
1.2.3
--2
++1
e10
1e-
abc
++1
+
1e-
++1
1ee2
1e+
abc
--2
1ee2
1e+
0e
abc
1e+
+
000.e
0e
1e
--2
1e+
0e
1e+
+
1e-
0e
1e+
e10
e10
e10
++1
++1
++1
--2
abc
+
1e
1e-
1e
+
-
1ee2
1.2.3
1e-
1e
000.e
1.2.3
0e
0e
--2
abc
+
1ee2
1ee2
e10
0e
0e
-
1ee2
+
1e-
0e
++1
.
1e-
1e
1e+
+
++1
-
1e-
1.2.3
1ee2
++1
-
1.2.3
1.2.3
-
+
1e-
1e+
-
-
+
.
e10
.
e10
1e
abc
e10
1.2.3
abc
.
e10
1e
-
000.e
1ee2
e10
-
-
++1
1.2.3
--2
000.e
1e-
--2
.
.
++1
1e
+
++1
1ee2
+
abc
++1
abc
--2
++1
1.2.3
+
1.2.3
1ee2
1e-
e10
1ee2
-
1ee2
abc
abc
0e
+
1e-
--2
.
.
1e-
.
0e
1e
1e
1e-
e10
++1
1e-
++1
000.e
e10
1.2.3
-
000.e
1e
-
e10
+
++1
000.e
.
e10
1e
--2
1e+
1ee2
.
1e+
1.2.3
000.e
-
+
1e
++1
abc
1e-
1e+
--2
e10
1ee2
-
--2
1.2.3
1e-
e10
1e-
1ee2
1.2.3
1ee2
1e
.
1e
e10
1e+
000.e
1e-
.
++1
++1
+
0e
--2
abc
1ee2
-
abc
abc
1e+
1e+
+
1e+
1e+
abc
.
0e
abc
e10
.
000.e
1.2.3
000.e
0e
+
0e
1e-
0e
++1
1ee2
-
1e+
0e
--2
--2
000.e
1e+
1e
0e
1e+
1e
-
1e+
e10
1e-
000.e
abc
.
--2
1ee2
1e-
1.2.3
1e
.
1e
.
1ee2
1e+
000.e
1.2.3
-
1e
.
.
-
-
0e
1e+
1e
0e
1e+
.
1.2.3
abc
.
1.2.3
1e
0e
+
abc
1e
.
+
+
e10
1e
++1
0e
--2
.
000.e
0e
++1
abc
e10
.
+
.
abc
-
1e-
1ee2
1.2.3
++1
1e
0e
1e
+
--2
1e+
1e-
1ee2
abc
.
+
++1
abc
1.2.3
1e+
1e+
1ee2
e10
0e
+
++1
-
.
e10
.
.
--2
1.2.3
--2
000.e
+
e10
e10
--2
1e-
0e
+
.
000.e
1e+
1.2.3
1e+
1.2.3
0e
1e+
1e
1ee2
1e+
0e
1ee2
e10
++1
--2
0e
--2
e10
++1
1ee2
0e
-
e10
e10
1e
0e
1.2.3
1e-
++1
1e-
e10
e10
000.e
++1
-
.
abc
1e+
1ee2
abc
1e+
1ee2
.
e10
-
1e-
0e
1e+
abc
--2
+
1e-
abc
000.e
++1
-
--2
1e-
1e-
1e+
+
0e
1e+
1e-
++1
++1
1e
1e+
1e+
e10
000.e
.
1e
++1
abc
++1
-
1ee2
1e
0e
+
--2
1ee2
e10
1e+
1e
0e
++1
1e+
0e
1e+
--2
0e
1ee2
1.2.3
1e+
--2
1e+
+
1e
1.2.3
e10
++1
-
1ee2
abc
+
1ee2
1e
--2
e10
1ee2
1ee2
1e-
0e
--2
e10
++1
+
.
1e
1e+
+
000.e
1e+
1e
1e
--2
-
e10
0e
000.e
1e+
1.2.3
1ee2
1e-
000.e
0e
1.2.3
1e-
+
--2
.
1e-
1e-
e10
1ee2
+
e10
1.2.3
000.e
1ee2
1e
++1
-
1ee2
1e
1.2.3
1e-
1e
e10
e10
1e+
++1
1e-
-
++1
0e
1e+
.
-
1e
1e-
--2
1e+
abc
1e+
000.e
1ee2
--2
0e
1.2.3
000.e
1e
-
1.2.3
.
abc
--2
1e
1e+
0e
0e
++1
000.e
++1
0e
--2
+
1e+
1e
.
1ee2
0e
.
1ee2
000.e
000.e
1.2.3
++1
1e+
1e+
1e-
++1
.
e10
-
000.e
abc
abc
1ee2
1e-
.
1e
1e
1e+
1e-
++1
000.e
1e+
+
abc
++1
1e-
--2
1e+
e10
1e-
e10
--2
000.e
++1
0e
.
++1
e10
.
1.2.3
1.2.3
0e
--2
--2
.
--2
1.2.3
+
.
1e-
e10
+
1e+
1e-
1e+
1.2.3
1.2.3
1ee2
abc
1ee2
000.e
e10
abc
1e
--2
1.2.3
1.2.3
abc
e10
1.2.3
1e+
0e
1e
1e
-
000.e
0e
1ee2
++1
e10
000.e
.
1e-
--2
.
.
0e
++1
abc
1e
e10
000.e
abc
1e-
1ee2
1.2.3
+
000.e
abc
1.2.3
--2
.
-
e10
++1
e10
e10
1e-
e10
1ee2
-
0e
abc
+
1ee2
abc
++1
-
0e
1ee2
000.e
e10
0e
000.e
1e+
e10
-
+
1e+
--2
++1
++1
++1
1e
.
abc
++1
+
1e+
1.2.3
1.2.3
1e+
abc
000.e
1e+
+
000.e
1e-
1e+
-
1e-
000.e
000.e
1e
1e-
1.2.3
--2
+
1.2.3
-
+
1ee2
e10
1.2.3
1e
+
--2
1e
.
1e+
.
1e+
1e
1.2.3
1e+
1e-
1.2.3
1.2.3
1e
000.e
++1
++1
abc
1e+
1.2.3
++1
1e
1ee2
1.2.3
1e+
1.2.3
1e
0e
1.2.3
abc
1ee2
1e-
1e+
1e-
.
000.e
1ee2
1e-
0e
-
1.2.3
-
.
0e
1e-
--2
-
++1
e10
1e-
+
0e
++1
e10
e10
abc
000.e
1.2.3
.
1e+
-
.
.
000.e
1e
1ee2
1ee2
1e
++1
+
abc
000.e
1e-
000.e
.
1e
1.2.3
abc
000.e
1.2.3
1e-
.
1e-
++1
-
-
++1
abc
1e-
+
-
1e
1e-
1e-
++1
e10
1e
1e
e10
1e
1e
+
--2
1e-
++1
0e
--2
e10
--2
1e
1.2.3
abc
abc
.
1e+
e10
e10
1e+
.
-
000.e
abc
-
1e-
000.e
1e
000.e
+
.
+
1e
--2
++1
000.e
.
++1
+
1ee2
+
++1
1e
0e
.
++1
1ee2
+
abc
1ee2
-
1e+
0e
+
1ee2
e10
e10
.
--2
1e
-
--2
++1
1e+
--2
abc
abc
1ee2
1e+
1e-
0e
.
e10
e10
1.2.3
0e
abc
1e
++1
000.e
e10
1e+
0e
e10
--2
1e
--2
e10
1e+
0e
1.2.3
e10
1.2.3
1ee2
0e
-
-
1.2.3
--2
+
1e+
1ee2
000.e
++1
0e
++1
1e+
--2
-
.
1e-
++1
++1
.
abc
+
--2
000.e
000.e
.
1e-
1e-
0e
abc
abc
-
abc
+
000.e
e10
1e-
.
000.e
000.e
1e
.
e10
.
000.e
--2
1ee2
1.2.3
1e-
abc
+
000.e
.
1ee2
--2
abc
++1
++1
0e
++1
1e-
.
0e
+
000.e
1.2.3
.
1ee2
-
1e-
++1
+
1e
e10
+
.
-
abc
e10
0e
1e+
++1
--2
.
+
1ee2
1e
0e
--2
--2
++1
1e-
.
.
abc
1ee2
--2
-
--2
+
1e
1ee2
1.2.3
abc
0e
++1
0e
+
1e-
1e+
e10
.
1ee2
1e-
0e
--2
000.e
1ee2
000.e
.
++1
1ee2
+
000.e
-
-
1e
-
0e
+
1e-
+
--2
0e
1e
.
0e
1ee2
-
000.e
-
1e-
1e+
abc
1.2.3
1e-
++1
--2
1.2.3
.
-
1.2.3
0e
1ee2
0e
1e+
000.e
--2
++1
0e
000.e
.
-
e10
1e-
1e
1e-
+
1ee2
--2
1e+
.
+
+
0e
1.2.3
e10
1e-
1e-
abc
0e
0e
.
+
-
abc
0e
1ee2
--2
1.2.3
1ee2
1e-
1e
-
1e
0e
++1
1ee2
000.e
1.2.3
1e+
+
--2
.
++1
++1
e10
000.e
--2
1.2.3
++1
.
1.2.3
abc
1e-
1e+
000.e
1ee2
-
+
e10
000.e
++1
abc
--2
1e-
000.e
abc
0e
-
.
1ee2
abc
1.2.3
000.e
000.e
1.2.3
1e-
000.e
1e
1ee2
1ee2
0e
1e-
e10
+
abc
e10
++1
+
000.e
1e+
1e+
1e+
+
1e+
1e+
1.2.3
-
1e-
1e-
1.2.3
e10
-
000.e
-
--2
++1
000.e
1ee2
abc
.
1ee2
--2
-
+
1e
e10
1e
1.2.3
1e
1.2.3
e10
1e
0e
abc
--2
abc
0e
e10
1e
1.2.3
1e
abc
+
-
1e-
1.2.3
000.e
-
.
--2
e10
1.2.3
.
++1
+
-
1ee2
1ee2
1e
1e
abc
1e-
--2
1e+
+
.
abc
abc
+
+
--2
--2
1e
1e+
++1
1e+
++1
e10
++1
1e
1e-
--2
1e-
e10
.
1e+
-
1e
.
1e-
1ee2
1e
.
1ee2
++1
++1
++1
1e
1.2.3
1e-
0e
+
-
-
000.e
1ee2
.
+
1.2.3
--2
1e
--2
.
1e-
1.2.3
--2
1e-
000.e
e10
1.2.3
.
--2
abc
e10
000.e
1ee2
1e-
.
.
1ee2
--2
++1
1.2.3
.
++1
0e
1.2.3
abc
0e
--2
.
.
1e
abc
+
1.2.3
++1
1e-
1.2.3
1e+
1e
e10
abc
abc
.
1e-
abc
-
++1
.
000.e
e10
e10
1e+
--2
e10
1e
e10
1.2.3
-
1ee2
0e
abc
.
.
1e
++1
++1
e10
0e
0e
.
1e
++1
-
000.e
1e-
1e+
1ee2
abc
-
1e
.
--2
++1
--2
abc
1e
-
1.2.3
.
000.e
--2
1e+
--2
000.e
e10
+
++1
+
++1
000.e
+
0e
1e+
-
.
000.e
1e
e10
.
0e
.
abc
1ee2
1e-
+
++1
1e
.
-
--2
abc
1ee2
1.2.3
abc
1e
1e-
+
.
1e-
1e
000.e
+
1e+
1e
1e-
0e
1e+
-
1e-
1e-
++1
000.e
1e
1e+
+
1e
0e
1e+
1.2.3
abc
0e
1ee2
-
.
1ee2
1e+
1e
1e+
1e
++1
000.e
e10
1e
-
abc
1.2.3
1.2.3
1.2.3
000.e
000.e
000.e
1e+
abc
1e-
1e
-
-
e10
--2
1e
1e
1e
000.e
0e
1e+
-
--2
1.2.3
-
abc
-
-
000.e
1.2.3
.
--2
1e
-
1e+
+
e10
000.e
++1
1e-
--2
000.e
++1
1e
1e+
.
e10
1e
.
+
1e
000.e
1e+
1.2.3
.
++1
1e
000.e
+
1.2.3
+
--2
.
1e
000.e
.
1e-
0e
000.e
1e+
abc
1ee2
.
.
1e+
1e+
1.2.3
1.2.3
abc
0e
1e-
0e
e10
1e
++1
.
1e
+
-
0e
1.2.3
1ee2
+
1e+
abc
1e-
-
abc
1.2.3
-
1e-
--2
1e
-
abc
--2
1e+
+
abc
0e
e10
--2
000.e
++1
abc
.
1e-
.
1ee2
e10
1.2.3
0e
0e
0e
1e
1e-
0e
--2
1.2.3
e10
e10
e10
++1
1.2.3
--2
++1
++1
--2
.
1ee2
000.e
000.e
--2
000.e
-
1.2.3
0e
1e-
1e
0e
1.2.3
1e
1e+
1e+
1e-
1.2.3
000.e
-
0e
0e
-
000.e
000.e
.
abc
1.2.3
0e
+
1e+
--2
abc
0e
1e+
1ee2
+
+
1e
--2
-
+
1e-
000.e
1e-
abc
1e
1e+
-
1e-
.
--2
0e
--2
--2
-
--2
1.2.3
+
1ee2
1e
.
1e
--2
.
e10
.
000.e
-
+
.
abc
1.2.3
e10
000.e
e10
abc
1e+
e10
1ee2
0e
e10
--2
1e
-
1e+
000.e
1.2.3
.
1e+
0e
-
++1
1e-
1e+
++1
1ee2
-
e10
1.2.3
+
abc
+
abc
0e
1e
+
-
+
--2
--2
+
--2
000.e
--2
1ee2
1ee2
1.2.3
000.e
--2
abc
++1
1ee2
0e
abc
abc
1e-
++1
e10
.
abc
1e+
1e+
1ee2
abc
000.e
1e+
1e-
000.e
-
+
1e-
1e+
+
0e
e10
1e-
1.2.3
--2
1ee2
1ee2
1e
abc
1.2.3
1e+
000.e
+
0e
++1
0e
0e
000.e
1e
0e
e10
+
1e
e10
1ee2
e10
-
000.e
1e-
.
1e+
e10
1ee2
1.2.3
++1
1e+
000.e
-
1ee2
1e-
1.2.3
000.e
1e-
.
.
1.2.3
--2
--2
.
1e+
1.2.3
000.e
.
++1
abc
--2
1e
.
1e+
1e+
--2
1ee2
abc
abc
++1
1e+
--2
1ee2
000.e
.
.
0e
1e
abc
1e+
1e
.
.
1e-
1e+
--2
.
.
1.2.3
1e-
1e+
1e+
--2
1ee2
abc
1e-
+
e10
1e+
1e
1e-
e10
000.e
1e
+
1e-
0e
1.2.3
e10
1.2.3
abc
--2
000.e
000.e
++1
abc
.
--2
++1
--2
.
1ee2
abc
1.2.3
1e
1e+
000.e
1e
1e
1e
--2
1ee2
1.2.3
000.e
-
.
abc
++1
-
1e+
0e
000.e
0e
000.e
1e-
000.e
0e
--2
++1
1e-
e10
abc
abc
+
abc
1e
--2
--2
-
-
--2
++1
000.e
1e+
e10
abc
+
1ee2
.
e10
--2
++1
e10
0e
e10
1ee2
++1
1ee2
000.e
--2
+
-
1e
abc
--2
abc
1e-
--2
--2
1e
-
1e-
--2
-
e10
1e+
1e+
1ee2
000.e
1ee2
1ee2
e10
-
1e+
--2
++1
e10
0e
1e
1e-
1ee2
-
1e
.
+
0e
e10
+
++1
1ee2
e10
1e-
1e+
--2
++1
1e
+
+
--2
-
-
-
0e
1ee2
0e
.
++1
-
-
+
1e
++1
1e+
1e-
1e
++1
0e
1e+
1.2.3
1e
-
1.2.3
--2
--2
.
++1
1e+
1e-
e10
-
-
.
++1
0e
++1
0e
1ee2
1ee2
1ee2
1e
0e
+
1.2.3
1ee2
1.2.3
1e+
+
.
.
1e+
1e-
-
0e
.
000.e
1ee2
abc
++1
.
1e
0e
++1
-
+
.
abc
1e
1e
1.2.3
1e+
1.2.3
abc
e10
000.e
0e
1e+
1ee2
1e-
+
++1
0e
1e
1ee2
++1
000.e
++1
++1
1e
1e
.
0e
.
++1
000.e
+
1.2.3
abc
.
1ee2
abc
1e+
++1
e10
.
++1
.
1e+
1e
+
1ee2
-
0e
++1
.
1e-
1e
--2
1ee2
-
e10
1ee2
1e-
++1
1e+
1e-
+
abc
-
1.2.3
++1
-
0e
--2
000.e
.
e10
e10
.
--2
abc
1.2.3
1e
1.2.3
1.2.3
1e+
--2
abc
e10
-
1e+
1e+
abc
0e
1ee2
000.e
1e-
000.e
1e
.
1e-
1e
0e
++1
.
1ee2
abc
++1
+
1e
+
-
1ee2
1e
000.e
-
+
.
1.2.3
--2
e10
-
e10
++1
.
-
++1
++1
--2
1e+
1e+
abc
-
1ee2
--2
000.e
000.e
.
1.2.3
1.2.3
+
000.e
1e-
--2
.
e10
000.e
1ee2
000.e
.
1e
+
1e+
+
e10
-
--2
++1
1e
e10
1ee2
1e
e10
0e
++1
-
--2
1e
000.e
abc
000.e
.
1e
-
abc
--2
1e+
.
000.e
--2
1.2.3
--2
--2
abc
0e
1ee2
1e-
1ee2
++1
1e
1e
+
1ee2
1.2.3
+
1e-
+
1e
+
.
0e
.
.
e10
000.e
++1
+
e10
++1
+
++1
1e
--2
+
1.2.3
.
1e+
-
0e
1e-
abc
abc
.
-
1ee2
1.2.3
-
1e-
0e
1e+
1ee2
-
1e-
0e
1e
1e+
.
++1
-
1ee2
0e
.
--2
1e+
1e-
abc
1e-
1ee2
+
1.2.3
.
1e-
1ee2
1e-
abc
1ee2
1e+
-
-
.
.
1ee2
abc
1ee2
++1
+
.
0e
1ee2
1e+
abc
.
0e
1e
abc
000.e
1ee2
--2
+
e10
abc
+
1e-
.
e10
1.2.3
--2
000.e
0e
++1
1ee2
000.e
0e
1e
e10
e10
1.2.3
1e+
000.e
0e
e10
abc
1e
1.2.3
.
1e
.
0e
+
e10
.
000.e
000.e
1e+
1e-
.
++1
1.2.3
abc
.
.
+
--2
++1
-
000.e
1e+
abc
1ee2
1e-
.
-
e10
.
+
1e+
000.e
.
1e
1e
--2
--2
-
1e+
1e+
-
1e+
1ee2
abc
1.2.3
1e
1e
e10
--2
1e
1.2.3
--2
1ee2
+
+
1.2.3
1.2.3
-
.
1e
0e
1ee2
++1
1e
abc
0e
1e+
--2
++1
1e
000.e
-
-
abc
1.2.3
1ee2
e10
1ee2
1e-
.
1.2.3
-
1e+
1e
1ee2
e10
++1
1e
.
1e+
++1
1e
1e
1e-
e10
000.e
1e+
+
1e+
.
.
1ee2
0e
e10
1.2.3
1.2.3
-
+
1ee2
1e-
-
--2
000.e
1.2.3
-
e10
1.2.3
-
e10
++1
000.e
abc
+
1.2.3
1e+
e10
1e
0e
000.e
1e+
--2
0e
.
-
+
1e+
-
1ee2
0e
0e
1ee2
e10
++1
000.e
--2
1e-
+
-
--2
abc
1e+
1ee2
1ee2
1e+
.
abc
--2
.
e10
++1
000.e
.
++1
--2
0e
1ee2
000.e
000.e
1.2.3
000.e
--2
1e
+
-
--2
1ee2
1e-
0e
.
0e
0e
.
000.e
--2
1e+
1.2.3
1e-
abc
0e
abc
-
1e
.
abc
+
e10
1.2.3
++1
0e
1e-
1ee2
++1
e10
1e+
++1
+
000.e
--2
-
.
1e-
000.e
1ee2
.
1e-
abc
--2
0e
1.2.3
1e+
000.e
000.e
+
1e-
-
1.2.3
--2
-
abc
abc
1e-
e10
abc
-
1e-
1e
+
0e
1ee2
1.2.3
abc
e10
e10
1ee2
+
.
-
-
--2
++1
1ee2
.
+
1e+
--2
+
+
++1
000.e
0e
1.2.3
1e-
1ee2
.
1e
0e
1ee2
1e+
1.2.3
0e
000.e
-
1.2.3
e10
++1
++1
+
e10
1e
1e-
e10
1.2.3
0e
1e
1e
++1
.
1e
++1
++1
1e+
abc
0e
--2
.
1ee2
++1
1e-
.
--2
1e
1e+
000.e
0e
+
0e
1.2.3
+
1e-
.
.
1e+
e10
0e
+
1.2.3
1e
e10
1.2.3
-
.
--2
+
-
+
++1
1e-
-
1ee2
1.2.3
0e
-
000.e
1ee2
1e
1ee2
--2
1e+
++1
abc
1ee2
1e+
1ee2
+
1ee2
1ee2
0e
000.e
1e
+
1.2.3
.
.
.
1.2.3
e10
1.2.3
1ee2
0e
e10
+
1.2.3
abc
abc
-
0e
1e-
abc
1ee2
--2
--2
1e-
-
1e-
e10
1e
1e
++1
1ee2
-
1ee2
1.2.3
--2
1ee2
0e
1e+
1e-
000.e
000.e
0e
000.e
1.2.3
1.2.3
-
1e-
+
1e-
--2
1.2.3
1e
e10
e10
-
1e+
++1
++1
+
1e
++1
e10
1.2.3
0e
--2
1ee2
1ee2
--2
++1
1ee2
-
1.2.3
--2
1e-
1e
abc
1e
e10
e10
+
1e+
--2
-
-
--2
.
+
-
1ee2
--2
--2
1ee2
.
1ee2
1e+
abc
1e
0e
0e
+
1e+
0e
1e-
e10
e10
--2
-
000.e
1e-
.
0e
1e-
1e
0e
1e
1e+
.
++1
1e-
e10
1ee2
--2
1e
0e
-
-
.
e10
0e
++1
e10
.
1ee2
000.e
000.e
1e
1e+
000.e
1e
1ee2
1e
-
1ee2
abc
000.e
-
+
--2
+
+
-
1e
++1
1.2.3
.
e10
abc
+
1e+
000.e
1.2.3
1ee2
--2
abc
1e
.
abc
--2
-
-
1e
-
1ee2
.
1e-
1.2.3
--2
abc
e10
1e-
1e-
e10
++1
1ee2
e10
1e+
000.e
1e-
1e-
-
++1
+
-
abc
1e-
.
1e+
1e-
-
0e
+
1e
1e+
+
1.2.3
0e
+
1ee2
++1
++1
1e-
0e
1e
1e-
-
e10
1e
abc
abc
.
1e-
1e
1ee2
+
e10
-
1e-
++1
1e
1ee2
--2
abc
e10
000.e
e10
1e+
000.e
000.e
0e
abc
+
--2
--2
abc
1ee2
0e
+
e10
--2
+
000.e
1e-
-
+
0e
-
1e
0e
1e-
1e-
000.e
1ee2
.
--2
e10
0e
1e-
1ee2
000.e
000.e
0e
0e
++1
--2
000.e
1e
1e
-
0e
-
+
abc
+
1ee2
++1
000.e
0e
e10
0e
e10
e10
1e-
abc
e10
1.2.3
++1
1e-
0e
0e
0e
abc
1ee2
0e
e10
e10
e10
e10
000.e
1.2.3
1e-
1e-
e10
+
abc
--2
1e
++1
1ee2
1e+
--2
e10
-
++1
--2
1.2.3
+
1e
0e
000.e
1e-
e10
1e
1e+
1ee2
1ee2
000.e
e10
1.2.3
1e
0e
1ee2
.
1e+
--2
1e
abc
1e
1e+
1e-
1e+
1e-
0e
1.2.3
abc
1e
1e
1e-
++1
abc
1e-
000.e
e10
e10
1e
e10
000.e
e10
0e
000.e
--2
0e
+
1e+
-
1.2.3
1e-
0e
1e+
1e+
.
+
+
++1
0e
1.2.3
1e-
--2
++1
1e
-
1e-
1ee2
000.e
--2
1e+
++1
--2
1e-
++1
1e-
+
.
0e
0e
000.e
-
abc
abc
abc
1e-
.
-
--2
+
1e-
1.2.3
0e
abc
++1
++1
-
e10
0e
1e
1ee2
+
-
abc
abc
000.e
1.2.3
abc
1e
1e+
e10
1e
.
+
1e
1ee2
+
0e
1e-
+
.
-
1ee2
1e-
+
1e
0e
.
1e-
e10
1ee2
1e+
1ee2
-
.
++1
1ee2
.
-
e10
1.2.3
--2
+
e10
1e
e10
e10
+
1e+
1ee2
1e+
1e+
1e-
1ee2
1ee2
++1
e10
0e
--2
0e
.
1ee2
--2
++1
e10
+
0e
1e-
+
0e
1ee2
1.2.3
-
1e+
abc
-
000.e
1e+
1ee2
.
000.e
1e
000.e
1ee2
+
1.2.3
++1
e10
-
1ee2
-
1ee2
1.2.3
1e+
e10
000.e
e10
000.e
--2
1.2.3
abc
.
000.e
1e+
+
1e-
++1
abc
-
-
e10
+
--2
1e
-
0e
1e
1.2.3
1e
++1
1.2.3
+
000.e
abc
1.2.3
++1
++1
1.2.3
0e
000.e
abc
e10
1e
--2
++1
1e
1.2.3
1e-
1.2.3
--2
1e+
--2
e10
++1
1e
1.2.3
e10
000.e
++1
000.e
0e
--2
1.2.3
1ee2
1e
1e-
1e+
abc
1e
1e+
1ee2
-
+
-
0e
0e
1e-
-
.
1e-
1e-
.
1e-
-
1e-
.
+
1e
1e
++1
0e
1e-
0e
abc
+
000.e
++1
0e
000.e
1ee2
000.e
e10
--2
000.e
1e-
--2
e10
1e-
.
-
.
--2
++1
1e-
1e-
1ee2
++1
.
1e-
.
1ee2
000.e
000.e
++1
+
1e
--2
0e
.
1ee2
.
--2
.
.
000.e
abc
--2
abc
1e-
000.e
1ee2
-
--2
+
.
e10
000.e
-
1ee2
1ee2
0e
--2
0e
+
+
--2
0e
-
++1
+
1.2.3
++1
.
1e
abc
++1
000.e
1.2.3
1e+
.
abc
--2
abc
+
e10
1e
abc
000.e
--2
++1
--2
0e
--2
1ee2
1.2.3
1ee2
1ee2
0e
1.2.3
0e
1.2.3
0e
1ee2
1ee2
1e-
000.e
0e
++1
abc
--2
0e
+
1ee2
1e
-
000.e
+
1e-
000.e
-
--2
++1
--2
-
1e-
-
1.2.3
-
+
0e
++1
1.2.3
000.e
1e-
1e+
.
+
0e
1e
1e-
000.e
--2
1e+
-
1e-
abc
1e+
1.2.3
++1
+
++1
.
--2
000.e
-
++1
++1
+
1.2.3
0e
1.2.3
1e-
.
abc
1e+
0e
+
--2
abc
1e
abc
abc
.
--2
+
e10
.
000.e
++1
0e
abc
1e-
abc
1.2.3
e10
abc
+
0e
1e+
e10
.
.
abc
1e
1ee2
1ee2
++1
1e-
000.e
1ee2
+
1e
000.e
0e
1ee2
1e-
.
1e
1e-
1e
++1
e10
1e
1.2.3
1ee2
.
+
1e
abc
000.e
+
1e+
abc
abc
000.e
1e+
--2
e10
1e+
.
++1
e10
0e
1.2.3
1e+
0e
1ee2
abc
1.2.3
1e-
--2
.
abc
1e+
000.e
1e-
-
abc
--2
0e
1.2.3
1e-
++1
+
+
abc
--2
1.2.3
0e
e10
--2
1e
--2
1e-
1.2.3
e10
000.e
1.2.3
000.e
.
1.2.3
1ee2
000.e
1e-
-
1e+
1e-
e10
abc
000.e
1e+
--2
1ee2
1e+
abc
+
1e+
-
1ee2
1e
0e
e10
1ee2
e10
++1
1e+
0e
1e-
e10
1ee2
1e+
e10
e10
+
-
1.2.3
1e+
1e
1.2.3
1ee2
+
abc
.
e10
-
1e+
1e-
1e-
000.e
--2
--2
0e
abc
.
e10
1e+
1e-
1ee2
1e+
e10
1ee2
++1
1.2.3
1e-
abc
--2
1e
.
e10
1e
1e+
1ee2
1e-
-
1e+
+
1e+
1e+
000.e
1e+
-
abc
+
abc
++1
e10
1.2.3
-
--2
1e+
1.2.3
0e
1e-
1e-
0e
--2
1e-
e10
.
1e
--2
1e-
e10
1e+
0e
--2
-
0e
-
--2
1e+
1e+
0e
++1
1e
1e-
1.2.3
1.2.3
+
0e
.
-
1e-
1e-
.
--2
0e
.
--2
1ee2
-
++1
-
1e-
-
.
1ee2
1.2.3
1e-
0e
++1
000.e
1e
1e
1e+
-
++1
1e
+
1e-
1e
e10
1.2.3
e10
++1
1e-
-
1ee2
1.2.3
abc
e10
+
.
1e+
000.e
1e+
000.e
1ee2
0e
0e
0e
--2
-
1e
1.2.3
abc
e10
--2
--2
abc
++1
1e-
.
1e+
1ee2
.
++1
-
-
e10
000.e
1e-
.
1ee2
--2
.
+
-
-
1e+
1e+
0e
abc
++1
000.e
1ee2
1ee2
1.2.3
.
1e-
e10
abc
abc
1e+
1e
--2
--2
++1
0e
1ee2
000.e
.
--2
000.e
e10
++1
--2
1e+
0e
++1
0e
0e
--2
000.e
++1
.
++1
+
1e
1e
000.e
1e+
1ee2
1ee2
0e
1ee2
++1
0e
0e
1ee2
e10
.
0e
abc
1e
1e-
e10
.
1ee2
1.2.3
+
1e
--2
--2
1e-
1ee2
1.2.3
1e
000.e
-
1e-
.
0e
1.2.3
+
0e
+
1.2.3
e10
1e
1ee2
.
1e-
abc
abc
1.2.3
++1
1e-
-
1ee2
1e
000.e
0e
1e-
--2
1.2.3
0e
e10
0e
1e+
e10
--2
++1
+
--2
1e
1ee2
1.2.3
1e+
e10
+
1ee2
+
0e
+
-
+
000.e
1.2.3
--2
1e
0e
1e
e10
e10
abc
+
.
++1
000.e
1e
e10
1e+
++1
e10
++1
0e
+
--2
1e+
.
+
1e-
+
000.e
1ee2
++1
e10
1.2.3
--2
++1
1e+
1e+
--2
--2
1.2.3
-
--2
e10
1e+
1.2.3
0e
1ee2
abc
-
++1
1.2.3
1e
0e
1.2.3
.
1e-
++1
++1
0e
.
1e
--2
1e
--2
abc
.
++1
1e+
--2
1.2.3
0e
--2
1e-
000.e
1e
1e-
1.2.3
1e-
-
0e
+
e10
++1
abc
0e
1e-
abc
.
abc
1e+
++1
1.2.3
1e
1ee2
1e+
000.e
1ee2
000.e
--2
0e
++1
000.e
1.2.3
abc
1e+
-
abc
1e+
--2
e10
abc
--2
000.e
.
+
e10
--2
1e
1e-
0e
-
1e-
--2
1ee2
1.2.3
abc
000.e
--2
1e-
0e
++1
++1
1.2.3
abc
++1
e10
1ee2
1e
abc
-
1.2.3
0e
abc
0e
-
.
++1
000.e
++1
.
abc
+
.
--2
e10
1e-
1.2.3
+
e10
++1
1e
1e
1e-
1e+
abc
abc
+
1ee2
1ee2
.
--2
1ee2
e10
+
1e
.
+
1e-
0e
1e-
--2
.
1e-
0e
000.e
1.2.3
.
abc
-
1e-
-
--2
1e
-
abc
+
e10
1e
1.2.3
1.2.3
1e-
++1
1.2.3
0e
1ee2
1e-
000.e
1e+
000.e
e10
++1
1.2.3
-
000.e
abc
1e
0e
1e
--2
1ee2
1e+
--2
1e
000.e
0e
000.e
000.e
1e
1e+
+
-
1e-
-
0e
abc
1e
-
-
.
1.2.3
-
1e
0e
+
1ee2
0e
-
+
e10
1.2.3
1e+
e10
1ee2
-
abc
e10
1ee2
1.2.3
1e
000.e
1e-
e10
1ee2
+
++1
++1
-
000.e
1e
000.e
0e
1e
.
1.2.3
1ee2
1e
1e
.
000.e
++1
1e-
-
.
++1
++1
000.e
1e
1e-
1e+
--2
1.2.3
abc
+
e10
+
1e
+
--2
1ee2
--2
1ee2
1.2.3
1e+
-
1e+
-
--2
+
--2
--2
-
+
1e+
1ee2
+
--2
++1
++1
.
++1
++1
.
1e+
e10
abc
e10
++1
1.2.3
000.e
1e+
++1
1e+
--2
++1
000.e
.
1ee2
000.e
--2
abc
-
000.e
000.e
0e
e10
-
1e+
+
1e
e10
.
1.2.3
0e
1e
1ee2
+
abc
1ee2
++1
-
1e-
000.e
1e
-
.
.
1e+
+
--2
-
+
1.2.3
1ee2
.
abc
000.e
1e
.
1.2.3
1e
000.e
++1
1ee2
1e-
1e-
000.e
e10
-
++1
1ee2
1e+
1e
.
-
0e
.
1e-
++1
1ee2
++1
e10
++1
1e+
000.e
e10
abc
--2
1ee2
abc
1.2.3
1.2.3
-
e10
++1
e10
000.e
0e
.
0e
1e-
--2
1e-
-
0e
++1
+
1e
++1
0e
000.e
1e+
++1
1e+
abc
.
--2
-
-
1.2.3
0e
--2
0e
1e+
1e-
1.2.3
1e+
1e+
000.e
.
1e+
abc
abc
1.2.3
e10
1e-
1e
1e-
1ee2
abc
1.2.3
--2
+
1e+
e10
000.e
+
++1
000.e
abc
1.2.3
++1
e10
0e
000.e
000.e
-
1e-
.
--2
000.e
1e-
+
000.e
+
1e+
+
.
0e
1.2.3
-
1.2.3
+
--2
1.2.3
e10
1e-
++1
--2
-
--2
e10
1e+
.
000.e
0e
1e+
1e-
abc
1e
1.2.3
++1
e10
-
+
1ee2
e10
1e+
+
.
e10
.
1e-
--2
1.2.3
000.e
1ee2
abc
+
1e-
1e-
+
1e+
.
++1
000.e
1e-
e10
0e
++1
.
--2
1.2.3
e10
1e-
1e-
1e-
++1
abc
1.2.3
1e-
1e
0e
+
e10
--2
0e
+
1ee2
1e-
--2
--2
1e+
-
--2
--2
1e+
0e
1e-
abc
1ee2
1.2.3
1ee2
1.2.3
.
1.2.3
1e
--2
000.e
--2
1e-
.
1e-
.
e10
e10
e10
1ee2
--2
1e-
--2
--2
--2
0e
1e
+
1e+
-
1.2.3
.
1e
++1
1e
1.2.3
+
++1
--2
+
.
+
.
.
1.2.3
e10
-
0e
++1
+
e10
abc
--2
1e+
++1
1.2.3
++1
++1
++1
0e
1e-
1.2.3
--2
1e+
0e
1ee2
.
++1
-
--2
1e-
1e
--2
++1
1e+
e10
e10
1e
.
1e+
+
e10
0e
000.e
1e+
.
1e+
-
1e+
-
1e+
000.e
000.e
abc
1e+
1e-
1e
1.2.3
e10
0e
+
--2
1.2.3
+
-
--2
++1
1.2.3
0e
++1
1e
--2
0e
1.2.3
abc
abc
1e
1e+
--2
1.2.3
--2
1ee2
.
1e-
-
abc
1e-
1e
e10
--2
++1
000.e
-
-
000.e
e10
e10
1e+
.
0e
e10
++1
+
abc
--2
--2
--2
000.e
1e+
.
1e+
1e+
1e-
e10
0e
1e-
--2
0e
1e
1ee2
000.e
1e+
e10
1.2.3
1e-
.
.
.
abc
.
abc
++1
1ee2
+
1ee2
1e+
-
++1
1e
e10
--2
000.e
.
++1
-
1e-
+
++1
abc
1ee2
1e
++1
.
-
1.2.3
000.e
000.e
.
1.2.3
++1
e10
++1
0e
--2
1e
1ee2
000.e
1e+
+
e10
000.e
+
000.e
++1
1e+
e10
.
1ee2
0e
abc
0e
1e-
++1
1e+
--2
1ee2
e10
000.e
abc
1e
-
-
1ee2
++1
1.2.3
000.e
abc
1e+
1e
1e
1.2.3
e10
.
000.e
0e
++1
1e+
1e+
+
0e
--2
.
0e
++1
1ee2
--2
-
1ee2
--2
000.e
abc
1e
-
1.2.3
0e
e10
1e
--2
+
-
.
1e+
1e
1ee2
.
000.e
1.2.3
e10
1.2.3
0e
abc
+
000.e
-
.
1.2.3
e10
-
.
000.e
-
-
1ee2
1.2.3
1.2.3
1ee2
1e+
--2
abc
-
++1
000.e
0e
e10
1e-
1e+
+
abc
.
1e+
1e-
-
1e+
abc
.
abc
1e
-
+
1e-
abc
000.e
++1
--2
++1
1e+
1.2.3
1e
1ee2
1ee2
-
abc
1e
1.2.3
.
+
1e-
e10
++1
1ee2
1.2.3
1e-
1e
1e-
1ee2
+
-
0e
.
000.e
1.2.3
e10
0e
1e-
0e
1ee2
1.2.3
++1
1e-
--2
1e-
.
000.e
++1
abc
e10
--2
1e
0e
000.e
+
-
1ee2
.
1e+
0e
1.2.3
++1
1e+
1e-
000.e
+
1e-
.
1e-
e10
.
++1
--2
0e
1e-
1e-
1e-
1.2.3
+
1e-
0e
000.e
e10
++1
1e
0e
.
e10
1e-
1e+
1e
000.e
--2
abc
abc
e10
1e+
1ee2
.
--2
000.e
e10
1.2.3
1ee2
++1
abc
-
1e
000.e
--2
1e
-
1ee2
1e-
+
1.2.3
--2
e10
1e
++1
-
abc
abc
--2
1e+
.
++1
+
0e
000.e
000.e
1e-
abc
000.e
+
+
0e
0e
1e
e10
abc
-
abc
000.e
--2
1e+
1e+
e10
abc
1e+
1e-
1e
1ee2
abc
e10
000.e
++1
1e
e10
+
1e
.
1ee2
-
1.2.3
1e
1e+
+
1.2.3
.
e10
++1
+
-
--2
e10
-
++1
1ee2
--2
0e
abc
abc
+
.
1.2.3
1e
-
000.e
+
--2
1e
1e+
--2
-
e10
e10
.
-
1e-
1e
1e+
1e-
+
--2
-
1.2.3
abc
1e-
+
1ee2
0e
0e
+
-
++1
.
0e
1.2.3
--2
000.e
.
abc
0e
-
-
-
e10
1e+
0e
1.2.3
++1
--2
--2
0e
1e+
-
+
e10
1e+
abc
--2
.
1e
-
-
1ee2
+
1e+
e10
--2
1ee2
--2
-
--2
+
--2
1e+
abc
0e
--2
e10
1e
-
--2
000.e
000.e
e10
++1
1ee2
abc
1e+
1ee2
.
abc
1ee2
0e
.
0e
1.2.3
1ee2
1e+
--2
000.e
1ee2
1e-
1e+
0e
1ee2
1e
1e+
.
.
--2
1.2.3
-
000.e
1.2.3
1e-
1.2.3
1e-
1e+
1e
1e-
e10
1ee2
+
--2
1e
1e-
+
e10
.
0e
++1
000.e
.
+
abc
1e-
++1
--2
++1
-
abc
+
e10
0e
+
1ee2
1e+
++1
0e
000.e
1ee2
e10
1ee2
-
-
1e+
-
1e
1.2.3
000.e
++1
abc
0e
1e-
1e-
-
1e-
abc
--2
000.e
+
++1
e10
1ee2
1e
--2
abc
--2
0e
.
+
0e
1ee2
abc
++1
e10
.
.
-
--2
1e-
1e
e10
e10
1e-
1.2.3
1.2.3
1ee2
0e
e10
1.2.3
+
abc
-
1.2.3
1.2.3
1.2.3
1ee2
+
e10
+
000.e
.
1.2.3
1.2.3
+
+
1e-
000.e
--2
.
000.e
e10
.
1e
1ee2
+
e10
1ee2
e10
++1
1.2.3
abc
-
--2
1.2.3
1.2.3
e10
-
e10
.
1e-
abc
e10
0e
abc
+
abc
1e-
-
1e
-
1e
+
1e
1.2.3
0e
.
--2
1e-
1e+
+
1e
e10
e10
000.e
1.2.3
000.e
-
abc
0e
1ee2
1e
+
000.e
000.e
1e-
000.e
1ee2
.
0e
-
e10
1e
1e-
000.e
1e
e10
1ee2
000.e
+
+
e10
0e
000.e
-
1e-
+
abc
1ee2
e10
1e
++1
1e-
abc
e10
000.e
1e
1e+
.
--2
1e+
0e
e10
1.2.3
+
1e
e10
1e-
-
1e-
+
1e-
0e
.
1e-
abc
1e
1ee2
--2
1ee2
++1
-
abc
++1
.
1.2.3
-
1.2.3
1ee2
0e
1ee2
++1
++1
e10
000.e
++1
+
-
000.e
1e-
1ee2
--2
0e
1.2.3
abc
1e-
0e
000.e
1ee2
1.2.3
++1
--2
1e+
--2
1e
1e-
abc
1.2.3
+
-
++1
++1
1e
1ee2
+
-
1e+
1ee2
0e
1e-
1ee2
1.2.3
1ee2
abc
e10
1ee2
.
++1
++1
--2
1.2.3
000.e
1e
1.2.3
+
0e
e10
000.e
.
000.e
e10
++1
1e+
-
abc
1e+
0e
--2
0e
e10
.
e10
--2
1.2.3
abc
--2
abc
0e
-
-
1.2.3
.
++1
1e-
-
0e
0e
.
1.2.3
1e+
e10
+
1e
abc
+
1e
-
-
1e
1e+
1.2.3
1e-
e10
++1
1e
e10
--2
++1
e10
000.e
1e+
-
abc
e10
1e-
1e-
.
-
0e
0e
--2
0e
abc
++1
-
abc
1ee2
000.e
--2
0e
-
++1
--2
e10
1e-
000.e
1e
--2
+
1e
0e
1.2.3
+
1e-
1e-
-
++1
1e-
abc
000.e
+
+
+
e10
++1
+
1e
.
1e-
--2
0e
1e
abc
000.e
000.e
1ee2
1e-
--2
-
--2
1e
--2
1e
1e
1e
.
++1
1e+
1.2.3
1e-
1e+
1e
.
-
1e
++1
000.e
1.2.3
1e+
000.e
1e
abc
--2
abc
.
1.2.3
-
0e
.
++1
000.e
abc
1e
000.e
--2
++1
+
e10
.
1e+
0e
0e
1e+
++1
e10
000.e
1e-
++1
1e+
1e+
e10
-
++1
e10
1e
000.e
--2
000.e
1.2.3
abc
--2
1e+
+
e10
e10
1.2.3
000.e
--2
--2
-
1ee2
abc
1.2.3
1e+
1e+
0e
1e+
--2
1e
e10
000.e
++1
e10
0e
0e
e10
1e-
1e-
abc
e10
1ee2
++1
000.e
++1
-
1e+
1.2.3
--2
0e
1.2.3
e10
abc
000.e
0e
--2
1ee2
abc
0e
-
1e-
+
++1
--2
1ee2
1ee2
-
.
1e-
1e-
abc
abc
1e-
1.2.3
000.e
.
0e
abc
1.2.3
-
e10
1ee2
1e+
+
.
++1
e10
1e+
000.e
abc
1e-
e10
.
000.e
++1
0e
--2
0e
0e
-
.
.
1e-
1.2.3
1e-
0e
1e+
1e+
1e+
--2
e10
1e
e10
-
1e+
1e-
0e
1e+
+
1e+
1e+
1e+
--2
abc
--2
1ee2
--2
-
0e
1.2.3
1.2.3
-
0e
--2
1e-
e10
abc
--2
1.2.3
1e+
++1
000.e
000.e
1.2.3
1ee2
1ee2
1e-
1.2.3
0e
000.e
000.e
+
0e
--2
1ee2
1e+
e10
+
-
1e-
e10
0e
+
.
abc
e10
1e-
+
1.2.3
--2
1e+
.
+
e10
1e
+
abc
0e
1e
000.e
e10
abc
1e
1e+
++1
1e+
0e
1e-
++1
e10
-
+
000.e
0e
1ee2
abc
.
abc
1e-
1.2.3
1e+
.
e10
e10
abc
.
000.e
abc
0e
000.e
-
1e+
-
1e+
1ee2
++1
0e
1e
+
e10
0e
e10
-
.
0e
abc
1ee2
000.e
1.2.3
1ee2
0e
1e+
e10
1.2.3
1e-
.
.
1e
0e
-
1ee2
1.2.3
1e
0e
1.2.3
0e
-
1e
abc
1e-
0e
++1
abc
++1
-
000.e
1e-
+
e10
abc
000.e
0e
--2
1ee2
1e-
1.2.3
++1
--2
e10
000.e
1ee2
-
0e
1e-
000.e
1e+
--2
-
1e-
-
000.e
+
000.e
000.e
+
-
++1
e10
abc
+
1e-
e10
+
abc
-
e10
abc
e10
++1
1.2.3
000.e
1e
++1
1e
e10
1e+
1ee2
abc
1.2.3
+
+
0e
0e
.
1e-
1ee2
1e+
abc
000.e
1e-
+
0e
e10
000.e
e10
1e
-
0e
1e
e10
1e
1.2.3
--2
e10
abc
abc
abc
0e
.
--2
000.e
--2
abc
e10
1e
1e
1e-
0e
+
-
+
-
--2
1e
-
1e+
1e-
1.2.3
1ee2
abc
--2
-
000.e
1e-
000.e
000.e
1.2.3
+
--2
000.e
--2
1e+
1e+
abc
1.2.3
1e-
-
--2
1e+
-
--2
000.e
-
abc
1e
+
1e-
1e-
1ee2
1e-
1e
++1
e10
1ee2
1ee2
1e
000.e
--2
-
+
1.2.3
.
0e
1.2.3
1e-
abc
e10
e10
0e
000.e
--2
1e-
1e-
1.2.3
.
1e+
1e-
1ee2
.
++1
abc
abc
+
++1
--2
1e+
.
0e
--2
1e-
0e
abc
e10
1e-
000.e
1.2.3
+
e10
abc
000.e
+
--2
abc
1.2.3
.
1e
0e
1e-
e10
abc
1.2.3
abc
--2
--2
--2
.
abc
.
1ee2
--2
1e
++1
abc
0e
--2
.
abc
abc
1ee2
--2
.
-
1.2.3
1e
1e-
++1
-
-
1e+
1e-
e10
1e
1e-
1e-
000.e
1e
1ee2
1.2.3
e10
1e-
1e
++1
000.e
1.2.3
--2
000.e
1ee2
1.2.3
.
000.e
e10
0e
0e
1.2.3
e10
000.e
+
abc
1ee2
-
-
--2
abc
1e+
++1
.
1.2.3
000.e
--2
--2
+
1e
1.2.3
e10
1.2.3
--2
-
1e
-
++1
+
000.e
000.e
1e+
-
--2
-
++1
--2
1e
1ee2
+
--2
+
1e
.
000.e
--2
--2
.
.
.
abc
e10
-
.
1.2.3
000.e
++1
.
1ee2
1.2.3
+
--2
+
1e+
abc
1e+
1ee2
1e-
-
1e-
000.e
0e
1e-
1e+
+
-
abc
abc
000.e
e10
++1
1e-
1ee2
1.2.3
1.2.3
1e
-
1.2.3
1e-
e10
1e-
+
e10
-
--2
0e
e10
e10
1e
++1
++1
1ee2
++1
1e-
000.e
-
1e-
000.e
1e+
--2
1e+
1ee2
++1
000.e
1ee2
--2
000.e
1ee2
+
--2
1e+
1ee2
++1
+
--2
.
1e
1e+
0e
0e
--2
000.e
1e+
.
.
.
0e
abc
000.e
e10
1e-
1e+
0e
e10
--2
e10
+
000.e
1e+
++1
+
abc
1e+
1e-
1e+
0e
-
e10
1e+
1e+
.
1e
1e+
1e
--2
.
1ee2
abc
e10
--2
1e+
1ee2
1ee2
--2
e10
1ee2
e10
1e+
+
1e
1ee2
-
e10
1e+
++1
e10
.
1.2.3
-
1e+
e10
1e+
-
1e
abc
+
-
--2
abc
e10
--2
--2
-
1e-
1ee2
1e-
1.2.3
1e
.
-
+
++1
0e
--2
.
+
1e
+
1.2.3
e10
--2
+
+
1e-
000.e
++1
e10
+
1e
--2
1ee2
-
abc
1ee2
++1
+
+
1e+
0e
+
e10
1e
++1
1e
1e-
.
1.2.3
0e
1e
1.2.3
0e
1e
1e-
e10
abc
000.e
1e-
1ee2
++1
++1
.
1e
-
+
1e-
.
0e
1ee2
-
000.e
.
1e
e10
1e-
++1
++1
0e
1e-
000.e
1e-
1e+
000.e
1ee2
1e
+
1ee2
1ee2
1ee2
1e+
-
1e-
000.e
1ee2
1e+
1.2.3
+
++1
1ee2
++1
1.2.3
1e+
+
000.e
.
1.2.3
+
1ee2
1ee2
0e
.
+
abc
abc
-
+
+
e10
1.2.3
1e-
.
1e
0e
1e
.
++1
1e
-
1ee2
--2
e10
000.e
1e
0e
++1
-
--2
++1
1ee2
1e-
abc
.
1e+
e10
++1
+
--2
000.e
++1
0e
1e-
1e+
0e
abc
--2
1ee2
0e
++1
-
1e-
.
-
abc
--2
+
e10
000.e
-
0e
e10
000.e
abc
--2
--2
0e
1.2.3
1e
e10
++1
1e
0e
000.e
0e
0e
++1
++1
--2
1.2.3
1e-
e10
1.2.3
0e
++1
-
++1
1ee2
.
.
abc
0e
+
0e
1.2.3
1e
1e+
++1
e10
1.2.3
1e
1e-
--2
1e
--2
abc
1.2.3
1ee2
.
-
--2
abc
1e-
1.2.3
1e
1e
++1
e10
1e-
+
000.e
1.2.3
++1
--2
-
1e-
abc
abc
0e
++1
000.e
-
000.e
+
1ee2
++1
1ee2
1e-
1e+
1e
1e
.
e10
e10
-
0e
1e
1e-
--2
-
1e
abc
++1
+
+
.
1ee2
1.2.3
-
e10
1.2.3
1ee2
abc
++1
e10
abc
1e-
000.e
1e+
1ee2
1e
.
++1
1.2.3
1e+
1e+
1e-
1e
++1
000.e
1.2.3
1e-
000.e
abc
1e
1.2.3
+
1e-
000.e
e10
+
+
1e-
1e-
1e+
-
000.e
1e-
e10
1ee2
e10
abc
000.e
-
000.e
0e
--2
abc
1e+
1e+
--2
1.2.3
-
.
1e-
+
-
+
1e-
1ee2
.
1ee2
0e
1ee2
e10
0e
-
+
--2
000.e
1.2.3
1.2.3
000.e
1ee2
1ee2
0e
-
000.e
+
1e
+
1.2.3
1e-
.
1ee2
0e
1ee2
.
1e-
1.2.3
1e
+
1e
000.e
1e
1e
1.2.3
+
000.e
++1
0e
e10
e10
1ee2
--2
e10
--2
1e+
++1
+
1e+
1ee2
1e
1.2.3
++1
0e
1.2.3
e10
++1
1e-
1e-
1e+
1e
--2
0e
000.e
++1
.
1e-
1.2.3
000.e
--2
-
.
.
1.2.3
++1
.
+
1e-
1e
e10
1e+
.
e10
+
1ee2
++1
1e+
1.2.3
1ee2
e10
e10
+
1ee2
000.e
abc
1e
-
1e
+
000.e
1ee2
0e
++1
1e+
1ee2
1.2.3
1e+
1.2.3
1e
1e+
1.2.3
1e
1ee2
++1
.
-
++1
abc
+
+
--2
1e
e10
1.2.3
1.2.3
0e
1e-
1e
1ee2
abc
-
.
abc
+
1.2.3
1.2.3
abc
1e-
1e
e10
1e+
-
1ee2
0e
e10
000.e
1.2.3
1e-
++1
1e+
1e+
0e
abc
--2
e10
--2
e10
+
.
--2
++1
000.e
1ee2
abc
--2
1e-
1.2.3
++1
.
1ee2
+
1e+
--2
1e+
1.2.3
.
1.2.3
1e-
-
000.e
abc
1e
0e
1ee2
-
--2
abc
.
abc
abc
1e+
--2
.
1.2.3
--2
++1
.
1e-
e10
++1
++1
-
1ee2
1e-
1e
--2
000.e
1e+
1e
abc
--2
++1
1ee2
1e
+
--2
.
--2
abc
1e
-
-
.
0e
1e+
1e
abc
1ee2
-
--2
1e
e10
e10
-
1e+
1ee2
abc
1e
1e+
1ee2
1ee2
+
--2
.
e10
++1
1ee2
000.e
1e-
1e-
++1
abc
+
e10
abc
--2
1.2.3
1.2.3
0e
++1
+
000.e
1e
-
0e
+
--2
1ee2
abc
0e
e10
-
-
1e
.
--2
abc
+
-
e10
0e
.
--2
1e-
e10
000.e
1e+
--2
e10
1e-
--2
abc
--2
++1
000.e
-
1ee2
0e
1e+
+
1e
000.e
1e
1e-
1e+
abc
1e
1e
--2
0e
1ee2
000.e
1e
1e
+
++1
abc
1e+
0e
1e+
1e-
1e+
.
abc
--2
1ee2
1.2.3
abc
1e-
+
1e+
.
abc
--2
-
1e+
.
e10
000.e
--2
1e+
1e+
--2
abc
--2
++1
.
++1
1e-
+
--2
.
--2
1e-
abc
+
abc
0e
+
++1
1e-
.
-
1e
1e+
e10
1ee2
.
1ee2
1e+
++1
1.2.3
1e
-
1e+
1e
000.e
1e
1ee2
e10
+
1ee2
000.e
1ee2
0e
e10
1e+
1.2.3
1.2.3
1ee2
0e
+
.
++1
000.e
++1
abc
1e+
000.e
1e-
+
1ee2
1e
abc
++1
1e
1.2.3
--2
+
e10
1e-
e10
0e
0e
--2
1e-
0e
++1
1e+
1.2.3
+
+
1ee2
--2
1e+
e10
1e+
+
1e-
abc
1e
e10
++1
1ee2
abc
+
1e
-
1e+
++1
0e
.
0e
-
1e
1e
+
000.e
000.e
abc
+
1.2.3
e10
0e
-
0e
1e-
+
-
0e
1e-
0e
1ee2
1ee2
1e+
1e
--2
-
000.e
-
abc
abc
1e
-
000.e
+
1e+
1ee2
1e+
000.e
-
1e
0e
e10
++1
++1
++1
000.e
1e-
++1
-
e10
+
-
1e+
1.2.3
--2
1ee2
+
++1
1ee2
++1
000.e
0e
.
.
++1
0e
1e+
abc
+
abc
-
1ee2
0e
1.2.3
-
1.2.3
1e
1.2.3
1.2.3
1.2.3
++1
++1
000.e
1e+
0e
e10
e10
000.e
abc
++1
0e
1e+
.
0e
1.2.3
1ee2
-
+
-
1.2.3
1ee2
--2
++1
++1
1e
-
e10
+
-
000.e
1ee2
0e
000.e
--2
+
.
.
1e
000.e
abc
1e+
1.2.3
--2
+
--2
1e+
+
0e
++1
++1
-
0e
+
--2
+
abc
-
abc
000.e
000.e
0e
1e-
+
abc
.
--2
+
1e-
000.e
0e
1ee2
000.e
0e
++1
1e+
1e-
+
0e
1ee2
1e-
1e-
abc
1ee2
.
1e-
1e-
abc
.
+
+
1e-
0e
1e-
0e
1e-
1.2.3
1.2.3
1e
000.e
.
abc
+
.
1ee2
1e+
+
000.e
++1
1e-
1.2.3
abc
+
--2
0e
-
--2
abc
0e
++1
1e+
e10
1e+
++1
0e
1ee2
.
.
1ee2
+
1e+
0e
0e
1e-
1e+
0e
-
1ee2
1ee2
.
1e+
-
.
+
1.2.3
.
000.e
000.e
0e
abc
-
.
+
1e-
+
0e
++1
e10
.
000.e
-
1e-
000.e
++1
+
1e+
1e
-
e10
1e-
000.e
1e
.
-
1ee2
+
+
abc
1.2.3
e10
000.e
0e
1.2.3
1e
1e
1e+
.
e10
+
1e-
+
abc
--2
-
e10
1e-
e10
e10
1e+
.
1e+
0e
+
++1
1.2.3
.
--2
1ee2
1e+
-
e10
-
.
1.2.3
000.e
1e
-
--2
1e-
1.2.3
abc
.
1ee2
-
+
1e
e10
abc
000.e
-
-
0e
abc
1.2.3
1ee2
1ee2
1e-
.
1e+
1e
e10
abc
+
+
0e
1.2.3
1.2.3
.
1ee2
0e
e10
1e+
1e
-
--2
000.e
0e
1e
.
1e
1ee2
.
1e+
abc
0e
e10
.
1e-
1e
1ee2
-
--2
000.e
++1
1e
abc
--2
1ee2
1.2.3
1e+
e10
000.e
.
1.2.3
--2
000.e
1.2.3
-
.
.
abc
e10
000.e
1ee2
1.2.3
e10
-
1ee2
++1
-
e10
--2
1e-
1e+
--2
abc
--2
++1
1ee2
1ee2
1e+
+
1e+
1e-
0e
1e+
1e
++1
e10
.
1ee2
-
.
1ee2
++1
--2
e10
.
abc
000.e
+
1e-
--2
000.e
-
e10
--2
+
000.e
.
1e+
abc
++1
++1
-
1e-
000.e
+
1e+
--2
+
0e
0e
.
1e+
++1
++1
1e
abc
++1
-
+
000.e
1ee2
.
--2
1.2.3
++1
abc
0e
1e+
++1
1.2.3
--2
abc
.
1ee2
++1
0e
+
e10
.
1.2.3
1ee2
1e
.
++1
1ee2
.
1ee2
1e
--2
.
1e+
1ee2
1e-
1ee2
++1
e10
1e+
0e
-
0e
1e+
e10
1ee2
-
-
++1
0e
++1
1ee2
e10
+
1e+
1e-
++1
1.2.3
000.e
000.e
0e
1e
--2
1e+
--2
+
++1
+
1ee2
--2
1e+
1e
1.2.3
++1
-
1e+
1ee2
++1
1.2.3
++1
1e
+
-
1.2.3
e10
1e
.
1.2.3
+
1ee2
000.e
1e
1ee2
--2
1e
1e+
e10
+
1e
1e-
1ee2
1e-
e10
-
000.e
1ee2
++1
abc
1e
.
+
.
0e
++1
1e+
1e
1e-
1e
1e-
000.e
1ee2
1e+
1e
abc
000.e
--2
0e
--2
1ee2
++1
++1
--2
e10
-
1.2.3
1e-
1e-
--2
1e-
--2
--2
.
.
+
1e
1e
0e
e10
1ee2
++1
+
e10
+
1.2.3
1e+
--2
1ee2
1ee2
1.2.3
0e
000.e
++1
1e-
-
1e
-
++1
++1
000.e
+
1e
abc
1e-
1ee2
.
e10
--2
.
000.e
1e
abc
1e+
+
1e+
e10
000.e
+
++1
--2
-
-
--2
1e
1e+
1.2.3
++1
1e-
1ee2
abc
000.e
.
000.e
1e-
++1
+
+
e10
+
000.e
e10
--2
--2
1e-
e10
1.2.3
1e+
abc
e10
1e-
e10
000.e
+
--2
1e+
+
++1
1e+
1e-
--2
-
1e+
.
1.2.3
++1
1ee2
1e+
1e+
-
1e+
abc
1e-
abc
--2
1e
e10
++1
.
0e
--2
000.e
.
e10
.
++1
abc
1ee2
1e+
1ee2
abc
000.e
0e
1ee2
e10
+
000.e
1.2.3
1e+
1ee2
-
e10
000.e
--2
1e+
abc
1e+
e10
1e-
.
000.e
-
1ee2
+
.
1e-
+
.
000.e
abc
+
000.e
--2
abc
.
--2
+
1.2.3
abc
.
1.2.3
1e+
1e-
+
abc
-
0e
0e
-
++1
abc
1e-
++1
1.2.3
+
abc
-
1ee2
1ee2
1.2.3
0e
.
abc
1e+
+
000.e
0e
1.2.3
++1
+
1ee2
1.2.3
000.e
1e
000.e
1e-
e10
000.e
e10
1.2.3
+
++1
abc
1e-
e10
1.2.3
1e
-
++1
0e
0e
e10
1e-
1e-
.
0e
--2
-
0e
++1
1e+
000.e
+
e10
1ee2
-
1e-
e10
1e-
1e+
1.2.3
.
.
-
--2
1e
--2
000.e
1e-
1ee2
--2
1.2.3
.
1.2.3
.
++1
0e
1e
+
abc
1e-
0e
000.e
--2
1ee2
1ee2
1e-
--2
++1
.
-
000.e
++1
1e
e10
--2
1e-
1.2.3
1e-
1e-
1ee2
1e+
1e+
0e
0e
.
+
-
-
+
.
1e+
1e+
1e+
+
1e+
.
1e
1e+
-
1ee2
000.e
000.e
1e
++1
1e-
1.2.3
.
1ee2
0e
1e
.
++1
++1
--2
--2
0e
0e
1e+
e10
abc
-
1ee2
1e-
1e-
000.e
.
++1
-
1.2.3
1e+
e10
.
1ee2
e10
abc
++1
--2
.
+
1.2.3
1ee2
e10
1e+
1e-
1e
-
--2
1e-
.
abc
--2
1e+
.
++1
-
1e-
++1
1ee2
000.e
1.2.3
1.2.3
.
1.2.3
000.e
1ee2
-
.
+
abc
-
1e-
1.2.3
.
1e
--2
++1
e10
+
1.2.3
++1
++1
e10
++1
--2
.
0e
+
1e+
0e
1e
-
.
1ee2
1e-
-
1e+
-
000.e
++1
+
1e
1.2.3
++1
1e-
--2
.
1.2.3
++1
+
e10
abc
1e+
-
000.e
1e+
1e-
--2
-
--2
000.e
1e
e10
abc
.
.
e10
++1
-
1ee2
1e-
+
0e
1ee2
0e
1.2.3
1e
--2
e10
1e-
e10
1e
-
1.2.3
+
-
+
e10
1.2.3
1e-
0e
1ee2
e10
--2
--2
-
++1
1ee2
abc
0e
+
0e
0e
abc
1e
--2
000.e
--2
--2
abc
1e
1e-
-
++1
1e
+
1e
1e
0e
abc
.
e10
000.e
.
-
1e
-
000.e
000.e
e10
++1
1e
1e
--2
1.2.3
.
abc
1e
1.2.3
+
++1
0e
000.e
1ee2
e10
1.2.3
1e
1e
-
++1
.
+
e10
1.2.3
1e
000.e
0e
.
abc
abc
1.2.3
-
--2
0e
-
++1
abc
+
1e+
abc
e10
1e
000.e
.
+
1ee2
1e-
++1
-
1.2.3
abc
1e+
--2
++1
-
1ee2
.
--2
.
1e-
+
e10
0e
e10
1.2.3
++1
1.2.3
.
abc
.
++1
++1
1ee2
-
0e
000.e
0e
-
abc
0e
++1
e10
.
-
.
1e-
1.2.3
+
1e+
1.2.3
000.e
1e
.
1e+
1e
1ee2
1e+
1e+
--2
+
1ee2
0e
1e+
000.e
-
.
.
1e
1e+
abc
1e-
1e
--2
e10
1e
1.2.3
1e+
abc
-
1.2.3
.
.
0e
.
++1
++1
1e
++1
abc
+
--2
1e+
000.e
1e
e10
+
1ee2
--2
1e-
000.e
1e+
000.e
1e+
++1
--2
0e
+
+
1e+
-
1e
0e
+
-
abc
-
1.2.3
-
1e+
1e
--2
1ee2
0e
1.2.3
++1
e10
--2
+
1e+
1e
1ee2
abc
.
1e+
000.e
e10
1.2.3
e10
1e-
.
e10
0e
0e
1e-
-
1.2.3
.
1ee2
e10
+
+
-
.
1e-
1.2.3
000.e
abc
000.e
++1
1e-
abc
--2
-
++1
e10
000.e
-
--2
1e+
++1
+
0e
.
0e
0e
.
1e-
e10
--2
+
1e
e10
0e
1.2.3
++1
abc
abc
--2
--2
1ee2
1.2.3
e10
1ee2
.
e10
1e+
+
--2
1.2.3
1e-
.
abc
+
1ee2
0e
1.2.3
-
1.2.3
-
1e+
--2
+
--2
.
--2
++1
+
.
1e+
.
0e
1ee2
e10
e10
--2
1e
000.e
000.e
abc
e10
abc
++1
1e
.
--2
+
+
0e
000.e
++1
1e-
.
--2
1.2.3
1e
+
+
1e-
1e-
+
0e
.
--2
++1
-
++1
+
++1
1e-
1e+
1ee2
-
0e
+
1ee2
.
1ee2
1ee2
+
1.2.3
e10
e10
1.2.3
+
000.e
000.e
1e
.
-
+
000.e
.
e10
1e
1e+
1e+
.
abc
1e-
0e
e10
1e
++1
--2
.
-
+
1e-
1.2.3
1e+
000.e
1.2.3
1e-
e10
-
-
+
0e
1e-
++1
1.2.3
+
e10
1e+
1e+
++1
-
+
000.e
0e
--2
1e-
--2
--2
1.2.3
.
e10
1.2.3
abc
.
++1
++1
1e
-
1e
1e+
abc
000.e
--2
1ee2
0e
1e-
e10
+
1e+
1e
1ee2
e10
1e-
--2
--2
1ee2
1e
0e
1e+
e10
.
--2
e10
abc
1e+
-
1e-
1e-
1.2.3
1ee2
.
.
-
-
1e-
1ee2
-
1e+
--2
+
1e
+
1e-
e10
+
1e+
1e+
1e+
1ee2
++1
1e+
1e+
+
.
1e+
-
1ee2
1e+
++1
abc
.
0e
1ee2
1e+
--2
-
--2
1ee2
+
0e
1.2.3
++1
1e
1e
++1
1e
++1
1ee2
abc
1e-
000.e
--2
1ee2
1e+
abc
1.2.3
1e
1ee2
++1
++1
++1
.
1e
.
--2
e10
1ee2
-
-
000.e
abc
+
e10
abc
+
1.2.3
-
1e+
++1
--2
abc
1e
abc
1ee2
1ee2
0e
1.2.3
1.2.3
1e+
1e+
1e+
000.e
--2
.
--2
--2
1.2.3
1e+
000.e
1e
.
abc
1.2.3
.
000.e
1.2.3
-
++1
1e+
.
1e+
1e-
1e
1e-
++1
+
.
++1
000.e
abc
abc
1.2.3
1ee2
0e
1ee2
+
1e-
+
0e
++1
--2
1e-
000.e
1ee2
e10
-
0e
1.2.3
1e-
++1
1e
.
+
1.2.3
1e-
0e
1e-
1e
0e
.
e10
abc
e10
0e
1e-
1e
1e-
1e-
1e-
--2
e10
++1
000.e
abc
-
+
e10
-
.
e10
0e
000.e
+
e10
e10
000.e
--2
-
000.e
1e-
-
1e+
1e
--2
1e+
0e
000.e
--2
1e-
--2
-
1ee2
1ee2
1ee2
1e
000.e
-
1e
1e
1ee2
+
1.2.3
1e-
e10
abc
e10
1.2.3
1e-
0e
-
1e
1e+
++1
e10
+
1e
.
e10
.
--2
1.2.3
-
--2
1ee2
--2
1.2.3
0e
--2
1e
-
.
1.2.3
000.e
-
+
abc
1e-
0e
abc
--2
1e-
1ee2
1e+
1e+
1e
1e+
+
.
-
--2
abc
1e+
0e
abc
e10
1e+
++1
1e-
--2
abc
1.2.3
++1
++1
000.e
1ee2
--2
abc
1.2.3
000.e
+
e10
1e+
0e
1e-
--2
--2
1.2.3
1e+
e10
abc
e10
1e
0e
1.2.3
0e
000.e
1e
0e
000.e
1ee2
abc
abc
e10
1.2.3
++1
1e
abc
0e
-
000.e
1e+
1.2.3
++1
1e+
1e-
1e+
.
000.e
e10
1ee2
abc
abc
1e+
000.e
abc
-
+
e10
-
1e+
++1
.
abc
.
000.e
000.e
1e-
.
++1
+
e10
1.2.3
0e
000.e
0e
000.e
1e
1e
e10
1e
000.e
0e
1e-
-
0e
1ee2
1e
e10
-
1ee2
0e
--2
--2
0e
abc
1.2.3
1e+
abc
e10
1ee2
--2
000.e
1ee2
1e
--2
1e-
1e
1e
.
-
1ee2
+
--2
+
e10
1ee2
1e
+
1e
abc
1e
-
1e+
--2
.
++1
+
1e+
--2
+
1e-
-
1.2.3
-
++1
1e-
000.e
+
+
++1
1.2.3
-
1ee2
1e+
1ee2
e10
+
.
1.2.3
+
+
.
+
1e-
.
abc
1e
1e-
abc
1.2.3
++1
-
1.2.3
1e-
++1
1.2.3
-
abc
1e+
000.e
0e
abc
.
1e
1ee2
1e-
1e-
++1
+
+
e10
000.e
-
abc
1e-
e10
.
1.2.3
.
.
0e
1.2.3
000.e
-
++1
+
1e
0e
--2
-
1.2.3
-
1.2.3
++1
.
e10
1e
-
1ee2
+
abc
1e
1e
-
000.e
e10
e10
0e
1e-
.
abc
-
-
1ee2
--2
e10
1e-
++1
1e+
abc
1e+
.
1e
000.e
+
.
+
0e
.
000.e
+
e10
1ee2
++1
e10
0e
1e-
.
1.2.3
e10
1.2.3
-
.
1e
+
-
abc
1e
1e+
-
1e+
000.e
--2
1.2.3
--2
1.2.3
.
1e-
-
000.e
--2
e10
.
++1
-
1ee2
.
.
-
-
abc
--2
--2
1ee2
1ee2
e10
++1
1e+
-
-
abc
+
.
e10
e10
++1
1ee2
+
000.e
1e+
1ee2
0e
+
1e-
1e-
1e+
1e+
1.2.3
1e
1ee2
--2
.
1ee2
-
-
e10
-
1ee2
-
-
--2
1e-
1.2.3
1e+
.
-
1e-
+
1e+
+
.
+
abc
1.2.3
1e+
1e
1.2.3
e10
0e
0e
1.2.3
.
1.2.3
1.2.3
1e-
+
+
abc
1e+
--2
++1
+
--2
-
abc
.
.
1e-
-
1e-
abc
1.2.3
.
0e
abc
e10
abc
0e
++1
e10
1ee2
++1
1e+
++1
+
abc
1e+
+
1e
.
1e
+
e10
000.e
1.2.3
0e
000.e
000.e
++1
e10
1e
e10
abc
1e+
--2
1ee2
0e
++1
--2
++1
.
1e+
e10
-
+
e10
1.2.3
1e+
0e
1ee2
abc
000.e
1e-
--2
1.2.3
+
1ee2
.
abc
-
abc
.
--2
000.e
1e
1e+
1e+
e10
abc
abc
1e
+
e10
-
e10
--2
.
1.2.3
e10
e10
+
1e
e10
1e+
1.2.3
000.e
+
--2
1e+
+
0e
0e
1ee2
1e
1e+
1.2.3
.
-
e10
1e
++1
+
1e
1e-
e10
000.e
e10
+
000.e
1ee2
++1
1e
0e
e10
1ee2
-
1e+
++1
000.e
--2
++1
000.e
1ee2
1e
++1
0e
1.2.3
-
.
1e
1ee2
++1
.
000.e
1ee2
.
-
+
+
1.2.3
++1
abc
+
-
1e
000.e
1e-
+
1e
1e+
1ee2
1e-
1e-
.
-
+
--2
++1
000.e
1e+
0e
e10
1ee2
1e-
abc
0e
1.2.3
++1
000.e
1.2.3
1e
+
.
1ee2
+
1e
1.2.3
--2
1ee2
.
1e+
e10
1e+
++1
.
000.e
-
000.e
++1
1.2.3
1.2.3
.
1e-
0e
e10
+
++1
.
0e
1e
.
1.2.3
abc
e10
-
--2
-
+
abc
0e
.
-
--2
1e+
1.2.3
.
abc
1ee2
1ee2
1e
0e
+
1.2.3
1e
1e+
e10
1ee2
1e
.
e10
0e
--2
--2
abc
1e-
1e
abc
-
1e
1e
-
1ee2
abc
abc
000.e
++1
.
--2
1e-
1ee2
1e-
e10
-
1ee2
1e-
1.2.3
e10
1.2.3
1e-
1.2.3
000.e
0e
000.e
.
1e
++1
1e+
--2
1ee2
1e+
e10
1e
1e
1e+
1e
++1
1e-
1.2.3
-
1e+
--2
1.2.3
1ee2
.
1ee2
1ee2
+
1e-
1.2.3
1e-
abc
1.2.3
e10
1e
1e
1ee2
--2
+
--2
+
-
+
1.2.3
1ee2
000.e
e10
000.e
1ee2
1e-
1.2.3
1ee2
000.e
1ee2
1e+
abc
0e
abc
e10
000.e
--2
--2
000.e
1e+
1e
-
1e-
1.2.3
.
-
--2
e10
.
+
+
abc
abc
--2
--2
1e
--2
1ee2
e10
0e
0e
1.2.3
--2
--2
1e
--2
1.2.3
1ee2
-
1ee2
1e-
++1
1.2.3
0e
1e
.
1e
e10
0e
1e-
1e
.
abc
1e-
0e
1e+
--2
1e
++1
0e
1e+
0e
.
abc
0e
-
.
000.e
1ee2
++1
0e
++1
000.e
0e
1ee2
--2
1ee2
1e
1e
--2
abc
.
abc
abc
++1
1e-
e10
1ee2
000.e
1e-
1e
++1
e10
e10
+
--2
-
1e
.
.
abc
1ee2
e10
000.e
0e
0e
0e
1e+
--2
1e-
1e+
1.2.3
--2
.
000.e
abc
000.e
1e+
-
1e
1.2.3
1ee2
1e-
0e
000.e
0e
1.2.3
+
1e
1ee2
++1
--2
1e-
0e
1e-
1e+
abc
1ee2
1e+
1e+
++1
.
-
000.e
1e-
1ee2
0e
abc
1ee2
+
-
++1
1.2.3
-
1e
1e-
+
++1
1e+
1ee2
abc
+
abc
1e+
1.2.3
abc
e10
1.2.3
--2
.
000.e
0e
++1
--2
0e
0e
000.e
0e
-
++1
e10
0e
1ee2
1ee2
abc
++1
0e
-
0e
.
e10
000.e
1.2.3
--2
.
e10
000.e
1ee2
1e+
-
--2
e10
-
e10
000.e
e10
-
1e-
000.e
1e+
++1
.
1e-
1e+
++1
++1
1e
--2
0e
-
1e+
1ee2
1e-
1e-
--2
abc
--2
e10
000.e
0e
e10
1e+
1.2.3
+
1.2.3
.
-
+
1ee2
1e-
e10
.
0e
--2
+
abc
1e
1e+
1e-
--2
-
1e-
1.2.3
1.2.3
abc
1.2.3
.
--2
0e
1ee2
0e
e10
e10
1e
.
-
000.e
000.e
abc
++1
--2
++1
1e
1.2.3
--2
1ee2
+
e10
.
0e
--2
abc
e10
1e
1ee2
0e
++1
abc
0e
--2
--2
1ee2
1e+
1e+
1e-
+
1e+
+
+
-
1e-
e10
1e
1.2.3
--2
1.2.3
1.2.3
1e
--2
--2
1e+
1e
0e
000.e
.
1e+
1e-
1.2.3
.
abc
-
-
--2
1ee2
1.2.3
0e
0e
1e+
.
-
++1
000.e
000.e
000.e
1ee2
-
+
0e
1e-
--2
1ee2
1e
+
.
1e
+
+
-
1e
000.e
.
1e+
-
000.e
e10
000.e
e10
--2
+
.
1.2.3
1e
.
-
--2
+
.
.
000.e
000.e
+
000.e
1e+
1e
+
1e+
.
.
++1
0e
0e
-
++1
1e
0e
--2
-
1e+
1e
1e-
1ee2
e10
1e-
.
--2
--2
1.2.3
+
1e+
0e
1e-
abc
1ee2
1e-
e10
1ee2
.
--2
1e+
abc
++1
1.2.3
1e
--2
--2
abc
abc
1e
1e+
+
--2
1ee2
1ee2
e10
1.2.3
abc
++1
1e+
+
1e-
000.e
abc
1ee2
1.2.3
e10
1e+
1.2.3
0e
e10
.
1.2.3
abc
000.e
1ee2
.
000.e
+
abc
1e
1e+
++1
0e
0e
+
++1
+
++1
1e+
-
-
-
0e
-
1ee2
0e
1e-
++1
+
-
abc
+
++1
1.2.3
000.e
++1
e10
.
1ee2
0e
1e
--2
1e+
0e
000.e
1.2.3
1.2.3
++1
000.e
--2
--2
1e+
1e+
--2
-
-
e10
-
1e
.
0e
1.2.3
--2
++1
1e+
1ee2
1e+
.
++1
+
0e
1e+
e10
0e
1e
000.e
1e+
1e-
abc
1e+
1e-
1ee2
+
000.e
1e
000.e
1ee2
0e
1.2.3
e10
1e+
1e+
+
-
.
0e
1e+
abc
1.2.3
1e-
abc
+
++1
.
abc
000.e
+
1ee2
1.2.3
1e+
e10
1e
e10
1.2.3
+
+
1.2.3
.
1e-
-
e10
000.e
1ee2
0e
0e
.
0e
e10
1e
-
1e-
+
-
1ee2
1e+
0e
1ee2
e10
1e
1e
-
--2
1e
--2
--2
000.e
--2
0e
++1
0e
1e+
-
1.2.3
1.2.3
abc
-
1ee2
-
1e
+
abc
1e
0e
.
++1
.
1.2.3
++1
1e+
1e
--2
0e
e10
1e+
--2
.
-
000.e
abc
+
abc
1e-
000.e
e10
++1
000.e
000.e
1ee2
000.e
000.e
1e-
1.2.3
abc
e10
.
e10
1.2.3
e10
000.e
++1
abc
++1
1e-
0e
1e-
.
abc
000.e
-
0e
--2
e10
1e-
.
1.2.3
1e-
1ee2
1e-
1e-
--2
1.2.3
--2
abc
+
-
abc
1e-
1e
1ee2
abc
1e
abc
e10
++1
-
1e-
-
000.e
1ee2
1ee2
0e
000.e
.
1e+
-
1e-
e10
1ee2
-
+
--2
0e
0e
abc
abc
1ee2
+
1e
e10
.
abc
+
abc
--2
+
.
1e-
000.e
.
-
++1
+
--2
++1
1.2.3
1e+
1ee2
1ee2
0e
++1
--2
+
++1
--2
000.e
1e+
1.2.3
1ee2
.
1e+
1e+
000.e
1ee2
.
abc
abc
-
1.2.3
1e-
e10
e10
1e+
--2
0e
-
--2
--2
-
000.e
--2
1.2.3
1.2.3
--2
+
1e+
1ee2
1ee2
1.2.3
.
1.2.3
abc
1e
000.e
1e
1.2.3
1e+
--2
+
1e-
-
1e
1e+
1ee2
1.2.3
++1
e10
0e
1e+
-
1e
abc
-
-
abc
abc
1ee2
1e-
1e
.
1.2.3
1e+
.
--2
+
-
e10
+
abc
.
+
1e
1e+
1e-
000.e
0e
-
++1
+
1.2.3
1e
e10
++1
1ee2
1e
1e+
-
--2
1e
1e
+
1e
1e-
++1
-
1ee2
-
++1
1ee2
.
1ee2
-
+
1e
1ee2
000.e
--2
+
abc
++1
1ee2
abc
1e+
1e-
1e
1ee2
++1
1e
--2
--2
--2
abc
-
-
0e
000.e
+
1e
0e
e10
1e
1e-
1e-
.
+
++1
--2
1e-
1e
1e-
abc
000.e
1e
++1
+
e10
abc
++1
000.e
e10
++1
-
0e
0e
1e+
-
abc
0e
1.2.3
.
abc
1ee2
1ee2
++1
e10
--2
++1
0e
1e+
1.2.3
+
000.e
--2
++1
0e
1ee2
--2
-
1ee2
-
--2
1e+
0e
.
.
-
1e+
0e
0e
+
0e
e10
1.2.3
abc
-
1.2.3
.
1ee2
000.e
1e
-
1e
1ee2
1.2.3
--2
1ee2
1ee2
e10
0e
1e-
abc
+
-
1e+
-
1e+
1e-
-
1e+
000.e
1.2.3
--2
-
1.2.3
000.e
1.2.3
abc
e10
--2
1ee2
++1
e10
.
.
0e
+
abc
-
1e+
0e
.
0e
-
0e
+
abc
0e
000.e
1e-
1ee2
++1
abc
e10
+
1e-
+
000.e
000.e
++1
++1
.
abc
1e
abc
1e-
e10
++1
-
1e+
1e+
e10
0e
000.e
1e
1e-
+
--2
e10
e10
1ee2
++1
1.2.3
1.2.3
000.e
--2
0e
000.e
0e
1e-
1ee2
--2
1e+
--2
+
1.2.3
1.2.3
.
.
1e+
1e-
1e+
++1
1.2.3
--2
.
1ee2
.
-
1e+
--2
abc
.
--2
+
++1
1e-
e10
--2
abc
e10
++1
abc
1.2.3
.
--2
1ee2
--2
1e-
abc
+
e10
1ee2
1.2.3
-
--2
-
1e
1e-
1ee2
1e
1.2.3
abc
1.2.3
.
1e
1e
1e+
.
-
e10
++1
1ee2
abc
+
--2
000.e
e10
.
abc
.
1e-
abc
--2
--2
0e
.
++1
e10
000.e
--2
1e
+
abc
1.2.3
000.e
--2
000.e
1e-
--2
++1
1e+
++1
--2
.
1e+
++1
-
1ee2
1e+
000.e
1e+
1e+
1ee2
000.e
1e-
+
1ee2
1.2.3
0e
1.2.3
1ee2
0e
abc
++1
1e
1e-
1ee2
-
1ee2
0e
1ee2
-
-
000.e
++1
.
-
++1
e10
.
1e+
-
--2
-
+
000.e
++1
+
+
--2
0e
1ee2
abc
++1
000.e
000.e
1.2.3
.
abc
.
1.2.3
0e
1ee2
1e
.
0e
1e-
+
1.2.3
++1
-
--2
1e+
1e+
++1
-
+
--2
1e
abc
1e+
000.e
000.e
--2
0e
e10
1e
abc
1ee2
abc
+
1e
1ee2
.
--2
-
1.2.3
1e
0e
++1
1.2.3
--2
1e-
1ee2
e10
1e
+
1.2.3
-
++1
--2
1e
0e
++1
+
--2
e10
1e+
abc
--2
-
+
-
0e
1.2.3
-
0e
1e
1e-
e10
+
1e+
0e
-
1ee2
abc
e10
1.2.3
000.e
1.2.3
1ee2
--2
-
000.e
0e
e10
1e+
000.e
0e
--2
+
1ee2
--2
++1
1ee2
1ee2
0e
++1
1.2.3
0e
000.e
.
1e
000.e
-
abc
1.2.3
+
000.e
abc
--2
1.2.3
+
1e+
000.e
1e+
-
1e
0e
+
e10
1.2.3
e10
e10
abc
++1
1e+
1e
e10
1e
-
1e+
e10
1e
1ee2
++1
000.e
+
-
1e
0e
1e+
1e
1e-
0e
-
+
000.e
++1
1ee2
++1
e10
1ee2
1e
+
1e-
.
1e+
1ee2
1ee2
+
000.e
000.e
e10
abc
0e
++1
-
abc
+
1e
1e+
e10
++1
1e-
1ee2
0e
1.2.3
0e
abc
abc
1e
e10
.
abc
0e
++1
1ee2
++1
000.e
0e
+
1e-
1e
1e
1.2.3
0e
+
abc
.
abc
1ee2
.
abc
e10
-
1e
++1
0e
1e+
1.2.3
-
1e-
000.e
+
++1
+
-
+
1e+
++1
1ee2
1e
0e
1e-
-
000.e
000.e
1ee2
1.2.3
+
0e
0e
1e+
-
abc
1ee2
e10
-
-
+
000.e
-
++1
++1
.
1.2.3
1e-
-
abc
+
1.2.3
1e-
000.e
-
e10
.
1e-
.
000.e
1.2.3
--2
.
++1
1e
1e+
++1
abc
000.e
.
1e-
--2
e10
-
0e
+
+
e10
+
++1
.
1.2.3
abc
1ee2
1e-
abc
1e
0e
1e
1.2.3
1e-
++1
.
e10
1ee2
abc
1e-
1e
e10
.
0e
1e
000.e
+
.
0e
-
++1
1e
000.e
1e+
0e
abc
000.e
+
+
0e
1e-
++1
abc
1e-
1e
++1
abc
1e+
.
1e+
+
1e
e10
1.2.3
e10
1e
1e
1e-
--2
0e
--2
.
1e
000.e
.
0e
000.e
++1
1e
1ee2
--2
1.2.3
--2
abc
-
--2
e10
1e+
++1
-
1e-
0e
1e+
1ee2
++1
1e+
000.e
+
--2
--2
000.e
e10
++1
--2
--2
1e
+
1.2.3
1.2.3
1e-
e10
1ee2
1e+
--2
-
1.2.3
--2
1e
e10
abc
000.e
0e
-
000.e
.
000.e
++1
++1
1ee2
1ee2
abc
++1
abc
1ee2
abc
e10
1e-
.
e10
.
1ee2
-
-
1e-
1ee2
0e
1.2.3
e10
1ee2
000.e
1e+
abc
1.2.3
.
0e
--2
1e
.
+
e10
e10
+
--2
1e+
1e+
++1
.
-
1.2.3
1e
.
abc
1e+
e10
1ee2
1ee2
-
0e
0e
1e+
000.e
1e+
1ee2
++1
1.2.3
1e
++1
1e
000.e
--2
++1
-
++1
1.2.3
e10
0e
--2
000.e
1ee2
--2
--2
1.2.3
1e+
1ee2
abc
000.e
0e
e10
--2
1e+
1ee2
000.e
++1
000.e
+
++1
+
.
000.e
1e
1ee2
1ee2
e10
1ee2
1e+
1e+
+
.
1.2.3
1e
abc
++1
abc
1e+
1e-
1e+
1e-
.
1.2.3
.
000.e
++1
+
--2
++1
0e
+
0e
1ee2
1.2.3
000.e
-
1e+
--2
000.e
e10
+
0e
-
--2
1ee2
abc
--2
1e-
abc
1ee2
1ee2
1.2.3
e10
000.e
+
0e
0e
-
1e+
0e
1e
000.e
000.e
-
+
--2
1.2.3
abc
abc
1e-
000.e
--2
000.e
++1
++1
++1
1e
000.e
1.2.3
1e-
++1
1e-
+
000.e
.
1.2.3
.
1ee2
--2
1e-
abc
1e
++1
1.2.3
1.2.3
1.2.3
+
++1
abc
abc
1.2.3
1e-
-
000.e
1e-
.
.
.
000.e
1e
1.2.3
-
1ee2
1.2.3
1e+
-
+
1e
.
1e-
1.2.3
e10
1e+
-
e10
0e
1e-
abc
e10
1e+
--2
0e
--2
000.e
1e+
000.e
--2
--2
-
-
-
1e+
--2
abc
0e
.
1e-
-
1.2.3
1e-
1e+
1.2.3
abc
1ee2
e10
1ee2
-
abc
1e
+
1.2.3
--2
abc
000.e
1e+
++1
1e
1.2.3
1e+
1.2.3
e10
e10
1e-
-
0e
1e
1ee2
.
abc
000.e
.
--2
.
-
1e-
-
1e
1e+
abc
e10
++1
++1
+
1ee2
1e-
1ee2
1e+
+
1ee2
0e
1e-
1.2.3
++1
1e+
--2
abc
-
1e-
+
1ee2
--2
1ee2
--2
0e
000.e
1ee2
000.e
e10
.
.
1e-
-
.
0e
e10
1ee2
++1
0e
0e
000.e
1e-
e10
1e-
1ee2
1e-
.
.
-
e10
1e+
--2
1e
0e
1e-
1ee2
e10
0e
++1
1e+
000.e
1.2.3
1e
++1
1.2.3
--2
1e+
000.e
.
e10
-
1ee2
e10
--2
-
0e
000.e
.
--2
--2
000.e
.
000.e
e10
1ee2
1e
e10
.
1e-
1.2.3
-
abc
1ee2
-
1e
0e
1e+
abc
e10
1.2.3
abc
+
e10
-
e10
000.e
000.e
--2
-
abc
+
.
1e
000.e
0e
1e
--2
abc
++1
1e+
1ee2
1ee2
++1
abc
-
.
e10
1.2.3
--2
000.e
1e-
.
-
+
1.2.3
1e
000.e
abc
1e-
abc
--2
1e+
1e-
++1
e10
1e+
1e
-
000.e
0e
+
0e
0e
1e
1e
-
1ee2
++1
0e
.
.
1e
1e-
1.2.3
e10
0e
0e
++1
++1
1.2.3
.
0e
1ee2
1ee2
1.2.3
+
abc
abc
++1
1e
++1
++1
abc
--2
1.2.3
.
1ee2
--2
1e
000.e
0e
-
1.2.3
000.e
0e
abc
+
1e
.
1e+
++1
1.2.3
1e-
-
1e
1e+
+
1e-
abc
--2
-
1e
000.e
1e
1e
1e-
1.2.3
abc
1e-
1e
e10
1e-
++1
--2
1e-
+
1e
000.e
e10
abc
1.2.3
0e
0e
1e+
abc
1e+
1ee2
000.e
e10
--2
1e+
000.e
e10
000.e
0e
000.e
1ee2
.
++1
.
1e-
+
+
1ee2
++1
++1
1ee2
1.2.3
.
--2
e10
000.e
.
1e-
+
1e
0e
.
1ee2
++1
--2
-
1ee2
++1
1ee2
1e+
-
1.2.3
1ee2
1e
1ee2
abc
--2
.
1e
abc
++1
1e
1e-
1e-
1.2.3
.
000.e
-
++1
--2
1ee2
.
++1
000.e
--2
1e-
--2
--2
-
1e-
1ee2
--2
1ee2
abc
e10
1e+
e10
1.2.3
1e
000.e
--2
.
1e+
0e
--2
--2
++1
1e-
e10
-
abc
1e
++1
abc
000.e
000.e
.
e10
abc
abc
1e+
1.2.3
1ee2
+
1e+
.
-
e10
++1
1.2.3
000.e
++1
1e
.
e10
--2
+
abc
1e-
1ee2
1e
1e
1.2.3
0e
1ee2
000.e
e10
.
1.2.3
1e+
-
0e
e10
--2
abc
000.e
1e+
1e-
1ee2
1.2.3
-
0e
1ee2
abc
e10
-
abc
+
--2
-
-
1e+
++1
000.e
-
1e+
++1
0e
e10
1e
abc
.
++1
--2
++1
.
--2
1.2.3
++1
.
000.e
++1
1.2.3
1e
.
000.e
abc
++1
000.e
1e+
+
+
0e
1e+
1ee2
abc
1e-
1e
0e
abc
.
1e-
abc
++1
0e
1.2.3
1.2.3
-
1.2.3
1.2.3
1ee2
+
0e
e10
+
1e+
1e+
1.2.3
000.e
abc
0e
1e
1ee2
+
e10
1e-
1.2.3
0e
1e
1e-
.
0e
e10
-
1e-
0e
-
1e-
1e
e10
++1
.
0e
.
1e
1.2.3
1e
abc
abc
1.2.3
abc
.
0e
++1
1.2.3
abc
0e
++1
0e
e10
++1
1e+
++1
1e
++1
-
000.e
--2
0e
--2
0e
e10
1e
-
--2
000.e
--2
abc
.
1.2.3
.
1e
+
0e
--2
--2
e10
+
-
abc
1e+
1e
1e-
abc
0e
1e
1e
+
--2
1e-
+
-
++1
0e
1e-
1ee2
e10
1e
--2
abc
abc
e10
+
1ee2
1.2.3
abc
++1
+
1ee2
--2
.
1e
.
1ee2
1e-
1e+
1ee2
000.e
abc
1e
.
e10
+
-
1.2.3
000.e
++1
1.2.3
abc
000.e
1e-
-
e10
-
1e+
1e+
.
--2
1e
000.e
--2
++1
++1
0e
1.2.3
1e
1ee2
+
1e-
1e-
-
++1
1.2.3
abc
abc
abc
0e
1ee2
+
1ee2
+
1.2.3
-
1ee2
--2
abc
abc
1ee2
e10
e10
-
--2
.
.
0e
000.e
++1
000.e
.
1.2.3
1e+
000.e
1ee2
+
000.e
e10
-
+
e10
1e
++1
1e-
abc
0e
000.e
abc
1.2.3
+
--2
000.e
++1
++1
1e
1ee2
1e-
1e-
1ee2
+
1e
000.e
.
1e
++1
1ee2
1e+
e10
.
1ee2
e10
+
abc
000.e
--2
000.e
1.2.3
++1
1e
000.e
e10
+
abc
1e+
1e+
e10
++1
abc
--2
1e-
--2
1ee2
e10
e10
--2
1ee2
+
1.2.3
1ee2
000.e
1e-
--2
+
1ee2
--2
0e
1.2.3
abc
1.2.3
1.2.3
1.2.3
000.e
+
1e
++1
1e-
+
1e-
1.2.3
1ee2
1.2.3
.
1e-
abc
--2
1e+
1ee2
abc
0e
1ee2
-
1ee2
1.2.3
--2
-
--2
+
.
+
1e-
.
000.e
--2
--2
1e+
1.2.3
1e+
0e
++1
1e-
-
+
1e
.
000.e
.
e10
1ee2
1e
000.e
1e
1.2.3
abc
-
++1
e10
+
000.e
+
000.e
++1
1.2.3
e10
e10
1e
+
000.e
1e
1e+
1.2.3
-
1ee2
.
1ee2
++1
++1
++1
000.e
000.e
e10
1e+
1e
--2
1e+
1e
-
1.2.3
0e
000.e
-
++1
1e-
--2
+
-
1e+
+
1ee2
1ee2
1e
1e
1.2.3
.
0e
1ee2
1e+
0e
-
--2
1e+
e10
+
0e
1ee2
++1
1.2.3
000.e
1e
abc
1e+
.
1.2.3
1.2.3
0e
e10
1e
1e
abc
.
1e+
-
e10
abc
.
1ee2
1e
1e-
1e+
+
-
1.2.3
e10
.
.
e10
.
0e
-
1.2.3
+
-
++1
-
0e
e10
e10
0e
1e+
e10
e10
0e
1ee2
1e+
1ee2
1e
0e
1e+
1e-
1e
--2
1e+
1e+
+
-
0e
1e
-
-
1.2.3
++1
+
--2
0e
++1
1ee2
1e+
1ee2
e10
abc
abc
.
1.2.3
1e+
1e+
abc
1ee2
1e-
e10
1e+
1.2.3
++1
++1
e10
0e
0e
abc
1.2.3
++1
1e-
1e
0e
1e
abc
.
--2
0e
1e
0e
1ee2
e10
abc
1.2.3
1.2.3
-
e10
++1
-
--2
000.e
1e+
abc
++1
1ee2
0e
0e
-
--2
1e+
.
1e-
e10
.
abc
.
000.e
abc
+
abc
1.2.3
1ee2
+
000.e
1.2.3
1.2.3
abc
000.e
.
abc
abc
++1
e10
1e
++1
.
-
++1
.
++1
+
+
1e+
--2
1e
0e
--2
0e
1e-
1e
0e
1e-
1.2.3
abc
++1
1e+
1.2.3
.
.
0e
000.e
1ee2
-
e10
abc
1.2.3
+
000.e
-
e10
-
1e
1ee2
1ee2
+
abc
e10
e10
.
1e+
0e
++1
1e-
abc
++1
0e
.
1e-
000.e
1e
1e-
1.2.3
1e-
+
+
1e
1e+
0e
abc
1e+
000.e
+
+
e10
1e+
abc
1e+
--2
000.e
1ee2
e10
abc
1ee2
abc
--2
.
000.e
++1
+
++1
.
+
.
1ee2
.
e10
0e
--2
abc
abc
+
+
e10
abc
000.e
++1
0e
1e
e10
+
.
000.e
1e-
0e
1ee2
1e
++1
0e
1e
1e
000.e
+
++1
1ee2
+
e10
1e+
--2
.
--2
--2
-
+
1e
--2
+
000.e
1e-
1e-
--2
.
--2
++1
1e-
000.e
abc
abc
1e+
-
1e+
1.2.3
000.e
0e
-
-
-
--2
.
1.2.3
1.2.3
1ee2
e10
-
++1
.
+
000.e
.
1e+
++1
1.2.3
.
1.2.3
abc
1ee2
e10
1.2.3
1e
+
1e+
1e
+
.
e10
e10
-
1.2.3
+
-
e10
.
1ee2
.
000.e
1e
1ee2
1e
+
+
.
++1
+
.
abc
000.e
1.2.3
1.2.3
1e-
+
-
+
abc
--2
-
++1
-
+
-
abc
e10
++1
0e
--2
++1
+
abc
abc
1e-
abc
000.e
--2
++1
--2
--2
--2
-
1e+
1e+
.
1e-
abc
e10
--2
000.e
1e
0e
1e
+
--2
1e
1e
e10
1e+
+
abc
000.e
0e
-
.
.
abc
1e+
-
1ee2
.
1ee2
1e+
--2
-
e10
1ee2
1e-
e10
.
000.e
1e
1.2.3
--2
+
-
1.2.3
+
-
.
+
1ee2
1e+
0e
+
++1
1.2.3
000.e
++1
1e-
1e+
-
.
abc
.
--2
0e
++1
.
--2
000.e
.
.
1e-
abc
0e
000.e
1ee2
++1
++1
++1
+
+
++1
1e
1e-
++1
1.2.3
.
1ee2
000.e
000.e
000.e
1.2.3
1e
1e+
+
1.2.3
.
e10
000.e
abc
1e-
++1
++1
--2
1e+
.
1e
-
.
-
--2
1.2.3
1.2.3
abc
+
1e-
--2
-
1e
+
abc
--2
+
1e+
--2
1e-
++1
0e
--2
1ee2
.
--2
--2
1ee2
e10
1e+
--2
-
1.2.3
000.e
e10
1e
1e+
1e
1e+
abc
.
+
--2
++1
0e
1e+
1ee2
--2
1e-
0e
1e-
+
0e
1ee2
1e
-
1.2.3
abc
.
.
1ee2
1e+
000.e
++1
1.2.3
++1
0e
1e
e10
.
+
1e+
e10
-
e10
000.e
0e
1e+
-
1.2.3
--2
e10
0e
1e
--2
1ee2
.
abc
-
1e-
1e-
+
-
.
--2
.
1.2.3
1e+
1e
0e
1e-
000.e
1ee2
1e-
--2
1e-
abc
1.2.3
e10
1.2.3
--2
1e
abc
-
1ee2
--2
1e-
1e-
++1
-
000.e
abc
1ee2
1e
000.e
e10
--2
000.e
000.e
.
.
000.e
1e
abc
1.2.3
1e
++1
000.e
1.2.3
+
-
1.2.3
1e-
000.e
0e
000.e
e10
1.2.3
abc
1ee2
e10
--2
1.2.3
0e
abc
1.2.3
1.2.3
e10
0e
0e
1e+
-
1ee2
abc
1e-
e10
0e
0e
--2
e10
.
1ee2
++1
000.e
+
.
1ee2
++1
.
+
1.2.3
.
1e+
-
.
abc
000.e
1.2.3
1e+
-
1.2.3
--2
e10
1ee2
-
abc
000.e
++1
1e-
e10
0e
1e+
e10
1e
1e
1ee2
1.2.3
1ee2
1e
1.2.3
--2
+
+
--2
.
1.2.3
+
1ee2
1.2.3
++1
0e
1e-
++1
1ee2
1.2.3
1ee2
--2
1ee2
.
000.e
1.2.3
--2
1e
abc
0e
++1
1e-
1e
1ee2
1e-
++1
1e
.
--2
0e
abc
abc
1e-
abc
1.2.3
-
1e-
.
1ee2
-
1.2.3
1ee2
+
++1
+
e10
+
0e
.
1e-
1.2.3
0e
1e-
1e
0e
1e-
.
1e
1ee2
e10
abc
1e+
1ee2
1e+
1ee2
-
000.e
e10
e10
1e
1.2.3
000.e
1ee2
.
0e
-
.
--2
000.e
1ee2
1.2.3
1e-
1e
.
1e
abc
1e
+
000.e
-
000.e
e10
1e-
-
1e
e10
000.e
000.e
+
.
1e
abc
-
1e
0e
1e
--2
1e+
++1
0e
-
.
+
+
1e-
000.e
1e-
-
.
+
1ee2
e10
1.2.3
1e-
+
1.2.3
.
--2
1e+
.
+
-
0e
1e
+
1.2.3
0e
1e-
--2
000.e
-
e10
000.e
0e
0e
--2
1.2.3
.
1ee2
1e+
-
1ee2
1.2.3
1e+
-
e10
-
abc
-
++1
1.2.3
0e
1.2.3
1e-
.
-
1.2.3
++1
000.e
1ee2
1e
e10
1e-
++1
1ee2
1e+
1.2.3
0e
++1
e10
++1
.
-
e10
-
1e+
000.e
0e
abc
000.e
+
1e-
1e-
.
+
1e-
+
1e
-
1e+
1ee2
000.e
1e-
1e-
+
1e+
--2
0e
000.e
1e+
1ee2
-
.
+
0e
1.2.3
.
.
0e
000.e
++1
-
.
.
0e
1e-
--2
-
+
1e+
--2
+
-
++1
1ee2
e10
.
abc
1.2.3
abc
1e
++1
1e-
e10
+
++1
e10
1e-
--2
--2
e10
e10
1e-
1e+
000.e
1e-
000.e
.
1.2.3
-
1e-
1ee2
-
0e
abc
1ee2
--2
1e+
000.e
1.2.3
e10
1ee2
--2
++1
e10
e10
.
e10
++1
-
+
1ee2
1e-
1e-
++1
-
1e-
1e
1e+
1ee2
--2
1e
1e-
+
1.2.3
000.e
.
1e-
1e-
.
1.2.3
000.e
e10
1e-
+
1e+
-
--2
1e+
0e
1ee2
.
+
e10
1e
1e+
000.e
--2
++1
-
++1
+
--2
000.e
abc
1e+
1e
abc
0e
-
1e
e10
--2
1e-
e10
1ee2
++1
-
000.e
abc
+
abc
+
0e
1e+
--2
-
+
000.e
1ee2
0e
1e
++1
-
0e
e10
0e
0e
1ee2
.
1e-
1.2.3
1e
000.e
abc
-
0e
++1
+
1.2.3
0e
++1
abc
abc
1e
e10
.
-
1e+
000.e
1e+
e10
abc
1e
-
abc
1ee2
.
1e
1e+
1ee2
1e+
.
1e-
+
1.2.3
000.e
1ee2
0e
1.2.3
++1
++1
000.e
1.2.3
-
1e+
abc
1.2.3
+
1.2.3
1.2.3
1e+
1e+
1e+
e10
+
1e
e10
1e-
1.2.3
1ee2
abc
-
1.2.3
+
--2
1.2.3
1.2.3
000.e
abc
1.2.3
000.e
1e
-
.
1ee2
1.2.3
-
1ee2
++1
0e
+
-
++1
e10
-
0e
+
1e+
++1
1ee2
-
1e+
1e
abc
++1
1e
-
e10
1e+
1.2.3
1e+
1ee2
1e+
1e+
abc
+
++1
.
+
++1
1e+
--2
1ee2
1e
000.e
0e
abc
1e-
0e
.
1e+
++1
+
1ee2
1e+
1.2.3
-
1.2.3
1e-
abc
abc
+
000.e
--2
abc
--2
0e
-
abc
1e
000.e
0e
++1
1e+
--2
000.e
1e+
++1
+
--2
-
++1
.
1e
0e
++1
1.2.3
-
1e-
1e+
1ee2
000.e
1.2.3
0e
.
1e-
e10
+
1ee2
0e
abc
1.2.3
.
abc
1e-
++1
++1
1e-
1ee2
1.2.3
++1
e10
1.2.3
++1
0e
-
1e+
0e
1.2.3
1ee2
000.e
-
1e-
000.e
.
.
++1
1e-
1e
1.2.3
1e-
+
0e
-
--2
+
+
+
.
+
1e+
1e-
e10
.
abc
e10
1.2.3
+
1ee2
-
.
1e
1e
-
--2
abc
+
0e
0e
-
1e
+
1e+
++1
++1
0e
++1
1e+
1e+
0e
1e-
+
--2
+
e10
1e+
abc
000.e
++1
1ee2
-
1e
1e
000.e
1e-
0e
1ee2
000.e
1e+
1.2.3
.
.
e10
++1
0e
1.2.3
.
e10
-
1e+
1e-
1e
1e-
1.2.3
.
1e-
1e-
1e-
-
1.2.3
++1
1ee2
000.e
1e-
1.2.3
abc
+
1.2.3
1e
1.2.3
000.e
++1
.
.
1ee2
1e+
0e
1.2.3
abc
.
1e
0e
e10
-
-
+
1e-
-
1.2.3
abc
+
1ee2
000.e
0e
1e+
-
++1
e10
++1
e10
.
-
-
1e-
--2
0e
1e+
+
1.2.3
e10
1ee2
1e+
0e
.
000.e
--2
1e
0e
e10
abc
0e
abc
+
1e
+
1e+
-
-
1ee2
--2
0e
++1
1ee2
000.e
0e
-
+
000.e
000.e
++1
0e
0e
+
++1
++1
abc
.
.
.
0e
.
++1
000.e
++1
1e-
0e
-
++1
++1
+
0e
1e+
-
1e+
++1
1e+
.
--2
+
--2
abc
+
-
-
abc
1.2.3
.
1.2.3
000.e
1e
1.2.3
++1
1e+
1.2.3
--2
1.2.3
.
1ee2
000.e
1e
0e
--2
1ee2
e10
.
000.e
++1
000.e
1.2.3
0e
000.e
.
1e+
1ee2
1e
.
0e
e10
1e+
1e
1e+
++1
++1
abc
000.e
0e
1.2.3
000.e
1ee2
.
0e
--2
1e
1e
1ee2
.
1.2.3
--2
-
000.e
--2
0e
.
++1
1ee2
1e-
1ee2
1e+
++1
1ee2
1e+
-
abc
0e
e10
abc
1ee2
-
+
0e
.
+
1e
-
1e
--2
1e
1e
--2
1e+
-
--2
++1
1.2.3
+
.
1ee2
+
0e
1e
1e-
--2
abc
1e
1e-
1e
1e+
1e
0e
1ee2
1ee2
--2
+
1ee2
.
.
000.e
.
abc
1e+
++1
++1
000.e
++1
-
--2
1e+
0e
1.2.3
abc
1ee2
e10
.
+
abc
1ee2
abc
1ee2
--2
abc
1.2.3
+
+
1ee2
.
--2
1ee2
1e+
1e
1ee2
1ee2
+
1e-
1e+
1e-
++1
-
1e-
1ee2
1e
1e
0e
abc
1ee2
abc
e10
000.e
abc
.
abc
e10
1e-
1.2.3
+
++1
-
1e+
--2
000.e
++1
-
abc
1e
1ee2
.
.
-
1e-
e10
++1
+
-
1e
-
1ee2
.
+
--2
+
000.e
.
1e
abc
0e
abc
1e-
1e
++1
1e
0e
abc
1.2.3
0e
000.e
++1
-
--2
abc
.
-
1e-
1e-
--2
+
000.e
--2
+
1e+
e10
1e-
000.e
1e-
0e
1e-
1e
++1
1e
0e
.
abc
1e-
--2
-
1.2.3
e10
1e-
.
1e-
--2
1.2.3
.
abc
1e
1.2.3
1.2.3
1e+
1e-
0e
.
+
.
1e+
1e
.
++1
+
.
e10
1e-
000.e
0e
000.e
--2
+
1.2.3
++1
--2
.
--2
000.e
1e-
1e
++1
++1
1e-
1ee2
.
0e
1.2.3
abc
000.e
.
e10
abc
0e
1e+
++1
0e
++1
abc
1.2.3
--2
0e
--2
000.e
1ee2
1.2.3
1.2.3
e10
1ee2
+
abc
000.e
+
0e
+
1e
1e-
-
e10
000.e
0e
++1
1.2.3
1ee2
1e+
--2
000.e
--2
abc
1e
1.2.3
-
-
1.2.3
1.2.3
000.e
-
+
.
1.2.3
e10
1e
1e+
e10
.
abc
.
1e+
++1
--2
1e+
e10
000.e
--2
000.e
000.e
1ee2
000.e
1ee2
000.e
0e
abc
1e+
000.e
1.2.3
1e-
0e
e10
abc
e10
1e
++1
1ee2
++1
+
abc
++1
-
000.e
1e
--2
-
++1
1ee2
1e
1.2.3
++1
-
1e+
1.2.3
1e
000.e
1e+
1e-
++1
e10
.
e10
0e
000.e
1e+
000.e
1.2.3
++1
e10
e10
1ee2
1ee2
.
e10
abc
000.e
1ee2
++1
1e
0e
--2
--2
.
--2
1e+
++1
1e-
e10
++1
1e
e10
.
1.2.3
1.2.3
1ee2
+
000.e
-
000.e
abc
1e-
--2
0e
e10
1.2.3
1e
++1
1ee2
abc
-
1e
000.e
--2
++1
--2
1.2.3
--2
1e
e10
.
1ee2
1.2.3
+
++1
000.e
-
abc
e10
1.2.3
1e-
1ee2
1ee2
++1
1.2.3
.
1e-
1e+
++1
+
.
1e-
--2
.
.
.
0e
.
.
e10
++1
1.2.3
1e
++1
abc
1e
.
+
000.e
++1
1e
1e-
.
abc
1e-
000.e
abc
1e
1ee2
1.2.3
1.2.3
.
--2
-
000.e
1e+
++1
1e
abc
+
-
1.2.3
1.2.3
1e
-
000.e
1e
-
.
abc
1.2.3
.
-
1e
1e-
1e-
1ee2
1e-
0e
e10
--2
.
1.2.3
+
1e
++1
-
--2
1e+
.
0e
++1
abc
1.2.3
1.2.3
1e-
abc
abc
1.2.3
-
0e
000.e
1e+
--2
.
e10
1.2.3
1e
1e-
--2
++1
1.2.3
1e-
--2
1.2.3
0e
1e
-
1e+
1ee2
1e-
.
-
0e
--2
++1
1e-
0e
--2
1.2.3
--2
abc
abc
abc
1ee2
1.2.3
1e+
000.e
-
.
0e
e10
--2
-
-
1e
1.2.3
+
+
+
000.e
abc
+
-
1e-
1.2.3
1e-
++1
abc
1e+
abc
++1
1ee2
-
1ee2
--2
+
--2
++1
e10
1e-
++1
.
+
0e
+
1e+
+
-
1ee2
1e+
++1
1e+
-
1e+
.
1ee2
-
e10
1e
e10
1.2.3
0e
+
abc
1ee2
++1
e10
-
1e
1.2.3
1e+
1ee2
--2
1e-
.
000.e
--2
1e+
1e
--2
0e
e10
1e
abc
--2
.
.
1e-
1e+
e10
1e
000.e
1e-
1.2.3
abc
abc
1ee2
0e
-
1.2.3
--2
++1
.
-
-
0e
1e
abc
000.e
1e+
e10
-
--2
1e+
++1
000.e
000.e
1e
0e
+
--2
1e-
0e
0e
+
+
-
e10
1e+
1ee2
++1
+
1e-
0e
-
--2
--2
0e
0e
1ee2
--2
1e+
--2
-
1.2.3
0e
1.2.3
--2
000.e
1e-
+
--2
.
000.e
+
-
000.e
abc
1e
e10
e10
++1
1.2.3
1.2.3
1ee2
1e-
-
--2
+
e10
-
e10
1ee2
+
.
0e
++1
+
--2
-
+
abc
000.e
-
-
1e+
1e-
1e-
+
1ee2
+
++1
-
+
--2
1e
e10
--2
0e
e10
++1
0e
000.e
1.2.3
abc
0e
1e-
1e-
+
++1
++1
1e+
--2
1ee2
000.e
1e-
abc
abc
abc
0e
--2
1e
1.2.3
000.e
1.2.3
1e-
1ee2
000.e
1e
+
0e
e10
++1
-
.
++1
--2
0e
e10
+
1e+
--2
-
++1
abc
++1
000.e
1e-
000.e
1.2.3
--2
1e-
1e-
1e+
.
+
e10
1.2.3
0e
-
-
++1
e10
1e+
1.2.3
1e-
--2
1ee2
1ee2
e10
++1
-
+
1e
1e
000.e
abc
+
000.e
+
-
--2
1ee2
1.2.3
.
1e-
1ee2
0e
0e
.
000.e
-
--2
-
.
++1
1ee2
1e
abc
000.e
abc
1ee2
0e
1e-
++1
abc
-
abc
1ee2
1.2.3
000.e
0e
++1
-
+
e10
.
1e+
++1
1.2.3
000.e
000.e
1e-
++1
e10
1.2.3
.
1e
1e-
1e-
0e
1e-
0e
+
1e-
++1
1ee2
1e+
000.e
abc
1e-
1e-
e10
1e+
-
1e+
abc
0e
+
1ee2
.
1e-
1.2.3
000.e
1.2.3
.
1e
1.2.3
1e
1e+
.
--2
1e+
-
.
.
0e
abc
.
--2
e10
--2
1e
++1
e10
1.2.3
--2
1e
1e-
abc
1e+
1ee2
abc
-
e10
1e
-
0e
abc
1e+
++1
.
000.e
-
abc
e10
e10
1e-
000.e
1e
1ee2
e10
--2
1e+
1.2.3
1ee2
000.e
++1
1e-
0e
1e
1e-
1e-
1ee2
.
--2
0e
abc
-
1e-
1e
++1
1ee2
e10
1ee2
e10
.
1e-
++1
++1
abc
e10
.
e10
+
.
000.e
--2
-
--2
-
1e-
1e-
+
1e
1e+
abc
-
e10
1e+
e10
000.e
-
.
1ee2
+
000.e
e10
--2
+
.
1e-
000.e
1e+
000.e
e10
1e+
1e-
++1
1ee2
1e-
1.2.3
abc
1e-
e10
+
1.2.3
-
1.2.3
0e
-
.
++1
0e
1.2.3
1.2.3
1e
000.e
1e-
1e
+
++1
e10
.
abc
-
1e
abc
--2
abc
abc
1e+
-
1e-
-
1e+
0e
-
1e-
e10
000.e
.
0e
abc
--2
-
abc
0e
--2
0e
1e-
e10
1.2.3
--2
.
-
1e-
-
e10
1e-
--2
-
1e+
.
abc
1e
e10
+
abc
abc
--2
1e
+
000.e
abc
++1
1.2.3
+
-
abc
e10
1e-
.
1e+
.
++1
1ee2
1e-
e10
0e
0e
1ee2
1e+
1e-
++1
0e
000.e
.
1e+
.
+
1ee2
1ee2
1ee2
++1
000.e
1e
1e
1.2.3
1e
1.2.3
-
--2
000.e
1ee2
1.2.3
1e+
.
++1
--2
1e
e10
abc
000.e
1.2.3
1e+
--2
1e
e10
.
0e
1ee2
+
1e+
e10
+
--2
--2
-
1e+
-
e10
e10
abc
1e+
1e-
-
0e
.
0e
000.e
1ee2
1e-
++1
000.e
-
-
++1
000.e
+
abc
1.2.3
1ee2
1e-
-
1ee2
.
000.e
.
0e
--2
0e
0e
abc
abc
1ee2
e10
+
-
1.2.3
-
e10
++1
1e+
abc
1.2.3
1ee2
abc
abc
+
1.2.3
--2
e10
1e-
1e
000.e
.
1e-
1e+
++1
1e
-
1.2.3
000.e
1e+
e10
abc
abc
abc
0e
1e+
+
--2
++1
.
1ee2
0e
1e+
++1
1e-
0e
+
.
1.2.3
1e-
--2
++1
1e-
e10
--2
+
e10
-
--2
-
1e+
0e
+
-
-
1ee2
--2
000.e
-
-
-
000.e
1e+
abc
1.2.3
+
e10
1e
000.e
1.2.3
1e+
+
0e
.
000.e
++1
e10
-
+
+
0e
1ee2
e10
1e-
abc
e10
.
1e-
+
1e+
1e+
e10
1e+
abc
++1
1.2.3
+
abc
--2
-
--2
1e+
1ee2
0e
1e-
1e+
1e+
000.e
abc
e10
1e
1ee2
abc
000.e
1e+
+
-
1e+
1e
1.2.3
1ee2
1e
0e
000.e
1e+
1e+
1e+
1ee2
.
+
.
1ee2
.
.
e10
--2
-
.
++1
1e+
1e
000.e
1e+
1ee2
1e
1e-
++1
e10
+
1.2.3
1e
1ee2
1e-
.
0e
-
1e
1e-
+
-
0e
1.2.3
-
1e
1.2.3
e10
e10
abc
0e
.
-
--2
abc
1e+
--2
.
--2
000.e
abc
-
000.e
+
abc
-
0e
e10
.
-
e10
e10
000.e
1ee2
.
+
1e
+
e10
+
++1
e10
1e+
abc
++1
e10
1.2.3
+
1e-
.
1e+
000.e
1e
1e+
abc
1e
--2
000.e
1ee2
--2
0e
000.e
0e
1e+
0e
0e
++1
-
1e-
1e+
1e-
1ee2
1.2.3
+
abc
e10
1e
--2
-
000.e
abc
1ee2
1.2.3
e10
.
+
e10
1e
-
1e-
1e+
0e
1e+
.
1.2.3
000.e
-
e10
+
-
1ee2
++1
1e-
000.e
abc
e10
+
1ee2
0e
1e-
0e
--2
+
1.2.3
1.2.3
++1
--2
1e
1e
1.2.3
1ee2
1e-
1e+
1e-
e10
abc
1e-
--2
000.e
1e-
1e-
1.2.3
0e
1ee2
.
++1
e10
1.2.3
abc
0e
1e+
-
1e
1e
1e
.
++1
--2
e10
++1
e10
--2
1e
000.e
+
1.2.3
+
1e+
-
++1
1.2.3
.
e10
--2
abc
++1
0e
1ee2
1e+
000.e
++1
1.2.3
++1
++1
-
--2
--2
1e-
1e-
.
.
1e
1e
1e-
++1
1.2.3
000.e
--2
.
1ee2
.
.
abc
++1
1e-
1e-
1e-
+
-
0e
1.2.3
0e
1e+
e10
1e
-
++1
0e
abc
-
--2
1ee2
1e-
+
e10
0e
++1
1e+
e10
000.e
abc
abc
1ee2
e10
1e-
000.e
abc
e10
1e
1e+
1e
1ee2
000.e
.
--2
0e
abc
--2
+
.
1e+
000.e
1ee2
.
0e
-
1e
000.e
1e+
1e+
1.2.3
1e
1e+
++1
e10
0e
1e
e10
abc
++1
+
1e
abc
-
--2
e10
1e+
1e+
0e
++1
+
++1
1e
000.e
1ee2
1e
1e+
0e
-
1e-
1e-
1e-
0e
1.2.3
1e-
000.e
++1
1e+
.
1e-
abc
++1
.
1.2.3
--2
++1
+
abc
e10
+
e10
abc
--2
.
1.2.3
1e-
e10
1e
--2
0e
e10
1ee2
1e-
1e+
e10
abc
abc
1ee2
--2
+
1e+
-
--2
abc
1e
+
+
abc
000.e
++1
000.e
1e
--2
1e-
e10
1e-
1e
1e
1.2.3
.
1e+
1e+
--2
1.2.3
.
abc
.
--2
+
e10
1.2.3
1e
+
abc
+
1e-
++1
1e-
1e
+
+
--2
0e
-
e10
--2
1e+
0e
e10
1ee2
1e
000.e
1e+
1e+
++1
1.2.3
++1
1e+
.
1.2.3
000.e
++1
+
-
1.2.3
1e-
.
++1
+
1e-
1e+
-
abc
0e
1e+
0e
abc
0e
000.e
abc
000.e
0e
++1
abc
++1
-
e10
.
abc
++1
1ee2
1.2.3
1e
.
abc
1.2.3
++1
1e-
000.e
1e
1ee2
.
.
--2
000.e
1e
1e+
e10
++1
1ee2
1e
abc
1.2.3
abc
++1
000.e
.
1e
+
e10
0e
1e-
1ee2
+
1e
++1
000.e
000.e
.
1e+
-
0e
0e
++1
.
abc
+
1ee2
+
1e+
--2
1.2.3
.
.
.
1e
1e-
-
++1
000.e
0e
1e-
abc
1e+
abc
1e
-
1.2.3
+
000.e
0e
--2
e10
1e
.
--2
--2
++1
-
0e
++1
0e
abc
1e
1e+
e10
000.e
.
1ee2
e10
0e
e10
1.2.3
000.e
000.e
abc
1e+
.
000.e
+
1e
1ee2
0e
.
1.2.3
--2
++1
1e+
1e+
e10
1.2.3
1e-
000.e
abc
0e
+
1e-
1ee2
1e+
++1
.
1.2.3
++1
0e
++1
1ee2
--2
0e
+
-
.
abc
e10
1e-
.
+
.
1e
-
1e
e10
e10
1e+
-
+
e10
--2
1e+
--2
+
--2
--2
++1
1e-
1e-
abc
000.e
1e+
++1
.
1e-
+
abc
e10
1e
-
-
-
++1
abc
abc
0e
1e
1ee2
1e-
+
e10
1e
1ee2
.
++1
e10
.
--2
e10
1e
--2
+
1.2.3
000.e
1e+
--2
abc
0e
1e+
0e
e10
0e
1e-
1e-
++1
1e
++1
0e
-
1.2.3
abc
abc
-
++1
++1
--2
1e-
++1
abc
++1
1e+
e10
.
.
1e
+
1.2.3
.
+
0e
.
.
000.e
+
--2
1e
000.e
.
1.2.3
000.e
+
-
abc
e10
1e
e10
abc
-
--2
1ee2
.
-
.
1.2.3
abc
1e
++1
e10
0e
1e-
1e
1e-
000.e
1.2.3
1e-
000.e
e10
1.2.3
++1
.
1e-
000.e
++1
--2
--2
1.2.3
1.2.3
000.e
1ee2
000.e
1.2.3
.
.
1e
1e-
-
1e
--2
000.e
1.2.3
1e
++1
1e
1ee2
abc
-
--2
0e
+
1ee2
abc
1e+
++1
.
1e+
+
1e-
1ee2
1e+
e10
000.e
.
abc
-
1e-
abc
1.2.3
abc
1e+
--2
+
e10
1e-
abc
0e
0e
+
0e
-
0e
.
e10
++1
1e
000.e
.
1ee2
1e-
abc
1e+
1e
0e
000.e
1.2.3
1e-
.
++1
abc
.
+
e10
1.2.3
abc
1ee2
1e+
1e
1ee2
1e-
1.2.3
--2
1ee2
1ee2
1e+
1.2.3
1e+
1e-
abc
+
--2
1e-
0e
e10
0e
0e
--2
1ee2
abc
1e-
1e+
.
1e-
000.e
.
1.2.3
-
+
-
abc
000.e
.
0e
.
1ee2
.
1ee2
++1
000.e
e10
0e
++1
e10
+
++1
1e
-
0e
1e-
abc
++1
000.e
+
1.2.3
1e-
1e+
abc
1.2.3
e10
1e+
--2
000.e
1e
1e
000.e
1e
--2
-
1e-
1ee2
--2
-
1ee2
--2
1e+
+
1e
1e
1e+
1.2.3
.
++1
-
+
++1
1ee2
000.e
000.e
1e-
0e
1e-
+
1ee2
1ee2
1e
.
+
+
abc
-
1ee2
+
++1
--2
1.2.3
-
0e
1ee2
1e
abc
000.e
.
0e
e10
abc
abc
1e
abc
e10
e10
1ee2
-
1.2.3
1e+
1ee2
.
.
+
-
1.2.3
+
++1
1.2.3
e10
--2
1e-
.
++1
.
e10
1e+
1.2.3
abc
1e
.
000.e
0e
e10
-
-
1e-
e10
1e
000.e
1e+
1.2.3
0e
000.e
-
0e
++1
.
.
1.2.3
+
0e
++1
.
-
.
abc
1e-
000.e
1.2.3
++1
++1
e10
000.e
abc
000.e
000.e
-
1e
.
1ee2
1e
abc
1.2.3
1.2.3
1e+
1e-
-
--2
.
1e
++1
1.2.3
.
1.2.3
--2
+
000.e
abc
1e+
-
e10
.
000.e
abc
-
e10
1.2.3
--2
-
++1
000.e
++1
-
--2
++1
1e
1e-
+
0e
abc
e10
+
1e-
0e
++1
e10
1e
1e-
1ee2
--2
000.e
1ee2
+
++1
e10
--2
1.2.3
--2
0e
1.2.3
abc
1.2.3
abc
--2
1.2.3
1.2.3
.
abc
++1
++1
e10
-
.
1e-
1ee2
-
000.e
e10
e10
--2
abc
1e-
.
000.e
0e
1e
+
000.e
e10
+
000.e
-
.
.
++1
--2
e10
0e
-
0e
abc
0e
-
abc
1e
.
++1
1ee2
1.2.3
++1
++1
.
abc
1.2.3
e10
++1
0e
e10
1.2.3
1e-
1e
000.e
1e
1.2.3
1ee2
1e
-
1e
1e-
000.e
1e-
1ee2
abc
0e
abc
-
+
000.e
000.e
1e
1ee2
1ee2
.
0e
1e+
1e
++1
1e-
--2
1e
-
000.e
1e
abc
abc
+
1e-
--2
.
1e-
1.2.3
000.e
1.2.3
0e
--2
--2
000.e
.
--2
1.2.3
1.2.3
++1
1ee2
++1
+
000.e
.
1e
-
--2
--2
e10
1e+
++1
-
abc
1e+
--2
+
000.e
1e
1.2.3
1e+
--2
++1
--2
0e
1ee2
-
000.e
1.2.3
e10
abc
1e+
.
1e
e10
++1
1.2.3
++1
000.e
000.e
-
1e-
abc
abc
.
e10
.
1e+
1e
1.2.3
e10
--2
.
abc
000.e
1ee2
-
+
--2
1e
1e
1.2.3
-
1.2.3
+
1ee2
e10
1e
-
.
+
e10
.
++1
000.e
1.2.3
--2
abc
abc
000.e
1.2.3
1.2.3
.
1e+
e10
-
++1
--2
--2
+
0e
1e+
1e-
-
1.2.3
1e+
1e+
0e
1ee2
.
--2
0e
abc
0e
000.e
abc
1e
1e+
+
0e
1e+
1ee2
0e
abc
++1
.
+
.
e10
1.2.3
1ee2
--2
1.2.3
1e+
0e
0e
1e-
0e
0e
abc
+
--2
abc
1e+
abc
abc
0e
e10
.
abc
e10
1.2.3
--2
1e+
--2
abc
abc
1e
000.e
.
+
abc
+
++1
abc
0e
+
e10
000.e
000.e
++1
1e+
--2
-
0e
000.e
000.e
1e+
0e
++1
-
0e
++1
+
e10
1e
1e+
1e+
1e
0e
e10
000.e
e10
.
e10
1ee2
0e
1e
+
-
-
e10
1e
0e
000.e
0e
abc
1.2.3
0e
--2
--2
1.2.3
.
1.2.3
--2
1e-
++1
+
1ee2
++1
--2
0e
1e
++1
e10
1e+
1ee2
1e
1e
1ee2
1e-
-
abc
1.2.3
1e+
1.2.3
1ee2
-
.
+
1.2.3
+
-
1e
1.2.3
000.e
1e-
1e+
1.2.3
.
1ee2
000.e
++1
++1
1e+
0e
1e-
0e
1.2.3
1e+
++1
-
++1
1e
++1
1e-
0e
--2
1e-
--2
--2
abc
1e-
1e
--2
1e
1e
1.2.3
abc
.
1ee2
000.e
++1
0e
e10
1ee2
++1
+
++1
1e
-
1e-
-
+
--2
1.2.3
1e+
1e
--2
1e-
1e
--2
1ee2
0e
1.2.3
1ee2
-
000.e
abc
abc
--2
abc
+
++1
abc
0e
abc
1e
e10
1e-
abc
1ee2
1e+
1e+
1.2.3
000.e
+
000.e
1e+
1.2.3
0e
0e
1e
abc
1e-
.
+
000.e
--2
0e
--2
000.e
1e+
-
1e-
1e
1e+
0e
1.2.3
0e
0e
--2
000.e
--2
1ee2
.
0e
000.e
-
--2
1e+
1ee2
1e+
+
1e-
0e
1.2.3
abc
1e-
.
abc
1e-
000.e
1ee2
000.e
1e
--2
+
1.2.3
1e-
--2
+
1e
1.2.3
1e-
1.2.3
abc
1e+
000.e
+
1.2.3
+
++1
++1
+
000.e
e10
-
--2
.
abc
.
++1
e10
abc
1e
000.e
.
e10
0e
0e
1.2.3
++1
1e+
++1
+
--2
1e-
1.2.3
000.e
+
1.2.3
1.2.3
e10
e10
0e
1.2.3
++1
e10
1ee2
1.2.3
++1
1e
--2
000.e
+
e10
++1
--2
0e
1e+
e10
0e
e10
--2
1e+
++1
.
abc
abc
-
000.e
1ee2
1e+
1ee2
--2
++1
1.2.3
-
--2
0e
1.2.3
-
0e
-
000.e
1e
0e
000.e
1.2.3
e10
+
.
e10
--2
1e-
0e
1e+
-
e10
abc
-
0e
++1
e10
1e
.
1e-
1ee2
-
--2
1.2.3
1.2.3
--2
1.2.3
+
-
000.e
++1
1.2.3
1.2.3
--2
+
0e
e10
1e-
e10
.
1e-
-
abc
--2
++1
1.2.3
1.2.3
1.2.3
1e-
000.e
000.e
e10
1e-
-
.
1e+
000.e
1e+
e10
e10
+
0e
000.e
1e+
++1
1.2.3
abc
1e+
1e
.
1e+
0e
000.e
1ee2
abc
abc
000.e
1.2.3
--2
.
--2
-
+
1ee2
+
.
e10
abc
++1
0e
-
+
000.e
--2
++1
000.e
1.2.3
0e
e10
+
++1
1.2.3
-
000.e
1e
0e
e10
++1
0e
1ee2
1ee2
0e
.
--2
e10
1e+
-
1e
+
+
+
1ee2
++1
000.e
1e
1.2.3
1e
1e
.
1e-
000.e
--2
++1
1.2.3
--2
1.2.3
1e
1.2.3
abc
++1
-
e10
1e+
1e
1.2.3
1e+
000.e
000.e
.
1.2.3
0e
abc
1e-
e10
1ee2
0e
++1
1.2.3
+
1ee2
e10
+
.
1.2.3
1.2.3
-
1e
--2
--2
++1
abc
000.e
1e-
e10
.
0e
-
+
-
-
-
1ee2
-
1e+
--2
.
000.e
abc
000.e
.
-
abc
.
abc
1ee2
1e+
0e
++1
++1
000.e
1e-
--2
1e+
0e
1e
+
abc
0e
1e-
000.e
.
++1
1ee2
1e+
1e
-
1e+
abc
1e-
000.e
+
1e-
.
--2
-
1.2.3
-
000.e
.
1e-
1e
1e+
+
1e+
-
1e+
1e-
1.2.3
000.e
000.e
1e-
1e-
abc
-
0e
e10
.
1e-
000.e
abc
.
--2
0e
.
.
-
1.2.3
--2
++1
1.2.3
1e
+
1e-
--2
.
e10
--2
+
.
+
000.e
1.2.3
abc
-
.
1e+
1e+
++1
-
1e-
e10
--2
1.2.3
++1
+
--2
1e+
1ee2
1e+
--2
1e
+
e10
+
-
1e+
++1
--2
abc
1e-
1e+
--2
1e+
1.2.3
e10
1e+
1e+
1ee2
1.2.3
--2
1e+
+
000.e
1e+
e10
1ee2
000.e
1e-
.
.
1e-
+
+
abc
++1
e10
.
+
1.2.3
1e-
000.e
--2
1e-
abc
+
--2
1ee2
1e-
1e-
+
1e+
abc
+
1e-
1ee2
.
++1
--2
-
+
0e
1e
.
1e+
abc
++1
-
--2
-
++1
1e-
+
++1
1ee2
1e
abc
1.2.3
1e+
1e+
.
+
.
.
1ee2
.
0e
-
1ee2
.
-
1e
1e-
1ee2
+
.
abc
1ee2
++1
1ee2
abc
e10
--2
1e
e10
1e-
-
++1
++1
1e-
1ee2
000.e
1ee2
e10
0e
0e
1ee2
1e
.
e10
+
1ee2
e10
--2
0e
1.2.3
1e
000.e
abc
0e
1e
1e
+
-
1e-
abc
000.e
+
e10
1.2.3
0e
1ee2
++1
1e-
000.e
.
0e
1e
abc
+
e10
000.e
+
0e
000.e
1e
1e
1e+
1e-
-
000.e
1ee2
1e+
1e+
0e
0e
abc
1ee2
000.e
1e-
1.2.3
-
.
abc
000.e
++1
1.2.3
1e
1e+
1e-
1.2.3
0e
0e
1ee2
-
1.2.3
abc
1e-
++1
1ee2
++1
0e
1e-
.
abc
1.2.3
++1
1.2.3
e10
0e
++1
+
e10
abc
e10
e10
abc
--2
.
0e
1e-
abc
-
-
1.2.3
1e-
1e-
++1
1.2.3
-
1ee2
1ee2
abc
0e
e10
0e
--2
e10
++1
e10
+
0e
000.e
1.2.3
1e
abc
+
1e+
1e+
.
1e
1.2.3
abc
1ee2
1.2.3
1e-
-
1e-
+
e10
1ee2
0e
+
.
+
.
1.2.3
000.e
1.2.3
abc
.
.
e10
abc
1e
abc
e10
-
-
-
+
++1
--2
+
0e
-
1e+
1e
1e+
000.e
--2
-
--2
++1
1ee2
1e
e10
+
1e+
1ee2
1e+
e10
e10
1.2.3
++1
+
1e+
1.2.3
++1
1e
+
++1
1e+
1e
+
++1
abc
e10
1e+
-
000.e
abc
0e
1e-
1e
1ee2
--2
e10
000.e
1e+
1e-
--2
+
1e-
--2
abc
-
0e
1e+
1ee2
1ee2
.
1e
1.2.3
-
1.2.3
abc
++1
1ee2
+
++1
+
0e
000.e
0e
abc
1e
0e
1e
1.2.3
1e+
1.2.3
1e-
--2
+
++1
1e
+
+
+
0e
+
1ee2
-
-
-
1e
1e-
-
0e
+
1.2.3
1e-
++1
000.e
0e
1ee2
abc
1e-
000.e
1e+
++1
++1
1e
.
1e-
1e
-
1e+
--2
000.e
.
--2
++1
+
1ee2
e10
0e
++1
1e
++1
000.e
+
1e-
1e-
1ee2
0e
abc
abc
abc
abc
+
1e+
.
000.e
1e
1e
++1
0e
e10
++1
+
--2
.
-
0e
e10
1e
+
+
1e+
e10
++1
1.2.3
++1
1e-
1e+
0e
1e
1e
1e+
000.e
1e-
++1
.
-
+
.
abc
+
1.2.3
abc
+
e10
++1
+
0e
--2
.
abc
+
1e+
1.2.3
1e+
000.e
+
--2
e10
000.e
1e+
+
abc
1e
1e+
.
+
--2
-
+
1.2.3
1e
1ee2
000.e
0e
1e
1ee2
0e
000.e
+
0e
1ee2
.
000.e
1ee2
.
0e
1e
.
abc
--2
abc
1e+
0e
000.e
1ee2
1ee2
0e
++1
0e
0e
1.2.3
-
1.2.3
+
1e+
1e+
1e
++1
-
1e-
e10
--2
-
e10
1e
-
.
abc
0e
++1
1.2.3
+
--2
1.2.3
++1
1.2.3
0e
abc
1e
1e+
000.e
1e-
0e
--2
1e+
1.2.3
++1
++1
1e+
e10
1e
1e
e10
1ee2
abc
1ee2
--2
000.e
e10
-
1.2.3
000.e
1e+
.
1e-
1e-
1.2.3
.
1e+
e10
1e-
000.e
-
+
1e-
1.2.3
e10
-
000.e
e10
1e+
--2
--2
000.e
1.2.3
1ee2
000.e
1ee2
1ee2
++1
0e
1e
e10
.
0e
.
1e+
1e-
1e+
--2
e10
0e
1e-
+
1e
+
1e-
.
1.2.3
1e
1e
e10
1e-
1e+
000.e
--2
--2
1.2.3
1.2.3
1ee2
1.2.3
e10
-
++1
1.2.3
0e
abc
0e
--2
abc
.
1e-
1.2.3
+
0e
-
1ee2
.
1e
1ee2
1e+
1e
1e-
--2
--2
+
1e-
.
abc
1e
abc
+
+
.
++1
.
--2
+
-
+
1ee2
000.e
1e+
e10
.
1e
++1
1ee2
++1
1e+
++1
--2
--2
1e-
abc
1.2.3
.
1e
1e
000.e
1e
1.2.3
1e-
--2
--2
abc
1e
1ee2
1ee2
1e
+
000.e
1e
1ee2
1e
++1
1.2.3
--2
e10
000.e
0e
1e+
1e+
-
1ee2
abc
+
1e
abc
1ee2
+
1e
--2
e10
1e
1ee2
--2
+
1e+
1e-
++1
1e-
1e-
000.e
1e-
.
++1
0e
--2
-
1ee2
e10
--2
000.e
000.e
e10
000.e
e10
++1
0e
--2
1ee2
+
abc
e10
1e+
e10
++1
1e
.
++1
++1
1.2.3
-
++1
1e+
000.e
abc
1e-
--2
1.2.3
0e
0e
++1
1e
1e
e10
1ee2
000.e
1ee2
abc
0e
abc
1e
000.e
-
1e-
abc
-
--2
000.e
1ee2
abc
1e-
1e-
++1
000.e
1e
1e+
-
1ee2
++1
+
1e-
1e
.
1.2.3
--2
abc
abc
+
++1
--2
-
++1
1e
000.e
1ee2
0e
++1
1.2.3
1e
e10
++1
-
000.e
e10
.
1e+
+
1e-
--2
.
+
--2
--2
1e-
++1
000.e
e10
1ee2
1e+
+
.
1e
1.2.3
--2
1e-
0e
+
1e
1e+
1.2.3
+
000.e
e10
1e-
-
.
1e+
1.2.3
.
+
.
1e+
0e
-
abc
1e+
000.e
-
e10
1e-
++1
000.e
0e
1e+
000.e
1e+
e10
1.2.3
1ee2
e10
++1
000.e
000.e
+
--2
+
+
++1
--2
1ee2
000.e
abc
1.2.3
1e+
.
1e
1e-
1e+
1e-
1.2.3
1e-
1e-
--2
1e
abc
1e+
-
1e+
-
1e
abc
1e-
-
abc
1ee2
1e
.
-
1ee2
1e
-
1.2.3
1e
000.e
1.2.3
1ee2
e10
1ee2
1e+
abc
0e
abc
.
-
1e+
-
1ee2
-
1.2.3
-
1ee2
.
-
+
++1
++1
--2
+
e10
1ee2
+
0e
.
1e
-
+
1e-
abc
-
1e+
1e+
+
--2
1e
1ee2
abc
+
--2
0e
abc
0e
1e
1e-
0e
--2
1e-
1e-
++1
1e
1.2.3
.
.
1ee2
0e
000.e
++1
1e-
.
0e
1.2.3
000.e
1ee2
+
1e-
++1
0e
.
.
1e-
1.2.3
e10
000.e
.
1.2.3
abc
000.e
1e+
1e-
1.2.3
1e+
1.2.3
1e-
--2
abc
++1
abc
e10
--2
-
--2
1e-
+
.
0e
e10
--2
--2
--2
++1
++1
--2
.
.
--2
0e
e10
000.e
abc
1ee2
000.e
000.e
abc
1e-
1.2.3
1e-
1e-
++1
1e-
--2
0e
1e+
e10
.
0e
1e
1e+
--2
abc
abc
1e-
1e-
1e+
abc
-
--2
1e+
1e
1ee2
+
1e-
-
+
e10
1e-
-
.
abc
1e-
0e
.
--2
+
1ee2
1.2.3
-
0e
1ee2
0e
1e-
e10
abc
1e-
+
-
-
.
abc
abc
+
++1
--2
abc
0e
000.e
1ee2
1e-
1e+
.
-
1e-
abc
0e
abc
000.e
1e-
000.e
1e
-
--2
.
1.2.3
000.e
.
1e+
1e
+
0e
000.e
abc
1e
1.2.3
1e
+
1.2.3
.
000.e
1e+
.
.
1ee2
-
+
1.2.3
1e+
--2
1.2.3
1e-
.
abc
1e+
0e
.
1e-
+
-
1.2.3
--2
e10
abc
+
1e-
1.2.3
1e-
1e-
+
1e+
.
e10
1e
e10
1e
0e
.
1e-
--2
000.e
1e+
1e-
.
000.e
1.2.3
-
1ee2
1e
1.2.3
1.2.3
1.2.3
1.2.3
e10
++1
++1
e10
-
1e-
--2
1e
000.e
+
+
abc
1e-
1e-
+
-
1e+
000.e
--2
1e-
abc
--2
e10
++1
1e-
-
1ee2
.
++1
.
000.e
1e-
1ee2
+
++1
1e+
abc
1.2.3
++1
.
1e+
.
-
000.e
.
1e-
--2
1.2.3
+
.
1e+
1ee2
abc
1e
000.e
1e
+
--2
000.e
000.e
1.2.3
1e
-
0e
abc
.
e10
.
1e+
e10
1e
--2
.
1e+
1e-
e10
000.e
--2
1ee2
--2
abc
e10
1.2.3
e10
1.2.3
1e
1ee2
000.e
.
1e+
1.2.3
++1
1e
.
1.2.3
1e-
1e+
abc
.
1ee2
1e+
++1
+
abc
.
1e+
.
.
+
000.e
++1
abc
-
1.2.3
1e-
.
-
+
+
1ee2
++1
.
1e+
++1
1e+
1ee2
--2
-
++1
000.e
1e-
1e-
.
1ee2
1e
abc
1e
000.e
0e
e10
abc
-
1.2.3
0e
1e+
1.2.3
-
e10
-
1ee2
e10
--2
.
e10
1.2.3
++1
.
000.e
1e-
1e+
1ee2
1e+
1e
++1
++1
1e-
--2
1.2.3
1e
1e+
e10
1e+
.
--2
1e+
0e
1e
1.2.3
0e
+
--2
1.2.3
--2
-
--2
000.e
1.2.3
1e
1e+
abc
--2
--2
000.e
1.2.3
1.2.3
1e+
1e
e10
0e
1ee2
1e+
.
abc
e10
1ee2
0e
-
--2
000.e
1.2.3
0e
1e+
abc
1ee2
1.2.3
1e-
1ee2
1e+
1ee2
.
1e
.
000.e
000.e
.
abc
-
1.2.3
-
++1
abc
1e-
+
1ee2
++1
1e
1e-
e10
1.2.3
1.2.3
0e
+
abc
1.2.3
+
1e
++1
000.e
-
e10
e10
0e
.
000.e
abc
1ee2
1e
+
0e
-
1e
.
e10
0e
.
e10
0e
1e-
1e-
1e-
000.e
++1
.
++1
1.2.3
1ee2
1e
0e
1.2.3
--2
1e-
1e+
0e
1ee2
0e
abc
abc
.
0e
abc
1ee2
.
abc
.
e10
abc
1e+
--2
.
1.2.3
.
abc
000.e
1e+
.
--2
1.2.3
1e
abc
1e
abc
1.2.3
1e-
1e+
e10
+
1e
-
1.2.3
.
--2
++1
1e
000.e
-
1e-
1ee2
.
1.2.3
1e
.
1e-
++1
abc
1e
.
abc
--2
--2
+
-
abc
1e
1e+
abc
000.e
--2
--2
1.2.3
1ee2
+
--2
1e+
1e+
0e
e10
++1
1.2.3
-
--2
e10
1ee2
abc
abc
0e
1e+
1e-
++1
1.2.3
1e
--2
1e+
1e+
000.e
1.2.3
abc
abc
++1
e10
000.e
1.2.3
.
0e
abc
1ee2
1e-
--2
--2
1ee2
+
1e
1.2.3
abc
1e+
1e+
0e
1e-
1.2.3
1e
--2
abc
+
1ee2
+
e10
+
e10
-
1ee2
-
0e
0e
000.e
abc
.
000.e
+
-
-
e10
abc
1e
1e+
1e
1e
--2
1e+
1e-
-
0e
1.2.3
+
1e+
000.e
e10
++1
1e-
e10
abc
.
0e
1e-
-
1e-
1ee2
--2
1ee2
+
1e+
1e-
.
1.2.3
0e
0e
--2
-
1e
-
-
--2
1e
000.e
1e+
++1
1e+
1e
1e+
1e
e10
1ee2
1e-
++1
.
-
1.2.3
1ee2
1e-
++1
1e
1e-
abc
abc
0e
0e
abc
1e
1ee2
--2
1e-
e10
.
1ee2
0e
.
.
+
e10
1ee2
1e-
--2
+
--2
-
000.e
1.2.3
1e+
1e-
1e
1ee2
1e
1e
1e
1e+
1.2.3
000.e
--2
000.e
000.e
1e
000.e
1e
1e
-
.
1e
abc
abc
.
000.e
+
.
0e
1.2.3
1ee2
1e
++1
000.e
1e
000.e
1.2.3
1e
+
1e
e10
+
1ee2
.
--2
-
1.2.3
-
-
1e+
1e
-
-
1e
++1
++1
++1
000.e
000.e
--2
-
0e
000.e
--2
.
.
1.2.3
-
1e
-
-
.
1.2.3
--2
1e+
e10
1e-
e10
++1
--2
1e
1e-
++1
1.2.3
000.e
1.2.3
1e+
-
1ee2
e10
abc
--2
0e
1ee2
1e-
1e
000.e
1e+
1.2.3
1e
e10
++1
1e-
1ee2
e10
1e-
--2
1ee2
1ee2
1e
e10
1e
-
--2
++1
1.2.3
1.2.3
-
0e
1e
-
1.2.3
-
1.2.3
++1
1e-
--2
000.e
abc
1e
++1
1.2.3
--2
1e
1.2.3
0e
1e
1e
--2
1e
0e
1.2.3
0e
abc
1e+
1ee2
+
.
-
1.2.3
abc
1e
1.2.3
1e-
1ee2
e10
.
.
000.e
000.e
000.e
abc
1e-
abc
-
--2
0e
--2
1.2.3
000.e
--2
++1
+
e10
++1
.
1ee2
1e+
-
0e
0e
1ee2
1e+
--2
e10
abc
.
000.e
1ee2
1e
--2
+
1e-
1ee2
--2
1e-
.
1e+
abc
1e
1e-
1.2.3
e10
1.2.3
-
.
1.2.3
+
1e
-
-
1e+
1e+
1e
1e+
1.2.3
--2
++1
+
1ee2
1e+
abc
-
+
e10
.
-
e10
-
-
0e
1e-
abc
1e
1.2.3
1e+
+
--2
abc
--2
abc
.
++1
1e+
1e
e10
-
000.e
1.2.3
1ee2
1e+
-
1ee2
000.e
abc
abc
1e
1.2.3
.
+
-
abc
1ee2
++1
0e
1.2.3
+
1e+
abc
e10
.
abc
-
1e-
+
.
1ee2
1.2.3
000.e
000.e
++1
1.2.3
1ee2
-
++1
.
1.2.3
abc
--2
++1
0e
--2
e10
++1
1ee2
1e+
1.2.3
abc
0e
1e+
1.2.3
+
+
e10
+
-
.
1ee2
000.e
1e
e10
000.e
000.e
++1
--2
1e-
+
e10
e10
.
1e-
--2
1e
--2
--2
++1
--2
1e+
e10
+
000.e
++1
1ee2
0e
+
.
000.e
--2
1e
1e
1.2.3
1e-
1.2.3
1e+
0e
e10
+
++1
1ee2
1e
abc
.
abc
e10
abc
abc
-
++1
1.2.3
e10
--2
e10
1ee2
000.e
--2
1e+
000.e
000.e
000.e
000.e
1.2.3
1e+
abc
+
1e
000.e
1.2.3
000.e
++1
++1
-
0e
e10
1ee2
1e-
1e
0e
.
--2
0e
1e
1e-
++1
abc
0e
1e
.
--2
1e+
0e
1e+
+
1.2.3
+
0e
1ee2
000.e
1ee2
1.2.3
1e
++1
000.e
1.2.3
.
1.2.3
abc
1e+
1e+
1e-
000.e
abc
1e
1e-
-
1e+
.
e10
0e
1e+
1e
abc
++1
1e+
0e
1ee2
1e+
1ee2
+
000.e
e10
+
1e+
1e
1e
0e
.
000.e
++1
1ee2
e10
0e
1e
000.e
+
1e
0e
abc
1ee2
.
1e+
+
000.e
1e+
.
e10
e10
++1
0e
.
0e
000.e
-
0e
1e
-
+
+
--2
1.2.3
1.2.3
e10
1.2.3
1e-
000.e
+
0e
1.2.3
+
abc
1ee2
1e-
1e-
1e
000.e
-
1.2.3
+
abc
1.2.3
1e
abc
-
-
1ee2
1.2.3
0e
--2
+
-
1e-
.
++1
abc
.
1e
1e
1.2.3
1e-
--2
0e
1.2.3
1.2.3
1e-
+
1e+
0e
.
1e
1e
1e-
1ee2
1ee2
.
1e
1e
+
1e+
1.2.3
e10
+
1ee2
.
++1
1e
1e
1e-
1e+
1e-
-
1e+
1.2.3
0e
0e
-
++1
-
1ee2
++1
e10
1.2.3
000.e
1.2.3
1ee2
1e
1.2.3
000.e
abc
0e
1e
++1
1.2.3
1.2.3
.
1e+
1e+
0e
1e+
000.e
.
000.e
1e+
e10
1.2.3
1e
1e+
abc
.
0e
--2
-
1e+
.
-
+
e10
abc
1ee2
-
+
.
1e+
1e-
1.2.3
1.2.3
e10
e10
1e-
abc
1.2.3
++1
000.e
0e
e10
000.e
0e
-
abc
e10
e10
+
abc
000.e
-
0e
-
000.e
1e
0e
--2
1e+
1e+
.
.
++1
+
--2
1e
++1
-
e10
.
-
--2
abc
abc
abc
1e+
1ee2
--2
000.e
1e-
e10
1e
-
abc
1.2.3
0e
1.2.3
.
abc
1e-
1ee2
--2
1e
1.2.3
.
--2
+
e10
++1
0e
1e+
-
-
1e+
000.e
-
1e
--2
--2
+
--2
-
1e-
-
1e-
1e-
++1
1e-
1ee2
1e+
.
1e
-
++1
--2
1e-
e10
1e+
1e+
1e
e10
++1
abc
e10
1e-
abc
1e+
0e
1ee2
+
--2
0e
-
1e-
++1
e10
000.e
--2
1.2.3
1.2.3
1.2.3
1.2.3
0e
++1
1e-
+
-
+
--2
0e
+
abc
1e+
e10
1e-
1e+
1ee2
.
abc
1e
.
-
--2
1ee2
abc
1e-
1ee2
1.2.3
-
abc
.
1e-
0e
+
.
1e+
000.e
1.2.3
+
1e-
1ee2
1.2.3
++1
.
+
000.e
e10
1e
000.e
abc
000.e
.
1e+
++1
1ee2
1ee2
1e-
abc
--2
1ee2
--2
+
e10
1e
--2
--2
1e+
1e-
1e
++1
-
000.e
+
+
.
1ee2
1.2.3
000.e
1e+
e10
0e
1e+
++1
abc
1e+
1e
++1
1e+
--2
1ee2
++1
0e
+
++1
1e+
1e
.
1e+
+
000.e
.
000.e
-
.
1e
0e
+
1.2.3
1e
0e
0e
++1
0e
-
0e
1e
++1
1.2.3
1.2.3
-
000.e
1ee2
e10
1ee2
++1
.
1e
abc
e10
1e
1e+
1e+
1.2.3
--2
+
1e+
abc
-
-
1e+
1e
1e
000.e
abc
e10
e10
abc
abc
1ee2
1e-
1.2.3
1e+
abc
1.2.3
++1
.
abc
1.2.3
+
1e-
abc
000.e
e10
-
+
abc
.
1e+
0e
e10
1e-
000.e
0e
abc
000.e
--2
--2
0e
abc
.
.
1e+
--2
.
1e+
++1
1e
1.2.3
+
000.e
-
+
1e-
1e-
++1
--2
-
--2
1ee2
++1
e10
1ee2
1.2.3
0e
1ee2
1.2.3
+
--2
1e+
1e
abc
abc
1.2.3
abc
1e
.
000.e
0e
e10
e10
1ee2
-
-
e10
1ee2
++1
1e+
1e-
abc
--2
000.e
1.2.3
1ee2
1.2.3
+
0e
1.2.3
1e
+
.
++1
-
1.2.3
++1
1.2.3
+
1e-
0e
1e+
e10
e10
--2
000.e
e10
1.2.3
1.2.3
e10
1e-
-
0e
e10
e10
+
+
.
++1
++1
1e+
0e
1.2.3
++1
--2
1e-
e10
+
0e
abc
1e-
++1
abc
++1
1e+
1e
+
e10
abc
1e-
1.2.3
+
+
-
1.2.3
1ee2
-
000.e
++1
1e+
++1
-
+
--2
.
1e+
++1
1e+
1e+
+
1.2.3
0e
1.2.3
--2
1ee2
e10
-
.
e10
abc
--2
1.2.3
++1
abc
.
.
+
1e+
-
1e-
000.e
--2
0e
+
1.2.3
1e-
++1
1ee2
1ee2
1e+
-
1e-
1.2.3
1e+
000.e
0e
000.e
1e+
1ee2
0e
1ee2
0e
e10
e10
e10
-
.
000.e
+
-
1e-
1.2.3
1e
1e-
1ee2
1ee2
.
+
1e+
--2
++1
abc
-
--2
--2
1e
1ee2
abc
1ee2
-
abc
-
1ee2
1e
.
--2
.
--2
+
-
1e
1e+
abc
++1
0e
1.2.3
1e
1e+
++1
1e
1e
000.e
abc
abc
--2
--2
e10
1ee2
.
abc
--2
++1
-
--2
0e
1.2.3
e10
-
000.e
1e+
abc
+
abc
0e
e10
++1
000.e
1.2.3
1e+
0e
1.2.3
-
0e
++1
++1
--2
0e
1e-
e10
1ee2
.
1e
000.e
.
1e+
--2
1e
1ee2
0e
abc
-
1e-
1e
0e
e10
1e
++1
000.e
1ee2
-
-
--2
+
1e+
1e-
e10
-
e10
1.2.3
abc
0e
--2
1ee2
1.2.3
+
1e
1ee2
1e-
1e-
0e
000.e
000.e
--2
1.2.3
.
1e-
1e+
+
1e-
1e
1e
++1
e10
e10
1e
--2
1e
1.2.3
000.e
1ee2
1ee2
.
.
+
-
e10
1e
+
1e
++1
000.e
e10
e10
1e-
000.e
--2
1e
1.2.3
e10
1.2.3
.
1ee2
++1
e10
-
1.2.3
--2
1e-
0e
1e+
1.2.3
++1
1.2.3
--2
++1
+
+
1e-
-
000.e
.
abc
e10
1ee2
000.e
-
--2
0e
.
000.e
abc
+
000.e
++1
e10
+
.
000.e
++1
1e-
1e+
1e
1e
000.e
1e
abc
0e
1e+
1e-
--2
1e
e10
-
++1
.
1ee2
0e
1e+
0e
abc
000.e
1e+
-
000.e
1e+
.
1.2.3
+
abc
abc
1.2.3
.
1e-
e10
e10
000.e
1.2.3
000.e
1ee2
000.e
.
1ee2
abc
.
++1
.
1e-
+
1e+
++1
1.2.3
e10
abc
0e
0e
1e+
.
e10
abc
--2
1e
1e+
--2
.
1e-
--2
e10
.
-
.
1e+
1e+
abc
1.2.3
1.2.3
e10
-
--2
000.e
++1
--2
1e+
--2
+
1e-
1ee2
--2
+
.
-
0e
+
1e
-
1.2.3
1ee2
++1
+
e10
0e
-
1e
1e+
1.2.3
e10
e10
abc
1ee2
abc
1e+
000.e
1e
-
++1
1e
--2
1e
.
-
0e
abc
0e
.
++1
++1
1ee2
1ee2
-
1e
1e-
abc
abc
.
1ee2
e10
.
+
0e
000.e
e10
1e+
abc
.
.
1.2.3
+
e10
000.e
.
1.2.3
abc
++1
1e-
000.e
1e+
++1
abc
1e+
000.e
1.2.3
--2
e10
+
000.e
abc
.
1e+
1e-
1e
0e
1e-
000.e
e10
1e-
1e-
1e
1e+
e10
++1
.
1e+
--2
000.e
--2
0e
000.e
1.2.3
-
-
1e+
1e+
1e
-
1.2.3
1e+
1e-
--2
-
abc
abc
000.e
++1
++1
000.e
+
-
1e+
1e
--2
0e
1e-
+
0e
1e-
-
abc
1ee2
1ee2
000.e
++1
+
.
e10
+
.
abc
1ee2
1e+
-
1e
1e
e10
-
000.e
1ee2
++1
1e
1.2.3
abc
.
.
++1
1e-
000.e
1e-
1ee2
1e-
1ee2
1e-
+
1e
000.e
-
0e
1.2.3
1e
abc
1e-
--2
.
1e-
000.e
--2
--2
abc
1e+
++1
0e
e10
1e+
000.e
0e
1e+
1e+
1ee2
1.2.3
-
1e
0e
.
+
+
0e
--2
1ee2
++1
1.2.3
000.e
++1
.
.
++1
-
e10
-
1.2.3
--2
0e
.
abc
1e
0e
1ee2
+
++1
1.2.3
1e+
e10
1e+
--2
1e
1.2.3
1e+
+
1e
-
++1
.
1.2.3
abc
--2
e10
e10
1ee2
1ee2
abc
+
+
--2
1ee2
1e-
1e
.
1.2.3
1.2.3
-
-
1e
e10
--2
-
1e+
1ee2
e10
abc
1ee2
000.e
0e
1e-
0e
--2
1.2.3
-
0e
-
1e+
-
--2
e10
++1
e10
.
1e-
000.e
1ee2
1e
--2
1e
1.2.3
1ee2
e10
+
1.2.3
++1
.
.
.
0e
++1
000.e
++1
++1
abc
+
++1
++1
000.e
1ee2
0e
--2
e10
1ee2
e10
1e
0e
1e+
-
1e+
.
++1
+
e10
000.e
--2
.
-
000.e
0e
1e-
0e
1.2.3
.
000.e
1e+
++1
1e-
-
.
++1
--2
1e
.
abc
+
abc
e10
++1
1e
1e-
000.e
e10
abc
1e-
1e-
.
1.2.3
1e+
000.e
abc
000.e
--2
1ee2
abc
1e+
1.2.3
1e
-
e10
e10
0e
+
1.2.3
++1
1ee2
--2
0e
--2
-
1ee2
1.2.3
000.e
1ee2
++1
+
.
1e+
1ee2
1.2.3
-
000.e
000.e
.
1e+
1e-
1ee2
1e+
+
-
000.e
1.2.3
1e-
1ee2
abc
000.e
1e-
abc
1.2.3
000.e
--2
-
1e
1ee2
--2
e10
--2
1.2.3
1e
1e+
1e-
000.e
1e-
1e-
1ee2
1.2.3
+
-
1e-
+
000.e
1e+
1.2.3
.
0e
0e
1e-
000.e
--2
1.2.3
000.e
1.2.3
1.2.3
abc
e10
--2
abc
1ee2
1e+
1.2.3
1ee2
1e+
+
1ee2
1.2.3
e10
+
++1
+
000.e
+
+
--2
+
1.2.3
1.2.3
+
000.e
1ee2
000.e
.
e10
abc
0e
0e
1e
1e+
1.2.3
1e
1e+
++1
1ee2
0e
1e+
e10
1e
-
.
++1
1e+
+
1e
0e
1.2.3
++1
1e
+
000.e
--2
1.2.3
000.e
++1
1e
+
abc
.
1ee2
1.2.3
abc
1e
1e+
.
1e
--2
+
.
1e-
.
--2
--2
++1
0e
1e-
--2
1e
e10
000.e
1e-
1e
--2
+
.
-
-
1e
1e
1e
abc
abc
++1
0e
1.2.3
--2
1ee2
1e-
++1
1e+
1e
++1
abc
1e
.
000.e
-
e10
1.2.3
1e+
abc
abc
abc
--2
++1
abc
.
-
-
1e
1.2.3
1e
--2
-
1.2.3
+
000.e
+
1.2.3
0e
1.2.3
1e
--2
.
--2
--2
abc
1e
1.2.3
1ee2
++1
+
.
1e
abc
abc
000.e
+
--2
0e
abc
1e+
1e-
1.2.3
1.2.3
.
++1
1e
-
1e-
1e
+
000.e
e10
1e+
1ee2
.
-
1.2.3
--2
1.2.3
000.e
1e-
.
0e
1e
0e
000.e
1e
1ee2
000.e
0e
1e-
++1
++1
1.2.3
1e
1.2.3
1e+
abc
.
--2
1.2.3
abc
0e
1ee2
+
--2
1e
e10
1e
-
1ee2
abc
000.e
0e
++1
000.e
e10
1e-
1e-
e10
1e-
0e
0e
--2
1e+
abc
1ee2
abc
1ee2
e10
000.e
--2
000.e
1e
-
1e+
--2
000.e
1.2.3
1.2.3
000.e
1e+
+
1ee2
+
0e
1e
e10
1e
1.2.3
++1
1e
1e+
1e-
-
++1
1e+
++1
+
000.e
000.e
1ee2
000.e
1e+
++1
+
.
1.2.3
0e
-
.
abc
1ee2
000.e
--2
++1
1e
1e
+
1e
-
+
++1
++1
1.2.3
abc
++1
+
1e-
1e
abc
1e+
1.2.3
--2
0e
-
+
1e
++1
abc
0e
1e
1e-
1e+
0e
0e
1e
1e
++1
e10
abc
.
1.2.3
1.2.3
1e+
1.2.3
+
++1
++1
.
abc
1e-
e10
+
.
1e-
1.2.3
1.2.3
++1
abc
+
e10
--2
1e+
1e
abc
e10
-
1e+
++1
0e
-
++1
-
1e
1.2.3
1e+
abc
-
-
--2
e10
1e+
1e
1e
e10
0e
1e-
++1
--2
+
e10
1.2.3
1e+
1e
e10
+
e10
1e-
1ee2
000.e
.
1.2.3
abc
000.e
000.e
1.2.3
+
++1
000.e
1.2.3
1ee2
1.2.3
.
.
000.e
1e-
e10
1e-
1e-
abc
-
1.2.3
000.e
--2
abc
1e
000.e
--2
.
1e-
1e-
1e
1e-
e10
000.e
.
.
+
--2
1ee2
-
0e
-
--2
1e+
abc
000.e
abc
+
abc
--2
1.2.3
0e
000.e
1e-
1e-
-
-
1ee2
--2
+
1ee2
0e
abc
1e
+
1e-
.
1ee2
0e
+
++1
1e-
--2
1.2.3
1e-
++1
1.2.3
++1
++1
+
000.e
.
1e
1e+
-
abc
++1
000.e
1.2.3
abc
++1
.
.
e10
+
1ee2
e10
1e+
1e+
000.e
1ee2
e10
.
1e+
1e
0e
1.2.3
-
.
1ee2
1e-
++1
1ee2
-
1e
000.e
+
+
1ee2
++1
--2
0e
e10
++1
abc
1e-
abc
e10
1e-
0e
000.e
.
.
1.2.3
abc
1e
e10
+
1e-
e10
e10
+
0e
1e+
1e
+
1ee2
1e+
--2
e10
0e
--2
0e
1.2.3
-
-
1.2.3
1e-
1e-
.
1.2.3
--2
.
--2
--2
e10
1e-
.
1e-
.
1e
1e+
1e+
1e+
1e+
.
.
+
1e+
1e
+
0e
1e-
.
000.e
1ee2
-
--2
1e+
1e+
1e+
++1
--2
000.e
abc
--2
.
abc
0e
e10
.
.
1e+
abc
1ee2
1e-
1.2.3
0e
+
abc
1e-
--2
0e
000.e
1ee2
1e-
-
abc
1e-
1e-
1e
--2
000.e
1e+
++1
-
-
000.e
0e
e10
000.e
++1
-
-
+
1ee2
0e
1e
1e
--2
.
.
0e
1e-
-
0e
++1
e10
1.2.3
1e-
000.e
+
1e-
abc
1.2.3
1e-
000.e
--2
e10
1e-
-
1e-
0e
1e
-
+
1e
0e
++1
1.2.3
1ee2
abc
1.2.3
e10
1.2.3
0e
1e-
+
000.e
000.e
+
e10
--2
1.2.3
--2
1e+
000.e
000.e
--2
+
1e-
000.e
abc
e10
1e-
-
0e
000.e
0e
1e+
--2
.
000.e
.
1e
1e
++1
.
+
.
0e
e10
e10
--2
1ee2
1.2.3
000.e
abc
1e+
000.e
abc
1e
1e
--2
abc
+
1ee2
--2
000.e
1e+
1.2.3
1ee2
1e-
1e-
1ee2
000.e
e10
1e-
000.e
+
0e
1e-
0e
000.e
e10
abc
+
.
1.2.3
e10
-
+
--2
1ee2
--2
1e-
1.2.3
+
.
e10
1e-
1ee2
1.2.3
++1
1e+
.
+
abc
abc
000.e
--2
1e-
1e
-
abc
0e
abc
++1
++1
0e
1.2.3
1ee2
.
1.2.3
.
1.2.3
+
1e
e10
1e
.
+
++1
1e
1e
0e
--2
--2
000.e
++1
000.e
1ee2
1e+
1ee2
e10
abc
1e-
abc
abc
1e+
0e
1e+
e10
1e+
++1
+
1e-
++1
-
e10
e10
abc
1e
1e-
--2
abc
1ee2
abc
1e+
-
1e+
.
1ee2
+
000.e
.
+
000.e
0e
0e
abc
e10
000.e
1.2.3
++1
000.e
1e+
1e+
-
+
1ee2
000.e
000.e
1.2.3
1e+
.
e10
000.e
1.2.3
1e+
abc
000.e
--2
1.2.3
0e
000.e
1e
+
--2
1e
--2
abc
e10
.
000.e
--2
--2
1e+
1e-
e10
++1
1e-
1ee2
1e-
+
1e+
abc
e10
.
.
++1
1e-
++1
-
.
+
+
++1
1ee2
0e
1e
-
000.e
000.e
1e
-
++1
1ee2
abc
--2
1e+
1e
000.e
0e
++1
1.2.3
1ee2
.
.
abc
000.e
000.e
.
0e
abc
0e
e10
abc
+
1e-
e10
--2
-
.
+
1e
0e
abc
1e
1e+
1e
abc
1e-
1e-
1e+
-
1e-
0e
000.e
abc
0e
-
000.e
-
.
1e
1e-
--2
++1
0e
e10
++1
++1
-
1.2.3
+
--2
1e-
1e+
1e-
1.2.3
-
abc
1e
1e-
.
1ee2
--2
000.e
1ee2
++1
1e
++1
1ee2
+
.
1e
--2
-
e10
.
0e
0e
1e-
--2
++1
e10
1ee2
000.e
1.2.3
1e
0e
0e
000.e
1e-
+
1ee2
1ee2
+
1e
000.e
0e
1.2.3
++1
-
1.2.3
1e-
0e
++1
1e-
1e+
++1
1ee2
1ee2
+
000.e
1e
000.e
1e-
abc
000.e
000.e
--2
1ee2
abc
e10
+
++1
abc
1e+
1e
.
1.2.3
000.e
e10
.
1e-
1e+
1.2.3
+
000.e
.
.
.
+
.
.
1e+
e10
1e
1.2.3
-
-
e10
.
0e
++1
1ee2
-
1ee2
++1
++1
1ee2
-
e10
1e+
1.2.3
e10
++1
1e
1e
000.e
+
1e+
e10
1e-
1ee2
1e-
-
1e+
-
++1
abc
1ee2
+
1e-
0e
000.e
1ee2
++1
++1
1e+
e10
+
e10
.
-
abc
abc
1e-
abc
++1
1e
-
1e+
abc
1.2.3
1e-
.
--2
1ee2
1e-
1e+
+
++1
1e
+
abc
1e+
1.2.3
1e+
+
+
1.2.3
1e+
1ee2
1e+
-
1e+
--2
.
1ee2
1e-
e10
++1
1e+
--2
e10
+
abc
abc
.
1e-
+
0e
000.e
1e
.
1.2.3
000.e
--2
1e+
1e
1e+
000.e
++1
e10
+
abc
--2
1e-
1.2.3
abc
1e+
000.e
1ee2
0e
1ee2
-
1e
.
0e
1e+
1ee2
1ee2
abc
-
0e
+
1e+
+
1.2.3
1e-
--2
1e
--2
1.2.3
.
0e
1ee2
000.e
0e
e10
-
--2
-
++1
1e-
--2
1e-
+
1e
--2
abc
--2
--2
1e
1e+
+
-
e10
1e-
1ee2
1ee2
+
1ee2
+
-
1ee2
000.e
1.2.3
abc
1e+
-
e10
1e-
++1
.
.
0e
1e
0e
1e-
.
.
1e-
000.e
1ee2
1ee2
abc
--2
++1
++1
e10
1.2.3
abc
0e
1ee2
1.2.3
.
1e-
++1
++1
+
1e-
1e+
1ee2
++1
e10
1.2.3
1e-
0e
1ee2
-
1e
000.e
e10
1.2.3
1.2.3
-
++1
1.2.3
1e+
e10
1e
1ee2
--2
.
--2
1e-
000.e
abc
.
1ee2
1e
1e-
-
1ee2
0e
--2
0e
abc
abc
1.2.3
--2
1.2.3
-
++1
0e
0e
+
++1
++1
1e
1e-
1e-
1e+
000.e
000.e
+
1.2.3
++1
-
1e+
.
1e-
-
1.2.3
+
++1
e10
1e
1ee2
.
1e
e10
1e
abc
1e-
1e+
1e
-
0e
1e
1ee2
1e-
1ee2
-
1e-
abc
++1
1ee2
e10
1e+
e10
.
1ee2
--2
0e
1e+
1e+
+
e10
.
0e
1e+
++1
000.e
1e+
1e-
1.2.3
-
1e
e10
1e+
1ee2
1.2.3
--2
1e
1e+
1e+
-
0e
-
+
000.e
1e
.
1ee2
e10
0e
-
1e
e10
--2
1e-
++1
-
1ee2
1e
++1
e10
0e
0e
1e
++1
1.2.3
abc
1e
--2
e10
1.2.3
000.e
000.e
.
1ee2
+
1ee2
1.2.3
0e
-
-
1e-
abc
1e+
--2
--2
abc
1e+
1e-
1.2.3
1e+
--2
1.2.3
.
1e-
-
++1
.
0e
.
1e
1.2.3
-
0e
1e
e10
--2
++1
.
--2
0e
000.e
1ee2
++1
e10
--2
--2
.
--2
abc
0e
-
abc
1ee2
.
1e-
000.e
+
.
.
e10
-
0e
.
1ee2
--2
000.e
--2
0e
1ee2
000.e
++1
1e
.
--2
1ee2
--2
1e
++1
000.e
1e+
+
e10
1ee2
--2
e10
e10
e10
1.2.3
--2
0e
.
1.2.3
0e
.
+
-
++1
1e-
+
1e+
+
1e-
0e
abc
abc
e10
1e-
abc
1e+
-
e10
1.2.3
1e-
.
abc
+
.
1e+
1e
1e-
1.2.3
-
e10
.
1ee2
1e
++1
--2
0e
++1
000.e
1ee2
000.e
1ee2
1e+
abc
1ee2
e10
1.2.3
000.e
1.2.3
1e+
++1
--2
1e-
+
1ee2
abc
.
+
++1
e10
+
-
1.2.3
1e+
1e+
1.2.3
-
.
.
1e-
++1
--2
++1
++1
abc
1e
--2
--2
1e-
1.2.3
0e
abc
+
1e
0e
-
abc
000.e
++1
000.e
.
1.2.3
.
+
.
abc
--2
0e
1e-
++1
e10
.
1e+
1.2.3
.
1e+
abc
1e+
1.2.3
000.e
1e
.
1e-
.
1e
1ee2
1ee2
1e+
+
0e
1e+
e10
1e
1e
.
-
0e
1e+
0e
1e
1e
1ee2
000.e
1e+
000.e
1e-
0e
e10
1e-
1e
e10
abc
1e
1e+
++1
1ee2
0e
000.e
.
--2
++1
++1
1e
1ee2
1e
1e
e10
1e
1e
+
0e
+
-
000.e
+
0e
1e-
.
1.2.3
000.e
--2
--2
.
.
-
1.2.3
--2
1e
-
-
e10
e10
0e
abc
++1
++1
abc
abc
abc
1.2.3
.
1ee2
1e+
1ee2
.
-
1.2.3
1e
abc
0e
1e-
1e+
000.e
e10
1e
--2
e10
1e
-
e10
+
1e-
000.e
--2
++1
1e-
1e
1e
e10
0e
++1
--2
0e
--2
+
e10
1ee2
000.e
0e
e10
0e
e10
0e
--2
1ee2
1e+
1e
++1
++1
--2
1.2.3
+
1e+
+
.
++1
++1
-
+
1e-
-
e10
1e
1e
1.2.3
abc
--2
e10
1ee2
++1
1e+
0e
1.2.3
+
+
e10
0e
1e
1e
+
.
+
abc
1e
1ee2
1e-
0e
.
-
.
0e
+
abc
e10
1e
0e
--2
1e+
--2
000.e
e10
1ee2
1e+
+
-
abc
-
0e
1e+
000.e
.
0e
1e
-
++1
1e-
1e+
.
1e-
0e
1e-
abc
++1
1e+
-
000.e
1.2.3
e10
1e
++1
--2
.
e10
--2
1e-
0e
e10
abc
++1
--2
abc
1e
e10
-
+
000.e
++1
--2
0e
e10
-
1e+
abc
e10
++1
1e
1e-
1ee2
000.e
abc
--2
1e+
-
1e
e10
1e
000.e
1e-
.
1e+
1ee2
1e-
e10
1e-
e10
1e
0e
000.e
e10
+
-
.
.
abc
.
1.2.3
--2
-
e10
abc
--2
0e
abc
1e
1.2.3
e10
1.2.3
1e+
--2
1e-
--2
.
1e+
000.e
++1
1e+
--2
e10
1ee2
-
.
1e-
abc
++1
--2
0e
+
e10
0e
1e+
1ee2
1ee2
1e
1e
e10
1e
.
1e-
.
1e-
.
++1
e10
000.e
1e+
1e+
++1
0e
--2
abc
.
e10
1e+
1e+
1.2.3
1e+
0e
e10
--2
1e
++1
e10
--2
abc
+
e10
1e
e10
++1
000.e
1e+
--2
000.e
e10
1ee2
--2
+
++1
abc
--2
+
000.e
.
1e-
1ee2
0e
000.e
--2
1e+
1e
1ee2
1e-
-
1e+
.
1.2.3
1e+
abc
.
++1
1e-
000.e
1e+
0e
+
.
000.e
++1
1e-
.
--2
abc
e10
+
0e
e10
--2
--2
1e
0e
1e-
++1
--2
+
000.e
1ee2
-
abc
1ee2
++1
.
.
000.e
.
1e-
1.2.3
abc
1e
000.e
++1
-
++1
.
1e+
abc
1e
1.2.3
--2
+
000.e
1e
1.2.3
abc
1.2.3
++1
abc
.
.
0e
+
0e
.
1e-
--2
+
--2
.
++1
000.e
e10
1e
+
--2
++1
++1
1e-
1e+
000.e
--2
--2
0e
1ee2
abc
-
+
1e
1.2.3
--2
++1
+
1e-
abc
abc
.
0e
-
1e
0e
e10
abc
-
000.e
1ee2
1e+
--2
--2
.
0e
-
e10
e10
1.2.3
-
1e+
e10
abc
1e-
1e+
+
.
--2
1ee2
1e-
1ee2
-
+
--2
++1
0e
.
.
000.e
1e-
1ee2
1e
.
++1
.
.
--2
.
++1
e10
000.e
abc
1.2.3
1e+
000.e
1ee2
1e
+
+
++1
++1
abc
1e
++1
1e
1e+
-
-
1.2.3
1e
0e
++1
1.2.3
1e-
-
1ee2
--2
1e+
1e
1.2.3
++1
--2
0e
--2
1ee2
1e+
1ee2
abc
1e+
++1
++1
e10
-
1e+
abc
1.2.3
--2
++1
++1
000.e
+
++1
000.e
e10
1e+
-
e10
abc
0e
-
abc
++1
.
.
1e+
--2
1.2.3
abc
-
-
0e
1ee2
1e+
1.2.3
abc
abc
1e+
+
1e
--2
-
1.2.3
abc
-
+
+
1e-
1ee2
--2
000.e
e10
1ee2
000.e
1e
1.2.3
000.e
000.e
+
1e
.
1.2.3
0e
1e-
1e+
.
++1
e10
++1
1ee2
1.2.3
--2
1e
-
1e+
000.e
++1
0e
1ee2
--2
--2
1ee2
+
1.2.3
0e
000.e
1.2.3
1.2.3
1.2.3
0e
abc
--2
++1
.
1ee2
1e+
1ee2
0e
1e+
.
1ee2
0e
000.e
++1
+
1e+
++1
.
++1
0e
000.e
abc
0e
1e
++1
.
+
0e
++1
1e+
-
000.e
1e+
-
0e
.
0e
1e-
1e+
1e-
1e+
000.e
-
+
+
000.e
abc
.
0e
1e-
1ee2
-
++1
--2
+
1e-
1.2.3
000.e
abc
--2
1.2.3
1.2.3
--2
.
e10
--2
e10
1e-
000.e
1e-
1e-
1e-
000.e
1.2.3
1ee2
.
e10
1e
0e
1e+
1e
0e
0e
1.2.3
e10
e10
1e
1.2.3
.
++1
--2
--2
-
1e
1e+
000.e
.
e10
000.e
--2
1ee2
1e-
000.e
1e
.
1e+
++1
1ee2
1.2.3
1ee2
0e
1.2.3
1e-
e10
e10
000.e
1e+
-
1e
1e+
1ee2
-
1e-
-
1e+
--2
1e
++1
1e+
.
1e-
++1
000.e
-
++1
1e
1e+
--2
-
1.2.3
1ee2
1e+
1e+
000.e
1e
000.e
000.e
1e-
1.2.3
0e
--2
abc
-
1ee2
0e
000.e
-
000.e
1e
++1
+
1e+
1e
1e+
--2
1ee2
e10
1ee2
1e+
abc
1.2.3
+
1e-
+
1e-
1e
0e
-
0e
1e+
1.2.3
-
--2
abc
1e
abc
000.e
000.e
+
000.e
1e+
1e-
++1
1ee2
1e-
1e+
1ee2
e10
1.2.3
--2
.
1e-
1e
-
0e
1e+
.
++1
0e
-
1e+
1.2.3
1.2.3
e10
e10
abc
000.e
e10
.
.
1.2.3
1e
-
+
.
1e-
1ee2
+
1e
1e+
--2
e10
0e
--2
.
-
1ee2
e10
e10
1e
-
e10
.
e10
1e
1e-
0e
-
--2
++1
abc
1e-
-
1e+
000.e
1ee2
0e
abc
.
1e+
+
1.2.3
1e+
++1
1ee2
1e-
1e+
++1
1e+
-
e10
++1
e10
--2
1e+
1.2.3
1e+
.
1e
.
1e+
1.2.3
1e+
+
0e
.
--2
1.2.3
0e
0e
++1
++1
+
1ee2
1e+
.
0e
-
.
++1
1ee2
-
--2
+
.
1e+
1ee2
1ee2
++1
0e
1e
--2
e10
e10
000.e
1.2.3
-
--2
+
1ee2
-
abc
1.2.3
--2
1e
1ee2
1ee2
--2
1.2.3
000.e
1e+
1e
1.2.3
++1
+
-
+
++1
1e+
000.e
1e-
1e-
000.e
1e-
0e
000.e
+
e10
1e
abc
000.e
+
1e+
.
1e-
0e
1e+
1e
1e
abc
1e
--2
+
+
1e-
abc
1e-
1ee2
-
1e+
e10
1e
000.e
1ee2
1e-
1ee2
.
1e
.
1e-
1ee2
1e
abc
1.2.3
1e-
1.2.3
abc
0e
+
1e
1ee2
1e
1.2.3
1ee2
e10
e10
abc
1e
abc
-
0e
--2
0e
0e
e10
-
000.e
abc
-
+
--2
+
0e
++1
e10
--2
--2
1.2.3
e10
--2
1ee2
1e-
1e-
1e
abc
1e
-
000.e
-
1e
++1
1e+
1.2.3
0e
+
1ee2
1.2.3
0e
--2
-
1e+
+
++1
e10
+
-
--2
1e
abc
1.2.3
--2
1e
--2
1.2.3
1e
++1
1e+
1e-
e10
000.e
000.e
-
-
000.e
e10
.
1ee2
--2
1.2.3
e10
abc
000.e
1ee2
--2
e10
1e
.
0e
1e
0e
+
.
-
--2
1ee2
0e
1ee2
--2
1e-
1e-
.
0e
abc
e10
1ee2
e10
++1
abc
000.e
1ee2
0e
--2
1e
abc
abc
1e-
+
+
-
1ee2
--2
++1
abc
+
-
--2
abc
1e-
.
1e
1e
e10
e10
e10
1e-
1e-
+
1ee2
++1
1e+
abc
--2
+
1e+
1.2.3
1e
1e-
e10
--2
1e
.
abc
.
1ee2
-
+
000.e
1e
0e
e10
000.e
++1
1ee2
e10
e10
1e-
1ee2
-
000.e
+
000.e
1e-
1e+
+
1e-
0e
abc
-
--2
--2
--2
++1
+
abc
+
e10
1e-
0e
1e
e10
1e+
0e
+
0e
e10
abc
abc
.
000.e
e10
abc
0e
.
1e
.
1e
0e
1e+
.
000.e
abc
abc
.
+
--2
++1
1e-
e10
1e+
0e
1ee2
1e+
1.2.3
000.e
-
000.e
1e-
1e-
1e-
1ee2
1ee2
1e-
--2
.
1ee2
1ee2
1e
000.e
1e
e10
.
+
1e
-
1e+
-
+
++1
000.e
e10
+
0e
+
--2
abc
-
1ee2
1e+
e10
000.e
-
1e
abc
.
abc
000.e
e10
1e+
abc
++1
+
1e
abc
++1
0e
000.e
1.2.3
--2
--2
000.e
abc
abc
.
-
-
1e-
1ee2
--2
.
1.2.3
-
0e
1e-
1.2.3
1ee2
1e
1e
.
1e-
+
.
e10
-
-
1e
++1
.
1e
.
1e
e10
-
--2
1e+
1.2.3
1e+
1ee2
e10
1e
--2
1.2.3
.
1e
-
1e-
--2
+
++1
+
--2
+
1e
1e
000.e
abc
--2
+
1e
000.e
000.e
0e
0e
1e+
abc
abc
1e-
000.e
1e-
1.2.3
--2
1e-
.
1e+
000.e
1e+
e10
--2
1ee2
1e
1.2.3
-
0e
++1
0e
000.e
-
000.e
-
.
abc
1e
1.2.3
abc
1e
e10
.
e10
1e+
0e
0e
0e
++1
1e
1e-
0e
++1
000.e
1e+
-
.
++1
-
++1
1e+
1e+
++1
.
abc
000.e
1e-
.
e10
1.2.3
e10
-
-
1ee2
++1
1e
++1
1.2.3
1e-
abc
0e
000.e
1ee2
--2
++1
e10
1e
0e
000.e
e10
abc
0e
1ee2
abc
--2
e10
1.2.3
1ee2
--2
000.e
++1
1e-
e10
-
--2
e10
.
1.2.3
--2
.
1.2.3
-
1.2.3
1e-
000.e
1ee2
1e-
0e
e10
.
++1
e10
1e-
1ee2
-
0e
.
--2
1ee2
0e
e10
1e+
+
1e+
e10
1e
+
--2
1e-
1e
abc
.
1e+
0e
++1
1e+
--2
--2
1ee2
1e+
e10
-
000.e
1e-
1e-
1.2.3
1ee2
--2
abc
++1
1e-
1ee2
1e+
1.2.3
--2
++1
--2
abc
+
1.2.3
--2
-
++1
++1
1ee2
1e
--2
e10
1.2.3
abc
abc
++1
-
1.2.3
.
1e+
1e+
1e-
1e-
0e
.
1ee2
--2
+
++1
e10
1e-
000.e
abc
1e
1.2.3
1e-
1ee2
-
--2
1.2.3
1e-
1e-
1.2.3
-
++1
e10
e10
++1
+
e10
++1
+
--2
e10
--2
1ee2
-
e10
1e
1e
++1
000.e
1.2.3
+
1.2.3
.
1e
++1
++1
++1
0e
1e
++1
--2
1.2.3
.
abc
abc
1e
000.e
1.2.3
1.2.3
1e+
1e+
++1
1e-
000.e
1.2.3
1.2.3
1e
000.e
0e
abc
abc
abc
++1
.
abc
.
1e
++1
1e-
++1
abc
-
1ee2
1e-
0e
1e
1e
+
1e
--2
++1
1e+
abc
abc
--2
abc
abc
0e
1e
0e
000.e
000.e
.
0e
1e+
++1
-
++1
+
1e
-
1e
abc
1ee2
1e+
000.e
abc
000.e
1e-
.
1ee2
1e+
-
1e-
1.2.3
0e
--2
000.e
++1
abc
.
abc
1e-
1e
1e
abc
1e+
1e
e10
1e
e10
++1
000.e
1e
++1
1ee2
1e-
abc
1.2.3
1e+
000.e
1e
1.2.3
+
e10
-
-
+
--2
abc
-
1e
e10
e10
1e+
1e+
1e+
1.2.3
1ee2
--2
000.e
++1
1e-
1.2.3
0e
--2
1e
++1
--2
1e+
--2
1e+
.
1ee2
e10
1.2.3
1e
1e-
1e
-
abc
abc
+
+
.
000.e
.
1.2.3
+
1.2.3
--2
1e
1.2.3
000.e
-
++1
1.2.3
1e+
abc
++1
e10
abc
e10
abc
0e
1e
000.e
--2
1ee2
1.2.3
.
++1
1e
1e+
.
.
1e-
--2
+
1e
+
1ee2
1e-
1e
--2
0e
000.e
000.e
e10
1.2.3
1e+
1e
1ee2
e10
000.e
+
1e
.
-
1ee2
0e
1e-
--2
000.e
1e-
.
1e+
000.e
1e
1e
1.2.3
++1
1.2.3
1ee2
1.2.3
1ee2
.
-
000.e
1.2.3
++1
+
0e
abc
++1
1ee2
e10
1e-
+
1ee2
++1
.
-
+
000.e
abc
.
abc
abc
.
1e+
--2
1e+
1e
000.e
1ee2
-
000.e
0e
-
abc
1ee2
-
1e
000.e
1e
++1
--2
+
++1
--2
1ee2
1e
e10
abc
++1
1e+
000.e
000.e
1e
1ee2
0e
1.2.3
000.e
abc
1.2.3
e10
0e
+
1e-
1ee2
-
--2
-
1e+
1.2.3
1e+
0e
abc
1ee2
1ee2
--2
.
.
++1
1e
e10
1e-
1e
1ee2
++1
++1
0e
-
000.e
1e+
+
-
1e-
1e
000.e
1e
0e
abc
000.e
e10
++1
e10
000.e
.
0e
1.2.3
000.e
1e+
1.2.3
1ee2
+
1e+
.
--2
1ee2
1e-
--2
1e-
++1
+
-
1e
abc
1e-
1.2.3
1e
1e-
1e+
1ee2
.
1ee2
1ee2
e10
abc
abc
1e
-
abc
.
abc
1.2.3
.
e10
--2
1e+
000.e
.
-
+
1e-
1ee2
1ee2
1e+
++1
e10
000.e
+
1e-
-
1e-
--2
++1
1e
1e+
e10
abc
1e+
1.2.3
-
-
000.e
-
--2
abc
abc
+
--2
-
1e-
1.2.3
1e+
++1
1e+
1e-
1e
0e
1e-
+
++1
0e
++1
abc
abc
000.e
.
abc
0e
++1
1ee2
e10
1.2.3
000.e
--2
1e
.
1ee2
1e
1e-
1.2.3
.
1.2.3
--2
+
+
abc
000.e
+
abc
1e+
e10
1e+
--2
0e
0e
abc
1e+
abc
1e-
1.2.3
1ee2
1.2.3
0e
1e-
1e+
0e
abc
1e-
--2
e10
1e
0e
+
.
0e
.
0e
++1
--2
000.e
e10
1e+
.
.
1e-
.
1e-
-
1ee2
--2
e10
1e-
-
--2
.
0e
1e
1.2.3
++1
1.2.3
0e
1ee2
++1
000.e
-
+
++1
e10
1ee2
1e+
1e
000.e
+
1e+
1ee2
1e+
000.e
0e
1e-
1e
000.e
0e
++1
-
e10
.
--2
000.e
1e
e10
abc
000.e
1e
-
1e-
1e
-
0e
e10
1e-
000.e
.
+
.
0e
1e+
e10
1e+
abc
1.2.3
1e
.
1ee2
+
--2
-
.
++1
e10
1e-
++1
-
1ee2
+
.
e10
.
1e-
1e-
000.e
1ee2
abc
++1
1ee2
--2
abc
--2
1ee2
1.2.3
1e
1e+
0e
1e+
0e
1.2.3
000.e
+
0e
--2
0e
1e+
abc
0e
1e
1ee2
000.e
1e
1e+
abc
000.e
-
1.2.3
1e-
1.2.3
.
1e-
1e+
000.e
1ee2
0e
-
e10
1ee2
.
-
.
1.2.3
abc
1e
e10
.
1e+
000.e
1ee2
.
1e+
0e
e10
0e
+
-
abc
1e-
e10
0e
1ee2
1e-
000.e
1e+
e10
1.2.3
1e
0e
000.e
.
abc
--2
e10
1.2.3
-
-
1e-
1e
-
abc
abc
abc
--2
1e+
1ee2
abc
.
1e
-
000.e
000.e
-
++1
000.e
1ee2
1ee2
++1
1ee2
e10
1e
--2
1e+
abc
1e-
000.e
--2
++1
1e+
1e
++1
0e
0e
abc
++1
--2
abc
1.2.3
++1
000.e
1e+
.
1e
e10
0e
1e-
1e-
+
--2
000.e
000.e
1e+
000.e
1ee2
e10
000.e
0e
--2
1e+
0e
.
1e
-
0e
++1
--2
1e
++1
1.2.3
--2
--2
1.2.3
1e-
++1
1e+
1e
-
e10
.
000.e
1.2.3
++1
000.e
0e
1e
1e
1e
1e+
-
1.2.3
0e
1e-
++1
.
--2
1e-
1ee2
000.e
abc
e10
-
1e
1ee2
+
1.2.3
1e+
+
1.2.3
e10
0e
+
1e
++1
-
1e+
++1
0e
1ee2
++1
1e+
+
1e+
-
1.2.3
1ee2
-
1ee2
1e
1e+
1e
e10
1e
0e
+
1e
+
1e-
1e+
1ee2
+
0e
.
1.2.3
+
.
1e-
000.e
abc
1ee2
1e
1e-
0e
e10
.
e10
000.e
0e
1e
.
0e
e10
+
0e
1.2.3
1.2.3
1.2.3
abc
1e+
.
e10
0e
+
1e-
1e-
1e
abc
1.2.3
.
.
000.e
0e
.
--2
1e-
++1
+
1e+
e10
1e-
1.2.3
abc
--2
abc
+
abc
.
-
e10
0e
-
--2
e10
1ee2
--2
1e
++1
.
1e-
-
1ee2
-
abc
1e-
1ee2
0e
abc
1e+
0e
0e
-
1ee2
--2
1.2.3
0e
++1
1e
abc
-
abc
000.e
+
e10
e10
abc
1e+
1e-
1e
.
1e-
--2
.
.
abc
1ee2
1e+
abc
+
1.2.3
-
-
1.2.3
++1
000.e
000.e
1e+
-
1ee2
1.2.3
1e
1e-
abc
1e+
1e-
-
.
++1
e10
abc
e10
000.e
1e
-
.
1.2.3
1ee2
1e
1.2.3
e10
1ee2
e10
1ee2
1e
-
++1
1ee2
+
abc
1e-
++1
--2
1e-
1e+
1ee2
+
.
e10
e10
0e
+
1e+
abc
1.2.3
0e
0e
.
1.2.3
-
1e+
-
e10
+
1ee2
1e+
.
+
-
+
--2
1ee2
1.2.3
++1
1.2.3
-
++1
++1
1e+
e10
++1
000.e
0e
abc
-
1.2.3
-
1e
e10
1e-
0e
.
1.2.3
+
1e
1e
1ee2
-
++1
0e
abc
++1
abc
e10
--2
1.2.3
+
1ee2
--2
.
abc
1e
--2
.
e10
++1
1ee2
1e
+
1.2.3
+
1e+
abc
.
--2
-
000.e
-
1e
1e+
1e+
++1
1e
000.e
e10
-
1e-
000.e
1.2.3
+
.
1e+
.
e10
-
1ee2
000.e
--2
abc
e10
++1
1ee2
1e-
abc
abc
.
1.2.3
0e
.
1e
abc
e10
.
abc
1ee2
0e
0e
1ee2
++1
0e
abc
1e+
-
abc
++1
abc
1.2.3
000.e
-
1.2.3
--2
.
1.2.3
1e
e10
e10
1e
1e
++1
0e
1.2.3
--2
1e
.
1e-
1e-
++1
abc
000.e
0e
--2
000.e
+
1.2.3
1e
-
e10
1e
--2
e10
1.2.3
1e-
++1
+
++1
0e
-
000.e
0e
--2
1e-
e10
--2
1e
.
1e+
++1
1e+
.
.
++1
+
abc
.
1e-
1ee2
--2
1e-
--2
1e
000.e
000.e
1.2.3
1ee2
0e
1e-
1e+
++1
++1
1e+
1e
e10
000.e
--2
+
1e
1e
abc
--2
e10
abc
-
0e
.
+
0e
abc
1e
.
e10
e10
1ee2
--2
1e-
000.e
000.e
0e
1.2.3
000.e
abc
1e-
1e
.
000.e
.
-
1.2.3
0e
1e-
e10
1ee2
.
++1
e10
1e+
1.2.3
0e
1ee2
-
--2
0e
++1
+
abc
abc
1e-
0e
abc
1e+
--2
0e
abc
++1
1e-
0e
1e-
abc
abc
0e
.
.
1e+
.
0e
--2
-
1ee2
-
1e
1e+
.
-
+
1e
1e
++1
1.2.3
-
abc
000.e
1e-
1e+
-
1ee2
+
e10
abc
--2
abc
abc
abc
++1
-
000.e
e10
1e-
e10
abc
1e+
000.e
1e
.
+
+
++1
--2
1e
1ee2
e10
e10
.
--2
1e+
+
1ee2
1e-
.
0e
--2
1e+
+
1ee2
0e
abc
--2
000.e
-
1e
abc
++1
+
e10
0e
1.2.3
1e+
1e-
e10
0e
e10
-
1.2.3
0e
e10
1e+
e10
--2
+
--2
1e-
abc
-
000.e
1ee2
abc
1e-
1e-
1ee2
1.2.3
--2
+
-
-
-
1ee2
--2
1e+
--2
--2
abc
1e-
.
abc
abc
1e
1e
0e
0e
1e
abc
++1
-
-
abc
e10
--2
e10
-
1.2.3
1ee2
1e-
-
++1
000.e
abc
++1
1e+
1ee2
000.e
+
abc
--2
1.2.3
++1
e10
abc
+
abc
1e
-
+
1ee2
e10
abc
1ee2
1e
abc
++1
0e
1e-
1.2.3
1e+
1ee2
1.2.3
0e
000.e
abc
e10
.
++1
+
1e+
1ee2
1.2.3
1e
1.2.3
e10
1.2.3
0e
1e+
0e
1ee2
1ee2
++1
1e+
000.e
1ee2
abc
1ee2
++1
0e
e10
.
1.2.3
1e-
e10
0e
1e+
1.2.3
.
1e+
1e+
1ee2
--2
1.2.3
+
0e
1.2.3
--2
0e
e10
1e+
.
1e+
e10
++1
++1
1e+
000.e
--2
++1
1ee2
--2
-
+
++1
1e-
++1
1e-
1ee2
+
e10
0e
1e+
000.e
1e
1.2.3
e10
1ee2
e10
1e+
1.2.3
1e+
1e-
1e
++1
1e+
0e
e10
1.2.3
abc
--2
--2
.
0e
++1
-
-
1e-
1e+
--2
+
--2
0e
1ee2
1e+
1e-
1e
e10
1e-
0e
abc
-
abc
.
--2
1e+
1ee2
++1
++1
++1
0e
--2
-
1.2.3
000.e
--2
1ee2
1.2.3
++1
++1
0e
e10
+
1e-
e10
1e-
+
1e-
1.2.3
--2
.
1e-
0e
--2
-
.
abc
1e
000.e
.
-
+
0e
++1
abc
1.2.3
--2
1ee2
++1
e10
1e-
++1
++1
1.2.3
1e
.
++1
abc
++1
0e
--2
e10
.
+
+
1e+
1e
e10
000.e
1ee2
1ee2
+
.
++1
1ee2
1e-
0e
e10
1ee2
1.2.3
1e-
e10
000.e
.
1e+
000.e
++1
1e-
1ee2
1e
+
1.2.3
000.e
0e
1e
--2
1e+
1ee2
1e-
.
1e+
1e
1e-
abc
1ee2
--2
000.e
0e
1e
1.2.3
-
0e
.
abc
1e+
+
+
1e+
1e+
1e
000.e
-
++1
-
-
.
1ee2
1.2.3
-
1ee2
0e
1ee2
+
1e
+
--2
abc
.
1e-
--2
+
--2
000.e
000.e
000.e
1ee2
1.2.3
++1
+
++1
e10
0e
1.2.3
000.e
1e+
abc
000.e
e10
1e+
+
++1
1e-
abc
-
abc
1e-
1e-
0e
1.2.3
1ee2
1e
1e+
1e+
abc
1ee2
1e+
000.e
1e+
e10
abc
000.e
.
-
1ee2
abc
0e
1e
1e
1.2.3
0e
e10
abc
1e+
1ee2
1.2.3
++1
1e+
1ee2
1e+
1e+
e10
1.2.3
1e-
++1
1e
e10
abc
1e+
1ee2
0e
abc
000.e
++1
++1
1.2.3
-
1e
.
1e-
--2
1e-
-
1ee2
++1
1e
++1
1e-
1e-
e10
--2
e10
.
-
000.e
0e
1e
.
--2
1e
000.e
0e
1e+
-
000.e
0e
--2
-
1ee2
1e
1ee2
1e-
1e-
.
e10
0e
--2
abc
1.2.3
1e-
-
e10
1e-
1.2.3
1e+
000.e
1ee2
000.e
--2
e10
e10
--2
abc
--2
0e
abc
1ee2
.
1e
1ee2
++1
000.e
0e
000.e
000.e
+
1ee2
1.2.3
1e
1e+
--2
abc
1e-
1e-
1e-
++1
1ee2
1e+
000.e
1e
--2
.
--2
0e
+
+
1e-
1ee2
000.e
000.e
-
1.2.3
1ee2
000.e
1e-
abc
1e-
e10
+
--2
1e+
.
--2
++1
1.2.3
1e+
000.e
+
++1
1e
--2
1e
--2
-
e10
--2
-
e10
++1
1e+
0e
++1
-
.
+
0e
+
1e+
.
abc
1e-
0e
abc
+
1e+
1e-
1e+
++1
+
+
1ee2
1ee2
1e-
+
abc
++1
.
-
e10
-
++1
1.2.3
e10
-
-
.
000.e
-
0e
e10
1e
0e
++1
1e+
000.e
.
000.e
+
1e-
.
e10
-
-
1ee2
-
1.2.3
++1
000.e
000.e
1ee2
e10
1.2.3
--2
1.2.3
0e
1.2.3
e10
1.2.3
-
0e
e10
1ee2
1e
000.e
1e+
--2
.
1e
-
++1
+
1.2.3
e10
e10
000.e
000.e
1e+
000.e
1e+
1e
--2
--2
+
1ee2
1e-
.
1e
.
0e
1e
abc
--2
-
abc
-
++1
-
e10
000.e
000.e
++1
.
0e
000.e
+
abc
e10
1e
++1
+
1ee2
--2
+
1e-
+
+
abc
+
.
1e
++1
-
1e
1ee2
e10
++1
1e
-
0e
e10
0e
-
+
.
-
+
.
1e-
1.2.3
0e
e10
+
.
.
abc
1.2.3
1e
++1
abc
1.2.3
--2
000.e
abc
e10
1ee2
e10
1e
e10
++1
+
1ee2
1e
1.2.3
.
+
--2
1e-
--2
1ee2
000.e
000.e
abc
--2
1e
e10
++1
+
1.2.3
--2
0e
e10
000.e
1ee2
1e-
--2
abc
000.e
1ee2
--2
1ee2
.
.
1e-
e10
1e+
+
1e-
000.e
1e-
0e
1e-
+
-
.
+
1e-
+
+
000.e
000.e
1.2.3
1e
++1
+
1e-
1.2.3
abc
abc
1.2.3
--2
1ee2
abc
++1
1ee2
000.e
0e
000.e
0e
1.2.3
+
+
abc
1e-
+
1e
1e
1e-
abc
1.2.3
0e
++1
1e
1e
000.e
.
1e-
.
1e
+
1.2.3
e10
000.e
000.e
1ee2
1e+
1e+
1ee2
+
abc
.
++1
++1
1ee2
-
--2
++1
--2
+
+
--2
.
abc
e10
abc
--2
++1
1e+
1ee2
abc
e10
1e+
-
1ee2
1.2.3
++1
1e
1.2.3
0e
000.e
1e+
.
0e
.
1e+
e10
.
0e
abc
abc
abc
++1
+
abc
1e-
1ee2
1.2.3
.
1e+
1ee2
abc
.
-
000.e
.
--2
.
e10
000.e
000.e
1e-
e10
++1
1e
abc
.
1.2.3
000.e
--2
1e-
--2
1e-
1ee2
abc
1e+
+
1e
abc
-
1.2.3
+
+
1e-
.
1e-
1e
1e+
1e-
1e-
1ee2
1e-
1e+
abc
.
.
1ee2
abc
+
.
e10
1e
1e+
0e
abc
-
--2
1e-
000.e
++1
.
.
1ee2
000.e
.
1ee2
000.e
abc
1e
1.2.3
--2
1e
e10
-
+
++1
000.e
1e-
1e-
e10
1.2.3
000.e
--2
.
e10
000.e
1e+
+
.
1e-
1ee2
+
1ee2
++1
1e
.
1e
1e-
e10
1e
1e
1.2.3
.
-
1e-
0e
-
1ee2
e10
0e
0e
1e
1e-
1ee2
1e
1e+
1ee2
000.e
e10
1e
1e-
e10
abc
1e
-
0e
1ee2
1e
1e-
1ee2
-
-
1.2.3
1e-
++1
.
--2
1.2.3
0e
0e
1e
1e+
1.2.3
-
1e-
+
--2
abc
-
1.2.3
.
000.e
abc
abc
0e
000.e
000.e
.
1e
++1
1e-
+
+
++1
1e+
++1
abc
1ee2
1e
1ee2
000.e
1e
1e+
1e-
.
1ee2
+
000.e
abc
--2
1.2.3
1.2.3
e10
0e
1ee2
-
-
1.2.3
1e
abc
1.2.3
abc
000.e
.
000.e
abc
000.e
abc
abc
++1
1.2.3
e10
000.e
.
1.2.3
+
+
000.e
++1
++1
++1
.
1.2.3
1e
1.2.3
0e
1.2.3
-
.
-
--2
+
1e
-
1e-
e10
-
1e-
1e
0e
++1
+
0e
--2
1e-
1e-
.
abc
1.2.3
e10
abc
1e
1ee2
1e
e10
000.e
1e+
++1
1ee2
-
++1
0e
--2
1ee2
+
1ee2
+
1.2.3
1e+
e10
+
1e+
1ee2
1ee2
0e
--2
-
1.2.3
1e+
abc
--2
0e
++1
000.e
1e
1e-
.
+
0e
1e
.
++1
++1
.
.
1ee2
1e+
000.e
-
0e
1.2.3
0e
1e
-
--2
1e+
++1
1e-
1e-
.
.
000.e
.
1e-
.
++1
+
--2
++1
-
1.2.3
--2
.
1e+
e10
1e+
1e+
+
000.e
1e-
--2
e10
-
.
1e
0e
e10
-
+
000.e
0e
1e
1ee2
1ee2
.
+
1.2.3
++1
1ee2
1e
1ee2
abc
000.e
abc
-
.
+
1e-
1ee2
+
--2
1ee2
abc
+
abc
++1
.
1.2.3
1e
1.2.3
0e
1e+
e10
-
1e+
.
1e-
1e
++1
000.e
1e-
abc
+
+
+
abc
1.2.3
1e-
1e
0e
++1
1e-
1ee2
++1
1e
-
+
0e
000.e
abc
1e
1ee2
1ee2
000.e
e10
.
--2
e10
e10
1e
.
1e+
-
000.e
1e+
1ee2
1e-
e10
--2
abc
e10
abc
000.e
-
++1
+
e10
+
.
.
000.e
0e
1e-
-
-
000.e
--2
1e
000.e
1.2.3
++1
1e-
.
abc
000.e
1.2.3
1e-
-
++1
--2
1e-
+
e10
1e+
+
1e-
000.e
.
1.2.3
+
1e+
1e
1e
-
1e
abc
e10
.
1.2.3
1e+
--2
+
1.2.3
++1
1ee2
000.e
-
e10
1.2.3
0e
1ee2
abc
abc
e10
abc
1ee2
000.e
-
-
1e
.
++1
abc
-
0e
+
abc
1.2.3
.
--2
000.e
+
0e
0e
000.e
abc
--2
+
+
++1
1e+
abc
1e-
e10
+
.
+
e10
e10
1e+
0e
000.e
.
000.e
1.2.3
0e
e10
+
1e
--2
.
e10
1ee2
+
abc
1.2.3
++1
1.2.3
0e
1e+
0e
++1
-
0e
1e+
1e+
1.2.3
-
--2
-
--2
1.2.3
e10
+
1e-
+
-
abc
abc
e10
000.e
.
-
++1
--2
-
+
.
+
1.2.3
-
1.2.3
0e
e10
-
--2
0e
+
1e-
000.e
.
0e
--2
--2
1ee2
++1
0e
-
e10
1e
+
1e
1ee2
1e+
--2
--2
0e
e10
++1
1.2.3
--2
1e
0e
1ee2
--2
000.e
1e
000.e
0e
1.2.3
1e-
+
-
1ee2
--2
+
++1
1e+
1.2.3
1ee2
++1
.
1.2.3
abc
.
1e
++1
abc
1e+
e10
e10
--2
1ee2
1e
1e-
1e-
000.e
e10
e10
e10
000.e
000.e
+
e10
000.e
-
000.e
1ee2
++1
0e
1.2.3
000.e
--2
+
000.e
1e-
e10
1e
1e
.
000.e
-
-
e10
000.e
000.e
++1
000.e
1e+
1ee2
abc
1ee2
1e+
000.e
000.e
1e+
0e
-
--2
++1
-
1.2.3
000.e
1.2.3
abc
1.2.3
-
1e-
+
1ee2
000.e
++1
000.e
e10
abc
1ee2
1e-
1e+
-
1.2.3
+
.
abc
-
.
e10
000.e
1e-
+
1e-
1e-
0e
1ee2
++1
.
1e
1e-
+
--2
1e+
--2
1e
0e
1e+
-
1ee2
1e+
++1
e10
0e
abc
000.e
e10
1.2.3
--2
1e-
1ee2
000.e
1e-
--2
+
1e+
1.2.3
.
1.2.3
-
1e+
abc
1e
-
++1
000.e
1e
1ee2
--2
1e+
000.e
1e-
.
000.e
1e+
1.2.3
000.e
1e+
--2
1ee2
++1
+
.
1e
1.2.3
.
1e+
1e-
-
0e
+
-
e10
.
1e+
--2
000.e
++1
1e+
.
abc
1e+
++1
.
e10
1e+
-
1ee2
0e
1.2.3
.
1e+
1e+
1e-
0e
abc
1e+
-
1e
000.e
1.2.3
+
1e
1ee2
1.2.3
1e+
.
.
1e-
-
0e
--2
.
1e-
+
1ee2
--2
abc
-
1ee2
000.e
1e+
-
1e
1ee2
1e+
++1
--2
1ee2
++1
++1
--2
1e+
000.e
1e-
1.2.3
1e-
+
e10
.
+
-
1e+
1.2.3
000.e
-
1e-
abc
1e
.
e10
1e
abc
1.2.3
--2
1ee2
++1
0e
1e+
abc
1e
1e
+
--2
++1
1e
1e-
000.e
1.2.3
1ee2
1ee2
+
1e+
1e+
1.2.3
.
000.e
1e-
.
e10
++1
0e
1ee2
++1
1e+
1e+
.
--2
1e-
0e
1ee2
-
1.2.3
++1
abc
1e-
e10
1e-
.
--2
abc
1e+
.
1.2.3
+
1ee2
++1
e10
--2
1e-
0e
1ee2
+
abc
abc
1e+
--2
--2
++1
++1
-
1e+
1.2.3
1e+
++1
000.e
-
++1
e10
1ee2
1e+
0e
abc
+
1e
0e
0e
1.2.3
e10
abc
000.e
1ee2
-
e10
1ee2
1e-
1e-
abc
1e+
--2
1.2.3
0e
--2
++1
1e+
.
-
0e
1e
--2
000.e
1e+
1e
e10
000.e
+
e10
++1
abc
+
++1
+
-
0e
1e+
1e
0e
.
1e-
abc
+
.
1.2.3
0e
1e+
1e+
++1
--2
++1
1e
1e
+
1e
abc
--2
+
.
.
1e-
abc
-
-
+
-
000.e
abc
abc
abc
1e-
1e
abc
abc
0e
000.e
e10
-
.
-
1e
++1
-
e10
1e+
++1
++1
++1
abc
1ee2
1e
.
000.e
e10
1e-
e10
e10
abc
++1
e10
.
000.e
--2
1e-
e10
-
1e-
1e+
+
1ee2
0e
1e
--2
1.2.3
000.e
1e+
1e
0e
000.e
0e
1e+
+
1e+
+
++1
1e+
e10
1e
0e
--2
+
abc
000.e
1e
++1
--2
--2
1ee2
1e+
1.2.3
abc
-
+
.
1e+
1.2.3
1e
-
1ee2
1e-
abc
000.e
+
--2
abc
000.e
0e
1ee2
.
1e
1e
--2
1e+
++1
0e
1ee2
abc
-
e10
e10
1e-
1e+
000.e
e10
-
000.e
1.2.3
--2
1e-
e10
.
-
e10
+
abc
.
0e
1e-
--2
-
1e+
1e
+
-
abc
+
++1
1e
.
e10
abc
abc
abc
0e
+
abc
1e-
1ee2
abc
1.2.3
.
1e+
--2
1e
-
000.e
0e
1.2.3
.
1e+
.
abc
-
.
1e
.
0e
+
.
-
1e
1.2.3
1e
1.2.3
++1
1ee2
--2
1.2.3
000.e
000.e
1e+
1e+
.
++1
1e+
1e+
abc
e10
000.e
++1
000.e
1e+
++1
e10
++1
000.e
1.2.3
.
1.2.3
1ee2
--2
1e+
++1
1ee2
1ee2
--2
+
.
++1
1.2.3
0e
1e
+
e10
1e
++1
-
++1
1ee2
abc
1.2.3
e10
e10
000.e
1e-
-
0e
abc
e10
.
.
0e
.
1e-
-
++1
-
--2
++1
000.e
--2
-
abc
-
++1
-
1.2.3
1e+
1e
1ee2
++1
.
abc
e10
+
1e+
0e
.
.
1.2.3
1e-
e10
1e-
+
000.e
1e
.
1e
++1
--2
.
-
abc
1.2.3
-
000.e
++1
1e
000.e
000.e
abc
1e-
1e-
.
1e
+
--2
0e
.
-
e10
.
abc
abc
1.2.3
1ee2
--2
-
--2
0e
1e-
-
1e-
000.e
++1
1ee2
1.2.3
1ee2
abc
-
-
0e
0e
e10
.
abc
-
0e
1ee2
abc
1ee2
1.2.3
abc
1ee2
1e
++1
000.e
++1
000.e
0e
1e
000.e
1.2.3
.
0e
0e
+
1e
1e-
000.e
0e
abc
0e
1.2.3
1e
1.2.3
abc
0e
+
++1
abc
0e
-
abc
--2
+
1ee2
1ee2
1e+
0e
1.2.3
1.2.3
--2
-
0e
abc
-
1e-
abc
1ee2
++1
1e+
++1
1ee2
--2
+
--2
-
1e
1e+
1.2.3
--2
abc
1e-
1.2.3
1e
.
1.2.3
--2
000.e
--2
1ee2
e10
0e
+
--2
0e
1ee2
1e+
+
1e
1e-
1e-
abc
1e-
1.2.3
e10
1e+
++1
1ee2
--2
--2
1.2.3
1e
000.e
1e
1e+
+
0e
abc
--2
.
abc
--2
e10
abc
000.e
1.2.3
1e+
e10
000.e
+
--2
000.e
.
1ee2
--2
--2
--2
1e+
--2
1e-
1e
--2
000.e
e10
abc
-
1ee2
-
.
--2
--2
000.e
e10
1e
1ee2
1e+
++1
--2
1e
abc
1ee2
1.2.3
1e+
e10
--2
000.e
1e+
e10
abc
++1
1.2.3
e10
+
++1
+
0e
-
e10
0e
1ee2
1ee2
1e-
abc
++1
-
1ee2
1.2.3
-
+
1ee2
e10
.
abc
+
abc
-
1ee2
.
1ee2
1ee2
0e
1ee2
1.2.3
1e+
-
1e
1e+
++1
+
+
1.2.3
1ee2
1e-
1e+
+
0e
0e
1.2.3
abc
.
1e+
+
+
--2
.
1ee2
1.2.3
1.2.3
e10
++1
0e
+
++1
--2
1.2.3
0e
e10
--2
-
+
000.e
+
--2
.
1ee2
1ee2
abc
000.e
abc
000.e
--2
++1
1ee2
1e
abc
-
1e-
.
abc
1.2.3
abc
1ee2
abc
1ee2
-
--2
1.2.3
++1
000.e
0e
.
000.e
1e-
++1
0e
1e+
abc
abc
++1
1e
--2
--2
1ee2
1e+
1e
0e
abc
0e
1e
1ee2
0e
+
.
000.e
0e
--2
abc
000.e
1e
000.e
1e-
+
+
-
1.2.3
000.e
1e-
1ee2
1e+
0e
--2
0e
e10
abc
1e
+
1e+
0e
.
1ee2
000.e
000.e
++1
1e
1ee2
++1
1e
++1
abc
abc
abc
1ee2
e10
000.e
1e-
1e-
-
abc
000.e
1e+
1e-
1e+
.
e10
1e-
+
1ee2
0e
e10
1e+
--2
1e-
abc
1e+
1ee2
.
000.e
--2
.
1ee2
1e+
abc
abc
1.2.3
1e
-
++1
1e-
1e
1e+
.
0e
1e
e10
-
+
1e
abc
1e-
1ee2
-
.
1e
-
-
000.e
-
0e
+
1e+
+
--2
1e-
-
1.2.3
e10
1e+
+
+
++1
--2
1e+
++1
000.e
e10
++1
0e
1e
++1
++1
abc
000.e
1e
000.e
e10
1e
.
abc
1e
++1
0e
1e-
1e
abc
1ee2
+
1e-
1.2.3
e10
1.2.3
1e
000.e
1e
1e-
.
0e
e10
1.2.3
1e+
-
000.e
+
e10
1ee2
1.2.3
1e
1e-
-
0e
1.2.3
--2
e10
e10
1e
1e+
1e
1ee2
abc
e10
1ee2
-
--2
0e
1e-
000.e
e10
--2
++1
1e+
abc
.
--2
.
0e
abc
1.2.3
--2
1ee2
1.2.3
e10
abc
++1
+
1e+
000.e
abc
000.e
1e+
--2
+
1.2.3
1.2.3
++1
1.2.3
000.e
1.2.3
1e
000.e
++1
1e-
e10
1e
.
+
1e
1ee2
000.e
.
++1
abc
+
1e
000.e
++1
abc
1ee2
abc
1e-
--2
1e+
++1
1e-
++1
.
abc
abc
.
0e
1e+
1e+
--2
e10
1e
000.e
1.2.3
1.2.3
.
1e-
000.e
1.2.3
+
1e-
-
--2
1e
1e+
+
+
--2
000.e
-
1e+
1ee2
1.2.3
--2
1e
+
000.e
0e
1ee2
1e+
0e
000.e
1e
1e
++1
0e
abc
1e-
-
1e
e10
++1
000.e
-
1e-
1e-
+
+
+
0e
1ee2
1e
1e
1e+
1ee2
000.e
1e
000.e
1ee2
000.e
1e+
+
--2
-
+
e10
1e-
+
+
1e+
1.2.3
000.e
0e
.
0e
e10
--2
000.e
1e
1e
++1
++1
--2
++1
-
abc
-
1e
1.2.3
e10
-
.
1e
1e+
-
--2
+
0e
1ee2
++1
--2
e10
1ee2
++1
1e-
abc
000.e
1e
1e-
--2
.
1ee2
000.e
1ee2
1ee2
+
1e
.
--2
000.e
e10
1e
abc
0e
++1
0e
-
000.e
1ee2
000.e
000.e
1e
++1
1ee2
abc
--2
++1
e10
e10
0e
0e
1e
1e+
e10
1.2.3
000.e
-
+
1ee2
1.2.3
0e
+
e10
0e
++1
-
1.2.3
1e
++1
0e
1ee2
1e-
1e
-
+
+
e10
e10
1ee2
e10
+
-
.
1e+
+
abc
1ee2
e10
+
-
.
--2
1e-
1e-
1e
1e+
e10
1e+
.
000.e
e10
++1
+
0e
1ee2
abc
0e
1ee2
1ee2
0e
000.e
abc
-
1e+
1ee2
000.e
1e-
+
--2
1ee2
.
1e+
1ee2
1e-
1e-
1e+
1ee2
--2
--2
1e
1e+
++1
-
1e
1e+
abc
--2
e10
-
-
1e+
.
abc
1e
-
1e+
1.2.3
-
1e+
++1
e10
+
1e-
+
+
abc
1e+
000.e
-
0e
.
1e-
1.2.3
-
e10
-
+
1e+
000.e
1e-
1e
1e
-
-
1.2.3
000.e
0e
1e
e10
1.2.3
000.e
1e
abc
000.e
1e+
1e
1.2.3
1.2.3
1e
-
1e
000.e
.
--2
1e+
1ee2
1e
--2
1.2.3
1.2.3
+
-
-
1.2.3
+
.
1e-
1e
0e
0e
abc
0e
1.2.3
-
0e
++1
1e
+
1ee2
1.2.3
--2
abc
abc
000.e
1e-
000.e
abc
e10
1.2.3
1e+
1e+
--2
--2
0e
-
-
+
0e
--2
+
-
-
++1
++1
1e-
0e
1e
e10
1e+
1e
--2
+
0e
1e
--2
1ee2
abc
1e
1e+
1ee2
1e-
1.2.3
1e-
+
.
0e
1ee2
1e-
.
-
1.2.3
abc
-
1.2.3
1e-
1e+
1e-
1.2.3
1.2.3
++1
1ee2
0e
abc
+
1.2.3
1ee2
000.e
000.e
+
.
-
abc
1e-
000.e
1ee2
-
0e
abc
1e
+
1e-
.
++1
1e+
000.e
1e+
+
1e
++1
1e
1.2.3
abc
abc
abc
--2
++1
1.2.3
-
1e+
0e
000.e
abc
e10
0e
1e
1e-
1ee2
1ee2
000.e
abc
++1
000.e
-
1ee2
000.e
.
-
abc
-
1.2.3
.
1e
-
1ee2
++1
.
e10
1e
1e
+
1e+
e10
1e-
1ee2
abc
e10
0e
000.e
+
-
1.2.3
--2
1e+
-
1.2.3
--2
abc
e10
1e
+
0e
1e
1ee2
0e
--2
--2
-
1e
1ee2
1.2.3
0e
0e
1e
1e
1e+
--2
0e
000.e
1ee2
1.2.3
--2
000.e
1e+
1ee2
1e
e10
--2
1.2.3
000.e
e10
--2
-
abc
1e+
+
+
1e-
1ee2
e10
0e
1e+
+
+
-
.
1.2.3
.
abc
1e-
0e
e10
0e
1.2.3
+
++1
+
+
--2
++1
.
1ee2
+
.
000.e
0e
+
+
++1
-
1.2.3
1e-
e10
1.2.3
--2
1ee2
1e
1e-
0e
1e
1e-
0e
abc
000.e
0e
1ee2
1ee2
+
1.2.3
e10
abc
1e-
-
1.2.3
--2
1e+
++1
0e
0e
1e-
-
++1
-
--2
0e
e10
abc
+
1e
.
1e-
1ee2
1e-
--2
.
1e+
0e
--2
1e+
000.e
1.2.3
1e-
1ee2
+
+
.
1e+
+
abc
000.e
e10
e10
e10
1ee2
1e+
abc
000.e
1.2.3
1e-
.
-
0e
e10
1ee2
0e
1.2.3
0e
1e
1e-
1ee2
abc
.
--2
++1
0e
1e+
1e
1ee2
+
1e
-
1e-
.
1.2.3
1e-
1.2.3
.
--2
--2
++1
0e
1e+
.
000.e
--2
1ee2
1ee2
++1
1e
1ee2
+
1e
0e
0e
1ee2
e10
1ee2
1e-
1.2.3
1e-
++1
1e
1e-
1e-
1.2.3
000.e
1e
1.2.3
1.2.3
1.2.3
.
1.2.3
+
+
++1
++1
1e-
1.2.3
++1
1.2.3
abc
1ee2
--2
1e-
0e
e10
++1
+
-
1e
-
++1
++1
0e
+
-
0e
+
0e
.
1e
1ee2
000.e
1e
0e
--2
+
abc
1.2.3
++1
+
++1
.
--2
1.2.3
e10
.
1e
1e+
1ee2
1.2.3
e10
e10
1e+
+
1e-
-
-
.
1e
++1
0e
1e-
1ee2
e10
--2
--2
++1
-
+
1.2.3
abc
e10
1e-
--2
.
1e
1.2.3
1.2.3
abc
000.e
.
1e+
1e
0e
1e
+
+
1e+
1e
1.2.3
abc
1e
--2
1.2.3
e10
000.e
-
++1
abc
1ee2
1ee2
--2
1e-
.
1e
000.e
.
-
1ee2
1.2.3
++1
1e
-
++1
1e+
000.e
0e
1.2.3
e10
1e-
0e
++1
--2
1ee2
000.e
e10
0e
abc
.
-
000.e
0e
abc
abc
1e
+
1e-
-
1e
1.2.3
--2
++1
000.e
.
0e
1.2.3
-
0e
-
1.2.3
.
e10
.
abc
1e-
1e
1e-
1ee2
abc
0e
--2
++1
.
e10
++1
++1
1e-
e10
--2
1e-
-
-
1e+
1e-
e10
abc
1e
000.e
0e
000.e
0e
e10
++1
.
.
--2
1ee2
-
1.2.3
+
0e
000.e
1ee2
1ee2
1.2.3
+
1e-
--2
++1
0e
1e
1ee2
1ee2
1e-
.
abc
.
+
++1
1e-
1ee2
1e-
-
1e-
0e
.
1.2.3
.
.
1e-
-
000.e
1e+
1e-
1ee2
000.e
-
1e-
--2
++1
-
0e
-
1e-
--2
1.2.3
.
abc
1.2.3
1.2.3
1e
-
--2
1e-
++1
1e-
e10
1e+
--2
1.2.3
1e+
1e+
1e-
+
1e+
abc
abc
1.2.3
-
0e
++1
0e
e10
1e+
--2
++1
1e
1e-
+
e10
1ee2
1e+
000.e
1e-
-
1.2.3
000.e
1e-
e10
-
.
0e
1e-
.
1ee2
e10
1.2.3
1e+
000.e
0e
0e
1.2.3
1e
000.e
+
1e
1e+
1.2.3
1e+
abc
abc
++1
1.2.3
.
1e
-
e10
1ee2
1.2.3
1.2.3
.
--2
abc
+
e10
0e
000.e
000.e
++1
--2
-
++1
0e
++1
--2
0e
--2
1.2.3
-
000.e
1e
.
1e
1e
+
--2
1e+
.
+
1.2.3
.
--2
e10
-
abc
e10
1e+
1.2.3
1e
abc
1e
abc
e10
000.e
1.2.3
++1
+
1.2.3
--2
1e
.
+
0e
e10
1e
0e
+
1e-
1e+
1.2.3
+
1e+
0e
e10
+
1e+
1e
.
++1
--2
abc
1e-
1e+
abc
1e
-
--2
+
1e
--2
1e-
+
1e-
1e+
abc
1e
e10
--2
000.e
1ee2
++1
e10
+
e10
.
1e
--2
e10
1e
++1
--2
++1
000.e
1e
1e+
abc
1.2.3
e10
000.e
-
1e+
e10
000.e
1e-
1.2.3
-
--2
-
++1
1e-
e10
1e+
000.e
1e
e10
000.e
1e-
1e
-
1ee2
+
-
abc
+
1e
-
--2
++1
1.2.3
1e
e10
abc
1.2.3
1e+
1.2.3
--2
1.2.3
1ee2
1e+
--2
1e+
1.2.3
abc
--2
1e+
0e
++1
1e+
+
0e
++1
abc
1e+
-
e10
1ee2
1e+
abc
1e-
000.e
000.e
1e+
000.e
1.2.3
0e
abc
abc
.
000.e
abc
.
-
000.e
1e-
+
abc
0e
1e
--2
++1
0e
1e-
1ee2
000.e
0e
1e+
--2
e10
++1
1e-
abc
+
++1
1e
1.2.3
.
++1
1.2.3
e10
1e-
--2
000.e
--2
+
abc
++1
1ee2
1e
1.2.3
e10
1e-
abc
1ee2
1ee2
0e
.
1ee2
abc
1e+
e10
1ee2
++1
1e
000.e
1e+
1e+
000.e
1.2.3
abc
1e+
e10
1e
000.e
1e-
.
0e
.
e10
1ee2
1.2.3
.
.
--2
+
++1
-
abc
1e-
1ee2
abc
0e
e10
+
1e-
0e
-
1ee2
++1
-
--2
e10
++1
1ee2
abc
1.2.3
-
1.2.3
++1
1.2.3
++1
e10
1e+
1ee2
e10
++1
1ee2
--2
++1
+
+
-
1ee2
1e
.
1ee2
+
--2
0e
000.e
1e-
0e
0e
e10
abc
abc
++1
1ee2
1ee2
0e
.
1e-
+
0e
.
1.2.3
0e
e10
--2
1ee2
000.e
1e-
1e+
abc
1e
1e-
1ee2
000.e
e10
1ee2
e10
0e
1.2.3
000.e
++1
.
+
.
0e
e10
abc
1.2.3
1e+
1.2.3
--2
1e
1e+
1e
-
++1
0e
e10
1ee2
0e
abc
1e+
+
1ee2
1e
1ee2
--2
++1
000.e
-
++1
1ee2
1e+
1e-
+
1e
1e
1e-
000.e
1e-
abc
1e+
-
000.e
1e+
1.2.3
e10
1e-
000.e
.
1.2.3
0e
1e
--2
e10
++1
abc
--2
1ee2
--2
1e
.
1e-
1e-
-
e10
1e
--2
--2
1.2.3
1e-
1e-
1.2.3
+
++1
000.e
e10
1e-
abc
000.e
1ee2
1e-
0e
abc
1.2.3
++1
1e+
0e
e10
.
1e
+
1.2.3
e10
0e
1.2.3
1.2.3
1e
1.2.3
++1
--2
1e+
abc
1ee2
1e
e10
+
1.2.3
+
1e+
000.e
000.e
0e
++1
+
abc
1e
1.2.3
abc
1e
.
++1
1e
000.e
1e
1ee2
000.e
0e
1.2.3
++1
abc
e10
-
1.2.3
++1
--2
.
1e-
--2
1e+
1.2.3
e10
1e
+
abc
1e-
-
1e
abc
0e
000.e
abc
.
1e+
0e
-
1e+
.
--2
.
-
+
.
++1
1e
1ee2
0e
e10
--2
1.2.3
+
1ee2
--2
++1
1e+
.
++1
-
1e-
--2
+
--2
.
1e-
abc
1ee2
.
1ee2
abc
000.e
.
1e-
1e+
+
1.2.3
000.e
+
000.e
1.2.3
+
1ee2
e10
-
0e
++1
.
1.2.3
-
++1
--2
++1
1e+
abc
e10
1.2.3
.
1e-
--2
abc
--2
--2
1e+
1ee2
-
1ee2
.
000.e
++1
abc
1ee2
-
-
.
+
1ee2
++1
000.e
--2
e10
1e+
e10
.
0e
abc
1e
-
1e+
1e+
1.2.3
1e-
abc
1ee2
1e-
0e
0e
1e+
1e+
0e
--2
--2
.
1e+
1e-
0e
0e
1e
-
abc
e10
1.2.3
1e-
1e-
000.e
.
e10
--2
abc
000.e
-
abc
0e
.
abc
++1
.
--2
1e
0e
1e-
abc
.
+
-
0e
1.2.3
1e+
0e
1ee2
1e-
-
1ee2
1e+
++1
000.e
1e-
.
1ee2
abc
0e
+
000.e
e10
000.e
0e
++1
1.2.3
1e+
1.2.3
1e-
000.e
000.e
1e+
--2
--2
abc
0e
--2
.
0e
abc
e10
1ee2
.
1e+
1.2.3
1.2.3
+
e10
.
++1
++1
.
000.e
0e
--2
+
1e-
1.2.3
-
-
-
000.e
+
.
--2
1e-
0e
0e
e10
.
1e-
+
++1
000.e
abc
1e+
0e
--2
1e+
1e
1e
.
1.2.3
.
000.e
000.e
0e
.
-
1e+
e10
1.2.3
-
abc
abc
.
-
++1
1e-
1ee2
0e
1ee2
-
1e
1e+
+
1e+
1ee2
.
000.e
1e+
000.e
abc
1e
1e
abc
--2
0e
e10
.
--2
.
000.e
.
0e
0e
000.e
--2
0e
--2
++1
abc
1e+
abc
e10
+
1.2.3
0e
.
1e-
1e-
+
000.e
1.2.3
1ee2
0e
e10
++1
abc
1e+
--2
+
+
-
1.2.3
.
1e-
1e-
abc
1e+
abc
-
000.e
1.2.3
e10
--2
1e
--2
1.2.3
+
--2
0e
0e
+
1ee2
.
++1
1e+
abc
1.2.3
000.e
1ee2
000.e
1.2.3
0e
1e+
++1
1e+
abc
1ee2
1.2.3
-
++1
1.2.3
+
1e
1e
abc
1.2.3
1e
1.2.3
1e
.
000.e
1ee2
1e-
+
1.2.3
1ee2
1e
000.e
1e-
abc
+
0e
1ee2
000.e
abc
1e+
000.e
--2
1e+
1e
+
abc
000.e
abc
--2
+
++1
e10
-
1e-
0e
abc
--2
.
+
-
000.e
++1
+
-
0e
000.e
.
1e
1e
1e-
1e-
1e+
+
++1
-
000.e
000.e
--2
1e+
1e-
.
e10
1e-
abc
1e-
1e-
1e+
.
000.e
++1
1e-
abc
1ee2
e10
abc
1ee2
++1
1e-
e10
-
abc
--2
000.e
+
+
+
0e
abc
1e+
1ee2
000.e
--2
--2
abc
1e
+
abc
-
--2
++1
+
1e
+
-
1e-
.
--2
e10
1ee2
--2
000.e
1ee2
+
1.2.3
++1
1e-
+
.
e10
000.e
-
1.2.3
000.e
1ee2
e10
1e-
+
000.e
+
+
1e
1e
abc
000.e
e10
+
.
.
--2
1ee2
e10
1.2.3
1.2.3
1.2.3
1.2.3
0e
1e
1e
-
1e+
+
1e+
1e-
+
0e
e10
1e
abc
e10
.
1e
1e
1e
1ee2
1ee2
e10
1e-
.
000.e
.
.
-
-
1e+
1e
000.e
--2
000.e
e10
++1
e10
1e+
e10
1e
1e
000.e
++1
0e
--2
++1
000.e
1ee2
e10
1e+
e10
.
1e+
0e
abc
-
1e
.
1.2.3
1.2.3
-
+
1e
000.e
-
1e+
1ee2
abc
1e-
1ee2
1.2.3
++1
1.2.3
1e-
1e-
1e
--2
abc
1e
1e
e10
e10
000.e
000.e
1ee2
+
1e+
abc
000.e
1e-
abc
000.e
--2
++1
++1
1.2.3
e10
1ee2
abc
1e+
--2
1ee2
--2
abc
.
1e
++1
1e+
-
+
000.e
--2
-
1e-
+
1e-
e10
++1
++1
e10
1e-
1e-
.
.
e10
1.2.3
1.2.3
0e
+
-
1ee2
e10
--2
.
000.e
e10
1ee2
abc
+
.
-
--2
++1
+
++1
abc
abc
1e
0e
-
1e
0e
1.2.3
-
e10
+
e10
-
--2
000.e
1e
1e+
abc
1.2.3
++1
1e-
1ee2
000.e
1.2.3
++1
e10
e10
1e+
--2
1e-
-
-
1e-
abc
.
-
++1
.
-
1e-
1e-
1.2.3
+
--2
e10
+
1ee2
--2
-
1.2.3
e10
1.2.3
1ee2
.
abc
.
+
000.e
.
--2
1.2.3
.
--2
1.2.3
000.e
++1
1.2.3
1e+
-
1e
+
+
1e+
.
-
abc
e10
.
abc
.
1e
e10
abc
++1
000.e
1e
e10
1e-
1e-
1.2.3
e10
abc
.
-
000.e
abc
+
1.2.3
e10
000.e
1e+
000.e
0e
000.e
+
-
+
-
-
1.2.3
e10
1.2.3
++1
000.e
abc
e10
++1
1ee2
0e
1.2.3
1e+
++1
1e+
++1
1.2.3
++1
e10
0e
1.2.3
abc
++1
--2
1e-
-
.
1.2.3
0e
e10
1e-
1e-
++1
0e
1e+
+
1e+
abc
--2
.
1.2.3
1ee2
++1
e10
1e
0e
.
+
1e
0e
0e
abc
1.2.3
+
.
1e+
++1
1ee2
+
1e+
1.2.3
0e
+
e10
+
++1
0e
.
1e-
e10
e10
1ee2
1.2.3
0e
1e-
0e
+
--2
1e-
1e+
--2
++1
1e
1e+
1.2.3
1ee2
++1
000.e
-
.
-
.
000.e
000.e
0e
abc
0e
1e-
1ee2
0e
1ee2
-
1ee2
1e-
000.e
1ee2
1e
.
1e+
0e
1e+
abc
.
++1
1e
000.e
.
-
0e
abc
--2
++1
1e+
1ee2
-
1e-
1.2.3
e10
.
++1
e10
0e
1ee2
++1
000.e
++1
++1
++1
++1
1.2.3
-
e10
000.e
e10
+
--2
-
++1
1ee2
++1
--2
-
1ee2
e10
1.2.3
1e-
1e
-
++1
000.e
000.e
1e+
abc
1e+
-
.
1e-
0e
++1
.
.
1.2.3
.
e10
000.e
000.e
+
000.e
1e+
-
1e
-
-
++1
1.2.3
1e+
++1
--2
-
--2
000.e
+
abc
abc
1.2.3
1e+
abc
++1
000.e
000.e
000.e
--2
1e+
-
+
1e+
1e-
0e
1e+
-
1e+
000.e
1e
abc
1e
++1
1e-
+
-
1e
1e+
1e-
abc
1e-
000.e
1e-
1ee2
000.e
.
+
1e+
e10
0e
000.e
1e
+
1ee2
e10
1e+
0e
--2
1e-
1ee2
1e+
-
++1
-
1ee2
1e
e10
e10
0e
-
--2
e10
1e+
.
--2
0e
-
0e
+
+
e10
++1
000.e
++1
abc
.
1.2.3
e10
0e
.
1e+
++1
1e-
0e
1ee2
1e-
++1
.
000.e
1ee2
abc
++1
++1
.
1e
1e+
-
1e-
1e
.
000.e
0e
--2
e10
-
abc
-
e10
++1
.
+
e10
1.2.3
abc
0e
1.2.3
+
-
1.2.3
1ee2
1e+
e10
-
1.2.3
0e
++1
1e-
.
1e+
e10
abc
1ee2
++1
e10
0e
e10
++1
1.2.3
1e-
1ee2
++1
abc
+
.
++1
0e
abc
++1
.
1ee2
1e-
1e
+
1e+
1e+
e10
e10
1e-
+
1ee2
1e-
1ee2
e10
++1
abc
000.e
0e
++1
1e+
000.e
-
000.e
++1
0e
+
.
1e-
++1
abc
1ee2
.
1.2.3
000.e
--2
1e-
e10
e10
abc
-
0e
++1
.
1e+
1.2.3
1.2.3
+
++1
1.2.3
++1
1e-
e10
abc
.
1e+
1.2.3
1e+
++1
++1
1.2.3
abc
++1
000.e
0e
--2
e10
.
1e-
1e
--2
abc
1.2.3
1e+
0e
.
000.e
000.e
+
abc
1e
++1
++1
1e-
++1
++1
000.e
abc
-
.
000.e
1.2.3
1e+
.
1.2.3
1e+
-
000.e
--2
e10
-
e10
abc
1e-
e10
.
1e
+
1e-
1e+
000.e
1e-
1e
-
abc
--2
1.2.3
e10
+
+
1e
1e-
++1
1e+
1e+
1e-
1e-
-
1e-
1.2.3
1e+
0e
1ee2
1e
++1
e10
1e-
1e
abc
--2
0e
1.2.3
abc
0e
000.e
abc
+
0e
1ee2
++1
--2
1ee2
++1
.
e10
++1
1e-
0e
1e-
1ee2
000.e
1e+
--2
.
1e+
++1
1e
1.2.3
++1
++1
.
.
1e
.
++1
abc
1.2.3
.
0e
000.e
0e
abc
1.2.3
1e+
abc
+
abc
-
abc
1e-
1.2.3
1ee2
-
1ee2
000.e
++1
000.e
1.2.3
000.e
e10
1e
++1
abc
1e-
.
e10
--2
1e
+
1ee2
e10
+
e10
1.2.3
--2
1e+
1e
1.2.3
1ee2
.
1ee2
1ee2
abc
+
--2
e10
000.e
e10
++1
0e
000.e
1e
e10
1ee2
+
1e-
++1
000.e
e10
1e-
1.2.3
abc
++1
--2
1e+
abc
1e+
+
0e
e10
++1
e10
1ee2
e10
1e+
0e
000.e
+
+
-
--2
.
1e
abc
--2
-
.
-
1e-
1e
abc
-
abc
++1
1.2.3
1ee2
.
1e-
000.e
0e
+
1.2.3
++1
1ee2
.
1e
abc
1e-
e10
e10
-
++1
1ee2
++1
--2
1e
0e
1e+
1ee2
--2
1ee2
1e+
000.e
+
1e
e10
1.2.3
1e
000.e
0e
--2
abc
1ee2
1.2.3
1.2.3
.
e10
1.2.3
+
e10
1e
++1
1e+
1ee2
1e-
abc
1.2.3
+
++1
1e-
-
000.e
-
0e
-
1e-
1e
1e-
e10
e10
000.e
0e
1e-
1.2.3
1ee2
1.2.3
--2
1e+
.
1.2.3
+
--2
1e+
--2
1.2.3
e10
--2
++1
1e-
0e
1.2.3
0e
+
0e
.
1.2.3
--2
abc
1e-
1e-
.
+
1.2.3
++1
++1
++1
abc
1e-
++1
abc
abc
1.2.3
000.e
000.e
e10
.
1ee2
1e
abc
e10
1e
0e
-
1e-
0e
e10
.
1e+
0e
1ee2
000.e
-
-
1e-
1e+
1.2.3
.
1ee2
000.e
1ee2
--2
--2
1ee2
abc
.
000.e
1ee2
000.e
1e+
.
0e
abc
0e
.
000.e
e10
.
.
-
000.e
000.e
1ee2
e10
1e+
-
-
--2
.
0e
abc
.
.
abc
.
-
000.e
1ee2
1e
1ee2
.
000.e
1e
+
000.e
-
+
.
--2
+
++1
1e+
1ee2
0e
000.e
--2
0e
1e+
+
000.e
1e-
++1
1e+
++1
--2
.
+
1e-
+
1.2.3
1e
0e
-
abc
abc
e10
+
1e-
--2
1e-
+
.
0e
.
1e+
1e+
1e
.
++1
abc
++1
.
-
--2
e10
1e+
.
++1
.
--2
000.e
0e
1e
1ee2
e10
1.2.3
1.2.3
--2
1e-
++1
0e
++1
++1
abc
--2
++1
000.e
0e
1e
1e-
abc
000.e
+
1.2.3
1ee2
000.e
++1
++1
000.e
abc
-
e10
-
e10
++1
++1
e10
e10
--2
000.e
++1
.
+
1e
abc
000.e
1e+
abc
--2
000.e
-
1e+
+
1ee2
1ee2
1e-
e10
1e-
abc
1ee2
++1
++1
-
000.e
000.e
++1
1.2.3
++1
.
1e+
abc
1.2.3
+
000.e
+
.
1.2.3
--2
e10
1e-
e10
1e
abc
-
++1
000.e
1e-
-
1e-
0e
-
000.e
0e
+
abc
000.e
--2
.
abc
1e-
-
.
1e+
+
--2
++1
1e+
000.e
0e
0e
1e-
--2
1.2.3
++1
e10
abc
-
1ee2
1e-
--2
1e+
-
1e
+
++1
1e+
000.e
0e
--2
1e-
e10
-
.
1.2.3
0e
0e
abc
0e
--2
1e
.
e10
e10
1e-
-
abc
--2
e10
1e-
-
-
1ee2
+
1e
0e
++1
0e
1.2.3
abc
0e
1ee2
+
1e+
1e+
1ee2
+
1e+
0e
000.e
1e+
1ee2
0e
1e+
e10
-
000.e
++1
-
000.e
-
0e
000.e
1.2.3
1ee2
0e
1e-
000.e
e10
-
+
1.2.3
000.e
++1
+
1e+
1e+
-
000.e
0e
abc
1ee2
-
.
.
abc
++1
.
1e+
++1
.
--2
.
++1
-
1ee2
--2
000.e
1.2.3
1e
000.e
+
e10
e10
-
-
e10
--2
++1
1e+
--2
000.e
000.e
1e
0e
++1
000.e
1e+
1.2.3
1e+
0e
.
1ee2
1e+
e10
1.2.3
e10
1e-
.
1e-
-
0e
++1
abc
-
+
1e
1e-
000.e
.
.
0e
1e+
-
1e-
1e+
1e-
--2
1e
1e-
+
abc
++1
1e+
e10
++1
.
1ee2
-
+
-
-
abc
+
000.e
--2
++1
e10
1e+
000.e
0e
0e
--2
.
0e
.
abc
++1
+
0e
++1
1e
.
1e-
--2
1e
.
-
abc
1ee2
0e
1.2.3
0e
-
abc
abc
1e
e10
abc
++1
+
1ee2
.
+
-
abc
++1
-
000.e
0e
1e+
+
1e
1ee2
1e+
1.2.3
--2
.
1e
1e
1e
e10
+
+
-
1e-
1e-
000.e
0e
1.2.3
1e-
--2
0e
+
1e
1.2.3
1e-
+
e10
--2
.
e10
--2
abc
--2
1.2.3
+
e10
--2
1.2.3
1e+
0e
++1
000.e
1e-
1ee2
-
1e-
0e
1e
1e
abc
.
--2
0e
0e
1e
--2
+
1e+
0e
e10
000.e
1e
abc
.
1e-
.
1.2.3
--2
0e
1e-
.
--2
++1
1e-
.
1.2.3
++1
1e
.
0e
e10
.
1e-
1.2.3
1ee2
abc
--2
+
.
--2
abc
1e
-
.
1e-
1e-
1e
-
--2
++1
1e+
1ee2
++1
.
+
-
1.2.3
-
1e+
e10
+
--2
++1
e10
e10
1e-
.
e10
abc
e10
-
1e+
e10
abc
1ee2
+
0e
000.e
++1
-
1ee2
abc
++1
abc
0e
abc
1e-
--2
1.2.3
-
.
1e+
1e
e10
1e+
abc
1ee2
abc
abc
-
--2
1.2.3
abc
0e
1e
abc
0e
+
1.2.3
1.2.3
.
e10
000.e
--2
1e+
+
.
1.2.3
1ee2
+
--2
-
000.e
.
--2
++1
+
1e+
1e-
1.2.3
++1
--2
e10
1e-
1e-
abc
1e-
1e
1e
-
000.e
abc
1e-
0e
+
1e-
1ee2
.
1ee2
1e-
-
1e-
-
.
+
--2
1e
1.2.3
1.2.3
1e+
e10
++1
--2
1ee2
1ee2
abc
+
0e
000.e
000.e
abc
1.2.3
--2
+
1ee2
.
000.e
1.2.3
1e
1ee2
1ee2
.
1.2.3
+
1e-
abc
abc
abc
+
+
1.2.3
0e
.
abc
1.2.3
+
000.e
1e+
1e+
+
-
1e+
1e
1.2.3
000.e
1e-
abc
-
0e
1e+
abc
+
e10
1e
1e+
--2
1e+
1ee2
abc
1e-
1e-
1e
0e
0e
1e+
+
+
++1
1e-
.
1ee2
1e
1ee2
1ee2
+
e10
+
1ee2
1e+
1e-
1.2.3
+
1e-
--2
-
1.2.3
1e+
++1
1.2.3
++1
-
abc
1e-
1e
+
e10
1e+
1ee2
1e
e10
1e+
-
1ee2
1.2.3
1ee2
1e+
++1
000.e
1.2.3
++1
.
.
1e
.
abc
--2
.
-
+
0e
1e+
1.2.3
.
--2
-
1ee2
++1
1e+
+
1e+
1e
++1
+
abc
1e+
000.e
e10
1e-
1e+
1ee2
+
1e+
0e
+
--2
1.2.3
1e-
1e
+
+
1e-
0e
0e
1ee2
1e
1e+
+
000.e
1e-
000.e
.
--2
-
-
+
-
1e
++1
1e-
1ee2
e10
abc
1e-
--2
+
1.2.3
e10
.
1e+
1e+
1.2.3
1ee2
1ee2
1e+
e10
+
e10
1.2.3
abc
1ee2
e10
e10
abc
e10
0e
1e+
1e-
abc
-
1ee2
1ee2
1e-
1e
000.e
.
--2
1e+
+
.
.
++1
.
1.2.3
--2
1e
.
1e+
000.e
.
+
1ee2
+
0e
1e-
-
.
--2
abc
e10
+
1ee2
++1
1e-
000.e
000.e
1e+
1e+
1e+
++1
.
++1
1e+
.
1.2.3
1e+
0e
0e
1e+
1e-
-
++1
1ee2
1e
1e-
e10
1.2.3
1e
--2
000.e
++1
000.e
1ee2
++1
+
1e+
--2
1.2.3
1.2.3
1e+
+
0e
0e
1.2.3
1e-
1e+
1.2.3
000.e
000.e
+
1.2.3
0e
000.e
1e-
e10
0e
1e+
+
abc
+
1.2.3
++1
abc
-
e10
1e
1e+
1ee2
e10
1e+
--2
--2
1e-
+
1e+
1e
1ee2
1e-
abc
e10
++1
e10
0e
+
1e
1e+
1ee2
-
1e
1.2.3
.
0e
0e
-
1e+
1ee2
1ee2
--2
000.e
+
1e+
1ee2
1ee2
1e-
++1
1e
1e
1ee2
e10
.
1.2.3
-
0e
e10
++1
0e
1.2.3
.
.
-
++1
1e
1e
1.2.3
.
.
--2
-
1ee2
1e+
1e+
1e
1e+
0e
++1
++1
1e+
++1
1e+
1e+
--2
-
.
.
.
1e
+
1.2.3
000.e
+
000.e
1e+
1e-
+
1e-
e10
-
1e+
e10
1ee2
e10
1e+
++1
000.e
.
-
1e
abc
1ee2
e10
0e
-
+
1ee2
--2
e10
1.2.3
000.e
-
.
1.2.3
+
1.2.3
1e+
1e
1.2.3
0e
1e
--2
1e
1.2.3
-
e10
1ee2
--2
1e
1ee2
abc
++1
e10
1ee2
+
1e
+
++1
1e+
000.e
+
1e-
1e-
1e-
abc
+
1e-
1ee2
+
000.e
.
abc
.
000.e
1ee2
1.2.3
abc
0e
1.2.3
abc
1e+
--2
1ee2
++1
.
1e+
++1
0e
+
abc
1.2.3
.
+
-
++1
000.e
e10
1ee2
e10
--2
abc
0e
++1
-
--2
1ee2
1e+
1e-
++1
--2
++1
-
+
000.e
1.2.3
+
++1
1.2.3
abc
+
1ee2
1ee2
000.e
-
1e
e10
++1
e10
abc
1e
1e-
+
e10
1e
0e
.
-
0e
1e+
--2
1ee2
-
0e
.
1.2.3
000.e
1e
000.e
1e
1e+
-
1ee2
1ee2
--2
--2
1.2.3
e10
1e
1e+
1.2.3
+
-
1e-
.
++1
1ee2
0e
-
000.e
1e
000.e
1e-
abc
1e+
+
--2
--2
000.e
0e
+
1e
-
1e
1ee2
abc
.
+
1.2.3
000.e
+
e10
1e
--2
-
1e
0e
e10
--2
0e
1e+
-
1e-
-
0e
1ee2
0e
1e+
++1
e10
abc
.
-
1e
abc
++1
1e
+
1ee2
--2
-
1e+
1e-
++1
1e
0e
1ee2
1e+
++1
-
1e-
.
e10
e10
1ee2
-
1ee2
1ee2
e10
1e
000.e
1e-
000.e
0e
-
abc
e10
000.e
abc
1e
--2
-
1e-
1ee2
+
e10
1ee2
000.e
1e
1e-
1ee2
--2
1.2.3
1e
abc
--2
.
.
.
1e+
1ee2
1.2.3
0e
--2
1ee2
abc
1e
0e
1e-
+
abc
1.2.3
--2
--2
1.2.3
1.2.3
0e
0e
+
+
-
1e
-
--2
1e
0e
++1
1e
1e-
0e
1e+
+
e10
.
.
1e-
1e-
--2
000.e
1.2.3
--2
--2
0e
1e
++1
+
.
e10
1e+
1.2.3
1e
--2
++1
--2
1e-
1e
1e+
1e
000.e
e10
1e+
e10
.
.
e10
-
1ee2
000.e
abc
e10
+
-
1ee2
1e+
1ee2
++1
1e
++1
.
--2
--2
abc
++1
e10
--2
++1
-
e10
1.2.3
1ee2
++1
1ee2
+
++1
000.e
1e-
abc
1.2.3
1e+
abc
--2
.
1e-
1e
--2
++1
.
1e
abc
++1
abc
000.e
1e-
-
000.e
1e-
000.e
1ee2
1ee2
-
e10
--2
0e
abc
1e+
.
--2
1e+
0e
abc
abc
.
000.e
++1
0e
1e-
abc
abc
1.2.3
e10
e10
.
000.e
1e+
--2
1e
++1
1e+
++1
000.e
1ee2
0e
.
000.e
-
1e+
++1
1e-
e10
1e
.
e10
.
0e
+
1e
1ee2
1.2.3
1ee2
1.2.3
+
000.e
-
abc
+
000.e
1e
.
++1
1ee2
0e
1e
++1
1e+
--2
.
0e
+
1e+
++1
1e
0e
-
.
1.2.3
1e-
abc
1e-
e10
1.2.3
.
+
0e
-
0e
1e+
abc
1e+
1.2.3
e10
.
1e+
1e
abc
1e
1ee2
1e-
e10
1e
+
1ee2
++1
1ee2
1ee2
1e-
abc
+
+
0e
000.e
abc
++1
1e
000.e
1e+
1e-
-
0e
--2
-
e10
++1
1e-
+
1ee2
1e+
1.2.3
1ee2
000.e
e10
1ee2
1e-
abc
1ee2
+
1.2.3
1e-
1e
++1
.
-
.
.
1ee2
--2
--2
1ee2
0e
1e-
0e
-
.
-
-
1ee2
--2
1e
e10
1ee2
1ee2
abc
1e
1e-
++1
1e-
abc
1e-
1e
++1
e10
abc
1e-
abc
0e
++1
e10
1e
e10
--2
abc
.
e10
1e-
+
abc
1ee2
000.e
1e
1e+
1e
abc
1e
--2
1ee2
1e
1.2.3
e10
e10
000.e
++1
.
1e-
.
abc
e10
--2
+
abc
++1
e10
+
--2
1e
-
.
++1
e10
.
1e
0e
1e+
e10
abc
+
1e
1e+
e10
1e+
e10
abc
0e
1ee2
1.2.3
.
+
--2
000.e
1e-
--2
e10
e10
1ee2
1.2.3
e10
--2
--2
e10
1ee2
+
1ee2
1ee2
000.e
0e
abc
0e
+
1.2.3
1e+
1.2.3
000.e
--2
e10
1.2.3
1e
e10
+
1ee2
e10
1e-
1e-
--2
000.e
++1
++1
0e
-
000.e
+
+
1.2.3
--2
--2
-
++1
-
--2
++1
1e+
+
--2
+
-
--2
.
abc
-
e10
0e
e10
1e
000.e
+
+
1.2.3
1e
1.2.3
1e+
1e+
abc
1e+
0e
000.e
++1
0e
--2
1ee2
0e
1e
1ee2
++1
1e
1e
--2
1ee2
abc
--2
1.2.3
1e-
1e+
1e-
+
0e
0e
1ee2
-
1e-
.
1e+
abc
-
.
1e
1e+
.
1e-
e10
e10
.
1e-
abc
-
.
--2
-
++1
+
-
abc
1.2.3
--2
1e-
1e+
1.2.3
.
1e-
abc
1ee2
--2
e10
1ee2
000.e
abc
0e
+
1e+
.
1e
--2
1e-
1e-
.
1e+
1.2.3
1e+
000.e
1.2.3
e10
.
--2
000.e
-
abc
e10
000.e
+
1ee2
+
1ee2
abc
.
++1
1ee2
--2
1e-
0e
1e+
1ee2
1.2.3
0e
--2
.
.
0e
+
--2
1e+
.
--2
1e
0e
--2
++1
1.2.3
000.e
.
e10
000.e
1.2.3
0e
1e+
1e+
1e
abc
1e+
abc
000.e
-
0e
.
000.e
1e-
1e+
0e
000.e
-
1e+
e10
-
000.e
1.2.3
000.e
1e
1ee2
1e-
--2
1.2.3
0e
1e+
000.e
e10
0e
1ee2
+
1.2.3
1ee2
++1
1e-
+
1ee2
1e+
1e+
--2
--2
e10
1ee2
000.e
0e
abc
000.e
000.e
-
++1
0e
1e-
0e
1e
1e+
1.2.3
++1
--2
1e+
.
1e-
e10
1e
++1
1e
abc
--2
000.e
e10
1e-
000.e
abc
1.2.3
-
abc
+
1ee2
-
1ee2
.
abc
.
++1
1e+
++1
1ee2
++1
0e
+
1e-
--2
1e+
--2
++1
1e-
e10
0e
1e-
1e
.
000.e
.
e10
+
abc
1e+
e10
--2
abc
0e
1ee2
++1
1.2.3
000.e
abc
--2
1e
1e
1.2.3
abc
000.e
--2
e10
-
.
+
abc
1e+
--2
1e-
-
++1
0e
+
1e-
++1
1.2.3
-
e10
0e
1e-
1e-
e10
e10
1.2.3
+
-
1e
++1
e10
abc
000.e
0e
--2
1e-
0e
++1
--2
.
1e
000.e
abc
--2
+
1e+
1ee2
--2
1e
000.e
--2
1.2.3
1.2.3
1e+
0e
+
abc
0e
1e
abc
e10
--2
-
000.e
++1
1e-
1.2.3
1e+
--2
-
++1
1e+
0e
1e+
abc
1e
--2
++1
++1
-
1e-
1e+
++1
--2
0e
abc
++1
1ee2
000.e
e10
+
1e
.
1.2.3
++1
0e
-
abc
1e-
1ee2
.
1e-
1ee2
0e
-
0e
+
.
1e+
1e
++1
.
++1
+
abc
1ee2
.
+
1ee2
1e-
1.2.3
1e-
1e+
.
0e
0e
abc
1e-
++1
000.e
++1
1ee2
1.2.3
000.e
+
1e
++1
1e+
abc
++1
++1
000.e
1ee2
0e
--2
--2
e10
-
.
--2
1e-
1ee2
+
++1
+
1e+
--2
-
abc
++1
1.2.3
1e-
e10
000.e
1e-
1e+
--2
e10
-
-
++1
-
000.e
1e-
-
1e+
1e
+
.
--2
.
0e
1e
--2
e10
1e
.
1e
.
++1
1.2.3
abc
-
+
.
-
+
1e
e10
e10
000.e
.
000.e
+
1e+
1ee2
-
-
0e
1e-
000.e
.
+
0e
.
abc
abc
1e+
1.2.3
--2
000.e
-
1e-
1e
++1
abc
1e+
abc
0e
+
+
.
1e-
++1
1ee2
1ee2
.
1e
++1
--2
.
1ee2
1e-
++1
e10
abc
000.e
000.e
1e
1ee2
abc
1e-
000.e
e10
0e
.
1e+
1ee2
.
1e
.
0e
-
000.e
1ee2
--2
1.2.3
1e
--2
abc
abc
1.2.3
1.2.3
++1
1e+
-
1e
1e-
e10
1e
-
+
1e+
000.e
abc
1ee2
--2
--2
+
++1
1e+
1.2.3
1e
abc
1e-
e10
-
000.e
++1
000.e
-
1e
-
abc
abc
000.e
abc
e10
-
1ee2
abc
1.2.3
abc
1e
++1
1ee2
.
-
-
-
0e
+
1e+
1e+
1e+
--2
.
000.e
++1
abc
e10
++1
++1
000.e
1ee2
.
0e
1ee2
1ee2
e10
1e
1e+
0e
000.e
1e-
000.e
+
1e+
+
--2
.
1.2.3
+
+
1e-
-
--2
-
000.e
++1
--2
.
0e
++1
1.2.3
+
e10
abc
000.e
.
abc
.
1e-
abc
abc
+
abc
abc
1ee2
000.e
1e
000.e
1ee2
0e
e10
e10
++1
abc
1e
abc
000.e
.
000.e
abc
--2
++1
+
.
-
e10
000.e
e10
.
1e
+
0e
1ee2
.
000.e
1.2.3
--2
--2
1e+
abc
1ee2
1e
e10
1e-
1e
++1
--2
1ee2
1e-
-
000.e
1e-
.
1e+
000.e
000.e
.
1.2.3
0e
--2
0e
1e+
-
1e+
1ee2
--2
1e-
0e
abc
++1
.
--2
000.e
+
1.2.3
1ee2
++1
+
+
0e
1.2.3
1ee2
1e
++1
1e
abc
abc
++1
e10
e10
.
+
0e
+
0e
e10
+
0e
-
--2
1e-
e10
+
-
+
e10
.
.
e10
1e+
++1
abc
e10
abc
-
000.e
abc
1ee2
--2
e10
.
e10
1e+
0e
1e
1e
1e+
1e
--2
+
1e
1e-
++1
1e-
abc
0e
.
e10
0e
1e+
e10
1e
000.e
1ee2
1e-
-
+
-
0e
--2
1e-
++1
1ee2
1.2.3
+
e10
000.e
1e-
--2
1ee2
abc
1ee2
-
--2
000.e
1e+
0e
--2
e10
1e
1ee2
1.2.3
++1
1.2.3
000.e
1e-
--2
0e
.
1.2.3
0e
--2
.
1e+
+
000.e
++1
0e
1e
.
+
1e+
0e
--2
1ee2
1e
000.e
1e-
++1
+
abc
-
0e
e10
.
1e-
1e+
abc
1e+
++1
1ee2
+
0e
--2
--2
1.2.3
1e
.
1e-
1ee2
--2
1.2.3
1ee2
++1
+
000.e
-
1.2.3
--2
+
1ee2
+
1e
1ee2
1ee2
1ee2
1e+
1.2.3
1ee2
1ee2
1ee2
1e+
-
-
.
-
1.2.3
-
1e+
1e
.
1e+
1.2.3
0e
abc
000.e
abc
1e
000.e
e10
000.e
+
.
++1
-
1ee2
+
1ee2
0e
1e+
--2
1e-
abc
1.2.3
abc
-
abc
1.2.3
.
1e+
000.e
-
1.2.3
1.2.3
1e-
abc
--2
000.e
-
1.2.3
.
000.e
++1
--2
e10
000.e
--2
abc
.
+
-
.
abc
.
1e+
1ee2
1e+
1e+
1e
-
--2
abc
+
000.e
1e+
e10
.
1e+
.
1e
.
++1
.
-
abc
abc
1.2.3
000.e
.
e10
1e+
1e-
1e+
1ee2
1.2.3
1e
--2
++1
000.e
-
1e+
1e+
-
.
000.e
1e-
0e
+
000.e
1e
+
--2
000.e
++1
1e+
--2
.
.
abc
e10
-
1e-
e10
1e-
e10
0e
1.2.3
0e
--2
e10
1e-
1e+
++1
1e-
1.2.3
1e-
0e
1e
1ee2
1.2.3
1ee2
abc
-
1.2.3
+
e10
-
abc
e10
000.e
--2
1e
1.2.3
000.e
abc
1e
+
.
1e+
0e
0e
-
0e
1e+
-
1.2.3
1e-
--2
--2
+
e10
000.e
-
1e
++1
1e+
abc
1.2.3
1ee2
1ee2
000.e
-
1.2.3
000.e
1.2.3
e10
1.2.3
abc
++1
+
abc
++1
000.e
--2
+
1.2.3
1ee2
1.2.3
--2
.
--2
1.2.3
.
000.e
--2
++1
1e
-
+
000.e
1ee2
000.e
+
0e
1.2.3
1e-
++1
+
1e-
000.e
.
e10
1e-
-
++1
+
1e+
1e+
abc
++1
++1
.
abc
1.2.3
.
1e-
0e
000.e
.
.
0e
1e+
.
e10
-
.
++1
000.e
0e
1e+
1e
--2
0e
e10
-
0e
+
-
000.e
0e
000.e
abc
+
+
--2
1e+
000.e
.
+
1e-
1e
-
e10
+
1.2.3
.
--2
1ee2
+
1e
1e+
1e+
abc
+
--2
000.e
000.e
1e+
+
e10
-
1e-
e10
1.2.3
1.2.3
e10
1e-
1e-
1e-
000.e
000.e
-
++1
0e
1e
--2
1e-
-
000.e
0e
1e
1e-
--2
1.2.3
1e
++1
abc
-
1e+
000.e
000.e
.
-
1e-
1e+
0e
abc
+
0e
abc
1ee2
1ee2
000.e
1ee2
+
+
1e+
1.2.3
1e+
0e
1ee2
1e+
1e-
--2
0e
++1
e10
1e
0e
000.e
000.e
1e
1e
1e-
1ee2
0e
000.e
1e-
+
-
++1
0e
1ee2
1e
abc
1e
e10
1e+
+
1e
.
1e+
--2
+
abc
++1
abc
000.e
abc
1e
000.e
e10
1.2.3
0e
1e-
0e
1.2.3
++1
1.2.3
++1
--2
-
1e-
1e
-
000.e
++1
++1
1e+
1.2.3
-
1e+
++1
1ee2
--2
--2
1e+
-
1e+
-
.
--2
e10
1e-
1ee2
1.2.3
abc
1e
+
++1
abc
1e+
+
000.e
1e+
++1
-
1e-
1e-
--2
000.e
--2
e10
0e
.
1.2.3
-
1e+
abc
000.e
1e+
0e
abc
1e-
1ee2
1e
.
1ee2
1.2.3
1e+
e10
1e+
000.e
--2
+
.
+
1ee2
-
1e+
-
++1
abc
e10
.
1e
000.e
1e-
+
1e-
1.2.3
--2
1e
1e
e10
1e
1e-
abc
-
1ee2
--2
-
.
++1
1e
1.2.3
1e-
abc
1e-
e10
.
1ee2
1e-
++1
1.2.3
-
000.e
1e-
0e
.
+
1e-
abc
abc
abc
+
.
1e+
0e
1e
1.2.3
--2
++1
e10
+
1e-
000.e
e10
e10
1.2.3
1e+
1e
-
.
-
++1
1.2.3
++1
1e-
-
1e-
-
abc
++1
1.2.3
--2
1ee2
1ee2
.
1e-
abc
-
1e-
000.e
1e-
-
.
1e+
0e
1ee2
-
000.e
.
--2
0e
-
1ee2
-
abc
e10
1.2.3
--2
.
0e
+
1ee2
000.e
1e
1e
000.e
1e
0e
000.e
0e
1e-
e10
1e+
1e-
++1
--2
e10
000.e
0e
.
--2
0e
000.e
--2
0e
000.e
1e
1e+
1e+
abc
.
e10
0e
0e
1e+
--2
1e+
e10
+
1e+
0e
1e+
1.2.3
1e
.
-
000.e
-
1e
abc
.
1e+
000.e
abc
+
--2
1e+
1ee2
-
1e-
--2
e10
-
-
0e
1e
1e
e10
+
++1
--2
abc
--2
abc
abc
000.e
.
1e
1e
1e+
1e+
1ee2
0e
-
0e
1e
000.e
--2
abc
e10
abc
1e
e10
e10
.
1ee2
1e+
0e
+
1e+
.
000.e
1.2.3
e10
.
.
1e+
e10
1.2.3
1e
+
1.2.3
-
000.e
-
0e
-
+
000.e
1e-
abc
--2
--2
+
-
1.2.3
+
1e
e10
-
e10
1e
1e-
000.e
0e
-
1e-
--2
000.e
e10
1ee2
0e
abc
e10
++1
1e+
e10
1e+
-
+
1ee2
1e+
0e
-
1ee2
1e-
1e+
+
abc
abc
1e
+
1e
1e-
1e+
++1
0e
++1
abc
1e
000.e
000.e
0e
++1
.
+
1e
0e
1.2.3
--2
1e
000.e
1e+
-
abc
++1
++1
0e
++1
.
1ee2
abc
.
1e
.
1e+
1.2.3
1e+
++1
+
-
000.e
1ee2
1ee2
1.2.3
000.e
+
1e+
000.e
--2
1ee2
+
1e-
1e
+
--2
++1
1e
--2
e10
1e
1ee2
1e
e10
1.2.3
1e-
0e
1e+
1ee2
000.e
.
abc
e10
-
abc
e10
e10
.
.
abc
1ee2
0e
+
e10
-
1e
--2
1.2.3
1.2.3
1ee2
1e-
000.e
.
--2
.
--2
1e-
-
1e-
e10
1ee2
1.2.3
0e
abc
-
+
1e-
1e+
1.2.3
1ee2
--2
1e
0e
1e-
000.e
1.2.3
1ee2
1e
-
e10
++1
1ee2
-
1e+
1.2.3
e10
000.e
1ee2
.
1e
1.2.3
--2
1ee2
-
-
--2
1.2.3
000.e
000.e
e10
-
abc
abc
000.e
1e+
1ee2
1ee2
abc
0e
e10
-
.
1e
--2
1ee2
e10
abc
-
0e
-
-
1e-
1e+
.
1e-
.
-
1ee2
.
-
1e+
-
.
.
1e
--2
1e
abc
1.2.3
+
1.2.3
1e-
0e
-
000.e
++1
++1
1.2.3
1e
1ee2
1.2.3
1e
0e
1ee2
-
1e
1e
-
e10
-
1.2.3
000.e
e10
abc
1.2.3
1ee2
++1
1e+
+
abc
--2
--2
.
1e
000.e
000.e
1e-
000.e
--2
000.e
000.e
1e-
+
++1
+
1ee2
+
++1
1.2.3
abc
++1
1.2.3
e10
1e+
1e+
abc
0e
1e-
1e-
e10
1e
.
-
.
1ee2
-
.
e10
0e
1e+
1.2.3
.
1e+
-
e10
e10
+
+
1e
-
abc
--2
.
--2
+
1e+
1e-
1e-
000.e
.
1e+
0e
--2
1.2.3
1ee2
1e
0e
1e-
1e-
e10
1e-
.
1.2.3
--2
++1
1e+
1e+
1e-
000.e
000.e
1e-
--2
1ee2
+
000.e
++1
000.e
0e
0e
1.2.3
000.e
1ee2
e10
-
abc
.
0e
e10
e10
e10
--2
++1
1e
1e-
.
.
e10
1e
000.e
0e
0e
++1
abc
++1
.
1e
1ee2
.
1e
1e+
0e
.
.
1e
++1
000.e
1.2.3
.
e10
000.e
1ee2
0e
1ee2
1e
++1
000.e
0e
+
1ee2
1.2.3
.
1.2.3
++1
.
+
++1
1e-
abc
++1
1e-
+
1e
-
-
1e-
000.e
-
abc
abc
e10
e10
-
+
0e
1.2.3
e10
000.e
--2
1e-
abc
++1
1e-
1.2.3
--2
0e
-
1.2.3
.
e10
0e
+
1e
1e-
e10
1e+
e10
-
1e
++1
1e
1.2.3
1e-
1e
1e-
000.e
1ee2
--2
0e
-
1e
0e
1e+
.
.
abc
e10
1e-
.
.
1e-
+
1e
1e-
0e
1.2.3
-
+
000.e
1e
++1
abc
1.2.3
.
++1
0e
+
1e-
1ee2
--2
1e
-
-
.
+
++1
e10
1e
++1
1e
1e-
1ee2
1ee2
-
1e
1.2.3
000.e
1e-
000.e
--2
0e
1e-
++1
+
1e-
--2
.
.
abc
1e
1ee2
.
--2
--2
0e
++1
++1
--2
abc
+
+
++1
abc
1e
000.e
--2
1e
000.e
e10
++1
-
1.2.3
1e+
e10
-
e10
1e+
++1
e10
1ee2
1e
abc
1e
abc
abc
1e+
++1
-
+
--2
.
000.e
abc
1.2.3
1.2.3
++1
1e+
0e
abc
--2
1ee2
.
000.e
+
abc
+
1.2.3
1e
1ee2
++1
abc
000.e
1ee2
1ee2
-
--2
abc
1.2.3
1e
0e
1e-
abc
++1
abc
e10
1e
0e
0e
0e
000.e
1e
1ee2
000.e
+
1e-
1e
000.e
1.2.3
--2
-
0e
1e
000.e
+
1e-
1.2.3
000.e
1e+
1.2.3
-
0e
e10
e10
-
++1
++1
1.2.3
1e-
abc
0e
1e+
1ee2
++1
1e-
1e-
+
+
1.2.3
--2
e10
000.e
-
++1
+
1e
0e
000.e
++1
1e+
.
abc
-
++1
+
1ee2
0e
000.e
1e-
1e-
--2
1ee2
--2
1ee2
1e
--2
1e+
--2
abc
0e
.
0e
abc
1ee2
0e
1e
1.2.3
1e+
1ee2
1e
1e+
.
0e
000.e
1e
1e+
-
--2
000.e
1e+
000.e
++1
.
.
++1
1e-
+
e10
++1
+
000.e
000.e
000.e
e10
1e-
e10
1ee2
1e
1ee2
--2
+
++1
000.e
+
1e+
++1
1ee2
.
.
e10
--2
-
1ee2
000.e
0e
0e
.
abc
+
1e+
000.e
-
0e
1e-
-
1e+
--2
1ee2
1e
--2
1e+
e10
1ee2
--2
1e
+
1e+
-
1.2.3
.
1.2.3
e10
1.2.3
abc
++1
1e+
1.2.3
000.e
1ee2
0e
e10
1e+
+
.
1e
000.e
1ee2
1e+
-
+
000.e
0e
abc
--2
+
1e-
+
abc
1ee2
++1
1e+
0e
1e+
--2
+
.
000.e
1ee2
--2
++1
--2
.
0e
1e
e10
abc
e10
1ee2
1e-
1e-
1e
000.e
000.e
0e
++1
1ee2
1ee2
000.e
e10
abc
1e
0e
1e-
1e
+
1.2.3
1.2.3
++1
.
-
1ee2
+
++1
1e-
-
abc
1e-
1e-
++1
1e-
e10
1ee2
e10
1e
1.2.3
1e+
.
1ee2
+
000.e
0e
1e+
1ee2
1.2.3
1e
0e
.
1e
000.e
+
abc
000.e
000.e
+
1e
++1
abc
1e-
000.e
0e
--2
1e+
1e-
abc
0e
1ee2
1ee2
0e
--2
1e+
1e
++1
1ee2
1.2.3
abc
1.2.3
abc
-
1e
1e
e10
0e
-
0e
e10
1.2.3
++1
.
1e
+
000.e
1e
1e
1e+
+
1e
0e
.
++1
++1
++1
+
0e
1e+
1e+
.
+
000.e
1e-
-
++1
++1
000.e
e10
++1
abc
000.e
e10
0e
--2
1ee2
e10
1ee2
-
e10
0e
1e+
.
e10
1ee2
e10
--2
-
1ee2
0e
000.e
-
1e+
1e-
1e
1.2.3
1e-
0e
abc
1ee2
1e
1e-
1e+
e10
1e
000.e
000.e
1e+
--2
0e
0e
abc
1e+
abc
1e-
000.e
--2
.
-
1.2.3
abc
1ee2
--2
1e+
abc
e10
1e
1e
1.2.3
abc
--2
e10
1.2.3
1ee2
0e
0e
1e
1ee2
1e
++1
1ee2
1e+
--2
-
1e
1.2.3
+
1e-
e10
e10
1e+
.
+
1ee2
e10
1e-
e10
e10
0e
1ee2
++1
1ee2
1e-
1e+
-
.
.
+
000.e
abc
1.2.3
1.2.3
--2
1e
1e+
--2
-
1e
1ee2
+
.
abc
-
1e+
0e
1.2.3
.
1ee2
++1
--2
.
--2
e10
0e
000.e
000.e
++1
1e+
e10
1e
1e-
-
0e
1e
1e-
.
1.2.3
000.e
++1
1ee2
1e+
e10
-
1e-
1e-
1e+
.
1e
-
++1
1.2.3
abc
0e
1e-
++1
+
1.2.3
1e
+
1e-
1e+
1e+
1ee2
1.2.3
abc
1.2.3
1e-
--2
++1
1.2.3
-
0e
1e-
1e-
1.2.3
1.2.3
--2
++1
++1
+
-
1ee2
1e+
+
1ee2
-
--2
1.2.3
1e+
++1
-
-
1.2.3
+
+
+
--2
000.e
1e-
-
+
++1
0e
-
--2
1.2.3
1e+
000.e
-
e10
++1
1ee2
1e+
abc
e10
.
.
0e
+
+
1e-
000.e
--2
-
000.e
--2
0e
e10
.
0e
1ee2
1ee2
--2
1ee2
000.e
e10
1e
1e+
1e-
abc
+
-
abc
1ee2
1e-
+
1ee2
e10
e10
++1
1e-
e10
1e
-
--2
abc
.
abc
000.e
abc
1e-
1e-
1e-
+
000.e
e10
1e
e10
0e
0e
0e
000.e
1.2.3
abc
+
1e+
+
+
1e+
1e
000.e
1e
abc
+
.
0e
1e
000.e
+
--2
000.e
1e-
1e-
0e
1ee2
++1
.
-
000.e
000.e
+
1e+
000.e
++1
+
1e-
000.e
1e
-
1ee2
1e-
1e-
1e
1e+
++1
1e+
1e
0e
+
++1
0e
-
0e
1e+
--2
.
1e
1e-
0e
-
000.e
.
e10
1ee2
1e+
1e
1.2.3
1ee2
0e
++1
1e
0e
e10
e10
000.e
1.2.3
0e
1ee2
1ee2
1ee2
e10
1e-
-
1e-
e10
0e
--2
++1
e10
000.e
000.e
1e+
1e
1ee2
++1
--2
+
1e-
--2
abc
++1
1e
1.2.3
abc
.
--2
0e
e10
+
e10
1e
1e
.
1e-
e10
1e-
-
0e
abc
0e
1e+
+
+
1e+
+
1e-
.
1e+
++1
1.2.3
++1
1e
1ee2
000.e
000.e
000.e
0e
1e-
++1
.
1e-
1e-
+
++1
1e
1ee2
-
-
-
-
1e-
1ee2
0e
000.e
e10
1e-
000.e
0e
000.e
abc
e10
-
1ee2
1ee2
000.e
1.2.3
-
1ee2
.
1e+
+
1e+
1e-
--2
e10
1ee2
0e
1e+
--2
e10
-
--2
1e+
1e+
0e
-
1e-
1e
000.e
--2
abc
e10
000.e
--2
.
1e+
1e+
--2
1.2.3
1e
1.2.3
1ee2
+
abc
1e-
1e+
000.e
000.e
1.2.3
-
0e
1ee2
abc
+
+
1e-
.
.
.
e10
0e
.
.
-
abc
++1
+
e10
++1
1e
.
.
.
abc
1ee2
-
abc
.
0e
0e
1.2.3
1.2.3
1e
0e
1e-
1ee2
1ee2
1e+
--2
1e-
1ee2
1e
+
--2
1ee2
.
1.2.3
1e-
.
1ee2
0e
+
1ee2
1e-
1e-
1e
.
e10
e10
1e+
1e+
-
-
+
1e+
abc
--2
000.e
.
1e-
-
1e
abc
1ee2
1e+
++1
.
1.2.3
-
1e-
-
+
1e
e10
--2
000.e
1e+
1ee2
abc
--2
-
--2
-
1ee2
+
--2
1ee2
1e-
1ee2
0e
--2
abc
+
1ee2
1e-
.
--2
1e+
0e
+
-
1.2.3
-
0e
--2
-
.
-
e10
1e+
+
.
-
1ee2
000.e
+
000.e
--2
.
e10
1.2.3
abc
1e+
0e
000.e
.
1e-
e10
--2
-
--2
1e
++1
-
0e
1.2.3
-
1e-
.
1e
e10
--2
1ee2
+
-
000.e
1.2.3
000.e
+
1e
e10
abc
--2
1ee2
1e-
++1
++1
0e
+
.
0e
++1
1ee2
1e
--2
e10
1ee2
1e
1.2.3
1e-
+
++1
0e
1e+
1e+
1.2.3
--2
000.e
-
--2
0e
000.e
000.e
1ee2
abc
000.e
0e
1.2.3
1ee2
e10
.
1.2.3
1e-
000.e
abc
1e
1e
++1
1ee2
.
1e+
1ee2
1.2.3
1e+
0e
1e
1e
1e
.
1e-
1.2.3
-
++1
1e-
abc
1e-
abc
e10
0e
1e-
1e-
--2
++1
+
--2
0e
1.2.3
0e
++1
1ee2
++1
e10
000.e
1e-
1e+
--2
000.e
.
1.2.3
-
e10
1e+
1ee2
.
0e
e10
+
000.e
000.e
+
.
-
-
1e-
1e+
1ee2
1.2.3
+
.
0e
1ee2
++1
abc
.
--2
0e
000.e
1e-
+
abc
1e
e10
.
.
0e
--2
++1
.
1.2.3
--2
.
1e+
1e
++1
abc
--2
.
1ee2
--2
+
1e-
+
0e
0e
1e+
.
1e-
.
000.e
1.2.3
1e-
1e+
--2
1.2.3
--2
0e
1e-
-
0e
000.e
+
abc
1ee2
--2
+
--2
-
.
+
--2
++1
-
--2
1e
1.2.3
1.2.3
1e
+
000.e
1ee2
--2
0e
1.2.3
-
.
1.2.3
1ee2
1.2.3
1.2.3
000.e
.
abc
0e
1.2.3
1e+
abc
000.e
.
0e
0e
--2
1e
1e+
++1
000.e
000.e
1e+
--2
.
1e+
.
000.e
++1
1ee2
-
1ee2
--2
--2
++1
-
abc
000.e
000.e
.
--2
0e
000.e
1e-
.
1ee2
.
++1
1.2.3
1e+
++1
abc
-
--2
1e-
000.e
abc
1ee2
e10
1e
0e
1e-
1e+
000.e
1ee2
1ee2
--2
1ee2
abc
--2
.
1e-
1e+
1e
e10
.
-
000.e
000.e
1e
1e-
e10
e10
e10
0e
abc
1e+
0e
1.2.3
1ee2
1.2.3
++1
000.e
--2
+
1e-
1e+
1e-
1ee2
-
+
0e
e10
abc
e10
e10
++1
000.e
1e
1ee2
.
--2
.
-
+
1.2.3
000.e
--2
+
1ee2
1e-
-
0e
++1
++1
000.e
-
1e
1e
++1
++1
-
1.2.3
1e+
.
1.2.3
000.e
000.e
1.2.3
000.e
1ee2
++1
-
-
1e
+
+
000.e
++1
1ee2
000.e
.
1.2.3
1e-
abc
e10
1.2.3
-
++1
0e
1e+
0e
abc
000.e
1e
--2
000.e
0e
1e+
+
1e
-
--2
1ee2
-
000.e
+
000.e
++1
1e
1.2.3
--2
1ee2
0e
000.e
+
+
abc
+
-
1ee2
--2
--2
1e
1.2.3
+
--2
-
1e-
.
1.2.3
0e
1.2.3
1e
0e
1e
1e
1.2.3
1e+
--2
0e
--2
++1
1e+
1ee2
-
000.e
1ee2
abc
.
1ee2
1e+
0e
1e-
1e
000.e
abc
1e+
.
+
1e
1e+
1.2.3
+
0e
+
-
e10
.
e10
+
e10
1e
-
1e-
-
1e+
e10
1.2.3
1.2.3
-
0e
--2
.
0e
1.2.3
1.2.3
.
-
+
000.e
1.2.3
abc
.
1e-
.
1.2.3
1e+
abc
abc
.
--2
.
-
.
1.2.3
+
1e+
-
e10
--2
0e
++1
1e-
++1
1ee2
0e
1ee2
1e+
0e
1e-
000.e
1ee2
1.2.3
1e-
1e-
++1
1e+
abc
1ee2
1ee2
+
+
+
0e
1e-
0e
1e
-
1e
++1
1e+
1e
0e
.
1ee2
1e+
-
e10
+
+
++1
++1
-
e10
000.e
1.2.3
000.e
.
1e
-
.
1e+
1e-
-
-
e10
1.2.3
--2
000.e
+
1e+
1ee2
000.e
1e
1.2.3
--2
1e-
1e
+
--2
abc
000.e
1.2.3
.
++1
1ee2
1.2.3
1ee2
+
.
+
--2
--2
000.e
1.2.3
1e+
-
1.2.3
1e-
abc
++1
1e-
1e-
1ee2
1e-
++1
1e-
0e
0e
1e+
abc
e10
++1
.
1e+
e10
+
--2
+
+
abc
++1
--2
--2
0e
1.2.3
1e-
--2
.
1.2.3
e10
1e+
--2
+
+
.
.
-
+
0e
e10
1e+
++1
abc
1.2.3
+
1e-
.
1e
e10
0e
1.2.3
--2
0e
1e
0e
1ee2
1ee2
-
1.2.3
--2
1e
1e
1.2.3
0e
1e+
1.2.3
1e
1e
+
000.e
1e
--2
1ee2
++1
1e+
.
0e
1e-
e10
++1
1e
--2
1.2.3
000.e
1ee2
.
.
1e-
.
-
000.e
-
1e-
000.e
1e
.
1.2.3
1e-
1ee2
1.2.3
1.2.3
--2
++1
-
000.e
000.e
-
1.2.3
000.e
1e
--2
000.e
000.e
000.e
e10
1ee2
++1
000.e
1e-
1ee2
--2
1e+
1.2.3
--2
--2
0e
000.e
-
++1
1e
--2
--2
abc
e10
1.2.3
--2
1ee2
1e
-
e10
1e+
-
.
abc
+
0e
e10
+
1e
1e
1ee2
abc
.
.
-
++1
1ee2
1ee2
+
0e
.
0e
++1
+
1ee2
1.2.3
.
1.2.3
++1
.
1.2.3
1e
+
1e+
1e+
abc
++1
0e
1ee2
0e
abc
e10
abc
++1
1e-
+
++1
1.2.3
abc
e10
1e+
++1
000.e
-
1e
0e
.
1.2.3
abc
1e
e10
e10
--2
1ee2
.
1ee2
000.e
1ee2
-
e10
abc
.
e10
-
.
.
1e-
0e
0e
++1
1ee2
1ee2
000.e
000.e
+
++1
abc
abc
-
-
-
-
0e
.
-
1e-
-
000.e
+
--2
1ee2
.
1e-
1e-
-
+
1.2.3
1.2.3
-
1e
--2
1.2.3
++1
1.2.3
++1
+
.
000.e
000.e
--2
000.e
1e
0e
-
--2
--2
abc
--2
.
000.e
.
-
1e-
.
1ee2
e10
1.2.3
000.e
-
e10
1e
+
e10
abc
--2
1e+
e10
abc
1e-
1ee2
1e
+
+
e10
++1
1e-
-
0e
1ee2
0e
--2
1ee2
1e
.
1e+
.
abc
-
1e-
--2
1e+
e10
1e-
1ee2
1e-
0e
1.2.3
-
++1
.
abc
++1
-
1e
e10
1.2.3
--2
.
.
-
1e+
--2
--2
e10
1e
0e
e10
1ee2
++1
abc
+
1.2.3
1ee2
1e-
--2
.
.
--2
000.e
--2
1e-
1e+
--2
++1
1.2.3
+
1e-
1ee2
--2
--2
000.e
.
1e+
--2
1e-
1e+
1e
1e-
1e-
000.e
-
1.2.3
e10
++1
e10
1.2.3
abc
1e+
000.e
0e
e10
1e+
0e
.
abc
1e-
+
abc
1e-
000.e
000.e
.
0e
1ee2
+
+
1e+
--2
-
.
abc
--2
1ee2
1e+
1e
0e
--2
000.e
000.e
--2
1e-
.
1ee2
abc
++1
--2
1e-
1e
000.e
000.e
-
0e
-
1e+
0e
--2
1ee2
-
1e
+
000.e
+
1e
1e
0e
1e
.
0e
1e-
+
0e
++1
++1
1e
1.2.3
+
e10
.
+
1e+
--2
+
+
1e
1.2.3
1e-
1e-
++1
-
.
0e
e10
000.e
--2
0e
--2
++1
--2
++1
abc
1e-
1ee2
++1
+
1e-
1e-
1e-
1e
-
+
1e-
1e-
000.e
-
1.2.3
1e-
.
1e-
1ee2
1.2.3
1e-
+
abc
1.2.3
.
.
-
+
000.e
000.e
e10
++1
abc
+
.
0e
.
1e-
1ee2
1.2.3
1e+
++1
1.2.3
0e
e10
000.e
0e
1.2.3
1e+
e10
000.e
000.e
-
1e-
e10
+
.
.
+
0e
--2
e10
abc
-
1ee2
-
1e
1ee2
.
e10
1e-
e10
1.2.3
-
-
1ee2
1.2.3
.
000.e
0e
abc
--2
1e+
1ee2
+
++1
0e
1ee2
.
1ee2
abc
++1
0e
1ee2
1e+
+
1e+
++1
e10
1e-
e10
++1
1e+
e10
1e
1.2.3
+
--2
1.2.3
000.e
000.e
abc
1e-
1.2.3
1ee2
1e+
0e
1.2.3
-
1ee2
0e
-
0e
e10
0e
000.e
1e-
+
abc
++1
0e
1.2.3
abc
1e
1.2.3
.
1e+
.
e10
1e
000.e
e10
--2
1e-
++1
.
000.e
e10
1ee2
1.2.3
abc
1e
.
1e+
.
1.2.3
1e+
1ee2
.
1ee2
000.e
1e
0e
abc
000.e
1ee2
++1
.
+
abc
1ee2
1ee2
+
0e
000.e
-
abc
1e+
+
e10
++1
.
abc
--2
.
+
-
-
000.e
1.2.3
0e
++1
e10
++1
++1
1ee2
.
1.2.3
.
.
000.e
1.2.3
1e-
abc
000.e
1e+
1ee2
1e-
-
++1
000.e
--2
.
abc
1e-
.
e10
e10
1e-
--2
.
1e+
abc
000.e
0e
1e-
abc
1e-
000.e
0e
++1
1ee2
++1
1e
1ee2
000.e
1e
-
1ee2
1e-
1e+
--2
1ee2
++1
e10
--2
1e-
abc
-
0e
1.2.3
+
1e-
abc
000.e
e10
++1
1ee2
1e
1e
--2
1.2.3
1ee2
1.2.3
-
000.e
-
e10
1ee2
-
-
+
abc
.
.
abc
e10
1e+
-
1e-
abc
--2
abc
+
1.2.3
1e+
0e
-
-
e10
e10
+
0e
++1
1e+
+
000.e
1e-
abc
+
1e+
000.e
e10
0e
1ee2
000.e
abc
+
.
1e-
0e
e10
++1
000.e
1e-
0e
1.2.3
-
1ee2
abc
000.e
++1
abc
0e
0e
1e+
1e+
--2
e10
++1
++1
1ee2
1e+
+
0e
-
.
abc
000.e
.
1e
0e
1e+
abc
000.e
1ee2
--2
e10
1.2.3
000.e
000.e
-
++1
1.2.3
++1
1e
1ee2
++1
1e-
+
e10
1e+
0e
1ee2
--2
1e
-
++1
-
-
--2
000.e
+
000.e
abc
1e+
1.2.3
1e
.
-
.
1e-
1e+
e10
000.e
--2
.
abc
0e
1ee2
1e
abc
.
.
1e-
abc
.
0e
1e+
000.e
1.2.3
1e-
0e
abc
000.e
1.2.3
.
+
1e
1e
1e+
1e+
abc
0e
1.2.3
1ee2
000.e
000.e
+
.
1e
1.2.3
0e
1e+
1e-
1ee2
.
.
e10
0e
++1
1e
000.e
000.e
e10
++1
+
-
1ee2
0e
0e
1.2.3
--2
.
--2
1.2.3
--2
000.e
--2
-
++1
++1
.
0e
1e+
++1
1.2.3
-
+
1ee2
0e
1ee2
1ee2
0e
1ee2
e10
000.e
abc
1e
1ee2
+
0e
1ee2
e10
-
+
1ee2
e10
1.2.3
1e-
--2
.
000.e
0e
abc
0e
--2
1e
1e-
1e
1e+
1e-
1e+
+
++1
0e
abc
e10
1e
1ee2
0e
--2
1e-
1e-
+
1.2.3
.
0e
+
000.e
-
1ee2
1e+
1e-
-
1e
000.e
1e+
--2
1ee2
.
e10
-
1.2.3
1.2.3
1e
--2
0e
1ee2
abc
e10
e10
.
1e-
-
1e
--2
1e
e10
--2
1e+
--2
1e+
e10
000.e
1.2.3
-
-
+
++1
1ee2
1e+
1e+
e10
++1
1e+
e10
--2
1e-
1.2.3
--2
e10
1e
1e+
1e+
1.2.3
++1
1e
000.e
0e
000.e
1e
abc
1.2.3
+
+
-
--2
-
e10
1e
-
+
+
++1
abc
+
.
1e+
1e-
e10
1e+
++1
e10
1ee2
1ee2
e10
-
1e+
--2
1e-
-
abc
000.e
1ee2
+
000.e
--2
.
e10
1.2.3
1e-
e10
1ee2
0e
+
1.2.3
-
000.e
0e
1e+
++1
0e
--2
++1
000.e
000.e
1ee2
--2
000.e
0e
--2
--2
0e
1ee2
1e
1e+
--2
1e-
.
1e-
1e+
000.e
--2
e10
000.e
1e+
--2
1e-
e10
1e
e10
1e+
-
000.e
1ee2
1e+
++1
1e+
-
++1
1.2.3
1.2.3
--2
0e
000.e
000.e
1e
1e+
-
--2
1.2.3
+
0e
1ee2
1ee2
1ee2
--2
.
1e-
+
1ee2
000.e
.
-
.
1e
+
0e
1e-
-
000.e
-
000.e
--2
-
e10
abc
-
1e-
.
-
1e+
-
+
1e+
--2
0e
e10
abc
1e
++1
1e
.
1.2.3
1ee2
e10
1e+
0e
1e-
000.e
1e
1e+
000.e
++1
000.e
-
1e+
1e+
0e
.
--2
1e-
abc
1ee2
000.e
1e-
-
1.2.3
+
++1
--2
++1
-
.
1.2.3
1e-
1.2.3
1ee2
+
-
.
.
abc
1e
--2
abc
--2
0e
0e
000.e
1e-
+
--2
000.e
1ee2
e10
1.2.3
1ee2
1ee2
1e
e10
1e-
1e
-
1e+
1e-
1.2.3
1ee2
.
e10
.
-
1.2.3
0e
abc
1ee2
1e
+
1ee2
e10
abc
.
1e
000.e
1e-
0e
1ee2
1e-
-
1.2.3
--2
.
000.e
1e-
+
abc
e10
--2
-
1.2.3
1ee2
abc
++1
+
e10
++1
1ee2
0e
1e
1e
1e+
-
e10
1e+
++1
1e+
0e
++1
1ee2
--2
-
abc
.
1.2.3
.
abc
abc
-
1e-
0e
.
abc
1e-
-
+
++1
1ee2
e10
--2
++1
e10
000.e
1.2.3
1e
--2
000.e
1e
++1
e10
1e+
+
--2
-
1.2.3
0e
1e
000.e
.
abc
abc
1.2.3
1e+
1e+
000.e
000.e
000.e
e10
1.2.3
++1
1e
.
-
0e
1.2.3
+
abc
++1
abc
+
1e+
-
abc
000.e
++1
++1
+
++1
.
0e
abc
abc
--2
.
1ee2
-
1e
1e
1e+
+
e10
++1
000.e
1e+
+
1ee2
++1
e10
1.2.3
--2
e10
1ee2
-
1e-
e10
abc
abc
+
1.2.3
1.2.3
++1
0e
--2
000.e
++1
e10
000.e
+
1ee2
0e
.
+
1e+
-
e10
+
000.e
1.2.3
-
1e
.
+
e10
+
.
1e+
abc
+
1e-
000.e
1e+
.
--2
1e
1e
1e
--2
1e
-
+
1e-
.
--2
1e+
--2
000.e
++1
--2
000.e
--2
1e+
+
+
++1
abc
--2
--2
-
0e
1ee2
abc
1e-
0e
1ee2
1ee2
.
1ee2
1e+
1.2.3
1e+
.
000.e
-
e10
++1
+
1ee2
1.2.3
.
--2
--2
e10
--2
.
+
.
1e-
1ee2
1ee2
1ee2
+
abc
-
++1
++1
1e+
1e
1e+
000.e
1e
000.e
1.2.3
000.e
.
abc
1e+
1e-
++1
1e+
000.e
000.e
000.e
1ee2
1ee2
.
abc
+
1e+
1e+
+
++1
.
--2
1.2.3
++1
e10
0e
0e
1e+
+
--2
-
-
1e
0e
abc
e10
0e
.
-
.
1e-
.
+
abc
.
.
1e-
1e
+
++1
1e-
1.2.3
.
0e
1.2.3
1.2.3
++1
+
++1
.
1.2.3
1e+
+
e10
1.2.3
+
abc
1e
000.e
+
1.2.3
++1
abc
abc
-
+
e10
1ee2
--2
e10
0e
-
1e+
abc
0e
1e-
0e
1ee2
0e
.
abc
--2
1e+
abc
1e+
1.2.3
abc
1e
+
abc
0e
1.2.3
-
1e+
1e-
000.e
+
0e
1e+
0e
e10
+
e10
0e
e10
+
1.2.3
+
--2
1.2.3
abc
+
.
-
abc
--2
.
+
.
000.e
000.e
1.2.3
1.2.3
1e-
1ee2
--2
-
000.e
1e-
1.2.3
.
1e+
.
1.2.3
000.e
000.e
-
1e
1e
1.2.3
1.2.3
000.e
000.e
1ee2
1e+
++1
1e
1e+
000.e
.
abc
1e+
1e-
++1
1e
1.2.3
-
000.e
1e-
000.e
--2
1ee2
1.2.3
1e
--2
-
000.e
++1
1.2.3
0e
abc
+
1e-
000.e
+
0e
-
.
1e+
000.e
.
1.2.3
1ee2
1e+
-
.
--2
-
1e+
.
1e+
1e
++1
1.2.3
-
1e-
--2
e10
--2
0e
.
000.e
000.e
+
1e+
.
++1
--2
abc
0e
1.2.3
1e+
.
abc
1e+
1e+
0e
.
abc
1ee2
--2
--2
+
1.2.3
e10
--2
1e
e10
++1
e10
1e
e10
e10
0e
000.e
1e-
1e+
1e
--2
1e+
e10
1e-
e10
.
e10
1.2.3
0e
1ee2
1.2.3
1e
0e
--2
1.2.3
++1
e10
e10
--2
1e+
0e
.
0e
000.e
000.e
1e
+
++1
abc
1ee2
1e+
0e
000.e
+
-
1e-
1e+
0e
e10
1e
1e-
abc
++1
++1
+
1.2.3
-
1ee2
-
++1
0e
abc
abc
--2
1e+
0e
abc
1e+
e10
++1
1e+
000.e
000.e
1.2.3
--2
e10
abc
1e+
1e
0e
-
-
1e+
abc
-
000.e
-
.
+
1e+
e10
--2
-
1ee2
000.e
1.2.3
000.e
abc
.
e10
1e
1e
1e+
0e
1e-
++1
e10
1e
+
1e
1ee2
1e
+
1.2.3
abc
e10
1.2.3
.
abc
--2
1e-
+
1e-
0e
-
++1
abc
1.2.3
e10
000.e
1ee2
++1
000.e
abc
-
1ee2
000.e
--2
+
++1
1ee2
0e
1e-
--2
000.e
1.2.3
1.2.3
000.e
1ee2
1e+
1.2.3
++1
1.2.3
0e
abc
-
1e+
1e+
1e+
+
0e
1e-
0e
0e
000.e
1e
.
000.e
e10
1ee2
1ee2
-
1e+
1e
1.2.3
1.2.3
.
1e
abc
1e-
1e
000.e
++1
1e
1ee2
++1
-
-
1e-
e10
.
--2
abc
000.e
e10
abc
1ee2
e10
.
--2
1e+
000.e
1e
1e+
1e
--2
1.2.3
1e-
++1
+
1e-
1e-
.
++1
000.e
1e
+
1e-
1e
1e
-
-
-
0e
1e+
000.e
++1
.
1e+
e10
0e
e10
1ee2
1e-
.
1e+
000.e
1.2.3
1e-
--2
-
1ee2
abc
1ee2
.
1e-
1ee2
e10
1e
+
.
1e
1e
1.2.3
--2
1e
abc
1ee2
0e
e10
000.e
abc
1e
.
000.e
+
1.2.3
.
+
++1
e10
1e
1ee2
1e+
1e+
e10
++1
1e-
.
1e-
1e-
++1
1e-
abc
1ee2
1e+
1e+
+
e10
1e+
+
e10
-
--2
--2
.
1.2.3
1.2.3
000.e
e10
++1
1e-
abc
+
abc
1.2.3
1e-
abc
000.e
.
1ee2
abc
1e-
1e
+
1e-
e10
1e+
e10
0e
abc
1e+
--2
e10
1ee2
0e
1e
++1
1.2.3
0e
e10
e10
e10
.
++1
+
0e
.
1e+
0e
abc
.
1ee2
abc
0e
1ee2
.
1e-
-
abc
.
000.e
e10
e10
e10
+
e10
1.2.3
--2
1e
e10
e10
1ee2
+
1.2.3
--2
.
++1
+
e10
1e-
1.2.3
0e
++1
--2
000.e
abc
--2
+
.
e10
0e
1.2.3
.
1e+
e10
-
+
1e+
000.e
1e
1ee2
000.e
0e
--2
1ee2
.
.
1e+
+
++1
1e-
1.2.3
1.2.3
-
abc
0e
-
1.2.3
-
1e
+
++1
++1
-
1e-
e10
--2
1.2.3
e10
1e+
000.e
000.e
--2
++1
.
1e+
abc
1e
--2
.
000.e
--2
1e+
abc
1.2.3
.
1ee2
000.e
1e
000.e
1e-
1ee2
000.e
-
000.e
+
1e+
0e
1e+
1e+
-
1e-
1ee2
+
--2
1e
-
-
0e
0e
++1
-
.
1.2.3
1e
+
000.e
000.e
0e
1e
0e
+
e10
abc
1e+
1e+
000.e
.
.
--2
abc
000.e
-
abc
e10
e10
-
+
1e
1.2.3
-
1e+
1e+
abc
1e+
e10
++1
++1
1.2.3
1e-
1ee2
1.2.3
.
1e-
+
e10
1e+
++1
1e-
000.e
e10
1e-
000.e
--2
1e
abc
1ee2
-
++1
1ee2
-
1e+
1ee2
1e-
++1
1ee2
-
-
0e
1ee2
1e+
1.2.3
++1
--2
++1
+
1e
+
1ee2
--2
1e
1e+
1e+
0e
-
1ee2
+
000.e
abc
1.2.3
000.e
1e
1.2.3
1e-
1ee2
1e
1.2.3
.
1e+
++1
++1
0e
abc
1e-
1e-
e10
++1
0e
--2
--2
abc
.
.
1e+
+
+
1e
1.2.3
0e
-
.
e10
abc
1.2.3
--2
e10
1e-
0e
e10
000.e
1e+
0e
.
++1
0e
1ee2
--2
1ee2
abc
1e-
++1
000.e
--2
++1
-
1e-
1ee2
1e
1e-
1e+
1.2.3
.
-
1e
-
e10
++1
1.2.3
1.2.3
1e-
0e
+
.
0e
++1
.
0e
-
+
1e+
1.2.3
-
e10
++1
1ee2
1ee2
1ee2
0e
0e
--2
1e-
1.2.3
000.e
-
+
1e+
000.e
.
1e-
1e+
1ee2
-
0e
++1
e10
1e+
000.e
.
-
1e
.
1e+
+
++1
abc
.
1e-
1ee2
++1
+
1.2.3
abc
1e
.
1.2.3
1ee2
+
1e-
1e
-
1.2.3
.
1e-
+
.
1e+
1e+
-
1ee2
1e-
1.2.3
.
1e-
+
1e
-
1.2.3
+
e10
1e-
1e
000.e
1e+
1e-
abc
++1
1ee2
abc
e10
abc
1e-
--2
--2
.
-
+
+
1e+
abc
abc
+
--2
000.e
e10
++1
1e
0e
.
1e
1e-
-
1ee2
+
++1
0e
++1
.
1e-
.
1e
.
e10
abc
++1
0e
abc
1e+
abc
1ee2
0e
e10
e10
1ee2
++1
++1
1e
0e
--2
++1
-
1e+
1ee2
1ee2
--2
+
1e+
e10
000.e
--2
000.e
--2
0e
1e
1.2.3
000.e
--2
0e
1e-
--2
1e+
++1
+
1.2.3
1ee2
1ee2
--2
++1
.
1e
0e
1e
++1
e10
+
1e+
-
e10
-
e10
000.e
--2
1.2.3
1ee2
1e-
.
++1
1e+
000.e
000.e
1e+
1e
+
++1
.
-
-
1e
-
-
++1
1e+
1e+
000.e
1ee2
abc
0e
1e
--2
++1
e10
000.e
1.2.3
000.e
++1
1.2.3
1.2.3
e10
+
1ee2
1e
1.2.3
1e+
+
--2
1e
1.2.3
+
1e
1e-
0e
1e-
-
.
--2
1e
abc
-
1e-
0e
1ee2
e10
1.2.3
0e
.
1e
1e
++1
1e+
.
-
+
1ee2
.
1e-
.
0e
000.e
++1
1e-
abc
1ee2
000.e
000.e
1e+
e10
e10
.
1e-
e10
++1
1ee2
1e+
abc
e10
1ee2
+
1ee2
000.e
000.e
1e-
1e-
.
1e+
1e-
++1
--2
-
.
1e
.
1e-
1ee2
0e
+
-
000.e
e10
1.2.3
1e
.
1e
--2
1.2.3
abc
1e-
abc
1e
1ee2
e10
e10
0e
000.e
--2
1e
1.2.3
abc
.
000.e
e10
++1
+
--2
abc
abc
0e
abc
e10
1e+
1e-
.
++1
--2
1ee2
0e
000.e
abc
0e
-
000.e
e10
-
.
abc
1e+
1.2.3
1e
e10
000.e
1e+
1.2.3
1e-
000.e
1e+
000.e
1e+
1e
1e+
-
--2
abc
++1
.
0e
abc
1.2.3
abc
000.e
e10
1.2.3
1e
--2
-
.
.
-
1.2.3
e10
1ee2
-
1e+
e10
1e-
+
--2
abc
abc
1e-
+
--2
1e-
1e+
1.2.3
0e
.
+
1ee2
e10
e10
0e
++1
abc
e10
000.e
--2
1e+
++1
000.e
-
.
1.2.3
-
1ee2
1.2.3
1e+
1e
000.e
.
-
e10
000.e
-
+
abc
1e
++1
+
abc
0e
.
-
000.e
1e
1e+
e10
+
1e-
1e-
.
++1
abc
.
abc
1e
0e
000.e
1ee2
--2
0e
000.e
1ee2
+
1e-
1ee2
000.e
1e
000.e
--2
--2
1.2.3
1e-
000.e
1e
1ee2
abc
.
1.2.3
e10
--2
--2
1e
.
++1
0e
++1
0e
0e
.
++1
1ee2
++1
1e-
1.2.3
1ee2
1e+
0e
0e
e10
--2
1ee2
++1
0e
1ee2
1e+
+
-
+
1e-
.
000.e
000.e
0e
--2
+
1e-
++1
1.2.3
+
000.e
1ee2
--2
1e-
++1
1ee2
1e
++1
++1
000.e
1e+
0e
000.e
-
1e+
--2
--2
abc
abc
e10
.
1ee2
1e
1.2.3
000.e
-
++1
-
1e-
1e+
1e
1.2.3
abc
+
000.e
000.e
--2
+
-
.
1ee2
000.e
--2
1.2.3
.
000.e
1e-
1e+
1.2.3
--2
1e-
++1
1e-
--2
+
1e
1e
++1
++1
1ee2
e10
.
000.e
1e
--2
1ee2
1.2.3
++1
.
--2
1ee2
1.2.3
--2
000.e
1e-
.
e10
e10
0e
e10
-
1e
+
e10
1e+
e10
e10
-
--2
1e+
000.e
1.2.3
000.e
1e-
1e-
1e+
abc
.
1ee2
1.2.3
.
1e
0e
0e
000.e
-
-
--2
0e
000.e
.
--2
--2
+
-
e10
1ee2
000.e
++1
1e+
++1
1.2.3
1ee2
0e
1.2.3
1e
-
1e-
1ee2
abc
e10
+
-
1e+
1e+
000.e
0e
abc
--2
e10
1ee2
--2
.
1e
++1
1e
1e
000.e
++1
000.e
++1
--2
.
+
e10
1e
1.2.3
1e+
1.2.3
1e+
e10
-
--2
-
1ee2
abc
000.e
1ee2
1ee2
abc
e10
abc
1.2.3
++1
1e-
++1
.
++1
++1
1e+
+
++1
-
1e-
++1
1ee2
1e+
abc
000.e
1.2.3
e10
1e-
000.e
+
000.e
000.e
e10
--2
abc
000.e
+
abc
++1
1e-
000.e
1.2.3
1e+
abc
1.2.3
+
+
.
++1
0e
.
1e
1e
1e+
1e+
abc
1e
--2
++1
+
000.e
--2
-
1e-
-
e10
1e-
1ee2
abc
000.e
e10
--2
abc
1e+
-
1.2.3
-
000.e
abc
-
e10
abc
1e+
0e
-
000.e
000.e
abc
e10
1e+
1.2.3
1ee2
-
+
e10
--2
1.2.3
e10
-
000.e
abc
0e
1.2.3
abc
abc
1e-
1ee2
1e-
-
.
0e
1ee2
abc
1e
++1
++1
-
1.2.3
1ee2
1e
0e
abc
e10
e10
-
1.2.3
0e
++1
000.e
--2
1e+
.
0e
1.2.3
1e-
-
0e
.
000.e
++1
1e
e10
1.2.3
1e
abc
000.e
000.e
--2
1ee2
1e
0e
-
+
1ee2
+
+
0e
0e
.
0e
.
++1
1e-
--2
e10
1e
1.2.3
++1
abc
e10
--2
1e-
0e
.
1e+
--2
1e
++1
1.2.3
1e
000.e
abc
e10
1.2.3
0e
.
0e
1.2.3
abc
e10
1e-
1e-
000.e
1.2.3
.
-
.
abc
000.e
1e-
e10
1.2.3
1e+
abc
+
+
1ee2
--2
+
1ee2
1ee2
1e+
--2
-
--2
1e
.
000.e
.
000.e
0e
+
+
+
++1
1ee2
0e
0e
abc
1e+
1e-
--2
1ee2
e10
1e+
1.2.3
1e
000.e
1.2.3
1ee2
000.e
1.2.3
.
.
1e-
1e+
1e-
+
+
0e
abc
e10
1e+
--2
000.e
+
000.e
1e-
0e
1ee2
000.e
.
000.e
1ee2
+
1e
abc
1e+
-
.
1e-
1e+
1e+
+
.
+
000.e
1e+
+
e10
e10
1e
000.e
0e
++1
--2
1ee2
.
1e+
1e-
1e-
1e+
abc
abc
.
e10
-
.
0e
1ee2
e10
-
1ee2
.
abc
--2
1ee2
000.e
+
e10
1e+
1e-
abc
-
--2
0e
1e+
-
1.2.3
000.e
-
1e
++1
-
000.e
1ee2
1e+
1e
0e
1ee2
1e-
+
1.2.3
abc
.
1ee2
1ee2
e10
1e+
--2
1ee2
++1
000.e
1e
1e-
0e
1ee2
+
.
abc
1ee2
1e+
e10
1e
1.2.3
000.e
abc
++1
.
1ee2
e10
0e
--2
abc
000.e
1.2.3
1.2.3
1e-
.
--2
+
1ee2
1e+
--2
-
1e
.
abc
--2
e10
--2
000.e
1.2.3
1e
.
000.e
abc
+
.
1e
--2
1e
.
-
--2
1e-
++1
1.2.3
--2
-
1e
0e
++1
1e+
e10
000.e
+
+
1ee2
0e
1e
e10
e10
e10
-
+
++1
--2
1.2.3
0e
1e
1e
-
++1
++1
0e
--2
0e
+
++1
abc
1ee2
e10
e10
1e-
-
1ee2
1.2.3
1e+
1e-
1.2.3
1.2.3
++1
+
--2
1e
++1
000.e
1e+
abc
+
1ee2
1e+
1.2.3
--2
1e-
+
000.e
1ee2
1ee2
-
1e-
+
++1
++1
--2
000.e
-
000.e
1e+
1ee2
1.2.3
.
--2
e10
e10
000.e
.
1ee2
000.e
000.e
1e
-
1.2.3
-
+
abc
000.e
1ee2
0e
000.e
e10
+
abc
1e+
1ee2
1ee2
1e
+
e10
1e-
-
+
e10
abc
.
1ee2
++1
1ee2
0e
-
1e
1e+
1e
1e+
1.2.3
000.e
1ee2
1ee2
1.2.3
++1
e10
1.2.3
--2
e10
0e
abc
1e
000.e
abc
.
0e
0e
++1
1e
1.2.3
1e-
+
000.e
000.e
1e+
1.2.3
1e+
abc
000.e
++1
.
.
-
+
0e
1e
.
-
e10
1ee2
++1
++1
1ee2
1e+
1ee2
++1
1ee2
-
1e
1e+
--2
000.e
e10
.
000.e
e10
-
++1
0e
.
1e-
e10
1e
e10
abc
-
++1
--2
1ee2
0e
-
1ee2
abc
abc
+
1e-
1ee2
1e-
1ee2
0e
0e
e10
0e
e10
000.e
--2
--2
--2
1e+
++1
1ee2
1e
++1
1ee2
.
1e+
1e+
.
.
1e-
1e-
-
+
abc
-
++1
+
e10
-
0e
0e
1.2.3
0e
++1
--2
1e+
1ee2
000.e
1e
abc
--2
1e+
0e
abc
+
++1
+
+
1e-
.
1.2.3
1e-
1ee2
1e-
abc
abc
0e
1e
1.2.3
++1
1e+
++1
1ee2
.
1.2.3
000.e
1.2.3
1e+
abc
000.e
1.2.3
000.e
1e
e10
++1
-
1e+
0e
1e-
abc
1ee2
000.e
-
1e-
1e+
e10
--2
1e+
e10
.
e10
+
.
++1
1.2.3
++1
1e+
e10
1ee2
+
1.2.3
--2
+
--2
1ee2
-
abc
abc
1e+
.
e10
1e-
1e-
0e
++1
--2
.
1.2.3
++1
1e-
+
++1
-
1.2.3
0e
0e
--2
1e
1.2.3
--2
1e
000.e
+
abc
++1
--2
1e+
--2
-
1e+
0e
1e
e10
1.2.3
--2
.
1ee2
1e
abc
++1
e10
1e-
0e
1.2.3
e10
1ee2
--2
.
++1
1ee2
1ee2
1e
1e+
-
000.e
-
-
+
+
0e
+
--2
--2
000.e
1e
0e
e10
abc
e10
e10
++1
-
++1
-
+
+
-
abc
e10
1e
--2
abc
+
1e-
1ee2
1ee2
+
abc
--2
+
abc
--2
.
abc
0e
1ee2
1e+
--2
000.e
1.2.3
+
1e
++1
-
0e
-
++1
1e+
1e
--2
000.e
e10
abc
1.2.3
e10
.
--2
1e+
000.e
.
.
1.2.3
000.e
1e+
000.e
+
e10
+
1.2.3
0e
1.2.3
1e
000.e
1e-
--2
-
.
++1
1ee2
1e-
1e+
000.e
1e+
1e-
000.e
.
1ee2
1.2.3
e10
1e
+
1e-
1e+
1ee2
--2
+
--2
1.2.3
++1
--2
abc
abc
1e
1e-
--2
+
1e
1e
000.e
+
--2
-
.
1e
-
1e+
--2
+
e10
1.2.3
1e-
1e
abc
1ee2
++1
1ee2
-
1e-
1e-
abc
+
+
1ee2
+
.
.
1ee2
+
e10
abc
1ee2
1e
1e
-
1ee2
-
1.2.3
000.e
1ee2
1.2.3
1ee2
1e+
.
-
1.2.3
--2
+
0e
000.e
1.2.3
1ee2
1e+
.
+
1e-
-
e10
000.e
000.e
0e
0e
0e
0e
abc
-
1e-
1.2.3
++1
-
1e-
--2
e10
1.2.3
1e+
+
1.2.3
-
0e
0e
abc
1e+
++1
abc
abc
1.2.3
1e+
0e
1e
++1
abc
+
++1
+
1ee2
0e
1e+
--2
abc
1.2.3
e10
1e
e10
1e+
1ee2
1e-
1ee2
1e-
.
000.e
1.2.3
0e
-
-
1ee2
++1
e10
1.2.3
1.2.3
e10
-
000.e
-
1ee2
1e+
1ee2
-
abc
++1
1e
++1
1e-
1e
0e
1e-
1ee2
+
--2
1e
1e+
1e-
1e-
1ee2
1.2.3
abc
e10
++1
000.e
0e
e10
0e
1e+
+
-
.
.
+
1e-
e10
000.e
++1
000.e
0e
1.2.3
.
1e
-
abc
--2
e10
-
-
1e
000.e
-
+
1ee2
.
+
1e
+
0e
0e
1e
+
-
1e
--2
1e+
.
abc
1ee2
1.2.3
000.e
+
-
e10
-
1.2.3
abc
1e
+
e10
1ee2
e10
-
0e
--2
000.e
1e
1.2.3
1ee2
e10
++1
e10
1.2.3
e10
+
abc
--2
1e-
.
.
+
++1
++1
--2
+
++1
e10
1.2.3
1.2.3
abc
1ee2
1e
000.e
++1
.
--2
-
1e
-
+
1ee2
e10
.
1e-
1ee2
1e-
0e
1ee2
1ee2
-
1ee2
1e+
e10
0e
000.e
.
++1
.
000.e
++1
e10
abc
1e+
.
-
-
000.e
--2
--2
000.e
--2
1ee2
1e-
1.2.3
++1
--2
.
-
++1
.
+
1.2.3
000.e
+
+
1e
++1
1.2.3
0e
1e
0e
++1
1e-
+
abc
1.2.3
++1
000.e
-
e10
+
1e
--2
++1
.
++1
e10
.
e10
++1
1e-
1e+
000.e
1ee2
1e
e10
1ee2
++1
1.2.3
0e
+
1e+
.
-
0e
0e
1e
1e+
e10
++1
1.2.3
+
++1
1ee2
1.2.3
1.2.3
1e
1.2.3
1ee2
e10
++1
1e+
1e-
.
--2
.
++1
1e
1e+
1.2.3
1e
1e+
0e
1.2.3
000.e
0e
abc
1.2.3
0e
--2
-
++1
1e-
abc
1e
++1
e10
--2
0e
1e+
+
--2
--2
.
1e
1e-
e10
--2
1e+
++1
000.e
+
1e-
1ee2
abc
abc
1ee2
e10
--2
000.e
0e
.
1e+
abc
++1
1ee2
1e+
abc
++1
e10
1e
1e+
abc
1ee2
e10
+
e10
1e-
-
--2
.
--2
--2
1ee2
abc
1e-
000.e
1e+
1e-
--2
.
1e+
--2
.
000.e
-
+
--2
1e-
1e-
abc
abc
e10
1e
abc
000.e
1e
1e-
abc
abc
-
abc
1e-
0e
1e+
1e-
1.2.3
0e
-
++1
000.e
1ee2
1ee2
1ee2
--2
1e-
000.e
e10
1e+
-
e10
.
--2
+
.
e10
1e-
1e
+
1e+
000.e
1e+
1e+
-
1e-
+
+
0e
--2
1e-
.
1ee2
+
1e
abc
1ee2
abc
++1
e10
abc
000.e
e10
.
0e
1.2.3
000.e
abc
.
.
1.2.3
+
1e-
1.2.3
1e-
-
1ee2
1e
.
000.e
.
000.e
.
1e+
1e-
--2
000.e
++1
1.2.3
++1
++1
abc
0e
abc
1ee2
1e-
000.e
--2
1e+
+
000.e
1e
000.e
-
--2
--2
0e
1.2.3
e10
1e
1.2.3
1e+
1e+
-
.
1e+
1ee2
000.e
-
-
1e+
-
1e+
1e-
-
e10
--2
e10
1e+
1e-
1e+
e10
--2
0e
0e
abc
abc
1e+
e10
000.e
.
abc
--2
++1
+
0e
-
+
.
--2
1.2.3
-
1ee2
0e
--2
.
+
000.e
-
.
1e-
1.2.3
0e
e10
1ee2
1ee2
++1
++1
0e
-
1e
1ee2
.
0e
e10
e10
1e+
1e-
abc
0e
0e
0e
++1
-
.
-
1e-
++1
e10
1.2.3
++1
1e+
-
1.2.3
1.2.3
1e-
abc
1.2.3
.
-
1.2.3
+
+
1ee2
1.2.3
0e
+
--2
.
abc
0e
1e-
0e
1e-
+
--2
1ee2
.
1.2.3
1e+
-
1e-
.
-
.
-
++1
000.e
-
0e
e10
1ee2
abc
e10
e10
0e
e10
-
-
e10
1ee2
0e
1e+
++1
.
1e+
1e
++1
.
1ee2
0e
++1
-
1e
+
0e
--2
--2
+
.
++1
000.e
+
e10
0e
000.e
--2
1ee2
++1
1ee2
--2
.
1.2.3
1e+
++1
-
1e+
+
++1
++1
+
1ee2
1ee2
+
--2
1e
000.e
+
--2
1e
1e+
1.2.3
1ee2
0e
000.e
1ee2
1.2.3
1e-
1.2.3
000.e
000.e
0e
++1
1.2.3
0e
++1
--2
e10
abc
1e-
0e
1.2.3
0e
1ee2
0e
+
0e
-
000.e
-
000.e
e10
000.e
1e+
1e+
e10
000.e
0e
abc
++1
e10
e10
1e-
0e
0e
1ee2
0e
e10
1e
--2
1e-
e10
1ee2
000.e
000.e
+
1e
-
-
0e
++1
abc
.
1e-
1e-
e10
1e-
1.2.3
.
1.2.3
1e-
--2
0e
1e+
000.e
1.2.3
+
--2
--2
e10
1.2.3
++1
-
--2
e10
1e
1e+
1e+
++1
++1
0e
0e
1.2.3
+
e10
.
-
e10
1e-
1e-
0e
000.e
1e-
1ee2
1.2.3
000.e
++1
--2
abc
1e+
--2
--2
.
+
1ee2
000.e
--2
e10
.
1e-
0e
1ee2
1ee2
++1
-
.
--2
1e+
.
000.e
abc
.
000.e
-
0e
0e
1e+
abc
0e
--2
.
--2
+
000.e
1e
++1
+
1e+
1e+
1ee2
-
1e+
1e-
.
000.e
1ee2
abc
e10
abc
-
0e
1e-
+
e10
1ee2
0e
000.e
++1
--2
000.e
000.e
--2
1ee2
1e+
0e
0e
e10
1ee2
.
-
1.2.3
.
abc
++1
1e-
0e
1e
000.e
+
1.2.3
0e
1e-
.
e10
000.e
++1
.
1e-
1e-
-
e10
1.2.3
000.e
1ee2
1e+
abc
e10
1e+
abc
1ee2
1.2.3
1e-
0e
.
++1
e10
0e
1e
1e+
1e
abc
000.e
-
.
abc
--2
1e+
abc
0e
1e+
0e
++1
1ee2
--2
abc
1ee2
--2
-
++1
.
+
000.e
1ee2
+
-
--2
--2
abc
-
1.2.3
abc
e10
-
1e+
1e+
e10
e10
1.2.3
abc
1e+
1.2.3
1e
1.2.3
1e
--2
-
1e
1.2.3
-
1ee2
1e
0e
.
000.e
0e
--2
-
1e-
-
--2
abc
1e-
.
000.e
000.e
--2
0e
1ee2
0e
1ee2
e10
abc
e10
1e
++1
0e
000.e
e10
++1
1.2.3
-
1e+
1e-
1e-
--2
1e
.
e10
--2
1.2.3
abc
abc
1e+
0e
000.e
1e-
++1
1ee2
0e
1.2.3
1e
--2
-
abc
-
1ee2
000.e
000.e
1e-
1e
.
000.e
+
-
+
e10
1e-
1ee2
000.e
++1
1e-
+
abc
e10
+
1e
1e
e10
1e
000.e
1e
1e
1e-
e10
1e-
1e+
1.2.3
e10
.
e10
++1
1e
1.2.3
+
.
1e-
1ee2
e10
000.e
+
0e
1e
-
--2
e10
1e-
0e
0e
1.2.3
1e-
-
-
abc
--2
-
1ee2
1e
.
1e
++1
++1
1.2.3
--2
.
1.2.3
1e-
+
1.2.3
--2
e10
000.e
--2
--2
+
++1
1ee2
000.e
1.2.3
000.e
+
1e+
+
0e
-
+
1e-
1ee2
e10
e10
000.e
e10
000.e
000.e
++1
1.2.3
abc
++1
e10
-
1ee2
e10
0e
-
abc
++1
-
1e+
e10
1e
+
+
e10
abc
--2
1e-
1e-
e10
abc
000.e
1ee2
++1
1ee2
1e+
+
1.2.3
-
000.e
1.2.3
-
1e+
e10
--2
e10
--2
1e
abc
++1
.
1e+
.
++1
-
1e-
000.e
000.e
0e
--2
1e+
e10
1e+
1e
-
e10
abc
++1
1.2.3
-
--2
.
-
++1
1ee2
.
+
1e
abc
0e
0e
1e
-
1ee2
.
0e
1e-
++1
--2
1e-
1e-
1e-
--2
-
1.2.3
1e
1ee2
1e-
e10
abc
1ee2
0e
1e-
e10
0e
-
1e+
++1
1e
1e-
000.e
0e
-
1.2.3
1e+
0e
0e
1e
--2
000.e
--2
1.2.3
1e
-
-
1.2.3
-
1e-
.
.
1ee2
1e+
abc
1e
-
++1
0e
-
1.2.3
1e+
1e+
e10
e10
000.e
++1
e10
.
1e-
.
1.2.3
000.e
.
abc
1e+
-
+
1e-
1e-
000.e
.
0e
--2
1e+
1ee2
1ee2
e10
-
000.e
abc
1ee2
1ee2
.
-
1e+
e10
e10
.
.
--2
1e-
1ee2
--2
++1
-
1.2.3
1e
+
abc
e10
abc
000.e
0e
e10
e10
000.e
000.e
000.e
1e
1e-
+
++1
e10
.
000.e
.
--2
0e
1e-
++1
1e
1e
.
1.2.3
1e-
+
+
000.e
--2
000.e
+
1e+
1e-
e10
1ee2
.
+
1ee2
abc
+
abc
1e
1.2.3
--2
-
1e
000.e
.
++1
0e
++1
.
000.e
1ee2
1ee2
.
0e
1ee2
+
.
000.e
e10
e10
1e
1e-
-
1ee2
--2
1e-
-
1.2.3
++1
e10
++1
+
000.e
1e
1e-
.
000.e
1ee2
0e
--2
.
--2
e10
1e-
1.2.3
1e+
1.2.3
1e
+
1ee2
1ee2
abc
--2
1e+
-
1.2.3
0e
000.e
+
1ee2
e10
1.2.3
1.2.3
1e-
000.e
++1
--2
++1
1e+
-
+
--2
1e+
1.2.3
.
+
abc
1e
1e+
--2
1e+
1e-
++1
0e
e10
000.e
1ee2
1e-
.
--2
000.e
abc
e10
abc
1ee2
1e+
0e
000.e
e10
1ee2
+
+
e10
1e+
+
000.e
-
1ee2
abc
1e+
1.2.3
1e-
--2
0e
000.e
1e-
e10
-
0e
++1
abc
1e+
000.e
--2
1e+
.
--2
+
++1
000.e
1e-
0e
e10
++1
e10
1e+
abc
-
1e
+
+
1e+
1e-
1ee2
1ee2
1ee2
abc
1ee2
+
-
++1
.
000.e
abc
+
000.e
e10
1ee2
--2
++1
--2
++1
1.2.3
1.2.3
1.2.3
++1
1.2.3
1ee2
abc
000.e
1e-
++1
.
0e
++1
--2
--2
1.2.3
1e
1ee2
--2
1e-
1e+
1e-
1ee2
1ee2
abc
1ee2
1.2.3
++1
1.2.3
1.2.3
+
e10
000.e
-
1e+
1ee2
1ee2
000.e
abc
1ee2
+
1.2.3
1ee2
1ee2
--2
0e
1e
e10
-
.
1e-
1e-
1e-
++1
+
-
1e+
000.e
e10
abc
--2
+
--2
000.e
1e+
0e
e10
1.2.3
++1
1ee2
000.e
0e
.
+
abc
abc
-
--2
+
0e
e10
1e
1e+
1e+
.
1e-
-
0e
.
000.e
abc
1e+
1e-
-
1e-
-
1ee2
+
+
-
abc
-
0e
++1
0e
.
--2
1e
1ee2
1e-
.
1e
1e-
1ee2
-
abc
++1
1e
1e+
+
abc
0e
0e
++1
--2
abc
+
.
1.2.3
000.e
1e-
--2
1e-
0e
abc
000.e
-
abc
1e+
0e
-
+
0e
000.e
000.e
1ee2
1ee2
1e+
1e-
1e
+
e10
0e
1ee2
1ee2
+
1e
1ee2
000.e
++1
-
+
1ee2
-
++1
1.2.3
1.2.3
.
abc
e10
1e-
.
-
1ee2
1e-
e10
.
1.2.3
e10
1e+
abc
0e
1e-
.
.
++1
-
1e+
.
.
+
+
1e+
1e
e10
0e
.
000.e
--2
++1
1e
++1
1.2.3
0e
1.2.3
abc
1.2.3
abc
0e
++1
1e-
+
+
-
1e+
+
.
1.2.3
+
+
-
+
++1
0e
1.2.3
.
1e+
000.e
++1
1ee2
000.e
1e-
0e
1e-
-
1ee2
.
1e
abc
--2
--2
--2
.
1e
--2
1ee2
1.2.3
.
-
1.2.3
e10
e10
0e
000.e
-
1ee2
+
1e-
-
1e+
0e
.
1e
1ee2
-
--2
1e+
-
1.2.3
0e
1e+
++1
1.2.3
1e
000.e
000.e
--2
000.e
--2
000.e
e10
1e+
-
++1
-
.
1e
0e
+
++1
1.2.3
--2
++1
e10
0e
.
+
--2
+
1e-
e10
e10
--2
abc
++1
1e-
e10
abc
1e
000.e
1ee2
++1
0e
-
1e+
-
+
1ee2
abc
.
.
1e
1e-
000.e
-
++1
1e+
+
e10
1e-
1e+
e10
0e
1.2.3
--2
000.e
1ee2
-
0e
1e-
--2
1e-
000.e
+
.
+
1.2.3
-
1e+
1e+
1e
1ee2
e10
.
000.e
e10
1ee2
1.2.3
000.e
1e-
1e+
1e
000.e
1.2.3
1.2.3
1.2.3
e10
++1
1e-
1e+
+
++1
1e
1ee2
1e+
.
1.2.3
e10
000.e
000.e
.
1e+
++1
e10
++1
000.e
000.e
1e+
.
.
--2
1e
++1
+
1e
1e-
1e+
abc
-
1e
000.e
000.e
abc
0e
1e-
abc
+
1e
.
++1
1e-
000.e
1e-
1.2.3
-
-
++1
1.2.3
--2
++1
e10
1e
-
.
000.e
++1
--2
+
-
abc
abc
000.e
++1
1e
++1
1e+
0e
0e
1.2.3
abc
1e
--2
1e+
1.2.3
000.e
1e+
1e
++1
0e
++1
e10
0e
e10
1e
1ee2
--2
++1
-
1.2.3
.
+
.
0e
++1
++1
-
1e
abc
--2
--2
1e+
abc
1e+
000.e
-
0e
1e+
++1
.
1ee2
--2
.
+
abc
1e+
e10
.
1ee2
+
1e-
+
000.e
abc
.
++1
.
1e
1e+
-
.
.
1ee2
1e-
--2
1e-
+
.
1e
e10
--2
1.2.3
+
--2
1.2.3
-
1ee2
.
-
1e+
-
1e-
000.e
+
1.2.3
+
1ee2
e10
0e
++1
.
1.2.3
.
+
-
0e
e10
e10
++1
1.2.3
e10
000.e
1ee2
+
abc
000.e
--2
1e
++1
--2
0e
-
--2
1.2.3
--2
-
1.2.3
++1
+
1e-
++1
1e
++1
+
+
--2
1.2.3
++1
1ee2
-
+
e10
0e
1e
--2
++1
++1
.
.
0e
.
++1
1ee2
--2
1e
abc
1.2.3
0e
1ee2
1e+
+
+
--2
--2
e10
.
e10
-
e10
1.2.3
1ee2
1e-
1e+
.
+
-
-
--2
1ee2
--2
.
000.e
+
--2
-
-
0e
1e
1e+
-
1e
.
+
1ee2
-
++1
--2
e10
1ee2
0e
1e+
1e-
e10
-
000.e
1e-
000.e
--2
1ee2
1e
.
1e
+
-
-
1.2.3
e10
1e-
+
000.e
1ee2
.
1e
0e
e10
e10
.
1ee2
1e+
000.e
1ee2
.
.
.
1.2.3
e10
+
1e
e10
1ee2
abc
e10
1.2.3
e10
-
1ee2
1.2.3
1ee2
0e
1e-
0e
1e
1e-
1ee2
0e
abc
1ee2
-
abc
+
1e-
abc
1e
--2
1.2.3
000.e
+
000.e
++1
++1
1e-
+
1e+
--2
+
1ee2
+
.
e10
1.2.3
.
e10
++1
+
1e+
-
1.2.3
0e
000.e
--2
-
1.2.3
0e
1e+
1ee2
abc
1e+
+
0e
1.2.3
++1
+
--2
.
e10
++1
1.2.3
--2
000.e
.
++1
--2
+
++1
1ee2
1e+
--2
abc
--2
1e+
1ee2
-
+
+
0e
000.e
0e
000.e
1e-
1e-
1ee2
1ee2
++1
e10
1e+
1e
+
1e-
000.e
1e
1.2.3
--2
1.2.3
1ee2
-
++1
--2
abc
1e-
abc
1e+
e10
000.e
.
abc
-
1.2.3
1e-
1e
++1
-
--2
abc
++1
--2
-
1e-
1e-
1e+
e10
000.e
+
1e+
-
1e-
++1
000.e
0e
--2
000.e
--2
1ee2
e10
1e+
+
1e+
1.2.3
1e-
abc
1e
+
abc
-
1e
0e
1.2.3
000.e
abc
1ee2
abc
0e
1e
1e-
1.2.3
1ee2
1e
1e-
--2
++1
+
abc
+
--2
abc
1e+
++1
1e-
1e
1e+
-
1e+
-
1e-
--2
++1
--2
e10
+
1e-
-
--2
+
1e-
1e+
-
1ee2
-
1e-
+
1ee2
1e+
1e+
1e
abc
1ee2
++1
1e-
000.e
1e-
1.2.3
+
.
++1
000.e
.
0e
1.2.3
1e-
.
++1
.
000.e
1ee2
1e+
-
1.2.3
1ee2
1e-
000.e
-
e10
.
++1
abc
abc
000.e
0e
--2
.
+
--2
e10
abc
1e-
--2
1e-
1e
1e
e10
--2
0e
--2
1.2.3
000.e
1e+
1.2.3
-
1.2.3
1e
1e+
abc
++1
.
0e
.
1ee2
0e
1.2.3
--2
+
1e
+
--2
-
--2
abc
+
+
1e+
++1
--2
0e
-
0e
e10
1ee2
1e
++1
1e+
-
--2
1ee2
--2
--2
-
1.2.3
-
0e
e10
1.2.3
1e-
1e+
1ee2
1e-
--2
--2
0e
1e+
1ee2
e10
+
--2
0e
000.e
1e-
1e-
1.2.3
abc
0e
e10
+
1e+
--2
1.2.3
000.e
++1
+
1e+
++1
.
1ee2
--2
1ee2
--2
+
000.e
.
--2
++1
1ee2
1.2.3
abc
--2
1.2.3
abc
.
1ee2
000.e
1e+
abc
1.2.3
1e+
1.2.3
1.2.3
1.2.3
1e+
e10
1e
0e
1e-
1e
0e
+
1ee2
-
1e
1e
1e+
+
1ee2
1.2.3
--2
++1
1e-
--2
000.e
+
+
0e
1e
+
-
-
000.e
1e-
-
++1
--2
.
abc
e10
0e
++1
+
++1
1e+
1e-
1e+
--2
1e+
0e
1ee2
+
1.2.3
000.e
1e-
++1
1e+
abc
1.2.3
++1
++1
++1
+
++1
0e
0e
1.2.3
0e
abc
abc
1e-
0e
.
++1
+
000.e
000.e
1.2.3
000.e
1e+
-
+
1e
--2
1e+
1e+
++1
+
-
--2
++1
1e-
1e-
1.2.3
--2
abc
e10
e10
0e
0e
1.2.3
000.e
0e
.
000.e
1e
e10
1e+
1.2.3
+
000.e
1ee2
1e
1e
1e+
1ee2
e10
-
000.e
000.e
1e+
1e
000.e
-
++1
++1
e10
1ee2
.
1e
--2
1ee2
e10
000.e
abc
0e
e10
0e
000.e
.
1e-
1e-
-
1ee2
--2
0e
1e+
.
000.e
-
+
--2
.
000.e
--2
--2
1e
++1
1e
0e
++1
1.2.3
.
--2
--2
abc
000.e
1e-
.
0e
e10
e10
0e
--2
0e
-
-
e10
000.e
+
1ee2
000.e
1.2.3
--2
+
+
0e
1e+
000.e
1e
--2
abc
1ee2
1e+
1ee2
e10
1e-
++1
1ee2
e10
abc
1e+
+
--2
1.2.3
-
e10
e10
.
000.e
0e
0e
.
.
1e-
000.e
--2
0e
0e
e10
++1
++1
1e-
1e
0e
0e
abc
1e-
++1
+
.
1e+
+
-
1e
++1
++1
--2
1ee2
++1
1ee2
++1
000.e
.
e10
1e+
--2
--2
++1
1ee2
1ee2
-
0e
--2
+
1e
.
1e
+
--2
000.e
--2
++1
+
e10
abc
1.2.3
1e
1.2.3
+
abc
1ee2
-
++1
1.2.3
-
1e-
.
1ee2
0e
1e
1ee2
1e-
0e
000.e
--2
e10
1.2.3
1e-
1ee2
1ee2
1e
1ee2
1e+
-
1e
+
1e
000.e
1e
.
1e+
--2
.
.
1e-
--2
e10
0e
-
1e
++1
0e
++1
000.e
++1
1.2.3
000.e
1e
1e+
1.2.3
1e
1e-
e10
--2
.
abc
1e
++1
1e-
+
++1
1.2.3
1e-
1e-
-
1e-
e10
abc
+
abc
1.2.3
e10
1.2.3
1ee2
1e+
abc
1.2.3
++1
1.2.3
1.2.3
++1
e10
000.e
abc
000.e
e10
--2
1e+
1e
000.e
-
1e
--2
abc
1e
1e+
.
1e
0e
--2
abc
abc
++1
1e+
+
++1
1.2.3
--2
1.2.3
0e
1ee2
1ee2
1e-
1.2.3
+
1.2.3
+
--2
1ee2
+
1e-
0e
++1
abc
1e
1.2.3
abc
1e-
1.2.3
1e-
0e
+
0e
1e-
1e
++1
-
+
1e+
1ee2
1e
+
abc
e10
e10
abc
e10
+
0e
1e
1ee2
1ee2
-
1e-
1e+
-
-
1e
abc
-
000.e
1e-
1.2.3
-
1e
1e-
.
--2
0e
1.2.3
1.2.3
1e
++1
-
1.2.3
1e-
0e
000.e
0e
e10
1e-
1e
000.e
--2
-
e10
1ee2
1e+
1e
000.e
abc
0e
1e
-
+
1e
.
.
--2
1e+
1e
++1
000.e
.
1e
1e+
+
1e+
1ee2
1e-
1e
1e+
-
++1
0e
1e+
-
1e
.
e10
e10
1.2.3
000.e
000.e
.
1ee2
++1
+
1.2.3
1ee2
.
0e
1e+
abc
1e+
abc
+
0e
++1
1.2.3
0e
+
1.2.3
1e-
-
0e
e10
e10
1e-
e10
1e-
000.e
+
e10
abc
1ee2
.
0e
1.2.3
.
1e-
-
e10
1.2.3
1e-
1e+
++1
-
000.e
-
-
1ee2
.
++1
+
1ee2
.
.
-
--2
1e
.
abc
--2
1e-
1ee2
0e
-
abc
000.e
abc
1ee2
--2
000.e
000.e
-
+
1e+
abc
+
1ee2
abc
0e
1e-
++1
abc
1.2.3
e10
1ee2
--2
--2
+
-
.
000.e
1e-
1e-
.
--2
--2
.
1e
1e-
0e
1ee2
000.e
1ee2
--2
++1
-
1e+
.
1e-
1e-
1e-
0e
.
000.e
1ee2
abc
000.e
--2
1e+
e10
e10
1e+
.
++1
1e-
1.2.3
000.e
--2
.
.
++1
1.2.3
0e
1e
1e+
++1
1ee2
abc
.
0e
1ee2
1e+
-
1e+
--2
1e-
++1
1.2.3
1.2.3
-
--2
1e+
1ee2
--2
1.2.3
1e
1e+
-
1e-
abc
1e-
.
.
000.e
abc
000.e
1ee2
1ee2
1e-
+
1ee2
1.2.3
+
000.e
e10
1e-
.
++1
1ee2
1e-
1ee2
1e
e10
++1
-
0e
--2
-
1e
1ee2
1ee2
--2
1.2.3
--2
000.e
--2
000.e
.
+
000.e
abc
1e
abc
abc
1e
-
0e
-
1e
++1
+
1e-
-
000.e
++1
1ee2
e10
-
1e-
1e-
000.e
abc
abc
--2
1e
e10
--2
.
abc
1e
1ee2
abc
+
-
1e-
+
1.2.3
e10
000.e
abc
+
+
--2
++1
1ee2
0e
+
1e
1e
1e+
+
000.e
0e
1e-
.
+
000.e
-
1ee2
abc
1e-
++1
1e+
1e-
000.e
0e
--2
1.2.3
abc
abc
1e
--2
1e
1e
.
1.2.3
.
-
abc
1e+
e10
0e
1e-
+
e10
-
++1
1ee2
1e
--2
1.2.3
++1
.
abc
.
1e-
--2
e10
.
e10
0e
1e-
1e+
1e
1e-
1e-
-
-
1e+
1ee2
+
0e
+
1e+
1e-
.
1.2.3
+
0e
abc
-
e10
abc
++1
1ee2
--2
--2
1e+
1ee2
abc
1e
-
1ee2
1ee2
1ee2
-
e10
e10
0e
.
1ee2
abc
1.2.3
1.2.3
000.e
1.2.3
1e+
--2
+
.
0e
1.2.3
.
1ee2
000.e
1ee2
0e
1e
-
++1
++1
0e
1ee2
000.e
+
abc
++1
1.2.3
e10
e10
++1
-
+
1ee2
abc
1e+
1e-
1.2.3
1e
1e-
1e
+
+
1ee2
e10
+
e10
1e+
abc
1.2.3
000.e
0e
1.2.3
+
e10
0e
-
1e
e10
1.2.3
+
000.e
0e
abc
--2
abc
-
1e
1e-
--2
1e+
1e
--2
--2
000.e
+
1e
.
+
.
1e-
000.e
--2
abc
++1
1e-
-
.
.
abc
1e+
abc
1ee2
-
e10
--2
++1
.
--2
1ee2
abc
000.e
1ee2
e10
-
.
1.2.3
abc
000.e
-
1e+
1e
1e+
1e
--2
--2
0e
1e
+
0e
1.2.3
--2
1ee2
abc
e10
+
-
e10
1e-
1e
1ee2
1e
+
abc
+
.
1e-
.
000.e
1e
000.e
abc
1ee2
--2
0e
0e
1e+
+
e10
--2
--2
abc
1e-
1.2.3
1e-
1e
1ee2
1.2.3
0e
+
1e
e10
.
1e
--2
1.2.3
-
1e
1e-
1.2.3
1e
abc
--2
abc
--2
--2
1e
1.2.3
0e
--2
-
--2
-
1.2.3
1e-
++1
.
1.2.3
+
++1
e10
-
++1
1e
+
-
e10
--2
.
e10
e10
-
1e
1e-
-
++1
--2
000.e
1e+
1ee2
0e
0e
++1
+
1ee2
0e
--2
1e
+
1e-
--2
1e
1.2.3
1ee2
1e
1e
1e+
1.2.3
1.2.3
abc
++1
1.2.3
1e-
1ee2
abc
--2
1e-
abc
+
--2
abc
000.e
000.e
1e+
1e-
+
.
1e
000.e
-
1e
-
1e-
000.e
e10
+
.
abc
--2
1e-
e10
1e
000.e
-
1e-
-
1e
.
1ee2
+
1e+
0e
1e-
--2
e10
e10
--2
e10
--2
1e+
e10
1e+
e10
abc
e10
1ee2
.
+
1e
0e
--2
e10
1.2.3
1e-
-
1e-
+
+
-
1e
e10
1e+
e10
000.e
-
abc
1e
e10
1.2.3
1.2.3
1e+
1ee2
+
1ee2
1e-
--2
+
e10
1e
-
.
000.e
1e+
++1
abc
0e
++1
1e
+
1ee2
1e-
1ee2
++1
.
++1
e10
.
--2
abc
-
1e
1e-
abc
-
1ee2
1e
1ee2
0e
abc
1e-
0e
.
+
1ee2
-
1e+
.
++1
--2
abc
1.2.3
1e-
-
000.e
--2
1ee2
1e+
1.2.3
1.2.3
1e
0e
1e-
0e
e10
1e-
++1
e10
0e
1e+
1e+
1e-
.
.
--2
1ee2
.
1e-
--2
.
e10
1e+
-
0e
--2
+
1e+
0e
1e-
000.e
--2
1.2.3
abc
e10
0e
000.e
1.2.3
-
-
+
e10
+
e10
e10
1e+
abc
abc
e10
000.e
000.e
+
1e-
1e
1e+
1.2.3
1.2.3
+
.
1e-
abc
abc
0e
-
1.2.3
e10
0e
1e-
000.e
-
0e
1e-
++1
1e
1e-
abc
1.2.3
1ee2
+
1ee2
abc
1e-
000.e
-
+
1ee2
+
e10
.
1e
1ee2
1e
abc
+
-
0e
+
--2
1e-
000.e
-
1ee2
1ee2
1e-
--2
1.2.3
+
-
++1
1e
-
1e
1e+
1e-
+
1ee2
1e
1ee2
--2
abc
e10
1e-
--2
000.e
1e-
0e
1e
000.e
-
0e
1ee2
0e
0e
--2
1e-
+
1e
e10
++1
0e
-
++1
1e
1e+
+
-
000.e
--2
1e+
1.2.3
.
e10
e10
0e
1e+
1e
0e
1.2.3
abc
0e
--2
1ee2
0e
+
0e
abc
1ee2
1.2.3
++1
++1
1ee2
-
1.2.3
e10
--2
abc
1e-
1e+
-
1e-
1e+
0e
000.e
1.2.3
e10
1e+
.
+
++1
1e-
+
000.e
.
0e
0e
0e
--2
.
e10
++1
1.2.3
000.e
+
1e+
e10
+
000.e
0e
1e
+
1e+
.
1e-
1e-
0e
--2
--2
+
+
1e+
+
abc
1e-
0e
0e
1e
1.2.3
--2
1e-
0e
+
+
000.e
1ee2
+
1e-
000.e
1e+
1e
abc
0e
0e
1ee2
-
1.2.3
-
e10
abc
1ee2
000.e
+
.
.
0e
.
1ee2
000.e
1e-
e10
+
1e
1ee2
1ee2
0e
1e-
abc
--2
0e
1ee2
++1
++1
e10
--2
-
0e
1e+
1ee2
+
abc
-
--2
1e+
+
1e+
1ee2
e10
abc
--2
1e
000.e
abc
-
1e+
1.2.3
1e
1e
-
-
abc
1ee2
--2
1.2.3
-
++1
0e
e10
-
+
1ee2
1e+
1ee2
0e
+
000.e
e10
.
1ee2
--2
1e-
000.e
++1
++1
--2
--2
.
1e
1e
abc
abc
-
abc
1e+
1e
++1
0e
+
1ee2
.
1.2.3
++1
.
e10
e10
1.2.3
1.2.3
000.e
++1
-
.
++1
1ee2
--2
1e+
-
1e
-
1e+
abc
0e
0e
e10
0e
-
+
-
1e+
e10
+
000.e
1e+
1e+
--2
abc
1e
--2
e10
.
1e-
--2
e10
000.e
e10
abc
000.e
1e
+
000.e
++1
1e+
e10
1e+
.
000.e
.
--2
-
1e-
000.e
abc
1e
1ee2
-
000.e
-
1e+
+
1ee2
++1
+
1e-
.
1e-
+
1ee2
abc
e10
0e
+
1e
1e-
1ee2
.
1e+
--2
1ee2
abc
1ee2
000.e
1e-
+
1.2.3
1e
0e
e10
1e-
0e
1e
e10
1e-
000.e
1e-
e10
1ee2
1.2.3
0e
-
-
abc
abc
1e-
--2
++1
1ee2
1e+
--2
e10
1.2.3
+
1e-
-
1e-
1e+
+
++1
.
1e
-
000.e
abc
-
.
1e
1ee2
1.2.3
1e+
.
--2
-
-
000.e
+
+
e10
1e+
1e-
--2
abc
e10
+
0e
+
1ee2
1e-
0e
1e+
--2
1e+
1e+
1.2.3
1e-
-
.
1.2.3
1e+
-
1e+
1e
1.2.3
-
0e
1ee2
++1
e10
-
e10
+
+
-
1.2.3
1ee2
+
--2
0e
abc
1ee2
1e
1.2.3
1ee2
--2
e10
e10
1ee2
1e+
0e
e10
1.2.3
-
1.2.3
1e-
--2
1e
++1
+
abc
-
-
+
1.2.3
1.2.3
0e
++1
e10
000.e
000.e
e10
1e
000.e
1e-
0e
abc
1e+
0e
e10
1e+
abc
e10
e10
++1
e10
++1
abc
1e
000.e
1e-
-
1.2.3
++1
--2
abc
--2
e10
000.e
abc
1e
-
abc
.
+
e10
0e
1e+
0e
1e+
-
e10
+
++1
-
1.2.3
++1
++1
1e
1e
++1
--2
+
1e+
abc
abc
0e
1.2.3
000.e
e10
0e
1e+
--2
1ee2
e10
1e
1e-
1ee2
000.e
.
1.2.3
+
-
--2
.
-
1e
1e
.
--2
--2
++1
000.e
++1
1e
-
1e
1e
e10
e10
+
000.e
1.2.3
++1
1.2.3
1e
e10
++1
0e
abc
+
1e
1ee2
e10
.
e10
+
1e+
000.e
1e+
.
1e-
abc
0e
++1
-
1e-
1e+
.
.
abc
0e
abc
1e-
abc
+
abc
--2
1ee2
0e
1e
--2
++1
--2
1ee2
1ee2
--2
1ee2
0e
1e-
.
+
1ee2
.
1e-
0e
1e
1.2.3
--2
--2
++1
++1
1e-
1e+
1e
000.e
-
1e-
-
++1
1e+
abc
e10
abc
1e
e10
abc
000.e
-
abc
000.e
1.2.3
++1
0e
++1
1ee2
1.2.3
0e
abc
0e
+
++1
1e-
1e
.
--2
--2
e10
+
1ee2
0e
0e
+
000.e
1e
abc
1e
1e
1.2.3
1e+
e10
1ee2
0e
000.e
000.e
1.2.3
1e-
abc
.
1.2.3
0e
.
000.e
abc
000.e
1e-
-
e10
1e+
1.2.3
abc
1.2.3
0e
--2
1e+
1e-
1.2.3
+
000.e
e10
--2
0e
++1
1.2.3
.
+
abc
+
1e
abc
000.e
e10
1.2.3
1e
1.2.3
000.e
.
1e
--2
.
abc
abc
0e
--2
-
abc
--2
1.2.3
++1
abc
--2
000.e
--2
1e
1e
-
+
-
000.e
-
e10
1e+
-
++1
abc
+
0e
--2
-
--2
1ee2
--2
1e-
1e
1.2.3
1e+
0e
1.2.3
abc
++1
1e-
1e
.
abc
1ee2
1.2.3
abc
000.e
1.2.3
-
--2
0e
1e+
0e
.
++1
1ee2
1.2.3
++1
1e-
.
e10
0e
-
abc
+
1.2.3
e10
++1
1e
e10
.
e10
e10
1e+
1e+
1e-
1e+
1ee2
.
+
0e
1.2.3
1e-
-
0e
0e
0e
+
0e
abc
1e+
.
1.2.3
++1
e10
.
.
e10
1ee2
++1
0e
0e
e10
000.e
1e
1e-
1e+
1e+
1e
abc
+
1e-
-
--2
1.2.3
1ee2
-
1e+
1.2.3
++1
000.e
1ee2
1.2.3
000.e
-
1.2.3
1ee2
-
1e-
1e-
1.2.3
1ee2
000.e
1.2.3
.
1e
1e+
1ee2
e10
000.e
1e
1.2.3
abc
--2
+
.
++1
1e-
+
.
abc
abc
-
++1
--2
0e
--2
0e
--2
abc
+
1ee2
e10
0e
000.e
++1
--2
1e-
000.e
1e+
++1
.
-
++1
0e
1e
abc
--2
0e
1e
1.2.3
++1
+
1ee2
.
1ee2
--2
-
++1
1ee2
+
-
1e
1e+
1e+
0e
--2
1e-
1e
-
-
-
000.e
-
1e
.
e10
abc
.
--2
0e
1e-
000.e
++1
-
1.2.3
++1
-
-
abc
1e-
1ee2
++1
abc
1ee2
.
+
000.e
1ee2
1.2.3
-
1e+
e10
e10
1e-
1e-
1e-
1ee2
1e+
1e+
1.2.3
--2
.
1e+
+
000.e
-
1ee2
000.e
.
++1
000.e
+
e10
1e-
+
1e
++1
+
000.e
1e
1.2.3
0e
e10
+
1e+
-
.
abc
1e
1e-
.
--2
--2
--2
++1
1.2.3
1e
+
1.2.3
1e-
1.2.3
-
abc
abc
1ee2
.
1e
000.e
--2
1.2.3
-
1ee2
0e
1.2.3
--2
++1
1ee2
1e
1ee2
0e
0e
1ee2
1.2.3
1e+
1ee2
e10
-
000.e
--2
-
1ee2
.
0e
-
1e+
1.2.3
1e+
1ee2
--2
--2
++1
0e
1e
-
1e+
1e+
.
000.e
1e
abc
-
.
--2
0e
1.2.3
0e
e10
++1
1e-
000.e
1.2.3
0e
++1
+
--2
.
1e-
1ee2
1ee2
1e
+
--2
1ee2
0e
e10
000.e
--2
1e-
1e-
1ee2
--2
-
+
1e
1.2.3
+
1e
--2
-
e10
+
1ee2
1e+
.
1e-
.
1e-
abc
000.e
1e
1e-
e10
1.2.3
-
e10
.
0e
1.2.3
1e-
1.2.3
000.e
++1
1e
1ee2
-
1ee2
+
1e-
e10
1e-
e10
abc
abc
abc
1ee2
000.e
1.2.3
++1
+
.
-
.
e10
--2
1ee2
000.e
1e
e10
+
-
--2
+
1e
000.e
++1
1.2.3
-
+
1e
+
1e+
000.e
--2
abc
e10
abc
--2
++1
000.e
abc
000.e
1e+
1ee2
1e
000.e
abc
1e+
-
+
+
1e-
1.2.3
1.2.3
1e+
1e
0e
000.e
e10
e10
000.e
.
1e-
1e-
1ee2
000.e
e10
.
000.e
--2
e10
0e
++1
000.e
abc
+
e10
1e+
000.e
+
.
0e
.
1.2.3
1e
--2
1e-
1ee2
0e
abc
--2
++1
abc
abc
e10
1ee2
--2
++1
e10
1.2.3
e10
1e-
-
--2
--2
0e
1e+
1ee2
1e
+
1ee2
1e+
-
1e
1e-
1e+
+
abc
--2
1ee2
-
e10
1e+
1e-
1e+
+
0e
000.e
.
.
-
0e
-
000.e
e10
1e+
e10
abc
e10
1e-
--2
abc
1ee2
0e
+
1e+
.
-
0e
++1
1e-
.
1e
1.2.3
1e+
++1
000.e
--2
1e-
1e
-
-
e10
1ee2
1e+
e10
1e
0e
.
0e
1ee2
+
1e
--2
-
.
+
000.e
--2
.
0e
.
--2
++1
1e
e10
abc
0e
-
++1
1.2.3
e10
--2
.
.
0e
1e+
e10
1.2.3
--2
1.2.3
1.2.3
1e+
000.e
1e-
000.e
abc
.
0e
--2
1e+
000.e
e10
e10
1e
++1
1e+
1ee2
+
0e
e10
e10
1e+
1e+
.
1e-
abc
-
++1
+
.
1e+
++1
1e-
e10
1e-
.
-
000.e
e10
0e
.
abc
1e+
0e
1e
000.e
1e
1e+
1e-
++1
abc
0e
e10
.
e10
+
abc
1e
1e+
0e
-
0e
.
1e-
-
1e
1e-
e10
-
1ee2
1e-
1.2.3
--2
1ee2
1e
e10
--2
--2
abc
++1
1e-
++1
abc
1e-
+
++1
abc
1e
--2
1e-
--2
1.2.3
++1
1ee2
0e
--2
-
abc
-
-
1ee2
--2
abc
1e+
000.e
1ee2
abc
1e+
-
000.e
1e
000.e
e10
+
++1
1e+
000.e
-
-
1e-
1.2.3
e10
e10
1ee2
1e
++1
000.e
abc
++1
++1
--2
1e-
1e
++1
000.e
++1
+
++1
1.2.3
abc
0e
e10
1e-
1.2.3
000.e
-
1e
abc
1.2.3
1e
1e-
e10
+
000.e
abc
+
.
1e
1.2.3
1.2.3
.
1e
e10
--2
1e-
1.2.3
1.2.3
++1
0e
-
1e
1e-
1e
.
1e-
1e+
abc
1ee2
.
--2
1e-
abc
--2
000.e
abc
1e+
abc
--2
abc
e10
e10
-
1e
e10
-
-
e10
.
1e+
1e-
1ee2
1e
--2
000.e
1e-
-
+
-
-
1e
.
--2
1e
000.e
1e
1.2.3
abc
++1
-
.
--2
000.e
1e-
000.e
--2
000.e
e10
e10
1e
1ee2
+
++1
.
.
--2
++1
++1
0e
abc
1e
1.2.3
000.e
-
000.e
1e+
1.2.3
1e-
1ee2
abc
--2
1e-
0e
1.2.3
+
0e
++1
1e-
-
--2
.
0e
-
-
-
1e-
000.e
1e+
.
1.2.3
1.2.3
000.e
1e-
e10
++1
0e
+
abc
1e
000.e
+
0e
1ee2
1.2.3
0e
e10
.
--2
1e-
--2
1e-
1e
+
1e-
-
1.2.3
abc
1e-
1.2.3
0e
1ee2
1e+
e10
1ee2
+
++1
000.e
abc
-
1e+
0e
1e
+
-
++1
1e-
0e
1e
--2
abc
.
000.e
000.e
e10
e10
000.e
--2
000.e
000.e
++1
abc
abc
000.e
++1
+
.
1e-
000.e
1e+
1e-
e10
1e
e10
1ee2
0e
1.2.3
+
.
1e+
1ee2
abc
1e
+
1e+
e10
--2
--2
1ee2
1e+
e10
1e+
000.e
1e+
0e
1e
e10
1.2.3
1ee2
abc
-
++1
1e-
abc
.
1.2.3
0e
+
1ee2
+
000.e
1e+
abc
.
abc
abc
++1
--2
-
+
.
1.2.3
1e+
1ee2
++1
abc
1.2.3
1.2.3
000.e
1ee2
1e
1e-
1e-
abc
1e+
1e+
1ee2
000.e
1e+
1ee2
.
abc
1e-
+
e10
+
000.e
0e
.
abc
1e
.
.
abc
1e+
000.e
1e
++1
1e-
--2
abc
1e+
1ee2
.
1e
-
.
1e-
e10
000.e
1e+
++1
1e+
--2
abc
0e
++1
--2
abc
1e+
1ee2
1ee2
abc
1.2.3
0e
--2
000.e
abc
++1
1e+
.
1e
e10
000.e
+
1e-
1e
.
++1
--2
.
.
--2
--2
0e
+
1e-
++1
abc
.
abc
abc
-
1e
000.e
1ee2
1ee2
.
1ee2
+
+
++1
1.2.3
e10
++1
+
000.e
-
.
++1
abc
1.2.3
1e+
1e-
1e+
1e
1.2.3
000.e
++1
e10
--2
000.e
000.e
+
1e+
abc
+
0e
--2
1e-
--2
--2
.
++1
0e
0e
0e
++1
-
+
abc
abc
1.2.3
1ee2
++1
1e-
+
1e
1e-
1e-
++1
-
+
-
1e
--2
+
1e-
e10
0e
abc
+
0e
1e+
1e+
++1
.
abc
000.e
.
0e
abc
1.2.3
--2
1ee2
1.2.3
1ee2
1e+
--2
1.2.3
1.2.3
abc
abc
+
e10
--2
1e-
0e
--2
++1
.
1e-
1e
-
e10
+
e10
1.2.3
abc
1e-
1ee2
1ee2
1ee2
1e
1e+
+
abc
1ee2
0e
-
1e+
1ee2
1e-
abc
abc
1e
1ee2
1e-
+
1e+
e10
++1
+
1e-
1e-
+
0e
1.2.3
--2
1e+
-
0e
e10
000.e
+
++1
abc
abc
0e
0e
1.2.3
-
1e+
1ee2
0e
+
0e
e10
.
1e
1e-
0e
.
1e+
1e
++1
-
000.e
++1
1ee2
1e+
-
.
-
1.2.3
.
1ee2
+
0e
+
+
e10
0e
++1
abc
.
1ee2
000.e
.
1.2.3
e10
1ee2
.
-
0e
1e+
abc
.
++1
.
e10
0e
-
++1
1.2.3
++1
0e
++1
1e
000.e
0e
abc
1e-
.
e10
1e+
0e
.
e10
1ee2
0e
1e-
1.2.3
1e-
1ee2
e10
1e-
000.e
-
.
1e-
-
+
.
abc
0e
-
000.e
000.e
1ee2
++1
000.e
-
++1
++1
1e-
+
0e
e10
++1
+
1e
0e
.
abc
1.2.3
1e-
e10
000.e
-
1e-
1e-
1e
-
-
-
.
-
1e+
1e
++1
-
--2
e10
e10
0e
++1
1e
0e
0e
+
+
-
e10
--2
1e
.
1.2.3
-
e10
--2
abc
1ee2
1.2.3
0e
1e-
.
--2
+
1e+
e10
e10
++1
1e
abc
1e+
1e+
1e-
1e
--2
1e+
+
000.e
1.2.3
1e+
1ee2
.
1e-
.
1.2.3
1.2.3
abc
e10
000.e
1ee2
1ee2
abc
1e
0e
-
abc
abc
abc
-
1e+
+
1e+
++1
++1
1e
.
1e-
1ee2
+
e10
++1
1.2.3
0e
1e+
1e
.
0e
0e
1e
++1
000.e
-
++1
++1
e10
--2
1e-
+
1.2.3
000.e
1e+
1e+
abc
-
++1
0e
abc
-
0e
.
--2
1.2.3
1e
1e-
abc
0e
e10
e10
abc
1e
1e-
1ee2
.
++1
1e+
.
-
1.2.3
1ee2
+
+
0e
abc
-
++1
000.e
++1
-
abc
++1
++1
1e+
+
1e+
e10
++1
1.2.3
++1
++1
-
1.2.3
1ee2
.
1ee2
1ee2
.
1e
1.2.3
++1
.
1ee2
--2
abc
+
+
++1
e10
1e
1e-
.
-
+
-
abc
1.2.3
1e
+
1ee2
1.2.3
abc
abc
1ee2
0e
e10
.
1e+
0e
abc
1e+
1.2.3
1.2.3
1ee2
1e
abc
-
000.e
1e-
1ee2
--2
.
1.2.3
+
000.e
++1
000.e
-
1e+
0e
+
.
1.2.3
.
++1
1e-
abc
-
abc
1ee2
1e-
++1
abc
.
++1
.
e10
abc
.
1e
1e
e10
1e+
.
e10
+
1e
-
abc
-
e10
0e
000.e
0e
+
e10
0e
e10
0e
abc
1e-
000.e
abc
1e+
+
1e+
e10
1e-
1e-
+
0e
1e
++1
abc
1ee2
--2
0e
.
1e
e10
e10
-
e10
1ee2
1.2.3
+
000.e
abc
1e
1.2.3
1e
1e-
e10
-
++1
.
000.e
1e-
1ee2
1e
0e
1e-
++1
000.e
++1
--2
-
1e+
e10
0e
0e
1ee2
e10
+
--2
1e+
1ee2
+
1.2.3
1e+
1e-
1ee2
1.2.3
1e
1.2.3
abc
1e
++1
e10
++1
0e
1e-
1e+
1ee2
.
1.2.3
++1
000.e
1e
e10
1ee2
++1
abc
-
+
--2
.
0e
1.2.3
--2
1e+
1e+
000.e
--2
000.e
+
1.2.3
000.e
e10
1.2.3
1.2.3
e10
-
.
.
1.2.3
1e+
.
1.2.3
1.2.3
abc
1e+
abc
1e+
e10
1ee2
--2
abc
++1
--2
--2
+
1e
-
e10
1e
1ee2
1e+
.
1.2.3
++1
e10
1ee2
1e
1ee2
--2
1e
000.e
1e
1e
1e+
+
0e
1e+
abc
1e
1e+
0e
1ee2
-
--2
0e
.
1e+
1ee2
+
000.e
e10
1.2.3
1e
0e
e10
1.2.3
1e
1ee2
.
e10
1e+
1e+
.
1.2.3
e10
1e+
e10
e10
.
0e
-
+
000.e
1e+
1ee2
+
1e-
1e
1e
--2
000.e
++1
1.2.3
1e-
e10
-
++1
++1
++1
--2
abc
1ee2
+
-
.
-
1e
.
e10
1.2.3
++1
1.2.3
0e
1.2.3
000.e
-
1.2.3
.
abc
abc
1e+
0e
e10
1ee2
1e-
1.2.3
abc
+
1ee2
-
1e+
0e
1e-
abc
e10
abc
++1
+
++1
000.e
--2
000.e
abc
abc
-
1e+
++1
++1
-
e10
e10
000.e
1e
abc
1e
.
1.2.3
.
+
1e
000.e
000.e
000.e
1e
1.2.3
1ee2
--2
1e-
abc
-
1e
1e+
++1
--2
1e+
000.e
++1
0e
++1
1e-
1e
1e
1e+
1ee2
1e-
e10
e10
+
-
0e
e10
e10
1e+
1e
abc
++1
+
1e-
-
e10
abc
0e
abc
1.2.3
1e
abc
++1
1ee2
1e-
1e+
1e-
abc
1e
1ee2
000.e
e10
1e-
1e+
0e
e10
++1
e10
.
e10
0e
1.2.3
++1
abc
1e-
1.2.3
1e-
e10
0e
--2
1e
.
--2
e10
++1
1.2.3
1e
1e-
e10
--2
e10
1e+
1e-
1.2.3
abc
0e
1e-
-
0e
-
1ee2
-
-
1e-
1e
000.e
1e
1e-
1e
abc
1e+
1ee2
.
1.2.3
0e
--2
1e-
.
1e
.
--2
1e
1ee2
+
--2
+
1e
0e
++1
1ee2
0e
0e
1ee2
++1
0e
1.2.3
abc
++1
1e
1e-
1e+
1e-
abc
0e
abc
--2
abc
++1
-
0e
0e
--2
e10
1.2.3
e10
1ee2
++1
000.e
abc
-
+
-
1e
+
1e-
0e
0e
000.e
1e
1.2.3
abc
e10
1ee2
000.e
+
.
0e
-
1e+
.
1e-
abc
0e
++1
+
e10
+
--2
+
--2
-
1.2.3
++1
+
abc
.
-
e10
1.2.3
0e
1.2.3
e10
1e
1e+
1.2.3
e10
1ee2
0e
1e-
abc
1.2.3
1e+
+
1e+
1ee2
+
--2
1.2.3
1e
0e
--2
1e-
1e-
e10
.
e10
1e
1ee2
.
-
0e
.
1.2.3
++1
1e
1e
000.e
.
1.2.3
1e+
1e-
1e
--2
1e-
+
e10
0e
-
1e+
abc
++1
+
1e-
1ee2
e10
0e
e10
1e
1e+
abc
abc
1e-
0e
000.e
+
1ee2
-
+
++1
000.e
-
1.2.3
0e
.
+
--2
-
1e-
0e
+
++1
1e+
1e-
++1
0e
1ee2
+
-
1e
1ee2
0e
1e
1e-
0e
0e
e10
-
000.e
1ee2
--2
0e
e10
e10
+
1e+
000.e
0e
abc
000.e
e10
1e+
1ee2
+
e10
1ee2
1e-
e10
1e
1e+
--2
++1
-
1e
++1
1.2.3
1e+
-
e10
abc
1.2.3
-
1e+
--2
abc
-
--2
1e-
1e
0e
-
+
1e
e10
1ee2
+
1e-
1e+
1.2.3
e10
-
1.2.3
+
1.2.3
1ee2
0e
++1
1ee2
1e-
0e
.
++1
abc
.
-
++1
abc
+
-
e10
--2
.
.
.
1ee2
1ee2
abc
++1
++1
000.e
.
000.e
1.2.3
e10
1.2.3
-
.
1e-
1e-
1.2.3
-
000.e
e10
+
1.2.3
1.2.3
1e
+
1e+
1.2.3
e10
0e
e10
1e
0e
e10
1.2.3
1e
1.2.3
-
abc
0e
abc
1.2.3
--2
e10
+
1e+
0e
1e+
000.e
.
000.e
1e-
+
1.2.3
e10
e10
.
+
1ee2
0e
-
--2
1.2.3
abc
.
+
--2
0e
1e-
1ee2
e10
abc
1ee2
1ee2
+
-
000.e
-
.
1e
1e+
.
.
e10
--2
1e
-
++1
+
1ee2
000.e
1e
abc
e10
1.2.3
--2
1e
e10
1ee2
.
--2
-
000.e
++1
++1
0e
1e-
1e+
0e
+
e10
0e
1e-
0e
0e
000.e
+
++1
+
0e
.
000.e
abc
++1
1e+
000.e
e10
1e
1e
.
1e-
000.e
1ee2
abc
1ee2
e10
1ee2
e10
1ee2
000.e
1e-
0e
--2
+
abc
.
++1
.
0e
.
-
-
1e+
-
000.e
abc
1ee2
e10
1ee2
-
++1
e10
1e-
1.2.3
000.e
abc
1e-
1ee2
1e
abc
e10
-
abc
1ee2
000.e
000.e
000.e
000.e
1e
.
0e
+
000.e
1e
e10
1.2.3
1e-
++1
000.e
-
--2
.
abc
++1
0e
.
e10
1.2.3
000.e
1ee2
000.e
0e
.
--2
--2
++1
1e-
000.e
1.2.3
1ee2
+
1e-
000.e
.
1ee2
-
--2
1e-
0e
.
1ee2
000.e
0e
1e-
abc
1e-
1e+
e10
0e
0e
-
-
e10
e10
000.e
e10
000.e
e10
0e
1e
1e-
1e-
++1
1.2.3
1e+
000.e
1e-
--2
1e+
++1
0e
1ee2
-
.
1ee2
++1
abc
--2
--2
1e+
1e-
1.2.3
0e
1e-
-
000.e
++1
1.2.3
1ee2
e10
1e
+
1e-
1e
abc
1e+
+
1ee2
-
++1
000.e
0e
1e+
.
e10
++1
000.e
-
abc
.
e10
++1
--2
0e
abc
1.2.3
.
000.e
000.e
abc
1e+
1e-
abc
.
abc
1ee2
000.e
e10
+
-
1ee2
e10
++1
--2
1.2.3
0e
.
--2
1e-
1.2.3
-
1ee2
1ee2
000.e
--2
1e-
abc
1.2.3
-
1e-
++1
e10
++1
--2
-
000.e
+
1e+
1e-
1e
1ee2
1e
1e-
1e+
1e+
.
000.e
++1
.
e10
1.2.3
abc
--2
1ee2
1e-
000.e
e10
1e
abc
1e+
1e-
+
1.2.3
++1
1e+
0e
1e+
1ee2
1e
-
abc
++1
1e-
1.2.3
-
+
1e
-
e10
+
1e
1.2.3
0e
++1
+
e10
1e
e10
000.e
-
+
+
0e
1e
1e
e10
1e+
1ee2
1e+
0e
.
1e-
1e-
-
.
1ee2
++1
e10
1e-
--2
1.2.3
+
abc
.
+
.
e10
1e
1ee2
1ee2
0e
.
--2
e10
0e
000.e
1e
1.2.3
abc
e10
1e+
1ee2
1e+
1e-
--2
1e
abc
+
abc
abc
abc
1e
1e-
-
0e
abc
++1
1.2.3
1e+
0e
1ee2
000.e
1.2.3
.
++1
1e-
1e
1e-
e10
--2
++1
1.2.3
abc
++1
0e
1e-
1e-
-
0e
1e
0e
.
1e
+
1e
+
.
1e
1ee2
abc
abc
.
0e
+
-
1e+
1e
1e+
.
000.e
1e
0e
-
-
1e
e10
+
-
000.e
e10
abc
1e+
1e
.
1.2.3
1ee2
1.2.3
1ee2
e10
.
1ee2
1e+
e10
1.2.3
1.2.3
++1
1e
0e
++1
0e
-
abc
++1
--2
1e+
--2
1ee2
000.e
+
000.e
--2
1e
e10
-
1.2.3
++1
abc
1e+
1e
abc
1.2.3
+
1e-
1.2.3
1e-
000.e
e10
1ee2
--2
--2
1ee2
1e+
1ee2
000.e
+
1.2.3
+
-
+
0e
++1
++1
1.2.3
++1
1ee2
--2
000.e
.
.
.
e10
0e
1ee2
0e
--2
000.e
1.2.3
abc
1.2.3
abc
1e
1.2.3
1e-
+
1e+
0e
abc
-
1.2.3
1e
1e
+
++1
000.e
1e+
.
1ee2
++1
e10
-
1e-
++1
1e-
abc
.
--2
++1
1e+
000.e
e10
e10
++1
1e-
abc
-
1.2.3
1ee2
1e-
0e
abc
--2
1e
1e+
++1
1ee2
0e
0e
000.e
000.e
++1
abc
abc
1.2.3
0e
e10
-
000.e
-
0e
e10
.
.
1e+
1e
-
e10
1.2.3
+
++1
--2
0e
000.e
1e
-
+
.
-
0e
-
-
e10
.
000.e
1e
000.e
000.e
1e
-
0e
-
1.2.3
000.e
+
.
++1
000.e
000.e
--2
1.2.3
1e-
.
+
1e
e10
0e
--2
e10
e10
e10
1.2.3
1ee2
-
1ee2
abc
abc
1ee2
++1
1e+
1.2.3
1e
1.2.3
++1
++1
1.2.3
++1
1e+
--2
1ee2
1e
000.e
abc
1ee2
1e+
1e-
e10
1e-
-
1e-
1e
+
+
1e
1.2.3
.
-
000.e
-
1ee2
.
0e
++1
--2
1ee2
abc
+
1e+
000.e
++1
1ee2
abc
1e+
0e
.
e10
-
-
++1
abc
abc
--2
.
++1
abc
-
1.2.3
e10
1e
1e+
1e-
1e-
abc
000.e
abc
1ee2
1ee2
1.2.3
000.e
1e+
1e-
-
1e-
e10
abc
1e
1e+
1e
1e
--2
1.2.3
1e-
1e
1e-
0e
+
abc
1ee2
1.2.3
e10
abc
0e
1.2.3
0e
--2
-
1ee2
1e+
1e
+
000.e
-
+
1e+
.
++1
+
--2
1ee2
e10
1.2.3
0e
abc
e10
1.2.3
.
-
+
1e-
1e
1e-
+
1e+
1.2.3
++1
1e+
1ee2
1e-
1.2.3
1e+
--2
-
1ee2
1e-
++1
.
--2
1ee2
1e+
-
1.2.3
1e+
1e-
1.2.3
0e
-
--2
.
++1
++1
000.e
1e-
000.e
0e
e10
1e
1e-
abc
0e
000.e
1e+
abc
+
abc
++1
++1
++1
1e
1ee2
1e
abc
0e
++1
1e+
.
1e+
1e+
+
1ee2
1ee2
-
.
+
1e-
.
e10
000.e
+
1.2.3
1.2.3
+
000.e
--2
--2
.
--2
000.e
++1
--2
++1
1e+
1e+
1e+
0e
.
+
1.2.3
1e
abc
000.e
++1
abc
abc
1e
--2
.
--2
1e+
1.2.3
1e
1e+
-
abc
+
1.2.3
+
1.2.3
1e
e10
1ee2
1e-
1e-
.
0e
1e-
--2
1e-
1.2.3
1e+
1e-
1e-
1.2.3
1ee2
1.2.3
1e+
e10
abc
--2
+
1e+
1e-
--2
1e+
1.2.3
.
++1
e10
-
000.e
++1
++1
e10
e10
000.e
1e+
1e-
abc
--2
1e-
abc
1e
.
+
++1
abc
abc
++1
0e
1ee2
.
+
++1
1e+
+
0e
0e
+
1.2.3
1e+
+
1e
--2
.
1e-
000.e
1ee2
+
1e
000.e
0e
1e-
1e+
e10
+
--2
abc
--2
.
1ee2
1e
1e
-
0e
+
1e+
1ee2
1.2.3
1e+
1.2.3
e10
1e
e10
1.2.3
e10
000.e
0e
1e-
-
1e
1.2.3
1ee2
-
000.e
e10
000.e
000.e
1.2.3
1ee2
+
1e+
-
0e
1e-
++1
1.2.3
1e
1e
++1
1e
++1
0e
.
-
--2
++1
000.e
+
1.2.3
abc
1e+
++1
++1
--2
-
+
+
1e
-
0e
1e
-
1ee2
1e+
.
1e-
++1
++1
-
1.2.3
-
000.e
000.e
000.e
+
1e-
0e
1e
000.e
.
e10
abc
.
1e
000.e
1e-
1e
1.2.3
1e-
--2
e10
+
++1
++1
1e-
1e+
e10
e10
1e+
abc
++1
-
1ee2
000.e
1e
abc
1e
--2
1e-
1e-
1ee2
++1
1.2.3
1e-
e10
1e-
e10
1e
e10
1.2.3
++1
1e+
1e-
0e
1ee2
000.e
1ee2
1e-
1e-
-
0e
-
1e-
1e-
+
+
-
.
e10
0e
1e
000.e
1e-
1e
.
abc
-
1e
1ee2
1ee2
1e-
abc
0e
0e
1.2.3
1e
+
-
1e-
.
0e
1.2.3
000.e
-
-
1e-
-
1.2.3
1e
1e
1ee2
-
-
1ee2
++1
1ee2
abc
000.e
1e-
+
0e
++1
.
1ee2
+
-
000.e
0e
0e
1e+
+
1e+
--2
++1
e10
+
000.e
abc
1e-
1ee2
1.2.3
++1
0e
1e-
1ee2
000.e
++1
000.e
1e-
e10
0e
1ee2
1e-
e10
1e+
abc
e10
++1
1.2.3
.
-
1e
-
1.2.3
--2
+
e10
1e
-
1.2.3
e10
.
+
1.2.3
+
+
.
1e+
.
++1
e10
.
-
1ee2
000.e
1.2.3
1ee2
1.2.3
--2
++1
000.e
++1
1e+
e10
.
1.2.3
--2
e10
1.2.3
--2
+
+
000.e
.
0e
e10
+
1e-
0e
1ee2
-
1e
-
1e
1e
1ee2
1e+
+
1e+
1e-
abc
1ee2
1.2.3
1e-
0e
1ee2
1.2.3
.
+
.
1e+
+
0e
000.e
1e+
1e+
1.2.3
+
1e+
-
0e
1.2.3
--2
abc
abc
-
--2
--2
++1
1.2.3
1.2.3
1ee2
1e-
1ee2
--2
abc
e10
+
+
1ee2
++1
1e
--2
1e-
e10
--2
+
1ee2
.
1ee2
1e+
1.2.3
1.2.3
000.e
1e+
-
0e
abc
abc
.
-
e10
+
1e
1.2.3
.
--2
e10
1ee2
e10
1e
abc
-
1e
--2
abc
000.e
e10
-
.
1e
1e-
.
-
0e
0e
++1
1e
1.2.3
1.2.3
--2
++1
1e-
1e-
1e-
1e-
0e
000.e
1e-
--2
e10
+
1e
000.e
1ee2
1ee2
000.e
1.2.3
e10
1e-
1.2.3
+
0e
000.e
-
1e+
1e+
.
1e-
1ee2
1e-
0e
1e
++1
000.e
0e
abc
1.2.3
-
1ee2
-
++1
1e
1e+
1e
1.2.3
abc
+
0e
1e-
e10
1e
0e
++1
000.e
1.2.3
-
--2
-
.
e10
1.2.3
.
abc
-
--2
abc
000.e
1.2.3
1e-
0e
e10
+
abc
0e
1ee2
000.e
1ee2
1e-
++1
abc
.
000.e
1e+
.
abc
1e+
++1
++1
--2
--2
+
e10
abc
1e-
0e
1e+
-
abc
1e
0e
abc
1e+
++1
.
1.2.3
-
1e-
++1
abc
e10
1ee2
--2
1e+
1e
abc
.
1e-
++1
+
abc
000.e
+
abc
abc
--2
--2
.
abc
1e+
0e
.
--2
0e
++1
++1
--2
e10
++1
1.2.3
-
++1
0e
.
abc
1.2.3
++1
1.2.3
+
1e
1ee2
1.2.3
abc
1e-
-
+
e10
1e
e10
1ee2
e10
1e+
1ee2
1e
1ee2
1e
1ee2
.
e10
0e
--2
e10
.
.
-
1e
e10
+
1ee2
-
--2
1.2.3
e10
e10
1.2.3
000.e
1.2.3
0e
abc
1.2.3
abc
abc
1.2.3
++1
0e
-
abc
++1
1.2.3
1e+
-
e10
1ee2
1e+
e10
000.e
1.2.3
--2
000.e
1e
1e+
--2
+
1ee2
0e
000.e
1e+
++1
1.2.3
1ee2
1e+
e10
0e
0e
000.e
+
.
0e
e10
abc
1e
++1
1e
000.e
--2
e10
--2
e10
+
1e
--2
000.e
abc
1ee2
--2
0e
1ee2
.
abc
++1
1e+
1ee2
.
1e
-
--2
0e
1e+
1e-
0e
+
1e+
.
.
--2
+
+
.
e10
1e-
1e-
1ee2
1e-
0e
--2
1ee2
0e
abc
1e-
1e
1ee2
--2
1e+
1e-
1e
++1
1.2.3
.
000.e
1ee2
.
1e+
000.e
--2
-
000.e
0e
-
0e
000.e
--2
0e
1ee2
++1
1e
1e+
1e+
1e+
1e
1e+
1e
1e+
1e
.
1e+
000.e
1.2.3
1e
e10
1.2.3
1.2.3
-
1e-
1e+
1e+
000.e
1.2.3
1e
abc
--2
1e-
-
1e-
1e+
000.e
++1
000.e
1ee2
1.2.3
1e-
1.2.3
-
e10
1ee2
+
1e-
1e+
++1
1e+
.
1e
1e-
e10
.
0e
000.e
1e
1e
0e
+
.
e10
0e
abc
abc
--2
1ee2
abc
--2
++1
.
.
1e
1e
.
++1
1e
-
.
-
+
+
e10
+
++1
1e
1ee2
1e
-
000.e
--2
+
1ee2
+
1e-
-
1e+
000.e
0e
1e+
0e
++1
1e-
++1
.
--2
-
abc
1e
.
000.e
0e
0e
e10
+
-
+
.
e10
++1
+
.
-
1e-
abc
1ee2
+
+
1.2.3
+
0e
0e
1.2.3
--2
1.2.3
+
++1
e10
1.2.3
000.e
-
++1
1e+
1e+
1e
++1
--2
abc
1.2.3
0e
-
abc
.
e10
--2
1.2.3
e10
.
++1
+
.
--2
1ee2
+
-
++1
-
--2
e10
e10
1.2.3
1.2.3
1e
1.2.3
1e-
1e+
1ee2
-
0e
+
1ee2
1.2.3
++1
0e
1e
1e-
++1
e10
++1
1e
1.2.3
abc
++1
1e-
+
--2
1e+
+
0e
e10
000.e
--2
.
--2
.
1e-
abc
1e+
.
abc
1.2.3
0e
1e+
0e
--2
.
e10
0e
1.2.3
0e
e10
++1
1e-
1e-
++1
++1
1.2.3
-
++1
1.2.3
1e+
1e-
0e
e10
1e+
-
1.2.3
1e+
1e+
1e+
1e-
000.e
1ee2
1.2.3
1e-
+
+
1.2.3
1e
.
.
+
.
1.2.3
1.2.3
1e-
1.2.3
1ee2
000.e
+
--2
abc
000.e
1ee2
1.2.3
e10
1ee2
0e
--2
abc
abc
1e-
1e+
1e+
+
abc
.
1ee2
abc
000.e
-
-
abc
000.e
1e-
0e
1e
1.2.3
1.2.3
1e+
+
--2
1ee2
-
+
1e-
--2
++1
1e-
1e+
+
0e
++1
++1
1e-
1e-
e10
++1
1e
e10
1e+
+
e10
++1
-
--2
e10
0e
1e+
1e-
1.2.3
-
++1
.
1e
e10
abc
1e-
e10
--2
-
0e
0e
+
1e+
0e
1.2.3
000.e
0e
0e
1.2.3
000.e
1e+
e10
++1
e10
-
e10
1e-
1e-
abc
--2
-
-
--2
1e-
0e
.
++1
--2
--2
-
0e
000.e
0e
++1
++1
1e
000.e
+
000.e
0e
++1
+
+
1.2.3
++1
.
000.e
1ee2
e10
1e-
e10
1e
1e
000.e
1e
e10
-
1.2.3
--2
0e
1ee2
1e-
++1
1e-
1.2.3
1e+
1e-
.
--2
1.2.3
1e-
+
1e
1.2.3
-
1.2.3
1ee2
-
1e+
000.e
e10
1.2.3
e10
1e+
1e+
1e
--2
000.e
-
.
+
abc
++1
000.e
abc
1ee2
1.2.3
++1
-
0e
++1
1e-
abc
1e
.
1e+
1e+
abc
+
++1
1e+
e10
.
1e-
1e-
++1
000.e
e10
1.2.3
1e-
-
--2
1e+
1ee2
++1
-
abc
--2
0e
1.2.3
++1
+
0e
1.2.3
0e
1e+
abc
1e
++1
1e
++1
000.e
1.2.3
--2
-
e10
abc
.
++1
1e
1e+
+
+
++1
--2
1e+
e10
0e
+
-
000.e
+
1e+
000.e
e10
++1
1.2.3
-
1e-
000.e
000.e
.
1e-
++1
.
.
1e-
1e+
-
++1
-
1.2.3
-
-
1e-
abc
e10
000.e
e10
.
-
++1
1.2.3
++1
1.2.3
++1
++1
1e
1e
000.e
000.e
1e-
1e-
-
.
1e-
--2
1e+
++1
0e
0e
+
.
--2
++1
000.e
+
abc
.
000.e
000.e
1ee2
abc
000.e
-
-
--2
1e-
+
1e-
0e
--2
++1
1e+
1.2.3
000.e
++1
e10
-
1.2.3
--2
.
e10
1e-
.
++1
++1
1ee2
++1
abc
.
--2
.
0e
--2
1e
000.e
+
-
1ee2
1e
1ee2
--2
++1
e10
1ee2
000.e
1e
--2
1.2.3
++1
.
1e-
1e
1e-
0e
+
--2
e10
0e
1e+
--2
++1
1ee2
++1
--2
--2
0e
0e
1e-
1ee2
.
0e
e10
1e
000.e
1e-
1e+
0e
e10
-
e10
+
0e
+
-
abc
e10
1e
1.2.3
e10
1e-
1ee2
1.2.3
1e-
1e
abc
0e
.
1ee2
1ee2
1.2.3
-
--2
000.e
1.2.3
1e-
1e+
1e
--2
e10
1e-
1ee2
abc
-
++1
1e-
+
++1
++1
000.e
.
abc
1ee2
-
+
--2
e10
++1
abc
1e+
0e
1.2.3
.
1e+
-
1e+
e10
1e
1e
0e
1ee2
.
1e-
000.e
.
0e
--2
abc
1.2.3
--2
000.e
1e+
1e-
+
++1
++1
0e
-
1ee2
1e-
-
1e-
++1
--2
1e
1ee2
.
+
000.e
e10
abc
e10
.
--2
abc
1.2.3
abc
1e-
abc
1e-
0e
abc
000.e
1e-
1e-
.
000.e
000.e
1e+
--2
++1
--2
++1
1ee2
1.2.3
1.2.3
1e
-
-
1.2.3
1e-
1ee2
e10
1ee2
1e-
+
+
-
+
1.2.3
abc
.
1ee2
000.e
.
+
+
000.e
1e+
1e+
1e+
1ee2
.
0e
000.e
000.e
000.e
+
++1
--2
1ee2
1e-
000.e
1e+
-
abc
abc
e10
-
--2
e10
e10
1.2.3
++1
1e-
1e
0e
1ee2
1ee2
abc
0e
++1
+
1e
1.2.3
--2
1e-
1e
1.2.3
++1
1e
+
-
e10
-
e10
abc
abc
--2
+
.
abc
1e+
-
e10
-
+
++1
0e
e10
0e
1.2.3
1e+
e10
1e+
abc
++1
1e-
000.e
--2
.
abc
-
-
abc
.
1.2.3
++1
.
1e-
-
--2
1.2.3
e10
1.2.3
.
000.e
1e-
0e
abc
--2
--2
.
1e-
--2
1e-
1.2.3
.
-
1e+
1e
abc
1ee2
+
000.e
-
.
++1
e10
1e
1e+
1.2.3
abc
.
++1
1ee2
1.2.3
e10
1e
1.2.3
1e+
++1
--2
0e
1ee2
0e
1.2.3
--2
1e-
--2
000.e
.
++1
.
.
1ee2
+
000.e
++1
++1
.
0e
000.e
000.e
1.2.3
e10
-
-
e10
1ee2
-
++1
1e-
1.2.3
1e
000.e
++1
e10
e10
0e
1e+
1ee2
1e
.
+
1e-
--2
.
0e
0e
-
-
1e+
0e
-
abc
1ee2
000.e
1e-
.
1ee2
.
++1
1e+
1e+
--2
-
1e
1e-
1e-
-
+
++1
+
000.e
1e
+
1.2.3
e10
1e+
1e+
0e
++1
1e
+
e10
1.2.3
1.2.3
--2
++1
+
-
--2
1e+
0e
-
e10
1e-
1e-
1ee2
++1
e10
--2
abc
1e-
1.2.3
+
.
0e
1.2.3
++1
-
1e-
e10
abc
-
+
0e
1ee2
-
1e-
+
1e+
1e
000.e
1e-
1e
abc
-
0e
++1
1e+
-
000.e
e10
-
-
1ee2
1e-
--2
++1
1e-
--2
1ee2
1.2.3
1e-
abc
+
.
1e+
--2
+
--2
000.e
1e-
-
0e
e10
e10
1e-
1e
abc
0e
1e-
.
+
+
abc
0e
++1
++1
.
++1
000.e
++1
000.e
--2
1e-
++1
abc
--2
1e+
1e
+
--2
1e-
1e-
1.2.3
1.2.3
--2
1e-
.
--2
0e
1e+
0e
1e-
.
1e
1e+
1e-
e10
--2
000.e
1e-
1ee2
1.2.3
-
1e-
e10
1ee2
0e
1e+
1ee2
++1
000.e
.
++1
--2
1e
1.2.3
1e-
000.e
000.e
1e
1ee2
.
e10
000.e
++1
1.2.3
+
.
-
++1
+
abc
abc
1ee2
+
--2
1.2.3
++1
1e
1e
0e
1e
1e+
++1
e10
abc
0e
e10
0e
000.e
1e+
+
1.2.3
-
1e-
1ee2
e10
1ee2
--2
++1
-
abc
1e-
e10
-
abc
--2
1.2.3
--2
000.e
1e+
1e+
1e+
0e
000.e
1e
0e
.
.
e10
1.2.3
+
1ee2
--2
--2
1ee2
1ee2
e10
1ee2
e10
1e
+
.
--2
++1
e10
1.2.3
1e
.
+
e10
++1
1e
++1
000.e
e10
0e
0e
--2
-
0e
1.2.3
++1
--2
1e+
1.2.3
1.2.3
++1
000.e
+
0e
+
--2
e10
1e
abc
1.2.3
++1
1.2.3
+
1e-
1e
++1
1e-
000.e
000.e
1e+
000.e
+
-
1.2.3
1ee2
1.2.3
e10
+
1e+
0e
1e-
1e
.
0e
--2
+
1e-
0e
1.2.3
0e
1e
+
-
000.e
1.2.3
.
1e-
0e
--2
e10
.
+
.
000.e
1e
1e
1ee2
000.e
-
abc
--2
1ee2
1ee2
-
++1
1e-
--2
-
++1
1e+
+
+
e10
.
abc
0e
1e-
-
++1
000.e
1e-
--2
1e-
+
0e
0e
-
0e
++1
000.e
abc
1.2.3
--2
-
1ee2
0e
--2
1ee2
abc
--2
1ee2
--2
.
000.e
-
0e
0e
000.e
+
0e
1.2.3
1e
1e
1ee2
-
--2
0e
+
1ee2
0e
e10
+
+
1.2.3
++1
000.e
-
e10
1.2.3
abc
++1
--2
-
+
e10
++1
.
+
1e+
0e
000.e
++1
1.2.3
e10
+
0e
000.e
1e
++1
1ee2
000.e
--2
1e
1ee2
-
1.2.3
++1
++1
abc
1ee2
000.e
1.2.3
abc
.
1e-
-
0e
1.2.3
1e+
.
.
000.e
abc
1e
+
++1
1.2.3
1e+
1.2.3
--2
1ee2
1e
+
000.e
abc
1e-
1ee2
1e
--2
0e
--2
+
1e+
-
--2
1e-
-
0e
.
abc
1ee2
++1
1e+
0e
000.e
.
.
++1
-
1e
1ee2
1e+
abc
1e+
e10
e10
000.e
0e
000.e
1ee2
.
0e
1e-
abc
0e
.
1e
1ee2
1ee2
.
1e
1e
1e+
1e
+
1e+
1ee2
--2
1ee2
0e
1e
.
-
1e+
0e
000.e
1e
e10
1e-
+
+
1e-
0e
+
abc
--2
1e+
+
1e
1ee2
e10
++1
.
-
1.2.3
000.e
-
e10
1ee2
000.e
abc
0e
1ee2
+
-
abc
+
e10
1e
+
1e
1e+
1.2.3
+
-
.
.
1ee2
-
000.e
-
+
1.2.3
1ee2
--2
1.2.3
1ee2
1.2.3
1e-
1.2.3
0e
--2
0e
+
1e
++1
-
1e+
abc
--2
000.e
000.e
-
1ee2
1.2.3
.
.
+
1e
1e-
0e
0e
0e
abc
abc
000.e
-
1e+
-
abc
1e-
000.e
.
1e+
000.e
abc
1ee2
0e
1ee2
++1
--2
e10
.
1e
.
--2
1.2.3
.
1ee2
e10
.
-
e10
1e+
1e
+
1e-
abc
--2
000.e
-
-
+
1e-
000.e
1e-
e10
abc
1e+
-
1e
e10
.
0e
0e
1e+
+
1e
000.e
e10
-
1e-
0e
++1
abc
1e-
0e
1e-
1.2.3
1ee2
000.e
1ee2
-
++1
1e-
1e+
+
++1
++1
--2
1.2.3
1.2.3
.
++1
e10
+
1.2.3
1.2.3
.
1e
.
++1
1.2.3
1.2.3
1e
-
1e-
e10
1e+
1e-
.
abc
abc
1.2.3
1ee2
1e+
000.e
1e+
1.2.3
1e+
e10
++1
1.2.3
++1
1e
0e
1e-
++1
0e
+
1e-
-
++1
1e+
1ee2
1e-
--2
0e
++1
1e
1e+
1e-
1e+
+
++1
.
1e
1e
abc
+
1ee2
.
+
--2
++1
1e+
--2
1.2.3
1e
-
1e-
++1
-
1e
000.e
1.2.3
abc
0e
.
1ee2
1e-
1ee2
e10
1.2.3
1.2.3
000.e
e10
--2
abc
abc
++1
1e-
abc
1.2.3
1e-
e10
1e-
1.2.3
1e+
e10
0e
abc
--2
e10
-
1.2.3
abc
1ee2
abc
-
+
.
--2
1.2.3
1e+
e10
abc
e10
000.e
1e+
+
e10
1e+
1ee2
1e+
e10
000.e
1e+
1ee2
1.2.3
000.e
1ee2
1.2.3
+
.
abc
abc
.
1e+
1ee2
.
1e
000.e
e10
000.e
e10
-
1e
abc
1e+
0e
000.e
.
+
1e-
+
1ee2
000.e
abc
1.2.3
+
000.e
1ee2
++1
e10
-
1.2.3
--2
-
1ee2
1e
+
abc
1e-
--2
0e
1e-
.
-
e10
.
++1
1.2.3
0e
+
1.2.3
0e
++1
1e
++1
1e+
1ee2
1.2.3
++1
.
-
-
--2
++1
0e
-
e10
000.e
-
1e+
e10
0e
abc
abc
0e
++1
000.e
1e-
1e-
1ee2
1.2.3
000.e
++1
1e
+
abc
1e-
-
++1
1.2.3
-
1ee2
1ee2
--2
e10
1.2.3
+
1.2.3
1e
abc
--2
1ee2
0e
abc
1.2.3
1ee2
e10
000.e
0e
+
000.e
1.2.3
++1
--2
1e+
-
abc
e10
1e-
-
.
000.e
1e
1.2.3
.
-
1.2.3
++1
1e+
1e+
++1
--2
++1
abc
--2
1.2.3
1.2.3
-
1e-
1ee2
1ee2
1.2.3
1.2.3
+
-
-
--2
--2
000.e
1ee2
1e-
1e
--2
1.2.3
-
1ee2
1e-
1e
0e
1e
1ee2
000.e
e10
--2
1ee2
-
000.e
--2
--2
1e+
-
1e-
1e-
1e
e10
.
1.2.3
1e+
--2
1e
0e
.
1e
1e+
+
++1
++1
1e-
--2
1e-
+
.
-
0e
++1
e10
0e
--2
1e
1e+
1ee2
000.e
++1
1.2.3
1e+
1e-
e10
++1
1e
.
1e-
e10
--2
e10
--2
1ee2
-
-
0e
abc
+
1e-
-
1e+
0e
+
1e-
-
1e
1.2.3
.
e10
1e+
1ee2
1.2.3
--2
1e
1.2.3
0e
1e+
e10
000.e
1.2.3
e10
0e
++1
++1
1e
--2
1e+
++1
e10
++1
++1
e10
1.2.3
-
++1
e10
1e-
e10
--2
1e-
000.e
0e
1.2.3
--2
1e+
-
e10
abc
-
e10
.
1e+
1e
+
1e-
abc
000.e
1.2.3
1.2.3
1ee2
e10
abc
-
.
+
e10
000.e
+
abc
000.e
e10
.
--2
e10
1.2.3
+
1e+
000.e
000.e
1e-
1ee2
.
000.e
1e-
-
1e-
++1
1ee2
1e-
1ee2
.
abc
0e
1.2.3
++1
e10
1.2.3
.
1ee2
.
1e
abc
.
--2
--2
1e-
1e-
1e+
000.e
1e+
--2
1e-
e10
0e
+
1ee2
0e
abc
1e
1e+
1.2.3
++1
-
.
1.2.3
+
++1
0e
1e+
1e
--2
1e+
1e
1e+
0e
++1
.
1e-
abc
1e
0e
e10
e10
e10
1.2.3
++1
1e+
0e
1e+
1e+
1e+
000.e
+
0e
++1
--2
--2
+
0e
000.e
++1
.
--2
+
0e
e10
abc
+
+
1ee2
0e
1ee2
.
.
e10
-
1e-
e10
.
e10
-
000.e
1e
++1
e10
1.2.3
++1
0e
1.2.3
++1
--2
+
000.e
000.e
+
.
.
1e+
1ee2
.
1e-
1e-
1e
++1
--2
.
.
.
1.2.3
1e+
abc
0e
e10
0e
1.2.3
1ee2
-
++1
0e
.
--2
.
0e
++1
.
+
abc
1.2.3
-
++1
1e
1e+
1.2.3
1e
1e-
--2
000.e
.
++1
abc
1e-
+
.
++1
1e
1ee2
-
000.e
abc
e10
e10
1.2.3
1e
1e+
-
+
0e
0e
1e-
.
1e+
--2
e10
e10
1e
abc
++1
e10
--2
-
+
1.2.3
1e
000.e
e10
1e-
e10
abc
000.e
e10
-
000.e
1e-
1e+
000.e
e10
--2
1e-
--2
1e-
1e
1.2.3
1e-
+
e10
+
1ee2
1ee2
e10
1e+
abc
1e
1e+
+
1ee2
e10
.
+
1e-
--2
1e-
1.2.3
e10
.
0e
000.e
-
1e
1.2.3
1e
--2
--2
1ee2
++1
1e-
1e
1e+
0e
.
abc
1.2.3
e10
++1
+
1.2.3
1e+
000.e
+
1.2.3
1ee2
e10
1e
--2
1.2.3
.
1e+
1e
000.e
1e
--2
1e+
-
1e-
++1
1.2.3
-
1e+
.
+
.
1e+
-
-
1ee2
0e
+
abc
++1
1e+
--2
1.2.3
1e-
1e-
1e+
000.e
+
1e-
+
.
1e
1e
1e-
.
1e-
1e+
++1
--2
++1
1e
1e
.
abc
1ee2
0e
+
++1
000.e
+
1e-
abc
--2
e10
1e-
-
+
1.2.3
1.2.3
+
0e
e10
-
000.e
1e-
e10
++1
--2
+
--2
000.e
++1
e10
1e
1e-
1.2.3
.
0e
--2
1.2.3
-
000.e
1ee2
--2
1ee2
+
.
1e
abc
.
e10
abc
1e
-
1ee2
1.2.3
-
1ee2
1e+
1e-
e10
++1
1ee2
-
000.e
abc
--2
.
1e-
+
1e+
1e+
0e
000.e
0e
1e+
abc
1e
1e-
1.2.3
.
1e+
1e+
0e
1e+
1e
1e-
1e-
1e+
.
.
1e+
1ee2
1e+
1e+
000.e
.
--2
1.2.3
e10
000.e
+
abc
+
e10
.
++1
+
+
1ee2
.
abc
++1
1e-
++1
1ee2
1e+
1e-
++1
abc
++1
0e
-
1ee2
000.e
000.e
1e-
1e
--2
1e-
1.2.3
1e+
1ee2
000.e
1e-
--2
e10
0e
e10
1e+
+
1.2.3
1e
++1
1ee2
abc
abc
e10
--2
1e-
1e-
1e-
++1
1e
1e+
1e-
--2
e10
1.2.3
++1
++1
1ee2
000.e
++1
--2
1e-
++1
1e-
--2
0e
0e
.
1e
000.e
abc
1e+
++1
1e-
++1
.
1ee2
000.e
abc
0e
1.2.3
0e
++1
1e+
1e+
1e+
++1
++1
--2
e10
e10
1e
000.e
e10
abc
0e
.
++1
1.2.3
1e
-
.
++1
1e
+
000.e
abc
000.e
abc
--2
abc
--2
000.e
1e+
abc
-
++1
.
+
1ee2
abc
+
.
+
abc
000.e
-
0e
--2
--2
++1
++1
1ee2
1e+
1.2.3
-
.
.
++1
e10
1.2.3
--2
.
+
++1
--2
1ee2
+
e10
1ee2
+
abc
1ee2
.
1e
1.2.3
-
--2
.
1e+
--2
0e
1.2.3
1e
--2
-
1e+
1.2.3
1e
1e+
e10
0e
+
1e+
.
.
1.2.3
1e-
000.e
abc
1ee2
++1
+
++1
++1
.
abc
1e
000.e
1ee2
1e+
.
.
1e+
000.e
1e
e10
1e-
000.e
abc
abc
1e-
1e-
1e
--2
e10
++1
1e
1e
1ee2
+
1ee2
++1
1e+
-
+
++1
abc
e10
+
+
1e
--2
abc
1e
--2
1e+
0e
+
1ee2
--2
abc
abc
abc
000.e
++1
0e
abc
++1
1e-
1e
--2
-
--2
0e
1.2.3
abc
1e+
--2
++1
--2
1e-
000.e
e10
+
1e-
e10
1.2.3
1e+
1.2.3
.
-
1ee2
++1
0e
.
.
abc
1e-
000.e
1e
1e+
abc
0e
abc
1e+
--2
abc
abc
1e+
1e+
1ee2
1ee2
1ee2
1e-
e10
+
000.e
1e
000.e
++1
0e
1e
abc
-
1e
++1
abc
000.e
1ee2
-
-
abc
1e
abc
-
1e-
--2
000.e
.
abc
1e-
.
1e
abc
1ee2
1ee2
e10
e10
-
--2
--2
+
++1
++1
++1
1e-
0e
e10
000.e
1e+
--2
1ee2
1.2.3
-
1.2.3
++1
-
0e
++1
1ee2
1e
-
--2
.
1ee2
1e
-
.
1ee2
1e-
000.e
1e+
1e
abc
1ee2
++1
1e-
1ee2
e10
1.2.3
.
1.2.3
1.2.3
1e
1.2.3
++1
e10
1e-
1e+
--2
1e+
0e
+
--2
0e
.
+
-
1ee2
1ee2
1ee2
e10
abc
1e
1ee2
1ee2
1.2.3
e10
--2
-
.
0e
++1
abc
.
.
1ee2
1e-
1e
1e
abc
+
+
e10
.
000.e
1e-
1ee2
-
.
.
abc
000.e
++1
1e+
+
.
-
1e
1.2.3
000.e
abc
1e+
+
e10
1e
e10
1e
1.2.3
1e-
++1
.
1e+
1e
+
abc
abc
1e-
1.2.3
.
1e+
.
1e
1e
abc
1e-
1e+
-
e10
.
000.e
e10
000.e
0e
abc
.
-
++1
1ee2
1e-
1ee2
1ee2
1e
1e
++1
0e
abc
1ee2
1e
-
1e+
e10
1e-
1e-
e10
.
-
0e
++1
--2
000.e
1e-
1e+
-
000.e
1.2.3
++1
--2
1ee2
1.2.3
1e+
000.e
-
1.2.3
1e
+
0e
++1
1e
.
--2
1e
.
++1
1.2.3
.
1ee2
1.2.3
abc
000.e
1e
0e
.
.
1e-
+
0e
1e+
-
1ee2
++1
1e+
abc
1ee2
1e
+
1ee2
1.2.3
1e
1e+
1e+
0e
abc
--2
1e
abc
--2
1ee2
abc
++1
abc
.
e10
abc
000.e
1e
1e+
+
1e+
1.2.3
abc
--2
e10
0e
+
1e
000.e
1ee2
abc
1e+
e10
.
0e
.
+
.
1ee2
1.2.3
1e-
--2
1e
+
abc
1e
abc
1e+
abc
--2
000.e
+
1.2.3
++1
--2
-
--2
0e
0e
--2
1.2.3
--2
0e
1ee2
1e+
000.e
1e+
.
1e+
.
+
000.e
+
1ee2
1ee2
1e+
-
1e
1ee2
1ee2
.
-
0e
1ee2
0e
1e
0e
+
e10
++1
--2
1ee2
e10
1e
1e-
--2
--2
--2
++1
abc
-
--2
1ee2
000.e
-
1e-
1.2.3
--2
abc
1.2.3
000.e
1e+
-
abc
1e+
+
--2
e10
1e
1e
+
.
1ee2
1e
-
1e-
1.2.3
1e-
1e
-
e10
1e
e10
-
abc
e10
1e+
+
abc
1e+
--2
1e
000.e
1e+
1ee2
-
abc
0e
-
--2
e10
000.e
1e+
-
.
1ee2
0e
000.e
+
1e+
+
1ee2
1e
1e
1e-
++1
1e+
++1
000.e
1e+
-
1e+
+
++1
1.2.3
++1
1ee2
++1
.
-
1e+
1e+
+
e10
e10
e10
1e
000.e
.
000.e
1ee2
.
1e+
-
0e
e10
1e-
1ee2
+
1.2.3
+
0e
1e-
-
abc
0e
abc
.
+
.
1e+
abc
1e-
.
+
abc
1.2.3
1ee2
++1
-
1e-
1e
1e-
.
000.e
1e+
1e-
1e+
+
000.e
.
1e-
-
-
1ee2
000.e
+
1e
+
abc
1ee2
000.e
+
--2
000.e
1e+
--2
0e
0e
1ee2
e10
1ee2
1e+
0e
abc
0e
000.e
--2
+
1.2.3
+
1.2.3
1ee2
1e+
1ee2
--2
0e
-
.
000.e
000.e
1e
1.2.3
e10
++1
+
--2
.
1e-
000.e
abc
1.2.3
++1
.
abc
1ee2
000.e
000.e
--2
--2
--2
1e+
1.2.3
1e-
0e
0e
.
e10
-
++1
1e+
-
abc
+
abc
1e+
.
0e
.
1e
++1
1e
0e
abc
0e
1e
abc
000.e
abc
++1
1e-
1ee2
.
1.2.3
1e-
e10
abc
++1
abc
1e
++1
0e
++1
-
000.e
1ee2
1.2.3
.
0e
.
1e-
1e
1e
000.e
000.e
+
1.2.3
1ee2
abc
abc
1e
1e-
+
1e
abc
0e
e10
1.2.3
++1
+
--2
1.2.3
e10
--2
e10
1e
.
-
++1
1ee2
1e-
1.2.3
e10
abc
1e+
-
-
1e+
abc
e10
-
1e-
1.2.3
++1
1e-
+
1e
e10
1ee2
-
0e
000.e
.
abc
0e
1e-
e10
000.e
++1
1ee2
abc
1e+
1e+
000.e
1e
-
000.e
1e+
1e+
++1
abc
1e
0e
--2
000.e
.
e10
.
1e
.
0e
-
0e
000.e
000.e
1e-
1e-
e10
++1
abc
+
0e
e10
000.e
e10
0e
++1
-
e10
1.2.3
1ee2
abc
000.e
.
1e-
+
1ee2
1ee2
-
1e
1e-
1.2.3
abc
e10
1e-
0e
--2
e10
-
++1
0e
0e
.
++1
.
+
+
++1
-
abc
e10
1e-
0e
.
abc
1ee2
abc
.
1e-
1.2.3
+
++1
-
-
000.e
1e-
1.2.3
--2
000.e
--2
1e+
++1
1e+
.
e10
e10
1.2.3
1e
1e-
+
1e-
--2
1e
1e
++1
-
1e
.
-
1e+
1e
+
++1
abc
e10
abc
1.2.3
--2
-
1e
1e
--2
1e+
1ee2
.
1ee2
--2
1e-
--2
1.2.3
++1
.
1.2.3
1e
-
1e+
--2
0e
1.2.3
1e
1ee2
.
.
e10
+
1e
abc
.
1e
e10
000.e
.
1e
1e-
+
abc
000.e
1.2.3
1ee2
1e-
1.2.3
+
1e-
1e-
1ee2
1.2.3
e10
1e
abc
1e+
e10
000.e
+
1e+
1ee2
1e+
1e+
0e
++1
--2
e10
+
abc
abc
1e+
abc
abc
1ee2
-
1e
abc
++1
000.e
-
1e-
abc
1.2.3
-
.
++1
1e
abc
+
1ee2
--2
000.e
1e
1e-
1e+
-
0e
1e
1e
1e+
-
1e
1e+
1e-
1ee2
1e+
-
1.2.3
1e
1e+
1e-
++1
1ee2
abc
abc
1e-
abc
--2
1e+
1.2.3
1e
++1
1e
--2
++1
000.e
1e
000.e
.
abc
1e
1e-
0e
e10
++1
000.e
1e+
1.2.3
1ee2
.
1e-
.
abc
0e
1e-
e10
.
abc
1e
e10
++1
000.e
+
1ee2
++1
000.e
1e
--2
++1
e10
--2
.
--2
.
1e
-
++1
1e-
1e-
+
++1
--2
1e+
abc
1e-
1.2.3
1e
e10
.
abc
++1
e10
1ee2
1e-
++1
1e+
.
1e
1e+
.
++1
abc
.
1e
1e-
1ee2
+
1e+
1e+
1.2.3
-
000.e
e10
1e-
0e
1ee2
0e
1e
000.e
1.2.3
--2
+
+
0e
000.e
e10
+
1.2.3
--2
1e-
++1
000.e
1.2.3
++1
++1
1e-
1e+
abc
.
1e+
1ee2
1e-
0e
0e
1.2.3
000.e
1e-
1e-
+
000.e
1e-
+
e10
++1
.
1e-
1.2.3
abc
--2
++1
--2
-
-
1e-
1e
+
1e
++1
0e
e10
1.2.3
e10
abc
+
1e-
--2
e10
1.2.3
1ee2
abc
++1
-
000.e
0e
0e
1.2.3
1e-
1.2.3
-
e10
0e
-
-
1ee2
abc
1e-
abc
000.e
1e-
1e-
1e-
.
1e-
abc
-
1ee2
1e
+
abc
1e-
1e+
--2
0e
+
--2
1.2.3
1.2.3
+
+
--2
.
e10
-
+
e10
0e
1e+
-
1.2.3
e10
+
1e
0e
0e
1e
1e-
1.2.3
1e
1e+
1ee2
000.e
++1
1e+
abc
1e-
e10
1e
1.2.3
000.e
1.2.3
000.e
.
-
.
1e
+
-
1e
1e-
1ee2
1.2.3
1e-
+
1.2.3
1.2.3
abc
++1
--2
--2
1e+
e10
.
.
.
e10
abc
000.e
++1
--2
1e
.
1e
1.2.3
1e
1ee2
.
1ee2
1e-
0e
1e-
1e-
1e
-
1.2.3
--2
-
++1
1e+
000.e
-
0e
1e
++1
.
+
+
abc
1e-
0e
++1
+
-
-
1e+
abc
1e
++1
1ee2
1e
1e-
000.e
0e
.
1ee2
++1
1e
1.2.3
1.2.3
1e+
abc
.
+
1e-
1e-
.
1.2.3
1e+
1e+
-
-
++1
1e-
1e-
1.2.3
--2
.
0e
++1
+
++1
1e-
abc
1e
++1
.
0e
.
0e
abc
1e+
1e+
abc
1.2.3
000.e
000.e
0e
++1
1e
abc
1e-
1e-
+
++1
++1
.
1e
0e
1e-
1e-
1e+
1e
0e
e10
abc
-
000.e
0e
--2
0e
+
.
e10
-
000.e
-
1e
.
1e-
abc
--2
++1
1e+
1.2.3
1.2.3
1e-
--2
abc
1e-
000.e
--2
0e
-
++1
1e-
000.e
000.e
1ee2
+
-
-
000.e
1.2.3
1e
0e
--2
.
1ee2
1.2.3
+
abc
000.e
1e+
1.2.3
1.2.3
1e-
-
e10
000.e
-
+
0e
++1
e10
1e-
1ee2
1e
e10
--2
000.e
--2
+
0e
--2
1e-
0e
.
-
0e
1.2.3
1ee2
++1
+
1.2.3
.
1ee2
e10
--2
1e
+
++1
--2
1ee2
1e-
1e-
0e
.
1.2.3
+
abc
--2
1e+
++1
000.e
-
1.2.3
++1
abc
1e-
1e
++1
++1
000.e
e10
abc
1.2.3
--2
+
++1
abc
000.e
--2
abc
000.e
0e
.
--2
1e
+
1.2.3
abc
--2
abc
abc
.
000.e
--2
1e-
000.e
0e
abc
e10
.
000.e
1.2.3
000.e
--2
1e-
1e-
e10
abc
1e
1ee2
+
1e-
.
1.2.3
000.e
++1
.
--2
e10
++1
1e+
1e-
0e
0e
.
.
-
0e
000.e
0e
1e-
1.2.3
.
abc
--2
1e
0e
e10
1e+
++1
1e
1e-
-
abc
.
000.e
++1
-
0e
0e
1ee2
1.2.3
1e+
+
e10
-
1ee2
000.e
abc
000.e
-
e10
1.2.3
abc
abc
--2
e10
1e
1.2.3
.
000.e
1e
.
+
1e+
0e
000.e
1e
.
-
abc
+
+
1e-
1e+
1e
000.e
e10
e10
0e
.
1.2.3
+
1e-
+
+
1e-
1ee2
+
-
abc
1.2.3
000.e
e10
+
1e+
+
1ee2
1.2.3
1e+
-
1ee2
-
-
.
1e+
-
1e+
1.2.3
1ee2
abc
abc
abc
e10
-
0e
-
abc
e10
e10
1e
1e+
000.e
.
1ee2
000.e
abc
++1
1e-
+
.
1e
1e+
0e
1ee2
1e-
e10
abc
1e+
--2
000.e
000.e
1ee2
1ee2
1e
e10
1ee2
1e-
abc
1.2.3
-
e10
1.2.3
--2
.
1ee2
abc
++1
-
1e
+
-
1e+
+
--2
.
000.e
1ee2
1e-
1.2.3
e10
1e+
-
abc
1ee2
+
1.2.3
1.2.3
1.2.3
+
.
1ee2
1e
--2
000.e
e10
1ee2
--2
1e-
000.e
+
1ee2
1e+
+
-
1ee2
1e-
abc
000.e
0e
1ee2
0e
1e
1e+
+
-
0e
1e-
.
++1
1e
-
-
0e
1e
abc
1e
++1
1ee2
0e
+
e10
1ee2
1ee2
+
+
1.2.3
-
abc
++1
1e+
abc
0e
000.e
1e+
abc
abc
abc
0e
--2
1.2.3
1.2.3
1e
e10
1.2.3
1ee2
000.e
.
000.e
0e
.
0e
1.2.3
000.e
--2
1.2.3
-
e10
++1
--2
000.e
1e
000.e
1e
000.e
1ee2
--2
-
.
1e+
1.2.3
1e+
1e+
--2
--2
.
.
1.2.3
e10
1.2.3
0e
-
1e+
1e-
1e
1e
1e-
0e
--2
e10
--2
--2
--2
1ee2
e10
1ee2
+
++1
e10
1e-
+
1.2.3
0e
e10
0e
--2
abc
abc
+
1.2.3
abc
1.2.3
-
--2
++1
++1
-
0e
1e-
1e
++1
1ee2
++1
1e+
+
++1
1e-
1ee2
1e-
1ee2
0e
-
1.2.3
0e
++1
-
1ee2
++1
--2
1.2.3
-
.
1.2.3
.
-
--2
1e-
000.e
1.2.3
0e
1e+
abc
++1
--2
--2
+
1e+
--2
.
abc
e10
e10
000.e
++1
000.e
abc
1e-
1ee2
--2
1.2.3
0e
abc
--2
1e-
++1
0e
1ee2
abc
0e
abc
1e
1ee2
1e
1e+
0e
--2
abc
1ee2
000.e
.
1.2.3
+
1e-
abc
abc
--2
+
1e+
+
abc
.
+
1e
1e+
1e
0e
-
+
000.e
-
++1
-
.
--2
++1
000.e
1ee2
1e-
+
0e
1e-
1.2.3
++1
1e-
0e
1ee2
abc
-
000.e
1.2.3
000.e
--2
1e+
1.2.3
1e+
1e+
--2
+
000.e
000.e
1e-
e10
1ee2
1e+
-
1ee2
0e
1ee2
1ee2
1ee2
-
1.2.3
--2
e10
1e
1e-
1e+
--2
--2
++1
++1
000.e
.
0e
0e
.
abc
abc
1ee2
1ee2
abc
e10
.
1e+
e10
-
--2
1e
000.e
1ee2
0e
0e
.
0e
0e
1ee2
1e-
1e
++1
++1
0e
1e
++1
1.2.3
e10
e10
+
000.e
1e+
1e-
.
1.2.3
++1
1.2.3
1ee2
--2
.
--2
.
1e
1e+
+
-
-
1e+
.
1e+
--2
abc
000.e
-
.
1.2.3
1e
+
000.e
1.2.3
++1
e10
1e-
1e
000.e
1.2.3
1ee2
+
-
++1
++1
e10
1ee2
1e+
-
--2
-
1e-
e10
000.e
1e+
e10
-
++1
.
000.e
1ee2
-
1.2.3
++1
000.e
1.2.3
-
1.2.3
e10
--2
000.e
0e
abc
e10
++1
1e+
000.e
+
.
-
1e
e10
--2
1e+
1e
-
.
.
000.e
1e-
1e-
1.2.3
-
+
.
--2
e10
e10
1e-
1e+
+
000.e
1e+
1e-
0e
-
1e
1e+
0e
1e
--2
1e-
0e
0e
++1
0e
abc
1e+
1e-
1e-
1e+
-
1e-
++1
0e
0e
1e+
1e-
000.e
++1
1e
1.2.3
1ee2
1e
e10
.
--2
--2
e10
--2
--2
e10
000.e
--2
1ee2
1ee2
.
abc
0e
e10
000.e
1e
+
1.2.3
000.e
1ee2
++1
abc
1.2.3
-
1e
1e+
1e-
1.2.3
1e
++1
.
--2
1ee2
+
1e+
+
+
1e+
abc
1ee2
--2
.
--2
-
abc
abc
000.e
1e-
e10
--2
++1
+
+
0e
-
abc
abc
000.e
-
0e
0e
000.e
1ee2
.
-
e10
+
1.2.3
1e-
--2
+
-
1e-
1e-
1.2.3
e10
e10
1e
abc
1ee2
1e+
.
1e
1e-
.
e10
1.2.3
000.e
1e
+
+
0e
1e
++1
.
000.e
++1
+
--2
1e-
--2
abc
1.2.3
1e+
0e
.
0e
1.2.3
+
000.e
++1
++1
1.2.3
0e
abc
1e
+
1e
++1
-
e10
e10
.
abc
abc
--2
1e
0e
abc
--2
1.2.3
1e
.
e10
++1
1e
++1
0e
.
1e
abc
1e-
++1
.
--2
.
e10
++1
1e+
--2
1e-
+
1e-
0e
abc
e10
000.e
--2
1ee2
.
--2
+
1.2.3
0e
+
0e
abc
.
abc
-
1e+
e10
-
0e
1e+
+
-
++1
e10
1.2.3
e10
0e
1.2.3
1ee2
1.2.3
++1
1ee2
1e+
++1
abc
abc
1e-
1ee2
++1
++1
-
++1
0e
.
abc
.
1.2.3
.
0e
e10
0e
1.2.3
e10
+
e10
.
1e
1.2.3
1.2.3
1ee2
000.e
.
0e
1ee2
1e-
--2
0e
e10
000.e
1ee2
1e+
e10
0e
0e
--2
000.e
+
-
000.e
--2
abc
++1
+
+
000.e
e10
e10
--2
+
1e-
1e-
1e
-
+
.
--2
+
++1
-
1e
e10
.
++1
1e-
e10
--2
1ee2
.
1e-
1e+
000.e
--2
1e
1ee2
000.e
1e+
++1
1e-
1.2.3
1e-
1e-
--2
++1
e10
--2
1.2.3
abc
1ee2
.
0e
1e
0e
1e
++1
++1
1e
1.2.3
1e+
1e+
e10
1e+
1ee2
1.2.3
1e+
--2
.
1e-
.
1.2.3
000.e
++1
1e+
-
++1
+
e10
.
0e
1e-
000.e
-
1e+
e10
1e+
--2
.
e10
-
abc
+
-
0e
e10
--2
0e
1e
-
abc
1e+
1.2.3
1e
.
0e
e10
abc
.
abc
1e-
1e
1e
1ee2
.
--2
abc
0e
--2
.
1ee2
1e
++1
e10
1e+
1.2.3
+
0e
.
++1
abc
1e-
e10
1e-
1e-
++1
000.e
.
e10
000.e
+
abc
++1
1e+
1e-
000.e
1.2.3
0e
1e-
--2
1ee2
abc
1.2.3
--2
1e+
++1
1.2.3
e10
e10
abc
+
1e+
1ee2
1ee2
++1
000.e
++1
1e
abc
1.2.3
1e+
+
e10
1ee2
-
1e+
-
1e+
abc
.
++1
1e
1ee2
1.2.3
abc
++1
000.e
1e+
e10
+
1.2.3
000.e
000.e
1e+
+
++1
.
+
1ee2
+
+
0e
1ee2
1.2.3
1e-
e10
--2
1e-
0e
e10
++1
1e
000.e
1ee2
e10
1ee2
000.e
1e
1.2.3
000.e
+
+
1.2.3
+
+
1.2.3
1e
1.2.3
+
1.2.3
000.e
000.e
-
1e+
1e
000.e
1.2.3
-
--2
1ee2
e10
1e-
abc
1e
000.e
e10
1.2.3
.
e10
1e+
1e+
--2
.
e10
1e
1e
0e
1e
1e-
1.2.3
+
e10
1ee2
-
1e+
1.2.3
1.2.3
1ee2
1e
-
.
.
1ee2
0e
-
.
1ee2
e10
e10
1ee2
1.2.3
-
1e-
--2
1.2.3
++1
e10
++1
1e-
000.e
--2
000.e
1e
.
abc
000.e
1e
1ee2
--2
-
1e+
0e
.
1e+
1e+
1.2.3
e10
000.e
1e+
1e+
000.e
e10
1e+
--2
1ee2
abc
1e-
000.e
e10
++1
1e
++1
+
1e+
1e-
-
0e
1e-
-
0e
.
0e
000.e
1e-
1.2.3
.
1e+
1e
abc
.
1e+
000.e
1e-
1e
1e-
.
000.e
1e-
000.e
1e
1e-
abc
--2
0e
1.2.3
e10
+
++1
+
1ee2
.
1e+
000.e
+
000.e
0e
.
1ee2
1.2.3
1e
.
000.e
1ee2
++1
000.e
1ee2
.
+
1e-
--2
1.2.3
++1
--2
+
000.e
e10
++1
000.e
.
0e
1e-
+
e10
1.2.3
1e-
abc
+
--2
1e-
.
1e+
1e+
1e
.
0e
0e
+
--2
1ee2
++1
1e+
abc
1.2.3
--2
0e
0e
1e
1.2.3
-
000.e
.
1ee2
000.e
++1
000.e
.
-
1e-
e10
+
abc
--2
0e
--2
000.e
1e-
+
.
abc
0e
1ee2
abc
1e-
.
1e+
1ee2
0e
e10
abc
+
-
++1
--2
abc
1e-
1e-
abc
e10
1ee2
++1
1ee2
abc
--2
1ee2
000.e
e10
1e-
0e
+
--2
0e
1ee2
0e
e10
abc
1e-
1e
+
000.e
0e
1e
--2
-
1e-
1e
.
1e+
1ee2
e10
--2
1e
0e
e10
+
.
1e
1e+
000.e
+
000.e
1e+
-
abc
.
.
1.2.3
abc
abc
e10
1e-
.
1.2.3
-
.
.
1e-
0e
000.e
-
0e
1e+
000.e
1e+
abc
++1
1.2.3
e10
1ee2
1e-
0e
1e+
abc
1e-
000.e
abc
1e
000.e
1e-
0e
1e-
1e+
1.2.3
.
e10
1e
++1
1e-
0e
e10
--2
-
1.2.3
-
000.e
++1
--2
+
abc
0e
abc
1ee2
e10
+
0e
++1
-
.
1ee2
-
1e
0e
0e
1e
+
1.2.3
e10
abc
1e-
--2
--2
1ee2
-
1e+
++1
1e
1e
1.2.3
+
1e-
1e+
++1
abc
+
1.2.3
000.e
000.e
+
1e+
000.e
.
.
0e
000.e
+
000.e
++1
1e-
e10
1e+
0e
000.e
1ee2
1e
1e
1e+
--2
++1
--2
+
000.e
1.2.3
1ee2
1.2.3
+
+
--2
000.e
.
e10
1e-
1ee2
000.e
.
-
+
1e-
e10
1e-
1e-
+
abc
+
abc
e10
1e
++1
1.2.3
+
++1
e10
1e+
-
000.e
.
1.2.3
1.2.3
1e
.
-
--2
0e
1e-
+
e10
1e-
++1
.
abc
++1
1.2.3
+
1.2.3
1e+
+
1e-
++1
abc
1ee2
1ee2
000.e
1e-
1e-
--2
+
000.e
.
-
-
-
.
e10
--2
1ee2
0e
1e+
1.2.3
1e+
1.2.3
0e
000.e
1e-
1ee2
e10
-
++1
1.2.3
.
abc
+
abc
-
-
1e-
1e-
++1
--2
1e
1e+
1e+
1ee2
.
0e
1.2.3
.
.
1e
.
1e-
0e
1e
1e+
0e
1e+
e10
1.2.3
000.e
++1
.
0e
1e
1ee2
0e
e10
++1
abc
+
-
1e-
1e+
1e
1.2.3
1e
+
1ee2
1e-
1e+
abc
-
1e-
++1
1ee2
++1
1e+
0e
1e+
e10
0e
abc
-
++1
.
1e
+
abc
1e+
1e+
-
e10
1.2.3
1e-
0e
1e-
++1
1e+
--2
1e+
++1
--2
000.e
1e+
.
1e-
abc
1e+
0e
1e
++1
+
000.e
1ee2
abc
++1
1e
000.e
1.2.3
1.2.3
abc
abc
1e-
+
0e
abc
1e+
e10
++1
+
000.e
.
abc
e10
1e
1ee2
000.e
abc
.
.
1e+
000.e
000.e
+
-
+
000.e
+
++1
abc
-
abc
e10
1.2.3
e10
0e
--2
-
0e
1ee2
1.2.3
1e-
-
1e
.
1e+
abc
--2
1ee2
e10
1ee2
+
1ee2
+
--2
abc
++1
1e-
1e
.
-
--2
--2
abc
abc
1ee2
--2
1e-
+
--2
1.2.3
1e
++1
e10
1.2.3
++1
1e+
e10
1e+
000.e
e10
1e+
-
+
1e-
abc
++1
1e+
+
e10
e10
++1
1ee2
1e
abc
--2
0e
000.e
1ee2
1ee2
1.2.3
000.e
1e-
++1
e10
1e
1.2.3
0e
1e+
1e+
--2
1e-
000.e
+
1e-
1e-
1ee2
--2
abc
1e+
--2
++1
+
000.e
000.e
0e
.
1e-
0e
1.2.3
--2
1.2.3
1ee2
0e
0e
1.2.3
abc
.
.
1e+
1e+
1e-
++1
1e+
1ee2
--2
000.e
000.e
--2
1e+
+
-
abc
1e-
000.e
+
--2
abc
0e
e10
1e+
abc
0e
1e-
+
0e
.
.
1ee2
1.2.3
000.e
1ee2
1e-
abc
1e+
abc
1e-
abc
1e+
1e+
+
.
1.2.3
1.2.3
0e
--2
.
000.e
000.e
000.e
1e
+
-
1ee2
-
.
1e-
1e-
++1
.
.
1e-
--2
1e-
1ee2
1e+
1e
e10
++1
e10
1e-
abc
e10
-
1ee2
abc
000.e
abc
e10
abc
1.2.3
000.e
.
+
abc
000.e
1e
000.e
0e
+
abc
1e-
1e
-
1e-
1e+
.
0e
1e
-
--2
e10
-
--2
--2
0e
--2
1e
--2
+
000.e
.
--2
+
1e
--2
e10
+
1e+
1ee2
1ee2
1e
--2
1.2.3
e10
abc
.
-
abc
1e-
1ee2
1.2.3
--2
e10
1e-
--2
.
1e-
--2
1e-
-
0e
-
++1
1.2.3
000.e
+
abc
.
++1
1.2.3
1e
+
++1
--2
1e
1ee2
abc
000.e
+
--2
1.2.3
0e
1e+
0e
1.2.3
.
.
.
--2
++1
1e+
1e-
++1
.
++1
0e
e10
+
--2
1e+
000.e
0e
--2
1ee2
abc
-
1e+
.
--2
000.e
--2
-
-
1.2.3
abc
++1
1.2.3
-
0e
1e-
0e
1e-
1.2.3
-
e10
1ee2
1.2.3
1.2.3
abc
+
++1
.
++1
1ee2
--2
+
++1
-
++1
1e+
.
--2
000.e
++1
1e+
--2
000.e
+
1e
-
1e
1e-
++1
.
0e
.
.
0e
-
1e+
000.e
++1
+
000.e
1.2.3
-
++1
000.e
1.2.3
1e-
++1
1e-
0e
++1
1.2.3
1ee2
-
1e-
abc
+
.
-
abc
+
-
++1
++1
abc
abc
1e-
1e
--2
--2
1e+
000.e
-
--2
abc
1.2.3
1e+
--2
1e
e10
++1
1ee2
0e
-
-
++1
1e+
1e
-
abc
1e
++1
.
--2
1e-
e10
+
1e
1.2.3
-
--2
1ee2
--2
++1
1.2.3
+
1e
.
1.2.3
1.2.3
1.2.3
++1
1ee2
++1
+
.
1e+
.
1ee2
abc
.
1.2.3
++1
abc
1e-
0e
1e-
000.e
1e-
--2
1.2.3
0e
1e-
+
1e+
1e+
+
--2
+
abc
1e-
1.2.3
.
--2
-
-
--2
-
1e-
1ee2
--2
e10
1e-
000.e
1e
1.2.3
0e
1e
1e-
0e
0e
e10
abc
1ee2
000.e
1e-
1ee2
++1
++1
1e-
0e
++1
1e+
1ee2
-
0e
+
1ee2
1e-
--2
1ee2
abc
e10
++1
1.2.3
-
0e
.
--2
0e
1e
abc
1e-
0e
.
000.e
1e+
0e
--2
1ee2
1e+
1e-
0e
++1
--2
++1
1.2.3
.
++1
1e-
--2
1e+
1ee2
++1
1ee2
000.e
e10
--2
e10
1.2.3
abc
abc
1.2.3
1ee2
0e
++1
1ee2
1.2.3
1e+
1.2.3
1e+
-
e10
--2
--2
1e-
-
+
1.2.3
abc
000.e
++1
000.e
-
abc
--2
-
1ee2
1e-
e10
000.e
e10
0e
1e+
1ee2
+
abc
0e
1e
abc
000.e
.
+
0e
e10
++1
0e
1ee2
1.2.3
--2
000.e
000.e
-
000.e
++1
1e
1e-
-
0e
1e+
1e
e10
--2
e10
++1
000.e
--2
000.e
1e
0e
abc
.
.
1e+
e10
1.2.3
000.e
1ee2
1.2.3
+
1e-
000.e
1e
.
1e+
1ee2
e10
e10
1ee2
000.e
.
++1
++1
+
++1
abc
--2
1e-
1e+
1e+
0e
e10
e10
++1
000.e
.
1e+
0e
-
000.e
1e-
0e
++1
0e
1e-
-
.
1e
0e
1ee2
1e
1e-
1.2.3
++1
e10
1e-
000.e
1e+
.
.
abc
abc
1ee2
-
000.e
-
1e-
abc
++1
1e-
--2
--2
1e+
e10
++1
e10
1e
1e+
-
-
1e
1e+
+
+
0e
1e
-
-
1e
0e
000.e
--2
000.e
1e-
abc
0e
abc
1ee2
1ee2
000.e
-
000.e
-
1e-
1e
+
abc
1e-
1e+
++1
abc
+
1.2.3
0e
1ee2
1e
abc
1.2.3
1e-
abc
1e+
1e
1e
-
1ee2
e10
1ee2
+
1.2.3
1e+
1e-
.
1.2.3
e10
1e+
1e
--2
1e
0e
++1
.
.
-
+
0e
.
abc
+
0e
1.2.3
0e
e10
.
-
e10
abc
++1
000.e
+
1ee2
1e
1e-
1.2.3
1e
0e
1.2.3
.
e10
abc
0e
+
abc
1.2.3
-
abc
abc
++1
++1
++1
++1
000.e
--2
+
000.e
e10
1e
e10
1ee2
.
e10
1.2.3
+
abc
1e
1ee2
+
1e-
e10
abc
1e+
-
e10
1ee2
1.2.3
1.2.3
1ee2
1e
1e
-
++1
++1
++1
000.e
000.e
--2
1.2.3
1e-
1ee2
1.2.3
0e
1ee2
1ee2
abc
abc
.
000.e
.
1e
1e
abc
1ee2
1e+
0e
abc
-
1e+
.
000.e
+
1e+
--2
1ee2
abc
0e
1ee2
+
1ee2
1e
0e
abc
1e+
--2
1e
abc
1e-
1e-
.
.
--2
1e-
1.2.3
000.e
1e
+
1.2.3
0e
--2
--2
0e
.
1e
0e
0e
1e
1e-
.
+
1e
000.e
1e-
1e
--2
-
e10
++1
1e-
++1
++1
++1
1ee2
+
0e
1e+
-
0e
e10
1e-
++1
1.2.3
000.e
.
1e
1e-
e10
1e
-
1e-
1ee2
--2
++1
abc
+
000.e
--2
1e
1e
1ee2
+
1e
0e
0e
0e
--2
1e
abc
+
1e-
1.2.3
++1
1ee2
1e
--2
1e+
e10
e10
abc
1e+
1e
++1
-
++1
-
0e
++1
0e
1e
1e-
.
-
-
+
000.e
1e
1e+
-
++1
1ee2
abc
000.e
abc
1.2.3
1.2.3
1e+
abc
1e
1e-
++1
1ee2
-
.
000.e
+
1e
1ee2
e10
e10
1.2.3
0e
--2
1ee2
++1
000.e
-
1e
1e
1.2.3
e10
1.2.3
++1
1e+
--2
+
1e-
1e
++1
++1
1e-
++1
1ee2
1e-
e10
0e
000.e
++1
000.e
e10
--2
1ee2
1e
1e
.
1e+
0e
1e
-
0e
++1
1.2.3
0e
1e+
1e
-
000.e
abc
0e
1ee2
000.e
1ee2
.
++1
0e
0e
1e
abc
1.2.3
0e
-
+
+
abc
e10
abc
e10
.
++1
1e+
1.2.3
e10
1ee2
0e
+
000.e
abc
1e+
abc
1e+
.
+
abc
.
1e-
1e+
1e
abc
++1
e10
000.e
0e
1e-
000.e
-
++1
.
.
1ee2
1ee2
++1
1e+
1e-
++1
++1
+
1.2.3
1e+
++1
1e-
1ee2
++1
000.e
++1
--2
e10
0e
000.e
abc
-
--2
1e-
1ee2
1e
1e-
abc
0e
--2
0e
e10
1ee2
--2
0e
1.2.3
-
+
-
+
+
+
-
1e
++1
1e-
e10
.
1.2.3
1ee2
1e
1ee2
+
1e-
+
1.2.3
+
1ee2
e10
--2
.
1.2.3
1.2.3
.
000.e
--2
abc
.
1e+
++1
--2
-
1e-
+
1e+
+
1.2.3
1e+
1.2.3
1e-
0e
+
+
abc
1ee2
.
1ee2
000.e
1e+
1ee2
1ee2
abc
-
e10
1e+
1ee2
.
1e+
-
--2
.
abc
1ee2
1ee2
1.2.3
+
+
e10
1e+
e10
1e+
1ee2
e10
++1
.
1e+
1e-
+
abc
--2
+
1e
+
--2
.
e10
abc
-
1.2.3
--2
++1
--2
1.2.3
+
1e
1ee2
abc
-
000.e
.
++1
000.e
--2
e10
1.2.3
e10
-
+
--2
000.e
0e
1e-
1e+
-
1e+
1e-
++1
1ee2
1e+
1e+
-
000.e
000.e
1ee2
abc
.
abc
-
.
e10
1ee2
++1
1e+
1ee2
1ee2
1e
-
-
e10
0e
-
+
0e
abc
++1
1e+
e10
1e
abc
--2
1ee2
000.e
000.e
1e+
++1
0e
1e+
000.e
1e+
1e
.
000.e
-
1.2.3
0e
1e
+
e10
1e
1e-
+
abc
++1
--2
1ee2
.
1e-
1e
000.e
+
--2
1.2.3
+
1.2.3
-
000.e
+
.
++1
1ee2
+
1.2.3
abc
000.e
.
1e-
e10
--2
1e-
-
abc
.
e10
e10
.
1e-
+
1e+
abc
000.e
+
1.2.3
.
--2
abc
1ee2
-
--2
000.e
1e-
1e+
1.2.3
e10
.
--2
e10
1ee2
.
abc
1e
1ee2
1.2.3
000.e
--2
000.e
1e+
0e
abc
1e+
1e-
.
1e+
--2
1e-
1.2.3
1e+
+
e10
1ee2
.
++1
1ee2
e10
--2
+
1e
1.2.3
++1
abc
+
++1
abc
+
1ee2
.
e10
abc
0e
--2
abc
abc
1e+
.
1.2.3
.
+
.
++1
1.2.3
1e
++1
1ee2
1e+
1.2.3
1e
1ee2
--2
1e
++1
++1
abc
000.e
--2
1ee2
0e
000.e
1e-
0e
abc
1e
0e
-
1.2.3
++1
1e
++1
.
e10
abc
++1
000.e
1e+
e10
0e
1e
1ee2
+
1e
1ee2
1e
--2
1e
1.2.3
e10
1ee2
--2
.
+
-
000.e
-
1e+
1ee2
1e+
000.e
--2
1ee2
--2
1.2.3
abc
--2
0e
1e-
.
0e
0e
000.e
1e
1e
1e
.
abc
1e-
e10
1.2.3
abc
1e-
.
1ee2
--2
.
1e-
1e-
1e
--2
1e
+
.
e10
++1
++1
1e
abc
--2
000.e
+
1.2.3
000.e
e10
1e-
000.e
1e
1e
1e
e10
1e
0e
1e-
1.2.3
abc
0e
1e+
1e
0e
1e
e10
1e+
-
0e
abc
1e-
.
1.2.3
e10
0e
1e+
--2
abc
1.2.3
.
000.e
000.e
1ee2
1.2.3
1e+
+
++1
.
++1
1e-
1.2.3
0e
1.2.3
1ee2
abc
1e
.
+
abc
.
1e-
--2
+
0e
+
1e-
abc
++1
-
+
1e
+
--2
abc
000.e
1ee2
.
1.2.3
-
1e
1e
++1
-
.
1e
e10
.
1.2.3
1e-
1.2.3
-
0e
1e+
1ee2
abc
1ee2
1ee2
-
1e+
.
--2
e10
1e
--2
1ee2
.
1.2.3
1e-
abc
1.2.3
.
1.2.3
+
+
abc
1.2.3
++1
1e+
1e+
1.2.3
--2
1e+
1e-
1e-
e10
--2
.
1e
.
0e
0e
--2
0e
e10
1.2.3
e10
1e+
1e
000.e
+
1e
1ee2
.
+
1e
1.2.3
1e+
0e
1ee2
1e
000.e
++1
1e
1e-
e10
1.2.3
abc
0e
1.2.3
1ee2
1.2.3
1e+
-
+
1e-
+
e10
e10
000.e
-
+
e10
1ee2
abc
--2
+
abc
.
0e
1e-
++1
0e
1e+
--2
abc
-
1e+
1ee2
-
--2
1.2.3
1e
0e
e10
.
0e
1e-
--2
.
000.e
0e
1e+
e10
1ee2
000.e
.
--2
+
e10
1e+
1e
-
1e+
1e+
abc
-
1ee2
0e
000.e
e10
1e-
e10
000.e
e10
e10
abc
+
1e-
abc
++1
-
abc
.
-
--2
1e+
1ee2
.
1ee2
++1
++1
+
1e-
1ee2
.
++1
1.2.3
1.2.3
000.e
abc
1e+
1ee2
--2
1e-
+
abc
1e-
.
1ee2
-
+
-
0e
1.2.3
0e
abc
0e
1e
000.e
+
1e-
abc
--2
--2
1e
++1
.
000.e
1e+
-
++1
1e
++1
+
000.e
1ee2
+
.
e10
1ee2
--2
1.2.3
e10
+
++1
0e
-
abc
.
1e
++1
1e
1e+
--2
000.e
-
000.e
1e+
.
e10
1.2.3
-
abc
1e
1e-
000.e
++1
1e+
-
000.e
1e
0e
1e
-
--2
++1
1e
1e
1e-
abc
+
000.e
e10
--2
1e+
e10
e10
1e-
.
-
1.2.3
e10
1.2.3
1ee2
++1
1e
+
++1
-
+
1e-
e10
1e-
+
+
.
1.2.3
+
e10
-
.
++1
e10
1ee2
1e
1e+
0e
abc
--2
++1
++1
000.e
-
1.2.3
--2
1.2.3
000.e
e10
1e
+
1e-
0e
--2
--2
1ee2
1ee2
1e-
1e-
1e
++1
1e
++1
-
0e
--2
1ee2
1e-
000.e
abc
1e+
1.2.3
1e-
--2
1e-
0e
abc
abc
abc
.
1ee2
1e
-
000.e
e10
1e
000.e
-
1e+
.
--2
++1
+
++1
++1
1.2.3
1e
1e-
000.e
++1
0e
abc
e10
000.e
+
++1
abc
abc
0e
1e
abc
1e-
e10
000.e
0e
0e
--2
--2
abc
+
abc
-
1e+
1ee2
-
1e+
1e+
--2
1e+
.
.
-
.
.
1e
1e+
.
000.e
--2
abc
1e+
e10
.
0e
++1
1.2.3
1e
--2
++1
abc
.
1e+
++1
-
+
0e
1ee2
+
--2
000.e
.
e10
1e
0e
e10
1ee2
e10
++1
1ee2
1e-
1ee2
-
--2
+
abc
1e
1e
1.2.3
--2
1.2.3
++1
1ee2
1ee2
0e
e10
.
1e+
++1
+
1.2.3
1e-
1e+
1ee2
e10
000.e
1e
1.2.3
.
+
1ee2
1.2.3
+
-
1e+
+
1e+
e10
-
++1
+
0e
000.e
1ee2
1e-
++1
1e-
1e
--2
1.2.3
1e
-
.
0e
1ee2
1e+
abc
1e
e10
--2
000.e
1.2.3
1.2.3
++1
0e
1e
1e-
1e-
+
.
e10
1.2.3
+
0e
-
+
.
.
1ee2
-
1e
1e
abc
1e-
1e+
1.2.3
0e
1e
1.2.3
--2
++1
e10
+
++1
e10
abc
1e+
1ee2
abc
000.e
-
0e
1e+
--2
++1
+
abc
1e-
abc
1ee2
1e-
abc
000.e
1e
e10
e10
--2
000.e
1ee2
++1
++1
1ee2
1e
1ee2
1.2.3
000.e
1e-
+
--2
-
000.e
1e
1.2.3
abc
.
e10
.
--2
.
abc
1e-
abc
+
000.e
abc
1e+
1e+
--2
.
++1
.
1e-
1e+
abc
-
1.2.3
++1
000.e
1.2.3
000.e
1e
--2
1ee2
1.2.3
000.e
1e-
e10
-
1e-
e10
1e-
1e+
+
e10
1e-
abc
1ee2
0e
000.e
000.e
++1
1.2.3
1.2.3
1ee2
1e
1ee2
0e
1.2.3
+
1e+
1ee2
1e+
000.e
--2
1e+
--2
-
.
++1
--2
-
1e
+
1e-
1e
1e-
--2
e10
e10
e10
1e-
e10
1e-
000.e
-
abc
1e
++1
.
1e-
000.e
.
abc
--2
1e
--2
+
.
-
000.e
000.e
1e-
.
e10
.
++1
--2
000.e
.
e10
1.2.3
1e
1e-
0e
1.2.3
+
+
++1
1.2.3
1.2.3
+
+
000.e
1e+
++1
abc
--2
--2
--2
1e-
1.2.3
++1
1e
000.e
1e
e10
1.2.3
1e-
abc
e10
1e-
--2
++1
++1
-
-
1e
1e
1.2.3
--2
e10
000.e
0e
000.e
1ee2
abc
abc
abc
1ee2
0e
--2
0e
1e
000.e
abc
-
-
1ee2
1ee2
1e+
1e+
1ee2
1.2.3
1e+
1e-
1e
++1
1e+
+
-
1.2.3
.
1.2.3
000.e
1e
1ee2
1e-
1e+
1e+
--2
++1
1ee2
1.2.3
++1
+
++1
1e+
+
1e-
e10
--2
0e
.
1.2.3
1ee2
1ee2
000.e
abc
abc
1e-
.
+
0e
1e
--2
1.2.3
1ee2
1ee2
e10
1.2.3
0e
0e
+
1.2.3
0e
abc
1ee2
1ee2
1e-
1e
.
1e+
++1
1ee2
--2
1.2.3
+
1e+
1e-
0e
abc
abc
1e
.
+
1e-
000.e
1ee2
000.e
e10
1.2.3
000.e
e10
++1
e10
+
.
1.2.3
+
.
e10
.
1.2.3
1.2.3
1e-
e10
1ee2
1e-
000.e
1e-
1ee2
abc
+
1e+
-
.
1e-
1.2.3
1e-
1e-
1e-
1e
-
1.2.3
1e-
1.2.3
--2
1e
1.2.3
abc
000.e
++1
e10
--2
.
-
1ee2
++1
+
1e+
abc
1e-
1.2.3
--2
abc
0e
1e-
-
.
1e-
1e-
--2
e10
0e
+
1ee2
1.2.3
-
e10
1.2.3
1e
abc
e10
1e-
++1
1e+
++1
e10
+
+
1e
+
+
1ee2
1e-
.
1.2.3
-
++1
1.2.3
e10
e10
e10
e10
abc
1e-
1.2.3
1e
1.2.3
1ee2
++1
1e+
1e+
1.2.3
--2
1e
1.2.3
1e
1e
1.2.3
--2
++1
.
1ee2
1.2.3
1e+
000.e
++1
1.2.3
-
+
--2
-
1e-
1e
++1
0e
1e-
-
abc
++1
++1
.
.
.
1e
0e
1e
1ee2
--2
0e
1e-
1e-
1e-
1e
-
0e
1e-
1e-
1.2.3
1e
e10
+
--2
000.e
e10
0e
--2
++1
-
1e+
--2
1e
1e+
+
1ee2
1e
abc
1e+
000.e
1e-
1e-
--2
++1
+
1.2.3
1e-
e10
+
-
++1
-
1e+
000.e
-
+
1.2.3
-
000.e
1ee2
.
1.2.3
--2
1.2.3
1e
0e
1ee2
abc
-
abc
1.2.3
+
1e+
-
1.2.3
e10
1e-
--2
++1
000.e
1e+
-
.
1e
.
-
+
1e+
1e+
1.2.3
1.2.3
e10
1e-
1e+
abc
000.e
e10
-
-
1ee2
abc
1ee2
1e
1.2.3
1e-
.
1ee2
1ee2
abc
--2
++1
1e-
000.e
+
1ee2
abc
0e
++1
--2
-
1ee2
1e
000.e
0e
1.2.3
++1
1e
e10
1e
+
+
++1
--2
-
1e
1ee2
+
e10
e10
abc
0e
1ee2
1e+
--2
-
--2
0e
+
1e+
-
0e
+
-
e10
abc
1.2.3
e10
1ee2
++1
0e
.
1.2.3
000.e
1e
1e-
1e+
1e+
0e
--2
.
0e
-
abc
0e
-
-
1e-
1ee2
0e
e10
.
1e+
0e
--2
+
1e+
.
.
1e
1e+
.
.
e10
0e
1e-
1e-
1ee2
abc
.
.
1ee2
abc
1e-
e10
abc
-
abc
1ee2
e10
1e
1.2.3
.
000.e
000.e
1e+
000.e
+
1.2.3
.
1ee2
-
.
.
000.e
e10
-
000.e
+
abc
0e
1e+
1e+
1ee2
1e
000.e
.
1e+
+
1.2.3
e10
0e
e10
0e
1e
++1
1ee2
+
.
1e
--2
1ee2
1e+
e10
-
.
1.2.3
++1
-
-
1ee2
0e
1e
abc
1ee2
++1
e10
000.e
abc
1e+
e10
000.e
.
--2
+
++1
e10
1e
++1
1e+
e10
++1
1e-
1.2.3
0e
1.2.3
1.2.3
1e-
abc
++1
1.2.3
1.2.3
0e
1ee2
abc
+
-
+
+
0e
0e
1e-
1e+
+
--2
1e
++1
--2
000.e
.
1e-
1e
abc
1.2.3
.
--2
--2
1e+
-
abc
abc
++1
+
-
1e-
1e
e10
1.2.3
1e+
0e
abc
1e
1e-
abc
1e+
-
e10
--2
1e-
1e-
e10
000.e
1e+
1.2.3
1.2.3
0e
1ee2
1e+
abc
abc
1e
abc
.
1e+
abc
abc
--2
1.2.3
++1
+
1e-
abc
1.2.3
abc
.
1ee2
e10
-
-
1ee2
.
1e+
0e
1e
1e+
+
1.2.3
1.2.3
.
0e
+
--2
--2
abc
1ee2
-
000.e
e10
abc
+
1e
000.e
-
-
--2
1ee2
1ee2
1e-
-
++1
0e
e10
+
1e
abc
1.2.3
1.2.3
0e
1ee2
e10
e10
e10
e10
e10
--2
1ee2
+
1ee2
e10
1e-
1e+
1e
1e+
--2
1e
+
--2
1.2.3
0e
abc
.
--2
1e+
1e
1.2.3
1.2.3
+
000.e
--2
--2
abc
e10
000.e
1e-
abc
++1
1e+
+
1.2.3
e10
--2
-
abc
1e
.
+
1e
e10
e10
e10
1e-
--2
1.2.3
1ee2
1e-
1e-
++1
--2
-
-
1.2.3
1e-
-
1e+
e10
abc
++1
e10
000.e
000.e
1e+
+
e10
000.e
--2
0e
1e+
-
1e
abc
.
000.e
++1
++1
0e
1e-
1e-
1e-
++1
1e-
-
abc
--2
.
++1
+
abc
1e+
abc
+
+
.
1ee2
1ee2
1e
000.e
++1
abc
+
--2
1e-
abc
1e+
abc
1e-
0e
1e+
000.e
+
-
e10
1ee2
1e+
0e
1e+
1e
abc
0e
1ee2
+
1.2.3
abc
abc
--2
abc
1e-
--2
.
1e+
abc
1ee2
e10
.
1e+
-
abc
1e-
++1
1e-
1.2.3
+
abc
0e
.
.
1e+
e10
1e+
1e
1.2.3
abc
1ee2
-
1e+
0e
e10
abc
000.e
0e
1e
1ee2
1e
000.e
0e
-
--2
-
1e
+
e10
.
-
1.2.3
1ee2
000.e
1e
abc
1e-
e10
1.2.3
1e-
--2
++1
1e
++1
000.e
abc
++1
-
-
1e
0e
++1
1.2.3
++1
--2
--2
.
000.e
000.e
.
1e-
0e
e10
1ee2
1e
--2
1e
1e-
++1
-
1e+
1ee2
1e+
abc
1.2.3
e10
e10
1e-
++1
000.e
++1
1ee2
++1
1e
1e-
1e+
1e
0e
.
+
e10
1e-
e10
abc
1e
--2
abc
+
0e
0e
e10
0e
1.2.3
++1
1.2.3
1e-
-
1ee2
+
abc
1e
abc
1.2.3
1e+
1e-
abc
--2
+
1e
1.2.3
abc
abc
-
.
1.2.3
1e-
1e-
1ee2
--2
abc
0e
1e
+
--2
abc
1e+
-
+
++1
1e
abc
e10
--2
1.2.3
-
--2
+
000.e
1ee2
1.2.3
e10
--2
0e
--2
000.e
+
--2
e10
1.2.3
++1
.
.
-
1.2.3
-
1ee2
+
1e-
000.e
-
-
1e+
1e+
000.e
--2
1e-
e10
--2
++1
-
1e
0e
.
1.2.3
-
abc
abc
e10
1e
1.2.3
.
1.2.3
1.2.3
-
1.2.3
e10
1.2.3
0e
+
1e
1.2.3
+
+
.
1e+
e10
1e
e10
e10
0e
abc
++1
abc
1e+
+
000.e
000.e
e10
--2
1e+
1ee2
+
++1
1e-
1ee2
0e
+
000.e
1e-
0e
abc
+
abc
abc
e10
++1
1.2.3
1e+
--2
++1
-
e10
++1
--2
000.e
.
--2
0e
1e+
e10
000.e
1ee2
0e
1e+
abc
abc
-
0e
++1
0e
1.2.3
1e-
000.e
-
1.2.3
e10
++1
1.2.3
0e
abc
1ee2
1.2.3
1.2.3
1e
--2
1.2.3
000.e
.
0e
0e
000.e
--2
1.2.3
1ee2
1e
+
--2
1e
1.2.3
abc
1ee2
.
1ee2
abc
0e
0e
-
0e
e10
abc
1e+
0e
.
--2
1e-
1.2.3
+
-
+
1e-
1e+
++1
++1
e10
1ee2
000.e
.
1e
0e
.
abc
1e+
0e
abc
1.2.3
-
.
000.e
0e
1.2.3
abc
abc
--2
-
e10
1ee2
.
abc
1.2.3
-
abc
abc
++1
-
++1
e10
++1
1e-
1.2.3
e10
+
e10
abc
++1
e10
e10
1.2.3
+
.
--2
abc
1e
1.2.3
e10
1ee2
1e
e10
--2
1e+
1.2.3
1e-
abc
1.2.3
1ee2
000.e
e10
abc
+
-
-
1e
1.2.3
1ee2
abc
--2
.
e10
1e
++1
abc
abc
.
0e
abc
e10
000.e
++1
e10
1e-
+
++1
-
1ee2
.
e10
--2
1ee2
e10
+
e10
1.2.3
0e
++1
++1
1.2.3
1e-
1e-
1e
1e-
1.2.3
1.2.3
000.e
++1
+
1e
e10
--2
1e
1e
++1
--2
000.e
1.2.3
0e
+
1e-
+
1ee2
1e
+
1e+
e10
1ee2
e10
1ee2
1ee2
-
000.e
--2
0e
1ee2
abc
--2
.
--2
1e+
1ee2
--2
1.2.3
1ee2
1.2.3
-
0e
0e
1e-
.
1e
e10
1.2.3
0e
+
.
abc
e10
e10
abc
0e
--2
1e+
1ee2
1e-
1e+
-
.
1e-
1e
1e
+
-
--2
1.2.3
abc
1ee2
1ee2
1e
e10
1ee2
1.2.3
++1
.
1e
1.2.3
1e-
abc
1.2.3
++1
1ee2
e10
+
1.2.3
e10
.
0e
++1
1e+
e10
0e
-
abc
abc
++1
1.2.3
++1
1.2.3
1e
000.e
1e+
000.e
++1
-
abc
abc
-
1e
000.e
1e
1.2.3
+
+
0e
abc
+
1e-
--2
+
--2
-
000.e
e10
abc
1.2.3
1e
1e
--2
--2
1e-
abc
+
000.e
0e
++1
0e
0e
abc
1e+
.
e10
1e+
-
e10
000.e
abc
1e-
0e
.
1ee2
abc
1e-
-
000.e
e10
1e
++1
--2
1.2.3
-
e10
1e+
1ee2
1e
000.e
1e-
1ee2
1e
1e-
-
1.2.3
+
+
.
.
abc
e10
++1
000.e
1e+
++1
0e
000.e
-
.
--2
+
++1
abc
+
0e
000.e
e10
1e+
+
.
0e
1e-
+
--2
++1
1e+
abc
.
000.e
1ee2
000.e
--2
--2
1e+
0e
++1
e10
1.2.3
.
000.e
e10
--2
1e
-
1e
.
0e
e10
+
.
-
1.2.3
0e
1ee2
.
1e-
1ee2
1e+
-
1e
1e
++1
++1
.
1e-
1ee2
e10
--2
1e+
++1
1e+
abc
1e+
1e
1e+
1e+
0e
.
1e+
e10
e10
1.2.3
000.e
.
1.2.3
+
1e
--2
1.2.3
+
1e+
1e+
.
--2
0e
1e+
1e-
.
1e-
1e
1e-
1e
1e
0e
-
1ee2
0e
+
1e+
abc
1e+
1ee2
1e
1ee2
1.2.3
1e-
e10
--2
e10
0e
1e-
++1
--2
e10
1e-
-
+
.
e10
.
1ee2
0e
-
000.e
--2
++1
1e+
1ee2
abc
000.e
1.2.3
e10
0e
+
--2
.
.
1e-
1e-
1e
++1
+
e10
1e
abc
0e
1e
-
1e+
000.e
1ee2
1e
e10
1.2.3
abc
1e-
e10
1e
000.e
+
1e+
.
+
1e-
-
-
e10
1e
abc
0e
1.2.3
+
.
--2
1e-
000.e
-
abc
0e
1.2.3
abc
e10
1e-
-
000.e
1ee2
1e
abc
.
-
1.2.3
0e
e10
e10
0e
1ee2
1e
++1
1e-
-
++1
000.e
abc
--2
e10
+
1e-
-
000.e
1e-
1ee2
1.2.3
-
.
1e-
--2
1.2.3
abc
-
++1
000.e
e10
.
0e
-
0e
e10
1e+
-
e10
-
1ee2
-
1ee2
++1
0e
.
++1
1e+
-
e10
-
e10
000.e
.
1ee2
-
0e
++1
1e
1ee2
000.e
--2
-
1ee2
1.2.3
1e+
1ee2
1.2.3
--2
e10
e10
abc
000.e
1e
++1
1e+
1ee2
1.2.3
1e+
+
++1
1e-
1ee2
e10
1ee2
e10
+
--2
0e
++1
0e
1e-
abc
abc
1e+
-
1.2.3
abc
-
--2
1ee2
1e-
000.e
.
++1
abc
1e
+
.
abc
+
e10
abc
000.e
e10
.
1e+
-
abc
000.e
0e
--2
000.e
1e
++1
0e
1e+
.
1ee2
1.2.3
e10
--2
abc
000.e
1.2.3
e10
1e+
1ee2
0e
-
-
0e
1e-
.
1ee2
.
--2
1.2.3
1ee2
1.2.3
abc
.
1e+
1ee2
.
+
.
+
1.2.3
++1
abc
1.2.3
1.2.3
0e
1.2.3
.
1e
000.e
1e-
++1
.
000.e
0e
1.2.3
1.2.3
1ee2
-
--2
1.2.3
0e
--2
1e-
abc
.
--2
.
1e-
1e
1e+
--2
000.e
1.2.3
1.2.3
-
0e
1e-
--2
0e
++1
0e
1e+
1e
++1
.
--2
-
1e+
1e
1e-
.
0e
e10
1ee2
1e+
--2
+
1e
--2
e10
abc
000.e
0e
abc
--2
000.e
1e-
1ee2
000.e
.
e10
1e-
-
000.e
000.e
abc
1e+
1e+
1e+
++1
1e-
1e+
1.2.3
+
--2
0e
++1
abc
--2
1.2.3
-
++1
.
abc
1e+
--2
1e
++1
000.e
.
++1
1e-
++1
.
++1
++1
abc
++1
000.e
-
++1
000.e
-
000.e
1e-
.
0e
.
+
abc
e10
1e
0e
e10
1e+
-
+
-
.
.
1ee2
1e-
1ee2
--2
abc
1e-
1e
1e+
000.e
++1
e10
-
1e
e10
-
1e+
e10
1ee2
1e+
--2
1ee2
++1
+
0e
+
000.e
1e
abc
000.e
1ee2
1e
.
1e
abc
--2
--2
-
-
1e-
+
0e
abc
1e
1.2.3
0e
+
1.2.3
1e
--2
.
1e-
+
e10
--2
1e-
-
abc
0e
1e+
-
-
abc
.
.
-
abc
1ee2
--2
1e-
+
1e-
1ee2
1.2.3
1ee2
000.e
+
000.e
.
++1
1ee2
1e-
1e-
0e
abc
++1
1e-
1ee2
.
1e
1e+
.
+
-
1.2.3
abc
1.2.3
000.e
++1
--2
--2
1.2.3
1ee2
.
1.2.3
-
1e-
1ee2
-
1e+
1e
1e-
1.2.3
-
++1
1e-
e10
1.2.3
++1
++1
1.2.3
1e
--2
1e+
abc
-
1e
-
1.2.3
--2
0e
-
-
1e-
abc
e10
1ee2
+
1e-
-
1e-
1e
-
e10
1ee2
.
1.2.3
.
1.2.3
0e
+
e10
.
1e
1.2.3
abc
.
1e+
--2
--2
e10
1e-
e10
1ee2
.
000.e
e10
1e+
1e
1ee2
+
-
000.e
e10
.
1ee2
abc
1ee2
1ee2
1e
.
.
.
1e+
1.2.3
1e+
+
0e
1e-
1e
e10
.
1ee2
--2
1e
0e
++1
-
0e
000.e
abc
--2
++1
+
abc
0e
e10
e10
++1
1ee2
+
0e
++1
1.2.3
-
abc
-
1e-
+
0e
-
e10
--2
1.2.3
-
abc
0e
e10
1.2.3
+
e10
1e+
1e
0e
abc
1e+
1e+
+
1e
1ee2
--2
+
-
0e
e10
000.e
1.2.3
+
+
1e-
++1
1e
1e-
-
-
abc
0e
1e
1e+
1ee2
.
++1
--2
.
1ee2
1.2.3
+
-
1e
--2
-
1.2.3
1e+
1ee2
-
--2
-
1e+
1e
-
0e
1e-
--2
-
0e
-
-
1e-
1e-
1e
1e
abc
++1
++1
++1
.
0e
.
1e-
+
e10
.
--2
++1
abc
++1
abc
000.e
+
1ee2
--2
++1
e10
1.2.3
-
0e
1ee2
++1
e10
e10
1ee2
-
1e-
-
.
+
1e
e10
e10
.
1.2.3
-
--2
1e
--2
1.2.3
1ee2
000.e
0e
--2
1e+
-
+
1e-
1e
e10
-
-
+
1e+
1ee2
e10
1ee2
1e+
++1
abc
+
1.2.3
0e
1ee2
e10
000.e
.
--2
e10
abc
--2
.
abc
++1
0e
-
abc
--2
1ee2
0e
.
.
++1
1e-
0e
0e
+
1ee2
1ee2
0e
++1
++1
+
-
-
1e-
-
0e
0e
++1
--2
--2
++1
.
1e+
-
1e+
1.2.3
--2
e10
1e
--2
.
1e+
abc
1e
abc
--2
--2
000.e
.
1ee2
1.2.3
-
abc
.
1e
-
--2
1e-
1ee2
1e
1e-
--2
1ee2
1.2.3
1ee2
abc
+
+
+
1e
1e-
000.e
.
1e
000.e
1e
.
0e
.
1.2.3
+
+
+
-
++1
1.2.3
.
1e-
1.2.3
1e-
+
.
--2
000.e
1e
+
--2
--2
++1
--2
1ee2
++1
.
1.2.3
1ee2
0e
+
1ee2
++1
abc
-
000.e
--2
000.e
++1
-
0e
1ee2
1e-
abc
e10
+
-
+
-
-
e10
-
+
--2
000.e
--2
000.e
.
1e
.
e10
.
.
1ee2
1ee2
1e-
1ee2
.
1ee2
0e
1e
000.e
.
1e
+
1e+
000.e
++1
0e
.
000.e
abc
abc
--2
.
0e
0e
1e+
-
1e-
++1
1.2.3
0e
e10
abc
1e-
000.e
1e-
++1
-
++1
++1
1.2.3
e10
1.2.3
--2
+
e10
0e
--2
++1
1.2.3
--2
1ee2
1e-
.
1e-
e10
1.2.3
+
+
--2
1.2.3
e10
--2
+
.
-
++1
e10
1e
e10
e10
1e+
e10
-
000.e
+
1e+
abc
1e
+
000.e
.
1ee2
-
1e
1.2.3
--2
+
1.2.3
1e-
000.e
-
e10
0e
--2
1.2.3
+
e10
.
+
e10
1e+
-
1e-
.
-
1ee2
-
--2
abc
++1
1e-
--2
000.e
e10
++1
0e
-
1ee2
1ee2
1e
000.e
1e-
e10
1ee2
1e-
1e-
1ee2
1e
-
1e
1e-
1.2.3
-
++1
1ee2
++1
abc
1ee2
++1
000.e
1e+
1e+
1e-
1ee2
++1
1e
1.2.3
1.2.3
000.e
1e-
++1
.
-
abc
1.2.3
000.e
1.2.3
+
e10
abc
1.2.3
1e-
--2
-
--2
1e-
-
++1
1e-
-
+
-
e10
abc
000.e
000.e
abc
1ee2
abc
--2
1ee2
0e
-
++1
+
e10
000.e
abc
--2
1ee2
1.2.3
.
e10
e10
1ee2
1ee2
-
++1
e10
++1
++1
--2
1e
1.2.3
1ee2
000.e
++1
1ee2
1.2.3
abc
+
1.2.3
1e
1ee2
1e+
e10
1e-
1e
e10
000.e
1e
abc
1.2.3
000.e
e10
e10
+
1e
e10
1ee2
e10
abc
1e-
1e-
e10
000.e
1.2.3
--2
1ee2
++1
1e+
-
1e+
1e-
0e
000.e
++1
--2
-
+
1.2.3
-
++1
++1
0e
.
+
1e-
-
e10
000.e
1.2.3
e10
1.2.3
.
1e
+
000.e
.
.
1e-
.
1e
++1
1.2.3
-
0e
1ee2
1e+
-
1.2.3
--2
+
0e
+
1ee2
1e-
1e
1.2.3
000.e
.
e10
--2
--2
1ee2
1.2.3
abc
1e-
.
e10
1.2.3
.
000.e
0e
+
1.2.3
.
-
--2
1.2.3
0e
-
++1
1ee2
abc
1.2.3
.
.
--2
0e
.
.
.
.
000.e
1e-
--2
--2
+
abc
0e
abc
.
1e+
1ee2
1e
e10
e10
e10
000.e
++1
000.e
++1
++1
abc
1e+
1e
abc
++1
-
0e
0e
abc
1e+
--2
-
1e+
1e+
.
-
++1
--2
1e
1e
-
+
++1
1ee2
--2
abc
--2
1e+
++1
1ee2
1.2.3
--2
abc
000.e
1e+
1e+
.
1e+
-
000.e
e10
e10
.
1e-
0e
000.e
--2
0e
1ee2
000.e
--2
abc
1ee2
+
1e-
0e
abc
++1
-
e10
abc
+
1e+
1e-
-
--2
-
1e-
+
0e
e10
-
-
0e
-
e10
--2
e10
-
abc
--2
e10
++1
1e-
1e
--2
+
1e-
+
000.e
1e-
abc
-
-
1e
+
1e
000.e
000.e
1.2.3
1e
--2
--2
--2
1ee2
abc
000.e
++1
e10
1.2.3
++1
--2
000.e
1e-
000.e
-
1.2.3
000.e
++1
000.e
1e+
1.2.3
1e-
++1
e10
-
1ee2
-
++1
1e
1e+
.
1e+
1ee2
0e
-
1e+
1.2.3
.
++1
000.e
-
.
+
++1
1.2.3
e10
++1
1e
e10
.
0e
+
abc
e10
e10
1ee2
1.2.3
--2
1e
-
0e
+
1.2.3
000.e
1e
1e+
0e
1.2.3
1.2.3
e10
0e
.
.
.
1e
1e
abc
1e-
.
-
1e
1ee2
1ee2
1e
1e+
--2
+
.
1e+
1ee2
++1
1e+
0e
+
++1
-
1e
1e-
--2
1e
e10
e10
+
1e+
+
++1
1.2.3
++1
0e
1.2.3
e10
.
1e-
0e
1ee2
.
0e
++1
1.2.3
000.e
-
++1
e10
000.e
abc
1e+
1e
1e-
1e+
.
e10
1e
e10
1e-
abc
0e
1e+
+
1.2.3
+
1.2.3
+
0e
--2
0e
000.e
0e
++1
1ee2
1e
+
e10
e10
1e
-
1e-
1ee2
1ee2
000.e
e10
++1
1e+
1.2.3
-
000.e
--2
000.e
1ee2
1e-
1e-
.
-
1e+
000.e
-
000.e
+
+
0e
000.e
abc
-
1ee2
++1
1ee2
-
++1
1e-
e10
1e+
.
000.e
1ee2
1.2.3
abc
abc
--2
1ee2
abc
1e+
+
0e
e10
1.2.3
-
+
.
1e-
1e
abc
+
1e+
1ee2
.
++1
abc
abc
abc
e10
e10
1e
+
1.2.3
1e+
.
e10
--2
+
-
1e
abc
+
+
+
e10
1.2.3
1e-
abc
abc
1.2.3
abc
abc
000.e
1.2.3
++1
1.2.3
000.e
1e
1ee2
abc
e10
.
--2
000.e
1ee2
1e-
+
.
abc
++1
--2
e10
--2
-
1e
1e
1e-
0e
1.2.3
1ee2
1.2.3
++1
1ee2
e10
000.e
000.e
++1
0e
0e
1ee2
.
++1
1ee2
.
1.2.3
1.2.3
++1
.
000.e
1.2.3
1e-
e10
++1
-
1.2.3
1e+
1ee2
abc
1.2.3
abc
.
000.e
000.e
1e
1e-
1e-
--2
e10
000.e
000.e
abc
1e-
++1
.
-
1e-
.
-
.
-
++1
-
++1
1e
+
1e
1ee2
1e-
abc
-
1e+
1.2.3
-
1e-
e10
++1
e10
000.e
++1
1.2.3
+
1e
abc
-
++1
0e
1e-
0e
0e
abc
0e
e10
++1
++1
abc
1ee2
.
--2
000.e
1e+
0e
.
1e+
.
-
+
--2
000.e
abc
1e-
abc
+
e10
+
1ee2
0e
1e-
--2
1.2.3
0e
--2
.
abc
1e+
e10
1e+
1.2.3
1e
1.2.3
++1
abc
e10
+
0e
1e
e10
1e+
000.e
1e
1e+
000.e
--2
1.2.3
1e+
abc
-
abc
--2
1.2.3
.
1ee2
1.2.3
1e-
e10
0e
-
1ee2
++1
000.e
000.e
1ee2
000.e
+
-
1e+
++1
e10
1e-
1e
.
.
1.2.3
--2
e10
+
1.2.3
abc
0e
.
1ee2
.
abc
.
1e-
1.2.3
1e-
1e
++1
+
1ee2
abc
--2
-
1e
1e+
+
1ee2
1e+
abc
1e-
++1
++1
1ee2
000.e
1e-
--2
1e
1e
abc
abc
++1
-
1e
.
++1
e10
1e+
-
1ee2
.
000.e
.
1.2.3
abc
abc
e10
-
1e-
abc
-
-
abc
-
1.2.3
--2
+
++1
1ee2
0e
1e+
++1
000.e
e10
1.2.3
+
.
000.e
-
1e-
1ee2
0e
1ee2
-
-
1ee2
--2
1e
+
.
1e
.
1ee2
e10
1.2.3
1.2.3
--2
1e
--2
.
++1
1e+
0e
1e+
.
++1
1e
e10
1.2.3
1e+
1ee2
1.2.3
1e-
1e-
1e
.
1e+
++1
e10
abc
1e+
0e
0e
.
e10
abc
000.e
1ee2
--2
abc
-
1e
e10
1e-
--2
1e
++1
++1
.
--2
0e
1.2.3
+
1e-
000.e
-
1e-
1.2.3
-
1e-
1e-
000.e
1e
1e
--2
1ee2
.
1.2.3
1e
-
000.e
-
--2
.
0e
--2
e10
1e
--2
1e
abc
+
--2
1e
1e
++1
0e
1e
000.e
abc
abc
--2
1e+
1e-
.
--2
1e+
.
.
-
1.2.3
+
1e-
abc
1ee2
++1
++1
1e
+
1e+
1.2.3
1.2.3
000.e
0e
-
1e
1.2.3
+
--2
1.2.3
--2
0e
1e+
abc
000.e
000.e
abc
1.2.3
1.2.3
1ee2
1e
+
e10
++1
e10
abc
e10
abc
-
1e-
+
++1
1.2.3
000.e
1e
1.2.3
+
--2
000.e
abc
abc
1.2.3
1e-
-
--2
1.2.3
e10
1e
1e
0e
++1
1ee2
++1
1.2.3
e10
000.e
e10
++1
1.2.3
.
+
e10
++1
0e
e10
1e-
000.e
+
abc
1e
e10
1.2.3
1e+
0e
1e-
1.2.3
1.2.3
--2
0e
+
0e
1e
0e
0e
1e+
--2
0e
1.2.3
1ee2
1.2.3
1e+
e10
++1
1ee2
1ee2
-
abc
1.2.3
+
1ee2
+
--2
abc
e10
.
000.e
1e+
++1
+
1e+
1e
0e
000.e
1e+
+
abc
1e+
0e
1e-
-
e10
--2
--2
0e
1e+
1.2.3
+
+
abc
++1
++1
1e-
1.2.3
++1
1ee2
++1
1e-
1.2.3
1.2.3
1ee2
--2
1e-
++1
1e
++1
1e-
1ee2
000.e
1e
++1
000.e
e10
e10
1.2.3
1e-
abc
1ee2
1e-
-
--2
.
e10
1e+
abc
1.2.3
-
1e
1e+
+
0e
abc
1ee2
1e+
000.e
.
+
+
1e-
++1
1e
.
1e-
--2
1e+
+
000.e
1.2.3
--2
++1
1ee2
000.e
+
000.e
e10
.
1e+
000.e
++1
1e-
1ee2
1.2.3
0e
1e+
-
000.e
0e
1ee2
1.2.3
1ee2
.
000.e
++1
0e
1e+
1e+
1.2.3
-
e10
1ee2
--2
e10
000.e
-
1ee2
1e
abc
000.e
000.e
--2
1.2.3
--2
1.2.3
++1
000.e
-
1e
--2
abc
e10
+
0e
1e-
abc
++1
abc
++1
+
-
+
1e+
e10
000.e
e10
--2
.
1.2.3
1e-
0e
e10
1.2.3
+
1ee2
++1
1e-
1.2.3
-
--2
1e-
1e+
abc
0e
000.e
-
000.e
--2
++1
e10
+
0e
1e+
1ee2
++1
1.2.3
1.2.3
+
.
abc
0e
.
abc
.
1e+
abc
1ee2
1ee2
abc
-
abc
-
1e-
e10
abc
--2
1e
000.e
abc
e10
-
++1
1e
1e+
++1
1.2.3
.
abc
.
1ee2
1.2.3
e10
1e-
-
+
1e
+
abc
.
1.2.3
1.2.3
+
e10
1.2.3
-
-
.
1ee2
1ee2
1e+
++1
1e+
1e
-
1e+
1e-
e10
.
abc
.
++1
000.e
e10
000.e
1ee2
+
000.e
1ee2
1.2.3
+
000.e
1ee2
1e-
-
++1
-
1e-
--2
0e
--2
e10
.
1.2.3
1e+
e10
000.e
1.2.3
-
0e
000.e
e10
000.e
1e
--2
++1
.
--2
.
++1
1e+
e10
e10
1e-
e10
-
--2
--2
000.e
-
--2
abc
e10
--2
1e
abc
e10
000.e
000.e
+
000.e
000.e
000.e
-
0e
e10
1e+
-
1e-
++1
abc
1.2.3
1e
e10
000.e
1ee2
000.e
abc
.
--2
1e-
-
1e
1e+
--2
0e
1e+
++1
1e-
++1
1ee2
.
++1
0e
--2
0e
e10
1.2.3
1e-
1ee2
-
abc
1e+
-
0e
e10
+
0e
0e
1e-
1.2.3
000.e
0e
1e-
000.e
e10
1ee2
e10
.
+
0e
1ee2
abc
1e+
-
e10
++1
000.e
abc
--2
--2
000.e
1ee2
1.2.3
-
1e
0e
0e
1e-
e10
0e
1ee2
1.2.3
1.2.3
0e
1e-
1e
1e-
-
0e
--2
.
000.e
1e+
++1
1e
.
1e-
1e-
1e
-
1e
+
1e
--2
++1
+
+
0e
1ee2
e10
e10
++1
-
1e
e10
+
1e+
1.2.3
1ee2
-
000.e
+
-
++1
1.2.3
.
1e+
+
1e+
.
+
1ee2
++1
1e
-
++1
abc
1e+
.
1.2.3
abc
1e-
+
e10
1ee2
--2
abc
abc
1e
000.e
+
.
1e-
1e-
1.2.3
abc
--2
e10
abc
e10
1e
1e-
1ee2
1e
--2
1e
1.2.3
000.e
1e
+
1e
-
++1
.
0e
000.e
0e
abc
++1
000.e
1.2.3
-
1e-
1e+
--2
1ee2
--2
1e
.
1e+
1e+
0e
1e
abc
--2
1e-
0e
-
1e-
abc
-
++1
000.e
1.2.3
++1
abc
1ee2
+
--2
1e
.
abc
e10
++1
--2
e10
--2
1ee2
-
++1
1e-
--2
e10
abc
1e+
1ee2
+
0e
.
0e
000.e
++1
1ee2
++1
1e
1e+
1e+
e10
abc
1ee2
0e
.
0e
1e-
1ee2
++1
0e
e10
1.2.3
-
++1
1.2.3
1e+
++1
-
1e-
abc
1e+
1e
000.e
000.e
1.2.3
1e-
e10
1ee2
-
0e
0e
1ee2
.
.
1e-
1e+
++1
--2
1e+
000.e
1e+
000.e
000.e
1ee2
000.e
1e-
1e
e10
e10
-
--2
e10
1e+
--2
-
000.e
.
1e
0e
-
++1
++1
1e+
abc
0e
1e
1.2.3
+
1ee2
abc
000.e
000.e
abc
-
e10
--2
abc
1e-
++1
++1
.
abc
.
1.2.3
-
0e
000.e
e10
000.e
1e
-
000.e
0e
1e+
1e
1e+
0e
1e-
1e+
1.2.3
+
1e+
abc
.
abc
1e-
1e-
abc
1ee2
1e-
--2
1e+
.
1.2.3
+
1e-
1.2.3
000.e
1e+
000.e
1e-
-
0e
+
0e
--2
1e+
1ee2
.
000.e
--2
abc
abc
1e+
1e-
1.2.3
abc
1ee2
1e
--2
1e+
1ee2
1e+
abc
1e+
0e
-
--2
1e+
++1
1.2.3
1ee2
0e
abc
000.e
+
1e-
1e+
+
1e
.
abc
.
e10
0e
+
+
--2
abc
1e
+
1e
1e+
abc
+
.
+
1.2.3
.
1e+
-
abc
0e
1e-
1e+
1e-
1ee2
+
0e
-
1e-
1e+
0e
+
1.2.3
000.e
-
1e+
000.e
+
1.2.3
+
++1
1e-
++1
1e
1ee2
1.2.3
1e-
0e
1e
1e+
+
1e+
1ee2
abc
1ee2
1ee2
1e-
e10
1.2.3
1ee2
-
abc
1e-
++1
-
0e
0e
--2
1e+
1e
1e+
--2
--2
1ee2
1e
e10
-
1ee2
abc
1.2.3
.
.
0e
1e+
0e
--2
++1
.
1.2.3
1ee2
0e
++1
+
-
1ee2
000.e
000.e
+
.
000.e
000.e
+
000.e
+
1e-
1e-
1ee2
1e+
+
1e
1e
1ee2
-
1.2.3
.
1ee2
000.e
.
1ee2
+
++1
-
1e
1e-
1.2.3
1e-
1.2.3
1e+
1.2.3
0e
1e
.
1e
-
--2
--2
.
1ee2
abc
abc
1e+
++1
abc
++1
000.e
-
-
1e
1e-
1e
+
1e+
.
1.2.3
--2
1ee2
1e
1e
000.e
-
1.2.3
e10
e10
1.2.3
1ee2
1.2.3
0e
--2
++1
1e+
+
1e+
.
.
abc
.
000.e
1e
.
-
+
000.e
abc
1e-
1e-
1e-
1ee2
--2
1e+
abc
1.2.3
0e
0e
1e
000.e
1ee2
1.2.3
1e+
abc
+
-
+
1.2.3
.
--2
1e
abc
1e+
e10
1e
.
1e
000.e
++1
000.e
000.e
e10
+
1e
++1
abc
1e+
+
e10
--2
.
000.e
1e-
abc
abc
++1
.
e10
1.2.3
1e+
e10
e10
0e
-
e10
e10
++1
++1
++1
000.e
+
--2
-
abc
1e
1ee2
0e
1e-
e10
--2
-
0e
1e-
-
1.2.3
abc
e10
1.2.3
1ee2
+
++1
1e-
++1
+
-
1e+
1e-
.
1.2.3
1e+
e10
0e
e10
0e
abc
abc
0e
0e
--2
--2
++1
.
.
.
+
1e-
1e-
1e-
1e+
0e
1e
0e
--2
000.e
1e
1e+
-
.
.
+
1.2.3
+
1e+
1.2.3
-
1.2.3
1e
1e-
1ee2
000.e
-
e10
-
abc
+
0e
.
++1
e10
-
1e
e10
abc
1e
abc
1e
0e
.
1e
+
abc
1e
1ee2
.
.
1.2.3
-
1.2.3
abc
abc
-
1e
e10
000.e
+
-
+
-
1e+
1ee2
1ee2
1ee2
abc
--2
+
.
1e
1ee2
1e
0e
--2
1ee2
000.e
abc
000.e
1ee2
0e
1e
.
++1
-
000.e
e10
.
+
.
++1
0e
++1
000.e
++1
e10
1e-
-
abc
--2
e10
e10
1.2.3
-
1ee2
++1
-
-
-
.
++1
e10
-
e10
1.2.3
1.2.3
+
abc
+
.
000.e
abc
.
000.e
1e+
000.e
e10
abc
-
e10
e10
-
1e+
+
--2
abc
1.2.3
abc
1ee2
--2
0e
e10
+
1e+
000.e
e10
--2
1.2.3
--2
e10
1e-
+
-
abc
--2
e10
-
.
1e-
--2
1e+
1e+
++1
0e
1e+
+
1e-
--2
1e
e10
1e+
000.e
1ee2
1e
.
e10
abc
1e+
0e
1e
-
000.e
0e
+
1e-
.
1ee2
1e
0e
000.e
0e
++1
--2
1e-
++1
1e-
0e
1.2.3
1.2.3
--2
1e
++1
.
abc
++1
1e+
1e-
abc
1.2.3
.
1e
1e+
1.2.3
+
1.2.3
++1
1e
1.2.3
+
1e+
1e+
1.2.3
000.e
000.e
abc
.
1e+
-
1.2.3
.
.
1e-
-
000.e
0e
1e
+
1e-
1e+
0e
++1
--2
e10
1.2.3
1e-
.
-
000.e
0e
1e-
0e
abc
1e-
++1
++1
000.e
1e+
--2
0e
1e+
1.2.3
1e-
abc
0e
0e
e10
--2
++1
1e
+
abc
+
0e
--2
1.2.3
abc
e10
1e-
1ee2
++1
000.e
1e-
e10
1.2.3
1e
-
0e
1ee2
.
1e+
--2
--2
.
1ee2
1e
.
1.2.3
1ee2
1e
1e-
-
1e-
1.2.3
--2
+
.
.
--2
e10
e10
.
0e
1e+
1e+
1.2.3
.
1e-
0e
1ee2
1e+
1e-
000.e
1ee2
e10
1ee2
1e-
--2
1.2.3
+
1e+
1e+
1e
1e-
abc
1e+
-
1e
e10
++1
.
1.2.3
1.2.3
e10
1e
0e
e10
--2
++1
.
.
0e
abc
1.2.3
1e+
1e-
-
1e+
1.2.3
1e
000.e
-
+
.
--2
1e
1.2.3
1e+
--2
++1
-
--2
1e
1e-
0e
1ee2
1e-
000.e
1e-
1e-
000.e
000.e
000.e
1.2.3
-
e10
1ee2
1e-
--2
++1
+
++1
1e-
--2
-
1e-
000.e
e10
1e-
1e+
1.2.3
++1
+
1ee2
1ee2
--2
abc
1e-
e10
--2
-
1.2.3
1ee2
+
+
0e
1.2.3
1e+
--2
+
.
1e
1ee2
+
-
+
1e
+
-
1.2.3
-
1e+
e10
+
1ee2
.
1e-
abc
abc
0e
000.e
1e+
+
1.2.3
e10
1e-
1e
.
1e-
0e
+
1e+
0e
0e
1e
abc
1.2.3
1ee2
000.e
000.e
1ee2
.
1e-
abc
0e
1.2.3
1e-
+
1e
-
.
000.e
0e
1.2.3
1e+
1e
abc
++1
1.2.3
.
1.2.3
0e
1.2.3
abc
1ee2
0e
+
--2
e10
+
+
--2
e10
abc
abc
1ee2
1e+
1ee2
++1
1ee2
++1
1e+
1e-
--2
++1
e10
e10
-
++1
1ee2
1.2.3
--2
1e+
1e+
1e-
1e+
1e-
1.2.3
++1
++1
-
.
1e
000.e
--2
--2
abc
1e-
.
1e-
e10
abc
e10
1e-
000.e
1.2.3
e10
-
abc
0e
000.e
1ee2
0e
abc
--2
1e
1e-
--2
1.2.3
abc
1ee2
e10
e10
++1
0e
0e
0e
e10
0e
--2
-
-
1.2.3
1e
.
e10
000.e
1.2.3
--2
1e+
1.2.3
1e
1e-
.
--2
e10
1e
1e-
1e+
+
1e+
--2
0e
0e
1ee2
abc
abc
1ee2
1e
1ee2
--2
1.2.3
.
e10
0e
0e
1e+
000.e
e10
1e-
++1
1.2.3
0e
abc
000.e
e10
+
-
--2
1ee2
0e
0e
++1
++1
1.2.3
1e
e10
1e-
+
.
000.e
.
1e
e10
1ee2
1e+
abc
--2
--2
1ee2
0e
e10
1e
abc
+
e10
-
1ee2
--2
1.2.3
--2
.
1e+
+
000.e
.
abc
.
1ee2
1ee2
1ee2
abc
1e
+
1.2.3
abc
abc
abc
1.2.3
1e
1.2.3
000.e
1ee2
e10
--2
1e
1ee2
1.2.3
-
000.e
++1
0e
000.e
0e
1e-
1e-
1e-
e10
1e+
1.2.3
0e
-
--2
.
+
000.e
abc
abc
abc
1ee2
.
-
abc
++1
--2
1e-
0e
abc
1e
--2
++1
1ee2
1e
000.e
1ee2
1ee2
1.2.3
1e
abc
.
-
1.2.3
+
1ee2
--2
--2
000.e
1ee2
1e-
1e
1e+
e10
++1
--2
1e
1e
1.2.3
+
++1
0e
++1
--2
--2
abc
1.2.3
0e
000.e
++1
--2
1e-
.
1ee2
0e
++1
.
+
+
1e+
1.2.3
0e
1ee2
abc
0e
e10
.
0e
1e-
000.e
1e
--2
.
0e
000.e
1e+
++1
-
1e+
0e
-
1e-
-
e10
1.2.3
1e
.
abc
e10
1e+
1e-
000.e
1e-
.
1e-
--2
1.2.3
abc
1.2.3
.
-
--2
e10
000.e
--2
--2
1e
0e
+
e10
e10
1.2.3
+
000.e
.
.
1e
abc
++1
1e+
1.2.3
1.2.3
1.2.3
1e+
+
--2
+
.
.
1e+
1.2.3
.
++1
1e-
1e-
abc
++1
++1
1e+
1e
1e+
e10
e10
+
+
1e
++1
1.2.3
1ee2
e10
1.2.3
1e
1.2.3
abc
1.2.3
0e
--2
-
-
--2
1e-
0e
-
0e
0e
1e-
+
1e+
--2
1e
abc
1e+
1e+
.
e10
e10
.
e10
1e-
+
000.e
++1
1ee2
0e
1.2.3
--2
+
.
.
abc
e10
1ee2
.
++1
1ee2
000.e
+
1e+
-
0e
000.e
-
1e+
1ee2
1.2.3
0e
abc
e10
1e
1ee2
1e+
1.2.3
e10
+
--2
1e+
++1
e10
abc
1e-
1e
--2
1ee2
-
+
1.2.3
.
1e
0e
.
1.2.3
1ee2
1.2.3
++1
1ee2
+
abc
++1
1e
1e
-
--2
1ee2
e10
1e+
.
--2
1ee2
e10
.
1ee2
abc
abc
abc
e10
++1
--2
e10
1e-
1e+
0e
1ee2
.
e10
-
1e-
1ee2
abc
000.e
-
1.2.3
-
+
abc
1ee2
1ee2
+
-
1.2.3
--2
abc
--2
+
++1
1e+
1ee2
000.e
--2
1ee2
+
1e-
++1
.
1e+
1ee2
e10
e10
1e+
1e+
1e+
1e-
1.2.3
abc
--2
-
1.2.3
1e+
e10
abc
1.2.3
0e
.
++1
1e
0e
.
000.e
1ee2
-
1e
e10
-
-
++1
0e
--2
1e
1e+
1e-
1.2.3
.
.
1e-
++1
++1
1ee2
000.e
1ee2
++1
-
--2
.
0e
.
++1
e10
1e-
1e+
++1
0e
0e
1.2.3
1.2.3
-
abc
1e
1.2.3
abc
.
000.e
1e-
-
1.2.3
-
1ee2
--2
.
++1
+
--2
0e
1e-
0e
-
--2
1e+
++1
++1
1.2.3
0e
.
1.2.3
000.e
1.2.3
+
1ee2
--2
-
e10
1e-
abc
0e
000.e
--2
-
.
000.e
0e
1.2.3
000.e
e10
1e-
1ee2
000.e
--2
0e
000.e
+
1e
.
0e
000.e
1e
+
.
1e+
1e-
000.e
-
abc
1ee2
0e
1e-
1ee2
++1
000.e
.
abc
1.2.3
+
000.e
-
--2
1.2.3
0e
++1
e10
--2
++1
1e-
e10
000.e
-
1e+
0e
0e
-
+
--2
abc
+
1e
1.2.3
.
000.e
1ee2
0e
0e
1ee2
++1
1.2.3
+
000.e
+
+
++1
1ee2
abc
abc
.
++1
1e-
1e+
1.2.3
000.e
0e
e10
abc
1.2.3
--2
1e+
1e+
--2
++1
+
1.2.3
e10
-
1ee2
000.e
1e-
1e-
1e
.
0e
0e
--2
0e
++1
.
abc
1ee2
1e+
+
--2
1e+
--2
abc
e10
+
000.e
1ee2
--2
0e
abc
++1
++1
-
0e
abc
.
1e
1e-
1e-
-
000.e
000.e
-
e10
1ee2
1ee2
1e+
-
1ee2
1ee2
.
1e
e10
1e
0e
000.e
1e-
1.2.3
--2
e10
1e
.
1e+
0e
++1
1e
0e
1e
.
000.e
++1
++1
abc
e10
1ee2
.
+
1ee2
++1
++1
e10
+
++1
000.e
.
1e+
e10
1e-
1e
e10
.
.
1e+
-
1.2.3
++1
000.e
abc
abc
000.e
--2
++1
1e+
++1
e10
--2
1.2.3
++1
000.e
1ee2
abc
+
abc
1e-
e10
.
++1
000.e
++1
++1
abc
e10
1e
1e+
abc
+
-
1e-
--2
0e
1e+
1e-
abc
+
000.e
1e
abc
++1
abc
e10
+
1ee2
e10
1ee2
000.e
e10
e10
abc
e10
1e+
1e-
++1
+
1e
1e+
1e
e10
000.e
--2
0e
000.e
1e-
++1
1e-
1e-
abc
abc
+
000.e
1e-
--2
1.2.3
1e-
1ee2
--2
1ee2
abc
+
1ee2
1.2.3
.
+
--2
+
1e
0e
0e
+
0e
000.e
++1
-
e10
1e
1e+
0e
1e
1e+
++1
0e
.
abc
0e
0e
000.e
abc
1ee2
1e+
000.e
1e+
1e-
1e-
e10
1ee2
1e+
abc
1.2.3
1ee2
++1
1e+
1e+
1.2.3
1ee2
++1
--2
1ee2
--2
abc
--2
1e+
1ee2
.
.
++1
.
1e
-
.
1e-
1ee2
1e
abc
1e+
--2
-
+
1e-
1e-
+
1ee2
+
e10
--2
000.e
e10
1e
1ee2
abc
000.e
abc
abc
.
.
++1
1e
-
e10
+
1e-
1e
++1
1e-
++1
--2
-
1.2.3
e10
--2
0e
--2
.
1e+
1e+
1e
1e+
abc
++1
-
1e-
++1
++1
e10
+
1.2.3
+
1e
000.e
abc
1.2.3
1e
1e-
1e-
0e
-
1e
+
000.e
000.e
+
+
1e
1.2.3
0e
-
1ee2
++1
--2
1.2.3
-
1e-
1e
1e+
1e+
0e
000.e
-
++1
++1
1.2.3
000.e
e10
.
1e
0e
--2
+
1e
1.2.3
e10
e10
1e-
abc
-
e10
1e+
++1
0e
--2
1e
--2
-
1.2.3
1e+
abc
1e+
.
++1
1e+
1e+
1e
1e
1e
0e
e10
1e
e10
1e-
1e+
0e
--2
--2
--2
1e+
.
0e
0e
++1
1e-
--2
++1
1ee2
abc
1e
-
e10
1e
.
++1
000.e
+
1ee2
-
1e
1e-
1e+
1e
abc
1e-
+
e10
-
0e
e10
abc
1e-
.
-
e10
1e+
.
1e
e10
1e+
1e-
++1
1.2.3
1ee2
1e-
e10
1e
000.e
1.2.3
--2
1e-
1e
000.e
e10
1.2.3
+
0e
--2
000.e
abc
++1
1e
--2
1.2.3
e10
000.e
0e
1e-
1ee2
000.e
-
+
1ee2
1e-
1e+
1ee2
000.e
1e-
000.e
++1
1.2.3
1e+
0e
0e
000.e
1e-
-
1e+
++1
000.e
e10
+
abc
.
e10
1e-
e10
abc
1ee2
1ee2
0e
0e
1ee2
1ee2
1ee2
.
1e-
.
++1
1e-
--2
+
-
e10
.
--2
1e-
++1
1.2.3
abc
++1
abc
1ee2
1e+
++1
000.e
1.2.3
1e+
--2
+
000.e
000.e
0e
1e
e10
e10
--2
+
abc
-
000.e
1e+
1ee2
.
1.2.3
1.2.3
+
1.2.3
abc
+
.
0e
000.e
1ee2
0e
1e
+
1e
++1
1e
1e-
+
1ee2
1e
1ee2
1.2.3
1e
-
1e+
1.2.3
1.2.3
1.2.3
+
--2
+
1ee2
.
000.e
++1
++1
++1
--2
.
000.e
1e+
.
000.e
1.2.3
1.2.3
-
+
-
-
.
1e
000.e
1.2.3
++1
abc
0e
-
1ee2
--2
e10
+
000.e
1ee2
1e
--2
1e-
000.e
e10
abc
1ee2
.
e10
.
1e+
1.2.3
-
+
1.2.3
1.2.3
abc
1ee2
e10
-
.
0e
abc
e10
1e-
1.2.3
++1
1e
++1
abc
0e
.
1ee2
.
1.2.3
1e
e10
1e+
e10
1e-
++1
1.2.3
-
000.e
1.2.3
1e+
++1
.
1e
1e+
1ee2
0e
e10
abc
1ee2
1e+
--2
1.2.3
1e-
abc
.
--2
-
1ee2
1e
abc
0e
abc
-
1e+
abc
000.e
.
1ee2
-
1e
1e
e10
1e-
1e+
++1
0e
1e-
+
--2
e10
1e+
1.2.3
-
1e-
abc
abc
e10
-
e10
.
.
1e-
1e-
e10
1e-
000.e
0e
0e
0e
1e-
1e+
abc
1ee2
abc
1e
0e
1.2.3
1e
-
000.e
e10
1e
e10
e10
abc
--2
--2
000.e
1ee2
-
1e
abc
--2
.
--2
1e-
1e-
1.2.3
.
000.e
1.2.3
.
++1
+
abc
000.e
+
1e-
.
1e-
1e-
++1
1e+
.
0e
000.e
e10
++1
1.2.3
1.2.3
++1
1e
-
1.2.3
abc
--2
1e+
1e
0e
e10
1e+
1e-
++1
0e
1e-
1.2.3
000.e
1e
++1
1e+
1.2.3
000.e
1.2.3
1.2.3
0e
-
1ee2
1.2.3
0e
e10
-
1e-
1e+
e10
++1
abc
abc
--2
000.e
000.e
0e
1e+
1e-
000.e
1.2.3
--2
e10
1e
1e-
abc
++1
-
++1
++1
1e
e10
e10
.
1e-
-
000.e
1.2.3
+
++1
abc
0e
1e+
1e+
1e
-
1e
++1
--2
+
abc
1e-
--2
1e+
.
++1
e10
1ee2
1ee2
+
1.2.3
.
000.e
000.e
e10
1e
abc
000.e
1e+
1e
--2
-
1.2.3
1.2.3
abc
000.e
++1
.
1e-
--2
1ee2
+
1ee2
+
1ee2
.
1e-
1e+
1e+
--2
0e
e10
-
1e+
abc
1.2.3
-
1ee2
1e-
--2
1.2.3
1e
1.2.3
0e
+
1ee2
1e
-
-
e10
000.e
.
1e
abc
abc
1e+
--2
1e
0e
0e
0e
--2
0e
1e-
0e
1.2.3
abc
0e
0e
000.e
.
++1
e10
--2
.
+
1e-
-
1e+
1e
1e-
000.e
0e
1ee2
1ee2
1e-
1e+
0e
e10
1e-
abc
1e-
0e
1ee2
1e
1e
1e-
1e+
++1
+
1e+
000.e
1.2.3
+
1.2.3
-
abc
-
0e
1e-
000.e
.
1e+
++1
1e-
--2
000.e
000.e
1e+
--2
1e+
e10
0e
.
0e
1e
1e-
1.2.3
1e-
1e+
+
-
1e+
0e
abc
1ee2
.
-
1e
1e-
0e
-
0e
1e+
e10
-
++1
abc
1e
0e
e10
-
-
1e
000.e
1e-
+
1ee2
++1
++1
1e+
1ee2
1ee2
000.e
+
0e
+
000.e
++1
1e+
1e-
000.e
--2
+
1ee2
1e
.
--2
1ee2
1.2.3
++1
1e-
++1
000.e
1e
1.2.3
e10
-
+
+
000.e
1.2.3
--2
1e+
1.2.3
.
1ee2
1e-
-
++1
000.e
1e-
+
1.2.3
.
.
1e+
0e
e10
--2
+
1e+
1e-
1e-
1.2.3
-
1e
++1
+
.
1e
0e
1e-
1e
++1
e10
--2
e10
-
1e-
1e
.
--2
.
abc
1e-
++1
1e+
abc
1e
1e
+
000.e
e10
e10
+
.
1ee2
000.e
1.2.3
1e-
1ee2
1.2.3
e10
1e+
1e-
e10
1e
1e-
1e-
++1
e10
0e
1e+
+
0e
.
--2
++1
1e-
1ee2
abc
e10
-
--2
0e
1e-
1e-
.
1ee2
--2
--2
1ee2
1ee2
1.2.3
++1
1.2.3
1e-
1e
.
.
++1
abc
1ee2
--2
1e-
++1
0e
e10
-
000.e
abc
0e
1.2.3
.
.
e10
1ee2
+
abc
-
--2
-
+
++1
-
1e+
1.2.3
+
++1
1e-
e10
1.2.3
+
.
1e+
--2
+
0e
1e
+
1e+
1e-
abc
+
000.e
1ee2
1e+
-
++1
1e-
0e
000.e
+
1.2.3
1.2.3
1e-
-
1.2.3
.
1e
+
--2
1.2.3
1e
1.2.3
1e+
0e
1.2.3
--2
-
1e-
.
1e+
1e
000.e
+
abc
++1
1.2.3
++1
1e-
1e
--2
1ee2
1e-
1e
-
1ee2
++1
1e
.
abc
1e+
++1
++1
1e+
.
1e
1e
1e
0e
1.2.3
1.2.3
abc
++1
abc
--2
1e-
-
1e-
e10
1e
e10
-
1e
++1
++1
++1
1e-
1.2.3
1e
1e-
1e-
1e+
1ee2
0e
1e
1.2.3
1e-
e10
1e+
000.e
1.2.3
+
1e-
1e+
1e-
000.e
++1
--2
000.e
.
1e-
-
1ee2
++1
++1
e10
abc
abc
e10
-
1e-
1e-
000.e
1e
1.2.3
+
0e
--2
1e+
--2
abc
+
--2
-
e10
abc
+
--2
--2
1e
1ee2
--2
1e-
1e-
e10
000.e
--2
--2
1ee2
.
1ee2
000.e
1e+
.
-
1e
1.2.3
1e+
000.e
0e
e10
1e-
0e
1e+
e10
+
1e+
1e+
++1
1e-
+
1e+
++1
1ee2
--2
+
1.2.3
1.2.3
000.e
1e
1.2.3
abc
++1
1e-
1ee2
1e+
-
e10
-
+
.
1e-
+
abc
0e
1e+
1.2.3
1e-
-
-
-
abc
.
--2
0e
-
+
++1
-
--2
0e
-
000.e
++1
--2
.
.
abc
++1
.
.
1e
000.e
abc
1e+
abc
+
-
0e
0e
1e-
abc
e10
1e+
1ee2
1.2.3
1e-
+
1e+
--2
1e+
e10
1e
0e
-
1.2.3
--2
1.2.3
0e
1e-
e10
1e-
+
1.2.3
1.2.3
000.e
1ee2
-
e10
++1
++1
1e+
000.e
000.e
e10
1ee2
abc
1ee2
1ee2
1e+
-
+
1e
.
0e
1ee2
1e
e10
000.e
1e-
-
0e
1.2.3
-
1ee2
++1
abc
-
e10
abc
0e
++1
1e-
1e-
.
--2
1e
.
e10
e10
--2
0e
e10
1e
1e+
1ee2
abc
1e+
++1
000.e
--2
1e+
-
+
000.e
1ee2
1.2.3
-
1.2.3
1.2.3
++1
1e-
-
+
--2
++1
-
.
++1
1.2.3
abc
000.e
.
-
1e+
.
0e
abc
1.2.3
000.e
.
1e+
++1
1ee2
1.2.3
abc
0e
1.2.3
1ee2
0e
1e-
1.2.3
1e+
1e
-
1e+
abc
1.2.3
1e
1e+
1e+
1.2.3
0e
1e
abc
-
abc
0e
0e
1ee2
1e-
--2
abc
++1
1ee2
1.2.3
1e+
--2
-
1.2.3
++1
1.2.3
000.e
0e
++1
1e-
1e+
--2
1ee2
1.2.3
++1
1e
--2
-
000.e
e10
1ee2
abc
++1
-
1ee2
-
1e+
++1
1e
abc
1ee2
e10
1e+
abc
e10
e10
1e+
+
1ee2
abc
e10
0e
1.2.3
-
1ee2
1.2.3
e10
abc
-
.
-
--2
abc
000.e
1e+
++1
.
1e-
+
+
1e+
.
0e
1.2.3
0e
++1
++1
+
.
+
e10
1e-
.
.
1.2.3
1e-
-
abc
e10
-
1ee2
.
1.2.3
000.e
++1
++1
.
1e
1e
000.e
1e-
--2
000.e
.
1e-
1e+
0e
abc
--2
1e
1e
--2
1e
1ee2
000.e
abc
1e
-
.
1.2.3
abc
-
+
++1
++1
-
1ee2
--2
abc
e10
1ee2
1e+
1e
1e+
--2
0e
1e
1e-
+
.
1.2.3
1e+
abc
+
1e+
-
--2
+
1ee2
--2
abc
1e
.
000.e
.
+
e10
1.2.3
1e+
+
e10
abc
.
+
1ee2
abc
--2
0e
1e
1e-
++1
++1
1ee2
000.e
.
000.e
.
-
1ee2
0e
++1
1ee2
++1
1ee2
0e
--2
000.e
.
1e
abc
1.2.3
+
-
000.e
1.2.3
++1
1ee2
-
+
abc
0e
1.2.3
--2
abc
1ee2
abc
000.e
--2
1e+
1.2.3
1e
1e
abc
-
e10
1.2.3
000.e
1e
1.2.3
1e
++1
0e
++1
0e
abc
.
-
--2
0e
e10
1e+
-
1e+
000.e
-
++1
.
1e-
-
--2
abc
1e
.
1.2.3
0e
1e
e10
-
-
abc
1e+
1e
1e+
.
++1
e10
abc
1ee2
--2
1e-
1e
1ee2
1e-
1.2.3
+
abc
000.e
--2
1e-
1e+
1e
+
1e-
1e
1e-
1e+
1ee2
1ee2
-
1.2.3
000.e
e10
000.e
.
e10
.
1ee2
1e+
1ee2
1.2.3
.
e10
1e
0e
--2
.
1.2.3
-
+
1ee2
1e+
1e-
++1
1e
--2
1e
++1
+
-
000.e
--2
+
abc
.
1.2.3
0e
--2
1e-
-
1e
-
-
abc
0e
1e-
000.e
.
++1
1e
++1
e10
1.2.3
abc
1e
1.2.3
.
1e-
--2
1e-
1ee2
1ee2
0e
.
000.e
0e
e10
1e+
++1
+
1.2.3
1ee2
1ee2
1e
1e-
1ee2
+
1e-
+
-
1ee2
1e+
++1
000.e
.
1e+
1e
0e
--2
+
1e
+
.
--2
abc
1e+
--2
-
++1
1e-
+
1e
1.2.3
++1
.
1e+
1e+
000.e
abc
+
000.e
1e+
++1
1e
--2
1e+
1e-
abc
1.2.3
.
1.2.3
--2
++1
e10
1e+
++1
--2
000.e
1e
.
+
-
e10
+
e10
e10
1ee2
1e+
-
++1
000.e
0e
1e+
+
1e
+
+
abc
.
-
-
1e
++1
--2
--2
1e
.
++1
+
000.e
++1
1.2.3
0e
.
-
.
1e-
++1
1ee2
0e
.
1e
abc
+
++1
+
+
--2
0e
e10
1e+
-
1e
1ee2
1e+
++1
1e-
-
-
--2
1.2.3
1ee2
+
1e-
e10
abc
1ee2
e10
+
++1
++1
-
e10
--2
1.2.3
0e
1.2.3
1e-
1e
1e+
+
1e+
1.2.3
1.2.3
--2
+
1ee2
e10
.
++1
1e-
e10
1e-
.
--2
1e
--2
1ee2
.
e10
+
--2
1e-
++1
++1
abc
1e
1e
.
--2
+
1e
1e+
1e
.
++1
1e-
0e
e10
000.e
1ee2
.
--2
1e-
--2
000.e
++1
1ee2
e10
++1
--2
1e+
.
--2
.
e10
+
1.2.3
000.e
.
1e
1.2.3
abc
abc
e10
1e
e10
1e
1e+
--2
1ee2
--2
e10
0e
-
1ee2
abc
1e+
1ee2
.
1.2.3
1ee2
1e
abc
++1
0e
1e
abc
1e-
0e
0e
000.e
abc
000.e
1.2.3
1e-
1e+
0e
--2
1ee2
-
000.e
-
abc
-
abc
1e-
000.e
e10
1.2.3
--2
1e-
1.2.3
.
abc
1e+
--2
--2
-
1e-
++1
.
1e-
1.2.3
1e+
000.e
++1
-
1e+
1e-
++1
e10
--2
1.2.3
+
1ee2
1ee2
0e
--2
.
--2
++1
+
1e-
.
1.2.3
--2
1.2.3
000.e
--2
000.e
abc
1.2.3
000.e
1e
1ee2
e10
1e
e10
-
.
e10
++1
1e
--2
0e
0e
1e-
-
000.e
1ee2
1e+
+
abc
1e-
e10
-
1ee2
--2
1e-
0e
000.e
1.2.3
1.2.3
0e
abc
1ee2
-
--2
abc
1e-
000.e
0e
-
1.2.3
1e
0e
1.2.3
-
1.2.3
-
1.2.3
e10
1.2.3
000.e
-
1e+
-
1e
1e+
--2
abc
abc
.
--2
1ee2
1e
-
1e-
1ee2
.
-
++1
-
1e+
++1
1e+
1e-
1ee2
1e+
0e
1e-
1.2.3
000.e
000.e
1e
1e
-
1e-
1.2.3
--2
1e
1e-
+
1.2.3
.
--2
1e-
e10
--2
-
abc
000.e
-
.
.
0e
1e
+
-
--2
1ee2
000.e
000.e
+
000.e
++1
-
+
1ee2
abc
++1
1e+
1e-
1e-
abc
abc
++1
--2
.
.
abc
1ee2
1e-
.
-
.
1.2.3
1ee2
+
0e
1.2.3
1ee2
.
1.2.3
1e+
0e
.
000.e
1e-
++1
-
e10
abc
000.e
abc
e10
1.2.3
e10
+
000.e
000.e
1e
0e
+
0e
1e-
.
1.2.3
1e+
++1
1e-
0e
1e
-
0e
1ee2
+
1e+
.
+
1ee2
1ee2
e10
-
1e
+
.
1e+
--2
0e
e10
1.2.3
1e
e10
0e
++1
1e-
+
000.e
++1
+
1e-
000.e
000.e
abc
abc
abc
++1
0e
0e
.
-
-
--2
1e-
++1
--2
0e
.
+
0e
1e
e10
1e+
abc
+
1.2.3
1e+
+
1e-
.
++1
000.e
-
1e+
1e-
000.e
--2
-
000.e
--2
+
-
000.e
-
e10
.
000.e
e10
--2
abc
1e
--2
000.e
1e
1e-
1e-
e10
--2
--2
e10
-
--2
-
-
000.e
1e-
0e
000.e
1ee2
000.e
-
+
.
e10
-
-
1ee2
1.2.3
.
++1
1ee2
000.e
0e
000.e
.
0e
1e+
++1
+
1e
0e
.
1e-
1e-
1.2.3
.
e10
--2
--2
++1
+
0e
0e
++1
--2
e10
1e+
.
1ee2
1e-
--2
0e
abc
1ee2
1ee2
--2
1.2.3
1e-
+
1.2.3
--2
1ee2
++1
--2
000.e
0e
1ee2
abc
1.2.3
1ee2
000.e
1e+
1ee2
+
--2
1e
e10
0e
1ee2
1ee2
++1
1e-
1.2.3
-
.
++1
1e-
1ee2
++1
-
abc
1e-
0e
++1
1e+
abc
--2
1e-
+
1ee2
1e
++1
1ee2
1e-
+
++1
1.2.3
1e
1e
1e+
1e
1e+
.
abc
e10
1ee2
1.2.3
1.2.3
1ee2
000.e
1ee2
.
--2
1e-
-
0e
000.e
.
+
--2
1e
.
1e+
-
1e
-
-
1e+
++1
1e-
000.e
1e+
1e
abc
1.2.3
1e
abc
--2
--2
1.2.3
e10
1e
e10
+
000.e
abc
+
0e
1ee2
000.e
-
--2
000.e
1e-
1e+
.
1e-
1ee2
e10
e10
1e+
0e
abc
1.2.3
1e+
abc
1e
1.2.3
++1
0e
.
0e
abc
000.e
++1
abc
--2
1.2.3
1e
++1
-
1e
0e
1e
+
abc
1e-
abc
e10
e10
1e-
1.2.3
1e
1e-
+
1e
--2
0e
--2
-
.
--2
abc
1e+
++1
1ee2
1.2.3
0e
e10
abc
abc
0e
e10
1ee2
1ee2
1e-
abc
.
++1
e10
000.e
e10
0e
.
1e
000.e
1.2.3
0e
1e+
0e
++1
1ee2
-
.
1e+
e10
1e-
1ee2
++1
abc
-
e10
abc
1ee2
.
e10
0e
+
.
.
++1
1ee2
1e
--2
--2
++1
.
-
1ee2
++1
abc
.
0e
+
1e+
+
1e
000.e
1e-
1ee2
1ee2
.
1e
000.e
1e-
.
000.e
1ee2
1e-
.
e10
+
--2
1ee2
0e
abc
0e
1ee2
1e+
++1
1e+
0e
e10
--2
000.e
-
1ee2
+
--2
.
--2
.
.
e10
abc
1e+
e10
-
e10
1e
-
1e
0e
-
1e+
+
.
.
1.2.3
0e
0e
1e
1e
+
-
e10
0e
1.2.3
.
000.e
000.e
abc
1e
.
1e-
-
1e-
1ee2
1e+
abc
0e
1e
++1
1.2.3
1ee2
.
1e+
.
1e+
e10
0e
1ee2
abc
e10
.
1e-
+
1.2.3
1e+
e10
000.e
1ee2
1e-
++1
+
abc
1e+
1ee2
+
+
++1
++1
000.e
1e-
000.e
-
e10
e10
000.e
--2
1e+
abc
1e-
++1
1.2.3
+
abc
0e
-
e10
--2
1e
-
1ee2
000.e
abc
1e-
++1
000.e
+
-
0e
++1
-
e10
+
abc
1e
abc
000.e
1e
1ee2
000.e
1e-
000.e
++1
--2
1e+
abc
abc
++1
1ee2
+
1e+
0e
-
1.2.3
000.e
1e
+
1e+
1.2.3
abc
-
1e-
0e
1e
1e-
++1
1e
1e+
1e
abc
-
-
0e
+
1e
1e+
000.e
1.2.3
000.e
++1
1ee2
+
--2
1.2.3
1e-
1ee2
++1
1e+
000.e
++1
1e-
1e+
1e
e10
1e-
.
abc
+
+
1ee2
1ee2
1ee2
1e
1.2.3
000.e
.
++1
++1
000.e
+
1e-
0e
1e-
-
.
1e-
abc
1.2.3
000.e
++1
.
++1
-
--2
1e-
--2
1e
+
0e
0e
0e
.
-
-
++1
++1
1.2.3
e10
e10
000.e
1e+
1ee2
1ee2
000.e
000.e
+
--2
1.2.3
1ee2
0e
+
.
e10
-
1ee2
.
+
1e+
1e-
--2
0e
1ee2
-
0e
1e-
1ee2
.
0e
1e-
000.e
e10
1e
e10
abc
++1
1e+
++1
abc
++1
.
++1
--2
+
-
1.2.3
e10
-
abc
0e
1e-
1e
--2
.
e10
.
0e
abc
++1
e10
abc
-
0e
1ee2
1e+
e10
1e-
.
1e
1e
abc
+
1e
0e
.
1ee2
0e
1.2.3
1.2.3
++1
1.2.3
++1
1e+
1e-
1ee2
.
++1
.
1e
abc
--2
1e
-
1e-
1ee2
1e-
-
1ee2
++1
++1
1e
0e
0e
.
000.e
1e+
++1
-
1.2.3
e10
1e-
1e
000.e
1.2.3
000.e
--2
1e+
1e
0e
.
0e
abc
+
+
+
abc
1ee2
.
++1
1.2.3
000.e
e10
abc
.
e10
1.2.3
1e
1e-
0e
1.2.3
1ee2
e10
1.2.3
abc
000.e
1.2.3
abc
.
1e
1e
1e+
+
+
.
abc
e10
--2
1.2.3
1.2.3
++1
e10
000.e
1e
e10
1.2.3
abc
-
1e-
+
++1
1ee2
1e-
000.e
1e-
1e+
abc
+
.
1ee2
1e
000.e
000.e
1e-
.
++1
1ee2
1ee2
++1
1ee2
.
1e+
abc
++1
0e
-
--2
1e
-
0e
1e-
1.2.3
0e
-
1ee2
1.2.3
--2
000.e
--2
1e-
-
0e
abc
++1
000.e
0e
1ee2
1ee2
1e
++1
++1
1.2.3
+
1e-
0e
0e
+
1e+
1e+
1e
1e-
0e
1e+
1e-
1e-
1e-
+
1ee2
-
0e
1ee2
000.e
-
+
-
1ee2
+
000.e
++1
.
1e
++1
++1
1e+
abc
1e+
0e
--2
e10
.
--2
1e-
.
1ee2
e10
1e-
++1
1e-
1e-
+
++1
e10
++1
1.2.3
1ee2
1e-
1ee2
+
1e-
0e
1.2.3
.
.
++1
000.e
+
1e-
abc
abc
.
++1
000.e
1ee2
0e
++1
--2
e10
abc
000.e
1e+
--2
++1
0e
e10
.
0e
--2
0e
1.2.3
1e-
++1
1e+
--2
--2
abc
1.2.3
++1
--2
1e
1.2.3
0e
e10
1e-
1.2.3
0e
1.2.3
1.2.3
1e-
0e
++1
1.2.3
000.e
+
-
-
++1
1e+
1e-
1.2.3
-
1.2.3
.
1e
+
0e
1e-
000.e
+
++1
1ee2
+
abc
1.2.3
+
1.2.3
1ee2
.
abc
1e+
1e+
000.e
++1
000.e
0e
--2
1.2.3
-
++1
000.e
--2
e10
0e
0e
-
0e
1e
0e
abc
1ee2
1e-
1e+
e10
000.e
.
1e-
1e+
.
1e-
000.e
000.e
0e
-
--2
-
--2
0e
0e
e10
1.2.3
abc
++1
--2
1.2.3
+
abc
-
+
.
1.2.3
+
1e+
+
000.e
1e-
1e+
++1
.
1e
1e-
000.e
1ee2
1e+
+
1e+
.
1e-
000.e
1.2.3
1e+
+
++1
.
abc
0e
1.2.3
000.e
abc
e10
--2
-
1e
abc
+
e10
1e-
000.e
1e+
1e+
+
abc
000.e
1.2.3
abc
abc
1.2.3
+
+
1e
1e+
+
e10
0e
e10
-
abc
1.2.3
+
1e+
++1
+
--2
+
e10
-
1e-
abc
+
abc
e10
1e+
+
--2
abc
abc
1e
--2
e10
-
0e
1.2.3
1ee2
1e+
abc
abc
1e+
.
.
+
1ee2
1.2.3
e10
--2
1.2.3
--2
1e-
++1
1e
1e-
000.e
1e
abc
abc
000.e
.
e10
+
++1
000.e
1.2.3
1ee2
--2
1.2.3
+
e10
1e
abc
0e
-
--2
1.2.3
--2
--2
++1
e10
000.e
0e
1e+
1ee2
abc
++1
.
1.2.3
1ee2
-
--2
--2
abc
++1
--2
+
1e
-
1e
+
.
1e
000.e
++1
0e
1e-
000.e
000.e
000.e
.
e10
.
1e+
++1
+
+
-
.
--2
+
1ee2
++1
1.2.3
1ee2
-
-
.
abc
0e
-
e10
1ee2
-
-
1ee2
1e+
.
1ee2
abc
000.e
1.2.3
+
000.e
1ee2
+
-
-
1e+
abc
0e
000.e
-
1.2.3
0e
1e-
1e+
++1
-
--2
1ee2
.
1e+
1e+
+
1ee2
.
1ee2
1.2.3
abc
1e-
1e-
1.2.3
e10
000.e
.
abc
0e
+
--2
1e
-
--2
1e-
1e
+
.
1ee2
1.2.3
1e
1.2.3
++1
0e
0e
1e+
--2
1e+
000.e
1.2.3
e10
1e+
-
000.e
e10
1e-
1e+
1.2.3
--2
1.2.3
1ee2
.
1ee2
--2
.
1e+
1e+
+
1e
e10
-
1.2.3
1e-
0e
0e
1e+
1ee2
000.e
.
1.2.3
1e
1ee2
1ee2
1e-
+
++1
e10
-
000.e
--2
1ee2
1.2.3
+
1e-
0e
.
1e+
abc
000.e
0e
000.e
000.e
1e
e10
.
-
e10
++1
1ee2
1e
e10
+
++1
1e+
0e
-
1ee2
1e
1ee2
e10
0e
1.2.3
1e
e10
--2
1e
-
1e+
e10
1e+
0e
1ee2
--2
--2
1ee2
e10
000.e
000.e
1e-
1e+
1ee2
abc
1.2.3
--2
++1
.
000.e
1e-
.
1e
abc
+
-
1e+
1ee2
0e
1ee2
1e-
++1
0e
-
.
++1
0e
.
1e-
1.2.3
-
.
1ee2
abc
1e
1e+
1ee2
1e
+
1.2.3
+
+
1e+
++1
++1
1.2.3
1e
++1
1ee2
1.2.3
e10
--2
abc
1e-
1.2.3
--2
1e
1e-
abc
1ee2
000.e
1e+
-
1e+
1.2.3
abc
abc
1e
++1
-
1.2.3
1.2.3
--2
000.e
.
abc
1.2.3
1e-
.
0e
000.e
0e
000.e
1ee2
1e
abc
1e
1e+
1e+
-
.
-
++1
1ee2
++1
1.2.3
1ee2
1e-
--2
++1
e10
e10
e10
++1
.
0e
1e
abc
1e
++1
1e
000.e
++1
1e
+
++1
abc
-
--2
++1
1ee2
1e+
1e
0e
1ee2
1ee2
1.2.3
1e-
--2
++1
1.2.3
-
++1
e10
-
abc
.
1.2.3
1.2.3
abc
.
--2
--2
0e
+
+
1e+
000.e
--2
--2
e10
.
--2
.
.
-
abc
.
abc
000.e
e10
-
++1
-
1e
0e
abc
++1
1.2.3
000.e
1e+
1e+
1e
1e+
abc
1e+
.
-
0e
e10
1e
abc
1e-
000.e
1ee2
-
1e+
.
.
++1
abc
000.e
.
abc
++1
.
1e-
++1
1e
1ee2
+
0e
000.e
+
1.2.3
++1
abc
1.2.3
.
--2
000.e
-
abc
1e
.
1e-
1e
1.2.3
++1
1ee2
000.e
1e+
1e+
e10
000.e
1.2.3
1.2.3
1.2.3
0e
.
1e+
abc
0e
e10
.
000.e
0e
--2
-
0e
1e-
1e-
1ee2
.
1e+
abc
-
000.e
.
abc
000.e
1ee2
+
++1
--2
1e+
1ee2
.
e10
1e
-
1ee2
+
abc
e10
1ee2
+
1e
1e+
e10
1e-
-
1ee2
-
abc
1e+
++1
1e
0e
0e
.
0e
1e-
e10
1ee2
abc
1e+
--2
1e+
1e
e10
+
-
1ee2
+
1e+
1e+
1e
1.2.3
++1
+
1ee2
-
+
--2
000.e
++1
+
++1
++1
1ee2
1e
1e
1.2.3
+
.
1e-
1e+
abc
e10
--2
++1
1e
--2
1e
000.e
1e+
1e
1ee2
0e
abc
0e
1e
0e
.
+
0e
000.e
--2
1.2.3
1.2.3
+
++1
abc
1e-
1e
1e
++1
1e
e10
abc
1.2.3
.
e10
+
1e-
1e-
--2
-
1e-
1ee2
0e
1e+
abc
abc
--2
--2
0e
1.2.3
000.e
1e-
000.e
1e+
+
000.e
+
abc
++1
+
.
.
+
+
-
abc
--2
--2
+
.
abc
abc
1e
+
1e+
1e
0e
1e-
0e
++1
+
++1
0e
0e
+
--2
1.2.3
1e+
-
abc
1e
0e
.
+
+
--2
+
abc
1.2.3
--2
1.2.3
1.2.3
.
1e-
000.e
000.e
.
abc
000.e
1e+
e10
e10
abc
.
-
e10
.
.
++1
1.2.3
.
++1
abc
0e
--2
++1
000.e
++1
1ee2
+
.
1ee2
+
e10
1e
--2
abc
abc
1e+
1.2.3
.
1.2.3
abc
000.e
.
++1
1e+
--2
++1
-
1e
.
abc
++1
e10
-
++1
.
1e
abc
-
1ee2
000.e
0e
abc
0e
++1
-
000.e
1.2.3
1e-
abc
1ee2
1e-
000.e
-
1e-
e10
++1
+
1e-
1e
000.e
e10
1e-
1e
.
1.2.3
abc
0e
1e+
+
++1
--2
1e+
-
++1
1e-
.
abc
1e
e10
1.2.3
--2
abc
++1
1e-
abc
.
1e
+
+
abc
.
++1
abc
1e-
1e+
+
1e
1ee2
e10
--2
abc
1ee2
++1
+
e10
.
++1
.
1e-
e10
000.e
0e
++1
e10
1.2.3
1e+
-
1.2.3
000.e
1.2.3
--2
1ee2
1e+
abc
1e
e10
.
+
1e-
.
abc
-
1e-
1e
1e+
--2
1ee2
0e
1.2.3
+
-
1e+
.
e10
--2
1e+
.
-
--2
1ee2
1.2.3
000.e
--2
e10
1e
1ee2
++1
0e
++1
e10
000.e
++1
++1
1e-
1e+
000.e
1e+
abc
1e
+
.
1e+
1e
1.2.3
1e+
1e-
1ee2
1e
-
.
1e+
1.2.3
+
1.2.3
--2
-
e10
0e
abc
1ee2
--2
1.2.3
000.e
1.2.3
000.e
e10
--2
.
-
+
1e-
.
1e-
.
.
--2
1e-
+
0e
1e
1ee2
1ee2
1e
1.2.3
1ee2
1ee2
1e+
1e-
e10
1e+
1.2.3
e10
+
1.2.3
1ee2
1e-
1ee2
1ee2
000.e
1e+
1e
++1
.
-
abc
1e-
+
1e
0e
1e
1ee2
+
e10
1e
.
000.e
++1
1e
1e
1ee2
+
--2
abc
0e
++1
1e
0e
abc
--2
1.2.3
++1
1e-
+
0e
--2
e10
abc
000.e
--2
000.e
+
-
1e+
1e-
.
0e
000.e
abc
1ee2
1e-
0e
+
abc
000.e
000.e
.
+
abc
000.e
1e+
-
000.e
0e
abc
++1
.
1e
--2
abc
+
000.e
1.2.3
e10
000.e
000.e
0e
-
.
0e
++1
++1
e10
000.e
1e-
000.e
e10
++1
-
1e+
++1
0e
1e
1e+
000.e
.
1.2.3
-
0e
1e
1ee2
.
0e
+
abc
.
+
e10
1e-
-
0e
1e
1e-
++1
000.e
1e-
0e
abc
000.e
-
1e+
1e-
1e-
1.2.3
000.e
1e+
++1
-
abc
1ee2
1.2.3
+
1ee2
1e+
--2
0e
+
1e-
1e
+
+
1ee2
abc
e10
1.2.3
-
++1
1e+
1ee2
abc
0e
1.2.3
-
1e
1e+
e10
-
1e
1ee2
e10
000.e
-
1e-
++1
+
++1
-
--2
e10
+
1ee2
--2
1e+
1e-
1e-
1e+
--2
1e+
--2
-
--2
++1
0e
1e+
1.2.3
1e-
+
e10
1e+
++1
1e-
abc
1.2.3
000.e
abc
1ee2
000.e
+
abc
1e-
1e+
abc
abc
++1
-
1ee2
--2
000.e
++1
-
000.e
0e
+
--2
e10
1e+
1e-
abc
e10
1e-
.
.
++1
000.e
1e
0e
1.2.3
abc
1ee2
1e
1e-
-
+
.
--2
-
1ee2
0e
.
1e+
0e
0e
1ee2
abc
.
000.e
++1
--2
.
+
000.e
1e-
000.e
++1
000.e
.
1ee2
1.2.3
-
000.e
000.e
1.2.3
abc
--2
abc
1ee2
abc
.
1ee2
000.e
1.2.3
0e
--2
++1
abc
.
e10
++1
--2
1e
+
.
.
-
-
e10
abc
-
--2
1e-
000.e
++1
1e-
.
+
1e
--2
--2
.
.
1.2.3
.
1.2.3
e10
1e
++1
++1
.
++1
0e
++1
1.2.3
e10
1.2.3
abc
1e-
--2
+
-
1e
1ee2
1e
1e-
1e+
1ee2
000.e
.
++1
1e-
abc
e10
1ee2
++1
1e+
.
.
++1
abc
0e
e10
1e-
1e+
1e-
++1
++1
0e
abc
1e-
e10
abc
000.e
.
-
--2
1.2.3
000.e
++1
1e-
1e-
+
++1
++1
1e+
1e
1.2.3
-
e10
abc
e10
abc
e10
abc
+
e10
1e+
000.e
000.e
1e
.
000.e
1ee2
1e-
e10
1e-
1e
1e
1e
0e
1e-
-
abc
1e
1.2.3
1.2.3
1e+
-
1e-
abc
.
1e
1e
.
000.e
000.e
--2
1e-
abc
--2
.
++1
--2
+
.
0e
-
1e
++1
-
0e
0e
-
+
abc
0e
000.e
++1
1ee2
1.2.3
1e+
1ee2
1e-
1ee2
000.e
000.e
++1
0e
+
0e
-
abc
1e-
-
+
1e+
--2
e10
-
1e-
-
1.2.3
+
1e+
1e
--2
+
--2
1e+
abc
.
abc
0e
1e
000.e
.
1ee2
1e+
1e-
.
--2
1e+
-
e10
1.2.3
--2
e10
0e
.
0e
1e
1e+
0e
--2
++1
.
1e
000.e
1e
--2
1e+
e10
1e+
1e+
abc
-
0e
e10
1.2.3
000.e
-
1e
1ee2
e10
+
1ee2
++1
1e-
+
1e
.
--2
+
.
--2
++1
1e-
+
++1
1.2.3
+
1e
1e-
e10
1e-
0e
--2
+
000.e
000.e
1e-
e10
0e
++1
1e-
1e
1e-
1e+
1e
0e
--2
1e-
1ee2
-
1e-
0e
+
1e-
.
--2
000.e
000.e
1e-
+
1ee2
++1
e10
1.2.3
1ee2
abc
1e
abc
1ee2
1.2.3
000.e
-
0e
abc
1e+
-
1ee2
1e-
000.e
1e-
0e
1e-
0e
-
e10
.
1e+
0e
0e
++1
1e+
--2
.
--2
++1
000.e
000.e
000.e
0e
abc
1e-
+
0e
--2
1.2.3
+
1e
-
+
0e
-
-
0e
1.2.3
1.2.3
000.e
+
-
1e
e10
1ee2
-
1e-
0e
-
1e-
1e
-
--2
1e
1.2.3
+
.
abc
1e-
000.e
0e
e10
000.e
1e
--2
.
1.2.3
++1
++1
1e-
0e
1.2.3
++1
-
-
1e+
1e-
-
1e
0e
.
+
1ee2
1.2.3
1e-
0e
1e
000.e
--2
0e
000.e
1ee2
abc
0e
1e
+
e10
++1
000.e
--2
1e+
1ee2
0e
e10
1ee2
1.2.3
1ee2
1e+
-
1.2.3
1.2.3
-
0e
e10
1e+
-
000.e
+
1e+
abc
1e+
e10
1.2.3
--2
--2
++1
.
1e-
1e
+
-
1e
1e
000.e
--2
1e+
++1
000.e
e10
e10
-
abc
+
000.e
1e
.
0e
--2
1ee2
1e
++1
1e-
+
abc
1e
-
.
000.e
.
.
1e-
+
.
0e
abc
--2
1e-
abc
1.2.3
.
1.2.3
--2
000.e
1ee2
000.e
1e-
+
abc
1e-
1e
000.e
-
0e
abc
+
1e
0e
000.e
+
1ee2
++1
000.e
-
abc
1e+
1e-
+
.
1e
--2
+
1e+
000.e
1e+
e10
000.e
1ee2
1e-
1e+
1e+
.
1ee2
0e
0e
e10
1e-
.
1e+
1ee2
e10
e10
000.e
0e
1.2.3
0e
1e
0e
+
000.e
.
0e
1e-
-
e10
abc
0e
-
.
++1
++1
+
+
1e-
1e+
abc
1e+
000.e
--2
-
1e+
-
1.2.3
abc
abc
1e-
1ee2
.
1ee2
e10
0e
--2
++1
+
1e+
0e
000.e
e10
abc
abc
++1
-
000.e
1ee2
0e
1e+
--2
+
1e
1e-
--2
e10
1e-
1ee2
--2
1.2.3
0e
1ee2
1.2.3
1e+
1e
e10
-
000.e
-
-
1e
000.e
1e
1e
--2
000.e
-
+
1.2.3
.
--2
1e+
1e-
+
abc
e10
abc
+
e10
1e
000.e
+
1.2.3
-
++1
1e-
+
+
-
1e-
.
e10
-
1.2.3
.
-
abc
-
+
.
--2
1e-
1e-
.
-
e10
1.2.3
1e+
-
--2
1e-
-
e10
+
1e
1e
000.e
0e
.
1ee2
0e
1e
000.e
1e-
1.2.3
000.e
1e
.
1e-
1ee2
abc
1e
e10
+
1e
+
1e+
-
++1
e10
1ee2
0e
1e-
1ee2
1e-
--2
1ee2
1ee2
e10
e10
1e
0e
++1
0e
0e
1e
-
1.2.3
--2
1e-
0e
e10
abc
e10
000.e
000.e
1ee2
000.e
1e-
e10
000.e
--2
.
1e-
1e+
1.2.3
1ee2
1e
++1
0e
+
0e
1.2.3
000.e
e10
1.2.3
0e
abc
1.2.3
++1
e10
1e+
1.2.3
1.2.3
+
--2
0e
+
e10
1ee2
e10
e10
+
--2
1ee2
1e+
abc
.
--2
1.2.3
++1
abc
+
--2
0e
0e
.
1e-
-
1e
000.e
1e+
++1
000.e
1e-
+
++1
1e+
e10
1e-
000.e
000.e
++1
1.2.3
.
000.e
1e-
.
.
1ee2
1e+
1e+
++1
-
.
-
1e-
1e+
+
000.e
-
1.2.3
-
1e+
++1
1e+
1e-
1e-
++1
+
abc
0e
0e
.
1.2.3
1e
1e-
--2
e10
0e
--2
--2
--2
e10
--2
000.e
++1
1.2.3
.
+
1.2.3
1e+
1.2.3
0e
.
1.2.3
++1
-
1e-
0e
1ee2
1e-
e10
e10
1.2.3
1.2.3
1ee2
--2
e10
1ee2
--2
1ee2
++1
++1
1e-
1e+
1e+
1e
1e-
1e+
1ee2
.
abc
1e
+
.
e10
.
++1
1.2.3
1e
1e+
-
1e
000.e
abc
000.e
e10
abc
1ee2
0e
+
--2
+
000.e
-
++1
1e+
1ee2
000.e
abc
-
1e-
--2
.
1e-
1e-
abc
++1
+
-
+
--2
000.e
-
1e+
++1
1.2.3
1e-
abc
e10
.
+
000.e
abc
1e-
1e
++1
1.2.3
++1
e10
-
--2
-
.
.
.
000.e
-
abc
0e
1ee2
+
0e
++1
abc
1e
++1
abc
abc
1e
1ee2
1e
1e-
+
000.e
+
1.2.3
1e
--2
+
1e
.
++1
+
-
abc
0e
1e+
000.e
0e
1e
.
0e
abc
-
1e+
e10
1e-
--2
1e+
+
--2
+
+
e10
--2
e10
0e
abc
-
000.e
1e+
abc
000.e
1e-
+
1.2.3
-
1e+
-
abc
1e
1e+
0e
1ee2
1.2.3
1e-
1e
++1
--2
-
.
000.e
+
++1
1e
1.2.3
e10
0e
e10
.
1e
1e+
+
1e+
-
0e
1e
1e+
1e+
.
1e+
abc
--2
1.2.3
+
1ee2
1e
+
.
--2
0e
+
e10
.
abc
--2
+
e10
1e-
1ee2
1.2.3
.
000.e
--2
1ee2
1e+
.
1e+
+
000.e
--2
1e-
++1
1e-
e10
++1
1e
1e
.
1e-
--2
.
+
.
1e
1ee2
abc
-
e10
++1
1e-
++1
e10
++1
-
1e
1e+
abc
000.e
.
-
.
1.2.3
000.e
1ee2
1e+
1.2.3
.
--2
abc
1e+
0e
1e
1e
-
0e
1ee2
1e
0e
++1
.
1.2.3
+
1ee2
++1
1e+
1e
1.2.3
1e
e10
abc
--2
1e
1e
1ee2
-
000.e
++1
abc
0e
1.2.3
1e+
1e-
abc
abc
0e
1e+
abc
--2
000.e
000.e
++1
0e
abc
1e+
--2
1e+
abc
000.e
abc
1e+
1e-
--2
1e+
--2
1e-
++1
1e
++1
++1
1e+
000.e
1.2.3
abc
++1
+
1ee2
e10
e10
1ee2
1e-
1e+
1e+
1e
1.2.3
0e
000.e
1e+
1e+
0e
1ee2
--2
.
--2
1ee2
--2
1e
1e+
1ee2
0e
--2
1e-
1.2.3
+
+
000.e
+
1ee2
0e
+
1e
e10
.
1e+
--2
-
-
0e
-
abc
-
++1
1.2.3
.
++1
1e-
1e
1.2.3
+
.
+
+
+
+
-
.
e10
abc
abc
abc
0e
.
000.e
-
+
1ee2
000.e
--2
1ee2
--2
1ee2
1e+
-
1e-
1e+
.
-
++1
abc
abc
--2
000.e
000.e
++1
+
--2
abc
.
++1
+
1.2.3
1e-
1.2.3
-
1e+
000.e
abc
000.e
abc
abc
.
1e
1e-
+
1e
1e+
abc
e10
000.e
++1
0e
000.e
000.e
1e+
+
1.2.3
e10
e10
e10
1ee2
1ee2
.
1e+
abc
1e
1e
e10
.
++1
000.e
.
++1
1ee2
.
1ee2
.
1e-
.
0e
.
-
abc
--2
0e
1.2.3
0e
abc
1.2.3
.
abc
++1
0e
++1
1e+
1e+
++1
++1
1e+
+
--2
-
1e+
-
1e
-
abc
.
1e-
--2
1ee2
1ee2
1e
e10
1e
1e
1e-
0e
0e
--2
--2
1e+
1ee2
e10
+
e10
000.e
--2
.
+
1e+
.
abc
-
000.e
1e-
+
1ee2
1ee2
1.2.3
0e
1e+
-
1ee2
--2
000.e
0e
.
abc
1e+
1.2.3
1ee2
+
0e
+
.
-
e10
--2
1e
1e
1ee2
+
1e
-
1e
e10
0e
.
1.2.3
abc
e10
abc
--2
1ee2
abc
--2
++1
1ee2
e10
+
e10
1.2.3
e10
1.2.3
++1
1e+
1ee2
1ee2
000.e
e10
--2
.
1e
0e
1e+
-
e10
0e
1e
+
1e
e10
-
1.2.3
1e-
1e-
abc
++1
1e
++1
1e-
1e+
abc
1.2.3
-
++1
0e
1e-
1e
abc
+
1ee2
000.e
+
e10
.
-
1.2.3
000.e
.
1e
1e
1e+
-
-
1e-
1e-
000.e
.
1e-
0e
-
-
000.e
1e-
000.e
.
1.2.3
+
++1
1e
e10
--2
--2
000.e
1e+
1.2.3
--2
e10
++1
0e
1e
0e
abc
--2
-
-
-
-
+
.
++1
-
e10
+
e10
abc
1e-
1e-
abc
000.e
1.2.3
1.2.3
abc
1.2.3
-
-
.
0e
e10
++1
000.e
1.2.3
+
--2
abc
--2
0e
abc
-
--2
1ee2
1ee2
000.e
1e+
++1
1e-
+
e10
-
++1
1ee2
1e+
--2
1ee2
1e+
1ee2
1e+
+
1e+
1e
e10
1e+
1ee2
1ee2
000.e
e10
1e+
1e+
+
1e
0e
-
abc
e10
.
1ee2
-
1e-
-
e10
--2
.
1e-
+
000.e
+
-
1e-
1e-
--2
1.2.3
++1
++1
++1
0e
++1
1e-
000.e
e10
--2
e10
1ee2
1.2.3
000.e
1e
1.2.3
abc
000.e
++1
0e
1ee2
abc
1.2.3
e10
1e-
abc
+
.
1.2.3
--2
0e
.
++1
000.e
000.e
++1
+
+
0e
+
++1
1.2.3
1ee2
--2
-
0e
1e-
000.e
-
+
1e+
1ee2
-
1.2.3
e10
0e
+
0e
1e
1e-
0e
000.e
1e
1e
0e
0e
-
000.e
1e-
0e
1ee2
abc
1e-
1e-
1.2.3
++1
abc
1e+
++1
+
000.e
1e-
1ee2
1ee2
+
-
.
-
000.e
1.2.3
1ee2
+
--2
++1
1e+
-
--2
.
1.2.3
.
e10
1.2.3
-
1ee2
1e-
1e
e10
e10
1e+
-
+
0e
000.e
1e+
+
1e+
000.e
++1
1e+
0e
--2
000.e
1ee2
++1
1.2.3
1ee2
+
1e-
1ee2
--2
1ee2
+
0e
++1
1e-
.
-
1ee2
1ee2
.
1ee2
0e
e10
e10
1ee2
--2
1e+
abc
000.e
1e
1e-
.
abc
.
000.e
1e-
--2
-
1ee2
.
0e
1ee2
0e
-
0e
e10
1.2.3
000.e
++1
.
abc
1ee2
0e
--2
1.2.3
0e
000.e
+
1ee2
++1
e10
1e-
-
-
1e-
1ee2
000.e
e10
-
1.2.3
.
e10
.
1ee2
1e+
abc
abc
0e
0e
.
e10
0e
--2
1e+
-
++1
.
1.2.3
++1
1e
000.e
000.e
--2
++1
++1
1e
0e
1ee2
--2
e10
.
+
.
1e+
1e+
-
1e
1e
1.2.3
1ee2
e10
000.e
1ee2
1e-
000.e
1e
abc
.
1e-
1e
1e+
++1
1e
1e+
1e
1e+
000.e
1e-
abc
-
+
--2
+
000.e
0e
0e
++1
1.2.3
000.e
--2
0e
--2
0e
1ee2
1ee2
000.e
1e+
1e-
-
abc
-
000.e
-
-
++1
-
--2
0e
0e
-
000.e
e10
--2
1.2.3
abc
1.2.3
.
1e+
1.2.3
1.2.3
1ee2
1.2.3
++1
--2
1e
000.e
.
++1
.
1e-
e10
+
1e-
000.e
1e+
++1
1e+
++1
.
e10
1.2.3
1e+
1e+
1.2.3
1e-
1e+
e10
-
abc
e10
abc
e10
--2
1e
1e
1.2.3
1e-
0e
000.e
.
-
1e-
0e
1e+
1ee2
--2
1.2.3
++1
000.e
000.e
+
abc
+
+
++1
.
+
000.e
1e-
1.2.3
+
1.2.3
0e
1e+
.
++1
000.e
1.2.3
1e+
000.e
1e
+
1e-
+
abc
-
.
000.e
1ee2
abc
abc
0e
--2
--2
1e-
--2
1ee2
1e-
-
++1
1e-
+
000.e
0e
1ee2
--2
+
+
1e+
-
1e
++1
.
1.2.3
1e-
1.2.3
+
-
1e
++1
000.e
1e
e10
000.e
000.e
++1
1ee2
0e
1e+
1ee2
e10
-
abc
000.e
000.e
1e+
abc
abc
0e
1e+
1.2.3
1e+
1e
0e
e10
1.2.3
--2
1e+
1.2.3
1e+
.
-
1ee2
1e-
--2
1ee2
-
.
++1
-
000.e
++1
++1
--2
1e-
1e-
000.e
-
.
1e+
1ee2
.
1e
1e+
e10
e10
e10
1.2.3
abc
000.e
1.2.3
1e-
e10
++1
--2
+
000.e
1e+
-
++1
1e
000.e
0e
1e
0e
--2
+
abc
e10
1ee2
1ee2
1.2.3
1e-
1.2.3
--2
1e-
+
+
1ee2
1.2.3
1ee2
1.2.3
1e-
1e+
1.2.3
1e+
.
1e
1ee2
+
++1
abc
1e-
000.e
1.2.3
1e
e10
--2
++1
+
+
--2
000.e
1e
1.2.3
1e-
1e+
1ee2
1ee2
abc
1e+
-
000.e
e10
-
++1
+
0e
+
1e-
1ee2
--2
0e
1e
1ee2
1.2.3
1.2.3
0e
1e+
+
1.2.3
.
0e
1ee2
1e
abc
.
.
1e-
+
+
000.e
000.e
--2
.
0e
1e-
e10
-
1e+
1e-
abc
1e
-
0e
.
000.e
1e-
0e
-
.
--2
abc
1.2.3
+
0e
+
abc
1ee2
--2
-
1ee2
.
e10
1e-
1ee2
1e+
abc
abc
1e
++1
--2
1.2.3
.
.
--2
+
1ee2
++1
e10
e10
abc
abc
0e
.
+
-
1.2.3
++1
1e+
000.e
1ee2
1e-
1ee2
.
000.e
-
+
1ee2
1.2.3
000.e
--2
1e+
.
e10
1ee2
e10
-
1.2.3
e10
1e
+
--2
+
abc
1e+
1e+
1e-
1e+
1e
000.e
1.2.3
--2
e10
1.2.3
--2
1e+
1e+
-
1ee2
abc
-
1ee2
e10
1ee2
e10
1ee2
000.e
1e-
1.2.3
1.2.3
000.e
1.2.3
1e
000.e
1.2.3
1e+
--2
--2
1ee2
000.e
000.e
1e+
--2
--2
1ee2
++1
abc
.
1e-
1e-
1.2.3
++1
.
0e
e10
.
1e+
--2
++1
1ee2
0e
1e
000.e
1e-
--2
1e
000.e
1e
--2
.
1.2.3
--2
-
1e+
++1
+
.
+
.
.
000.e
1.2.3
e10
1ee2
+
++1
0e
++1
-
1e-
000.e
--2
+
000.e
000.e
000.e
-
1e
-
0e
1e-
-
1e+
1e-
1e-
.
+
1.2.3
e10
e10
1e
-
--2
e10
1e
-
000.e
000.e
+
++1
1e+
0e
+
0e
1e+
-
1.2.3
1e+
--2
1e
0e
1ee2
abc
++1
-
1.2.3
+
.
0e
1e+
1.2.3
--2
1e-
000.e
e10
000.e
e10
-
000.e
1.2.3
000.e
abc
e10
1e-
+
+
1.2.3
000.e
1e+
1e-
--2
+
1e
+
1e
0e
+
e10
1e
e10
1.2.3
0e
1e+
1e+
+
--2
0e
1.2.3
1ee2
1e
++1
1e+
.
.
++1
1e
1ee2
1e+
0e
abc
1e+
--2
1e
0e
1e-
.
+
1ee2
abc
abc
.
-
000.e
1ee2
-
1ee2
abc
1.2.3
.
+
1e+
000.e
++1
.
++1
++1
-
e10
1ee2
0e
0e
1e+
-
++1
-
--2
abc
1e-
1e
abc
0e
1e+
1e
+
e10
+
1e+
abc
--2
1ee2
abc
1.2.3
+
++1
1e
-
.
1e-
0e
1ee2
1ee2
000.e
1e-
++1
e10
1e+
e10
0e
-
1.2.3
++1
-
1.2.3
abc
1e-
0e
abc
abc
++1
1e+
1.2.3
1e+
000.e
1ee2
+
1e+
abc
.
1.2.3
abc
000.e
++1
--2
1e
1ee2
-
0e
--2
.
--2
0e
1ee2
+
0e
+
1.2.3
.
1ee2
1e+
++1
-
0e
1e+
000.e
1e-
e10
e10
e10
+
.
000.e
.
1e+
+
1e-
000.e
0e
000.e
000.e
0e
000.e
abc
--2
--2
1e-
+
1.2.3
++1
e10
++1
1e-
-
1ee2
abc
++1
.
++1
1.2.3
1.2.3
1e
-
1e-
-
1e
1.2.3
1e+
++1
e10
e10
000.e
1e-
1e+
+
--2
+
1.2.3
000.e
++1
-
1ee2
000.e
.
e10
+
--2
e10
1e
1e-
e10
-
abc
e10
e10
0e
1e+
-
1.2.3
1e-
1.2.3
+
-
-
1e-
0e
1e
0e
1e+
1e-
000.e
1e+
e10
1ee2
1e+
1e
000.e
abc
e10
000.e
000.e
-
e10
-
1e-
.
e10
0e
+
1ee2
-
1.2.3
1ee2
1ee2
--2
1e
++1
1.2.3
1e
+
--2
1ee2
1e
1e-
1.2.3
.
+
000.e
abc
++1
+
1.2.3
1e+
1ee2
++1
+
1ee2
-
--2
abc
1.2.3
1ee2
1e-
++1
abc
000.e
.
--2
++1
1e+
1ee2
1e
-
+
1e+
1e+
0e
--2
.
-
1e
0e
0e
1ee2
.
-
1ee2
+
1e+
1e+
000.e
++1
.
0e
abc
-
0e
1e
1.2.3
++1
--2
1.2.3
1.2.3
-
000.e
0e
000.e
1e+
1.2.3
1e-
--2
e10
e10
1e-
--2
e10
1e
e10
1e
e10
1ee2
1.2.3
+
++1
abc
--2
e10
1e+
e10
.
++1
1ee2
1e
1ee2
-
+
++1
1e-
1.2.3
1e
++1
000.e
1e
+
+
000.e
+
+
--2
+
1e
1e+
.
++1
1e
1.2.3
e10
-
1e+
1e-
1ee2
--2
-
1ee2
000.e
e10
1e+
1e-
abc
+
e10
1.2.3
1e+
1e
++1
1ee2
-
+
000.e
1e-
1.2.3
-
+
-
--2
1e+
++1
+
1e
1.2.3
.
1e-
--2
e10
+
1.2.3
+
000.e
1e-
1e
--2
--2
++1
++1
1.2.3
0e
.
1e+
1ee2
1e
1e-
1e+
1.2.3
e10
1.2.3
e10
+
--2
1.2.3
e10
e10
e10
++1
1ee2
e10
1e-
--2
1.2.3
1e-
000.e
0e
1e+
1e+
000.e
1e+
--2
000.e
-
-
1e
1.2.3
abc
000.e
1.2.3
1e-
1e-
-
e10
1e-
.
.
--2
e10
abc
--2
abc
1e+
--2
-
.
0e
1e+
1e+
1e-
1e-
-
0e
1e
0e
--2
abc
1e
e10
1e-
e10
e10
1e+
1.2.3
e10
--2
+
.
000.e
000.e
++1
+
abc
e10
1e+
000.e
.
0e
1.2.3
-
1e+
1ee2
1e+
+
0e
0e
000.e
e10
-
.
000.e
+
1.2.3
1e+
.
000.e
++1
-
1e-
-
0e
1e+
1e+
++1
1e
+
-
000.e
0e
-
--2
1e
+
1.2.3
0e
++1
1ee2
000.e
--2
-
++1
-
e10
abc
000.e
1ee2
abc
1e-
1e-
1e+
-
1e-
+
1.2.3
--2
+
1ee2
1e+
1e-
e10
abc
++1
-
e10
1e
-
+
1e+
abc
1e-
1e
1e
.
1.2.3
1e-
1e+
+
000.e
1e-
1e-
1.2.3
-
--2
-
1.2.3
--2
-
+
+
++1
--2
--2
.
1ee2
--2
1ee2
++1
.
1e+
-
-
1e
1.2.3
0e
e10
1e
-
--2
.
abc
+
1e-
1e
1.2.3
abc
1e+
abc
1e
e10
1e-
000.e
-
++1
1ee2
--2
e10
0e
0e
.
1ee2
1ee2
++1
+
1.2.3
1e+
1.2.3
1e-
++1
0e
1.2.3
.
000.e
1e
1e+
+
1ee2
e10
++1
abc
+
--2
--2
abc
abc
e10
1e-
1e+
1ee2
1e+
-
1.2.3
e10
abc
0e
1e-
1e+
abc
1e
1e-
0e
-
1e+
1ee2
-
-
abc
e10
0e
1.2.3
.
1e-
1.2.3
-
+
1ee2
1.2.3
++1
.
0e
++1
1e-
000.e
1.2.3
1e
e10
1ee2
.
e10
-
1.2.3
1.2.3
0e
0e
1.2.3
1e+
--2
+
1.2.3
1ee2
000.e
1ee2
1e-
1e-
000.e
--2
1e-
1.2.3
1ee2
1e
e10
-
1e+
--2
1e+
1e
1ee2
1e
1ee2
1e-
1e-
1e
1e-
1.2.3
-
+
.
-
e10
++1
abc
1e
e10
+
1.2.3
++1
abc
abc
-
1ee2
++1
+
.
--2
-
e10
e10
++1
abc
1.2.3
e10
000.e
abc
abc
1ee2
0e
e10
1ee2
000.e
++1
+
1.2.3
1e
1ee2
e10
e10
1ee2
1e-
++1
1ee2
abc
1e+
e10
000.e
-
e10
1ee2
1.2.3
abc
+
1e
+
1e
++1
--2
--2
+
1ee2
1e-
.
--2
++1
1e-
1.2.3
1e
0e
e10
--2
1e
1e
e10
1ee2
1e
.
1ee2
1e
0e
1.2.3
++1
e10
1e-
+
e10
--2
000.e
-
1e
1e+
.
.
-
.
-
1e-
1e
1e+
++1
.
+
.
000.e
-
e10
1e+
e10
1e+
1e-
abc
000.e
000.e
-
++1
1.2.3
+
abc
1ee2
1.2.3
.
0e
1e+
.
0e
1ee2
1ee2
++1
.
1.2.3
0e
1e+
--2
+
0e
.
+
.
-
--2
0e
-
1.2.3
abc
1e
000.e
abc
1.2.3
--2
-
--2
1ee2
1e
000.e
++1
1e-
1.2.3
0e
-
0e
1e+
--2
--2
1.2.3
000.e
1.2.3
1e
1e+
1e+
1.2.3
1.2.3
000.e
+
1e
e10
-
1ee2
abc
1e-
+
1e+
.
.
-
--2
+
1ee2
1e-
1e
++1
1e-
--2
1e+
-
abc
1e-
1e+
.
.
1e
0e
e10
abc
0e
abc
--2
-
1e
1e+
0e
1.2.3
-
e10
--2
--2
1e-
1e
+
+
1e
.
++1
1e-
e10
1e
++1
000.e
0e
-
+
1e-
1e
1ee2
1.2.3
1.2.3
.
+
+
0e
1.2.3
1e-
1e
++1
e10
+
1e-
1e-
abc
1e
.
-
+
.
0e
-
1ee2
1ee2
1.2.3
e10
1.2.3
1.2.3
--2
-
e10
1.2.3
++1
1.2.3
000.e
1e-
.
--2
1e-
e10
.
0e
1e+
1e-
1ee2
++1
abc
1.2.3
1e+
-
1e-
e10
1e+
1.2.3
--2
1.2.3
++1
1e+
abc
0e
1.2.3
1e-
--2
++1
+
e10
1e-
.
+
e10
1.2.3
1ee2
++1
e10
1e-
000.e
1e-
000.e
1ee2
1e-
--2
1e+
1ee2
--2
+
+
1ee2
--2
abc
e10
1.2.3
1.2.3
e10
--2
abc
1.2.3
1e+
1e+
.
abc
e10
1ee2
++1
000.e
1ee2
e10
0e
1e-
1.2.3
1ee2
1ee2
--2
--2
-
+
+
.
000.e
-
e10
1e-
1e-
1ee2
1ee2
1ee2
1.2.3
e10
1ee2
1.2.3
1e
0e
1e-
1ee2
+
e10
000.e
.
-
.
.
1ee2
e10
0e
+
++1
-
000.e
abc
e10
0e
1.2.3
abc
++1
abc
1e+
1e-
000.e
abc
--2
1e-
1.2.3
++1
1e
+
+
-
-
--2
1ee2
--2
1e
1e
1e-
.
1e+
1e-
+
1e-
abc
1ee2
0e
1.2.3
+
e10
e10
--2
000.e
1e-
000.e
.
1.2.3
0e
++1
000.e
1.2.3
++1
abc
--2
.
++1
e10
1e
e10
+
+
1.2.3
1e-
000.e
1e+
-
--2
abc
0e
+
.
1e-
1ee2
1e
++1
1.2.3
1e+
0e
1ee2
1.2.3
1e
1.2.3
-
.
1e+
1e+
000.e
1.2.3
+
--2
1e+
1e
1e
+
--2
1.2.3
abc
000.e
.
e10
e10
1ee2
1e+
1.2.3
+
0e
1ee2
--2
1.2.3
e10
0e
000.e
1e-
1ee2
1ee2
++1
--2
e10
1e
.
e10
1e
--2
--2
++1
1ee2
.
e10
++1
1e+
1e+
000.e
.
1.2.3
1e+
--2
--2
++1
000.e
000.e
e10
abc
--2
e10
abc
.
-
+
000.e
e10
1.2.3
1.2.3
1e-
+
1ee2
0e
--2
++1
.
--2
1e+
e10
1e+
-
-
e10
1e+
1e+
0e
000.e
1e
+
e10
e10
e10
+
1e+
++1
000.e
1e+
1ee2
e10
1.2.3
--2
1e-
1e-
0e
e10
1e+
--2
1ee2
abc
--2
000.e
1e+
1ee2
e10
e10
0e
1.2.3
abc
1e-
-
000.e
1e-
1.2.3
1.2.3
--2
++1
1ee2
1.2.3
abc
e10
0e
-
-
++1
-
0e
++1
0e
000.e
.
-
1ee2
++1
1.2.3
1e+
0e
1e+
1e
e10
1.2.3
e10
++1
abc
1e+
1e-
.
1e-
++1
1e-
1e+
1e+
abc
++1
1.2.3
1e
0e
1e
e10
0e
++1
0e
1e+
abc
1e-
++1
--2
-
1e+
+
1e-
1e
1e-
1.2.3
1e
--2
1e-
+
abc
1e+
abc
0e
1e
.
1e-
+
0e
++1
1e-
.
e10
1e-
1e-
++1
.
1ee2
-
1e-
1e+
1e
1e+
-
--2
1e+
+
1ee2
--2
.
1e-
000.e
1ee2
0e
1e
.
--2
abc
1e-
0e
--2
1e-
e10
++1
e10
abc
000.e
0e
--2
.
++1
++1
1ee2
1.2.3
000.e
e10
-
0e
000.e
++1
1e
++1
--2
--2
1e-
1ee2
1e
.
1e+
0e
1.2.3
1ee2
.
.
.
1e+
.
1e
++1
000.e
0e
1.2.3
000.e
1e
e10
0e
--2
1e-
1e+
0e
1ee2
1ee2
e10
1.2.3
++1
e10
--2
++1
1e+
+
0e
1e
1e+
-
1e-
0e
abc
.
1e+
1e
++1
e10
1e+
0e
+
.
1ee2
1.2.3
abc
1e-
1e
+
1e-
1ee2
000.e
1ee2
-
1e
1e
abc
000.e
--2
1e-
-
1ee2
.
abc
1e+
++1
1.2.3
1e+
1e
1e+
abc
-
1e-
.
.
1.2.3
e10
1e+
1ee2
1e-
abc
1e-
1ee2
1e
1e
0e
abc
1e+
e10
000.e
1e
000.e
1e
.
1ee2
++1
-
abc
1ee2
e10
0e
1ee2
--2
e10
--2
1e
e10
.
--2
-
e10
e10
1e+
-
--2
1e-
--2
1e
1ee2
000.e
e10
1.2.3
++1
1e-
-
000.e
e10
1ee2
0e
1.2.3
+
1.2.3
1e+
+
1e
000.e
1ee2
1.2.3
+
--2
1ee2
0e
+
1e+
1.2.3
-
1e
abc
1.2.3
++1
1e
1e
--2
1e
++1
1e-
0e
--2
+
000.e
++1
-
1e-
++1
0e
1e-
000.e
.
--2
++1
1ee2
000.e
++1
0e
1e-
--2
+
0e
1e+
++1
+
1ee2
+
000.e
abc
1e
1e+
000.e
0e
0e
abc
-
-
1e
++1
e10
000.e
+
e10
000.e
1.2.3
-
1ee2
1ee2
1.2.3
1e-
abc
1e-
1e+
1e-
.
1.2.3
1ee2
1e-
abc
1e+
+
1e
000.e
.
e10
-
+
e10
1e-
1e+
000.e
e10
1e+
000.e
-
-
++1
1e
e10
abc
1ee2
1.2.3
000.e
1e-
1ee2
--2
1e+
e10
.
0e
1ee2
+
1e
e10
e10
++1
++1
1.2.3
1e
1e+
1e-
-
000.e
--2
-
--2
1.2.3
+
.
1e+
+
1e-
0e
+
1.2.3
++1
1.2.3
1e
1e-
1e+
--2
1e-
+
1e-
++1
1e+
+
000.e
--2
abc
-
1e+
.
.
++1
1e-
1.2.3
1ee2
++1
+
000.e
-
1e+
1ee2
000.e
000.e
--2
-
0e
++1
abc
1e
-
1ee2
1e-
.
1e+
e10
++1
0e
0e
.
1e+
1ee2
1e+
++1
1.2.3
1e+
e10
0e
--2
++1
1e
++1
+
abc
abc
--2
0e
000.e
+
abc
000.e
--2
1e
e10
abc
1e
e10
1.2.3
abc
--2
0e
.
1e+
0e
1.2.3
1.2.3
++1
1ee2
1e+
1ee2
abc
e10
abc
1.2.3
.
+
1.2.3
++1
++1
--2
1e+
1ee2
1ee2
abc
+
1e+
+
1e+
1e-
-
000.e
++1
1e+
000.e
0e
1e
000.e
.
++1
++1
1.2.3
000.e
+
1.2.3
1ee2
++1
1e-
abc
1e
.
++1
0e
--2
--2
+
1e-
1e+
+
e10
1e-
000.e
1.2.3
abc
1.2.3
1ee2
1e-
1.2.3
++1
.
.
0e
-
1e-
e10
0e
1e-
+
1e-
-
1.2.3
1e-
--2
abc
.
1ee2
e10
1e+
1ee2
1e+
abc
1e
1e
1.2.3
0e
+
++1
1.2.3
1e
0e
e10
abc
--2
e10
+
1e
-
0e
1.2.3
.
+
++1
1e
1.2.3
-
++1
1e-
++1
1ee2
1ee2
abc
0e
000.e
--2
abc
+
1e-
.
abc
+
1e-
1ee2
000.e
.
0e
1ee2
000.e
000.e
+
1e
1.2.3
+
1.2.3
e10
1e
000.e
1e-
1ee2
1e-
1e-
+
1e+
0e
.
000.e
-
1ee2
.
1ee2
1ee2
abc
+
1.2.3
1e-
000.e
1ee2
++1
1.2.3
--2
1e-
1ee2
.
e10
.
1e+
0e
e10
000.e
.
1e-
abc
000.e
.
++1
1.2.3
1.2.3
1e+
++1
abc
1e
1ee2
0e
--2
000.e
abc
+
0e
1ee2
.
--2
e10
000.e
e10
1e-
++1
+
1e+
.
1e-
e10
abc
+
1e
1.2.3
.
1ee2
abc
0e
1e-
000.e
0e
1e-
0e
1.2.3
1e
0e
abc
1.2.3
--2
1e
000.e
+
+
.
++1
1.2.3
e10
1e
1e
++1
+
abc
+
e10
++1
000.e
1e+
1.2.3
1e-
+
++1
1e-
abc
+
-
1ee2
++1
1ee2
1ee2
--2
000.e
1.2.3
-
+
abc
1e
--2
1ee2
1e+
abc
++1
1e
e10
.
e10
1ee2
++1
e10
--2
.
.
e10
--2
1ee2
e10
1e
1.2.3
.
1.2.3
1ee2
000.e
1e+
abc
+
1e-
1e
1.2.3
1.2.3
e10
--2
000.e
--2
0e
000.e
+
-
--2
000.e
1e
0e
1.2.3
abc
--2
--2
0e
1e+
0e
.
1e-
1e-
1e+
++1
--2
1e-
e10
.
000.e
1e
1e+
1e+
0e
++1
--2
.
-
++1
1.2.3
1ee2
++1
.
1ee2
1ee2
1.2.3
000.e
1e-
1e+
--2
1e-
000.e
1e-
.
1e-
.
1e-
++1
--2
1e-
1e-
+
000.e
1e+
1e
--2
1e
++1
1e-
1e-
.
+
--2
-
1.2.3
1e
1e
++1
+
0e
1e
+
+
--2
1e
abc
.
1e-
1e+
++1
abc
1e-
1.2.3
1e-
1e-
1ee2
1e
1e+
abc
-
+
1e+
.
1e+
0e
e10
--2
--2
++1
.
000.e
1e
--2
000.e
+
abc
0e
0e
-
+
1e+
abc
1e-
1e-
-
1e+
1.2.3
1e+
0e
000.e
.
.
--2
1e+
000.e
abc
0e
1ee2
1e
1e-
+
1ee2
.
1ee2
-
1e+
abc
+
1ee2
abc
1e
++1
1ee2
+
abc
1ee2
0e
1ee2
--2
++1
1.2.3
1.2.3
--2
1.2.3
e10
1ee2
0e
1e
1.2.3
+
1.2.3
0e
0e
0e
++1
.
abc
000.e
+
e10
000.e
abc
0e
1e-
e10
000.e
1ee2
e10
1e
1.2.3
1e+
1e-
e10
1ee2
0e
++1
+
1e+
--2
1ee2
+
000.e
abc
abc
1e+
1e
+
abc
abc
1e
1e+
++1
1e+
--2
-
1.2.3
1e
e10
e10
0e
1e+
000.e
--2
1e
1e-
.
-
1ee2
1e
.
--2
--2
e10
e10
1.2.3
000.e
1e-
--2
e10
--2
1ee2
+
1e+
--2
1e
++1
1ee2
1e
-
0e
1e-
0e
++1
--2
1ee2
0e
000.e
e10
+
--2
+
1.2.3
000.e
.
000.e
000.e
+
0e
1e-
e10
000.e
1e
1e+
1e-
++1
1.2.3
-
-
1e-
--2
.
1e
1.2.3
1e
1e
1e+
1e+
1ee2
.
0e
.
000.e
0e
1.2.3
0e
1.2.3
+
1.2.3
000.e
.
1e
-
1e-
++1
0e
+
1e-
abc
--2
1e
1e-
+
+
1ee2
1e
+
-
.
000.e
e10
++1
1e+
+
000.e
1ee2
-
+
1e+
-
1e
0e
.
+
000.e
0e
e10
1e
1.2.3
abc
++1
+
e10
0e
1ee2
+
1e
e10
+
1e+
+
.
1ee2
abc
1ee2
-
-
000.e
1ee2
e10
1e+
--2
1.2.3
abc
+
1e
+
++1
.
+
.
abc
--2
000.e
+
abc
1e
1.2.3
1e+
+
1e
1e+
1e+
1.2.3
1e-
1ee2
++1
abc
1ee2
1.2.3
1ee2
-
1ee2
+
e10
1e-
1ee2
++1
+
--2
1ee2
e10
--2
1e-
+
-
e10
1e+
1e
e10
1e-
-
1e+
.
1e+
+
1e
+
--2
1e
+
1e-
1.2.3
0e
.
0e
+
0e
1.2.3
--2
e10
--2
1e
-
++1
++1
1e+
--2
--2
0e
+
000.e
1e+
1.2.3
1e+
++1
1e-
++1
000.e
e10
--2
1.2.3
-
e10
--2
abc
000.e
000.e
-
1.2.3
.
1e+
1e
0e
--2
--2
++1
1e-
1e+
000.e
.
1e-
-
abc
--2
++1
1e+
e10
1ee2
1.2.3
abc
++1
.
--2
abc
+
000.e
1e+
.
-
.
e10
1e+
1ee2
--2
e10
e10
abc
abc
e10
abc
++1
1ee2
-
0e
0e
+
++1
0e
+
-
--2
++1
0e
.
1ee2
e10
1.2.3
1e-
1e+
--2
++1
1e-
+
.
-
e10
abc
abc
e10
abc
++1
1e+
e10
1e
1e+
1e
1e-
--2
1.2.3
--2
.
e10
1e
.
.
1ee2
.
.
e10
abc
--2
1e
e10
+
1ee2
abc
--2
1e+
++1
abc
1.2.3
-
1ee2
1.2.3
1e
1.2.3
1e
e10
++1
++1
1ee2
.
+
abc
1.2.3
1e-
-
e10
abc
1ee2
1e-
000.e
+
1.2.3
0e
--2
+
1.2.3
+
++1
1ee2
+
+
000.e
1e+
abc
-
++1
1.2.3
.
1ee2
1e-
1e-
+
++1
abc
1e+
1.2.3
++1
1e+
abc
--2
1.2.3
-
0e
1ee2
--2
1e-
1e-
1e+
++1
1e+
1e-
1.2.3
abc
000.e
1ee2
1e
1ee2
abc
1ee2
++1
1e
1e+
1e-
1ee2
++1
-
1e
1ee2
1.2.3
+
000.e
1e
1e
1e-
++1
1e-
-
--2
+
1e+
1e
0e
+
000.e
--2
abc
0e
.
-
+
.
.
--2
-
+
1e+
abc
1e
.
-
+
1e-
1e
000.e
1.2.3
1e-
1.2.3
1e
.
abc
-
1e+
1e+
+
1e
e10
+
1e-
-
+
--2
-
-
000.e
abc
abc
+
1e
--2
++1
1e+
000.e
++1
1e+
1.2.3
--2
1ee2
1.2.3
1.2.3
1ee2
1ee2
++1
1.2.3
abc
1e-
000.e
e10
0e
--2
1ee2
.
1.2.3
000.e
+
1.2.3
1e-
--2
1e
abc
1.2.3
0e
0e
0e
--2
1e-
++1
0e
000.e
1.2.3
1e
++1
1ee2
1e
0e
1e+
abc
-
abc
1e
.
+
1ee2
--2
++1
.
-
000.e
1.2.3
++1
1e
1.2.3
0e
0e
1e+
--2
1.2.3
1ee2
1e
1e
1e
--2
0e
-
++1
-
abc
--2
1e
1.2.3
++1
.
000.e
1.2.3
1e-
e10
1e
1e
1.2.3
1e-
1ee2
1e-
1ee2
1.2.3
--2
++1
.
0e
e10
1e+
1e
--2
000.e
1e-
--2
1e
1ee2
1e
--2
.
1.2.3
abc
1.2.3
abc
.
-
abc
-
1ee2
1ee2
1e
1.2.3
++1
-
abc
000.e
1.2.3
abc
--2
1e-
-
abc
1ee2
0e
+
000.e
++1
+
0e
.
+
-
--2
1e+
1ee2
1e+
abc
1.2.3
000.e
abc
.
e10
--2
1e-
1e+
--2
1e+
abc
abc
0e
1e-
0e
.
1ee2
abc
1e+
1.2.3
--2
.
+
0e
abc
++1
--2
1ee2
1e
--2
+
000.e
1e-
1e
1e+
abc
1e+
.
--2
1e-
-
1ee2
+
1.2.3
+
1e+
0e
0e
0e
1.2.3
1ee2
abc
1e
1.2.3
1.2.3
.
1e+
1ee2
0e
1e
1ee2
++1
1e-
1e+
++1
abc
e10
0e
abc
+
1e
abc
++1
1e-
+
+
.
abc
1.2.3
1.2.3
000.e
1ee2
--2
1e
1e+
000.e
1.2.3
abc
e10
+
-
1e-
.
1e-
e10
++1
e10
.
.
-
--2
000.e
1e+
1.2.3
1e-
abc
000.e
1.2.3
1e-
1e-
.
1e+
.
+
1e+
++1
e10
1ee2
+
+
1e-
--2
1e+
1.2.3
+
0e
1ee2
1e+
1ee2
.
abc
1ee2
1e
0e
0e
000.e
1e
0e
000.e
1.2.3
.
1e
0e
e10
1.2.3
e10
.
1e-
-
++1
.
.
-
.
++1
e10
e10
-
abc
1.2.3
1e+
++1
1e+
e10
++1
.
.
000.e
+
++1
--2
++1
e10
000.e
--2
--2
+
+
abc
abc
e10
0e
1e
0e
--2
--2
1ee2
abc
000.e
1e
--2
abc
1e+
1ee2
1e
-
-
.
1e+
.
+
+
1ee2
1.2.3
1ee2
0e
1e
1e-
1e-
.
+
000.e
000.e
000.e
abc
.
1e+
1e+
0e
000.e
1.2.3
1e
1ee2
000.e
--2
e10
1e-
1e+
000.e
--2
1.2.3
1.2.3
1.2.3
e10
abc
.
+
.
.
1e-
abc
-
1ee2
e10
1e+
abc
--2
1.2.3
--2
e10
1e
e10
e10
--2
000.e
0e
.
-
1ee2
++1
0e
.
+
1.2.3
1e+
0e
1ee2
000.e
.
-
.
.
1e-
-
--2
abc
1.2.3
000.e
000.e
.
1.2.3
--2
1e-
1e
+
1e-
000.e
+
1e+
.
e10
-
--2
-
e10
1e-
+
--2
0e
1e-
abc
1e-
abc
0e
++1
--2
1e-
1e-
e10
-
1.2.3
.
+
-
000.e
1e-
++1
0e
1e-
++1
abc
--2
0e
1e
++1
1.2.3
1e+
0e
-
e10
0e
abc
+
0e
1.2.3
e10
++1
1ee2
1.2.3
-
1e-
1e-
-
000.e
e10
1.2.3
e10
1e-
000.e
1.2.3
e10
1ee2
1ee2
-
1e-
.
.
++1
1e-
1e
+
000.e
e10
1e
.
1e+
--2
.
1e
-
0e
1e
abc
1ee2
1ee2
--2
e10
-
1e
e10
1ee2
++1
++1
-
1.2.3
+
1ee2
++1
0e
--2
1e
++1
000.e
0e
--2
++1
e10
abc
.
1e+
1e
1e-
e10
1e+
+
+
1e-
.
0e
abc
-
0e
-
--2
-
1.2.3
1e-
++1
1e+
1.2.3
+
.
--2
1e+
0e
.
0e
1e
abc
000.e
1e-
1e-
1ee2
1e-
abc
1ee2
++1
1ee2
.
1ee2
+
.
1e
-
1e+
+
++1
.
000.e
1e+
0e
000.e
000.e
.
1e-
--2
1e
.
1e+
1.2.3
-
1e+
--2
-
0e
.
1e
0e
1e
1ee2
1.2.3
1ee2
++1
1e+
.
000.e
1e
e10
1e-
1e+
.
--2
1.2.3
0e
.
1e
1.2.3
1.2.3
1e
000.e
+
1e+
.
0e
1e-
000.e
abc
000.e
0e
1e-
1e-
1e
1ee2
1e+
1ee2
++1
1e+
000.e
1e+
+
1ee2
.
++1
e10
e10
.
1ee2
000.e
1ee2
000.e
1.2.3
++1
1e+
1e-
e10
abc
1e-
1e
000.e
abc
1e+
1e+
+
+
1ee2
1e+
.
1e
--2
1e
0e
1e
1e-
000.e
e10
1ee2
0e
1e-
e10
0e
1e+
++1
000.e
1e
.
000.e
.
--2
abc
++1
1e+
1e+
1.2.3
--2
1e-
1.2.3
+
1e-
-
1e
-
1e+
.
++1
+
000.e
abc
.
+
1ee2
1e
abc
0e
.
-
+
e10
1e
+
e10
e10
1e
.
++1
e10
1e-
0e
000.e
+
++1
++1
1ee2
--2
+
e10
000.e
1ee2
++1
1e
1e-
--2
-
--2
-
e10
1e
1ee2
.
0e
0e
1e+
1e+
0e
e10
--2
+
--2
-
-
--2
1.2.3
1e
.
1e
1ee2
000.e
+
1e+
.
--2
++1
.
1e-
1e
1e
1e+
000.e
++1
-
.
1e-
-
1.2.3
++1
1e-
-
e10
+
000.e
0e
1ee2
++1
.
-
-
.
-
1.2.3
1ee2
abc
++1
-
abc
abc
1e-
abc
1ee2
-
-
.
-
000.e
1e
.
1.2.3
1e-
++1
1e-
1e-
abc
1e
1.2.3
++1
-
1e-
abc
1e+
abc
.
-
e10
0e
+
--2
000.e
--2
++1
-
000.e
1e+
.
-
-
000.e
1e-
1.2.3
1e+
e10
abc
e10
1ee2
1e+
1e+
++1
-
-
-
e10
1e-
e10
--2
++1
1e+
+
0e
-
1ee2
e10
000.e
1e-
0e
1ee2
-
1.2.3
++1
0e
-
+
--2
1e
1e+
1ee2
1e-
1e
++1
1ee2
e10
1e
000.e
1ee2
0e
e10
0e
000.e
abc
1e+
--2
-
1ee2
1e-
0e
.
1e
+
.
1e
.
++1
1ee2
1ee2
1e
0e
e10
0e
e10
1ee2
1.2.3
1ee2
1e
1e+
1e-
abc
-
++1
1e+
--2
-
abc
1e+
1ee2
e10
++1
1.2.3
1.2.3
e10
abc
1e
1ee2
1e
+
++1
-
--2
1.2.3
.
1e-
1e-
+
abc
1ee2
++1
abc
000.e
1e+
.
.
+
abc
1e
1e+
-
-
1.2.3
0e
1e-
1ee2
--2
.
+
e10
1.2.3
+
1e
.
1ee2
e10
++1
1.2.3
e10
1e+
.
1e-
0e
0e
--2
0e
1.2.3
abc
.
1ee2
+
000.e
1.2.3
abc
000.e
1.2.3
1e-
000.e
1e
0e
-
--2
1e
1ee2
--2
1ee2
abc
000.e
-
++1
1e
1e-
0e
1ee2
abc
1e-
1e-
--2
1e-
1e+
.
0e
+
1e
000.e
abc
--2
-
.
e10
000.e
1e-
--2
++1
1.2.3
0e
000.e
1.2.3
0e
e10
1e-
.
1ee2
.
1.2.3
1e
1e
1e
1e-
-
e10
e10
1e
1ee2
0e
--2
1e+
e10
-
abc
1e-
1e-
e10
1ee2
abc
1ee2
1ee2
+
+
+
e10
000.e
++1
1e
0e
+
1e-
1.2.3
-
1e+
000.e
1e+
abc
e10
1ee2
abc
-
1e-
abc
abc
++1
abc
+
1e-
1ee2
--2
--2
-
1e-
1e+
abc
1e
abc
++1
--2
1e-
abc
abc
.
1e+
000.e
.
++1
e10
.
e10
0e
1ee2
1.2.3
++1
.
--2
+
000.e
1e
1e-
++1
abc
abc
1e-
1e
--2
1ee2
+
--2
1.2.3
abc
+
+
+
1.2.3
1.2.3
0e
000.e
0e
--2
.
1ee2
--2
1e-
-
1e
abc
+
0e
0e
abc
1e-
1e+
1e
+
-
1e-
--2
++1
-
++1
++1
1ee2
1e-
--2
--2
1ee2
1e+
-
1e+
+
abc
1e-
1e+
e10
1e+
1ee2
1ee2
1e+
1ee2
-
--2
--2
0e
.
e10
++1
e10
1e+
+
++1
1e
0e
--2
1ee2
+
++1
abc
++1
-
+
0e
0e
++1
1e
abc
e10
1e+
0e
--2
000.e
-
++1
1e+
1ee2
abc
.
1ee2
+
-
-
000.e
abc
abc
abc
1ee2
--2
1e-
.
1e+
1e
1ee2
e10
++1
1.2.3
e10
1e-
1e-
1e
-
0e
1ee2
1e+
-
--2
-
abc
.
1.2.3
1ee2
1ee2
-
+
e10
1e-
-
+
--2
1ee2
--2
++1
e10
0e
1.2.3
e10
1e+
-
abc
1.2.3
1e-
1.2.3
abc
1e-
abc
0e
.
--2
+
abc
1.2.3
-
++1
.
++1
++1
0e
1ee2
++1
1e
1e
1ee2
000.e
1e+
000.e
e10
0e
--2
000.e
0e
0e
1.2.3
.
abc
e10
1e+
000.e
e10
.
-
e10
abc
1.2.3
0e
1e
1e-
.
--2
++1
1e-
1.2.3
-
1ee2
+
1.2.3
.
1.2.3
0e
1e+
0e
abc
000.e
1.2.3
1e
1ee2
0e
1e
1.2.3
--2
--2
000.e
0e
1e+
++1
000.e
++1
1.2.3
--2
-
000.e
--2
++1
1e-
1e-
1e
1e
1ee2
+
1.2.3
++1
1.2.3
1.2.3
+
e10
0e
++1
1e+
1ee2
--2
e10
1ee2
e10
1ee2
1e
++1
1e+
-
e10
000.e
--2
.
1.2.3
-
1e-
1ee2
--2
.
1.2.3
--2
1.2.3
1e-
e10
1.2.3
.
1e-
.
1e+
++1
-
1e-
1e+
1ee2
1.2.3
1e-
1e-
+
0e
1.2.3
1ee2
abc
.
1.2.3
000.e
-
e10
e10
+
1ee2
abc
1e
e10
1e-
000.e
e10
1e
1ee2
--2
1e
1e+
-
1e-
1e-
1.2.3
1e-
e10
.
1e+
-
000.e
0e
0e
e10
1e+
1ee2
++1
-
+
1e
-
.
1e
000.e
+
.
+
000.e
1e
++1
-
+
000.e
1e-
1e
--2
1ee2
1e
e10
000.e
0e
0e
-
0e
1e
0e
1e
000.e
e10
.
0e
+
abc
1e
e10
-
1ee2
.
1e+
++1
1ee2
+
.
.
-
0e
-
1e
1e-
++1
-
e10
000.e
000.e
abc
-
++1
+
-
1e
.
abc
++1
0e
-
e10
000.e
e10
abc
1ee2
1e-
.
--2
-
abc
--2
abc
1e+
1ee2
.
abc
1e-
1e+
1ee2
.
000.e
1.2.3
1e
.
+
+
1.2.3
1e
1e-
++1
1ee2
e10
000.e
-
1e
0e
.
.
-
e10
1e
0e
1e+
1.2.3
.
-
1ee2
-
+
1e+
.
1e+
0e
e10
000.e
1ee2
1ee2
++1
000.e
1ee2
++1
abc
e10
000.e
--2
abc
+
++1
1e+
-
+
1e+
++1
000.e
1e
1e-
1ee2
abc
1e-
++1
++1
000.e
1e+
+
abc
.
--2
.
1.2.3
1e+
1ee2
--2
1e-
abc
.
e10
++1
1ee2
1e-
0e
1e-
.
-
1e+
+
1ee2
1e+
1ee2
abc
e10
1e+
abc
abc
-
.
+
++1
++1
abc
1.2.3
-
abc
0e
++1
000.e
1e+
-
abc
000.e
-
abc
1ee2
1e
++1
-
abc
1.2.3
abc
1.2.3
abc
1e+
0e
-
0e
.
0e
1e
.
e10
000.e
abc
--2
1e-
000.e
+
1e+
++1
-
1e+
0e
1e-
+
1.2.3
1ee2
000.e
e10
1e-
0e
.
1e-
0e
0e
++1
0e
0e
.
abc
1e
.
.
-
--2
1e-
+
1e
000.e
1ee2
1.2.3
000.e
1ee2
1ee2
1e-
abc
.
1ee2
1e+
0e
1e+
1.2.3
--2
1.2.3
1e-
e10
+
e10
1e
0e
+
1.2.3
.
1ee2
++1
1e
abc
1ee2
1e+
-
0e
--2
1e+
--2
+
000.e
e10
++1
1e
1e
-
--2
--2
1ee2
1.2.3
e10
1e
+
.
1e
abc
1e-
0e
++1
1e
+
1.2.3
+
--2
000.e
-
abc
1.2.3
1ee2
-
.
-
+
.
.
1.2.3
1.2.3
.
1e+
++1
.
++1
abc
1.2.3
0e
abc
1.2.3
0e
abc
1ee2
++1
.
--2
abc
1e-
+
-
e10
.
1e+
000.e
+
1e+
000.e
1ee2
+
1e-
000.e
-
e10
+
--2
000.e
+
-
1e
1e
abc
-
1ee2
1e
+
1.2.3
000.e
--2
--2
abc
--2
1ee2
000.e
1ee2
1.2.3
.
e10
000.e
000.e
1e+
abc
1.2.3
0e
000.e
1e+
abc
1.2.3
1e-
abc
+
1ee2
1e+
.
abc
+
1e
.
abc
1e-
+
--2
1.2.3
1e-
++1
.
-
e10
1e
.
+
e10
-
1ee2
1e-
1e-
--2
-
++1
-
1e
--2
-
++1
+
0e
-
+
0e
000.e
1ee2
0e
.
e10
--2
0e
1ee2
1e-
1ee2
--2
1e-
.
++1
++1
e10
.
1ee2
1e-
1e-
1.2.3
-
1.2.3
1.2.3
000.e
abc
1e
abc
1e
+
1e+
++1
0e
.
000.e
1e+
+
1.2.3
++1
1.2.3
-
+
-
1e
abc
1e-
++1
abc
1.2.3
1.2.3
1.2.3
+
0e
+
1e-
.
1e
e10
1e-
e10
1ee2
+
abc
+
.
-
e10
1ee2
abc
0e
++1
0e
e10
1e+
0e
1e-
--2
e10
.
1e+
+
1.2.3
1e
000.e
1ee2
e10
1ee2
1e-
e10
e10
1e+
1e
1.2.3
0e
1ee2
.
++1
1.2.3
e10
+
--2
1.2.3
000.e
1ee2
-
-
++1
+
+
1ee2
000.e
-
.
+
++1
+
abc
000.e
+
+
000.e
1e
1ee2
++1
-
+
1e-
1e-
1e
abc
1e-
.
1e+
000.e
0e
+
1.2.3
-
e10
0e
0e
e10
1e
000.e
-
.
-
e10
-
+
1ee2
1e
1e-
+
1.2.3
++1
+
000.e
1e+
0e
1.2.3
1.2.3
0e
1.2.3
0e
1ee2
--2
abc
1ee2
1e
1.2.3
000.e
000.e
1e+
1e
++1
000.e
1e-
1.2.3
000.e
abc
1ee2
1ee2
1e-
e10
abc
+
-
--2
1ee2
1.2.3
1e+
e10
1ee2
-
000.e
e10
1e-
-
e10
--2
abc
.
1.2.3
1e-
+
++1
++1
000.e
1.2.3
0e
1e
.
++1
1e+
abc
1.2.3
1e+
+
--2
1.2.3
.
abc
++1
.
abc
1e
+
000.e
000.e
0e
000.e
+
1e-
+
1e-
+
abc
+
-
.
000.e
e10
0e
.
e10
1e
1.2.3
-
++1
++1
e10
1e
0e
e10
1.2.3
1e-
1ee2
1e+
++1
-
++1
1e-
--2
1ee2
-
1e
e10
+
1e-
-
0e
+
abc
1e+
--2
abc
e10
000.e
1e
1.2.3
abc
.
.
+
1.2.3
abc
abc
1ee2
e10
1.2.3
1e-
1.2.3
abc
000.e
1e
0e
000.e
-
++1
abc
1e+
--2
e10
0e
+
1ee2
-
0e
.
0e
0e
-
.
-
1e+
.
.
abc
000.e
1e+
e10
abc
++1
1e
1e-
1e+
1e+
1ee2
++1
--2
1e-
1e
++1
000.e
1ee2
.
1e+
+
1e-
e10
1e-
0e
+
1e+
1.2.3
1ee2
1e+
-
abc
1e
-
1e-
1ee2
abc
1e+
1ee2
++1
++1
1e-
0e
1.2.3
000.e
1ee2
1e-
000.e
abc
+
--2
abc
1.2.3
1.2.3
e10
--2
1ee2
++1
e10
abc
abc
.
e10
abc
--2
+
1.2.3
000.e
.
abc
.
1e
--2
e10
1e-
1e
e10
1e-
e10
1.2.3
abc
1ee2
1e
-
e10
.
+
--2
0e
e10
+
+
0e
0e
.
1ee2
1.2.3
1e
1ee2
1.2.3
e10
1ee2
1.2.3
+
abc
0e
abc
1e-
0e
e10
000.e
1.2.3
++1
e10
1ee2
-
+
--2
abc
1e
000.e
1.2.3
1ee2
1e
1.2.3
++1
1e+
1e-
1e-
-
1.2.3
-
--2
1e-
1ee2
++1
+
++1
+
1e+
1.2.3
000.e
++1
--2
1ee2
++1
0e
--2
1e
1.2.3
1ee2
0e
1.2.3
.
1e
1.2.3
0e
0e
++1
1ee2
1e
000.e
--2
++1
1e
abc
000.e
abc
1ee2
abc
-
1.2.3
abc
1e-
e10
.
+
1e
--2
1e
+
1.2.3
0e
1.2.3
--2
-
.
1.2.3
1ee2
0e
1e+
--2
.
++1
+
0e
1.2.3
-
0e
e10
1e+
-
000.e
+
++1
-
1.2.3
-
1e
--2
1.2.3
1e
abc
1ee2
e10
000.e
1e+
1ee2
1e
0e
1e
e10
abc
.
1.2.3
1e
-
1e
--2
1e-
0e
1ee2
1.2.3
++1
-
e10
--2
abc
1.2.3
.
1e+
.
1ee2
++1
.
e10
-
.
000.e
1ee2
--2
+
e10
1.2.3
-
-
1e
0e
++1
++1
1.2.3
1e+
e10
1e
.
.
1ee2
+
1.2.3
1e+
+
-
0e
++1
--2
000.e
--2
-
-
1e
1e+
e10
1e
.
--2
-
1.2.3
-
000.e
--2
+
1ee2
1e-
1e
0e
e10
+
++1
0e
abc
1e-
1.2.3
1.2.3
1.2.3
-
000.e
1e
1e-
e10
--2
1.2.3
+
1e
++1
+
-
1e+
1e+
1e
000.e
1e+
1ee2
+
0e
1e
++1
++1
1e+
1.2.3
++1
--2
1e-
abc
--2
abc
e10
1.2.3
1e+
0e
1.2.3
++1
+
1.2.3
000.e
1e-
1e
0e
000.e
1ee2
1e
-
000.e
e10
0e
1ee2
1.2.3
-
+
1.2.3
1e
000.e
1e
+
+
1e-
1.2.3
0e
+
1e
+
1e
1.2.3
1.2.3
1e+
-
0e
000.e
1.2.3
e10
++1
1e
1e
1ee2
abc
1e-
--2
.
1ee2
1e
++1
e10
e10
1.2.3
1e+
1e+
.
.
1e-
abc
e10
1ee2
+
0e
e10
e10
000.e
000.e
000.e
e10
-
++1
1e-
abc
e10
abc
--2
-
++1
0e
--2
++1
1e-
++1
1ee2
abc
.
0e
.
1e-
e10
1ee2
++1
e10
.
+
+
1e+
1ee2
-
++1
--2
++1
1.2.3
1ee2
-
abc
1e-
0e
1e+
1e+
1ee2
1ee2
1e
-
.
1e
1.2.3
.
-
1ee2
0e
1e
1e
1ee2
e10
++1
000.e
1e-
-
e10
e10
e10
e10
000.e
abc
-
++1
-
1e-
0e
-
--2
1.2.3
1e+
0e
1e+
++1
.
--2
1e
000.e
+
e10
1e
--2
1e-
+
1e-
1e+
1.2.3
++1
1ee2
1e-
+
000.e
1e+
1e+
-
000.e
-
1e
1e-
e10
.
++1
+
e10
--2
abc
.
++1
+
000.e
1e-
.
e10
0e
000.e
++1
--2
.
000.e
1e-
1e+
0e
1e-
1e+
1e+
1e
1ee2
.
1.2.3
-
-
1ee2
-
0e
000.e
e10
000.e
1e
.
1e+
1e
000.e
1e
0e
abc
1.2.3
e10
1ee2
1e+
e10
1ee2
1.2.3
1e+
1e-
000.e
1e
1ee2
+
1e+
1e+
0e
0e
1.2.3
--2
1ee2
1.2.3
000.e
--2
000.e
1e+
0e
abc
-
++1
0e
0e
+
-
000.e
++1
e10
1e+
1e-
1e
1.2.3
abc
--2
++1
000.e
1e-
-
--2
e10
1e-
--2
e10
-
1ee2
e10
1e+
-
.
1.2.3
e10
1.2.3
.
0e
1e+
abc
0e
0e
+
000.e
1e
abc
+
++1
1e
++1
--2
1.2.3
--2
0e
-
abc
.
1ee2
0e
1ee2
.
abc
e10
++1
1e
--2
+
-
-
++1
1e+
-
-
000.e
1e+
1e
.
1e-
--2
000.e
1e-
.
--2
1e+
+
0e
.
+
1e-
--2
-
000.e
e10
.
abc
1e-
++1
000.e
-
1ee2
000.e
e10
-
1.2.3
1e+
+
1e
+
++1
1ee2
.
--2
.
abc
--2
abc
-
1e
.
-
0e
abc
abc
1.2.3
+
+
abc
-
1.2.3
0e
000.e
0e
000.e
--2
000.e
1.2.3
1e
+
1e-
+
1e
abc
1e
++1
+
abc
--2
0e
1e-
1ee2
000.e
++1
1e+
-
+
1e
1e
1e
1e+
-
0e
1ee2
-
--2
--2
1e-
1e
.
1ee2
1e+
++1
.
abc
1e-
1e-
1e
0e
0e
1e+
1e-
1ee2
1e-
000.e
-
.
.
1e+
-
1e
--2
0e
abc
0e
1.2.3
-
1e+
abc
1ee2
1.2.3
1e
++1
1e-
1e+
0e
abc
--2
0e
0e
++1
0e
1e-
0e
--2
0e
1.2.3
+
1e
000.e
--2
1e+
000.e
000.e
1ee2
--2
++1
++1
--2
1ee2
-
000.e
1e
--2
.
-
abc
0e
--2
abc
+
e10
abc
--2
0e
e10
++1
1e
e10
-
000.e
++1
e10
abc
1e+
000.e
1e
1ee2
++1
000.e
000.e
1e-
1ee2
1ee2
1ee2
1e
.
1e
1.2.3
1.2.3
1ee2
e10
++1
1ee2
000.e
1.2.3
+
1e-
1ee2
1e-
1e+
000.e
1e-
000.e
1ee2
0e
.
000.e
1e-
e10
000.e
0e
1ee2
1e-
-
.
000.e
1e
1.2.3
1e
1ee2
abc
e10
e10
000.e
-
1.2.3
abc
1.2.3
abc
1.2.3
1ee2
e10
1e-
1e-
0e
1e-
1ee2
1.2.3
++1
0e
.
1e-
--2
e10
-
1e
--2
.
e10
0e
-
e10
000.e
000.e
1e
0e
1e+
1e+
1e
++1
1e
+
000.e
e10
0e
000.e
1e-
++1
--2
+
1ee2
e10
--2
0e
+
1e-
0e
--2
++1
1e
000.e
abc
1e+
1e+
1.2.3
--2
.
-
e10
0e
1.2.3
.
0e
abc
--2
1e
1ee2
1e-
1e
-
000.e
+
abc
abc
0e
abc
000.e
e10
1.2.3
1ee2
1e-
abc
e10
1.2.3
1e-
000.e
000.e
+
+
.
--2
000.e
1.2.3
-
+
--2
++1
1e+
-
1.2.3
000.e
e10
+
--2
.
1e
1e+
1e
+
--2
++1
000.e
--2
++1
1ee2
++1
000.e
000.e
1e
--2
1ee2
1e+
++1
000.e
.
1e-
0e
-
++1
+
1e-
abc
-
1e+
1ee2
0e
+
++1
1.2.3
1ee2
--2
e10
.
1e
1e+
1.2.3
000.e
-
0e
1e-
0e
1ee2
e10
e10
1ee2
1e-
abc
.
1e+
.
--2
++1
--2
000.e
e10
000.e
0e
++1
.
000.e
++1
++1
.
--2
.
1e+
abc
1e
.
0e
--2
-
-
1e-
.
1e+
+
+
1ee2
-
.
0e
+
000.e
.
e10
1e-
1e-
0e
1ee2
1e-
1.2.3
++1
1e
1e
1e
-
abc
1e+
abc
-
000.e
1e
1e
1ee2
1ee2
--2
++1
000.e
abc
e10
.
1e+
1e-
1e
1e+
++1
--2
1e+
1ee2
1ee2
.
++1
-
+
1.2.3
000.e
--2
++1
000.e
+
1e
abc
abc
--2
e10
+
e10
e10
0e
0e
abc
+
1ee2
.
000.e
+
-
-
++1
1e
e10
000.e
1ee2
1e+
+
0e
1.2.3
+
.
0e
-
1e+
.
1e
-
-
.
++1
-
1e-
000.e
1ee2
e10
1e+
0e
++1
1ee2
000.e
1e-
-
.
abc
1e-
++1
-
000.e
1.2.3
++1
1e-
1e+
1e+
.
++1
-
++1
000.e
e10
000.e
++1
000.e
000.e
-
-
abc
0e
1e
1e+
0e
.
1e-
++1
0e
000.e
+
++1
1e
++1
1ee2
1ee2
1ee2
+
1.2.3
000.e
1.2.3
-
1e
1ee2
--2
1ee2
000.e
1e-
-
.
.
1ee2
0e
--2
0e
1e
1e-
1.2.3
--2
e10
1ee2
++1
-
1e
+
abc
+
1e+
1.2.3
0e
1e+
.
1e
e10
1e+
1.2.3
1e-
--2
++1
1e+
1ee2
--2
1.2.3
--2
1ee2
1ee2
.
-
+
1ee2
1e+
1e-
.
e10
--2
1ee2
+
.
++1
1e
000.e
++1
-
++1
e10
1e+
1ee2
e10
abc
1e
1e-
abc
1e+
e10
0e
abc
+
000.e
1ee2
000.e
000.e
1ee2
000.e
--2
1.2.3
-
0e
.
0e
abc
0e
1e+
e10
+
--2
e10
1ee2
++1
1e-
1e+
0e
1e-
--2
1ee2
1e-
--2
abc
.
1ee2
e10
-
1e+
e10
1e-
1e
abc
--2
1e-
1e
+
abc
1e-
000.e
1.2.3
0e
1e
1e+
--2
1e
0e
--2
1e-
++1
e10
e10
1ee2
1ee2
1.2.3
--2
000.e
-
-
e10
1.2.3
1e
0e
.
++1
++1
abc
1ee2
--2
++1
abc
1e+
1ee2
1e+
--2
1e
abc
1e+
.
.
1e+
000.e
1e
abc
e10
.
+
++1
1e+
1e+
1e-
--2
.
+
abc
.
1e
1e
-
1e+
e10
0e
--2
-
.
++1
+
1ee2
e10
++1
e10
1e
1ee2
000.e
1.2.3
1e+
1e+
0e
1ee2
1.2.3
000.e
1e-
e10
++1
1e+
1ee2
++1
0e
0e
e10
0e
000.e
+
1e-
abc
++1
e10
abc
0e
--2
1ee2
+
-
abc
++1
--2
1.2.3
1e+
+
abc
1e-
0e
-
1.2.3
++1
0e
e10
+
1e+
1ee2
--2
0e
--2
1.2.3
+
1.2.3
0e
abc
1.2.3
e10
1e
1e
000.e
1e-
1e+
-
1e-
++1
.
abc
1.2.3
1e+
1e+
--2
e10
--2
+
0e
abc
e10
++1
1.2.3
++1
e10
1.2.3
-
1e
e10
++1
1.2.3
+
+
+
e10
000.e
1.2.3
1e
++1
1e+
1.2.3
++1
.
0e
e10
1e
1e+
1.2.3
1e+
000.e
1e+
.
--2
1.2.3
1e+
--2
1e+
1ee2
1e
1e+
1e
000.e
0e
--2
+
1.2.3
.
1e+
1e
1ee2
000.e
-
1e+
1e
++1
abc
1ee2
1.2.3
000.e
--2
1e
e10
-
1e+
abc
-
0e
0e
1.2.3
1e-
1e+
.
1.2.3
0e
abc
1.2.3
1e-
+
1.2.3
-
.
++1
0e
abc
--2
1e
1ee2
-
abc
1e
1e-
0e
-
+
1e-
-
000.e
1ee2
abc
1e-
--2
1e+
e10
++1
1ee2
1.2.3
1e+
.
1e-
+
abc
++1
+
+
0e
1e-
--2
.
.
1e
1.2.3
000.e
0e
0e
+
+
+
1e
1e+
.
.
-
1.2.3
++1
1e
--2
++1
++1
1e+
1e-
000.e
-
++1
1.2.3
++1
e10
.
e10
e10
1e-
+
1.2.3
1e+
1.2.3
e10
1e+
1e+
e10
1e-
.
000.e
1e
-
000.e
abc
--2
.
abc
abc
--2
1e
++1
++1
--2
1e
1ee2
1ee2
1ee2
1e-
1ee2
+
0e
1ee2
1e-
.
.
000.e
1ee2
++1
1e-
0e
-
1e
1e
e10
++1
1.2.3
.
e10
1ee2
--2
1e-
.
1e
000.e
e10
abc
abc
e10
.
1.2.3
0e
+
1e+
1e+
1e+
1.2.3
-
000.e
1e+
0e
0e
1ee2
0e
1e
1e
--2
0e
0e
1ee2
1ee2
1e+
000.e
+
--2
e10
1e+
0e
abc
+
1ee2
000.e
000.e
0e
1e
-
1ee2
1e-
1ee2
e10
1.2.3
1.2.3
--2
1e+
e10
+
000.e
abc
1e-
-
0e
1.2.3
+
1e+
1ee2
0e
.
--2
1e-
1e+
-
1e-
1e+
-
1e-
+
+
000.e
--2
0e
+
1ee2
1.2.3
1e
++1
1e-
+
1ee2
1e
1e-
1e
1.2.3
1ee2
+
1ee2
--2
e10
.
1e+
1ee2
++1
.
-
abc
1e+
0e
1e+
000.e
.
-
.
.
1e-
--2
1ee2
1e-
1e+
++1
abc
++1
+
1e-
1e-
.
-
0e
1e
1e
+
1e+
abc
1.2.3
1.2.3
-
0e
+
1e-
e10
1.2.3
+
0e
e10
1e-
000.e
1e
.
abc
+
1ee2
--2
1.2.3
--2
.
+
e10
-
0e
1e+
-
1e+
1e+
1e
abc
1ee2
1e-
--2
1ee2
-
0e
1.2.3
abc
1e
1ee2
.
1e+
-
1.2.3
abc
1.2.3
1e+
000.e
.
abc
--2
1.2.3
1e
abc
-
++1
e10
0e
--2
-
++1
000.e
-
e10
e10
.
abc
1e
e10
1e-
000.e
+
000.e
--2
1.2.3
.
1ee2
-
+
1e
1e+
1.2.3
+
.
+
++1
abc
abc
-
1e+
--2
1.2.3
.
++1
1e+
0e
000.e
1e
1ee2
--2
000.e
++1
+
+
1e
1.2.3
e10
abc
1.2.3
1e-
e10
++1
1.2.3
--2
--2
--2
000.e
1ee2
1.2.3
1e+
000.e
.
-
0e
abc
-
1e+
.
+
1.2.3
000.e
1.2.3
1ee2
-
-
-
1.2.3
+
0e
.
++1
1.2.3
abc
1ee2
1e+
000.e
1e-
--2
+
abc
abc
+
-
1e-
e10
abc
1e-
.
+
0e
0e
--2
1e-
-
1.2.3
.
++1
000.e
0e
+
abc
1e
e10
0e
0e
1e+
-
000.e
1e
.
++1
1e+
abc
-
000.e
+
1ee2
1e-
-
1e+
1e+
0e
1.2.3
+
.
+
+
+
.
1e+
1e-
0e
++1
000.e
.
++1
1e+
1e+
0e
0e
-
.
--2
e10
abc
.
-
0e
--2
--2
-
.
+
+
1.2.3
000.e
.
1e-
1e+
++1
1e+
-
--2
++1
abc
1e-
+
1e
0e
+
1e
abc
.
.
.
000.e
+
-
1e-
1.2.3
++1
000.e
1e+
0e
++1
1e
+
-
-
.
000.e
-
0e
.
000.e
1ee2
.
1e-
1.2.3
+
1e+
--2
.
1e-
e10
abc
-
-
.
1e-
++1
1e+
e10
--2
1e-
1e
.
1e
1ee2
--2
000.e
1e+
1e-
+
abc
+
++1
-
e10
--2
1e
1e-
1e
e10
1e+
e10
+
1.2.3
000.e
0e
abc
1.2.3
.
.
1e+
.
0e
1e+
1e+
0e
1e
e10
+
-
.
1e
1e
1e-
1e-
1ee2
000.e
--2
.
--2
0e
.
++1
1e-
.
.
e10
1e
e10
1e-
++1
++1
1ee2
000.e
e10
1.2.3
+
e10
-
.
1e-
000.e
1e-
1e
0e
1ee2
abc
-
--2
abc
--2
e10
1e
1ee2
1e-
1e-
+
000.e
-
+
.
+
++1
1e
e10
1ee2
1e+
1ee2
++1
e10
.
0e
1ee2
0e
.
++1
-
--2
0e
1ee2
1.2.3
e10
--2
--2
e10
1.2.3
1.2.3
1ee2
1e
e10
++1
abc
1e+
abc
.
1e
000.e
++1
1e+
+
abc
000.e
1ee2
1e+
1ee2
1ee2
000.e
abc
e10
1ee2
000.e
.
000.e
abc
++1
--2
+
abc
++1
0e
e10
1.2.3
+
1e
.
1e-
.
000.e
abc
1e
0e
0e
++1
+
--2
000.e
++1
1e+
1e+
+
++1
1e+
1e-
+
+
+
abc
e10
-
.
000.e
e10
000.e
000.e
e10
0e
+
1e
0e
1e
1.2.3
--2
.
+
abc
1e
000.e
.
000.e
1e-
000.e
000.e
+
+
e10
1ee2
abc
0e
1.2.3
1e+
000.e
1e
--2
000.e
+
0e
-
abc
abc
abc
000.e
e10
++1
.
1e-
000.e
1e+
++1
.
1e
1ee2
-
1e+
1e
1.2.3
e10
-
1e
+
.
-
-
abc
000.e
1e-
++1
1ee2
+
1ee2
abc
000.e
e10
e10
-
--2
1.2.3
--2
e10
+
++1
1.2.3
e10
1e+
0e
-
1e-
000.e
1e-
-
--2
1ee2
--2
1e
1e+
-
++1
++1
-
1e-
1e
1e-
0e
000.e
000.e
+
000.e
++1
--2
1.2.3
--2
++1
1e
abc
1e-
abc
+
1ee2
abc
1.2.3
000.e
1.2.3
1.2.3
000.e
++1
.
1.2.3
abc
1e-
1e
-
1e
-
+
1ee2
1e
+
000.e
abc
+
000.e
000.e
-
0e
0e
0e
1ee2
e10
.
.
++1
1ee2
1e
-
000.e
000.e
1.2.3
--2
1e+
++1
-
1ee2
1e
000.e
++1
++1
+
0e
.
e10
.
1ee2
000.e
++1
0e
1ee2
1.2.3
0e
abc
1e
1e+
-
1e-
000.e
-
e10
1e-
000.e
.
.
1.2.3
1e
1e
++1
--2
--2
1ee2
1.2.3
++1
0e
--2
+
abc
1ee2
e10
abc
-
0e
++1
000.e
abc
e10
1.2.3
1e-
1e
1ee2
e10
000.e
++1
1e
1.2.3
1.2.3
-
1e-
++1
1e
1e
e10
-
.
e10
1e+
1e
e10
++1
e10
1e
abc
1e-
1e+
e10
-
1ee2
abc
000.e
0e
.
abc
1e
abc
.
1.2.3
0e
e10
0e
0e
1.2.3
1e
--2
1ee2
-
1e
abc
+
1e
e10
1.2.3
1e
000.e
+
1.2.3
e10
1e
000.e
+
.
+
--2
0e
000.e
--2
000.e
--2
.
--2
1e-
000.e
-
-
1ee2
1ee2
1.2.3
0e
-
e10
1ee2
++1
1e
1e
-
-
000.e
0e
1e-
abc
--2
e10
1e
-
000.e
e10
000.e
1ee2
1e
e10
1.2.3
000.e
0e
1ee2
0e
1e
1e
1e-
0e
abc
1e+
++1
000.e
-
000.e
1e-
++1
++1
+
abc
--2
1ee2
.
000.e
1e-
.
++1
++1
1e-
abc
0e
1e
+
000.e
1e+
++1
+
++1
-
1e
--2
--2
1e-
1ee2
1e+
1e+
--2
.
++1
000.e
1e+
000.e
-
++1
1e+
1e-
abc
++1
+
1.2.3
+
e10
.
++1
1ee2
1.2.3
++1
-
--2
abc
1ee2
-
0e
abc
1ee2
1ee2
--2
1.2.3
1ee2
.
1ee2
1e+
1e
1e
1.2.3
1ee2
1ee2
1e-
1e+
0e
.
e10
1e+
.
1.2.3
1e-
++1
1e+
000.e
-
abc
-
+
1ee2
--2
0e
1e
1e-
e10
000.e
--2
-
e10
1e
1e+
-
.
0e
1ee2
abc
1e-
0e
000.e
--2
--2
1e
000.e
1e-
000.e
.
--2
000.e
++1
0e
-
0e
e10
-
abc
1e
-
1e+
+
1e+
1ee2
1.2.3
+
000.e
1e-
000.e
1ee2
1.2.3
--2
0e
000.e
1e+
.
1.2.3
1e-
0e
1e-
1ee2
1ee2
0e
.
--2
0e
1e-
0e
e10
0e
--2
--2
000.e
1e
--2
000.e
1ee2
.
++1
-
1e-
1ee2
++1
abc
000.e
--2
1e-
1e-
1.2.3
1e-
1ee2
1.2.3
+
e10
1ee2
++1
1ee2
1e
1e+
.
1e
+
1ee2
--2
.
++1
abc
+
abc
-
abc
-
abc
abc
e10
1e
-
1e
.
--2
.
++1
abc
++1
000.e
--2
.
0e
1e-
-
++1
++1
++1
.
0e
e10
--2
0e
++1
+
++1
1e
++1
1ee2
1e
e10
1e-
1.2.3
-
abc
++1
-
+
++1
abc
++1
0e
1e+
1.2.3
e10
+
1.2.3
-
1.2.3
-
abc
1ee2
-
-
0e
1e-
1e+
--2
abc
1ee2
000.e
--2
--2
0e
abc
++1
000.e
1e+
abc
1.2.3
-
1e
1e-
1.2.3
+
abc
1e-
0e
abc
1e
1e
1ee2
e10
1e+
--2
1e
--2
1e+
--2
1e+
000.e
.
1e+
--2
1.2.3
1.2.3
.
1e+
++1
1e+
1e+
-
+
1e+
++1
1.2.3
1e+
.
1e-
e10
++1
000.e
1e
--2
++1
-
1e-
abc
abc
.
abc
-
--2
+
abc
1e+
e10
1e-
+
000.e
.
1.2.3
+
++1
.
1.2.3
+
e10
abc
--2
--2
1.2.3
1.2.3
++1
1ee2
1e
.
1.2.3
--2
1e
1e+
-
+
abc
e10
-
0e
++1
+
1e+
000.e
1e
abc
+
abc
--2
1.2.3
abc
++1
000.e
000.e
1.2.3
1e+
e10
--2
+
-
1e-
1e-
e10
1e-
0e
1e
0e
.
.
1.2.3
000.e
-
1e
1e+
1ee2
abc
000.e
.
-
--2
abc
+
1e+
000.e
.
+
e10
+
1e-
--2
--2
1e
+
e10
1e-
0e
e10
1e+
1e
abc
1e
1e
1e-
1e
++1
1e-
.
.
abc
1e-
1.2.3
0e
000.e
1e+
1.2.3
e10
abc
1e
--2
0e
e10
1e-
0e
.
1e
000.e
1e-
1e-
1ee2
0e
000.e
e10
++1
1.2.3
0e
++1
abc
-
0e
1.2.3
000.e
--2
-
1.2.3
+
e10
1e+
-
000.e
abc
1e
1e
1ee2
--2
0e
+
1ee2
1ee2
1e-
+
.
abc
1.2.3
1e
1ee2
.
++1
0e
1e-
-
++1
1e-
1ee2
1e+
1e+
000.e
1.2.3
1e
1e
.
1e-
--2
e10
abc
.
1e
-
.
1e-
-
1e-
1e+
-
1e+
1e-
1e-
+
1.2.3
000.e
1e-
--2
++1
-
1ee2
1.2.3
1e
1.2.3
0e
e10
+
1e+
+
.
0e
1e-
e10
1.2.3
000.e
-
0e
abc
++1
abc
1e
-
abc
1ee2
e10
.
1ee2
1ee2
+
1e
0e
+
1e-
-
1e-
e10
1e-
1.2.3
1.2.3
0e
--2
e10
1.2.3
1.2.3
1e+
++1
1e-
0e
abc
+
1.2.3
1e
--2
0e
-
1e+
e10
1.2.3
--2
.
000.e
1ee2
-
1.2.3
e10
1e+
abc
+
1e-
1e+
--2
000.e
1e
1e+
1e+
--2
e10
-
1e-
1e
1ee2
+
1ee2
--2
++1
1e+
1e
++1
1e+
e10
1e-
1e
--2
abc
1.2.3
+
-
--2
++1
1e+
1.2.3
1e-
++1
1e
.
abc
abc
abc
1ee2
1e
1e+
1e
--2
1.2.3
+
-
e10
1e+
1ee2
--2
--2
1.2.3
e10
000.e
000.e
+
1e
1e
++1
000.e
000.e
1e+
0e
1.2.3
abc
1e+
1ee2
0e
0e
-
1e-
.
.
e10
1e+
.
++1
e10
abc
abc
1e
1.2.3
1e
.
.
abc
1.2.3
.
1e-
1.2.3
0e
0e
--2
1ee2
+
abc
1e-
1e+
+
.
1.2.3
e10
1e+
1ee2
000.e
0e
1ee2
-
1ee2
1e
1e-
1e-
000.e
abc
--2
1e+
.
--2
0e
++1
0e
1e+
abc
+
++1
abc
e10
--2
abc
1.2.3
++1
1e+
++1
++1
000.e
1ee2
abc
1ee2
abc
1.2.3
1ee2
1e
-
000.e
1.2.3
.
0e
1e
1.2.3
1.2.3
abc
+
+
000.e
1e-
--2
1e-
+
abc
e10
abc
-
1e+
000.e
1e+
1.2.3
0e
-
+
++1
0e
+
.
1e-
-
1.2.3
+
1e-
+
++1
.
--2
1e
1e
.
0e
1e
1e+
1e
1ee2
-
e10
abc
+
1e-
1e
1ee2
1e+
+
1.2.3
e10
1e
1e
.
0e
+
.
0e
abc
--2
e10
--2
+
++1
1e+
+
1.2.3
1e-
.
-
abc
abc
000.e
1ee2
abc
0e
000.e
--2
-
--2
1.2.3
1ee2
+
1e
-
e10
0e
0e
1ee2
1e+
0e
0e
+
++1
--2
abc
1ee2
.
1e-
0e
1.2.3
1ee2
1e-
0e
e10
+
+
1ee2
.
1e+
e10
.
abc
e10
+
1e-
1e+
.
+
abc
0e
+
.
abc
++1
.
1e
abc
000.e
000.e
-
1e-
1ee2
.
1e-
1.2.3
--2
0e
++1
1e-
++1
0e
1ee2
.
0e
++1
1ee2
-
-
.
000.e
.
e10
abc
.
1e+
0e
1e+
--2
.
1.2.3
0e
abc
000.e
1ee2
+
1e-
1e-
++1
1.2.3
000.e
-
1ee2
000.e
e10
++1
1e
000.e
1.2.3
++1
+
1e-
+
++1
0e
e10
1e-
000.e
000.e
--2
--2
.
1.2.3
.
++1
1e
++1
abc
e10
000.e
--2
1e
1e
1e+
1ee2
000.e
abc
1ee2
.
-
000.e
.
1e+
abc
++1
0e
1.2.3
1e
1.2.3
abc
1e
1e
1.2.3
000.e
1ee2
--2
1e+
1ee2
abc
1e-
e10
e10
1e
+
++1
--2
0e
--2
e10
0e
++1
.
-
+
1.2.3
1e
e10
1.2.3
1.2.3
0e
abc
1e-
abc
1e-
-
1ee2
--2
--2
.
1e+
1.2.3
abc
1ee2
--2
abc
+
1.2.3
--2
-
.
1e
000.e
--2
0e
--2
-
.
abc
abc
1e-
e10
+
0e
0e
-
1e-
1e
e10
1.2.3
1e
-
1e+
1e+
++1
1.2.3
abc
1e+
++1
1e+
-
.
1ee2
abc
e10
0e
abc
0e
0e
1e+
1e+
++1
abc
1e
-
--2
0e
e10
++1
0e
e10
+
1ee2
1e-
e10
1ee2
1e-
-
000.e
1e+
1e+
-
+
1e
0e
.
--2
++1
1e
abc
e10
-
1ee2
1e-
1.2.3
1ee2
1e+
abc
1e-
1.2.3
000.e
abc
1ee2
-
0e
000.e
e10
1.2.3
e10
--2
++1
1e+
--2
0e
1.2.3
+
abc
--2
++1
1.2.3
.
--2
1.2.3
.
1e-
1.2.3
1e-
0e
000.e
abc
-
.
000.e
+
++1
1e
-
1e-
1ee2
--2
1.2.3
1e+
--2
.
abc
e10
1e-
e10
abc
--2
0e
e10
abc
000.e
1e+
++1
e10
++1
--2
1ee2
-
0e
.
.
1e-
abc
++1
1e+
.
0e
--2
e10
++1
1e
++1
1ee2
.
1ee2
+
++1
0e
abc
1ee2
1ee2
abc
000.e
1.2.3
abc
000.e
1e
++1
--2
.
1ee2
-
++1
1.2.3
+
+
1ee2
1e-
1e+
-
1.2.3
-
1e-
1e
1.2.3
000.e
--2
.
-
0e
abc
1e
1ee2
000.e
1.2.3
++1
1.2.3
+
000.e
-
1e
e10
000.e
0e
++1
--2
0e
1ee2
+
1.2.3
e10
0e
-
-
-
1e-
++1
++1
1e+
1e
.
-
-
-
1e-
0e
-
1e-
++1
1.2.3
1ee2
000.e
1ee2
1e-
.
1e
.
++1
1e-
000.e
1e+
1ee2
--2
1.2.3
++1
1e+
e10
--2
++1
+
abc
e10
abc
abc
--2
e10
++1
-
-
++1
-
-
1.2.3
1e+
1e+
1e+
e10
1ee2
0e
1ee2
000.e
1e-
0e
e10
.
-
1ee2
-
abc
+
abc
-
.
--2
++1
-
abc
1ee2
000.e
.
++1
+
-
.
000.e
1e
1e+
0e
e10
+
++1
-
abc
1e
0e
-
1e+
++1
1e
abc
e10
0e
+
.
-
e10
000.e
-
1e+
+
+
e10
+
1e-
+
e10
1e+
abc
1ee2
abc
++1
000.e
e10
1ee2
e10
1e+
++1
0e
+
000.e
0e
1ee2
1ee2
1.2.3
0e
--2
1.2.3
1.2.3
000.e
000.e
1e-
abc
-
abc
1ee2
++1
1.2.3
++1
1e
1ee2
abc
1.2.3
0e
1e-
--2
000.e
0e
++1
e10
1e-
abc
++1
.
-
1e-
-
1e
1e+
0e
1.2.3
1ee2
--2
1.2.3
1ee2
1e
.
1ee2
e10
+
.
1ee2
0e
1.2.3
1.2.3
+
000.e
1.2.3
e10
1e
abc
1e-
1e
1e
-
1.2.3
+
1e+
1e-
.
.
1.2.3
abc
++1
e10
1e-
--2
.
0e
+
++1
1e-
++1
1.2.3
1e-
1e
1e-
1e-
000.e
abc
--2
+
1.2.3
000.e
1e-
1ee2
1e-
+
++1
000.e
0e
e10
1e+
000.e
1e+
++1
.
1ee2
abc
abc
000.e
e10
--2
--2
-
e10
1e-
.
000.e
1ee2
000.e
000.e
--2
000.e
e10
--2
000.e
000.e
+
abc
++1
000.e
1ee2
abc
e10
-
000.e
1e+
-
000.e
1e
1.2.3
1.2.3
abc
-
e10
++1
++1
1.2.3
.
-
abc
++1
-
1e
abc
e10
abc
--2
1e-
000.e
1.2.3
++1
1e-
1ee2
1e-
1e
0e
1.2.3
-
+
1ee2
1.2.3
+
-
--2
1e
--2
--2
--2
1e
e10
1.2.3
1e+
.
0e
--2
++1
-
000.e
000.e
0e
1e-
++1
1.2.3
1e
1e-
1.2.3
-
.
--2
-
.
-
-
.
.
0e
000.e
1.2.3
0e
1ee2
e10
-
.
1e
abc
000.e
1e
-
1.2.3
--2
e10
1.2.3
++1
-
1e-
--2
abc
1ee2
++1
1.2.3
-
000.e
1e-
-
++1
1e
1e-
1e-
1e
0e
1.2.3
1ee2
1e-
1.2.3
1e-
000.e
--2
++1
0e
1ee2
000.e
1.2.3
1e-
1e-
--2
1ee2
1.2.3
1e+
1e
0e
1.2.3
1e-
-
e10
1e
1ee2
0e
1.2.3
abc
.
1e
1e+
--2
.
1e-
++1
1.2.3
+
1e+
1ee2
--2
-
e10
1e-
abc
000.e
-
e10
1e
1e-
1ee2
+
--2
e10
abc
000.e
--2
0e
abc
1e+
-
-
1ee2
+
--2
1e
000.e
1e-
1e+
1ee2
++1
abc
-
0e
+
1.2.3
1e+
000.e
e10
+
000.e
1.2.3
000.e
++1
++1
abc
.
000.e
000.e
--2
1.2.3
1.2.3
1ee2
++1
1e-
000.e
e10
--2
.
e10
1e+
.
1e
0e
0e
1e
e10
--2
-
1e+
000.e
--2
1ee2
+
+
abc
abc
--2
1e
.
-
+
000.e
1ee2
+
1.2.3
++1
1e+
1.2.3
+
--2
1e+
abc
000.e
.
++1
+
0e
++1
0e
1.2.3
.
.
.
000.e
.
abc
+
++1
1e
1ee2
0e
1ee2
.
-
0e
++1
-
1.2.3
e10
1e+
1e-
e10
1e+
e10
.
--2
e10
1e+
.
000.e
--2
+
1.2.3
0e
++1
000.e
1e
abc
--2
000.e
000.e
1ee2
0e
000.e
1e
1e+
++1
+
--2
1e-
abc
1.2.3
++1
++1
e10
1e
abc
--2
+
1e+
000.e
1e
.
e10
1ee2
-
.
0e
000.e
0e
1e
0e
+
+
.
1e-
+
++1
++1
0e
1e-
e10
000.e
--2
0e
1.2.3
1e
1e-
+
1e
e10
--2
-
1.2.3
abc
1e-
e10
1e
1e+
-
.
1.2.3
0e
1ee2
abc
--2
++1
1.2.3
1.2.3
.
-
.
1e+
e10
1.2.3
.
1e
000.e
1e+
000.e
abc
1e
1ee2
abc
1.2.3
000.e
1e
e10
abc
1e+
1e+
0e
e10
--2
000.e
--2
0e
-
0e
0e
1.2.3
abc
000.e
1e
000.e
1e-
abc
1ee2
abc
--2
.
abc
1e
e10
abc
0e
abc
1e+
--2
1e+
++1
.
1e-
1e
1e-
++1
-
1ee2
+
1ee2
+
1e+
1.2.3
1e-
++1
abc
0e
--2
000.e
e10
1ee2
1e
abc
1.2.3
1ee2
++1
1e
.
-
1e-
1e
e10
.
1.2.3
1.2.3
--2
e10
000.e
1e+
-
000.e
++1
e10
000.e
1.2.3
1e-
1.2.3
0e
1e-
--2
-
1e
--2
1e-
abc
--2
-
.
+
1e-
++1
e10
1e-
abc
e10
-
--2
1.2.3
1e-
1e+
000.e
e10
1e-
1e-
1e+
+
0e
0e
1e+
--2
1ee2
1e+
0e
1.2.3
-
--2
-
1e-
1e
1e-
abc
--2
-
1e+
1e-
-
000.e
1.2.3
1ee2
+
1.2.3
0e
.
+
+
1ee2
0e
1.2.3
.
1e+
000.e
--2
.
1e-
abc
1e-
1.2.3
1e-
1ee2
.
++1
1ee2
000.e
+
-
++1
0e
1ee2
0e
1e+
e10
1e-
++1
1e-
+
-
1.2.3
1e+
-
1e-
e10
0e
1.2.3
+
-
e10
+
000.e
+
--2
e10
e10
+
1e-
1e-
1e+
e10
+
++1
e10
.
000.e
000.e
+
+
e10
0e
000.e
.
++1
1e-
e10
1.2.3
1e-
++1
++1
e10
++1
.
abc
1e-
+
abc
abc
+
000.e
+
000.e
e10
000.e
1e
.
1.2.3
-
-
000.e
0e
e10
1.2.3
1e-
1.2.3
1e+
-
e10
000.e
1ee2
1e
000.e
++1
abc
++1
1e+
-
1e-
1e
1e-
000.e
1ee2
000.e
1e-
e10
000.e
+
-
1.2.3
abc
++1
000.e
e10
--2
-
1e-
-
--2
e10
++1
+
--2
-
abc
1e-
1e
1e+
1.2.3
0e
1.2.3
1e+
e10
--2
1.2.3
-
.
1.2.3
0e
++1
+
+
1.2.3
abc
1e-
0e
e10
--2
e10
--2
++1
000.e
0e
000.e
--2
-
1e-
1.2.3
++1
+
0e
+
++1
1e+
.
1e
--2
1ee2
1e
.
1.2.3
1e+
1e
.
--2
--2
1.2.3
abc
000.e
000.e
1e-
1e+
0e
000.e
abc
++1
000.e
-
0e
e10
0e
1.2.3
e10
-
abc
--2
++1
1.2.3
e10
0e
1e+
+
e10
0e
e10
-
1e+
-
-
abc
++1
.
1ee2
1e-
.
abc
1e-
++1
+
1e+
.
1e
abc
+
1ee2
000.e
1e+
1e-
++1
+
0e
--2
abc
--2
-
1e-
++1
++1
0e
e10
e10
e10
++1
e10
e10
abc
000.e
.
1ee2
1e-
abc
+
1e-
1.2.3
abc
0e
0e
1e-
1e+
1e-
+
1.2.3
-
1e-
0e
--2
1e
+
1.2.3
1e-
--2
.
1e
-
e10
1.2.3
0e
abc
+
0e
+
+
+
--2
1ee2
e10
1e
e10
.
e10
abc
abc
-
000.e
-
1e
1e+
-
1e+
1e-
.
abc
+
-
1.2.3
000.e
-
1e-
.
abc
-
++1
1e
1e
.
1.2.3
0e
++1
1ee2
e10
1.2.3
abc
+
++1
-
1.2.3
abc
1ee2
1.2.3
1ee2
abc
--2
--2
-
1e
.
1ee2
.
--2
+
0e
1e-
++1
.
1e-
1e-
000.e
0e
++1
1ee2
abc
1e
1.2.3
000.e
1e-
1.2.3
1.2.3
-
1e+
1ee2
000.e
abc
++1
0e
1ee2
e10
000.e
000.e
abc
-
--2
0e
1ee2
.
1e
1e+
--2
-
-
1.2.3
abc
--2
+
0e
1ee2
1.2.3
1e
++1
+
0e
1e-
e10
1ee2
abc
0e
0e
.
0e
1.2.3
-
.
+
-
.
000.e
1.2.3
1e
+
0e
1e-
++1
--2
--2
1e-
0e
--2
0e
1e-
1e
+
1.2.3
e10
0e
--2
1.2.3
-
e10
--2
abc
+
1e
--2
1e
abc
1.2.3
1ee2
++1
1.2.3
1e
e10
.
--2
abc
1e-
1e+
abc
+
1.2.3
abc
1e-
abc
1.2.3
+
1.2.3
1.2.3
0e
1.2.3
0e
e10
1e-
abc
abc
1.2.3
1e+
1ee2
1e-
e10
.
1e
e10
++1
1e-
0e
0e
e10
-
.
1e
+
++1
1e+
.
0e
1e-
-
1.2.3
000.e
++1
1e-
000.e
1.2.3
1ee2
000.e
++1
abc
.
0e
abc
abc
1e
--2
1e+
1e
1e
1ee2
++1
e10
-
e10
-
1.2.3
1e+
000.e
-
.
1e+
1e
1ee2
.
1e-
e10
-
--2
-
.
e10
--2
1e-
-
1e+
--2
1.2.3
abc
.
1e-
+
-
1e+
1.2.3
1e-
000.e
1ee2
++1
1e
1ee2
000.e
.
000.e
1e-
0e
--2
e10
.
-
--2
1ee2
++1
1ee2
000.e
.
1e+
000.e
1e
--2
1ee2
e10
++1
1e
000.e
--2
++1
1.2.3
e10
1e+
1ee2
--2
0e
1.2.3
1ee2
--2
--2
e10
1ee2
000.e
+
1ee2
--2
1e+
1.2.3
++1
.
--2
++1
000.e
0e
e10
1.2.3
1ee2
0e
0e
++1
-
1e
1.2.3
.
1e-
1.2.3
abc
1.2.3
1ee2
1e
1ee2
1e
0e
e10
e10
0e
0e
--2
abc
-
abc
0e
1e-
000.e
++1
0e
0e
1ee2
0e
1e-
--2
1e-
0e
1e
1.2.3
-
1e+
.
1ee2
1.2.3
0e
1ee2
1e
.
1e-
++1
1ee2
1.2.3
.
1e
+
000.e
1e+
000.e
0e
--2
abc
1e
--2
1e+
1ee2
e10
1e-
e10
000.e
abc
++1
1e+
1e
1e+
++1
+
--2
abc
--2
abc
--2
--2
0e
1ee2
.
1e+
+
0e
-
1e-
0e
1e+
abc
1e+
1e+
++1
1e
.
--2
1.2.3
abc
.
0e
1ee2
+
.
++1
1e-
1e-
0e
--2
+
+
1ee2
1ee2
e10
abc
+
1.2.3
+
1e+
0e
abc
1e-
1e+
1.2.3
1e+
1e
1e+
0e
1.2.3
--2
1e+
1e
abc
e10
1ee2
1ee2
1ee2
++1
--2
.
+
1e
+
.
.
--2
1e+
abc
1.2.3
0e
e10
1e
+
1e
abc
1e-
.
e10
abc
1e
.
1e
000.e
000.e
1e
--2
+
0e
0e
++1
1e-
e10
1ee2
1e-
1e-
e10
abc
1e
+
--2
1e
1ee2
1ee2
1.2.3
abc
1.2.3
1.2.3
++1
1ee2
+
000.e
0e
1ee2
-
1e
++1
--2
++1
1e+
000.e
1e
1e
-
1.2.3
1ee2
1.2.3
++1
--2
.
0e
1e-
1e+
1e+
-
abc
1e-
++1
++1
1e+
1e+
e10
abc
0e
-
.
1ee2
.
000.e
++1
e10
-
+
1e
++1
1ee2
abc
abc
1e
++1
1ee2
--2
e10
++1
++1
.
0e
000.e
abc
1.2.3
1e+
.
e10
-
1ee2
.
-
000.e
1e+
+
+
++1
1e-
++1
abc
0e
1ee2
e10
-
++1
e10
--2
--2
+
e10
0e
1e-
000.e
e10
1e
1e-
--2
--2
1.2.3
+
e10
e10
++1
++1
0e
1e
e10
1e
0e
0e
-
+
0e
e10
--2
+
1e-
0e
1.2.3
++1
abc
abc
0e
++1
+
1ee2
-
0e
1e
++1
1.2.3
e10
1.2.3
1ee2
+
+
1e
1e
1e-
1.2.3
--2
0e
1e
1e-
++1
++1
abc
1ee2
000.e
1e+
abc
0e
e10
e10
1ee2
+
1e+
1e-
1e-
1.2.3
e10
e10
+
1e+
e10
abc
1e
+
+
0e
+
-
0e
e10
--2
--2
1e-
e10
1e+
1e
000.e
1e+
--2
1e
.
.
-
1e
e10
1.2.3
e10
000.e
000.e
e10
1e-
++1
++1
1e
+
++1
1.2.3
--2
0e
abc
1ee2
-
-
000.e
0e
0e
-
--2
--2
1ee2
+
1e
000.e
000.e
1e
+
+
.
--2
1e+
abc
1.2.3
-
1e
.
abc
+
e10
1.2.3
--2
1e+
--2
0e
1e+
++1
1e-
--2
1e+
0e
000.e
--2
1e
1ee2
1e-
++1
1ee2
e10
-
1e+
0e
000.e
000.e
+
--2
e10
e10
e10
000.e
.
0e
000.e
e10
1e+
0e
0e
e10
1ee2
--2
-
abc
1e
e10
1e+
++1
+
1e+
1.2.3
1e
1e
1e-
1e
1.2.3
--2
+
+
1e-
0e
-
.
-
++1
1.2.3
+
1ee2
1.2.3
000.e
abc
1ee2
1ee2
1e
0e
++1
1.2.3
+
abc
--2
-
-
++1
000.e
0e
0e
1e
1e
1e-
1ee2
1ee2
000.e
++1
abc
1ee2
-
+
--2
1ee2
1.2.3
1e
0e
1ee2
.
1.2.3
++1
e10
--2
1.2.3
--2
0e
-
++1
1ee2
0e
++1
abc
1e-
1.2.3
0e
1e+
1e-
000.e
abc
--2
1e
1e+
1ee2
++1
1.2.3
.
1.2.3
abc
1e-
+
--2
1.2.3
++1
1e
.
-
000.e
abc
1e-
0e
0e
000.e
abc
-
000.e
1e-
-
.
1.2.3
++1
1e-
.
000.e
1e-
1.2.3
0e
.
1e+
1e
000.e
0e
e10
--2
abc
+
1e
1e
--2
0e
abc
1e-
1.2.3
1e+
000.e
1e
1ee2
1.2.3
-
1ee2
1e-
abc
abc
-
1e
.
abc
000.e
1.2.3
--2
e10
1e+
++1
.
1e
0e
.
++1
+
1e-
.
abc
abc
1e-
-
1e
abc
0e
-
1e-
0e
1e+
1e-
1ee2
++1
1ee2
e10
++1
1.2.3
1.2.3
1e+
1e-
-
abc
-
--2
e10
1e
.
0e
-
1e+
abc
000.e
1e-
1e-
.
0e
+
1e+
1.2.3
0e
+
1ee2
1e-
0e
+
++1
--2
1e+
e10
1e+
1e-
+
e10
e10
+
--2
+
1e-
1e
1e
000.e
--2
1e-
abc
+
+
1ee2
e10
1.2.3
.
abc
0e
abc
+
e10
abc
abc
0e
++1
0e
+
--2
1.2.3
1.2.3
000.e
--2
1e-
1ee2
1.2.3
abc
e10
-
1e-
+
.
1e-
.
.
e10
-
--2
1e+
-
1e
1e+
.
+
++1
+
000.e
.
1e+
000.e
e10
.
000.e
.
1e+
.
++1
.
1e
--2
abc
000.e
000.e
1ee2
+
.
1e-
abc
--2
-
1.2.3
1.2.3
1.2.3
0e
--2
000.e
--2
abc
1ee2
e10
1e-
-
1e
-
000.e
.
abc
++1
0e
1e+
abc
1e
0e
-
-
abc
0e
1.2.3
--2
1ee2
1e+
0e
0e
1e
e10
000.e
++1
++1
1e+
.
--2
+
-
1e+
e10
-
.
--2
+
abc
1e+
-
++1
1e
++1
-
-
+
1ee2
--2
e10
1e-
1e
-
1e+
1ee2
1.2.3
1.2.3
1e+
000.e
0e
1ee2
000.e
-
1.2.3
+
1e
+
1ee2
1e
1e+
0e
0e
.
000.e
1e
1e-
1e+
.
0e
1ee2
0e
-
0e
000.e
abc
--2
e10
-
--2
abc
1ee2
+
.
+
1e+
1.2.3
000.e
1ee2
000.e
e10
--2
e10
+
1e
+
1e+
abc
+
1e+
abc
1e+
-
--2
++1
0e
++1
1e+
1ee2
++1
1e
-
+
+
--2
e10
1.2.3
000.e
1e+
0e
++1
000.e
0e
0e
-
1.2.3
1.2.3
1e
-
1.2.3
1.2.3
e10
0e
1ee2
1.2.3
--2
-
0e
++1
.
1.2.3
1e
++1
.
1e
abc
1ee2
++1
1e+
000.e
1ee2
e10
1.2.3
e10
+
1e+
0e
1e
1e-
1.2.3
000.e
abc
+
1e
0e
1e+
1e-
0e
1e+
--2
1e-
0e
1e
0e
000.e
-
1e-
++1
1.2.3
.
1e-
1e-
1e
+
--2
+
1ee2
--2
--2
1e+
000.e
-
--2
0e
abc
abc
1e
-
1ee2
000.e
1ee2
1ee2
1e-
0e
1e
1.2.3
e10
e10
1e
abc
e10
--2
--2
1ee2
++1
--2
.
0e
.
+
-
000.e
abc
.
0e
-
0e
.
-
1ee2
--2
--2
1e-
000.e
-
1ee2
+
0e
--2
++1
.
1e
.
e10
-
1e
+
1e-
-
1.2.3
1e
0e
000.e
1e-
-
1e-
1ee2
++1
1e
1e+
abc
1.2.3
1e-
+
1ee2
e10
+
1.2.3
1.2.3
abc
1.2.3
1ee2
1e-
++1
1e-
e10
++1
1ee2
--2
--2
1e
1e
1ee2
-
1.2.3
1ee2
000.e
1e
1ee2
++1
+
+
e10
1ee2
1.2.3
+
+
1ee2
--2
+
abc
0e
0e
1.2.3
-
0e
--2
1e
++1
++1
--2
000.e
1.2.3
1e-
1ee2
1ee2
e10
--2
1ee2
--2
1e+
abc
1ee2
1.2.3
1ee2
000.e
abc
1.2.3
abc
.
-
-
1.2.3
1ee2
0e
.
++1
000.e
000.e
.
1e+
-
1e-
1e+
1.2.3
-
1e+
.
1e-
1e
++1
abc
e10
1e+
0e
000.e
1ee2
abc
-
1.2.3
++1
1.2.3
000.e
++1
.
1e+
++1
+
1.2.3
1ee2
++1
1e+
1.2.3
0e
1e-
-
1ee2
e10
1.2.3
--2
1.2.3
e10
-
e10
0e
1e-
1e
-
1e+
0e
e10
1e
.
000.e
1e+
+
+
0e
+
-
1ee2
.
1ee2
--2
1e-
1ee2
1e+
e10
abc
-
.
.
-
1e+
000.e
.
--2
1.2.3
e10
--2
1ee2
.
.
--2
+
e10
+
+
1.2.3
+
abc
1e+
1.2.3
+
-
1.2.3
1.2.3
0e
000.e
++1
e10
--2
1e+
abc
+
e10
--2
1e+
1.2.3
abc
1e-
+
abc
1e+
1ee2
1.2.3
1ee2
000.e
--2
++1
000.e
1e
+
+
000.e
abc
1e-
-
1e+
1e-
0e
1e+
1.2.3
-
1e+
--2
e10
++1
e10
-
abc
1ee2
000.e
--2
1.2.3
0e
1ee2
1e-
abc
abc
1e+
e10
1e
+
1ee2
1e
++1
abc
1e-
0e
abc
1ee2
+
1ee2
1e
-
1e+
1e-
1e
++1
1e
1e-
1ee2
1e-
1e+
1.2.3
1ee2
--2
-
++1
1e-
1e
.
1e
1ee2
.
-
-
1ee2
++1
1.2.3
1ee2
-
1e-
1.2.3
.
1ee2
-
0e
000.e
++1
.
abc
1ee2
1.2.3
0e
e10
000.e
-
-
++1
abc
--2
1e+
e10
-
1ee2
1e-
-
abc
1e
.
1.2.3
1e+
--2
+
1e+
-
1e
1ee2
000.e
1.2.3
1e-
1ee2
++1
1e
1e-
++1
0e
--2
1e+
1e
1.2.3
1e
000.e
+
--2
+
--2
1e
1e+
000.e
1e-
e10
000.e
1.2.3
--2
+
--2
0e
000.e
1ee2
0e
e10
000.e
++1
0e
--2
000.e
1e
e10
--2
1.2.3
e10
0e
000.e
1e-
e10
--2
1e+
1e+
--2
++1
abc
1ee2
1ee2
+
e10
e10
1ee2
1e
1ee2
e10
++1
++1
abc
abc
1.2.3
1e
-
+
1e-
++1
1e+
1e+
--2
abc
1.2.3
abc
-
1e-
1e-
-
1e-
--2
abc
.
--2
+
0e
--2
000.e
1e+
--2
1e+
.
1e-
1e
abc
1e
1e-
--2
1.2.3
abc
0e
1ee2
1ee2
++1
+
--2
000.e
--2
1.2.3
000.e
1.2.3
-
1e-
0e
0e
+
1.2.3
1.2.3
000.e
e10
1e
++1
++1
1.2.3
e10
000.e
--2
1ee2
000.e
1e+
1ee2
.
1e
abc
abc
+
1ee2
+
000.e
1e-
0e
+
1e
abc
1e+
-
0e
1ee2
e10
1e-
--2
1e-
++1
000.e
-
+
+
+
.
000.e
+
-
+
1.2.3
1e+
+
1.2.3
1e+
1e-
0e
abc
++1
--2
+
000.e
1e
+
--2
1e
--2
1e+
1.2.3
abc
0e
+
.
+
1.2.3
abc
1e
.
0e
1ee2
abc
.
1.2.3
-
1e+
-
1e-
1e-
1e
-
1e-
0e
--2
000.e
--2
.
1ee2
abc
abc
000.e
-
000.e
1e
-
1e
1e-
--2
000.e
e10
1e-
+
abc
++1
abc
e10
1ee2
000.e
000.e
+
1.2.3
++1
1ee2
--2
1e+
1ee2
1e+
1e-
1e+
1.2.3
1e
abc
-
abc
000.e
1.2.3
-
.
1.2.3
+
0e
++1
1e+
.
1e+
1e
.
0e
e10
1e+
-
--2
1e-
++1
1e-
1e
1ee2
000.e
000.e
abc
+
abc
++1
000.e
e10
--2
++1
1e
++1
+
.
abc
1e+
-
1e-
000.e
1e-
abc
0e
1e-
e10
1e-
e10
1ee2
+
1e
abc
+
000.e
+
1e-
--2
+
.
1e+
--2
1ee2
-
abc
1.2.3
1.2.3
.
1e
1.2.3
++1
1e-
.
1ee2
-
1ee2
1e+
.
1e-
1e-
.
1ee2
1.2.3
.
1ee2
++1
abc
1e+
abc
.
.
+
abc
e10
1e+
1ee2
--2
+
1e-
000.e
++1
1.2.3
1e
e10
++1
.
+
1ee2
000.e
0e
--2
.
0e
--2
000.e
.
e10
1e
+
0e
1e-
000.e
-
0e
++1
abc
.
--2
.
1ee2
1e
000.e
1e+
abc
abc
1e
++1
000.e
1e+
0e
1ee2
++1
+
1e+
0e
000.e
1e
--2
--2
1e-
++1
++1
++1
1e-
e10
e10
e10
1e-
0e
1e-
1e-
abc
.
++1
1e-
-
1.2.3
1e+
1e+
1e+
abc
000.e
abc
--2
abc
000.e
1ee2
-
1ee2
--2
abc
1ee2
-
0e
e10
1e+
1e+
.
.
1e-
--2
.
1.2.3
-
1e-
000.e
1ee2
++1
1e+
abc
++1
0e
--2
abc
1e-
1e
1e+
0e
000.e
e10
--2
+
-
abc
1e-
000.e
.
0e
1e
+
1e
++1
1e+
1.2.3
0e
e10
e10
1e-
1.2.3
000.e
++1
.
.
abc
000.e
abc
1ee2
e10
1.2.3
+
abc
1ee2
--2
-
.
1e-
1e
--2
e10
e10
1e-
+
.
-
+
--2
1e
abc
-
0e
1e+
-
abc
e10
.
0e
-
e10
000.e
1.2.3
++1
1.2.3
1e+
1ee2
1ee2
+
1e+
1e+
++1
1.2.3
1.2.3
e10
--2
1e-
e10
.
abc
e10
abc
abc
-
abc
+
e10
1ee2
1e-
1ee2
1e-
1.2.3
.
1e-
abc
++1
-
1e-
.
abc
1ee2
0e
1e
+
++1
1e+
0e
abc
.
e10
1e-
1ee2
-
1ee2
000.e
1e+
1e
--2
0e
1e
abc
1e
1e
1e
--2
+
1e
1.2.3
0e
0e
000.e
+
abc
--2
--2
1ee2
1e-
-
1e+
+
1e+
1e+
1e+
1e+
.
1e
0e
000.e
000.e
1ee2
abc
abc
+
+
1e+
abc
1e
0e
1ee2
++1
.
1e
1e-
1e-
1e+
1e
000.e
000.e
1.2.3
1e+
.
1ee2
0e
000.e
1.2.3
1e+
e10
+
abc
1e
1.2.3
0e
--2
.
-
0e
0e
1ee2
1e
+
1ee2
-
-
1e+
1e-
+
e10
1ee2
0e
1e
1e+
--2
1ee2
.
000.e
+
000.e
1e-
1e
e10
0e
-
0e
1.2.3
--2
000.e
-
+
++1
1e
1e-
1.2.3
-
+
+
1e+
000.e
000.e
000.e
0e
--2
+
000.e
++1
-
+
1.2.3
-
000.e
1ee2
abc
--2
1ee2
++1
--2
1ee2
-
-
1e-
1e-
-
0e
e10
++1
.
+
1ee2
+
0e
000.e
--2
-
1e
1.2.3
1ee2
1e+
++1
000.e
1.2.3
1ee2
1ee2
000.e
1e
0e
000.e
1.2.3
e10
1ee2
.
.
1e
-
--2
++1
.
.
1e
1e+
--2
++1
e10
-
1ee2
1e-
1.2.3
e10
e10
--2
abc
.
abc
1e-
--2
0e
--2
e10
1e
1e+
1ee2
1e-
1e
--2
++1
+
1e+
-
0e
e10
e10
000.e
.
++1
1ee2
-
.
-
1e+
-
1ee2
.
abc
abc
e10
++1
1e+
1ee2
1.2.3
1e-
1.2.3
1e-
--2
++1
0e
000.e
1.2.3
--2
-
0e
1.2.3
0e
++1
1e+
1ee2
--2
--2
+
1e-
e10
e10
.
++1
1.2.3
-
000.e
+
1e
abc
1.2.3
1e
++1
++1
-
0e
.
000.e
-
+
++1
1e+
1e-
abc
1ee2
1.2.3
.
++1
1e+
1e+
1e
++1
e10
+
e10
++1
1e-
1e
++1
--2
++1
e10
000.e
0e
000.e
1e
--2
1.2.3
1.2.3
1ee2
0e
++1
1e-
e10
-
1e
-
1e
000.e
1e-
1e
+
.
1ee2
1e+
1ee2
-
abc
-
+
--2
+
000.e
1.2.3
--2
e10
0e
+
1.2.3
-
++1
000.e
1e+
1ee2
--2
abc
000.e
.
.
e10
--2
++1
+
1.2.3
++1
1e+
-
1.2.3
abc
1e
e10
-
++1
.
e10
000.e
1.2.3
1e
1e+
-
abc
--2
+
abc
0e
1e-
+
+
1e
0e
0e
--2
abc
.
000.e
++1
.
1e
+
1e
.
abc
000.e
1.2.3
-
1e+
++1
e10
1e+
1.2.3
abc
1e-
1e-
000.e
+
0e
1e+
--2
.
1e-
1.2.3
+
-
1e
1e
1e+
000.e
0e
++1
--2
1e+
.
--2
000.e
1e-
1e
1.2.3
1ee2
1.2.3
1e
--2
abc
abc
.
--2
e10
.
1e
abc
abc
1.2.3
--2
e10
1e+
.
.
1e
000.e
.
0e
++1
abc
+
++1
1e-
-
-
++1
abc
++1
000.e
1ee2
1e-
1e+
e10
1e
--2
1.2.3
000.e
1ee2
1e-
0e
e10
1e
--2
-
1e+
1.2.3
1e
.
++1
abc
e10
1e+
1e-
0e
--2
0e
.
0e
1e+
1.2.3
++1
1e+
000.e
e10
++1
e10
-
--2
abc
-
+
e10
1e-
1e+
1.2.3
++1
1e-
++1
+
.
.
1ee2
000.e
+
0e
+
1e+
1e-
1e-
+
1e
0e
.
1.2.3
++1
1e+
1ee2
1e+
e10
--2
e10
-
1e-
.
1ee2
1e-
abc
1ee2
++1
000.e
abc
1e+
+
1ee2
1e-
--2
1e+
1e+
abc
1e+
1ee2
0e
1e-
++1
1ee2
.
1e-
1e-
1e+
abc
abc
1.2.3
+
1e-
1e+
++1
1e
1ee2
1ee2
--2
000.e
1e
1ee2
--2
0e
+
++1
1e-
1e-
-
1e+
1e-
abc
.
1e-
+
1e-
-
+
+
1e+
1e
1ee2
1ee2
abc
--2
1ee2
1.2.3
1ee2
000.e
-
.
1e
1e-
e10
-
1e+
000.e
--2
-
1e-
.
1ee2
+
-
+
abc
+
000.e
1e-
000.e
--2
++1
1ee2
1e+
1e
e10
1.2.3
--2
1e
.
1e+
1.2.3
++1
+
1ee2
0e
1.2.3
+
++1
1.2.3
1e-
e10
abc
1.2.3
1e-
000.e
1e-
+
000.e
.
++1
--2
1e+
1ee2
1ee2
abc
--2
e10
1.2.3
1ee2
e10
1e+
+
1e-
e10
1e+
.
--2
-
1e+
1ee2
-
1ee2
1e-
1e
abc
1e
1e+
-
1e+
1.2.3
1ee2
++1
.
1.2.3
-
1e-
+
1e
.
000.e
1.2.3
000.e
0e
e10
1ee2
+
1e+
1.2.3
1e+
0e
1e-
1e-
+
1e+
1e+
1e
000.e
1e
1ee2
.
1e
1e-
+
abc
0e
1e
1e+
++1
e10
1e-
1.2.3
1e+
-
+
1e-
abc
++1
abc
000.e
000.e
1e+
.
1e
1e+
--2
.
abc
--2
.
e10
abc
000.e
++1
1ee2
000.e
abc
.
0e
+
000.e
1ee2
--2
000.e
++1
1ee2
1ee2
1e
1e
--2
.
abc
.
abc
1ee2
-
.
1e-
1.2.3
++1
1e
0e
--2
1ee2
1.2.3
e10
++1
abc
1ee2
1e
1e
--2
-
1.2.3
1e
0e
1e+
000.e
abc
+
++1
0e
+
000.e
+
1ee2
0e
.
+
+
.
1e-
abc
0e
+
++1
e10
1.2.3
1ee2
1e+
1e-
+
-
abc
0e
.
1ee2
.
-
--2
++1
--2
e10
0e
000.e
.
1e-
--2
e10
1.2.3
--2
+
++1
--2
+
e10
0e
1ee2
+
-
e10
--2
0e
+
1e
.
++1
000.e
++1
-
1e
1.2.3
000.e
1e
+
0e
+
+
-
++1
1e
1e+
1e+
++1
-
abc
.
000.e
.
--2
1ee2
1ee2
abc
.
abc
1e
000.e
--2
1e+
abc
1e+
1e
-
1e-
1e-
1.2.3
000.e
0e
-
1.2.3
0e
1e+
1.2.3
0e
0e
-
1e
e10
.
-
e10
.
-
++1
0e
-
0e
1e
1e-
abc
0e
++1
000.e
1.2.3
+
1e-
1e-
1e
e10
1e-
1ee2
1.2.3
--2
1e+
--2
1e+
.
1e-
1e+
e10
000.e
++1
1e-
1.2.3
0e
1.2.3
-
abc
e10
000.e
+
1e+
000.e
.
1.2.3
1.2.3
1e-
-
.
--2
e10
e10
.
-
1e+
1e-
--2
1e-
1e-
+
1ee2
1e+
.
1.2.3
--2
000.e
abc
1e
1e-
--2
000.e
1e-
++1
1ee2
+
1ee2
1.2.3
1ee2
--2
1e-
-
1e+
1e
+
abc
1ee2
e10
.
1ee2
++1
+
++1
000.e
-
.
1.2.3
1ee2
-
--2
e10
1ee2
1e-
1.2.3
1e-
1e-
+
000.e
1.2.3
-
1e+
-
1e
1e-
--2
--2
.
000.e
0e
1e+
abc
e10
-
+
1.2.3
1ee2
-
-
1e-
1.2.3
1e-
1.2.3
1e+
--2
.
1e
1e-
--2
1ee2
-
1e+
1e
+
--2
000.e
++1
+
1e+
000.e
1e-
++1
1e+
1ee2
1e-
-
1ee2
1ee2
e10
e10
++1
1ee2
e10
++1
1ee2
1e+
--2
+
.
1e+
1e+
1ee2
1ee2
000.e
--2
1ee2
1ee2
1e-
1ee2
-
++1
--2
.
1.2.3
--2
0e
1e
abc
abc
++1
1e+
++1
-
abc
1.2.3
000.e
1ee2
+
--2
0e
1e+
+
+
1.2.3
++1
+
1.2.3
1e-
-
1e+
-
++1
000.e
+
000.e
1e+
+
--2
--2
1e
0e
1e
+
1e-
--2
++1
++1
1e-
e10
.
--2
1ee2
++1
--2
1e+
1e
1.2.3
.
1ee2
abc
1e
1e+
1e
1e+
--2
abc
1e+
abc
+
1e+
000.e
+
+
.
+
-
1e+
000.e
1e
1ee2
1.2.3
0e
0e
1e+
1.2.3
-
.
--2
+
1e-
--2
1e-
1e+
abc
-
+
+
0e
1e-
1e+
++1
0e
1.2.3
+
.
-
1e
1.2.3
.
000.e
+
1e-
1e
1ee2
abc
1ee2
e10
0e
1e-
abc
1e
-
.
000.e
e10
1e
--2
0e
--2
1ee2
1e-
-
abc
--2
abc
-
--2
1ee2
1e+
e10
++1
1.2.3
1.2.3
1.2.3
++1
+
.
0e
1e
++1
abc
e10
--2
-
abc
abc
++1
0e
1.2.3
000.e
--2
1e-
++1
1e-
+
1e-
000.e
++1
++1
++1
-
--2
0e
1e+
1ee2
e10
1.2.3
abc
+
0e
-
0e
1ee2
1e
e10
000.e
1e-
000.e
-
++1
1.2.3
.
--2
-
e10
1e
0e
+
1ee2
e10
0e
abc
000.e
1.2.3
e10
1e+
-
000.e
1.2.3
++1
+
--2
1e
1e
--2
1e-
-
1e+
1.2.3
--2
abc
1e
0e
--2
++1
abc
1e
--2
1ee2
+
0e
--2
1.2.3
1ee2
++1
abc
-
0e
+
abc
1e
000.e
abc
-
++1
1ee2
abc
++1
++1
-
1ee2
1e-
e10
1e
1e
--2
1e+
.
1ee2
1ee2
1.2.3
-
-
0e
1ee2
e10
1e+
++1
1e
1e-
e10
1.2.3
000.e
1.2.3
-
1.2.3
1e-
++1
abc
+
.
1ee2
.
+
1e+
--2
--2
abc
e10
1.2.3
abc
1e
-
1e
abc
1.2.3
+
1e+
1ee2
e10
1.2.3
1e
e10
-
1e
--2
++1
.
1.2.3
+
0e
.
++1
-
1.2.3
.
e10
1e+
e10
000.e
000.e
+
1e
1.2.3
1e
-
.
++1
1e-
1e
-
1ee2
1e
e10
+
0e
1e
0e
0e
.
1ee2
--2
e10
--2
1e-
abc
1.2.3
++1
1ee2
1e
000.e
-
1e
++1
0e
1e-
1ee2
1e-
++1
1ee2
+
000.e
++1
0e
1e-
000.e
.
1e+
1e+
abc
++1
++1
1e-
--2
000.e
1e-
0e
+
0e
1e+
0e
--2
1e-
abc
1.2.3
0e
++1
++1
abc
000.e
1ee2
-
1e-
1e
--2
1e
abc
++1
0e
.
000.e
0e
1.2.3
000.e
--2
1e
0e
1ee2
000.e
000.e
000.e
0e
1e+
0e
.
0e
abc
1e+
+
1e+
000.e
1ee2
++1
.
--2
++1
1.2.3
1e+
1e
1e
+
.
000.e
--2
1ee2
1e+
.
abc
000.e
000.e
-
abc
1e-
1e
abc
1ee2
0e
1ee2
1e
000.e
-
1ee2
++1
000.e
abc
abc
++1
1ee2
1e
++1
000.e
.
.
+
1ee2
1ee2
000.e
1e-
e10
++1
1e
e10
++1
abc
1e-
--2
1e
1.2.3
1.2.3
000.e
1e
+
.
1ee2
1e
1.2.3
1e-
--2
--2
.
+
000.e
e10
++1
1.2.3
0e
0e
1ee2
0e
1e+
1ee2
1e
-
1.2.3
.
++1
1e+
+
.
1.2.3
abc
1e
e10
1e
1.2.3
1e+
-
1e+
--2
1ee2
0e
1.2.3
1e
1e+
1.2.3
1e+
1ee2
0e
+
000.e
000.e
1e+
1e-
++1
+
1e-
1.2.3
1.2.3
--2
+
0e
000.e
0e
.
+
+
1e+
--2
e10
++1
0e
-
1ee2
abc
.
+
e10
++1
1e
1e
e10
1e-
1.2.3
1.2.3
1e
1ee2
+
--2
+
--2
1e
1e+
1e+
e10
+
1e
--2
1e+
--2
e10
1.2.3
.
000.e
1.2.3
e10
1e-
000.e
1ee2
+
1e
e10
--2
--2
1e+
e10
1.2.3
+
.
++1
1e
1e+
++1
++1
e10
-
.
1.2.3
-
++1
1.2.3
-
0e
+
1.2.3
abc
.
0e
++1
-
e10
1.2.3
1e
.
1ee2
0e
--2
1ee2
0e
1e-
-
-
1e-
.
e10
0e
abc
1e+
1ee2
1.2.3
000.e
e10
1e+
1e
abc
-
--2
1ee2
--2
1e
--2
e10
abc
000.e
.
+
--2
-
.
1e
+
0e
--2
1e-
++1
abc
1.2.3
1e-
.
1e+
abc
+
+
--2
++1
++1
1e-
--2
e10
e10
0e
--2
0e
1e-
1e
1e+
.
1e-
1e
e10
1ee2
1e
--2
1ee2
1ee2
000.e
1e+
1e-
-
--2
1e-
0e
-
1e+
1e
1.2.3
000.e
1e+
1ee2
-
+
1.2.3
abc
abc
1e-
e10
1e-
abc
+
000.e
.
.
1e+
-
++1
0e
+
1ee2
e10
1ee2
++1
abc
e10
--2
1e-
1.2.3
0e
-
--2
++1
1e
abc
000.e
1e-
1ee2
1e+
e10
0e
abc
e10
1.2.3
1e+
1ee2
1e-
1ee2
--2
1.2.3
.
abc
-
--2
+
.
1.2.3
1ee2
.
++1
abc
++1
1ee2
000.e
++1
e10
1ee2
1ee2
0e
000.e
++1
+
0e
1e+
1e+
-
000.e
+
000.e
abc
e10
++1
+
1e-
1.2.3
000.e
abc
1ee2
1e-
.
1ee2
--2
1e
1e-
0e
0e
1e
-
++1
1e
abc
+
1e+
000.e
1e-
+
--2
1e
0e
0e
+
000.e
abc
++1
e10
e10
0e
.
1e
1e+
1ee2
--2
.
000.e
+
--2
-
1ee2
1e-
1ee2
+
+
1e
1.2.3
1e-
1.2.3
1e-
1e
++1
e10
1e+
.
1e
0e
++1
abc
.
+
0e
000.e
-
0e
--2
1e
1e-
1ee2
-
1e+
000.e
1e+
1e+
.
++1
0e
.
e10
0e
1e+
-
000.e
1ee2
1ee2
000.e
-
.
+
0e
--2
+
0e
-
1e+
.
1ee2
1ee2
1e
--2
--2
000.e
1ee2
+
e10
+
1e+
1e
.
1.2.3
1e-
+
e10
1e+
--2
0e
+
--2
.
1e
.
1e+
1e-
abc
e10
1e-
1ee2
1e
1ee2
1e+
000.e
.
--2
1e
1.2.3
++1
-
0e
1.2.3
++1
1e+
++1
1e
e10
1ee2
--2
++1
--2
1e-
000.e
--2
-
1e
1e
000.e
1e-
++1
1.2.3
1e+
e10
.
++1
1e-
.
0e
000.e
1e
--2
abc
1e+
-
.
000.e
--2
e10
1.2.3
000.e
+
0e
1.2.3
--2
1e
1e+
1e+
1ee2
--2
000.e
1e-
--2
++1
+
abc
0e
1ee2
1e-
1.2.3
+
1.2.3
1.2.3
1e-
++1
--2
+
+
+
+
1e-
e10
000.e
1ee2
abc
++1
1e
-
000.e
-
000.e
+
1.2.3
--2
0e
--2
+
--2
++1
e10
.
e10
1.2.3
++1
1.2.3
e10
abc
1e+
abc
1e+
1.2.3
--2
e10
1ee2
1ee2
abc
1e+
000.e
abc
1e-
+
.
1e
1e+
1e-
+
1e+
-
.
1.2.3
abc
1ee2
000.e
1e
abc
abc
1.2.3
1ee2
1ee2
1e-
++1
1e+
1e
1e+
abc
-
1ee2
1ee2
+
abc
abc
-
e10
abc
1e+
-
e10
1ee2
+
+
1.2.3
1ee2
0e
000.e
1e
.
1ee2
1e-
1e+
+
1e+
1e
1e+
--2
1.2.3
--2
1.2.3
1e
0e
--2
1ee2
1ee2
1.2.3
0e
1e
1e-
++1
e10
+
1e-
1e+
000.e
1e
abc
1e-
++1
abc
e10
1ee2
abc
1.2.3
1.2.3
abc
e10
1e+
e10
+
-
1e+
.
+
1.2.3
e10
000.e
e10
1.2.3
1e
1e+
+
1ee2
000.e
1e-
-
1e+
1ee2
e10
.
++1
.
000.e
--2
000.e
000.e
1ee2
+
++1
1e-
.
1e+
-
++1
e10
1e-
e10
1e
--2
++1
abc
1e
000.e
1ee2
1.2.3
000.e
0e
++1
1e+
e10
.
000.e
1ee2
abc
1ee2
-
0e
+
0e
.
++1
++1
e10
++1
1e
1e
1.2.3
1.2.3
--2
1.2.3
000.e
1e-
0e
1.2.3
-
-
+
1e+
1e-
+
e10
1e+
1e
1e+
e10
-
1.2.3
1e
000.e
1e+
1.2.3
++1
-
abc
-
++1
-
1.2.3
e10
abc
1.2.3
0e
++1
1.2.3
1ee2
1e
+
++1
e10
--2
1e
.
.
-
+
1.2.3
000.e
1ee2
-
1ee2
+
1e+
1e+
0e
000.e
e10
+
++1
--2
1e
1ee2
1e
-
1e
+
abc
abc
-
1e+
+
--2
1e+
1ee2
.
--2
1e
1e
1e
0e
000.e
1.2.3
abc
e10
000.e
--2
-
+
1e+
1e
1e
.
-
1e+
+
e10
1ee2
-
-
-
e10
-
--2
1.2.3
1ee2
1e
000.e
0e
e10
1.2.3
1e-
-
abc
0e
e10
.
000.e
1e+
e10
1e-
1ee2
0e
abc
.
1e+
000.e
1ee2
1ee2
e10
1.2.3
-
.
000.e
0e
000.e
.
.
1e
+
000.e
-
0e
+
.
1.2.3
1e-
abc
-
e10
e10
1e-
1e-
+
+
1.2.3
-
+
e10
--2
1ee2
.
-
1e-
+
1e+
--2
-
.
1e+
1e-
000.e
.
1ee2
1e+
+
.
abc
.
e10
e10
0e
000.e
abc
++1
1e
1ee2
abc
1e+
0e
.
-
1.2.3
abc
1e+
++1
+
1.2.3
abc
++1
1e
1e
--2
000.e
e10
-
++1
0e
1e-
e10
0e
-
1e-
1.2.3
0e
-
1.2.3
1.2.3
1ee2
000.e
+
1ee2
abc
1e-
-
1e
--2
0e
++1
1ee2
--2
++1
000.e
--2
1e-
.
1e
--2
1e-
1e-
e10
e10
+
1e-
++1
000.e
.
abc
.
--2
1ee2
1.2.3
1e
+
000.e
1ee2
0e
1.2.3
0e
1e
e10
000.e
-
abc
0e
-
abc
1e-
000.e
0e
1ee2
1ee2
--2
.
1ee2
1.2.3
0e
1ee2
1e
e10
--2
000.e
1e-
1e
+
1.2.3
1e-
1ee2
.
1e-
abc
1e+
1e+
.
++1
-
e10
++1
+
abc
e10
0e
e10
-
abc
1ee2
1e-
e10
1ee2
-
1ee2
000.e
1ee2
++1
0e
000.e
1e-
1ee2
.
-
++1
e10
abc
abc
000.e
e10
1ee2
abc
1.2.3
1e+
+
000.e
++1
0e
1ee2
1e
1e+
1.2.3
0e
e10
1ee2
--2
abc
+
-
+
1.2.3
abc
.
+
--2
e10
+
++1
e10
1e+
1e+
abc
1e
000.e
abc
1e
abc
0e
.
++1
1ee2
.
1e
e10
0e
-
++1
.
0e
.
0e
-
abc
1.2.3
e10
000.e
-
1e
1e+
.
1e-
e10
+
000.e
1e+
000.e
1.2.3
0e
--2
.
1e-
abc
1ee2
1e
e10
1ee2
.
-
1.2.3
abc
1e
.
++1
1e-
1e-
.
.
1e+
.
++1
-
.
-
-
1e-
++1
++1
1.2.3
1ee2
1e+
1.2.3
000.e
-
0e
++1
--2
--2
--2
000.e
000.e
-
abc
0e
1ee2
1ee2
1e-
abc
1.2.3
++1
0e
000.e
abc
-
++1
abc
e10
--2
-
.
e10
--2
000.e
1ee2
-
1e
000.e
abc
--2
--2
000.e
++1
1e-
1ee2
-
--2
1.2.3
-
1ee2
e10
abc
1.2.3
000.e
--2
1e+
000.e
0e
.
+
abc
1e
1e+
--2
abc
1e
.
1.2.3
000.e
1.2.3
1ee2
0e
1ee2
0e
1e
0e
abc
-
--2
+
.
1e-
.
--2
++1
1.2.3
--2
000.e
1ee2
1.2.3
abc
1ee2
+
1ee2
1e+
+
1e-
000.e
000.e
.
1e
++1
000.e
000.e
--2
-
.
+
++1
000.e
000.e
1ee2
--2
++1
--2
-
0e
0e
1ee2
1.2.3
000.e
++1
0e
abc
+
000.e
abc
+
abc
1e-
e10
abc
0e
0e
e10
1.2.3
.
1e
1ee2
e10
.
--2
--2
-
1ee2
1ee2
0e
1e-
+
1e+
e10
1e+
1.2.3
1e
+
1ee2
-
1e-
1e
1e
000.e
--2
++1
-
abc
1e
1e-
++1
1.2.3
.
+
1e
.
++1
1e
++1
--2
e10
1e
+
1e+
+
+
--2
-
-
+
abc
1e
1e
1ee2
++1
--2
000.e
+
-
+
000.e
+
-
000.e
abc
.
e10
+
-
e10
.
1ee2
+
1e-
--2
abc
000.e
1e+
0e
1e-
.
.
1e-
1e-
1e+
1ee2
abc
abc
--2
+
1.2.3
-
-
1e
1.2.3
-
--2
1.2.3
++1
1e
.
-
+
000.e
000.e
1e
.
1e
--2
--2
000.e
1.2.3
1e
abc
abc
1ee2
+
1e
1e+
+
000.e
++1
-
--2
++1
-
++1
1e+
+
1e-
1e
--2
+
1ee2
1e
1e-
abc
000.e
e10
0e
1ee2
-
0e
0e
1.2.3
abc
0e
+
1ee2
1e+
1e+
--2
e10
-
1.2.3
1.2.3
1ee2
1e-
1e+
000.e
+
abc
1e-
+
e10
1e-
0e
1ee2
1.2.3
--2
1e-
000.e
+
.
.
1e+
1.2.3
-
-
1.2.3
-
1e
1ee2
++1
+
-
--2
000.e
1e-
0e
++1
++1
e10
000.e
e10
.
--2
++1
++1
abc
1e+
-
--2
+
1e
--2
1e
--2
--2
++1
+
1e-
+
-
1ee2
abc
0e
1e+
++1
--2
1e-
-
1.2.3
--2
1e+
abc
1e
1ee2
1.2.3
--2
1e-
+
.
0e
1e+
000.e
1e+
e10
000.e
+
abc
+
1ee2
1e
0e
1e
.
abc
--2
1e-
1ee2
1.2.3
+
--2
1e
abc
1.2.3
0e
e10
1e+
e10
++1
000.e
++1
1e
1e
1e
--2
1ee2
abc
000.e
e10
.
1e+
--2
e10
1e+
1e
abc
1e
-
0e
1.2.3
+
.
1.2.3
--2
1e-
-
000.e
--2
.
abc
000.e
e10
1.2.3
0e
-
1ee2
--2
abc
abc
-
+
1e
1ee2
.
-
-
0e
1e-
1ee2
000.e
.
000.e
e10
.
.
000.e
++1
e10
1e
1e-
.
--2
--2
0e
e10
1.2.3
++1
e10
1e-
1e-
000.e
1e
1.2.3
1ee2
000.e
--2
++1
1.2.3
+
1e+
1.2.3
++1
0e
abc
--2
--2
1e-
000.e
000.e
1ee2
--2
000.e
1e-
abc
.
0e
1e+
0e
1.2.3
1e
++1
000.e
1.2.3
--2
0e
0e
++1
1e+
-
e10
abc
1e
1.2.3
-
-
--2
--2
-
e10
1.2.3
1.2.3
--2
1e-
-
1e-
-
.
1e-
++1
1e-
--2
1e+
1e-
--2
1ee2
e10
1e-
1e
++1
++1
.
1e-
1.2.3
1e
0e
-
1e
.
++1
abc
e10
+
+
e10
1e
0e
--2
1e+
1e
0e
1e-
-
e10
1e
1ee2
abc
1e+
1e-
0e
1e-
1ee2
1e-
+
.
abc
1.2.3
000.e
1e-
.
-
1e-
1e+
1.2.3
.
abc
1.2.3
-
--2
1.2.3
abc
1ee2
0e
++1
1e-
--2
000.e
e10
1e+
1ee2
1e+
+
1.2.3
1.2.3
1e+
1e+
-
1ee2
000.e
1e
.
abc
e10
000.e
e10
+
1e-
1.2.3
1ee2
+
.
000.e
1e+
-
1ee2
1ee2
+
0e
1ee2
-
abc
--2
++1
.
.
1e-
++1
1.2.3
1e-
000.e
000.e
-
1ee2
1e+
1.2.3
-
abc
-
1e
000.e
1e-
-
1.2.3
1ee2
0e
1e+
+
.
1.2.3
--2
000.e
abc
0e
abc
1.2.3
--2
--2
.
-
0e
e10
000.e
-
1e-
0e
+
--2
e10
1e+
++1
1ee2
1.2.3
000.e
1e+
++1
.
1ee2
.
0e
-
000.e
000.e
abc
1e
1.2.3
-
1e-
1e
1e
1e-
000.e
+
abc
000.e
1e-
1ee2
0e
-
.
+
1e-
000.e
1e
1ee2
1e-
.
--2
+
.
1ee2
++1
--2
1e-
e10
--2
+
--2
.
-
-
0e
1.2.3
1e-
.
-
000.e
1ee2
000.e
1e+
-
1e-
1ee2
0e
-
+
++1
0e
000.e
1e-
--2
++1
1ee2
e10
1e-
abc
000.e
1.2.3
0e
+
1e+
e10
1e-
++1
++1
1e
--2
-
+
abc
000.e
1.2.3
0e
1e-
+
1ee2
000.e
--2
1e-
e10
abc
++1
1e+
++1
.
-
0e
000.e
-
000.e
0e
1.2.3
--2
--2
+
1e
1e
-
1e-
1e-
1e
1e+
abc
--2
1e
1e
1e+
1ee2
-
e10
1ee2
1ee2
1e+
.
+
-
e10
+
++1
0e
1ee2
1ee2
1.2.3
abc
000.e
++1
1e+
.
1e
--2
0e
1ee2
1e
1.2.3
0e
0e
0e
1.2.3
1e+
1e+
0e
--2
1e-
.
0e
000.e
-
1ee2
1ee2
-
000.e
e10
1e-
1e+
++1
abc
1ee2
1e+
000.e
.
--2
1e-
1ee2
1e
0e
1e
1.2.3
.
1.2.3
1e-
e10
--2
.
+
+
--2
1ee2
1ee2
abc
--2
++1
1e
1e+
e10
1.2.3
e10
1e-
.
--2
.
e10
e10
e10
e10
1ee2
.
1ee2
-
--2
.
1e
--2
+
1e+
0e
1e
++1
000.e
++1
0e
-
++1
000.e
++1
e10
++1
++1
++1
1e+
abc
.
+
.
-
.
1.2.3
--2
1ee2
-
0e
1ee2
1e+
000.e
e10
000.e
0e
++1
1.2.3
1e+
abc
1ee2
++1
1ee2
000.e
--2
1e+
0e
0e
1.2.3
++1
+
.
0e
000.e
0e
--2
1.2.3
.
0e
1e-
+
1e-
1e-
--2
000.e
000.e
1e
000.e
1e+
.
e10
1ee2
1e-
1e+
abc
.
1e+
+
abc
.
.
000.e
--2
1ee2
e10
--2
++1
1e-
++1
1e-
1e+
-
0e
1.2.3
1e+
0e
1e+
1.2.3
.
1e+
--2
1.2.3
.
--2
000.e
+
-
e10
1.2.3
0e
.
1e-
e10
++1
1.2.3
+
1e
abc
++1
abc
++1
abc
e10
++1
1e+
0e
1e+
e10
1e-
abc
.
e10
0e
-
1e
e10
.
++1
1e
1.2.3
-
1ee2
--2
.
abc
++1
1.2.3
abc
0e
1e-
1.2.3
e10
e10
+
abc
--2
abc
e10
1e-
--2
++1
1e-
++1
+
--2
++1
abc
--2
abc
-
1e-
1e-
1e+
1e+
1e+
+
++1
000.e
1.2.3
0e
1e-
--2
--2
1e
--2
e10
++1
--2
.
000.e
1e-
+
+
abc
abc
+
.
e10
1ee2
.
e10
abc
e10
++1
1e-
.
e10
e10
1e+
1.2.3
1e+
e10
.
1.2.3
1e+
1e+
.
000.e
1e
e10
e10
000.e
++1
-
abc
.
1e-
-
e10
1e
000.e
1.2.3
--2
+
-
1ee2
1e+
000.e
e10
1e-
abc
1e
000.e
-
1e-
1ee2
--2
1e-
--2
1ee2
--2
e10
1ee2
abc
-
1.2.3
1.2.3
--2
1ee2
--2
0e
abc
--2
0e
abc
000.e
1e+
abc
000.e
1e+
+
-
1.2.3
1e
1e
1e+
1e-
000.e
abc
1e-
e10
.
1e
e10
e10
000.e
++1
1e-
abc
0e
1.2.3
1e+
--2
abc
1ee2
1ee2
-
++1
1.2.3
--2
1e-
1e
1ee2
-
+
1ee2
1ee2
--2
.
1e-
-
.
+
e10
-
++1
+
.
1ee2
.
1e
1e
e10
0e
e10
1ee2
0e
+
e10
1ee2
--2
1e
1.2.3
++1
1e
++1
0e
.
e10
1e
0e
abc
1ee2
e10
.
+
--2
--2
1e-
++1
0e
++1
e10
0e
+
++1
1e-
.
--2
1ee2
000.e
++1
-
1e-
1ee2
++1
1e
.
abc
1.2.3
0e
1ee2
-
1e+
1e-
1e+
abc
++1
1e+
1e-
-
1.2.3
0e
000.e
+
1e+
0e
e10
1.2.3
+
1.2.3
000.e
1ee2
1ee2
1e+
1e+
++1
1e+
-
-
e10
000.e
0e
0e
e10
0e
1.2.3
++1
abc
1e
1e+
1e
0e
--2
1e
1e
1e
++1
1.2.3
e10
.
0e
1e+
1e-
--2
.
1e-
-
1ee2
1e
0e
--2
1e-
.
e10
abc
e10
-
1ee2
000.e
--2
++1
+
000.e
abc
++1
abc
1e-
1e+
000.e
abc
.
--2
1e-
e10
+
1e
e10
abc
abc
000.e
1ee2
000.e
1e
+
1e-
1e
000.e
e10
--2
++1
1ee2
1e-
.
+
1e+
1e
+
-
++1
+
.
1ee2
1ee2
--2
e10
1e
.
++1
e10
1.2.3
e10
1ee2
abc
1.2.3
--2
.
000.e
1.2.3
-
-
+
1e-
1.2.3
++1
1.2.3
000.e
1ee2
000.e
1e
1.2.3
--2
1.2.3
abc
++1
-
+
1ee2
-
1e
1e
1ee2
e10
abc
0e
e10
--2
000.e
1e
0e
+
1e+
abc
000.e
e10
0e
1e
++1
e10
.
1e
1e-
--2
1.2.3
e10
+
e10
1e-
0e
--2
000.e
-
1e
1.2.3
+
.
1e+
++1
0e
000.e
.
--2
1.2.3
1e+
-
1.2.3
++1
0e
1.2.3
e10
1e+
++1
000.e
1e-
+
.
e10
1e+
1e-
1e+
-
.
1e
e10
1e+
0e
abc
1e
1e+
1e
1.2.3
+
0e
1ee2
abc
+
1e+
1e
1e+
1e
1.2.3
e10
000.e
.
+
abc
1e-
000.e
abc
1.2.3
1e
--2
1ee2
e10
e10
+
0e
1e-
0e
-
1ee2
abc
.
1e-
+
1e+
1e
1e-
1e+
0e
e10
e10
000.e
1ee2
--2
.
e10
1e+
e10
e10
1e+
1e+
++1
0e
-
e10
-
e10
000.e
000.e
1e+
1e
-
1e+
-
1ee2
++1
e10
e10
1.2.3
-
1.2.3
1.2.3
1e
-
++1
.
-
+
+
1e+
e10
--2
++1
abc
1.2.3
1e+
--2
abc
000.e
1e+
--2
-
abc
000.e
+
+
1e
abc
-
1e+
-
1ee2
000.e
e10
e10
1e+
.
++1
+
.
abc
1ee2
--2
+
1e+
000.e
++1
1.2.3
++1
+
1e-
abc
abc
000.e
-
1e+
1ee2
++1
1ee2
++1
1e
1.2.3
-
--2
abc
1e+
-
000.e
1e-
--2
0e
000.e
+
-
e10
1ee2
000.e
e10
-
1e
++1
1.2.3
1e+
1e+
1ee2
--2
++1
1.2.3
0e
1e-
0e
000.e
.
e10
1e+
.
1.2.3
1ee2
1e
-
-
++1
abc
e10
abc
+
1ee2
++1
1.2.3
+
1e+
-
1.2.3
1e
e10
--2
1e
1e+
e10
1e+
abc
++1
1e
1e+
0e
--2
1e
e10
1.2.3
1e+
-
1.2.3
1.2.3
1e
000.e
000.e
e10
++1
++1
+
abc
++1
1e+
1e+
+
1e
1e
+
000.e
1ee2
1e
abc
.
000.e
1ee2
-
1e+
abc
1ee2
.
1e
0e
0e
abc
--2
abc
1e+
1ee2
1ee2
--2
+
-
1ee2
-
+
1e-
1e
1e-
++1
000.e
+
000.e
0e
++1
++1
abc
1e-
000.e
1ee2
--2
.
1.2.3
abc
.
-
-
--2
1e
1.2.3
+
e10
0e
1e+
abc
abc
abc
abc
+
0e
1e-
e10
.
++1
+
--2
1e
++1
1e+
abc
1e+
000.e
0e
e10
++1
1.2.3
1.2.3
1e
+
+
e10
1e+
abc
abc
1e+
1.2.3
.
1.2.3
.
1.2.3
-
0e
.
1e+
.
1e-
abc
1.2.3
1ee2
1e+
1ee2
e10
1ee2
1e+
1ee2
000.e
abc
1.2.3
1ee2
--2
abc
+
000.e
0e
e10
1e
abc
1.2.3
abc
e10
1.2.3
1e+
--2
++1
1e+
+
1e
1.2.3
1.2.3
+
1e
.
1.2.3
0e
1ee2
--2
+
+
e10
1e-
1.2.3
--2
-
++1
++1
e10
e10
1ee2
1.2.3
1.2.3
++1
1ee2
++1
-
e10
+
--2
1e+
1e+
1e-
++1
0e
+
.
1ee2
abc
e10
+
+
e10
0e
.
1ee2
1e+
1e-
--2
1e+
-
1e-
1e
1.2.3
1e+
000.e
000.e
1ee2
0e
0e
abc
-
1e
.
1ee2
+
1e
+
+
000.e
1ee2
.
1e
abc
--2
0e
1ee2
1.2.3
++1
+
1.2.3
1.2.3
1e-
1.2.3
e10
.
1e
-
1e
.
1e+
e10
e10
1e+
1e-
000.e
-
-
1e+
1e-
++1
1e
.
1ee2
1e+
000.e
+
1e
1ee2
e10
1e+
000.e
--2
0e
000.e
1e
e10
abc
1e+
1.2.3
1e
e10
1.2.3
1ee2
1e+
000.e
--2
000.e
1ee2
000.e
abc
1e
++1
1e-
1e-
+
--2
abc
1e
.
abc
+
1e+
1e-
1.2.3
--2
++1
000.e
1e+
1ee2
abc
1e-
--2
1ee2
0e
+
-
++1
.
.
0e
0e
1e-
1e
1e-
abc
1e+
--2
0e
1e
000.e
0e
++1
1e
0e
1e-
abc
1ee2
e10
+
++1
000.e
000.e
++1
1e-
abc
.
1e-
-
000.e
0e
0e
1e-
abc
1e+
1ee2
abc
.
-
1.2.3
0e
--2
-
0e
0e
000.e
++1
-
1ee2
.
1.2.3
000.e
-
1e
+
000.e
.
1ee2
--2
000.e
--2
abc
1e
--2
abc
e10
-
++1
-
1e-
++1
+
1.2.3
1e-
1.2.3
++1
++1
++1
1.2.3
1e+
+
1e
-
1.2.3
e10
e10
++1
000.e
++1
--2
1e-
1ee2
.
-
++1
1e+
-
1e+
1.2.3
abc
++1
1e-
1e-
--2
1e
1e-
--2
--2
1e
000.e
--2
abc
++1
0e
1.2.3
1e-
1ee2
0e
1e-
-
e10
++1
1e-
1e
1e
.
1.2.3
000.e
1e
abc
--2
1ee2
1e+
000.e
e10
1.2.3
1.2.3
-
1e-
--2
0e
1ee2
0e
0e
1e
.
1.2.3
0e
--2
1e
0e
1e-
.
000.e
+
--2
1.2.3
1ee2
.
abc
1.2.3
abc
-
0e
1ee2
000.e
1ee2
1.2.3
1e+
++1
000.e
abc
.
e10
++1
++1
000.e
1e
1e
++1
1.2.3
1e-
1e+
++1
+
.
--2
1e-
e10
0e
e10
1.2.3
1e
0e
0e
++1
++1
e10
1e-
1e-
1e+
0e
1e
1e+
abc
.
--2
-
000.e
--2
-
1e+
1ee2
1.2.3
--2
-
abc
+
0e
.
+
++1
1e
1.2.3
++1
--2
000.e
000.e
1ee2
1.2.3
--2
1.2.3
1e
1ee2
++1
e10
000.e
1e
1e-
abc
.
000.e
1e-
000.e
1e-
1e+
--2
1e
abc
+
0e
.
0e
000.e
-
abc
.
0e
1e
1e-
+
1e
++1
abc
--2
1e
++1
.
-
.
1e
abc
1ee2
1e+
1e
1e
1e-
++1
1.2.3
0e
1e
.
1e-
1e+
-
e10
-
++1
1e+
abc
1e-
1ee2
--2
1e
1ee2
000.e
--2
--2
--2
--2
abc
--2
0e
1.2.3
++1
0e
.
0e
000.e
-
+
1e+
1e+
--2
1ee2
-
1e+
1e
.
0e
000.e
1ee2
1e-
.
.
1.2.3
-
1e
1.2.3
++1
abc
--2
e10
abc
+
000.e
abc
+
1ee2
+
0e
abc
1e
+
1e
1.2.3
-
abc
.
0e
++1
abc
-
1e+
1.2.3
--2
1e
++1
1e-
1.2.3
1.2.3
++1
.
1e
1e+
--2
++1
0e
1e
e10
1e+
+
.
1e
e10
000.e
1e-
e10
+
000.e
000.e
.
-
1ee2
000.e
0e
.
0e
1e
.
000.e
1e-
0e
1ee2
.
1e+
-
++1
e10
1.2.3
+
1e-
1e+
e10
1e-
0e
1ee2
000.e
0e
+
abc
000.e
1ee2
e10
1e-
1e-
abc
+
e10
1e+
e10
--2
e10
1.2.3
1ee2
1e-
++1
e10
0e
1.2.3
++1
-
--2
abc
0e
+
++1
1e+
-
0e
e10
+
++1
1e+
.
1ee2
-
++1
0e
++1
1.2.3
+
e10
1e
0e
--2
abc
e10
-
e10
abc
1ee2
1e-
abc
1ee2
.
-
abc
e10
1e
1e-
1e-
+
1e+
1e-
000.e
++1
1.2.3
-
1.2.3
.
.
1e
e10
abc
e10
+
+
abc
abc
abc
abc
000.e
1e
.
1e
++1
0e
.
+
1e-
0e
.
abc
0e
-
1.2.3
1e
--2
.
1ee2
1e-
-
000.e
1ee2
++1
1e+
abc
1.2.3
++1
1e-
++1
1e+
1e+
.
++1
abc
000.e
e10
e10
0e
1ee2
1e-
.
++1
1ee2
abc
+
+
000.e
000.e
e10
1e
+
.
0e
e10
1ee2
1ee2
1e
++1
1e+
000.e
1e
1ee2
1.2.3
1e
1e-
1e-
1.2.3
1e
-
e10
.
1.2.3
0e
.
000.e
0e
++1
1e-
000.e
0e
0e
1e
-
1ee2
0e
-
abc
1ee2
++1
1e
0e
e10
--2
--2
++1
.
1ee2
.
abc
1e+
.
1e+
.
.
--2
--2
000.e
000.e
1.2.3
abc
abc
1e
.
1e+
1e
-
.
1ee2
1e+
.
1.2.3
abc
--2
1.2.3
e10
1e+
+
000.e
1ee2
-
1e
0e
.
abc
000.e
++1
--2
-
++1
abc
.
1e+
+
1e
0e
1e
abc
+
000.e
1e-
+
e10
.
--2
--2
1e+
1e+
.
000.e
0e
+
1e+
000.e
1ee2
1e+
+
e10
1e+
1e
++1
abc
1.2.3
1.2.3
-
.
-
1e+
.
1e-
1e-
1ee2
++1
-
1e+
e10
1e+
e10
0e
+
-
++1
1e+
.
0e
0e
000.e
1ee2
0e
1e-
-
0e
--2
1ee2
1e-
1ee2
abc
1e
1ee2
1e
1e+
e10
1.2.3
e10
abc
1e+
0e
++1
e10
-
1e+
1ee2
-
0e
1e
0e
1e+
1e
1e
1.2.3
++1
1e+
000.e
1ee2
+
++1
1e
.
-
abc
0e
abc
1e+
--2
0e
1ee2
1e+
1ee2
.
.
1e
-
1.2.3
abc
++1
0e
+
0e
+
-
abc
-
000.e
1e+
1.2.3
abc
1e
1.2.3
1ee2
abc
+
+
1ee2
1.2.3
++1
.
1e-
+
0e
abc
.
1e+
1e-
1.2.3
1e
000.e
e10
1e+
1.2.3
.
abc
1e+
1.2.3
0e
-
-
e10
++1
++1
e10
abc
0e
0e
+
e10
0e
1.2.3
-
++1
.
1e
e10
1e-
1e-
0e
++1
000.e
.
1e-
000.e
1ee2
1ee2
0e
1e-
1.2.3
abc
1e+
1.2.3
1.2.3
000.e
1ee2
000.e
000.e
1e+
--2
.
1.2.3
++1
-
0e
e10
1e
+
--2
++1
++1
000.e
1e
.
1ee2
abc
+
abc
1e+
1.2.3
++1
.
1e-
e10
abc
1e
.
++1
abc
++1
--2
000.e
1ee2
1e-
e10
abc
1.2.3
000.e
e10
1.2.3
abc
0e
--2
+
000.e
1.2.3
1e-
--2
++1
--2
1e+
abc
abc
-
e10
1e-
abc
--2
++1
0e
-
000.e
abc
--2
--2
1.2.3
000.e
-
0e
abc
e10
.
1ee2
--2
--2
-
0e
--2
1e-
1ee2
.
--2
.
-
1e+
0e
+
1e
e10
0e
e10
++1
+
000.e
.
-
1e-
+
0e
--2
-
1ee2
000.e
1e
--2
0e
000.e
--2
1.2.3
1e-
0e
++1
1.2.3
1.2.3
1e
.
-
1.2.3
.
--2
-
1.2.3
--2
000.e
-
1.2.3
+
0e
1e
000.e
1ee2
e10
--2
--2
1.2.3
0e
1e-
1.2.3
1.2.3
000.e
0e
.
0e
.
1.2.3
000.e
abc
.
--2
1.2.3
+
abc
0e
abc
-
e10
+
1ee2
1.2.3
e10
.
1e+
-
e10
e10
1e+
++1
.
0e
-
.
e10
abc
1.2.3
e10
.
.
1e+
1.2.3
1ee2
+
e10
1e+
1e-
abc
-
e10
++1
.
0e
1e+
1e-
++1
abc
1.2.3
1.2.3
abc
0e
e10
--2
0e
1e-
-
0e
1e
0e
1ee2
1e-
1e
1e-
+
1.2.3
abc
000.e
.
1.2.3
0e
1.2.3
1.2.3
1e+
1e
1e+
0e
1e+
e10
1e
000.e
+
.
+
e10
1e-
.
0e
000.e
e10
0e
1e+
abc
.
.
++1
++1
1e
1.2.3
1ee2
000.e
--2
1e+
1e+
1.2.3
++1
1e+
0e
.
.
000.e
+
000.e
0e
abc
--2
e10
.
--2
+
000.e
--2
1.2.3
++1
000.e
1ee2
1e
abc
1.2.3
1ee2
1ee2
++1
1e
+
e10
abc
+
--2
0e
abc
.
1e
1e+
1e+
0e
1e+
++1
++1
+
1e-
0e
1e+
--2
.
1.2.3
0e
--2
0e
1e
+
.
+
1ee2
--2
1e
abc
000.e
abc
-
1e+
-
1e
0e
++1
1.2.3
.
1e
.
+
1e-
0e
abc
.
000.e
1e-
000.e
e10
--2
--2
abc
e10
-
000.e
--2
+
0e
--2
1e+
++1
1e+
1.2.3
.
abc
.
--2
e10
.
+
e10
.
+
0e
e10
1e+
1e
++1
1e
+
+
.
1ee2
000.e
++1
1ee2
-
1e
1.2.3
e10
.
-
-
++1
000.e
++1
000.e
000.e
e10
--2
abc
-
e10
1e
++1
+
1ee2
1e-
1.2.3
1e-
++1
.
+
.
--2
+
1ee2
1e
--2
++1
--2
++1
abc
.
e10
abc
1e-
.
1ee2
.
000.e
1e-
abc
1e
abc
--2
1e
++1
1e+
1e
0e
000.e
+
.
abc
abc
-
-
1ee2
-
-
1e+
abc
1e+
-
0e
--2
-
1ee2
1e
0e
1e-
1ee2
e10
1e
000.e
1e+
+
.
000.e
0e
+
1e-
e10
1.2.3
abc
++1
1.2.3
1e+
000.e
e10
1ee2
1ee2
1e+
.
++1
1ee2
1ee2
++1
++1
000.e
++1
1e-
abc
1e-
+
1ee2
e10
000.e
e10
1e+
.
.
1e
-
000.e
abc
e10
1e
1e
abc
1e-
1e-
1e
abc
-
+
1.2.3
e10
000.e
0e
.
0e
+
000.e
++1
abc
e10
+
1ee2
1.2.3
+
1e
++1
0e
-
++1
1e
+
++1
1ee2
1.2.3
e10
1e-
1e-
+
.
1e-
0e
1e+
1e
++1
0e
.
--2
abc
.
abc
+
1e-
-
abc
1e+
0e
1.2.3
1e-
1.2.3
1e-
0e
1e+
1.2.3
1.2.3
1.2.3
1e-
+
1e-
1e+
-
e10
0e
0e
+
1.2.3
+
+
e10
1.2.3
1.2.3
++1
+
1e
1e+
-
1ee2
e10
000.e
0e
-
1ee2
--2
1e
1.2.3
1e
--2
.
0e
.
.
++1
000.e
1e+
1ee2
+
1e-
1e+
abc
1ee2
000.e
--2
1e+
e10
0e
e10
.
e10
1.2.3
--2
000.e
abc
abc
1ee2
000.e
1.2.3
0e
1e
1e
1e-
1e+
e10
--2
e10
--2
1.2.3
1e
1e
1e
.
0e
1e+
1e-
++1
--2
abc
++1
--2
--2
abc
1e-
0e
1e+
--2
1e-
1e+
0e
e10
1.2.3
1e+
1e-
000.e
e10
1e-
++1
++1
++1
1e
--2
e10
--2
--2
1e-
1.2.3
1e-
1e
abc
1e
1ee2
000.e
1.2.3
1e+
abc
+
000.e
0e
e10
-
1e
1e+
1e-
1e-
++1
e10
1e
abc
+
1e-
0e
e10
-
e10
e10
1e+
1e+
1e+
1ee2
1e
.
.
+
1e-
.
1e
++1
.
1e
abc
1e
000.e
1e-
1e+
e10
1ee2
-
+
abc
abc
1.2.3
++1
.
1e
000.e
++1
0e
1e+
.
0e
0e
1e-
abc
1e
0e
++1
abc
+
1e+
--2
1e-
1e-
000.e
000.e
--2
++1
1e-
e10
-
abc
1e-
1e-
1e+
++1
1e+
1ee2
abc
abc
e10
.
.
e10
1e+
--2
++1
1ee2
-
1ee2
1ee2
1e-
abc
1.2.3
1.2.3
e10
1.2.3
0e
000.e
000.e
1e-
1ee2
1e
.
1e
1e-
abc
000.e
0e
.
1ee2
1e
.
1e+
1ee2
000.e
1e-
-
1e
1e
.
+
0e
abc
0e
-
1ee2
+
--2
-
++1
--2
+
e10
++1
1ee2
++1
1e-
-
1e+
1e+
e10
000.e
1e+
.
abc
1.2.3
0e
1ee2
000.e
-
abc
-
1e
.
e10
1e-
-
+
0e
--2
1e-
e10
-
1e-
e10
--2
++1
1e+
000.e
abc
1e-
e10
+
1.2.3
0e
+
1e-
abc
000.e
1.2.3
.
1.2.3
--2
-
+
.
abc
1ee2
abc
1e
000.e
1e
-
0e
.
1ee2
1.2.3
1e-
0e
+
-
--2
e10
--2
1e
--2
1ee2
1e
1.2.3
1e+
1e-
1ee2
1ee2
.
1e
1e+
000.e
1ee2
abc
0e
--2
1ee2
++1
000.e
1e-
.
e10
+
++1
1e
1ee2
abc
++1
000.e
0e
1e+
++1
1e
1e+
+
1.2.3
abc
.
--2
1ee2
1e+
1e
.
++1
e10
++1
++1
000.e
e10
1e
1.2.3
1e
abc
0e
.
1ee2
abc
1ee2
1.2.3
-
1e
000.e
+
e10
-
++1
000.e
abc
abc
-
-
.
.
++1
1e+
1e-
1e-
1.2.3
1ee2
1e-
0e
e10
1.2.3
000.e
--2
1ee2
e10
1e-
1.2.3
0e
abc
abc
--2
++1
1ee2
000.e
++1
--2
-
1e
+
000.e
-
000.e
1e+
1e
abc
+
0e
--2
1e-
1.2.3
1e
1e
-
e10
000.e
1.2.3
000.e
++1
0e
000.e
+
1e-
0e
1e+
+
1ee2
1ee2
-
1e-
1e
1.2.3
1e+
e10
abc
--2
+
abc
.
.
1e-
++1
abc
0e
1.2.3
1.2.3
000.e
++1
1ee2
1.2.3
1e+
1e-
--2
1e
--2
1e+
.
1.2.3
1.2.3
e10
e10
e10
abc
--2
++1
000.e
1.2.3
1e+
000.e
1e
e10
0e
1e+
abc
+
-
+
1e-
++1
.
e10
0e
1e-
++1
1ee2
-
1.2.3
1e+
.
-
+
000.e
1e-
+
1e+
1ee2
0e
0e
0e
1e
1ee2
1e+
0e
1.2.3
.
+
1e-
1.2.3
000.e
++1
1.2.3
1e+
.
+
1e+
e10
0e
+
1e+
000.e
000.e
-
e10
.
+
1e
1.2.3
1e-
+
1e-
1e+
--2
.
.
1e+
1.2.3
.
-
-
+
+
000.e
1e
1e+
abc
0e
-
++1
.
1ee2
0e
--2
+
1e-
+
-
+
.
1.2.3
1e-
1ee2
abc
e10
000.e
+
e10
1e-
e10
.
abc
++1
--2
++1
--2
++1
+
1e+
1e+
e10
1ee2
0e
e10
--2
-
000.e
e10
1.2.3
1e
0e
.
++1
1.2.3
000.e
1ee2
abc
000.e
1e-
0e
abc
++1
1ee2
--2
1.2.3
++1
+
++1
+
+
1e
1e-
000.e
1e
1e+
.
1ee2
0e
0e
1ee2
abc
+
0e
0e
-
1e-
--2
1e-
+
1.2.3
1ee2
1.2.3
0e
0e
1e+
1ee2
1ee2
1e-
000.e
1e-
++1
1ee2
-
1.2.3
++1
1e
0e
abc
000.e
1.2.3
--2
.
abc
1ee2
1e
--2
1e-
abc
1ee2
abc
e10
+
+
abc
0e
-
1ee2
1e-
1ee2
.
++1
++1
1ee2
e10
+
++1
.
.
0e
1ee2
e10
1ee2
--2
--2
.
1e-
+
++1
0e
000.e
1ee2
1e-
1e+
--2
+
++1
1.2.3
000.e
+
++1
-
-
++1
1e-
000.e
.
1.2.3
abc
000.e
1ee2
1e+
1e-
1e-
1e+
000.e
0e
1e+
.
1.2.3
1ee2
1.2.3
-
1e-
++1
+
1.2.3
1e
--2
1e
abc
1e-
1ee2
1e
1e-
abc
1e+
1e-
1e+
1e
--2
+
000.e
000.e
1.2.3
1.2.3
1ee2
0e
.
1e
1e+
1e-
1e
--2
1e-
-
1.2.3
1.2.3
1e+
e10
1e+
1e
e10
++1
1ee2
-
.
+
1ee2
0e
abc
1e-
1e+
+
0e
1.2.3
+
+
1e+
+
1e
-
1e-
.
1ee2
1e-
--2
1e-
abc
+
1e-
--2
e10
000.e
1.2.3
.
++1
1e
1.2.3
1e+
e10
1e
e10
1e+
-
1.2.3
1.2.3
1.2.3
.
+
--2
+
.
0e
1.2.3
000.e
1.2.3
++1
--2
abc
.
.
+
.
e10
--2
000.e
1e
-
1.2.3
1e+
1e+
1e-
--2
1e-
abc
1e+
+
abc
++1
000.e
1ee2
1e+
++1
1e
1e-
1.2.3
1e
--2
.
++1
000.e
1.2.3
000.e
1e+
--2
000.e
0e
+
1ee2
0e
e10
000.e
1e
1e
0e
--2
+
1.2.3
1.2.3
1e+
1e+
.
-
1.2.3
000.e
1e
+
-
-
+
1e+
1e-
1e+
1e+
0e
e10
-
e10
0e
1ee2
++1
1e+
-
1.2.3
1e+
.
abc
1e-
e10
000.e
abc
1.2.3
1.2.3
000.e
.
--2
+
--2
1e+
++1
.
1e
+
e10
-
1ee2
++1
.
abc
abc
+
-
1ee2
e10
1e-
.
0e
1e
0e
000.e
++1
-
-
-
1e
1e-
++1
1ee2
.
abc
1e
1e
000.e
--2
.
1e-
.
.
++1
1e+
1e+
1.2.3
.
+
1.2.3
0e
000.e
++1
+
+
++1
1e+
000.e
1ee2
e10
++1
1e
--2
+
1e
e10
abc
abc
-
e10
--2
abc
--2
1e+
000.e
1e-
1e
++1
1e+
1e+
e10
.
1ee2
abc
1e+
1e-
1e
1e-
1e-
--2
--2
-
+
1e
++1
--2
abc
1e
1e+
000.e
.
-
1e-
+
-
1e
++1
000.e
1e+
.
1e
0e
--2
++1
1e+
0e
-
--2
+
1ee2
abc
1e-
0e
1e-
e10
1e
++1
++1
0e
1ee2
.
1.2.3
1e-
-
abc
0e
-
+
.
1ee2
abc
0e
abc
+
e10
--2
1.2.3
.
-
000.e
-
++1
1e
000.e
+
+
+
-
.
1ee2
000.e
1e-
1ee2
abc
abc
1e-
000.e
-
-
1ee2
++1
+
1.2.3
1e
1e-
1e+
000.e
+
1ee2
0e
--2
000.e
+
-
000.e
--2
abc
000.e
0e
+
.
--2
-
-
--2
1e+
1.2.3
--2
--2
+
--2
.
1ee2
--2
1e
++1
++1
+
1e-
1e
+
.
+
0e
0e
1ee2
000.e
000.e
1e-
1e
.
000.e
.
e10
.
1ee2
1ee2
1e
1ee2
0e
1.2.3
+
1.2.3
++1
1e
abc
e10
--2
--2
1e
abc
000.e
1e+
0e
abc
--2
1e
1ee2
1e+
1.2.3
e10
1e
.
1e-
+
0e
++1
1.2.3
.
1e
.
.
--2
e10
1e
e10
1e
1e-
0e
1e
000.e
1e+
000.e
.
.
0e
1e+
-
000.e
1e-
1e
e10
-
1.2.3
000.e
000.e
1.2.3
--2
e10
abc
1e
000.e
--2
++1
abc
abc
.
1e
000.e
1e
1e+
1e-
000.e
.
1.2.3
1e+
++1
.
e10
1ee2
--2
000.e
e10
1.2.3
--2
--2
1e
1ee2
.
1.2.3
.
000.e
000.e
1e-
e10
++1
++1
abc
1e
.
0e
--2
1ee2
1ee2
000.e
-
1e
.
1e-
000.e
1e+
--2
--2
++1
1.2.3
+
0e
e10
1e
-
e10
1e+
0e
1ee2
1ee2
+
--2
000.e
-
0e
0e
1.2.3
++1
abc
+
.
1e-
000.e
000.e
--2
-
1e
-
abc
000.e
1e-
1ee2
1e+
abc
.
++1
1e+
+
1.2.3
1e+
++1
0e
1ee2
1e+
--2
.
1ee2
e10
000.e
abc
--2
-
e10
1e+
1e-
--2
.
e10
000.e
+
1e+
1e+
1e
1ee2
000.e
-
++1
1e
1.2.3
abc
1ee2
1.2.3
000.e
-
000.e
1e-
1e
1.2.3
abc
1ee2
1e-
1ee2
1e
1e-
1.2.3
1e
1ee2
+
1e+
+
1ee2
1.2.3
-
-
1ee2
1.2.3
++1
1e-
e10
1e+
-
1.2.3
1e+
-
--2
+
0e
1e+
1e
.
000.e
000.e
1e-
0e
-
1e
abc
++1
abc
000.e
--2
000.e
.
000.e
1e+
e10
.
1ee2
1.2.3
1e-
1e
1ee2
1e-
abc
0e
1e
+
-
++1
1ee2
--2
1.2.3
-
-
e10
.
.
.
000.e
1ee2
.
1ee2
--2
1e+
-
1e-
--2
1.2.3
-
abc
1.2.3
1e+
1e-
abc
1e+
++1
.
--2
++1
e10
000.e
1.2.3
000.e
++1
abc
1e+
1e-
e10
000.e
e10
000.e
--2
000.e
+
-
++1
0e
++1
-
e10
1e-
1e-
+
++1
++1
1e+
++1
.
-
1e
abc
1ee2
+
abc
1e-
0e
abc
1e
--2
1.2.3
1ee2
abc
-
1.2.3
+
.
--2
++1
1ee2
++1
++1
abc
+
1.2.3
1.2.3
1.2.3
++1
++1
1ee2
1e
--2
abc
1e-
1ee2
1e+
+
.
1e-
1e-
++1
0e
abc
abc
000.e
1ee2
abc
1.2.3
1e+
.
000.e
000.e
0e
e10
1e-
1e+
-
1ee2
++1
1e+
abc
--2
-
++1
1e-
++1
abc
+
1ee2
1e
1ee2
1e-
abc
1e-
1e
-
1e
++1
-
+
+
1e-
e10
1e+
--2
--2
-
0e
.
e10
1e
e10
0e
1e+
1ee2
e10
--2
e10
-
1e-
.
+
--2
e10
-
1e
1.2.3
1e+
1.2.3
1.2.3
1e+
--2
000.e
1e+
1e-
e10
abc
1.2.3
1.2.3
1.2.3
1e+
1ee2
+
1.2.3
++1
0e
abc
1ee2
1e-
e10
1ee2
1ee2
-
.
+
abc
0e
1.2.3
abc
abc
abc
-
0e
++1
1.2.3
-
000.e
abc
abc
1e
e10
abc
0e
e10
--2
1e+
++1
abc
000.e
--2
1ee2
e10
000.e
abc
1e+
1e
1e
.
e10
0e
000.e
+
1e+
-
e10
.
+
1e+
+
1e+
++1
-
1e+
.
abc
++1
1.2.3
000.e
e10
0e
1e+
1e
++1
++1
1e
1.2.3
-
1ee2
-
+
1e+
1e
1e+
1ee2
0e
abc
000.e
.
1e+
.
abc
++1
1e+
++1
0e
1e-
abc
-
0e
1e
++1
0e
1.2.3
--2
abc
1ee2
.
-
0e
000.e
.
1e
-
1e
1e+
000.e
abc
.
-
.
+
.
+
e10
1ee2
1e-
1.2.3
--2
e10
1.2.3
--2
1ee2
1.2.3
+
--2
-
-
000.e
1e-
1e
1ee2
e10
abc
++1
abc
1ee2
000.e
1ee2
.
1e-
abc
.
abc
0e
+
--2
000.e
1ee2
++1
e10
000.e
1e+
0e
1e+
0e
1e
abc
e10
1.2.3
1.2.3
1.2.3
1ee2
1.2.3
1ee2
1.2.3
0e
abc
1.2.3
abc
1e-
1e-
--2
e10
+
++1
1.2.3
.
000.e
1e-
abc
1.2.3
1e+
++1
++1
1e+
abc
e10
1.2.3
1e+
--2
1.2.3
1.2.3
+
+
.
+
1e-
e10
-
e10
abc
1e+
abc
0e
++1
e10
-
-
.
abc
1e
--2
1e
e10
--2
e10
abc
+
-
000.e
e10
-
--2
abc
+
000.e
1e
0e
+
1ee2
-
.
0e
1.2.3
000.e
-
++1
-
abc
1e
0e
1.2.3
1.2.3
+
abc
--2
000.e
-
0e
1e
++1
000.e
-
+
0e
--2
++1
--2
+
1.2.3
-
+
e10
.
1e
1e+
0e
++1
1e-
+
+
1e+
000.e
++1
000.e
++1
1e+
0e
--2
0e
1e+
e10
--2
++1
.
e10
e10
000.e
--2
1.2.3
1e
abc
+
-
+
abc
1.2.3
++1
000.e
--2
abc
.
abc
1e+
--2
0e
abc
0e
e10
1.2.3
000.e
.
000.e
--2
1e-
0e
1e+
1e+
--2
1.2.3
+
1.2.3
000.e
1.2.3
--2
abc
000.e
+
1ee2
++1
1ee2
1e
1ee2
0e
--2
+
+
--2
000.e
abc
1e-
abc
1e-
1e-
.
1e+
-
+
++1
0e
--2
1.2.3
1e
abc
abc
1e+
.
1e-
1e+
0e
1e+
e10
.
000.e
1e
e10
1e-
000.e
0e
1e
-
.
e10
1e+
.
.
abc
abc
1ee2
1ee2
abc
0e
-
1e+
.
1.2.3
-
-
abc
.
+
.
++1
+
1.2.3
e10
e10
1e+
+
-
1ee2
e10
+
++1
1e
.
1e+
1e
1e-
+
+
0e
abc
1.2.3
1e-
abc
abc
1e-
1e-
1ee2
0e
--2
1ee2
-
1e+
-
1.2.3
abc
1ee2
-
1ee2
1e+
1e-
1e-
e10
.
1.2.3
++1
-
++1
++1
0e
0e
1.2.3
abc
+
++1
1e+
1e+
1.2.3
1.2.3
-
1e-
.
0e
1.2.3
e10
1e+
1ee2
-
000.e
+
000.e
1e
1e-
-
0e
1e+
1.2.3
abc
1e+
1ee2
1e
-
abc
1e-
abc
.
.
1e
+
-
1ee2
1ee2
-
e10
000.e
1e
abc
1ee2
1e
--2
1e-
1e-
e10
1e+
1e
1e+
000.e
-
1.2.3
abc
.
1.2.3
1e
++1
.
1ee2
--2
e10
1e+
1.2.3
-
1ee2
abc
0e
1e-
-
1e+
1ee2
1ee2
1ee2
++1
1e-
1e
+
1e
e10
++1
+
-
000.e
abc
-
--2
1.2.3
1ee2
+
000.e
1.2.3
1.2.3
+
1e+
.
++1
++1
--2
-
1ee2
1.2.3
--2
e10
1.2.3
.
++1
.
+
-
1ee2
1e+
1ee2
1.2.3
-
--2
--2
1e-
1.2.3
abc
++1
.
1e-
++1
0e
--2
1e+
1e-
-
1e
-
1e
000.e
-
abc
000.e
1e+
.
e10
000.e
-
++1
1.2.3
abc
.
abc
e10
1.2.3
++1
0e
0e
++1
+
abc
1.2.3
abc
0e
--2
1e+
0e
1e
1e+
.
++1
abc
1e-
1e-
0e
1ee2
1e+
.
.
1ee2
++1
1e
+
e10
1ee2
.
1e-
e10
0e
-
1e
0e
--2
0e
.
e10
+
.
1e+
e10
+
1e
-
--2
-
1ee2
e10
1.2.3
1e
abc
.
--2
.
1e
0e
1ee2
--2
1e
1e-
.
000.e
1e
+
1.2.3
abc
1ee2
-
--2
e10
abc
--2
0e
1e
1e
-
++1
1ee2
--2
1e+
1e+
+
++1
1.2.3
--2
.
-
1ee2
++1
1ee2
1e+
1.2.3
abc
1e
1e-
++1
.
+
.
000.e
1ee2
+
1ee2
-
1e
++1
.
--2
1.2.3
0e
0e
abc
.
000.e
--2
1e
++1
-
1.2.3
1e-
e10
1.2.3
e10
++1
1e-
-
abc
1e+
1ee2
.
.
.
1ee2
0e
abc
abc
1ee2
1e+
-
1ee2
-
1ee2
--2
000.e
000.e
000.e
000.e
1e+
000.e
.
++1
000.e
+
1e
.
+
1e+
-
1e-
abc
1e+
1e-
.
000.e
1.2.3
000.e
+
-
1e-
abc
1e+
+
.
e10
1ee2
.
--2
1.2.3
1e
+
e10
.
1e-
000.e
1ee2
-
.
1e-
++1
-
1e+
0e
1e-
1ee2
1e+
e10
+
0e
e10
1e+
-
0e
e10
0e
+
-
.
1.2.3
--2
1.2.3
.
-
abc
-
++1
abc
+
abc
.
1e+
-
1ee2
+
1e+
.
.
abc
-
1e-
1e
-
1e
1e-
1.2.3
1e
1.2.3
abc
++1
e10
abc
000.e
--2
000.e
1ee2
e10
0e
1ee2
1e+
1e
-
abc
1ee2
1ee2
+
000.e
1.2.3
1.2.3
abc
.
-
1e+
1e+
abc
1ee2
+
1.2.3
+
++1
1e-
.
1e
++1
1ee2
1e+
e10
+
1ee2
--2
.
-
1.2.3
1ee2
1e
--2
1ee2
abc
e10
.
.
0e
e10
e10
abc
1e-
000.e
-
-
0e
abc
1e-
1e
1e-
0e
abc
+
1.2.3
e10
--2
1e
1e
1ee2
0e
e10
e10
e10
1.2.3
1e
1e
1e-
e10
-
1ee2
1e+
0e
1e
1.2.3
1e-
1e+
1e
1ee2
1ee2
.
1e
-
+
.
1e
1e+
1e-
abc
abc
abc
abc
1e
++1
+
--2
.
+
e10
-
1ee2
--2
1e
--2
0e
1e+
abc
abc
--2
1e
0e
-
+
1e-
1e
1e
--2
.
-
1e
+
1e
1e-
+
abc
000.e
+
1ee2
1ee2
abc
.
1.2.3
--2
1e
e10
1ee2
abc
0e
abc
-
e10
-
1ee2
1.2.3
0e
abc
000.e
1ee2
0e
abc
0e
e10
.
000.e
1e
1ee2
e10
1e+
1.2.3
1e-
.
e10
.
--2
1e
abc
++1
1e
1e
++1
1ee2
1ee2
abc
1e+
.
0e
+
++1
1e+
-
++1
1e
-
1e-
-
1e-
0e
++1
.
-
1.2.3
1.2.3
0e
1e-
-
-
0e
0e
1ee2
-
+
1.2.3
abc
1e
000.e
++1
1.2.3
+
+
1.2.3
++1
--2
1e
abc
e10
0e
1e+
1e
1e+
1e
1e+
e10
e10
-
1e-
++1
.
1e-
-
1e-
1ee2
++1
1ee2
e10
1e
-
.
abc
0e
1.2.3
1e+
1e-
000.e
+
1e+
1ee2
e10
--2
--2
1ee2
e10
e10
+
+
e10
1ee2
+
abc
++1
1e+
--2
++1
1.2.3
-
.
e10
+
-
000.e
--2
.
000.e
abc
e10
e10
1e
1.2.3
-
1e-
1e
.
1.2.3
--2
1e-
1ee2
1e+
--2
1.2.3
+
000.e
-
1e-
-
1e+
1e-
.
0e
.
e10
-
1e
0e
1e
1e-
e10
1ee2
--2
++1
1.2.3
1e
-
1e-
.
0e
000.e
1e
000.e
.
1e-
++1
abc
1ee2
1e-
1.2.3
0e
+
++1
1ee2
+
1e
1e+
1.2.3
-
e10
1e
0e
0e
-
1e-
-
-
-
+
1e
1e+
e10
1e-
e10
+
1e
1e+
abc
++1
1ee2
--2
1ee2
.
000.e
1e+
--2
-
1.2.3
1ee2
000.e
abc
abc
+
.
abc
000.e
-
1ee2
0e
--2
0e
1ee2
1.2.3
0e
e10
++1
+
000.e
--2
1ee2
1e
++1
000.e
++1
1e-
1e
0e
-
e10
1e-
e10
0e
e10
1.2.3
1.2.3
0e
1.2.3
1e
e10
000.e
--2
1e-
++1
-
000.e
1.2.3
1ee2
-
+
0e
000.e
000.e
abc
--2
.
1e+
1e
e10
-
1e
++1
--2
++1
--2
--2
0e
1e+
+
1e
e10
.
++1
abc
+
000.e
-
1.2.3
1ee2
++1
1e+
-
e10
-
-
1e-
++1
+
.
1.2.3
++1
1e+
+
000.e
0e
+
++1
1e-
1.2.3
+
.
0e
abc
0e
1e+
+
.
0e
--2
1e
++1
++1
e10
--2
--2
1e
1ee2
--2
+
e10
++1
.
1ee2
1.2.3
abc
1e
e10
000.e
1e-
abc
1ee2
1.2.3
+
+
000.e
000.e
--2
1e
.
1e+
000.e
+
1e+
1ee2
++1
1e+
0e
abc
++1
.
-
abc
++1
-
1e-
e10
1e-
1e-
e10
abc
1e-
.
abc
abc
.
--2
1.2.3
000.e
0e
.
1e-
1e
++1
1.2.3
--2
0e
.
1e+
0e
0e
e10
e10
1e
e10
++1
1e+
1e
abc
--2
-
1e+
1ee2
.
-
+
0e
0e
+
1ee2
000.e
-
1ee2
-
--2
1e
1e+
1ee2
--2
1e-
1.2.3
0e
000.e
++1
1.2.3
e10
1e-
abc
1.2.3
000.e
1e-
1e
--2
1ee2
1e+
0e
abc
1ee2
0e
1e-
1e
1e+
-
++1
1.2.3
1.2.3
--2
000.e
abc
-
.
1e-
--2
--2
abc
1e+
1e+
1.2.3
-
.
e10
++1
000.e
1e
-
0e
+
1e+
000.e
0e
1ee2
abc
000.e
1e-
1e+
0e
+
000.e
1ee2
1e
1e-
abc
+
1e+
1ee2
1.2.3
1e+
+
1e
1e
1.2.3
1ee2
++1
abc
1e+
++1
e10
.
1e+
1.2.3
--2
+
1e+
000.e
+
-
000.e
000.e
1e
1e-
1e-
abc
abc
e10
1.2.3
1e+
1e
1e-
1e-
1e-
.
++1
1e+
1.2.3
1e
abc
--2
0e
1e+
000.e
+
.
1e
000.e
1e-
1e
1.2.3
abc
++1
.
000.e
0e
abc
.
1e+
1e-
1e
e10
e10
++1
-
abc
+
e10
1ee2
.
abc
++1
+
1ee2
1ee2
1e-
.
.
0e
abc
abc
1e-
000.e
1e+
1ee2
--2
1e+
.
-
++1
e10
++1
--2
++1
+
abc
++1
000.e
0e
1e
--2
abc
abc
.
1ee2
e10
abc
1ee2
.
1e
000.e
abc
1e+
000.e
abc
--2
++1
0e
abc
-
abc
1e-
1e+
1.2.3
++1
000.e
1ee2
1e-
abc
1e
--2
0e
+
-
e10
++1
-
e10
.
++1
1e-
--2
1e
1e-
1e+
000.e
1e+
-
1e-
.
1e-
--2
1e
--2
1e
1e
0e
1.2.3
--2
1ee2
++1
000.e
abc
-
000.e
++1
1e-
+
--2
e10
1ee2
--2
1ee2
.
+
+
abc
-
--2
--2
1ee2
+
0e
1ee2
++1
1e+
1e
1e+
.
.
1ee2
000.e
1.2.3
1.2.3
1e-
1.2.3
1e-
-
1.2.3
1e+
1e
000.e
--2
1e+
e10
abc
0e
1e
+
0e
1e+
abc
.
++1
abc
000.e
1e
1.2.3
000.e
+
+
1e
1.2.3
1.2.3
1.2.3
.
+
.
--2
-
1e
1.2.3
++1
--2
.
1.2.3
1e-
.
abc
1ee2
++1
.
0e
0e
--2
0e
1ee2
1ee2
++1
1ee2
1e
000.e
1e
--2
1e+
++1
000.e
--2
1ee2
--2
.
1.2.3
--2
1e+
e10
abc
1.2.3
1e
++1
+
1ee2
+
.
++1
e10
1e-
+
--2
e10
000.e
-
e10
1e
e10
-
1e
abc
abc
e10
1ee2
1e+
.
1e
++1
000.e
-
--2
-
--2
1e
000.e
-
abc
.
abc
000.e
+
e10
0e
000.e
.
1e-
-
abc
-
1e-
abc
abc
0e
-
1e+
1ee2
e10
000.e
0e
e10
++1
1e
-
abc
.
0e
000.e
abc
.
1e
0e
1e-
abc
.
1e-
1e-
1e-
1.2.3
1e-
1.2.3
++1
1.2.3
000.e
.
1ee2
0e
1e-
1ee2
1e
0e
+
1.2.3
1e-
abc
abc
abc
0e
abc
1ee2
abc
1e+
1e+
1.2.3
+
.
++1
-
1e
1e-
000.e
1.2.3
1.2.3
0e
+
1ee2
000.e
000.e
abc
++1
e10
1e+
1e+
1ee2
1ee2
--2
1.2.3
+
abc
1.2.3
++1
.
1e
1e
1e
1.2.3
0e
000.e
1ee2
++1
1.2.3
+
1ee2
1ee2
1e
e10
-
e10
000.e
++1
1ee2
1.2.3
1ee2
1e-
+
++1
1ee2
0e
1ee2
e10
000.e
++1
0e
000.e
0e
1e+
1e-
+
-
++1
--2
--2
0e
1e
.
1e-
1e+
1e-
.
1e+
++1
--2
.
++1
+
e10
1ee2
--2
abc
abc
+
1e
--2
++1
-
1e+
000.e
.
000.e
1ee2
e10
+
1e-
1e
e10
e10
1e+
+
1ee2
.
e10
1e
1.2.3
.
e10
000.e
++1
-
-
.
0e
1e-
--2
++1
1e+
000.e
--2
abc
0e
abc
.
--2
1e
1e-
1e+
+
--2
.
1.2.3
e10
-
+
+
1ee2
000.e
--2
1e
1e
000.e
1e-
-
-
abc
++1
000.e
1e+
1.2.3
+
.
1e+
abc
1e-
abc
1e-
1e+
-
1ee2
.
1e-
e10
--2
1ee2
--2
.
1ee2
-
--2
000.e
1e-
++1
--2
-
e10
abc
1e-
1.2.3
e10
+
.
1e
1e+
+
000.e
--2
.
.
--2
000.e
-
0e
-
1.2.3
--2
1.2.3
++1
--2
e10
1e+
1e-
-
.
1ee2
0e
1e-
abc
.
1e+
--2
1e
e10
1ee2
1ee2
1ee2
-
++1
++1
000.e
.
.
1e
.
0e
++1
1e-
.
e10
1.2.3
e10
++1
1.2.3
.
1.2.3
abc
+
+
1e+
1e+
+
1ee2
1.2.3
0e
.
1e+
000.e
1.2.3
abc
abc
0e
++1
--2
1ee2
000.e
1.2.3
-
-
0e
e10
000.e
+
1e
1e
1ee2
.
--2
e10
1.2.3
++1
1.2.3
1e
1e
1e-
1ee2
0e
+
+
000.e
.
0e
e10
1.2.3
000.e
000.e
++1
000.e
1e
e10
--2
1e
+
1ee2
++1
1.2.3
e10
.
-
1ee2
1ee2
++1
1e-
1e-
1e+
e10
0e
1e-
1.2.3
1e
abc
0e
abc
000.e
++1
1ee2
1e+
000.e
000.e
1e-
-
000.e
0e
000.e
e10
.
++1
+
1ee2
1.2.3
1ee2
abc
.
000.e
abc
000.e
++1
1e
abc
++1
.
--2
1e+
000.e
+
1ee2
1e
1.2.3
1e
e10
e10
+
e10
0e
abc
e10
1e-
+
++1
-
+
1ee2
0e
--2
e10
1.2.3
1e
e10
abc
+
1ee2
--2
0e
1e-
000.e
1ee2
e10
1e
++1
abc
000.e
1.2.3
+
+
1e+
.
--2
-
-
+
1.2.3
1.2.3
++1
1e+
e10
e10
-
+
1ee2
1ee2
1e+
1ee2
1ee2
.
1e+
++1
0e
1e-
.
++1
1e
e10
-
1ee2
1.2.3
+
abc
000.e
abc
--2
-
+
-
-
1ee2
abc
1.2.3
+
000.e
1e+
abc
1.2.3
-
+
1ee2
abc
1e+
+
-
1ee2
1e-
+
+
.
e10
1e+
+
1ee2
1e+
1e
1ee2
000.e
abc
0e
+
+
1e+
--2
-
--2
+
1e+
++1
0e
1e
+
1ee2
1.2.3
abc
1e
--2
-
abc
.
++1
1e
000.e
1ee2
e10
1e
.
e10
+
1ee2
-
1e-
abc
.
++1
1.2.3
++1
--2
++1
1e-
1e-
0e
e10
000.e
e10
.
abc
1.2.3
1e
e10
1e
++1
abc
--2
1e+
--2
1e
e10
--2
e10
1e+
.
1e-
000.e
e10
0e
0e
1e-
+
1e+
000.e
-
abc
++1
++1
--2
1ee2
abc
++1
e10
-
++1
-
1ee2
1e-
+
000.e
+
1e+
1e+
-
-
1e+
1e-
e10
--2
1e-
1e-
1e-
1.2.3
abc
.
++1
abc
1e+
1ee2
--2
.
1ee2
0e
000.e
--2
+
-
1e
1e+
1.2.3
++1
1e
.
1e
--2
0e
e10
1e-
.
1e+
-
e10
++1
1.2.3
1ee2
+
1.2.3
1e+
++1
1e-
000.e
1ee2
1e-
1e+
e10
1.2.3
1.2.3
000.e
+
.
1e-
1e
abc
1e+
.
000.e
abc
1.2.3
1e-
e10
abc
1e-
1.2.3
+
1e-
000.e
000.e
1ee2
e10
0e
-
++1
+
abc
000.e
--2
--2
1ee2
+
1e
1.2.3
1.2.3
1ee2
1e+
+
1ee2
1e
--2
1e
++1
1e
-
1ee2
0e
e10
--2
0e
++1
1e
abc
1e
--2
++1
0e
e10
+
0e
abc
abc
1e
1e-
1ee2
.
abc
-
--2
1ee2
1e
1e
0e
++1
1e
1e-
1e-
000.e
1e+
1ee2
1e-
--2
.
1e
abc
--2
1e
000.e
1e-
1ee2
+
+
+
1e+
1e-
e10
0e
+
0e
+
.
1ee2
-
000.e
e10
1.2.3
1e-
1e+
0e
++1
--2
1.2.3
1e
-
1ee2
e10
++1
abc
1e
e10
0e
000.e
-
1e+
abc
e10
.
-
1e
000.e
1.2.3
++1
1e-
+
1.2.3
e10
--2
.
1e+
++1
1e+
e10
000.e
1e-
1.2.3
000.e
1e
1e+
++1
e10
1e-
1e-
.
abc
1e+
--2
+
1e
1.2.3
000.e
e10
e10
1e+
++1
+
e10
-
+
0e
1e+
000.e
+
++1
abc
e10
+
0e
1e+
e10
e10
e10
1ee2
0e
+
000.e
1e+
1.2.3
-
abc
1.2.3
e10
e10
e10
--2
1e-
1e+
.
-
1.2.3
+
1e
.
+
1.2.3
000.e
--2
1ee2
++1
000.e
1e
++1
0e
+
1e
++1
--2
1ee2
1ee2
-
-
1e-
++1
000.e
1e-
1ee2
+
+
1ee2
.
1.2.3
++1
++1
++1
1e-
1ee2
.
.
1e+
--2
-
abc
e10
1.2.3
e10
+
000.e
1e-
e10
abc
.
--2
e10
+
.
1e-
1e+
abc
0e
1.2.3
000.e
000.e
+
1e-
1e-
-
++1
000.e
-
1e
abc
.
1e
+
0e
1.2.3
-
++1
000.e
++1
1.2.3
0e
1e+
1.2.3
000.e
abc
1e+
1ee2
0e
1e+
000.e
e10
e10
1e-
1.2.3
--2
1ee2
e10
1ee2
1.2.3
1.2.3
1e-
000.e
++1
1ee2
-
1e-
-
1e+
abc
0e
+
+
1.2.3
1e+
--2
1e
000.e
e10
1e+
--2
0e
0e
-
.
0e
abc
1e
000.e
.
0e
1e-
.
1e+
000.e
e10
1e+
1e+
e10
1e
000.e
++1
1ee2
+
-
1ee2
0e
.
-
1.2.3
e10
abc
1ee2
0e
0e
.
1e-
-
000.e
000.e
1ee2
1e+
1ee2
1.2.3
--2
1e+
.
++1
1e-
000.e
-
+
0e
1.2.3
1.2.3
e10
0e
1.2.3
--2
+
1e+
1e+
+
0e
1e-
1e
+
1ee2
.
+
1e
-
1ee2
.
0e
1e
.
1e
0e
.
1e+
-
000.e
0e
--2
abc
1.2.3
--2
+
1.2.3
.
abc
++1
1e
1e
++1
.
0e
--2
0e
1e
.
-
1e
1.2.3
--2
-
1e
1e+
-
1e-
e10
abc
e10
-
abc
++1
1e
++1
0e
1e-
--2
e10
+
1e+
0e
.
abc
++1
1ee2
-
++1
.
1.2.3
+
0e
1ee2
1e
--2
.
++1
1.2.3
.
+
-
1e-
+
abc
1e+
1e+
e10
1e+
-
1ee2
1e
1e
1ee2
000.e
-
1e-
1ee2
1e-
0e
1ee2
++1
.
abc
-
abc
1e+
000.e
1e+
-
+
e10
0e
1e
1ee2
000.e
1ee2
+
+
-
-
-
++1
1e-
.
1e-
1ee2
1e
+
000.e
++1
--2
+
1e-
--2
.
-
abc
1.2.3
1.2.3
e10
1.2.3
1e
1e+
1ee2
abc
-
-
e10
1e
-
e10
1e-
000.e
--2
--2
e10
1e+
++1
1e
+
++1
0e
1ee2
++1
1e
1e+
--2
1ee2
--2
000.e
++1
1e+
e10
abc
--2
1e+
1ee2
-
+
++1
--2
-
+
.
1e-
1.2.3
000.e
e10
+
+
1e
000.e
++1
1.2.3
-
1e-
1.2.3
-
+
.
+
000.e
abc
1.2.3
1e
000.e
-
1ee2
1e+
-
1e
abc
++1
abc
0e
+
abc
e10
1e
e10
++1
1e
--2
1e-
1e+
1ee2
1ee2
1e
1e-
000.e
1e-
0e
1e+
.
0e
000.e
.
++1
1e-
1.2.3
1.2.3
++1
1ee2
--2
-
1e+
e10
e10
e10
--2
0e
++1
e10
e10
1e+
--2
1.2.3
1.2.3
+
1e
--2
abc
-
.
e10
1e-
1ee2
.
abc
-
--2
--2
1e+
1ee2
1.2.3
1e-
1e
++1
e10
--2
.
+
1e
e10
++1
000.e
1e
-
1ee2
+
1ee2
++1
++1
1e-
1e
000.e
1e
-
1ee2
--2
1e-
-
1.2.3
0e
-
+
1e
.
1ee2
0e
-
e10
1ee2
+
.
1ee2
0e
1.2.3
-
1ee2
1e-
-
0e
000.e
0e
.
0e
000.e
.
0e
1e-
++1
+
1e-
1e
1e
1e
000.e
1ee2
1.2.3
0e
1ee2
0e
++1
abc
--2
1e-
+
1e+
0e
1e
1e
000.e
000.e
e10
+
1e-
000.e
1ee2
--2
1e+
000.e
1e
--2
1ee2
1e
e10
-
.
0e
--2
e10
--2
-
0e
000.e
0e
1.2.3
000.e
1ee2
1e-
1e
1e
++1
1.2.3
1e-
abc
++1
000.e
0e
++1
1e+
1e-
1.2.3
.
-
000.e
1.2.3
000.e
-
-
1e-
+
--2
abc
1e-
0e
e10
-
-
000.e
+
abc
+
e10
.
-
--2
0e
1e-
1e
e10
abc
1e+
+
e10
1.2.3
abc
000.e
1e+
0e
abc
0e
e10
1e+
+
0e
1.2.3
1e
1e
-
.
++1
1ee2
1e-
-
1ee2
-
-
1e+
1.2.3
1e
-
--2
0e
--2
1ee2
1.2.3
1e
1ee2
-
1.2.3
000.e
abc
--2
-
000.e
1e+
.
0e
1e+
1ee2
1ee2
--2
.
000.e
1ee2
+
--2
abc
abc
++1
000.e
0e
0e
1e
-
abc
1e
1e
1.2.3
-
0e
--2
1ee2
1.2.3
1ee2
000.e
1ee2
+
--2
1e-
0e
--2
-
1.2.3
.
1e-
++1
1ee2
1e
1e
1e
+
1.2.3
1e+
e10
.
+
e10
1e-
1e
1ee2
.
.
abc
+
1e+
.
1ee2
+
000.e
000.e
1e-
1e-
--2
abc
abc
+
+
abc
1e-
000.e
1e+
abc
1.2.3
1ee2
-
e10
--2
++1
1e
1e+
+
1e-
0e
e10
1e+
1e+
1.2.3
abc
--2
1e
1e-
+
+
1e+
1ee2
++1
000.e
1e-
1.2.3
+
e10
0e
1.2.3
++1
abc
1e+
0e
1e+
1ee2
--2
.
.
abc
1ee2
--2
1e
-
1e+
e10
0e
0e
++1
1ee2
+
--2
++1
--2
-
1e
+
1e-
abc
e10
-
000.e
1ee2
000.e
--2
+
1e+
0e
1e-
1e+
.
1ee2
1e+
e10
1.2.3
++1
++1
+
0e
0e
0e
+
+
1e+
.
1.2.3
.
1e+
000.e
1e
e10
+
1e+
abc
0e
1e
++1
+
e10
1.2.3
0e
.
abc
1e-
1e+
-
1e+
1e-
--2
-
-
1.2.3
1e
1ee2
abc
+
+
++1
0e
-
1e+
1e+
1ee2
1.2.3
.
e10
1e+
++1
1ee2
e10
abc
-
1ee2
-
.
.
.
++1
e10
1e
1.2.3
e10
1e
+
+
0e
1e+
abc
1ee2
1e+
0e
1e+
0e
1e-
0e
1e+
--2
abc
.
1e+
0e
1.2.3
++1
000.e
-
0e
1e+
1e+
1e
1ee2
1.2.3
1ee2
.
1e
+
+
1e-
000.e
.
000.e
e10
e10
0e
1.2.3
1.2.3
.
e10
+
-
++1
1e+
0e
1.2.3
+
+
.
1e
.
+
++1
000.e
1e
-
--2
1e+
1ee2
++1
e10
--2
-
1e
1e+
++1
e10
1ee2
--2
-
+
000.e
abc
+
-
++1
.
1e
abc
1e
000.e
e10
++1
1e+
1e+
1ee2
1e-
+
+
e10
e10
+
-
abc
0e
--2
000.e
1ee2
-
e10
0e
e10
1ee2
0e
.
abc
1.2.3
1ee2
+
1e+
++1
--2
++1
+
.
++1
1e-
0e
abc
1e-
abc
000.e
--2
++1
0e
0e
000.e
1e+
1.2.3
1.2.3
000.e
000.e
1ee2
e10
1e
.
1ee2
-
-
abc
1e-
1e
0e
000.e
.
1e-
000.e
000.e
1e-
1e-
000.e
1e-
1e-
++1
++1
++1
-
abc
1.2.3
-
1.2.3
-
abc
1.2.3
++1
1ee2
1e
1e+
1.2.3
1ee2
0e
1e-
000.e
e10
++1
1e-
1e-
0e
+
+
abc
000.e
+
abc
.
0e
1e-
-
0e
-
abc
.
1ee2
000.e
1e-
1ee2
000.e
abc
1ee2
1e-
++1
++1
abc
-
--2
--2
.
1e+
.
1ee2
abc
+
1e
0e
1.2.3
000.e
abc
0e
e10
.
1.2.3
abc
.
++1
1e
0e
0e
000.e
1.2.3
abc
++1
+
-
1.2.3
1e
1e-
1ee2
++1
+
1e
e10
1e+
0e
e10
1e-
0e
1e-
+
--2
--2
1e+
+
+
++1
1ee2
-
1e
--2
-
1e-
1.2.3
1e-
1e
000.e
1e-
+
000.e
.
1e-
0e
+
-
abc
1e+
++1
e10
-
1e+
-
1e-
1e
.
0e
000.e
1ee2
abc
1e
0e
000.e
+
e10
abc
1e+
--2
1e+
+
1e+
.
--2
.
1e-
1e+
0e
--2
1e+
-
1e-
++1
.
e10
-
1ee2
.
1ee2
1.2.3
abc
1e
.
e10
1e-
e10
000.e
.
+
e10
.
1e
.
e10
1e+
1.2.3
000.e
1e
000.e
1e
e10
0e
--2
1ee2
+
-
++1
1e-
.
1ee2
abc
1.2.3
--2
1e-
+
.
abc
e10
1e-
+
+
--2
-
000.e
e10
1ee2
1.2.3
.
1ee2
1e
1e-
++1
1e
abc
--2
++1
.
-
0e
1ee2
--2
000.e
1e-
1.2.3
000.e
1.2.3
-
--2
e10
000.e
0e
000.e
-
e10
0e
1e
1e-
1e
000.e
1e
--2
-
-
1e+
++1
e10
+
e10
1.2.3
1e
-
0e
1e
1ee2
.
--2
-
-
0e
abc
000.e
--2
+
0e
--2
++1
e10
1ee2
1e-
1.2.3
1e+
0e
.
e10
0e
--2
e10
0e
+
1.2.3
--2
1e+
1ee2
000.e
++1
000.e
1.2.3
1ee2
-
abc
1.2.3
-
1e+
+
1ee2
abc
1e
1.2.3
1e-
.
e10
abc
1e-
e10
1e-
1.2.3
0e
000.e
-
--2
-
+
0e
++1
1.2.3
-
1ee2
-
++1
000.e
++1
1.2.3
e10
+
++1
1e-
000.e
0e
abc
.
++1
--2
000.e
1e
.
1e+
+
.
e10
1.2.3
1ee2
-
++1
+
1e-
+
1e-
--2
1e-
e10
000.e
e10
abc
1e+
--2
-
++1
1.2.3
abc
e10
1ee2
1e+
++1
-
+
.
1e-
.
0e
e10
1ee2
--2
0e
0e
+
1e-
e10
.
000.e
-
1e
--2
-
1e+
e10
1e-
000.e
abc
1ee2
abc
.
1e
000.e
1e-
000.e
--2
0e
000.e
000.e
1e
.
abc
1.2.3
--2
1e+
-
.
+
.
++1
1ee2
0e
-
-
.
1e+
0e
000.e
e10
-
000.e
0e
.
1ee2
abc
--2
000.e
e10
.
000.e
++1
+
000.e
1.2.3
1ee2
000.e
+
+
1e-
1ee2
1e
1e+
000.e
abc
e10
.
000.e
abc
++1
1e+
e10
++1
1ee2
1e+
abc
-
+
-
1.2.3
1e+
0e
1e
0e
--2
abc
1ee2
1ee2
-
++1
1.2.3
.
.
1.2.3
1ee2
e10
abc
e10
.
1e
000.e
-
1e+
--2
-
1e
1e+
1e-
++1
0e
1e-
e10
1e+
0e
--2
+
1e-
-
1e+
1e-
1.2.3
.
-
1.2.3
000.e
-
000.e
000.e
1e+
.
1e-
1e
1e+
1ee2
1e-
1e-
1ee2
1e-
1e-
-
abc
--2
1e-
1.2.3
1ee2
1.2.3
0e
-
abc
--2
+
1.2.3
e10
1ee2
1.2.3
e10
0e
e10
0e
1e-
++1
--2
++1
.
e10
1.2.3
e10
000.e
1e-
+
1e-
+
-
-
++1
.
.
1e+
--2
1e
abc
e10
++1
0e
1e+
0e
abc
--2
000.e
--2
1.2.3
abc
--2
1e
1.2.3
.
0e
1e+
1e-
abc
1e+
--2
1.2.3
-
--2
1e-
-
1ee2
+
0e
1e
.
1ee2
1e-
1ee2
1.2.3
1ee2
1e-
++1
1e+
1ee2
e10
--2
1.2.3
1.2.3
abc
1e+
1e
++1
-
0e
+
0e
.
+
++1
++1
0e
.
1ee2
1e-
1e
e10
0e
e10
0e
000.e
--2
000.e
1e+
-
--2
1e+
--2
e10
1.2.3
1e
.
abc
1ee2
1e-
000.e
0e
0e
0e
1.2.3
e10
1.2.3
-
1e
1e
+
1ee2
+
--2
0e
1e-
1e
++1
++1
1e-
1e
--2
000.e
--2
-
e10
abc
1.2.3
++1
000.e
++1
0e
1.2.3
1ee2
1e+
0e
1ee2
1e+
000.e
1ee2
0e
.
.
abc
1ee2
++1
.
e10
1.2.3
-
1ee2
e10
+
1e
-
000.e
e10
.
000.e
1ee2
1.2.3
--2
1e-
0e
000.e
abc
-
1e+
-
--2
000.e
e10
e10
1e-
e10
0e
1e+
-
0e
1e+
.
0e
0e
abc
1.2.3
0e
+
1e
1e
1ee2
1e
0e
-
++1
000.e
0e
0e
++1
e10
1e+
+
1e+
.
0e
.
++1
abc
1e-
++1
++1
1e
abc
0e
--2
e10
1ee2
abc
-
1e
1e
1e
--2
e10
abc
1e
1e
1ee2
++1
+
.
1e+
++1
.
0e
--2
1e-
+
abc
1.2.3
1e-
1e
+
1e-
e10
000.e
.
0e
1e-
1e-
abc
--2
.
abc
+
--2
1e-
e10
1e
1e
0e
++1
e10
abc
1e+
1ee2
++1
0e
1e
+
--2
1e
e10
abc
abc
-
-
-
1e+
abc
--2
1e+
1ee2
1e+
0e
.
0e
1e+
1e-
1ee2
abc
1e+
1ee2
0e
1e-
abc
.
1e
000.e
e10
0e
1e+
1e+
+
++1
+
.
1e-
abc
1.2.3
+
+
1.2.3
+
e10
1ee2
++1
1e+
e10
1e-
1.2.3
+
abc
1ee2
--2
1.2.3
000.e
.
1.2.3
+
1.2.3
--2
000.e
++1
1.2.3
.
-
e10
000.e
1e
++1
0e
++1
1e
++1
++1
1.2.3
-
1e+
abc
1ee2
1.2.3
0e
e10
.
-
000.e
+
.
+
abc
000.e
000.e
++1
.
+
+
--2
abc
e10
1e
-
1.2.3
1.2.3
1e-
1ee2
000.e
e10
+
-
.
--2
0e
000.e
++1
0e
1.2.3
--2
1.2.3
1e+
-
000.e
+
--2
000.e
0e
0e
+
1e-
1e+
e10
.
1e+
--2
1.2.3
--2
-
1e
--2
-
1e-
0e
1.2.3
-
0e
-
1e+
1.2.3
+
1e+
e10
--2
abc
-
.
.
+
1e+
000.e
1e+
1e+
1ee2
e10
000.e
-
e10
+
.
+
000.e
--2
1e
1e-
.
1e
000.e
abc
1ee2
000.e
.
1e-
abc
1e
1e
--2
1e
-
1e
++1
1.2.3
1e-
1.2.3
+
--2
000.e
--2
--2
1ee2
-
++1
++1
.
000.e
++1
e10
1e+
-
e10
000.e
abc
000.e
1ee2
+
0e
1e+
1e-
abc
1e
e10
1e+
e10
1e
1ee2
e10
++1
1ee2
1e+
0e
1.2.3
1e-
1e-
1.2.3
000.e
1e+
000.e
++1
--2
e10
1ee2
--2
--2
000.e
0e
0e
1.2.3
.
--2
0e
1.2.3
0e
abc
+
1ee2
--2
1e-
1.2.3
e10
.
1.2.3
+
.
1e-
1ee2
--2
++1
+
1e-
--2
0e
1.2.3
1e
1e+
0e
0e
1e
1e-
1e
--2
1.2.3
0e
--2
1.2.3
.
abc
++1
e10
--2
.
1.2.3
abc
000.e
1e+
-
+
0e
--2
000.e
1e+
000.e
1e-
.
1.2.3
.
1e
+
1e
1e+
1e+
0e
0e
1e-
-
1e+
.
1.2.3
-
--2
-
1.2.3
--2
-
--2
++1
0e
+
--2
++1
1e+
1e-
1e
1.2.3
+
1e+
abc
1ee2
+
1.2.3
-
1ee2
1e+
1e-
.
1e+
1e-
1ee2
-
1ee2
1e
.
000.e
--2
1e
1.2.3
1.2.3
e10
1.2.3
1e
.
e10
abc
+
1e-
++1
--2
--2
e10
1e-
1ee2
1ee2
.
abc
--2
1ee2
000.e
++1
abc
1ee2
abc
1ee2
++1
1e+
abc
1.2.3
1e-
1.2.3
e10
e10
+
--2
--2
1.2.3
0e
000.e
1ee2
1.2.3
1e+
1e-
1.2.3
1e-
-
1e+
1ee2
.
+
0e
++1
e10
.
1ee2
1e
-
1e-
e10
0e
-
1.2.3
--2
+
+
e10
-
000.e
0e
--2
0e
abc
+
1e+
1e+
.
0e
-
1e-
e10
000.e
1e-
000.e
-
0e
0e
e10
--2
000.e
abc
1ee2
000.e
++1
++1
-
000.e
--2
++1
abc
-
e10
.
1e-
abc
-
+
1e+
abc
+
000.e
e10
abc
0e
.
-
++1
1e+
1e
1.2.3
++1
0e
1ee2
-
1e+
1e
--2
1e-
1e-
.
0e
1ee2
1e+
--2
1ee2
1e
1e+
++1
0e
.
000.e
1e
--2
+
--2
++1
0e
++1
0e
+
-
+
+
000.e
--2
000.e
--2
0e
1ee2
++1
+
e10
e10
++1
0e
1e-
.
1e-
1e+
1e+
abc
+
+
++1
1e
e10
1e
--2
.
1e+
000.e
e10
--2
abc
000.e
0e
abc
1.2.3
--2
1ee2
-
abc
abc
e10
1ee2
e10
+
e10
.
1e-
++1
abc
1e+
.
1ee2
.
-
.
.
-
+
--2
--2
-
+
+
1.2.3
+
0e
.
--2
abc
1e
1.2.3
.
e10
.
abc
1e
1.2.3
1e+
e10
1e-
-
-
++1
1e+
-
abc
1e-
++1
abc
0e
-
e10
1ee2
abc
0e
0e
-
1e+
1ee2
1e-
abc
-
e10
000.e
0e
-
0e
.
1e-
+
abc
-
1ee2
1e+
.
1.2.3
1.2.3
.
1.2.3
1e
000.e
abc
000.e
-
1ee2
1.2.3
e10
1ee2
1e+
-
1e+
-
.
-
.
1e
e10
000.e
1e-
--2
1e-
++1
e10
1.2.3
e10
1e-
1e-
1e
1e+
000.e
abc
1e+
0e
0e
000.e
000.e
+
1e-
.
+
0e
1.2.3
0e
-
++1
1e+
++1
abc
.
000.e
1e-
.
0e
e10
1.2.3
+
1e-
-
1.2.3
e10
e10
1e
1e-
1e
1e-
.
+
.
000.e
1e
--2
000.e
1e
abc
-
000.e
++1
1e
--2
++1
--2
1ee2
e10
--2
abc
1ee2
1e
1ee2
1e-
1e
e10
0e
1e-
1e-
+
1e+
e10
.
++1
++1
1ee2
abc
1e+
1e
1e-
+
1ee2
++1
abc
e10
++1
0e
000.e
e10
0e
1e-
-
1ee2
1e-
--2
1.2.3
.
--2
abc
++1
1.2.3
000.e
+
000.e
-
+
.
e10
1e
1e
--2
000.e
1e+
1e
1e
-
abc
--2
1e+
0e
++1
1.2.3
+
e10
1e+
e10
0e
1e
+
1.2.3
.
1ee2
1e-
1e-
.
.
-
e10
000.e
-
0e
--2
--2
.
1.2.3
1e
.
1e
1e-
1.2.3
000.e
++1
abc
1e-
-
1e+
1ee2
-
1ee2
0e
1e+
1.2.3
1e
0e
1e-
1.2.3
--2
abc
--2
0e
e10
e10
++1
1ee2
+
1ee2
1e-
abc
1e+
0e
.
0e
e10
1e
--2
0e
+
.
e10
000.e
1e
000.e
.
0e
-
1ee2
-
--2
1ee2
1ee2
1ee2
++1
++1
--2
1e-
1e-
--2
abc
1e+
0e
+
000.e
-
abc
1e+
1e-
1e+
0e
000.e
abc
--2
0e
-
1e
abc
-
1ee2
abc
-
e10
+
1e
1e+
1e
.
1.2.3
++1
--2
--2
abc
000.e
.
abc
1ee2
--2
.
--2
1.2.3
--2
1e
1.2.3
1ee2
abc
--2
e10
++1
-
abc
e10
--2
--2
000.e
1ee2
--2
--2
1e
--2
abc
.
1.2.3
++1
--2
0e
abc
+
++1
1ee2
-
000.e
++1
abc
0e
1ee2
1e-
.
1.2.3
1e
abc
1e
.
+
e10
abc
1e-
1e-
1e+
1ee2
1e-
e10
1.2.3
--2
-
+
.
--2
0e
abc
1e
+
1e-
+
e10
.
.
e10
+
abc
e10
-
1e+
1e+
1.2.3
++1
1ee2
--2
1e
0e
1e
abc
e10
1ee2
.
000.e
--2
e10
e10
0e
abc
-
1e+
1e
--2
1e-
1.2.3
.
+
1e
+
1e+
0e
+
1e+
1ee2
1e-
-
e10
1.2.3
+
+
1e-
abc
1e+
1e
1e+
+
++1
abc
.
++1
abc
abc
+
1e+
-
1e-
1.2.3
1e
e10
+
--2
-
abc
e10
1.2.3
--2
.
++1
+
e10
e10
++1
+
e10
.
0e
1e+
1e-
000.e
0e
1e
1e-
.
0e
--2
1e
--2
1e-
e10
e10
1e-
abc
000.e
1e+
+
abc
abc
e10
000.e
1.2.3
1.2.3
abc
000.e
+
++1
abc
--2
e10
1e+
.
1e-
000.e
.
-
1e-
1.2.3
0e
1e-
-
1e
.
--2
1ee2
000.e
1ee2
1ee2
0e
-
--2
-
000.e
0e
1.2.3
1e+
1ee2
.
++1
1ee2
++1
1e-
abc
0e
000.e
-
abc
0e
000.e
0e
000.e
--2
000.e
0e
--2
abc
--2
--2
.
1e
+
e10
--2
1e
e10
++1
1e+
1.2.3
e10
0e
++1
++1
++1
0e
abc
0e
000.e
e10
1e
e10
1e-
-
1e+
0e
1ee2
1.2.3
--2
1e-
+
1e+
++1
-
1.2.3
+
--2
000.e
1.2.3
--2
1ee2
1e+
1ee2
abc
000.e
1ee2
1e
--2
1e+
000.e
1e
++1
1.2.3
.
++1
0e
abc
1e+
000.e
1e+
1e-
.
.
abc
1.2.3
-
1.2.3
.
0e
-
abc
-
1e-
000.e
1e+
1e-
1.2.3
abc
0e
000.e
0e
+
e10
0e
0e
e10
1e
1ee2
000.e
-
e10
abc
.
1e
1e+
e10
1ee2
1e-
--2
1e+
++1
1e+
.
1e+
1e-
1e-
.
1e
1e-
1.2.3
-
--2
++1
1e
--2
-
0e
000.e
1e
.
000.e
1e-
++1
+
-
--2
+
--2
1ee2
1ee2
1e+
--2
e10
1e+
abc
1e+
abc
1e+
1.2.3
-
+
--2
0e
--2
1ee2
1ee2
1e-
--2
abc
000.e
.
--2
000.e
1e
++1
000.e
000.e
e10
e10
--2
1.2.3
e10
0e
1ee2
+
abc
0e
-
++1
-
+
000.e
--2
.
1ee2
000.e
++1
1e+
1e+
1e
e10
0e
-
1e+
000.e
1e-
.
--2
000.e
.
--2
-
1e
abc
+
1e-
++1
abc
e10
+
1e-
1e
e10
1ee2
.
-
1e-
abc
.
abc
++1
-
1e+
1ee2
1.2.3
e10
+
000.e
++1
abc
e10
1.2.3
++1
1ee2
1e-
-
1ee2
1e+
e10
.
1ee2
0e
++1
e10
1ee2
++1
1.2.3
.
0e
1.2.3
0e
-
abc
abc
1.2.3
-
1ee2
+
e10
1ee2
000.e
000.e
abc
e10
e10
++1
abc
e10
000.e
e10
1.2.3
1ee2
1e
1.2.3
.
1ee2
000.e
--2
000.e
++1
--2
1e+
1e+
e10
e10
abc
1ee2
1ee2
++1
-
++1
--2
0e
1e-
-
++1
1e-
+
0e
1e+
1e-
000.e
1.2.3
abc
1ee2
1e
0e
1e
e10
1e
0e
+
1e+
1.2.3
1ee2
000.e
abc
1e+
1e-
1ee2
.
1e
abc
.
0e
.
0e
1.2.3
e10
+
1ee2
1e+
1e-
000.e
0e
--2
e10
.
1ee2
+
-
1ee2
+
abc
1e
1.2.3
.
abc
1e+
++1
+
0e
1e-
+
++1
e10
++1
000.e
000.e
1ee2
e10
e10
1.2.3
e10
1ee2
1.2.3
+
1e+
1e-
.
.
000.e
1e+
-
000.e
1e+
abc
000.e
+
000.e
+
1.2.3
1.2.3
+
-
++1
1e
1e
1e+
++1
1ee2
1e+
--2
e10
1.2.3
1.2.3
1.2.3
--2
1.2.3
1e+
1ee2
+
1.2.3
1e-
0e
1e-
1e
0e
-
0e
1.2.3
1ee2
-
0e
-
-
1e
abc
000.e
e10
++1
1ee2
abc
.
-
1.2.3
e10
--2
e10
1e
-
1e
1e
e10
--2
1.2.3
000.e
-
e10
e10
0e
--2
1e
0e
1e-
e10
+
000.e
1e
1e-
--2
000.e
1.2.3
abc
e10
abc
1e+
+
1.2.3
--2
.
-
1e
.
--2
--2
0e
++1
+
e10
abc
1.2.3
0e
abc
1ee2
abc
-
1e-
.
abc
e10
abc
1.2.3
-
+
1ee2
1ee2
1e+
.
1e-
0e
0e
000.e
1e
1e+
1e-
e10
+
1ee2
-
-
--2
1e+
+
++1
1e-
abc
--2
0e
1e+
1e
++1
1e-
1e+
1ee2
abc
1e+
+
000.e
-
1e-
abc
1e
.
1e-
e10
1e
+
1e-
--2
-
1e-
1e
++1
+
000.e
e10
1e-
-
--2
-
+
+
1ee2
--2
-
abc
.
1e
+
0e
e10
1.2.3
-
1ee2
e10
1ee2
1e+
1ee2
.
e10
abc
+
0e
1.2.3
1.2.3
1e
1.2.3
1e+
--2
000.e
-
+
1.2.3
1e-
-
1.2.3
1ee2
e10
1e+
e10
0e
1e+
1e-
1e-
000.e
000.e
++1
1.2.3
++1
+
-
++1
1e
1e+
1e-
1e+
-
abc
0e
++1
0e
abc
000.e
+
1ee2
abc
abc
1e-
++1
--2
e10
+
1e-
-
.
1.2.3
abc
++1
1ee2
1e
.
1e+
1e-
abc
000.e
1e+
--2
000.e
000.e
e10
--2
0e
++1
1e
1e-
1e-
abc
0e
1ee2
1e+
--2
--2
e10
1e-
+
.
1.2.3
--2
000.e
000.e
-
1e+
--2
e10
--2
e10
e10
++1
--2
e10
.
+
000.e
1ee2
e10
+
e10
-
1e
1e
abc
.
abc
abc
++1
0e
1ee2
e10
.
1e
1e+
+
e10
1.2.3
+
+
abc
1e+
abc
0e
0e
1e+
1.2.3
1e
1.2.3
1e
-
+
1e-
-
1e
1e-
1e+
000.e
000.e
1e+
1.2.3
abc
000.e
+
--2
e10
1e
e10
+
-
1e+
-
-
1ee2
1e-
abc
-
1e+
e10
abc
1e+
e10
1e-
000.e
--2
.
1e
++1
++1
000.e
abc
+
e10
++1
abc
1e
1e+
1ee2
1e+
0e
.
0e
000.e
e10
e10
1ee2
0e
000.e
000.e
e10
--2
--2
--2
+
1e
+
abc
0e
1ee2
0e
e10
--2
0e
1e-
1ee2
++1
--2
++1
1e-
0e
1.2.3
-
1e-
-
1.2.3
-
.
-
1.2.3
1e+
abc
1e+
1e
1e+
++1
1e+
1e-
e10
000.e
abc
1.2.3
--2
1e
000.e
1e-
-
000.e
0e
1e
abc
1e+
-
1e-
0e
++1
++1
1ee2
.
1.2.3
1.2.3
0e
000.e
1e+
abc
0e
++1
++1
1e+
-
1ee2
1e-
e10
.
1e-
1e-
-
000.e
000.e
abc
+
000.e
1e
1e+
1e+
000.e
.
1e+
1e
0e
1e
1ee2
++1
abc
-
1e
.
-
++1
++1
+
e10
e10
000.e
1.2.3
000.e
.
1e+
0e
1.2.3
+
.
e10
1e-
e10
0e
1e
++1
--2
0e
+
0e
1e
0e
1e
e10
+
0e
.
1e-
--2
++1
1e
++1
000.e
+
1e
+
000.e
1ee2
1.2.3
--2
1ee2
1.2.3
1.2.3
.
000.e
-
++1
.
000.e
1e+
1.2.3
++1
e10
1ee2
1e-
e10
1.2.3
e10
1ee2
++1
e10
++1
abc
000.e
1e-
e10
-
--2
--2
abc
++1
-
+
1ee2
000.e
.
e10
.
+
.
000.e
1e-
-
.
0e
1ee2
.
.
+
++1
1e
000.e
1ee2
abc
000.e
abc
abc
000.e
--2
000.e
.
1.2.3
--2
++1
e10
+
1e+
1e-
1e
000.e
1.2.3
1e
--2
e10
1e
abc
1.2.3
abc
1e+
+
+
1e+
1ee2
1e-
1e-
-
1.2.3
e10
+
.
e10
1e-
000.e
0e
++1
+
1e-
-
1e
1e+
1e
.
1e-
e10
1e
1.2.3
000.e
1e
1e-
.
abc
1e+
1e-
1e+
-
000.e
1.2.3
1.2.3
0e
000.e
1e
1ee2
1e-
1.2.3
.
1.2.3
.
000.e
++1
1e-
+
1.2.3
1ee2
1e+
+
.
1.2.3
++1
-
+
000.e
++1
--2
abc
1e+
1ee2
1e
++1
1e
-
1e-
1e-
++1
0e
000.e
+
1ee2
++1
--2
--2
1e
abc
++1
-
.
1ee2
0e
1ee2
+
1e
+
1e-
abc
1e
1e-
e10
1.2.3
-
abc
000.e
1ee2
1e
++1
1ee2
.
1e
e10
1e+
1e-
1e+
e10
0e
1.2.3
--2
1e-
1e
+
.
1ee2
1.2.3
--2
-
1e+
+
1e+
0e
000.e
+
+
e10
.
-
1e-
1.2.3
--2
1ee2
+
-
1e
000.e
1.2.3
abc
1e-
1e
-
000.e
-
e10
abc
e10
++1
1e-
1ee2
1.2.3
1e+
e10
000.e
000.e
.
1ee2
+
+
0e
.
1ee2
0e
1e
--2
++1
-
1e+
1e
1e
000.e
--2
1e+
-
.
++1
--2
abc
000.e
+
--2
1e-
0e
1e
000.e
abc
-
1e-
abc
++1
-
1e+
+
abc
1e+
--2
abc
-
e10
0e
e10
abc
e10
.
000.e
1ee2
000.e
++1
++1
-
+
-
e10
+
-
--2
abc
1e
.
.
1ee2
abc
000.e
000.e
1e
e10
1e
.
1e-
+
--2
1e-
1ee2
e10
0e
1e
e10
e10
+
1ee2
.
+
1e+
0e
1e-
abc
+
1ee2
1ee2
++1
++1
--2
1e-
000.e
--2
++1
--2
abc
1.2.3
000.e
0e
e10
1e-
1ee2
e10
1e+
++1
-
--2
1e+
1e-
1e-
+
1e+
e10
+
1e-
e10
1e
+
1.2.3
abc
-
1e
0e
.
0e
1e+
1e
+
--2
+
000.e
1ee2
+
-
-
-
e10
1.2.3
.
000.e
000.e
1ee2
+
1e+
.
+
1e
e10
000.e
0e
--2
1ee2
abc
--2
--2
1e-
1e-
abc
1.2.3
+
e10
+
e10
1e
++1
e10
0e
.
1e-
1e+
000.e
1e+
1e
abc
abc
1e-
1e-
e10
abc
.
1e
1e
.
abc
+
1.2.3
e10
++1
1ee2
1e
0e
1.2.3
abc
1e-
1ee2
000.e
++1
1.2.3
1e-
1ee2
0e
1ee2
1ee2
--2
+
--2
++1
abc
0e
0e
++1
e10
1.2.3
1e
--2
1e-
--2
1e-
+
-
1e+
++1
0e
-
--2
--2
1e+
-
1ee2
1ee2
e10
--2
1.2.3
1e-
+
+
1e
1e
1e+
abc
1e-
++1
1e-
.
++1
1ee2
1e-
.
1e-
000.e
abc
e10
--2
1e+
--2
++1
1e+
abc
1e-
++1
1e
0e
-
abc
e10
e10
1ee2
1e
-
1e+
+
--2
+
++1
1e-
1ee2
+
+
1ee2
000.e
1e+
000.e
1e+
.
1e
1ee2
1ee2
+
1ee2
--2
+
1e
e10
.
1e-
1e-
++1
++1
-
1.2.3
1.2.3
++1
--2
+
-
1e
1ee2
--2
-
1e+
0e
--2
1.2.3
0e
+
1.2.3
000.e
0e
.
1.2.3
000.e
-
+
1e+
++1
1e
+
.
.
0e
1e-
++1
e10
1e
000.e
e10
1e-
e10
++1
1e-
000.e
1.2.3
-
0e
1.2.3
1e-
1ee2
1e-
1.2.3
++1
++1
++1
1e+
+
1e-
000.e
1e
1e+
1.2.3
1e
1e
0e
1e-
e10
1ee2
+
1e
1.2.3
000.e
1e-
1e
0e
--2
-
e10
++1
-
++1
000.e
000.e
000.e
+
1e-
-
.
1e-
+
1.2.3
000.e
1e-
--2
1e+
--2
1e
0e
1e+
++1
1e+
++1
e10
1.2.3
1ee2
e10
e10
1ee2
+
1e+
abc
1ee2
1e+
e10
.
0e
++1
1e-
++1
--2
--2
-
abc
0e
e10
.
1ee2
1e+
1e-
000.e
1e+
++1
.
abc
1ee2
000.e
+
1.2.3
+
1e
1.2.3
++1
1.2.3
abc
000.e
000.e
1.2.3
++1
++1
.
1.2.3
e10
1.2.3
-
abc
1e+
1.2.3
1e-
0e
1e+
abc
1e
0e
1.2.3
000.e
e10
1e
abc
0e
+
1e+
.
1e
000.e
1e+
-
abc
1e
.
1ee2
000.e
e10
--2
--2
1e-
e10
+
++1
000.e
--2
1ee2
1ee2
--2
-
1.2.3
e10
000.e
1ee2
1e
1ee2
e10
-
-
.
.
++1
000.e
.
1e+
0e
+
+
1ee2
++1
-
abc
abc
abc
0e
1e+
1e-
--2
-
+
++1
1e
1.2.3
abc
+
0e
1e-
-
1ee2
.
abc
1ee2
++1
--2
++1
1e-
.
1ee2
1e
0e
1e
1e-
++1
1ee2
0e
abc
0e
--2
-
e10
000.e
1e+
1ee2
1e+
1.2.3
-
-
0e
e10
+
000.e
e10
--2
abc
-
1.2.3
1e+
1ee2
--2
0e
++1
e10
+
--2
1e-
abc
.
-
e10
1e
1ee2
++1
.
1e+
1e+
.
1e
++1
1e+
1ee2
1e
++1
+
000.e
-
-
--2
0e
abc
1e
--2
++1
+
abc
e10
1e
++1
-
0e
++1
000.e
-
1.2.3
0e
.
1ee2
0e
+
1e+
.
0e
-
0e
abc
++1
0e
--2
0e
1e+
+
1e-
abc
--2
abc
e10
abc
e10
1e
-
1.2.3
++1
1.2.3
++1
1ee2
--2
-
-
.
+
-
000.e
++1
abc
+
--2
+
1e-
--2
1e
e10
-
e10
1.2.3
1.2.3
1e-
-
-
1.2.3
1e-
abc
000.e
e10
.
-
abc
1ee2
1e+
1e-
0e
++1
abc
000.e
000.e
000.e
-
1e-
e10
1.2.3
0e
0e
1ee2
1e
+
+
--2
1e
e10
abc
.
1e-
--2
1ee2
1e
1e+
1e
--2
--2
0e
1e-
--2
-
0e
000.e
1e
1e
++1
000.e
1.2.3
1e
-
++1
--2
1.2.3
.
abc
1.2.3
e10
1ee2
1e-
1.2.3
--2
e10
1e-
1.2.3
++1
-
1.2.3
1e+
1.2.3
0e
1e
--2
abc
++1
000.e
0e
1.2.3
1e
--2
1ee2
.
1e
1e
000.e
-
1e+
1e+
-
1e-
.
--2
.
++1
-
++1
0e
++1
1e
++1
.
1e+
0e
++1
1e-
1e-
1ee2
1.2.3
000.e
1ee2
++1
++1
e10
000.e
-
0e
++1
1e+
-
000.e
1e-
1ee2
.
1ee2
e10
1e+
--2
++1
--2
--2
-
0e
--2
--2
000.e
--2
e10
1ee2
0e
abc
+
1e
1.2.3
1e-
1e
++1
1e-
1ee2
0e
1ee2
1e
0e
0e
++1
1e
e10
e10
abc
1e
0e
000.e
abc
0e
e10
.
0e
--2
1e
000.e
1e-
-
1e-
1e+
++1
.
++1
.
0e
abc
e10
.
1e+
1e
abc
000.e
abc
1.2.3
1.2.3
1e-
-
abc
1.2.3
1e+
.
--2
+
000.e
+
+
++1
++1
1.2.3
1e-
0e
e10
abc
1e
1.2.3
++1
000.e
1.2.3
000.e
1.2.3
1e+
1ee2
000.e
000.e
+
0e
1ee2
-
++1
+
.
.
.
000.e
1.2.3
0e
1e+
e10
e10
000.e
+
.
1ee2
.
e10
++1
-
+
e10
1e-
1e+
+
e10
1e+
1e-
0e
++1
000.e
0e
1e+
-
-
.
000.e
000.e
-
0e
--2
--2
e10
e10
--2
1e+
--2
1ee2
000.e
1ee2
abc
0e
abc
abc
-
1e-
1ee2
1.2.3
e10
-
abc
1e
000.e
e10
-
1e-
0e
abc
--2
1ee2
--2
1e-
.
1ee2
--2
abc
+
abc
1e+
1e-
1e+
e10
+
-
1.2.3
000.e
+
0e
1e+
1e+
e10
abc
0e
1e-
e10
1e
+
1e+
1.2.3
0e
abc
+
-
1e+
1.2.3
1ee2
+
-
abc
000.e
1e-
++1
1e
1ee2
.
-
.
+
-
+
e10
0e
1e+
1e-
abc
--2
++1
.
1e+
--2
1e-
+
--2
.
1e+
+
1e
+
-
e10
.
1ee2
e10
1ee2
.
--2
-
1.2.3
1e+
1ee2
--2
++1
1ee2
abc
1e-
-
1ee2
.
1ee2
000.e
e10
--2
++1
e10
abc
abc
--2
-
000.e
abc
++1
0e
000.e
abc
1.2.3
1e+
++1
-
+
--2
1e
e10
1.2.3
++1
0e
000.e
.
1e-
1ee2
abc
e10
.
+
1e
-
1e-
1e
--2
e10
+
1e-
++1
1.2.3
.
.
-
abc
1e+
1.2.3
000.e
1e
abc
-
000.e
1ee2
e10
+
0e
1ee2
++1
1e-
abc
e10
-
1ee2
abc
1ee2
1e+
+
++1
abc
1.2.3
1.2.3
abc
abc
1e
.
--2
1.2.3
--2
--2
1.2.3
1.2.3
++1
1e-
+
--2
1e-
1e-
--2
--2
abc
1e
--2
1.2.3
++1
++1
1ee2
++1
000.e
abc
1e
e10
--2
0e
.
1e+
++1
000.e
1ee2
0e
1ee2
1e-
++1
000.e
-
e10
--2
-
1.2.3
--2
.
1e-
1e
1e
++1
000.e
1e+
000.e
-
.
.
abc
--2
-
1ee2
1e
--2
1e-
000.e
e10
--2
1ee2
1e-
+
0e
1ee2
1e+
000.e
1e+
--2
e10
--2
++1
.
+
.
1ee2
0e
1ee2
1e-
000.e
--2
++1
-
-
e10
1e-
000.e
++1
-
1.2.3
1ee2
0e
1.2.3
1e-
-
--2
1.2.3
000.e
1e+
1e-
--2
-
abc
+
1e
abc
-
1e-
-
abc
+
1e
+
+
.
1e-
1ee2
1ee2
--2
+
++1
1e+
--2
++1
1e+
abc
000.e
0e
1e-
1e+
1e+
1e
1ee2
000.e
0e
1ee2
abc
abc
1ee2
-
1.2.3
1.2.3
+
e10
++1
0e
0e
++1
0e
1e+
1e-
+
abc
--2
1.2.3
abc
.
0e
abc
++1
0e
++1
000.e
-
1e
000.e
1.2.3
000.e
1e-
1.2.3
+
+
0e
1e
1ee2
--2
1e-
e10
1.2.3
--2
abc
abc
+
-
1.2.3
1ee2
1.2.3
1e-
abc
--2
++1
000.e
--2
1ee2
+
1e
.
+
-
1e-
1ee2
1e+
.
abc
0e
++1
abc
1e+
1e-
0e
.
+
.
1e
1e+
++1
1e-
1e-
1e
1e-
0e
-
e10
+
++1
000.e
0e
+
1e+
e10
.
1ee2
1e
1e-
1ee2
1ee2
1.2.3
abc
1e-
000.e
-
0e
-
1e+
++1
1.2.3
+
1e-
abc
0e
--2
1e
abc
1ee2
000.e
0e
-
--2
1e
1ee2
1ee2
--2
1e
abc
1.2.3
.
-
1ee2
abc
1e+
++1
-
1ee2
+
000.e
1e+
+
--2
++1
-
1e+
0e
1ee2
1e
1e+
.
abc
e10
000.e
1e
+
.
000.e
1ee2
1ee2
1ee2
000.e
abc
1.2.3
0e
+
+
0e
e10
1e+
abc
abc
1e+
1ee2
1.2.3
000.e
.
0e
1e
1.2.3
1.2.3
abc
1e
.
+
-
000.e
1e+
+
.
++1
1ee2
1ee2
0e
1e-
+
abc
1e
+
000.e
1.2.3
1.2.3
e10
.
1ee2
abc
1.2.3
1e-
++1
.
000.e
--2
1ee2
--2
+
+
0e
1ee2
1e
.
1.2.3
0e
e10
000.e
+
1e-
--2
++1
++1
1e+
-
1ee2
.
1ee2
.
000.e
+
abc
++1
1e+
1.2.3
1e+
1e+
-
abc
e10
.
1e-
1ee2
1e
+
000.e
.
000.e
--2
--2
--2
000.e
++1
0e
.
.
1ee2
abc
0e
++1
1ee2
--2
1e+
1ee2
-
--2
abc
abc
++1
e10
000.e
1e+
++1
1e+
.
1e
++1
1e
abc
0e
e10
1e-
1e
+
--2
1e-
000.e
1e
--2
abc
-
1ee2
1.2.3
1ee2
000.e
1e
1e+
.
1ee2
0e
++1
e10
1.2.3
1e-
+
+
1e
1e
1e+
1e-
++1
e10
++1
0e
.
000.e
000.e
1e-
+
0e
1ee2
e10
1e+
0e
1e
1e-
e10
.
1ee2
1.2.3
1e
abc
abc
0e
++1
+
--2
000.e
abc
abc
0e
++1
1ee2
1e+
--2
1ee2
000.e
--2
e10
1ee2
.
1e-
1e+
-
--2
000.e
abc
-
--2
1.2.3
e10
000.e
0e
1ee2
000.e
--2
1e-
abc
e10
0e
1.2.3
abc
++1
1e+
1e-
-
0e
1e-
.
+
1e
++1
0e
0e
.
abc
1e
--2
0e
++1
000.e
1e
+
1e-
abc
abc
++1
+
-
1e-
+
-
-
1e-
.
1ee2
1e-
1e
1e+
.
abc
0e
1e
abc
e10
000.e
1e
++1
0e
.
000.e
+
1e-
-
-
--2
000.e
1.2.3
1.2.3
++1
abc
1e+
.
+
0e
1e
0e
1ee2
+
abc
1ee2
++1
-
-
abc
1e
e10
.
--2
--2
abc
e10
1.2.3
+
abc
0e
-
-
abc
1e
+
1.2.3
--2
1e-
1e+
abc
.
--2
+
e10
1ee2
1e+
0e
000.e
++1
-
--2
0e
1.2.3
1e+
1.2.3
+
1e-
++1
e10
.
e10
-
1e+
e10
+
--2
-
-
1.2.3
-
++1
0e
1e-
++1
.
1ee2
+
1ee2
1e
++1
--2
e10
.
0e
abc
++1
-
--2
e10
1.2.3
-
--2
e10
1.2.3
1e+
1e-
e10
1.2.3
000.e
1e+
1e
e10
1e-
000.e
1ee2
1ee2
1.2.3
abc
0e
-
--2
1e
1.2.3
-
000.e
1e+
e10
++1
1e+
+
1.2.3
abc
1e
abc
.
1e-
--2
1e-
1ee2
1.2.3
1e-
+
1e+
--2
1ee2
e10
.
abc
1e+
e10
1.2.3
+
e10
000.e
e10
1e+
--2
-
abc
000.e
1e-
1e
1e+
.
++1
1e
e10
-
++1
--2
e10
+
1ee2
++1
e10
++1
1.2.3
--2
-
1e-
000.e
-
--2
1e
++1
--2
1e+
1e
e10
1e-
1ee2
-
000.e
000.e
-
-
1ee2
e10
e10
0e
1e
e10
0e
1.2.3
+
.
1e
abc
1e+
1e
--2
+
.
+
++1
1e+
1e-
1ee2
1e-
1.2.3
abc
++1
0e
e10
--2
1.2.3
-
--2
abc
1e
++1
--2
1e
0e
abc
1e+
0e
1.2.3
1e+
-
0e
1.2.3
000.e
.
+
1e-
1e-
abc
e10
.
1e-
e10
1e
+
++1
+
abc
abc
--2
--2
1.2.3
e10
+
1e
1e
1e+
1e+
1e+
e10
1e-
0e
1.2.3
0e
++1
.
0e
.
1.2.3
e10
e10
-
.
--2
1e+
0e
1e
-
e10
++1
++1
1e
++1
1e+
++1
+
000.e
--2
+
.
1.2.3
-
1ee2
000.e
+
abc
1e+
1.2.3
-
1e-
1e-
+
1ee2
++1
-
-
abc
1e+
--2
-
.
-
1ee2
0e
.
+
1.2.3
-
1.2.3
1.2.3
-
000.e
abc
1ee2
0e
000.e
e10
--2
0e
+
e10
abc
1e-
000.e
1e+
0e
1e+
e10
-
++1
-
1e
-
++1
--2
1e
1e-
1.2.3
000.e
1.2.3
1e-
-
abc
--2
1.2.3
0e
1ee2
1ee2
.
+
-
1.2.3
-
0e
000.e
abc
1e-
-
.
e10
000.e
--2
1ee2
1e-
++1
+
.
1e
--2
--2
1e
++1
e10
1e-
1.2.3
+
1e-
1e+
abc
0e
+
1.2.3
0e
.
1.2.3
abc
abc
-
.
000.e
1ee2
1ee2
-
1e
.
.
000.e
e10
1e
1e-
1ee2
1e-
.
.
--2
e10
1e-
1e-
000.e
.
+
e10
1e-
+
000.e
1e+
-
abc
+
.
1.2.3
--2
1e-
.
1.2.3
1e
e10
.
1e
++1
1e-
0e
+
1e+
1e-
1e+
1e
1ee2
1.2.3
+
+
--2
1ee2
.
000.e
++1
++1
--2
abc
1e+
--2
1e
1e-
--2
.
1ee2
1.2.3
1e
1e+
1ee2
1.2.3
1ee2
e10
1e
1.2.3
1e
1ee2
1.2.3
e10
-
0e
-
1e+
0e
1.2.3
.
1e-
.
+
.
+
-
e10
e10
000.e
1e-
-
1e
-
+
--2
e10
1ee2
abc
abc
1e+
--2
--2
-
.
1e-
abc
--2
1ee2
0e
abc
000.e
1ee2
-
0e
-
.
+
.
1e-
-
-
+
1ee2
1e
1e
0e
1ee2
++1
1e-
1e-
--2
1ee2
1e
e10
1.2.3
000.e
1.2.3
1e-
1ee2
1e
1e+
1ee2
e10
+
--2
1e+
.
e10
1e
++1
1e+
+
abc
0e
1.2.3
+
1ee2
1ee2
.
abc
1.2.3
abc
+
abc
0e
++1
1ee2
+
e10
1.2.3
0e
abc
abc
--2
+
1e+
--2
.
--2
000.e
000.e
1e
0e
--2
-
0e
e10
0e
++1
++1
-
1e
--2
000.e
abc
000.e
0e
++1
1ee2
-
000.e
e10
1ee2
e10
1.2.3
1e
abc
1.2.3
--2
000.e
0e
.
1e-
--2
1e-
+
1e+
e10
+
000.e
--2
1e
-
1.2.3
.
1e-
.
abc
1e
++1
1.2.3
1e-
-
1e-
e10
++1
abc
-
++1
1.2.3
-
abc
0e
e10
.
-
++1
1e-
-
1ee2
.
++1
0e
e10
1e-
--2
1e+
++1
e10
e10
++1
-
.
1.2.3
1e
+
0e
1e
1e-
1ee2
.
0e
1e-
1e
000.e
1e
+
1e+
--2
1e
+
-
1e+
1.2.3
1ee2
1e+
000.e
+
1ee2
+
1ee2
1.2.3
abc
-
1ee2
++1
1ee2
-
000.e
.
000.e
0e
1e
1e-
++1
.
1ee2
0e
1e-
e10
1ee2
000.e
1ee2
1ee2
-
+
abc
1e-
1.2.3
1e+
1e-
1e+
++1
+
1.2.3
abc
++1
1e+
1ee2
000.e
-
--2
-
1.2.3
++1
1ee2
1e
abc
1e+
+
1e
++1
1e-
0e
1.2.3
1e+
1.2.3
e10
abc
1.2.3
-
0e
0e
1.2.3
-
e10
abc
000.e
1e-
1ee2
+
++1
1e
1e
1e-
1e-
--2
abc
.
++1
1.2.3
1e+
000.e
1.2.3
1e+
0e
++1
.
1ee2
.
1e+
.
--2
1e-
++1
1ee2
1e+
000.e
0e
1e-
+
--2
1e
1e
+
abc
+
-
1e
1.2.3
1e+
--2
1e
+
+
+
abc
1.2.3
1e+
1ee2
.
++1
++1
+
-
1e-
0e
1e
1ee2
1e
++1
1e-
1e
--2
+
0e
-
000.e
++1
1e+
e10
abc
0e
1ee2
+
000.e
1e-
abc
++1
1ee2
1e+
1ee2
+
abc
1e
+
0e
1.2.3
1e
1e
--2
--2
abc
0e
--2
0e
1e-
1ee2
-
e10
++1
abc
1e-
--2
++1
--2
++1
1e+
1.2.3
1e+
1ee2
1e-
000.e
-
.
.
0e
1e-
1e-
+
+
0e
++1
1ee2
1ee2
+
-
0e
+
000.e
.
1.2.3
1e+
0e
--2
++1
abc
+
-
++1
1e+
.
1.2.3
+
++1
1e-
1.2.3
e10
--2
abc
+
+
+
000.e
1e
0e
1e+
1e+
.
abc
1ee2
.
--2
abc
--2
1e-
1e-
-
abc
1e
--2
.
1e+
1.2.3
0e
000.e
1.2.3
0e
1e
1e-
+
--2
--2
--2
0e
.
1e
-
000.e
+
e10
.
--2
0e
+
abc
1e+
e10
e10
1e-
+
1.2.3
e10
1e-
1.2.3
0e
++1
1e-
1e
e10
-
e10
--2
0e
++1
1ee2
1.2.3
-
+
0e
1e+
1e-
000.e
++1
1e
000.e
1e+
+
++1
000.e
1ee2
1.2.3
abc
1e
1e-
1e
000.e
+
1e-
000.e
+
--2
--2
1e+
1.2.3
1e+
--2
e10
1ee2
-
1e
++1
1ee2
1e+
1ee2
000.e
000.e
1ee2
+
1e
1e
1e-
.
.
000.e
0e
++1
.
-
1e+
000.e
++1
e10
-
1ee2
abc
1e+
.
abc
.
000.e
000.e
1ee2
-
1ee2
e10
000.e
1ee2
abc
1e-
1ee2
+
--2
1e
+
000.e
++1
+
--2
0e
.
--2
--2
000.e
000.e
e10
1ee2
e10
0e
++1
abc
1ee2
.
--2
abc
++1
-
abc
1ee2
-
1e
+
0e
1e-
1e-
1e-
000.e
1e+
e10
.
1e-
++1
++1
1e+
000.e
abc
++1
1e-
000.e
.
++1
--2
1.2.3
++1
1ee2
e10
0e
1e
abc
1e
e10
++1
+
1e+
000.e
0e
1e-
1ee2
--2
1e-
0e
+
--2
1e+
1e-
abc
1e-
1e
abc
1ee2
1e
1e-
+
0e
000.e
1e-
++1
1ee2
1e+
-
+
0e
000.e
e10
abc
++1
1e
000.e
abc
-
--2
--2
abc
1e+
0e
1e-
1e
1e
1ee2
.
++1
.
.
1e+
1e
--2
++1
++1
000.e
abc
--2
abc
--2
e10
1e-
-
++1
-
++1
-
abc
1e+
1.2.3
-
1e-
--2
--2
++1
-
1e
+
-
0e
1e-
++1
1e
000.e
0e
1.2.3
--2
abc
+
0e
-
1e
+
e10
+
0e
+
1e
1.2.3
1ee2
+
.
.
0e
1ee2
++1
1e
-
1e-
+
abc
1e
000.e
1ee2
++1
1.2.3
1.2.3
abc
1e+
1ee2
1.2.3
1e
000.e
+
1e+
0e
--2
--2
abc
1ee2
-
0e
--2
1e-
--2
1.2.3
abc
1e+
abc
--2
1.2.3
abc
-
000.e
0e
.
1e
0e
+
abc
1e
-
1e+
1e+
1e-
1e
.
+
1.2.3
1.2.3
--2
++1
-
1ee2
e10
1.2.3
+
++1
1.2.3
abc
-
0e
1ee2
.
1.2.3
1e
abc
++1
abc
000.e
abc
-
000.e
1ee2
0e
1e+
1e+
++1
++1
1e-
.
1e
1.2.3
+
1e-
1.2.3
--2
1e+
1e
--2
--2
1ee2
abc
abc
-
1.2.3
e10
1.2.3
1ee2
1e
+
+
abc
1e
1e+
-
.
1.2.3
1e-
1e
0e
abc
-
1e+
--2
000.e
000.e
--2
.
1e
+
.
000.e
abc
1ee2
abc
1ee2
-
--2
1ee2
-
0e
1ee2
--2
+
-
000.e
--2
--2
1ee2
abc
-
1e
1.2.3
0e
1ee2
abc
1e+
000.e
--2
1e
0e
1e+
1e-
.
.
e10
1e
1e+
0e
1e
abc
abc
+
000.e
e10
1e
.
abc
++1
.
.
++1
.
--2
1e-
1e+
.
--2
1e
-
1.2.3
1ee2
1e-
1.2.3
+
+
-
1e-
e10
1e+
1ee2
+
-
1.2.3
000.e
1ee2
abc
--2
0e
1ee2
0e
0e
0e
1ee2
1e+
1ee2
+
1e+
1.2.3
.
1e
1e
1ee2
000.e
++1
-
1e
+
000.e
1.2.3
1e+
++1
0e
1.2.3
e10
1e+
-
-
++1
1e-
-
e10
1e
1e-
--2
1.2.3
+
0e
1ee2
abc
1e
.
1ee2
++1
.
1e+
1.2.3
1e+
1ee2
000.e
1e+
1.2.3
1ee2
1.2.3
abc
1.2.3
++1
000.e
000.e
.
+
0e
abc
1e-
-
++1
1ee2
1e
1e-
++1
abc
++1
abc
1ee2
0e
++1
1e+
000.e
-
--2
000.e
1ee2
1ee2
1e-
-
1.2.3
1e+
1.2.3
-
-
1e-
1e
-
+
1ee2
0e
abc
e10
1e
1e-
1ee2
-
-
1e+
-
1e+
0e
1e
--2
abc
1e+
1e+
+
1.2.3
1e-
1e-
.
+
abc
1ee2
1e
1ee2
.
1.2.3
--2
1e+
1e-
abc
0e
0e
1e
.
e10
-
1e+
.
-
++1
+
+
++1
.
e10
1e-
.
1ee2
1e
++1
000.e
1e+
e10
0e
-
1e+
1e-
.
.
+
e10
e10
--2
abc
1e-
1e-
+
e10
--2
++1
--2
abc
abc
0e
-
000.e
+
000.e
1ee2
000.e
++1
1ee2
-
+
1ee2
1e+
e10
e10
1ee2
++1
abc
1e+
1e+
0e
1e-
1e-
1e+
-
+
1e
1e+
e10
--2
1e+
.
e10
-
1.2.3
1ee2
.
+
abc
-
1ee2
1e+
1e+
-
++1
abc
abc
++1
0e
e10
.
--2
--2
--2
1e
-
-
000.e
1.2.3
++1
--2
++1
++1
1e+
1ee2
1e
-
--2
--2
1e+
0e
000.e
e10
e10
e10
1e
1e-
0e
abc
++1
1e+
e10
1e
abc
e10
1e+
++1
0e
--2
1.2.3
e10
.
++1
abc
-
++1
-
1e+
000.e
0e
e10
1.2.3
0e
1e
0e
1e
--2
1e-
.
1.2.3
+
-
1ee2
1e
abc
1.2.3
++1
1e+
000.e
000.e
+
.
1e-
--2
abc
1.2.3
e10
++1
1.2.3
abc
0e
1e-
0e
1.2.3
1e+
1e-
++1
1e
000.e
1e-
--2
0e
0e
abc
++1
1e
1e
1e
abc
0e
abc
1e
.
e10
1e
abc
e10
abc
++1
.
--2
e10
000.e
1e-
e10
0e
000.e
1e+
-
abc
+
e10
1.2.3
abc
-
++1
abc
1ee2
1e+
abc
1.2.3
1e-
++1
.
e10
1ee2
e10
1.2.3
++1
0e
-
0e
0e
1.2.3
+
1e-
+
0e
0e
1ee2
0e
1e-
.
e10
1.2.3
.
0e
0e
-
1ee2
0e
1e-
++1
.
0e
-
e10
1.2.3
0e
1ee2
-
0e
abc
1.2.3
--2
1e-
+
1ee2
.
--2
-
++1
-
abc
1.2.3
1e+
1ee2
++1
1ee2
abc
-
1e
--2
1ee2
+
abc
abc
++1
1e
e10
1e-
000.e
1e+
1e-
1.2.3
--2
-
1ee2
.
-
-
1e
--2
1.2.3
000.e
-
+
--2
1.2.3
1.2.3
.
0e
--2
1e-
1ee2
1.2.3
1e-
1.2.3
000.e
0e
1ee2
e10
e10
--2
1e+
1ee2
1e+
1e+
1e+
e10
1ee2
1e+
1e+
1e-
1.2.3
e10
e10
++1
1e+
1.2.3
+
e10
abc
1e
0e
1e
++1
++1
e10
-
+
-
0e
1.2.3
1ee2
1e
1e+
1.2.3
1e+
1.2.3
.
++1
+
+
.
abc
+
1e+
-
abc
0e
1e-
--2
e10
1ee2
1e+
1e
0e
1e
0e
1.2.3
+
++1
abc
++1
abc
++1
e10
++1
1e
0e
1e-
-
1e
1.2.3
e10
+
0e
--2
+
+
--2
-
1e+
1e+
abc
1ee2
.
1ee2
--2
1.2.3
1e+
1ee2
1e
--2
1e+
e10
0e
1ee2
1e+
.
1e+
1e
000.e
0e
--2
++1
e10
--2
0e
1ee2
1e
abc
1e
1ee2
++1
1ee2
e10
1.2.3
e10
1.2.3
1e
1ee2
e10
-
000.e
-
--2
.
1e+
+
++1
e10
1.2.3
+
1.2.3
++1
1.2.3
1.2.3
0e
.
++1
-
e10
000.e
1.2.3
e10
1e
1e+
.
1e
1ee2
1e
++1
1e+
++1
1e+
1.2.3
e10
.
000.e
000.e
--2
1ee2
0e
1e
+
000.e
++1
000.e
abc
+
0e
e10
000.e
abc
abc
000.e
1ee2
abc
000.e
000.e
1e+
+
1e-
abc
1.2.3
e10
1e+
0e
-
1.2.3
1e
1.2.3
000.e
1e+
abc
1e+
1e
1e+
++1
1e-
abc
0e
1e+
000.e
+
0e
1ee2
+
1e+
1ee2
1ee2
e10
++1
++1
1ee2
abc
-
++1
1.2.3
--2
1ee2
++1
1e
-
1.2.3
+
1e-
1e
e10
abc
1e
-
-
0e
-
-
1e
+
000.e
.
e10
+
1e
1e-
--2
1e+
+
++1
e10
e10
-
1e-
1.2.3
1.2.3
1e+
++1
++1
--2
-
1e+
1ee2
1e-
++1
++1
+
0e
+
++1
000.e
e10
1ee2
1e+
++1
+
abc
1e+
abc
e10
1.2.3
.
e10
.
1e-
1.2.3
e10
+
1.2.3
.
1e
0e
1e
000.e
-
1e+
1e-
e10
e10
abc
+
++1
1e+
abc
1ee2
1e
0e
1e-
abc
.
.
abc
.
+
.
.
e10
000.e
abc
--2
+
-
1e-
1e-
-
-
-
1e
++1
1ee2
000.e
0e
000.e
+
1e-
1.2.3
1ee2
1.2.3
0e
++1
abc
1ee2
--2
--2
1e+
--2
1e
--2
1ee2
1e
.
++1
1e-
000.e
1e
abc
abc
1.2.3
1e+
000.e
0e
1.2.3
1ee2
1.2.3
-
abc
0e
abc
--2
1e+
-
0e
0e
1e+
1.2.3
abc
1e+
000.e
++1
1e
0e
+
--2
e10
1e+
e10
++1
1.2.3
0e
.
.
-
000.e
--2
000.e
1e-
--2
e10
0e
1e-
.
1.2.3
--2
-
0e
1e
1e
1e-
1.2.3
0e
1.2.3
1e+
1e
++1
000.e
+
abc
1.2.3
0e
--2
--2
000.e
e10
abc
1.2.3
++1
+
1ee2
+
0e
abc
+
1e-
-
--2
+
-
000.e
+
.
1e+
1ee2
1e+
1ee2
++1
abc
1.2.3
+
e10
1e+
1e+
1e-
--2
1.2.3
--2
0e
1ee2
1ee2
abc
1e+
1ee2
e10
--2
000.e
1e
1e
-
++1
++1
++1
--2
.
.
1e-
-
000.e
abc
1e-
--2
--2
+
1ee2
1.2.3
0e
-
1e+
000.e
e10
1e
1e
.
abc
++1
1e-
0e
000.e
1e-
-
.
.
e10
1e+
.
1e
1.2.3
1ee2
1e-
-
1e-
+
000.e
1e
++1
e10
-
--2
1e+
++1
++1
++1
1e+
e10
0e
1e-
e10
.
+
++1
1e-
1e
.
1.2.3
1e-
e10
1e
abc
.
1.2.3
1e
+
0e
1e+
e10
++1
000.e
1.2.3
+
1ee2
000.e
1.2.3
.
1.2.3
000.e
--2
abc
-
++1
--2
1e+
-
-
1e
++1
0e
-
--2
-
000.e
1e-
+
0e
0e
1ee2
1e
1.2.3
1e+
abc
++1
-
+
1e-
0e
0e
1e
1.2.3
abc
.
abc
e10
0e
1.2.3
++1
abc
1e-
1.2.3
--2
abc
abc
e10
1e+
+
.
e10
1e
+
1ee2
++1
+
++1
1.2.3
abc
--2
++1
+
1ee2
1e+
-
1e
--2
0e
1.2.3
1e+
+
000.e
0e
e10
0e
1e
--2
1e+
1e
abc
.
+
0e
1e-
1e+
0e
.
000.e
.
0e
+
.
000.e
000.e
-
++1
++1
000.e
abc
--2
000.e
1e+
1.2.3
-
1ee2
1e
++1
.
++1
000.e
1e-
1e
000.e
1.2.3
++1
1ee2
++1
.
e10
e10
1e
1e-
e10
--2
1e-
0e
0e
++1
--2
--2
1e+
1ee2
1e
abc
1.2.3
abc
000.e
1e+
1e
0e
+
1e+
+
abc
1ee2
.
+
0e
1.2.3
1e-
1e
1e+
1ee2
--2
1e-
e10
1e-
000.e
1e
.
--2
1e
1.2.3
1ee2
e10
.
0e
1e+
1.2.3
e10
000.e
-
1e
e10
+
abc
-
1ee2
.
--2
1e+
1e-
++1
1e
--2
000.e
e10
abc
1e+
1e-
--2
abc
.
1e-
+
000.e
1ee2
--2
000.e
1.2.3
1e
1e
abc
--2
-
abc
1e-
1e
.
0e
+
-
1ee2
--2
.
abc
-
+
++1
000.e
++1
.
000.e
1e+
1e-
+
1ee2
++1
1e-
1e
abc
.
000.e
1e+
1e
++1
.
.
--2
0e
1.2.3
1e-
e10
1e
000.e
1ee2
e10
--2
+
++1
abc
abc
+
000.e
1e-
000.e
+
--2
.
-
1ee2
1e-
-
1e
abc
1.2.3
--2
+
.
e10
0e
1e
+
++1
0e
1ee2
0e
e10
.
1ee2
.
000.e
++1
++1
1.2.3
.
1e
++1
-
0e
+
1e
000.e
abc
.
1e-
.
1e
1ee2
000.e
1.2.3
e10
e10
1e-
+
1ee2
+
abc
++1
.
1.2.3
1e+
-
++1
1.2.3
1.2.3
-
e10
.
-
++1
1e+
1e+
.
.
1.2.3
e10
1ee2
0e
.
e10
0e
1e
abc
1e
1e-
e10
0e
1e+
.
+
-
1ee2
++1
000.e
1.2.3
abc
+
abc
.
abc
+
0e
000.e
abc
.
1e+
1e-
000.e
1e-
+
0e
++1
abc
000.e
-
1e-
+
abc
1e+
0e
e10
++1
1e
.
abc
0e
++1
++1
1.2.3
1ee2
000.e
-
000.e
e10
000.e
1ee2
-
abc
++1
.
e10
++1
000.e
1e
1e
000.e
1e
+
1ee2
e10
1e+
1e+
000.e
000.e
+
1e-
-
0e
1e
.
1.2.3
+
++1
abc
1ee2
1e-
e10
1.2.3
e10
1e-
1e
1e
+
1ee2
+
0e
0e
1ee2
+
++1
-
abc
++1
e10
abc
000.e
1e-
0e
-
-
++1
.
1e+
1e+
e10
--2
1e+
abc
--2
1e-
1e-
1e+
.
-
000.e
1e+
0e
++1
abc
0e
1e
1.2.3
-
abc
.
1e-
e10
--2
+
-
abc
abc
abc
+
--2
000.e
-
000.e
0e
abc
abc
++1
1e-
1.2.3
abc
.
--2
1ee2
1e
0e
e10
--2
1e+
0e
abc
1e
--2
--2
1.2.3
000.e
1e+
.
+
.
++1
++1
--2
+
1e
.
1e
1e+
+
e10
-
abc
1e
1e+
++1
000.e
abc
1ee2
abc
1e+
abc
-
++1
000.e
1e+
000.e
1e-
1ee2
1.2.3
1e
1e+
++1
1e+
1e
0e
0e
++1
1ee2
000.e
1.2.3
.
1.2.3
++1
1ee2
-
1e+
1e+
1ee2
e10
+
1e+
000.e
0e
abc
++1
1e
1.2.3
1e-
abc
e10
0e
1e+
1e
0e
1e-
1ee2
1.2.3
1.2.3
1e
abc
e10
.
+
--2
0e
000.e
-
abc
0e
abc
1e
++1
-
0e
abc
e10
1ee2
1e+
+
000.e
1ee2
e10
e10
0e
000.e
1e-
--2
-
--2
1e
0e
-
0e
e10
++1
000.e
--2
-
1.2.3
1e
1e-
1e+
1ee2
++1
.
--2
0e
abc
000.e
--2
1e+
e10
1e
1.2.3
1.2.3
e10
1e+
000.e
e10
1ee2
+
e10
1e-
abc
0e
abc
e10
1.2.3
1e-
1e-
e10
1e-
1e
--2
1e+
1ee2
1e
abc
1e
1e
1e+
000.e
1e-
1e+
1e+
.
abc
1e-
-
-
.
1.2.3
000.e
1e+
1.2.3
.
+
000.e
++1
000.e
abc
abc
000.e
1ee2
000.e
+
0e
.
0e
++1
1e+
1e+
+
++1
.
--2
1e-
0e
0e
000.e
++1
-
1e-
1e
-
1e+
1e
++1
--2
000.e
+
-
++1
1ee2
-
-
0e
++1
1ee2
e10
1e
++1
0e
000.e
0e
e10
++1
e10
1.2.3
000.e
000.e
1.2.3
000.e
++1
+
1ee2
+
1e-
++1
++1
abc
1.2.3
abc
+
+
1ee2
--2
1ee2
abc
1e+
-
+
1e
.
.
1e+
-
+
++1
1ee2
0e
1.2.3
1e+
000.e
1e-
0e
1ee2
--2
.
1e+
abc
.
--2
.
.
1e+
e10
+
.
abc
.
--2
.
1.2.3
000.e
1e+
++1
1e+
.
+
1e-
0e
0e
-
e10
abc
1ee2
000.e
1ee2
e10
abc
0e
-
abc
-
1.2.3
--2
e10
1.2.3
.
abc
e10
abc
++1
e10
0e
0e
--2
.
-
--2
0e
1e-
-
1e
+
.
--2
e10
1e
--2
+
++1
1ee2
1e-
1e-
1.2.3
--2
1e+
1.2.3
1.2.3
1ee2
1e
000.e
.
1e-
e10
.
000.e
1ee2
000.e
1e+
--2
.
abc
1e+
abc
1e+
0e
000.e
1e-
++1
000.e
1ee2
.
1ee2
+
--2
++1
0e
.
1ee2
000.e
--2
1e
++1
1.2.3
1ee2
1.2.3
abc
e10
--2
1ee2
000.e
1ee2
0e
1.2.3
1e+
+
000.e
000.e
000.e
.
-
0e
--2
-
1ee2
1e-
000.e
0e
--2
abc
abc
-
+
0e
1.2.3
abc
1e
e10
1e-
abc
++1
1ee2
1e
abc
1.2.3
1e-
-
+
abc
e10
--2
0e
1e
000.e
+
++1
--2
0e
abc
0e
++1
1e
1.2.3
--2
++1
++1
1e-
000.e
1e
abc
0e
1ee2
e10
.
1ee2
000.e
.
e10
++1
1e-
+
1e
000.e
1e-
+
000.e
0e
1e+
1ee2
000.e
1e
0e
.
-
abc
0e
1ee2
1ee2
--2
1e-
+
--2
1e-
e10
abc
1e-
abc
++1
1.2.3
--2
0e
.
1.2.3
++1
1ee2
0e
-
1e
1e-
+
e10
--2
++1
+
--2
1ee2
abc
1e+
-
1e-
-
1e
-
++1
-
1e+
1e+
000.e
e10
000.e
abc
1ee2
1e+
--2
1.2.3
1ee2
1.2.3
e10
--2
1e-
+
++1
1e-
1e-
1e
.
-
1e
1e
-
000.e
.
1e
+
000.e
-
1e-
1e+
.
++1
1.2.3
000.e
+
000.e
0e
+
000.e
1.2.3
e10
1e
1e
1e-
1e+
.
1e
abc
++1
1.2.3
.
1ee2
1e
1e+
0e
--2
1e+
1ee2
1e-
+
-
1e-
000.e
--2
+
-
1ee2
1e-
1.2.3
000.e
1ee2
1e+
1e-
.
1.2.3
--2
e10
000.e
e10
1e-
++1
-
.
e10
0e
abc
1.2.3
0e
000.e
1ee2
--2
1e-
1ee2
1e+
++1
+
1e-
1e
e10
1e+
.
-
0e
1e-
e10
1e-
+
++1
0e
1e
1e-
1.2.3
--2
0e
--2
-
abc
1e
++1
--2
+
abc
-
1ee2
1e
1.2.3
1e
abc
e10
+
e10
0e
.
1ee2
1e-
+
0e
.
++1
1ee2
1e
1e+
0e
0e
1.2.3
000.e
0e
1e-
0e
000.e
.
+
1e
++1
1e+
1e-
1.2.3
1e-
-
abc
abc
++1
1e+
++1
1e+
.
++1
1e
0e
abc
1e-
0e
1e-
--2
++1
000.e
abc
1e-
1e+
.
-
1e-
.
-
--2
e10
000.e
-
1e-
1e-
1ee2
1e
1e+
.
000.e
1.2.3
abc
e10
e10
1.2.3
0e
1e
.
0e
1e
.
+
1ee2
.
1.2.3
000.e
+
abc
--2
++1
--2
1e-
1ee2
0e
1ee2
000.e
1e+
1.2.3
--2
1e
1.2.3
1e-
1ee2
0e
1e
abc
abc
e10
1e+
000.e
++1
000.e
000.e
1e
1.2.3
1e+
0e
abc
--2
1e+
.
++1
0e
-
e10
1.2.3
1ee2
++1
.
1e-
1e
--2
1e-
e10
abc
+
.
1e-
++1
.
--2
++1
1.2.3
.
1e+
-
1e-
-
1e+
000.e
1e+
1e-
000.e
1.2.3
+
1.2.3
1e+
e10
.
abc
++1
0e
abc
000.e
1e+
1ee2
+
+
0e
e10
1ee2
-
000.e
1e-
++1
e10
1e
0e
1.2.3
000.e
1ee2
1e
1e-
+
.
.
1ee2
.
-
1e
+
++1
e10
000.e
-
-
e10
e10
--2
1e+
000.e
.
0e
1e
1.2.3
abc
++1
--2
1ee2
1e
1.2.3
1e
-
1e+
e10
-
0e
1e
.
1e
1e-
1e
1e-
1e+
1ee2
1ee2
-
1.2.3
1e-
.
1ee2
0e
abc
.
1e
+
000.e
1ee2
.
e10
1e-
1.2.3
.
e10
+
1e
0e
-
1ee2
++1
++1
--2
0e
abc
000.e
1e+
0e
e10
.
.
000.e
+
000.e
e10
1e-
--2
-
1e-
1e
1e
1e-
++1
0e
e10
1e
+
-
1e+
1e+
0e
e10
1.2.3
000.e
++1
-
.
0e
e10
.
abc
--2
-
1e
1.2.3
-
1e-
abc
e10
abc
1ee2
abc
e10
-
--2
1e-
-
000.e
1e-
1e+
000.e
e10
0e
1e-
e10
000.e
0e
--2
+
--2
1e-
abc
1ee2
++1
.
e10
+
--2
++1
-
e10
++1
--2
e10
+
1e+
--2
0e
1.2.3
1e-
e10
1ee2
--2
1e+
1e+
-
++1
.
e10
.
e10
1.2.3
+
0e
1e-
1e
1e+
abc
1e
+
++1
1e+
.
000.e
1e
1e-
0e
000.e
.
++1
000.e
1ee2
0e
1e+
1e-
e10
1e
1e
1ee2
1e+
++1
1e-
1ee2
1.2.3
1.2.3
1.2.3
1.2.3
++1
--2
--2
0e
0e
++1
.
1e+
1e
-
abc
e10
.
++1
--2
+
--2
e10
-
.
--2
.
--2
1e
1ee2
++1
++1
1e+
1e
1.2.3
++1
1.2.3
abc
1e-
1e
000.e
1e+
+
e10
e10
.
1.2.3
++1
1e
1e+
++1
1e+
.
++1
0e
0e
1e-
1e
1e+
+
0e
1ee2
-
abc
e10
e10
1e
++1
--2
.
.
.
++1
++1
.
1.2.3
1e
--2
000.e
1e
-
1e+
--2
+
++1
1e+
--2
0e
e10
.
000.e
1ee2
abc
-
abc
1.2.3
++1
1.2.3
--2
-
1e
1e+
1e+
1ee2
000.e
1.2.3
0e
000.e
1e+
000.e
.
1e+
.
++1
1ee2
1ee2
1e+
1.2.3
+
e10
++1
1e-
abc
--2
1ee2
--2
--2
0e
1.2.3
++1
abc
0e
1e-
1e-
+
1.2.3
000.e
.
.
1e
abc
1e
--2
1.2.3
++1
1ee2
++1
++1
1.2.3
0e
1e-
1e-
abc
--2
--2
abc
++1
e10
--2
1e-
+
-
-
++1
0e
.
1e
1e
1e-
1.2.3
0e
1e-
1e-
1.2.3
.
1ee2
+
1ee2
1.2.3
1e
000.e
1ee2
0e
1e+
++1
--2
e10
0e
--2
1e
000.e
abc
000.e
1.2.3
e10
1e
++1
1e
0e
1ee2
0e
abc
1e-
1e
--2
++1
1e
1e
-
-
1e+
.
1e-
1e-
1e+
.
abc
000.e
abc
abc
1e+
e10
000.e
1ee2
abc
.
000.e
abc
000.e
1.2.3
0e
--2
e10
1.2.3
--2
1ee2
1.2.3
+
1ee2
1e+
-
1.2.3
000.e
1.2.3
1e
000.e
e10
+
.
1.2.3
e10
000.e
1e-
1e
e10
.
1ee2
++1
--2
.
1e-
1ee2
abc
1.2.3
-
+
000.e
++1
-
+
.
+
1e
+
1e-
0e
+
1.2.3
000.e
1.2.3
0e
0e
abc
000.e
1e-
.
1ee2
1e
1.2.3
1e-
1e-
--2
0e
1e
0e
++1
++1
1e-
abc
-
--2
1.2.3
1ee2
-
-
1e
1e
++1
1ee2
1.2.3
+
1e+
0e
.
+
abc
1e-
-
++1
.
1e-
--2
e10
0e
+
0e
.
1.2.3
.
+
1e+
abc
1e-
+
abc
-
.
e10
1.2.3
1ee2
0e
e10
+
0e
1.2.3
000.e
1.2.3
0e
e10
++1
1e
1.2.3
--2
0e
0e
000.e
1e+
--2
e10
.
abc
1.2.3
--2
++1
1e-
0e
0e
-
e10
1e
abc
.
--2
e10
abc
e10
000.e
e10
1e+
.
1.2.3
+
1e+
1e+
--2
0e
abc
1e+
1.2.3
.
++1
.
0e
000.e
abc
000.e
.
000.e
.
-
1e+
abc
-
1e
1e-
1e+
e10
1ee2
1e-
+
000.e
1ee2
e10
e10
--2
1e
abc
abc
1e-
--2
.
000.e
++1
--2
1.2.3
1ee2
++1
1ee2
.
1.2.3
000.e
++1
+
e10
-
e10
1e
1ee2
1.2.3
1e-
.
-
-
-
++1
++1
-
0e
.
000.e
.
e10
0e
e10
1e-
+
abc
e10
+
000.e
-
1e+
.
1e-
abc
1.2.3
1ee2
-
0e
000.e
1.2.3
1e+
++1
1e+
+
--2
000.e
0e
+
-
0e
1e+
--2
1e+
+
1ee2
1.2.3
+
++1
--2
++1
+
abc
.
000.e
1ee2
++1
000.e
.
.
000.e
1ee2
1e-
+
+
1e-
1ee2
1ee2
.
++1
1ee2
1ee2
0e
000.e
abc
1e-
1e-
e10
1ee2
abc
000.e
abc
e10
e10
1e-
1e-
1.2.3
e10
++1
abc
.
1e+
--2
.
1e-
1e-
abc
-
000.e
1e+
+
1.2.3
-
1e
--2
--2
1.2.3
1ee2
--2
1e+
+
-
000.e
+
--2
e10
abc
e10
.
++1
1ee2
1e-
000.e
.
1.2.3
--2
000.e
.
+
0e
+
1e+
e10
0e
+
1e
+
1e+
e10
1ee2
e10
0e
.
1e-
0e
abc
1e-
0e
abc
1ee2
1e
--2
1e+
-
e10
000.e
abc
0e
1e
1.2.3
-
1e-
1.2.3
1.2.3
1.2.3
000.e
000.e
--2
-
e10
--2
.
1.2.3
e10
1e-
0e
e10
abc
+
++1
+
.
1ee2
1e
1e+
++1
e10
e10
+
1e-
abc
--2
abc
+
e10
1e+
1ee2
e10
abc
.
+
abc
1e-
++1
000.e
1e-
000.e
1e
1.2.3
abc
1ee2
1e+
1ee2
abc
000.e
0e
++1
0e
e10
1e+
-
.
.
-
-
0e
1e-
0e
1.2.3
1ee2
.
1.2.3
++1
1e+
e10
1e-
++1
1e-
1ee2
--2
e10
0e
-
000.e
0e
1ee2
e10
.
++1
abc
abc
abc
-
1.2.3
1e-
e10
+
1ee2
1e+
1.2.3
1e+
--2
1ee2
1e+
1e-
++1
.
+
1ee2
1e+
1e
e10
1e
++1
--2
+
--2
e10
+
abc
--2
+
+
e10
1e
1e+
000.e
1e+
-
.
--2
e10
1e
000.e
0e
1ee2
-
.
.
1.2.3
++1
abc
++1
-
000.e
000.e
000.e
--2
+
--2
abc
0e
+
abc
1ee2
e10
e10
1.2.3
e10
1ee2
1e
1ee2
1e+
1e+
0e
1.2.3
.
1e
e10
1e-
000.e
abc
0e
000.e
-
+
000.e
.
+
.
e10
1e+
--2
1ee2
1e+
--2
e10
-
000.e
--2
abc
abc
e10
000.e
-
0e
1.2.3
1ee2
000.e
1e+
.
e10
0e
000.e
--2
++1
.
0e
abc
+
1.2.3
-
1e
1e
0e
e10
e10
e10
--2
000.e
1e+
--2
1e
1e
1.2.3
000.e
1e-
++1
1e
-
+
--2
1e
.
1ee2
1e-
1e+
++1
+
000.e
0e
-
1ee2
1e-
abc
-
abc
1ee2
.
1ee2
abc
-
e10
-
1e
1ee2
1e+
e10
e10
-
--2
+
.
abc
1e-
000.e
1.2.3
--2
1e-
1e+
1e-
000.e
--2
e10
1e-
1e-
abc
++1
e10
1e+
1e+
e10
e10
.
abc
000.e
000.e
+
1ee2
+
1e+
+
abc
0e
1e-
--2
--2
--2
e10
++1
+
1e
000.e
-
.
abc
+
++1
0e
++1
abc
+
1e+
--2
0e
.
1e+
+
++1
1e-
abc
-
--2
1e
++1
1e+
1ee2
+
abc
-
--2
.
1e+
.
e10
0e
.
0e
-
1e
000.e
000.e
-
0e
1e+
1ee2
e10
abc
++1
+
1e+
1e
++1
1e+
000.e
+
.
000.e
e10
.
++1
--2
++1
--2
1e-
0e
1e
1e-
1e+
1e+
e10
1ee2
.
000.e
.
abc
--2
e10
1e
++1
1.2.3
e10
1e
1e-
0e
e10
++1
1e
1ee2
0e
-
1e
000.e
0e
++1
-
--2
1e+
--2
.
000.e
++1
--2
1ee2
0e
.
+
1e+
1ee2
-
e10
0e
1e+
e10
-
-
abc
.
.
+
abc
1e
1e
1ee2
0e
e10
000.e
.
abc
1e-
1.2.3
1e
1e
000.e
1e-
abc
1e
+
1.2.3
0e
++1
.
0e
-
-
.
1.2.3
.
1ee2
.
+
1e+
1e-
+
1ee2
0e
1e-
-
-
1e+
abc
abc
e10
--2
1e
1e+
+
1e+
++1
1e+
++1
.
abc
1e+
1e+
1e
++1
e10
000.e
1ee2
+
1.2.3
-
++1
1e-
1e
abc
.
abc
--2
1.2.3
--2
-
000.e
1e-
000.e
0e
1e
000.e
1e
1.2.3
.
-
1e
--2
1e+
1.2.3
++1
--2
0e
1e
1ee2
.
++1
--2
1e
--2
-
0e
--2
1ee2
1e
0e
1e+
1e
1.2.3
.
000.e
+
+
-
-
1ee2
1e+
+
-
++1
1e+
1e-
+
e10
1ee2
1ee2
0e
000.e
abc
1.2.3
.
+
abc
1.2.3
1e-
1ee2
1e+
1ee2
1e+
e10
+
1e+
1e
+
--2
1ee2
+
-
1e+
1e-
0e
1e-
-
1ee2
e10
e10
+
abc
1.2.3
abc
000.e
1e+
0e
1e
1e-
1e-
1e-
+
1.2.3
0e
1ee2
1e
+
abc
1ee2
1ee2
--2
--2
.
.
--2
.
0e
1e-
--2
1e-
.
abc
e10
1e
000.e
1e
1e+
1e-
e10
000.e
--2
1e-
1ee2
++1
++1
-
-
1ee2
++1
+
1e-
.
+
1e+
000.e
.
-
1e+
abc
+
++1
e10
0e
1.2.3
1ee2
1e
--2
e10
1e
--2
-
1ee2
e10
1e-
1e-
-
++1
1e-
1e
000.e
.
0e
1e+
.
-
++1
1e+
000.e
e10
1ee2
-
+
e10
e10
.
1ee2
1e+
1ee2
-
+
1e+
0e
abc
000.e
1e+
.
1ee2
.
e10
1e+
1ee2
--2
abc
.
abc
++1
1ee2
1e+
000.e
++1
1e+
1e-
e10
e10
1ee2
000.e
.
1e+
abc
1e
+
-
abc
1e-
+
+
--2
1e-
abc
1e-
e10
.
abc
1e
abc
1e+
0e
0e
+
1.2.3
--2
e10
000.e
++1
1e+
1e
1.2.3
e10
1.2.3
.
-
1.2.3
1ee2
1ee2
000.e
-
e10
1e
+
+
+
1e
+
000.e
1ee2
1ee2
1e+
++1
1e-
1e+
.
0e
.
+
e10
--2
1ee2
.
1e-
1.2.3
1e-
e10
1e+
1.2.3
1ee2
+
0e
1e+
1.2.3
000.e
++1
e10
++1
000.e
+
1e
e10
1e+
.
.
+
000.e
e10
abc
1e-
1e-
1e+
.
e10
000.e
--2
1ee2
000.e
1.2.3
--2
1e+
abc
.
1e+
.
1ee2
1.2.3
e10
1.2.3
-
000.e
abc
-
--2
0e
1e
+
abc
1e
1e+
0e
1.2.3
--2
000.e
-
1e+
--2
-
1e-
--2
+
0e
++1
-
e10
abc
--2
abc
.
++1
+
.
1.2.3
0e
1e-
++1
+
0e
1e+
abc
-
--2
.
1e+
1e
.
000.e
-
1e-
0e
--2
1.2.3
++1
+
-
1e+
e10
0e
1e-
1e-
-
0e
.
0e
-
--2
0e
1ee2
e10
--2
1e+
.
-
1e+
1.2.3
--2
+
1e-
1e+
.
e10
1e-
+
1e+
--2
--2
1.2.3
1e
++1
000.e
-
abc
abc
1e+
0e
.
abc
1ee2
abc
+
1ee2
++1
1e
e10
1e-
0e
1e+
1e
--2
1.2.3
1.2.3
+
1.2.3
1e-
.
000.e
++1
1e
1e
-
abc
abc
0e
.
abc
e10
1.2.3
abc
e10
--2
+
abc
0e
abc
++1
1.2.3
1ee2
.
0e
+
e10
0e
--2
e10
1e
.
1e
0e
--2
++1
1e+
++1
e10
1ee2
+
1e+
.
e10
1.2.3
--2
abc
1e-
1.2.3
--2
--2
000.e
1e
e10
0e
1e-
e10
.
--2
e10
1e-
e10
1.2.3
1.2.3
.
1e+
-
.
0e
-
1ee2
1ee2
1e+
1e
+
+
1.2.3
-
++1
.
+
1.2.3
1e-
++1
e10
abc
0e
1e
0e
.
000.e
1e
-
abc
.
000.e
000.e
.
0e
--2
+
1.2.3
-
e10
++1
1ee2
abc
abc
.
abc
1e+
abc
e10
.
+
1.2.3
++1
1e-
1e-
0e
1ee2
e10
1.2.3
1.2.3
++1
++1
0e
0e
e10
e10
0e
000.e
1ee2
abc
1e
0e
1e-
abc
1.2.3
1e+
0e
1.2.3
-
1ee2
1e-
.
--2
000.e
-
1e
e10
--2
++1
-
abc
1e
--2
1e-
1ee2
--2
+
1e-
1.2.3
000.e
1.2.3
.
0e
abc
1e-
1.2.3
000.e
1.2.3
e10
e10
.
0e
1e
-
.
++1
0e
1e+
--2
1e+
1.2.3
+
1e+
.
1.2.3
1ee2
abc
abc
e10
1e-
.
1e
abc
1e-
1.2.3
1e-
abc
1e+
1.2.3
e10
0e
0e
1.2.3
e10
1ee2
-
abc
e10
+
1.2.3
1e
1.2.3
0e
+
0e
1ee2
1e-
000.e
000.e
e10
e10
++1
1e+
++1
-
++1
e10
0e
1e-
1e-
000.e
+
-
.
1e+
++1
000.e
+
-
0e
+
--2
e10
1.2.3
1e
e10
1e
1.2.3
0e
abc
++1
1e-
-
1e+
--2
abc
1.2.3
-
0e
1.2.3
0e
++1
-
1e-
-
000.e
+
++1
1.2.3
1e
e10
.
1ee2
1.2.3
e10
0e
++1
+
++1
1e-
abc
1e
1e+
++1
.
-
abc
abc
++1
1e+
1e-
abc
0e
-
-
--2
--2
+
abc
1e-
abc
1ee2
1ee2
1.2.3
0e
++1
++1
+
abc
--2
abc
1ee2
-
0e
1e+
++1
1e-
--2
0e
000.e
--2
0e
1e
.
0e
1e
1.2.3
-
1ee2
1e
1.2.3
-
e10
0e
.
1.2.3
+
.
abc
1e
++1
1ee2
++1
+
1e+
000.e
0e
--2
1e+
1e-
000.e
1.2.3
-
1.2.3
+
abc
000.e
-
-
000.e
++1
0e
+
-
1ee2
-
1e-
1e-
1e+
1.2.3
1e+
--2
1e+
1e-
000.e
000.e
++1
1.2.3
.
1e-
.
1e-
--2
0e
1ee2
.
abc
000.e
000.e
e10
e10
abc
000.e
1e+
+
--2
+
0e
++1
.
1ee2
e10
.
++1
1e-
--2
--2
1e-
1ee2
abc
e10
abc
1e+
1e-
--2
1ee2
-
abc
abc
e10
1ee2
000.e
-
e10
-
1e-
1e-
-
1e-
1ee2
.
--2
e10
abc
1e
--2
000.e
1e-
1.2.3
1e+
000.e
1e-
abc
1ee2
-
e10
-
-
-
abc
.
000.e
1e
1e+
.
--2
1e-
-
1ee2
1e-
1e-
-
1ee2
1.2.3
1e+
1.2.3
000.e
1.2.3
1e+
1e
1e
000.e
abc
1.2.3
1ee2
1e-
--2
1e-
1e
1.2.3
0e
abc
0e
abc
.
1.2.3
+
0e
--2
--2
1e-
.
1ee2
e10
e10
000.e
0e
1e-
+
.
1e-
1.2.3
e10
1e
e10
1e+
e10
+
1e+
-
e10
--2
-
+
+
1e-
1ee2
1.2.3
1e+
1e
-
1e+
-
++1
.
+
+
e10
-
1e
+
-
--2
-
+
.
e10
+
-
.
++1
1e+
+
abc
.
++1
0e
--2
++1
1.2.3
0e
++1
1e-
abc
1.2.3
abc
1.2.3
1ee2
+
abc
abc
-
1e-
1.2.3
000.e
1ee2
.
1ee2
++1
1ee2
e10
-
-
1e+
.
1e
e10
+
000.e
1e+
++1
000.e
.
++1
+
1e+
000.e
000.e
1ee2
.
.
++1
000.e
1ee2
-
000.e
-
1.2.3
+
--2
1e-
000.e
e10
e10
+
1ee2
-
1ee2
1e+
++1
+
++1
-
1.2.3
+
000.e
abc
1e-
abc
000.e
abc
++1
++1
1.2.3
--2
-
+
0e
+
0e
0e
.
0e
.
1e-
--2
0e
000.e
1ee2
abc
1e
1ee2
abc
1ee2
++1
.
1ee2
1ee2
1e-
e10
000.e
.
1e-
1.2.3
1e+
abc
1e-
+
--2
1e+
abc
000.e
e10
.
.
1.2.3
1e
0e
1e-
000.e
0e
0e
--2
1.2.3
1.2.3
1e
1ee2
++1
1.2.3
.
0e
000.e
1e-
1ee2
-
1e
1ee2
0e
.
1e
1e+
abc
++1
1.2.3
.
abc
-
000.e
+
1e+
1ee2
1ee2
-
1e+
1e+
+
abc
+
.
000.e
1.2.3
--2
--2
000.e
1.2.3
1e
1.2.3
0e
.
abc
abc
++1
+
.
1ee2
1e+
-
1e-
000.e
0e
000.e
1.2.3
1e+
0e
1e
000.e
0e
1ee2
+
.
-
abc
1ee2
1e-
0e
0e
0e
-
1e+
++1
++1
0e
.
abc
1.2.3
abc
-
-
1e+
e10
+
abc
-
--2
0e
abc
0e
1ee2
1e-
1ee2
1ee2
--2
.
++1
.
++1
1.2.3
e10
e10
1.2.3
1e
1e+
abc
--2
000.e
1e-
-
+
+
000.e
++1
1e
--2
++1
1e+
1e
++1
-
.
e10
-
1e
1e
0e
++1
000.e
--2
abc
+
1e
+
+
e10
e10
0e
0e
.
++1
e10
1.2.3
++1
1e
.
abc
1e-
0e
--2
++1
e10
1e
1ee2
.
-
++1
.
--2
1.2.3
1e-
+
.
1e+
000.e
1e+
+
e10
1e-
--2
000.e
1e-
e10
abc
++1
+
1.2.3
1e+
0e
++1
1e+
--2
1e-
1e-
++1
.
1e+
1e
0e
1e+
1e+
e10
1.2.3
.
1e
1.2.3
1e-
--2
1e-
1e
1e
-
1e-
1e+
1.2.3
1.2.3
.
0e
.
e10
0e
0e
0e
1e+
1e
1ee2
abc
1e-
++1
0e
.
+
e10
abc
e10
-
0e
0e
abc
-
-
--2
.
+
000.e
1ee2
e10
-
--2
.
++1
1.2.3
1e+
.
abc
1e-
.
abc
1e+
0e
1ee2
--2
abc
1ee2
1e+
000.e
1e+
1e+
++1
e10
000.e
000.e
1.2.3
1e+
-
.
1e+
0e
000.e
1e
abc
--2
0e
-
abc
.
1ee2
-
-
-
1e
e10
0e
1ee2
e10
1e+
1ee2
e10
--2
abc
e10
000.e
0e
1.2.3
--2
+
e10
1.2.3
++1
--2
0e
++1
1e
0e
1e
--2
0e
1.2.3
-
.
1e
1e+
1e+
0e
000.e
.
abc
0e
abc
abc
1e+
1.2.3
1e+
--2
e10
.
++1
++1
1e-
e10
1e-
1.2.3
--2
e10
0e
++1
1e+
1ee2
1ee2
abc
1e+
1e-
000.e
1e+
abc
-
1e-
-
1e+
0e
abc
1e
--2
0e
1e-
abc
0e
+
+
1e
abc
--2
e10
--2
1e-
-
++1
abc
+
++1
1e+
1e
1e
1e
1e-
1e+
++1
++1
1e
++1
.
+
e10
e10
abc
--2
+
++1
1.2.3
abc
--2
++1
+
-
abc
e10
e10
+
000.e
abc
++1
++1
e10
-
1ee2
+
000.e
e10
0e
1e-
1e+
1e-
1e-
0e
++1
abc
000.e
1e+
-
.
-
1ee2
++1
abc
1.2.3
-
1e-
1e
0e
1e-
1.2.3
1ee2
+
0e
.
+
+
1e+
1e-
.
+
++1
000.e
abc
000.e
1.2.3
.
e10
1.2.3
e10
1.2.3
--2
+
.
0e
1e-
1ee2
000.e
1.2.3
1e+
1e-
--2
abc
0e
1e
e10
-
0e
abc
1e
--2
000.e
++1
000.e
++1
e10
1e-
0e
-
++1
++1
1e+
++1
+
1.2.3
++1
1e+
++1
000.e
++1
--2
1ee2
.
1.2.3
1.2.3
.
0e
0e
1ee2
+
e10
000.e
1ee2
1ee2
--2
-
000.e
1ee2
000.e
1e
1e
.
1e+
1e-
--2
e10
+
abc
abc
1e-
1ee2
--2
1e
1e-
.
-
1e-
0e
.
1e+
-
.
+
1.2.3
--2
abc
1e-
.
000.e
0e
e10
1e-
000.e
000.e
+
1e+
-
+
0e
1ee2
++1
1e
000.e
abc
0e
+
+
--2
++1
1e
1ee2
abc
+
0e
abc
0e
0e
e10
1e-
1.2.3
e10
000.e
0e
+
1e-
1e+
1e
1.2.3
000.e
--2
abc
1e
1e-
++1
abc
--2
1ee2
-
abc
1e
--2
0e
1.2.3
1e-
abc
--2
--2
-
.
.
1e
000.e
1.2.3
+
1ee2
1e-
abc
-
1.2.3
--2
+
000.e
++1
1e
000.e
.
1ee2
-
abc
+
+
++1
000.e
1e-
--2
-
.
e10
1e+
.
1.2.3
1e+
.
-
.
000.e
1ee2
1e
1e+
e10
1ee2
1e
0e
1.2.3
-
1ee2
.
abc
+
000.e
--2
1.2.3
1.2.3
1ee2
0e
e10
1ee2
.
.
1e+
1e+
1.2.3
e10
+
-
++1
1e+
000.e
.
e10
--2
.
1.2.3
.
-
e10
++1
0e
.
+
++1
1e
abc
000.e
0e
+
++1
+
abc
-
1e
1e-
e10
000.e
++1
abc
-
+
+
--2
000.e
1e-
1ee2
0e
1e+
0e
1e+
1e+
--2
.
1e+
--2
1e+
abc
-
1.2.3
--2
0e
e10
++1
++1
--2
1e-
000.e
e10
1e-
-
000.e
e10
1ee2
1.2.3
1e+
++1
+
.
1e+
1e
000.e
.
000.e
abc
1e-
1ee2
--2
000.e
1.2.3
1.2.3
0e
1e
--2
-
0e
000.e
000.e
--2
e10
abc
1ee2
1.2.3
1e+
000.e
1ee2
abc
1e-
000.e
+
++1
1e-
000.e
abc
++1
.
1e-
abc
0e
+
000.e
1ee2
1.2.3
1.2.3
++1
1ee2
.
+
1ee2
0e
e10
1.2.3
0e
1ee2
++1
1e+
1e-
0e
1e+
-
1.2.3
0e
1e
0e
1e
abc
++1
0e
1e
++1
+
1.2.3
1e
e10
0e
1ee2
-
000.e
--2
--2
.
-
.
000.e
++1
1.2.3
--2
--2
-
.
+
1ee2
abc
1ee2
0e
abc
1ee2
000.e
0e
1ee2
--2
+
0e
-
++1
0e
1e
1e-
-
.
+
1.2.3
++1
abc
-
1e
1e
e10
-
1e
+
1e-
+
.
1e-
0e
+
1e-
abc
abc
e10
1e+
1e+
1e-
1.2.3
+
.
++1
000.e
1e+
1e+
+
1ee2
e10
--2
0e
-
abc
1e
.
.
1.2.3
0e
--2
+
0e
e10
0e
++1
.
1e-
1e-
1e-
1e-
.
1e+
0e
000.e
abc
+
++1
0e
1e
1e+
000.e
1e+
1e-
.
1e
--2
++1
e10
1e
.
++1
abc
1e-
e10
-
1e+
e10
0e
0e
1e+
abc
000.e
--2
.
1e
1ee2
--2
0e
abc
+
+
1ee2
e10
++1
1e-
abc
1e+
abc
++1
1e
+
1e+
++1
++1
--2
1e-
.
-
1e
--2
--2
++1
--2
000.e
--2
-
0e
1e
-
1e
-
1e-
1ee2
000.e
++1
e10
.
1e-
1e-
0e
--2
1ee2
1.2.3
1e
1e-
+
1e-
000.e
e10
1e-
-
+
1ee2
+
1e
abc
+
1e
abc
--2
0e
--2
1.2.3
0e
000.e
1ee2
-
1e+
1e-
1ee2
-
+
+
0e
1e+
1ee2
++1
++1
abc
1e-
e10
0e
1e-
1ee2
e10
e10
.
--2
+
1e-
++1
000.e
1e
.
000.e
1ee2
.
-
1e
.
--2
--2
1e-
-
-
abc
1e-
0e
1e-
1e+
e10
++1
1e
1e+
abc
++1
1e-
abc
+
e10
e10
abc
1e-
1ee2
++1
1.2.3
0e
1e-
+
abc
1e+
000.e
abc
e10
1.2.3
0e
+
1ee2
abc
0e
1.2.3
+
1e-
000.e
+
e10
++1
000.e
abc
++1
1.2.3
1e
e10
+
e10
+
1e+
++1
1e-
-
0e
--2
1e
--2
-
++1
1e+
-
000.e
e10
1e
1.2.3
-
++1
1e
000.e
--2
1e+
0e
+
e10
0e
0e
.
1e+
1e
e10
--2
1e-
0e
0e
1e+
1e-
--2
abc
0e
000.e
abc
.
e10
1.2.3
1e-
1.2.3
1e-
-
e10
1ee2
abc
++1
000.e
e10
000.e
abc
++1
000.e
++1
1.2.3
e10
0e
1e+
1e-
e10
++1
0e
1e+
.
+
1.2.3
--2
1ee2
1e-
1ee2
.
0e
-
-
1e
0e
1e
-
-
--2
0e
++1
000.e
1e-
-
abc
1e
1.2.3
1e
-
000.e
1e-
.
1e
1e+
1e+
+
abc
1.2.3
1e-
1e+
0e
1e+
1ee2
1.2.3
.
e10
++1
++1
1e
1e
000.e
++1
.
1.2.3
++1
1e-
0e
0e
1.2.3
.
1e-
1e
1ee2
abc
1ee2
abc
1e+
+
000.e
-
1e+
+
.
.
000.e
--2
1.2.3
abc
+
+
1e+
++1
1e-
.
+
0e
0e
1e+
1ee2
abc
e10
e10
000.e
000.e
+
-
1ee2
1e
e10
1e
abc
1e+
-
+
1.2.3
++1
1e+
000.e
.
abc
abc
1.2.3
abc
1ee2
0e
--2
--2
--2
1ee2
0e
.
++1
++1
000.e
1ee2
0e
--2
0e
abc
abc
1e+
+
+
1.2.3
1e-
000.e
1.2.3
0e
1e+
1.2.3
1e
1ee2
1e-
1e-
1ee2
+
1e
1e+
.
abc
e10
1ee2
1e
000.e
+
++1
+
+
+
1e-
1e
000.e
1e-
abc
1.2.3
1e
++1
1.2.3
1e+
abc
++1
1.2.3
000.e
1ee2
1.2.3
+
.
-
abc
.
.
1e
1e+
-
+
1e+
1.2.3
1.2.3
++1
000.e
1ee2
e10
1.2.3
.
e10
1ee2
--2
1e
abc
-
-
0e
e10
-
0e
1ee2
1e
0e
abc
e10
000.e
1ee2
1e
1e
e10
0e
e10
+
--2
1e-
abc
e10
1e+
.
0e
1e
1ee2
e10
000.e
1ee2
1e
+
1e+
000.e
-
--2
1.2.3
+
.
e10
1ee2
.
1.2.3
--2
1e-
++1
000.e
abc
1e+
000.e
+
-
1.2.3
1.2.3
0e
abc
e10
-
.
1e+
abc
e10
++1
+
1ee2
++1
0e
1ee2
1e+
1e
1ee2
000.e
++1
1ee2
--2
1.2.3
1.2.3
1e+
1ee2
1e+
--2
1e-
abc
abc
1e+
-
000.e
1e
+
.
--2
1e-
1e-
++1
1e+
++1
e10
000.e
+
++1
+
1e-
.
e10
-
1ee2
1e+
.
.
1ee2
000.e
1e
.
.
0e
0e
1.2.3
abc
1e+
abc
1ee2
++1
.
000.e
000.e
1.2.3
1.2.3
1e-
++1
++1
000.e
1ee2
1e-
e10
++1
0e
e10
1e-
1e
-
e10
e10
1.2.3
abc
1ee2
--2
++1
0e
e10
1ee2
1.2.3
0e
--2
0e
abc
1ee2
1e+
++1
1.2.3
1ee2
1ee2
+
-
-
++1
1ee2
abc
.
.
0e
+
++1
e10
abc
++1
0e
.
++1
0e
--2
.
000.e
--2
1e
.
--2
e10
1e-
000.e
--2
+
abc
1ee2
.
1e
1e-
abc
1.2.3
abc
abc
++1
1ee2
++1
.
abc
++1
abc
abc
000.e
-
+
-
-
1.2.3
1e-
.
1ee2
1e-
1e-
1.2.3
+
e10
.
1ee2
1ee2
+
--2
e10
-
1e
abc
.
-
e10
+
.
e10
1ee2
0e
1e
abc
+
1.2.3
--2
-
1e-
1.2.3
--2
1.2.3
abc
0e
-
1ee2
1.2.3
0e
1e+
1e-
abc
+
++1
0e
1ee2
.
.
-
1.2.3
1ee2
1.2.3
1e+
e10
abc
abc
1e
-
000.e
1e-
--2
++1
000.e
+
.
000.e
1e-
1.2.3
--2
1e
-
--2
1e+
abc
000.e
0e
0e
.
000.e
1ee2
000.e
1e
1e
--2
--2
e10
1e+
1e+
--2
abc
000.e
-
++1
1e+
000.e
e10
++1
0e
000.e
1e
abc
1ee2
1.2.3
-
1e-
1.2.3
1e+
0e
1e-
0e
000.e
--2
1e
1e+
1e+
000.e
1.2.3
1e-
000.e
abc
+
+
1ee2
1.2.3
++1
.
-
1e-
e10
abc
000.e
1e
000.e
1e
1e-
e10
1ee2
0e
000.e
1e
1ee2
e10
1e+
1e+
-
e10
--2
000.e
--2
++1
.
1e-
++1
0e
000.e
+
.
1e
++1
1ee2
1e
1e
+
1ee2
.
e10
0e
e10
1e
++1
e10
+
0e
e10
1e-
1e-
-
1e
1e-
e10
-
+
1e+
e10
++1
-
1ee2
--2
e10
e10
1e+
0e
+
.
000.e
1e+
.
1e
+
0e
1.2.3
++1
++1
++1
-
000.e
.
e10
1.2.3
000.e
+
+
e10
000.e
++1
1ee2
1e+
000.e
abc
--2
000.e
1e-
1e-
abc
000.e
e10
++1
abc
1e-
1.2.3
-
1e+
e10
--2
1e-
abc
.
abc
000.e
0e
1e-
e10
abc
1e
-
1.2.3
000.e
1.2.3
e10
e10
1e-
.
.
+
.
1e
1e-
1e+
++1
+
++1
++1
1e
++1
1e-
.
e10
e10
.
abc
1e+
1.2.3
1e-
abc
-
1e
000.e
abc
++1
--2
0e
1e
1e
1.2.3
++1
1e+
1ee2
e10
000.e
abc
1e+
1.2.3
0e
+
1.2.3
++1
0e
-
1e+
0e
1.2.3
1.2.3
e10
e10
abc
1.2.3
-
-
1e+
0e
0e
1ee2
000.e
0e
+
000.e
-
-
++1
-
0e
1e
.
.
++1
0e
1.2.3
++1
1e-
1e+
1.2.3
0e
-
1e+
1.2.3
1ee2
1e
1e-
1.2.3
--2
e10
++1
1ee2
1.2.3
1ee2
.
++1
1e+
1.2.3
abc
+
1.2.3
-
0e
0e
1.2.3
e10
1e
++1
+
1e+
1ee2
1e
0e
e10
+
+
1e
abc
e10
1e-
abc
0e
1e-
.
++1
++1
abc
abc
1e-
1ee2
1ee2
++1
1.2.3
e10
1e-
1e+
1e+
1.2.3
--2
-
0e
0e
+
1.2.3
abc
1e-
-
1ee2
1e-
++1
000.e
abc
+
+
abc
++1
abc
+
+
1e-
1e
0e
1ee2
-
.
000.e
1e
+
1e
1e+
++1
1ee2
0e
000.e
+
abc
-
e10
1e-
1e+
e10
1ee2
e10
++1
1e-
1ee2
1e-
1.2.3
--2
.
+
e10
e10
+
0e
000.e
.
++1
e10
-
.
1e-
000.e
.
1ee2
.
0e
--2
1ee2
++1
-
1e-
1.2.3
1ee2
1e+
1e-
+
++1
-
0e
--2
++1
1ee2
1ee2
e10
+
1e-
1ee2
1ee2
0e
.
1e
1e
abc
0e
1e+
1.2.3
--2
e10
1ee2
1e+
abc
1e-
1e
e10
++1
e10
1.2.3
-
1ee2
.
+
000.e
1e-
+
++1
-
1e+
000.e
000.e
++1
-
--2
.
-
--2
+
-
1e-
1e+
1e-
1e
-
000.e
.
1.2.3
abc
abc
1.2.3
0e
1e
000.e
.
--2
1e
000.e
++1
1e-
-
.
1e-
1e+
abc
e10
+
0e
+
000.e
1e-
-
0e
1e-
+
-
1e-
.
000.e
1e-
.
e10
abc
++1
000.e
e10
1ee2
.
1e-
000.e
.
.
e10
1.2.3
0e
-
000.e
--2
+
1e-
--2
-
1e-
e10
1e-
000.e
-
1e-
-
.
1.2.3
1e+
+
+
++1
abc
1e-
+
abc
1e-
0e
.
0e
1e-
000.e
-
1.2.3
-
1e
1e-
++1
++1
++1
--2
1e-
--2
1e+
1.2.3
1e+
--2
abc
+
e10
1e
1e
1e-
.
--2
abc
e10
000.e
1e-
1e+
0e
1e+
+
000.e
+
000.e
0e
++1
--2
0e
1.2.3
++1
1ee2
abc
1.2.3
1ee2
++1
++1
abc
1e-
e10
.
000.e
1e
1ee2
1.2.3
0e
-
1e+
--2
1e
-
0e
0e
--2
1e-
-
1e
e10
0e
1e+
1e-
-
-
-
abc
1e-
0e
e10
e10
1e+
abc
1.2.3
1e+
000.e
--2
1.2.3
1e-
abc
--2
1ee2
e10
+
e10
1.2.3
1e+
1e-
1e-
-
abc
-
e10
-
1ee2
1e-
000.e
1e
0e
abc
--2
1e
--2
1e-
+
1.2.3
++1
0e
1e+
abc
++1
1e-
1e+
0e
e10
.
1.2.3
1e-
-
000.e
1e
.
+
e10
000.e
+
+
1ee2
+
1e
1.2.3
1e+
1ee2
--2
e10
+
-
e10
e10
1.2.3
000.e
+
1e+
++1
000.e
-
.
-
--2
abc
1ee2
-
++1
0e
0e
0e
+
.
000.e
1.2.3
1e-
1e-
++1
e10
e10
+
1e-
1ee2
.
--2
1e+
000.e
1.2.3
abc
1e
abc
++1
.
--2
abc
1e
.
-
1ee2
+
0e
000.e
--2
.
+
1e-
1e
1e+
1e+
1e
1e
e10
--2
1e
1e-
.
abc
0e
000.e
-
-
abc
--2
+
1.2.3
-
abc
.
+
0e
1e+
1e-
e10
1ee2
1.2.3
-
--2
1e+
.
+
1e
++1
1ee2
1e+
+
++1
1.2.3
+
++1
000.e
1ee2
1e
1e+
++1
1e+
1e
1ee2
000.e
1e
.
-
++1
+
0e
1e
0e
1ee2
e10
1e-
1e
-
1e-
.
e10
.
1ee2
1e-
--2
1e-
1.2.3
-
.
e10
1ee2
0e
-
1.2.3
1e
+
1e+
.
abc
+
1ee2
++1
.
0e
abc
1ee2
000.e
1.2.3
1ee2
1ee2
abc
+
e10
e10
000.e
abc
1e-
++1
++1
++1
-
++1
.
--2
-
000.e
1e+
1e-
1.2.3
+
0e
0e
1e+
1e-
+
++1
1e
1e+
1e+
-
1e+
-
1e+
1ee2
++1
+
e10
-
abc
1e
0e
-
1e
0e
e10
-
1.2.3
++1
0e
000.e
1.2.3
0e
abc
1ee2
1ee2
1ee2
000.e
1e
0e
abc
1e
+
--2
e10
000.e
++1
--2
abc
.
.
-
0e
-
000.e
abc
--2
1e-
abc
++1
1e-
--2
++1
1ee2
1e-
1ee2
1ee2
000.e
-
--2
.
++1
1ee2
.
--2
-
+
+
1.2.3
000.e
-
e10
-
1e+
1e+
-
1.2.3
e10
1e
1ee2
0e
e10
1.2.3
e10
1e
1e
1e+
-
1e
1e-
+
-
.
1.2.3
e10
000.e
.
1e-
e10
-
++1
1e+
1e
.
.
000.e
abc
1e+
.
000.e
1ee2
abc
1.2.3
++1
1ee2
+
0e
abc
1e+
++1
++1
000.e
+
1e+
1e
-
1e-
1e
e10
-
0e
e10
++1
1e-
000.e
.
1e-
abc
0e
000.e
0e
1e-
1e
0e
.
1e-
.
0e
.
+
e10
abc
1e
e10
1.2.3
1e-
0e
abc
+
1.2.3
++1
1.2.3
+
1ee2
abc
abc
1e
0e
0e
++1
1ee2
+
1e+
1.2.3
1e
+
0e
1ee2
+
0e
-
0e
1.2.3
1.2.3
0e
e10
-
1ee2
+
e10
1e-
1.2.3
1e-
--2
e10
-
1e
+
000.e
1.2.3
e10
000.e
e10
1ee2
+
+
0e
1.2.3
abc
0e
1e
0e
000.e
0e
abc
++1
1.2.3
abc
1ee2
e10
e10
++1
1e-
1ee2
++1
1e+
.
000.e
.
-
++1
000.e
1e-
e10
1ee2
+
1e-
--2
1e-
1e-
e10
abc
0e
.
1e
1.2.3
1ee2
1e
1e+
0e
000.e
+
abc
1e+
1.2.3
-
1e-
e10
-
.
1.2.3
++1
0e
++1
1e-
1e+
e10
e10
e10
++1
.
abc
+
e10
1e-
++1
1e-
1e+
.
1e
-
1ee2
1e-
.
1.2.3
abc
1e+
1e-
.
1ee2
++1
.
1e
-
000.e
abc
1e
000.e
--2
e10
--2
000.e
1e+
+
1ee2
1.2.3
++1
--2
-
1e+
1e
0e
1e
1ee2
e10
++1
e10
1.2.3
--2
e10
-
0e
abc
1e-
--2
0e
1e
-
e10
--2
1.2.3
1e+
+
1e
+
--2
1e+
-
e10
abc
1e-
--2
0e
1.2.3
1e+
++1
-
1e
1e+
++1
1.2.3
.
e10
e10
--2
1e-
1e-
abc
1e
e10
1e
e10
0e
000.e
000.e
1e+
--2
0e
1ee2
1ee2
1e+
-
1ee2
1.2.3
++1
1e-
-
e10
.
1e+
abc
1e-
+
1.2.3
.
+
0e
+
e10
.
e10
+
1e-
abc
+
1.2.3
1e+
1.2.3
e10
+
-
-
+
0e
1ee2
.
0e
-
++1
+
.
1e+
-
e10
-
1ee2
1.2.3
1.2.3
1e
e10
++1
1e+
1e-
e10
0e
-
1e+
-
+
1.2.3
000.e
1ee2
.
1e
1e-
-
000.e
-
.
1.2.3
++1
1ee2
++1
-
1e
1e
000.e
1e+
1e-
e10
+
++1
abc
.
.
--2
.
abc
++1
e10
1.2.3
000.e
1e-
e10
1e
1.2.3
+
1.2.3
1ee2
1e
--2
--2
1e-
1e
1e+
1e-
1e+
abc
abc
1e
abc
000.e
1ee2
000.e
+
1e-
000.e
--2
-
1e
-
+
abc
1ee2
1e+
1e-
1ee2
1ee2
1ee2
1e-
1e
1ee2
1e
000.e
1e-
000.e
1e
++1
1ee2
0e
.
1e+
1ee2
+
e10
1ee2
+
abc
.
1ee2
abc
--2
--2
e10
1ee2
.
--2
1ee2
1e-
++1
e10
.
--2
1e-
0e
000.e
abc
+
1e+
.
--2
1e-
1e
+
+
1.2.3
.
e10
.
1e
1e
--2
1e
++1
0e
1.2.3
-
1ee2
1ee2
1e
.
1e
.
000.e
e10
+
e10
.
1e+
-
+
000.e
1e
0e
000.e
abc
-
1.2.3
+
1e
1e-
1e-
000.e
abc
-
++1
1.2.3
1e
-
000.e
1e-
1e-
1e+
1e+
++1
abc
abc
e10
+
1ee2
1e
1ee2
++1
abc
++1
e10
1e
1.2.3
--2
--2
1e
.
.
abc
1e-
abc
e10
1ee2
+
1e+
1e+
abc
++1
+
--2
1e+
1e
1.2.3
0e
1e-
1e
abc
++1
1e-
abc
--2
abc
1e+
--2
--2
++1
1ee2
000.e
1e-
1e
+
-
abc
-
0e
1e+
.
0e
000.e
1e+
+
abc
000.e
++1
1e+
++1
+
e10
+
1e+
1ee2
abc
0e
abc
.
000.e
1e+
.
abc
.
1.2.3
.
1e-
+
abc
000.e
1e+
--2
1e-
+
1e-
0e
--2
-
1ee2
--2
-
0e
000.e
e10
1e
1e-
--2
abc
--2
0e
1e+
+
--2
++1
++1
-
--2
e10
abc
--2
--2
0e
0e
0e
--2
+
1e
--2
++1
abc
-
--2
0e
0e
--2
000.e
-
0e
.
e10
1ee2
1ee2
++1
1e-
e10
1e
++1
++1
1ee2
+
-
-
e10
1e+
-
1ee2
--2
e10
0e
.
1e+
1e
1e-
-
0e
1e
0e
-
--2
0e
000.e
0e
000.e
--2
abc
1e+
++1
1e-
1ee2
--2
000.e
+
1e
1.2.3
-
.
1ee2
++1
0e
000.e
0e
-
1ee2
-
.
000.e
++1
-
-
.
000.e
abc
--2
e10
1.2.3
-
1.2.3
++1
+
1e+
abc
++1
+
+
1.2.3
++1
--2
++1
abc
++1
1ee2
-
++1
0e
000.e
1e+
.
000.e
1e+
abc
0e
1ee2
abc
abc
1.2.3
abc
1.2.3
e10
.
000.e
1e+
abc
1ee2
--2
--2
-
.
--2
1.2.3
abc
.
++1
1e+
1ee2
abc
0e
1e-
abc
1ee2
--2
--2
1e+
000.e
+
1e
1.2.3
-
-
--2
--2
+
1.2.3
-
000.e
0e
abc
+
1ee2
1e-
++1
abc
-
0e
000.e
1e-
abc
-
+
--2
+
++1
000.e
.
1e
--2
1ee2
e10
1e-
1e+
--2
1e
-
e10
--2
1e
+
e10
++1
-
--2
0e
+
--2
0e
--2
abc
+
1ee2
.
1e
1e
000.e
-
000.e
-
0e
abc
1.2.3
.
abc
-
1ee2
1e+
1e+
1.2.3
+
000.e
1ee2
-
abc
1e
1e-
1.2.3
1e-
e10
0e
1.2.3
1ee2
000.e
++1
-
1e
-
0e
1.2.3
1ee2
1e-
.
1e
--2
-
1e+
1e+
++1
++1
1e
1e-
abc
1e-
1e-
-
+
1e-
abc
0e
1.2.3
-
+
1e-
1e+
1.2.3
++1
-
e10
1e+
1e+
000.e
-
0e
1e+
-
.
-
1e+
abc
e10
1e-
1e-
1ee2
++1
.
1e+
-
--2
1.2.3
-
--2
1.2.3
-
0e
1.2.3
e10
0e
.
abc
1e-
1e-
0e
1ee2
++1
e10
000.e
1.2.3
+
.
-
-
0e
--2
+
e10
-
1.2.3
-
e10
1e+
e10
.
+
1e-
.
1ee2
+
000.e
.
0e
abc
--2
abc
++1
1e+
1ee2
000.e
1.2.3
++1
0e
abc
1e-
e10
e10
1e
1ee2
000.e
--2
000.e
+
1.2.3
0e
1e-
.
++1
1e
1.2.3
1.2.3
e10
.
abc
+
1e
++1
1.2.3
000.e
+
1e-
1e-
1.2.3
++1
000.e
000.e
e10
abc
abc
000.e
1e
1e
1e+
1e-
1ee2
0e
e10
1ee2
000.e
++1
1ee2
+
1e-
1e-
1e
e10
+
e10
+
1e
000.e
+
abc
.
1e+
-
1e
1ee2
1e
1e
.
000.e
0e
1.2.3
1e+
1ee2
.
1e+
+
.
abc
1.2.3
1ee2
--2
++1
++1
+
1.2.3
1.2.3
++1
1e
abc
-
1ee2
1e
1.2.3
+
0e
.
1e
+
.
000.e
000.e
1ee2
++1
000.e
1e+
000.e
1e-
1e
1ee2
0e
+
1ee2
--2
e10
1e
000.e
--2
1e-
1ee2
1e+
+
++1
--2
+
.
000.e
1e-
+
000.e
1.2.3
1.2.3
1ee2
--2
+
1e+
.
+
1e-
e10
1.2.3
1.2.3
++1
000.e
+
+
1e+
000.e
--2
++1
1.2.3
-
+
++1
--2
+
+
--2
1e-
0e
1e
++1
0e
+
--2
abc
abc
000.e
--2
1e
e10
1e+
e10
1e+
1e+
+
1ee2
-
000.e
-
000.e
1e-
1e-
1e+
0e
.
--2
.
1e
++1
+
000.e
1e+
000.e
1ee2
0e
++1
1e
e10
+
.
1ee2
1.2.3
1e-
--2
1ee2
0e
+
++1
.
000.e
+
0e
+
0e
+
e10
-
1ee2
1e+
--2
+
++1
.
abc
++1
.
--2
1e
1e
1.2.3
--2
++1
1e-
1.2.3
1.2.3
+
1e-
0e
.
1e-
1e
--2
1e-
1e+
abc
0e
1.2.3
1e+
.
1e
++1
0e
abc
e10
1.2.3
1e-
1e+
0e
++1
1ee2
1e-
+
000.e
1e+
--2
+
1e
-
-
--2
1e-
1e+
abc
-
1.2.3
e10
.
0e
1e-
abc
1e
1e-
e10
.
abc
1ee2
-
1e-
abc
.
1e
1e-
.
.
-
+
e10
abc
-
1.2.3
0e
1e-
--2
--2
1e+
-
abc
abc
e10
0e
++1
e10
1e-
1.2.3
000.e
1e
+
1e-
e10
++1
1ee2
--2
e10
.
+
-
+
1.2.3
--2
0e
1e-
000.e
000.e
--2
-
1ee2
+
--2
1.2.3
.
1e+
1e-
1e+
--2
1e+
1e+
--2
abc
e10
000.e
1.2.3
0e
-
--2
-
1.2.3
0e
1.2.3
e10
++1
abc
e10
000.e
.
+
+
000.e
0e
.
e10
000.e
1e-
1ee2
1e-
--2
-
1e-
-
abc
.
000.e
1.2.3
000.e
1e-
1e
000.e
1e+
1.2.3
-
abc
1e+
-
-
1ee2
0e
1.2.3
abc
000.e
-
1e
--2
0e
+
++1
1e
1e+
.
1.2.3
1ee2
.
000.e
0e
1.2.3
1ee2
1e-
.
1.2.3
+
1e-
1e
++1
.
.
++1
1.2.3
0e
--2
1.2.3
+
abc
+
abc
.
--2
++1
--2
.
1e+
+
1e-
.
1.2.3
--2
1e+
1e-
++1
-
+
000.e
0e
-
e10
--2
+
++1
0e
.
1e
000.e
0e
1.2.3
1.2.3
++1
-
.
000.e
++1
1e-
.
++1
+
+
1e-
++1
0e
1e-
1ee2
1e-
abc
abc
+
1.2.3
1e+
1e
1e
e10
1ee2
1e-
abc
0e
-
-
1.2.3
--2
0e
-
1ee2
1ee2
-
-
1e-
+
+
1e+
-
abc
+
0e
e10
--2
--2
++1
-
1e
+
1e-
++1
abc
1e+
000.e
000.e
000.e
++1
1ee2
000.e
1e
1e+
1e+
++1
1e-
+
0e
abc
++1
000.e
0e
+
1e
1e
abc
1.2.3
abc
1e-
e10
abc
e10
--2
0e
0e
-
.
-
000.e
1.2.3
abc
1e-
--2
1e-
.
--2
1e
1e+
+
++1
.
1e
++1
1ee2
1e
.
1e-
1e+
+
000.e
1ee2
+
e10
1e
000.e
-
.
1e+
e10
abc
abc
+
e10
+
1ee2
-
-
+
e10
.
++1
1e+
1e-
1ee2
0e
1.2.3
1e
1e
-
1e
1e-
1ee2
000.e
-
1e-
1e-
abc
.
1e+
1e+
-
.
1e
1e+
abc
0e
1.2.3
abc
0e
1e
1e-
000.e
++1
0e
000.e
.
0e
.
abc
1e+
e10
1.2.3
++1
+
1e-
1e
+
abc
1e
e10
000.e
1e+
1e+
000.e
1.2.3
0e
1.2.3
000.e
+
0e
000.e
++1
--2
000.e
-
1.2.3
0e
--2
0e
0e
1e-
-
1e-
0e
+
-
++1
0e
1e-
1e+
-
0e
1e+
abc
--2
1e
-
.
.
++1
1.2.3
.
--2
e10
1e
--2
abc
++1
0e
--2
1e
e10
--2
++1
--2
--2
--2
abc
1e+
--2
.
000.e
+
++1
.
1.2.3
0e
000.e
.
e10
e10
--2
1e+
1e-
abc
000.e
.
000.e
0e
1e-
0e
1e-
--2
000.e
+
1ee2
1e
000.e
1e
1e+
--2
--2
-
+
--2
.
.
++1
+
1.2.3
000.e
1e+
-
++1
0e
--2
.
1e+
1ee2
0e
1ee2
abc
0e
--2
1ee2
e10
.
1e-
1e+
+
000.e
1ee2
+
000.e
1e-
1e-
.
1e
.
--2
abc
-
1e+
1e
++1
++1
1e-
000.e
0e
abc
.
1e
0e
1e
1e-
1.2.3
000.e
.
+
1e-
.
1e
1e
1.2.3
1e
.
1e
e10
0e
.
1.2.3
1.2.3
.
--2
0e
000.e
1ee2
1ee2
1e-
1e-
e10
.
e10
++1
1e-
1ee2
1e
+
e10
0e
--2
1e+
+
+
++1
1e
1.2.3
1e-
1ee2
e10
++1
abc
1e
++1
000.e
e10
1e+
+
-
--2
0e
1e
0e
1ee2
e10
++1
--2
+
1.2.3
1e+
e10
abc
e10
++1
1e
000.e
abc
0e
1e-
-
1e-
000.e
e10
abc
000.e
0e
1e-
1e
-
e10
0e
0e
1e
0e
.
.
1e+
1e
+
1e
--2
1ee2
++1
abc
-
e10
1ee2
-
0e
1e+
1e
1e+
+
1e-
++1
1e+
e10
1e-
1e-
000.e
000.e
--2
1e-
1e
1e
0e
1e+
0e
1ee2
.
1e+
.
.
1e-
000.e
abc
+
--2
++1
000.e
1ee2
0e
1.2.3
1e
-
1e+
000.e
0e
e10
abc
1e+
1ee2
1e+
1.2.3
0e
.
0e
.
1.2.3
1e-
abc
1.2.3
abc
abc
++1
-
1ee2
--2
--2
0e
abc
++1
e10
1ee2
.
1ee2
-
e10
1e-
1e-
1e
e10
+
000.e
++1
+
+
abc
+
++1
++1
1ee2
.
1e+
-
1e
1e+
1e+
abc
++1
++1
++1
--2
.
000.e
+
1e
1ee2
++1
1e+
1e-
++1
1e-
++1
000.e
.
1e
1.2.3
abc
--2
abc
1ee2
++1
++1
1e+
000.e
000.e
-
.
0e
e10
0e
--2
0e
-
-
abc
1e+
1.2.3
1e+
+
+
abc
000.e
e10
1.2.3
0e
++1
000.e
e10
++1
1e
000.e
e10
-
1e-
1e-
++1
++1
+
+
+
1e
000.e
abc
e10
000.e
e10
e10
+
000.e
e10
0e
1e
1e-
1e
--2
--2
abc
0e
1.2.3
.
e10
-
1e+
000.e
1e-
+
++1
--2
--2
-
1e-
1e-
000.e
-
abc
000.e
--2
1e
1ee2
.
-
1ee2
1e
1ee2
1ee2
000.e
1e
0e
1e-
1e-
.
0e
+
1e-
+
+
0e
+
1ee2
0e
000.e
1e
.
1ee2
--2
1e
+
1ee2
e10
0e
e10
000.e
abc
e10
1e+
1e+
1e+
1e+
1e
1.2.3
1.2.3
++1
1.2.3
000.e
.
.
.
1e-
1e
e10
-
abc
1e
+
abc
1e+
-
abc
1e+
++1
1e
1ee2
--2
1e
++1
abc
1e+
000.e
.
+
--2
e10
000.e
1e+
1ee2
+
+
--2
++1
+
0e
1.2.3
1e+
++1
+
.
1ee2
1ee2
000.e
0e
1e
1ee2
0e
+
1e-
.
-
--2
1e
1e-
abc
000.e
+
000.e
e10
1ee2
.
1e
0e
1.2.3
1e
1e+
1e-
abc
e10
000.e
0e
+
000.e
000.e
1e-
++1
.
--2
abc
1e+
.
--2
1e+
++1
1.2.3
-
1ee2
+
-
e10
e10
1e-
+
000.e
1e+
1e
--2
e10
0e
--2
1.2.3
1.2.3
1e
1ee2
1e-
1.2.3
+
1e-
--2
1e
++1
--2
-
1e-
.
.
e10
1.2.3
000.e
000.e
e10
abc
1e-
000.e
-
0e
1e
0e
+
1e+
-
0e
abc
000.e
1e+
000.e
1e
1e
--2
--2
++1
0e
+
000.e
.
+
1.2.3
++1
e10
++1
-
+
++1
e10
e10
abc
+
+
1ee2
000.e
abc
+
1e
-
e10
.
1e-
1e
0e
-
+
1e
1ee2
1.2.3
abc
e10
-
--2
1e-
--2
0e
1e-
++1
1e
1.2.3
000.e
.
++1
-
1ee2
.
1ee2
--2
1ee2
++1
1e
-
+
1e
+
-
.
e10
+
1e-
1.2.3
1e
-
000.e
++1
1e
e10
abc
.
e10
++1
-
0e
abc
+
+
+
1e+
1e+
+
abc
000.e
1e+
abc
abc
1e
1ee2
1e
1.2.3
1ee2
1e+
000.e
++1
1e
1e+
e10
e10
000.e
1e-
000.e
1.2.3
+
000.e
--2
abc
1e+
e10
1e
-
e10
abc
1ee2
000.e
++1
abc
--2
abc
1.2.3
1e-
e10
+
1ee2
1.2.3
+
1.2.3
.
1e-
e10
1.2.3
e10
-
000.e
1e
000.e
0e
--2
0e
1e+
0e
--2
abc
0e
.
1e-
1ee2
abc
+
.
1e-
.
e10
--2
1.2.3
1e
1e
0e
--2
000.e
1.2.3
1.2.3
1.2.3
--2
1e
++1
0e
1.2.3
-
1e-
abc
.
e10
1e
1e-
1e-
000.e
1.2.3
1e-
-
-
++1
-
1e
000.e
1e-
0e
++1
--2
1e-
1e+
.
1e
e10
--2
1e
1e-
+
++1
++1
abc
1e-
1e
000.e
--2
1e-
.
e10
000.e
1e
++1
000.e
1e+
+
e10
1ee2
000.e
--2
1ee2
1ee2
abc
1e+
abc
1.2.3
e10
1.2.3
+
1e
0e
-
0e
++1
.
++1
1e+
++1
--2
+
-
1ee2
000.e
1e+
.
1ee2
++1
+
0e
++1
abc
e10
1.2.3
.
1.2.3
1e+
++1
0e
1.2.3
1.2.3
abc
1e+
.
1e+
+
0e
000.e
1e+
1e-
-
.
-
1.2.3
++1
+
--2
1ee2
1e-
0e
1e
1e-
++1
1e-
++1
1e
abc
1.2.3
1e
1ee2
1e-
-
1.2.3
1e+
+
1e+
1e-
abc
.
0e
1ee2
000.e
.
--2
+
1.2.3
++1
000.e
-
1e
1ee2
1e
1e-
1e-
++1
--2
000.e
1.2.3
1e-
e10
1.2.3
0e
++1
000.e
1.2.3
.
-
e10
1e-
-
1.2.3
+
000.e
1e-
1.2.3
-
abc
++1
1.2.3
abc
1e
1e
--2
--2
e10
1ee2
--2
+
e10
000.e
000.e
++1
0e
-
000.e
.
1e-
1e
1e-
1e-
--2
--2
1e
abc
0e
e10
.
1ee2
.
.
e10
.
.
--2
++1
+
0e
--2
1ee2
--2
.
.
1e+
abc
1ee2
e10
1e
abc
1e+
++1
1ee2
1.2.3
.
1e+
1.2.3
e10
++1
0e
1.2.3
1ee2
1.2.3
1e+
++1
0e
++1
e10
1ee2
1ee2
-
abc
-
++1
1e-
1e+
abc
.
abc
1.2.3
-
0e
.
++1
1e+
--2
000.e
0e
1e+
000.e
--2
e10
++1
1e
1e-
0e
1e-
1.2.3
1e-
++1
--2
--2
.
000.e
1e+
++1
.
1e
.
--2
+
1ee2
1ee2
++1
-
--2
1e+
e10
--2
-
+
1.2.3
+
.
1e-
1ee2
--2
+
--2
000.e
1e
++1
1e
e10
+
+
1ee2
.
0e
++1
.
.
abc
1e-
--2
++1
1ee2
e10
1.2.3
1e-
++1
000.e
+
1e+
++1
0e
1ee2
1ee2
abc
1.2.3
e10
--2
abc
000.e
--2
1ee2
--2
1.2.3
1e+
1e+
abc
abc
1e-
--2
1e-
1ee2
1e-
+
abc
+
1e-
1.2.3
--2
1ee2
++1
-
000.e
+
1e
abc
0e
e10
e10
abc
e10
000.e
1e
e10
1e+
1ee2
.
1e
+
abc
1e
1e-
-
1e+
000.e
e10
.
e10
e10
1e+
--2
+
-
1.2.3
1e-
abc
1ee2
1.2.3
1e-
1e
++1
1.2.3
1e
1.2.3
abc
e10
.
-
1e+
.
1e-
.
.
--2
e10
1ee2
++1
++1
1e+
--2
1e+
.
+
000.e
1ee2
abc
1ee2
++1
abc
e10
000.e
--2
000.e
1e+
e10
e10
000.e
-
.
1.2.3
1ee2
1.2.3
+
.
1.2.3
1.2.3
1.2.3
1ee2
e10
1.2.3
e10
1.2.3
--2
1e-
1e-
1ee2
++1
abc
++1
+
1ee2
0e
1e+
1.2.3
-
1.2.3
1e-
.
1.2.3
000.e
000.e
--2
-
0e
1e+
1.2.3
++1
-
1ee2
--2
1ee2
1e
0e
1e-
000.e
1e
--2
+
++1
.
0e
1.2.3
000.e
1e-
0e
e10
abc
e10
.
--2
+
0e
000.e
-
1e-
1e+
0e
000.e
1e+
1.2.3
+
1e+
e10
1e
1e+
e10
abc
1ee2
1e
-
++1
0e
e10
1e+
e10
1e+
1ee2
0e
--2
1e
1e
e10
1.2.3
1e
1e+
1.2.3
-
++1
1e+
++1
++1
--2
++1
1.2.3
+
1ee2
--2
1e+
--2
.
1e-
+
-
+
++1
abc
++1
1ee2
1e+
-
1e
0e
1e+
1ee2
1e
1e
e10
1ee2
e10
e10
--2
1ee2
0e
0e
.
.
.
1e-
0e
000.e
1ee2
1e-
1e+
1e-
e10
abc
1ee2
e10
e10
.
abc
+
++1
--2
1e+
000.e
1e+
0e
1e
e10
1e+
abc
--2
000.e
0e
-
++1
e10
1e-
+
0e
e10
e10
1.2.3
+
1.2.3
++1
-
000.e
-
++1
++1
+
e10
1.2.3
+
.
0e
1e+
--2
1e
.
1.2.3
1ee2
e10
-
1e-
-
abc
abc
++1
1ee2
e10
++1
abc
e10
e10
-
-
000.e
1e+
++1
1e-
000.e
1.2.3
abc
.
000.e
.
1e
--2
1.2.3
0e
1e+
0e
000.e
++1
1ee2
abc
1.2.3
1e
++1
.
.
.
++1
+
1ee2
0e
1e-
1e
++1
1e
.
e10
++1
1e+
0e
1.2.3
--2
-
1e
1e+
0e
1e
-
1.2.3
--2
1e+
1e+
abc
abc
+
1e
--2
1e
1ee2
000.e
1.2.3
--2
--2
1e
-
0e
1.2.3
1e-
1e-
0e
abc
++1
--2
--2
--2
-
-
1e-
0e
1ee2
1e+
abc
+
+
++1
1e+
++1
--2
-
++1
--2
000.e
1e
abc
-
000.e
.
++1
1ee2
e10
e10
1e+
--2
000.e
++1
1.2.3
.
1e
--2
1e+
e10
--2
abc
1e+
.
e10
e10
1.2.3
.
abc
-
1e-
++1
000.e
1.2.3
0e
0e
++1
abc
.
1e+
.
abc
1e-
000.e
-
1e+
+
1e+
1ee2
+
1ee2
1ee2
e10
1e+
1e+
1e-
1e-
++1
1e+
0e
-
++1
abc
-
1e
1ee2
000.e
-
++1
+
e10
1e+
++1
e10
0e
.
0e
1e
-
0e
1ee2
1e-
1e+
abc
-
.
1e
1.2.3
.
000.e
++1
1e
0e
1ee2
1.2.3
.
1ee2
1e-
++1
1e
000.e
1ee2
0e
1ee2
e10
0e
0e
1e
1.2.3
1e
000.e
1.2.3
1ee2
1ee2
-
-
e10
abc
+
0e
1ee2
1e-
e10
1e-
000.e
+
1e
0e
+
e10
1e+
1.2.3
1e+
++1
-
e10
++1
-
.
1e+
abc
++1
++1
1e+
++1
1e+
abc
1e+
++1
0e
e10
0e
1e+
abc
++1
1.2.3
+
1ee2
1e+
abc
1e-
1.2.3
000.e
1.2.3
+
e10
++1
.
++1
1.2.3
1e
1e-
1.2.3
0e
1e
1.2.3
++1
abc
abc
++1
--2
e10
--2
1ee2
1ee2
--2
1.2.3
--2
000.e
abc
1e-
1e
abc
1e-
1.2.3
1e-
abc
-
1e
.
1e-
++1
0e
++1
--2
1e
1ee2
000.e
-
-
+
1e-
+
0e
+
++1
1.2.3
-
1e+
-
--2
++1
e10
1ee2
.
abc
0e
0e
abc
1ee2
-
.
abc
1e-
1e
--2
1e+
-
-
-
e10
e10
1e-
1e
1e
000.e
1.2.3
1e
0e
+
1e-
-
1e-
1e
-
1e-
1ee2
1e-
1e+
-
000.e
--2
0e
abc
++1
.
.
1e+
1e+
-
e10
1e
0e
1e-
1e+
1e
.
1.2.3
--2
++1
+
-
0e
0e
.
000.e
1e-
abc
abc
abc
--2
1e-
++1
++1
1e+
1e-
--2
1ee2
1e
--2
1ee2
000.e
1.2.3
1ee2
+
.
0e
.
-
1ee2
e10
.
1.2.3
1e
-
1e
1ee2
1.2.3
abc
e10
1ee2
0e
000.e
1e
--2
1.2.3
1.2.3
000.e
1e-
--2
0e
1e+
1.2.3
1e+
++1
1e+
1e+
++1
--2
+
1e-
e10
abc
1.2.3
-
++1
e10
+
0e
1e+
000.e
0e
1e
1.2.3
1.2.3
--2
1e
abc
abc
--2
000.e
1ee2
++1
1e+
1e-
1e-
.
1ee2
1.2.3
+
e10
0e
++1
++1
0e
1ee2
abc
-
.
e10
1.2.3
--2
1ee2
1.2.3
0e
1ee2
+
000.e
1.2.3
.
1e+
.
-
+
1e-
1ee2
1ee2
000.e
e10
.
1e
abc
++1
abc
1e-
000.e
0e
1e-
abc
.
1e+
-
e10
-
1e
.
.
e10
0e
abc
1e+
++1
000.e
0e
1e
e10
+
000.e
+
.
-
1e+
.
--2
--2
1e-
--2
1e-
0e
.
e10
0e
000.e
1e
000.e
-
--2
1e+
abc
1e-
+
.
1e+
1e+
1.2.3
abc
1e
-
e10
1ee2
0e
+
1e+
+
1e+
1.2.3
1.2.3
000.e
++1
.
.
1e-
1.2.3
e10
1e
1e
abc
.
abc
0e
000.e
e10
1e-
.
e10
000.e
000.e
0e
1e
1e+
1.2.3
--2
1e+
abc
1e
+
1e+
abc
000.e
1e-
000.e
1.2.3
1ee2
000.e
1ee2
-
1ee2
++1
1e-
0e
++1
000.e
++1
.
-
+
e10
1e
1e+
+
abc
000.e
-
e10
--2
000.e
1ee2
-
++1
++1
1.2.3
1.2.3
0e
1e
1e+
0e
-
abc
.
1.2.3
.
e10
+
0e
e10
0e
1e-
++1
.
--2
1ee2
1e
1e-
1e+
1e-
1e-
.
000.e
1e+
000.e
--2
e10
e10
-
1.2.3
1e
e10
-
e10
+
1ee2
1ee2
0e
--2
000.e
000.e
1ee2
.
--2
++1
1e-
1.2.3
-
1e
abc
1e-
+
1.2.3
000.e
1.2.3
1.2.3
++1
++1
1e+
000.e
++1
1e
--2
++1
.
1e
.
--2
-
.
1e+
1e+
-
1ee2
1e
-
1e-
1e
1e-
000.e
1e-
0e
1e+
e10
++1
.
1e
e10
1e
.
1e
+
.
e10
1e+
1e+
-
000.e
1ee2
000.e
000.e
e10
++1
1ee2
1.2.3
1e
1e+
.
.
--2
+
1e+
0e
--2
0e
+
-
abc
+
000.e
1e
++1
+
abc
1e
.
000.e
-
1.2.3
1e
1ee2
++1
-
0e
1e+
-
0e
1e+
1e+
-
++1
e10
1e+
abc
1e
++1
0e
-
--2
1e
1.2.3
abc
0e
1.2.3
1.2.3
e10
1ee2
.
1ee2
1ee2
1e-
1e-
1e
.
1e+
1ee2
1e+
1e
1e+
abc
1e+
0e
1e
1ee2
1.2.3
1.2.3
e10
abc
+
1.2.3
++1
000.e
1e+
abc
1e-
000.e
1.2.3
e10
--2
-
+
1e
abc
-
000.e
1e
.
000.e
0e
e10
0e
++1
000.e
000.e
1e+
1e-
1e-
abc
0e
0e
--2
-
.
1e-
1e-
1e+
1ee2
--2
1.2.3
+
1e+
000.e
abc
.
1e+
--2
abc
1e-
000.e
1e+
++1
.
1e+
-
0e
0e
--2
000.e
e10
1e-
++1
--2
000.e
1ee2
000.e
1e-
1e-
+
.
e10
1e+
1ee2
1e-
--2
.
.
1e+
--2
1.2.3
0e
abc
e10
000.e
0e
+
++1
e10
1e+
++1
abc
-
1.2.3
1e
1e+
000.e
1.2.3
1e
1e-
0e
+
1e+
--2
e10
1e-
-
.
+
--2
000.e
1ee2
-
.
1.2.3
--2
1e-
-
0e
1.2.3
1.2.3
1e-
0e
abc
.
++1
e10
1e-
e10
0e
++1
+
--2
e10
.
++1
000.e
1ee2
1.2.3
1e+
e10
1.2.3
0e
--2
1e-
0e
.
1ee2
++1
1ee2
--2
000.e
000.e
1e-
0e
1e-
e10
0e
1e-
1ee2
+
e10
000.e
1e-
1e+
000.e
000.e
+
1e
1e
1e+
000.e
1e
1.2.3
.
0e
1.2.3
.
.
abc
1e-
000.e
1.2.3
abc
1e+
e10
1e
1.2.3
000.e
0e
.
0e
-
abc
1e+
abc
1e-
+
1e-
0e
-
--2
+
-
abc
1e
e10
1e-
-
abc
+
1e+
1.2.3
e10
e10
1e+
000.e
+
1e+
1ee2
1e+
+
-
abc
1e+
1ee2
-
1ee2
0e
e10
0e
1ee2
--2
++1
-
1.2.3
1e-
++1
1e-
abc
000.e
0e
1e-
1e-
--2
1ee2
000.e
e10
abc
++1
0e
1ee2
-
000.e
-
--2
-
1e
1e
1ee2
+
1e
--2
--2
000.e
1e-
1e+
.
++1
.
1ee2
.
--2
1e-
1e
-
1e-
-
e10
.
.
1e
1e+
++1
0e
abc
1e+
+
--2
.
e10
000.e
e10
1e-
1e+
1e+
1ee2
e10
1e
0e
1e
-
-
1ee2
1e+
abc
000.e
0e
-
1.2.3
-
+
abc
+
1ee2
+
1e-
.
1e+
abc
-
abc
1e+
++1
+
000.e
1e-
1e-
1ee2
abc
1e+
e10
-
.
1e
.
abc
e10
+
.
1.2.3
1e-
1e
1e+
-
1e
++1
1.2.3
1e+
1ee2
1e+
+
++1
abc
-
++1
1.2.3
--2
1e
++1
++1
000.e
1ee2
++1
++1
e10
1e-
1.2.3
abc
e10
1.2.3
000.e
1ee2
1e
000.e
1.2.3
1e-
1.2.3
1e-
.
1e
--2
++1
1e-
0e
0e
1ee2
.
0e
.
+
abc
e10
.
++1
abc
1.2.3
+
++1
++1
abc
-
+
1e
1ee2
1e+
000.e
1e+
.
-
++1
--2
+
1e-
+
1ee2
1e
.
1e+
++1
1e-
--2
e10
1e+
e10
-
1e-
0e
1e+
-
1ee2
.
.
++1
1ee2
--2
000.e
--2
+
1.2.3
-
1e+
1e
+
+
++1
1.2.3
0e
1.2.3
e10
+
.
abc
1ee2
1e+
000.e
+
++1
++1
1e-
-
1e
1e
+
-
.
abc
1e-
--2
000.e
1e
e10
+
000.e
1e-
1e-
1ee2
1ee2
000.e
.
1e
1e-
0e
e10
1e
1e+
e10
1e
--2
.
+
e10
0e
+
0e
000.e
0e
.
1e
0e
--2
1e
1.2.3
1e+
-
1ee2
000.e
1e
e10
1e
--2
abc
-
e10
e10
.
1e-
1e-
0e
0e
1.2.3
0e
+
abc
1e+
0e
++1
-
1ee2
1e
abc
1e
1e
-
-
0e
++1
1e
abc
000.e
1e-
++1
1e+
abc
++1
e10
++1
1e-
1e+
1e+
--2
1.2.3
1.2.3
0e
+
1e-
1e
0e
1.2.3
-
++1
e10
1.2.3
.
--2
--2
+
.
.
+
0e
.
e10
--2
1ee2
+
0e
0e
1ee2
1e-
1e-
000.e
1e+
1e
e10
000.e
1e-
1e-
.
--2
1.2.3
.
1e-
+
-
000.e
1e+
1e+
1e+
1ee2
0e
1e+
--2
e10
1e-
1ee2
1e+
1e
+
e10
000.e
1.2.3
-
abc
1e-
0e
000.e
1e
1ee2
++1
1.2.3
1.2.3
0e
-
abc
000.e
e10
1ee2
1e
000.e
1.2.3
--2
abc
-
0e
1ee2
1e-
++1
++1
+
abc
e10
abc
1e
-
.
0e
e10
++1
++1
++1
--2
1e+
e10
1e
.
+
.
--2
e10
000.e
1ee2
0e
000.e
1.2.3
1e+
1e-
.
++1
e10
000.e
-
0e
e10
++1
+
abc
1ee2
1e
0e
1ee2
+
--2
1e+
1ee2
1e+
1e+
++1
1.2.3
000.e
--2
-
-
++1
1e-
abc
0e
abc
abc
++1
.
--2
1e-
1e-
++1
e10
++1
++1
1ee2
1e-
1ee2
000.e
1e+
1ee2
-
1e
abc
--2
1e-
+
++1
1ee2
-
e10
e10
e10
1e-
.
1.2.3
--2
1.2.3
1e+
1e+
1e+
.
++1
e10
1e+
+
1e+
000.e
1e
abc
-
.
1e
0e
++1
1e+
000.e
--2
0e
1e+
+
1e
++1
1e
e10
--2
1.2.3
000.e
0e
0e
e10
0e
.
e10
1e-
0e
+
1.2.3
1ee2
.
-
0e
+
1ee2
++1
1ee2
-
1e-
.
.
+
e10
0e
abc
000.e
+
0e
+
000.e
000.e
0e
1.2.3
1e
1ee2
000.e
+
++1
1e+
0e
.
0e
+
+
abc
-
-
.
abc
1ee2
1e+
++1
e10
1e
--2
1e-
e10
++1
1e-
1ee2
1ee2
1e
1.2.3
-
1e
1e
e10
++1
0e
--2
.
0e
e10
--2
1.2.3
--2
-
.
1.2.3
e10
+
1e-
++1
000.e
abc
++1
.
++1
+
1e+
0e
e10
+
1ee2
1ee2
abc
-
1ee2
1ee2
1ee2
0e
1e+
1e
1ee2
1e
e10
1e-
.
1e
++1
1e
.
abc
++1
0e
000.e
1ee2
1e+
1e+
1ee2
1e
1.2.3
+
abc
000.e
1.2.3
abc
abc
1ee2
e10
000.e
--2
1e
1ee2
0e
1e-
abc
+
-
1e+
++1
+
1.2.3
1.2.3
0e
e10
.
--2
+
1e
--2
e10
+
1e
0e
1ee2
-
.
e10
1.2.3
e10
000.e
1.2.3
.
0e
-
1.2.3
1ee2
--2
e10
1.2.3
.
1e-
abc
--2
0e
1e
-
++1
abc
000.e
e10
1e
0e
1.2.3
1ee2
1.2.3
abc
e10
0e
.
--2
0e
000.e
000.e
e10
0e
+
+
0e
-
++1
++1
1e-
abc
+
0e
++1
1e+
1e
e10
0e
000.e
000.e
000.e
1e-
.
-
000.e
e10
1e-
1e
++1
--2
1e+
1e
1e+
1ee2
abc
--2
e10
1e
1.2.3
1e+
1e+
1e
+
1.2.3
1ee2
0e
1.2.3
1ee2
+
+
-
1ee2
abc
++1
0e
++1
abc
e10
-
0e
e10
000.e
e10
1ee2
1.2.3
.
+
e10
0e
--2
abc
000.e
1e+
000.e
abc
e10
.
000.e
000.e
1.2.3
--2
1e+
1e+
.
e10
.
e10
1.2.3
000.e
1e
abc
1e-
-
e10
--2
0e
abc
e10
1e
-
1ee2
++1
1e+
--2
1.2.3
1e
++1
1e+
1e+
abc
e10
1e-
.
1e
e10
++1
1e
1e-
-
1e+
.
000.e
1e+
000.e
0e
.
0e
1e+
.
+
1e-
.
1.2.3
1e-
1e-
abc
--2
e10
.
1e+
.
1.2.3
--2
+
abc
-
1.2.3
--2
1e+
1.2.3
++1
--2
abc
-
1e+
abc
1e
1.2.3
.
++1
abc
.
1e
+
1e+
1e-
1e-
1e+
000.e
+
0e
000.e
000.e
1e+
.
1e-
--2
1e
1.2.3
0e
1ee2
+
1e+
1ee2
.
-
0e
--2
e10
1ee2
++1
++1
1.2.3
0e
+
e10
.
1e
--2
--2
abc
000.e
1ee2
1ee2
1.2.3
.
abc
0e
1e+
0e
-
1ee2
-
1e-
+
.
+
abc
1.2.3
1.2.3
0e
e10
1e+
0e
.
1e+
1ee2
1.2.3
abc
e10
+
1ee2
1.2.3
1e+
1.2.3
.
1ee2
.
.
++1
1.2.3
--2
abc
++1
+
.
-
1e+
--2
1e+
1ee2
1ee2
1e
1.2.3
abc
1e
1ee2
1ee2
.
1ee2
1e+
.
e10
abc
e10
1.2.3
--2
.
1e+
1e
.
000.e
1ee2
1e
--2
000.e
++1
1e-
--2
++1
1e
abc
1e
.
1e+
e10
1.2.3
1ee2
1e
--2
e10
1ee2
1ee2
-
-
000.e
+
1e
1e
1e
1e
1e
1e-
1e-
abc
1ee2
000.e
1.2.3
++1
e10
++1
1e
1.2.3
+
1e+
abc
1ee2
-
1.2.3
e10
++1
1e-
0e
++1
abc
0e
abc
e10
1ee2
e10
1e
1.2.3
1.2.3
--2
0e
1e+
+
0e
0e
-
000.e
e10
1ee2
0e
++1
.
1e+
1e
1e
abc
abc
+
abc
1e-
000.e
++1
1e+
1e-
-
+
1e
0e
e10
1e-
e10
1.2.3
-
1e
-
1e-
-
-
0e
1ee2
0e
1.2.3
e10
000.e
000.e
+
--2
++1
1.2.3
000.e
++1
1e+
1e+
e10
.
++1
1ee2
1e
-
--2
--2
1.2.3
+
+
++1
1e
-
.
0e
.
abc
.
.
1e-
1ee2
1.2.3
-
1e
000.e
1e-
+
+
000.e
-
--2
1ee2
1.2.3
.
1e-
+
.
000.e
++1
1ee2
1e+
+
1e+
e10
e10
1e-
1e
.
e10
1e+
abc
+
++1
1.2.3
-
--2
abc
1e-
1e-
1e-
++1
000.e
abc
000.e
e10
1e+
abc
1ee2
1e-
abc
.
1e-
1e-
000.e
++1
-
1e+
++1
1ee2
1.2.3
+
+
--2
1e
abc
0e
.
1ee2
-
1e-
1ee2
1e+
+
+
1e-
abc
abc
+
.
+
.
-
1e+
abc
1e-
1e+
1e
+
--2
1ee2
000.e
.
.
1ee2
--2
1ee2
000.e
1ee2
0e
++1
abc
1.2.3
--2
.
e10
abc
++1
--2
abc
1e+
1e+
1e
-
1.2.3
000.e
0e
e10
++1
e10
1e
.
.
--2
1e-
000.e
1.2.3
--2
--2
++1
000.e
e10
.
+
1.2.3
1e+
+
1e
.
-
1e-
.
1e+
.
1.2.3
1e-
1e-
0e
0e
-
abc
abc
++1
1e-
1.2.3
1.2.3
1e
++1
1.2.3
000.e
.
1e-
1e-
1ee2
1.2.3
++1
1e+
+
1ee2
-
1ee2
1e
1e+
--2
++1
1ee2
1e-
++1
0e
++1
1e-
1e+
0e
1e-
000.e
1e
-
abc
+
abc
abc
1e-
1.2.3
1e+
1.2.3
abc
+
000.e
e10
++1
.
1e+
1e
000.e
1e
++1
e10
1ee2
0e
--2
1e
++1
1e
1ee2
++1
1e
-
.
++1
1e+
--2
0e
1e+
1.2.3
1e-
--2
abc
1e
+
1.2.3
++1
-
abc
0e
000.e
0e
1e-
0e
--2
+
--2
+
1e+
++1
abc
1e+
1e-
1.2.3
.
+
1.2.3
1.2.3
1e-
1e
1ee2
abc
-
--2
e10
e10
000.e
-
1ee2
000.e
abc
1.2.3
-
abc
++1
--2
--2
.
--2
-
++1
-
++1
.
1ee2
000.e
1.2.3
1e-
++1
.
++1
e10
+
1.2.3
0e
000.e
1ee2
1.2.3
0e
++1
1e-
000.e
000.e
.
+
1ee2
1e
0e
++1
.
1ee2
1e
1ee2
000.e
1ee2
1e-
+
abc
-
1ee2
000.e
1.2.3
.
++1
++1
1e
1.2.3
--2
++1
+
1ee2
--2
0e
0e
1.2.3
++1
.
++1
++1
0e
.
1e
1ee2
++1
++1
--2
1e
1e+
--2
e10
++1
.
-
--2
++1
1e
1ee2
1e
--2
0e
abc
1e
1.2.3
--2
1ee2
+
0e
1ee2
+
-
000.e
000.e
1e
1e
e10
1e-
abc
1e
-
000.e
-
--2
--2
1ee2
0e
1e+
0e
++1
1e+
1.2.3
++1
1.2.3
++1
1ee2
abc
1ee2
+
-
0e
1ee2
+
1e-
000.e
0e
-
1e+
.
+
1e+
e10
++1
--2
.
--2
e10
--2
abc
1.2.3
1e
--2
1e+
0e
.
abc
e10
000.e
abc
1.2.3
1e
1ee2
000.e
+
++1
1.2.3
1e+
abc
.
1e
abc
++1
1e
e10
--2
e10
-
1ee2
e10
e10
1ee2
1e+
1e+
1e+
--2
-
1e-
.
1e
e10
++1
0e
1ee2
1ee2
.
+
-
1e
1e
000.e
e10
.
1ee2
+
1ee2
1e
.
++1
1.2.3
1e-
1e
1e+
1ee2
1.2.3
+
0e
++1
1e
1.2.3
0e
--2
++1
1.2.3
-
000.e
1ee2
abc
-
-
.
1ee2
.
1e+
--2
000.e
1e+
000.e
-
1e-
e10
-
1e+
abc
1e+
1.2.3
+
+
--2
1ee2
000.e
++1
1.2.3
e10
1ee2
e10
1e-
1ee2
+
.
e10
1ee2
++1
1e
e10
1e
1.2.3
e10
abc
1e-
1.2.3
1e+
1e-
--2
000.e
1ee2
1ee2
1e
0e
1ee2
.
1e-
++1
1e
+
0e
1e+
1.2.3
--2
++1
000.e
abc
1ee2
1ee2
+
++1
e10
1e+
1.2.3
++1
.
1e+
+
abc
e10
++1
1e-
1.2.3
+
1e-
--2
--2
.
1e+
.
000.e
abc
++1
-
+
1e-
1e+
e10
e10
1e-
--2
1e-
1e+
-
e10
1ee2
e10
1e
.
1e+
+
+
e10
+
0e
0e
1e-
abc
000.e
-
1e-
--2
1e
1e
1e-
1e-
000.e
1.2.3
--2
1e+
1e-
1e-
1e+
e10
1e
1e-
+
+
-
e10
.
1.2.3
1.2.3
++1
0e
-
-
++1
000.e
1e
--2
1ee2
++1
abc
abc
+
1e
1.2.3
000.e
.
1.2.3
1e
+
1.2.3
abc
1e-
e10
1e
.
e10
++1
abc
1e-
.
1ee2
1e+
abc
1e-
e10
1e-
abc
0e
abc
--2
1ee2
1e-
1e+
-
e10
--2
000.e
+
1.2.3
e10
1.2.3
1ee2
.
abc
000.e
+
0e
0e
abc
1ee2
000.e
1.2.3
-
000.e
1e-
--2
.
1ee2
1e
.
1e-
+
-
1ee2
e10
abc
1e-
1ee2
e10
1e+
++1
1.2.3
+
1.2.3
1.2.3
1e-
000.e
+
1e-
--2
.
+
+
0e
1e
abc
e10
1e-
1e
++1
1e+
1ee2
++1
--2
1e+
0e
e10
+
e10
1e-
abc
--2
1e
1.2.3
abc
.
++1
--2
000.e
0e
.
1.2.3
1.2.3
1.2.3
1ee2
+
abc
1e-
e10
e10
--2
.
e10
-
1e-
+
--2
0e
.
e10
-
e10
1e-
1e-
000.e
+
-
1e-
1ee2
1e
.
++1
1e+
1ee2
+
++1
000.e
1e+
1e
000.e
000.e
0e
-
.
+
++1
--2
000.e
1ee2
-
-
.
1ee2
1.2.3
1e
+
-
1ee2
-
1e+
000.e
++1
--2
e10
.
1e+
abc
.
e10
-
1.2.3
e10
-
++1
000.e
e10
--2
0e
1e
.
1.2.3
000.e
1e-
1e-
1e-
-
000.e
1e+
1e
1e-
+
.
1e+
000.e
-
e10
.
1ee2
1ee2
-
1e
1e-
e10
000.e
++1
++1
1.2.3
0e
1e
abc
+
+
000.e
1e-
1e+
000.e
-
+
1.2.3
1ee2
000.e
+
--2
abc
1ee2
0e
000.e
-
+
+
--2
1e+
++1
1.2.3
+
.
++1
0e
1e-
0e
+
000.e
-
1e+
abc
0e
000.e
++1
1e-
1e
1.2.3
e10
1e+
--2
1e
1e-
-
-
++1
abc
e10
1.2.3
++1
.
1e
+
-
0e
1e
1e+
1e-
abc
.
1e
--2
1e+
1.2.3
0e
++1
--2
1e+
e10
0e
-
++1
e10
+
e10
--2
000.e
1e-
++1
e10
1e+
.
1e-
++1
1e
0e
abc
0e
+
1e
1e+
-
e10
+
e10
0e
0e
1.2.3
.
1ee2
1ee2
1e
abc
--2
e10
0e
1e-
1.2.3
1.2.3
.
+
1e
e10
0e
1e
++1
1e+
--2
000.e
000.e
1e
1e+
--2
e10
e10
e10
1e+
-
1e+
+
1e-
e10
1e
.
++1
++1
1e-
.
+
1e+
1e+
1ee2
1ee2
1e-
1.2.3
0e
0e
-
1e
--2
000.e
1.2.3
--2
1e+
1e+
1.2.3
.
abc
0e
++1
1.2.3
1.2.3
-
+
000.e
000.e
1e
++1
--2
1ee2
abc
1e
-
abc
000.e
++1
000.e
abc
1e-
000.e
abc
.
++1
0e
abc
0e
1e-
+
1e
-
++1
+
1.2.3
+
1.2.3
e10
abc
e10
1e+
1e-
1e+
abc
1e
e10
e10
--2
000.e
1ee2
-
1e
.
1.2.3
e10
1ee2
+
-
.
000.e
+
0e
e10
1e+
1e-
abc
1e
e10
abc
e10
0e
000.e
1e-
--2
abc
-
000.e
1.2.3
+
1.2.3
--2
--2
1ee2
1e
1ee2
-
000.e
.
.
+
1e
e10
1.2.3
0e
.
1.2.3
1e-
.
--2
.
1e
000.e
1e-
1e
-
e10
1e+
++1
0e
1ee2
-
-
000.e
-
1e
000.e
1e-
++1
++1
abc
1e-
1.2.3
+
000.e
000.e
1e-
1.2.3
1.2.3
000.e
1e
e10
000.e
--2
1.2.3
1ee2
e10
abc
e10
.
0e
--2
0e
1e-
-
+
--2
000.e
000.e
+
1.2.3
000.e
0e
1e+
1e
+
abc
1e
++1
0e
0e
-
+
abc
--2
++1
--2
--2
0e
0e
1.2.3
.
e10
++1
+
.
1e+
1e-
000.e
1ee2
1e+
-
000.e
.
1e
1e-
1e-
1e+
--2
000.e
1.2.3
-
1e-
1e-
.
+
+
e10
--2
--2
0e
1ee2
e10
abc
abc
1e-
1.2.3
1e-
0e
+
-
1.2.3
e10
--2
000.e
-
--2
000.e
e10
1e
1e-
000.e
++1
.
1e-
1e
1.2.3
++1
0e
.
0e
--2
1e+
1ee2
-
000.e
+
1e+
1ee2
1e
-
1.2.3
++1
000.e
0e
-
+
0e
1e-
+
-
abc
+
abc
1e-
000.e
1.2.3
1ee2
1.2.3
--2
000.e
1e-
0e
+
0e
1ee2
000.e
.
1e-
e10
++1
1e
0e
.
.
-
1.2.3
1ee2
+
-
0e
++1
++1
1.2.3
.
1e-
1e
abc
1ee2
e10
0e
0e
1.2.3
000.e
abc
+
++1
1ee2
e10
1ee2
1.2.3
1e
000.e
0e
++1
++1
abc
+
+
1e-
--2
0e
000.e
0e
+
1e+
.
1e+
000.e
1ee2
.
1e
1e-
+
+
e10
1ee2
1e
+
000.e
.
abc
000.e
-
1e+
++1
1e
--2
abc
1ee2
abc
1.2.3
++1
000.e
1e+
abc
+
-
abc
++1
--2
1.2.3
1e+
000.e
0e
1e-
1e+
1ee2
1e+
abc
e10
1e-
+
1ee2
+
1.2.3
+
0e
+
-
.
000.e
1e-
-
e10
0e
1ee2
1e+
0e
1e+
1e+
--2
abc
1ee2
0e
-
1.2.3
000.e
.
1e+
1.2.3
e10
000.e
1.2.3
-
-
abc
+
1e+
1e
1.2.3
000.e
+
1.2.3
1e+
1e-
+
1e+
.
1ee2
0e
1.2.3
++1
1ee2
e10
abc
.
++1
--2
--2
e10
abc
1e
1ee2
e10
-
1e
000.e
1e+
1e-
.
e10
1e
++1
000.e
1e
1e
1ee2
++1
0e
000.e
.
1.2.3
+
1e-
--2
+
-
+
--2
e10
abc
1ee2
1ee2
+
.
++1
1e-
0e
1ee2
+
abc
-
abc
000.e
1e
000.e
1e-
e10
1.2.3
1e
--2
1e+
-
0e
.
++1
e10
.
000.e
++1
0e
1e+
++1
1ee2
000.e
1ee2
1e-
.
--2
.
1e
abc
1e+
000.e
1e-
--2
000.e
e10
+
+
1e-
++1
++1
.
1.2.3
-
+
1e
++1
--2
0e
1e+
-
1ee2
1.2.3
1.2.3
1.2.3
000.e
e10
1e+
--2
.
0e
abc
.
1e
.
e10
abc
+
abc
--2
1.2.3
1.2.3
.
1ee2
++1
abc
abc
++1
++1
-
1e
1.2.3
e10
.
1.2.3
--2
.
1ee2
000.e
abc
1e-
1e+
0e
abc
1e+
000.e
abc
1ee2
1e-
1ee2
+
1e-
1.2.3
e10
++1
1.2.3
abc
0e
0e
1e+
1ee2
1e+
.
--2
1e+
000.e
1.2.3
1e+
1e
.
e10
++1
000.e
-
000.e
1e+
abc
++1
1e
.
e10
1e+
1.2.3
1e-
1e
0e
--2
000.e
1e
-
000.e
1.2.3
1ee2
1e-
+
.
++1
-
.
.
1e+
-
0e
+
abc
000.e
e10
1ee2
1ee2
abc
--2
1ee2
--2
e10
1ee2
1ee2
000.e
0e
1ee2
abc
1e-
abc
abc
1e+
++1
1.2.3
abc
++1
-
0e
1e
1ee2
e10
0e
e10
.
1.2.3
--2
1ee2
-
+
-
1ee2
1.2.3
++1
+
1.2.3
000.e
e10
++1
1e-
abc
1.2.3
0e
1e+
-
1.2.3
++1
1e+
1e+
abc
e10
--2
e10
--2
+
.
.
1ee2
000.e
1e-
1.2.3
1ee2
-
.
000.e
000.e
.
--2
0e
abc
000.e
0e
.
e10
-
1.2.3
1e+
abc
1.2.3
0e
1e
--2
000.e
++1
--2
0e
1e-
.
1e
1e-
e10
1e
.
1ee2
++1
1e-
.
0e
.
1e
--2
+
1.2.3
1ee2
--2
--2
+
1e+
1e
.
1e
1ee2
-
1e
1ee2
000.e
e10
.
e10
1.2.3
e10
e10
0e
0e
+
abc
-
.
000.e
.
++1
--2
--2
abc
.
1e+
abc
++1
1e
-
1.2.3
1ee2
000.e
1e-
1e
0e
e10
1e-
-
++1
1e
0e
000.e
1.2.3
1e-
-
-
--2
1ee2
e10
1.2.3
0e
1e+
1e-
++1
.
abc
1e
0e
0e
1ee2
1e
000.e
++1
1ee2
1e-
abc
1e
1ee2
0e
1e
1ee2
.
1ee2
1e+
1e-
.
++1
0e
e10
1ee2
e10
--2
1e-
+
e10
1.2.3
--2
0e
000.e
--2
.
--2
++1
1e+
1ee2
1e
1e+
1e
1e-
1e-
e10
--2
e10
1e+
000.e
--2
-
1.2.3
e10
1e
1e
-
+
000.e
.
1.2.3
.
.
.
1.2.3
1e
-
+
0e
abc
e10
--2
000.e
1e+
.
abc
000.e
++1
+
+
--2
-
--2
+
1e-
1.2.3
abc
0e
e10
1e
1ee2
--2
1e-
e10
1e-
1e-
+
000.e
++1
000.e
0e
0e
1e
e10
1.2.3
e10
++1
1e
--2
-
1.2.3
1e-
000.e
++1
+
1.2.3
.
0e
0e
e10
.
++1
1.2.3
e10
.
1.2.3
1.2.3
1ee2
-
++1
+
abc
-
1.2.3
--2
--2
1e-
1e+
abc
1ee2
--2
1e+
abc
e10
1e-
1.2.3
1ee2
0e
abc
1e-
0e
0e
--2
000.e
1e-
--2
1ee2
000.e
-
1e+
.
1e+
1e+
1ee2
--2
++1
1ee2
1e-
1e
1e
1ee2
000.e
++1
.
.
.
--2
.
e10
1e-
1e+
e10
-
++1
+
+
e10
abc
--2
1.2.3
0e
1e-
1e-
--2
1e+
1e+
1.2.3
--2
-
++1
1e+
0e
000.e
.
0e
e10
1.2.3
abc
1.2.3
++1
--2
.
abc
.
--2
-
000.e
0e
1e
e10
.
1e-
+
1e-
0e
1e+
1.2.3
++1
.
1.2.3
1e+
++1
.
1.2.3
1e-
000.e
--2
.
e10
abc
++1
1e
abc
+
+
1e-
+
1.2.3
1ee2
0e
1.2.3
e10
1ee2
000.e
0e
000.e
abc
1e+
000.e
-
abc
1e-
++1
1e-
1.2.3
1e+
e10
-
1ee2
1.2.3
.
+
1e+
e10
++1
--2
+
-
1e-
e10
1e+
+
1ee2
e10
.
1.2.3
abc
--2
abc
1ee2
0e
-
--2
1.2.3
1e
--2
000.e
1e-
1e-
1e+
0e
++1
-
--2
.
000.e
1.2.3
1.2.3
.
1ee2
-
+
.
1e
1e-
000.e
1e+
000.e
1e
-
++1
.
1e+
e10
e10
1e
e10
000.e
1ee2
1.2.3
e10
1.2.3
abc
1e
000.e
0e
e10
--2
1e+
abc
--2
e10
--2
++1
1e+
e10
1e-
1.2.3
abc
.
e10
.
-
-
e10
.
abc
--2
e10
+
1e
0e
.
e10
--2
1e
1.2.3
+
1ee2
1ee2
1e
1e-
e10
--2
1e
1e-
1e
+
e10
000.e
++1
0e
1e
0e
++1
1e-
1e-
1e
--2
1.2.3
1e
1e+
1e
-
++1
1.2.3
.
.
+
-
1e
0e
1e-
e10
1e+
-
++1
1e+
abc
-
1e-
abc
e10
1e-
1e-
+
1ee2
abc
000.e
.
1e
1ee2
1.2.3
abc
.
1.2.3
1ee2
000.e
.
e10
.
+
e10
--2
1.2.3
1e-
1e-
++1
1e
1ee2
1e+
1e+
-
000.e
--2
-
--2
1e-
000.e
-
1e
++1
--2
abc
1ee2
e10
--2
0e
0e
1e-
++1
abc
1e-
-
.
-
abc
0e
++1
0e
+
abc
1e-
000.e
-
+
1.2.3
0e
abc
1e+
1.2.3
1ee2
+
1e+
--2
0e
1e
++1
.
0e
++1
-
++1
0e
e10
abc
e10
--2
1.2.3
++1
e10
+
+
--2
.
--2
1e+
e10
++1
0e
abc
1.2.3
e10
e10
.
--2
abc
--2
0e
-
-
++1
000.e
1ee2
e10
.
1e-
000.e
--2
000.e
abc
abc
000.e
+
000.e
000.e
0e
+
++1
1e-
1e+
1e-
-
e10
.
e10
--2
1e
1.2.3
0e
+
1e
1.2.3
1ee2
--2
000.e
++1
1.2.3
1e-
-
--2
1ee2
.
+
--2
1e
1e+
000.e
1e-
1ee2
1e
1e
1.2.3
1e-
-
0e
000.e
abc
1e+
.
abc
+
0e
1ee2
e10
e10
--2
1.2.3
abc
1e-
.
++1
--2
e10
0e
1e-
1ee2
--2
000.e
1.2.3
++1
e10
--2
1ee2
-
abc
1e
1ee2
1e-
+
0e
1e+
000.e
++1
e10
++1
.
1e+
++1
--2
.
.
1e
e10
++1
1e
1.2.3
1.2.3
abc
-
-
abc
1e
++1
1e
abc
1e
1e
1e
abc
1e
--2
1.2.3
e10
1ee2
-
-
1e+
.
0e
abc
+
1ee2
1e
--2
+
--2
-
0e
.
1e+
000.e
1e
1e+
--2
1e+
e10
1e-
1e-
abc
1e-
0e
-
0e
000.e
+
1.2.3
.
abc
e10
-
e10
+
1ee2
1e-
1ee2
0e
0e
000.e
000.e
e10
000.e
0e
0e
-
000.e
.
1e+
1e+
abc
000.e
+
.
.
-
abc
1ee2
000.e
-
abc
1ee2
000.e
.
0e
1e-
1e
0e
.
0e
1ee2
1e
e10
-
000.e
e10
--2
++1
1.2.3
1ee2
1e+
1e-
1e-
0e
-
-
e10
++1
1ee2
-
1.2.3
+
1ee2
e10
1e
000.e
+
1e
1e-
+
+
+
0e
000.e
1ee2
--2
1.2.3
000.e
1e+
1ee2
1e-
0e
0e
0e
1.2.3
1e
1ee2
--2
abc
1ee2
1e
1e+
1e-
1e+
+
abc
1ee2
1e-
.
1e
1ee2
0e
1e-
0e
-
000.e
++1
e10
e10
-
1.2.3
1e-
-
+
++1
abc
0e
1e
1e-
0e
1e+
+
.
000.e
abc
+
1e+
.
0e
abc
--2
+
0e
1ee2
--2
1.2.3
1e
000.e
++1
000.e
-
1ee2
++1
abc
--2
++1
abc
.
abc
1ee2
1e+
1e-
e10
-
abc
++1
++1
abc
abc
.
000.e
1e
1e-
abc
++1
1ee2
abc
++1
0e
1.2.3
1e-
--2
000.e
1e-
++1
0e
1e+
.
abc
1e
1e-
1e-
--2
e10
1e-
e10
000.e
000.e
1e
--2
1e
1e
000.e
+
1e-
++1
1.2.3
000.e
1ee2
-
++1
000.e
000.e
+
1e+
000.e
1e-
abc
1e+
000.e
000.e
.
1e
.
0e
1e+
1e
--2
1ee2
000.e
1e
1.2.3
1e+
abc
0e
1e
.
e10
++1
+
1e+
e10
+
.
000.e
-
1e
.
.
0e
1e-
abc
++1
+
1e
1.2.3
1e
e10
0e
1ee2
--2
++1
1ee2
-
-
1e+
1e+
1e+
1e
0e
.
1.2.3
+
0e
0e
1e+
.
+
0e
1e+
0e
+
--2
--2
0e
abc
+
--2
abc
+
1.2.3
1.2.3
1e
1.2.3
0e
1e+
0e
000.e
1e+
000.e
1.2.3
1ee2
1e-
++1
1ee2
.
1.2.3
0e
000.e
1.2.3
1e+
.
1e+
abc
+
abc
1e
abc
1.2.3
e10
1e+
++1
-
-
--2
1e-
1ee2
000.e
+
1e
.
1e-
++1
0e
1e-
1e-
1e+
-
.
000.e
0e
++1
.
+
abc
1ee2
-
0e
+
000.e
1e
000.e
abc
1.2.3
e10
+
1ee2
abc
+
000.e
abc
e10
000.e
1.2.3
++1
-
++1
1.2.3
1e+
.
1e-
++1
1.2.3
1ee2
1ee2
--2
+
1e-
e10
000.e
1.2.3
--2
1ee2
0e
1.2.3
1e+
e10
1.2.3
0e
-
1e-
++1
1ee2
+
000.e
abc
+
1e-
1ee2
0e
000.e
1e
000.e
000.e
1ee2
1ee2
--2
-
1e-
abc
-
1e+
1e
-
e10
1.2.3
-
1e+
1e+
0e
.
000.e
+
1e
++1
.
-
1e
++1
e10
000.e
1e+
0e
1ee2
1.2.3
e10
1e-
1e
1.2.3
1ee2
1ee2
1e+
e10
abc
abc
000.e
0e
1e-
1e-
abc
1.2.3
1e+
1e
0e
+
0e
1.2.3
1e-
0e
1.2.3
000.e
--2
--2
1e
abc
1e
.
1e
000.e
1.2.3
.
++1
++1
1.2.3
000.e
1e-
1e-
++1
e10
0e
1.2.3
.
abc
0e
1ee2
-
abc
.
--2
0e
-
1ee2
--2
1e-
-
--2
e10
abc
1e
1e+
1e+
1e-
.
1e
0e
e10
-
1.2.3
000.e
abc
--2
+
.
abc
0e
0e
.
e10
+
1e
+
++1
-
000.e
0e
1e
+
1e-
1e-
-
1e+
000.e
+
1e+
+
++1
--2
1e
+
abc
--2
-
1.2.3
0e
1.2.3
1e
1e+
1.2.3
000.e
-
-
1ee2
+
1e
000.e
-
abc
1e+
--2
abc
abc
.
abc
1.2.3
++1
++1
1.2.3
abc
0e
1e-
e10
-
+
1ee2
1ee2
--2
1e-
.
1e
+
++1
1e+
0e
1e
.
1.2.3
-
e10
+
++1
--2
1ee2
e10
--2
1ee2
1e+
++1
.
1ee2
.
.
e10
--2
+
1e
1e+
-
1ee2
--2
000.e
-
-
e10
1e-
1e-
++1
1e+
--2
-
1e+
++1
1.2.3
000.e
1ee2
-
1.2.3
-
+
-
e10
0e
++1
++1
e10
0e
--2
-
e10
1ee2
0e
+
e10
1e
0e
1e
-
000.e
--2
1e
1e-
abc
-
0e
0e
-
0e
--2
1e+
1ee2
1e+
000.e
--2
-
1e+
1e-
1e
1e
0e
000.e
abc
abc
0e
e10
1ee2
+
abc
++1
-
1e-
.
1e-
0e
000.e
-
+
1e
-
1e
++1
000.e
1.2.3
1e+
1.2.3
--2
1e
e10
e10
000.e
e10
1ee2
1e-
+
0e
--2
--2
0e
0e
.
e10
1.2.3
1e
.
++1
000.e
0e
0e
1.2.3
++1
1e-
0e
abc
abc
e10
1.2.3
000.e
abc
000.e
0e
1.2.3
abc
+
000.e
000.e
+
000.e
+
.
abc
e10
1e+
abc
1e
1ee2
1.2.3
000.e
1e-
0e
--2
.
1ee2
1.2.3
++1
000.e
--2
-
1ee2
1e
1.2.3
000.e
0e
1ee2
1e+
1.2.3
+
1e
-
e10
--2
1e
1e-
1e-
-
1.2.3
1e+
.
0e
abc
1e+
.
--2
000.e
--2
0e
0e
++1
-
--2
++1
1e-
e10
+
+
e10
++1
000.e
1e+
-
1e-
.
++1
1ee2
000.e
1.2.3
-
abc
1.2.3
000.e
--2
abc
1ee2
0e
000.e
1e
1.2.3
--2
1e-
000.e
000.e
+
-
000.e
000.e
-
--2
--2
1e+
e10
0e
1ee2
1ee2
.
1e
0e
1ee2
1ee2
+
-
0e
.
e10
++1
1ee2
1e-
++1
e10
+
--2
1e
-
+
abc
1e-
1.2.3
e10
+
1e-
+
++1
1.2.3
-
0e
+
1.2.3
-
-
--2
1ee2
1ee2
abc
1.2.3
000.e
+
--2
1e
1e
000.e
1e+
abc
1e+
+
1e
1e
+
--2
e10
000.e
0e
1e+
e10
e10
++1
abc
1e-
abc
++1
000.e
1e
.
1e+
1.2.3
abc
000.e
0e
abc
.
1e
.
1ee2
--2
--2
++1
.
1e
1.2.3
--2
+
000.e
-
1.2.3
++1
-
e10
000.e
1e-
-
1e+
--2
1.2.3
++1
000.e
1.2.3
1e+
1ee2
-
1.2.3
abc
1e+
++1
1.2.3
+
-
1e
1ee2
000.e
1ee2
.
-
1e+
1ee2
abc
0e
e10
1e-
1.2.3
--2
1e
e10
000.e
.
abc
abc
0e
000.e
0e
--2
1e-
1ee2
1.2.3
+
e10
++1
-
abc
1ee2
0e
e10
abc
1e-
.
e10
0e
.
1ee2
1ee2
1.2.3
--2
.
1ee2
+
1e+
-
1e+
.
1e-
--2
1.2.3
e10
++1
-
1e
0e
000.e
1e-
.
--2
e10
-
++1
++1
--2
.
1.2.3
.
--2
e10
000.e
1e+
+
1e
abc
1ee2
1e-
1e-
e10
1.2.3
e10
-
1e+
1e+
1e+
000.e
+
e10
000.e
--2
1.2.3
000.e
.
1ee2
1ee2
1e+
1e
1e+
+
0e
e10
++1
abc
1e-
1e+
-
e10
.
++1
e10
1e
0e
e10
0e
1e+
abc
--2
--2
++1
1e
--2
1.2.3
1e-
1.2.3
1ee2
++1
e10
-
.
0e
++1
abc
.
0e
.
e10
abc
e10
1e+
-
+
e10
1e-
0e
-
e10
abc
e10
1ee2
e10
++1
abc
e10
1ee2
-
1ee2
1e
1.2.3
1e+
--2
1ee2
1e-
--2
1.2.3
.
1e-
-
1e
1e
1ee2
1.2.3
+
000.e
--2
1e-
1e
.
1e+
000.e
-
.
--2
abc
000.e
.
1.2.3
+
+
--2
000.e
--2
1e+
1.2.3
abc
1ee2
--2
1e
1.2.3
000.e
--2
.
--2
1e
1e+
e10
-
0e
1e+
1e-
++1
+
1e+
+
abc
0e
1e-
1e
1ee2
0e
1.2.3
1ee2
e10
e10
1e+
1e-
e10
1.2.3
0e
0e
.
1e+
++1
1e-
1.2.3
1.2.3
.
e10
++1
abc
1ee2
+
-
1e+
1.2.3
abc
1e+
1e-
abc
1ee2
0e
-
1.2.3
+
++1
.
1e
++1
0e
abc
1e
++1
1ee2
.
1e+
1ee2
1e+
abc
-
000.e
1.2.3
abc
e10
0e
abc
++1
+
abc
000.e
+
+
1e-
0e
1e
1e-
1e
-
1.2.3
--2
000.e
1e
--2
0e
1e
1e-
--2
.
e10
1.2.3
+
e10
e10
1e
1.2.3
1e-
abc
++1
++1
1e
-
1ee2
1e
1ee2
1ee2
abc
1e
.
-
-
-
-
e10
++1
1e+
-
--2
++1
-
-
1ee2
1.2.3
++1
-
000.e
--2
0e
0e
0e
++1
abc
--2
--2
abc
e10
+
1.2.3
1e
000.e
e10
1ee2
+
1ee2
.
+
1e
-
e10
1e-
0e
+
-
abc
+
1.2.3
--2
1.2.3
++1
.
-
--2
000.e
1ee2
1ee2
abc
++1
.
-
+
1e+
+
+
1ee2
++1
1e
++1
1e
000.e
1e-
--2
-
1.2.3
+
1e+
--2
1.2.3
e10
1e-
--2
.
+
--2
++1
e10
-
e10
1ee2
1e
1e+
-
1e
+
1e
.
-
abc
++1
--2
1.2.3
000.e
abc
0e
--2
000.e
e10
abc
1e+
1e-
e10
--2
++1
-
0e
1.2.3
--2
1ee2
.
e10
+
+
1ee2
0e
0e
-
1.2.3
1.2.3
1e-
0e
--2
e10
1e+
++1
1e
.
1e
+
1ee2
e10
e10
++1
--2
1e
-
1.2.3
1ee2
+
abc
++1
.
000.e
0e
1e-
000.e
abc
0e
abc
1e-
-
1e
++1
.
0e
++1
-
--2
000.e
1ee2
000.e
1e+
1e-
0e
.
1e
--2
++1
0e
+
1e+
1e
0e
1ee2
000.e
1ee2
1ee2
.
1ee2
++1
000.e
1e+
1.2.3
abc
0e
e10
e10
-
--2
1e-
1e
--2
0e
1ee2
0e
+
1e+
++1
e10
1e-
--2
--2
++1
1e+
1e+
+
--2
1e
1e
abc
e10
1e-
1.2.3
000.e
++1
1e-
0e
1e
+
000.e
+
+
1ee2
1e-
abc
e10
000.e
--2
abc
abc
.
1e+
--2
e10
1e-
1.2.3
1ee2
+
-
0e
000.e
abc
1e-
1e-
1e+
1e
1.2.3
000.e
-
1e
--2
000.e
1.2.3
+
e10
1e
--2
1ee2
-
+
+
1.2.3
-
++1
1.2.3
--2
.
++1
000.e
-
1.2.3
-
1e-
0e
++1
1e-
--2
abc
000.e
abc
--2
1e-
e10
0e
1ee2
-
1e
1.2.3
+
1e
--2
0e
+
+
-
e10
1ee2
.
abc
++1
1e+
+
++1
1e-
1e+
1e-
1.2.3
+
1ee2
abc
abc
1e
-
000.e
+
1e+
1e+
.
abc
1e+
0e
-
--2
0e
1.2.3
1e-
1e+
++1
000.e
+
e10
abc
0e
+
e10
abc
--2
e10
+
-
e10
1.2.3
--2
1e-
++1
000.e
1ee2
1.2.3
abc
abc
000.e
1e
000.e
1e+
.
+
abc
1e
e10
--2
+
0e
e10
.
1e-
+
.
1e-
1e+
1ee2
1e
1.2.3
1ee2
1ee2
abc
.
000.e
1ee2
000.e
-
--2
e10
1ee2
--2
+
1.2.3
1e
1ee2
e10
.
1ee2
1e+
1e-
--2
1ee2
e10
1e+
1e+
1e-
1e-
000.e
000.e
1e
-
++1
000.e
1.2.3
.
e10
e10
000.e
abc
e10
1e
.
--2
000.e
000.e
1ee2
1e
abc
abc
--2
.
1e+
1e-
1e
1ee2
1e+
+
e10
0e
1e
++1
1e+
e10
-
++1
1e+
1e-
1e-
.
-
+
1e
--2
++1
--2
--2
-
1ee2
++1
e10
+
1ee2
--2
-
1ee2
1ee2
++1
1ee2
-
1e-
0e
--2
1e-
abc
+
0e
1ee2
0e
1.2.3
1e+
1ee2
1ee2
1e+
1.2.3
-
e10
0e
++1
+
1e+
e10
++1
1ee2
e10
-
++1
000.e
-
1e
1.2.3
abc
000.e
.
--2
e10
-
1e
1e-
1e-
abc
1e
1e+
++1
e10
1e+
1e-
.
-
e10
e10
1ee2
+
abc
1ee2
1e
1ee2
1ee2
--2
1.2.3
1ee2
1ee2
000.e
1.2.3
e10
000.e
--2
1e
--2
e10
1e+
0e
0e
+
1e
abc
1ee2
+
0e
--2
1e+
abc
.
-
1e-
e10
1e-
1e-
1ee2
000.e
000.e
1e+
0e
+
--2
000.e
1e
0e
1ee2
1e
.
1ee2
++1
.
1.2.3
0e
+
0e
1e
--2
e10
1e+
--2
.
e10
0e
1e
-
0e
--2
abc
1ee2
0e
abc
++1
1.2.3
e10
-
++1
0e
1e
.
1ee2
1ee2
1e-
abc
0e
1ee2
1e+
0e
--2
e10
-
-
1e
000.e
++1
000.e
++1
1e+
000.e
abc
1e-
0e
1e
0e
0e
1e-
abc
.
+
++1
.
.
+
abc
-
-
++1
000.e
1e
1e-
+
abc
-
000.e
-
-
abc
1ee2
abc
1e-
e10
1e+
.
000.e
000.e
1e-
1e
e10
1e
.
+
e10
abc
1e+
1e-
.
--2
1.2.3
+
-
+
abc
-
000.e
e10
e10
--2
+
.
++1
--2
--2
-
1ee2
abc
0e
+
1e-
1ee2
++1
000.e
.
-
.
1.2.3
.
000.e
abc
--2
-
abc
0e
000.e
1e+
abc
0e
abc
+
000.e
1ee2
++1
++1
1ee2
--2
1e+
.
1.2.3
+
e10
++1
+
.
0e
abc
1.2.3
+
abc
1e-
abc
.
++1
0e
abc
e10
+
1e
1e+
0e
+
1e+
-
000.e
abc
++1
0e
--2
000.e
000.e
1.2.3
1e
1.2.3
000.e
1e-
1e+
1e
1ee2
1.2.3
-
-
--2
++1
0e
1.2.3
+
1e
++1
1e+
abc
1e-
1e
+
1e-
abc
1.2.3
abc
++1
1ee2
1.2.3
.
-
0e
e10
0e
1e
000.e
000.e
000.e
abc
e10
1e-
.
-
-
1e+
+
1ee2
abc
++1
-
1e+
1e+
1e+
0e
++1
1.2.3
-
-
-
1e
1ee2
abc
1.2.3
e10
1ee2
e10
1.2.3
1e-
abc
1e+
0e
1e-
1e+
1.2.3
1e
-
000.e
abc
abc
--2
abc
1e-
-
-
e10
1e-
1ee2
.
1e
1e
0e
e10
-
--2
-
e10
++1
e10
-
+
1.2.3
-
1ee2
000.e
+
.
000.e
1ee2
abc
1ee2
.
-
abc
e10
++1
1e-
abc
000.e
++1
1.2.3
000.e
abc
--2
.
--2
1.2.3
.
+
1e+
++1
++1
++1
1e
++1
000.e
1ee2
.
000.e
1e+
-
e10
abc
1e+
++1
1.2.3
1ee2
--2
.
+
1e+
--2
1e+
000.e
1.2.3
1e-
+
++1
1e+
1e
1e+
.
+
0e
0e
abc
1ee2
1e+
000.e
abc
--2
abc
--2
1e+
000.e
++1
.
1e+
000.e
0e
--2
1e+
e10
0e
abc
.
1e-
-
-
1ee2
1e-
abc
1ee2
1ee2
++1
1e
1e+
1.2.3
.
1ee2
1e-
0e
++1
1ee2
1e+
--2
e10
+
-
1e+
--2
.
+
e10
1.2.3
+
.
abc
1e+
1e-
abc
.
1ee2
+
1e-
000.e
abc
e10
-
++1
.
0e
0e
++1
0e
1e-
000.e
.
1e-
e10
000.e
1.2.3
abc
-
--2
++1
1.2.3
1e+
--2
000.e
0e
0e
e10
-
1e+
1e
1e
1e
-
1e+
1ee2
000.e
1e-
abc
+
1e+
-
1.2.3
+
++1
1e
1e+
-
-
1.2.3
e10
1e-
.
1e-
1e
-
--2
000.e
abc
000.e
1e
0e
1e
1e
+
--2
1ee2
--2
.
e10
1e
e10
1e
.
1e-
1e
000.e
1ee2
1.2.3
.
0e
--2
1.2.3
1e
1.2.3
-
1e-
-
.
+
000.e
e10
1e-
.
e10
000.e
1ee2
--2
abc
0e
1.2.3
--2
+
1e+
1e
000.e
1e+
1ee2
-
1e
1.2.3
1ee2
abc
abc
1e-
1e
.
1e+
--2
0e
e10
++1
1ee2
-
abc
1ee2
1.2.3
1e-
1e+
.
1.2.3
0e
000.e
000.e
-
-
1.2.3
1ee2
1e-
000.e
1e+
1e-
000.e
1ee2
000.e
--2
e10
e10
0e
--2
1e
+
000.e
-
1.2.3
1e
.
-
1e-
+
abc
-
.
.
++1
abc
0e
--2
1e
-
+
+
-
0e
++1
-
0e
1.2.3
+
e10
+
1e+
0e
--2
abc
-
abc
000.e
1ee2
1e-
.
abc
1ee2
.
1ee2
1e
1e
1e
e10
1e-
--2
.
abc
1e-
1.2.3
+
e10
--2
1e
--2
1e+
--2
1ee2
000.e
1e
1e+
0e
1e
abc
1.2.3
1.2.3
000.e
000.e
1e+
abc
000.e
1.2.3
abc
1e
0e
-
.
-
1.2.3
++1
000.e
1e
+
.
1e-
++1
abc
++1
++1
-
1e-
1.2.3
0e
1ee2
000.e
.
.
0e
++1
1ee2
1e+
0e
++1
+
1e+
1.2.3
+
1.2.3
--2
e10
++1
.
1e
000.e
1e-
e10
++1
abc
abc
1.2.3
1e-
++1
++1
1.2.3
.
1e+
1e+
++1
.
1e
1e
e10
1e-
0e
1e-
-
000.e
.
000.e
e10
1e
+
.
1.2.3
000.e
.
e10
abc
--2
1e-
++1
1e
-
abc
e10
1e+
1e
-
1e
.
++1
000.e
++1
000.e
1.2.3
1e-
1e
++1
-
e10
abc
1e-
0e
1.2.3
--2
1ee2
++1
000.e
-
1e
.
abc
1ee2
--2
000.e
e10
1e+
.
++1
0e
abc
1e-
++1
+
1e
1e+
1e-
1ee2
000.e
++1
1.2.3
--2
+
abc
1ee2
1e-
e10
1e-
0e
.
1e+
++1
000.e
000.e
.
.
.
+
1.2.3
1ee2
1.2.3
000.e
e10
e10
+
0e
+
1.2.3
-
1e-
++1
1e-
1ee2
--2
000.e
1.2.3
1.2.3
0e
1e-
abc
++1
++1
+
1.2.3
1e-
000.e
1ee2
000.e
abc
.
0e
1e+
1e
1.2.3
1ee2
abc
-
1.2.3
1e
.
000.e
+
0e
.
++1
1.2.3
++1
1e+
.
-
1e+
1e
1ee2
e10
-
0e
abc
1e+
1.2.3
+
1.2.3
0e
0e
e10
1.2.3
1e
++1
1.2.3
e10
1e+
1.2.3
000.e
.
--2
--2
0e
1ee2
1ee2
1e+
1ee2
1.2.3
-
.
e10
++1
.
1.2.3
--2
1e-
.
1e-
.
1e+
++1
++1
++1
e10
.
.
1e+
0e
--2
1e+
abc
1e
-
1e+
.
++1
--2
abc
1e
000.e
++1
1e+
1e
1e-
--2
1.2.3
abc
0e
abc
0e
1ee2
--2
.
abc
1e-
+
1e-
000.e
000.e
--2
abc
+
e10
.
0e
1.2.3
1ee2
1ee2
+
++1
1e+
1.2.3
e10
-
1e
000.e
1e+
abc
1e+
1ee2
.
000.e
abc
000.e
1e+
1e
000.e
abc
1e-
e10
++1
1ee2
000.e
1.2.3
1e+
1e+
++1
1e-
-
.
1e+
1e-
000.e
1e-
e10
1.2.3
.
1e-
e10
1e+
000.e
1e-
-
.
1e-
+
1e-
0e
1e+
e10
0e
1ee2
--2
1e
0e
1.2.3
1e-
--2
0e
0e
1e+
1ee2
1.2.3
000.e
-
1e+
1ee2
-
--2
0e
1e
000.e
e10
abc
1.2.3
0e
abc
1e
.
0e
--2
+
0e
e10
--2
1e-
.
1ee2
e10
.
1.2.3
1ee2
+
0e
1e+
1e
e10
e10
1ee2
1e
e10
+
--2
abc
1.2.3
.
1e
1e+
abc
++1
abc
1e+
1ee2
--2
-
--2
1e-
+
0e
-
abc
1e
++1
.
1e+
.
1e-
-
+
++1
.
1.2.3
1ee2
1.2.3
e10
1e
--2
e10
0e
+
000.e
1e+
abc
-
1ee2
1.2.3
0e
1e
abc
1ee2
1e+
++1
+
1ee2
1e
-
--2
0e
0e
abc
1e-
++1
1e-
abc
abc
abc
+
1e
1e+
1.2.3
1e
e10
1e-
.
++1
1.2.3
1.2.3
000.e
1.2.3
000.e
000.e
+
.
1e
+
.
.
-
.
.
1e+
+
0e
++1
1ee2
++1
1e+
-
--2
--2
+
1.2.3
abc
1.2.3
0e
0e
abc
1e
--2
1.2.3
1ee2
000.e
1e
1ee2
0e
--2
1e-
1e
++1
0e
000.e
1e-
--2
++1
e10
e10
e10
-
0e
--2
0e
++1
.
-
1e+
000.e
-
.
1e+
e10
--2
000.e
1e-
e10
--2
abc
++1
0e
.
1e-
abc
1e+
.
abc
1ee2
++1
abc
1ee2
+
000.e
0e
+
+
1e
000.e
1ee2
abc
1ee2
1.2.3
+
1.2.3
+
1.2.3
abc
1e-
1ee2
1e+
.
abc
1ee2
1e-
+
1e-
abc
--2
1e+
+
+
1e-
+
0e
++1
0e
abc
1e+
000.e
1e+
abc
000.e
1ee2
1ee2
+
1e
1.2.3
000.e
--2
abc
.
000.e
1e
1ee2
+
1e
--2
1ee2
-
abc
1e
-
++1
1.2.3
000.e
abc
abc
000.e
1.2.3
000.e
+
+
0e
--2
abc
-
-
e10
1ee2
1ee2
-
1ee2
0e
e10
000.e
-
1.2.3
+
1e+
1e-
1e+
--2
e10
1.2.3
1.2.3
-
e10
abc
1ee2
abc
e10
+
-
++1
0e
1e+
abc
1e
1e-
1e+
abc
1.2.3
1e-
.
-
0e
--2
1.2.3
++1
1e
1.2.3
1e
--2
1ee2
-
--2
+
1e
1ee2
1e+
000.e
-
+
abc
-
1e+
000.e
000.e
0e
e10
++1
1e+
1e+
1e+
.
1e
-
1ee2
+
1e
+
1e-
0e
1e
1e+
+
1.2.3
e10
1e-
1e-
000.e
1e-
0e
1e
++1
.
1.2.3
1e-
++1
-
e10
1e-
0e
0e
1e
000.e
-
.
.
1e
1ee2
0e
0e
--2
--2
000.e
abc
1e+
.
000.e
e10
--2
++1
e10
000.e
1ee2
+
e10
1e-
--2
0e
--2
+
1ee2
abc
1ee2
1e-
1ee2
-
abc
++1
.
1ee2
-
++1
e10
.
+
1e+
e10
1ee2
1.2.3
-
--2
-
abc
++1
abc
+
1e-
1e
1e+
++1
+
1e-
--2
1e
-
.
++1
000.e
1e-
1.2.3
1e-
000.e
++1
+
1e+
e10
1e
-
1.2.3
000.e
1ee2
1ee2
000.e
1ee2
abc
1ee2
e10
1e+
--2
0e
-
--2
000.e
1e-
0e
000.e
1.2.3
abc
e10
abc
1e+
+
1e-
abc
0e
.
000.e
1e-
0e
0e
0e
-
.
--2
--2
0e
1e
++1
-
++1
abc
000.e
abc
0e
.
+
1ee2
000.e
1e
abc
1e+
000.e
e10
000.e
0e
000.e
000.e
.
1e+
+
e10
+
1e-
-
abc
000.e
1ee2
+
+
1e+
--2
000.e
000.e
abc
abc
1e+
1e+
1.2.3
0e
000.e
.
1e+
1.2.3
1ee2
abc
1.2.3
e10
1e
1e-
1e
1ee2
0e
.
1e-
1.2.3
0e
.
e10
0e
--2
1e-
.
1.2.3
abc
.
1e+
0e
0e
abc
1e+
1ee2
1.2.3
+
+
abc
0e
0e
+
1ee2
e10
abc
000.e
1.2.3
1ee2
000.e
+
1e
1e-
1e
.
--2
0e
+
000.e
000.e
1.2.3
000.e
e10
1ee2
000.e
e10
000.e
1.2.3
1.2.3
1.2.3
1e+
++1
++1
+
++1
0e
abc
-
1.2.3
000.e
0e
+
1e-
0e
1e-
000.e
e10
1ee2
++1
1e+
+
1ee2
e10
1e+
1ee2
1.2.3
1ee2
.
.
1.2.3
++1
e10
000.e
1e
1ee2
1.2.3
abc
0e
1.2.3
1.2.3
.
.
1e
1e-
+
--2
1ee2
1e-
--2
0e
0e
0e
1e+
0e
abc
+
.
++1
--2
+
1e-
000.e
++1
0e
+
abc
.
-
.
--2
--2
--2
000.e
0e
.
--2
1e
1ee2
1e-
e10
1.2.3
1e+
000.e
1e-
.
1e+
1e
--2
1ee2
abc
+
.
1.2.3
-
1ee2
1e+
+
-
1e
1e-
--2
1ee2
.
0e
abc
e10
++1
.
0e
abc
0e
1.2.3
1.2.3
--2
1.2.3
.
0e
e10
1e+
1.2.3
1e+
1e
1e-
000.e
e10
.
1e+
1e+
e10
abc
++1
000.e
1e+
-
1ee2
.
0e
1ee2
e10
++1
1e-
abc
++1
.
0e
1.2.3
e10
000.e
1e+
1e
-
0e
0e
1e-
.
-
e10
000.e
0e
abc
1e+
abc
0e
+
1ee2
1ee2
--2
1e
++1
-
++1
1ee2
000.e
-
++1
-
1e
+
++1
1e
0e
--2
1e-
1e-
abc
.
1.2.3
.
0e
.
--2
abc
e10
1e
-
1e
1e
e10
.
+
.
+
.
1.2.3
1ee2
0e
1.2.3
.
-
e10
1e
0e
0e
1e
+
1e+
+
1ee2
1e
1e+
e10
0e
1.2.3
.
+
abc
abc
++1
1.2.3
-
abc
--2
1ee2
--2
++1
1e-
000.e
1e
-
+
1.2.3
+
1ee2
000.e
e10
1e
1ee2
000.e
000.e
+
1e+
1e-
abc
1ee2
+
e10
e10
000.e
-
e10
--2
1e-
0e
+
1e+
1.2.3
--2
+
abc
+
++1
1ee2
--2
1e
000.e
1e+
abc
+
1ee2
1ee2
++1
e10
1.2.3
--2
000.e
.
1.2.3
++1
1.2.3
1e+
1e
e10
1e+
+
1ee2
000.e
1e-
e10
1e
++1
000.e
.
1e-
.
1ee2
e10
++1
1ee2
abc
1.2.3
++1
1e-
+
1e
1ee2
0e
.
-
++1
abc
1e
000.e
1e-
e10
++1
++1
1ee2
-
1.2.3
1e-
1e
+
0e
++1
+
1ee2
e10
+
1e
1e-
.
1e+
-
++1
1e
1.2.3
abc
1ee2
1e+
--2
1.2.3
-
-
++1
1e+
abc
++1
1e+
1e
1ee2
1ee2
.
.
1.2.3
-
-
0e
1.2.3
+
1e+
--2
abc
--2
--2
1ee2
++1
1e+
.
.
1e+
abc
0e
000.e
e10
1e+
1e
000.e
1e+
1e-
1ee2
.
.
e10
e10
.
1e+
1e
--2
1e+
e10
1e
abc
1e+
1e-
1e
000.e
+
1ee2
.
1e+
1e
.
1.2.3
.
1e
1e+
e10
000.e
--2
1e
1e+
000.e
1e
0e
1e-
++1
.
+
abc
000.e
e10
0e
-
000.e
1e-
1e+
1e
1e
-
1e+
-
e10
e10
-
000.e
.
1.2.3
+
1e-
000.e
++1
-
-
.
abc
1e-
1ee2
.
1ee2
.
1.2.3
1e+
0e
+
0e
+
1e-
e10
1e-
1e+
1e-
1ee2
1e-
abc
--2
1e+
1.2.3
abc
e10
--2
++1
e10
+
abc
1e-
1.2.3
-
1e-
1e+
1ee2
1ee2
e10
--2
abc
--2
1e+
1ee2
1.2.3
++1
0e
e10
--2
++1
000.e
.
1.2.3
1e
1e+
1e
-
1e-
+
1ee2
1e+
+
++1
1ee2
++1
1ee2
--2
1e
e10
e10
1.2.3
-
e10
1e-
+
0e
+
.
1e
0e
0e
++1
++1
1.2.3
1.2.3
0e
-
1.2.3
abc
000.e
0e
1e
e10
1e
-
000.e
0e
++1
abc
-
-
1ee2
1e
1.2.3
1e+
0e
e10
0e
1.2.3
--2
0e
-
1e-
--2
e10
++1
--2
-
++1
--2
--2
000.e
++1
1e-
-
-
0e
--2
.
.
1e+
abc
abc
e10
+
++1
1ee2
abc
1.2.3
e10
1ee2
0e
-
e10
000.e
e10
--2
.
+
.
.
000.e
+
1e-
--2
1e
--2
1ee2
abc
-
++1
++1
1e
abc
++1
1ee2
--2
1e+
000.e
e10
+
1e-
1.2.3
++1
0e
1ee2
1ee2
000.e
1.2.3
e10
++1
1ee2
1e
1e-
++1
.
1.2.3
e10
+
1.2.3
-
--2
e10
e10
--2
abc
-
e10
e10
-
000.e
1e
1e+
.
1e-
+
-
--2
1e+
1ee2
000.e
0e
1ee2
+
abc
++1
e10
000.e
1e
.
1e-
++1
++1
1.2.3
1e-
+
1ee2
+
000.e
+
1e+
1ee2
000.e
1.2.3
1.2.3
abc
000.e
-
e10
e10
-
+
1.2.3
e10
.
1e+
abc
--2
1ee2
-
0e
.
+
e10
--2
--2
abc
+
++1
0e
abc
1e+
1e+
1e-
+
1.2.3
1ee2
abc
1ee2
0e
0e
e10
1e+
-
abc
e10
.
1e+
1ee2
-
e10
abc
0e
0e
1ee2
1e
1.2.3
--2
+
.
1e+
abc
+
0e
+
1e-
1.2.3
e10
.
.
1e-
++1
1e-
++1
0e
+
1e+
1.2.3
000.e
1ee2
+
1.2.3
1.2.3
1.2.3
1ee2
++1
abc
1.2.3
-
0e
1.2.3
e10
.
1.2.3
1ee2
1e-
1.2.3
.
+
++1
1e-
1ee2
1e
-
e10
++1
++1
000.e
1.2.3
++1
1e-
--2
1e
1e-
1.2.3
--2
000.e
1e+
++1
++1
--2
e10
1e-
+
abc
++1
++1
1ee2
e10
1e+
.
0e
+
+
++1
.
1e
000.e
-
+
--2
1e+
abc
000.e
1e
abc
0e
abc
000.e
1e-
.
1.2.3
++1
1e
1e+
++1
0e
+
.
1e
1ee2
0e
e10
1e
-
++1
++1
1ee2
1e+
1.2.3
1e+
1e
1ee2
+
0e
1e+
1e
1.2.3
1e+
1e
+
1e-
1e-
+
e10
+
1e-
abc
+
0e
1ee2
1.2.3
000.e
1e-
++1
000.e
-
.
-
1e+
-
1e
.
1e-
--2
1e
--2
+
++1
abc
1e
0e
--2
1e
1.2.3
1ee2
1e-
1.2.3
1e-
1ee2
abc
.
--2
-
-
e10
+
0e
abc
abc
000.e
.
abc
000.e
1ee2
1e+
abc
abc
0e
000.e
000.e
1ee2
abc
++1
abc
1e-
1ee2
1e
e10
1e-
abc
1.2.3
000.e
e10
.
-
1e
0e
+
1e
1e+
1ee2
1.2.3
1.2.3
-
1e+
--2
0e
-
1e+
0e
+
1ee2
.
000.e
1e-
--2
0e
000.e
.
0e
1e+
1e
1e
1e
1e
1ee2
1e+
+
1e+
abc
e10
0e
+
+
1ee2
e10
1ee2
e10
1e
1e+
000.e
1ee2
0e
-
abc
1.2.3
0e
+
1e-
-
.
1e-
1e-
1e
--2
e10
1e-
.
abc
1e
1e
-
++1
000.e
-
1ee2
--2
--2
1e
-
abc
-
1e-
000.e
abc
0e
-
abc
1e
++1
1e
--2
--2
1ee2
1e-
-
++1
-
++1
++1
e10
+
1e-
1e+
1e
0e
-
.
1e
0e
0e
1.2.3
+
1e
.
abc
+
1.2.3
.
.
.
1ee2
+
-
1.2.3
1e+
000.e
e10
0e
1e
1ee2
1e-
1e
0e
1.2.3
--2
--2
e10
.
+
.
0e
.
++1
0e
1.2.3
1e-
1.2.3
+
000.e
-
++1
000.e
1e-
abc
abc
1ee2
--2
--2
++1
1e
0e
1e
e10
++1
1e-
+
abc
--2
--2
1e-
-
1e-
++1
e10
1e-
000.e
1e+
++1
1e-
++1
--2
0e
e10
-
1e+
1e
+
e10
1e+
0e
000.e
--2
+
--2
1.2.3
++1
-
1ee2
1e-
abc
-
0e
1ee2
.
.
.
1e-
0e
1.2.3
+
++1
-
1e-
1e
000.e
1.2.3
1e-
--2
1e-
1e
1ee2
--2
e10
1.2.3
-
e10
1e
e10
1e-
++1
.
1ee2
++1
.
0e
1e-
0e
e10
000.e
1.2.3
+
1e-
1e+
.
1ee2
000.e
++1
1.2.3
1.2.3
1ee2
.
abc
1e+
1e
0e
abc
1e-
1e
--2
++1
abc
abc
abc
1ee2
1e
-
000.e
1e+
e10
.
++1
0e
1e-
+
1e+
-
abc
1.2.3
0e
1e+
.
1e-
+
1e+
++1
1ee2
e10
1.2.3
+
1.2.3
0e
+
--2
++1
-
1e+
.
1e+
1.2.3
e10
1ee2
1ee2
-
1e-
1e+
1e
1.2.3
abc
-
1e+
0e
1.2.3
1e
e10
e10
1e
+
1e+
-
+
.
++1
0e
1e
-
1.2.3
1e-
+
1.2.3
1e
1e+
0e
+
1ee2
1ee2
1e
1e+
1e
-
--2
e10
abc
1e-
+
1ee2
.
+
+
1e+
e10
1e
1e
1e
1ee2
--2
abc
1e-
--2
1e+
++1
1e+
--2
abc
.
1e+
abc
+
1.2.3
0e
--2
1e+
+
abc
1ee2
.
1ee2
+
0e
e10
1e+
-
1e+
e10
+
e10
-
1e-
1e-
abc
1ee2
--2
0e
abc
--2
++1
++1
+
1.2.3
1.2.3
1.2.3
.
++1
000.e
1e
e10
1e-
1e+
1e+
e10
000.e
0e
1ee2
++1
1.2.3
+
e10
000.e
e10
-
.
.
1e+
--2
0e
abc
abc
1e-
0e
0e
--2
000.e
abc
-
-
1e+
1e+
0e
.
1e-
abc
1e-
.
++1
abc
1e
abc
e10
1ee2
--2
abc
+
e10
1ee2
++1
1ee2
0e
.
1e-
1e-
0e
.
000.e
1e
0e
++1
1e+
--2
1.2.3
1e
1e+
1ee2
-
0e
e10
1e+
000.e
--2
0e
-
--2
1e
1e
.
+
1ee2
1.2.3
1ee2
1.2.3
1.2.3
.
000.e
0e
000.e
1.2.3
000.e
1.2.3
0e
1.2.3
--2
--2
e10
e10
1e+
+
.
1e+
000.e
--2
e10
1e+
1.2.3
+
1e+
.
.
1ee2
-
1.2.3
1.2.3
1.2.3
1e
.
+
1e+
1e-
000.e
e10
1.2.3
1e
1ee2
++1
1e
1e+
1.2.3
1.2.3
-
.
1ee2
000.e
++1
1.2.3
1e
1e
--2
1ee2
1e+
1.2.3
1e-
1e-
abc
000.e
000.e
-
1e+
0e
e10
--2
1ee2
abc
1e+
e10
1e-
-
1e
abc
--2
.
+
1.2.3
000.e
1e+
000.e
.
1ee2
1e+
1e
.
e10
++1
--2
0e
.
1.2.3
abc
000.e
e10
--2
000.e
000.e
e10
.
--2
1e-
abc
1.2.3
abc
1e
1e-
0e
-
.
--2
1.2.3
++1
0e
e10
e10
1e+
1e
++1
abc
1ee2
1e
0e
1ee2
1e+
0e
abc
abc
-
-
1ee2
++1
1e
000.e
+
1ee2
.
1e-
1ee2
1e-
.
1.2.3
++1
-
1e+
1e
.
0e
0e
++1
-
1.2.3
-
1.2.3
++1
-
++1
abc
abc
1ee2
1ee2
000.e
000.e
++1
000.e
+
0e
abc
.
e10
e10
+
0e
--2
abc
abc
1.2.3
1e-
+
1e-
0e
+
1e-
abc
-
--2
1e
abc
-
0e
1e+
e10
abc
-
+
0e
--2
1ee2
1ee2
.
000.e
1ee2
1e+
++1
1ee2
+
1.2.3
+
-
1.2.3
abc
1e
000.e
--2
1.2.3
-
000.e
1e-
++1
1e
.
--2
e10
1e+
--2
1e
1ee2
000.e
.
-
-
1.2.3
1e-
+
.
+
0e
000.e
+
1e
1e-
++1
1ee2
1.2.3
+
0e
abc
-
000.e
1e+
1e
1.2.3
e10
e10
.
e10
0e
--2
0e
e10
0e
1e+
-
1ee2
000.e
000.e
abc
.
1.2.3
abc
1e+
000.e
1ee2
e10
1ee2
.
++1
1.2.3
1e
-
++1
0e
e10
1e+
++1
1e
-
1e
1ee2
000.e
++1
--2
++1
e10
+
1ee2
+
1e-
1ee2
1e
abc
.
-
++1
1e+
e10
abc
000.e
000.e
1e-
000.e
1e+
000.e
0e
++1
1e-
-
1e+
abc
1e-
1e+
--2
000.e
000.e
0e
1e-
1e-
.
0e
1e+
1e+
1e
1ee2
1ee2
-
e10
1e
0e
000.e
1e-
0e
1e+
1ee2
1.2.3
--2
1e+
+
1e-
abc
1e-
++1
+
.
1.2.3
--2
++1
1.2.3
0e
-
.
++1
--2
abc
000.e
-
abc
++1
e10
1.2.3
0e
1e
1e-
++1
abc
--2
-
1.2.3
0e
abc
1e+
1e+
000.e
1.2.3
000.e
000.e
1e-
+
0e
e10
abc
++1
0e
000.e
1e+
1ee2
1e-
1e+
1e+
0e
--2
-
-
1ee2
++1
1ee2
1ee2
e10
000.e
1ee2
e10
+
-
+
1.2.3
1.2.3
--2
-
1e
++1
--2
1e-
1e+
1e+
.
.
000.e
1e-
1e+
.
+
0e
000.e
1e
--2
000.e
++1
-
abc
1.2.3
1e+
+
1ee2
++1
0e
0e
1e-
1e-
abc
1e
+
1e
-
+
-
0e
-
0e
1e+
.
1e-
abc
-
000.e
1.2.3
0e
--2
1ee2
e10
1e
.
-
e10
--2
-
+
--2
++1
1e+
1e-
1e+
.
--2
1e-
abc
1.2.3
1e+
1.2.3
abc
+
000.e
1e-
0e
1.2.3
1.2.3
++1
--2
1e+
--2
1.2.3
-
1e-
abc
1ee2
e10
++1
++1
000.e
1e+
.
+
+
--2
.
abc
--2
-
.
e10
+
--2
1ee2
0e
e10
0e
--2
e10
000.e
abc
1e+
1ee2
++1
1ee2
000.e
abc
1ee2
1e-
000.e
-
abc
-
+
-
1e-
1e
+
-
.
000.e
--2
--2
000.e
-
0e
1e
+
-
++1
-
.
.
1e+
1.2.3
+
-
1.2.3
--2
abc
1.2.3
1ee2
1e
abc
1ee2
++1
1ee2
000.e
e10
++1
++1
++1
1e
000.e
1ee2
1ee2
-
--2
+
1e+
--2
1e-
000.e
1e
1e-
+
e10
e10
1e-
++1
1ee2
1e
1ee2
1ee2
000.e
1ee2
--2
1.2.3
abc
--2
-
-
000.e
1e+
-
+
1ee2
--2
0e
++1
++1
.
000.e
1e
0e
1e
--2
0e
++1
++1
1e+
1e
abc
++1
.
1e+
1e
1e-
e10
0e
1e-
1.2.3
abc
1e+
--2
+
0e
1e+
0e
1e+
e10
000.e
+
++1
-
abc
e10
1ee2
abc
0e
.
--2
.
e10
1e
--2
000.e
++1
-
+
0e
1ee2
-
++1
+
1.2.3
-
.
1e
000.e
--2
--2
000.e
.
1e-
.
e10
000.e
++1
1ee2
1e-
000.e
1e
e10
000.e
--2
++1
1e-
1e
1e+
0e
1ee2
1e+
-
+
1e
1.2.3
abc
+
1e
+
.
1e
1ee2
1e
1e+
.
++1
000.e
0e
abc
1ee2
-
1.2.3
1e-
1e
+
.
1e+
abc
.
++1
e10
1e-
.
0e
-
1ee2
1e+
000.e
0e
1e-
++1
1e-
.
++1
1e+
1.2.3
e10
1e+
1.2.3
e10
1.2.3
1e-
1e+
1e+
++1
1e-
1e-
1e-
.
1e+
+
++1
1e-
000.e
0e
-
1e-
++1
0e
1e-
1e-
1e-
1e-
++1
1e
++1
-
1.2.3
0e
000.e
.
1e
+
-
000.e
e10
abc
1e
-
1.2.3
1ee2
1.2.3
1e+
-
e10
abc
+
-
1ee2
1e
-
1.2.3
++1
abc
1e+
++1
.
1e+
--2
0e
abc
e10
--2
++1
-
1e+
--2
+
000.e
.
e10
000.e
++1
+
1e
e10
--2
1e
1ee2
++1
-
1ee2
-
abc
1e-
1.2.3
1ee2
e10
1.2.3
--2
.
0e
1e
1.2.3
0e
+
++1
e10
abc
1e-
1e-
1ee2
0e
++1
000.e
++1
1e+
0e
e10
1e-
+
000.e
000.e
1e-
1e
--2
abc
1e+
+
1e-
1e-
e10
1e+
1e
1e+
-
+
1.2.3
-
1e
e10
1.2.3
1e-
e10
e10
abc
e10
1ee2
--2
+
1ee2
-
1e-
000.e
1e-
1e+
1e+
--2
1ee2
+
+
--2
++1
1ee2
+
000.e
e10
abc
000.e
abc
1ee2
000.e
1.2.3
abc
-
1e+
0e
.
1ee2
+
+
1e+
1.2.3
--2
--2
.
1.2.3
0e
abc
1ee2
--2
-
e10
1e
1e+
e10
000.e
1e+
000.e
--2
1e
e10
-
.
0e
abc
1ee2
1e+
0e
-
1e+
abc
1e
-
1e+
++1
000.e
1.2.3
1ee2
+
+
1e+
1e+
1ee2
0e
+
-
-
--2
1.2.3
e10
-
1ee2
1ee2
.
000.e
0e
abc
abc
1ee2
1.2.3
abc
abc
+
++1
0e
.
1ee2
1e+
1e+
++1
.
1e+
1e+
1e
1e+
1ee2
e10
1ee2
1e-
-
1e
1e-
0e
1e+
abc
+
1e+
1e+
000.e
.
--2
++1
1e-
1e-
1ee2
1e-
-
--2
-
0e
0e
.
000.e
000.e
1.2.3
1ee2
000.e
++1
.
1e
1e
++1
--2
--2
e10
--2
++1
1e+
+
++1
abc
1e+
1e-
0e
++1
1e+
--2
1.2.3
++1
1e-
++1
1ee2
1e-
1e
0e
+
++1
1e
1e
1e-
1ee2
abc
abc
+
.
abc
++1
000.e
e10
000.e
1e+
000.e
e10
-
+
000.e
abc
e10
e10
1.2.3
1.2.3
-
0e
-
.
abc
abc
+
1e-
++1
.
e10
abc
1ee2
.
000.e
+
abc
abc
abc
1e
--2
++1
1ee2
.
--2
.
++1
--2
-
1e-
--2
abc
--2
++1
000.e
.
1e+
+
1e
abc
1e+
+
+
-
+
1e-
.
abc
++1
-
1e
-
-
000.e
+
.
-
1e
1ee2
1e-
+
+
000.e
000.e
1.2.3
-
.
0e
0e
+
1e+
+
+
1e
0e
1e+
.
000.e
-
1e-
1ee2
abc
1e
1e-
abc
000.e
1ee2
000.e
e10
0e
e10
-
0e
abc
1ee2
--2
1.2.3
1e-
++1
1e+
.
.
000.e
000.e
abc
0e
-
0e
000.e
000.e
1ee2
1e
1e+
-
++1
000.e
abc
1e
+
++1
1.2.3
000.e
e10
000.e
abc
1e
1.2.3
abc
000.e
0e
1.2.3
1e
1.2.3
1e
.
1e-
+
1ee2
1e
.
e10
1ee2
000.e
--2
e10
1e-
--2
1e+
1e-
1ee2
1.2.3
abc
++1
++1
e10
1e-
0e
1e-
-
e10
+
.
1e
++1
+
1ee2
1.2.3
1e+
--2
--2
1e
.
0e
-
-
1.2.3
abc
+
0e
0e
1.2.3
0e
1e-
++1
--2
1ee2
1ee2
abc
1.2.3
0e
-
e10
1ee2
1ee2
+
e10
1e+
1e+
.
+
1.2.3
e10
1.2.3
e10
1ee2
1.2.3
abc
+
.
0e
-
1e
++1
--2
1.2.3
1.2.3
0e
000.e
000.e
-
abc
e10
++1
-
0e
1.2.3
--2
1ee2
++1
1e
1e-
1ee2
--2
1ee2
+
-
1e
e10
0e
++1
0e
-
0e
--2
--2
1e-
.
0e
abc
0e
-
1e-
1ee2
e10
-
000.e
+
+
++1
1e-
+
1e-
-
--2
abc
0e
1e+
1e
e10
1e
e10
.
-
1e+
1e
e10
1e
--2
000.e
e10
1e
--2
1e+
abc
1e
1ee2
-
000.e
0e
-
++1
000.e
-
000.e
abc
e10
1ee2
1.2.3
0e
0e
--2
e10
--2
1e-
e10
+
1e-
1e
1e+
--2
1e-
e10
.
--2
++1
-
1e+
1e
--2
1ee2
1e-
abc
+
1e+
0e
1e-
.
1ee2
+
+
--2
++1
1.2.3
000.e
--2
e10
0e
++1
.
1e-
1e+
++1
abc
1e+
1e+
abc
1.2.3
--2
abc
1e
1ee2
1e
1e
0e
1ee2
000.e
++1
--2
++1
++1
1e-
+
.
1e-
.
1e+
1e-
--2
-
1e+
1ee2
1e
1.2.3
000.e
1e
1.2.3
1e
1ee2
.
1e
1ee2
-
1e+
++1
1e
1ee2
+
1e-
.
e10
.
1e+
1ee2
1e-
e10
1.2.3
e10
1ee2
1e-
1.2.3
e10
++1
--2
000.e
1e+
abc
++1
+
-
0e
--2
e10
000.e
++1
1e-
1.2.3
1.2.3
+
1e
0e
abc
e10
000.e
abc
-
1e
e10
.
1.2.3
e10
1.2.3
+
1e
++1
0e
1e-
-
e10
abc
1e+
abc
.
--2
1e+
1ee2
1e
0e
1e-
++1
1e
1e-
1e-
+
0e
1.2.3
.
+
+
1.2.3
1e+
1ee2
++1
--2
0e
+
0e
--2
.
abc
.
+
+
--2
1e+
000.e
1ee2
++1
.
++1
0e
1ee2
0e
1e+
0e
e10
1e+
.
.
000.e
1ee2
000.e
abc
1e
0e
e10
e10
--2
1.2.3
-
1.2.3
1.2.3
abc
++1
++1
1e+
1e
1e+
-
+
abc
000.e
1e
+
1ee2
1.2.3
++1
000.e
.
abc
000.e
000.e
1ee2
--2
0e
1e-
abc
--2
1e-
1.2.3
--2
-
+
1e
1e+
000.e
+
1e-
--2
abc
-
1.2.3
1ee2
e10
1.2.3
1ee2
000.e
.
1ee2
1e+
1e-
1e
000.e
+
++1
1e+
--2
+
.
1ee2
-
1.2.3
+
1.2.3
1e-
e10
1ee2
0e
0e
.
0e
1.2.3
1ee2
0e
+
1e-
1e-
1e
000.e
-
++1
000.e
1.2.3
0e
abc
--2
1e-
1.2.3
1e
+
e10
000.e
++1
1.2.3
1e
1ee2
abc
--2
1e-
-
--2
++1
1ee2
1ee2
++1
1.2.3
1e
1.2.3
.
1e-
--2
1e
1.2.3
1e
1e
e10
1ee2
abc
e10
1.2.3
000.e
-
1ee2
e10
--2
e10
abc
1.2.3
abc
1.2.3
1.2.3
0e
1e+
1ee2
++1
1e+
+
++1
e10
1.2.3
0e
--2
+
000.e
000.e
--2
--2
1e
e10
abc
++1
0e
1.2.3
1e
.
abc
1e-
++1
.
-
0e
--2
++1
1e+
1e
abc
abc
e10
.
1e
.
1e
0e
-
++1
000.e
1e
1e+
1e+
000.e
0e
-
1e-
++1
e10
1.2.3
abc
--2
++1
+
e10
1e+
e10
abc
++1
--2
+
abc
1e
--2
1e-
1e-
1.2.3
000.e
+
e10
++1
+
++1
1.2.3
1.2.3
0e
1e+
1e
+
+
e10
e10
1e
++1
abc
-
--2
.
1.2.3
-
-
abc
000.e
1.2.3
1.2.3
0e
++1
e10
e10
--2
1e-
1e-
++1
1e+
+
--2
1e
1e
-
1ee2
1.2.3
-
.
+
1e+
1ee2
1e
--2
e10
1e
1ee2
1.2.3
1e
abc
1e
--2
1e+
e10
1e-
1ee2
000.e
abc
+
0e
000.e
++1
e10
.
1e+
abc
++1
1e+
1e
-
1e-
+
1e+
++1
1e
1e
--2
--2
1.2.3
++1
1.2.3
--2
+
1e
--2
0e
--2
--2
.
abc
e10
-
000.e
1e-
++1
--2
+
000.e
0e
.
.
1e+
1e-
.
1.2.3
1ee2
0e
1e+
.
--2
+
e10
0e
0e
.
--2
-
1.2.3
abc
1ee2
000.e
0e
.
1e-
e10
1.2.3
1e+
1ee2
e10
abc
+
000.e
-
-
-
-
000.e
1e+
0e
.
1ee2
000.e
+
1e
--2
-
abc
1e+
1.2.3
1.2.3
+
++1
0e
++1
+
000.e
0e
1e
000.e
-
+
-
e10
-
.
abc
+
1.2.3
++1
+
+
000.e
+
1ee2
1ee2
0e
1ee2
1e-
++1
++1
000.e
++1
+
1e
abc
e10
0e
1e+
1ee2
+
1ee2
1e
+
1ee2
1e-
0e
000.e
1e-
abc
+
1e-
abc
++1
1ee2
1e
++1
1e-
000.e
abc
abc
1e+
1e
e10
-
.
abc
e10
1e-
0e
1e-
000.e
++1
000.e
abc
0e
e10
abc
1.2.3
++1
abc
1e+
-
+
1ee2
1.2.3
1e+
1.2.3
++1
.
000.e
-
000.e
1e-
-
1e+
1.2.3
1.2.3
++1
1e
.
0e
abc
+
+
0e
-
++1
1e
1ee2
1e-
0e
1e-
1e-
1ee2
1e+
+
.
-
1e
1.2.3
++1
++1
+
e10
1e+
1ee2
abc
++1
000.e
-
e10
.
-
1e+
000.e
1ee2
-
--2
1.2.3
1.2.3
1e
1e-
1e-
1ee2
0e
++1
--2
-
-
e10
.
000.e
1e-
.
++1
--2
e10
abc
--2
1e
000.e
abc
+
0e
++1
1e+
-
--2
abc
e10
abc
-
.
1ee2
1ee2
e10
-
0e
e10
1.2.3
--2
e10
+
000.e
--2
++1
1e
1e+
1e-
1.2.3
1ee2
++1
1ee2
000.e
+
1e+
--2
1ee2
++1
1e-
1.2.3
1.2.3
++1
++1
abc
1ee2
1e
1e
1e
--2
++1
abc
+
0e
--2
-
000.e
1e+
++1
.
1ee2
1.2.3
000.e
000.e
1.2.3
1e+
1.2.3
1e+
1e-
--2
1.2.3
--2
1e-
1ee2
++1
+
-
--2
--2
1e-
-
1.2.3
abc
1ee2
+
.
+
000.e
0e
-
1.2.3
0e
++1
+
--2
000.e
+
1e
1ee2
--2
+
abc
1e-
-
1ee2
1e
.
+
+
1e
e10
.
1e
1.2.3
1e
1.2.3
++1
abc
1e
000.e
1e
.
-
000.e
1e+
--2
0e
0e
000.e
1e
1ee2
-
abc
0e
1e-
.
abc
000.e
1ee2
1.2.3
-
1e
0e
000.e
abc
-
+
e10
e10
++1
1e
-
+
.
++1
.
000.e
1e+
+
--2
.
--2
abc
1e
-
0e
+
1e-
++1
0e
1.2.3
000.e
--2
1e
0e
000.e
1e+
1e-
abc
.
000.e
++1
000.e
e10
.
+
0e
1.2.3
1e
0e
-
000.e
-
.
-
--2
+
1e-
abc
--2
1ee2
+
1e
--2
--2
1ee2
1e+
abc
1.2.3
1e
1e-
1e
-
+
1ee2
1.2.3
e10
1ee2
-
1.2.3
--2
1e-
1e+
abc
.
1e
++1
1e
-
1ee2
000.e
1e+
-
abc
-
1e
-
e10
000.e
abc
1e
000.e
1e
.
1e+
1ee2
++1
+
0e
++1
+
e10
++1
-
.
--2
000.e
1ee2
1ee2
.
1e+
abc
1ee2
1.2.3
1ee2
++1
e10
1ee2
0e
--2
1ee2
e10
0e
000.e
e10
+
1e-
000.e
1ee2
-
--2
e10
abc
.
1.2.3
000.e
abc
+
1ee2
--2
.
1e-
+
--2
1.2.3
1ee2
--2
0e
+
--2
000.e
e10
.
1e-
++1
e10
1e
1e-
e10
1e-
--2
1e
1e
-
1e-
+
1e+
1ee2
++1
e10
1ee2
abc
-
+
-
e10
1e
1e-
abc
++1
+
1ee2
1e+
1e-
-
abc
1ee2
+
abc
1e+
1ee2
--2
1.2.3
abc
1e-
++1
abc
1.2.3
-
1e-
.
1e
.
1e+
-
++1
+
1.2.3
++1
++1
.
++1
--2
++1
1e-
1.2.3
e10
e10
000.e
1e
1e-
.
+
1e-
abc
.
e10
e10
--2
1.2.3
0e
1.2.3
++1
.
1ee2
abc
e10
-
++1
e10
.
1ee2
abc
.
+
++1
-
1.2.3
0e
.
++1
1e-
000.e
++1
-
.
1e
1e+
++1
1e-
0e
1e
.
1e-
++1
-
1ee2
1e+
abc
000.e
e10
0e
1e+
.
+
.
1e-
1ee2
1e
++1
e10
.
1e
1e
--2
1ee2
1e-
.
.
abc
--2
1ee2
++1
1.2.3
1e+
0e
e10
++1
000.e
1e
e10
+
++1
0e
0e
e10
0e
.
--2
1e
abc
1.2.3
1e+
0e
--2
.
+
.
.
.
--2
-
000.e
1e
-
1e
++1
1e
1.2.3
+
++1
+
abc
++1
.
--2
-
--2
1.2.3
-
+
1ee2
++1
-
++1
--2
++1
++1
-
1e
+
1.2.3
1e+
+
1ee2
e10
1e
1e
-
--2
1.2.3
1e+
1e+
-
abc
1.2.3
1ee2
e10
abc
--2
abc
abc
1e-
1e+
abc
--2
+
++1
--2
000.e
1e
++1
1e+
1e-
000.e
1e+
--2
.
--2
.
++1
1e
+
1e
abc
1e-
0e
0e
.
1.2.3
1e+
1e-
1ee2
--2
000.e
e10
1e+
1ee2
1e+
-
++1
1ee2
++1
e10
+
++1
1.2.3
1.2.3
0e
1e-
.
000.e
-
1e-
abc
-
.
1ee2
e10
abc
0e
+
000.e
++1
e10
0e
1.2.3
.
1.2.3
1e-
-
abc
+
0e
.
.
+
e10
--2
e10
1e
1.2.3
e10
e10
+
+
0e
--2
+
abc
abc
1ee2
+
1e
.
e10
e10
--2
1e
0e
+
e10
1e+
0e
--2
++1
++1
e10
1e
000.e
.
.
--2
++1
--2
1e+
1e-
1ee2
1ee2
--2
+
1ee2
0e
abc
++1
1e
1.2.3
abc
--2
0e
1e+
-
1ee2
.
.
0e
++1
+
.
-
1e
1e
000.e
++1
1e+
e10
1ee2
++1
1e
--2
++1
abc
--2
+
1e
000.e
-
--2
-
0e
1.2.3
1.2.3
abc
e10
++1
0e
0e
1.2.3
000.e
000.e
1e
-
1e+
+
++1
1ee2
--2
0e
.
1e-
1e-
+
0e
1e-
0e
1e
1.2.3
1.2.3
+
.
1e
.
000.e
+
1ee2
-
abc
++1
1.2.3
e10
1e
abc
1.2.3
000.e
1e+
0e
1.2.3
e10
abc
1e+
e10
000.e
+
1.2.3
e10
000.e
abc
+
-
-
+
e10
e10
++1
1e+
1ee2
000.e
1e
+
1e+
++1
+
1e
1e-
0e
e10
e10
+
e10
abc
+
0e
1.2.3
1ee2
abc
abc
1e
++1
.
+
1e-
e10
1.2.3
--2
1.2.3
1e-
0e
++1
e10
abc
0e
1ee2
--2
++1
++1
--2
1ee2
1e-
+
abc
0e
1e+
000.e
1e
1e
e10
-
0e
--2
1.2.3
1.2.3
000.e
1e+
e10
-
e10
abc
1e
e10
1ee2
0e
e10
e10
.
0e
1ee2
0e
+
.
1e+
1e
+
000.e
-
abc
-
1e-
1e
1e
1ee2
1e+
--2
1e-
1.2.3
1e+
1e-
abc
.
abc
-
e10
1e-
+
e10
000.e
1e+
1e+
e10
-
1e+
1e
+
000.e
--2
.
-
+
1e
1e+
-
0e
1e
-
.
1.2.3
1e+
abc
1e
000.e
.
++1
1e-
1e
1e+
1.2.3
--2
--2
1e
abc
--2
abc
1.2.3
1e+
++1
1.2.3
1e+
1e+
1.2.3
--2
+
0e
-
.
0e
1.2.3
1ee2
000.e
1e
abc
.
abc
1e
1e-
1ee2
1e+
e10
--2
0e
1.2.3
+
e10
++1
1ee2
++1
-
1e
e10
++1
1.2.3
--2
0e
e10
1e-
.
1e-
000.e
1e
0e
1e-
abc
1e
1ee2
-
e10
+
e10
0e
1e+
000.e
1e
+
abc
-
abc
1e
.
++1
1e
e10
1e+
000.e
e10
+
0e
0e
1e
0e
0e
000.e
0e
+
e10
1e+
1e
1e+
1ee2
--2
1.2.3
--2
+
1ee2
1e+
1e-
1e+
1.2.3
++1
-
1e
e10
--2
1.2.3
e10
++1
+
1ee2
e10
1.2.3
1ee2
.
++1
000.e
++1
0e
1e-
e10
--2
1e-
1ee2
1e+
e10
--2
.
1e
1e+
--2
e10
.
1e
--2
abc
0e
1e
1e-
1e
1e
1.2.3
0e
e10
e10
1.2.3
++1
1.2.3
.
-
+
--2
000.e
1e-
1.2.3
--2
1.2.3
1e+
000.e
++1
0e
++1
e10
1e+
0e
1ee2
1e+
e10
e10
1e-
0e
1ee2
1ee2
0e
000.e
abc
+
-
e10
000.e
1.2.3
abc
1.2.3
1e+
--2
000.e
e10
000.e
1e+
1e+
+
+
++1
-
1e
0e
e10
--2
1e+
+
+
e10
1e
abc
--2
000.e
.
1ee2
.
000.e
abc
++1
1e-
1ee2
1e-
.
++1
++1
--2
-
1.2.3
+
++1
1.2.3
1.2.3
0e
1e+
--2
--2
e10
abc
.
+
+
1e-
--2
1e-
-
1e+
+
.
+
.
1.2.3
+
1e-
--2
1e-
-
.
000.e
000.e
+
1e-
.
1e
000.e
.
1ee2
1e+
1e-
1.2.3
+
1e+
abc
-
1ee2
e10
000.e
+
--2
0e
abc
1ee2
1e-
1ee2
1e+
1.2.3
--2
1e+
000.e
--2
-
1e
1e-
1e
-
--2
--2
+
e10
++1
1e+
1e+
+
1e-
abc
000.e
-
abc
1ee2
0e
0e
1e
+
--2
1.2.3
abc
1.2.3
+
-
--2
abc
abc
1e
+
++1
++1
1e
+
.
1e
+
--2
1e+
abc
000.e
1e+
+
--2
.
1e-
--2
0e
1e-
1e+
+
--2
000.e
-
e10
e10
.
e10
1e+
1.2.3
-
1e
.
-
0e
1e
1e+
+
e10
e10
1e+
1.2.3
000.e
++1
1ee2
.
e10
1e
1.2.3
1ee2
e10
e10
1e-
++1
1e
000.e
1.2.3
e10
1e+
-
1e
abc
-
000.e
1.2.3
e10
+
+
1.2.3
1ee2
1e
abc
abc
000.e
1.2.3
-
1ee2
++1
1e-
--2
1.2.3
1ee2
1e
-
abc
0e
1.2.3
0e
-
e10
1e+
0e
000.e
1.2.3
1.2.3
abc
000.e
000.e
000.e
1e-
1e
-
++1
-
+
000.e
-
++1
000.e
1ee2
+
1.2.3
1ee2
+
++1
1e+
+
.
+
-
1e-
1.2.3
1e+
000.e
+
+
.
-
e10
e10
e10
.
1e
--2
1e
e10
-
000.e
-
+
e10
+
1e+
000.e
000.e
1e
1ee2
1e+
1e
1e+
0e
--2
e10
--2
+
--2
1e+
+
--2
+
--2
1ee2
1.2.3
--2
++1
-
+
1e
--2
--2
--2
1e
1e+
0e
1e
1e-
--2
abc
1e+
1.2.3
--2
abc
.
.
0e
000.e
1e-
000.e
++1
+
.
000.e
e10
1e+
e10
--2
000.e
--2
000.e
--2
0e
--2
e10
1.2.3
000.e
000.e
000.e
--2
e10
1e+
+
1.2.3
abc
1e-
--2
+
1.2.3
--2
.
1e+
+
0e
--2
000.e
+
--2
1e-
abc
.
1.2.3
1.2.3
1e+
+
1e+
--2
.
-
1e-
1e+
+
abc
e10
1ee2
abc
-
--2
+
-
000.e
000.e
++1
1ee2
e10
e10
1e-
1ee2
000.e
000.e
1.2.3
++1
++1
1ee2
+
000.e
e10
0e
e10
abc
+
--2
abc
000.e
abc
1.2.3
1e+
000.e
.
1ee2
1ee2
0e
1ee2
1e-
1.2.3
1ee2
000.e
--2
1e
1.2.3
--2
000.e
0e
++1
000.e
1ee2
0e
+
1e
+
1e-
--2
000.e
1ee2
+
1e-
-
e10
1ee2
0e
-
000.e
++1
+
0e
000.e
-
1.2.3
1.2.3
1e+
1.2.3
abc
0e
1ee2
1ee2
1.2.3
1e+
1ee2
--2
1e-
1e+
.
.
1e
+
++1
--2
1ee2
+
.
1e-
1e-
1ee2
1.2.3
.
abc
1e
e10
1e
abc
000.e
++1
+
-
-
0e
1e-
1ee2
e10
1e+
1e-
1e
.
abc
e10
+
1e
++1
++1
+
1ee2
.
e10
000.e
.
0e
-
1ee2
1e+
1e
+
000.e
+
1e-
1ee2
++1
+
++1
1.2.3
1e+
+
000.e
abc
e10
+
abc
1e+
.
--2
1e+
1e
++1
+
1e
1ee2
-
.
-
++1
e10
-
++1
1e+
0e
1ee2
e10
.
abc
+
0e
+
1ee2
1.2.3
1e-
--2
--2
1e+
e10
1e+
--2
abc
1e
.
1e
1.2.3
1.2.3
1e-
1e
-
abc
1.2.3
e10
1e+
1e-
--2
1.2.3
--2
0e
1ee2
000.e
--2
000.e
.
1e
abc
0e
++1
++1
e10
000.e
1e+
0e
1e
+
0e
e10
1.2.3
+
000.e
1e
1e+
--2
1e+
-
1ee2
1e
-
1e+
e10
000.e
--2
abc
1ee2
0e
++1
000.e
-
1e+
abc
0e
1e
0e
++1
++1
1ee2
1e
++1
+
+
1e-
++1
1.2.3
000.e
e10
--2
000.e
1ee2
1ee2
-
abc
-
1ee2
1e+
abc
1e+
.
1e
+
--2
.
+
1ee2
1ee2
+
1ee2
abc
1.2.3
0e
abc
1e
abc
.
1e-
0e
1e+
++1
1ee2
+
1.2.3
1e
1.2.3
+
+
.
-
1e+
1.2.3
1ee2
1e
+
e10
1ee2
0e
--2
abc
1e
1.2.3
e10
1e-
e10
1.2.3
.
+
1e
.
000.e
.
--2
0e
1e+
+
.
e10
000.e
abc
1ee2
1e+
1e-
1e-
--2
--2
000.e
1e-
-
+
abc
000.e
abc
-
1ee2
.
000.e
1.2.3
--2
-
0e
1ee2
.
e10
1e+
1e
1ee2
++1
abc
0e
000.e
0e
+
+
e10
1e+
0e
.
000.e
+
1e+
1e
++1
1e+
e10
1e
abc
abc
1.2.3
abc
1e-
.
+
1e-
0e
0e
+
abc
1e-
0e
1e+
--2
1e
+
+
--2
1e-
1.2.3
1.2.3
-
1e-
.
000.e
+
000.e
--2
0e
--2
1e
1e-
1e
.
1.2.3
0e
-
abc
1e+
++1
1e-
0e
000.e
e10
.
abc
1e+
1.2.3
000.e
1.2.3
++1
000.e
000.e
000.e
+
-
1e+
.
1e+
abc
.
--2
1e-
abc
000.e
e10
1e-
e10
1e
1ee2
1e-
+
0e
1e+
1ee2
1ee2
e10
-
+
1e
-
1.2.3
-
e10
++1
0e
1e+
0e
abc
++1
1ee2
abc
0e
++1
-
e10
1ee2
.
1e
e10
1.2.3
++1
1e-
++1
1ee2
1.2.3
1e+
000.e
-
abc
-
1e
1e+
+
0e
1e
1e-
-
.
1e
1e-
0e
1e
000.e
abc
e10
-
--2
1e-
e10
-
e10
++1
0e
1e
1e-
1.2.3
e10
0e
1e-
1e+
.
000.e
0e
abc
.
+
1e-
+
--2
1ee2
1e-
++1
e10
abc
1e+
--2
1ee2
e10
1e+
1.2.3
1e-
0e
--2
000.e
1.2.3
-
e10
--2
--2
.
1ee2
++1
abc
-
+
++1
++1
.
1e
0e
1e+
-
e10
0e
1e+
.
1.2.3
++1
+
1e
--2
.
0e
1e
1e-
++1
000.e
1.2.3
-
abc
000.e
1e-
++1
.
1.2.3
e10
1e
000.e
1e
1ee2
--2
1e+
1e
--2
1ee2
.
1e
-
abc
1e-
1e-
000.e
++1
-
000.e
e10
abc
+
e10
000.e
0e
.
1.2.3
abc
1ee2
abc
1ee2
.
+
++1
1ee2
--2
+
0e
abc
+
abc
000.e
1e-
e10
1ee2
--2
1ee2
e10
1ee2
0e
0e
abc
1e
000.e
.
1e-
+
0e
1.2.3
abc
1e-
--2
1e-
-
.
++1
1e
1.2.3
0e
++1
000.e
0e
abc
++1
-
1e
abc
1e+
1ee2
1ee2
1e
+
1e-
++1
1e+
1e-
000.e
e10
0e
1e+
1e-
++1
--2
0e
abc
1e+
0e
++1
1.2.3
1e-
e10
abc
-
0e
1e
+
000.e
1e+
e10
+
1e
++1
1e
.
+
1e+
+
1e-
e10
abc
1.2.3
++1
e10
1ee2
e10
++1
abc
1e
--2
1.2.3
.
++1
1ee2
--2
+
.
++1
+
1e+
1.2.3
.
-
-
000.e
abc
+
1e+
000.e
1ee2
000.e
++1
1e+
1ee2
e10
e10
.
000.e
.
++1
1e+
000.e
+
-
1e-
000.e
+
000.e
1.2.3
abc
-
1ee2
1.2.3
e10
1.2.3
-
1ee2
abc
--2
++1
abc
.
.
0e
-
abc
.
1.2.3
1ee2
.
.
1e+
1ee2
1e
abc
0e
000.e
000.e
.
+
1e
1e+
--2
abc
0e
e10
+
1e
e10
--2
1e-
abc
+
1e-
1ee2
0e
abc
1.2.3
1.2.3
.
+
-
000.e
1e-
.
e10
e10
1e-
--2
+
1e-
.
1.2.3
1ee2
1e+
1.2.3
1e-
--2
1e-
1e
1e-
.
1.2.3
--2
++1
1e-
000.e
--2
1.2.3
1e-
abc
abc
-
1e
1.2.3
e10
000.e
0e
0e
abc
1ee2
abc
1e
e10
000.e
e10
++1
1e-
-
1e-
0e
abc
e10
0e
1e
-
.
0e
+
abc
1e+
000.e
0e
1e
1e-
--2
--2
1e
0e
--2
--2
1e-
++1
1e+
--2
-
1.2.3
+
1e
000.e
000.e
000.e
-
++1
-
1e+
+
+
--2
1ee2
++1
1.2.3
++1
1.2.3
e10
++1
1e+
1e
1e
0e
+
1.2.3
e10
abc
abc
000.e
e10
1e-
-
.
+
1e+
--2
1.2.3
+
0e
1.2.3
e10
1e-
--2
+
1e-
000.e
000.e
-
+
-
1.2.3
.
1ee2
1e-
1ee2
-
1e+
--2
0e
0e
0e
+
1e+
1e-
000.e
++1
abc
1.2.3
1.2.3
1e+
1.2.3
e10
1ee2
-
0e
1e-
1.2.3
0e
1e-
1e-
++1
++1
abc
-
--2
+
e10
1ee2
+
e10
1e+
1e+
0e
000.e
1.2.3
abc
1e-
1e+
000.e
--2
+
abc
1ee2
1.2.3
1e
1e
000.e
1e-
+
-
0e
.
abc
abc
abc
++1
1e
000.e
1.2.3
1e
++1
+
1e
+
1e+
1e-
0e
.
0e
.
.
++1
000.e
1.2.3
e10
0e
1e+
.
.
+
1.2.3
++1
++1
e10
.
1e+
abc
1e+
1e+
--2
+
1ee2
000.e
++1
++1
--2
-
0e
-
0e
1ee2
++1
1ee2
abc
1e+
--2
+
1ee2
1ee2
++1
e10
.
+
1e-
-
0e
++1
0e
1e+
0e
0e
1ee2
1e-
+
--2
-
1e-
--2
e10
+
e10
e10
1e+
1e
0e
++1
0e
1ee2
000.e
--2
+
++1
000.e
0e
1.2.3
-
1.2.3
.
--2
000.e
e10
1e-
.
0e
.
1ee2
000.e
1.2.3
+
000.e
1e-
0e
1e+
.
1e
1e+
1.2.3
-
+
000.e
1e+
+
000.e
++1
000.e
e10
e10
.
++1
-
1e+
+
1e+
-
000.e
1.2.3
1e-
1e-
+
1e+
000.e
1e+
0e
++1
.
000.e
1e
-
++1
++1
-
--2
++1
abc
e10
1e-
--2
.
--2
--2
0e
0e
e10
++1
+
--2
1e
1ee2
1e
1ee2
+
-
1ee2
-
-
000.e
e10
0e
.
abc
abc
-
1.2.3
abc
1.2.3
000.e
++1
+
1.2.3
abc
++1
1ee2
.
1.2.3
1.2.3
000.e
--2
000.e
1.2.3
1ee2
1e-
e10
1e
+
0e
--2
1e-
1e
--2
--2
1.2.3
abc
++1
1.2.3
1ee2
000.e
000.e
0e
1e-
0e
abc
e10
000.e
--2
1.2.3
000.e
1e+
1.2.3
--2
abc
0e
1e+
1e+
--2
1.2.3
1ee2
.
1e
1e
1.2.3
1.2.3
000.e
1e-
.
1e+
1ee2
0e
e10
+
-
.
1e+
+
+
abc
1e+
1e
1ee2
000.e
+
--2
abc
-
--2
1e
+
.
1.2.3
.
abc
++1
1.2.3
1e-
000.e
e10
000.e
.
0e
000.e
e10
--2
-
1ee2
++1
abc
abc
.
e10
1e
++1
1e-
1.2.3
.
--2
1ee2
0e
--2
++1
0e
-
.
1e
+
1e+
+
+
1.2.3
--2
000.e
000.e
000.e
-
1ee2
abc
0e
1ee2
+
1e+
1ee2
abc
++1
1ee2
1.2.3
1.2.3
abc
1e+
1.2.3
e10
1e
0e
+
000.e
1.2.3
e10
000.e
1e-
1e+
000.e
1e+
1e+
1ee2
--2
1ee2
abc
--2
1e
1e-
1ee2
000.e
1e
1ee2
1.2.3
abc
++1
1e-
1e
1.2.3
1e+
--2
++1
0e
--2
e10
.
1e-
1e
1e
abc
0e
abc
0e
--2
1ee2
0e
1e
+
1e
1e
1e+
e10
+
1e+
000.e
-
1e
++1
1.2.3
e10
1e
abc
0e
1e
1.2.3
+
0e
+
1e-
1e+
1.2.3
++1
e10
-
1.2.3
1.2.3
0e
--2
abc
e10
1e
abc
000.e
1.2.3
1ee2
.
000.e
-
--2
++1
++1
1e+
abc
e10
++1
abc
0e
1e
++1
--2
abc
1e+
abc
000.e
abc
-
1e+
1e
.
++1
++1
1e-
abc
abc
1e
1e
e10
-
1e+
000.e
1.2.3
-
e10
+
1e+
1e-
+
--2
1e-
e10
+
1ee2
1ee2
abc
++1
abc
.
1ee2
abc
abc
1e-
000.e
.
.
.
+
abc
++1
++1
1ee2
-
1ee2
--2
e10
0e
-
+
-
1e
-
--2
++1
0e
1e
+
1e+
++1
1ee2
.
--2
+
1e+
--2
abc
000.e
--2
1.2.3
1.2.3
abc
.
+
1e+
abc
--2
+
1e-
1ee2
++1
1ee2
1e+
+
abc
e10
1e
abc
0e
000.e
abc
e10
.
0e
1e+
abc
1e+
1e-
abc
1e+
-
-
--2
1ee2
1e-
000.e
1.2.3
-
abc
++1
--2
--2
000.e
1e-
abc
+
1.2.3
1e
+
-
1e
1e+
+
1e-
1.2.3
++1
e10
1ee2
1e+
1ee2
-
1ee2
e10
1e-
.
++1
1.2.3
e10
1e
e10
1e-
1e+
1e-
1e+
e10
e10
000.e
1e-
1.2.3
e10
-
abc
1.2.3
1e
+
0e
1e-
1e
000.e
1e+
0e
1ee2
1e-
-
0e
-
abc
.
1e-
abc
+
++1
1ee2
.
abc
abc
1e+
1ee2
++1
abc
000.e
.
0e
1e-
1e
e10
abc
abc
.
-
.
1e
.
--2
0e
1e-
.
1e-
0e
0e
1e-
1e-
e10
1.2.3
1e-
1e+
1e
1.2.3
e10
.
e10
+
1e+
1.2.3
abc
.
.
--2
1.2.3
000.e
1e
+
+
+
abc
+
abc
0e
1e+
1e
000.e
.
--2
++1
1e
abc
abc
--2
0e
-
1.2.3
1ee2
1.2.3
1ee2
-
++1
1e+
+
-
0e
abc
1.2.3
+
1ee2
1e+
abc
+
1ee2
1e-
.
-
e10
1e+
++1
1e-
1.2.3
-
1e
1e
1e-
.
1e
1e+
++1
000.e
1e+
-
1e+
-
1e+
1e-
.
1e
abc
1e
0e
abc
1.2.3
++1
1.2.3
1ee2
++1
1e-
.
.
++1
1e-
000.e
1ee2
000.e
000.e
+
.
1e+
+
1e
0e
1e-
1.2.3
0e
1e-
abc
+
++1
000.e
e10
++1
+
1.2.3
0e
1e+
1e-
-
.
000.e
.
0e
abc
1.2.3
1e+
1e
0e
1.2.3
1e-
1e
000.e
abc
1e
1e-
e10
.
1e+
.
0e
1e
1.2.3
1e
+
e10
+
0e
0e
-
-
1e+
++1
000.e
--2
1e
-
abc
1e
++1
.
1ee2
0e
1.2.3
0e
000.e
++1
++1
1e-
e10
.
e10
000.e
1e+
1e-
.
1e+
-
1.2.3
abc
--2
abc
e10
1e+
-
1.2.3
1e
1e+
0e
.
e10
1ee2
1e
1e-
+
++1
000.e
1e+
e10
1e-
1e+
+
.
abc
1.2.3
abc
abc
.
++1
1ee2
--2
++1
++1
+
--2
000.e
1e
1e
-
1e
000.e
e10
1ee2
.
1e+
abc
--2
--2
-
+
++1
++1
--2
1.2.3
1ee2
1ee2
+
--2
.
++1
++1
1e+
--2
000.e
--2
--2
000.e
--2
-
.
1e-
1.2.3
-
-
0e
++1
1e+
1ee2
++1
.
--2
.
.
1e+
1e
1e-
+
1e
.
+
-
1e+
.
1e
1ee2
1e-
0e
1ee2
1e-
abc
1e-
++1
000.e
++1
+
.
+
1.2.3
+
++1
1.2.3
e10
1e
+
++1
1ee2
1.2.3
1ee2
1.2.3
++1
1e+
1e-
1.2.3
1e-
000.e
1.2.3
1e-
--2
0e
1ee2
1.2.3
1e
0e
e10
.
1ee2
+
1e
e10
1.2.3
0e
1e
-
-
0e
.
1e-
1.2.3
.
0e
1.2.3
000.e
abc
+
0e
1ee2
1ee2
000.e
++1
abc
+
1e-
++1
++1
1e-
1e-
1ee2
.
000.e
1.2.3
000.e
1ee2
0e
e10
++1
+
e10
.
abc
1.2.3
--2
abc
.
1ee2
.
000.e
1e-
1.2.3
+
--2
++1
.
0e
--2
1e-
+
.
1e+
1e-
000.e
+
e10
--2
++1
1e+
--2
+
1e-
-
e10
000.e
-
++1
--2
1e-
1e
1e+
abc
+
++1
1e+
1e+
abc
1e+
1e
1e+
1e-
0e
1.2.3
000.e
1e
1e-
+
e10
0e
000.e
abc
1e
1.2.3
.
--2
1.2.3
1e+
1e+
.
-
1e+
++1
abc
.
--2
--2
.
1.2.3
e10
+
abc
1ee2
abc
1e
1.2.3
--2
1.2.3
.
000.e
+
abc
0e
.
abc
-
-
+
1.2.3
e10
-
--2
1e-
abc
-
1e+
1e
1ee2
1e
1e+
1e-
0e
e10
+
abc
abc
0e
1.2.3
-
0e
0e
-
1e
-
1e-
0e
++1
1ee2
abc
.
+
1e+
+
-
++1
1e-
0e
+
-
+
1e
+
1.2.3
-
1.2.3
e10
1ee2
.
1e-
0e
1e
0e
1.2.3
-
-
1e
1ee2
1.2.3
--2
-
.
.
1.2.3
1e+
1e-
++1
-
abc
++1
--2
0e
1e-
1.2.3
000.e
1ee2
--2
000.e
abc
1e+
1e+
e10
e10
1.2.3
abc
abc
1e+
000.e
000.e
+
e10
--2
1e-
1e-
1.2.3
+
000.e
1.2.3
-
-
e10
+
.
++1
-
--2
1e+
abc
--2
-
000.e
1e-
+
0e
1ee2
e10
1ee2
1e+
1e
1.2.3
1e-
0e
--2
1.2.3
1e+
000.e
1ee2
+
--2
1e-
-
+
000.e
-
1ee2
1ee2
1e-
1e
-
.
1e
1e
1.2.3
abc
1.2.3
1e
-
e10
1e-
++1
e10
0e
e10
e10
--2
1ee2
1e-
++1
--2
.
0e
1.2.3
1.2.3
--2
1e-
++1
.
+
abc
abc
0e
0e
1.2.3
.
-
++1
1ee2
e10
++1
.
1.2.3
1.2.3
--2
-
e10
abc
1.2.3
e10
.
--2
--2
.
1ee2
abc
.
abc
--2
000.e
--2
abc
.
--2
1e
+
1e
1ee2
+
+
++1
000.e
.
-
000.e
1e
abc
.
000.e
e10
++1
1e+
e10
1e+
e10
1e
1e+
1e
-
1ee2
1.2.3
1ee2
000.e
1e+
abc
0e
1e-
abc
0e
0e
-
1e-
e10
1.2.3
abc
--2
+
0e
abc
1e+
abc
1e
000.e
0e
1ee2
0e
--2
000.e
1e+
1e-
1e-
1.2.3
1e-
e10
+
.
0e
000.e
1e-
1ee2
e10
++1
++1
000.e
1.2.3
+
e10
1.2.3
.
abc
e10
1e+
+
0e
000.e
1e
000.e
-
+
1e-
.
1.2.3
-
++1
1ee2
1e-
1e
abc
abc
1ee2
-
abc
.
1e+
1.2.3
1e+
1e+
e10
1.2.3
++1
1.2.3
000.e
1e-
1e
1e
1.2.3
abc
++1
1.2.3
-
e10
e10
e10
--2
e10
1ee2
1e
000.e
000.e
e10
1e-
.
1e+
0e
0e
++1
1e
e10
+
++1
0e
0e
-
.
+
+
abc
-
--2
--2
.
1e-
.
000.e
1ee2
1e
-
1.2.3
abc
1e-
1e+
1e
1e-
0e
++1
abc
1e+
.
-
.
1.2.3
++1
1e-
1e+
1e+
1ee2
e10
-
1.2.3
1e-
1.2.3
+
abc
1e
1e+
000.e
0e
-
-
+
++1
-
1e
1e
1e-
1e
1e+
1e+
++1
1.2.3
0e
.
e10
++1
+
++1
1.2.3
1ee2
abc
1e
000.e
--2
000.e
abc
0e
--2
000.e
-
0e
+
1e-
1e-
1e+
+
++1
1ee2
0e
1e+
000.e
-
++1
1e
1e+
1e
++1
1ee2
++1
abc
1e-
1ee2
e10
+
.
e10
-
000.e
1e+
1e+
+
1e
1e
1.2.3
000.e
000.e
abc
+
1.2.3
abc
1.2.3
-
e10
1.2.3
+
.
1e-
++1
1e-
-
1e
1e-
1ee2
1e-
000.e
1.2.3
0e
e10
--2
000.e
1e+
abc
++1
1.2.3
1e+
1e
--2
+
1e-
1ee2
--2
-
1e
1e
1.2.3
1.2.3
0e
.
.
--2
+
-
e10
abc
1e-
000.e
e10
.
1e-
++1
1e+
e10
++1
1ee2
1ee2
1e-
1e-
1e+
e10
1e+
-
1ee2
1e-
abc
1e-
1e
.
+
1ee2
+
1ee2
--2
1e+
0e
0e
1e+
1ee2
.
1e
--2
e10
++1
.
+
000.e
+
.
000.e
.
abc
1e-
+
000.e
1e-
--2
1e-
000.e
-
-
.
000.e
++1
1e-
1.2.3
0e
abc
1e-
e10
.
.
--2
1ee2
++1
0e
1ee2
1e
--2
0e
e10
abc
0e
++1
.
1ee2
1ee2
+
--2
000.e
1e-
.
1ee2
1e-
++1
1e
1ee2
abc
000.e
e10
1e
0e
+
-
++1
1e-
1e-
1e+
1.2.3
-
1e-
-
1e
1e+
1ee2
1ee2
abc
1ee2
1e-
.
--2
abc
000.e
1e
e10
++1
0e
000.e
--2
0e
1e
1ee2
000.e
e10
1.2.3
-
1.2.3
0e
1e
1e
1ee2
1e-
abc
+
1e
++1
1e
1e
1ee2
abc
1e
000.e
1.2.3
.
.
1.2.3
1e+
1e-
--2
1.2.3
abc
1e-
1e-
1e
1e
1e
.
1e
1e
1ee2
abc
++1
0e
1e
++1
++1
000.e
0e
++1
--2
++1
0e
000.e
++1
e10
-
--2
1e-
abc
1e
+
--2
1e-
abc
1e-
-
--2
e10
abc
1e
e10
.
.
e10
+
--2
000.e
0e
++1
-
.
.
abc
--2
++1
1e+
e10
0e
e10
++1
1ee2
.
1ee2
1.2.3
e10
1.2.3
1e+
+
-
-
--2
-
--2
1.2.3
.
e10
1e+
1e+
1e-
1ee2
e10
.
e10
abc
1e-
+
abc
.
1ee2
1e+
1e-
.
1.2.3
000.e
1.2.3
1e
abc
000.e
--2
abc
--2
0e
000.e
0e
1e
1e
1ee2
000.e
-
abc
++1
1ee2
1.2.3
--2
1ee2
1.2.3
1e-
1.2.3
0e
1ee2
-
-
.
-
1e
000.e
abc
abc
.
abc
-
.
1e+
e10
1e+
1e+
1.2.3
.
abc
1e+
-
000.e
1ee2
-
abc
1e+
0e
1.2.3
abc
++1
-
0e
++1
1e+
1e+
1e-
e10
1e+
+
0e
1e-
abc
1.2.3
++1
.
--2
abc
++1
1e
1ee2
1ee2
--2
1e-
.
0e
000.e
1.2.3
1e
1e-
1ee2
1e
++1
1e
0e
1.2.3
e10
0e
--2
abc
--2
0e
-
1e-
e10
1.2.3
abc
0e
++1
--2
abc
1ee2
0e
e10
1e-
+
-
-
0e
1e+
-
abc
-
--2
-
000.e
000.e
1e+
1e
1ee2
0e
++1
-
-
e10
1e
+
e10
abc
--2
0e
1.2.3
1.2.3
++1
-
.
1e+
1e-
abc
e10
e10
-
1e
--2
-
1ee2
1e+
1.2.3
1e
abc
000.e
e10
-
1e-
.
e10
abc
1e
-
-
1ee2
1ee2
abc
abc
1e-
++1
+
1.2.3
1ee2
-
1e
.
.
++1
--2
1.2.3
--2
1e-
.
--2
1e
++1
abc
1e+
-
000.e
1e
1e
0e
1e-
0e
1ee2
abc
++1
e10
000.e
1e
+
+
1.2.3
1.2.3
1ee2
1ee2
1.2.3
.
0e
++1
1e
1.2.3
000.e
+
1e+
1ee2
0e
1ee2
1.2.3
--2
1e+
1e+
1ee2
--2
abc
000.e
e10
abc
.
1e
e10
-
1e-
--2
000.e
1ee2
1ee2
1e-
e10
.
abc
1e
000.e
1e+
--2
1.2.3
abc
--2
++1
--2
++1
1e+
1.2.3
.
+
+
1e
1e-
e10
0e
+
-
++1
1e
abc
++1
--2
.
1.2.3
1ee2
-
1.2.3
++1
e10
+
-
e10
1e-
1e-
e10
1.2.3
-
1e-
+
+
--2
e10
e10
1e
abc
.
1.2.3
-
e10
.
-
+
+
abc
1e-
1e+
--2
e10
e10
e10
+
--2
1e+
abc
1e+
1ee2
1e
+
+
1e-
1e
1.2.3
e10
1e
--2
000.e
1e+
++1
-
1e+
1ee2
abc
1ee2
1e
e10
e10
1e
1ee2
1.2.3
1.2.3
0e
abc
-
-
1e+
1ee2
.
-
++1
1.2.3
1ee2
-
++1
++1
000.e
0e
abc
000.e
1.2.3
e10
++1
abc
1.2.3
1e
1e+
abc
--2
+
e10
--2
1e
++1
+
-
1ee2
e10
e10
++1
1e-
1e
1.2.3
--2
.
++1
1.2.3
1e-
1ee2
-
1e+
000.e
++1
+
1ee2
--2
+
000.e
1e
1e-
-
1.2.3
1.2.3
1e+
+
1ee2
abc
e10
e10
.
e10
++1
-
1ee2
e10
1ee2
0e
1ee2
1.2.3
1e-
--2
1e
1e
1ee2
--2
e10
-
000.e
1e
0e
000.e
1.2.3
--2
e10
+
e10
e10
+
1e-
1e
0e
--2
1.2.3
1e
1e
1e
1.2.3
+
e10
--2
1e
1.2.3
++1
1e+
--2
-
+
0e
-
abc
--2
abc
.
1e
--2
1e-
1.2.3
.
++1
1e-
--2
000.e
--2
1e-
-
0e
1e-
1e
1e-
1ee2
-
1e+
1e+
1.2.3
+
1ee2
1e+
1ee2
abc
000.e
1e-
++1
1e-
-
1ee2
1.2.3
1e
--2
+
+
++1
0e
1e
0e
0e
-
e10
1e-
--2
000.e
000.e
--2
1ee2
--2
++1
-
1e-
0e
1ee2
1e
++1
++1
1e
+
-
1e+
0e
--2
1e-
.
abc
1e-
++1
abc
++1
e10
0e
1e+
1.2.3
+
e10
000.e
1.2.3
++1
1e
-
1ee2
1ee2
abc
+
-
-
--2
1e-
.
-
++1
1e
abc
abc
abc
.
abc
1e-
-
+
-
1e
--2
-
0e
000.e
000.e
1e-
1e
0e
000.e
abc
1e+
1ee2
.
-
1e-
1.2.3
1.2.3
1e
1e-
1e
1e-
1.2.3
1e
0e
-
1e+
abc
--2
1.2.3
1e+
1.2.3
1e
-
e10
000.e
abc
1e
++1
1ee2
1.2.3
1e+
abc
1.2.3
1.2.3
0e
--2
e10
1e
-
0e
1e
000.e
000.e
1.2.3
-
--2
1e
abc
000.e
1.2.3
1ee2
1.2.3
1ee2
e10
.
1e-
--2
++1
+
++1
1ee2
abc
1.2.3
+
0e
+
1e-
1e-
1.2.3
abc
--2
e10
1e-
0e
1e
000.e
--2
1ee2
1ee2
1e+
--2
++1
.
0e
1e
0e
--2
1ee2
-
abc
.
e10
abc
1e
--2
000.e
.
-
-
0e
1e
-
000.e
e10
++1
++1
e10
.
1e-
1e+
000.e
+
-
e10
e10
-
1e-
1e
abc
1e+
0e
1e-
0e
abc
+
000.e
e10
+
1e
abc
1ee2
-
++1
abc
--2
++1
1ee2
e10
--2
++1
abc
1e+
-
abc
++1
1e-
1ee2
--2
--2
1e+
1ee2
abc
+
--2
000.e
1e-
++1
.
000.e
0e
abc
1ee2
1.2.3
.
--2
1.2.3
1.2.3
.
1.2.3
-
.
1.2.3
--2
1e+
--2
0e
1e-
++1
.
++1
e10
++1
-
1.2.3
.
abc
+
.
-
-
--2
abc
1e+
1e+
+
1e
--2
-
1.2.3
1ee2
1.2.3
.
.
.
1e-
1.2.3
.
abc
-
0e
1ee2
1ee2
e10
.
+
++1
000.e
++1
--2
-
++1
1e+
e10
1ee2
.
1e-
0e
e10
1e
+
1.2.3
000.e
1e
0e
000.e
abc
+
e10
+
-
.
1e
1ee2
0e
1ee2
.
0e
e10
--2
+
1e
000.e
1e-
e10
1e-
++1
+
1e
1e
+
++1
1e
1ee2
.
1e
1ee2
1.2.3
+
+
++1
1ee2
abc
1e
1ee2
++1
abc
--2
1e+
abc
abc
1e+
1e-
--2
.
1.2.3
++1
1.2.3
abc
000.e
--2
-
-
-
-
1.2.3
abc
++1
1ee2
--2
--2
1e-
.
e10
++1
e10
000.e
++1
--2
--2
--2
1ee2
1ee2
0e
++1
abc
e10
1e-
1e+
000.e
--2
-
+
abc
1e+
.
1e-
--2
000.e
e10
1ee2
--2
+
e10
1e
e10
e10
e10
1e+
1.2.3
+
0e
e10
1ee2
-
000.e
000.e
000.e
0e
++1
000.e
0e
--2
1ee2
1e-
-
1e
1ee2
1e-
1e+
-
e10
1ee2
e10
++1
1e-
.
000.e
++1
1e+
abc
.
+
000.e
000.e
1e
--2
1e
1ee2
--2
1e-
000.e
+
1ee2
-
1e+
e10
1.2.3
1ee2
1.2.3
--2
1.2.3
abc
+
-
abc
000.e
e10
0e
+
+
-
1e+
abc
0e
1e
-
1ee2
1ee2
000.e
e10
1ee2
1e+
1ee2
1.2.3
.
1e+
000.e
e10
--2
.
000.e
.
-
.
1e+
1e
-
--2
++1
-
0e
1ee2
+
1e-
1ee2
e10
.
1ee2
1e-
000.e
abc
1e+
-
abc
--2
1e-
-
-
--2
e10
-
--2
1e-
1e-
1ee2
1e
abc
1e
1e+
++1
0e
1e
e10
e10
000.e
++1
1e-
+
.
+
abc
e10
1ee2
e10
.
1e-
e10
e10
1ee2
000.e
1ee2
0e
++1
1.2.3
-
1e-
abc
e10
1e-
e10
+
1e
1e+
e10
1.2.3
1.2.3
e10
abc
e10
1e
1e-
1.2.3
abc
000.e
-
.
1ee2
1e+
++1
1e-
-
1ee2
1e-
--2
e10
1.2.3
abc
1e-
-
.
e10
-
+
-
1ee2
e10
+
1.2.3
1e+
abc
1.2.3
+
.
1.2.3
e10
e10
++1
1e-
0e
+
-
e10
1.2.3
0e
1.2.3
1e-
-
abc
.
e10
--2
abc
--2
abc
1e-
abc
1e-
1.2.3
1e
1.2.3
000.e
000.e
-
++1
1e-
000.e
.
abc
0e
e10
1.2.3
-
+
1e+
1e-
++1
--2
0e
1e+
abc
+
1.2.3
++1
abc
000.e
1.2.3
1e+
--2
-
1e-
abc
000.e
.
000.e
e10
1ee2
e10
000.e
0e
.
1e-
+
1e+
+
1e-
.
++1
1e-
0e
000.e
.
1e
+
1e-
.
1e
0e
1e
1e-
1e+
1e
-
+
1.2.3
++1
--2
+
+
--2
++1
--2
1.2.3
1e+
0e
abc
000.e
abc
1e-
.
1ee2
e10
000.e
+
++1
1e+
-
-
.
++1
.
1e-
1ee2
000.e
abc
e10
1ee2
abc
1e-
.
1e
1.2.3
e10
.
.
1e
abc
000.e
1e
++1
1e-
000.e
.
-
1.2.3
abc
1e+
-
e10
1.2.3
++1
000.e
1e
000.e
-
.
1e-
-
1e-
e10
000.e
0e
1e+
e10
1e
000.e
1ee2
1e+
+
1.2.3
000.e
1.2.3
e10
1e
++1
+
1e-
1ee2
e10
1e-
--2
-
1ee2
--2
1.2.3
.
1ee2
1e-
1.2.3
--2
--2
--2
1.2.3
1e+
1e
000.e
-
1e-
abc
.
000.e
1e-
--2
1ee2
000.e
++1
e10
1e-
++1
abc
abc
1e
1ee2
abc
1e+
000.e
++1
1.2.3
1e
++1
--2
1e+
0e
000.e
0e
++1
1e+
000.e
+
1.2.3
0e
1e-
e10
0e
+
+
1e
000.e
1ee2
1e-
1e-
--2
.
abc
+
+
e10
0e
1e
abc
+
1ee2
1e-
1ee2
000.e
e10
000.e
1.2.3
1e-
0e
.
--2
1ee2
.
000.e
++1
0e
e10
1.2.3
--2
e10
1e
--2
.
e10
.
++1
--2
+
abc
.
--2
++1
--2
1e
000.e
1e
--2
.
1ee2
e10
.
1e
1e-
abc
1e+
--2
000.e
1e+
-
0e
1e+
++1
++1
0e
1ee2
1.2.3
1e+
abc
1e-
abc
++1
1e-
1e-
abc
++1
000.e
000.e
+
1ee2
--2
1e-
1ee2
0e
abc
abc
-
000.e
e10
e10
+
1ee2
0e
--2
+
1e-
e10
1ee2
0e
++1
1e+
--2
-
+
1e+
1e-
++1
-
.
1e+
000.e
1.2.3
abc
000.e
+
1e+
000.e
0e
--2
abc
-
1e-
0e
1e
e10
abc
e10
--2
000.e
1e
0e
.
++1
1e+
.
+
000.e
1e+
--2
--2
+
abc
+
++1
000.e
+
-
abc
--2
++1
1e-
1.2.3
1e+
--2
+
+
1e+
-
abc
.
1.2.3
1.2.3
000.e
000.e
-
e10
1e+
1ee2
1.2.3
0e
e10
e10
1e
abc
1.2.3
+
1.2.3
000.e
1e+
-
+
1e+
000.e
e10
e10
1e-
000.e
1e+
-
000.e
e10
--2
-
+
--2
0e
1ee2
1e+
--2
000.e
1e-
.
+
.
abc
1e
1e
--2
1e
0e
1.2.3
0e
1e
0e
--2
.
1ee2
e10
1ee2
1e-
0e
--2
++1
e10
+
e10
000.e
1ee2
++1
e10
1e-
++1
++1
abc
e10
+
1e
1e+
1e+
1e+
++1
-
1.2.3
+
abc
1.2.3
e10
1e+
.
+
1ee2
0e
1e
000.e
e10
abc
1e
0e
+
--2
000.e
1.2.3
000.e
1.2.3
abc
1.2.3
--2
e10
++1
.
e10
1e+
+
1ee2
-
e10
--2
.
1e+
--2
1e-
++1
1ee2
000.e
0e
++1
1e-
1e+
++1
.
1e
000.e
1e-
1e-
-
1e-
1ee2
1e
e10
-
000.e
+
1ee2
.
++1
abc
e10
1e
abc
--2
--2
0e
abc
1.2.3
1e
.
1.2.3
1e
0e
000.e
1ee2
1e+
1e-
1e-
1ee2
abc
000.e
abc
1e
-
++1
000.e
--2
1e-
1e-
0e
1.2.3
000.e
+
abc
+
1e+
1ee2
e10
1.2.3
1.2.3
1ee2
1ee2
+
++1
--2
e10
--2
1e-
++1
000.e
1.2.3
1ee2
1e+
1e
.
0e
1e
1e-
0e
++1
1ee2
1.2.3
0e
1e-
1e+
0e
1e-
.
1.2.3
e10
1e
1.2.3
1.2.3
++1
1.2.3
1e+
0e
0e
--2
1ee2
e10
1e+
0e
+
000.e
1e
.
000.e
-
e10
--2
1e+
1e-
+
--2
e10
--2
--2
abc
++1
-
1e-
1e+
++1
++1
1ee2
++1
--2
.
1e
.
--2
1.2.3
1ee2
1e-
000.e
1e
1.2.3
0e
0e
1.2.3
.
e10
000.e
1e-
e10
1e-
-
0e
.
1e-
+
abc
1e-
-
.
1e+
1e
abc
--2
-
--2
e10
+
e10
--2
1ee2
e10
0e
.
1e
--2
1e
++1
-
0e
--2
1e+
++1
.
0e
1.2.3
1.2.3
1ee2
0e
+
abc
1.2.3
++1
1.2.3
--2
1e-
1e
++1
-
1ee2
++1
+
1.2.3
+
++1
.
1ee2
000.e
0e
e10
e10
1.2.3
000.e
e10
0e
++1
1e-
--2
abc
++1
+
1e-
e10
1ee2
.
-
1.2.3
abc
1e
1e
1e
.
1.2.3
++1
e10
.
1e
++1
1.2.3
e10
1e+
000.e
-
.
1e+
1e
1e-
abc
1ee2
++1
1e
-
e10
0e
1e
0e
0e
.
+
++1
1.2.3
1e+
000.e
0e
abc
++1
000.e
000.e
1ee2
.
1.2.3
1e
-
0e
1e-
abc
.
000.e
--2
1ee2
1ee2
--2
+
abc
--2
1e-
-
.
1e+
1e
.
1.2.3
abc
++1
1e+
1e-
++1
++1
abc
1.2.3
000.e
abc
+
+
-
1e
+
e10
1.2.3
e10
1.2.3
0e
1.2.3
abc
abc
1ee2
1e-
1e
1ee2
1.2.3
0e
0e
0e
++1
1e-
abc
1.2.3
--2
1ee2
e10
abc
1ee2
1e+
1e-
e10
000.e
--2
-
e10
1e-
--2
0e
e10
1e
+
++1
.
abc
1.2.3
1.2.3
.
-
abc
abc
abc
abc
-
abc
--2
0e
+
+
e10
0e
--2
1e-
1.2.3
++1
+
0e
+
1e+
1.2.3
1e+
.
000.e
1e+
1e-
--2
1e
1.2.3
1.2.3
1ee2
0e
0e
1e-
1ee2
1ee2
+
.
abc
1ee2
--2
--2
e10
1e+
--2
1ee2
1ee2
1.2.3
1e
.
1ee2
.
--2
++1
e10
1e
0e
1e-
e10
000.e
1e+
000.e
1.2.3
++1
1e+
-
1.2.3
e10
.
abc
0e
-
0e
1.2.3
-
1ee2
abc
1e+
000.e
.
1.2.3
-
0e
e10
1e+
000.e
1e+
+
--2
1ee2
1e+
1.2.3
abc
0e
1e
--2
1ee2
0e
0e
-
1ee2
+
1.2.3
1e-
1e-
1e+
--2
abc
abc
1ee2
000.e
1e
+
1e
.
--2
--2
1ee2
1ee2
1e-
000.e
+
abc
0e
++1
.
--2
e10
e10
--2
++1
.
-
e10
-
-
.
1e
1ee2
0e
+
+
1ee2
1e-
-
--2
1e+
+
+
000.e
1e-
++1
abc
+
+
--2
0e
000.e
1.2.3
abc
-
--2
.
1e-
000.e
0e
+
abc
000.e
+
1ee2
000.e
1e+
abc
++1
e10
--2
++1
++1
1.2.3
000.e
e10
1e
+
1e+
-
000.e
++1
0e
abc
++1
++1
-
000.e
0e
000.e
abc
-
1e-
1ee2
1e
1.2.3
+
abc
abc
0e
-
abc
abc
.
e10
1e
1ee2
000.e
1e+
1ee2
1e+
1e+
.
.
1.2.3
1e+
1ee2
abc
+
1.2.3
-
1e
+
0e
1e+
--2
++1
0e
.
1e+
++1
-
-
e10
0e
1e-
+
1.2.3
+
++1
000.e
--2
000.e
1.2.3
abc
+
1.2.3
--2
1ee2
+
e10
+
++1
1e+
--2
1e
1e-
e10
e10
1.2.3
.
abc
e10
-
.
e10
-
++1
0e
--2
1.2.3
--2
1e
.
.
0e
000.e
000.e
+
+
0e
1ee2
1e
0e
.
1e-
000.e
-
000.e
.
0e
000.e
+
0e
1e
e10
1e
000.e
1.2.3
1e+
-
0e
1.2.3
0e
1e-
+
1e
1ee2
0e
000.e
1e-
1e
-
-
++1
0e
1e+
1e+
+
-
--2
abc
1.2.3
+
abc
-
0e
1e+
e10
abc
000.e
1e
e10
1e-
1e
1e-
1.2.3
1e
++1
abc
1e+
+
1.2.3
.
.
.
1.2.3
+
++1
0e
abc
.
1e+
--2
--2
--2
+
--2
1ee2
.
1e+
++1
abc
1e+
--2
--2
1.2.3
+
.
++1
1e+
.
abc
e10
1ee2
--2
e10
1ee2
.
e10
--2
e10
1ee2
abc
1ee2
++1
1e
abc
++1
1e-
abc
+
-
000.e
0e
++1
1e
abc
++1
1e
1ee2
1.2.3
.
000.e
1.2.3
abc
-
--2
--2
1e
0e
0e
1e
++1
-
000.e
1ee2
1e-
e10
+
.
0e
1.2.3
++1
1.2.3
++1
.
++1
000.e
000.e
-
+
0e
.
1.2.3
1.2.3
++1
000.e
000.e
1ee2
1.2.3
-
1e+
e10
++1
1.2.3
000.e
.
.
abc
000.e
1e-
000.e
abc
0e
.
++1
+
0e
.
1e
1.2.3
1e+
-
1.2.3
1e
1e+
e10
e10
1ee2
1e-
-
0e
0e
1.2.3
+
+
000.e
-
+
000.e
1e
1e-
e10
1e-
1e
+
+
1e
abc
1ee2
e10
1e
.
1e-
.
abc
+
1e-
1e
1e+
+
1e
1ee2
++1
+
--2
000.e
0e
1.2.3
1e-
1e+
1e-
1ee2
++1
+
1e+
-
-
abc
e10
0e
+
.
--2
abc
--2
abc
+
+
.
1e-
0e
1e
000.e
abc
-
1e
--2
1e-
e10
-
000.e
e10
.
1e
+
0e
-
0e
.
1.2.3
.
abc
e10
++1
1e
0e
1.2.3
000.e
++1
000.e
abc
.
-
--2
+
--2
1.2.3
-
abc
1e-
1e+
.
000.e
.
-
.
1.2.3
-
1ee2
--2
.
1e+
++1
--2
e10
+
1e+
e10
000.e
--2
.
+
1e-
abc
.
.
1e+
0e
1e
e10
1e
0e
+
e10
1e+
1e+
-
1e-
1e+
000.e
--2
1e
1.2.3
--2
1e-
1e
+
abc
.
++1
000.e
1e-
000.e
1e-
++1
1e
++1
+
1e+
1e
1ee2
--2
1.2.3
000.e
1ee2
1e-
++1
++1
abc
0e
--2
++1
1e+
-
1e
1.2.3
-
1ee2
abc
++1
1e
1e
.
e10
++1
++1
1ee2
--2
000.e
1ee2
-
.
e10
1.2.3
+
--2
000.e
.
1.2.3
1.2.3
1.2.3
abc
++1
000.e
1e
.
1e
abc
000.e
e10
e10
+
e10
--2
1ee2
000.e
1e
.
.
+
e10
1e
000.e
1ee2
0e
abc
-
0e
1e+
++1
e10
0e
e10
1.2.3
.
1e-
1e
1ee2
1e
0e
++1
1e-
1ee2
1.2.3
1ee2
1ee2
e10
1e+
e10
--2
-
1ee2
e10
0e
1ee2
1ee2
abc
000.e
abc
-
1e
1e-
abc
1e
1ee2
0e
e10
1e-
1e
.
-
abc
000.e
.
1e+
--2
e10
1.2.3
-
++1
1e
++1
1ee2
1ee2
1e+
1e-
--2
1e-
0e
1ee2
+
0e
1e+
abc
000.e
1.2.3
1ee2
000.e
1e
1.2.3
0e
++1
+
1e+
1.2.3
++1
+
1e-
--2
0e
--2
000.e
+
.
-
.
abc
1e
1.2.3
e10
e10
1ee2
e10
1.2.3
0e
1e-
000.e
+
000.e
0e
1.2.3
000.e
abc
0e
1e-
abc
1ee2
1e-
abc
+
1ee2
.
1e+
1e
e10
e10
1e+
.
1.2.3
1e
0e
1e-
000.e
.
1.2.3
+
0e
.
--2
e10
1ee2
++1
++1
1.2.3
0e
000.e
abc
++1
1e+
++1
e10
000.e
1e-
-
.
+
++1
1e-
e10
000.e
e10
0e
++1
--2
1e-
1e
1e-
0e
1e
.
1e-
1ee2
000.e
e10
++1
e10
1ee2
1e
++1
+
1.2.3
--2
1ee2
-
1ee2
000.e
abc
000.e
1.2.3
.
--2
0e
1.2.3
1e-
1.2.3
1ee2
1e+
1e-
0e
--2
+
1e-
-
1e-
000.e
1ee2
++1
abc
1e+
++1
000.e
abc
1e+
.
1e-
1ee2
1e+
++1
1e
-
0e
++1
1e-
abc
1e
++1
abc
++1
.
000.e
000.e
1e+
e10
0e
.
.
1.2.3
1e
abc
e10
+
-
1e
e10
.
--2
1e-
e10
-
+
abc
0e
.
++1
abc
--2
+
.
000.e
abc
abc
++1
1ee2
+
++1
-
1e-
++1
1e+
0e
-
1ee2
000.e
000.e
0e
1e+
-
--2
e10
1ee2
e10
1e+
.
abc
-
+
1e+
1ee2
abc
1.2.3
1e-
+
.
++1
abc
--2
++1
abc
+
++1
1e
0e
--2
++1
1ee2
1ee2
1.2.3
000.e
+
--2
1.2.3
0e
++1
++1
++1
000.e
e10
+
1e-
0e
1e
1e+
-
.
-
0e
1.2.3
1e+
++1
+
000.e
abc
1.2.3
000.e
-
1.2.3
0e
000.e
e10
-
1e-
--2
1e-
000.e
-
1e-
++1
--2
e10
.
.
e10
1.2.3
-
.
abc
--2
.
++1
1e
1e
1e-
1e
++1
abc
+
1ee2
1e+
1e+
1e+
-
--2
e10
1e-
-
1ee2
1ee2
0e
0e
+
++1
abc
--2
e10
0e
-
0e
1.2.3
-
+
--2
++1
1e-
+
1e-
1e
0e
-
1e+
0e
e10
1.2.3
--2
1e+
1ee2
e10
1.2.3
1e
1e-
1.2.3
1ee2
1e
e10
++1
e10
.
1e+
+
1e+
1e
abc
e10
abc
abc
1e+
++1
e10
1e-
0e
1e-
--2
1e-
++1
e10
1e
1e+
.
-
1.2.3
1.2.3
1ee2
1.2.3
1.2.3
-
.
1.2.3
000.e
abc
1.2.3
1.2.3
e10
abc
1e-
1.2.3
1e-
1e+
++1
1e+
+
++1
1ee2
++1
++1
+
+
0e
1e+
+
e10
abc
1e+
++1
0e
1ee2
abc
0e
--2
e10
++1
1e-
.
000.e
.
e10
abc
1e
abc
e10
+
-
--2
++1
0e
000.e
--2
abc
1.2.3
1e+
-
e10
-
0e
1e
.
--2
-
abc
+
1e
++1
+
0e
-
0e
1ee2
++1
-
.
+
e10
++1
+
1e
--2
++1
1e
e10
1e
.
1.2.3
+
0e
++1
e10
abc
--2
0e
0e
-
000.e
0e
abc
+
++1
1.2.3
1e-
0e
+
abc
1ee2
--2
e10
1e
000.e
1ee2
1e-
1.2.3
e10
1ee2
+
1e
1e-
-
abc
0e
++1
e10
1ee2
1ee2
e10
-
1ee2
1e-
-
e10
++1
-
1ee2
abc
1e+
.
1ee2
000.e
1e
abc
1e+
abc
++1
e10
--2
-
abc
1e
.
e10
e10
1.2.3
1e-
e10
++1
.
+
000.e
+
1e
.
000.e
1e-
0e
--2
abc
0e
000.e
1e
abc
--2
1.2.3
abc
+
1e-
1ee2
+
++1
1e-
0e
abc
--2
1e
0e
000.e
1e
.
000.e
000.e
abc
1ee2
000.e
-
.
-
1ee2
0e
--2
abc
abc
e10
000.e
1e-
1e+
0e
-
1e
.
1e+
000.e
.
0e
0e
++1
0e
++1
--2
--2
0e
000.e
e10
1e+
1e+
1e-
1ee2
1e
1.2.3
abc
+
--2
-
1ee2
-
++1
-
--2
e10
1ee2
+
1e
1.2.3
1ee2
1e+
0e
0e
1ee2
--2
1.2.3
1e
-
++1
abc
+
--2
--2
+
1ee2
0e
0e
abc
1e
abc
++1
.
1e
1.2.3
.
1e
+
-
1ee2
.
1e
-
abc
1.2.3
e10
1ee2
+
.
0e
1e
+
abc
1e+
1e-
1e-
e10
-
0e
abc
abc
-
1ee2
--2
++1
1e-
1e+
abc
0e
0e
1.2.3
1e-
++1
1e
.
1ee2
.
1e+
1ee2
e10
-
1e
e10
000.e
abc
1e
1e+
abc
1.2.3
1ee2
1e-
-
abc
.
-
000.e
1.2.3
++1
1e
.
1e+
-
1e
-
++1
+
000.e
e10
000.e
1e
e10
000.e
--2
++1
.
e10
.
-
.
1e+
.
1.2.3
0e
e10
e10
abc
.
1e+
000.e
1ee2
++1
1e-
abc
1e-
1.2.3
1e-
1e+
1.2.3
e10
--2
0e
--2
++1
.
--2
abc
1ee2
1ee2
e10
1e
.
1e-
abc
.
1ee2
--2
++1
+
000.e
000.e
abc
0e
1e-
--2
0e
abc
1e+
abc
1.2.3
1.2.3
1ee2
000.e
1e
1.2.3
+
abc
abc
1ee2
0e
1e-
1.2.3
1ee2
1e+
abc
1e+
+
0e
0e
+
000.e
+
1e
1.2.3
1e-
1e
+
0e
1e+
1ee2
1ee2
0e
000.e
e10
0e
++1
e10
-
abc
++1
abc
abc
0e
1e-
1.2.3
0e
--2
++1
1e
1e-
1ee2
1e-
+
1ee2
++1
1ee2
++1
1e-
1e
0e
--2
1e
1e
000.e
1e-
1e
abc
-
--2
1ee2
0e
1ee2
--2
1.2.3
0e
1e+
--2
1e
0e
-
--2
1e+
0e
abc
abc
1ee2
0e
+
abc
.
1.2.3
.
1ee2
000.e
+
000.e
1e+
.
--2
+
abc
000.e
abc
-
.
000.e
--2
1e+
1.2.3
1ee2
1e-
000.e
000.e
1e-
1e+
e10
1ee2
1e-
.
abc
--2
--2
--2
1.2.3
e10
1e+
0e
--2
+
1.2.3
1ee2
++1
1ee2
.
1e-
+
-
.
000.e
.
1.2.3
abc
--2
+
1e
e10
1e-
1e+
1e+
+
1e-
e10
e10
000.e
000.e
--2
e10
-
e10
--2
1e-
--2
++1
1e
1ee2
.
0e
+
1e-
1.2.3
1ee2
e10
-
+
1e+
1e-
-
-
-
.
e10
++1
1e+
1e+
abc
0e
1e+
abc
abc
--2
1e-
e10
+
++1
e10
1e+
000.e
1ee2
1e-
1.2.3
1ee2
1e+
0e
1.2.3
1.2.3
++1
abc
-
+
1e
000.e
1ee2
000.e
1e-
1ee2
1e
--2
abc
1.2.3
-
.
1e
+
1ee2
1e-
++1
.
1e+
1e
1e
1e-
.
1e+
.
0e
1e-
e10
0e
1e+
1e
--2
1e
++1
.
--2
abc
abc
+
1ee2
e10
1ee2
1e
1.2.3
1.2.3
+
1e+
1e+
0e
1e
1e+
++1
--2
1e-
0e
1e
1e+
1e+
--2
0e
1.2.3
0e
1e
abc
++1
1e-
0e
1e+
1e+
1ee2
abc
e10
0e
-
--2
++1
abc
0e
1e
1e-
abc
abc
1e
000.e
0e
000.e
1ee2
000.e
1e-
++1
1.2.3
1ee2
++1
1e
1ee2
-
1ee2
-
++1
+
+
1ee2
1.2.3
1.2.3
1e
++1
e10
-
abc
1e+
e10
e10
1e-
0e
abc
1e
++1
1ee2
0e
e10
1e-
1e-
0e
+
1e
1e+
0e
++1
1e-
--2
1e
abc
++1
--2
++1
++1
.
-
000.e
1e+
-
0e
.
--2
1e+
.
1.2.3
+
1e
+
+
e10
1.2.3
1e-
.
--2
--2
e10
1e
1e-
1e
++1
abc
-
+
abc
.
--2
.
1e
.
1e
--2
1ee2
e10
abc
1e+
1e-
000.e
++1
.
000.e
1e-
++1
.
0e
--2
1.2.3
.
abc
++1
1ee2
1e
000.e
000.e
abc
--2
1.2.3
1e+
++1
e10
1.2.3
--2
1ee2
1e
1ee2
1ee2
e10
.
1e
1e-
-
+
+
+
000.e
000.e
000.e
1.2.3
1.2.3
++1
1e-
000.e
+
1e+
1e-
1.2.3
-
1e-
-
1.2.3
1e
++1
+
1e+
+
1e+
--2
-
1e-
1ee2
1e-
1e-
1ee2
abc
++1
--2
.
e10
000.e
1ee2
.
1ee2
-
000.e
abc
0e
000.e
e10
1.2.3
1e-
0e
1ee2
000.e
-
-
1.2.3
1e+
abc
-
000.e
1e
++1
1e-
1e-
1e
1ee2
.
0e
-
-
0e
.
1e
1ee2
1e
0e
1e
1e+
++1
--2
1ee2
.
.
1e+
0e
1ee2
1e-
+
++1
1e-
1e+
1.2.3
1e
1e
1e
+
.
++1
000.e
1ee2
--2
1e+
.
+
e10
1ee2
1.2.3
--2
1e+
1.2.3
.
0e
1.2.3
1e+
1ee2
1e
+
--2
-
-
e10
1e-
--2
1e-
+
e10
0e
1e-
1ee2
1ee2
--2
-
.
+
1ee2
000.e
+
1ee2
abc
--2
+
+
--2
0e
000.e
1e+
1ee2
++1
1ee2
+
1e+
0e
1e-
0e
+
1.2.3
e10
1e-
1e-
1ee2
+
1e-
.
-
1.2.3
1.2.3
1.2.3
abc
1e+
+
1ee2
1.2.3
000.e
1e-
e10
e10
000.e
1e
e10
+
1.2.3
--2
abc
000.e
1e-
000.e
.
1ee2
-
--2
1e+
.
1e-
1.2.3
--2
.
1.2.3
--2
--2
.
1e+
++1
1e-
1ee2
000.e
-
.
--2
++1
0e
abc
0e
1e-
1ee2
--2
e10
1e+
1e+
++1
--2
-
1e-
++1
1e
e10
++1
e10
abc
1e-
0e
000.e
1ee2
+
++1
++1
1e
000.e
1e
abc
-
-
1.2.3
-
e10
.
1e-
000.e
1e-
1.2.3
000.e
1.2.3
1.2.3
1e-
000.e
e10
1e-
++1
1e+
-
1e
+
.
0e
--2
+
1.2.3
++1
1e
1e+
1.2.3
++1
1e-
1e-
1ee2
+
1e-
++1
1ee2
--2
1e+
000.e
1e
1e-
1ee2
++1
-
--2
1.2.3
0e
0e
000.e
--2
1.2.3
1.2.3
1.2.3
0e
1.2.3
1e
1e+
1e+
abc
1e-
1ee2
1e-
0e
1e-
1.2.3
abc
++1
+
000.e
0e
--2
.
.
++1
1.2.3
-
--2
-
1e+
--2
0e
+
1ee2
0e
-
e10
1e-
e10
1ee2
1.2.3
0e
1e+
e10
--2
1e
1e
000.e
1e+
000.e
000.e
000.e
000.e
1e+
1e-
+
--2
.
-
--2
1ee2
000.e
1e+
-
+
1e+
1.2.3
+
+
.
+
abc
-
e10
--2
e10
1e
1ee2
1.2.3
abc
-
e10
e10
.
000.e
1e-
000.e
--2
e10
000.e
1e-
--2
1e-
1e
.
1e+
1e+
0e
1.2.3
1.2.3
1.2.3
.
1e+
e10
++1
--2
0e
0e
1e+
1e-
000.e
abc
++1
+
1ee2
0e
--2
++1
abc
-
1e
.
1ee2
1e
1e+
0e
--2
--2
1e-
.
.
+
e10
1.2.3
.
1e
.
000.e
--2
abc
1e
e10
--2
1ee2
1e+
1e
.
1ee2
000.e
e10
+
-
--2
+
+
1ee2
--2
0e
--2
e10
++1
1.2.3
1ee2
++1
1.2.3
abc
1e+
abc
1e+
abc
0e
0e
--2
e10
1ee2
1e
abc
1e-
++1
+
e10
-
++1
1e
.
1e
-
1e-
000.e
000.e
.
1ee2
1e+
1.2.3
+
-
e10
1ee2
1.2.3
1.2.3
1ee2
++1
+
000.e
e10
-
abc
1e-
1e+
1.2.3
000.e
++1
1.2.3
e10
1ee2
+
++1
+
1.2.3
1e+
++1
1e+
1e-
--2
1e-
++1
++1
1e+
e10
abc
0e
1e+
1ee2
1.2.3
1e+
.
.
0e
.
1e+
1e
1.2.3
-
--2
1e-
abc
1.2.3
e10
e10
++1
1e-
e10
-
1.2.3
0e
abc
++1
-
e10
1e
-
1e
.
abc
1ee2
1e+
0e
000.e
1.2.3
+
1e+
1ee2
1e
-
000.e
1ee2
e10
1e-
1e+
1e
abc
-
1ee2
000.e
1e-
-
1.2.3
+
1ee2
1.2.3
000.e
abc
1e-
abc
1e+
1ee2
1e
-
+
++1
1e+
0e
1e
e10
1e
1.2.3
--2
.
0e
1ee2
1e+
+
+
1e+
e10
000.e
e10
1e
1.2.3
1.2.3
000.e
++1
-
-
++1
0e
1ee2
1e
--2
1ee2
.
000.e
abc
1e+
++1
1e
-
1e-
--2
1e
1e+
1ee2
1e+
1e
1.2.3
abc
1e-
1e+
1ee2
1ee2
+
.
1e-
1e
+
1e-
000.e
0e
abc
0e
1.2.3
1.2.3
1e-
++1
-
abc
+
1.2.3
1e-
0e
.
1e+
1e
1e+
++1
--2
+
1e
0e
--2
000.e
--2
1e+
1e+
abc
000.e
++1
1e+
000.e
++1
1ee2
1.2.3
abc
--2
1ee2
.
--2
000.e
1.2.3
1e-
+
1e
.
0e
++1
000.e
-
--2
abc
0e
1.2.3
e10
1e
-
abc
-
1e-
e10
0e
+
--2
++1
1.2.3
1e
0e
e10
000.e
1e+
1e-
e10
++1
e10
e10
-
+
0e
++1
--2
e10
000.e
1ee2
1e
.
0e
e10
++1
1e-
1e-
000.e
1ee2
e10
--2
0e
0e
e10
1e+
+
1.2.3
1e-
+
++1
1e-
0e
.
--2
1e+
e10
abc
000.e
1e-
abc
.
1.2.3
.
-
abc
-
1.2.3
000.e
+
000.e
000.e
--2
-
1e+
++1
1.2.3
1ee2
-
+
e10
1e+
abc
e10
1.2.3
1e+
-
1ee2
1ee2
abc
1.2.3
0e
-
1e
1ee2
000.e
++1
1ee2
+
1.2.3
e10
-
++1
++1
1ee2
0e
1ee2
000.e
1.2.3
0e
.
abc
++1
abc
--2
1e
1ee2
--2
1ee2
+
1.2.3
e10
1ee2
1e-
1e
1.2.3
1.2.3
+
--2
--2
1e+
++1
1e
.
abc
1e-
-
1ee2
1e
1e-
1e
1ee2
-
++1
0e
000.e
000.e
++1
1ee2
++1
--2
-
abc
1e
e10
.
e10
.
1e
1e
1e-
0e
++1
--2
0e
e10
+
e10
0e
abc
1e-
-
-
1e-
1e+
-
1.2.3
1e
++1
000.e
abc
-
000.e
1.2.3
0e
--2
1e-
.
e10
1e-
0e
-
.
1e+
1e-
1e-
--2
0e
000.e
1e+
0e
+
abc
--2
000.e
--2
++1
--2
1.2.3
1e+
1.2.3
abc
1e-
1.2.3
1.2.3
.
-
.
-
++1
1ee2
000.e
1e-
+
e10
e10
1e+
-
--2
++1
1e+
++1
1e
000.e
abc
1.2.3
1e+
1.2.3
++1
++1
000.e
1e-
1e+
1e+
+
0e
abc
1.2.3
000.e
1ee2
0e
abc
--2
-
abc
1ee2
abc
.
++1
000.e
1.2.3
1e
1ee2
1ee2
+
.
1ee2
e10
abc
1e
+
1.2.3
1ee2
abc
000.e
abc
1.2.3
e10
.
.
1e
0e
.
1e-
1e
1e
--2
e10
1e+
000.e
++1
e10
1e+
1e+
1e
.
-
1.2.3
+
000.e
1e+
+
++1
000.e
1.2.3
-
1e
1.2.3
1e+
000.e
++1
1ee2
1e-
1.2.3
e10
abc
1ee2
000.e
--2
++1
1e
abc
e10
1.2.3
.
++1
000.e
1e+
1e+
0e
abc
abc
e10
-
++1
1e-
+
++1
1ee2
--2
abc
abc
1.2.3
e10
.
1ee2
1ee2
1.2.3
1ee2
1e-
1e+
000.e
+
abc
1ee2
abc
++1
e10
1e
1e-
abc
e10
1ee2
e10
-
+
+
+
+
1e
1ee2
1e+
--2
e10
--2
1ee2
e10
e10
+
--2
1e+
.
abc
-
+
000.e
-
e10
000.e
1e+
abc
e10
1e-
000.e
1e
.
++1
e10
1e+
--2
000.e
1.2.3
1e
+
1e
1ee2
1e
1ee2
++1
000.e
1.2.3
1e-
1ee2
+
1e+
++1
.
000.e
e10
e10
-
--2
1e+
1.2.3
++1
0e
abc
e10
000.e
000.e
++1
000.e
--2
e10
1e-
e10
++1
000.e
1ee2
0e
1e+
0e
++1
1e+
e10
1ee2
1e-
++1
1ee2
e10
1ee2
+
1e+
000.e
1e+
1e+
1.2.3
000.e
0e
1.2.3
1e-
1ee2
--2
abc
1e+
-
-
++1
1e+
e10
000.e
++1
1e
1.2.3
1e
0e
1e
-
abc
+
e10
.
1e
0e
1e+
-
abc
.
1e-
--2
0e
1e
+
abc
+
-
000.e
1.2.3
1ee2
1e+
abc
++1
++1
.
--2
1e
++1
1ee2
++1
1e-
+
--2
.
--2
--2
.
1e-
0e
1.2.3
1.2.3
--2
abc
1ee2
000.e
e10
+
0e
e10
abc
--2
000.e
-
1e
1.2.3
1.2.3
1e+
.
1.2.3
1e
1.2.3
++1
abc
1e
1.2.3
.
1ee2
1e-
--2
1.2.3
++1
1.2.3
1ee2
1e+
1e-
--2
+
abc
++1
--2
1e+
0e
1e+
1.2.3
1ee2
0e
0e
abc
000.e
--2
1e+
+
e10
1e
1ee2
--2
1.2.3
1e
+
+
+
1e
1.2.3
1e
--2
--2
++1
1e+
--2
1e
1e
+
1e
1e-
0e
.
e10
1e-
1e+
1.2.3
0e
-
++1
000.e
1ee2
abc
.
-
.
1.2.3
000.e
e10
++1
0e
--2
1e-
.
1e
000.e
000.e
.
.
1ee2
1e-
e10
-
000.e
abc
1ee2
1e
.
1.2.3
e10
++1
.
.
1e-
1e+
1.2.3
e10
e10
-
1.2.3
.
1.2.3
1ee2
000.e
+
-
.
1e
abc
1e-
abc
1e+
abc
1e
e10
--2
1.2.3
e10
--2
1.2.3
1e-
+
1e+
1.2.3
--2
+
e10
1ee2
.
++1
1e+
000.e
++1
0e
+
-
1ee2
1.2.3
++1
e10
1e
+
1e
000.e
++1
1e+
.
1e+
e10
+
1ee2
1ee2
--2
0e
+
-
abc
e10
1ee2
1e+
++1
1ee2
+
000.e
++1
e10
abc
e10
1.2.3
--2
1.2.3
-
000.e
-
e10
-
abc
abc
1e
1e-
1ee2
e10
1e+
e10
000.e
1e+
0e
.
1e-
1.2.3
1e
1e
--2
1e+
++1
abc
0e
1e
-
1.2.3
+
1e+
1e+
0e
1e+
++1
++1
1.2.3
1e
0e
0e
+
1.2.3
-
abc
0e
1e
1ee2
-
1e+
1.2.3
1.2.3
--2
abc
+
--2
1ee2
+
-
1e-
1e
1e-
.
abc
+
e10
++1
1e+
0e
++1
1e
-
000.e
1.2.3
++1
1ee2
1e+
0e
--2
1e-
e10
-
++1
1e+
-
e10
--2
++1
--2
.
0e
0e
abc
e10
1e+
abc
-
+
1.2.3
--2
1ee2
-
-
abc
1e
abc
1e-
1e+
e10
1e+
1e
1e
+
e10
0e
e10
+
abc
1ee2
+
1.2.3
1e+
--2
+
--2
1ee2
++1
0e
1e+
1e-
-
1e+
--2
+
--2
-
0e
-
1e-
+
++1
++1
.
-
1e+
e10
.
++1
000.e
1.2.3
1e+
.
-
1ee2
e10
+
1e-
++1
abc
.
--2
1e+
1ee2
--2
000.e
1e-
1.2.3
abc
+
1e-
e10
--2
1e-
1ee2
1.2.3
-
000.e
000.e
1.2.3
e10
1e
1ee2
++1
+
1ee2
1.2.3
1e+
--2
.
0e
+
000.e
0e
1.2.3
.
--2
--2
abc
1e-
0e
e10
1ee2
.
e10
abc
1e+
e10
+
--2
1e-
0e
--2
1e
abc
abc
0e
abc
++1
1e
-
+
0e
0e
000.e
1e
abc
.
1e
1e-
1e-
1.2.3
1ee2
1e-
+
1e-
++1
1e
.
abc
1e+
abc
0e
-
++1
1ee2
e10
--2
1.2.3
abc
000.e
.
e10
e10
-
0e
1.2.3
-
1ee2
e10
1e-
abc
-
1e+
1e+
0e
++1
e10
+
+
1e-
++1
--2
+
1e
1e-
1e
1e+
.
1e-
1e+
0e
-
1.2.3
++1
+
abc
1e-
1e-
e10
0e
0e
-
--2
e10
-
.
1e+
1.2.3
e10
.
+
0e
1e
1ee2
abc
000.e
abc
1.2.3
1ee2
-
1.2.3
-
1e+
1e+
1e+
++1
e10
+
1.2.3
1e-
1ee2
e10
++1
-
1e
++1
abc
1e+
--2
1e-
-
1e
1ee2
000.e
+
abc
e10
1e
e10
000.e
1e-
000.e
1e
.
1.2.3
-
0e
abc
e10
0e
1e+
1.2.3
1e
++1
1e
+
1e
.
1e+
abc
--2
1e+
0e
1.2.3
000.e
+
++1
000.e
e10
1.2.3
1e-
e10
abc
1.2.3
0e
.
++1
+
1ee2
1.2.3
1ee2
+
1e+
--2
000.e
abc
++1
1e
--2
-
.
-
1e+
0e
-
e10
1e+
1.2.3
--2
1e+
0e
1e-
000.e
1e+
+
1ee2
++1
-
e10
+
.
+
1e
000.e
1e
1e+
-
1.2.3
1e+
-
.
1ee2
1.2.3
1ee2
e10
1ee2
1ee2
--2
1e
1e+
1e-
e10
--2
0e
e10
abc
1e-
1.2.3
1.2.3
++1
abc
abc
+
000.e
-
+
1e-
abc
1ee2
-
e10
1e+
0e
0e
.
1ee2
1ee2
1e-
.
0e
1e
1e-
--2
000.e
.
1e+
--2
-
1.2.3
1e+
.
1.2.3
1e
abc
.
.
1.2.3
0e
abc
0e
1e-
abc
--2
++1
e10
1.2.3
+
++1
1e
1.2.3
-
e10
-
1e
1e
1ee2
--2
1e-
abc
1ee2
-
1e
+
.
1e+
0e
--2
1e+
000.e
abc
--2
e10
1e
0e
--2
.
.
-
0e
1e+
++1
1e-
++1
1.2.3
abc
++1
+
abc
1e-
000.e
1ee2
1.2.3
000.e
e10
1e+
1.2.3
000.e
--2
0e
1e+
++1
1e
+
1.2.3
1e
.
1e
1.2.3
e10
1ee2
1.2.3
1e
+
--2
0e
000.e
abc
1e-
e10
1e+
-
1e+
0e
--2
1e+
e10
++1
1e-
+
++1
--2
0e
1.2.3
--2
abc
e10
--2
1e-
1.2.3
1e+
0e
+
1e-
1ee2
abc
1e
1ee2
1ee2
1e
-
1ee2
0e
1e+
1e-
0e
000.e
000.e
e10
--2
0e
++1
0e
0e
1e+
000.e
1e+
1e+
1e+
.
+
1e-
--2
1e
--2
1ee2
1e-
1e-
-
1e
++1
++1
1e-
+
1ee2
+
1e
--2
1.2.3
-
1ee2
++1
e10
0e
e10
1e-
++1
1e+
1ee2
e10
++1
++1
-
++1
1.2.3
1e-
++1
000.e
1e-
1e+
1.2.3
-
.
1e
e10
1e-
1ee2
++1
000.e
1e-
000.e
--2
1e+
-
e10
1e
1e-
--2
1.2.3
e10
++1
000.e
1.2.3
.
e10
abc
-
1e
0e
e10
abc
+
0e
1.2.3
.
1ee2
--2
0e
1ee2
1e-
1.2.3
--2
000.e
000.e
1ee2
1e-
1.2.3
1.2.3
1e
1e+
abc
--2
++1
e10
0e
-
.
++1
++1
1e+
1ee2
--2
abc
1.2.3
.
1ee2
--2
0e
000.e
1ee2
0e
1.2.3
1e-
--2
000.e
.
--2
--2
1e
1e
1e-
++1
0e
.
0e
-
+
-
1e
1e
1e-
1ee2
0e
000.e
abc
1.2.3
1ee2
1e
1e
1.2.3
e10
1ee2
e10
.
--2
+
++1
--2
abc
1ee2
--2
0e
000.e
000.e
1ee2
000.e
1e+
.
++1
0e
1ee2
1ee2
1ee2
--2
1e+
000.e
1.2.3
--2
1e
abc
abc
1ee2
1e
1e-
1ee2
1ee2
1e-
e10
1.2.3
1ee2
1.2.3
+
0e
e10
1e
000.e
.
000.e
1ee2
--2
.
.
--2
1e+
.
1.2.3
1e
e10
+
1e-
1e-
++1
1.2.3
-
0e
1e-
1e+
1ee2
1e+
1ee2
1e-
-
.
0e
++1
.
e10
000.e
+
1e+
000.e
-
0e
-
+
1.2.3
+
e10
abc
1e
1.2.3
1.2.3
abc
-
1e-
000.e
1e
-
.
1e+
0e
0e
0e
1.2.3
1e-
e10
++1
--2
e10
--2
1.2.3
1e+
+
1e
1e
--2
e10
1e-
1.2.3
1e
1e+
e10
--2
1e
1ee2
++1
000.e
1e
+
1e-
0e
0e
000.e
1e-
abc
0e
+
1.2.3
-
1.2.3
1e
000.e
--2
0e
000.e
.
+
1ee2
1ee2
e10
000.e
1e
+
0e
abc
000.e
1e-
abc
000.e
1e+
--2
-
000.e
abc
1e+
0e
e10
e10
.
-
+
e10
.
--2
++1
++1
1e+
1e-
1e+
1e-
1e-
1e+
+
1e+
e10
-
1e+
1e-
.
abc
1.2.3
+
--2
abc
.
+
1e-
1e-
1e-
1e+
+
1e
1e+
.
1e+
1e-
1.2.3
1.2.3
000.e
0e
e10
++1
1e
--2
abc
000.e
++1
abc
1e-
1e-
1.2.3
1e+
000.e
1e-
1.2.3
abc
1e+
e10
000.e
0e
abc
.
--2
.
.
1e
abc
1e-
--2
.
1ee2
0e
++1
000.e
e10
1.2.3
1e
1ee2
1e+
000.e
1e+
-
0e
0e
+
-
++1
--2
1e-
--2
1e
-
000.e
+
e10
0e
1e+
++1
.
.
1ee2
000.e
1.2.3
--2
++1
1e+
++1
1ee2
1e-
000.e
-
e10
abc
1.2.3
1e
1ee2
.
000.e
+
1e
abc
e10
--2
1ee2
.
1e+
e10
1e-
1e
--2
0e
1e+
-
.
000.e
-
1e
1e
--2
1e+
000.e
++1
1e+
000.e
000.e
1e-
--2
-
++1
.
++1
1e+
1.2.3
0e
.
000.e
000.e
e10
000.e
abc
-
.
e10
abc
--2
++1
--2
1e-
000.e
000.e
++1
0e
-
1ee2
0e
++1
1e
e10
--2
1e
e10
1e-
1ee2
1e
abc
-
1e+
1e+
--2
1.2.3
1e+
++1
-
+
1e+
1e-
000.e
abc
+
1e+
1ee2
+
000.e
-
+
1e
1e+
1e
+
++1
e10
e10
e10
--2
1ee2
++1
1.2.3
1.2.3
1.2.3
1e+
1.2.3
1ee2
1.2.3
e10
1e
0e
abc
1.2.3
0e
--2
1e-
1.2.3
-
abc
abc
+
e10
abc
0e
.
.
1e-
--2
abc
1ee2
e10
1e+
.
abc
++1
.
abc
1ee2
1e
abc
.
-
1e-
1ee2
1e-
0e
e10
1e+
--2
.
1e
++1
++1
e10
1e
1e
1e+
--2
++1
+
1e+
0e
1ee2
abc
abc
1.2.3
-
1.2.3
1e
-
1e
1e
0e
1.2.3
1e
abc
1e+
.
1e
--2
1e-
1e+
1e+
1e-
1e
abc
1e
++1
1e+
++1
1e
000.e
1ee2
1ee2
abc
1ee2
abc
.
1e-
++1
++1
+
1ee2
1e-
1e+
.
1.2.3
++1
e10
1.2.3
+
1e
000.e
++1
e10
+
abc
1ee2
1.2.3
1e-
1e+
--2
.
++1
1e-
1ee2
.
1e-
abc
0e
0e
--2
1e
1ee2
000.e
.
1ee2
+
++1
.
abc
--2
e10
e10
--2
000.e
+
1e
1.2.3
+
e10
--2
++1
000.e
1e+
.
1e
1e-
++1
0e
0e
1e+
1.2.3
0e
abc
--2
+
1e+
1.2.3
+
--2
e10
+
000.e
++1
abc
1e
000.e
0e
--2
abc
1ee2
-
e10
.
+
++1
000.e
--2
1e+
1e
+
1e
.
--2
e10
1e-
+
-
++1
1.2.3
1e
1e-
1e-
+
1ee2
+
+
abc
--2
000.e
abc
++1
++1
e10
1e+
000.e
+
000.e
0e
+
-
e10
1ee2
++1
0e
--2
1ee2
1ee2
e10
1e
1.2.3
000.e
++1
e10
-
0e
000.e
1e+
e10
1ee2
-
000.e
0e
000.e
-
abc
e10
--2
1e
abc
--2
1e+
e10
e10
000.e
000.e
1e-
1.2.3
e10
1.2.3
abc
.
000.e
e10
--2
1e-
1ee2
1e-
-
0e
-
+
1e+
e10
abc
000.e
++1
e10
1e-
++1
1e+
-
+
++1
1e+
0e
++1
.
e10
e10
1.2.3
.
-
1e+
e10
.
0e
-
--2
e10
000.e
1e
1e-
.
1.2.3
0e
1ee2
1e+
1e
++1
0e
+
e10
.
++1
--2
1ee2
e10
--2
e10
e10
-
1ee2
1.2.3
++1
1e+
1e-
000.e
0e
++1
1.2.3
1e-
0e
--2
1.2.3
+
1e
0e
abc
000.e
000.e
++1
abc
-
abc
1ee2
--2
0e
1e-
1ee2
1e
1.2.3
e10
abc
+
e10
++1
+
--2
1e
1.2.3
++1
1ee2
+
1e+
1e
1e
000.e
--2
+
++1
abc
0e
1.2.3
++1
1e+
1ee2
1e+
1ee2
1e-
e10
abc
0e
.
1e-
-
1e-
1e
1e
1.2.3
-
abc
1e
++1
--2
+
-
1e+
++1
1e-
1e+
.
000.e
1e
1e+
++1
000.e
.
abc
e10
1e-
--2
--2
1e
1.2.3
1.2.3
++1
000.e
1e-
1ee2
abc
+
+
+
1e
--2
1.2.3
abc
000.e
0e
1.2.3
-
1e-
1e+
1e+
abc
000.e
-
1.2.3
1e-
-
--2
1.2.3
0e
+
e10
abc
e10
1ee2
+
abc
000.e
000.e
+
0e
abc
--2
-
++1
abc
0e
1e-
.
-
--2
1e
1.2.3
.
.
--2
1.2.3
1e+
++1
+
abc
e10
--2
abc
1e
1e+
++1
++1
1ee2
++1
1ee2
+
+
1e+
1.2.3
1e
1ee2
abc
e10
1.2.3
1e-
1e-
-
1e-
1ee2
0e
0e
000.e
e10
0e
000.e
--2
++1
1e
1.2.3
1.2.3
++1
1.2.3
1e+
1e
--2
.
1ee2
000.e
1e-
+
1.2.3
++1
+
+
000.e
--2
.
e10
0e
1ee2
1e-
++1
-
1e
e10
.
1ee2
000.e
1e
++1
e10
1e-
+
--2
1e+
+
e10
+
e10
1.2.3
000.e
1ee2
1ee2
abc
1ee2
1e
e10
1e+
.
1.2.3
1e-
000.e
1.2.3
-
000.e
abc
-
1e-
0e
++1
++1
-
1e-
1ee2
-
1.2.3
+
1e-
++1
000.e
1.2.3
.
1ee2
000.e
000.e
++1
0e
1ee2
+
1e+
--2
e10
+
1e
1e
1.2.3
-
e10
1e-
1e+
1e
++1
1ee2
-
0e
000.e
0e
--2
--2
e10
1e+
e10
--2
1e
.
--2
1ee2
--2
+
.
++1
1.2.3
000.e
1.2.3
abc
1ee2
e10
1ee2
abc
abc
1e-
1e+
-
e10
+
1e+
abc
1e-
1.2.3
1e-
-
1e
+
+
1e-
+
1e-
-
-
-
e10
e10
--2
1e+
abc
1e
1e+
.
-
e10
-
000.e
1e-
1e-
.
+
abc
1ee2
1.2.3
-
1e+
--2
--2
1ee2
1.2.3
1ee2
000.e
-
1e+
--2
++1
0e
000.e
++1
--2
1.2.3
1ee2
1e
.
000.e
++1
1e
1e
000.e
1e+
-
.
1e-
1e-
1e+
.
--2
e10
1ee2
+
+
++1
--2
1e-
.
.
.
000.e
1e
1e+
.
+
.
--2
++1
1ee2
+
e10
++1
1.2.3
000.e
1e
000.e
--2
1e-
e10
-
1e
0e
e10
1e+
.
e10
1e-
+
000.e
+
0e
e10
000.e
-
1ee2
1e
abc
1e
+
1e-
1e-
+
1e-
1e
1e+
++1
e10
--2
+
e10
0e
0e
0e
1e
+
--2
+
1.2.3
000.e
1e-
1e
--2
+
000.e
abc
0e
000.e
++1
1e
1ee2
1e
++1
+
--2
000.e
e10
1e
000.e
++1
++1
--2
.
.
000.e
000.e
1e-
+
1ee2
.
++1
1.2.3
--2
e10
1e-
1ee2
abc
1e-
.
+
+
.
+
e10
1e-
1.2.3
e10
0e
1e
0e
abc
0e
e10
1e
e10
1.2.3
.
-
--2
--2
1ee2
+
1e
-
--2
+
000.e
000.e
1ee2
0e
abc
-
1e
1e+
1e+
e10
1ee2
000.e
e10
1.2.3
000.e
e10
0e
0e
abc
--2
1e-
abc
++1
abc
abc
1e+
000.e
1ee2
0e
-
--2
1e
1e-
1e
--2
abc
1.2.3
abc
0e
+
+
-
abc
1e-
abc
++1
+
1e-
++1
e10
++1
e10
-
abc
1e
++1
000.e
000.e
1e
1ee2
+
1.2.3
+
0e
++1
1e
--2
1e-
abc
.
1.2.3
e10
000.e
1e+
e10
++1
-
1e+
000.e
-
-
1ee2
abc
1e+
0e
e10
--2
.
1e-
abc
1e-
-
e10
1e+
1e-
--2
1e-
+
++1
000.e
0e
-
1e
000.e
e10
000.e
.
--2
1e+
0e
000.e
0e
.
1.2.3
abc
000.e
++1
1e
1e
0e
000.e
-
1.2.3
0e
++1
++1
1e
-
++1
000.e
-
1e-
1e-
e10
0e
1e-
--2
1e+
1e
--2
++1
abc
1e-
.
1e
0e
-
1e
000.e
-
000.e
--2
1ee2
.
0e
+
++1
-
1e+
++1
0e
+
1e-
000.e
1ee2
1.2.3
++1
1.2.3
--2
1ee2
1e+
e10
1.2.3
1ee2
e10
--2
1e+
000.e
0e
+
abc
e10
e10
-
abc
abc
000.e
1e-
++1
abc
000.e
.
1.2.3
--2
+
1ee2
1ee2
-
1e-
--2
1e
++1
1ee2
++1
+
-
0e
.
abc
++1
--2
1ee2
e10
--2
-
0e
1ee2
1e+
0e
--2
e10
000.e
--2
e10
.
0e
+
0e
++1
-
1ee2
.
e10
1e
e10
1e
--2
1.2.3
+
++1
1e+
000.e
1e+
--2
1e+
.
0e
++1
1.2.3
1ee2
++1
e10
-
1e
+
e10
--2
+
1.2.3
0e
abc
1e+
abc
1e
1e
1e+
1e+
1e+
++1
000.e
000.e
1e+
e10
1ee2
e10
e10
1e-
1e-
.
1.2.3
e10
abc
1ee2
0e
1e-
1e-
0e
000.e
-
++1
e10
000.e
1e
1.2.3
++1
.
1ee2
-
-
1e
000.e
++1
0e
1e-
-
+
1.2.3
1e
1.2.3
1ee2
+
1ee2
e10
e10
abc
+
++1
1e
.
1ee2
abc
.
1e+
.
+
1e
1ee2
-
.
e10
0e
000.e
0e
++1
1.2.3
abc
000.e
1.2.3
1e-
1e+
1e
+
e10
++1
-
e10
-
1e+
--2
e10
000.e
1e-
1ee2
e10
--2
e10
1.2.3
+
0e
.
-
+
1e
1.2.3
.
1e+
1ee2
e10
--2
.
.
-
000.e
+
abc
1.2.3
1.2.3
--2
1e+
0e
.
0e
1ee2
000.e
0e
+
0e
1e-
1.2.3
--2
e10
1e
+
-
000.e
e10
e10
++1
abc
0e
1e-
--2
+
.
1ee2
1ee2
0e
1e-
1ee2
--2
--2
1e+
1e
+
+
++1
+
++1
+
1e+
1e-
e10
-
-
--2
e10
1e-
++1
000.e
1.2.3
--2
000.e
+
1e+
1e-
1.2.3
1e
1e+
1.2.3
.
1ee2
abc
1e-
-
.
1e-
e10
0e
1e+
0e
000.e
.
1.2.3
0e
1ee2
-
1ee2
--2
-
--2
000.e
--2
e10
.
1e-
abc
+
--2
1e-
1e+
1e-
.
000.e
1e
000.e
-
1e+
.
0e
1ee2
1e
000.e
1ee2
.
e10
0e
0e
0e
1e
--2
e10
-
e10
0e
+
--2
1.2.3
1ee2
0e
+
++1
abc
000.e
.
-
-
abc
--2
1e
--2
.
e10
.
-
e10
1e+
+
0e
.
--2
000.e
1e+
1e-
abc
e10
1.2.3
+
--2
000.e
e10
abc
1e-
+
0e
1ee2
1e-
1.2.3
++1
1ee2
1e-
0e
1e
1e-
+
++1
1.2.3
--2
--2
e10
000.e
1.2.3
1e
--2
abc
1e+
1.2.3
.
abc
+
.
++1
.
0e
000.e
.
1.2.3
.
1e+
abc
++1
abc
0e
.
000.e
+
-
-
++1
000.e
1e+
-
1e
1e
1.2.3
++1
--2
1e+
++1
1.2.3
-
-
0e
e10
--2
1ee2
1.2.3
++1
1ee2
0e
1.2.3
++1
--2
1e
+
.
1e
1e-
000.e
0e
e10
1e-
1.2.3
000.e
abc
.
1e
+
000.e
1e-
--2
1e-
1.2.3
1e
--2
1ee2
--2
+
-
+
000.e
-
1e+
e10
abc
-
+
1e+
-
1e+
e10
++1
.
000.e
1ee2
1e-
--2
000.e
1e
+
e10
+
1.2.3
e10
-
1ee2
1e+
000.e
1e+
1ee2
0e
0e
abc
000.e
-
-
1ee2
1e+
--2
++1
000.e
-
000.e
e10
e10
-
-
1e-
-
1e-
1.2.3
1e-
1e
--2
e10
1ee2
.
1ee2
1e-
1e-
1ee2
.
++1
1e-
e10
0e
1e
1e-
1e
++1
+
1e-
-
000.e
e10
0e
0e
e10
.
1ee2
000.e
1.2.3
1e+
1.2.3
--2
1e
-
e10
000.e
--2
0e
1ee2
1e+
e10
-
1ee2
+
1.2.3
--2
1ee2
1e-
0e
abc
--2
1e+
-
++1
-
1ee2
abc
e10
-
-
000.e
e10
1ee2
1ee2
e10
0e
1ee2
1ee2
1e-
.
000.e
000.e
1e+
1.2.3
1.2.3
000.e
1ee2
000.e
1.2.3
--2
1ee2
1.2.3
++1
1e+
1ee2
abc
++1
1ee2
.
0e
1e+
-
--2
1e-
--2
1e+
--2
1e-
0e
000.e
e10
1e+
1e-
1ee2
+
e10
1e
1e+
1.2.3
000.e
1e
.
abc
1ee2
1e+
abc
1e+
e10
++1
--2
.
abc
-
0e
000.e
-
+
1e-
1ee2
1e+
1e
1.2.3
--2
1e+
abc
1ee2
000.e
+
--2
1e-
++1
e10
1e-
000.e
1e-
1e-
+
1e+
++1
1e+
+
1e+
+
1e-
+
e10
++1
abc
abc
abc
000.e
1e-
1ee2
1ee2
.
.
+
1ee2
--2
+
--2
.
1e-
-
1e
1e+
1e
1e
--2
+
1ee2
+
0e
1e+
000.e
0e
1e+
abc
+
1.2.3
1e
.
--2
++1
abc
e10
.
e10
0e
0e
1e-
0e
1e
1e
0e
1e-
e10
.
.
+
+
.
1e-
1e-
0e
-
.
e10
-
1e-
--2
0e
0e
1.2.3
000.e
1.2.3
abc
1.2.3
1e-
abc
1e
1e
++1
abc
e10
1e
1e-
.
1.2.3
1e+
1e+
0e
1.2.3
+
--2
1e+
1.2.3
0e
1e-
abc
+
.
1e+
1.2.3
e10
-
1e
e10
.
1.2.3
1.2.3
0e
++1
.
0e
-
000.e
++1
--2
++1
1e+
1ee2
1ee2
1e
1e-
--2
.
0e
1ee2
000.e
+
1e
--2
--2
1e-
1e
1e
abc
+
0e
--2
1e
+
++1
1e+
1e
+
1e
+
.
1.2.3
e10
1.2.3
.
1e
++1
++1
1e+
++1
+
.
0e
++1
--2
1e+
1e-
++1
.
000.e
-
e10
1ee2
1e
0e
1.2.3
e10
abc
1.2.3
1e-
1e
1e-
1e-
.
000.e
--2
000.e
+
-
e10
+
e10
--2
+
+
++1
1.2.3
1.2.3
1e-
abc
-
abc
1e
1e+
1e
.
--2
1e-
1.2.3
abc
--2
-
000.e
1e-
abc
1e+
.
--2
.
1.2.3
--2
0e
000.e
+
1e
1e+
1e+
1e+
--2
1.2.3
1e-
-
e10
1ee2
000.e
1e-
1e+
1e-
1e+
.
e10
+
.
000.e
+
--2
e10
.
1e+
e10
000.e
1e+
0e
.
abc
++1
.
1.2.3
+
--2
000.e
--2
1e-
.
0e
--2
0e
1ee2
+
0e
0e
1.2.3
0e
++1
1e+
000.e
1.2.3
--2
000.e
-
1.2.3
1e+
1e-
--2
1e
1e+
1e+
1e-
--2
000.e
e10
1e-
1e+
e10
0e
.
++1
++1
-
000.e
000.e
abc
e10
+
e10
-
1ee2
++1
-
++1
000.e
-
1e
0e
1.2.3
+
e10
--2
0e
1.2.3
0e
1e
1e-
1e+
-
e10
000.e
1.2.3
0e
e10
1e+
1e+
.
1.2.3
000.e
e10
0e
e10
1.2.3
abc
1e
abc
1e
1e
1.2.3
1ee2
1e-
-
1e-
.
abc
++1
1.2.3
abc
abc
-
1e
0e
1e+
1ee2
1e+
1ee2
++1
000.e
++1
1ee2
e10
1.2.3
abc
e10
-
0e
e10
0e
000.e
0e
e10
1e+
1e-
1ee2
0e
1.2.3
abc
--2
1ee2
0e
--2
1e
1e-
+
++1
.
.
1.2.3
+
abc
000.e
++1
1e
.
1ee2
1ee2
1e-
1e
1e
.
e10
abc
--2
++1
000.e
+
++1
abc
-
-
0e
1.2.3
1e
++1
1e-
--2
+
1ee2
000.e
e10
1e+
1e+
1ee2
abc
e10
1e
.
1e
--2
--2
000.e
.
--2
1e
1e-
--2
1e-
e10
+
1e+
1e-
1e
+
e10
1ee2
++1
1e+
e10
000.e
000.e
.
0e
-
1ee2
1e
+
1e+
.
-
+
-
+
abc
abc
000.e
--2
.
1ee2
.
000.e
--2
++1
1e
000.e
1e
1ee2
1.2.3
abc
-
1ee2
+
e10
.
++1
-
e10
abc
++1
1.2.3
e10
1e-
--2
0e
1e-
+
1e+
.
1ee2
1e+
0e
1e+
1e-
+
000.e
--2
-
++1
1.2.3
0e
abc
--2
000.e
abc
1.2.3
1.2.3
1e+
-
.
-
abc
000.e
e10
abc
-
0e
1e+
0e
1e-
e10
+
1ee2
.
abc
1e+
.
abc
-
--2
e10
1.2.3
1e+
--2
1ee2
.
abc
abc
1e
e10
000.e
--2
000.e
e10
-
++1
000.e
e10
1e+
1e
e10
000.e
1e-
000.e
.
1e-
+
.
++1
1e+
++1
1e+
--2
1e-
e10
-
.
-
abc
1ee2
1e-
000.e
1e+
1e
1.2.3
--2
--2
0e
.
000.e
+
000.e
1e+
1e-
++1
abc
+
--2
1e-
-
0e
1e+
1.2.3
1e-
.
++1
+
1e-
000.e
1e
000.e
1e-
+
1e
1e+
1ee2
+
.
1e
--2
-
-
0e
1ee2
abc
e10
--2
--2
0e
1ee2
--2
1.2.3
+
1.2.3
++1
abc
1e
1e-
++1
-
1ee2
-
1.2.3
abc
1e+
+
1ee2
+
1e-
abc
000.e
e10
000.e
++1
.
abc
++1
000.e
1.2.3
++1
1.2.3
000.e
e10
1e-
000.e
abc
1e-
1ee2
--2
000.e
1e
-
1e-
000.e
--2
--2
e10
abc
1e+
--2
++1
++1
abc
000.e
+
e10
e10
+
+
1.2.3
-
1.2.3
000.e
-
1ee2
1.2.3
1e
.
e10
1e-
1e-
1e+
.
000.e
.
-
1e
1ee2
1ee2
1e-
1e
1e
000.e
1e
0e
1ee2
.
e10
++1
abc
000.e
1e+
e10
1ee2
1e+
1ee2
abc
++1
1.2.3
1e-
-
e10
000.e
e10
0e
-
.
1e+
1e
1e+
000.e
++1
-
-
1e-
1e
-
1e
000.e
1e+
1.2.3
1e-
1e+
++1
e10
abc
.
1ee2
--2
0e
1e+
-
+
1e+
0e
++1
e10
1e
-
000.e
+
--2
++1
++1
-
000.e
-
0e
++1
abc
--2
0e
-
--2
.
.
--2
1ee2
1e-
e10
1ee2
--2
1e+
1e+
-
1e+
1e+
1e+
++1
1e+
1e-
+
--2
++1
e10
.
1e+
1.2.3
1ee2
1e-
-
1.2.3
e10
.
+
000.e
e10
.
1e+
1e+
1e
--2
--2
1.2.3
1e-
--2
1e-
1.2.3
e10
1e+
1e
1e+
1e+
1ee2
000.e
++1
1e+
000.e
--2
-
1.2.3
++1
--2
000.e
.
abc
abc
1e+
0e
1e+
1ee2
e10
1ee2
-
--2
1e-
1ee2
abc
1e+
1.2.3
1e-
1e+
1e-
1ee2
+
e10
1.2.3
0e
abc
--2
--2
1e-
000.e
e10
.
1e-
1e-
+
1e+
--2
000.e
1.2.3
1e
1e
000.e
+
-
0e
e10
1e+
e10
abc
1ee2
1.2.3
-
.
1e+
abc
1e
--2
0e
e10
++1
-
000.e
abc
-
1e
0e
0e
0e
abc
abc
1e
+
+
abc
1e
++1
1e
1ee2
0e
abc
e10
+
++1
1e
1e+
1e
abc
000.e
1ee2
--2
1e+
1e
++1
-
-
e10
--2
1ee2
0e
.
1e
.
1e-
--2
abc
--2
1ee2
+
1e
abc
+
abc
1ee2
e10
1e+
-
1ee2
1e-
1ee2
+
1e+
1ee2
000.e
1e+
1e
-
.
+
e10
000.e
0e
1e
1ee2
1e-
++1
1e
000.e
-
1.2.3
--2
-
000.e
++1
e10
0e
1e-
000.e
.
.
--2
+
abc
--2
abc
1.2.3
1e+
.
1e+
1e-
1ee2
.
000.e
.
1.2.3
--2
0e
abc
-
abc
000.e
-
--2
abc
1e-
++1
1e
++1
1ee2
0e
abc
--2
++1
1.2.3
+
e10
1.2.3
abc
++1
--2
1ee2
1ee2
e10
-
0e
1e-
e10
1e+
.
.
000.e
abc
++1
1e
000.e
++1
1.2.3
1e-
000.e
1e-
.
+
.
1.2.3
+
000.e
000.e
1ee2
000.e
000.e
1ee2
1ee2
-
000.e
0e
++1
.
abc
-
1.2.3
1e
000.e
abc
e10
1e+
--2
000.e
1e-
1e-
1e+
.
-
e10
-
1e-
++1
+
e10
--2
e10
1e
1e+
--2
1e
-
e10
.
e10
000.e
1e
e10
.
e10
e10
++1
++1
++1
++1
++1
e10
+
1ee2
1e-
.
-
++1
000.e
1e+
0e
+
e10
1e-
1.2.3
++1
.
.
--2
1e-
1e+
1.2.3
-
-
1.2.3
1e
0e
1e-
e10
1e+
1.2.3
.
++1
1ee2
-
-
1e-
0e
0e
1ee2
++1
--2
-
000.e
1ee2
1ee2
+
000.e
+
+
-
1ee2
abc
--2
e10
++1
0e
e10
000.e
.
000.e
.
e10
abc
+
++1
++1
1e
+
--2
--2
1e-
+
1e-
+
++1
-
000.e
0e
++1
abc
0e
1e
++1
abc
+
1e
1e
000.e
e10
++1
0e
.
1e-
1ee2
e10
1e-
.
.
-
--2
--2
++1
e10
1e-
e10
--2
abc
1ee2
--2
1e-
0e
--2
.
abc
1.2.3
1e+
-
1e-
0e
--2
1e-
1.2.3
--2
--2
++1
-
++1
1e-
--2
000.e
.
+
-
+
++1
1.2.3
1e+
0e
e10
+
.
+
+
1.2.3
1e
.
-
abc
1e+
.
0e
0e
1e
1e-
1e-
1e-
1ee2
abc
.
1ee2
1e
1e+
1e-
e10
1ee2
.
1.2.3
+
--2
-
++1
1e
--2
1e+
.
+
1ee2
0e
.
e10
abc
e10
1ee2
+
--2
+
abc
1.2.3
-
1e
1e-
abc
+
1e-
1ee2
++1
++1
e10
e10
.
-
abc
1.2.3
e10
.
abc
1.2.3
+
--2
abc
+
1ee2
++1
abc
+
1.2.3
1e
0e
1e-
++1
1e
-
--2
.
1e-
1ee2
--2
--2
abc
++1
+
1ee2
1e-
+
--2
.
abc
1ee2
000.e
e10
000.e
1e
e10
1e+
1e+
++1
e10
abc
.
1.2.3
1e-
-
1e
1e-
1e-
+
-
1ee2
+
--2
000.e
0e
1e-
abc
+
++1
--2
+
++1
0e
1e
1e+
--2
0e
e10
--2
+
1.2.3
1e
+
000.e
1e-
1e-
000.e
1e
abc
000.e
1e
1ee2
0e
1ee2
0e
1ee2
+
+
1.2.3
0e
--2
1ee2
abc
.
1.2.3
1ee2
abc
1.2.3
-
++1
1e
0e
1e-
1e+
1e
1e+
--2
++1
++1
abc
e10
.
1ee2
1e
++1
1e
++1
1e+
+
abc
1e
1.2.3
1e-
+
1e+
0e
++1
1ee2
0e
1ee2
-
1e-
1e-
1e-
.
1e+
1e-
-
++1
0e
1ee2
.
-
e10
1e-
1e
--2
.
1e-
-
1.2.3
.
abc
+
abc
1e+
000.e
abc
e10
.
-
+
abc
1ee2
000.e
1ee2
++1
1e+
1e
+
--2
1.2.3
e10
-
+
-
1e-
000.e
++1
000.e
1ee2
1e+
0e
e10
e10
1e
-
0e
++1
1ee2
0e
e10
e10
++1
1ee2
--2
+
000.e
1e+
1ee2
000.e
1e-
.
--2
.
1ee2
1e-
+
--2
1e
0e
0e
000.e
000.e
--2
1ee2
++1
abc
e10
1.2.3
0e
1e+
e10
1ee2
1ee2
1ee2
abc
+
.
abc
.
0e
1e
--2
abc
1.2.3
000.e
e10
1ee2
1e+
1.2.3
1ee2
--2
--2
e10
+
1e
--2
abc
1.2.3
--2
000.e
.
-
.
1.2.3
000.e
+
000.e
-
abc
000.e
+
1e+
++1
-
.
1e
1.2.3
e10
--2
1e
-
000.e
000.e
-
++1
000.e
abc
1.2.3
-
1.2.3
++1
-
.
.
1ee2
1ee2
e10
abc
-
+
1e+
++1
abc
1ee2
0e
+
1.2.3
+
000.e
abc
1ee2
e10
1ee2
abc
++1
-
e10
.
1e
1.2.3
000.e
0e
abc
e10
abc
1.2.3
-
.
--2
++1
0e
1.2.3
000.e
abc
++1
++1
1e+
1ee2
1e-
e10
1e+
e10
+
.
0e
.
--2
1.2.3
-
1.2.3
.
e10
e10
abc
-
1.2.3
--2
0e
+
1ee2
.
--2
abc
+
+
abc
.
0e
++1
++1
++1
+
1e
1ee2
--2
-
000.e
-
1e-
1.2.3
1e
--2
1ee2
1.2.3
0e
1e+
0e
abc
-
1e+
+
e10
000.e
-
.
abc
+
++1
-
++1
1e+
e10
--2
000.e
--2
1e+
++1
++1
+
--2
e10
e10
++1
1ee2
abc
0e
-
1.2.3
.
0e
-
-
0e
1e+
1e-
-
+
1e
e10
000.e
1e
--2
1e
e10
0e
1.2.3
0e
+
1e-
1e-
e10
abc
--2
1e+
1.2.3
1.2.3
1e
0e
000.e
++1
-
1.2.3
--2
1e-
0e
1e+
+
0e
1e
1e+
-
.
1ee2
++1
+
+
abc
000.e
000.e
1e
1e-
-
e10
1.2.3
1ee2
e10
--2
-
1.2.3
++1
e10
abc
000.e
0e
1ee2
0e
1e+
e10
1e
0e
++1
1e+
+
000.e
++1
000.e
.
+
1e-
++1
0e
.
000.e
++1
0e
.
+
e10
--2
0e
+
--2
abc
.
1ee2
e10
000.e
-
--2
--2
--2
1e
--2
.
e10
0e
-
.
++1
1e
-
1e
1e-
000.e
--2
000.e
--2
-
1.2.3
-
-
000.e
++1
abc
++1
++1
+
1e-
+
1.2.3
000.e
1ee2
++1
1e
1e
-
+
--2
--2
0e
--2
000.e
e10
.
1e-
abc
1e
.
1e
+
0e
1e
1e+
000.e
1e+
++1
e10
1.2.3
1e+
1e-
1e-
--2
000.e
1e-
1e+
1e
--2
+
1e-
1e
000.e
.
e10
1.2.3
000.e
1e-
-
.
1e-
-
1e
--2
000.e
.
.
-
++1
1e-
.
abc
e10
0e
0e
++1
1e
000.e
1e
e10
1e-
1e
e10
.
abc
0e
-
1ee2
1e+
abc
--2
1ee2
1ee2
--2
1e-
e10
0e
1e+
.
e10
--2
1e
++1
1e
.
000.e
000.e
1e+
++1
1e
1e-
1e
++1
e10
--2
1ee2
1e-
e10
0e
++1
1ee2
.
1e-
1.2.3
1.2.3
1ee2
0e
1e-
1e
abc
-
1e
++1
1e
1.2.3
-
-
.
-
1e
1e+
1.2.3
-
.
000.e
1e
-
1e-
1.2.3
0e
++1
+
0e
1e
e10
000.e
1ee2
.
--2
.
1.2.3
0e
.
--2
1e
1e-
1ee2
1e-
1.2.3
++1
0e
1e+
0e
++1
1e-
1e
1ee2
.
1e+
1.2.3
abc
abc
1e
abc
1.2.3
1e-
1e+
0e
1.2.3
1ee2
0e
--2
1ee2
+
000.e
--2
1ee2
++1
abc
1e+
0e
1e
1ee2
1e
1e
+
.
1e-
1e+
+
--2
.
1e
000.e
0e
++1
0e
1e+
abc
0e
0e
++1
1e-
e10
1ee2
000.e
1.2.3
1e
1e
1.2.3
-
+
0e
1e-
.
-
+
+
1ee2
1ee2
+
++1
e10
0e
abc
1e
+
1.2.3
1ee2
.
0e
.
1.2.3
--2
.
1e
1e-
1e+
0e
1.2.3
0e
1e+
abc
1e
-
abc
1ee2
+
1ee2
000.e
1e+
000.e
0e
1e
++1
1.2.3
e10
e10
1e+
-
1e
1e
1e+
e10
1.2.3
-
--2
1ee2
++1
1e+
++1
1e
1e
1e+
abc
e10
1ee2
1.2.3
1e+
e10
--2
1ee2
1.2.3
-
e10
0e
1.2.3
--2
1e+
1ee2
abc
000.e
1e+
--2
0e
0e
.
--2
1.2.3
1e+
abc
1e
e10
abc
0e
1e-
e10
000.e
abc
+
++1
--2
1.2.3
1ee2
e10
0e
+
abc
--2
--2
1.2.3
+
1ee2
1e-
.
--2
1e-
1e
0e
+
+
.
e10
1e
e10
000.e
--2
1e
0e
-
1e+
--2
1ee2
--2
--2
abc
1e+
0e
000.e
1e
1e
1e-
1e+
1e-
+
.
0e
abc
1.2.3
1e
+
1e-
1ee2
1ee2
000.e
+
+
1e+
1ee2
1e+
e10
.
1ee2
1.2.3
--2
+
1e-
--2
-
1e+
1e+
000.e
0e
++1
+
1ee2
-
1ee2
.
1e+
1e-
0e
1e+
1ee2
e10
e10
-
e10
000.e
e10
.
++1
1e
1.2.3
1e+
e10
1e+
1e+
.
1e
++1
1.2.3
000.e
-
1e+
1ee2
++1
1ee2
+
.
abc
.
1e+
abc
+
1.2.3
1e-
-
.
000.e
1e-
000.e
0e
0e
.
1e-
1e
--2
-
1e
.
+
-
000.e
000.e
1e-
1ee2
e10
000.e
000.e
--2
000.e
--2
abc
--2
-
--2
1.2.3
1e-
e10
1e-
++1
+
1e+
1.2.3
1ee2
1e-
-
1.2.3
--2
abc
1e-
abc
abc
0e
-
000.e
.
--2
+
-
.
1.2.3
1e
++1
1.2.3
+
.
1e
e10
.
.
1e
-
++1
--2
-
e10
abc
e10
++1
1e+
abc
-
++1
--2
0e
1e+
.
0e
+
0e
0e
000.e
000.e
-
-
1e+
1e+
1.2.3
abc
1ee2
abc
1e
000.e
1.2.3
1.2.3
1e-
000.e
000.e
000.e
++1
000.e
++1
0e
1e-
++1
.
--2
e10
-
++1
--2
000.e
1e+
000.e
e10
1.2.3
1.2.3
1ee2
abc
1e+
1ee2
1e
abc
-
1e
1e+
1e+
1e+
0e
1e
++1
1ee2
1.2.3
-
000.e
0e
000.e
+
000.e
++1
++1
1e+
--2
-
.
e10
-
1e-
1e-
1ee2
1e+
1ee2
abc
e10
.
1e+
1e-
+
1e-
0e
abc
1e-
e10
0e
-
.
--2
1e+
0e
1e+
abc
.
1e+
1ee2
+
.
1e+
000.e
1e+
000.e
1ee2
++1
.
-
1e+
abc
0e
+
1ee2
000.e
.
1.2.3
0e
000.e
++1
-
.
--2
1e+
1e-
e10
.
1e+
+
++1
-
1.2.3
--2
1ee2
+
abc
1e
+
++1
1ee2
--2
-
.
1ee2
1e+
000.e
000.e
--2
.
--2
1ee2
.
1e
1e+
++1
-
1.2.3
1.2.3
.
1e-
1e
0e
++1
e10
--2
+
.
000.e
000.e
1ee2
0e
.
1e
--2
1e
e10
0e
1e-
+
1e
e10
++1
1ee2
-
1.2.3
--2
1e
e10
+
abc
e10
1e
e10
++1
0e
+
1.2.3
1.2.3
000.e
1e+
1e
1e+
1.2.3
1ee2
.
1.2.3
0e
.
000.e
1e-
abc
1e+
--2
1ee2
1e-
1e+
.
-
1e
0e
abc
--2
+
++1
000.e
1e-
++1
1e+
e10
0e
1e-
1e+
0e
-
-
++1
-
1.2.3
1.2.3
1e+
1e
000.e
.
.
.
000.e
000.e
.
1.2.3
1e
abc
-
--2
1e-
-
0e
1e-
0e
-
-
--2
++1
1ee2
1e-
abc
--2
000.e
1e-
++1
1e-
.
++1
+
1e
1e-
++1
-
.
--2
1e+
1.2.3
--2
e10
1e-
1ee2
abc
-
++1
1e+
+
000.e
0e
e10
000.e
1e+
-
0e
1.2.3
1e-
1e
1e-
++1
abc
1e
1e
0e
+
000.e
+
0e
0e
.
--2
0e
-
.
.
--2
1e
1.2.3
+
1.2.3
e10
1e
1.2.3
000.e
e10
-
0e
1ee2
1.2.3
1e-
1ee2
++1
1ee2
0e
--2
1e-
--2
1.2.3
1e
--2
1e-
.
1e+
1.2.3
++1
.
1e+
1ee2
-
abc
0e
.
-
0e
abc
1e+
1e
1ee2
1e+
1e-
1ee2
-
--2
1.2.3
abc
1e
.
1e-
+
e10
000.e
000.e
e10
++1
0e
++1
.
1.2.3
1e
.
1e-
1e-
1e
e10
0e
1e+
1e-
000.e
++1
.
++1
.
.
1ee2
1e
1.2.3
+
0e
++1
.
1e-
+
0e
abc
--2
++1
0e
1ee2
abc
+
abc
1ee2
e10
0e
1.2.3
1e-
-
0e
000.e
1e+
+
-
1.2.3
0e
1e-
1.2.3
+
1ee2
1e+
e10
1ee2
.
+
abc
1ee2
1e-
++1
0e
1.2.3
0e
-
1e
-
000.e
.
--2
1.2.3
e10
1.2.3
+
1ee2
e10
1.2.3
e10
--2
1e+
e10
1e-
000.e
+
1e+
1ee2
1e
.
--2
000.e
abc
abc
1e-
+
e10
0e
++1
abc
-
-
0e
1ee2
1ee2
000.e
1e-
0e
++1
abc
1.2.3
abc
--2
e10
1e-
e10
1e
-
++1
0e
1e-
1e
-
000.e
.
1e-
++1
1e+
0e
1e+
1e-
1.2.3
e10
0e
+
1e
.
.
1e
abc
1e-
+
1e-
.
1.2.3
+
-
abc
1ee2
1e-
1.2.3
1ee2
000.e
1e+
-
1.2.3
000.e
++1
1e-
e10
-
abc
.
0e
--2
e10
1e
1e+
1e+
+
1e-
1ee2
++1
.
++1
++1
1.2.3
0e
1e-
000.e
000.e
-
1ee2
1.2.3
abc
-
0e
+
1e+
000.e
e10
1e
1e-
1e-
.
1ee2
++1
-
1e-
0e
0e
1ee2
abc
1.2.3
+
0e
e10
e10
1e-
--2
+
1e
000.e
+
-
000.e
--2
1e
++1
000.e
++1
1.2.3
1e-
0e
--2
1ee2
+
0e
.
+
1e
-
1.2.3
1e+
e10
000.e
1e+
e10
e10
1.2.3
0e
1ee2
-
000.e
e10
1e+
e10
1e-
abc
1.2.3
-
++1
-
000.e
1e+
--2
1ee2
.
+
e10
000.e
1e+
1e
--2
000.e
abc
.
++1
000.e
++1
1.2.3
1e
1e
1e+
1ee2
+
0e
1e
++1
0e
-
000.e
++1
1e
+
+
1e+
abc
000.e
++1
-
1.2.3
--2
1.2.3
abc
-
-
.
000.e
+
000.e
1e+
-
1e
0e
.
1.2.3
++1
-
000.e
1e+
abc
abc
1ee2
+
+
++1
abc
.
1e+
1e
--2
abc
abc
e10
.
++1
+
+
0e
e10
++1
1e
-
0e
--2
--2
1e-
1.2.3
-
1ee2
1e-
e10
+
+
1.2.3
abc
1e+
000.e
.
+
++1
0e
0e
1e-
1e-
1.2.3
.
--2
1e+
0e
--2
abc
e10
1e+
--2
++1
000.e
1e+
--2
-
-
1ee2
-
abc
+
1e+
0e
1ee2
000.e
--2
-
-
1e
abc
1e
1ee2
1e
1e-
1ee2
1e
0e
1e
1.2.3
++1
abc
0e
1e-
e10
e10
0e
000.e
e10
1e+
.
1e
.
.
1.2.3
--2
abc
-
--2
-
0e
1e+
000.e
--2
--2
-
000.e
1.2.3
1e+
000.e
1.2.3
1.2.3
1ee2
0e
1e-
1e+
1e-
.
.
abc
0e
1ee2
1.2.3
1e-
1e
abc
1e-
e10
1e-
-
.
000.e
0e
-
.
-
--2
1e+
1e+
-
e10
1e-
e10
1.2.3
000.e
e10
+
+
1e
-
++1
1e+
1e-
++1
++1
-
-
0e
1e
000.e
++1
++1
000.e
1e
e10
.
1ee2
1.2.3
.
1e
abc
-
0e
1e+
1.2.3
000.e
1e
1e-
-
++1
1ee2
1.2.3
--2
e10
abc
--2
000.e
.
abc
+
1ee2
--2
e10
1e
e10
000.e
-
e10
000.e
000.e
1e
-
0e
1e
.
abc
-
0e
e10
--2
1e
--2
1.2.3
0e
abc
1ee2
.
1ee2
000.e
000.e
1.2.3
1.2.3
.
e10
e10
e10
1e+
000.e
1ee2
+
e10
.
1e+
1e
.
1e-
1e+
000.e
1e
++1
000.e
abc
++1
000.e
1e
--2
1ee2
1ee2
-
1e+
1.2.3
++1
++1
1e+
.
+
1e+
+
1ee2
+
0e
1.2.3
1ee2
000.e
abc
-
.
1e
abc
1ee2
+
0e
0e
0e
+
-
++1
-
.
+
1e
1e+
-
1ee2
1.2.3
1.2.3
1ee2
1e-
+
0e
1e+
1ee2
--2
000.e
abc
++1
000.e
1e-
1.2.3
1.2.3
.
++1
+
1e-
000.e
++1
++1
1e-
.
.
1ee2
0e
++1
1e+
000.e
000.e
1e+
+
-
1e+
--2
abc
+
1e
e10
-
000.e
e10
1e-
0e
++1
.
e10
.
000.e
--2
1e+
1e
-
.
000.e
1e-
--2
++1
0e
+
++1
-
1e+
1e+
+
1e-
abc
e10
e10
1ee2
000.e
1e+
1.2.3
1.2.3
1.2.3
000.e
000.e
1ee2
1.2.3
0e
e10
0e
1e+
.
1e+
1e+
abc
--2
--2
--2
000.e
1e
abc
1.2.3
1e-
1ee2
0e
1ee2
000.e
1e
000.e
1.2.3
++1
0e
++1
.
1e-
1.2.3
1e-
-
1e
1ee2
1e+
--2
.
1ee2
++1
1e+
1e-
1e-
+
1e+
.
000.e
1e+
e10
--2
e10
+
1e-
1ee2
1e+
abc
1.2.3
1e-
abc
1.2.3
000.e
++1
abc
1e-
1e
0e
0e
1e+
+
++1
1e-
.
-
000.e
1e-
-
1e
1ee2
1ee2
--2
++1
1ee2
1.2.3
e10
1e-
-
++1
--2
e10
1.2.3
+
-
1e
abc
--2
0e
1e+
1e-
-
1e+
000.e
e10
--2
1ee2
1e+
1e
1e-
1ee2
000.e
1ee2
-
000.e
.
e10
--2
1ee2
.
+
1ee2
-
000.e
1e
1e
e10
1.2.3
1e+
abc
0e
1e+
1e-
abc
-
1ee2
1e-
abc
-
1e
0e
1e-
e10
1e+
++1
1e
0e
++1
--2
1e
++1
000.e
1e+
.
000.e
.
1e
000.e
--2
.
0e
.
1.2.3
1e-
-
1e
1e+
000.e
--2
--2
abc
1e
1e+
1e-
--2
.
abc
abc
e10
1e+
.
000.e
++1
-
1ee2
000.e
1.2.3
+
abc
--2
abc
1e+
--2
-
.
-
-
1e
1e+
--2
1e+
+
0e
abc
1e-
1e+
+
e10
++1
1e+
+
abc
++1
-
+
1.2.3
1ee2
1e+
1e
-
e10
.
++1
0e
--2
1e+
0e
.
1e+
++1
1ee2
++1
1e-
0e
1e+
1.2.3
1e-
abc
++1
.
1e-
.
1e-
++1
1.2.3
0e
.
1e+
1e-
e10
1e+
1ee2
1e
+
1e
1e
abc
e10
1e+
abc
1e-
0e
1e-
1e+
1e-
1e
+
1.2.3
0e
1e-
0e
1.2.3
1.2.3
1.2.3
abc
1e
1e
000.e
1e+
1e
1e
1.2.3
0e
+
000.e
+
e10
1e+
--2
--2
1e+
0e
+
1e
.
1.2.3
e10
000.e
1ee2
abc
++1
0e
+
e10
1e
1e+
0e
+
--2
+
1e-
-
000.e
abc
1e-
.
1.2.3
abc
1e
1ee2
abc
1ee2
-
+
++1
--2
e10
1e+
1e+
1.2.3
+
--2
1e+
1.2.3
+
++1
-
++1
abc
abc
e10
++1
abc
-
+
+
1ee2
e10
1e-
--2
1.2.3
1e-
1e+
-
1.2.3
.
0e
000.e
++1
.
0e
1ee2
1e-
++1
1e+
e10
1e-
-
e10
abc
000.e
000.e
e10
.
0e
1e
0e
abc
-
+
++1
-
e10
1e
1e+
e10
e10
++1
1.2.3
++1
1.2.3
1e+
--2
--2
+
1.2.3
1.2.3
abc
1.2.3
++1
000.e
+
1e-
--2
1ee2
++1
.
++1
1e+
--2
e10
-
abc
-
0e
1e+
1ee2
e10
e10
0e
+
1e-
+
1e+
000.e
.
-
-
abc
0e
.
.
+
1e-
1ee2
1e-
1.2.3
1e
--2
000.e
+
1e
.
1e+
1.2.3
.
1.2.3
e10
++1
1e+
--2
1e+
++1
000.e
++1
1.2.3
-
1e-
abc
++1
1e+
e10
1.2.3
+
+
--2
0e
1e-
.
1ee2
000.e
abc
-
+
++1
abc
++1
-
1ee2
000.e
.
1e
1.2.3
1ee2
-
++1
--2
1e
1e
1ee2
1e
e10
abc
1e
1e-
e10
1e+
1e+
abc
e10
1ee2
abc
--2
--2
1ee2
1e
1e
1e-
--2
1e+
1ee2
+
e10
1e
1e+
0e
abc
1e-
-
1.2.3
0e
1e+
1.2.3
.
1e
+
1e-
1e+
1.2.3
1ee2
1e-
0e
-
000.e
1.2.3
+
1.2.3
-
1e-
abc
--2
abc
000.e
000.e
1.2.3
+
1.2.3
.
1e+
e10
.
.
++1
0e
000.e
e10
-
1e+
-
--2
0e
1.2.3
-
000.e
000.e
+
--2
0e
1e
e10
1e+
e10
-
1ee2
000.e
0e
abc
000.e
1e+
-
+
1e
1e-
1e+
1e-
++1
-
.
e10
0e
--2
+
+
1e+
+
1e+
000.e
-
1e
e10
abc
.
+
1e
0e
1ee2
1e+
++1
e10
1e+
1.2.3
.
1e+
1e-
--2
1e+
1e
.
1e+
1.2.3
1e+
abc
.
++1
1e
1e-
1e+
abc
-
1ee2
-
+
++1
++1
1e
e10
e10
++1
-
000.e
1e
--2
1e-
1.2.3
1e-
1ee2
1e-
0e
000.e
1e+
1ee2
1e+
++1
-
000.e
1e+
1.2.3
1.2.3
+
++1
e10
1e
--2
e10
0e
1.2.3
1e
1e+
1ee2
0e
e10
1.2.3
-
1e
0e
abc
0e
1e+
000.e
e10
--2
000.e
000.e
.
1ee2
1e-
1.2.3
000.e
1ee2
++1
1e
000.e
.
e10
1ee2
1e+
++1
1e-
000.e
e10
1ee2
-
abc
000.e
1e-
000.e
++1
0e
.
1e+
1ee2
1e+
e10
abc
1e+
1e
.
abc
1e+
1e+
1e
1e-
000.e
1ee2
1e-
-
e10
000.e
1ee2
1e+
++1
000.e
000.e
+
1ee2
--2
e10
000.e
.
1ee2
1ee2
1e-
1ee2
1ee2
-
1ee2
abc
1e+
1e-
1.2.3
1e-
++1
1e+
e10
1ee2
abc
1e
0e
1e+
-
abc
1ee2
e10
--2
e10
0e
1ee2
--2
1e
0e
--2
abc
1e+
++1
1e+
1e+
--2
.
1.2.3
.
--2
abc
abc
1ee2
000.e
1ee2
1ee2
--2
1e
000.e
1e
1.2.3
++1
1e+
++1
1e
000.e
1e
1ee2
--2
1e
1ee2
0e
-
-
1ee2
0e
.
.
1.2.3
1e-
1.2.3
e10
1.2.3
-
-
abc
++1
1e-
e10
+
.
000.e
--2
1e+
e10
1.2.3
+
+
-
1e+
abc
--2
1e-
--2
1ee2
1e
1e+
0e
1.2.3
1e-
000.e
abc
abc
abc
1ee2
1ee2
e10
-
--2
000.e
+
000.e
.
1.2.3
1.2.3
000.e
0e
1.2.3
e10
1e-
1e-
1.2.3
.
+
0e
.
1.2.3
1e+
e10
-
0e
+
000.e
1.2.3
1e
1e+
1.2.3
++1
++1
1e+
1e-
1.2.3
1e
-
000.e
--2
1e-
e10
.
1ee2
.
.
e10
-
+
++1
1e+
++1
++1
1e-
1ee2
000.e
--2
0e
++1
1e-
1ee2
e10
+
abc
--2
000.e
+
e10
000.e
0e
+
++1
--2
++1
1e
1e+
0e
1ee2
1ee2
0e
1e-
1e-
e10
1ee2
000.e
000.e
++1
000.e
1e-
abc
1.2.3
1e
++1
1e
++1
+
1ee2
.
+
abc
--2
-
--2
1e
1.2.3
abc
000.e
e10
abc
000.e
0e
+
1ee2
+
.
abc
-
.
1e+
1e
.
1.2.3
1ee2
.
--2
1e-
000.e
1e+
1ee2
abc
1e
1.2.3
1e
.
-
1e-
000.e
abc
+
1e+
000.e
e10
0e
1e
1.2.3
++1
1e+
1ee2
1e+
--2
-
000.e
1e+
1e
1e
abc
--2
1.2.3
--2
abc
++1
+
--2
e10
000.e
abc
1ee2
++1
1e-
+
-
e10
+
1.2.3
1ee2
-
000.e
--2
++1
.
1e
+
0e
abc
--2
1e
1.2.3
0e
e10
1e
1ee2
.
.
0e
1e-
1ee2
-
+
1ee2
1e-
1e
1e
-
1e+
1.2.3
e10
e10
abc
0e
.
1ee2
1e
--2
.
-
e10
1e-
.
e10
--2
.
1e-
1ee2
+
.
+
0e
1e
++1
1e-
--2
+
1ee2
0e
0e
+
1e+
1.2.3
++1
1e
1.2.3
.
-
abc
e10
1e+
1e+
.
1ee2
1e
1e+
.
1e-
--2
1e
1e-
--2
++1
1e-
e10
+
-
--2
abc
000.e
++1
1ee2
-
+
abc
1e
1e
e10
.
1.2.3
1ee2
++1
1e-
e10
1.2.3
e10
abc
1e+
1e
e10
1e
1ee2
1e-
1e
+
.
1e
1.2.3
++1
1e-
1e-
++1
-
-
0e
0e
--2
1.2.3
-
1e+
000.e
1e-
++1
e10
++1
1.2.3
+
1e
e10
0e
abc
.
0e
000.e
000.e
++1
e10
-
.
1e-
--2
++1
0e
0e
abc
000.e
000.e
000.e
1.2.3
+
--2
1ee2
1e-
e10
1e+
1e-
0e
-
1e
1ee2
e10
+
0e
1ee2
1e+
1e-
--2
-
abc
-
+
1e
1e
1e
--2
--2
1ee2
1.2.3
--2
0e
1e
-
-
1e+
++1
1.2.3
++1
--2
abc
-
1e
000.e
000.e
-
1e-
1e+
0e
1e
++1
1ee2
-
000.e
000.e
1ee2
e10
0e
1e-
e10
.
--2
1.2.3
--2
+
1ee2
1e
--2
1e-
-
-
1.2.3
1e-
.
1e+
0e
abc
1e-
.
+
abc
000.e
1.2.3
000.e
1e+
0e
1e+
e10
1ee2
++1
1.2.3
abc
1e+
abc
1ee2
1e-
.
+
000.e
1ee2
1e+
1e+
1e+
1e
1.2.3
.
++1
000.e
.
0e
+
000.e
+
e10
1e+
0e
--2
-
++1
1e
1ee2
-
-
abc
abc
abc
.
--2
abc
1ee2
1.2.3
++1
abc
e10
.
abc
+
1e-
1.2.3
000.e
abc
0e
000.e
1e+
abc
+
+
e10
--2
abc
e10
--2
0e
--2
e10
e10
+
e10
1e+
.
1e
1e+
abc
000.e
+
1e+
abc
--2
--2
e10
1e+
abc
abc
1.2.3
e10
-
e10
0e
000.e
--2
--2
e10
0e
.
.
-
abc
abc
1.2.3
.
1e+
abc
.
e10
++1
-
-
1e-
abc
--2
e10
1e-
abc
1e-
1e-
e10
e10
1e
1ee2
+
abc
000.e
++1
1e+
e10
000.e
.
000.e
.
1e-
++1
1e-
++1
e10
000.e
1e-
--2
1e
1e+
-
0e
0e
1.2.3
abc
1e+
1e-
000.e
0e
.
000.e
+
++1
0e
1e-
-
+
0e
abc
-
1.2.3
.
000.e
000.e
0e
-
+
e10
e10
1ee2
000.e
-
--2
.
-
-
e10
1e
abc
-
--2
+
.
1e-
e10
0e
e10
1e-
--2
--2
++1
1e
0e
-
1ee2
--2
1e
e10
1.2.3
abc
1e-
abc
1e+
--2
1e
1e+
--2
1e
.
1e
e10
.
-
abc
abc
abc
.
++1
1e+
-
e10
++1
1e+
abc
abc
1ee2
0e
1.2.3
000.e
1e+
000.e
-
e10
1e
--2
++1
e10
abc
abc
1e
++1
1e-
000.e
000.e
-
++1
-
e10
0e
e10
abc
-
+
1e-
1e+
e10
+
++1
0e
1.2.3
abc
1e
0e
abc
1e+
-
1.2.3
000.e
++1
1e+
1e
-
1.2.3
0e
1e
1e-
-
--2
000.e
e10
abc
1ee2
+
1e+
1ee2
0e
e10
000.e
abc
e10
000.e
1e+
0e
-
-
+
1.2.3
+
1e
0e
1ee2
1e
e10
-
1e
1ee2
1ee2
0e
1e+
.
1e
.
0e
abc
1ee2
--2
+
1.2.3
abc
-
-
1e+
1.2.3
-
.
1e+
++1
+
+
+
0e
000.e
000.e
1ee2
1ee2
1e
abc
1e
1e-
1e+
0e
1.2.3
.
.
0e
e10
1ee2
--2
1.2.3
1e-
abc
1e
1e-
1e
++1
1.2.3
+
e10
--2
.
0e
000.e
e10
1e
000.e
1e
1e+
+
000.e
abc
0e
e10
-
abc
1ee2
000.e
1.2.3
.
++1
1ee2
1e+
e10
0e
0e
abc
000.e
000.e
1e
000.e
--2
0e
+
0e
1e
000.e
0e
.
--2
1.2.3
++1
1e
1.2.3
0e
++1
1e-
1e+
e10
1.2.3
++1
abc
1ee2
-
1e-
1e-
e10
0e
.
000.e
e10
1e-
1e
+
.
abc
000.e
+
1.2.3
+
0e
e10
+
abc
1.2.3
++1
0e
abc
+
000.e
1ee2
.
++1
+
0e
abc
+
abc
+
e10
+
1ee2
abc
1e+
000.e
000.e
1e+
--2
0e
1e
.
abc
1e-
++1
-
e10
1e
1.2.3
++1
e10
--2
.
1.2.3
abc
--2
.
e10
++1
.
--2
1e-
++1
000.e
1e+
++1
+
.
+
1e-
1ee2
+
abc
-
+
abc
++1
0e
abc
-
abc
1e-
e10
0e
abc
-
.
.
000.e
1e+
++1
e10
abc
1e
1ee2
0e
1e+
abc
e10
1.2.3
1ee2
+
0e
1e-
++1
1e-
1e+
1e-
1ee2
1ee2
0e
.
0e
1ee2
abc
.
0e
000.e
+
1.2.3
000.e
+
e10
--2
1e
1e-
+
1e+
1e+
+
e10
0e
--2
e10
e10
--2
e10
1e-
++1
1e-
1e-
e10
abc
.
1e
1e-
abc
1ee2
1ee2
1ee2
-
1.2.3
1.2.3
++1
000.e
abc
1e+
+
0e
1.2.3
000.e
1e
--2
1.2.3
1ee2
.
000.e
1e
1e-
1e
-
0e
++1
1.2.3
++1
e10
0e
abc
1e-
1e+
.
1e
++1
-
1e-
--2
1ee2
1e
1e
0e
000.e
1.2.3
1.2.3
1.2.3
--2
++1
1ee2
000.e
0e
abc
1e
000.e
.
-
abc
+
.
abc
abc
1.2.3
000.e
+
1ee2
0e
0e
1e
000.e
1e
0e
1.2.3
-
++1
1.2.3
1e-
+
abc
1.2.3
1e
1e+
-
0e
.
+
1e-
1.2.3
1e+
abc
+
e10
e10
000.e
.
+
+
1e+
-
1ee2
e10
.
0e
.
1e-
.
.
+
e10
++1
++1
000.e
1e
e10
.
abc
++1
1e+
e10
e10
1e+
1.2.3
1e
-
++1
1e+
1e-
1e
1.2.3
000.e
1e+
++1
-
0e
-
000.e
+
+
-
++1
0e
1ee2
-
1ee2
--2
1e+
1e+
1.2.3
.
0e
1e-
0e
--2
000.e
++1
+
++1
.
1.2.3
1.2.3
1e-
1.2.3
1e-
++1
1.2.3
1e+
-
1e
-
e10
+
1e-
-
0e
abc
1.2.3
1ee2
0e
+
.
1.2.3
--2
0e
--2
.
1e-
--2
abc
1e+
1ee2
--2
-
1ee2
1.2.3
1e-
000.e
000.e
000.e
0e
.
++1
0e
e10
+
000.e
1e+
0e
1e-
1e
+
1.2.3
1.2.3
+
+
1e+
1ee2
+
1e
1e+
1e
1e
+
.
000.e
abc
-
1e
+
--2
1e-
0e
e10
000.e
abc
000.e
-
e10
1e+
e10
1e-
++1
0e
++1
1e
000.e
1e+
.
0e
1e+
0e
+
++1
.
1e-
1ee2
0e
1e+
0e
1.2.3
--2
--2
1e-
1e+
1e
1.2.3
++1
1ee2
000.e
--2
++1
--2
++1
--2
1.2.3
e10
0e
.
000.e
000.e
1ee2
1ee2
000.e
abc
1e-
--2
e10
1.2.3
1e
1e+
.
.
0e
.
-
abc
1ee2
1.2.3
abc
abc
1e
+
abc
-
0e
abc
1.2.3
1.2.3
1ee2
1e+
++1
e10
000.e
++1
++1
-
e10
abc
1e
1.2.3
1.2.3
1e-
++1
0e
1e
e10
+
1e+
-
++1
++1
0e
1e-
1e+
+
++1
abc
++1
1.2.3
1ee2
-
1e
e10
-
0e
.
++1
0e
1.2.3
1e-
1e+
1.2.3
1e+
1e-
1.2.3
abc
1e
1e
1e+
0e
abc
.
abc
0e
+
1.2.3
abc
1e+
1.2.3
1e-
1ee2
++1
1e-
0e
-
-
-
1e+
-
1e+
1e
e10
1e+
-
+
++1
--2
000.e
+
1e+
.
1ee2
1e-
1ee2
--2
++1
1e-
abc
1e-
e10
1.2.3
1e-
1ee2
1ee2
1e
e10
abc
1.2.3
abc
1ee2
1e+
1e+
.
.
--2
++1
1e
1.2.3
e10
1e-
+
--2
+
1e+
1e
-
++1
abc
abc
1.2.3
1e-
1e+
1.2.3
000.e
1e-
1e
1.2.3
++1
abc
1e+
+
.
abc
-
++1
.
0e
0e
1e+
abc
+
.
++1
.
+
e10
1e-
--2
-
1ee2
1e
1.2.3
1e+
1e+
--2
e10
-
-
e10
1ee2
.
1e
1ee2
++1
000.e
+
1ee2
000.e
--2
++1
--2
++1
1e
-
1e+
abc
abc
abc
++1
+
1e-
1.2.3
abc
e10
0e
e10
+
-
--2
e10
1ee2
.
-
+
1e
1e+
1ee2
000.e
++1
.
+
+
e10
1.2.3
1e
0e
000.e
1ee2
+
1ee2
+
+
.
000.e
--2
1e-
++1
0e
abc
0e
+
1e-
abc
+
1e-
--2
1ee2
--2
1e+
abc
000.e
0e
+
1e
e10
.
e10
1.2.3
-
000.e
+
abc
1e-
-
e10
1.2.3
1e-
abc
abc
1e+
0e
1.2.3
+
.
1e
++1
0e
e10
e10
1e
abc
0e
+
++1
1e-
e10
0e
1e-
000.e
+
e10
.
e10
+
1ee2
.
--2
1.2.3
++1
e10
e10
abc
0e
000.e
0e
e10
e10
.
1e
.
1e+
-
abc
abc
abc
000.e
1e-
1e+
e10
1e-
+
+
.
000.e
1e-
-
1e-
abc
--2
abc
+
e10
++1
e10
-
1e+
e10
.
-
.
1e-
-
.
1ee2
1e
000.e
1ee2
++1
abc
0e
++1
1e
+
0e
+
1.2.3
0e
000.e
1ee2
.
1.2.3
--2
++1
abc
1e+
1e-
.
+
.
++1
1e+
1ee2
000.e
1.2.3
++1
1e+
e10
.
+
1.2.3
1.2.3
1.2.3
+
1ee2
000.e
-
1e-
-
1e
000.e
e10
e10
e10
--2
1.2.3
1e
e10
1.2.3
.
e10
++1
+
--2
1.2.3
++1
1ee2
-
000.e
-
0e
-
++1
abc
1.2.3
abc
.
--2
1.2.3
000.e
1ee2
0e
1ee2
000.e
--2
++1
-
1ee2
.
1e+
--2
1ee2
0e
1e-
e10
abc
-
.
++1
1e-
abc
++1
1ee2
1e-
-
1e-
--2
++1
+
++1
1e+
e10
1e+
+
+
--2
e10
1e+
1ee2
abc
++1
1ee2
++1
--2
+
abc
+
--2
e10
0e
1e-
e10
1ee2
.
000.e
1.2.3
.
.
1ee2
1e+
abc
1e-
1e
1e+
1ee2
--2
0e
.
e10
++1
e10
1e+
++1
1.2.3
-
1e-
+
000.e
1e+
1e+
+
0e
+
abc
e10
1e-
e10
1ee2
0e
+
1e-
1.2.3
++1
0e
1e
0e
.
+
1.2.3
000.e
+
1.2.3
1e+
+
--2
0e
1e+
-
1ee2
--2
1ee2
1e-
1ee2
1e+
1e-
--2
e10
1e+
1e+
+
e10
-
1e+
+
+
1.2.3
1.2.3
--2
--2
.
e10
++1
000.e
1.2.3
1e-
000.e
1ee2
+
e10
++1
-
0e
++1
1.2.3
++1
+
1ee2
--2
000.e
1e+
e10
1.2.3
1ee2
1e+
1e-
abc
1.2.3
1e
1e+
+
1e
e10
1e+
000.e
e10
--2
1e-
abc
+
--2
-
abc
1e+
+
1e+
1ee2
1.2.3
1ee2
0e
.
--2
1e-
e10
--2
1.2.3
.
-
1e+
1e-
e10
1e+
.
.
+
1e+
--2
-
-
1e+
.
1.2.3
1e
-
abc
1ee2
e10
+
-
1e-
e10
1ee2
0e
.
-
+
.
.
1e
.
abc
abc
1.2.3
1e-
abc
abc
++1
--2
1ee2
1e+
+
--2
.
000.e
1ee2
e10
1ee2
abc
++1
1e
000.e
1e-
.
0e
.
abc
+
++1
1.2.3
.
1e+
0e
+
+
+
+
1ee2
+
abc
-
abc
1e
e10
1e+
1e-
1e
e10
e10
1ee2
.
++1
+
.
0e
.
e10
1e+
000.e
-
.
abc
0e
-
0e
1e-
e10
abc
1e-
+
1e+
000.e
abc
1.2.3
1ee2
1.2.3
--2
0e
1e-
1.2.3
+
--2
0e
e10
1e+
000.e
1.2.3
1e+
1e-
.
--2
0e
1.2.3
-
1ee2
1ee2
1ee2
abc
1e
abc
1.2.3
++1
1ee2
0e
1e
--2
0e
1.2.3
1e+
abc
--2
1ee2
1ee2
-
-
1e+
1.2.3
1e-
0e
1.2.3
1ee2
1e
1e-
e10
0e
000.e
-
1ee2
1ee2
--2
++1
e10
1e+
e10
1ee2
0e
000.e
e10
+
1ee2
--2
1e
1e-
--2
--2
abc
1e-
1e+
1.2.3
e10
-
--2
abc
-
e10
.
0e
1e+
1ee2
1e
-
1e+
1e-
e10
e10
1.2.3
1e-
++1
e10
1.2.3
-
1e-
abc
abc
1e
abc
0e
e10
--2
1e+
++1
.
+
+
--2
1.2.3
0e
1ee2
.
1ee2
.
abc
1ee2
-
1e
.
++1
1.2.3
abc
1e
1e
1e
-
1e+
1.2.3
1e+
000.e
1e-
000.e
+
1e
-
e10
0e
+
1e-
abc
+
1e-
e10
+
-
1.2.3
+
.
1ee2
000.e
1e
000.e
000.e
1.2.3
.
-
1e-
e10
1.2.3
1e-
+
--2
000.e
1ee2
+
1e+
1e-
abc
000.e
0e
1ee2
1ee2
1.2.3
1ee2
1e-
1e+
1.2.3
e10
.
++1
1e+
000.e
1e+
1e+
++1
0e
1.2.3
abc
1.2.3
1.2.3
1e-
1e
000.e
000.e
.
.
000.e
+
1e+
e10
0e
1e-
-
--2
++1
1e-
abc
--2
1ee2
1.2.3
1.2.3
0e
--2
000.e
+
-
1.2.3
abc
1e
--2
--2
--2
1e-
++1
1e-
1e+
1ee2
0e
1e
1ee2
abc
--2
abc
--2
000.e
++1
1e+
.
0e
-
1.2.3
e10
1e+
1e
e10
-
1e+
abc
1e
1e
e10
000.e
e10
.
++1
abc
1e
.
1e
1e-
+
.
1e-
-
1e+
1ee2
abc
000.e
000.e
1ee2
1e+
1e
abc
++1
+
1.2.3
1ee2
abc
e10
0e
--2
1e
e10
.
1e+
+
1e-
000.e
1.2.3
1e-
1e-
1e-
abc
1ee2
1e
+
.
1e+
e10
0e
+
1e+
1e
+
++1
abc
1e
1e-
1e+
1.2.3
--2
--2
1e+
.
1ee2
1.2.3
+
0e
1e+
e10
0e
1e
1e
1e
.
0e
1ee2
abc
000.e
-
1e
--2
+
+
e10
++1
abc
1e-
-
000.e
.
1e
++1
abc
+
.
e10
+
1e-
0e
--2
e10
000.e
1.2.3
000.e
.
1ee2
--2
1ee2
1e
e10
0e
0e
e10
e10
1e
+
+
1e-
.
1e+
000.e
+
+
++1
1e+
+
0e
000.e
+
e10
abc
abc
000.e
1e-
1e-
0e
+
0e
1e+
0e
abc
1.2.3
1e+
000.e
1e+
000.e
1.2.3
1.2.3
e10
++1
++1
1e-
1e-
0e
.
1e
abc
+
.
++1
1.2.3
1e
abc
--2
1.2.3
000.e
1e+
1e-
1e
000.e
+
1e
0e
1.2.3
1.2.3
e10
000.e
1.2.3
1e+
e10
000.e
000.e
0e
abc
++1
-
0e
+
000.e
1e
e10
1e+
++1
++1
+
000.e
1e-
-
0e
abc
+
0e
-
+
abc
+
1.2.3
1e-
--2
0e
000.e
0e
+
+
+
+
+
1ee2
1e+
abc
abc
1e-
1e
abc
e10
1.2.3
+
1e
++1
++1
abc
.
000.e
--2
+
--2
abc
--2
e10
.
1.2.3
000.e
-
1e
1e+
abc
-
abc
1e
e10
0e
1ee2
1e-
--2
1e-
abc
1.2.3
000.e
1ee2
1e+
1ee2
+
e10
e10
1ee2
1.2.3
++1
1e-
-
000.e
1e-
000.e
+
1e
e10
++1
e10
1e-
.
1ee2
1e+
--2
++1
abc
000.e
-
++1
++1
0e
--2
abc
abc
abc
1e-
1.2.3
++1
-
1.2.3
1e
1e
.
++1
1e
000.e
+
1.2.3
1e+
000.e
++1
e10
1e-
e10
1ee2
1e
1.2.3
1e-
1e-
0e
000.e
1e+
1ee2
1ee2
1.2.3
1e+
1.2.3
--2
1.2.3
000.e
--2
e10
.
+
1e+
-
1ee2
1e+
--2
1e-
abc
1e+
abc
--2
1e+
0e
1e
1.2.3
abc
abc
.
+
0e
1ee2
1ee2
++1
1.2.3
0e
-
000.e
1ee2
++1
1e-
1e+
.
abc
0e
abc
1e-
0e
1.2.3
1e+
1e-
+
+
1e
e10
1e-
1e
.
1e+
--2
1.2.3
+
1.2.3
0e
1.2.3
0e
--2
1e-
.
abc
1ee2
0e
000.e
abc
1e+
+
e10
--2
1e
1e+
1.2.3
1ee2
0e
0e
1.2.3
1e+
1ee2
abc
+
++1
1ee2
1ee2
.
1e-
+
+
1e+
1ee2
--2
+
0e
-
1e-
--2
abc
1e-
++1
e10
--2
000.e
e10
-
--2
+
+
1e-
e10
++1
000.e
1.2.3
1.2.3
1.2.3
1ee2
1.2.3
abc
abc
000.e
1ee2
-
1.2.3
-
1e-
1e+
e10
1e+
+
1e-
1ee2
1e+
1.2.3
1.2.3
000.e
0e
+
0e
000.e
--2
0e
e10
abc
+
0e
abc
abc
.
000.e
1e-
0e
0e
1e-
e10
e10
1ee2
0e
1e+
+
abc
1ee2
1.2.3
e10
1e
1e-
1.2.3
1ee2
-
.
abc
1.2.3
1.2.3
1.2.3
1e
e10
1.2.3
1ee2
+
.
1e+
+
--2
1e
1e-
+
--2
1e
e10
+
abc
000.e
1e
1.2.3
e10
++1
--2
000.e
+
0e
1.2.3
1.2.3
1e-
.
+
++1
abc
1e-
000.e
.
e10
1e+
--2
.
--2
1e+
1e
abc
e10
-
000.e
e10
1e
abc
000.e
e10
1ee2
1e+
1.2.3
.
+
-
--2
1e
e10
-
1ee2
--2
++1
.
1e-
1e
--2
0e
-
000.e
e10
++1
--2
++1
e10
--2
0e
--2
e10
--2
1e+
1.2.3
1.2.3
-
+
0e
+
0e
1.2.3
+
abc
-
1e+
-
1.2.3
abc
1e-
abc
e10
1.2.3
--2
abc
++1
1e
1e-
1.2.3
1.2.3
+
e10
--2
1e-
++1
0e
--2
0e
000.e
1e-
.
1ee2
1.2.3
1e-
1ee2
+
++1
1e-
1e
-
-
-
1e
--2
1e
1.2.3
e10
1ee2
-
000.e
e10
e10
--2
1e
--2
0e
000.e
1.2.3
000.e
1e+
1ee2
1e-
e10
1e-
e10
e10
+
--2
.
e10
1e
abc
+
1e
e10
1e
1ee2
.
--2
.
1e+
000.e
-
e10
1e-
1ee2
000.e
1e
000.e
.
000.e
1.2.3
--2
1e
1.2.3
++1
0e
.
abc
-
e10
.
1e+
--2
e10
--2
000.e
0e
-
e10
++1
e10
1ee2
+
.
+
1e
000.e
--2
+
1.2.3
++1
--2
+
++1
-
.
1e-
0e
1ee2
0e
abc
e10
1e+
++1
--2
1e-
0e
1e
000.e
1ee2
-
abc
e10
000.e
1.2.3
+
1.2.3
abc
abc
++1
--2
1e
++1
++1
1e
.
1.2.3
1.2.3
1e
e10
.
.
abc
1e+
--2
1ee2
++1
0e
++1
+
1e+
e10
1.2.3
++1
1ee2
1ee2
1e
0e
1ee2
0e
+
1e-
1e+
1ee2
1e+
000.e
0e
0e
1ee2
.
--2
++1
1.2.3
-
1e-
1e
-
1e+
1ee2
--2
000.e
1.2.3
++1
0e
1ee2
1e+
000.e
e10
++1
1.2.3
e10
++1
1e-
+
--2
1.2.3
0e
1.2.3
000.e
++1
abc
-
1ee2
--2
-
--2
+
--2
1e-
1ee2
1ee2
.
000.e
000.e
1.2.3
--2
++1
1ee2
1.2.3
1e
e10
1e+
000.e
0e
-
0e
1e-
++1
1e+
-
-
abc
1e+
abc
-
+
1ee2
e10
.
--2
1e
1ee2
e10
1e
abc
e10
-
1e
++1
+
e10
e10
abc
1.2.3
1e
000.e
000.e
0e
1ee2
--2
abc
abc
1e+
abc
abc
0e
0e
1e+
.
1e+
--2
1ee2
1e
1e
--2
0e
+
.
.
abc
-
--2
e10
--2
--2
e10
++1
abc
1ee2
++1
.
1e-
--2
e10
0e
--2
abc
1e-
1ee2
-
abc
1.2.3
--2
abc
000.e
000.e
+
000.e
1e-
1ee2
0e
abc
--2
e10
e10
1e+
0e
1.2.3
1e+
+
0e
1e
1e-
1e
000.e
--2
abc
e10
000.e
-
1e-
++1
--2
e10
1e-
1e+
1e+
1e-
0e
0e
++1
abc
1e
+
++1
0e
+
-
++1
1.2.3
1e-
-
1ee2
++1
abc
1ee2
1e-
000.e
.
1.2.3
e10
1e-
--2
-
+
0e
abc
.
1e
1e
++1
.
000.e
abc
--2
1.2.3
0e
0e
.
.
1.2.3
+
1e-
.
000.e
-
e10
++1
1e
-
abc
1e-
-
1e
000.e
++1
-
e10
abc
000.e
0e
abc
e10
000.e
000.e
--2
0e
abc
0e
-
1e+
abc
1e+
000.e
--2
000.e
-
++1
1e-
-
++1
1e-
1.2.3
000.e
1e+
1e
++1
1.2.3
000.e
0e
e10
1e+
1.2.3
abc
abc
-
1e+
.
+
++1
000.e
+
0e
1e-
abc
--2
0e
1.2.3
1e+
1e-
1e
e10
+
1e+
000.e
1.2.3
++1
e10
.
1.2.3
abc
+
--2
-
+
1e
--2
-
0e
1ee2
0e
--2
1e
0e
-
1e-
.
1e+
++1
1e
+
1e
+
--2
.
1e
--2
1e-
e10
1e+
-
e10
.
.
1e
1.2.3
.
1.2.3
e10
+
1e
1e+
0e
+
1e+
1e-
++1
.
e10
1.2.3
1e+
.
1e-
.
000.e
-
1e-
1e+
+
-
1e-
1e+
000.e
1e-
+
e10
-
1e
abc
1e+
--2
1e+
+
+
e10
1e+
e10
1.2.3
1e+
-
.
1e+
e10
000.e
+
1.2.3
1.2.3
++1
1e
1e-
-
.
0e
e10
e10
000.e
++1
++1
1.2.3
1e-
1e
000.e
000.e
1e+
abc
1ee2
--2
+
1.2.3
++1
+
.
1e+
--2
1e-
.
e10
--2
abc
-
abc
++1
1e-
1ee2
1e
1.2.3
+
000.e
++1
.
abc
e10
1.2.3
1e+
+
1e
abc
--2
+
--2
.
++1
++1
--2
1e+
0e
1ee2
-
-
+
1e
abc
-
+
000.e
.
-
0e
.
1.2.3
--2
-
e10
1.2.3
1ee2
0e
1ee2
++1
++1
0e
1e-
+
0e
++1
e10
e10
e10
1.2.3
-
1e+
.
--2
+
1e
.
000.e
1.2.3
1e-
.
1e+
-
1ee2
-
1ee2
e10
1e
1ee2
1e
+
e10
000.e
1.2.3
e10
1e-
1ee2
1e-
abc
abc
000.e
1e+
+
1.2.3
++1
000.e
.
e10
1ee2
+
1e-
.
.
e10
.
1ee2
000.e
-
+
--2
000.e
--2
1ee2
1e-
0e
1e
--2
1e+
abc
000.e
.
1ee2
1ee2
1e+
++1
0e
+
1.2.3
000.e
+
-
.
abc
e10
0e
++1
++1
-
0e
0e
e10
--2
-
--2
e10
--2
+
1e-
1ee2
1e-
1e-
0e
1e+
1e
+
0e
0e
abc
e10
1.2.3
--2
0e
-
e10
1ee2
000.e
.
000.e
e10
+
1e+
e10
0e
++1
.
1ee2
++1
e10
1ee2
1e
.
abc
++1
1e-
1e+
abc
1e-
--2
.
1ee2
0e
-
--2
1e+
+
1.2.3
1e-
abc
.
1e
1e
1e-
abc
000.e
1e+
++1
0e
++1
0e
1e-
0e
e10
000.e
e10
0e
abc
.
++1
1e
1ee2
1ee2
000.e
1e-
e10
1e-
1e+
abc
++1
.
0e
000.e
0e
--2
0e
abc
+
1e+
1e+
-
+
--2
.
1e+
e10
.
1ee2
000.e
abc
++1
+
1e+
1e+
1e
++1
++1
1e+
--2
++1
000.e
1ee2
1e
++1
1ee2
abc
0e
e10
+
.
1ee2
1e-
0e
.
--2
1e-
1.2.3
000.e
+
--2
1ee2
1ee2
000.e
1e
--2
1e
+
0e
e10
1e+
1e
1.2.3
-
1e
+
1e-
1ee2
++1
--2
1e+
1e+
+
000.e
+
--2
e10
000.e
++1
--2
1ee2
1ee2
e10
++1
1e
0e
++1
000.e
e10
.
1e
1.2.3
e10
.
1ee2
1e+
++1
0e
-
000.e
--2
++1
e10
1e+
.
1ee2
--2
1e+
--2
.
1e+
+
1e+
0e
0e
e10
1e
0e
++1
--2
+
abc
1ee2
--2
e10
++1
1e+
1e-
+
1e+
.
.
+
abc
000.e
1e-
1e
++1
--2
-
abc
--2
-
000.e
--2
e10
1ee2
+
1.2.3
1e-
.
1e-
1e+
+
000.e
0e
1.2.3
000.e
1e
++1
1ee2
-
abc
++1
1e
000.e
.
1ee2
0e
0e
-
e10
1.2.3
1e
++1
.
000.e
.
--2
abc
abc
1e+
0e
1.2.3
000.e
1ee2
++1
1ee2
--2
--2
--2
1e
1e-
1.2.3
--2
--2
0e
1.2.3
+
abc
1e+
++1
1.2.3
1e+
.
+
0e
+
--2
0e
0e
-
0e
.
1e
1.2.3
--2
-
.
++1
1.2.3
++1
1e
1ee2
++1
-
1.2.3
.
1e+
1.2.3
0e
.
0e
0e
--2
--2
e10
abc
.
-
000.e
1ee2
e10
e10
.
1e+
000.e
1e-
1e+
++1
000.e
-
e10
1e+
e10
+
1e-
1e
e10
--2
1ee2
+
000.e
abc
1.2.3
1e
1ee2
1e
-
+
1ee2
-
1ee2
abc
-
1.2.3
1.2.3
0e
1e
1ee2
abc
++1
1ee2
1ee2
0e
1e-
--2
+
abc
-
1e+
+
1e-
1e
1e
0e
1e+
.
1.2.3
.
1e
+
000.e
000.e
1e
0e
-
.
1e+
1e-
1ee2
abc
e10
++1
1.2.3
1ee2
++1
1e+
1e
--2
-
abc
1.2.3
1e
1ee2
++1
abc
1e+
+
+
1e-
--2
000.e
+
abc
+
--2
1e-
++1
1e
e10
.
.
-
e10
-
abc
1e+
.
--2
e10
1e+
1.2.3
1e+
-
1e
++1
1.2.3
.
.
.
0e
1e
000.e
.
e10
.
1e+
-
abc
000.e
0e
+
abc
e10
abc
1ee2
1e-
1e+
.
1.2.3
1.2.3
e10
+
--2
1e-
+
--2
+
++1
1e
000.e
1e+
++1
-
-
++1
++1
0e
1e
.
000.e
++1
1ee2
1.2.3
.
000.e
1e+
0e
1ee2
1e+
abc
1e
+
+
1.2.3
1e-
.
1.2.3
0e
-
++1
--2
1ee2
.
.
0e
.
000.e
000.e
1e+
1ee2
0e
1e
1e-
1ee2
-
1e-
++1
--2
1.2.3
e10
abc
++1
000.e
1e
000.e
1e
.
abc
1.2.3
1.2.3
.
-
1e-
0e
1e-
e10
1e+
000.e
++1
-
000.e
1e+
--2
1e+
++1
1.2.3
abc
e10
-
e10
.
0e
--2
000.e
1e
.
abc
-
1e
+
--2
1e-
1ee2
0e
0e
+
1.2.3
0e
abc
e10
1ee2
-
000.e
e10
+
1e+
1ee2
1ee2
1.2.3
-
++1
0e
1e
1.2.3
1.2.3
0e
000.e
0e
-
1.2.3
.
0e
e10
1e+
000.e
abc
.
1e
+
+
+
abc
1ee2
-
1e
1e
.
.
1ee2
1e+
1ee2
000.e
000.e
-
1e+
0e
.
1e+
--2
1ee2
+
1ee2
e10
1.2.3
-
abc
1e+
1e+
abc
--2
1e-
-
-
1e+
--2
1.2.3
++1
1e-
--2
abc
1e
000.e
-
-
1e-
1e-
0e
+
.
-
.
1ee2
0e
-
--2
e10
e10
-
1e+
1e-
-
0e
000.e
1e-
1.2.3
--2
0e
0e
++1
-
1.2.3
--2
e10
1e+
e10
++1
0e
--2
e10
++1
0e
.
1e
abc
.
1e-
++1
1e
0e
--2
1ee2
1e+
0e
1e-
abc
1e+
1.2.3
+
1ee2
1.2.3
1e
1e-
0e
e10
--2
000.e
000.e
abc
abc
000.e
1e-
-
.
-
+
000.e
--2
abc
1e-
1e-
+
1e
1.2.3
000.e
1ee2
1.2.3
++1
0e
-
1e+
1e+
++1
1e
-
0e
1.2.3
0e
--2
e10
--2
1e
1e+
1e+
1e+
abc
1ee2
.
--2
1e-
0e
1e
-
1e+
0e
1e
1.2.3
++1
1.2.3
1e
1.2.3
1ee2
1ee2
1ee2
--2
.
1.2.3
1e
000.e
1.2.3
000.e
--2
000.e
.
1e
e10
.
1e-
-
1ee2
--2
--2
-
e10
1e+
-
1e+
0e
1e-
--2
--2
1e-
e10
000.e
-
abc
++1
1ee2
1e+
--2
1e+
-
e10
+
1e+
1e
e10
abc
.
1e-
-
1e-
000.e
+
000.e
0e
1e-
1e+
e10
1e-
1ee2
1ee2
1e-
1.2.3
1.2.3
--2
000.e
e10
--2
-
+
++1
-
e10
abc
1.2.3
++1
--2
1e
-
.
+
++1
++1
0e
--2
000.e
.
1.2.3
1.2.3
-
abc
-
000.e
1ee2
e10
1.2.3
+
--2
+
0e
1.2.3
1e
1e
-
0e
1e
e10
000.e
abc
-
1e+
-
1e
--2
1.2.3
1e
1e-
e10
e10
--2
++1
++1
1e-
000.e
1.2.3
1ee2
0e
1e-
--2
-
0e
000.e
+
0e
0e
--2
.
000.e
.
.
e10
1ee2
abc
1e-
-
1ee2
000.e
1e
+
+
1e
++1
+
1e-
--2
+
++1
1e-
e10
1e
1.2.3
++1
++1
.
-
0e
e10
.
--2
++1
--2
e10
++1
1e+
++1
1e
1.2.3
.
.
.
e10
+
e10
1e
+
--2
0e
1e-
0e
0e
1ee2
1e-
1.2.3
000.e
-
e10
--2
000.e
1e+
1.2.3
1e
.
1e
1e
++1
0e
1e+
e10
abc
0e
e10
-
1.2.3
-
1ee2
++1
1.2.3
+
1ee2
-
++1
000.e
-
.
1e-
e10
1e+
abc
++1
+
0e
000.e
++1
0e
1.2.3
.
0e
abc
.
1.2.3
1e
0e
1e
000.e
1.2.3
--2
e10
.
++1
000.e
abc
1e
1.2.3
000.e
.
abc
--2
1e-
+
abc
0e
0e
++1
.
1e
1e
1.2.3
+
1e+
abc
000.e
1e+
1e-
--2
e10
e10
1e-
--2
1e+
.
--2
0e
1e-
0e
+
1.2.3
e10
1ee2
e10
0e
0e
0e
1e-
1e-
0e
+
1e
1.2.3
1e
+
1e-
.
000.e
++1
1ee2
+
.
+
-
.
-
abc
.
+
0e
e10
0e
1e+
.
1e-
-
.
1e
e10
e10
1ee2
abc
0e
+
abc
1.2.3
1.2.3
1.2.3
1e-
1e
--2
++1
0e
.
--2
++1
1e+
1e
--2
1.2.3
-
++1
-
-
++1
0e
e10
--2
0e
abc
1e+
1.2.3
0e
+
000.e
-
++1
000.e
0e
++1
.
--2
0e
1e-
1.2.3
++1
++1
--2
.
1.2.3
.
-
.
1e
+
--2
--2
000.e
.
+
-
+
+
e10
-
1e
-
1e
abc
1.2.3
+
1ee2
0e
.
.
1e+
1e
1ee2
abc
-
1.2.3
-
000.e
e10
++1
e10
1.2.3
++1
1e+
-
.
000.e
abc
++1
0e
--2
1ee2
000.e
abc
0e
1e-
+
+
abc
-
1.2.3
-
abc
e10
-
1.2.3
--2
+
--2
1e
--2
e10
1ee2
abc
++1
1.2.3
+
1e-
--2
abc
.
1e
0e
1e
1e-
000.e
e10
--2
0e
0e
-
-
1e
--2
1e+
+
-
+
0e
.
1e+
1e
--2
abc
0e
--2
-
e10
--2
--2
abc
0e
.
-
.
1.2.3
1e
0e
--2
.
0e
.
1e-
0e
--2
000.e
--2
++1
000.e
1e+
1e+
1e
e10
--2
1ee2
1e-
000.e
.
1e-
.
e10
1e
1.2.3
1ee2
.
000.e
1.2.3
1ee2
++1
1e+
+
1e+
abc
--2
.
000.e
000.e
e10
1e+
e10
1e
e10
-
--2
--2
1e
e10
+
--2
abc
1.2.3
1e
e10
1e-
0e
1.2.3
1e+
.
1e-
1ee2
.
+
1.2.3
1ee2
abc
1ee2
.
1e-
0e
1e
1ee2
1e+
-
1e-
+
+
1e
0e
+
--2
+
1e
e10
++1
1.2.3
1e
1.2.3
.
1.2.3
1e
1e
1e+
0e
-
1e
--2
+
+
+
000.e
1.2.3
1ee2
000.e
+
0e
0e
-
1e-
abc
++1
1e
.
1e-
--2
0e
++1
++1
+
000.e
++1
000.e
1e
-
1.2.3
.
+
0e
.
abc
--2
1e
e10
.
-
++1
e10
1e
--2
000.e
-
-
.
+
--2
1ee2
000.e
-
+
--2
++1
1e
1.2.3
000.e
1e-
--2
e10
000.e
1e+
1.2.3
-
-
1e
abc
000.e
+
abc
-
000.e
++1
e10
-
000.e
0e
e10
.
e10
-
e10
.
--2
abc
1e-
.
e10
1e+
1e+
.
-
+
1e+
--2
-
1e-
1e+
+
.
++1
abc
-
0e
1e
+
++1
1ee2
+
e10
-
--2
--2
1.2.3
e10
000.e
.
--2
--2
--2
1.2.3
-
+
1.2.3
000.e
-
1e
1e+
1e+
abc
e10
1e-
--2
.
1e-
--2
--2
1e
+
abc
.
1e+
1ee2
abc
abc
e10
-
1e+
1.2.3
abc
1e+
1ee2
1.2.3
abc
--2
1e-
--2
1e-
++1
0e
1ee2
+
--2
++1
1ee2
0e
--2
-
1ee2
--2
1ee2
1.2.3
.
+
-
++1
000.e
-
000.e
1ee2
abc
-
-
+
1e+
--2
0e
-
+
++1
1e
abc
-
.
.
e10
1.2.3
1e
+
1e-
++1
e10
--2
1e+
--2
1e-
1e-
1.2.3
1e
e10
.
1e-
1.2.3
e10
1e+
1ee2
+
abc
+
.
+
1e+
e10
++1
000.e
-
+
+
1e-
abc
.
+
abc
+
1.2.3
-
++1
-
--2
+
1e
1ee2
+
--2
1e+
1e
000.e
1ee2
abc
+
1ee2
.
-
1e+
.
1.2.3
1ee2
1e
1.2.3
1e-
.
1e+
0e
+
0e
+
1.2.3
1e+
1e-
e10
000.e
-
-
e10
1ee2
0e
1ee2
-
1.2.3
1.2.3
1.2.3
++1
0e
1e
000.e
+
000.e
abc
1ee2
1e-
-
1ee2
000.e
e10
000.e
1e+
++1
1.2.3
1e-
+
1e+
e10
000.e
++1
1e
--2
1ee2
-
--2
e10
1e+
-
e10
e10
0e
1e+
1e-
e10
--2
1e
abc
+
--2
000.e
0e
abc
1e+
1e+
1e-
-
--2
-
0e
1e+
+
000.e
0e
1e-
1e+
1ee2
-
+
1e+
abc
+
000.e
e10
e10
e10
abc
--2
1e+
1e+
+
1e
abc
--2
++1
1.2.3
e10
++1
-
++1
1.2.3
.
1e-
1e
.
1.2.3
1e
+
1e+
1e
1e
1ee2
1.2.3
1e
1e
++1
1ee2
+
.
000.e
1e
1.2.3
-
abc
++1
1e+
-
1e
000.e
1e
-
--2
1e-
-
e10
1e-
1e
+
.
000.e
1.2.3
abc
++1
++1
abc
1ee2
e10
1e-
1.2.3
--2
-
--2
++1
-
1e
+
1.2.3
0e
abc
1e
++1
--2
abc
1ee2
++1
++1
++1
++1
abc
1ee2
1e-
abc
000.e
1ee2
1ee2
1e
1ee2
+
1e+
e10
1e+
+
000.e
1e-
.
1e
1e-
.
abc
1.2.3
000.e
1e+
-
000.e
1e
+
e10
e10
1e-
1.2.3
1.2.3
abc
1e-
+
1ee2
++1
abc
--2
++1
1e+
+
+
--2
1e-
--2
1e
.
1ee2
.
0e
1e+
1e
1e
-
.
abc
000.e
0e
-
+
+
-
-
++1
-
1e+
e10
+
.
000.e
-
1ee2
e10
1e-
abc
000.e
000.e
--2
e10
1e-
-
1.2.3
.
--2
1.2.3
1e
000.e
000.e
++1
0e
1.2.3
+
1ee2
0e
abc
abc
1ee2
1.2.3
-
0e
-
++1
1e-
1e
000.e
++1
1e-
++1
--2
1e-
1e
1e-
-
+
1ee2
--2
1.2.3
++1
e10
abc
e10
1e+
.
+
-
0e
1e
1e-
1ee2
1e
1ee2
1e+
.
abc
-
abc
1e-
+
1ee2
+
++1
+
1ee2
+
-
0e
++1
.
1e-
000.e
e10
.
++1
.
000.e
1e+
--2
+
1e-
1.2.3
+
0e
.
1ee2
+
1.2.3
1.2.3
+
1ee2
--2
0e
1ee2
--2
1ee2
.
-
1e-
1.2.3
1e
1e
1e+
+
e10
+
e10
.
0e
.
.
++1
abc
1e-
1.2.3
0e
0e
0e
1e
1e-
.
000.e
-
0e
++1
--2
1ee2
1.2.3
e10
--2
--2
e10
1e
0e
-
1e+
1ee2
1e
1e-
000.e
abc
1.2.3
1ee2
--2
--2
1e+
1e+
1e-
.
1e-
1e
abc
1e+
1.2.3
abc
1e-
1ee2
1.2.3
1e+
1e
000.e
000.e
1.2.3
1e-
++1
-
+
+
abc
abc
1.2.3
1e
abc
1e+
1e+
abc
abc
abc
1ee2
1.2.3
0e
1e+
+
000.e
++1
abc
abc
1e+
-
.
1e-
++1
1.2.3
0e
1e
1.2.3
++1
-
+
abc
-
1ee2
.
1e+
--2
-
0e
++1
+
-
+
1e-
.
.
++1
0e
.
++1
1.2.3
-
0e
1ee2
.
1ee2
+
++1
0e
-
1e-
1ee2
1e
1e-
000.e
++1
000.e
1ee2
.
-
e10
1e-
1e-
1e+
+
1.2.3
e10
1.2.3
++1
1e+
abc
.
1e-
-
000.e
e10
++1
1e
+
.
000.e
1e
-
1e-
abc
1e
-
.
0e
1e
1ee2
0e
-
abc
1e-
1e-
1e-
1.2.3
++1
1e-
-
0e
abc
++1
.
1.2.3
1.2.3
.
1ee2
+
e10
1ee2
e10
1.2.3
0e
-
abc
+
e10
1e+
-
1e-
abc
1e
1e
e10
e10
0e
abc
e10
++1
e10
1e+
++1
1.2.3
0e
e10
1ee2
1e+
1e+
0e
--2
e10
1ee2
1e+
--2
1e-
1ee2
-
--2
000.e
1e+
abc
e10
abc
1e
1ee2
0e
1ee2
1ee2
.
1.2.3
1ee2
e10
.
.
0e
+
1.2.3
--2
--2
abc
--2
1.2.3
1ee2
1ee2
000.e
000.e
1e-
1e
-
-
++1
.
1e+
1e+
++1
--2
.
abc
e10
0e
1ee2
1e-
1e-
0e
000.e
--2
+
000.e
++1
++1
e10
1e
--2
0e
abc
--2
+
000.e
.
-
0e
1e-
--2
.
0e
-
000.e
000.e
--2
1.2.3
e10
1e
-
++1
.
0e
abc
-
1.2.3
1.2.3
--2
++1
--2
--2
1e+
e10
++1
1e+
-
1e
1e
1.2.3
1e-
++1
+
abc
1.2.3
1e-
0e
e10
000.e
+
-
abc
e10
e10
1e
1e
1e
--2
0e
e10
+
.
1e
-
e10
abc
1e
abc
++1
1e+
1e+
.
1e
.
000.e
1e-
1e-
1ee2
abc
e10
1e
000.e
1ee2
abc
1ee2
1.2.3
-
--2
.
0e
0e
1e+
1e-
++1
1ee2
++1
--2
+
1ee2
+
1ee2
+
e10
1.2.3
0e
+
000.e
++1
1e-
1.2.3
1ee2
000.e
abc
1e+
+
1e-
0e
000.e
1e
1e
1e+
-
-
1.2.3
abc
+
1e-
.
1e-
--2
-
e10
1.2.3
0e
1e-
.
1e+
++1
e10
--2
1ee2
.
1e-
.
000.e
--2
-
1ee2
1e
0e
1.2.3
-
abc
++1
+
1e-
-
-
1.2.3
000.e
.
000.e
0e
-
1ee2
.
1e+
000.e
1.2.3
++1
.
.
abc
1.2.3
--2
1e-
1ee2
-
000.e
-
--2
-
--2
1ee2
.
000.e
000.e
--2
++1
0e
1e+
1e-
0e
.
1.2.3
.
+
+
e10
e10
1.2.3
1.2.3
.
000.e
e10
--2
1.2.3
1.2.3
e10
.
1e
+
1ee2
+
1e-
++1
-
-
1ee2
1e-
1ee2
.
1e-
000.e
1e
++1
e10
--2
.
1ee2
1ee2
++1
1ee2
.
1e
++1
000.e
1ee2
1.2.3
+
-
e10
+
--2
.
++1
-
-
-
0e
1e
e10
1e-
+
000.e
000.e
1e
1e-
--2
-
-
1ee2
.
abc
1ee2
e10
abc
abc
000.e
abc
abc
++1
++1
+
1e-
--2
1.2.3
abc
1e
1ee2
1.2.3
-
--2
1e
abc
000.e
1e
1ee2
0e
1e
000.e
000.e
1ee2
1e+
000.e
1e
1e+
++1
--2
1ee2
abc
0e
--2
++1
1e
0e
+
1.2.3
1e-
0e
1e
e10
e10
1.2.3
1e
1.2.3
+
--2
-
1e-
000.e
1e-
000.e
1e
1e+
1ee2
.
+
000.e
1e+
-
++1
1e
++1
0e
-
0e
000.e
1e+
000.e
1e+
1e+
+
++1
0e
1e
++1
--2
.
1e-
abc
1ee2
0e
1e+
1e-
1ee2
.
1e+
e10
1e-
.
.
e10
e10
.
1e+
0e
0e
1e+
++1
1e-
.
0e
+
-
abc
.
++1
0e
+
++1
1e+
1e-
--2
+
+
0e
e10
abc
1e-
++1
e10
1e+
1ee2
1e+
1ee2
0e
--2
000.e
.
abc
1e
1e
--2
+
.
1e-
e10
++1
+
0e
1e-
1ee2
.
++1
0e
1ee2
-
0e
000.e
1e-
abc
1.2.3
000.e
++1
1.2.3
1e+
1e-
1e+
1e+
.
.
e10
-
1e-
+
000.e
+
--2
0e
1ee2
.
1e
1e-
000.e
1e-
++1
++1
.
-
1e+
+
1ee2
.
.
1.2.3
1e
--2
1e
0e
.
.
000.e
1ee2
1e-
000.e
1ee2
0e
000.e
1ee2
1e+
1e+
1ee2
1e-
1ee2
--2
1e+
--2
--2
-
000.e
--2
0e
1e-
++1
1.2.3
000.e
abc
.
0e
000.e
-
1ee2
-
e10
abc
1e+
1.2.3
--2
000.e
1e-
000.e
000.e
--2
1.2.3
--2
-
-
e10
1ee2
1e+
1ee2
1e+
1e
--2
.
000.e
+
1e-
e10
1e
000.e
++1
000.e
1.2.3
abc
+
000.e
--2
1e-
1e-
1.2.3
abc
1e-
+
.
1e
1ee2
1.2.3
abc
1.2.3
1.2.3
1e-
1e+
1e
-
0e
abc
1e
.
--2
-
--2
000.e
++1
+
000.e
1e
abc
--2
--2
1e
+
abc
.
000.e
-
0e
--2
1e-
-
1e
0e
1ee2
1ee2
1e+
000.e
1e+
++1
abc
1e
.
1.2.3
+
000.e
1e
.
1.2.3
++1
--2
1e
++1
e10
e10
1.2.3
1e+
0e
1ee2
.
000.e
000.e
000.e
e10
e10
abc
e10
000.e
1e
.
++1
1ee2
1.2.3
--2
1.2.3
.
1e-
1e-
.
1.2.3
++1
1.2.3
.
1e-
1e
1.2.3
0e
e10
1e
1e+
1.2.3
-
1e+
++1
.
1.2.3
+
-
.
1e
+
1.2.3
1e-
++1
.
1e
0e
e10
1.2.3
+
+
abc
1e-
1e-
+
-
--2
1ee2
1e+
-
1e+
000.e
1ee2
e10
abc
1e-
e10
.
+
--2
++1
1e
e10
-
1.2.3
000.e
abc
--2
++1
1e-
abc
1.2.3
1e
abc
e10
1.2.3
000.e
1ee2
.
.
000.e
abc
++1
1e-
000.e
e10
++1
--2
.
abc
e10
1e-
e10
-
000.e
1e-
e10
abc
1e
0e
1e-
+
0e
++1
.
e10
--2
1.2.3
+
.
+
1ee2
1e
1ee2
.
000.e
abc
.
.
000.e
1e+
abc
++1
++1
--2
0e
1ee2
1e
1e+
--2
1ee2
1e
e10
0e
1ee2
-
1e+
.
1ee2
1e-
.
abc
.
1ee2
1e+
1e
1ee2
1e+
1e-
++1
1ee2
abc
0e
--2
++1
0e
1e+
1ee2
1e+
--2
+
1e-
1e
1e-
000.e
1e+
1e+
1e-
+
.
1.2.3
0e
1e
1ee2
1e+
000.e
--2
000.e
1e-
--2
+
.
++1
++1
000.e
.
++1
.
1e
1e+
000.e
000.e
e10
1e-
.
--2
1ee2
++1
abc
1.2.3
-
1ee2
1e-
1e-
+
0e
1.2.3
1e-
+
0e
1ee2
++1
abc
0e
abc
--2
--2
1e-
1e
0e
1.2.3
-
++1
000.e
--2
.
abc
-
abc
1.2.3
.
0e
1ee2
+
++1
1e+
1e
0e
000.e
1ee2
1ee2
1ee2
+
+
e10
1e+
-
-
1.2.3
-
1e
abc
-
-
-
++1
+
1e
+
1e+
++1
-
0e
1e
++1
+
-
0e
1e
1e+
e10
e10
--2
1e
++1
1ee2
-
.
e10
--2
e10
-
++1
1ee2
0e
abc
1.2.3
1e-
1e-
-
--2
--2
000.e
++1
000.e
-
1.2.3
.
1ee2
abc
--2
1.2.3
++1
1ee2
1e+
.
1e-
1e+
1e+
1e+
.
000.e
--2
1e+
0e
0e
-
++1
000.e
abc
abc
--2
1e-
e10
--2
+
1e
0e
abc
-
abc
1.2.3
0e
000.e
1e+
+
1.2.3
000.e
abc
1e
1e
1e+
000.e
1ee2
-
.
+
-
abc
--2
1e+
1.2.3
e10
1e-
1ee2
--2
1e+
1.2.3
++1
0e
0e
abc
000.e
1.2.3
abc
000.e
+
++1
000.e
1.2.3
1e+
000.e
1ee2
-
1e+
000.e
1e
1e-
e10
1e
abc
--2
-
1e+
1e+
++1
0e
1.2.3
1.2.3
1.2.3
.
1ee2
0e
.
+
+
0e
000.e
1e-
e10
0e
e10
000.e
000.e
++1
1e+
1.2.3
000.e
e10
1.2.3
1e
+
1ee2
1e-
--2
+
1e+
1e-
+
1e
000.e
0e
e10
++1
abc
e10
.
.
--2
1ee2
0e
-
0e
1e
-
1e
.
abc
++1
1e
1ee2
1e-
--2
1ee2
0e
1.2.3
.
abc
--2
1e+
-
1e-
-
1e
000.e
1e
--2
1e
1.2.3
1ee2
1ee2
-
+
abc
-
0e
.
++1
abc
++1
abc
++1
e10
000.e
1e
1e
1e
0e
000.e
1e+
.
1ee2
-
1e+
--2
abc
1e
1.2.3
.
1.2.3
1ee2
-
+
1.2.3
1e+
1e+
1e-
.
--2
.
abc
1e-
-
1e-
++1
1e-
1e-
000.e
--2
+
1e-
000.e
.
1e-
1e-
1e
0e
-
++1
000.e
1e-
1ee2
++1
1e+
1ee2
+
000.e
1e
e10
.
--2
.
e10
1e+
--2
e10
++1
-
-
-
abc
000.e
1e-
000.e
1e-
000.e
0e
1ee2
.
abc
-
0e
--2
-
++1
1ee2
+
0e
1ee2
.
-
0e
.
1e+
1e-
1ee2
1ee2
-
1.2.3
e10
.
1e-
++1
0e
1e-
e10
1.2.3
-
e10
0e
1e-
1.2.3
1ee2
.
1e-
-
1.2.3
1e
0e
000.e
abc
-
1.2.3
1.2.3
1e-
1.2.3
-
++1
-
.
000.e
++1
.
++1
1e-
1.2.3
--2
1ee2
.
1e+
++1
abc
000.e
1e+
0e
1ee2
1e+
1e
e10
1ee2
000.e
0e
abc
++1
abc
++1
1e
.
.
1e
++1
+
1.2.3
1e+
abc
1e
+
+
--2
1e+
++1
e10
abc
1ee2
e10
e10
000.e
1ee2
1e+
.
++1
0e
abc
+
1e+
+
abc
abc
000.e
+
1ee2
.
--2
+
1.2.3
000.e
0e
.
1e-
+
e10
1ee2
1e+
--2
0e
abc
1e-
e10
1.2.3
e10
0e
000.e
1e+
1e
0e
+
1.2.3
1e-
e10
0e
++1
1e-
++1
.
1e+
--2
0e
000.e
.
1e
+
000.e
1.2.3
+
1.2.3
--2
1.2.3
1e-
1e+
abc
1e+
1e+
0e
-
abc
--2
1e-
e10
.
1.2.3
1e+
000.e
abc
1.2.3
0e
1e+
+
1e-
1e-
1e
--2
1e-
+
-
++1
1e-
.
--2
000.e
1.2.3
+
abc
1ee2
+
1ee2
--2
-
1.2.3
++1
1e-
1e+
e10
+
--2
1.2.3
-
.
e10
+
-
000.e
++1
1.2.3
.
1e+
e10
000.e
1e
++1
000.e
000.e
abc
1e-
abc
000.e
1ee2
++1
.
++1
1e-
1e-
0e
1e
-
000.e
++1
--2
1.2.3
000.e
-
+
1e-
+
--2
e10
++1
--2
1ee2
e10
0e
1.2.3
000.e
1ee2
-
-
000.e
1.2.3
abc
-
1e
abc
0e
e10
--2
1e
e10
e10
000.e
000.e
1ee2
e10
1ee2
1e-
+
.
1e-
+
1ee2
1e+
000.e
1.2.3
1.2.3
++1
1.2.3
abc
1e+
abc
1e+
1e+
+
000.e
.
--2
--2
000.e
1.2.3
0e
1e+
1e
-
++1
-
e10
e10
1e
-
1e+
0e
000.e
0e
.
abc
000.e
++1
1e
abc
.
000.e
--2
1e+
++1
--2
--2
e10
-
1e-
1e
.
1e+
-
1e-
1e
000.e
000.e
1e-
--2
000.e
.
.
abc
000.e
+
++1
1e
0e
e10
abc
abc
1e-
1.2.3
-
--2
abc
+
-
.
000.e
-
000.e
abc
1.2.3
.
1e
1.2.3
.
abc
000.e
000.e
e10
--2
+
1e
--2
--2
1ee2
1e+
1ee2
e10
abc
1e
abc
1.2.3
e10
abc
e10
1e-
1.2.3
-
000.e
000.e
1e
.
-
1e+
.
1e-
-
.
--2
--2
e10
1.2.3
1e
1ee2
abc
.
+
1.2.3
1e-
.
000.e
.
1.2.3
000.e
000.e
1e
+
++1
1e+
+
-
0e
000.e
++1
1e-
1ee2
-
1e+
1e-
++1
.
1e
1ee2
1e-
1ee2
e10
-
1ee2
1.2.3
--2
1.2.3
1e+
000.e
1e-
+
1.2.3
1.2.3
++1
1e
.
1.2.3
++1
1.2.3
0e
++1
1e-
.
e10
--2
1ee2
.
.
abc
1e-
e10
1e
--2
++1
1.2.3
000.e
.
abc
1ee2
1.2.3
1ee2
1e-
++1
e10
abc
e10
1e+
e10
1.2.3
--2
1e+
1e
1ee2
000.e
+
000.e
e10
-
++1
++1
1e
1e-
000.e
1ee2
abc
1e+
-
1e-
abc
.
1ee2
1e-
0e
++1
1e-
1e+
1ee2
1e-
1.2.3
1e+
1e
.
0e
1.2.3
.
000.e
+
+
1e
000.e
-
1e-
++1
+
1e-
abc
1e-
1ee2
000.e
++1
.
-
--2
0e
1ee2
.
1e-
++1
1e
1e
0e
0e
1e+
1e
1e+
1e+
e10
1.2.3
++1
1ee2
1e+
+
1.2.3
1.2.3
0e
-
1e+
1e-
+
+
1.2.3
++1
--2
abc
1e
+
.
000.e
1e+
--2
++1
-
1e
1e-
+
000.e
e10
1e+
1e-
1e
000.e
--2
1e
1e
--2
e10
1ee2
1.2.3
++1
000.e
1e
1e+
0e
-
e10
abc
.
1e+
0e
++1
000.e
1e
+
++1
000.e
e10
1.2.3
1ee2
1e
1e+
+
++1
.
1ee2
1e
1.2.3
1e-
1e-
e10
1e-
abc
1e+
-
abc
-
000.e
000.e
1.2.3
--2
e10
e10
+
abc
+
.
1ee2
1ee2
1.2.3
1e-
1.2.3
1ee2
1.2.3
1ee2
-
e10
--2
.
+
1e+
.
+
.
e10
--2
000.e
1e-
++1
.
000.e
+
+
e10
1ee2
1.2.3
000.e
1e+
e10
.
++1
--2
1e+
--2
++1
0e
e10
--2
-
1e
000.e
1e+
1e-
e10
000.e
1ee2
abc
-
0e
--2
--2
1e+
.
e10
-
.
1e-
+
1.2.3
--2
1ee2
000.e
e10
000.e
-
1.2.3
1.2.3
.
1ee2
.
1ee2
1ee2
e10
1.2.3
e10
+
1e+
abc
1e-
1e-
.
-
--2
0e
e10
1e-
--2
++1
+
-
e10
--2
1e-
1e-
1.2.3
-
1e-
1e-
abc
1e-
1.2.3
1e+
-
abc
abc
e10
1e+
1ee2
+
1e
000.e
0e
++1
000.e
-
0e
0e
1ee2
1ee2
+
1ee2
++1
+
abc
1e-
1e
+
1e-
++1
1ee2
+
abc
abc
1ee2
1e+
e10
000.e
.
.
1.2.3
e10
--2
1e+
-
-
1e
-
1e-
1e+
++1
0e
.
000.e
+
1.2.3
1e-
1ee2
abc
1e-
1e+
0e
1e
1e-
+
000.e
--2
--2
abc
0e
--2
1.2.3
0e
--2
1e+
000.e
1e+
1e+
e10
1e
1e-
1e-
++1
++1
000.e
1.2.3
0e
1e-
++1
.
1e+
1e-
-
abc
1e+
.
1ee2
1.2.3
1e
abc
1e-
++1
abc
000.e
000.e
e10
1e
000.e
0e
e10
e10
e10
1e
1e+
1e
1e+
--2
1.2.3
1e+
+
0e
0e
+
--2
1.2.3
1.2.3
1ee2
.
++1
--2
+
+
.
1.2.3
1e
-
.
1e+
1e
1e-
1ee2
1.2.3
1e+
1ee2
e10
+
.
1ee2
1e+
++1
e10
e10
abc
++1
0e
-
1e
0e
1e+
-
0e
000.e
e10
1.2.3
--2
1.2.3
++1
+
000.e
-
1.2.3
--2
.
++1
.
1e-
1.2.3
e10
+
+
1e-
0e
++1
--2
1e
000.e
1e
1.2.3
--2
++1
1e+
1e
-
1e+
.
-
++1
-
000.e
1e-
+
--2
1e+
.
--2
abc
1.2.3
1ee2
1e-
-
0e
--2
+
e10
--2
1e-
--2
-
1e+
0e
1e
--2
0e
1e
--2
--2
abc
1.2.3
1e+
++1
1ee2
++1
0e
+
e10
+
000.e
++1
1e
.
1e+
0e
1e-
--2
1ee2
1.2.3
1ee2
1e
000.e
++1
1.2.3
000.e
--2
e10
1e+
000.e
1ee2
000.e
1ee2
000.e
++1
1ee2
e10
1e+
e10
+
.
0e
e10
++1
1e
.
++1
-
abc
1e+
e10
+
1e
1e-
--2
000.e
0e
e10
1e
1ee2
e10
-
-
1e+
-
--2
abc
abc
e10
++1
e10
abc
abc
++1
1e
1e-
1e-
1e
000.e
abc
1e+
e10
0e
--2
e10
.
000.e
1e+
--2
1e+
++1
.
1e
000.e
1.2.3
1e+
1e-
++1
1.2.3
1e-
-
.
++1
000.e
--2
1ee2
1e
++1
1e
-
--2
++1
-
1e
-
-
1.2.3
.
.
e10
.
1.2.3
1ee2
1e
abc
++1
abc
-
e10
abc
+
1.2.3
+
1e-
--2
1ee2
1e-
1.2.3
+
1e+
0e
1e
1ee2
abc
-
+
.
1e-
-
++1
.
000.e
000.e
1e-
1.2.3
abc
-
000.e
.
1e-
1e
1e-
1ee2
.
1ee2
000.e
-
1e
1e-
e10
1e
-
.
1e-
abc
e10
1ee2
1.2.3
--2
000.e
1e
--2
e10
-
1e
abc
--2
+
1ee2
1e-
++1
.
--2
abc
+
1e-
0e
+
1.2.3
1ee2
0e
000.e
0e
.
1.2.3
+
0e
e10
1e+
.
+
++1
-
0e
1.2.3
1e
1e
1.2.3
e10
1ee2
1e-
++1
1ee2
++1
000.e
0e
1e+
1ee2
e10
1e
1e+
1ee2
1e-
0e
1e
e10
1ee2
.
1e-
000.e
0e
+
1ee2
0e
1ee2
-
1e
abc
1e-
1e+
+
1ee2
--2
.
e10
--2
1.2.3
1e+
1e
.
++1
.
+
0e
1e
--2
1e+
+
1e+
-
++1
1ee2
1.2.3
--2
.
abc
1e-
1e-
-
000.e
.
.
1e
+
1e
1e+
000.e
-
1e+
e10
.
++1
1ee2
000.e
1ee2
++1
1ee2
1ee2
-
e10
000.e
1e-
--2
.
abc
e10
1e
1e-
1e+
1ee2
abc
0e
000.e
e10
--2
e10
1.2.3
+
0e
e10
0e
+
+
+
abc
-
.
1ee2
++1
1e+
+
-
1e-
1e
1ee2
1.2.3
000.e
1ee2
+
+
+
e10
+
e10
1.2.3
--2
abc
e10
1ee2
+
1e
0e
+
++1
1e-
1e
1.2.3
abc
.
.
-
1e
1e+
0e
0e
++1
+
1e+
1ee2
+
1ee2
abc
abc
-
1e+
000.e
e10
1ee2
1e+
--2
1ee2
1e+
1ee2
-
0e
1e-
+
abc
1e-
1.2.3
++1
++1
-
1e+
-
e10
1.2.3
--2
--2
1ee2
1e
000.e
e10
1e+
abc
1.2.3
0e
0e
abc
+
1e
.
--2
000.e
+
1e-
1e-
abc
1e
-
--2
+
1e
1ee2
-
1ee2
e10
1e-
1ee2
1e+
1.2.3
1ee2
abc
e10
-
1e
--2
+
.
+
0e
.
abc
1ee2
1ee2
1e-
+
--2
0e
1ee2
0e
abc
e10
1e-
1.2.3
abc
1.2.3
0e
1e+
0e
.
e10
1e
1ee2
-
1e+
-
1e
1.2.3
--2
+
1e+
000.e
.
1ee2
e10
1ee2
1e
--2
+
000.e
0e
1.2.3
-
1e-
++1
1e+
+
1.2.3
1e+
abc
1e
-
abc
abc
-
1.2.3
1e+
1e+
++1
--2
0e
-
1ee2
1e
1e+
-
-
e10
1e-
1ee2
-
++1
1e+
1ee2
1e-
.
.
e10
+
abc
1.2.3
abc
-
.
1ee2
.
.
1e
--2
++1
1e-
1e
.
abc
1e+
+
+
abc
1e+
1e
++1
e10
.
.
0e
abc
000.e
000.e
abc
++1
1e+
+
-
.
000.e
1e+
--2
1e+
1.2.3
1e
1e-
000.e
1.2.3
abc
1e+
.
-
.
--2
1e+
+
1.2.3
1e-
000.e
+
.
+
--2
--2
-
e10
1e+
abc
+
000.e
e10
1.2.3
.
1.2.3
.
1e+
+
--2
-
1e-
e10
++1
e10
.
1e-
+
-
1e-
--2
.
1ee2
+
abc
000.e
--2
1.2.3
1e
1e
-
1.2.3
000.e
+
-
-
-
++1
+
1e-
000.e
-
1ee2
1e+
abc
000.e
0e
1.2.3
.
--2
1ee2
1e+
1ee2
1e-
000.e
++1
000.e
000.e
+
+
abc
-
.
0e
-
1e-
1e
1ee2
1e-
e10
1e
abc
e10
0e
000.e
1e
-
1e+
1e-
1e+
1e
1e
--2
abc
1ee2
1e-
1e+
1e
1e+
000.e
-
0e
0e
.
-
--2
--2
+
.
1e-
-
1e-
1.2.3
1e
1e+
1e-
--2
1e
.
1e-
1e+
++1
000.e
1ee2
e10
0e
1e+
1ee2
-
0e
1.2.3
1e
000.e
--2
--2
1e-
1ee2
000.e
1e-
abc
+
1e
e10
.
e10
1e+
e10
abc
1.2.3
.
-
000.e
.
0e
1e-
--2
0e
+
--2
.
-
++1
1e-
.
000.e
.
0e
1e
abc
1ee2
1.2.3
1e
1e-
--2
1e+
1ee2
1e+
1.2.3
1e
+
++1
e10
1e
.
1.2.3
--2
+
abc
000.e
-
e10
1e-
000.e
1.2.3
+
-
-
-
e10
--2
-
e10
abc
1e
1.2.3
e10
--2
000.e
.
1.2.3
1ee2
1e+
1e
000.e
1ee2
--2
1e
--2
1e+
-
--2
+
1.2.3
.
1ee2
--2
e10
1ee2
-
1.2.3
--2
1e+
1e
++1
1e
1.2.3
000.e
0e
1e
0e
--2
1.2.3
abc
1e
++1
--2
1e-
1ee2
+
1ee2
-
-
1.2.3
1.2.3
0e
--2
++1
-
e10
1.2.3
000.e
1e
000.e
1e
1.2.3
1e
abc
.
1e+
e10
-
000.e
+
-
1ee2
++1
-
1ee2
0e
1ee2
1e-
1e
1.2.3
000.e
e10
--2
000.e
--2
000.e
-
abc
+
++1
.
1e-
abc
+
-
1.2.3
++1
1e+
1ee2
++1
e10
1e
+
000.e
1e-
1e
--2
1.2.3
++1
-
1e-
abc
++1
++1
e10
++1
.
1e
1e
0e
1e+
0e
e10
1ee2
1e-
000.e
++1
1e
.
abc
++1
1.2.3
.
+
1e+
1ee2
1e
1e-
1e
+
+
1e
1e-
0e
1ee2
e10
--2
1ee2
0e
1ee2
abc
e10
0e
1e
-
1e
.
-
0e
+
-
--2
++1
--2
1e
000.e
1ee2
++1
--2
0e
e10
abc
0e
.
-
0e
.
000.e
0e
-
abc
1e-
1.2.3
000.e
000.e
.
1e+
0e
++1
++1
0e
--2
1e-
0e
0e
-
e10
1e
e10
+
--2
-
1e+
++1
abc
.
1e-
0e
1.2.3
1ee2
0e
e10
e10
++1
e10
1e-
--2
+
1e
1.2.3
0e
e10
+
000.e
.
e10
1e
1e
+
-
--2
.
++1
1e
-
-
1ee2
-
e10
1.2.3
1e+
.
++1
++1
-
0e
0e
abc
e10
1ee2
-
-
1e-
0e
+
--2
.
abc
000.e
.
1.2.3
1e+
e10
1e-
000.e
000.e
0e
000.e
1e-
1.2.3
1ee2
1ee2
000.e
1e
1e+
+
000.e
-
1e
e10
-
000.e
--2
1.2.3
000.e
0e
1e+
1e
+
++1
++1
0e
e10
1e-
-
1e+
++1
++1
0e
.
-
++1
-
.
e10
1.2.3
+
e10
--2
--2
-
--2
+
--2
++1
1e+
1ee2
abc
1e
--2
1e
1e+
1e+
++1
-
1e+
.
-
--2
.
1e-
+
--2
+
--2
1e-
0e
1ee2
1e+
+
-
1.2.3
0e
1ee2
-
+
--2
1ee2
-
e10
1.2.3
1e
+
1e+
1e
-
e10
--2
.
1e
--2
e10
e10
abc
+
-
1ee2
1.2.3
+
abc
1e
1e+
abc
--2
.
abc
1.2.3
1e+
1ee2
+
1ee2
++1
1e+
000.e
+
1e-
000.e
e10
000.e
e10
1e
e10
e10
abc
abc
1e-
000.e
--2
abc
+
.
1ee2
1.2.3
1ee2
1e
1e
0e
e10
1e
--2
abc
++1
1ee2
++1
1ee2
1e+
1e+
1e
++1
1.2.3
.
1e-
++1
0e
e10
+
+
000.e
1ee2
--2
1e+
1e+
1e+
--2
-
000.e
000.e
1e-
1.2.3
.
1.2.3
000.e
1ee2
--2
-
1e
e10
1e
e10
+
abc
000.e
.
-
000.e
000.e
1ee2
+
.
0e
abc
1e+
--2
-
000.e
++1
1.2.3
+
1.2.3
--2
+
000.e
.
.
000.e
1.2.3
++1
abc
.
--2
1e-
++1
-
--2
++1
1e
1e
1e+
0e
--2
-
--2
1e
1ee2
1e
1ee2
1e-
+
e10
1e
abc
e10
1ee2
++1
000.e
-
1ee2
.
+
+
-
1e+
-
abc
1.2.3
1ee2
1.2.3
abc
.
000.e
+
000.e
1e
-
1e+
-
--2
--2
-
1e-
+
++1
1e
1e
1.2.3
+
000.e
.
e10
-
1e
1ee2
0e
+
++1
.
.
1e-
--2
++1
0e
1e
1ee2
abc
1.2.3
1e-
--2
++1
1ee2
+
-
.
.
1.2.3
++1
000.e
abc
--2
0e
1.2.3
-
000.e
+
1e
abc
1ee2
++1
0e
000.e
++1
1.2.3
abc
+
0e
1ee2
1e+
--2
1.2.3
1e-
1e-
0e
--2
1.2.3
1e+
1e-
.
+
1ee2
e10
0e
1e
1e
++1
1e+
1e+
++1
.
abc
abc
1e-
1e-
1e
1ee2
1e
+
-
.
abc
--2
--2
1e
+
--2
e10
1e-
1e+
1ee2
++1
1.2.3
--2
.
e10
1.2.3
1e
1e+
1ee2
000.e
abc
1e+
e10
e10
abc
1e-
-
abc
000.e
--2
1e+
000.e
+
+
--2
.
e10
1e+
1.2.3
e10
0e
1e-
0e
++1
000.e
.
++1
1e-
.
++1
--2
0e
.
+
1e
1.2.3
1e
abc
e10
++1
1e+
+
e10
1ee2
-
abc
-
1ee2
1ee2
--2
0e
--2
000.e
++1
1e+
abc
++1
--2
1.2.3
0e
abc
abc
e10
1.2.3
.
1e
1ee2
-
++1
000.e
abc
abc
-
000.e
-
1e
-
1ee2
0e
1e-
1e+
.
abc
1ee2
1ee2
e10
.
abc
+
000.e
--2
000.e
1.2.3
abc
-
++1
++1
-
1.2.3
0e
1e-
1.2.3
.
000.e
1e-
1ee2
+
1e
1.2.3
abc
1e
0e
e10
++1
1e+
+
0e
e10
.
.
++1
1e
+
1ee2
--2
e10
e10
1e
1.2.3
e10
1ee2
000.e
0e
1e
0e
.
++1
1ee2
e10
000.e
-
+
.
1e+
1.2.3
-
-
+
-
1.2.3
abc
1.2.3
1e+
1ee2
1.2.3
1e
1e+
--2
+
1e-
e10
1e
1e-
--2
e10
1.2.3
+
++1
1e+
--2
abc
1e+
1e+
abc
e10
1e
++1
0e
1e+
1e-
--2
0e
000.e
-
--2
abc
--2
e10
1ee2
0e
-
1e+
.
--2
1ee2
1e
0e
1e-
++1
+
--2
0e
1ee2
1e+
000.e
1e-
1ee2
--2
1e
000.e
1e-
1e
-
1e+
++1
abc
-
--2
-
--2
1e-
1e-
abc
.
1e
abc
e10
e10
1ee2
e10
++1
0e
1e+
--2
+
1e-
e10
e10
1e
abc
++1
--2
++1
0e
--2
1e+
1e
+
++1
abc
1e+
-
0e
+
.
abc
1.2.3
000.e
-
++1
++1
++1
.
1ee2
1e+
0e
.
++1
--2
+
++1
+
++1
1ee2
1e-
1e+
abc
+
.
-
1e-
1e-
1e+
++1
0e
e10
1ee2
0e
abc
1.2.3
+
000.e
.
1e+
1.2.3
+
1e
0e
abc
0e
++1
+
--2
abc
1e-
0e
-
abc
.
1ee2
e10
+
1e-
1ee2
--2
0e
.
--2
0e
000.e
.
0e
--2
1e+
abc
1e
1ee2
1e
e10
1e-
e10
-
1e-
+
+
1e+
-
1.2.3
0e
0e
000.e
000.e
1e-
1e
+
++1
0e
e10
1e+
1ee2
.
1.2.3
0e
abc
-
.
abc
1e+
1e+
-
1e-
+
++1
1ee2
1.2.3
+
--2
1.2.3
0e
1e+
.
.
000.e
abc
+
+
+
--2
e10
0e
-
1e-
000.e
--2
-
abc
e10
0e
e10
++1
000.e
1ee2
1.2.3
1ee2
--2
000.e
000.e
1e+
.
-
.
1e-
1e+
0e
-
1ee2
+
++1
1.2.3
e10
1e
.
1.2.3
e10
1ee2
1e+
1e+
0e
e10
-
1e-
0e
1.2.3
1e
0e
1e
1.2.3
1e
-
1e-
++1
1e-
1e
+
1e
1ee2
--2
abc
.
1e-
e10
1e
abc
1e-
1e
+
+
.
e10
.
+
1e
abc
--2
abc
abc
abc
1e
+
e10
1e
abc
1ee2
1e
abc
abc
1ee2
e10
abc
e10
0e
1.2.3
--2
e10
1e
--2
0e
-
000.e
0e
abc
++1
abc
+
e10
+
1e-
1ee2
.
e10
1.2.3
++1
+
++1
1ee2
1e+
0e
-
-
+
1ee2
0e
.
000.e
1.2.3
1ee2
+
-
1e-
.
1ee2
000.e
--2
1.2.3
.
-
1e
000.e
.
.
1e
1ee2
1e-
0e
-
000.e
0e
000.e
1.2.3
1ee2
1.2.3
0e
1e-
--2
abc
+
-
1.2.3
++1
1e+
+
1e+
-
1.2.3
1e+
abc
abc
1e
e10
--2
000.e
1e+
000.e
e10
000.e
0e
1e
1e
1e+
1e+
abc
--2
000.e
1e+
+
e10
+
++1
000.e
000.e
1e-
e10
1e+
1e
-
-
0e
1.2.3
--2
1e
+
+
e10
++1
1ee2
1ee2
1e
0e
1e
++1
+
1e+
1e+
++1
.
abc
1.2.3
e10
e10
000.e
-
1.2.3
000.e
0e
1.2.3
1e+
1e+
000.e
1e+
+
+
--2
0e
0e
--2
1ee2
abc
--2
+
--2
1ee2
1e
abc
abc
.
abc
1e
1e
000.e
+
1ee2
-
.
-
-
++1
0e
--2
1e
.
1ee2
1e
0e
e10
0e
++1
000.e
1.2.3
.
1e-
+
1ee2
1ee2
e10
1.2.3
+
--2
++1
abc
1e
.
1e
1.2.3
000.e
1.2.3
1ee2
-
000.e
1e
1e-
1e+
--2
1e
--2
-
++1
abc
.
e10
1e+
.
.
.
1e+
1e
+
1e
1e
abc
1ee2
1ee2
1.2.3
.
++1
1ee2
1e
.
--2
1.2.3
1.2.3
0e
0e
000.e
abc
0e
1e+
1e-
1ee2
abc
1e
++1
abc
++1
abc
1.2.3
1ee2
abc
1.2.3
1e-
1ee2
1e
1.2.3
0e
.
1e+
--2
1.2.3
1e+
e10
0e
1e-
e10
++1
1e
0e
e10
-
e10
000.e
.
-
.
1ee2
1e
1e+
abc
-
1ee2
1ee2
000.e
--2
1e+
+
abc
1.2.3
-
-
1e+
1e+
1e-
1.2.3
+
1e
0e
1.2.3
1e+
.
1.2.3
+
+
1e+
1e
e10
1.2.3
1e
-
1e-
++1
--2
1.2.3
1e-
e10
+
1ee2
-
1e
0e
e10
.
1e+
1.2.3
+
-
1.2.3
-
000.e
1e
1.2.3
e10
0e
1e-
-
1.2.3
000.e
abc
1e
-
+
0e
--2
000.e
++1
e10
1ee2
--2
--2
-
1e-
e10
1e
-
1e
1e-
--2
--2
++1
1e-
.
000.e
e10
1e-
++1
e10
++1
1e+
abc
1ee2
1ee2
e10
-
1.2.3
e10
1.2.3
e10
++1
1e
1e
1e-
1e
++1
-
1e+
abc
-
1e
000.e
1e+
e10
0e
1e+
-
1e
1ee2
++1
-
+
e10
e10
++1
+
1e
abc
000.e
.
-
0e
--2
1e
abc
1.2.3
e10
-
abc
1ee2
e10
abc
+
--2
000.e
0e
++1
--2
++1
.
abc
+
1e
1ee2
+
1e+
1.2.3
1ee2
1ee2
.
1.2.3
1e+
1e
+
++1
1e+
++1
1.2.3
1e-
.
1e+
e10
-
1e-
+
1e+
e10
e10
1e+
--2
--2
1e
-
-
e10
abc
e10
1e
+
+
1e-
.
1e+
-
1.2.3
--2
1.2.3
--2
1e-
1ee2
abc
1.2.3
1ee2
1.2.3
1ee2
-
--2
0e
1.2.3
.
e10
000.e
+
abc
1.2.3
1.2.3
1e+
abc
000.e
e10
1e-
e10
1e-
+
--2
+
1e-
1.2.3
--2
000.e
000.e
0e
000.e
++1
1e-
1e
++1
0e
e10
-
1e-
1.2.3
1ee2
e10
1e+
1ee2
0e
0e
-
abc
0e
1.2.3
.
e10
0e
1.2.3
1e
++1
1.2.3
.
.
1ee2
1e
++1
--2
1e
.
1.2.3
-
+
+
++1
e10
0e
.
+
0e
1e+
1.2.3
+
1.2.3
e10
+
1e
--2
1e+
+
1e
++1
1e
1e+
0e
1.2.3
0e
+
-
-
+
-
1.2.3
--2
-
.
1e+
000.e
1e
e10
1e-
-
0e
--2
-
abc
--2
1e-
0e
++1
1e
1e+
000.e
1e-
1e-
1e+
0e
+
1e-
--2
--2
e10
++1
1.2.3
.
+
-
1ee2
--2
+
1e-
++1
0e
.
--2
++1
1e
+
--2
abc
.
1e-
abc
1.2.3
000.e
000.e
+
1e
000.e
1e+
.
1.2.3
000.e
.
e10
1e+
1e-
abc
-
abc
--2
0e
1ee2
1e-
1e+
0e
1e-
+
e10
1e+
1.2.3
abc
000.e
.
1e-
abc
++1
++1
e10
1ee2
1e
1e+
abc
1e-
--2
1e
--2
1e+
000.e
1.2.3
000.e
+
.
1e
000.e
e10
1e
0e
0e
.
-
++1
1ee2
1.2.3
--2
1.2.3
000.e
1e-
1ee2
1e
1e
1ee2
abc
1e-
.
++1
++1
abc
1e
--2
--2
-
++1
abc
+
000.e
0e
--2
000.e
abc
1.2.3
0e
+
-
1ee2
e10
.
++1
--2
1ee2
abc
1e+
1.2.3
1ee2
1ee2
1e
1.2.3
e10
++1
1e
++1
0e
000.e
++1
1e+
e10
+
--2
1ee2
+
0e
-
-
--2
--2
0e
1e+
.
e10
1ee2
1e
1e-
1ee2
000.e
++1
-
+
+
1e-
1ee2
1e-
0e
0e
000.e
++1
000.e
1e
++1
1e+
.
1ee2
1.2.3
+
e10
000.e
1ee2
+
--2
0e
1ee2
++1
++1
-
.
000.e
-
++1
+
1ee2
1e
000.e
e10
1e
--2
--2
1e-
1ee2
.
abc
++1
1ee2
000.e
--2
000.e
1.2.3
+
1.2.3
++1
0e
1ee2
1e-
+
++1
0e
1.2.3
.
1ee2
+
+
1.2.3
0e
--2
+
-
1e+
1.2.3
1e+
--2
1.2.3
1e
.
1e-
1.2.3
1.2.3
.
0e
1e+
0e
1e-
--2
0e
+
1ee2
e10
-
-
1e
0e
e10
1e+
++1
1e+
abc
-
++1
1ee2
-
0e
1ee2
1e+
0e
+
000.e
1ee2
++1
1.2.3
e10
++1
1e
e10
1e-
+
-
1e+
1e
abc
1e-
1.2.3
000.e
-
++1
--2
--2
1e
1e
1.2.3
++1
-
abc
000.e
1.2.3
1e
--2
1e-
e10
+
1.2.3
1.2.3
++1
+
+
.
.
+
e10
abc
1e-
0e
1e-
000.e
0e
1e
.
1e-
-
-
1.2.3
1.2.3
+
1e+
000.e
000.e
e10
0e
000.e
0e
--2
--2
-
++1
e10
.
0e
1.2.3
abc
0e
--2
e10
.
+
--2
.
+
1e+
1e+
abc
1e+
1e+
e10
abc
1e+
-
1ee2
abc
-
++1
abc
+
e10
1e
-
1e+
1e+
1e
1ee2
1ee2
abc
--2
--2
-
+
-
1.2.3
e10
1e+
1e-
--2
1e-
--2
1ee2
e10
--2
++1
abc
abc
1e-
-
1e+
1e
--2
-
abc
--2
--2
1ee2
--2
e10
+
e10
--2
0e
abc
0e
++1
1e+
1e
1.2.3
1e
1ee2
e10
abc
abc
1.2.3
++1
1.2.3
1e-
0e
.
1e-
--2
1e+
0e
++1
+
1.2.3
-
1ee2
1e-
1e
--2
abc
+
0e
-
++1
abc
-
1e+
+
1.2.3
++1
000.e
+
0e
1e+
1e-
1.2.3
--2
++1
1e
abc
.
0e
e10
abc
1ee2
-
1ee2
+
1e
1.2.3
-
000.e
e10
.
0e
1e
--2
+
+
1.2.3
-
abc
0e
1.2.3
0e
abc
1ee2
1ee2
--2
++1
1e
-
1e
.
000.e
abc
e10
+
1ee2
.
--2
1ee2
0e
000.e
+
-
1e-
1e+
abc
+
000.e
++1
0e
-
.
1e
e10
+
-
+
.
1e+
000.e
e10
e10
.
1e
abc
0e
1.2.3
000.e
0e
--2
-
1e+
1.2.3
1e
-
1e+
.
abc
1e+
000.e
.
1.2.3
.
0e
+
1.2.3
1ee2
abc
1.2.3
0e
++1
e10
--2
abc
e10
abc
1ee2
-
1e-
1e-
0e
abc
e10
000.e
0e
1e+
1ee2
1ee2
--2
1ee2
0e
1e+
.
0e
+
+
1e-
e10
1.2.3
1e-
+
1e
-
1e
000.e
--2
--2
1ee2
.
1ee2
1e
1e+
abc
1.2.3
e10
000.e
1ee2
1e+
1e+
1.2.3
1.2.3
.
1ee2
+
-
.
e10
+
1.2.3
abc
0e
1e-
000.e
1ee2
.
++1
e10
e10
--2
.
-
.
--2
--2
1e+
++1
e10
1e-
000.e
--2
1ee2
1.2.3
+
-
e10
-
1e-
1e+
1ee2
1e+
--2
e10
1ee2
1.2.3
1ee2
++1
abc
000.e
abc
1ee2
1ee2
0e
1e-
+
-
0e
1ee2
1e-
0e
e10
1.2.3
1ee2
000.e
1e-
000.e
abc
.
1.2.3
+
1.2.3
1e-
000.e
0e
1ee2
-
0e
e10
1e
-
1e-
-
++1
0e
1e
++1
1ee2
1.2.3
abc
.
++1
1e-
0e
1e
1e+
--2
+
000.e
1e-
+
e10
+
--2
e10
e10
0e
+
.
+
1e-
1.2.3
.
1e-
-
1e-
abc
.
e10
.
--2
e10
1e
1.2.3
e10
1e-
1e-
000.e
1ee2
-
1ee2
1e-
1ee2
1e+
--2
1e
abc
--2
0e
++1
--2
++1
1e+
.
+
abc
e10
1ee2
0e
1.2.3
abc
.
++1
--2
1e+
abc
1.2.3
.
++1
e10
--2
1e-
1e-
1ee2
.
--2
abc
0e
1e
--2
1.2.3
e10
1e-
0e
++1
--2
--2
1ee2
1e+
000.e
000.e
1e+
abc
.
1ee2
abc
++1
abc
1ee2
+
e10
1ee2
1e+
0e
000.e
1e
+
0e
0e
1ee2
+
1ee2
++1
-
+
0e
e10
000.e
1ee2
1ee2
-
1e
++1
1ee2
abc
--2
-
.
-
--2
1e+
000.e
1.2.3
.
0e
++1
1ee2
1ee2
1ee2
000.e
000.e
1e+
1ee2
++1
1e-
e10
++1
1e
e10
e10
abc
1e+
+
++1
000.e
0e
000.e
abc
000.e
--2
0e
1e+
e10
.
e10
1e+
1e
1e
-
1.2.3
+
.
1e
000.e
1e
++1
++1
1ee2
+
1.2.3
1e+
e10
++1
1e-
--2
+
1.2.3
1.2.3
0e
000.e
0e
1.2.3
+
1ee2
000.e
1e
1.2.3
e10
1.2.3
+
abc
--2
--2
1e+
000.e
1ee2
1e+
1.2.3
--2
-
.
abc
1.2.3
1e+
0e
+
1e+
++1
e10
+
1e
abc
-
e10
e10
abc
.
0e
--2
1e+
++1
1ee2
1e
1ee2
+
e10
1.2.3
000.e
+
1.2.3
1ee2
1.2.3
e10
.
--2
+
1ee2
1e-
e10
1e+
1ee2
--2
1ee2
-
-
0e
e10
1e-
-
1e+
1e-
1e-
--2
0e
--2
1e-
abc
1.2.3
abc
0e
e10
0e
+
.
.
-
1e+
++1
.
1.2.3
000.e
1e-
++1
.
1ee2
--2
++1
--2
+
+
++1
1e+
-
1.2.3
1ee2
e10
.
1e-
--2
+
e10
++1
1e+
1e-
-
1.2.3
000.e
abc
1e
000.e
1ee2
000.e
.
-
abc
1e
e10
abc
1e+
abc
1ee2
.
1e-
.
++1
1e-
1e
abc
0e
+
++1
+
1e+
e10
1e
.
++1
0e
1e-
-
.
1e+
-
++1
1ee2
+
1.2.3
abc
--2
++1
--2
1e
--2
e10
1e
1ee2
-
000.e
0e
+
1e+
+
1e-
1e
1e-
0e
-
e10
1ee2
+
e10
1e-
1e
-
0e
1ee2
1e+
++1
.
000.e
1e
++1
1e
1e-
abc
1e+
e10
1e-
0e
--2
-
e10
++1
-
--2
e10
1e+
--2
000.e
.
1e-
1e
0e
e10
--2
--2
.
e10
++1
++1
1ee2
1e-
.
e10
1e
.
+
1e-
abc
0e
1e+
e10
--2
.
000.e
1ee2
1ee2
e10
--2
000.e
+
abc
+
++1
000.e
+
0e
1e
1e+
0e
-
1ee2
1.2.3
1.2.3
.
++1
.
1ee2
--2
1e
1e-
1e+
1e
e10
1e
.
e10
0e
.
e10
.
1e-
1e
000.e
++1
e10
+
0e
e10
1e+
++1
1e
1e-
1e
1ee2
000.e
000.e
e10
1.2.3
1.2.3
000.e
1e-
1e+
0e
++1
.
e10
1ee2
abc
-
1e+
1ee2
1ee2
1e-
--2
.
abc
e10
1.2.3
-
1e-
abc
-
1ee2
1.2.3
1ee2
000.e
000.e
1e+
abc
++1
0e
1e+
0e
--2
000.e
1.2.3
-
e10
-
+
1.2.3
+
e10
-
e10
abc
e10
++1
000.e
1e+
0e
1.2.3
1.2.3
1.2.3
-
.
0e
1.2.3
abc
+
abc
1e-
1e+
--2
abc
1e-
1e-
abc
+
1.2.3
1.2.3
000.e
1e
-
abc
+
1e-
000.e
++1
000.e
0e
1.2.3
1e-
1e+
++1
++1
000.e
1.2.3
.
++1
+
1e
+
.
--2
--2
1e-
++1
+
1ee2
-
000.e
1.2.3
0e
1e+
000.e
-
000.e
1e-
1ee2
--2
1e-
.
1ee2
0e
1e+
--2
1e+
1.2.3
1e-
++1
1.2.3
e10
0e
+
1ee2
++1
1e-
1e
1.2.3
e10
1e
-
abc
0e
1e-
1ee2
e10
-
+
1e+
.
000.e
--2
++1
000.e
1e+
+
1.2.3
abc
--2
000.e
+
++1
1e-
-
000.e
++1
--2
--2
-
0e
--2
000.e
1e
000.e
000.e
-
+
+
0e
1ee2
000.e
000.e
++1
abc
1e-
1ee2
e10
1ee2
+
000.e
+
1e-
++1
++1
abc
1ee2
e10
.
1e+
++1
++1
0e
1e-
0e
000.e
abc
000.e
1e+
1e+
1.2.3
1e+
--2
1ee2
1e+
0e
.
1ee2
1e
++1
--2
000.e
1e+
.
1.2.3
0e
1e
.
1e+
e10
1e+
-
000.e
e10
0e
+
1e-
1e-
+
+
000.e
abc
-
++1
+
-
1e+
1e+
.
0e
1.2.3
1e+
+
1ee2
.
000.e
--2
+
0e
1e
1ee2
1e
.
000.e
e10
1.2.3
1e+
1.2.3
1e+
-
abc
1ee2
1e+
1e+
-
1e-
1.2.3
1e
1ee2
-
abc
0e
.
0e
+
+
1ee2
1e+
.
--2
0e
0e
e10
-
++1
++1
1ee2
0e
1ee2
.
-
--2
1.2.3
1.2.3
.
1ee2
1ee2
-
1e-
++1
++1
1e+
000.e
+
++1
1.2.3
0e
1ee2
--2
--2
+
1ee2
.
.
e10
0e
1e-
1e
1e+
-
1e
1e+
.
++1
abc
++1
000.e
abc
abc
++1
1.2.3
-
-
1ee2
1e+
e10
1e
.
+
000.e
--2
000.e
++1
1.2.3
0e
.
-
1e
.
e10
1e+
-
000.e
-
1e
+
000.e
+
1ee2
+
1e-
0e
1e
1e-
abc
-
1e
e10
e10
000.e
e10
++1
--2
abc
-
--2
1e-
1e-
.
--2
1e-
.
e10
1e-
1e+
abc
1.2.3
abc
0e
--2
1e-
1e+
1e+
1e
1.2.3
1e+
1e-
+
1e
-
abc
1e-
1e-
--2
1e+
e10
0e
1.2.3
000.e
0e
000.e
+
+
1e
.
+
abc
abc
.
0e
-
1e+
e10
1e-
+
++1
e10
000.e
1e+
1e-
-
1e+
+
abc
.
1e-
0e
.
e10
1e-
--2
000.e
1.2.3
-
1e
abc
1e
+
1ee2
+
000.e
abc
-
0e
1e+
abc
++1
1e+
1e+
1.2.3
abc
1ee2
abc
.
0e
--2
1e+
1e-
0e
abc
-
000.e
1e+
.
--2
abc
000.e
000.e
--2
1e
1e+
-
1e-
1e-
abc
1ee2
1ee2
1e-
--2
1.2.3
.
000.e
0e
.
.
1e-
e10
e10
1e-
e10
1e+
0e
abc
.
.
.
++1
-
000.e
1e
++1
1e
1ee2
1e-
1e+
--2
--2
1e+
--2
e10
0e
-
+
1e
.
1e+
+
0e
+
++1
++1
+
--2
1e
1ee2
e10
--2
1e+
0e
abc
+
-
1.2.3
0e
abc
1e-
1.2.3
+
+
+
abc
1.2.3
.
abc
+
-
-
0e
e10
e10
1ee2
-
e10
e10
++1
0e
.
++1
-
0e
++1
1e
--2
abc
+
.
1e+
1e
+
--2
1ee2
1e-
000.e
1.2.3
1e
.
++1
1ee2
+
1.2.3
e10
1.2.3
1e
abc
1.2.3
1ee2
++1
abc
000.e
++1
1.2.3
1e+
++1
1ee2
1e+
1e
-
abc
1e-
1.2.3
1e-
abc
e10
-
1e-
1e-
e10
1e-
1.2.3
++1
1e
++1
.
-
e10
1e+
1ee2
1ee2
1ee2
abc
1e+
.
-
e10
1e
e10
000.e
1e-
--2
1e-
++1
1.2.3
--2
1e+
1ee2
+
1e
1.2.3
abc
1ee2
abc
e10
-
abc
abc
0e
1e
abc
e10
1ee2
abc
000.e
0e
abc
1e+
-
1ee2
1e+
-
abc
e10
1e-
1ee2
--2
-
++1
1ee2
0e
1ee2
1e
000.e
.
.
1e+
-
1.2.3
0e
000.e
e10
1e
0e
0e
1.2.3
e10
1e-
abc
1e-
e10
0e
1e-
0e
1e+
e10
1e-
1e
+
1e
1e-
e10
1e-
e10
1e-
++1
.
--2
-
000.e
--2
++1
e10
--2
-
1ee2
1e
1e-
1ee2
++1
000.e
000.e
1e-
000.e
++1
-
abc
000.e
-
000.e
1e
0e
--2
abc
e10
e10
+
-
--2
+
1ee2
+
--2
1ee2
1e
+
abc
-
1e+
0e
abc
1e-
-
1e+
+
1.2.3
.
1ee2
.
.
1ee2
.
000.e
0e
abc
0e
+
1.2.3
e10
1.2.3
abc
.
e10
abc
1e
1e+
+
1ee2
0e
.
+
e10
1ee2
-
000.e
1.2.3
0e
0e
+
000.e
+
abc
++1
-
1e
1.2.3
0e
1e-
1e-
--2
abc
++1
1ee2
--2
1e-
+
0e
abc
++1
++1
1.2.3
e10
++1
1.2.3
-
1e
1e+
0e
+
1ee2
abc
0e
--2
1ee2
1e
1.2.3
e10
+
--2
e10
abc
0e
--2
++1
abc
1e+
0e
1ee2
++1
-
abc
1e+
1ee2
abc
0e
--2
1ee2
1.2.3
000.e
++1
++1
.
0e
1e-
--2
1.2.3
1ee2
+
1e-
1.2.3
--2
1e-
1e-
1ee2
1e+
000.e
1e-
1ee2
+
0e
++1
abc
+
++1
000.e
+
0e
000.e
-
--2
1e-
1ee2
1e-
000.e
++1
1.2.3
-
.
1e+
e10
0e
1e+
1e+
e10
++1
abc
1.2.3
-
1ee2
000.e
e10
1ee2
1e-
e10
.
--2
1e-
++1
.
-
abc
000.e
--2
0e
1e
1e
e10
1e+
1e-
++1
1e-
+
--2
1ee2
--2
++1
1.2.3
e10
+
.
1e+
+
e10
1e-
1e-
000.e
.
1ee2
--2
1e
+
++1
1e-
++1
1e
.
1e-
++1
1e
-
1e-
e10
++1
000.e
000.e
e10
0e
e10
abc
--2
1.2.3
abc
000.e
.
.
1ee2
abc
1ee2
1e+
abc
-
1e+
abc
e10
0e
1e-
1ee2
0e
1e
-
1.2.3
1.2.3
++1
++1
abc
000.e
1.2.3
--2
++1
-
1ee2
1ee2
000.e
1.2.3
++1
1e
++1
--2
++1
--2
000.e
1.2.3
+
1.2.3
1ee2
--2
0e
0e
+
1e
000.e
1ee2
abc
-
0e
1e+
++1
--2
1e-
.
.
1.2.3
1ee2
0e
1e
abc
-
1ee2
.
-
0e
.
.
-
.
++1
++1
1e
--2
abc
++1
++1
1e+
++1
.
++1
1ee2
1e+
++1
++1
+
--2
1e+
.
--2
0e
--2
e10
.
.
1.2.3
++1
-
1e
abc
1ee2
1e
1ee2
e10
1e
000.e
0e
--2
1.2.3
1ee2
.
1e+
abc
e10
++1
++1
+
--2
--2
1e-
1.2.3
.
1e
1ee2
.
-
1.2.3
--2
-
abc
1e+
000.e
+
.
1e-
--2
abc
1e-
0e
1.2.3
000.e
+
-
1ee2
--2
000.e
--2
abc
-
000.e
-
1.2.3
1e
--2
+
1e-
1e-
e10
1e
.
1e-
+
e10
+
1.2.3
--2
--2
abc
1e-
--2
abc
1ee2
1.2.3
1e-
-
1e
--2
1e+
1e-
--2
1e-
abc
1.2.3
.
1e
++1
e10
1e+
--2
1e+
1e-
1e-
+
0e
0e
1.2.3
--2
1e
e10
1.2.3
1e+
--2
1ee2
1.2.3
1ee2
.
1e
--2
000.e
1.2.3
000.e
-
1e+
e10
+
0e
.
1ee2
000.e
.
1e-
++1
abc
.
abc
000.e
1.2.3
-
abc
1e+
1e
e10
000.e
--2
0e
abc
0e
0e
1.2.3
.
1e
+
1e
1ee2
e10
1e-
--2
e10
1e-
--2
++1
+
1e-
1e+
1ee2
1e
abc
000.e
1e+
e10
e10
1e-
abc
.
1ee2
--2
e10
e10
++1
1e+
1e
1.2.3
abc
+
abc
e10
1e+
1ee2
1ee2
1ee2
1e+
++1
1ee2
1ee2
++1
1ee2
.
1.2.3
+
1ee2
abc
000.e
000.e
e10
++1
.
1.2.3
--2
abc
.
-
++1
1.2.3
1e+
1e+
e10
0e
.
--2
1e-
000.e
1e
1e-
0e
++1
0e
1e-
abc
.
.
--2
1ee2
e10
abc
1ee2
0e
++1
1ee2
e10
1ee2
+
+
1e+
1ee2
1ee2
0e
1.2.3
0e
++1
--2
1e+
e10
--2
000.e
-
1e-
1e
1ee2
++1
+
1.2.3
abc
1.2.3
.
--2
0e
-
++1
000.e
.
++1
1e
.
abc
1e
.
000.e
1e
1e
1.2.3
++1
-
1e
e10
0e
abc
-
--2
1e
e10
000.e
000.e
.
abc
1e-
000.e
+
1ee2
-
--2
+
e10
e10
+
1e+
1e-
++1
000.e
0e
1e+
0e
0e
.
e10
++1
1e-
e10
e10
--2
.
.
+
+
abc
++1
.
0e
1e
1e-
abc
++1
1.2.3
1e+
++1
1.2.3
++1
++1
++1
1e-
abc
000.e
0e
-
-
.
--2
-
+
-
e10
1ee2
1e-
++1
1e
-
e10
1e-
1ee2
1e
e10
+
-
1e+
.
1e-
0e
1.2.3
.
+
--2
1e
--2
--2
+
1e+
--2
000.e
abc
e10
.
1e-
1e
1.2.3
abc
e10
e10
+
--2
1.2.3
.
++1
--2
1.2.3
.
1e
e10
1e-
++1
0e
+
-
1e
.
--2
1ee2
--2
000.e
++1
-
1ee2
1e+
.
000.e
0e
--2
.
000.e
1e+
e10
1e+
--2
1.2.3
++1
1e
1e-
1ee2
1e
abc
e10
e10
1e-
1e
1e+
--2
1.2.3
e10
--2
--2
1e-
abc
abc
000.e
1.2.3
+
abc
1e+
1e+
1.2.3
1.2.3
-
+
--2
1e+
-
1e+
1.2.3
.
0e
1.2.3
1e+
-
1e
e10
000.e
1e
+
1e-
++1
1ee2
1e-
-
1e+
1e-
--2
000.e
1e-
1e-
.
+
-
1e+
-
1e
0e
1e
1ee2
1ee2
1e+
1e+
.
1e
0e
e10
1ee2
++1
e10
1ee2
-
000.e
-
1e-
1e
1e-
1ee2
1e-
-
1e
1e-
-
+
--2
+
+
000.e
+
.
-
1e+
e10
.
0e
abc
000.e
abc
0e
1e
+
--2
1.2.3
1e-
1.2.3
e10
--2
--2
abc
++1
1e-
1ee2
0e
1.2.3
abc
1ee2
1e-
++1
1e+
--2
abc
++1
0e
e10
+
1e-
-
++1
1e
1ee2
e10
-
1e
1ee2
1e+
-
--2
abc
1e
abc
1.2.3
1e
0e
1e
.
++1
000.e
-
1ee2
++1
--2
1e+
-
000.e
e10
1e+
000.e
1e+
e10
.
--2
.
+
1.2.3
1.2.3
1e
1e
1e+
.
1e-
1ee2
1e+
1ee2
1ee2
1e-
1e-
1e+
e10
e10
1e-
1e
.
e10
1.2.3
+
--2
++1
1ee2
.
+
1.2.3
1ee2
000.e
-
++1
1e-
000.e
1ee2
++1
-
e10
abc
.
.
+
abc
1e+
1e
abc
abc
1e+
.
1.2.3
abc
++1
abc
1.2.3
0e
.
1e-
-
abc
e10
1e+
1e-
-
abc
0e
e10
0e
++1
+
1.2.3
++1
abc
1e
--2
000.e
000.e
e10
abc
+
1e-
+
abc
+
1.2.3
e10
000.e
-
1e-
1e-
1e
.
-
.
1e+
--2
1ee2
0e
1.2.3
000.e
e10
--2
1e+
+
-
1e+
.
1ee2
1.2.3
-
1.2.3
1e
+
--2
++1
+
1.2.3
+
+
++1
1e-
1ee2
1ee2
1e
000.e
1e
--2
1e
--2
1.2.3
-
.
0e
000.e
abc
abc
1.2.3
1e
e10
1.2.3
1e+
1e+
.
--2
e10
abc
.
1e+
000.e
--2
1e-
1ee2
1ee2
1e+
++1
1.2.3
1e+
1e
.
1e-
000.e
e10
-
1e
1e
abc
1.2.3
.
1.2.3
abc
-
1.2.3
--2
1.2.3
++1
0e
.
1e
1e-
+
1ee2
.
1.2.3
abc
1e
1.2.3
0e
1ee2
e10
+
.
--2
1e
1e
-
0e
1e+
.
0e
1e
1e+
1e
e10
000.e
1e-
1ee2
.
abc
e10
1e-
abc
-
+
1.2.3
0e
1.2.3
000.e
1ee2
000.e
--2
0e
-
++1
1e-
abc
+
.
+
1.2.3
--2
000.e
1e
--2
+
.
1e
0e
--2
+
0e
++1
++1
1e-
abc
--2
1.2.3
e10
abc
-
abc
--2
1.2.3
0e
--2
0e
1ee2
abc
1.2.3
e10
0e
000.e
000.e
abc
--2
1e
1.2.3
1e-
.
.
--2
000.e
+
000.e
000.e
1ee2
+
1e+
1e-
abc
1ee2
e10
1e+
1e+
1ee2
--2
1e+
--2
+
+
--2
1e-
++1
++1
1.2.3
1ee2
e10
1e
.
.
1e-
+
.
1.2.3
--2
e10
--2
++1
e10
++1
+
1e-
abc
1.2.3
+
--2
--2
1.2.3
000.e
1e
abc
1e
e10
+
--2
.
1e+
1ee2
0e
abc
e10
++1
0e
1.2.3
1ee2
0e
1.2.3
e10
+
.
1.2.3
0e
000.e
1e
1ee2
0e
1ee2
--2
1e
0e
-
.
.
1e
-
1e-
1e
1e
1.2.3
1.2.3
0e
1e
++1
++1
1ee2
1ee2
1.2.3
-
e10
+
0e
-
--2
000.e
abc
1.2.3
1.2.3
abc
1e
1e-
0e
1.2.3
abc
abc
1e+
0e
1ee2
--2
--2
1ee2
1e-
.
1ee2
++1
++1
1e
++1
-
1ee2
abc
-
1e
abc
0e
1e-
1ee2
+
e10
1e+
++1
-
0e
++1
+
--2
0e
0e
e10
abc
-
1e-
0e
1e+
--2
e10
abc
1ee2
--2
--2
1e-
+
1ee2
.
.
abc
--2
e10
abc
0e
1e-
1e-
+
-
-
0e
abc
1.2.3
.
1.2.3
.
--2
0e
++1
0e
.
e10
1e+
e10
.
-
++1
abc
1.2.3
++1
e10
1e
.
e10
000.e
--2
-
1e
+
1.2.3
--2
abc
++1
e10
++1
1e+
1e-
.
+
1e
abc
0e
++1
.
abc
1e-
1e
e10
e10
.
e10
abc
1.2.3
e10
0e
1e
+
--2
e10
.
.
+
1.2.3
+
.
1ee2
000.e
-
1e+
-
1e-
1e+
e10
++1
1e+
.
1e
--2
1e+
1e-
++1
abc
0e
1.2.3
abc
1e+
-
1ee2
+
-
000.e
++1
--2
-
e10
000.e
1ee2
0e
1e-
--2
1e-
0e
-
+
1ee2
1e+
0e
.
--2
1e+
++1
1.2.3
1e+
1e+
++1
1e+
1.2.3
++1
1e+
.
e10
++1
e10
-
000.e
.
1e
0e
-
0e
000.e
-
+
0e
0e
++1
+
1ee2
1e+
000.e
+
1e+
1ee2
1ee2
1e
1.2.3
1e
1e-
1e-
0e
1.2.3
0e
1.2.3
++1
++1
1e-
abc
.
-
1e
abc
1.2.3
1ee2
1ee2
0e
0e
abc
0e
1.2.3
1e-
1e-
-
1.2.3
1e-
e10
abc
.
abc
--2
000.e
0e
1e
++1
+
0e
1e
-
1e
+
-
+
abc
--2
1e
+
.
abc
.
1.2.3
1e
+
1.2.3
++1
abc
+
1e-
abc
+
0e
.
1.2.3
1e+
1e-
+
0e
0e
+
1e
1e-
++1
000.e
-
-
.
++1
1ee2
1ee2
++1
-
--2
--2
1e
1.2.3
1e+
0e
1e
e10
0e
1e-
1e-
1.2.3
1.2.3
1.2.3
abc
.
1e
+
+
000.e
1e+
abc
.
.
1.2.3
abc
.
1e-
1e-
0e
1e+
1e-
-
-
1ee2
1e-
1e+
-
abc
1ee2
e10
1ee2
1e-
000.e
0e
1e-
1e+
++1
000.e
++1
1.2.3
1e+
000.e
e10
--2
e10
0e
1e+
abc
1.2.3
++1
+
.
-
1e+
1e+
.
1e
1.2.3
0e
-
1e+
-
000.e
+
e10
000.e
abc
e10
abc
.
1e-
--2
--2
0e
abc
1e
000.e
++1
e10
1e+
0e
1ee2
1.2.3
.
1.2.3
e10
1.2.3
1e
e10
e10
1e-
1e-
1e+
abc
0e
1e
++1
e10
000.e
1e
abc
--2
.
1e+
1e-
--2
-
-
-
-
1e
-
--2
abc
1.2.3
1.2.3
--2
1e
000.e
1e-
0e
e10
++1
1e+
-
1e
1.2.3
1.2.3
1ee2
0e
e10
000.e
0e
1ee2
1e-
000.e
.
1ee2
1e+
-
++1
++1
++1
1.2.3
1e
abc
1.2.3
1ee2
abc
abc
e10
1.2.3
e10
1e
e10
-
--2
1.2.3
abc
+
-
0e
e10
+
1e-
1e
+
000.e
000.e
.
1e+
e10
1e-
1ee2
0e
-
1ee2
--2
+
abc
1e+
-
000.e
++1
1.2.3
0e
1e-
1e+
1e
+
e10
+
+
1.2.3
1e+
+
1e-
+
1ee2
1.2.3
000.e
0e
-
--2
1e+
.
1e
1e+
1ee2
1e
+
1e
1e-
--2
0e
1.2.3
000.e
1.2.3
--2
1e
-
1ee2
000.e
1ee2
-
1ee2
abc
.
1e-
++1
--2
e10
1e-
1e+
1e-
e10
1ee2
000.e
1e
000.e
.
1e-
abc
-
abc
1e
1.2.3
1e+
000.e
1ee2
++1
e10
--2
+
.
000.e
+
.
1.2.3
1ee2
1e+
++1
1.2.3
--2
abc
1e+
+
1e+
000.e
1ee2
++1
.
1e+
--2
e10
000.e
--2
+
abc
.
+
+
1e-
e10
0e
000.e
000.e
1ee2
--2
1e-
1e
.
1e+
1.2.3
1ee2
1.2.3
1ee2
e10
-
++1
abc
1e+
abc
1e
1.2.3
1e-
0e
1ee2
1.2.3
abc
1e-
e10
e10
1.2.3
1.2.3
-
1e+
.
+
1.2.3
1.2.3
1e+
-
0e
.
1.2.3
0e
++1
--2
--2
-
++1
000.e
--2
--2
1e+
1e
--2
000.e
.
1e+
-
e10
000.e
1.2.3
1e-
--2
1.2.3
1.2.3
1ee2
e10
1e+
--2
1.2.3
1ee2
--2
-
.
++1
1e-
1.2.3
e10
000.e
e10
1e+
--2
1.2.3
--2
-
0e
e10
1e
1e-
1e
1.2.3
abc
1.2.3
+
e10
1.2.3
1e-
++1
--2
1ee2
++1
1e
0e
+
1.2.3
abc
0e
--2
1ee2
abc
++1
000.e
1ee2
1e+
-
1e
1e-
1e
--2
1.2.3
1ee2
1e+
1e-
1e+
++1
1e+
1ee2
abc
1e
+
0e
--2
1e-
1e+
+
+
abc
1.2.3
+
000.e
1ee2
1e
0e
000.e
1ee2
1.2.3
++1
1e
--2
e10
1.2.3
1e-
0e
--2
1ee2
000.e
000.e
1.2.3
e10
1e-
000.e
e10
000.e
1e+
-
1e
abc
1ee2
e10
-
000.e
1e-
e10
--2
+
1e
e10
-
1e+
.
++1
--2
-
--2
1ee2
1e-
1.2.3
1e+
1.2.3
1e
1e
++1
1ee2
000.e
0e
e10
0e
000.e
++1
--2
1.2.3
1e-
1ee2
++1
1ee2
abc
.
.
1e
.
--2
1ee2
1e
++1
abc
-
1.2.3
--2
abc
.
abc
0e
1.2.3
--2
abc
1ee2
1e-
0e
1e-
e10
1e-
-
1e-
1ee2
000.e
1.2.3
+
++1
abc
1e+
1e+
000.e
abc
+
++1
--2
-
1ee2
000.e
1e+
0e
--2
1ee2
abc
abc
+
0e
e10
--2
+
000.e
e10
1.2.3
+
1ee2
+
++1
1e
1e
--2
+
1e-
1e-
1.2.3
1e-
1.2.3
abc
-
e10
1.2.3
1ee2
0e
--2
000.e
0e
1ee2
--2
1e
1e+
1ee2
1e
0e
0e
-
1.2.3
-
+
e10
+
1e
0e
--2
1e+
++1
1e+
.
1.2.3
0e
1e
000.e
--2
1e-
1ee2
1e
1ee2
1.2.3
+
000.e
--2
++1
1.2.3
-
1.2.3
1e
-
000.e
-
-
++1
abc
000.e
1.2.3
1.2.3
++1
1e
++1
1.2.3
.
1e
1ee2
e10
1.2.3
0e
1.2.3
1ee2
abc
1e
1e-
-
1e-
1e-
000.e
1ee2
1e
.
e10
1e-
1ee2
.
000.e
--2
1.2.3
.
++1
--2
1ee2
1e
1.2.3
++1
.
.
.
e10
-
1ee2
0e
000.e
0e
e10
+
000.e
++1
0e
1.2.3
0e
1ee2
000.e
-
1e+
abc
-
1.2.3
-
++1
++1
.
++1
1e
1e+
1ee2
++1
e10
abc
1e-
1e
e10
0e
1e-
e10
0e
e10
.
e10
.
e10
1e-
e10
1.2.3
1e+
-
1e-
0e
1e-
--2
1e+
--2
abc
++1
e10
000.e
abc
000.e
1ee2
1e+
1e
-
.
1e+
1.2.3
+
.
abc
.
0e
.
.
1e+
.
1e-
-
1e-
000.e
-
e10
e10
1ee2
000.e
+
++1
e10
+
1e+
0e
1.2.3
++1
1.2.3
1e-
--2
000.e
abc
1ee2
1.2.3
abc
++1
+
0e
--2
0e
1ee2
1e
+
-
1ee2
++1
1ee2
1.2.3
1e
0e
.
1e+
1e+
1e-
abc
0e
1e-
-
abc
1.2.3
1e
-
1e-
+
+
1ee2
1ee2
1.2.3
1e
--2
1e+
1.2.3
1.2.3
.
1.2.3
.
--2
.
+
000.e
--2
1e-
e10
-
-
1e+
1ee2
-
abc
0e
-
.
000.e
abc
1e+
1e
abc
1e
e10
abc
-
000.e
0e
1e-
+
++1
1e-
++1
1ee2
--2
1.2.3
abc
abc
000.e
++1
.
e10
e10
1.2.3
e10
1.2.3
+
--2
1e+
++1
e10
0e
++1
000.e
1.2.3
+
+
1e
abc
1e
++1
1e+
-
-
+
.
1e-
.
1.2.3
0e
-
-
+
1ee2
--2
abc
-
.
1e
000.e
e10
1e-
+
1e+
0e
--2
-
1e-
1e
1ee2
1.2.3
1e
e10
abc
+
0e
0e
e10
.
--2
0e
-
e10
0e
e10
1e-
1e-
+
+
abc
1.2.3
1.2.3
--2
1.2.3
000.e
1ee2
+
abc
e10
e10
000.e
e10
abc
1e-
--2
1e-
1.2.3
--2
1e+
1ee2
0e
000.e
0e
--2
1.2.3
1e
+
000.e
1e
1ee2
++1
e10
++1
abc
0e
1e+
0e
-
1e
1ee2
+
0e
1.2.3
e10
1e+
--2
1.2.3
.
abc
e10
1e
1e
0e
1e
e10
1e-
1ee2
1.2.3
1ee2
1e
++1
abc
1e+
1e+
1ee2
.
+
.
-
--2
1.2.3
-
0e
0e
.
1e-
-
1e
++1
1e+
1e
1e
0e
1e
1e+
++1
abc
000.e
e10
1e+
e10
1ee2
1ee2
1.2.3
++1
1e+
0e
+
++1
1e-
1e-
1e
+
+
++1
e10
abc
0e
1e+
++1
abc
1.2.3
abc
.
1e
0e
+
1e+
+
1.2.3
e10
1.2.3
e10
.
1ee2
+
abc
e10
++1
1e-
000.e
+
abc
1e-
1ee2
-
1e-
1ee2
1.2.3
.
abc
.
.
++1
0e
1e-
1.2.3
+
1e+
1.2.3
+
1e
-
--2
1.2.3
++1
1e-
1e
1.2.3
1e-
1e+
1.2.3
.
+
1e
-
0e
+
1ee2
1e-
000.e
000.e
+
000.e
000.e
1e-
1ee2
1e+
1e
1e
-
0e
1e-
-
-
1.2.3
1.2.3
1e+
--2
--2
abc
1e
.
-
1e-
++1
-
1ee2
e10
abc
000.e
000.e
000.e
1e-
.
1ee2
+
+
1.2.3
e10
1.2.3
abc
+
++1
--2
1e
+
0e
000.e
.
+
1e-
abc
000.e
-
-
000.e
1e-
1.2.3
.
e10
1.2.3
1e
1ee2
.
0e
-
.
e10
+
1.2.3
1e-
0e
--2
1.2.3
1ee2
-
1e
e10
.
e10
-
-
+
-
1ee2
1e+
e10
+
1e
.
0e
+
000.e
1e-
1.2.3
1e+
+
1e-
--2
-
-
1ee2
000.e
-
+
1.2.3
abc
++1
0e
1e-
e10
++1
1e-
++1
+
abc
1ee2
e10
abc
1.2.3
e10
.
abc
1ee2
++1
000.e
1e-
000.e
-
1.2.3
abc
.
0e
--2
++1
--2
000.e
abc
.
++1
+
1ee2
e10
1.2.3
-
000.e
000.e
e10
1ee2
--2
000.e
+
1.2.3
0e
1e+
000.e
0e
000.e
1e
1.2.3
+
.
e10
1.2.3
e10
--2
--2
1e
abc
--2
1.2.3
1ee2
0e
0e
+
1e
.
+
1e
--2
0e
e10
abc
000.e
-
1e
.
1e+
1e+
1e+
e10
1e+
1e
000.e
e10
+
1e
abc
1ee2
1e-
abc
000.e
1ee2
1e-
1ee2
++1
.
1e+
000.e
-
1e+
1e
1ee2
+
1ee2
.
0e
abc
1e
+
--2
1ee2
-
1e-
.
+
1ee2
1e+
--2
+
0e
abc
.
1.2.3
1e
.
e10
--2
1e-
++1
++1
1e-
++1
1.2.3
.
-
1e+
1ee2
1ee2
1e
+
.
1e
0e
e10
1e+
++1
1ee2
+
abc
+
.
1.2.3
.
e10
1e+
e10
-
1e+
++1
+
1e-
--2
.
1.2.3
1ee2
1.2.3
1e
1e
e10
+
-
1e+
--2
e10
abc
1e-
e10
1.2.3
-
1.2.3
e10
1e+
++1
--2
0e
1.2.3
-
-
1.2.3
--2
-
+
1.2.3
e10
-
.
++1
+
--2
+
e10
1e-
1e+
++1
+
e10
-
1.2.3
1.2.3
-
.
1e
-
1e+
1e-
1e-
000.e
-
--2
++1
1e
--2
.
1e
1e+
++1
0e
1ee2
-
++1
1e
1.2.3
1e
000.e
0e
0e
000.e
1e+
-
000.e
000.e
e10
-
0e
-
1ee2
0e
+
e10
e10
000.e
1.2.3
1e+
1.2.3
++1
1e+
+
+
.
1.2.3
1.2.3
0e
.
1.2.3
1e+
1e+
abc
1e-
++1
1e-
--2
--2
++1
1e-
e10
e10
+
1ee2
+
1e+
1e-
1e-
1.2.3
1e-
abc
1e
abc
+
1.2.3
1e
++1
1e
--2
-
e10
.
000.e
1e-
--2
0e
1e-
1e+
e10
0e
1e
0e
1ee2
--2
+
.
++1
e10
+
0e
000.e
1.2.3
+
-
1e-
e10
1e+
--2
+
--2
--2
1ee2
000.e
+
1ee2
1e
+
1e-
+
.
1e
-
000.e
1ee2
1e-
000.e
abc
1ee2
abc
.
.
-
0e
1e-
.
--2
000.e
-
+
++1
1e
.
e10
1e-
000.e
1e+
000.e
1ee2
000.e
1e
.
+
0e
1e+
--2
000.e
0e
e10
000.e
1e
1e+
1e
000.e
1e
e10
e10
++1
.
1e
1e+
1e-
1e
1e-
--2
1.2.3
e10
000.e
--2
abc
.
0e
++1
+
.
1e-
1ee2
1e-
1e+
1e-
0e
abc
abc
++1
.
1e+
1e+
.
1ee2
--2
abc
abc
--2
0e
-
-
-
+
--2
e10
-
1e-
abc
-
e10
-
1e-
1e+
++1
1e
1e+
1e+
.
--2
0e
000.e
-
-
.
+
.
++1
0e
1ee2
--2
+
+
+
-
1e
1.2.3
e10
0e
.
0e
abc
1e+
1e
1e-
e10
e10
1ee2
+
.
--2
.
0e
++1
--2
000.e
e10
++1
++1
--2
1ee2
1ee2
1ee2
1e+
--2
1e-
1e-
1.2.3
1e+
000.e
1.2.3
e10
e10
1.2.3
1e+
1e
-
1.2.3
e10
1.2.3
1.2.3
.
1e+
++1
000.e
e10
0e
1e-
abc
++1
abc
1e-
1ee2
1e+
1e
0e
0e
++1
1.2.3
1e
1e
1e+
.
--2
++1
.
.
1.2.3
1e+
1e+
.
000.e
e10
e10
--2
1ee2
1.2.3
1e+
-
abc
abc
++1
++1
-
1e
--2
.
1ee2
0e
++1
1e-
-
1e-
1e+
1e+
+
abc
1ee2
1e-
1.2.3
1e
abc
0e
.
++1
++1
000.e
++1
.
-
abc
++1
e10
.
000.e
-
--2
++1
0e
1e+
1ee2
1e+
1.2.3
1.2.3
000.e
--2
1.2.3
1e
.
+
+
1e
1.2.3
1.2.3
e10
--2
abc
++1
++1
-
1e
0e
abc
000.e
1e
abc
--2
abc
000.e
e10
--2
1ee2
1e-
abc
0e
1ee2
1.2.3
1e+
1e+
1e
000.e
000.e
0e
++1
1ee2
0e
1e+
++1
000.e
abc
abc
-
1e+
0e
1e+
1e+
-
-
1e+
1.2.3
000.e
1e
000.e
+
1.2.3
1ee2
000.e
1e
1ee2
0e
1e+
1e-
.
+
1ee2
abc
1e-
-
abc
--2
.
+
0e
++1
1ee2
abc
-
.
.
1ee2
.
+
1e+
0e
1.2.3
-
++1
-
1.2.3
1ee2
1e
++1
++1
++1
0e
000.e
1ee2
1ee2
-
-
1ee2
1e-
--2
-
-
0e
++1
.
+
1ee2
--2
-
1e-
000.e
.
abc
1ee2
e10
+
1.2.3
1.2.3
1e
1e-
e10
1e+
-
1ee2
0e
0e
1e+
0e
1e+
1.2.3
+
1e
e10
--2
1e+
--2
0e
++1
+
-
1e
--2
1e+
.
abc
+
-
000.e
-
++1
1e
e10
1e
.
+
-
1ee2
+
1.2.3
1.2.3
abc
.
1ee2
.
e10
000.e
--2
1.2.3
abc
1e
-
.
0e
000.e
1e
--2
.
1.2.3
1e+
1e+
e10
++1
-
0e
e10
++1
1ee2
e10
0e
000.e
1.2.3
1e-
1e-
-
--2
abc
++1
1.2.3
+
000.e
0e
1.2.3
1e+
-
--2
abc
0e
1ee2
+
.
1e+
0e
e10
000.e
-
1e
1ee2
abc
1e
.
0e
1e
.
--2
.
1.2.3
+
000.e
++1
e10
abc
.
-
+
1e
1e-
--2
--2
++1
1e-
abc
++1
1.2.3
1ee2
1e
1ee2
1e-
--2
000.e
.
--2
1e+
-
1.2.3
-
++1
-
000.e
1.2.3
1e
1.2.3
000.e
-
abc
1e+
1e+
1.2.3
-
1e-
--2
-
--2
abc
1e+
abc
1e
--2
+
1.2.3
0e
0e
--2
1e-
e10
e10
.
-
++1
--2
++1
e10
+
1e-
1e
1e
1e+
1ee2
0e
1e+
--2
+
1e-
++1
abc
.
0e
000.e
+
+
.
1ee2
++1
1e+
e10
1e+
-
1.2.3
abc
e10
--2
--2
1ee2
--2
++1
abc
1e
1e+
1.2.3
1e+
-
1e
1e+
1e+
+
abc
0e
+
0e
1e
1e-
.
1e+
0e
1e-
++1
--2
+
1.2.3
-
1.2.3
000.e
e10
+
e10
1e+
1.2.3
0e
+
.
0e
1.2.3
1e
1e
000.e
+
+
1e
--2
e10
1ee2
++1
--2
1.2.3
.
1e+
1e-
1.2.3
1e
1.2.3
1e-
.
--2
.
000.e
000.e
.
1ee2
-
+
1e+
1.2.3
abc
1e+
--2
1.2.3
-
1.2.3
1e-
0e
1ee2
--2
-
++1
1.2.3
000.e
000.e
-
1e+
1e-
1e
1e-
abc
--2
1ee2
e10
++1
1e+
--2
--2
1.2.3
1.2.3
1ee2
--2
-
1e-
1e
e10
1.2.3
--2
0e
-
abc
000.e
1.2.3
abc
-
1.2.3
1ee2
000.e
1ee2
1e-
000.e
e10
000.e
++1
++1
0e
1e+
1ee2
1e
+
1.2.3
-
1e-
+
1ee2
0e
++1
--2
1e+
.
1e
+
1e-
000.e
1e
.
abc
e10
1e
.
1e-
1e-
--2
000.e
1ee2
1.2.3
1e-
++1
.
1.2.3
000.e
000.e
000.e
1.2.3
+
.
1e
1e
0e
1e+
.
--2
0e
abc
--2
1e+
--2
+
+
.
-
1ee2
1.2.3
1ee2
++1
0e
1e-
e10
+
abc
-
e10
-
++1
--2
000.e
-
+
+
1.2.3
1ee2
+
1e-
1e-
.
++1
--2
000.e
1e
0e
1e+
0e
1e+
+
abc
--2
1e
0e
000.e
++1
1e
.
+
1ee2
.
000.e
0e
1ee2
1.2.3
000.e
--2
1e+
0e
-
++1
1ee2
--2
e10
-
1e
1ee2
1e-
abc
1e+
1e-
-
0e
.
-
-
1.2.3
.
e10
--2
e10
.
-
--2
.
1e
abc
++1
--2
1e+
e10
0e
++1
1.2.3
abc
--2
1e
1e-
0e
+
1e-
e10
abc
-
000.e
0e
abc
000.e
--2
0e
1e+
-
1e+
.
0e
-
000.e
--2
abc
000.e
1ee2
+
1.2.3
1e-
1e-
1e+
1e-
0e
+
++1
+
1e-
--2
e10
1e
-
1.2.3
--2
1e-
1ee2
e10
1ee2
0e
--2
000.e
-
++1
--2
+
0e
000.e
+
1e+
0e
-
e10
1.2.3
e10
0e
abc
--2
++1
abc
+
1e
e10
000.e
--2
e10
.
abc
e10
1ee2
.
abc
000.e
-
0e
++1
-
-
1e+
1e-
.
++1
1e-
1ee2
-
1.2.3
e10
1e
1e
--2
+
.
1e+
-
000.e
1.2.3
++1
-
.
1e
.
1.2.3
1e
++1
1e-
0e
--2
.
1ee2
+
1ee2
1ee2
++1
1e+
1ee2
1.2.3
1e+
abc
1e
++1
1e+
1e
1e
abc
1e-
0e
+
++1
1.2.3
1e+
1e
000.e
1e
000.e
--2
++1
.
e10
000.e
1ee2
-
+
--2
1.2.3
++1
1ee2
++1
1ee2
-
--2
e10
0e
1.2.3
1ee2
1e+
-
.
abc
-
++1
abc
1e-
1ee2
++1
--2
.
1e
1e+
1e+
++1
-
1e-
0e
.
1e+
1e
1.2.3
--2
000.e
--2
1e-
+
0e
1e
e10
0e
000.e
+
1ee2
++1
++1
1.2.3
1e-
--2
++1
1e
-
1e
e10
0e
1.2.3
abc
--2
1e+
.
-
.
1.2.3
1e+
1e-
1.2.3
-
000.e
1ee2
+
0e
+
abc
.
1e+
abc
000.e
1ee2
--2
+
1e+
1ee2
1.2.3
1e-
abc
abc
1e+
.
-
abc
1e-
1ee2
000.e
e10
.
0e
++1
-
1e+
1e
.
.
++1
-
000.e
.
--2
++1
++1
++1
++1
--2
.
1e+
++1
++1
000.e
1.2.3
.
abc
e10
1ee2
0e
0e
1e-
abc
abc
++1
1e+
1ee2
.
000.e
e10
--2
1e+
+
+
e10
1e-
-
1e-
--2
abc
--2
-
1e+
1e+
1e-
++1
.
000.e
-
1e
-
1ee2
+
1e+
-
1e
1.2.3
1e-
+
--2
1ee2
1ee2
--2
-
000.e
+
-
-
abc
1e
.
++1
+
.
++1
abc
000.e
.
1e-
000.e
.
1ee2
1ee2
+
++1
-
000.e
0e
1e
+
1ee2
-
0e
000.e
--2
--2
-
1ee2
e10
.
0e
abc
.
abc
0e
0e
.
.
000.e
--2
+
.
-
1.2.3
--2
--2
1e
.
abc
.
.
0e
abc
--2
e10
--2
+
--2
e10
1e-
+
e10
000.e
1e-
0e
1.2.3
1e
0e
000.e
+
1e+
.
-
++1
1ee2
--2
--2
000.e
1e-
1.2.3
++1
1e
1e
1e
1ee2
1e+
e10
+
1e
1e
1e-
.
++1
-
abc
1e+
1e+
1e
--2
1e
-
e10
000.e
--2
++1
1ee2
+
--2
1.2.3
-
--2
1e+
.
++1
abc
1e-
1.2.3
e10
.
1e-
1.2.3
-
-
1ee2
1e+
e10
-
000.e
1ee2
-
++1
1e-
-
0e
.
e10
1e
1e
1ee2
.
e10
0e
e10
1e-
e10
--2
1e+
--2
-
1ee2
-
000.e
1e-
0e
.
++1
000.e
0e
1e+
1e+
+
e10
abc
1e-
++1
+
1e+
1e
1e-
1e+
1e-
1e+
abc
1e+
-
abc
1.2.3
+
000.e
000.e
1ee2
--2
abc
000.e
-
1e
1e+
0e
+
-
-
1e-
+
1e
1e-
+
-
1e-
0e
1e+
abc
.
000.e
000.e
--2
1e-
1e-
000.e
++1
1e+
abc
0e
000.e
e10
--2
e10
++1
--2
1e-
0e
e10
--2
--2
000.e
++1
-
+
--2
-
1e
--2
1ee2
--2
1e+
++1
1e-
1e+
+
1e+
1e-
0e
1e-
+
1e-
1e
e10
--2
e10
e10
1.2.3
-
--2
-
1e
+
e10
1ee2
e10
0e
0e
1e-
1.2.3
.
1e+
0e
1.2.3
000.e
1e+
1e-
1ee2
e10
0e
.
1e
1e+
1ee2
-
++1
e10
000.e
.
.
++1
.
++1
1e
000.e
000.e
1.2.3
1.2.3
1e+
+
0e
1e-
1e
++1
1e
1.2.3
-
+
000.e
1e
-
1e-
.
1e-
000.e
1ee2
1.2.3
000.e
1.2.3
1e+
000.e
abc
e10
.
.
--2
1ee2
+
1ee2
+
-
000.e
0e
0e
+
+
abc
+
+
000.e
-
-
.
1e-
1e-
1e-
1e-
000.e
1.2.3
000.e
1e-
000.e
1e
+
1e-
e10
--2
1e
e10
e10
1e-
-
.
+
abc
abc
abc
1e
abc
e10
.
1e-
1.2.3
+
-
.
-
000.e
++1
1.2.3
1.2.3
1e-
1ee2
0e
-
0e
-
0e
1ee2
000.e
0e
abc
++1
1ee2
--2
e10
-
+
1e
1.2.3
.
++1
.
1ee2
.
000.e
abc
1e+
1e+
000.e
1ee2
++1
e10
1e+
1e
1e+
-
abc
1e-
++1
0e
1e+
1e+
.
1e
1e
1e-
1e+
++1
abc
1e+
abc
1.2.3
.
++1
++1
1e+
+
-
--2
+
1.2.3
-
0e
++1
1.2.3
abc
abc
abc
1e-
0e
.
+
.
e10
-
++1
++1
000.e
1e+
1e+
e10
.
000.e
000.e
1e+
1.2.3
++1
1e+
000.e
abc
1ee2
1.2.3
--2
1.2.3
++1
+
+
--2
0e
0e
1ee2
1.2.3
0e
1e+
1e
0e
++1
+
+
abc
++1
+
abc
1e-
+
e10
1ee2
+
0e
--2
++1
0e
abc
000.e
1e-
--2
1e+
e10
--2
--2
.
-
1e
1ee2
1e+
--2
--2
1e-
.
--2
1e-
0e
1.2.3
1.2.3
.
abc
1e
e10
1.2.3
1ee2
1e
000.e
0e
--2
++1
1e
-
abc
000.e
abc
000.e
abc
1e
000.e
e10
abc
--2
1e+
e10
1e+
000.e
0e
++1
--2
1e-
1e
1e
--2
+
000.e
1.2.3
0e
.
1.2.3
1ee2
.
1.2.3
1e-
++1
e10
e10
-
-
.
1e+
-
1e-
e10
--2
--2
-
.
.
1e+
1ee2
1ee2
1e+
abc
1e
000.e
1ee2
-
1e+
1e-
0e
--2
.
e10
e10
1e-
e10
1e
0e
1e
0e
1e-
0e
1e+
-
abc
000.e
.
1e+
++1
1e
.
1ee2
++1
--2
+
-
++1
-
++1
1ee2
-
++1
000.e
--2
1e+
1e-
--2
++1
++1
1e
.
1e
e10
1e-
1e-
abc
abc
++1
1ee2
.
1e
+
1e
1ee2
1ee2
+
000.e
e10
1e
+
++1
1ee2
1e-
1ee2
e10
000.e
--2
++1
.
e10
1e-
++1
-
0e
000.e
1ee2
e10
++1
1ee2
e10
1e
.
.
e10
1e+
e10
abc
+
1ee2
-
e10
1ee2
e10
+
e10
1.2.3
1e
--2
1e+
000.e
1e
--2
-
1e
1e+
1e
abc
1e-
+
0e
1.2.3
.
.
-
-
.
++1
000.e
0e
--2
.
1.2.3
000.e
1e+
1ee2
1e
0e
1ee2
--2
1ee2
1e+
.
e10
--2
e10
e10
1e+
1e-
--2
.
+
.
1ee2
1ee2
--2
-
++1
+
000.e
1.2.3
+
000.e
1e+
--2
000.e
.
000.e
0e
0e
e10
1e-
--2
e10
1ee2
+
--2
000.e
-
000.e
-
1.2.3
1e-
-
-
0e
--2
000.e
000.e
1.2.3
-
e10
000.e
.
1e-
1e+
--2
1e-
abc
-
abc
0e
-
abc
0e
abc
1e
1e
000.e
1e-
++1
abc
1e-
1e
000.e
1.2.3
abc
e10
++1
--2
1.2.3
1e+
000.e
1ee2
1e-
1.2.3
.
000.e
000.e
abc
.
e10
--2
-
e10
000.e
1e-
abc
--2
1e
1.2.3
--2
1.2.3
-
1e+
1.2.3
--2
1.2.3
1e-
000.e
+
e10
--2
+
e10
e10
-
-
++1
1e-
e10
+
1.2.3
1e+
++1
++1
1e-
1e
1.2.3
1e+
000.e
abc
1e-
1e
--2
++1
1e
1e+
e10
e10
-
--2
0e
e10
.
1.2.3
1e
1.2.3
1e+
0e
1e-
0e
.
000.e
1e
abc
1.2.3
0e
-
000.e
+
++1
0e
-
abc
1e-
1e
--2
1e
0e
1e+
1.2.3
.
.
1e-
+
--2
0e
1e
abc
0e
e10
-
.
1.2.3
-
1ee2
--2
1e+
++1
1e
--2
1e+
000.e
1e+
.
++1
0e
e10
000.e
e10
1ee2
++1
.
1e+
abc
.
++1
--2
e10
.
++1
1e+
++1
000.e
e10
0e
-
e10
+
1.2.3
.
--2
--2
000.e
-
1e-
+
--2
.
--2
1ee2
--2
abc
-
abc
0e
+
1e
+
000.e
000.e
1e+
1e+
e10
e10
1e+
1e
1.2.3
0e
1e
1.2.3
.
1e
000.e
1ee2
abc
1ee2
++1
.
1.2.3
0e
0e
-
1ee2
1e+
--2
--2
--2
e10
0e
1ee2
1e-
abc
--2
1e+
++1
abc
e10
--2
1.2.3
-
--2
--2
--2
.
.
++1
.
e10
.
-
abc
0e
000.e
1e
1e-
abc
e10
++1
e10
000.e
1e+
000.e
1e+
--2
1e-
++1
000.e
0e
0e
--2
.
000.e
1e-
1e+
--2
1.2.3
-
-
1.2.3
0e
+
e10
1e+
.
abc
1.2.3
1ee2
+
e10
0e
1.2.3
0e
1e+
e10
000.e
0e
-
e10
+
1e-
1e-
1e-
--2
--2
--2
0e
+
-
1e-
1e+
e10
1ee2
1e-
1e-
0e
++1
0e
abc
1e+
e10
-
000.e
000.e
++1
1e-
0e
000.e
e10
e10
1e+
0e
++1
1e-
1e
e10
e10
-
+
1.2.3
+
0e
1e
.
1.2.3
1ee2
+
1e-
000.e
abc
1e
++1
-
abc
.
e10
1.2.3
+
0e
000.e
0e
--2
+
--2
000.e
000.e
-
1.2.3
+
1e
+
1e
000.e
1.2.3
1e
1.2.3
1.2.3
1.2.3
1ee2
1e+
0e
.
+
-
--2
--2
++1
1.2.3
.
0e
--2
abc
++1
1e-
1e+
0e
1ee2
-
1e-
-
1.2.3
1ee2
000.e
1e
-
--2
1e-
1e
1e-
-
e10
0e
000.e
1e+
1e+
0e
1.2.3
--2
abc
-
-
1ee2
+
000.e
1e-
-
--2
++1
abc
1e+
.
--2
-
-
--2
-
000.e
000.e
+
++1
1e
+
1e
++1
++1
e10
+
--2
.
++1
000.e
1ee2
--2
1ee2
.
+
1ee2
+
1.2.3
e10
.
abc
-
1e
1ee2
000.e
-
-
.
1.2.3
1e-
000.e
1e-
1.2.3
1e
000.e
abc
1.2.3
+
++1
0e
1e-
.
--2
--2
--2
1.2.3
--2
+
+
.
--2
1e+
.
1e
1e+
+
1e+
1.2.3
000.e
1e
000.e
1ee2
000.e
+
1e+
++1
1e+
-
--2
0e
e10
1ee2
++1
1e+
abc
1ee2
1e+
1e-
abc
-
1e-
.
1e
--2
0e
1e
1ee2
0e
1e+
1ee2
--2
1e+
1.2.3
++1
abc
0e
1e-
.
.
abc
000.e
+
abc
-
1e
+
0e
.
1e
abc
.
0e
--2
-
++1
0e
1e-
--2
1e+
+
0e
0e
--2
++1
abc
1e
000.e
1ee2
e10
-
1e-
000.e
1e+
++1
000.e
--2
1.2.3
0e
0e
++1
+
1e+
1.2.3
1e+
-
++1
--2
1e
0e
1.2.3
1e-
++1
--2
1e-
.
+
1ee2
1ee2
.
1ee2
--2
000.e
1e-
000.e
1e-
abc
0e
1e
1ee2
000.e
++1
--2
+
++1
1ee2
1e
1e+
000.e
++1
-
1ee2
1e+
1e-
1e-
1.2.3
.
e10
e10
++1
+
+
-
++1
1.2.3
++1
e10
-
--2
.
1e+
000.e
-
-
+
1e
--2
1e
e10
1ee2
.
e10
1ee2
.
1e
000.e
e10
e10
1ee2
abc
1e
1ee2
1e-
1e
.
000.e
000.e
0e
+
++1
1e-
.
000.e
0e
.
1e+
.
++1
e10
1e+
000.e
000.e
--2
abc
--2
abc
+
1.2.3
1.2.3
000.e
-
1.2.3
-
1e
++1
0e
-
+
abc
-
0e
abc
.
1e+
1ee2
1ee2
-
--2
1e
1.2.3
1e-
abc
--2
1e
0e
1e
1ee2
1.2.3
1.2.3
1ee2
1e+
+
--2
1e+
1.2.3
0e
1e
.
1e
000.e
1e-
1.2.3
1e
++1
++1
000.e
0e
1ee2
--2
.
e10
0e
1e-
.
1e+
1e+
++1
1e+
0e
+
.
e10
1e+
--2
-
++1
1e+
.
.
e10
++1
--2
1ee2
abc
0e
1.2.3
+
1e
1e
1e-
+
1e+
000.e
abc
1.2.3
1e-
1e-
abc
+
+
1e+
1e-
+
1ee2
1e+
--2
1.2.3
--2
1.2.3
1e+
1e+
1e+
abc
1.2.3
1.2.3
1.2.3
1ee2
1e+
1e-
1e
--2
1e
.
1ee2
000.e
--2
.
+
-
+
e10
++1
++1
1e
+
-
1e
--2
-
.
.
000.e
+
.
++1
1ee2
+
--2
000.e
e10
1e-
++1
+
1ee2
.
1ee2
1e
1ee2
1e-
--2
1.2.3
abc
000.e
1ee2
e10
000.e
0e
1e+
++1
--2
++1
.
1ee2
1.2.3
1ee2
1e+
1e+
e10
.
1.2.3
abc
1.2.3
1e-
abc
1e+
1ee2
-
.
0e
000.e
1e-
0e
1e
abc
++1
-
1ee2
000.e
1.2.3
e10
1e-
abc
1e+
e10
-
000.e
--2
000.e
1e
0e
abc
1e
-
--2
000.e
abc
1e+
e10
0e
000.e
1e
1.2.3
1e-
1.2.3
e10
-
1e+
++1
0e
1e-
1e-
.
e10
.
1ee2
1.2.3
1e
1e+
000.e
-
--2
1e+
1e+
e10
1e
1e-
1e
++1
+
++1
.
+
1ee2
e10
1e-
--2
1e
1e
+
--2
1e-
-
000.e
1.2.3
1ee2
e10
1e+
e10
e10
1e-
1.2.3
1e+
1ee2
1ee2
1.2.3
1e-
1e-
1e
--2
1.2.3
e10
--2
.
-
abc
+
+
1.2.3
1.2.3
0e
--2
1ee2
1e+
1e-
0e
000.e
+
1e+
+
1.2.3
1e
1e-
0e
-
.
1.2.3
1ee2
1e+
e10
++1
0e
1e+
1e-
--2
0e
abc
000.e
abc
000.e
-
e10
+
--2
1e-
1e+
+
0e
++1
+
1ee2
-
1e
000.e
e10
e10
1ee2
1ee2
abc
--2
--2
1e
1ee2
++1
-
--2
1ee2
1.2.3
1e+
0e
1e+
--2
-
-
--2
1e+
0e
1ee2
++1
-
000.e
1.2.3
.
+
1e
e10
e10
1.2.3
1e+
0e
1e
e10
000.e
.
1ee2
.
1e
++1
1e-
-
++1
000.e
1ee2
--2
+
1ee2
e10
.
1e+
abc
1e
1e
abc
1ee2
1e
1e-
1ee2
++1
1e-
1e
1ee2
--2
1e-
1e
000.e
1.2.3
+
000.e
-
-
000.e
1ee2
000.e
e10
++1
.
+
1e-
1e+
abc
--2
+
1.2.3
1e+
--2
e10
--2
1e+
1.2.3
1e-
++1
.
e10
.
+
.
0e
++1
abc
1e+
+
.
+
--2
+
.
1e
1e-
1.2.3
--2
abc
--2
--2
abc
.
1e-
e10
1ee2
e10
0e
.
.
1ee2
++1
++1
e10
1ee2
.
--2
++1
+
000.e
.
--2
1.2.3
.
1ee2
1e-
-
++1
e10
+
++1
1e+
+
1ee2
e10
-
++1
-
-
1.2.3
+
e10
1e
1ee2
.
000.e
1e-
1e+
1e-
1e
1e
++1
--2
000.e
--2
000.e
1e-
e10
--2
-
000.e
000.e
.
1e+
1e-
1.2.3
+
1e
1e-
-
1e
-
-
+
000.e
++1
0e
.
--2
--2
1e
e10
++1
1.2.3
1e
++1
1.2.3
++1
++1
++1
0e
1e
.
abc
abc
1ee2
0e
++1
+
1e
1.2.3
1ee2
0e
+
1.2.3
-
+
1ee2
1.2.3
1.2.3
--2
0e
-
000.e
abc
--2
+
1e
+
-
1ee2
abc
000.e
1e+
1ee2
1e
.
++1
000.e
1.2.3
1.2.3
.
1ee2
+
abc
1.2.3
1e
000.e
--2
1e
--2
--2
+
1.2.3
000.e
000.e
1e
1e+
e10
0e
--2
e10
+
+
abc
1e-
1ee2
1e-
.
+
1e+
.
.
++1
1e
e10
--2
--2
1e
abc
0e
1.2.3
0e
1e-
.
--2
1ee2
1ee2
-
1ee2
1e-
--2
++1
-
+
++1
-
0e
0e
1e
e10
1e+
abc
1e-
--2
0e
1.2.3
++1
++1
1.2.3
1ee2
+
+
1.2.3
e10
.
1e-
1.2.3
--2
1ee2
1e
+
-
1e
1.2.3
1e-
1e-
-
000.e
1ee2
abc
+
abc
1e
1.2.3
.
+
1.2.3
1.2.3
++1
e10
e10
1.2.3
1e
1e
1.2.3
0e
abc
1.2.3
e10
000.e
1ee2
0e
+
0e
000.e
abc
abc
1e+
.
1ee2
1ee2
abc
-
++1
++1
.
1e+
+
1e-
--2
1ee2
e10
1ee2
-
-
0e
++1
--2
e10
1.2.3
1e
1e
0e
++1
1e
1e
-
1e+
+
+
abc
1.2.3
0e
1.2.3
1e-
++1
1ee2
1ee2
-
-
.
0e
--2
-
1ee2
1.2.3
000.e
1e-
++1
--2
.
abc
000.e
0e
abc
1e
.
1.2.3
abc
++1
abc
0e
1e
1e
1.2.3
-
e10
abc
abc
1e+
+
000.e
1e+
+
-
-
1.2.3
+
1.2.3
1ee2
1e-
1.2.3
.
+
abc
++1
1e
0e
-
-
e10
++1
e10
1e-
0e
e10
1ee2
1e-
1e
000.e
1e
1e-
--2
1e+
e10
abc
1e+
+
0e
--2
--2
++1
1ee2
1.2.3
--2
++1
0e
++1
1e+
++1
1e-
e10
1e-
1e+
1.2.3
-
1e+
+
+
++1
1ee2
1e
1.2.3
0e
1e+
--2
.
+
++1
--2
0e
.
0e
1.2.3
0e
000.e
1.2.3
++1
1e
1ee2
++1
abc
+
1e
0e
++1
--2
--2
abc
1ee2
1e-
++1
1e
-
1e+
1ee2
--2
000.e
.
1e-
++1
1e+
+
e10
1e
1e-
1e+
-
-
e10
++1
1.2.3
e10
-
--2
0e
e10
000.e
0e
abc
000.e
000.e
0e
.
1e
abc
--2
1e-
0e
1ee2
abc
--2
e10
--2
0e
+
1ee2
.
1.2.3
1.2.3
1ee2
++1
1.2.3
-
++1
1.2.3
1e+
-
1e+
1e+
1ee2
000.e
1e
1e
1e
1e+
--2
0e
1e
1e+
1e+
+
++1
-
+
000.e
0e
1e-
1.2.3
+
.
1.2.3
1e-
+
000.e
1e
e10
1e-
-
.
1e+
000.e
1ee2
++1
e10
-
0e
--2
abc
-
-
000.e
e10
1e-
1e
1ee2
+
1ee2
1e
000.e
-
1e
0e
0e
1e-
0e
+
++1
000.e
e10
abc
000.e
+
1e
1e
abc
-
-
1e
--2
1e-
.
--2
.
e10
.
0e
--2
1e
0e
-
1e-
+
abc
0e
1ee2
+
1e
0e
+
1e+
++1
++1
1e
0e
++1
abc
+
++1
1ee2
+
-
1.2.3
0e
--2
000.e
0e
-
1.2.3
--2
++1
abc
-
+
1e+
1.2.3
1e+
1.2.3
--2
abc
1.2.3
1e-
1e-
1.2.3
e10
1e
.
-
+
000.e
1e+
e10
abc
-
1ee2
-
1e+
abc
+
+
e10
++1
abc
-
0e
abc
1e
-
--2
-
+
1e-
++1
1ee2
-
1e
1e+
.
abc
.
.
++1
1e-
+
-
--2
++1
+
--2
--2
1e+
0e
1.2.3
1e+
1e-
1e-
e10
1e-
abc
abc
abc
1e
++1
abc
++1
1e
+
abc
.
e10
--2
-
1e-
1e+
1e
++1
1e
1e-
1e-
1.2.3
1e
1.2.3
1e+
1.2.3
e10
++1
--2
-
0e
1.2.3
-
-
abc
--2
000.e
.
1.2.3
+
++1
000.e
-
.
1ee2
1ee2
abc
1e
0e
0e
1e
1.2.3
e10
1e-
000.e
000.e
++1
1ee2
000.e
0e
.
0e
1e+
+
--2
+
0e
1e
1ee2
1e-
1e-
e10
1ee2
0e
000.e
+
1e-
000.e
1.2.3
+
--2
1e-
+
0e
1ee2
-
-
0e
1e+
+
++1
+
--2
1e+
000.e
1e
1.2.3
--2
.
++1
+
1ee2
e10
+
1.2.3
1e-
+
1e-
++1
1e+
.
1e-
1e+
-
--2
0e
1e+
1e
0e
-
1e+
1e
e10
1e+
1e-
++1
1.2.3
e10
.
abc
.
-
-
.
+
1e-
1e-
000.e
1.2.3
1e-
.
-
1ee2
--2
e10
abc
0e
1ee2
1ee2
-
000.e
+
1e-
0e
-
000.e
+
1ee2
--2
1.2.3
0e
1.2.3
-
1e
1e-
-
1ee2
1e-
1ee2
000.e
1ee2
0e
.
1e
.
abc
1.2.3
abc
-
1ee2
-
000.e
1.2.3
+
.
1e+
e10
+
++1
+
000.e
1e
+
0e
abc
1e-
abc
1e
000.e
1e+
0e
000.e
--2
0e
++1
1e
++1
000.e
++1
++1
1ee2
000.e
abc
1e+
1.2.3
1ee2
000.e
0e
1e+
e10
0e
1e
+
-
abc
e10
1e-
0e
1ee2
abc
1.2.3
1ee2
abc
1e+
1e-
1e
++1
abc
abc
000.e
+
e10
+
0e
1e-
0e
1.2.3
-
-
000.e
--2
1ee2
++1
0e
abc
.
1ee2
0e
+
abc
1e+
1e+
--2
1e
1ee2
.
+
1e
1e
++1
1.2.3
1.2.3
1e+
0e
1.2.3
e10
+
1ee2
+
e10
e10
1e-
1e-
0e
1e
+
abc
0e
e10
1.2.3
1ee2
1ee2
-
++1
0e
+
+
0e
000.e
-
0e
.
e10
--2
+
1.2.3
+
1e
1ee2
-
1e
1e+
1.2.3
+
-
-
1e-
--2
1.2.3
+
abc
1e-
.
-
1.2.3
1e-
+
0e
1e
abc
+
++1
e10
e10
1ee2
abc
--2
1e-
e10
.
1.2.3
++1
0e
0e
1e-
-
+
1ee2
--2
++1
e10
0e
--2
1ee2
1e
1e-
1.2.3
e10
000.e
+
1.2.3
.
000.e
0e
+
.
1e+
000.e
-
--2
abc
.
1e-
abc
1e+
.
0e
1e-
1e
1e
e10
000.e
--2
1e-
e10
--2
--2
1e
1e+
abc
1e-
--2
abc
--2
+
--2
0e
1e-
.
1e+
1ee2
.
1ee2
++1
+
1e
1e+
--2
+
-
--2
--2
1.2.3
abc
--2
e10
abc
--2
--2
000.e
1.2.3
1e+
+
1e
++1
e10
++1
-
0e
-
--2
e10
1.2.3
-
++1
1ee2
.
000.e
+
abc
0e
1e
e10
+
-
1e-
1ee2
1e-
+
1ee2
0e
1e-
++1
0e
e10
1.2.3
1e
++1
1e-
000.e
1e+
++1
+
0e
1e+
1.2.3
+
000.e
--2
e10
abc
1e-
+
+
abc
--2
1e
++1
1e+
abc
.
.
abc
+
1e-
+
-
-
1.2.3
++1
1e-
0e
++1
++1
1e-
1e
-
++1
abc
1e-
1.2.3
+
.
++1
abc
1ee2
.
1e-
1e
1e-
1e
.
++1
1e-
1e-
1.2.3
++1
1e-
1e
0e
0e
1e
+
-
1e
++1
.
0e
+
1e-
+
-
--2
e10
1e-
1e+
++1
1e+
abc
.
1e
-
000.e
1ee2
000.e
++1
1e+
1ee2
1e+
-
e10
1e+
-
1e+
1e+
1e+
1e+
0e
.
--2
--2
-
1e+
+
0e
000.e
000.e
000.e
--2
e10
1ee2
abc
1e+
1e
abc
1ee2
e10
0e
1ee2
1e-
1e
-
0e
1e-
++1
1e
000.e
000.e
--2
--2
e10
1e-
-
1ee2
000.e
1.2.3
000.e
++1
+
+
--2
-
abc
000.e
--2
1.2.3
e10
e10
e10
000.e
abc
.
.
.
-
abc
--2
1e
1e
1.2.3
++1
+
-
+
--2
1e+
-
-
1e-
1e+
++1
++1
1e
1e-
000.e
-
0e
1.2.3
--2
1e-
1e
.
1e+
.
1e+
1e
0e
e10
+
++1
--2
1e-
1ee2
.
e10
000.e
0e
1e-
++1
1e
+
1e-
e10
-
1.2.3
1ee2
1ee2
++1
1e+
1e-
+
e10
000.e
-
1e+
1e+
+
--2
000.e
.
++1
.
++1
1.2.3
1.2.3
.
.
.
.
1e
++1
1e-
1e-
.
1ee2
++1
1e-
.
e10
--2
++1
1e
1e
--2
1e+
000.e
1.2.3
1e
++1
1e+
--2
.
++1
1e+
1e-
0e
1.2.3
-
000.e
+
1ee2
0e
+
++1
1ee2
000.e
1e-
-
abc
000.e
1e+
0e
.
.
-
e10
1ee2
000.e
+
1e-
1e-
--2
1ee2
000.e
--2
1ee2
--2
++1
-
+
000.e
1e+
1e
0e
+
++1
1e
1.2.3
-
++1
--2
.
+
1.2.3
000.e
0e
000.e
0e
1.2.3
e10
-
000.e
-
1e-
--2
-
abc
1e
1.2.3
.
1.2.3
abc
+
++1
+
1e+
1e
abc
1.2.3
.
--2
1ee2
.
abc
000.e
1e+
1e+
1e-
1.2.3
+
-
++1
1ee2
1e
++1
+
1e
000.e
++1
-
0e
000.e
1e+
0e
e10
e10
++1
1.2.3
0e
1e+
+
1e+
1e-
++1
-
000.e
1e
000.e
1e+
e10
1.2.3
--2
-
1e
++1
++1
000.e
++1
0e
0e
1.2.3
.
1ee2
-
1.2.3
1ee2
000.e
1.2.3
++1
000.e
+
0e
1e
0e
++1
--2
1.2.3
e10
.
000.e
1e
+
--2
1ee2
+
1.2.3
--2
0e
-
1e+
1.2.3
+
e10
000.e
1ee2
abc
1.2.3
abc
000.e
--2
-
--2
1ee2
1e-
1e+
--2
1e
e10
1e
1.2.3
1.2.3
e10
++1
000.e
abc
e10
e10
1.2.3
abc
0e
1e+
e10
1e
e10
0e
1.2.3
++1
1e
1e-
-
--2
1ee2
e10
000.e
000.e
.
1e-
++1
1e
1e+
1e
1ee2
++1
abc
--2
-
--2
0e
++1
1e
1.2.3
abc
1e+
e10
1ee2
1e-
-
.
1e-
1ee2
1e-
0e
-
1e
1e+
abc
e10
++1
++1
0e
1.2.3
000.e
-
--2
1e+
abc
0e
1ee2
--2
1ee2
1.2.3
1e-
1ee2
--2
1.2.3
++1
++1
e10
--2
++1
1e-
0e
abc
1.2.3
--2
-
.
1ee2
e10
1.2.3
1e+
+
1e-
e10
--2
1ee2
1e-
-
e10
1e+
.
++1
++1
+
--2
.
e10
++1
--2
1ee2
1.2.3
-
1e-
++1
+
0e
1e+
000.e
abc
1e+
+
abc
.
-
-
--2
1.2.3
0e
.
--2
1e-
++1
.
--2
1ee2
.
1e
.
1e
abc
++1
000.e
1e+
+
-
--2
1ee2
1ee2
1.2.3
1.2.3
+
++1
0e
0e
000.e
1.2.3
abc
1e-
-
+
1e
1ee2
+
.
e10
.
1e
+
1.2.3
-
1e+
1.2.3
.
.
0e
++1
1e-
--2
+
abc
e10
1e
++1
--2
1e+
0e
1e+
++1
1e
+
-
0e
0e
++1
++1
000.e
--2
e10
000.e
0e
abc
1e
000.e
1e-
abc
.
0e
000.e
1e
1e+
1.2.3
++1
++1
0e
000.e
--2
1e+
-
1e-
1e
1e-
1e
--2
1e+
-
e10
1.2.3
1e
e10
abc
e10
abc
abc
--2
1ee2
++1
1ee2
1e+
+
1.2.3
+
1.2.3
1e
000.e
1e-
1e
1e-
1e+
1e+
--2
1e
e10
++1
e10
e10
000.e
-
1e
.
--2
1e
++1
+
+
--2
1ee2
000.e
1e-
.
0e
++1
+
0e
0e
1e+
0e
000.e
e10
000.e
1.2.3
--2
1.2.3
.
--2
1ee2
e10
0e
abc
1.2.3
1e-
1.2.3
0e
1ee2
1.2.3
1e+
abc
1.2.3
abc
1.2.3
++1
1e+
1ee2
abc
1e+
e10
++1
abc
1e-
++1
1e-
abc
.
.
.
1e
1.2.3
+
1e
++1
-
+
e10
1e+
++1
abc
1e
000.e
e10
++1
0e
e10
e10
-
abc
1ee2
1.2.3
++1
+
0e
1.2.3
1e+
1e+
0e
1e
-
1ee2
1e
++1
.
1e
abc
+
1.2.3
abc
000.e
--2
0e
1e
1e
1ee2
--2
++1
+
e10
+
-
1e
.
1e-
--2
abc
abc
1e
1e-
1e
1e
1e-
1e
000.e
1.2.3
000.e
1e+
0e
1.2.3
++1
1e+
1e-
1e+
1ee2
-
1e+
++1
1.2.3
--2
1e
abc
1ee2
++1
0e
1.2.3
1e
-
e10
.
--2
e10
0e
.
abc
1e-
1e
1e-
1ee2
1e-
--2
-
++1
--2
+
abc
1e-
1e-
++1
1ee2
++1
1e+
1.2.3
1e
1e-
-
.
1.2.3
000.e
1.2.3
abc
000.e
++1
1ee2
1.2.3
+
1e-
--2
0e
-
+
--2
.
--2
abc
--2
000.e
--2
0e
000.e
1e-
.
++1
000.e
abc
-
.
++1
1e
1ee2
.
1.2.3
000.e
e10
1.2.3
1e+
-
-
1e
+
1e
--2
--2
000.e
1.2.3
1e-
1e
1e
1.2.3
+
1e
.
0e
-
.
1e-
++1
++1
-
1.2.3
1e
.
0e
1e-
.
000.e
--2
1.2.3
1ee2
abc
++1
++1
--2
1.2.3
0e
--2
+
1ee2
e10
+
.
-
-
1e-
1e
1.2.3
1e-
abc
+
1e
-
e10
+
1e-
++1
-
1.2.3
1ee2
+
.
-
1e
1.2.3
--2
0e
1ee2
1e
1e
++1
1e-
.
.
--2
abc
-
--2
0e
--2
.
1.2.3
1e
--2
e10
1e
1e+
000.e
0e
--2
-
-
.
.
0e
1e-
0e
1.2.3
+
+
0e
0e
1.2.3
000.e
abc
abc
1e+
abc
.
1e+
1.2.3
-
1e-
0e
0e
--2
++1
++1
abc
1e-
.
-
++1
--2
1e+
+
1.2.3
-
+
abc
--2
1e-
--2
1.2.3
0e
000.e
1e
0e
1ee2
0e
1e-
0e
1e-
-
1e+
+
.
1e-
.
-
++1
1ee2
-
++1
+
1.2.3
++1
1e+
1e+
.
1e-
e10
1ee2
++1
1e
e10
1ee2
++1
1e+
1e-
.
.
1e-
1e
1e-
000.e
1ee2
++1
1ee2
-
1e-
--2
.
0e
000.e
1e
.
1e
0e
abc
.
1e-
+
-
+
1e-
1e-
-
+
1.2.3
--2
-
e10
0e
-
1e
1e-
1.2.3
1e+
1ee2
1ee2
000.e
1ee2
1e
-
-
1ee2
++1
abc
-
.
e10
1e-
+
1e
1ee2
++1
--2
1e-
1e
0e
0e
1.2.3
--2
+
1e
1ee2
1.2.3
abc
1e+
--2
000.e
1ee2
e10
e10
1e
000.e
-
0e
1ee2
0e
-
000.e
1e-
abc
++1
1.2.3
++1
000.e
abc
1.2.3
--2
1ee2
--2
+
e10
-
abc
++1
1ee2
1ee2
1e-
1e
-
+
000.e
--2
0e
1.2.3
0e
e10
+
1e-
-
1e
1e+
+
000.e
1.2.3
1ee2
abc
1e
abc
0e
1.2.3
1e+
++1
1e-
000.e
-
--2
--2
++1
1.2.3
1e
-
1ee2
.
.
0e
+
1e
e10
abc
1e-
000.e
.
-
abc
e10
.
+
0e
1e
1.2.3
-
e10
1ee2
e10
+
1e
.
+
abc
1e+
1ee2
+
--2
000.e
abc
0e
+
1ee2
0e
e10
+
1e
abc
1.2.3
1e
.
1ee2
0e
abc
-
++1
e10
+
e10
++1
+
1e
1ee2
++1
1.2.3
1ee2
1.2.3
000.e
1ee2
++1
1.2.3
+
1e+
++1
1.2.3
1e-
000.e
--2
e10
-
-
+
1ee2
000.e
1e+
1e-
0e
0e
1e-
.
1e+
000.e
abc
.
e10
.
1e+
1e-
1ee2
1e-
1ee2
0e
1e+
1e-
++1
--2
-
.
000.e
1ee2
1e+
++1
++1
-
1e
--2
1e-
1ee2
abc
.
.
abc
-
++1
1e
0e
.
e10
1e+
1.2.3
1e+
++1
abc
e10
1e
1ee2
.
abc
.
--2
1e
1e
e10
-
1e+
1.2.3
1e+
+
++1
abc
1e
++1
1e
1ee2
1.2.3
abc
-
++1
1e-
1e
--2
-
0e
e10
0e
.
e10
+
1.2.3
1e+
--2
1e-
+
e10
1ee2
e10
--2
1e+
--2
--2
.
1e-
1e-
abc
abc
--2
0e
--2
abc
+
1e+
.
0e
1ee2
--2
000.e
--2
0e
--2
--2
0e
.
-
1e-
1ee2
1ee2
1e-
1ee2
1e+
e10
1e-
1e
1ee2
000.e
abc
1.2.3
1ee2
1e
.
1ee2
1e+
--2
1e+
++1
1e
abc
1.2.3
1e
1e+
000.e
1.2.3
0e
000.e
abc
1.2.3
1.2.3
1.2.3
e10
000.e
++1
+
1ee2
+
-
-
+
1e+
1.2.3
000.e
-
--2
--2
+
--2
++1
.
1e
000.e
000.e
1ee2
1ee2
++1
1ee2
1e
1e+
1e-
1e+
abc
1e
000.e
+
-
1e
1e+
.
0e
--2
1e
+
1ee2
1.2.3
e10
--2
1e
--2
1e
--2
+
+
+
-
1e
++1
+
0e
e10
++1
--2
1.2.3
1e-
+
e10
abc
1ee2
1e+
1e
++1
1.2.3
-
1.2.3
+
--2
0e
1.2.3
1e-
1e-
1.2.3
000.e
1ee2
--2
-
1e+
.
000.e
1.2.3
1ee2
1e
000.e
1ee2
abc
.
abc
1.2.3
1e-
1.2.3
-
1e-
000.e
abc
1e
++1
abc
+
1e-
.
0e
1e-
e10
abc
000.e
++1
+
+
1ee2
1e
1e+
1e+
++1
1e-
-
1e-
1.2.3
0e
1e-
000.e
1ee2
1ee2
+
+
abc
+
abc
+
--2
abc
.
.
e10
.
abc
000.e
1e+
1e
+
--2
abc
1e+
1.2.3
1.2.3
++1
000.e
--2
.
--2
1ee2
1ee2
1e
0e
000.e
e10
1e+
++1
1.2.3
000.e
--2
1e
1e-
--2
0e
1.2.3
++1
1e+
abc
1e+
abc
0e
1e-
1e-
-
+
-
-
1e
1.2.3
++1
+
e10
0e
000.e
1e
1e+
000.e
1e+
1e-
1e
e10
e10
+
1.2.3
1ee2
1e-
000.e
1ee2
1e+
1e
abc
1e
abc
+
1e-
.
1.2.3
++1
+
1.2.3
1e-
--2
+
++1
+
e10
000.e
1e+
.
1ee2
1e
1e
1e+
000.e
+
1ee2
1e+
1e-
e10
1e-
e10
1e-
abc
.
e10
1ee2
1e
1e
1.2.3
1ee2
abc
e10
e10
1e-
000.e
1ee2
abc
1e-
1e+
0e
+
e10
++1
1ee2
0e
e10
1.2.3
.
1e-
++1
1e
e10
1.2.3
.
0e
1ee2
1.2.3
abc
+
000.e
1e+
1e-
e10
1e+
abc
++1
--2
.
1ee2
0e
++1
1ee2
0e
1.2.3
++1
1e+
-
1e+
1e-
--2
+
--2
e10
1.2.3
1ee2
abc
1e-
.
1e
-
1ee2
-
+
1ee2
e10
0e
+
.
--2
.
.
1e+
+
000.e
-
abc
.
-
+
--2
e10
--2
e10
abc
000.e
1e-
--2
1.2.3
000.e
0e
000.e
++1
1.2.3
.
1e-
1e+
0e
--2
abc
1e+
1.2.3
--2
.
1e+
1e-
1e+
-
e10
1ee2
1.2.3
--2
0e
1e+
abc
1.2.3
000.e
0e
000.e
1e-
1e-
0e
1e-
1e
abc
1.2.3
+
abc
0e
000.e
1e-
1ee2
000.e
.
1.2.3
e10
+
1ee2
+
1e
0e
.
--2
1e-
-
1ee2
+
+
--2
+
000.e
1ee2
.
+
000.e
++1
1e+
1.2.3
0e
1.2.3
--2
1ee2
+
++1
000.e
+
abc
000.e
1ee2
e10
++1
000.e
1ee2
1e
e10
+
-
1ee2
--2
e10
+
.
1e-
e10
+
++1
e10
1e
1ee2
--2
1e+
1e-
1e-
.
1e-
1e
-
000.e
000.e
1e+
1e+
abc
abc
e10
e10
-
--2
--2
1ee2
1e
1ee2
.
1ee2
000.e
--2
+
+
1e+
1e
0e
++1
0e
+
000.e
++1
-
1.2.3
1e-
1ee2
1.2.3
e10
1e+
1.2.3
0e
--2
-
e10
0e
1e+
++1
++1
-
000.e
1ee2
--2
e10
.
e10
1.2.3
+
++1
abc
1e+
abc
.
-
+
+
1.2.3
abc
1e-
0e
.
abc
1ee2
0e
1e-
1e+
000.e
-
1e+
1.2.3
1e-
1e+
1.2.3
++1
1ee2
.
abc
000.e
e10
000.e
000.e
1e
1e+
++1
e10
abc
abc
abc
1e-
++1
000.e
--2
e10
.
1.2.3
e10
-
1e+
e10
0e
.
1e-
abc
++1
1.2.3
-
++1
1.2.3
1ee2
e10
1ee2
0e
-
-
1e-
0e
1.2.3
e10
1e
1ee2
++1
1.2.3
e10
.
e10
++1
000.e
++1
1e+
1e+
-
abc
1.2.3
1.2.3
+
1.2.3
0e
1e+
000.e
1ee2
000.e
-
1.2.3
.
1.2.3
abc
.
.
1e-
.
.
abc
--2
1ee2
1e+
0e
-
.
1ee2
abc
1e+
1e+
1e
1.2.3
e10
abc
1.2.3
abc
1e+
++1
.
e10
1e
e10
1e
e10
0e
.
++1
e10
1e
--2
-
+
-
1e+
--2
1e+
0e
e10
++1
-
+
0e
1e-
1.2.3
.
000.e
+
+
-
1.2.3
.
++1
000.e
000.e
1.2.3
+
1.2.3
000.e
abc
1e-
-
--2
1.2.3
abc
0e
e10
000.e
-
000.e
1e
+
1e
++1
0e
e10
1e+
.
--2
000.e
-
--2
1e+
abc
abc
0e
1e-
1ee2
1e
1ee2
-
--2
1e+
-
1e
1e-
1.2.3
e10
1ee2
+
abc
abc
1e
--2
1e-
1e-
--2
1e-
e10
1.2.3
1ee2
--2
+
--2
+
1ee2
000.e
1e
++1
--2
1e-
1e
-
1e+
abc
-
0e
1e-
abc
1.2.3
e10
1e+
000.e
000.e
abc
abc
--2
-
.
.
.
++1
1ee2
1e+
0e
.
1e
1.2.3
0e
abc
1e+
--2
.
--2
1.2.3
--2
e10
1e
+
1ee2
+
abc
1e+
1ee2
1e+
-
+
e10
.
1.2.3
.
0e
.
abc
1e
1.2.3
1e+
+
1.2.3
1e-
.
0e
.
e10
1e+
0e
1e-
++1
.
-
abc
--2
e10
1e+
0e
-
+
1e-
e10
+
1.2.3
abc
1ee2
--2
.
1e-
abc
++1
abc
e10
000.e
abc
.
1.2.3
abc
1.2.3
000.e
0e
.
.
000.e
000.e
1.2.3
000.e
0e
1ee2
.
.
1ee2
1ee2
.
1e
1e-
--2
1e+
abc
1.2.3
1e
--2
--2
1.2.3
+
000.e
1.2.3
--2
++1
+
abc
1e-
1ee2
0e
1e+
abc
1e-
--2
1e-
1.2.3
1.2.3
--2
++1
1e+
000.e
--2
1e
1e-
1e-
1e
--2
++1
--2
1e+
1.2.3
1e+
+
1.2.3
--2
1e+
--2
1ee2
1ee2
000.e
1e
abc
1.2.3
1e+
1e-
1e-
.
1e+
e10
+
abc
0e
e10
1e-
++1
0e
1e+
.
1e
abc
--2
1ee2
1e+
--2
abc
1e
0e
abc
+
1.2.3
.
-
1e-
1ee2
1e+
.
.
000.e
e10
e10
000.e
1ee2
1.2.3
1e-
abc
1.2.3
.
++1
++1
e10
--2
e10
000.e
.
1e-
e10
.
1.2.3
0e
1e
-
++1
.
1.2.3
000.e
1ee2
1e-
1e-
1e+
1e
abc
+
000.e
++1
-
+
--2
+
+
.
1e-
1ee2
1ee2
1.2.3
--2
.
++1
+
1ee2
1.2.3
++1
+
0e
1e+
1ee2
e10
.
1.2.3
abc
0e
e10
e10
1e+
000.e
000.e
-
1e-
-
++1
1ee2
1.2.3
.
1ee2
+
0e
1ee2
.
000.e
++1
++1
1.2.3
+
1e+
+
0e
e10
e10
0e
--2
1ee2
+
+
++1
abc
000.e
e10
000.e
--2
+
++1
1e+
1.2.3
000.e
++1
1e+
1e
1ee2
000.e
0e
1.2.3
-
000.e
--2
1.2.3
1e+
++1
1e-
000.e
.
1e
+
-
000.e
1e
000.e
-
1e+
0e
1e+
.
1e-
-
--2
++1
1.2.3
--2
abc
-
1e+
0e
abc
000.e
1e
e10
.
-
1e
--2
0e
1e-
1e+
000.e
1ee2
1e+
.
1e+
+
e10
0e
1.2.3
1e
e10
0e
1.2.3
--2
1e+
.
1.2.3
+
1.2.3
1e+
+
--2
--2
--2
--2
1e+
1e
.
1e-
e10
1e-
+
1ee2
abc
1e+
1ee2
.
1.2.3
1e
+
0e
.
000.e
1e+
++1
1e+
1e
+
-
abc
abc
1ee2
.
1e
abc
.
++1
0e
1e+
+
1e-
++1
1ee2
+
++1
abc
--2
.
1e+
1.2.3
0e
1e+
.
0e
abc
-
0e
1ee2
0e
0e
1ee2
1.2.3
.
e10
0e
1e-
+
abc
--2
0e
-
--2
--2
1e-
1e+
1e
abc
.
1.2.3
++1
.
1e-
1e-
e10
abc
1.2.3
1ee2
-
--2
++1
1e+
1.2.3
1e+
.
1e-
1ee2
.
0e
++1
.
0e
-
000.e
1.2.3
abc
1.2.3
1ee2
000.e
abc
1ee2
1e
-
.
000.e
e10
1.2.3
e10
--2
-
1ee2
++1
1e
-
++1
1e-
abc
1e
abc
1e
1e
1.2.3
.
1.2.3
++1
1e-
e10
.
1e-
0e
0e
000.e
-
1e+
000.e
1e-
000.e
-
1e
e10
abc
-
abc
1e-
1e+
+
abc
1e-
0e
1e+
.
++1
1e+
0e
abc
abc
-
1.2.3
000.e
e10
1e
++1
.
--2
-
.
1e-
1.2.3
1.2.3
1e
1e-
.
1.2.3
1ee2
-
1e
1e
000.e
0e
-
1e+
++1
--2
-
1.2.3
-
1e-
0e
++1
1e
e10
0e
--2
0e
--2
1.2.3
abc
1ee2
1ee2
1e-
1ee2
abc
.
.
--2
e10
1ee2
1e+
.
1ee2
0e
.
0e
1e+
--2
1e
1.2.3
1ee2
1e
--2
0e
++1
abc
000.e
0e
000.e
1.2.3
1ee2
--2
++1
1e-
+
000.e
0e
1.2.3
0e
abc
.
e10
1e+
1e-
000.e
-
1ee2
1.2.3
1ee2
-
1.2.3
1e+
1e+
-
0e
abc
-
1e
1ee2
e10
1e+
000.e
000.e
1.2.3
1.2.3
0e
1.2.3
+
e10
++1
e10
--2
abc
1e-
e10
-
1e
-
0e
000.e
.
1e+
--2
1e-
e10
.
1e
e10
e10
0e
--2
1e+
-
1e+
1.2.3
0e
1e-
+
0e
++1
--2
-
--2
0e
1e
abc
1e+
-
++1
abc
1.2.3
e10
1.2.3
--2
000.e
0e
--2
1ee2
.
++1
-
1e+
1e
.
1.2.3
.
++1
0e
0e
1e-
abc
1.2.3
++1
1ee2
1e+
--2
1ee2
000.e
0e
1ee2
.
e10
1.2.3
e10
0e
abc
1e-
e10
1e-
1.2.3
000.e
.
-
+
e10
.
-
abc
e10
-
+
+
.
-
1e
.
1e+
+
1e+
000.e
1e+
++1
-
.
1ee2
1ee2
1e-
++1
e10
++1
1e+
0e
000.e
1e-
+
1e
.
1e
++1
1e-
1e-
1ee2
++1
1e
--2
1.2.3
1e+
0e
1e-
1.2.3
e10
1e-
1e+
1e
.
abc
abc
1ee2
0e
1e-
e10
++1
1e-
0e
0e
-
1e
1e-
1e-
++1
abc
.
1e+
1ee2
e10
-
1ee2
-
1e
1e+
+
abc
++1
1e+
-
e10
e10
0e
000.e
1.2.3
-
-
0e
000.e
1ee2
+
.
-
1e
abc
1e-
000.e
1e
++1
++1
1e+
+
1e+
--2
e10
000.e
1.2.3
1e+
1e+
1e
1ee2
1ee2
1e+
0e
-
-
-
++1
++1
1e
.
--2
--2
0e
+
1ee2
1ee2
0e
+
1e+
1ee2
1.2.3
000.e
.
1.2.3
.
abc
--2
--2
--2
1ee2
--2
1e-
abc
--2
000.e
1e-
-
000.e
.
.
++1
abc
.
1e-
abc
0e
--2
1e-
--2
0e
+
1e
1e+
++1
1e+
abc
1ee2
0e
0e
++1
+
e10
e10
0e
1ee2
1e+
.
+
e10
1e-
1e-
1e
--2
++1
1ee2
-
--2
-
abc
1.2.3
-
+
abc
1e
000.e
abc
++1
1.2.3
++1
1.2.3
+
1.2.3
1e+
1ee2
000.e
++1
1e-
1e
1e-
--2
000.e
1e-
++1
1ee2
1e-
000.e
1ee2
++1
.
.
++1
abc
--2
e10
.
1ee2
0e
abc
abc
0e
1e-
abc
000.e
1e+
++1
.
--2
1ee2
--2
1e
++1
1e-
-
0e
1e+
abc
+
+
-
.
0e
abc
1ee2
0e
+
1ee2
1.2.3
abc
000.e
1.2.3
1e-
-
0e
-
1.2.3
+
abc
000.e
1ee2
1e-
.
1e-
1.2.3
1e+
-
-
-
000.e
++1
1e-
+
abc
0e
0e
.
000.e
--2
++1
abc
.
+
abc
000.e
.
abc
000.e
1ee2
1e
1.2.3
1.2.3
1e-
000.e
--2
e10
0e
abc
0e
-
000.e
.
+
e10
--2
e10
++1
1e-
1e
1ee2
-
1ee2
0e
1e-
1e
1e+
1e+
1e
1ee2
1e
-
.
1e-
++1
1e+
e10
000.e
.
1e
+
000.e
abc
1e-
--2
1e-
+
--2
.
0e
abc
000.e
1e-
-
++1
+
1ee2
000.e
0e
-
e10
++1
0e
000.e
.
--2
1ee2
0e
1e+
.
-
1ee2
000.e
+
-
1e+
1ee2
1e-
000.e
1e-
e10
1.2.3
1e+
1ee2
1.2.3
-
e10
0e
1.2.3
-
.
0e
++1
1e
1ee2
++1
--2
.
--2
--2
000.e
++1
++1
++1
--2
0e
-
++1
.
abc
-
1e-
.
++1
1.2.3
+
++1
1e-
++1
1e
1ee2
1e
000.e
-
abc
1.2.3
1.2.3
--2
000.e
.
.
1e+
000.e
000.e
-
1e+
0e
.
000.e
1e
--2
abc
--2
+
-
++1
1e+
1.2.3
1.2.3
e10
++1
000.e
1e-
1.2.3
e10
1e-
1e-
0e
1e-
+
0e
.
-
++1
+
.
--2
++1
1e+
0e
++1
1ee2
000.e
+
++1
abc
.
1ee2
1e
--2
.
abc
1e-
1.2.3
1.2.3
1ee2
000.e
1e+
+
1ee2
e10
.
000.e
1.2.3
+
-
++1
++1
0e
1e+
1.2.3
1e-
1e+
1.2.3
1e
.
1e-
e10
--2
-
++1
++1
1e
1e+
1.2.3
--2
0e
.
--2
1.2.3
--2
0e
.
1e
--2
+
0e
000.e
++1
000.e
0e
++1
1e
0e
1e+
--2
-
--2
e10
e10
1ee2
.
.
1e
e10
1e+
0e
1.2.3
++1
1e-
abc
1e+
.
+
1e+
.
.
1e
1ee2
.
1e+
.
-
1.2.3
--2
1e-
1e
.
-
1.2.3
+
--2
1.2.3
1e+
e10
1e-
1.2.3
-
0e
--2
.
-
-
1e-
1e
++1
000.e
1.2.3
1ee2
-
++1
1.2.3
e10
0e
+
+
1.2.3
1e
000.e
.
e10
.
e10
0e
1e-
000.e
000.e
1ee2
1e+
++1
++1
.
1ee2
abc
--2
abc
1ee2
1.2.3
e10
1e-
1e
.
++1
000.e
--2
--2
1e+
--2
-
1e+
.
1e
1e
1e
0e
1e+
000.e
.
1e-
e10
e10
abc
+
abc
.
-
1ee2
1ee2
abc
++1
1.2.3
.
1e
1e+
++1
-
1ee2
-
-
1e+
1e-
1.2.3
0e
1.2.3
.
0e
1e-
1ee2
000.e
000.e
--2
+
+
1ee2
1e+
1.2.3
1e-
e10
--2
++1
000.e
1ee2
1e+
1e-
--2
1e-
+
000.e
++1
0e
e10
.
--2
1e+
0e
abc
1e
1.2.3
+
1e-
.
++1
++1
-
0e
1e
+
++1
1e
.
1e-
1ee2
000.e
1e+
1.2.3
e10
.
-
000.e
+
1e-
0e
0e
-
e10
1e+
+
e10
1e-
++1
1.2.3
1e+
--2
1e
1e+
--2
1e
e10
000.e
++1
e10
e10
abc
+
abc
1.2.3
1e+
1.2.3
-
abc
-
000.e
1e
-
1ee2
-
1ee2
0e
1ee2
e10
000.e
0e
1e+
.
e10
1ee2
abc
1e
1ee2
0e
--2
--2
++1
0e
1ee2
-
+
abc
0e
e10
1e+
1ee2
--2
000.e
1e-
.
++1
--2
1e+
++1
--2
-
++1
.
1.2.3
1e
1.2.3
abc
000.e
e10
-
1.2.3
-
e10
0e
0e
1e+
++1
1e-
0e
--2
1e-
0e
-
+
++1
e10
000.e
1ee2
abc
1ee2
1e-
abc
1e+
1e-
-
1e-
.
+
1ee2
e10
--2
1e-
1.2.3
+
abc
1e-
+
+
++1
000.e
+
0e
1ee2
1e
+
1e+
1e+
1.2.3
1.2.3
-
-
abc
++1
000.e
0e
abc
.
1.2.3
1e+
--2
++1
-
1.2.3
1ee2
.
-
1e
-
e10
.
1e-
abc
1e+
1e+
000.e
.
.
+
+
0e
1e+
abc
+
1ee2
1e
.
1ee2
1e
1e+
+
1e-
1e+
1e
--2
++1
++1
1ee2
++1
--2
abc
1.2.3
1ee2
--2
.
e10
000.e
1e-
0e
abc
1e+
--2
.
1e-
1.2.3
1e
++1
++1
1e+
--2
-
abc
0e
--2
++1
+
-
0e
0e
0e
1e
1e
0e
e10
000.e
1e
1e-
1e
-
-
1ee2
1ee2
1e-
1.2.3
+
abc
.
1.2.3
abc
abc
1e-
1ee2
0e
1e-
-
++1
1e+
1.2.3
000.e
1.2.3
1e
++1
-
1e-
-
-
.
1e+
000.e
++1
+
--2
++1
1e-
1e-
1e-
abc
1ee2
000.e
1.2.3
0e
abc
0e
0e
1e-
+
1ee2
+
abc
1e-
++1
abc
--2
e10
1ee2
1e
abc
+
.
1e
e10
1e-
1e+
1e+
.
0e
--2
e10
1.2.3
--2
++1
++1
++1
0e
000.e
.
+
1e+
e10
1e
.
000.e
1.2.3
abc
1e
+
-
0e
1e+
--2
++1
.
.
++1
0e
1e+
-
++1
1e+
0e
e10
1ee2
1e
1e+
000.e
-
000.e
0e
+
-
-
000.e
-
1ee2
000.e
1e+
e10
1ee2
-
1e
++1
abc
000.e
-
1.2.3
0e
1.2.3
-
e10
1e-
1.2.3
--2
1e-
+
.
--2
++1
-
e10
--2
1e
1.2.3
--2
1e
1ee2
.
++1
-
1.2.3
--2
1e+
-
1ee2
1e+
-
abc
abc
0e
1e
000.e
1.2.3
1ee2
1e-
--2
1e+
+
--2
-
1e
0e
--2
0e
1.2.3
abc
1e-
-
e10
0e
0e
+
1e
1e-
1.2.3
1e+
abc
++1
abc
1.2.3
0e
.
++1
1e+
1.2.3
++1
++1
1ee2
1e
++1
.
1e+
1ee2
1e-
-
0e
--2
e10
1ee2
abc
1ee2
1e
.
abc
+
000.e
++1
1ee2
+
1ee2
1.2.3
+
abc
1e
1e+
000.e
000.e
1e
--2
--2
1e+
1.2.3
++1
abc
-
.
e10
1e+
e10
1e+
abc
+
1e
e10
+
e10
e10
--2
1e
1e-
1e
1.2.3
1e-
--2
.
0e
1e
+
e10
e10
.
+
.
1e-
e10
+
--2
1.2.3
e10
1e-
abc
1.2.3
1e-
.
-
1e+
e10
--2
1e
-
1.2.3
1e+
++1
1e
1e+
1e+
.
1e+
abc
1e
abc
abc
1ee2
1e
0e
abc
1e
000.e
-
1ee2
1.2.3
e10
000.e
1e-
1.2.3
abc
++1
1ee2
0e
1e-
1e
e10
1ee2
-
1e-
1e
++1
000.e
1.2.3
1e+
000.e
--2
1e+
1e-
0e
1ee2
000.e
1.2.3
abc
1ee2
1e+
1.2.3
++1
--2
1e-
1ee2
000.e
1ee2
1.2.3
abc
abc
-
++1
1e
1e+
-
e10
1.2.3
1e
e10
e10
--2
0e
1e
.
1e-
-
abc
++1
1.2.3
e10
abc
abc
1e+
1e+
.
1e+
+
1e+
1e+
e10
1e-
+
+
e10
++1
e10
000.e
abc
1ee2
000.e
++1
1ee2
1e-
+
.
1e
.
0e
000.e
.
--2
1e-
.
.
1e-
abc
1e
1e
1e+
000.e
000.e
0e
1ee2
-
+
-
1e+
-
1ee2
1e+
e10
+
--2
1ee2
.
1e+
+
.
1e-
-
e10
1e+
e10
e10
000.e
++1
1e+
1e
--2
1ee2
1ee2
1e-
1e-
1.2.3
+
e10
1ee2
1e+
++1
e10
-
--2
-
++1
++1
.
1.2.3
1.2.3
+
++1
1.2.3
000.e
1ee2
000.e
--2
-
1.2.3
1e+
+
1e-
1e-
000.e
1.2.3
--2
e10
1.2.3
000.e
+
abc
1e-
1e+
abc
0e
-
++1
0e
1e+
e10
1.2.3
1e
1e-
abc
1ee2
1.2.3
--2
1e-
++1
abc
1e-
abc
1e
+
-
.
+
1e
0e
1e-
.
1.2.3
.
++1
1e-
.
1ee2
++1
e10
1.2.3
0e
1.2.3
-
0e
--2
-
1e
1e-
abc
++1
1e-
1e
-
--2
-
e10
1ee2
.
+
1e-
1e-
000.e
1ee2
1e
-
000.e
-
1e-
++1
000.e
-
.
.
e10
000.e
1e
1e+
1e+
1e-
1.2.3
1e-
1ee2
.
--2
.
000.e
0e
e10
++1
--2
-
1.2.3
1.2.3
.
0e
1e
1e+
1e
1e-
.
1e
000.e
1e
abc
--2
.
+
1e-
e10
1e
1.2.3
+
e10
.
-
1e
1e-
1.2.3
000.e
0e
1.2.3
++1
--2
0e
++1
abc
1.2.3
1e
+
.
1.2.3
--2
abc
1e-
e10
1e
1e+
-
.
0e
1e
.
1e
1ee2
abc
1e-
-
1ee2
1ee2
.
e10
e10
0e
++1
abc
.
0e
1e-
--2
--2
.
1e
1e
+
e10
000.e
-
1e-
1.2.3
+
-
1e
--2
--2
e10
1e+
+
abc
-
-
1e-
-
++1
abc
+
0e
1.2.3
.
--2
1e+
.
++1
0e
-
0e
+
.
000.e
1e-
0e
000.e
++1
1e+
--2
++1
1ee2
.
0e
-
-
.
1ee2
1e+
000.e
000.e
000.e
1e
1e+
e10
1e-
e10
++1
.
1e-
abc
abc
--2
e10
1e-
0e
1.2.3
0e
0e
1e-
abc
1e-
e10
e10
000.e
1e
++1
1e-
1.2.3
1.2.3
+
--2
++1
abc
+
--2
1.2.3
e10
+
++1
--2
1.2.3
1ee2
abc
0e
.
e10
1e
1.2.3
--2
0e
1.2.3
1.2.3
e10
1.2.3
1.2.3
1e+
+
1ee2
--2
abc
1e+
--2
abc
+
-
1e-
1e-
0e
0e
1ee2
-
++1
1ee2
1e+
1e
--2
1e-
++1
1e-
1ee2
0e
1e+
1.2.3
1ee2
++1
++1
000.e
1e
-
000.e
1ee2
--2
++1
0e
.
--2
000.e
e10
000.e
.
1e-
e10
e10
-
++1
1e
1.2.3
+
1e-
1e
-
e10
1e
1e+
--2
1.2.3
1ee2
.
+
-
0e
1e+
--2
++1
1e
1e-
e10
.
++1
e10
--2
abc
+
abc
e10
1e+
+
+
-
++1
000.e
abc
-
+
000.e
1.2.3
0e
abc
+
e10
abc
.
1ee2
1e
000.e
abc
--2
-
+
1.2.3
1.2.3
1ee2
abc
e10
0e
++1
1ee2
0e
e10
1e-
-
1.2.3
.
1e-
000.e
1e+
000.e
abc
e10
e10
-
++1
e10
--2
1e+
1e-
0e
1.2.3
0e
+
1ee2
1e+
++1
000.e
0e
+
--2
1e-
1e-
.
--2
0e
0e
--2
1ee2
-
+
++1
1e+
1e
--2
e10
1.2.3
1.2.3
abc
1.2.3
.
e10
0e
1.2.3
1e+
--2
e10
1e+
--2
-
+
1.2.3
1.2.3
++1
++1
0e
+
abc
1e
e10
1e+
0e
--2
000.e
++1
+
000.e
0e
+
e10
.
++1
0e
000.e
1e
++1
e10
000.e
1e-
1e+
000.e
++1
++1
-
+
0e
1e-
abc
1e+
++1
++1
+
1e
++1
.
1.2.3
1.2.3
1e
1.2.3
1ee2
1e-
1ee2
--2
0e
--2
1ee2
000.e
.
-
0e
1ee2
--2
e10
1ee2
1e-
000.e
-
1e
1e
0e
e10
-
1ee2
1ee2
+
1ee2
1e+
1e-
++1
-
0e
.
+
e10
1e-
+
0e
-
e10
.
1e+
-
.
1e+
1ee2
000.e
1.2.3
+
1ee2
000.e
e10
0e
000.e
1e-
1.2.3
--2
e10
-
1ee2
000.e
.
abc
e10
-
++1
1ee2
1e
abc
1e-
--2
+
1e
e10
1e
+
abc
1e-
++1
1.2.3
abc
-
0e
1.2.3
1e
e10
-
1e
.
1.2.3
abc
abc
abc
abc
+
e10
1e
000.e
--2
-
1e-
++1
1e
1e+
.
000.e
000.e
.
abc
abc
0e
--2
1e-
++1
1ee2
1ee2
++1
1.2.3
.
--2
1e-
abc
000.e
000.e
abc
.
++1
+
000.e
abc
++1
1ee2
-
0e
1.2.3
1e-
.
e10
.
1e+
e10
0e
e10
.
1e-
abc
1e-
++1
1e
--2
--2
0e
1ee2
1ee2
+
e10
e10
e10
.
--2
0e
1e+
1.2.3
1e-
000.e
.
.
000.e
0e
.
000.e
1e-
000.e
++1
abc
1.2.3
0e
1e+
-
-
0e
0e
.
-
0e
-
1.2.3
e10
1ee2
abc
1e
0e
1e+
--2
1e
000.e
1e+
1.2.3
--2
1.2.3
.
000.e
000.e
-
1e+
1e-
--2
--2
1.2.3
e10
1e+
--2
.
1.2.3
1ee2
abc
1ee2
000.e
--2
--2
abc
--2
1e+
000.e
e10
-
e10
.
000.e
1e-
1e-
0e
e10
0e
--2
.
-
e10
0e
000.e
--2
0e
.
e10
1e
++1
1ee2
.
e10
abc
abc
0e
abc
1e
++1
e10
0e
--2
1.2.3
1ee2
1.2.3
++1
1e+
0e
-
-
-
++1
++1
1e
1ee2
1e+
1ee2
1e+
abc
1e
--2
--2
1e-
1e
1e+
1e+
e10
e10
1e+
1e+
++1
1e+
0e
1e-
1e+
abc
-
1e+
++1
-
.
0e
1ee2
1.2.3
.
+
1.2.3
1e-
+
+
1e+
abc
++1
+
+
.
e10
abc
1e-
-
--2
1ee2
.
+
1e
1.2.3
1.2.3
.
e10
++1
0e
e10
e10
1e-
1ee2
1e-
abc
e10
1e
--2
0e
.
1.2.3
1e-
1e-
1e-
.
000.e
1e-
-
-
-
1.2.3
+
1.2.3
000.e
+
1e-
abc
1.2.3
1e+
1.2.3
abc
0e
000.e
1e+
++1
e10
1e-
abc
1e+
++1
000.e
000.e
+
1e-
1.2.3
+
1ee2
+
1.2.3
1e
e10
-
abc
.
1ee2
000.e
++1
1.2.3
1e-
.
--2
--2
1e+
--2
e10
-
.
1.2.3
e10
0e
1ee2
1e-
1e+
+
1e
.
1.2.3
-
1e+
--2
++1
1.2.3
-
1ee2
e10
1.2.3
abc
1e+
1e+
.
1.2.3
1ee2
1e-
++1
1.2.3
0e
++1
.
000.e
++1
.
--2
1e-
e10
0e
-
abc
abc
1ee2
--2
1e
1e-
--2
1e+
1e+
abc
000.e
000.e
-
++1
1.2.3
1ee2
-
++1
++1
abc
abc
1.2.3
1e
000.e
-
-
+
1e
++1
1e+
0e
1e-
abc
1ee2
000.e
-
000.e
-
--2
1.2.3
1.2.3
+
1.2.3
+
1.2.3
0e
000.e
abc
e10
++1
000.e
.
.
--2
e10
.
1e
.
1.2.3
++1
1e-
++1
1e
1.2.3
1.2.3
1e
1e-
++1
1.2.3
+
1e-
1e
++1
1e+
+
1ee2
1e+
-
++1
abc
1ee2
+
+
1.2.3
1e+
--2
e10
1e+
1e
1e-
abc
1ee2
++1
000.e
.
e10
1e-
000.e
++1
1e-
-
1e
000.e
abc
--2
1e+
.
abc
.
1e-
1e-
1e+
1e-
--2
--2
000.e
--2
abc
--2
0e
abc
1e+
--2
1.2.3
abc
-
++1
+
1e+
-
000.e
abc
1e+
e10
1e
-
-
e10
+
++1
e10
1ee2
+
1ee2
1.2.3
++1
abc
1e-
--2
1ee2
e10
--2
000.e
1e
1ee2
--2
1e+
1ee2
abc
++1
1e+
++1
1ee2
1.2.3
+
--2
000.e
.
++1
++1
++1
1ee2
0e
abc
1e+
1ee2
000.e
abc
abc
1.2.3
1.2.3
1e
abc
000.e
1e+
1e-
abc
1e+
0e
1.2.3
1.2.3
+
-
000.e
1e+
-
1e-
1e+
e10
1e-
--2
1e+
1e
-
abc
1.2.3
1e+
.
++1
++1
e10
1ee2
0e
0e
1e+
1.2.3
1e
.
1e
1e
0e
+
.
--2
0e
1.2.3
1.2.3
abc
000.e
+
000.e
++1
++1
.
1e-
e10
1.2.3
000.e
++1
1ee2
e10
1ee2
1ee2
1e-
1ee2
abc
--2
++1
1.2.3
1e-
0e
+
-
1.2.3
abc
+
1e+
e10
1e
++1
1e-
e10
abc
++1
1e+
1.2.3
+
1e+
1e
0e
1.2.3
1e-
abc
0e
abc
1ee2
1ee2
++1
1e+
1e-
.
1.2.3
--2
000.e
-
++1
1.2.3
+
abc
--2
1e+
+
+
1e+
1e
++1
0e
-
++1
1e
++1
1e+
1e+
.
+
1ee2
1ee2
1e+
0e
++1
+
1e-
1e
++1
+
+
-
++1
.
abc
1ee2
+
0e
1ee2
1e+
1e+
++1
+
000.e
e10
abc
1e-
.
000.e
e10
+
1e
1.2.3
e10
0e
0e
000.e
1e-
.
abc
0e
+
000.e
e10
1.2.3
.
.
--2
--2
1ee2
.
1ee2
+
000.e
+
1.2.3
abc
1ee2
0e
000.e
+
abc
+
--2
--2
e10
1.2.3
+
000.e
1.2.3
0e
1e
1.2.3
e10
++1
1e-
+
e10
e10
1ee2
-
.
abc
e10
1e-
+
abc
1e+
--2
.
-
000.e
1ee2
--2
1ee2
-
+
1e+
+
1e-
abc
1e+
000.e
abc
1ee2
0e
.
000.e
.
1e+
++1
.
0e
000.e
1.2.3
1ee2
--2
+
1e
abc
-
1ee2
1e
e10
.
1ee2
1e-
abc
1e+
e10
-
1.2.3
-
0e
1e-
1.2.3
++1
0e
1.2.3
+
1e
1ee2
-
1.2.3
+
+
--2
1e
.
0e
abc
1.2.3
--2
++1
1e
e10
-
1.2.3
1ee2
abc
1ee2
1e+
+
--2
000.e
0e
0e
++1
++1
1e
1e+
+
++1
abc
0e
000.e
.
+
1e+
+
abc
abc
+
+
--2
e10
1.2.3
++1
1ee2
+
+
000.e
1.2.3
.
--2
-
-
1e
.
.
+
++1
1.2.3
000.e
1.2.3
abc
1e
1e
++1
000.e
++1
++1
1e+
-
e10
1.2.3
--2
e10
1e-
1e-
1ee2
1e-
000.e
--2
1ee2
1e-
e10
abc
1e-
000.e
--2
1ee2
1e+
1.2.3
0e
+
e10
0e
0e
-
++1
+
e10
1e
--2
1e
1e-
e10
1e+
abc
1e-
0e
--2
1.2.3
--2
++1
1ee2
.
.
0e
1e
+
-
--2
abc
1ee2
1ee2
1e-
--2
abc
1.2.3
++1
1e+
1e-
1e-
e10
-
--2
++1
0e
1ee2
1ee2
.
abc
0e
++1
0e
000.e
1ee2
1ee2
--2
-
1e
1e+
1e-
1e+
++1
1e+
abc
--2
1ee2
e10
1e-
abc
e10
1e+
e10
-
1e+
.
-
0e
--2
--2
-
000.e
1e-
000.e
++1
0e
0e
e10
1e
1ee2
1.2.3
0e
1e-
1e+
1e+
+
1e
000.e
1e
-
+
1e-
.
1e+
.
.
000.e
000.e
e10
1e-
1ee2
0e
--2
1e-
.
0e
--2
000.e
-
1e-
000.e
0e
000.e
.
000.e
0e
--2
+
++1
-
1e-
+
--2
-
+
1e-
1e+
1ee2
1.2.3
-
-
1ee2
1e+
.
1e-
1e+
1e-
abc
+
0e
000.e
+
+
abc
1e+
--2
000.e
++1
++1
1.2.3
1e+
abc
1e
abc
abc
abc
1e
0e
1ee2
1.2.3
e10
1e
1ee2
-
abc
0e
1e
1e+
0e
1e+
1e-
e10
1e
1e
-
++1
abc
.
.
abc
000.e
+
000.e
1e-
000.e
1e
1ee2
abc
abc
abc
.
1e-
1e-
1ee2
abc
1e+
+
1e-
e10
1e+
1ee2
1e
1.2.3
1.2.3
+
1ee2
.
++1
--2
e10
1.2.3
.
e10
1e-
+
1e-
++1
--2
++1
1ee2
-
+
++1
e10
abc
000.e
.
-
1e-
1e-
000.e
0e
.
++1
.
e10
--2
1e-
-
0e
1e+
abc
1ee2
--2
-
1e
+
e10
000.e
1e+
-
++1
1e
++1
1e
1e
--2
.
1e
1ee2
1e+
1.2.3
abc
0e
abc
1ee2
--2
1.2.3
--2
--2
1e
-
abc
1ee2
.
000.e
000.e
1e+
1ee2
1ee2
1e-
1e
1e
--2
1e
1e-
000.e
+
1e
++1
1.2.3
.
.
+
++1
1ee2
.
1e+
1e+
--2
1ee2
+
1e
0e
.
1.2.3
1e
-
1e
e10
000.e
1e+
++1
--2
-
abc
e10
e10
1ee2
000.e
abc
abc
abc
abc
--2
1e+
1e-
--2
abc
--2
--2
000.e
1e
000.e
e10
1e
-
000.e
1.2.3
++1
++1
--2
1ee2
1e
e10
.
1e-
1e+
.
1ee2
-
.
++1
1.2.3
0e
1e+
1e-
e10
1e-
1e
abc
.
000.e
+
000.e
000.e
0e
1e+
abc
1e+
.
1e-
+
.
-
1e
++1
1.2.3
e10
1e+
1.2.3
1.2.3
1ee2
+
1e+
0e
1e
1ee2
1e+
e10
-
abc
++1
1e+
1e
.
1e-
+
1e
--2
1e
0e
1.2.3
++1
0e
+
1.2.3
.
000.e
+
0e
+
++1
abc
.
e10
--2
--2
1e
1e-
e10
1e-
1.2.3
1.2.3
0e
1e
1e+
1ee2
.
1.2.3
1e
.
e10
0e
.
000.e
.
abc
1.2.3
000.e
abc
1e-
000.e
.
1e+
1ee2
abc
++1
+
1e-
e10
0e
+
e10
000.e
abc
1.2.3
.
1ee2
-
.
1e-
abc
1.2.3
e10
0e
0e
1ee2
1.2.3
0e
abc
+
1ee2
1ee2
+
-
000.e
abc
e10
1e+
.
000.e
1e+
0e
000.e
1e-
e10
--2
1.2.3
+
000.e
000.e
.
1e+
1ee2
1ee2
e10
+
abc
++1
++1
--2
1.2.3
1e-
1e+
.
1e-
-
-
000.e
0e
1ee2
.
0e
1ee2
++1
+
0e
e10
abc
.
abc
0e
1e
1.2.3
+
++1
000.e
e10
-
1e-
--2
0e
1e
1e+
000.e
+
1e-
.
.
1e
.
.
000.e
000.e
000.e
+
1ee2
1e
000.e
000.e
+
1e-
+
000.e
.
abc
abc
1e
-
.
e10
1e
0e
--2
1.2.3
1e+
1e+
.
1e
+
1ee2
++1
abc
1ee2
.
e10
--2
++1
1ee2
.
0e
1.2.3
1e+
+
++1
1.2.3
++1
1.2.3
000.e
000.e
+
-
1.2.3
000.e
--2
1e+
--2
.
-
1e+
000.e
++1
--2
1.2.3
000.e
1e
+
1ee2
000.e
abc
000.e
1e-
.
000.e
--2
.
1ee2
e10
++1
+
0e
abc
1e+
--2
-
-
++1
+
e10
+
0e
0e
1e
e10
++1
+
--2
+
1.2.3
1e-
1ee2
1ee2
++1
0e
e10
++1
e10
1e+
1e+
1e
--2
.
1e-
.
--2
--2
1e+
1ee2
-
.
1e-
0e
++1
1.2.3
e10
+
1e
.
--2
1e+
1e+
1ee2
000.e
000.e
e10
1e
.
abc
--2
1e+
.
1ee2
.
0e
--2
1ee2
-
++1
1ee2
1e-
abc
.
--2
1.2.3
++1
.
--2
0e
--2
abc
1e-
++1
1ee2
1.2.3
-
0e
0e
e10
++1
e10
.
1e
++1
+
abc
.
abc
1e-
++1
0e
e10
1e-
000.e
1ee2
e10
1e+
1e+
-
++1
1e+
1e
1e-
1.2.3
1ee2
1ee2
1.2.3
0e
000.e
1ee2
.
.
1e-
1e-
1ee2
1e
++1
-
.
1e-
1e-
1e
000.e
1e-
++1
++1
abc
1ee2
abc
1.2.3
++1
e10
-
+
--2
+
1e+
0e
.
++1
-
abc
+
1e+
1.2.3
1ee2
1e+
1e-
0e
1.2.3
abc
1e+
+
1.2.3
1e-
1e-
--2
.
1e+
abc
abc
--2
0e
+
e10
1.2.3
e10
e10
1e+
1e
--2
abc
1ee2
1e+
+
1e
1ee2
-
-
000.e
.
abc
++1
e10
--2
0e
e10
1e-
-
1e-
+
1e-
-
++1
0e
.
e10
-
000.e
.
.
-
1e+
000.e
1e
.
abc
1ee2
1.2.3
1.2.3
-
1.2.3
1e
1.2.3
1e
.
abc
++1
abc
++1
1e
+
.
-
0e
1.2.3
e10
000.e
0e
+
0e
1e
1ee2
1e
+
1e
abc
1e
-
.
1e+
1e
e10
e10
1e
+
.
1.2.3
1e-
e10
+
1ee2
.
0e
1e+
1e+
+
-
--2
000.e
000.e
1ee2
e10
-
--2
-
000.e
++1
1e
abc
-
1.2.3
e10
-
--2
e10
.
1e
abc
.
0e
0e
-
e10
000.e
.
1.2.3
1ee2
0e
--2
e10
e10
e10
e10
1.2.3
abc
+
--2
1e-
0e
e10
.
-
1e-
1e+
abc
abc
1.2.3
1e
1e+
.
.
1ee2
--2
1.2.3
1.2.3
1.2.3
1e+
++1
0e
.
--2
.
000.e
--2
--2
1e
abc
1e+
1ee2
0e
--2
++1
1e-
1e
++1
.
--2
.
1e
--2
1ee2
0e
abc
1e-
000.e
--2
1e-
.
e10
.
000.e
1e-
-
1e-
--2
+
++1
abc
-
1.2.3
1e+
.
+
++1
1e-
abc
1ee2
.
+
1e-
1e-
--2
0e
.
1ee2
0e
1e-
1e-
1ee2
1e-
+
1.2.3
1e
e10
0e
1e
e10
+
+
e10
abc
++1
+
0e
--2
1ee2
1ee2
000.e
e10
e10
abc
1e-
1ee2
-
.
1e-
e10
e10
1e+
000.e
--2
--2
000.e
1e-
abc
1e
--2
1e
1ee2
e10
++1
000.e
.
0e
1.2.3
++1
e10
1ee2
-
1e-
1ee2
--2
e10
--2
0e
0e
1e
-
0e
1e
1e+
++1
abc
1e
abc
.
1e+
1e
.
+
+
1ee2
.
0e
1ee2
1ee2
0e
+
1e+
++1
0e
1ee2
0e
1e+
0e
-
1e+
0e
1.2.3
+
1ee2
.
0e
000.e
1.2.3
000.e
abc
.
+
.
1e
--2
1e+
+
++1
1e-
abc
++1
-
1e+
1e+
.
+
1e-
abc
e10
1e+
.
++1
-
1e+
e10
1e-
.
1e
.
-
0e
0e
1ee2
+
1ee2
--2
-
1e
0e
1.2.3
+
0e
-
1e+
--2
1e
-
.
1e+
1e-
0e
0e
1e+
1e+
e10
000.e
0e
0e
1e-
.
e10
--2
0e
e10
1e+
abc
0e
1ee2
1.2.3
++1
.
1ee2
abc
abc
1e
1.2.3
+
.
1e-
1e
1e
e10
000.e
++1
1ee2
abc
1ee2
+
+
-
abc
0e
.
000.e
1.2.3
0e
1.2.3
0e
1e+
e10
abc
1ee2
1e+
0e
++1
1ee2
1e-
1e
e10
e10
1.2.3
1e
0e
.
1e-
1e+
+
1e
1e
+
++1
1e
.
e10
1e+
+
0e
1ee2
1.2.3
+
-
1ee2
.
1e
++1
+
1e-
.
000.e
.
1ee2
1e
++1
1e+
abc
1ee2
0e
0e
1e-
000.e
000.e
1.2.3
1e
++1
+
1ee2
abc
1.2.3
+
1e+
0e
+
1.2.3
++1
1e+
1ee2
+
--2
.
1ee2
0e
1e-
-
abc
abc
1.2.3
1e-
000.e
1.2.3
1e+
1ee2
abc
+
1ee2
e10
--2
1e-
e10
1.2.3
e10
0e
.
1ee2
1e+
++1
--2
1e+
1.2.3
e10
++1
.
.
--2
1e
+
abc
e10
e10
000.e
1.2.3
+
+
abc
-
1ee2
.
1e
0e
000.e
1e-
1e
++1
abc
++1
.
1.2.3
0e
+
abc
1.2.3
abc
1e+
1e
-
+
000.e
1e+
--2
-
1.2.3
1e
+
0e
+
0e
1.2.3
1ee2
e10
-
abc
++1
--2
000.e
000.e
000.e
abc
0e
1e+
-
1e-
0e
-
0e
e10
000.e
+
e10
-
e10
++1
++1
1ee2
-
1.2.3
0e
000.e
1e+
+
1e
++1
abc
abc
++1
1e+
abc
--2
1e
.
++1
1e
1ee2
++1
1e
++1
1e-
-
abc
.
1e+
0e
1e+
1e-
1e
e10
0e
1ee2
000.e
000.e
1e+
e10
++1
abc
e10
1e-
-
+
abc
e10
1.2.3
-
1e
-
abc
+
++1
1ee2
abc
++1
e10
--2
-
000.e
000.e
--2
1ee2
++1
abc
++1
000.e
--2
1e
0e
1.2.3
--2
1e-
1.2.3
1e-
1ee2
1e-
1.2.3
1e
abc
1e-
1e-
abc
++1
000.e
1e
--2
-
0e
++1
e10
abc
+
1.2.3
+
--2
abc
.
--2
1e
-
--2
-
1e-
++1
1e-
000.e
e10
1e
1e-
--2
.
abc
+
1ee2
1e+
1e
.
.
1e+
0e
+
1e-
1e
1.2.3
++1
0e
-
1ee2
.
--2
1e
--2
1e+
--2
e10
1e
e10
1ee2
1e-
e10
e10
1e
1.2.3
000.e
abc
.
++1
0e
1ee2
--2
-
1ee2
+
--2
0e
1e-
1.2.3
abc
0e
-
e10
--2
1.2.3
0e
0e
1e+
1ee2
1e+
1e
1e
++1
abc
1.2.3
1ee2
.
1.2.3
1e
e10
1e
--2
1e
1ee2
--2
-
1ee2
1.2.3
.
.
++1
abc
abc
.
1e-
+
1e+
1ee2
.
abc
1.2.3
1e+
1.2.3
1e+
++1
abc
1ee2
.
000.e
1e
000.e
1ee2
000.e
abc
+
1e+
1e
-
-
1e
-
.
1.2.3
1e+
1e+
abc
0e
1e+
+
1.2.3
e10
++1
--2
e10
1.2.3
abc
.
-
e10
.
1e-
+
1ee2
abc
000.e
1ee2
+
1.2.3
e10
1e
-
0e
+
.
000.e
+
1e-
1e-
1e
++1
.
-
--2
1e+
0e
000.e
000.e
1e
-
0e
1e
-
e10
1ee2
1e
.
1e-
abc
e10
.
1ee2
e10
1e
1ee2
e10
000.e
1e+
1e-
--2
+
1ee2
-
1e
0e
1e
1ee2
+
++1
++1
--2
1e+
++1
1e+
1e+
0e
.
000.e
1e
000.e
1e-
000.e
0e
1e+
abc
1e-
abc
abc
-
1e
1e
000.e
abc
000.e
.
abc
e10
abc
1e+
+
1e-
1ee2
++1
+
abc
1e
0e
0e
1ee2
--2
abc
0e
1e-
000.e
1.2.3
1e
e10
.
abc
1e+
+
-
e10
abc
000.e
--2
1e-
000.e
1e-
.
1ee2
000.e
e10
++1
-
1e+
--2
0e
--2
1e
1.2.3
+
-
1e+
++1
+
1ee2
1e+
-
000.e
-
1e-
e10
1ee2
.
1ee2
.
000.e
abc
--2
1.2.3
000.e
++1
abc
--2
1e+
1e+
0e
+
+
-
1e-
-
000.e
1.2.3
1e+
--2
e10
++1
1ee2
.
1ee2
.
1.2.3
+
1e-
+
1e+
000.e
.
1e-
1e
1.2.3
1e
1e-
+
e10
e10
.
1e-
+
1ee2
+
e10
.
1e-
0e
1.2.3
000.e
000.e
1.2.3
abc
abc
1e
abc
1e-
.
.
1e+
--2
000.e
1.2.3
1ee2
--2
-
1ee2
1e
0e
--2
e10
0e
000.e
abc
1e-
1e+
.
1e+
1e
000.e
-
1e-
1e
0e
1e-
1e
++1
abc
0e
1ee2
-
1e
-
e10
e10
1e-
1e
e10
.
1e+
--2
1e
1e+
-
1e
++1
1e
1ee2
1e+
1e
000.e
abc
--2
000.e
1e
1.2.3
000.e
1e+
1e-
e10
--2
abc
++1
000.e
++1
1e+
1e
+
e10
-
1.2.3
0e
--2
-
1e-
1.2.3
++1
+
-
.
e10
e10
--2
1e
1.2.3
abc
++1
++1
1ee2
-
1e+
1ee2
++1
0e
e10
.
0e
--2
e10
0e
1ee2
--2
abc
-
1ee2
1ee2
-
abc
abc
000.e
1e-
abc
1e+
--2
1e-
1e+
1e-
+
1.2.3
1e+
1ee2
+
-
abc
--2
.
1ee2
.
1e
1ee2
abc
e10
1e-
+
1e-
1ee2
1.2.3
+
1.2.3
abc
+
1e
e10
++1
1e+
-
+
+
1e+
+
1e
1e+
+
--2
+
++1
0e
e10
1e-
--2
1e
000.e
1e-
abc
e10
++1
1e+
--2
0e
.
-
--2
1.2.3
e10
+
.
1ee2
--2
1e+
1ee2
000.e
1.2.3
e10
1.2.3
1ee2
0e
1ee2
1.2.3
--2
+
1.2.3
1e-
.
abc
++1
0e
.
1e-
1e
1e-
++1
e10
abc
.
1e+
1e
1.2.3
1ee2
abc
abc
--2
0e
1e+
1e-
-
-
1e
1.2.3
e10
.
.
0e
1.2.3
1.2.3
1e
++1
e10
0e
abc
000.e
1e+
e10
1ee2
1.2.3
000.e
1e-
0e
1.2.3
-
-
e10
1.2.3
+
1e+
+
000.e
++1
abc
1e
++1
.
1e
1e+
1ee2
.
--2
--2
1e
-
abc
++1
-
000.e
1e+
--2
-
e10
0e
1.2.3
0e
1e-
e10
-
abc
--2
000.e
1e
1e+
1e
abc
000.e
1e
1e-
1e
+
.
1ee2
1e-
1e+
1e
1e-
--2
1ee2
+
e10
++1
000.e
--2
.
-
000.e
-
000.e
++1
1e-
0e
+
++1
abc
--2
-
.
--2
e10
0e
1.2.3
1ee2
0e
1ee2
1e
--2
1e+
1e+
.
1e-
1ee2
1.2.3
000.e
000.e
1.2.3
1ee2
1e-
0e
0e
1ee2
++1
abc
.
abc
abc
0e
000.e
0e
1e+
000.e
.
+
1.2.3
e10
1e+
1e
.
1e
1e+
1e-
++1
e10
1.2.3
--2
++1
--2
1e+
.
000.e
1e
1e
e10
1e+
abc
1e-
0e
.
e10
000.e
000.e
1e-
+
+
abc
1e+
000.e
++1
--2
1.2.3
--2
1.2.3
--2
-
-
--2
--2
abc
000.e
.
1e+
1.2.3
++1
1e+
1e-
+
+
+
1.2.3
-
--2
1e+
1e-
0e
e10
abc
1e-
+
1ee2
--2
abc
.
000.e
abc
.
1ee2
--2
abc
+
--2
000.e
1e+
--2
e10
1e-
++1
e10
-
1e+
1.2.3
++1
000.e
1e+
000.e
-
abc
e10
1e-
0e
e10
1e+
abc
1e-
1ee2
1e
1.2.3
1e+
--2
.
--2
1e+
1e
0e
e10
1e+
.
++1
0e
1e+
.
000.e
-
1e-
0e
1.2.3
000.e
abc
--2
e10
abc
000.e
++1
1e+
--2
e10
.
1ee2
abc
+
--2
1.2.3
1e
-
e10
++1
abc
e10
1e+
1e-
1.2.3
++1
+
++1
1e
1e-
1.2.3
.
1e+
1.2.3
e10
-
.
abc
e10
0e
abc
0e
1e-
+
++1
000.e
+
abc
++1
--2
0e
.
000.e
000.e
--2
1e
abc
-
1e-
+
++1
1ee2
1e
.
0e
++1
++1
1e
.
1e-
0e
e10
1.2.3
1e+
-
-
e10
0e
1e-
1e-
++1
abc
1e-
0e
--2
e10
abc
0e
1e-
++1
--2
-
abc
++1
1e+
1e
1e+
.
e10
.
++1
e10
--2
abc
0e
1e+
1.2.3
e10
-
1.2.3
000.e
+
1e-
+
e10
abc
+
0e
0e
1ee2
1.2.3
1ee2
--2
.
.
1e+
1.2.3
0e
1.2.3
-
e10
1e
1.2.3
--2
--2
1ee2
+
1e-
1e+
1e-
-
e10
-
1ee2
.
1e-
-
000.e
++1
.
0e
1.2.3
-
.
--2
1.2.3
.
--2
1e+
1e+
1e
abc
+
1.2.3
0e
0e
1e
1.2.3
++1
+
++1
1.2.3
1ee2
000.e
+
abc
.
--2
1e-
1e-
+
1ee2
abc
1e+
++1
--2
.
1e-
++1
.
1e
1e+
e10
1.2.3
1e+
.
++1
.
1e-
1e-
1.2.3
1e
1.2.3
-
0e
e10
1.2.3
1e+
.
-
1e-
000.e
++1
1ee2
--2
--2
+
e10
1e+
.
0e
-
1e-
0e
++1
++1
.
abc
1.2.3
1ee2
1e-
abc
1e-
1e-
abc
abc
++1
0e
1e+
++1
abc
-
000.e
.
1e+
.
.
1e+
1.2.3
000.e
1e
.
1e
+
1e-
1e+
1e+
--2
--2
--2
+
++1
+
0e
.
e10
.
++1
1e-
1e+
++1
abc
1e-
000.e
--2
++1
1e+
1ee2
1e
++1
1.2.3
--2
e10
1.2.3
000.e
++1
abc
0e
1e-
abc
1e-
1ee2
1e
abc
+
--2
abc
1e
e10
abc
+
.
--2
1.2.3
000.e
1e
--2
++1
--2
e10
1.2.3
e10
abc
0e
++1
1ee2
1e+
1ee2
1e
+
abc
1e-
.
000.e
++1
--2
1ee2
1ee2
-
+
1.2.3
1e-
0e
-
000.e
-
.
.
1e+
+
abc
++1
.
0e
e10
1.2.3
1e-
-
+
0e
--2
e10
1.2.3
abc
-
--2
000.e
000.e
--2
0e
e10
abc
++1
abc
.
--2
++1
--2
.
1ee2
-
000.e
-
.
++1
e10
1e
000.e
1.2.3
+
--2
--2
1e-
e10
.
.
1e+
.
1ee2
abc
+
+
1e+
1e+
1e-
abc
1e
000.e
1e
abc
1e+
++1
-
0e
1e-
e10
000.e
1e
1.2.3
1e+
000.e
-
-
000.e
0e
1ee2
000.e
1e-
++1
e10
1e
1e
abc
abc
--2
000.e
1e
000.e
--2
000.e
1ee2
1ee2
abc
+
1ee2
1e+
.
1.2.3
--2
++1
+
-
-
0e
1e+
1ee2
-
abc
1e-
1e
+
-
.
e10
abc
1e+
++1
abc
1ee2
abc
--2
1e-
1.2.3
++1
1.2.3
000.e
1e-
000.e
1e
++1
0e
--2
1e+
abc
1.2.3
-
0e
1e-
1e
1e
1ee2
.
0e
+
1ee2
1e+
e10
000.e
000.e
+
1ee2
0e
0e
000.e
1ee2
abc
--2
+
1e-
1e+
1e
1ee2
.
0e
-
000.e
-
.
1ee2
--2
1ee2
--2
.
1.2.3
1e
1.2.3
abc
++1
+
1.2.3
++1
--2
1e-
1.2.3
e10
e10
++1
1e
-
+
000.e
++1
.
e10
.
1e+
++1
1e-
1ee2
0e
1e-
1.2.3
++1
1.2.3
1ee2
+
000.e
1e
.
1e+
000.e
abc
-
+
-
1e
-
0e
1e-
1.2.3
1e+
000.e
1e-
e10
--2
e10
+
-
1e+
--2
1e-
000.e
abc
1.2.3
1e
0e
000.e
1e+
1e+
1e+
1e-
1e
-
.
e10
1.2.3
0e
1e+
--2
1ee2
abc
.
++1
0e
.
1e
1e+
--2
+
1e+
1e+
abc
++1
1e+
1e+
+
--2
.
0e
1e+
+
1e
--2
1e+
-
000.e
+
e10
1.2.3
1e+
abc
1e-
-
++1
000.e
+
1e+
1ee2
+
abc
++1
e10
-
++1
1.2.3
e10
++1
-
abc
000.e
1ee2
.
abc
+
1.2.3
abc
1e+
++1
000.e
1e-
abc
--2
++1
1e+
--2
-
++1
--2
-
e10
-
0e
1e
e10
+
abc
abc
1.2.3
abc
1e-
1ee2
1e+
+
000.e
--2
abc
-
0e
1.2.3
--2
1e-
+
000.e
e10
1.2.3
-
1.2.3
+
--2
++1
1e+
1ee2
1e-
000.e
1.2.3
1e-
--2
000.e
++1
000.e
1e
--2
1e-
1ee2
000.e
++1
1e-
1.2.3
1e
abc
+
0e
.
.
-
1ee2
+
0e
1e+
1.2.3
000.e
1e+
+
1e-
1ee2
1ee2
1e+
1.2.3
+
--2
abc
e10
0e
e10
.
1ee2
1.2.3
1e+
e10
++1
++1
--2
++1
1ee2
1ee2
e10
-
1e+
++1
1.2.3
000.e
abc
1e-
1e-
1e+
.
++1
e10
0e
000.e
e10
abc
--2
1e
1.2.3
1e-
1.2.3
abc
1ee2
++1
1.2.3
1e-
+
1.2.3
abc
0e
1e+
-
e10
++1
--2
1e
1ee2
000.e
.
1.2.3
--2
abc
1ee2
abc
-
.
-
++1
000.e
000.e
--2
+
++1
0e
0e
+
-
abc
abc
0e
1e
1ee2
++1
1.2.3
1.2.3
0e
1.2.3
abc
++1
abc
--2
0e
000.e
++1
e10
1e-
000.e
+
0e
1.2.3
1e-
++1
1e
1ee2
+
1e+
-
000.e
.
1e-
1e
--2
e10
1ee2
--2
+
1ee2
abc
e10
1e
1.2.3
abc
e10
1e+
000.e
+
+
1.2.3
000.e
1e+
1ee2
0e
1.2.3
1ee2
-
1ee2
1e
abc
0e
.
0e
.
++1
--2
--2
1e+
abc
1.2.3
-
abc
--2
1e-
++1
000.e
++1
1e+
abc
1.2.3
000.e
+
0e
.
1.2.3
e10
abc
++1
e10
1.2.3
1e-
0e
1e-
++1
1.2.3
0e
e10
1.2.3
-
1ee2
1e-
1e-
+
1.2.3
++1
1e-
000.e
-
--2
e10
abc
0e
--2
1e-
1.2.3
000.e
abc
1e
e10
++1
000.e
1ee2
++1
1e-
1e+
1.2.3
1e
-
.
.
1.2.3
1e
1ee2
1e
-
0e
abc
++1
-
abc
++1
++1
e10
1e-
+
1e
e10
--2
+
+
1e-
++1
1e
1e
e10
000.e
++1
.
1e-
-
--2
--2
1e-
1e+
1ee2
0e
+
.
0e
1.2.3
0e
abc
1e
.
+
1e-
e10
0e
.
1e
-
1e
1e-
1.2.3
1e-
-
--2
abc
0e
abc
0e
+
000.e
1e-
000.e
++1
+
1e
-
+
abc
1.2.3
abc
++1
-
1e
0e
.
.
+
-
1e
1e+
--2
.
1.2.3
1e
e10
0e
1ee2
-
1.2.3
1e-
1e+
-
++1
-
1.2.3
e10
-
+
e10
--2
1ee2
0e
1ee2
.
++1
.
++1
--2
1e-
e10
-
1e
++1
1e-
+
1.2.3
0e
.
++1
abc
-
1e
0e
1.2.3
1e-
0e
0e
1e+
e10
1e-
0e
1ee2
.
1e-
--2
1e
-
--2
000.e
++1
1e-
0e
0e
1ee2
0e
1e+
++1
.
000.e
0e
++1
000.e
.
.
1e+
abc
1ee2
--2
0e
+
.
.
abc
-
1e
+
000.e
1e
000.e
.
e10
1e
1e
1e
1e
1.2.3
++1
1ee2
1.2.3
000.e
1e-
1e+
+
1ee2
000.e
++1
1e-
1e-
.
0e
000.e
1.2.3
+
000.e
1e
0e
1.2.3
abc
e10
abc
+
e10
++1
1.2.3
000.e
.
1e
1e-
e10
1e
1.2.3
1e
0e
e10
1e-
0e
0e
.
0e
+
1ee2
0e
.
0e
1.2.3
000.e
--2
++1
0e
.
000.e
0e
0e
++1
.
1ee2
-
1.2.3
+
1e+
1e
1.2.3
0e
++1
1e-
+
+
1ee2
--2
1e-
abc
000.e
1e
1e
abc
++1
1e+
1e
+
--2
-
e10
0e
1e-
--2
1.2.3
abc
+
000.e
1e-
0e
.
abc
1e-
000.e
++1
0e
1e+
-
+
1e+
0e
1e+
.
+
0e
-
1ee2
1ee2
0e
+
.
-
++1
1e-
e10
1ee2
0e
1e+
1e-
--2
.
abc
1.2.3
1e
++1
--2
abc
--2
1.2.3
1e+
--2
--2
1ee2
.
-
1.2.3
1.2.3
1e-
1e+
e10
.
abc
1e+
.
abc
1ee2
e10
000.e
.
1e-
1ee2
1e
1.2.3
--2
000.e
.
1ee2
0e
1ee2
-
.
000.e
1.2.3
000.e
+
1e+
e10
+
000.e
000.e
++1
++1
abc
-
000.e
+
000.e
000.e
e10
--2
+
0e
1ee2
-
1e
-
.
++1
--2
e10
++1
1e-
0e
1e
-
++1
.
1ee2
1e
1ee2
000.e
++1
1.2.3
1.2.3
1ee2
1e-
1e+
++1
1.2.3
+
000.e
000.e
1e-
.
1e
1e
+
000.e
1e
1e
1e
1e-
abc
e10
1.2.3
++1
1ee2
.
1.2.3
++1
++1
000.e
1.2.3
1ee2
+
1e+
+
--2
-
e10
.
++1
+
abc
++1
e10
1e-
-
1e+
abc
++1
--2
1.2.3
+
1.2.3
0e
000.e
e10
0e
000.e
000.e
--2
--2
--2
.
--2
1.2.3
+
+
+
e10
000.e
1e-
++1
++1
1.2.3
--2
000.e
1e+
abc
1e
++1
1.2.3
--2
e10
1e-
1e+
abc
-
1e-
000.e
++1
abc
.
--2
--2
1ee2
e10
1e-
+
e10
--2
.
1e+
1ee2
000.e
1e
1e
0e
1e
+
0e
1ee2
0e
1.2.3
1.2.3
000.e
1.2.3
++1
++1
1.2.3
1ee2
000.e
+
-
1e+
1e
++1
000.e
1e-
1e+
0e
1ee2
abc
0e
e10
1e-
+
1e
++1
0e
1ee2
-
1e-
abc
+
e10
1e-
1e-
.
--2
e10
1ee2
1ee2
1e
e10
1ee2
abc
1ee2
--2
000.e
1e
1ee2
e10
1e+
abc
++1
1e+
1e
.
-
1e-
1ee2
1.2.3
1e
1e+
1e+
++1
++1
.
+
1.2.3
1e
1.2.3
1ee2
-
.
1e+
1e-
++1
000.e
1.2.3
000.e
000.e
.
1e+
e10
-
0e
-
000.e
e10
.
--2
1e
0e
1ee2
1e+
1e
0e
1e
1ee2
.
0e
e10
1e+
--2
1.2.3
1e+
0e
+
--2
1e+
1e-
1ee2
1e+
abc
+
1e
-
-
e10
0e
e10
-
1e-
1.2.3
1ee2
abc
1e-
1ee2
1e-
1e-
0e
+
1e-
.
++1
0e
000.e
abc
0e
1.2.3
abc
1e
1.2.3
.
1e
abc
--2
0e
-
1e
+
-
-
--2
1ee2
1e+
++1
1e-
0e
e10
1e
++1
.
0e
.
e10
e10
--2
1ee2
1e+
1e-
abc
+
0e
.
++1
1e
1e
e10
abc
1e+
1ee2
1.2.3
-
1e
0e
1e-
abc
abc
1e-
--2
000.e
-
0e
++1
1e+
000.e
0e
1e+
-
e10
0e
1.2.3
--2
1ee2
abc
abc
1e-
1.2.3
abc
1e-
000.e
000.e
1.2.3
1e+
1e-
1ee2
1e-
.
++1
000.e
.
++1
1ee2
1e-
1.2.3
1.2.3
000.e
1ee2
1ee2
1ee2
.
abc
++1
++1
e10
0e
--2
000.e
e10
1e-
1ee2
0e
000.e
0e
1e+
1.2.3
1.2.3
000.e
-
000.e
-
1.2.3
++1
.
+
.
0e
+
.
000.e
1e
abc
e10
1e-
0e
e10
+
000.e
-
abc
-
e10
e10
.
1e-
abc
--2
0e
1e+
++1
1.2.3
1e-
1e+
1ee2
++1
+
1e+
++1
++1
.
0e
0e
abc
++1
0e
e10
abc
abc
e10
+
-
0e
abc
1e
1ee2
-
--2
-
1e+
000.e
1.2.3
-
+
0e
--2
-
.
+
-
1e+
-
--2
0e
1ee2
++1
abc
e10
0e
1e
abc
1e
000.e
-
000.e
000.e
+
1e-
000.e
0e
000.e
1e
+
-
1e-
1.2.3
1e+
+
.
1e+
+
1e+
1e+
1ee2
++1
++1
e10
.
abc
.
++1
-
1ee2
1e
++1
0e
-
.
0e
-
e10
++1
1.2.3
+
1ee2
0e
1ee2
1e+
1e
+
.
1e+
1e-
0e
.
+
.
-
+
++1
1ee2
0e
1e
1e+
.
000.e
.
++1
e10
--2
--2
e10
1ee2
++1
0e
-
.
+
-
--2
abc
000.e
0e
.
++1
e10
--2
1e
1ee2
.
1e
e10
1ee2
-
++1
1ee2
e10
1.2.3
1ee2
0e
1e-
1e
+
1e
+
1ee2
1e
1ee2
++1
--2
000.e
1.2.3
-
+
1ee2
--2
--2
++1
0e
1e-
0e
--2
abc
0e
1e+
000.e
-
1ee2
+
abc
1e-
0e
++1
e10
+
1e+
abc
e10
.
--2
000.e
1e-
e10
1e+
-
1e
1e-
0e
1e+
1e+
+
1e+
e10
1e+
1e-
1.2.3
++1
1ee2
e10
abc
abc
1ee2
1e-
abc
1e+
.
1ee2
e10
.
000.e
0e
1e+
000.e
1.2.3
++1
1ee2
.
e10
+
0e
++1
++1
0e
abc
000.e
1e-
++1
+
-
0e
1e+
1.2.3
abc
000.e
abc
abc
.
1ee2
--2
1.2.3
--2
abc
1e
.
-
e10
abc
0e
000.e
1e
.
1.2.3
1e+
-
1.2.3
1ee2
e10
1.2.3
abc
1e-
+
1ee2
+
.
1ee2
e10
0e
e10
0e
++1
1e-
1e-
0e
abc
++1
--2
1e-
e10
0e
0e
+
+
000.e
1e
1e
+
1.2.3
0e
1e+
1e
0e
++1
0e
--2
000.e
e10
++1
0e
1.2.3
1ee2
1ee2
1e+
1ee2
.
0e
abc
0e
1.2.3
0e
1e+
000.e
.
e10
+
++1
1.2.3
1.2.3
abc
++1
1ee2
1e
1e
++1
1.2.3
1ee2
1e
0e
abc
e10
1e-
1e
0e
e10
+
++1
000.e
+
abc
1e
000.e
1e
1e
0e
1e+
+
e10
1ee2
1e-
-
1e-
e10
e10
0e
-
+
--2
abc
000.e
++1
e10
-
1e+
abc
1.2.3
1ee2
1ee2
abc
1ee2
++1
000.e
1.2.3
-
abc
e10
1e
.
1e-
0e
1ee2
e10
1ee2
1e-
++1
-
1e+
1ee2
++1
-
1e
-
1e
1e-
1e-
e10
1.2.3
++1
++1
1ee2
++1
1.2.3
+
e10
--2
0e
0e
-
++1
1.2.3
000.e
1ee2
.
1e+
1ee2
-
1e-
1e+
.
1e+
000.e
0e
--2
.
1e-
1ee2
abc
1ee2
.
1e+
0e
000.e
1.2.3
1.2.3
1e
-
000.e
000.e
.
000.e
1e
++1
1e+
1e-
--2
e10
-
0e
1ee2
1ee2
000.e
++1
abc
1ee2
.
1.2.3
.
+
1.2.3
1.2.3
1e
1e+
1e-
0e
--2
.
++1
1ee2
e10
e10
+
000.e
1.2.3
1e-
0e
0e
abc
-
e10
0e
000.e
1ee2
0e
000.e
000.e
1.2.3
1e
e10
1.2.3
1e-
e10
0e
000.e
1e
1.2.3
--2
e10
.
1e+
1.2.3
0e
1.2.3
1e+
000.e
abc
.
1.2.3
abc
1e+
1e
1.2.3
1.2.3
+
000.e
1ee2
0e
0e
+
000.e
-
.
-
abc
+
000.e
000.e
abc
1e
1e
1e+
1e-
+
1.2.3
++1
-
+
.
0e
++1
++1
0e
++1
0e
abc
0e
+
1e
1.2.3
000.e
1e-
0e
000.e
1ee2
000.e
0e
1.2.3
-
+
1e-
1e-
1ee2
+
1e+
1ee2
++1
1e-
000.e
abc
-
1e+
+
1e+
e10
000.e
000.e
--2
0e
1ee2
-
--2
e10
1e
e10
+
++1
1.2.3
abc
0e
++1
.
.
-
1ee2
1.2.3
abc
e10
--2
abc
0e
e10
1.2.3
1e-
abc
1ee2
abc
e10
1e
.
000.e
1e+
000.e
000.e
1e+
e10
+
0e
e10
1e+
abc
0e
+
+
++1
+
-
-
0e
-
0e
.
++1
.
--2
0e
1ee2
1e+
1e
--2
+
1e-
1.2.3
1.2.3
1e+
1e+
1ee2
1.2.3
.
1e-
abc
1e+
-
1e
++1
-
1e+
1e-
1ee2
+
1.2.3
1e-
0e
+
1ee2
000.e
1ee2
0e
1e-
-
--2
--2
000.e
1e+
000.e
1e+
-
1ee2
0e
1e-
abc
1e
--2
abc
-
000.e
e10
1.2.3
1e+
1e-
0e
e10
++1
++1
1e-
1e-
1.2.3
1e+
000.e
1e-
0e
1e
1.2.3
++1
++1
1ee2
000.e
-
+
+
1e
--2
0e
1.2.3
e10
-
-
-
+
000.e
1e+
1e+
0e
1e
1.2.3
1.2.3
1ee2
-
000.e
e10
++1
abc
+
++1
000.e
000.e
-
--2
+
000.e
--2
--2
e10
--2
1e+
abc
--2
1e-
1e-
--2
++1
1ee2
000.e
1e+
++1
1e
0e
0e
000.e
1ee2
-
1.2.3
-
++1
000.e
1e+
abc
--2
abc
+
1e+
+
--2
0e
+
1e+
+
1e+
e10
1e+
1e
e10
abc
1e+
1e+
-
1e
000.e
-
+
--2
1e+
--2
--2
1ee2
--2
--2
1ee2
e10
1e-
1.2.3
-
1.2.3
1e+
0e
abc
0e
0e
-
1e
1ee2
1e
e10
e10
e10
.
abc
.
000.e
1e
0e
+
+
1e
000.e
1e
0e
1e
+
e10
abc
1.2.3
-
abc
1ee2
e10
1e-
-
1e
0e
000.e
-
1e+
.
000.e
000.e
.
e10
--2
.
0e
.
+
-
1.2.3
000.e
1.2.3
1ee2
0e
1e+
1ee2
1e+
+
1e-
.
1ee2
000.e
1ee2
--2
.
1e+
+
+
1e
--2
000.e
abc
0e
0e
e10
1.2.3
1.2.3
1.2.3
000.e
++1
--2
abc
1e+
1e
0e
1.2.3
1e-
--2
--2
--2
1e+
1e-
+
0e
abc
abc
e10
1e-
--2
1.2.3
000.e
.
1ee2
++1
1e
1e-
--2
1.2.3
1e
.
--2
1.2.3
1e
1.2.3
--2
++1
1ee2
+
.
-
.
1e+
-
.
1.2.3
e10
1e
1ee2
0e
+
-
+
+
--2
-
1e+
000.e
0e
--2
++1
++1
1e-
++1
1ee2
++1
1e+
1e-
1e
-
1e+
e10
1ee2
+
000.e
.
-
-
1e
e10
--2
abc
0e
-
1e+
1e-
--2
+
000.e
1e
1e+
1e+
000.e
1ee2
abc
1ee2
.
.
++1
.
--2
1e-
1.2.3
0e
--2
--2
abc
abc
1.2.3
1e+
.
++1
--2
++1
000.e
0e
1ee2
--2
e10
1e+
-
000.e
++1
0e
.
-
.
1.2.3
--2
1ee2
1e
0e
.
+
1e-
-
0e
++1
+
--2
.
1.2.3
.
000.e
abc
0e
.
+
1e
1e+
+
++1
1ee2
1e+
abc
1ee2
000.e
000.e
0e
1ee2
abc
+
0e
1e+
1e
e10
+
1e+
abc
1ee2
--2
--2
1e+
1ee2
.
abc
1e-
+
1e
abc
1.2.3
++1
--2
-
1e-
1.2.3
0e
0e
000.e
++1
--2
abc
0e
.
abc
1e+
.
.
000.e
1e-
1e
1e-
-
--2
abc
1e
1e
1e+
1e
e10
--2
1e-
--2
1e+
1ee2
.
++1
e10
abc
++1
000.e
0e
++1
1ee2
1.2.3
1e-
--2
1e-
1e
--2
++1
abc
000.e
1.2.3
1ee2
1e-
.
1ee2
1e-
-
000.e
abc
1e+
+
1e
1e
--2
0e
000.e
1e+
1.2.3
abc
1ee2
0e
--2
1e
000.e
1e
1ee2
e10
++1
.
abc
++1
++1
000.e
.
+
e10
1e-
--2
1.2.3
-
000.e
--2
--2
--2
1e-
0e
.
1ee2
1ee2
1e
--2
1e
1e-
+
000.e
1e
--2
1ee2
--2
1e+
1e+
--2
abc
+
1e-
1.2.3
1ee2
e10
1.2.3
1e
1e-
0e
1ee2
000.e
+
1e-
+
+
-
000.e
0e
1ee2
--2
--2
-
000.e
1.2.3
0e
+
e10
1e-
1.2.3
0e
++1
1e-
1e-
1e
1ee2
1ee2
.
1e-
e10
000.e
++1
1.2.3
-
--2
1e+
1.2.3
1e-
+
000.e
1e
1e
.
.
1e-
-
1e
abc
1e+
++1
0e
0e
+
1e
000.e
--2
1ee2
1.2.3
e10
e10
000.e
--2
1e+
-
--2
0e
++1
--2
1ee2
1e
1ee2
.
000.e
1e+
++1
abc
.
1e+
+
--2
+
+
.
+
1e
+
1e-
000.e
-
-
.
++1
e10
.
-
.
-
1ee2
1e
1e
1e+
++1
+
1e
--2
1e-
+
-
1.2.3
--2
1e-
1.2.3
1ee2
abc
e10
-
.
+
1ee2
1ee2
.
1ee2
e10
+
+
000.e
e10
0e
1e+
+
-
1ee2
e10
+
1e
+
-
1e-
000.e
1.2.3
++1
e10
--2
++1
1e
1ee2
1.2.3
1e-
0e
1.2.3
-
++1
abc
.
1e
abc
+
+
--2
1e+
.
+
1e
++1
++1
--2
1e+
.
1e-
0e
++1
e10
--2
1e
+
+
+
1e+
1e
--2
e10
abc
+
abc
e10
1ee2
1e+
1.2.3
0e
e10
1.2.3
1e-
1e-
000.e
1e+
1e+
1e
--2
000.e
000.e
e10
1ee2
1e-
e10
1e-
1e-
.
1e-
abc
++1
++1
-
.
1e+
++1
1e
1e
++1
1e+
1ee2
+
--2
1e-
000.e
+
+
1e
1e+
000.e
.
000.e
1e+
abc
e10
e10
++1
1e+
1e
+
1ee2
++1
--2
-
.
1.2.3
0e
1e
.
--2
1e
1e-
-
-
0e
+
+
e10
1e-
1e-
0e
++1
--2
1.2.3
1e
+
-
1e
-
e10
e10
0e
1e
--2
0e
e10
+
--2
abc
++1
.
1e-
1ee2
abc
--2
000.e
1e-
-
1e
+
--2
+
1.2.3
1e-
1.2.3
e10
1e-
000.e
1e
+
e10
--2
+
abc
1e+
1.2.3
.
-
1.2.3
--2
000.e
1e
000.e
abc
000.e
.
000.e
0e
+
abc
000.e
1.2.3
.
.
0e
e10
-
.
--2
+
abc
1e
-
1.2.3
e10
.
e10
1e+
++1
++1
1.2.3
0e
.
1e+
+
+
0e
1ee2
1e-
1e
0e
1.2.3
+
1e
000.e
+
.
1e-
e10
+
1e
0e
abc
.
+
e10
1e
e10
1e
000.e
1e+
-
1e+
++1
0e
0e
+
-
1e-
e10
+
0e
abc
0e
abc
1ee2
0e
000.e
1.2.3
1e
e10
e10
.
e10
1e
1.2.3
abc
+
1e-
1e
0e
e10
0e
1e-
1e-
1e+
abc
1e-
0e
1e+
--2
++1
e10
e10
000.e
--2
000.e
000.e
e10
1e-
++1
1e
1.2.3
1ee2
1e-
+
-
++1
1e
1e-
0e
0e
1e+
-
.
abc
0e
0e
1ee2
+
-
--2
++1
.
++1
1e+
1.2.3
000.e
+
-
1ee2
e10
0e
1ee2
1ee2
1.2.3
1e
abc
000.e
0e
0e
1e-
1ee2
1e+
1e-
++1
0e
--2
1e-
0e
++1
.
1.2.3
-
000.e
1e+
1ee2
1ee2
--2
1ee2
0e
1e
abc
1e+
-
+
abc
abc
++1
+
abc
1e
1e-
e10
0e
.
--2
1e-
1e-
1e
1e+
abc
1e
1.2.3
-
0e
--2
.
.
000.e
000.e
--2
abc
.
++1
000.e
1e+
1.2.3
abc
1e
1.2.3
1e+
1e
--2
e10
0e
++1
1ee2
e10
e10
-
-
1ee2
abc
+
e10
1e+
++1
1e-
1.2.3
000.e
+
1.2.3
--2
0e
000.e
000.e
1.2.3
1ee2
1e
e10
1e
1ee2
1.2.3
1e+
000.e
++1
.
0e
.
1e
++1
e10
1e-
1.2.3
.
1e
1.2.3
000.e
--2
++1
abc
abc
1e+
.
-
1ee2
--2
1e+
0e
++1
--2
000.e
++1
1e
1.2.3
1e+
++1
e10
1e+
1.2.3
--2
1e+
1.2.3
1e+
+
-
e10
1e+
+
e10
1ee2
1ee2
1e+
1.2.3
--2
abc
1ee2
--2
+
1.2.3
000.e
++1
1e+
abc
--2
1e+
--2
+
abc
1e
e10
--2
1e+
.
abc
1e
1.2.3
000.e
1.2.3
1ee2
1e+
000.e
1ee2
1e-
000.e
-
0e
1.2.3
--2
1.2.3
1e+
0e
+
1e+
000.e
-
1e+
++1
1e-
-
1e-
1.2.3
.
--2
abc
abc
-
1e-
.
+
++1
+
0e
0e
1e
e10
0e
.
+
0e
1ee2
e10
1e
1e
--2
1e-
.
1.2.3
--2
1e-
1e+
0e
+
-
1.2.3
0e
++1
abc
1.2.3
0e
abc
abc
1e-
000.e
1e-
1e-
e10
abc
--2
0e
1.2.3
000.e
e10
1e-
1.2.3
1e-
e10
-
+
--2
abc
++1
0e
-
1.2.3
+
000.e
abc
1ee2
++1
--2
0e
+
++1
1e-
1.2.3
++1
1e+
e10
000.e
abc
000.e
++1
0e
+
1e-
1e+
0e
+
1.2.3
.
abc
e10
-
-
++1
-
+
1e+
e10
e10
abc
++1
++1
.
1.2.3
000.e
1e
1ee2
e10
1.2.3
1e+
0e
--2
1.2.3
-
++1
1e-
-
++1
++1
1e+
abc
+
1e
1ee2
1e
abc
1e+
1e
1e
abc
--2
1e
000.e
.
1.2.3
abc
0e
000.e
e10
1.2.3
1.2.3
e10
1e+
++1
1e+
.
000.e
abc
++1
-
--2
0e
++1
000.e
abc
e10
.
1e
abc
1e+
0e
abc
--2
++1
++1
.
1e-
000.e
1e-
-
1e+
1e-
000.e
1ee2
1e+
abc
.
abc
-
1e+
0e
-
1.2.3
1e+
++1
-
1e-
++1
+
+
1ee2
.
.
1.2.3
-
--2
-
.
1ee2
1.2.3
1e-
e10
000.e
.
abc
+
1e
-
1.2.3
1e+
++1
--2
0e
-
1ee2
1e+
abc
abc
++1
1e+
abc
+
--2
++1
++1
--2
0e
1e+
++1
1.2.3
1e+
.
0e
1ee2
1ee2
.
--2
1e
1e
.
1e
--2
000.e
abc
0e
1e
+
++1
abc
.
1e-
abc
1e-
1e+
-
--2
-
000.e
++1
1e
+
.
1e-
000.e
-
000.e
1e-
1e-
++1
--2
000.e
abc
000.e
1.2.3
abc
1e-
1ee2
++1
0e
1e-
1.2.3
+
--2
abc
--2
.
.
0e
1e-
+
--2
-
000.e
++1
1.2.3
abc
--2
--2
.
1e-
abc
.
0e
+
e10
abc
abc
1e-
e10
.
+
++1
.
000.e
--2
-
1.2.3
000.e
e10
-
abc
-
1e-
000.e
1.2.3
1e+
1ee2
1e+
0e
1e-
1e
-
-
1e
-
+
1.2.3
1e
abc
1ee2
++1
1e+
000.e
.
--2
-
1ee2
1ee2
--2
++1
.
1.2.3
--2
1e-
-
-
abc
abc
000.e
000.e
e10
1e+
000.e
1ee2
e10
1e-
1ee2
e10
1ee2
000.e
1e
1e
1.2.3
1e-
1e-
1e
++1
0e
1e-
.
+
+
e10
--2
0e
000.e
.
++1
1.2.3
++1
abc
1.2.3
e10
--2
--2
-
+
+
1e-
1.2.3
1e-
1e-
1.2.3
1.2.3
1.2.3
1e
--2
.
e10
++1
++1
1e
1e
+
-
++1
1e-
.
++1
+
1.2.3
1ee2
1e+
-
1ee2
1e+
--2
++1
+
-
000.e
1.2.3
1ee2
1ee2
1e
1e+
1e
0e
1e-
1e
e10
1e
1e+
1ee2
e10
+
1e+
+
1e
1ee2
++1
--2
+
e10
000.e
1ee2
000.e
abc
0e
abc
.
1ee2
1e
1.2.3
000.e
++1
.
.
.
abc
1e+
1ee2
1e
000.e
+
+
++1
1e+
1e-
000.e
1e-
1e+
1.2.3
1e-
1e-
e10
1ee2
--2
+
++1
1.2.3
-
1ee2
1e
1e+
1.2.3
+
+
.
e10
1e-
1e-
1.2.3
-
e10
abc
0e
1e+
e10
1ee2
--2
1e+
0e
--2
1e+
.
.
0e
1e-
e10
000.e
--2
abc
1.2.3
abc
0e
1ee2
abc
++1
-
1.2.3
abc
0e
1e-
++1
1e-
abc
abc
1e-
0e
-
+
1.2.3
abc
+
--2
e10
e10
++1
1e
000.e
1.2.3
-
1e
1e
1e+
1.2.3
1e-
--2
1ee2
1.2.3
1e+
1e-
0e
--2
+
1ee2
+
0e
++1
1e-
abc
1e
--2
0e
-
1e-
1ee2
++1
--2
-
0e
abc
.
.
abc
1e
-
1.2.3
000.e
1.2.3
abc
++1
000.e
000.e
e10
.
1ee2
e10
--2
++1
--2
-
1ee2
0e
+
e10
1e
.
0e
e10
1e+
0e
++1
e10
1e+
abc
1ee2
1.2.3
1e
000.e
+
--2
1e+
--2
abc
1e-
000.e
--2
0e
-
1ee2
e10
1ee2
--2
e10
--2
1e-
000.e
0e
++1
++1
.
0e
1.2.3
+
.
--2
e10
0e
1e+
1.2.3
e10
1e-
.
e10
1.2.3
--2
+
+
1e
0e
+
.
1ee2
abc
.
1e-
1.2.3
++1
-
e10
1.2.3
.
1.2.3
1ee2
--2
1e-
000.e
1e+
1e
1ee2
1ee2
+
1e
1e+
1e-
1ee2
.
1e+
000.e
0e
++1
1e
1e-
1.2.3
0e
1e+
1e
000.e
1e
++1
e10
1e+
abc
1.2.3
1e
e10
1e+
1e
1ee2
-
1.2.3
1ee2
1e-
-
--2
--2
--2
abc
+
000.e
1e
0e
.
1ee2
e10
.
1e
0e
1e-
.
e10
1e+
1e
.
e10
1e+
000.e
1.2.3
.
1e+
++1
1ee2
0e
1e
1e
1e+
000.e
1e+
1e-
--2
1.2.3
1e
1e
0e
.
e10
000.e
--2
1ee2
1e
++1
+
+
abc
1e-
0e
e10
abc
1ee2
1ee2
--2
1.2.3
1e-
abc
-
1e-
1e
++1
e10
.
1e
1e
1.2.3
1ee2
1.2.3
1.2.3
++1
.
1e-
+
abc
1e+
000.e
0e
1.2.3
1e
abc
+
000.e
0e
1e
.
--2
-
e10
000.e
1ee2
1e-
1e+
1.2.3
000.e
0e
1e
1e
abc
1ee2
+
++1
+
0e
1e-
++1
1e+
--2
++1
1.2.3
1e
e10
0e
1e+
++1
000.e
1.2.3
1e+
++1
.
-
0e
--2
1.2.3
--2
1.2.3
000.e
1e-
--2
-
1e
1e-
1e
1ee2
1e
abc
+
.
-
--2
000.e
.
1ee2
--2
--2
abc
--2
e10
--2
++1
1e-
++1
e10
.
1ee2
1.2.3
1e
+
--2
000.e
--2
1e+
1.2.3
1e
000.e
1.2.3
1e+
--2
0e
1e-
1e+
1e+
e10
0e
1.2.3
-
0e
--2
--2
1e-
+
1e
-
--2
1e+
e10
1e
1ee2
e10
1e
1.2.3
0e
--2
1e+
1e
-
++1
-
000.e
0e
.
1e+
abc
abc
0e
-
.
1.2.3
0e
1.2.3
+
1e
1ee2
++1
000.e
.
1e+
1e
1ee2
1e-
+
1ee2
1e-
1e-
-
abc
1e-
000.e
+
0e
-
1.2.3
.
1e
1ee2
1e
+
-
+
e10
1e-
--2
abc
+
1ee2
.
e10
000.e
e10
abc
0e
1.2.3
0e
1.2.3
abc
--2
.
1ee2
000.e
.
1ee2
--2
1.2.3
-
0e
1e-
1e+
1ee2
e10
1e
--2
1e
000.e
--2
1e+
0e
+
abc
1e+
000.e
abc
000.e
1e+
1e
.
abc
1ee2
-
1e-
+
-
+
1ee2
e10
0e
0e
.
1e-
1e
abc
000.e
0e
1e
-
1e
1e-
1ee2
-
e10
abc
--2
000.e
1e+
1e-
.
--2
1e
000.e
-
--2
++1
000.e
abc
1e+
1e
1.2.3
-
1ee2
000.e
++1
1e
.
+
000.e
1ee2
0e
-
.
1e+
++1
1ee2
++1
1e
-
--2
000.e
--2
1e+
000.e
+
1e
abc
--2
1e-
1e-
-
1e
1e
1.2.3
e10
1e-
1e+
++1
-
++1
e10
1e-
1e+
1e+
e10
1.2.3
1.2.3
e10
000.e
+
+
1e+
abc
e10
e10
000.e
000.e
1ee2
000.e
--2
1e+
1ee2
--2
1.2.3
1e-
1e
1e+
.
.
1e-
e10
1e-
1e+
abc
1ee2
000.e
1ee2
.
--2
1e
0e
0e
++1
1.2.3
abc
-
+
.
.
e10
1e+
1e
0e
000.e
e10
+
1e-
1e-
.
1e
-
1e+
0e
--2
e10
1e-
-
+
.
.
-
1e
1.2.3
.
1.2.3
000.e
abc
.
-
e10
000.e
--2
.
1e-
-
1ee2
1.2.3
000.e
abc
++1
0e
.
.
+
.
.
+
1ee2
1e
-
.
e10
1e
1e
+
abc
1ee2
-
abc
e10
1e+
++1
0e
1e-
.
1.2.3
e10
-
1e
++1
1e+
++1
0e
abc
.
000.e
.
0e
-
1.2.3
1ee2
000.e
--2
e10
-
++1
e10
.
1.2.3
1e
--2
1ee2
++1
++1
e10
000.e
e10
1ee2
1.2.3
1ee2
-
000.e
1.2.3
1.2.3
0e
abc
000.e
0e
--2
.
1e-
-
++1
1.2.3
.
--2
1ee2
1e
-
1ee2
000.e
1.2.3
+
000.e
.
1.2.3
--2
1e-
1.2.3
.
--2
abc
000.e
e10
+
e10
1e
1e-
0e
1e
abc
0e
abc
000.e
000.e
1e
e10
.
1.2.3
+
--2
.
-
abc
++1
000.e
0e
1e
+
1e
e10
1ee2
e10
--2
0e
-
.
++1
--2
1e-
abc
1.2.3
1e
e10
-
1ee2
++1
+
1ee2
--2
-
abc
1e+
--2
--2
1e-
0e
++1
.
1ee2
e10
e10
1ee2
e10
1e
1.2.3
.
--2
abc
e10
++1
.
++1
1.2.3
1ee2
--2
--2
0e
abc
1e-
-
e10
000.e
e10
000.e
abc
1.2.3
1ee2
.
1e+
++1
0e
.
1e
abc
-
1e-
e10
abc
1e-
e10
-
-
0e
1e
1ee2
.
abc
-
1ee2
++1
++1
000.e
.
000.e
e10
1.2.3
e10
e10
000.e
1e
+
1ee2
.
.
--2
-
+
--2
1e-
-
+
-
1e+
1e
abc
abc
abc
.
1e-
1e
e10
abc
--2
.
+
e10
abc
1.2.3
000.e
--2
0e
000.e
1.2.3
1.2.3
abc
1e
1e+
0e
1.2.3
abc
+
000.e
1e+
1ee2
.
.
1e-
000.e
1ee2
abc
++1
1.2.3
1.2.3
+
1e
1e+
0e
000.e
1e-
e10
1ee2
1e-
-
1e+
e10
e10
1e-
++1
e10
--2
++1
abc
1e-
0e
1.2.3
+
--2
1e+
1e
1ee2
+
1e
--2
1ee2
1e+
abc
+
+
e10
1e+
+
.
e10
+
1e-
+
++1
1.2.3
000.e
--2
-
.
1ee2
e10
e10
--2
1ee2
+
0e
--2
+
1e+
e10
--2
+
000.e
.
1e+
+
1e+
+
.
.
1.2.3
1e+
++1
+
1e-
.
0e
0e
--2
--2
1.2.3
abc
--2
1e
.
1.2.3
1e
1e+
abc
1e-
0e
-
1e
++1
.
+
++1
1ee2
000.e
1.2.3
--2
.
abc
-
+
+
.
1.2.3
abc
++1
++1
0e
-
.
+
1e-
1e+
++1
.
1e+
1e-
.
abc
+
0e
1ee2
-
+
--2
1e
1e-
1e+
++1
-
1ee2
000.e
e10
.
1e-
--2
abc
-
1e
1ee2
1e-
--2
1e+
++1
000.e
0e
1e
1.2.3
abc
abc
+
1e+
abc
+
000.e
.
e10
.
abc
.
1e
0e
1ee2
1.2.3
--2
e10
1e+
abc
1ee2
+
1.2.3
--2
.
1e+
+
1e+
1e-
0e
abc
1.2.3
abc
1ee2
--2
.
1.2.3
++1
--2
1ee2
.
000.e
.
1e+
--2
0e
abc
1.2.3
1.2.3
1.2.3
0e
+
1e
+
--2
1e+
1.2.3
1.2.3
0e
-
+
e10
1e+
0e
1e+
++1
1e+
1e+
e10
+
0e
.
1e
1ee2
++1
1ee2
+
++1
1ee2
-
e10
--2
1e-
1e+
++1
0e
1ee2
--2
.
abc
e10
+
++1
+
0e
1.2.3
1e+
1e
1.2.3
1e-
1ee2
0e
1e-
1e-
--2
000.e
abc
abc
1e-
0e
+
e10
e10
1e-
0e
000.e
+
1ee2
1ee2
e10
1.2.3
abc
-
1e
++1
1e-
1e-
-
1.2.3
1.2.3
-
-
1.2.3
1.2.3
1ee2
1.2.3
1e
1e
1e
0e
0e
abc
e10
1.2.3
-
1e+
1.2.3
1ee2
e10
1.2.3
++1
++1
1e+
000.e
e10
e10
1ee2
0e
e10
1e
++1
.
e10
abc
1.2.3
.
1.2.3
.
e10
+
1.2.3
--2
e10
1e+
++1
abc
-
000.e
0e
1ee2
abc
1e-
0e
--2
e10
1e-
1e-
1e+
--2
+
1ee2
--2
+
--2
+
1ee2
000.e
1e-
1.2.3
e10
000.e
1.2.3
1e-
abc
1ee2
e10
1ee2
1e-
1e
-
1e-
1e
000.e
1.2.3
.
-
1.2.3
000.e
abc
000.e
abc
1.2.3
1.2.3
0e
abc
000.e
1.2.3
abc
--2
1ee2
1.2.3
0e
0e
--2
1ee2
1e+
--2
abc
++1
+
-
--2
1e-
+
000.e
1e+
0e
000.e
++1
e10
++1
1e-
+
-
-
abc
1e
++1
--2
000.e
1e
-
e10
-
+
1e+
-
--2
1e
e10
.
--2
+
.
000.e
-
+
.
000.e
e10
000.e
1.2.3
1.2.3
1ee2
abc
abc
1e-
1e-
1e
1e-
+
1e-
abc
000.e
++1
.
1e+
1e
-
-
-
0e
++1
++1
++1
.
-
++1
+
abc
1ee2
000.e
1ee2
.
1e
000.e
1e-
1e-
+
1e+
1.2.3
e10
1.2.3
1.2.3
--2
1e+
1e-
1e
--2
1.2.3
.
e10
--2
.
e10
1.2.3
+
abc
++1
1e-
1e+
--2
1e
1e+
+
000.e
1ee2
1e+
1ee2
-
1e
abc
-
+
1e-
1ee2
1e-
.
-
e10
1e-
1e+
-
abc
000.e
.
1e+
1e+
000.e
-
e10
++1
.
e10
.
1e
000.e
++1
-
.
++1
--2
1e+
000.e
abc
e10
++1
.
1.2.3
1e-
1e
1e
1.2.3
1ee2
++1
.
1.2.3
.
+
e10
--2
1.2.3
+
1e+
1e-
1e
-
1ee2
0e
000.e
.
.
1e
--2
000.e
1ee2
+
1e-
abc
abc
000.e
--2
1e
1e
1ee2
++1
1e
+
--2
e10
e10
+
-
+
1.2.3
++1
-
1e
1e-
+
1e
1ee2
1.2.3
0e
e10
++1
0e
e10
++1
-
abc
.
abc
0e
1e-
.
0e
1.2.3
e10
1e
--2
1e+
++1
1ee2
e10
--2
++1
--2
+
++1
++1
e10
abc
1e+
1ee2
000.e
1ee2
e10
++1
1.2.3
-
1.2.3
1e+
++1
--2
abc
0e
1ee2
--2
.
--2
-
.
e10
1e+
1e
+
1e-
1e-
e10
1.2.3
+
1e+
--2
++1
--2
.
1.2.3
1e
e10
1.2.3
++1
--2
1e
--2
000.e
e10
1e+
1e-
1ee2
000.e
abc
1ee2
1e
000.e
--2
1e
000.e
-
0e
1e+
1e
++1
0e
++1
1.2.3
1ee2
1.2.3
1.2.3
1e
+
-
000.e
.
1e-
abc
--2
1.2.3
1.2.3
abc
.
1e-
-
1e-
+
000.e
-
1e-
1e+
e10
.
--2
-
.
1ee2
1e+
1ee2
1ee2
000.e
++1
+
.
+
1ee2
--2
1e
e10
.
1e-
1ee2
++1
1ee2
1.2.3
1ee2
.
1ee2
.
1.2.3
+
0e
1.2.3
000.e
0e
0e
--2
e10
+
0e
1e
1e+
+
--2
.
000.e
e10
abc
000.e
-
-
000.e
--2
.
-
1e-
1.2.3
1.2.3
.
e10
abc
000.e
1e
1e+
1ee2
e10
-
1.2.3
1ee2
++1
1e
1ee2
--2
+
1e+
e10
++1
++1
1e-
--2
abc
+
1e
--2
1.2.3
1ee2
0e
1e-
1e-
1ee2
000.e
1e+
1.2.3
--2
+
e10
-
0e
abc
1.2.3
0e
++1
1ee2
0e
1e-
abc
+
1e-
1e
1e-
e10
++1
0e
000.e
1ee2
abc
.
0e
-
000.e
.
--2
e10
000.e
++1
+
++1
0e
abc
abc
++1
000.e
++1
1.2.3
1e
abc
abc
--2
abc
--2
-
+
1.2.3
abc
--2
000.e
-
000.e
e10
e10
1.2.3
-
++1
1e-
1.2.3
+
1e-
+
abc
1ee2
++1
1ee2
1ee2
1ee2
0e
++1
+
.
1e+
e10
1.2.3
1e+
1e+
1e+
++1
-
1e
e10
1e+
000.e
1.2.3
e10
1e
1.2.3
1.2.3
000.e
abc
abc
++1
1e-
000.e
.
000.e
1e
-
1.2.3
1.2.3
1.2.3
abc
.
.
++1
1ee2
abc
1e-
.
0e
0e
1e+
000.e
1.2.3
1e
.
abc
1e+
--2
e10
-
000.e
1.2.3
++1
--2
1e+
.
1ee2
abc
++1
1.2.3
-
e10
+
abc
-
abc
+
1e-
e10
000.e
1.2.3
.
abc
--2
1e+
1e
1e+
e10
--2
--2
1e
.
1ee2
e10
-
abc
1e+
.
++1
000.e
000.e
e10
++1
++1
--2
e10
1.2.3
abc
0e
abc
1ee2
abc
1e-
abc
0e
000.e
0e
1.2.3
--2
1e
0e
000.e
+
+
-
1e-
++1
1.2.3
1e-
.
.
1ee2
1e-
1e-
.
-
++1
+
.
-
0e
0e
1.2.3
1.2.3
+
1e-
1e+
1ee2
0e
1e+
1e+
1ee2
+
e10
1e
-
000.e
e10
1e+
1e-
e10
1e-
1e
++1
.
0e
0e
1.2.3
0e
.
++1
++1
000.e
1e+
0e
.
000.e
1ee2
--2
1e
-
000.e
--2
1e-
1e-
1e-
-
1ee2
abc
1e+
000.e
1e+
++1
abc
abc
--2
1.2.3
1ee2
1ee2
1e
1.2.3
0e
++1
e10
abc
++1
1e+
0e
1e
--2
0e
-
0e
e10
e10
e10
0e
++1
0e
e10
-
1e+
1ee2
1e
000.e
000.e
.
1e+
1ee2
abc
1ee2
+
+
1e+
1e
e10
1e
+
1.2.3
1e
1e+
1ee2
++1
0e
1e+
000.e
abc
e10
1e-
1e+
1e
abc
1e
.
++1
--2
1e-
1e-
1ee2
1ee2
1e+
0e
0e
1ee2
--2
-
.
000.e
1e-
abc
1e+
1e
-
-
++1
e10
1e+
+
.
++1
e10
-
1.2.3
+
1ee2
+
e10
1ee2
.
0e
e10
1e
e10
--2
1ee2
1e
0e
++1
1ee2
e10
abc
.
000.e
000.e
1e+
--2
1ee2
--2
1e
--2
.
+
e10
000.e
1e
abc
abc
1e-
+
1e
0e
0e
1e+
e10
1e
0e
.
1e-
0e
0e
1e+
1.2.3
.
.
e10
--2
1.2.3
-
1.2.3
--2
-
000.e
abc
-
+
abc
-
000.e
0e
++1
1e-
abc
0e
.
e10
--2
e10
+
+
1e+
1e
1e+
1ee2
000.e
1.2.3
1.2.3
1e
1.2.3
000.e
+
abc
000.e
+
-
++1
1e
+
.
+
1e-
--2
1e+
1e
.
1e-
1e+
1e
1e
e10
1e
+
000.e
++1
.
--2
000.e
000.e
000.e
++1
1ee2
000.e
e10
1e+
-
1ee2
.
-
++1
000.e
+
1e+
1e-
1.2.3
000.e
1ee2
-
0e
1e+
++1
1e
1.2.3
-
1.2.3
1e-
++1
0e
--2
+
--2
1e+
000.e
.
1e-
1e-
1ee2
000.e
1e-
1e+
+
1.2.3
+
0e
000.e
1ee2
000.e
-
.
000.e
1e+
1ee2
+
+
.
1e-
1e
000.e
000.e
000.e
-
+
1.2.3
abc
0e
e10
e10
.
000.e
1.2.3
+
abc
abc
--2
abc
abc
.
1e-
++1
abc
e10
1e-
++1
-
1ee2
abc
1e-
0e
1.2.3
1.2.3
0e
1.2.3
1e+
++1
1e+
.
0e
--2
1e-
1e+
000.e
1ee2
1e
1.2.3
e10
++1
e10
+
0e
0e
1e
abc
1e+
abc
000.e
1e+
abc
000.e
1e-
++1
--2
1e
1ee2
-
000.e
000.e
1e-
1e
1e
+
0e
1e-
e10
abc
0e
e10
--2
e10
-
e10
1e
-
++1
e10
0e
1e+
1e+
000.e
.
abc
1e-
000.e
+
1e-
1ee2
++1
abc
++1
1.2.3
-
e10
1e+
1e+
000.e
1e+
-
0e
abc
.
0e
-
--2
000.e
abc
1e-
1e-
-
1e+
+
++1
0e
++1
++1
0e
000.e
++1
--2
1e
e10
0e
1ee2
abc
000.e
+
1e
.
1e+
.
--2
++1
++1
abc
1e+
1.2.3
1e+
1e
1e+
000.e
e10
++1
000.e
1ee2
000.e
abc
1e
+
.
abc
0e
-
.
++1
abc
--2
.
000.e
000.e
1ee2
1e+
abc
abc
0e
-
1e
1e-
0e
1e-
--2
000.e
+
1e-
-
1e+
1.2.3
+
1.2.3
e10
1.2.3
1.2.3
1e-
1e-
++1
-
1ee2
1.2.3
1ee2
abc
1ee2
000.e
1e+
+
1e
000.e
000.e
++1
1e+
1.2.3
e10
1e-
++1
.
1.2.3
1.2.3
1.2.3
e10
1e-
1e+
1.2.3
-
abc
++1
--2
0e
.
+
--2
1e+
++1
000.e
000.e
0e
1e+
.
abc
--2
1.2.3
-
1.2.3
e10
--2
1e-
.
1ee2
000.e
1e-
1e-
000.e
--2
++1
e10
--2
e10
1ee2
1e-
000.e
--2
-
1e
000.e
e10
e10
1.2.3
1ee2
1e-
1.2.3
1e-
1e+
0e
000.e
1e-
--2
0e
1e+
000.e
1ee2
1e+
1e+
.
000.e
1e-
-
1.2.3
.
1e-
.
++1
e10
1e-
0e
1e
++1
.
1e-
+
abc
1e+
1e
0e
0e
0e
abc
000.e
000.e
0e
1e
e10
--2
e10
1e+
1ee2
.
abc
1e
abc
+
-
-
+
--2
1e
.
+
--2
1e+
+
abc
abc
-
1e+
1e-
1e+
+
.
0e
abc
1e
0e
0e
1.2.3
000.e
1e-
1ee2
abc
1e-
.
++1
++1
1e
000.e
.
.
++1
000.e
+
e10
.
.
abc
000.e
+
1e+
-
++1
--2
1ee2
1e-
000.e
1ee2
-
1.2.3
abc
0e
1e
e10
--2
-
000.e
1e+
abc
0e
-
++1
0e
++1
1ee2
e10
1ee2
1.2.3
0e
1.2.3
1.2.3
abc
1ee2
000.e
e10
-
1e+
.
++1
0e
1e
1e
-
1ee2
+
1e
1.2.3
000.e
e10
--2
--2
.
1ee2
abc
+
abc
1e
--2
1ee2
1e-
1e
000.e
e10
0e
-
1e
e10
e10
-
1.2.3
1e+
abc
1e-
1e
--2
.
.
1e+
--2
abc
abc
--2
1e
1e-
1e
1ee2
0e
1ee2
1e
-
abc
0e
++1
abc
0e
++1
1e
1.2.3
+
+
abc
e10
-
++1
1.2.3
000.e
+
-
1e-
1e
1e+
+
1.2.3
.
000.e
0e
--2
-
-
--2
.
++1
+
1e-
++1
abc
1e-
abc
1e-
1.2.3
-
000.e
--2
1.2.3
1e
0e
1.2.3
1e-
1ee2
++1
1.2.3
++1
++1
.
e10
-
+
--2
1e
e10
++1
1ee2
1e
0e
1e+
000.e
000.e
000.e
abc
.
+
-
0e
e10
000.e
1e+
0e
000.e
-
0e
1.2.3
-
++1
1ee2
1e
-
abc
1e-
.
-
.
--2
1e+
000.e
++1
+
1ee2
--2
--2
1e-
.
++1
1.2.3
0e
+
0e
+
1e
abc
abc
.
++1
e10
++1
1e-
-
1.2.3
+
+
--2
.
-
--2
1ee2
abc
++1
e10
-
000.e
+
1ee2
.
1.2.3
-
000.e
1ee2
++1
000.e
e10
1e-
.
abc
++1
1ee2
.
.
e10
0e
+
000.e
+
1ee2
1ee2
--2
1ee2
1e
1e
--2
1e
1e
--2
1e
000.e
1ee2
000.e
.
e10
abc
abc
1e-
0e
1e
1.2.3
1e+
-
1e
-
.
e10
+
1e
-
--2
000.e
1e
.
e10
.
++1
++1
1e+
+
++1
--2
--2
-
e10
e10
1e
1e
1ee2
e10
--2
1.2.3
000.e
1e+
1ee2
1e
1.2.3
1e-
1ee2
1e-
1e
1e-
e10
1e+
abc
000.e
abc
++1
e10
1e
++1
1ee2
.
++1
1.2.3
1e
-
.
1e
-
++1
--2
e10
1e+
e10
--2
000.e
+
e10
1ee2
1e
.
abc
++1
--2
1e
1e+
++1
1ee2
++1
abc
++1
++1
1e+
1e
abc
++1
++1
e10
.
.
e10
++1
1e+
1.2.3
1e+
e10
000.e
0e
++1
0e
0e
-
e10
1e-
++1
e10
1e
1e-
-
1e
1.2.3
1ee2
0e
0e
.
0e
1.2.3
abc
+
+
--2
--2
1e+
--2
000.e
1ee2
1ee2
1e
--2
000.e
000.e
1ee2
abc
-
+
1e
abc
++1
+
e10
--2
+
e10
--2
+
1e
.
.
.
abc
1e
1e+
1.2.3
-
1e+
000.e
1.2.3
1e
-
--2
1.2.3
e10
++1
1ee2
1e-
e10
1.2.3
1e+
000.e
e10
0e
1ee2
abc
+
.
-
++1
0e
000.e
abc
1e+
1.2.3
1e
.
1.2.3
1.2.3
1e
++1
+
--2
++1
++1
0e
e10
1e
.
0e
1e
abc
abc
+
000.e
e10
+
.
++1
1e+
+
0e
1.2.3
000.e
1e-
1e-
abc
1e-
1e
1e+
0e
abc
-
abc
+
abc
1e
e10
e10
.
abc
.
-
1.2.3
000.e
abc
++1
1e-
000.e
1e+
--2
0e
+
1ee2
e10
+
1e+
1e
abc
e10
1.2.3
1e-
000.e
--2
.
0e
1.2.3
1e
000.e
-
-
0e
e10
--2
e10
++1
1ee2
0e
.
1e
0e
1e
1ee2
-
000.e
1e+
.
1ee2
--2
1.2.3
abc
--2
1.2.3
abc
1ee2
1e+
--2
1e
1e
e10
++1
1e
1e+
1e-
1e+
e10
1ee2
000.e
+
1ee2
--2
000.e
1ee2
--2
+
--2
e10
000.e
1.2.3
000.e
--2
--2
--2
0e
.
1ee2
--2
+
1ee2
-
1e+
1e-
0e
+
++1
+
1e+
+
1.2.3
.
1e
++1
0e
-
+
000.e
000.e
e10
1ee2
000.e
1.2.3
1ee2
0e
++1
+
1ee2
abc
1ee2
0e
1.2.3
abc
e10
++1
1e
1ee2
abc
++1
--2
1ee2
--2
--2
.
.
-
.
000.e
1.2.3
1e
1ee2
abc
++1
0e
+
1e+
e10
1e
abc
1.2.3
.
--2
-
1e+
abc
1e
++1
1e
1e-
0e
1e+
.
+
1ee2
1e-
e10
1ee2
+
.
-
1.2.3
--2
e10
000.e
1ee2
--2
.
+
+
1e
--2
e10
000.e
-
1ee2
++1
abc
1e-
--2
--2
1e+
1e-
--2
1e
--2
0e
1.2.3
000.e
1.2.3
-
-
-
e10
1ee2
1e
-
1.2.3
++1
1e+
1ee2
000.e
1e
-
.
abc
1e
0e
0e
1.2.3
.
1e-
++1
e10
+
.
000.e
1e
1.2.3
-
1e
++1
+
.
1e
abc
-
0e
1e+
1.2.3
e10
--2
+
000.e
1e
1ee2
e10
.
e10
1e+
000.e
1e+
e10
1.2.3
000.e
.
1e-
abc
000.e
0e
abc
1.2.3
1ee2
.
1ee2
+
.
1e-
1.2.3
1e+
-
1ee2
1e
+
1.2.3
1ee2
1e+
.
1e
0e
++1
0e
1e+
1ee2
000.e
1e+
1e+
0e
-
abc
1e+
.
1e-
-
abc
--2
1ee2
+
1e+
--2
1ee2
--2
++1
1e-
abc
+
1e-
1e
1e+
1e
1e+
e10
0e
e10
1e
+
.
abc
-
1e-
++1
abc
0e
+
++1
+
-
++1
000.e
+
e10
1e+
1ee2
1.2.3
e10
abc
-
--2
-
1ee2
+
abc
.
1ee2
e10
1e-
1e-
+
-
0e
1e-
++1
1e-
1e
1ee2
--2
1.2.3
1ee2
+
abc
1ee2
e10
+
abc
0e
1e+
-
1.2.3
.
1ee2
1ee2
--2
1e-
-
1.2.3
--2
--2
1e
-
e10
++1
1e
1ee2
1e+
+
1e-
.
1.2.3
000.e
-
++1
e10
1e-
.
1e-
.
000.e
.
1e-
1.2.3
e10
1e+
-
-
1e
e10
+
000.e
.
--2
e10
0e
000.e
e10
1e
1e+
1.2.3
e10
++1
e10
1ee2
000.e
--2
000.e
1e+
abc
000.e
-
1e+
-
.
+
1e-
1ee2
1e
-
++1
-
1e-
1.2.3
1.2.3
+
1ee2
+
+
.
++1
000.e
++1
++1
.
++1
1e
000.e
0e
abc
000.e
1ee2
1ee2
0e
abc
e10
-
+
1e+
abc
0e
.
1e-
+
1e+
++1
1e-
0e
abc
abc
0e
1.2.3
--2
1.2.3
+
-
--2
.
.
+
e10
000.e
0e
--2
e10
1e
.
-
e10
000.e
0e
++1
abc
1e-
++1
1e
1ee2
e10
++1
-
abc
1.2.3
abc
.
000.e
0e
1ee2
1e+
+
0e
++1
--2
++1
abc
0e
+
1ee2
--2
1e-
-
1ee2
000.e
+
--2
+
e10
abc
-
--2
0e
1.2.3
e10
.
1ee2
1e+
e10
1ee2
+
000.e
1ee2
1e+
1e
000.e
.
1e-
--2
1e+
0e
1e+
1.2.3
abc
.
--2
+
.
abc
1e+
e10
++1
1ee2
1e
1e+
e10
-
-
1ee2
.
1e+
1.2.3
1e
-
1ee2
1e+
1ee2
0e
++1
1ee2
1.2.3
--2
--2
e10
1.2.3
+
1e-
0e
+
++1
+
++1
000.e
0e
1e+
1.2.3
000.e
--2
1ee2
000.e
1.2.3
1ee2
1e
000.e
e10
1e+
--2
1ee2
.
1.2.3
abc
abc
1e+
0e
+
e10
1.2.3
1e+
1.2.3
000.e
e10
1ee2
.
++1
.
-
abc
-
e10
1e+
-
-
abc
1.2.3
.
1.2.3
e10
1.2.3
1ee2
--2
1ee2
e10
++1
++1
1e
1.2.3
.
1e
++1
abc
-
000.e
1.2.3
1ee2
1e+
++1
0e
1e-
-
1ee2
000.e
1e-
e10
1.2.3
1e
1ee2
--2
1e
.
+
000.e
abc
++1
abc
abc
1e
+
e10
1e+
1e+
e10
1e
++1
1ee2
1e
1.2.3
1e
--2
1ee2
.
1.2.3
++1
-
e10
1ee2
++1
1e+
1ee2
+
-
--2
1e-
.
1ee2
-
000.e
0e
--2
000.e
e10
++1
1e
000.e
++1
1e+
000.e
1e-
--2
abc
1e+
-
1e
.
1.2.3
1e+
-
e10
abc
1.2.3
1e-
e10
--2
abc
+
0e
1e-
.
1ee2
1e
1e
1.2.3
abc
e10
abc
.
1e
1e-
1e+
-
1.2.3
000.e
--2
e10
abc
e10
1ee2
1e
1e+
--2
1.2.3
--2
e10
000.e
--2
.
1ee2
++1
1e-
1e+
1.2.3
0e
1e
++1
1e-
1e+
++1
000.e
1ee2
1.2.3
1e-
abc
++1
1e+
e10
-
abc
1e+
abc
1.2.3
1e-
abc
+
1.2.3
1e
1.2.3
e10
--2
1e
abc
-
1e+
-
1ee2
1.2.3
1.2.3
--2
1e
000.e
.
--2
abc
000.e
1ee2
e10
1e-
+
0e
e10
++1
1e
++1
1ee2
.
1e
+
1.2.3
--2
000.e
e10
1e-
e10
e10
.
.
abc
1.2.3
-
e10
++1
1.2.3
1ee2
-
0e
e10
e10
-
--2
1ee2
1e-
1e+
+
abc
1ee2
--2
000.e
0e
1e
1e
++1
1ee2
1ee2
000.e
.
1e-
-
1.2.3
.
1e-
++1
abc
e10
.
1e
000.e
--2
1.2.3
1e-
1e+
1e+
e10
1e
abc
1.2.3
-
+
1.2.3
1.2.3
-
++1
.
1.2.3
++1
1e
-
1e+
000.e
++1
.
.
1.2.3
.
.
1.2.3
1e
1e
1e-
.
-
-
1ee2
1.2.3
-
e10
1e-
--2
abc
e10
000.e
000.e
abc
1e+
.
1e+
.
e10
1ee2
1e+
1.2.3
e10
000.e
++1
000.e
1.2.3
1e+
abc
000.e
e10
e10
0e
.
--2
+
--2
1e+
.
0e
abc
.
1.2.3
1ee2
e10
.
1e-
1ee2
+
1e
1e+
1ee2
-
1ee2
-
1.2.3
abc
.
--2
+
1e+
1e-
0e
++1
e10
.
abc
1e-
++1
1e-
+
1e+
e10
1e+
+
1e
.
1ee2
--2
--2
++1
1e
.
+
1e-
+
--2
abc
--2
0e
1.2.3
000.e
abc
1.2.3
1ee2
+
1e+
1e+
e10
++1
.
1ee2
1.2.3
e10
0e
1e
.
000.e
abc
+
e10
1.2.3
0e
--2
1e
-
-
++1
1e+
1e
abc
1ee2
1e+
1.2.3
--2
1e-
++1
0e
+
0e
1e
abc
+
++1
1e-
-
--2
+
-
1ee2
--2
000.e
--2
1e-
0e
1e-
1e
000.e
1e+
000.e
1ee2
--2
+
1.2.3
1e-
1e+
++1
+
1e+
.
++1
.
1ee2
000.e
.
1e
e10
+
--2
1e
++1
0e
.
1e+
1e-
-
1.2.3
1e-
1ee2
1e+
000.e
1ee2
--2
abc
e10
--2
1e
1.2.3
1e+
++1
0e
abc
.
abc
-
0e
0e
1e
-
1ee2
+
1e
+
1.2.3
1.2.3
--2
1e
0e
1ee2
++1
--2
1e-
--2
--2
abc
000.e
1ee2
e10
0e
abc
1e
--2
0e
abc
000.e
1e-
e10
abc
.
-
+
1e
--2
++1
-
e10
abc
1ee2
1ee2
e10
1e
0e
1e
abc
1e
++1
++1
1e-
e10
1.2.3
1e
1e
1.2.3
1e+
000.e
--2
.
abc
+
abc
-
.
1ee2
e10
000.e
-
--2
1e
1.2.3
1ee2
--2
1e
abc
++1
e10
--2
1.2.3
+
e10
+
abc
1e+
+
abc
e10
1e
+
-
1ee2
0e
+
+
+
+
1e
1ee2
--2
--2
abc
--2
1e-
1.2.3
+
0e
1e-
abc
abc
0e
+
--2
1ee2
e10
e10
+
e10
-
1ee2
1e
1e-
+
1e-
1.2.3
1ee2
1e-
abc
1e
1.2.3
0e
1e+
abc
1.2.3
1e
abc
1e-
+
abc
1.2.3
000.e
1e+
1e-
+
1ee2
1e
++1
1ee2
1.2.3
-
1.2.3
1ee2
++1
1e+
e10
1ee2
e10
1e-
abc
1e
1.2.3
-
-
0e
1e
1e-
1.2.3
-
.
--2
-
1e+
-
1e
abc
1.2.3
1e-
abc
1e-
1.2.3
1.2.3
+
000.e
.
+
e10
1e-
abc
000.e
-
--2
1ee2
e10
1e-
+
000.e
1e
0e
0e
1ee2
e10
1e+
e10
.
0e
+
1.2.3
1ee2
1ee2
1e-
++1
000.e
-
e10
.
+
1e-
000.e
abc
--2
1e-
e10
0e
0e
1e
++1
1ee2
e10
1.2.3
abc
--2
--2
1e-
-
1e+
1.2.3
1.2.3
000.e
+
abc
1e
1e+
1ee2
1.2.3
1e+
+
1e
e10
1ee2
.
+
1ee2
++1
abc
.
++1
+
++1
abc
--2
0e
+
1.2.3
1.2.3
1.2.3
1e+
e10
--2
1e
1.2.3
1ee2
1e-
.
0e
--2
-
0e
--2
1e-
abc
abc
-
abc
abc
1e-
-
+
0e
-
1e+
++1
000.e
1e+
1.2.3
1e
--2
1e
.
e10
0e
abc
000.e
+
0e
1e-
.
1e+
1.2.3
e10
e10
.
000.e
000.e
+
1e
1e-
1ee2
1.2.3
1e
--2
--2
+
0e
-
1e
--2
000.e
1e
.
000.e
000.e
abc
1e
1e+
--2
e10
.
--2
1e+
1e+
-
000.e
+
1e-
abc
1e-
1e
e10
1e+
++1
1e-
abc
.
000.e
1e
-
1.2.3
1e+
abc
1e
-
1e
e10
0e
1.2.3
--2
abc
+
1e+
--2
000.e
000.e
1ee2
++1
000.e
--2
.
000.e
abc
e10
1e-
1e+
1e
1e
--2
e10
abc
-
1e+
++1
--2
0e
++1
1e-
.
-
1e-
e10
1.2.3
1e
abc
++1
e10
e10
abc
1e-
.
1ee2
++1
-
1e-
e10
++1
000.e
e10
.
1e+
.
000.e
1e-
000.e
-
++1
++1
e10
1e+
e10
1e-
+
abc
1.2.3
1e-
0e
0e
1e-
1e+
e10
0e
000.e
000.e
--2
1e-
0e
-
1ee2
1e-
000.e
--2
++1
--2
0e
++1
--2
1e+
1e
1e-
1ee2
abc
1e-
.
1e
++1
++1
0e
+
1e-
1.2.3
1ee2
1ee2
000.e
000.e
1ee2
.
1.2.3
1e
1e+
abc
+
1e
-
1ee2
-
++1
+
abc
-
1e
e10
1e
1ee2
abc
1e
1ee2
e10
-
1.2.3
1e+
1ee2
000.e
1e+
0e
0e
1e+
--2
1ee2
1.2.3
1e
.
1.2.3
000.e
1ee2
--2
abc
abc
+
.
--2
1e-
000.e
-
1.2.3
1.2.3
++1
+
.
e10
++1
abc
1e-
1ee2
1e
++1
+
1ee2
0e
.
--2
1e+
+
-
1e+
abc
+
000.e
e10
1e
+
++1
++1
abc
++1
000.e
1e-
e10
-
.
1e-
000.e
e10
.
++1
-
e10
1e+
000.e
1e-
1.2.3
.
1e+
1.2.3
+
1.2.3
1e-
000.e
-
abc
000.e
000.e
e10
1e-
1e-
abc
1e+
1e+
--2
abc
0e
1e
1e+
1e+
++1
.
--2
0e
.
1.2.3
1e+
0e
abc
1e
-
+
1ee2
e10
e10
1.2.3
1e-
++1
1ee2
1.2.3
abc
1e
+
1e
1e-
e10
1e+
000.e
+
-
1e+
1e-
0e
1e+
e10
1ee2
0e
1e
abc
abc
+
e10
1e-
1ee2
abc
.
000.e
++1
.
1ee2
1e
++1
--2
1e
000.e
.
--2
++1
1e+
1e+
e10
1ee2
-
.
0e
000.e
1.2.3
abc
abc
000.e
1e
-
0e
1e+
1e+
1e+
-
1e-
abc
--2
1ee2
1e
--2
abc
1ee2
0e
e10
--2
+
1e
-
1.2.3
1e-
1.2.3
e10
-
++1
--2
1.2.3
000.e
+
e10
-
.
++1
--2
1e-
1.2.3
++1
1e-
+
.
1e+
1e+
0e
1e+
1e+
1e
1e
++1
--2
+
-
+
+
abc
1.2.3
1.2.3
1ee2
1.2.3
1e
1.2.3
1.2.3
000.e
1e-
++1
++1
-
1.2.3
1ee2
0e
--2
--2
0e
0e
000.e
++1
1e+
+
1e-
e10
1e+
++1
+
1e+
1.2.3
+
1ee2
1e-
+
1e
0e
.
1e-
1e
0e
1ee2
1e+
++1
abc
--2
1e-
0e
.
e10
1e
-
e10
abc
.
1ee2
+
.
0e
--2
--2
+
-
--2
--2
+
1e-
1ee2
1e+
-
000.e
-
+
++1
-
1e
+
--2
e10
1.2.3
++1
1e+
1e+
+
1.2.3
e10
000.e
000.e
.
--2
e10
.
-
e10
e10
1ee2
e10
1.2.3
000.e
+
.
e10
.
.
1e-
+
0e
1e
1.2.3
1e-
1ee2
.
000.e
1e+
1e+
e10
.
++1
1ee2
000.e
+
++1
0e
0e
--2
1.2.3
1ee2
1ee2
1.2.3
--2
1e-
1.2.3
abc
1e+
1.2.3
-
.
1e
1e+
abc
1.2.3
1ee2
.
++1
abc
-
--2
1e
abc
abc
e10
e10
abc
1.2.3
0e
1.2.3
++1
1ee2
1.2.3
1e-
0e
1.2.3
++1
abc
1.2.3
1ee2
000.e
1e
1ee2
e10
.
1e+
1.2.3
1ee2
+
0e
1ee2
++1
0e
000.e
e10
1.2.3
1.2.3
1e+
1.2.3
--2
0e
1e-
1e+
++1
1e
-
1.2.3
.
0e
1.2.3
1e-
1e+
000.e
0e
1e-
-
000.e
0e
.
abc
-
1e+
--2
000.e
-
e10
-
+
1e-
1e+
-
1.2.3
0e
+
-
1e+
-
e10
1e+
+
000.e
0e
1e+
abc
+
--2
1.2.3
.
e10
+
++1
1ee2
+
1.2.3
1e-
000.e
1ee2
e10
000.e
1e+
++1
e10
1e
1e
++1
1ee2
--2
1e-
1e+
e10
--2
1e
0e
1e-
1.2.3
-
-
e10
0e
++1
1.2.3
1e+
1.2.3
000.e
abc
+
1ee2
1e+
++1
--2
-
1e-
1e+
0e
1e-
+
abc
-
++1
0e
e10
1.2.3
1e+
++1
++1
--2
0e
1e
1e-
-
abc
--2
abc
++1
abc
1e
1e+
e10
0e
1e+
-
+
1.2.3
+
0e
++1
0e
e10
-
1.2.3
1ee2
abc
1e
+
--2
1e+
+
-
++1
1.2.3
1ee2
1e+
1e+
abc
+
--2
0e
--2
0e
+
--2
0e
--2
0e
-
++1
0e
abc
1e
1ee2
1e+
1ee2
1.2.3
-
+
1e-
++1
.
000.e
-
-
++1
e10
e10
1e-
1e
1e
--2
-
1e
000.e
1e
.
abc
++1
abc
1.2.3
++1
000.e
++1
1e+
1e
000.e
abc
1e-
abc
abc
-
1e
+
abc
+
.
1e+
1e-
1ee2
.
1ee2
1e
0e
1.2.3
000.e
1e-
+
.
000.e
1ee2
1e
+
++1
1e-
--2
1.2.3
.
1ee2
1e-
1ee2
e10
++1
+
1.2.3
-
0e
1e
+
--2
1e
-
1e-
1ee2
++1
+
1.2.3
e10
abc
000.e
+
1e-
1e+
--2
--2
0e
--2
1ee2
0e
+
.
--2
abc
e10
+
1e
0e
1.2.3
1e
1e+
1e-
0e
1e+
+
++1
000.e
1e+
abc
+
e10
e10
--2
+
abc
0e
1ee2
1ee2
++1
--2
e10
1e-
.
e10
++1
000.e
abc
--2
.
1e
++1
000.e
1e-
-
1e+
1.2.3
--2
1e-
1e
1e-
++1
--2
1e
000.e
000.e
1e+
.
--2
1e+
--2
1e
--2
1e-
abc
0e
1e-
1.2.3
e10
1e
0e
--2
++1
000.e
abc
1e+
0e
-
1.2.3
-
000.e
+
e10
1e
1ee2
000.e
.
.
1e-
0e
1ee2
++1
1e+
1.2.3
0e
+
++1
1e-
000.e
++1
1ee2
+
e10
+
--2
.
--2
-
1e+
0e
1.2.3
1ee2
e10
1.2.3
--2
000.e
1ee2
abc
1e-
1e+
1e
1e
abc
.
-
abc
--2
--2
-
1.2.3
1.2.3
1e+
-
1ee2
--2
e10
1ee2
abc
1ee2
1.2.3
0e
-
abc
e10
-
.
++1
abc
1e
1ee2
1ee2
1.2.3
1ee2
1.2.3
+
000.e
--2
e10
--2
1e+
1e
--2
1e+
0e
1ee2
++1
000.e
abc
e10
++1
abc
000.e
0e
+
1.2.3
1e+
-
1e-
1ee2
++1
.
1.2.3
+
0e
1e
1e
-
+
+
1e
+
1e+
0e
1e-
+
.
++1
000.e
1e
e10
.
1e-
e10
1.2.3
.
.
++1
1e
000.e
--2
--2
+
1e-
000.e
++1
+
abc
--2
1e+
-
++1
1.2.3
-
abc
1ee2
1.2.3
1ee2
+
1ee2
.
1.2.3
1ee2
1e
abc
1ee2
1ee2
++1
0e
1.2.3
1e-
000.e
000.e
000.e
--2
.
abc
0e
abc
+
1e
.
--2
abc
++1
1ee2
1.2.3
e10
-
abc
1e-
--2
-
abc
-
1e
1e
1e-
000.e
1e-
abc
abc
.
+
1e
abc
e10
0e
000.e
1e-
++1
+
e10
+
0e
+
1ee2
-
0e
000.e
e10
abc
1e
abc
000.e
0e
.
+
1ee2
1ee2
1e+
.
-
1.2.3
abc
--2
1.2.3
1e-
1.2.3
1e
0e
1ee2
1.2.3
1.2.3
e10
1.2.3
--2
1e-
-
1e
--2
0e
0e
0e
1e-
000.e
1.2.3
1e
++1
e10
abc
abc
1e-
1.2.3
-
0e
.
-
1e
--2
1.2.3
1.2.3
0e
000.e
--2
1e
+
abc
+
1e-
1ee2
abc
1e
.
1ee2
000.e
e10
1e
-
1ee2
1e+
-
e10
.
-
1ee2
e10
+
+
0e
1e+
+
0e
1e-
--2
1e
++1
--2
1e-
1e+
-
1ee2
-
.
1e-
++1
-
abc
1e+
1e-
1.2.3
1e
+
++1
.
--2
.
000.e
-
1e
1e+
e10
1e+
++1
-
--2
++1
1ee2
1ee2
--2
e10
1.2.3
1ee2
++1
000.e
-
-
0e
-
1e+
abc
++1
+
0e
1e-
++1
1e+
--2
1ee2
1e-
--2
++1
+
abc
++1
-
000.e
+
.
.
--2
-
1.2.3
--2
++1
000.e
e10
1e+
abc
1e-
0e
--2
abc
abc
abc
1e
1ee2
1e-
0e
1e+
--2
1.2.3
-
e10
+
e10
1e
000.e
1.2.3
+
+
1.2.3
++1
abc
1e-
1e-
--2
.
000.e
000.e
0e
-
--2
--2
--2
1e-
1e
--2
1e-
abc
-
0e
e10
000.e
1.2.3
1e-
1.2.3
e10
-
--2
1ee2
1ee2
++1
1ee2
+
++1
1e-
e10
000.e
++1
1e
1ee2
e10
--2
++1
1ee2
abc
-
1e+
-
--2
--2
--2
++1
abc
abc
++1
-
abc
1e-
abc
1.2.3
.
1.2.3
1e+
abc
--2
1e
1e-
-
--2
1e
++1
1e
++1
+
--2
1ee2
1e+
e10
+
++1
1e-
++1
+
e10
000.e
1.2.3
--2
e10
abc
1e
-
1e
1ee2
e10
-
e10
-
1e-
1ee2
++1
1e-
--2
1e
.
000.e
++1
000.e
1ee2
1e
++1
abc
1.2.3
-
1e+
1ee2
-
1e-
e10
.
.
-
.
1ee2
1ee2
000.e
1e
e10
1ee2
++1
000.e
1e-
1e-
.
1.2.3
++1
1e+
abc
-
e10
e10
1e-
.
.
1e
.
e10
.
0e
000.e
1e
0e
1e
-
1e-
1.2.3
++1
1ee2
0e
e10
0e
1e
.
1e
0e
1e
.
++1
e10
+
+
++1
.
+
1e-
1e-
.
1e+
-
-
abc
1e
1e
+
1.2.3
000.e
.
+
1ee2
abc
-
++1
1e
--2
-
000.e
1.2.3
000.e
.
1e+
+
++1
+
1e
-
1e-
1e+
abc
1e+
-
--2
1.2.3
--2
1.2.3
--2
.
000.e
000.e
.
1.2.3
++1
+
++1
0e
1e-
.
abc
++1
abc
e10
--2
0e
-
1e+
1e
000.e
1e+
1.2.3
abc
++1
000.e
abc
0e
1e
abc
1e-
1e
1.2.3
-
--2
+
.
-
abc
000.e
0e
.
e10
000.e
abc
1e-
--2
1.2.3
e10
0e
1ee2
.
.
1ee2
1.2.3
+
1e-
1e-
abc
1e
1ee2
abc
1.2.3
--2
000.e
1ee2
.
1.2.3
0e
1.2.3
+
1e-
--2
abc
1e+
.
0e
e10
++1
-
--2
+
1e+
abc
e10
1e
1.2.3
+
-
000.e
1e-
1.2.3
1.2.3
1e-
1e-
0e
e10
1.2.3
1e
+
1ee2
++1
1e
1e
--2
000.e
1e-
+
1e+
1ee2
++1
-
--2
1e+
1e
1ee2
000.e
1e+
1e+
0e
1ee2
.
0e
-
++1
.
+
0e
e10
abc
1ee2
000.e
--2
--2
1ee2
++1
0e
+
abc
+
1ee2
0e
1e-
0e
.
1e
1ee2
+
++1
0e
+
.
e10
++1
000.e
+
1.2.3
1ee2
1.2.3
abc
-
++1
++1
0e
1e
0e
000.e
.
-
1ee2
1e-
1e-
1.2.3
e10
--2
1.2.3
1.2.3
1e-
-
1ee2
1.2.3
+
.
0e
+
++1
0e
1.2.3
abc
1.2.3
000.e
0e
0e
.
1e-
-
1e-
-
1.2.3
1e
000.e
abc
1ee2
-
000.e
0e
0e
0e
.
.
1.2.3
000.e
1.2.3
abc
--2
-
++1
-
-
0e
e10
-
.
.
1ee2
--2
1e-
0e
.
.
1e-
+
e10
++1
1.2.3
0e
1.2.3
1e
1e
e10
0e
--2
1.2.3
1ee2
0e
1.2.3
1e
1.2.3
1.2.3
abc
1.2.3
1.2.3
000.e
-
-
--2
.
1e-
1e+
++1
abc
0e
--2
.
1ee2
0e
0e
.
1.2.3
1ee2
0e
1.2.3
1e+
-
0e
1e-
--2
e10
+
+
e10
+
e10
1.2.3
e10
+
.
--2
-
abc
e10
0e
1e+
+
abc
1ee2
1ee2
.
1e-
abc
--2
000.e
1ee2
++1
.
++1
1e+
1e+
.
++1
abc
+
abc
0e
1e-
-
e10
0e
1.2.3
000.e
1e-
1e
1ee2
e10
e10
1e-
-
-
000.e
1ee2
1e+
++1
000.e
1.2.3
abc
0e
e10
1e+
++1
++1
--2
1.2.3
e10
e10
1e+
+
000.e
1ee2
-
++1
++1
-
e10
1ee2
--2
--2
1e+
--2
0e
1e+
000.e
--2
1e-
--2
1e-
.
1ee2
1ee2
.
1e+
--2
-
1.2.3
--2
-
1.2.3
1.2.3
+
0e
1e-
.
1.2.3
e10
+
1e-
e10
--2
++1
--2
-
++1
.
1e
1e
+
000.e
++1
++1
++1
e10
000.e
++1
1.2.3
1e
-
1e+
abc
1.2.3
.
-
.
abc
++1
e10
e10
.
1e-
1ee2
e10
1e+
--2
1e
-
1.2.3
000.e
1ee2
1ee2
1e
000.e
1e-
-
1e
--2
-
1e+
-
1.2.3
1e+
1e-
-
0e
--2
1e
0e
1.2.3
0e
abc
1ee2
0e
++1
e10
1e-
1e
-
000.e
-
000.e
1.2.3
000.e
1e-
-
e10
1e
-
++1
1ee2
1ee2
1e
1.2.3
-
0e
1.2.3
1ee2
1e+
--2
+
.
000.e
1e-
++1
1e-
1e
++1
1ee2
+
-
++1
000.e
1e
1e+
0e
0e
000.e
+
1.2.3
1ee2
1e+
1e-
.
+
0e
1e+
+
e10
-
1.2.3
1e+
1.2.3
1e+
++1
0e
+
0e
-
1.2.3
1e
+
1e-
1e-
1e+
1.2.3
++1
-
++1
-
1e-
1ee2
+
--2
1ee2
+
++1
000.e
e10
.
1.2.3
++1
.
--2
0e
+
000.e
1e-
e10
1e
+
1ee2
.
1.2.3
1e-
1e+
+
+
--2
-
0e
--2
1e
1e
++1
+
1e-
++1
1e
+
000.e
000.e
1e
.
.
0e
+
1.2.3
1ee2
0e
1ee2
-
1.2.3
e10
++1
--2
1ee2
-
1e+
0e
-
1.2.3
-
.
1e-
.
+
e10
1ee2
abc
--2
e10
0e
.
--2
+
1ee2
e10
1.2.3
--2
1.2.3
-
++1
+
1e+
1e
1e-
abc
-
+
--2
1e
1e-
1.2.3
1.2.3
e10
abc
1e+
1e+
e10
.
1e
1e-
abc
abc
abc
1ee2
e10
1e+
--2
0e
000.e
1ee2
1e-
1e
1ee2
.
+
-
0e
e10
abc
1e
000.e
+
000.e
--2
1e+
1ee2
--2
--2
abc
e10
.
1e-
abc
-
000.e
000.e
--2
1ee2
--2
0e
e10
0e
e10
--2
1e
--2
++1
1e+
abc
.
abc
1e+
1e+
1e
abc
abc
0e
1e
++1
abc
0e
abc
1e-
1e-
e10
-
000.e
.
e10
1ee2
000.e
-
++1
.
--2
000.e
.
000.e
1e
--2
1.2.3
-
1ee2
1e
000.e
e10
1e-
0e
-
0e
0e
1.2.3
++1
0e
1e+
--2
-
+
e10
000.e
1.2.3
1e
abc
0e
+
1e+
1e
abc
--2
+
--2
--2
1e-
1ee2
0e
1e-
1e+
1ee2
abc
1.2.3
1.2.3
1e
000.e
0e
0e
1e+
e10
1.2.3
--2
.
+
1.2.3
e10
1e+
1.2.3
-
abc
1e
0e
1e-
1e-
0e
1.2.3
.
abc
-
1e
+
++1
0e
1ee2
1ee2
1e+
1ee2
--2
1e+
1e
1e-
++1
0e
1e-
.
1ee2
e10
abc
1e
1.2.3
abc
1ee2
-
+
1e+
--2
0e
1.2.3
--2
+
1e-
0e
+
--2
-
abc
.
1e
0e
--2
e10
abc
++1
1ee2
e10
1e+
++1
000.e
.
1.2.3
1e
+
abc
1e-
-
1ee2
e10
0e
.
1e+
abc
1e-
000.e
1e
--2
--2
1.2.3
1e-
abc
1ee2
-
1e
1ee2
++1
.
1.2.3
1e
000.e
1e+
-
-
0e
0e
000.e
.
000.e
.
0e
1e
1ee2
--2
--2
.
e10
1e-
1e+
abc
0e
abc
e10
1e+
abc
++1
e10
1e-
+
-
--2
e10
--2
-
1e-
1e-
1ee2
0e
abc
++1
1e-
1e+
e10
e10
0e
++1
-
e10
1e
+
0e
1e-
-
e10
1ee2
1e+
000.e
1.2.3
1e-
.
--2
.
+
abc
++1
1e
++1
1e+
0e
e10
+
1.2.3
0e
1ee2
++1
000.e
+
e10
--2
++1
1ee2
1ee2
-
1.2.3
++1
++1
1.2.3
1.2.3
e10
--2
000.e
e10
abc
1e
.
1e
.
000.e
1.2.3
-
.
1e+
000.e
1e-
+
-
0e
1ee2
1e+
000.e
e10
++1
--2
1ee2
e10
1e+
-
0e
++1
1e+
000.e
1e-
--2
--2
e10
1e
1e
1e-
000.e
.
0e
--2
0e
1.2.3
1.2.3
1.2.3
-
1e
-
e10
-
1e+
000.e
--2
++1
abc
1.2.3
e10
e10
1e+
0e
1.2.3
1ee2
abc
000.e
0e
000.e
--2
+
0e
000.e
-
+
abc
0e
-
e10
.
.
abc
abc
0e
0e
++1
-
--2
++1
.
abc
e10
-
1.2.3
--2
e10
--2
+
000.e
1e-
1e
abc
-
0e
1e+
1e
1e
1e
1ee2
-
1ee2
000.e
0e
-
e10
--2
++1
1e
abc
++1
e10
1e
-
1e-
000.e
1.2.3
1ee2
1e-
1e+
abc
0e
1.2.3
1e
++1
1e
0e
000.e
abc
+
+
-
+
1e
1.2.3
1ee2
-
1ee2
1e-
abc
.
.
000.e
.
0e
.
1e+
1e+
abc
abc
--2
-
1e-
+
1e+
abc
1e-
000.e
1e
1.2.3
1e
+
--2
--2
e10
e10
.
abc
1e
.
--2
1e+
.
e10
1.2.3
0e
1e
++1
.
1.2.3
--2
abc
e10
e10
0e
abc
-
1.2.3
1ee2
--2
1ee2
-
--2
1e-
000.e
1e-
1e
-
+
1e-
1.2.3
1e+
1.2.3
--2
.
.
0e
1e
.
--2
0e
1e+
0e
--2
1e+
1e
1e
+
++1
++1
.
000.e
abc
e10
+
++1
e10
000.e
+
000.e
+
-
1e+
1e-
--2
-
1.2.3
-
1e-
++1
0e
1.2.3
+
--2
0e
-
1.2.3
1e-
1e-
1ee2
0e
.
1e+
1e+
1e-
abc
+
--2
++1
e10
0e
abc
1e
+
abc
.
1ee2
000.e
1e+
+
.
000.e
--2
++1
.
--2
1e-
1e-
1e+
1ee2
1ee2
abc
000.e
1.2.3
0e
+
++1
e10
.
.
++1
1e
1.2.3
1.2.3
++1
000.e
1e
-
000.e
++1
--2
1e-
-
1.2.3
-
000.e
++1
1.2.3
0e
--2
000.e
++1
1e+
++1
1.2.3
-
--2
1e
1e
0e
1e+
000.e
1.2.3
1e+
abc
000.e
000.e
1ee2
++1
1.2.3
1.2.3
e10
1ee2
1ee2
1e
abc
abc
-
.
abc
1e
+
e10
++1
-
1e+
1e
000.e
--2
1e
1e
0e
abc
++1
1e
1ee2
+
1ee2
--2
1e+
1e
0e
++1
000.e
--2
.
1e
1e
1ee2
1e-
+
++1
1e-
e10
-
1e
1ee2
++1
.
e10
1e-
1ee2
++1
1e+
--2
--2
1e+
.
+
+
-
1e
-
1e
++1
1e
1e+
1ee2
1ee2
000.e
000.e
1e+
0e
1ee2
000.e
000.e
+
1e
1e+
1e
1e+
0e
abc
1ee2
+
e10
1e-
++1
000.e
0e
-
abc
1ee2
1e+
000.e
0e
1e
.
0e
000.e
.
1e+
e10
--2
++1
--2
1e+
1e-
--2
abc
e10
1e+
1ee2
1.2.3
e10
1e+
0e
1ee2
0e
0e
-
1e-
+
1e
1e
0e
e10
++1
1.2.3
1e-
+
1e
.
1.2.3
.
1e+
.
000.e
1.2.3
0e
--2
.
1e-
++1
0e
--2
1ee2
000.e
1e
+
--2
abc
--2
+
1ee2
1e-
1.2.3
1e
0e
1.2.3
1e
0e
e10
000.e
++1
1.2.3
1ee2
.
-
0e
.
.
1ee2
.
1e-
0e
--2
abc
++1
1e-
1e-
1e-
1.2.3
0e
1e-
-
1e-
1e-
1e-
1e-
000.e
++1
1e-
-
1ee2
.
.
1.2.3
1ee2
--2
-
1ee2
0e
abc
abc
000.e
e10
abc
1e
abc
e10
1e-
1e-
0e
1.2.3
1.2.3
000.e
000.e
+
.
abc
000.e
1.2.3
1.2.3
abc
++1
1e-
abc
1ee2
-
1ee2
1e+
-
1e+
-
.
e10
++1
000.e
1e
1e
1.2.3
abc
1ee2
000.e
e10
e10
++1
--2
++1
--2
1ee2
1e+
+
0e
1.2.3
1.2.3
abc
.
0e
000.e
++1
1ee2
1e+
1.2.3
000.e
e10
++1
.
++1
+
1ee2
e10
0e
-
1e-
1e
0e
000.e
abc
++1
1e
++1
0e
1ee2
++1
1e+
1e-
.
abc
.
000.e
1e-
++1
000.e
.
000.e
++1
1e-
0e
1.2.3
e10
+
e10
.
.
abc
e10
-
1e-
1.2.3
1.2.3
.
-
abc
+
.
e10
1.2.3
+
.
-
+
1e
000.e
1e+
.
0e
1ee2
0e
+
e10
--2
++1
++1
e10
000.e
1.2.3
++1
+
1e+
++1
++1
--2
+
1ee2
0e
e10
abc
1e
1.2.3
.
1e+
-
1ee2
1e-
1.2.3
000.e
+
-
1e
000.e
++1
-
1e+
1e+
1e-
+
--2
1ee2
abc
1e+
1e-
0e
0e
1ee2
000.e
1e-
abc
1e
0e
abc
++1
-
-
1e+
1ee2
--2
e10
e10
0e
++1
e10
--2
.
1ee2
000.e
--2
0e
.
abc
1ee2
++1
0e
e10
1ee2
.
abc
e10
+
1e+
++1
-
.
1.2.3
000.e
0e
e10
0e
0e
1e-
1e+
+
1e-
.
.
1.2.3
++1
000.e
1e
--2
1e
-
0e
1e
e10
1e
e10
1.2.3
1e
1.2.3
1.2.3
e10
abc
+
.
abc
0e
--2
abc
1e-
1ee2
1e-
1e
000.e
1e-
1ee2
-
.
--2
e10
000.e
e10
-
e10
.
abc
-
1.2.3
.
+
0e
1e-
1e+
0e
1ee2
e10
abc
--2
1e
1e-
0e
1e+
abc
000.e
abc
1.2.3
1e
1e+
1e
1e
000.e
--2
-
1e+
+
1e+
1e-
-
abc
+
.
++1
1.2.3
1ee2
abc
000.e
+
-
.
abc
e10
1ee2
+
1e
++1
++1
+
1e-
e10
abc
.
abc
1.2.3
1e
e10
1e
1e-
e10
--2
0e
000.e
e10
.
+
1e-
.
0e
000.e
0e
1.2.3
1e
0e
++1
000.e
1e-
.
000.e
abc
1e-
1.2.3
1e+
.
--2
--2
.
000.e
++1
1e+
-
1e+
++1
1ee2
++1
1ee2
000.e
abc
e10
1e-
-
1e+
--2
+
1ee2
-
++1
--2
000.e
0e
.
+
1ee2
--2
1e+
e10
1.2.3
++1
1e-
e10
abc
1ee2
0e
0e
1e-
1.2.3
++1
e10
++1
-
+
.
++1
.
1e-
1ee2
+
e10
.
++1
0e
1e-
++1
1ee2
000.e
1ee2
++1
1e
1ee2
000.e
1e+
+
e10
.
++1
e10
--2
1ee2
e10
-
++1
++1
abc
e10
000.e
1ee2
1.2.3
abc
.
1.2.3
++1
1ee2
1ee2
1e+
000.e
1.2.3
000.e
-
000.e
1e
e10
1.2.3
.
--2
1.2.3
e10
1ee2
1.2.3
1e+
+
1.2.3
abc
0e
0e
1e-
+
1ee2
1e-
++1
e10
1e
abc
1.2.3
1e
1e
1e+
1e-
-
0e
--2
000.e
--2
1e-
1e+
-
1.2.3
.
1e
0e
e10
000.e
e10
1e+
1.2.3
1e
++1
0e
e10
e10
1ee2
+
e10
.
.
1.2.3
000.e
1e+
1e+
1.2.3
-
abc
--2
--2
0e
0e
0e
000.e
1e
--2
--2
-
.
0e
0e
e10
-
1ee2
0e
--2
+
1.2.3
--2
e10
000.e
000.e
.
1ee2
1.2.3
--2
1e+
.
1ee2
+
1.2.3
1e-
+
1e
abc
1.2.3
1e
+
-
++1
1e
1.2.3
e10
e10
1ee2
.
-
000.e
++1
1e+
++1
0e
1.2.3
.
++1
000.e
-
++1
0e
000.e
1e
.
--2
abc
000.e
1e-
1e-
0e
-
1ee2
1.2.3
0e
000.e
--2
1e
-
000.e
--2
0e
1ee2
1.2.3
1e
1e
abc
1ee2
-
e10
e10
0e
1e-
abc
1.2.3
1e
1e+
1ee2
abc
0e
-
e10
0e
e10
1e+
000.e
++1
1e+
1e
.
++1
+
-
1ee2
abc
e10
--2
--2
0e
abc
.
0e
1ee2
1.2.3
.
1.2.3
1e
++1
-
e10
--2
abc
+
1e-
1e
abc
000.e
abc
1.2.3
-
1e
1.2.3
-
1.2.3
0e
1ee2
e10
.
000.e
.
abc
1.2.3
1.2.3
1e+
++1
+
-
000.e
++1
0e
e10
--2
--2
1e
1e+
1e-
1e-
1e-
1e-
1e+
1ee2
1e+
1.2.3
+
+
1e-
.
++1
000.e
000.e
1e-
000.e
000.e
1e+
0e
abc
1e-
++1
0e
++1
e10
++1
000.e
+
1e-
--2
000.e
1e+
e10
0e
1ee2
1.2.3
1ee2
1e+
1e+
1e
.
000.e
++1
.
1ee2
abc
++1
.
abc
0e
1.2.3
1e+
1e+
1.2.3
1e-
-
.
abc
1e
-
000.e
+
abc
+
0e
++1
1e
1e
-
1e
e10
+
abc
0e
abc
000.e
1e+
1e
-
--2
-
1e
000.e
--2
--2
1.2.3
-
--2
.
--2
000.e
e10
0e
--2
abc
abc
0e
0e
++1
1e-
-
++1
0e
1ee2
-
abc
e10
1e+
1.2.3
1.2.3
1.2.3
++1
1e-
+
000.e
1e+
0e
000.e
1e+
--2
1e-
1e+
e10
1ee2
000.e
abc
abc
1.2.3
1e
1e-
-
--2
0e
000.e
000.e
1e
abc
0e
-
-
+
-
-
1e
.
1e
1e
abc
1e
0e
1ee2
1.2.3
1e
--2
--2
1.2.3
1e-
1e
++1
1e
1e
0e
1e+
1e
.
0e
abc
1e
1e+
++1
0e
1ee2
1ee2
1ee2
-
0e
--2
++1
0e
abc
1e+
abc
e10
000.e
.
-
0e
1.2.3
abc
1e-
0e
1e-
1e-
++1
++1
.
e10
1e
0e
1e-
e10
1e
abc
+
000.e
e10
+
1.2.3
0e
.
000.e
--2
--2
--2
.
e10
.
.
+
1.2.3
+
1e+
000.e
1ee2
1e-
++1
+
000.e
--2
+
000.e
1e-
--2
abc
1ee2
+
abc
abc
.
1e+
--2
abc
-
0e
1ee2
e10
e10
1e-
000.e
abc
1e-
1ee2
.
e10
000.e
.
++1
0e
--2
abc
--2
1e
e10
++1
e10
.
000.e
1.2.3
--2
e10
abc
--2
+
--2
1.2.3
000.e
++1
1e
1e+
1e-
abc
1e+
1ee2
0e
e10
+
--2
1e
--2
000.e
1.2.3
1e+
e10
1e-
++1
-
e10
-
1.2.3
.
.
--2
1e-
-
abc
abc
-
1e+
.
-
1.2.3
--2
e10
1e+
0e
0e
1e-
0e
--2
+
e10
e10
-
1e
abc
1.2.3
1e
++1
1.2.3
000.e
e10
.
1e-
.
.
-
1ee2
1e+
+
abc
--2
1ee2
1.2.3
1e-
1e+
+
.
--2
1e
.
e10
e10
++1
1ee2
.
abc
1e-
1ee2
++1
1e
1.2.3
.
+
.
1.2.3
--2
1ee2
e10
1ee2
000.e
-
1e+
++1
abc
1.2.3
-
1e+
1.2.3
1.2.3
1e+
1e+
000.e
1e-
.
+
1e-
1e+
1e+
1e
1ee2
000.e
+
1e-
000.e
.
-
--2
abc
+
e10
abc
e10
++1
1.2.3
1e+
e10
1e
0e
+
1ee2
abc
1e-
+
0e
1ee2
++1
1e+
0e
e10
++1
+
1e+
+
1.2.3
1.2.3
1e-
-
1e-
000.e
0e
abc
0e
-
1e
1e
1e+
1ee2
1ee2
1e+
000.e
1ee2
1.2.3
abc
1e+
abc
000.e
1.2.3
1.2.3
e10
1e-
++1
++1
1.2.3
1ee2
+
0e
1e-
.
1ee2
--2
000.e
-
--2
1ee2
1ee2
e10
1ee2
1e+
++1
1e+
e10
--2
abc
0e
000.e
0e
-
e10
++1
1e
1e
.
000.e
--2
1e-
1.2.3
abc
e10
+
1e
1.2.3
1e+
.
1ee2
1.2.3
1.2.3
1.2.3
0e
-
000.e
++1
++1
--2
++1
1e-
1.2.3
++1
+
0e
.
.
abc
1e-
e10
1ee2
0e
1e-
1ee2
1ee2
.
000.e
e10
-
1.2.3
-
1e+
000.e
1e-
abc
000.e
++1
abc
1e-
1e-
++1
abc
--2
--2
1e
abc
000.e
++1
000.e
1e-
abc
1.2.3
+
000.e
abc
0e
1ee2
abc
1.2.3
++1
000.e
1e-
1ee2
+
1.2.3
.
--2
1.2.3
e10
1.2.3
1e+
.
000.e
.
1.2.3
--2
abc
+
--2
1ee2
1e-
0e
1e-
1.2.3
.
-
--2
+
1e-
-
e10
+
1e+
.
+
++1
1e+
abc
++1
0e
1e-
.
--2
e10
--2
e10
1ee2
++1
e10
1e-
1ee2
-
1e-
1e
-
--2
++1
1e+
1.2.3
-
1e+
abc
abc
1e+
++1
1e
1e+
1e
1ee2
++1
1.2.3
abc
+
e10
1e-
++1
-
abc
000.e
000.e
1.2.3
1e
1e
+
e10
0e
abc
1.2.3
1.2.3
1ee2
abc
1e+
0e
000.e
1.2.3
--2
--2
000.e
--2
1ee2
+
1e+
000.e
1.2.3
1e-
1.2.3
abc
e10
++1
abc
.
000.e
1ee2
++1
++1
1.2.3
1e-
1e-
1e-
--2
.
+
-
1ee2
.
1e
++1
1e+
abc
1e-
.
+
1ee2
1e-
--2
.
1ee2
--2
e10
1e+
1e-
.
0e
1e+
1ee2
-
000.e
1.2.3
0e
000.e
1e-
+
1.2.3
1e
++1
1e+
+
0e
++1
--2
1.2.3
++1
1.2.3
1.2.3
--2
+
1e-
000.e
abc
1.2.3
1.2.3
1.2.3
e10
1.2.3
1ee2
-
0e
e10
++1
.
1.2.3
1e+
000.e
1.2.3
1e
0e
1e
e10
-
--2
.
1e+
.
abc
e10
000.e
1e
.
++1
1e-
-
1e
--2
abc
1.2.3
-
1e
e10
1e
1ee2
.
000.e
.
000.e
0e
--2
1ee2
--2
+
--2
-
--2
+
1.2.3
1e-
--2
000.e
000.e
1ee2
+
000.e
--2
e10
0e
000.e
1e
-
+
1e
++1
0e
1e
--2
000.e
0e
+
1e-
000.e
1ee2
e10
-
1e+
+
1e+
1e-
-
1ee2
e10
1ee2
1ee2
e10
-
1e
e10
--2
1.2.3
-
--2
--2
+
.
1ee2
1ee2
1e
1e+
1e-
1ee2
0e
abc
1.2.3
1ee2
1e-
++1
e10
abc
.
1.2.3
--2
1.2.3
0e
1ee2
--2
0e
-
1.2.3
e10
-
1e
-
1e
1.2.3
abc
1ee2
1e-
0e
++1
e10
0e
abc
++1
1e
++1
1ee2
--2
1ee2
--2
-
abc
--2
.
1.2.3
0e
000.e
1e
.
.
--2
++1
000.e
-
1ee2
abc
++1
0e
abc
.
--2
.
1.2.3
e10
1e
1.2.3
1e+
e10
++1
1.2.3
1.2.3
1ee2
1e-
0e
1e+
--2
1e+
--2
-
++1
--2
-
000.e
-
abc
+
1e-
1e-
.
1e+
++1
0e
--2
1.2.3
1e
1ee2
e10
abc
.
1.2.3
.
+
1e+
+
1e
++1
1e-
-
++1
+
-
e10
000.e
e10
1e-
e10
1e+
++1
1ee2
1ee2
abc
1e-
abc
abc
--2
1e-
1e
++1
e10
1e
-
1e-
-
000.e
.
.
abc
0e
000.e
1e-
1e-
1.2.3
-
e10
000.e
e10
.
-
1e
--2
.
1e-
e10
++1
.
1e-
abc
++1
1e
e10
1e+
.
++1
+
1ee2
++1
1.2.3
0e
1e-
1e-
000.e
e10
1e
0e
abc
+
abc
-
1e+
.
-
1e+
1e+
-
1e
1e+
-
+
1e+
+
.
1e-
0e
--2
000.e
1ee2
1.2.3
++1
1ee2
1e-
--2
1e
1e+
e10
abc
abc
-
1.2.3
000.e
--2
1e+
--2
0e
0e
0e
0e
++1
1e-
000.e
0e
+
+
1ee2
1e+
1e
+
1.2.3
1e+
-
abc
1e
0e
0e
--2
-
1e+
--2
+
-
1ee2
+
0e
abc
abc
--2
++1
abc
+
1e+
1e-
1e
abc
-
000.e
.
1e
++1
1e+
1.2.3
.
-
--2
+
1ee2
abc
.
0e
abc
.
-
1e+
--2
1e
0e
1e-
abc
.
1e-
1.2.3
.
0e
.
-
--2
1ee2
1e+
e10
abc
e10
e10
1e-
++1
000.e
1.2.3
--2
++1
0e
000.e
1e-
1.2.3
abc
.
1.2.3
0e
e10
1.2.3
1ee2
--2
abc
++1
1e-
0e
++1
1e-
1e
-
+
1e
000.e
1e-
1e
++1
1e-
000.e
1ee2
1ee2
000.e
++1
--2
1e+
1e+
0e
+
1e+
abc
1ee2
+
++1
e10
--2
--2
-
+
1e+
e10
e10
-
++1
++1
.
++1
1ee2
abc
1e
abc
1e
.
000.e
0e
++1
.
1ee2
1.2.3
1e+
0e
1e-
++1
--2
1.2.3
+
--2
.
1e
1e+
1ee2
abc
1ee2
e10
1.2.3
++1
1e+
+
1.2.3
abc
e10
1.2.3
1ee2
-
000.e
000.e
000.e
000.e
--2
abc
.
++1
.
abc
abc
1.2.3
0e
-
+
.
1e+
1ee2
.
++1
1e+
1e-
--2
1e-
-
--2
1ee2
1ee2
++1
abc
1.2.3
abc
abc
+
000.e
--2
abc
1.2.3
1e-
1e-
--2
1ee2
--2
1e+
1.2.3
e10
000.e
++1
--2
abc
1e+
1ee2
1e+
abc
1e+
000.e
0e
1ee2
-
abc
+
--2
.
1e-
1e+
1e-
1e+
.
1e
0e
-
--2
1e
.
000.e
abc
1e-
000.e
1e-
1.2.3
++1
1e-
000.e
1e-
e10
-
0e
1e-
1e
abc
1ee2
000.e
++1
++1
e10
1e+
1e
--2
1e
1e+
0e
+
e10
1e+
++1
--2
abc
abc
1e
000.e
--2
000.e
+
abc
+
1e+
--2
+
-
abc
0e
1ee2
000.e
0e
--2
1.2.3
1ee2
+
1e
000.e
abc
0e
1e-
1.2.3
1ee2
++1
1e+
e10
1e+
1.2.3
-
1.2.3
+
e10
-
0e
1ee2
1ee2
1e
.
000.e
++1
0e
+
1.2.3
0e
1.2.3
++1
1e+
abc
1e
1e-
000.e
abc
1.2.3
.
.
e10
1e-
000.e
+
1e-
e10
1ee2
000.e
0e
1e+
.
+
0e
1e+
abc
++1
.
.
000.e
-
0e
++1
++1
.
0e
+
1e-
e10
+
--2
1e
1e+
abc
1.2.3
+
1e
e10
++1
000.e
0e
1ee2
abc
1.2.3
1ee2
1e-
0e
.
--2
--2
1.2.3
-
1e-
abc
0e
1e
1e-
1.2.3
-
1e+
1e+
+
000.e
1.2.3
--2
e10
1e+
++1
0e
1e-
++1
++1
e10
+
+
1e-
1ee2
+
1e+
-
1e-
+
.
1e
e10
--2
e10
1ee2
-
++1
1e
1e-
1.2.3
1e-
e10
1e
abc
000.e
abc
1e-
1e-
1ee2
000.e
1e-
0e
e10
1e
abc
1e-
-
000.e
0e
++1
0e
++1
000.e
1e-
abc
e10
-
abc
--2
++1
++1
+
1e
--2
e10
000.e
000.e
abc
1e-
1.2.3
-
--2
-
+
.
1.2.3
+
.
--2
-
1e
0e
--2
e10
--2
++1
abc
1e
.
1e-
1ee2
-
e10
-
1e-
0e
1e-
++1
0e
1ee2
1e-
1e+
++1
.
++1
1.2.3
e10
000.e
000.e
1e
e10
--2
++1
++1
abc
+
1e
1e
+
1e+
abc
-
+
e10
-
000.e
000.e
1e-
1e
--2
1e
000.e
1e-
.
.
0e
0e
1e
1ee2
--2
0e
--2
abc
0e
e10
abc
-
++1
000.e
.
1e
1ee2
1.2.3
000.e
1e
1e
+
abc
++1
abc
0e
000.e
1ee2
1e-
++1
1e
.
1e-
-
++1
--2
1e+
++1
1e
-
1e+
1e+
--2
1e+
1ee2
0e
--2
-
1ee2
1ee2
--2
1ee2
1e+
e10
-
--2
1.2.3
1e
1ee2
abc
1e
-
0e
e10
000.e
.
++1
1e-
0e
1.2.3
1e+
e10
1e-
-
1e+
0e
abc
abc
0e
-
abc
1e+
+
-
++1
1ee2
e10
--2
++1
abc
0e
1e
0e
1e-
1e+
++1
1e+
1e+
abc
0e
e10
--2
e10
0e
1ee2
1ee2
1e
1e
1ee2
+
++1
abc
++1
0e
1.2.3
+
e10
1ee2
1e
--2
1e+
+
+
1e
--2
e10
+
1ee2
1e+
++1
e10
++1
.
1.2.3
+
1e-
abc
0e
000.e
1e+
1e
.
+
1ee2
1.2.3
0e
.
.
1e+
1ee2
000.e
1ee2
.
1e+
1e+
1e-
1e+
.
1.2.3
e10
.
1e+
000.e
-
1.2.3
1e-
1e+
-
.
1e
abc
.
1.2.3
1e+
e10
1.2.3
abc
1e
000.e
--2
1e-
.
--2
1e+
++1
1e-
1e
1e
e10
++1
0e
abc
++1
1e+
e10
+
.
abc
--2
1e+
000.e
1e-
e10
e10
+
+
1e+
++1
0e
1e
1e
1e+
--2
e10
1ee2
--2
+
+
-
++1
1e
.
abc
1e
0e
e10
0e
e10
0e
++1
1ee2
1e+
++1
1e
.
e10
+
--2
e10
000.e
1e
000.e
0e
.
.
1e-
--2
1ee2
1.2.3
-
abc
e10
++1
1e-
1e
.
--2
-
1e+
1.2.3
1e+
000.e
1.2.3
e10
1ee2
1ee2
0e
--2
1ee2
++1
--2
--2
--2
0e
1e+
1e-
.
e10
000.e
-
0e
1e-
1ee2
1e+
1e
0e
0e
000.e
e10
+
+
1e-
++1
-
e10
+
1e-
1.2.3
1ee2
+
.
1e+
1e-
+
++1
1e+
1e+
++1
--2
++1
1.2.3
+
1e-
1e-
+
--2
++1
--2
000.e
1ee2
0e
000.e
1e
++1
1ee2
0e
+
000.e
.
0e
1.2.3
-
0e
++1
--2
--2
e10
.
+
--2
0e
++1
1ee2
.
-
1e-
-
1ee2
+
0e
-
e10
.
1e+
.
e10
1e+
.
++1
.
0e
1ee2
0e
-
+
abc
1e-
+
1e+
.
--2
e10
++1
-
1e+
0e
abc
++1
+
000.e
++1
0e
1e
1e+
-
.
++1
abc
1.2.3
1e+
.
1.2.3
1.2.3
000.e
++1
+
+
0e
--2
--2
abc
+
--2
1ee2
abc
1ee2
abc
1ee2
e10
1e-
1e
-
abc
+
e10
abc
+
abc
0e
1e
1.2.3
--2
1ee2
-
.
0e
1.2.3
-
--2
abc
abc
abc
1e
e10
abc
-
0e
1e+
-
e10
--2
++1
000.e
abc
.
abc
e10
1e-
000.e
000.e
1ee2
++1
+
--2
.
1.2.3
1ee2
000.e
abc
1e-
e10
e10
++1
++1
e10
--2
1.2.3
--2
e10
--2
1.2.3
0e
-
1e-
++1
e10
--2
1e
0e
+
0e
-
1e+
++1
--2
000.e
.
1e+
e10
-
1e-
--2
-
1ee2
--2
1e-
1e+
0e
1.2.3
0e
+
1e-
.
++1
1.2.3
.
1e
.
-
++1
1e+
.
e10
1e+
000.e
1e+
1e-
1e
1ee2
-
1ee2
000.e
000.e
1e-
+
e10
1e-
-
1e
++1
000.e
000.e
+
1e+
+
+
1e+
1.2.3
.
e10
++1
abc
1e
0e
.
1e-
1.2.3
1.2.3
1ee2
-
1e
++1
000.e
1.2.3
1e
abc
1e+
1e-
1e+
++1
1e
-
1ee2
1e
000.e
-
1e-
1e
1e-
.
1e
1e
++1
000.e
abc
.
-
1.2.3
1e
++1
1e+
0e
.
1.2.3
000.e
1ee2
++1
e10
+
++1
--2
e10
1ee2
1.2.3
1e-
-
1e+
000.e
--2
000.e
1.2.3
1e+
abc
0e
0e
++1
e10
1.2.3
--2
1e-
.
1e
1.2.3
1e+
++1
000.e
abc
++1
1e
1ee2
1e+
1ee2
1ee2
.
000.e
-
+
-
abc
--2
1e
1e-
++1
abc
+
-
000.e
1e+
-
1e
1.2.3
1ee2
000.e
1ee2
+
+
0e
--2
1ee2
e10
e10
1.2.3
1e
-
-
abc
-
1e+
.
1.2.3
.
1e+
e10
1ee2
e10
1e-
1ee2
.
0e
.
1ee2
abc
1e
.
1e+
1ee2
1.2.3
abc
1e-
1ee2
1ee2
1e-
-
e10
1e-
1e-
--2
1e+
+
+
0e
000.e
1e
1e-
.
.
abc
1e-
1e
1ee2
000.e
-
e10
--2
--2
abc
1e-
1e-
--2
1.2.3
-
1e+
+
++1
1e-
1e-
+
--2
--2
-
000.e
1e
1.2.3
000.e
-
++1
1e+
1e-
1e
.
1e-
.
-
++1
0e
1.2.3
1.2.3
--2
.
++1
1.2.3
.
0e
1e
1e+
0e
e10
--2
e10
1e-
-
000.e
e10
-
-
+
0e
-
--2
000.e
--2
0e
++1
1e-
.
++1
000.e
--2
--2
e10
--2
.
000.e
abc
1e+
0e
0e
1.2.3
0e
e10
1e
+
0e
1.2.3
000.e
--2
000.e
+
e10
--2
1e-
1e+
1e
++1
.
0e
1e-
-
1e
1e-
1e
-
--2
e10
++1
1ee2
1e-
000.e
.
1e
++1
++1
++1
++1
.
e10
-
000.e
e10
1e-
.
-
1ee2
1e-
000.e
.
++1
abc
000.e
abc
1e+
1ee2
e10
1ee2
1e-
1e-
abc
1e+
--2
abc
e10
1e+
1e+
.
000.e
1e
e10
1.2.3
1e
1e-
1ee2
1e
.
abc
1e-
-
1e-
.
1ee2
0e
++1
abc
0e
-
0e
000.e
1ee2
0e
000.e
1ee2
1e-
--2
e10
1.2.3
abc
.
1ee2
000.e
++1
abc
+
.
000.e
0e
+
1ee2
.
0e
.
1e
0e
1e-
000.e
++1
e10
-
1e
-
-
1ee2
-
1.2.3
e10
1e+
1e
e10
1ee2
.
0e
-
+
000.e
abc
-
--2
1e-
1e-
1.2.3
1.2.3
1e
-
1e
1.2.3
0e
abc
1ee2
1e-
--2
1.2.3
0e
-
1.2.3
++1
e10
+
--2
++1
abc
--2
-
1.2.3
000.e
1ee2
1e-
abc
abc
000.e
1e+
1e
1e
1e
1e+
++1
1e+
0e
.
.
+
+
1ee2
000.e
0e
++1
++1
0e
000.e
-
000.e
1ee2
.
++1
--2
1e+
--2
0e
-
1e-
--2
-
1ee2
e10
000.e
.
abc
abc
.
1ee2
1.2.3
1ee2
+
0e
1e+
-
000.e
abc
.
+
1e
-
-
e10
abc
e10
+
e10
000.e
1.2.3
++1
1e+
abc
0e
e10
-
1e-
e10
000.e
1e
e10
1ee2
1e+
e10
--2
.
--2
abc
0e
000.e
0e
+
abc
--2
1e-
--2
1e
1e-
0e
e10
abc
1.2.3
abc
+
--2
-
-
000.e
1e-
1e
-
e10
1e-
1e-
e10
1ee2
000.e
.
++1
1e+
1e+
+
1.2.3
++1
1e+
1e+
1e+
++1
abc
abc
-
e10
1e+
e10
1e+
--2
1e-
+
1e
.
1e+
1e+
e10
.
abc
--2
++1
+
--2
+
-
1ee2
abc
1e
0e
+
000.e
-
0e
1e-
-
1e-
1.2.3
1e
1e+
+
+
1e-
abc
000.e
1e+
1e-
1e-
000.e
e10
+
e10
1e+
1e
1.2.3
1e
0e
--2
1.2.3
.
.
.
1ee2
1e-
-
0e
1ee2
0e
000.e
1e+
0e
e10
1e+
--2
000.e
000.e
1.2.3
-
000.e
1e
1e+
1e-
e10
abc
1ee2
000.e
-
1.2.3
000.e
++1
-
abc
0e
e10
e10
abc
.
1e-
1.2.3
1e-
-
.
0e
.
000.e
0e
++1
0e
+
1e-
1ee2
++1
++1
1e-
1ee2
1e+
0e
--2
.
-
0e
abc
.
--2
--2
.
abc
e10
abc
++1
++1
1e-
000.e
--2
--2
e10
abc
abc
++1
e10
++1
-
abc
-
abc
+
1e+
1e
1e
1ee2
abc
000.e
000.e
++1
e10
1e-
abc
e10
1e-
+
e10
.
1.2.3
1e+
e10
1ee2
-
--2
0e
+
1e
abc
-
1e-
0e
-
000.e
-
--2
1ee2
e10
e10
++1
1e+
e10
-
0e
e10
+
e10
e10
--2
+
e10
1ee2
-
abc
-
.
0e
1.2.3
1ee2
-
--2
abc
1e
1e-
0e
-
1e+
0e
000.e
++1
1ee2
e10
.
abc
1.2.3
1e-
1e+
.
1ee2
+
1e
1e
1e+
0e
1.2.3
e10
++1
-
1ee2
--2
e10
1e
--2
-
+
abc
1e+
1.2.3
+
1e
+
1e+
000.e
.
-
1e+
1ee2
1ee2
-
e10
1e
1e-
000.e
1.2.3
1e+
++1
--2
-
--2
++1
++1
--2
abc
1e
1e-
1e
1e
-
--2
e10
++1
1ee2
1ee2
1e-
000.e
0e
1e-
000.e
000.e
1e-
1e+
abc
1e+
+
0e
--2
++1
1e-
--2
1e+
e10
1e+
e10
.
-
abc
1e-
1.2.3
1e+
--2
000.e
1.2.3
1e-
+
abc
1e+
.
e10
--2
1ee2
000.e
-
+
1e+
000.e
1e
++1
.
1e-
1ee2
abc
0e
.
1.2.3
+
e10
--2
--2
abc
1ee2
1ee2
.
+
.
e10
+
1e-
1e-
.
e10
1e+
abc
-
e10
1ee2
.
+
--2
++1
-
.
e10
1e-
1e+
0e
000.e
1e
000.e
+
000.e
1ee2
1.2.3
1e-
1e+
1ee2
+
.
1ee2
1e+
+
+
1e+
1.2.3
1.2.3
1e-
abc
-
++1
1e
e10
e10
-
e10
1e-
000.e
++1
+
1e+
e10
--2
000.e
1ee2
--2
.
1e
1ee2
1e-
000.e
e10
1e
000.e
1ee2
--2
1e+
000.e
abc
1e+
1e+
--2
1e
1e+
e10
++1
abc
e10
e10
e10
0e
1e+
0e
1.2.3
--2
.
--2
1.2.3
abc
1.2.3
+
1e-
1e
++1
abc
.
1e+
1.2.3
0e
-
0e
e10
-
0e
1e
1e-
1e+
1.2.3
1e-
1e+
1ee2
++1
+
1.2.3
-
.
abc
.
++1
++1
1e+
1e-
abc
1.2.3
+
.
1e-
abc
1e-
0e
1e+
++1
1ee2
.
e10
0e
000.e
+
0e
1e-
e10
abc
0e
-
1ee2
1.2.3
1.2.3
.
1ee2
.
+
e10
1ee2
e10
1e
e10
+
e10
1e+
++1
1.2.3
--2
-
1e+
.
--2
-
000.e
+
0e
++1
1e+
e10
1.2.3
1e-
1e
1.2.3
000.e
++1
1e
000.e
1e+
1e
1e+
000.e
--2
+
+
abc
1ee2
1e+
1ee2
000.e
1.2.3
1e-
abc
++1
++1
1ee2
abc
000.e
e10
0e
0e
abc
--2
0e
0e
--2
e10
--2
.
1e+
abc
--2
000.e
.
1.2.3
-
1.2.3
++1
-
.
1e-
1e
1e+
000.e
--2
1ee2
000.e
1e
abc
-
1e+
000.e
+
000.e
1ee2
--2
abc
e10
000.e
1ee2
--2
1e
1e+
e10
000.e
1e+
1.2.3
1.2.3
abc
-
1e+
000.e
1e
1ee2
+
1e+
--2
1e
-
0e
1e
000.e
1e+
-
.
1e-
.
1e+
1e
+
000.e
.
abc
1e+
.
.
1e+
1e-
-
.
1e-
-
--2
1.2.3
0e
1e
1.2.3
-
abc
--2
+
000.e
++1
-
000.e
1e+
+
+
1e-
-
1e+
1e+
1e
++1
++1
1e
.
e10
++1
++1
+
1.2.3
0e
1e-
000.e
1.2.3
1e
1e
000.e
+
1e-
0e
0e
1e
1e
0e
1e
1.2.3
+
abc
1e-
1e+
.
000.e
1e
abc
++1
1e+
abc
000.e
e10
abc
e10
e10
1e+
-
000.e
+
abc
1ee2
1ee2
1e
+
1e+
e10
000.e
--2
1e+
1.2.3
000.e
1e
-
++1
000.e
0e
-
1e
++1
+
1ee2
1e-
1ee2
e10
1.2.3
000.e
-
1e+
1.2.3
++1
.
1ee2
1e+
--2
e10
1e
--2
1e
1e+
000.e
+
++1
.
1ee2
-
1ee2
1.2.3
0e
000.e
abc
+
abc
++1
abc
-
e10
e10
.
abc
000.e
1e
e10
++1
-
+
++1
++1
1.2.3
1e
+
abc
1e-
abc
--2
1.2.3
+
1ee2
1ee2
1ee2
abc
--2
1e-
abc
.
000.e
000.e
e10
1e+
0e
1e+
1e+
.
.
1ee2
-
000.e
--2
0e
.
1e-
1e+
--2
++1
1e
++1
000.e
1e-
-
1e+
e10
--2
.
abc
e10
1.2.3
0e
.
.
000.e
abc
000.e
1ee2
1ee2
+
1ee2
1e-
1e
1e
000.e
1e-
000.e
++1
-
1ee2
1.2.3
.
1e-
1e
000.e
.
-
1e-
1.2.3
1e+
.
1ee2
1e
1.2.3
1ee2
0e
1e
++1
1ee2
.
1e
++1
abc
++1
1e+
1e+
--2
.
1ee2
1.2.3
--2
e10
1e-
++1
-
1e+
+
000.e
1ee2
000.e
++1
e10
1e
1.2.3
1e
abc
abc
0e
1e+
000.e
abc
+
e10
++1
1ee2
1ee2
1.2.3
1.2.3
e10
abc
1e
1ee2
1ee2
-
+
+
.
e10
.
1ee2
1e-
000.e
1e+
1.2.3
abc
1e
e10
++1
1ee2
0e
000.e
1e-
1e+
000.e
0e
1ee2
000.e
000.e
.
1.2.3
0e
e10
-
1e+
1e-
1e+
--2
++1
1e-
e10
1e-
0e
+
1ee2
abc
1ee2
1ee2
+
000.e
1ee2
1e-
000.e
1e+
000.e
+
++1
abc
1e-
e10
++1
1e
--2
-
e10
1.2.3
1.2.3
++1
-
0e
e10
-
1e
abc
-
.
abc
--2
000.e
++1
1e
1.2.3
1e
1e-
1e
1e-
0e
-
000.e
1e-
-
+
000.e
1e
e10
1e+
1e-
1.2.3
abc
abc
1.2.3
abc
1ee2
1.2.3
1e-
+
++1
+
+
000.e
000.e
abc
-
+
-
abc
1e-
--2
000.e
-
--2
1e-
000.e
1e
++1
1e
+
000.e
1e+
.
1e+
1ee2
1e-
.
--2
1.2.3
--2
++1
1.2.3
1e+
.
1e-
.
++1
e10
.
-
1.2.3
+
e10
+
--2
++1
-
000.e
e10
++1
000.e
000.e
1ee2
1e
1e+
-
e10
1e
-
1ee2
+
1e+
++1
e10
1e-
++1
1e
--2
1.2.3
e10
1.2.3
1e-
1e
.
.
.
1.2.3
1.2.3
0e
.
abc
abc
000.e
-
1e+
--2
1e-
0e
abc
-
000.e
1e
++1
abc
0e
-
++1
+
1e
000.e
1e
abc
--2
e10
--2
1ee2
1ee2
-
1e
+
000.e
-
++1
1.2.3
+
1ee2
-
0e
1ee2
0e
1e
e10
.
1e+
1e
.
.
.
-
1e-
1e
++1
1e
-
1e-
0e
1ee2
1e-
0e
+
abc
1e
0e
1e-
1.2.3
++1
++1
e10
1e+
+
1e+
.
1e+
000.e
1.2.3
abc
.
1ee2
-
++1
+
abc
1.2.3
+
1ee2
e10
-
0e
-
1e+
e10
1ee2
0e
--2
0e
--2
000.e
--2
e10
1e+
-
+
e10
--2
+
1e
1e-
1ee2
+
+
+
.
1e
--2
.
++1
abc
abc
e10
abc
1ee2
abc
++1
+
1e+
1ee2
1e+
--2
0e
--2
0e
0e
+
1e
abc
1e+
abc
1e-
1e
1e+
1.2.3
0e
e10
000.e
-
abc
1.2.3
--2
+
1e+
1e+
1e-
e10
1e
1e
1e+
1ee2
1e-
e10
000.e
1ee2
abc
1e
1.2.3
e10
e10
0e
+
000.e
e10
1.2.3
1ee2
-
+
++1
abc
-
1e+
.
++1
e10
+
1.2.3
.
+
1e-
-
e10
1e+
-
abc
0e
++1
1.2.3
abc
1.2.3
1e+
++1
e10
--2
++1
--2
1ee2
e10
-
-
++1
0e
e10
1e-
1e-
1e
.
000.e
000.e
1e
1e
0e
.
000.e
1e
1.2.3
--2
1.2.3
--2
e10
1e-
.
.
+
e10
1e-
--2
0e
-
0e
1ee2
000.e
e10
-
e10
e10
abc
1e-
++1
e10
0e
1e+
1e
1e
+
1e-
1e-
.
000.e
1ee2
1e-
-
1e+
1.2.3
+
0e
.
0e
000.e
e10
1e
e10
abc
1ee2
abc
1e
1ee2
--2
000.e
+
.
e10
++1
.
1e+
e10
1e+
.
-
.
1e+
e10
000.e
1.2.3
1e-
-
--2
+
1e-
1e+
--2
abc
1e+
-
000.e
1e-
1.2.3
abc
1ee2
--2
-
--2
.
0e
e10
.
000.e
1e
++1
++1
--2
abc
1.2.3
1e-
1e
000.e
.
--2
--2
1e-
1e-
e10
-
e10
++1
+
abc
1ee2
e10
1e+
--2
1e-
e10
abc
abc
1e+
.
1.2.3
-
+
1ee2
++1
.
1e-
.
e10
1ee2
1e-
.
1.2.3
000.e
1ee2
0e
1e+
1ee2
1.2.3
1e
abc
--2
1e
e10
1ee2
1e+
0e
1ee2
e10
++1
1e-
e10
+
1e+
1e-
1e+
000.e
1e
1.2.3
abc
1e+
+
0e
1e+
1e
e10
++1
--2
e10
000.e
++1
1e+
1.2.3
0e
1.2.3
1ee2
1ee2
abc
1e+
0e
-
abc
abc
1e+
--2
1ee2
--2
--2
+
--2
1e+
1e
000.e
--2
1e+
abc
0e
e10
-
++1
.
-
1e+
1e-
++1
1e-
1ee2
+
--2
1e-
--2
000.e
++1
1e
abc
1e+
1e
.
+
+
abc
.
++1
e10
.
-
1e+
1ee2
+
0e
e10
1.2.3
1ee2
--2
--2
1e
1e-
++1
000.e
-
--2
1e
e10
1e
1e-
+
1e
++1
000.e
1.2.3
--2
1e
1e-
000.e
-
e10
1e-
000.e
0e
1e-
abc
-
1e-
1e-
1e-
1.2.3
abc
+
-
abc
1.2.3
0e
.
1e-
abc
1e
1e-
+
abc
-
e10
abc
1.2.3
1e+
.
+
0e
1ee2
-
1e
e10
1e
+
++1
1e-
abc
1.2.3
--2
e10
1e
e10
1.2.3
0e
-
abc
++1
e10
1e
+
-
1e-
++1
e10
1e
1e+
1e-
1e+
0e
0e
+
1e
1e
-
+
+
1e-
e10
e10
1e+
-
--2
++1
--2
1.2.3
++1
1ee2
1ee2
0e
0e
e10
--2
1.2.3
e10
--2
-
abc
-
.
abc
000.e
1ee2
.
000.e
abc
1e+
1e-
000.e
1.2.3
abc
1e-
abc
e10
++1
e10
++1
1e-
1e+
1e
--2
e10
1e+
1e
1ee2
1e-
1e-
1ee2
1e-
1e+
1ee2
1ee2
+
000.e
e10
0e
-
1.2.3
1e-
.
1ee2
1e+
000.e
1e+
1e-
1.2.3
e10
-
+
abc
000.e
abc
1e
++1
.
1.2.3
1e-
e10
000.e
.
+
0e
+
abc
e10
000.e
++1
1ee2
.
0e
e10
1e
++1
1.2.3
1e
abc
e10
0e
0e
1ee2
1e-
000.e
.
1e
1e+
1e-
1e+
--2
.
+
1e+
1.2.3
1e-
e10
.
e10
1e+
e10
1e+
1e
.
.
000.e
1e+
0e
--2
+
+
e10
1.2.3
-
000.e
+
1e+
+
e10
.
+
+
+
+
1e+
-
1e-
--2
1e+
1.2.3
1e-
1e-
1ee2
000.e
1ee2
1e
.
1ee2
1e+
e10
1e+
.
1e
e10
++1
-
1.2.3
abc
1ee2
-
+
1e
+
1ee2
++1
1.2.3
1ee2
1e+
000.e
1.2.3
--2
--2
e10
1e
000.e
--2
000.e
.
1e+
++1
--2
1.2.3
e10
e10
-
1ee2
1.2.3
1e
++1
.
1e-
++1
++1
0e
1e-
e10
--2
.
-
++1
.
++1
1.2.3
1e
1ee2
abc
000.e
0e
e10
1e
1e-
0e
abc
abc
1.2.3
+
0e
1e+
1ee2
1.2.3
.
.
--2
1e-
1e
--2
--2
-
1.2.3
-
-
000.e
000.e
1e
1ee2
1e+
.
000.e
e10
.
1e+
-
.
0e
+
-
e10
1e-
--2
0e
000.e
1e-
.
000.e
-
+
000.e
1e
.
-
abc
--2
-
1.2.3
1ee2
000.e
1e-
1e
1e-
1e+
1e
--2
.
+
e10
000.e
--2
-
1e+
--2
0e
1e
1.2.3
abc
000.e
++1
e10
abc
e10
-
1.2.3
0e
1e-
1e
-
1.2.3
000.e
0e
1e+
++1
1ee2
.
--2
-
000.e
--2
+
e10
1.2.3
1e-
-
1e-
1ee2
1e+
e10
-
0e
1e-
0e
1.2.3
1.2.3
-
++1
-
1e+
1e+
1e-
0e
e10
000.e
-
1e-
-
1ee2
.
+
-
1e-
abc
abc
1e-
++1
1e-
e10
abc
.
1e+
1.2.3
abc
abc
e10
++1
--2
1e+
++1
-
.
1e+
1e+
+
+
-
abc
1e
.
e10
1.2.3
-
abc
-
-
-
1e
e10
000.e
1.2.3
1e
+
++1
000.e
+
abc
e10
+
1e-
+
000.e
-
.
000.e
1e
-
--2
1e
000.e
e10
0e
--2
e10
++1
--2
abc
1e
++1
-
--2
1ee2
abc
1.2.3
abc
e10
--2
--2
e10
1e
--2
-
.
-
abc
1e-
e10
--2
++1
.
--2
0e
0e
1e
1ee2
000.e
.
0e
0e
-
0e
0e
--2
e10
.
.
0e
000.e
.
000.e
000.e
0e
abc
--2
abc
1.2.3
1e+
000.e
0e
1.2.3
0e
000.e
++1
1.2.3
0e
1e-
++1
abc
e10
abc
1e-
-
--2
1e-
1e-
1e+
1e-
e10
1ee2
--2
abc
++1
0e
0e
+
.
1e-
1e
--2
.
abc
++1
1e-
000.e
1.2.3
e10
000.e
000.e
0e
++1
1.2.3
1e
e10
000.e
e10
1ee2
1e+
.
++1
e10
.
abc
.
1e+
e10
e10
1e
0e
0e
1e
--2
1e+
1.2.3
000.e
abc
+
--2
e10
1e+
1e-
0e
abc
++1
0e
1e+
e10
.
1ee2
e10
abc
1e+
--2
000.e
000.e
abc
e10
000.e
-
+
e10
1e
++1
000.e
--2
.
1e+
000.e
.
1ee2
1e-
abc
abc
++1
1ee2
1e+
0e
1.2.3
1.2.3
--2
000.e
abc
1e-
1.2.3
--2
--2
.
e10
000.e
--2
1e-
1e
--2
0e
++1
abc
1.2.3
.
.
e10
1e-
0e
+
abc
++1
000.e
1ee2
e10
--2
1e-
--2
1e+
.
abc
000.e
e10
1e-
e10
e10
0e
++1
000.e
1ee2
1ee2
000.e
1e
++1
-
e10
000.e
1e-
000.e
1e-
e10
++1
e10
1e+
0e
+
1e+
++1
++1
1e+
1e
1.2.3
++1
0e
1ee2
e10
1.2.3
1.2.3
0e
000.e
-
000.e
1e-
abc
1ee2
-
++1
000.e
++1
++1
0e
1ee2
e10
1.2.3
1e
+
1e-
1e+
1ee2
0e
1e-
e10
1e-
1e-
.
--2
0e
1e
abc
0e
abc
.
1e+
1ee2
+
1e-
1.2.3
+
.
-
+
1e-
abc
000.e
1ee2
e10
--2
.
+
1e
--2
1e-
.
.
1.2.3
-
.
-
1.2.3
-
-
1e+
1e
000.e
++1
-
e10
++1
1ee2
+
1e-
-
e10
1e+
-
-
000.e
++1
1.2.3
-
.
--2
1.2.3
e10
abc
1.2.3
-
1ee2
.
++1
1.2.3
1ee2
.
0e
1ee2
1ee2
0e
.
1.2.3
1ee2
1ee2
1e
e10
1e+
000.e
1e
000.e
1e
e10
+
1.2.3
+
e10
1e
0e
+
000.e
.
000.e
000.e
0e
--2
1e
0e
1.2.3
000.e
--2
000.e
1e
e10
1ee2
1e+
-
1ee2
--2
0e
--2
1.2.3
-
-
--2
abc
--2
.
1.2.3
1.2.3
1ee2
1ee2
1e+
1e
1e-
+
1e
1e-
+
.
--2
.
000.e
abc
++1
-
000.e
1e-
1e+
e10
--2
--2
-
1e+
000.e
+
--2
1e-
1e+
000.e
-
1.2.3
000.e
1e-
000.e
1e+
1e+
000.e
1.2.3
.
1e+
--2
abc
++1
e10
--2
-
1e+
1e
1.2.3
1.2.3
e10
.
++1
1.2.3
1ee2
1e+
1ee2
1.2.3
1e
++1
1e-
--2
1e
1ee2
--2
++1
1ee2
1e+
++1
1ee2
-
000.e
--2
1e
1e+
abc
000.e
0e
0e
e10
--2
1e-
1e
e10
0e
1e+
e10
e10
1ee2
1e+
-
.
--2
--2
1e+
0e
.
1e+
.
-
1e+
1.2.3
0e
e10
1e
1ee2
e10
e10
--2
--2
000.e
000.e
--2
.
++1
1e
-
+
0e
000.e
0e
1.2.3
++1
abc
1ee2
.
1e+
1.2.3
++1
0e
0e
-
1e+
1e+
0e
1.2.3
1e-
0e
--2
-
--2
1e
1e+
1e-
1e
1e-
.
-
0e
1e-
1ee2
+
000.e
0e
--2
.
1ee2
1ee2
.
0e
000.e
++1
000.e
-
0e
-
1e-
1ee2
000.e
-
000.e
abc
.
e10
+
+
-
+
-
1e+
1ee2
000.e
-
1.2.3
--2
1e-
e10
+
1ee2
+
-
1e-
e10
1e+
.
0e
abc
+
1e-
++1
++1
1e-
e10
e10
1e+
1e+
1ee2
-
-
1e-
1ee2
1e+
e10
1e+
1ee2
000.e
1ee2
1ee2
++1
1e
abc
++1
1e-
--2
abc
.
1e+
++1
1e
1e+
1e-
++1
++1
-
+
++1
0e
+
1.2.3
1e
000.e
0e
1e-
++1
--2
1.2.3
1e-
.
e10
1e+
--2
1ee2
.
e10
1e-
0e
++1
e10
--2
e10
1ee2
1e
1e+
+
0e
e10
1e-
++1
0e
abc
000.e
0e
1e-
1ee2
0e
000.e
000.e
0e
abc
-
0e
abc
1e-
e10
1e
++1
++1
1.2.3
1e-
0e
0e
1e+
1e+
.
1e
000.e
--2
.
1e+
1e
1e-
1e-
-
e10
-
1e
1ee2
1e-
1.2.3
.
000.e
1e+
1.2.3
+
0e
000.e
--2
1.2.3
000.e
1ee2
1ee2
1e
.
1e-
abc
-
abc
++1
1ee2
1e+
abc
000.e
.
+
--2
000.e
abc
000.e
abc
000.e
000.e
++1
1ee2
abc
1e
1e+
abc
000.e
1ee2
+
+
+
1e+
.
abc
-
+
++1
abc
--2
1.2.3
0e
1e-
-
000.e
abc
1e-
.
e10
000.e
1ee2
1e+
--2
1e-
1e
0e
.
+
e10
0e
1e-
1e
000.e
1ee2
1.2.3
1ee2
1e
e10
-
+
1e-
1.2.3
+
1e+
++1
-
1e-
++1
1e-
e10
000.e
0e
1e+
e10
1ee2
abc
.
.
.
1ee2
--2
-
+
1e+
1.2.3
--2
000.e
++1
-
1.2.3
1e+
1ee2
1e-
++1
1e+
1e+
--2
1e+
1ee2
1e
-
1e+
--2
-
.
.
++1
0e
abc
1e
1ee2
++1
e10
e10
.
.
1e
-
++1
++1
e10
000.e
1e
1ee2
1.2.3
1.2.3
1.2.3
.
--2
++1
1e-
0e
1ee2
-
1e+
.
e10
-
--2
1e+
1ee2
1e+
.
1e-
000.e
1.2.3
-
++1
1ee2
.
e10
1e+
.
+
1.2.3
--2
1ee2
abc
--2
1e
+
1.2.3
1e-
++1
1.2.3
e10
abc
--2
000.e
1.2.3
++1
abc
--2
e10
e10
++1
1e+
abc
+
1e+
1e
-
1.2.3
1ee2
e10
1ee2
0e
abc
++1
abc
1.2.3
-
--2
1e
+
1e-
--2
--2
1e-
.
.
abc
1e-
0e
e10
++1
e10
abc
--2
0e
.
++1
1.2.3
1e
e10
000.e
1ee2
000.e
1ee2
1e+
1e
1ee2
.
+
+
-
abc
000.e
++1
1e
1.2.3
-
0e
abc
.
000.e
abc
e10
--2
e10
1e
0e
--2
1e-
1e
+
+
+
--2
0e
1e+
.
1e-
+
.
+
--2
+
1e+
1e+
1e-
0e
++1
1e+
e10
000.e
1.2.3
--2
1e+
1ee2
e10
0e
000.e
--2
abc
-
0e
1e+
1e-
1e+
1.2.3
1e+
1e-
0e
1e
1ee2
.
1ee2
.
+
+
1e
--2
++1
1e-
1.2.3
--2
1ee2
1e+
000.e
e10
1.2.3
+
e10
000.e
-
-
0e
1e
++1
000.e
1e+
1ee2
abc
1e+
e10
1e-
-
1.2.3
1e
1ee2
1e
1e
000.e
--2
1.2.3
0e
0e
.
+
1e-
000.e
+
1e+
+
abc
e10
1e-
0e
000.e
--2
--2
1e-
e10
1e+
000.e
1e+
1.2.3
1e-
1ee2
e10
.
0e
e10
0e
e10
--2
+
1e
--2
1e+
1.2.3
1e-
1.2.3
1e-
1e-
0e
000.e
1.2.3
1.2.3
0e
1.2.3
0e
1e-
1e+
.
++1
1.2.3
abc
-
000.e
1.2.3
++1
1e
1e-
1e-
1ee2
.
1e+
1e
1e
1.2.3
1.2.3
1e+
1e-
+
0e
0e
1e-
1e-
abc
++1
abc
1e+
0e
-
1.2.3
0e
+
0e
1.2.3
1e-
1ee2
1e
000.e
1e-
+
-
000.e
e10
0e
-
1e+
1e+
1e-
1e
.
1.2.3
--2
0e
++1
--2
1ee2
1.2.3
1.2.3
e10
1.2.3
1e
1e+
-
1e-
-
1ee2
abc
--2
1e
1e
000.e
e10
1e-
000.e
++1
0e
1e+
1e-
--2
000.e
++1
abc
1.2.3
1e+
.
++1
-
1e
-
1.2.3
1e-
1e+
1e+
abc
++1
abc
1e-
000.e
++1
+
1e
abc
1e
e10
1e+
1ee2
1e
+
.
.
1e-
1e-
0e
000.e
.
++1
+
000.e
1e+
1e-
.
0e
.
--2
1e-
000.e
abc
--2
abc
--2
--2
+
1e
1ee2
++1
1e+
1e
000.e
1e
1e
000.e
.
1.2.3
abc
1e
1e
abc
1e+
abc
1e-
1ee2
1e+
0e
1e
e10
--2
.
1.2.3
.
-
000.e
1ee2
0e
-
1.2.3
0e
-
1.2.3
.
1e+
1.2.3
abc
1e
.
+
+
++1
.
+
1e+
1.2.3
--2
.
1e
+
.
1e-
0e
0e
1e-
1e-
0e
1e+
.
+
--2
0e
+
-
.
-
1e-
+
000.e
--2
000.e
++1
1.2.3
1e-
0e
e10
1e+
0e
1.2.3
000.e
++1
+
0e
1ee2
.
e10
0e
.
--2
1e-
000.e
e10
1e-
1.2.3
1e
++1
abc
1e+
1e
1ee2
1e
abc
e10
-
--2
1ee2
1ee2
--2
++1
++1
-
1e+
1.2.3
--2
1e+
1.2.3
1e-
1e-
1e
++1
000.e
1ee2
1e+
1e
1e+
--2
+
1ee2
.
0e
0e
-
+
1e-
--2
1e-
-
1ee2
0e
.
0e
+
+
1e+
--2
1e-
--2
++1
1e+
1.2.3
1e
+
--2
1.2.3
-
1e+
e10
++1
-
++1
1e+
1e+
e10
1.2.3
++1
e10
1e
+
--2
++1
1e
1e-
1.2.3
+
1e+
++1
1e+
abc
1e
+
++1
e10
1ee2
1ee2
-
1.2.3
++1
1e+
++1
1ee2
1.2.3
1e-
-
1.2.3
++1
1e+
1.2.3
e10
-
1.2.3
1ee2
abc
e10
-
e10
.
abc
+
e10
000.e
1ee2
1e-
.
0e
e10
1.2.3
e10
abc
0e
1e
1e-
1e-
--2
-
1e-
1e
+
1ee2
0e
-
e10
1ee2
.
1.2.3
1.2.3
1e
0e
.
1ee2
-
+
e10
e10
e10
e10
+
000.e
000.e
1e-
1e+
+
--2
1e
-
0e
.
e10
abc
0e
000.e
.
1e
0e
1.2.3
1e-
0e
.
.
1.2.3
abc
.
000.e
1.2.3
-
1e-
++1
--2
+
0e
--2
1e
0e
.
.
+
-
1.2.3
1e+
1e-
--2
-
.
1ee2
abc
abc
++1
++1
000.e
1.2.3
e10
1ee2
e10
e10
0e
abc
+
1.2.3
abc
1e-
1e+
0e
abc
abc
1.2.3
+
.
+
1ee2
1e-
abc
abc
--2
1e
1ee2
e10
1e-
000.e
1e+
1e-
.
1.2.3
+
.
1e+
000.e
++1
1e-
1.2.3
1e
--2
000.e
++1
+
e10
abc
-
1e
1ee2
1e-
1.2.3
1.2.3
0e
--2
1ee2
0e
e10
e10
1e
1e+
1e+
e10
abc
000.e
1ee2
1.2.3
abc
1e-
+
1e
1e
1e-
1e-
+
abc
1.2.3
--2
1.2.3
-
+
1.2.3
++1
1e-
++1
1e-
1e-
abc
000.e
000.e
1e-
e10
.
000.e
1e
1e+
1.2.3
1e-
1e-
abc
1ee2
.
abc
1.2.3
0e
1ee2
.
+
e10
1e+
1e-
+
0e
+
000.e
++1
abc
++1
e10
1e-
000.e
++1
1ee2
+
.
++1
--2
--2
--2
e10
-
1e+
-
0e
000.e
-
.
abc
--2
1e
1ee2
1e+
+
000.e
000.e
-
--2
0e
0e
.
1ee2
1ee2
1e-
0e
abc
--2
1.2.3
--2
0e
abc
1ee2
--2
++1
--2
1e+
--2
1.2.3
abc
1e+
e10
abc
--2
1ee2
+
--2
+
--2
0e
--2
e10
e10
1e
+
1e+
1e+
1e
-
1.2.3
000.e
.
1e+
abc
1e
abc
1.2.3
--2
000.e
e10
1e+
1ee2
1e-
1ee2
+
++1
e10
1e+
0e
+
abc
++1
abc
1e+
0e
0e
1.2.3
1e+
1ee2
1ee2
--2
1.2.3
e10
1e
1e
1e+
-
1e
1e
1e
1.2.3
1e-
--2
1ee2
1.2.3
+
1e-
1e
1e
++1
1e
1e
e10
1.2.3
000.e
1.2.3
1ee2
+
abc
1e+
1e
abc
-
abc
0e
++1
-
abc
+
.
1e+
1e
++1
e10
0e
1e-
1e+
1ee2
-
1e+
e10
e10
1.2.3
--2
1e-
.
abc
+
abc
1e+
1e
abc
-
--2
e10
--2
1ee2
+
1.2.3
--2
1e-
0e
-
-
000.e
abc
+
1ee2
0e
1.2.3
1e
--2
e10
1e-
1e
1ee2
1ee2
1e+
1e-
1ee2
.
abc
--2
1e+
1e-
000.e
e10
1ee2
1e-
+
1ee2
1e+
1e
abc
++1
1.2.3
e10
--2
e10
--2
0e
++1
--2
1e
1.2.3
0e
abc
--2
-
+
0e
++1
0e
000.e
+
.
.
1ee2
1e
1.2.3
1e-
e10
+
1e-
e10
0e
--2
++1
.
1ee2
1.2.3
--2
e10
++1
1.2.3
1e
0e
1e+
.
abc
1e
000.e
++1
1e
1.2.3
1e-
1ee2
.
+
1e+
1e-
abc
0e
.
.
-
1e
++1
000.e
--2
1e+
-
1ee2
.
000.e
1ee2
+
abc
-
--2
1ee2
1.2.3
0e
.
1ee2
1e+
0e
1ee2
-
+
1e-
abc
1e-
000.e
--2
1e+
1.2.3
+
e10
1.2.3
000.e
0e
e10
0e
e10
abc
.
1ee2
-
1ee2
1ee2
1e-
1e+
1ee2
--2
+
0e
1e+
0e
abc
1e-
++1
-
abc
000.e
--2
1e
e10
++1
+
0e
0e
.
--2
--2
++1
+
000.e
1e
++1
abc
0e
1ee2
.
abc
.
+
1.2.3
1.2.3
1e
1e-
abc
000.e
.
1.2.3
.
++1
abc
++1
1ee2
1e
1.2.3
++1
++1
0e
abc
1ee2
1e+
000.e
000.e
1e-
1.2.3
abc
1e-
000.e
1.2.3
1e+
-
.
1e+
++1
e10
-
--2
1.2.3
e10
++1
1e
-
++1
.
1e-
++1
1e
1ee2
abc
1e-
++1
.
e10
0e
0e
000.e
+
+
1e-
--2
+
000.e
-
+
1ee2
1ee2
0e
0e
1ee2
000.e
e10
000.e
+
1e
1.2.3
1e-
--2
1e
1e
.
abc
--2
1e
1.2.3
1.2.3
-
-
1e
e10
1e
abc
++1
0e
e10
+
abc
1e-
1e+
abc
1.2.3
1.2.3
.
++1
+
.
-
1e
1ee2
1.2.3
000.e
.
e10
e10
abc
1e+
1.2.3
1e-
1.2.3
.
1.2.3
0e
++1
000.e
-
1e+
-
000.e
--2
1e-
0e
+
000.e
1.2.3
--2
++1
0e
+
abc
-
abc
1e-
abc
1.2.3
-
abc
+
.
1e-
--2
e10
1ee2
000.e
++1
--2
--2
000.e
1e-
1e+
1e+
1e+
+
++1
+
-
000.e
1e+
e10
e10
abc
+
1e-
1e
.
000.e
1ee2
+
+
-
.
1e-
+
--2
000.e
1e
abc
0e
+
+
+
-
1e
abc
+
1e+
-
1ee2
.
1ee2
0e
1e-
abc
1.2.3
-
1e-
000.e
1e+
0e
abc
-
1e-
+
+
.
-
000.e
abc
1e+
.
1.2.3
000.e
e10
000.e
e10
000.e
0e
1e-
1e
abc
1e
1e+
1ee2
000.e
1e-
++1
1e
.
e10
0e
++1
+
+
0e
e10
--2
1e+
1e-
+
++1
--2
0e
1ee2
++1
1ee2
1e
1e+
0e
1e+
1e
000.e
--2
1e
.
000.e
1ee2
+
e10
1e
1e
0e
1.2.3
1e-
-
0e
abc
.
0e
+
1e+
1e-
000.e
.
1e+
-
1e
+
1e+
e10
1.2.3
0e
+
e10
+
000.e
1e-
-
++1
abc
1ee2
--2
e10
-
0e
.
1e-
0e
1e+
000.e
e10
1e
1e+
1ee2
--2
e10
1.2.3
--2
1e
e10
0e
1.2.3
-
1e+
1ee2
-
.
0e
1.2.3
e10
e10
.
1e+
-
1.2.3
1e
1e
e10
+
++1
--2
.
1e+
-
--2
--2
abc
1e-
1e+
++1
++1
1e+
1ee2
.
1.2.3
000.e
--2
--2
e10
000.e
-
1e
+
.
.
abc
1e+
1ee2
e10
++1
0e
1e
e10
1.2.3
1e+
.
+
1e+
000.e
abc
1e
++1
1e
e10
0e
-
000.e
1ee2
1e-
-
-
.
--2
1ee2
1ee2
1e-
-
1e
1ee2
abc
000.e
--2
-
abc
-
.
+
000.e
--2
--2
000.e
1e-
1e+
1.2.3
000.e
1ee2
e10
abc
--2
000.e
1.2.3
-
.
1e+
0e
+
1e+
++1
1.2.3
1e+
abc
1e
e10
abc
1ee2
++1
1e+
++1
abc
1.2.3
1.2.3
000.e
abc
0e
000.e
1.2.3
+
e10
1e+
++1
1ee2
0e
.
e10
1e
++1
.
.
-
1e-
1e
1.2.3
1e-
1e+
1e
e10
abc
0e
1ee2
1.2.3
1.2.3
e10
+
1e
1ee2
.
1ee2
1e
1e+
1ee2
--2
000.e
+
000.e
1e
++1
++1
1e
-
+
abc
1e
+
1e-
++1
+
1e
e10
1.2.3
1e+
-
0e
e10
1ee2
000.e
000.e
abc
000.e
e10
--2
e10
++1
1ee2
1ee2
--2
1e+
0e
1.2.3
e10
-
.
.
abc
--2
1e
.
--2
1.2.3
1.2.3
000.e
+
++1
++1
abc
0e
abc
1ee2
1ee2
000.e
000.e
000.e
-
0e
0e
1.2.3
1e+
1e-
1e+
1e-
000.e
-
-
-
--2
+
.
1e-
1e-
0e
1.2.3
abc
++1
000.e
+
1e
1e
000.e
abc
e10
1ee2
000.e
e10
1.2.3
1.2.3
1e+
--2
-
1ee2
e10
-
000.e
0e
-
e10
e10
1e
+
1e+
++1
1e-
--2
1e-
1e-
000.e
1ee2
-
1e
1e-
1.2.3
++1
1.2.3
.
000.e
--2
+
e10
0e
1ee2
1e-
++1
++1
000.e
+
--2
1e-
+
000.e
--2
000.e
++1
abc
e10
abc
1.2.3
1ee2
abc
0e
1e-
++1
++1
+
.
++1
1e-
1e-
1.2.3
1e
1ee2
1e+
-
1e
e10
+
1e
1e
--2
0e
abc
--2
-
0e
e10
1ee2
1ee2
0e
1.2.3
e10
000.e
-
abc
1e
.
+
1.2.3
1e
1e+
1e-
.
+
--2
000.e
abc
--2
-
abc
1.2.3
e10
0e
1e+
000.e
++1
000.e
.
++1
-
0e
1.2.3
1e-
0e
1ee2
-
0e
abc
0e
1.2.3
.
e10
1e-
0e
000.e
000.e
1ee2
1ee2
+
1e+
++1
--2
000.e
0e
1e-
1.2.3
000.e
0e
++1
abc
e10
000.e
+
1ee2
+
--2
e10
0e
.
++1
1ee2
++1
000.e
1ee2
1ee2
++1
000.e
0e
++1
1.2.3
1ee2
1e-
abc
1ee2
1e-
1.2.3
0e
-
0e
1ee2
1ee2
1.2.3
1e+
abc
1e-
000.e
000.e
++1
1.2.3
1e-
++1
+
1.2.3
-
1ee2
1.2.3
--2
--2
abc
-
1e
000.e
000.e
1e-
--2
1e
0e
+
0e
1.2.3
1e+
+
++1
1.2.3
1e
000.e
1e
000.e
0e
1e-
1.2.3
++1
--2
.
--2
1ee2
--2
--2
++1
1e+
0e
0e
++1
1e-
1e
1e-
abc
abc
1e+
-
++1
1e-
0e
abc
000.e
1e-
1e-
1ee2
++1
0e
1e
abc
--2
+
--2
-
1e-
1e
1e-
1e+
abc
++1
1e+
1ee2
1ee2
1e+
.
++1
-
e10
e10
-
1e
e10
1e-
000.e
++1
1.2.3
1e+
+
.
1e
.
1ee2
1e-
.
--2
1e
+
--2
1.2.3
0e
000.e
1e
--2
++1
-
1e
+
1ee2
--2
1e+
e10
1e-
--2
1e+
1ee2
1e+
1e
1.2.3
000.e
+
0e
e10
1e+
e10
abc
+
.
e10
abc
abc
-
1e-
abc
+
e10
+
-
.
+
0e
++1
1e
--2
1e+
e10
000.e
--2
000.e
.
--2
-
000.e
000.e
-
e10
e10
1ee2
1ee2
1.2.3
e10
++1
.
e10
abc
1e-
+
0e
1e-
e10
1.2.3
-
1e+
.
e10
+
0e
-
++1
1e-
1ee2
000.e
.
-
+
e10
1e
0e
1e
1.2.3
000.e
000.e
--2
0e
1ee2
.
1e
.
.
1e-
0e
.
1e
e10
1.2.3
-
1.2.3
++1
000.e
0e
-
1e
--2
000.e
--2
1e
1e+
0e
0e
1.2.3
e10
--2
1e+
abc
abc
000.e
1e
++1
++1
1e
1e-
1e
++1
1e+
1.2.3
+
+
e10
.
1ee2
0e
1e+
1ee2
e10
1.2.3
--2
1ee2
.
000.e
+
0e
abc
e10
.
abc
1ee2
1ee2
000.e
abc
000.e
e10
--2
abc
+
++1
+
1.2.3
--2
1ee2
0e
1ee2
abc
1.2.3
-
--2
++1
e10
.
--2
.
1.2.3
-
1e-
++1
1e+
1ee2
.
abc
--2
1e-
+
abc
000.e
1e
0e
+
1e-
abc
abc
--2
.
1e-
-
0e
1e+
1e-
1ee2
000.e
++1
.
++1
++1
.
--2
++1
.
abc
.
1e
000.e
1e
1.2.3
1ee2
e10
-
abc
1e
0e
0e
.
abc
1e-
e10
1e-
-
1e+
0e
-
1e+
1e
abc
1.2.3
e10
000.e
1e-
0e
0e
0e
-
1e
1ee2
1.2.3
1.2.3
000.e
e10
abc
e10
1e-
1e-
1ee2
-
abc
1e
1.2.3
1e+
+
++1
--2
+
.
-
e10
1e
-
.
abc
-
abc
1ee2
1.2.3
0e
000.e
1ee2
--2
++1
+
e10
++1
1.2.3
abc
000.e
-
abc
1e
1e+
0e
e10
abc
1e
++1
000.e
1ee2
000.e
.
-
++1
1e+
e10
1e-
.
++1
.
1e-
1e-
++1
+
1ee2
1e
--2
1e-
1e+
1.2.3
1e-
--2
1ee2
abc
1e+
0e
+
000.e
.
0e
.
1e-
1ee2
++1
--2
abc
e10
1e
+
000.e
e10
1e+
1e-
abc
1e+
abc
.
0e
.
1ee2
++1
0e
000.e
1.2.3
-
e10
0e
++1
--2
--2
1ee2
1.2.3
000.e
1e
0e
1e+
000.e
--2
+
+
e10
0e
000.e
-
000.e
e10
-
.
.
++1
1ee2
-
1e+
-
1e-
.
1e
1e
e10
.
1.2.3
000.e
000.e
1e-
-
0e
--2
1.2.3
e10
1ee2
0e
--2
.
.
+
1.2.3
1e
1e+
.
e10
1e-
--2
-
000.e
000.e
1ee2
1ee2
.
1ee2
0e
++1
000.e
1e-
1e+
1.2.3
abc
1e+
+
1e
1e-
1e-
-
-
1e
--2
1e-
++1
-
++1
0e
+
-
abc
abc
1e
1e
e10
+
+
1e
e10
--2
1.2.3
000.e
1ee2
1e
abc
.
1e-
abc
1e-
+
e10
0e
1e-
1.2.3
-
-
1.2.3
++1
1.2.3
0e
e10
000.e
--2
.
++1
1e-
1e
abc
++1
++1
abc
000.e
1e-
abc
1ee2
--2
e10
1e
1ee2
++1
1.2.3
.
-
0e
1e
1.2.3
++1
e10
1ee2
-
1ee2
1e+
abc
abc
1ee2
.
.
1e+
abc
1ee2
1ee2
e10
0e
++1
--2
1e-
.
-
0e
-
e10
1ee2
1e
abc
000.e
--2
1.2.3
1e+
1e-
1e+
1e+
++1
1ee2
1e-
e10
--2
1e-
++1
1e+
abc
++1
+
-
++1
e10
+
1ee2
e10
1e-
0e
++1
++1
1e
.
.
--2
-
1e-
1ee2
.
1ee2
1.2.3
1ee2
000.e
--2
1ee2
000.e
1ee2
1e-
+
0e
1.2.3
1ee2
1ee2
++1
000.e
1e-
abc
1ee2
1e-
+
+
++1
1e
1e+
000.e
000.e
--2
1ee2
1.2.3
++1
1e-
++1
--2
--2
000.e
--2
-
-
1e+
1ee2
1e+
1.2.3
1e+
1e+
+
++1
1e
abc
+
+
-
1ee2
1.2.3
--2
1ee2
1ee2
+
1.2.3
1e-
1ee2
1ee2
-
.
e10
000.e
0e
1e
1e
1.2.3
e10
1e
abc
abc
abc
.
-
1ee2
abc
1.2.3
e10
1e
1e
abc
++1
-
-
1e+
1ee2
0e
1ee2
+
--2
000.e
000.e
++1
000.e
1e+
+
e10
abc
++1
++1
+
1.2.3
1ee2
-
0e
abc
0e
0e
+
-
1e-
000.e
.
+
e10
e10
1.2.3
000.e
1ee2
++1
000.e
1ee2
1.2.3
1e-
-
abc
1e
1.2.3
1ee2
.
0e
1e-
-
--2
--2
--2
0e
.
-
000.e
+
0e
0e
+
1ee2
abc
e10
-
000.e
++1
--2
1ee2
.
+
+
e10
000.e
1.2.3
1.2.3
++1
++1
1e
+
e10
+
1e
++1
+
+
1ee2
++1
-
1e
1e
1e+
-
e10
-
.
e10
1ee2
.
abc
1.2.3
e10
1ee2
1e+
000.e
1.2.3
000.e
+
++1
1ee2
.
++1
-
0e
abc
0e
1e-
1e+
1e
1.2.3
1ee2
++1
e10
1e+
1e-
e10
1.2.3
e10
+
1e-
1e
1ee2
--2
0e
1e-
1ee2
.
1e
+
1e
1e-
-
+
abc
.
--2
abc
1ee2
000.e
+
++1
abc
--2
1e+
+
0e
000.e
abc
1.2.3
1e-
--2
-
e10
abc
-
--2
+
1e-
-
e10
++1
--2
abc
-
1ee2
0e
1e+
--2
000.e
1e+
+
++1
1e
1e
1e+
000.e
.
1e+
1ee2
1ee2
++1
e10
1e
000.e
1.2.3
++1
1.2.3
.
e10
+
1e+
1e
.
e10
000.e
abc
000.e
1ee2
++1
abc
1.2.3
-
-
000.e
1e
.
+
1e+
000.e
e10
1ee2
000.e
e10
1ee2
abc
abc
1ee2
1e+
1.2.3
0e
e10
000.e
--2
000.e
1e+
1e+
abc
.
000.e
+
1.2.3
--2
1.2.3
1ee2
e10
--2
e10
-
1e+
0e
1e
--2
0e
0e
1e+
000.e
e10
+
1e
1.2.3
0e
e10
1.2.3
1e+
.
0e
1e
++1
1e+
+
--2
.
e10
++1
e10
.
0e
1e
abc
e10
--2
1ee2
++1
--2
-
+
++1
.
-
-
000.e
-
1e
000.e
0e
++1
1e-
-
e10
1.2.3
abc
--2
1e+
1ee2
e10
--2
1.2.3
-
abc
+
1e
000.e
abc
0e
.
1e-
1e-
1.2.3
1.2.3
++1
1.2.3
1e+
--2
abc
1e-
-
-
1e+
0e
.
e10
000.e
000.e
1e-
1.2.3
1ee2
1.2.3
-
e10
abc
++1
.
1ee2
+
.
++1
1.2.3
+
1e-
-
0e
1ee2
--2
++1
--2
1.2.3
1e
-
e10
.
-
+
1.2.3
000.e
e10
+
+
--2
1ee2
abc
e10
e10
--2
abc
000.e
abc
++1
0e
0e
000.e
000.e
++1
1e
000.e
abc
e10
.
000.e
.
1e+
-
+
1e-
abc
1e+
++1
+
e10
abc
+
++1
1e-
+
1e-
1.2.3
1.2.3
e10
1e-
000.e
.
+
0e
0e
1e+
1e-
1.2.3
-
1e-
0e
abc
+
abc
1ee2
-
++1
++1
1e-
1.2.3
++1
+
1e
0e
1.2.3
0e
1e+
-
1.2.3
1ee2
1e
1e-
1ee2
e10
+
1e-
1e-
.
.
.
.
0e
abc
--2
++1
1.2.3
0e
++1
++1
1e-
000.e
1e
++1
1.2.3
1e+
++1
abc
1e+
+
-
000.e
--2
1ee2
1.2.3
.
0e
.
-
1.2.3
0e
e10
1e-
1.2.3
.
-
++1
+
e10
.
++1
000.e
.
--2
.
1e-
--2
+
abc
.
+
1.2.3
e10
1e
1e-
abc
++1
1e
++1
1ee2
000.e
1e+
+
-
--2
1e+
++1
000.e
+
0e
++1
--2
+
.
1ee2
1ee2
abc
abc
abc
000.e
--2
1e
-
0e
000.e
000.e
-
1e+
--2
1e+
1e
-
-
1.2.3
--2
-
abc
--2
1.2.3
--2
+
++1
.
-
1ee2
1e+
1e
e10
abc
abc
abc
++1
1e-
.
.
+
1e+
e10
--2
+
1e+
1ee2
++1
++1
1e+
--2
+
1e-
0e
0e
1e-
+
+
.
1e-
+
.
e10
1e
000.e
1e-
--2
1e
e10
1ee2
++1
1ee2
.
.
.
--2
1ee2
--2
.
1e+
0e
.
1.2.3
+
abc
-
abc
-
1ee2
.
.
e10
-
e10
.
1e+
abc
1e-
000.e
e10
000.e
e10
1e
e10
e10
--2
++1
e10
abc
000.e
1e-
000.e
-
1e+
++1
000.e
+
000.e
000.e
.
1e+
--2
+
1e+
1.2.3
1e-
1e-
+
1e
-
1e
--2
++1
abc
-
.
+
000.e
1e-
1e+
1e-
.
1e
-
1e-
e10
-
--2
000.e
--2
1.2.3
000.e
0e
abc
--2
0e
000.e
e10
1e-
abc
abc
0e
1e-
e10
1e+
1.2.3
--2
+
-
--2
0e
e10
abc
1e-
++1
-
1e-
-
000.e
--2
++1
e10
abc
1e-
1e+
--2
0e
1e
1.2.3
e10
1ee2
1.2.3
0e
1e+
1e+
1e+
--2
1e-
1e
1.2.3
1e
e10
++1
000.e
1.2.3
+
--2
1e+
++1
.
1.2.3
.
1e
1ee2
1e-
.
1e-
000.e
++1
--2
1e-
--2
abc
1e
++1
0e
000.e
1ee2
+
+
000.e
1.2.3
--2
1ee2
1.2.3
e10
+
1ee2
1.2.3
1ee2
+
+
+
000.e
1e
1e
--2
1e+
1e+
000.e
1e
0e
--2
--2
+
1e+
e10
-
0e
abc
1e
--2
++1
0e
1.2.3
1.2.3
abc
1e
000.e
0e
000.e
-
1e
1e-
1e
1e+
++1
abc
--2
1ee2
e10
.
000.e
abc
1e+
++1
1e-
--2
000.e
--2
1e-
e10
000.e
++1
.
1e
000.e
abc
++1
e10
1ee2
--2
.
e10
abc
abc
0e
1.2.3
0e
1ee2
1.2.3
abc
--2
000.e
1ee2
++1
+
-
000.e
e10
000.e
.
1e-
abc
1ee2
e10
--2
+
e10
--2
1.2.3
+
--2
+
--2
++1
--2
1e+
1ee2
1e
1.2.3
0e
1e+
.
1ee2
1e-
-
-
1e-
--2
abc
1e
abc
1e
e10
-
-
1e-
abc
e10
--2
-
+
-
.
1e-
1.2.3
e10
1ee2
1e
1e+
+
.
1e+
1e-
.
000.e
.
+
+
-
1.2.3
1ee2
abc
1e+
--2
0e
.
0e
+
1e-
-
++1
000.e
1.2.3
0e
1.2.3
1e
--2
++1
1e-
++1
1.2.3
000.e
+
abc
e10
0e
1e+
--2
1ee2
e10
1e-
1.2.3
++1
1.2.3
+
1e-
0e
abc
1e-
++1
1e-
1.2.3
abc
1.2.3
1.2.3
1ee2
.
abc
e10
1.2.3
--2
--2
--2
1e
1.2.3
e10
1e
1ee2
1e+
e10
-
1e-
e10
-
1e
1.2.3
0e
-
e10
-
++1
abc
++1
--2
+
-
1e
abc
000.e
1ee2
000.e
e10
abc
e10
1.2.3
--2
--2
.
+
abc
1ee2
1ee2
000.e
--2
++1
000.e
1e-
+
1e+
000.e
1.2.3
0e
0e
1e-
++1
+
abc
1e
1e-
++1
1e+
+
++1
-
1e-
0e
e10
++1
--2
000.e
abc
1e+
0e
1e
--2
1.2.3
.
000.e
e10
+
e10
1e+
+
1e-
.
1ee2
--2
1ee2
--2
0e
1ee2
1e
1e+
000.e
0e
1.2.3
1e
e10
1e+
0e
++1
1.2.3
-
000.e
000.e
--2
.
abc
.
1e+
e10
--2
000.e
1e-
1e-
-
1.2.3
1e-
e10
1ee2
1e-
++1
-
+
1.2.3
0e
++1
e10
000.e
abc
.
1e
1e-
e10
e10
1.2.3
1e-
+
1e-
++1
abc
1e+
e10
1e-
1e+
+
000.e
++1
abc
e10
1.2.3
1ee2
1e-
1e-
000.e
.
e10
++1
.
1e
000.e
0e
+
000.e
1e
e10
.
0e
abc
1ee2
-
++1
1e
++1
1e
-
1ee2
++1
1e-
+
1e
1e
1e
e10
++1
.
1ee2
1e+
0e
0e
1e
+
1.2.3
1e-
000.e
-
+
++1
000.e
0e
e10
1e+
1e-
++1
abc
+
+
1.2.3
1ee2
1e+
1.2.3
1e+
.
.
000.e
--2
abc
+
1e-
1e+
abc
1e
1e
--2
+
++1
abc
+
1e+
1.2.3
+
1ee2
0e
1ee2
--2
1e+
000.e
.
1e+
.
1e+
0e
++1
-
1ee2
abc
e10
1e-
1e
1e+
++1
0e
1e-
++1
e10
abc
0e
+
1.2.3
--2
+
++1
abc
1.2.3
--2
000.e
e10
-
0e
1.2.3
1ee2
1e+
abc
++1
.
+
1e-
--2
.
1e+
e10
1e
000.e
e10
-
000.e
--2
.
--2
++1
1e-
1e-
e10
1.2.3
1e
000.e
abc
++1
1e-
++1
e10
0e
0e
000.e
++1
-
++1
1ee2
+
1e-
1e+
--2
1e-
--2
0e
000.e
+
e10
1.2.3
000.e
e10
--2
1ee2
-
1e+
1e
1ee2
000.e
0e
e10
.
+
1e+
.
000.e
-
1e+
+
1.2.3
abc
1ee2
.
1e-
1e+
1ee2
1e+
1.2.3
1e+
e10
+
e10
e10
e10
1ee2
++1
.
.
1e+
--2
0e
1e
.
--2
0e
1.2.3
abc
1.2.3
+
++1
1ee2
000.e
++1
abc
1e
1ee2
1ee2
0e
e10
.
1ee2
--2
1.2.3
1.2.3
-
e10
000.e
1ee2
0e
1ee2
++1
000.e
1e+
1ee2
--2
1e
1e+
-
1ee2
0e
+
--2
--2
+
1ee2
1e
e10
++1
.
1.2.3
1.2.3
000.e
abc
++1
1ee2
abc
000.e
abc
+
+
-
1ee2
1e
--2
1e+
.
e10
--2
000.e
1.2.3
1e
e10
-
1e-
++1
-
1e-
e10
1e-
.
+
+
1ee2
e10
.
1e-
1.2.3
1e-
e10
1ee2
-
1ee2
1.2.3
1ee2
1e+
.
1e+
.
000.e
abc
+
1e+
1e-
++1
--2
0e
e10
++1
e10
.
1e+
1e-
e10
1ee2
--2
1ee2
1e+
.
+
.
+
abc
1.2.3
1.2.3
1ee2
+
+
1e-
+
e10
1.2.3
.
000.e
1e+
e10
1e-
1e+
e10
000.e
000.e
--2
++1
--2
1.2.3
+
1e
e10
0e
abc
--2
--2
abc
1.2.3
1e-
--2
0e
abc
1e
000.e
000.e
000.e
1.2.3
.
.
1ee2
0e
-
0e
-
1e
abc
1e-
1e+
--2
++1
000.e
.
--2
+
.
++1
1ee2
.
-
1.2.3
1e+
.
-
1.2.3
abc
+
++1
1ee2
+
e10
+
1e
1ee2
+
1ee2
++1
1e
+
.
abc
1e
abc
0e
1e+
1e+
.
+
e10
000.e
1ee2
000.e
-
+
-
1e
1e-
+
--2
+
.
1.2.3
.
e10
1.2.3
--2
--2
1.2.3
e10
000.e
+
++1
+
abc
+
.
+
-
++1
++1
++1
+
1e+
1e+
1ee2
+
1ee2
--2
abc
+
1e-
1e
1ee2
1e+
-
0e
1e
000.e
++1
++1
++1
-
000.e
1e-
++1
0e
1ee2
.
.
.
0e
1e+
1e
+
e10
1ee2
0e
0e
e10
1.2.3
1e
1.2.3
0e
e10
abc
1ee2
1e
1e+
000.e
1e
1ee2
+
++1
e10
abc
.
1e+
++1
1e
+
1e+
--2
1e-
-
1.2.3
-
1.2.3
1.2.3
000.e
+
--2
--2
1e-
abc
1e+
1e-
.
-
++1
-
.
0e
abc
abc
e10
1.2.3
0e
--2
+
+
1.2.3
.
1ee2
-
-
1e-
-
1e+
1.2.3
e10
1.2.3
1ee2
--2
abc
1ee2
1e+
1ee2
1ee2
--2
abc
-
1e
--2
abc
-
1e
e10
abc
abc
abc
-
000.e
1e
-
1ee2
+
-
--2
++1
000.e
000.e
.
+
abc
+
e10
.
1e+
++1
+
-
e10
1ee2
abc
.
1.2.3
++1
1ee2
+
1e-
1e-
.
1e
-
1e-
000.e
1.2.3
000.e
1e+
1e
000.e
+
1.2.3
-
1ee2
-
1e
1e-
e10
1e-
000.e
1.2.3
1e-
1e
--2
++1
--2
1e-
++1
000.e
1e
e10
1.2.3
abc
1ee2
--2
0e
--2
-
1e+
+
1.2.3
--2
.
1e
++1
+
e10
--2
1e
e10
1e-
-
1.2.3
0e
abc
-
--2
1.2.3
.
.
1e
abc
000.e
1e
+
-
++1
1e-
.
1ee2
000.e
-
e10
1e
e10
0e
000.e
1.2.3
abc
1ee2
1e+
1ee2
+
1e
1e
+
1e+
+
1e+
1e+
1e+
1e-
0e
0e
++1
1ee2
1e+
e10
-
1ee2
0e
++1
1ee2
0e
1e+
-
1e
abc
-
--2
--2
0e
1.2.3
++1
1.2.3
1e
++1
-
+
abc
1e+
abc
1e
1e-
0e
1ee2
1e-
-
.
1e-
e10
e10
+
--2
1e+
e10
1e-
-
1e-
0e
++1
--2
1e+
1.2.3
0e
e10
1e-
+
-
--2
1e-
-
abc
e10
1e+
0e
-
1e-
1e+
1e
1.2.3
1.2.3
1.2.3
0e
1.2.3
++1
0e
000.e
e10
-
+
1.2.3
1ee2
.
1e+
-
-
+
.
++1
+
-
1.2.3
000.e
1ee2
abc
+
0e
abc
0e
1e-
1e+
000.e
abc
-
0e
000.e
1e
000.e
1e-
1ee2
e10
1e
e10
abc
-
1.2.3
0e
--2
--2
1ee2
--2
.
1e-
++1
000.e
1.2.3
1e
e10
--2
1e+
0e
0e
e10
e10
+
abc
1e
-
++1
e10
1e-
++1
e10
1e
++1
++1
-
1e-
.
--2
1e+
--2
++1
-
1ee2
+
0e
1e+
--2
.
abc
--2
1e
1.2.3
1ee2
1.2.3
1ee2
++1
1.2.3
++1
1ee2
++1
--2
1.2.3
--2
e10
1e
+
-
e10
++1
1.2.3
1e
1e-
.
-
0e
++1
++1
1e+
.
--2
e10
0e
e10
abc
1e-
1e-
e10
+
--2
.
1.2.3
0e
1e+
+
1e+
e10
1e+
1.2.3
000.e
++1
+
--2
1e+
1e-
000.e
1e
-
1e
e10
000.e
0e
1e+
0e
1e+
--2
0e
abc
0e
++1
e10
1e+
abc
1e-
-
1e
1e
1e
-
-
.
1.2.3
++1
.
1e+
-
1e+
++1
++1
1e-
e10
0e
000.e
1e
abc
e10
abc
++1
000.e
-
000.e
1.2.3
-
000.e
1e+
0e
++1
++1
1.2.3
--2
abc
abc
000.e
1.2.3
000.e
000.e
++1
.
0e
abc
.
1e-
1.2.3
1e-
--2
1ee2
abc
+
1e
.
1e-
--2
0e
--2
+
1e+
e10
0e
-
1ee2
-
.
e10
1.2.3
1ee2
0e
++1
.
1.2.3
1e
0e
1e+
1ee2
e10
000.e
1.2.3
000.e
+
+
--2
1.2.3
++1
.
1ee2
000.e
1e+
--2
1ee2
abc
.
1e+
1e-
++1
0e
1e+
1ee2
1e+
1.2.3
++1
1ee2
-
++1
e10
.
1e-
1e
1e+
+
--2
000.e
abc
1e
++1
++1
--2
+
.
abc
+
0e
1ee2
1e
-
.
1e
-
000.e
1e+
000.e
+
--2
abc
.
1e-
.
++1
1e
++1
.
--2
0e
1e+
+
1.2.3
1ee2
1e-
+
000.e
--2
1e+
--2
1ee2
0e
000.e
abc
1.2.3
1ee2
e10
--2
.
000.e
1.2.3
--2
abc
1ee2
1e
1ee2
+
1.2.3
1e+
.
1ee2
1e+
+
0e
000.e
--2
1.2.3
1.2.3
abc
.
1ee2
abc
1e
e10
1e
e10
000.e
1ee2
.
+
-
+
1ee2
1.2.3
e10
1ee2
1e
--2
000.e
--2
.
++1
++1
-
0e
1ee2
+
++1
1.2.3
1e
e10
++1
1e
-
++1
1e
+
0e
.
1.2.3
abc
.
-
1ee2
1e
000.e
e10
abc
1.2.3
1e+
0e
++1
1ee2
-
--2
000.e
1ee2
1e+
1ee2
1e
++1
e10
abc
--2
abc
1e-
abc
.
+
1.2.3
1e-
.
1e
--2
1.2.3
--2
000.e
1ee2
000.e
1e+
1e-
+
000.e
e10
++1
++1
000.e
1e
e10
0e
e10
1ee2
1e
--2
0e
--2
1.2.3
1e
1e+
e10
+
1e
0e
abc
-
1e
1e
-
+
1e-
000.e
0e
1e-
1.2.3
++1
1e-
--2
1ee2
abc
+
1e+
1ee2
e10
1ee2
1e+
000.e
abc
++1
0e
.
.
.
-
1.2.3
000.e
1e-
1e+
1ee2
abc
1e
000.e
1ee2
1.2.3
000.e
abc
1e+
-
.
1ee2
1ee2
1ee2
000.e
--2
++1
000.e
1e+
++1
1ee2
-
000.e
+
e10
1e
1e+
1e+
-
.
1e-
0e
--2
1ee2
--2
.
0e
0e
--2
+
--2
abc
1e-
1.2.3
1e
+
1e
0e
--2
000.e
-
e10
.
1e+
1e-
-
1ee2
1e+
1e
1ee2
1.2.3
e10
--2
1.2.3
+
000.e
000.e
1.2.3
000.e
000.e
-
--2
0e
1ee2
--2
000.e
abc
--2
e10
1.2.3
000.e
1e+
.
++1
abc
--2
1e+
abc
.
1e
1e
1e-
-
e10
1ee2
1ee2
+
++1
.
--2
+
1e-
1e-
1e
-
1e-
0e
1e+
abc
++1
1ee2
-
+
0e
-
-
1e+
1e+
++1
++1
++1
-
1ee2
0e
++1
abc
e10
1e-
1e
abc
e10
.
.
e10
abc
0e
0e
e10
1e
++1
e10
e10
+
--2
1e+
e10
1e+
1e
e10
1e
-
--2
--2
0e
.
1e-
1ee2
1.2.3
1.2.3
1e+
1ee2
0e
1e-
+
e10
.
1e
--2
1.2.3
1e-
e10
-
1.2.3
1e-
1.2.3
++1
++1
+
1e
000.e
1ee2
--2
-
1e
-
-
000.e
.
1e-
.
1e-
1e-
0e
+
-
1ee2
1ee2
abc
+
1e
1.2.3
000.e
000.e
1ee2
000.e
--2
1e-
e10
+
1e-
abc
1ee2
0e
0e
1e+
0e
--2
0e
e10
1e-
.
-
e10
--2
--2
1.2.3
1.2.3
-
abc
1e+
1e+
--2
++1
1e-
--2
e10
--2
abc
1e-
1.2.3
++1
.
1.2.3
--2
1.2.3
1e+
000.e
--2
1e
abc
1.2.3
-
1ee2
e10
--2
+
-
000.e
1e
1e
000.e
1.2.3
.
+
1.2.3
.
++1
+
1e-
1ee2
1e-
--2
-
-
000.e
+
1ee2
abc
--2
1ee2
000.e
0e
e10
1ee2
--2
0e
1.2.3
000.e
000.e
1.2.3
1e+
++1
--2
e10
-
1e+
1e+
-
1e-
++1
1.2.3
0e
+
1e+
000.e
abc
1e+
+
--2
1ee2
1e-
1ee2
++1
+
--2
.
e10
--2
1e+
.
abc
0e
.
000.e
e10
1ee2
++1
abc
+
-
e10
e10
e10
++1
0e
abc
.
+
e10
1e-
++1
1ee2
-
1ee2
e10
1e+
1e
+
--2
1e
000.e
1ee2
1e-
e10
.
abc
.
+
1e
--2
.
.
++1
e10
1.2.3
--2
--2
++1
--2
--2
--2
1.2.3
.
1e
abc
1.2.3
abc
-
1e+
0e
-
-
+
000.e
1e+
--2
0e
000.e
1ee2
--2
1e-
1ee2
1e+
1e
1ee2
1e+
-
000.e
e10
.
-
.
-
++1
+
1e-
e10
--2
1e+
e10
000.e
0e
1.2.3
1ee2
1e-
000.e
e10
000.e
1e-
1e
1e+
+
0e
.
1e-
1e-
1.2.3
e10
0e
++1
--2
e10
e10
++1
abc
--2
000.e
1e+
+
++1
abc
abc
1e-
000.e
+
+
.
++1
1.2.3
++1
-
--2
1.2.3
1e+
--2
000.e
e10
1.2.3
--2
1.2.3
e10
abc
--2
+
-
.
+
1e-
000.e
++1
--2
1e+
1.2.3
000.e
e10
+
1e
+
1.2.3
1.2.3
--2
1e
.
e10
1ee2
-
1e+
e10
e10
1e-
.
1e-
-
1ee2
++1
1e
+
1.2.3
1e
+
e10
+
+
000.e
++1
000.e
++1
abc
--2
++1
1e+
-
000.e
abc
-
-
1e
1e+
1e-
000.e
--2
+
0e
++1
.
++1
1e
.
1e-
--2
abc
1e+
--2
1e
++1
.
++1
1e-
--2
1e
1e+
1e-
--2
1.2.3
e10
1e
--2
1e-
--2
0e
1e
1ee2
e10
--2
0e
1e
-
1e+
--2
0e
1ee2
1e-
++1
1.2.3
e10
--2
0e
abc
--2
abc
0e
1.2.3
1.2.3
+
000.e
+
abc
+
1ee2
1e
.
-
.
+
0e
1e+
0e
1.2.3
0e
.
1ee2
+
1e+
--2
-
+
e10
--2
-
1e
.
000.e
e10
--2
++1
e10
1ee2
1e
000.e
1e+
1.2.3
--2
1.2.3
1e
+
1e-
+
1e+
-
e10
1e+
1e-
+
1e-
1e
++1
1.2.3
1e+
000.e
abc
abc
1e-
1e-
1e-
1e-
--2
-
--2
e10
1ee2
000.e
+
--2
.
abc
.
1.2.3
-
abc
1.2.3
1ee2
1e
abc
1e-
e10
1e+
1.2.3
e10
++1
e10
abc
e10
000.e
abc
.
1e-
abc
1e+
1e+
abc
1e+
--2
e10
.
1e-
1e-
--2
1e
000.e
1.2.3
1e+
1ee2
1e+
--2
--2
.
++1
.
000.e
1e-
e10
1ee2
e10
-
1e-
.
++1
+
1e-
1e+
-
.
-
abc
++1
abc
1.2.3
1e-
1e
1ee2
1e
000.e
--2
000.e
0e
1e+
1ee2
e10
e10
--2
.
e10
1e-
.
1.2.3
.
1e-
e10
1ee2
.
1ee2
000.e
1e-
1ee2
+
1e+
000.e
abc
1.2.3
+
1e-
1e+
1ee2
1ee2
1ee2
-
+
++1
++1
abc
abc
1e
000.e
e10
000.e
-
--2
1ee2
-
1e-
0e
e10
1ee2
1e
++1
--2
e10
000.e
1ee2
-
++1
1e-
.
--2
abc
0e
1.2.3
.
++1
+
000.e
1e+
.
1e-
++1
++1
--2
1e
abc
0e
1ee2
000.e
.
-
+
0e
e10
1e
-
++1
.
0e
000.e
0e
1.2.3
0e
-
--2
abc
000.e
abc
++1
+
++1
.
1.2.3
.
+
e10
1.2.3
++1
++1
1e+
.
0e
1e+
1.2.3
++1
e10
e10
1e+
1ee2
1.2.3
.
1e
-
1e-
--2
1e+
--2
--2
e10
000.e
0e
1e-
++1
-
000.e
1ee2
1e-
e10
1ee2
1.2.3
1e
e10
1e+
++1
-
0e
1ee2
--2
1e-
-
.
1.2.3
1e
0e
1e-
abc
000.e
.
1e-
0e
1.2.3
.
1e
1e
.
1e
1ee2
abc
1e
1.2.3
1e-
abc
0e
1ee2
1ee2
e10
.
1e-
+
0e
++1
.
e10
.
1.2.3
0e
1e
++1
1e
++1
abc
-
1ee2
000.e
-
000.e
++1
1e+
000.e
1e-
1e
+
--2
1ee2
1e+
++1
1e
++1
-
000.e
.
000.e
1.2.3
++1
e10
e10
+
-
1e-
1.2.3
1.2.3
-
1.2.3
1e+
abc
e10
abc
.
abc
0e
--2
1.2.3
-
1ee2
1e-
-
0e
000.e
--2
e10
1e+
e10
1.2.3
e10
000.e
.
-
-
--2
-
1.2.3
.
1e+
-
1.2.3
--2
1e+
000.e
.
.
1e
1ee2
1e
1e
-
1.2.3
--2
1e
1e-
000.e
1e
abc
abc
1.2.3
0e
1e-
e10
++1
.
--2
abc
++1
.
000.e
1.2.3
1e
1e+
+
-
1e+
abc
1e+
--2
0e
e10
1.2.3
+
1e
1e-
1e-
++1
1e-
++1
-
1e+
abc
--2
1ee2
1ee2
++1
1e-
1ee2
1e
e10
+
abc
1ee2
1e-
1.2.3
abc
abc
-
1ee2
1ee2
++1
.
+
abc
-
000.e
000.e
.
++1
1.2.3
.
.
e10
1ee2
.
1e+
1e+
+
abc
1ee2
--2
+
abc
++1
+
-
abc
++1
--2
0e
0e
.
-
abc
abc
-
1e
1.2.3
1e+
.
+
.
-
+
1e
000.e
1.2.3
abc
1ee2
abc
.
1e-
++1
1ee2
abc
1ee2
-
+
0e
abc
abc
-
1.2.3
++1
1e-
1e+
-
1e
1ee2
.
+
1e-
000.e
-
000.e
+
000.e
+
000.e
.
1e-
1e-
abc
+
000.e
1ee2
.
abc
abc
1e
.
1e+
abc
1.2.3
+
1.2.3
1ee2
1e+
000.e
-
1ee2
1ee2
abc
1ee2
++1
-
1e
1e-
+
abc
.
e10
.
1ee2
1.2.3
+
+
000.e
+
1e-
1e-
--2
e10
+
--2
1.2.3
1e+
-
e10
1e
1ee2
++1
1e+
e10
0e
-
.
000.e
1e+
e10
--2
1e
1.2.3
1e-
e10
.
-
1.2.3
-
1e+
1e+
.
+
1e-
+
1e-
--2
1e-
1e
.
0e
.
abc
1e+
abc
1.2.3
1e+
0e
--2
e10
000.e
1ee2
e10
0e
1e-
+
000.e
e10
-
1e
1.2.3
1ee2
.
1.2.3
-
1e
000.e
++1
000.e
--2
1.2.3
e10
1e
0e
--2
-
1.2.3
-
1e+
1ee2
1e-
.
--2
+
--2
1.2.3
1e-
1e
-
--2
--2
.
1e
1e-
1ee2
.
1e
000.e
1ee2
0e
+
1e-
--2
1e
+
1e
-
+
1.2.3
.
1e-
++1
--2
-
+
.
1e
abc
abc
1.2.3
1e+
1ee2
+
-
1e+
+
000.e
1e-
1e-
1.2.3
1e+
abc
.
.
++1
e10
000.e
abc
1.2.3
e10
-
1ee2
1e
1.2.3
+
abc
abc
0e
-
e10
abc
e10
.
1.2.3
+
1e+
-
1e-
abc
1e-
000.e
0e
--2
1e
.
0e
1e+
1e-
abc
++1
abc
-
000.e
1e+
abc
1e-
0e
1e-
-
--2
abc
-
++1
-
-
+
e10
0e
1e+
0e
1e+
--2
.
+
1.2.3
1ee2
1e-
1e
--2
1.2.3
e10
++1
++1
1ee2
e10
000.e
++1
.
1ee2
-
0e
--2
1e-
0e
abc
e10
++1
1e-
e10
.
1ee2
1e-
0e
0e
++1
e10
++1
1e+
+
.
1e-
++1
1e
+
++1
1e
-
++1
000.e
1.2.3
1e+
1e+
+
e10
1e+
1.2.3
1e-
000.e
+
abc
--2
++1
1e-
abc
+
0e
1ee2
000.e
1.2.3
-
++1
1e-
0e
1e+
+
e10
000.e
.
1ee2
1ee2
000.e
e10
.
1.2.3
--2
++1
abc
1e+
e10
1ee2
000.e
1ee2
abc
++1
1e-
1e
-
--2
1ee2
000.e
--2
1e
e10
1e
--2
0e
1e
abc
1e+
e10
1.2.3
1ee2
0e
1e+
e10
--2
--2
1e+
--2
e10
-
.
1e-
--2
1e+
++1
1.2.3
1e-
++1
--2
-
1e+
--2
000.e
e10
000.e
1e-
-
1e+
1e-
0e
0e
++1
+
1ee2
++1
e10
1e
e10
++1
abc
abc
abc
1e+
e10
abc
--2
.
-
e10
0e
+
1e+
e10
--2
0e
+
--2
1ee2
++1
.
1e-
+
1ee2
-
e10
-
--2
0e
-
+
1e-
1e
000.e
1e-
++1
++1
1e+
+
000.e
1e+
-
1.2.3
1e-
1ee2
-
1.2.3
1ee2
1ee2
1e
000.e
1e+
--2
1e+
.
-
1e
1e-
1e
1.2.3
++1
e10
000.e
1.2.3
1e
+
--2
1e-
0e
1e-
-
1.2.3
0e
1e+
1ee2
-
1.2.3
1ee2
abc
-
++1
1e-
1e+
e10
e10
e10
0e
++1
++1
e10
1ee2
+
--2
000.e
000.e
abc
+
0e
++1
--2
--2
--2
+
+
0e
e10
1.2.3
-
-
+
000.e
e10
e10
-
1e
+
+
1.2.3
-
-
-
1.2.3
0e
1e+
++1
.
-
e10
e10
1e+
1ee2
000.e
1ee2
e10
1ee2
+
000.e
1e+
-
.
1e+
1.2.3
e10
++1
abc
1e-
1e-
1e-
1ee2
000.e
1ee2
1e+
--2
--2
.
--2
--2
1ee2
e10
-
0e
e10
000.e
+
e10
1e+
000.e
+
e10
1e
--2
.
++1
000.e
-
1ee2
000.e
e10
--2
abc
1.2.3
++1
--2
1e+
0e
0e
-
1ee2
--2
1ee2
1e
e10
0e
-
1ee2
.
1e
1e
+
000.e
+
e10
1e
1e+
+
.
--2
1e-
e10
++1
e10
1.2.3
1.2.3
1e+
e10
++1
-
e10
++1
.
e10
1e-
--2
++1
e10
1ee2
1.2.3
1e-
1e+
++1
0e
-
+
--2
+
+
1.2.3
++1
1e
++1
.
1e+
1e+
+
-
1.2.3
--2
++1
+
1e
e10
1e
1e-
--2
000.e
1e+
1ee2
0e
abc
-
++1
1e+
000.e
--2
1e
abc
1.2.3
0e
1.2.3
1.2.3
.
e10
-
++1
1e
--2
.
000.e
abc
++1
-
++1
1.2.3
+
1e-
1e+
--2
abc
e10
--2
++1
1ee2
1.2.3
000.e
+
1e-
+
0e
-
1e+
+
0e
1e
-
000.e
1e+
1ee2
+
0e
-
1e
1e+
1ee2
abc
-
1e+
-
-
--2
1.2.3
0e
0e
++1
abc
1.2.3
1e
-
--2
e10
-
000.e
1e
-
+
1e-
.
000.e
abc
--2
1.2.3
1e-
000.e
1e-
.
000.e
--2
--2
+
1e
0e
1ee2
1.2.3
1ee2
1ee2
-
1ee2
1e-
e10
abc
1e-
1e+
-
+
.
+
-
+
1e
++1
--2
-
1ee2
000.e
1ee2
1e+
0e
--2
1ee2
+
0e
++1
+
.
1e
e10
--2
1e+
1ee2
1e
e10
0e
--2
++1
1e+
-
+
0e
+
1.2.3
0e
+
+
++1
1ee2
1.2.3
1e
0e
+
abc
.
.
1e-
0e
1e
1.2.3
1.2.3
1e
-
1e-
000.e
1e-
+
++1
0e
+
1ee2
abc
+
++1
e10
1e
1e
0e
000.e
1e
--2
+
0e
0e
1e+
1e
1e-
abc
1ee2
1.2.3
--2
-
1e
1e
1e-
1e
1ee2
+
+
0e
--2
--2
e10
++1
1e-
1ee2
--2
.
-
1e+
++1
000.e
0e
1e
--2
1e-
--2
1ee2
1.2.3
e10
e10
1.2.3
e10
.
1e-
1e+
000.e
1e-
0e
1e+
abc
000.e
000.e
--2
0e
1e+
000.e
--2
e10
000.e
1e-
1e+
000.e
1e+
1.2.3
e10
000.e
e10
1e
1e
1e
1ee2
1e-
-
1e
-
--2
1.2.3
0e
e10
0e
1e-
1e-
1e
+
000.e
0e
1.2.3
-
1e-
0e
e10
000.e
abc
e10
--2
1ee2
1ee2
1ee2
.
000.e
1e+
abc
+
.
abc
--2
1e-
1e
--2
000.e
1ee2
abc
1e-
-
1e-
000.e
1ee2
1e
1e
--2
.
000.e
1e+
--2
+
0e
e10
+
000.e
+
0e
1e
++1
1e-
1ee2
-
000.e
--2
e10
+
++1
++1
-
++1
1ee2
1e
.
+
1e
.
000.e
--2
abc
.
++1
.
1e
1e-
abc
1e
+
1e-
1.2.3
abc
1e
1e-
1e
e10
-
abc
--2
--2
1.2.3
000.e
++1
1ee2
1e-
0e
++1
e10
++1
abc
--2
000.e
1.2.3
000.e
1.2.3
0e
1e
e10
--2
1e+
e10
1.2.3
1ee2
1e+
1e-
0e
1ee2
e10
.
--2
+
--2
++1
1e-
-
++1
1.2.3
++1
.
1e
1e-
0e
e10
e10
+
1.2.3
.
1e+
+
0e
1ee2
1e
1ee2
0e
0e
1.2.3
1.2.3
1e-
1e-
-
+
+
1e
--2
--2
000.e
000.e
1ee2
0e
1.2.3
1.2.3
000.e
1e-
abc
1.2.3
.
0e
--2
0e
1e
1ee2
e10
abc
1e+
1.2.3
abc
1e-
abc
--2
1e
-
abc
1e+
-
abc
+
1ee2
1.2.3
0e
+
1e
--2
1e
-
1e-
000.e
+
+
+
abc
--2
++1
.
-
-
abc
+
e10
0e
--2
000.e
.
1e-
1.2.3
1ee2
1ee2
0e
--2
1.2.3
000.e
--2
-
+
000.e
1ee2
1.2.3
0e
e10
e10
000.e
.
e10
0e
1e-
1e
--2
++1
+
0e
-
+
0e
++1
1e+
000.e
abc
--2
1ee2
1ee2
.
1e+
e10
--2
1.2.3
0e
abc
--2
1.2.3
-
1ee2
+
--2
1.2.3
1e-
+
1ee2
1ee2
1e-
.
0e
1.2.3
e10
1e
e10
1e-
++1
-
1e
1e-
1e+
1e+
000.e
000.e
++1
0e
0e
1e
e10
1e
e10
1e
1ee2
1.2.3
0e
1.2.3
+
1e-
abc
1e+
e10
e10
-
1e-
1e
.
1e+
0e
1ee2
abc
1e-
.
1e
0e
abc
1e-
1e+
1ee2
+
+
0e
--2
++1
e10
000.e
++1
e10
1e-
1e
1e-
e10
1e
1e+
1ee2
+
.
--2
1e
0e
1e-
++1
+
1.2.3
--2
1.2.3
1ee2
1ee2
1e-
0e
.
1e-
000.e
.
1e
abc
0e
e10
1e+
--2
1ee2
.
++1
1e
1ee2
000.e
++1
-
abc
0e
.
abc
abc
1e-
1.2.3
abc
1ee2
1e
1e+
1e-
--2
--2
000.e
1e-
0e
000.e
+
000.e
abc
.
1.2.3
1e+
0e
e10
abc
0e
0e
0e
000.e
.
1.2.3
abc
e10
+
1e
-
1e-
++1
e10
1e
1e
0e
1ee2
000.e
++1
1e-
000.e
.
.
1e+
0e
1e+
1.2.3
1e
1e+
1ee2
--2
1.2.3
abc
--2
--2
1ee2
1e
--2
abc
1e-
1.2.3
1e+
1e+
1e+
1e+
e10
+
+
000.e
000.e
+
1e
1e+
1e-
1.2.3
-
1e+
1ee2
--2
0e
000.e
0e
+
1.2.3
e10
1e
1e-
++1
++1
abc
1ee2
0e
abc
abc
1e+
000.e
1e+
1e
1ee2
1e
1ee2
+
e10
abc
0e
--2
.
e10
0e
0e
e10
0e
1ee2
abc
000.e
abc
1e-
000.e
-
e10
+
1ee2
0e
-
.
.
.
e10
1.2.3
abc
-
1e
1e-
1ee2
++1
1.2.3
.
1ee2
e10
+
-
1ee2
abc
1.2.3
.
.
1e
.
1e-
1e+
0e
1e-
++1
1.2.3
e10
.
000.e
1e
--2
1ee2
1e
+
++1
1ee2
0e
1e+
1ee2
1.2.3
1.2.3
0e
1e-
0e
1e+
-
-
000.e
1ee2
-
++1
1e
1.2.3
+
0e
0e
-
e10
--2
1e+
1e-
+
000.e
abc
000.e
.
000.e
++1
-
1e+
1.2.3
e10
++1
1e+
1e-
++1
+
1e+
--2
-
--2
-
000.e
0e
+
e10
0e
000.e
e10
--2
0e
abc
1ee2
1.2.3
000.e
-
-
0e
1ee2
.
1e
1.2.3
++1
000.e
1e
e10
++1
.
++1
-
-
1e-
1ee2
--2
1e+
1.2.3
abc
1ee2
++1
.
1e-
.
-
e10
000.e
1.2.3
+
e10
1ee2
1e+
1e-
000.e
--2
1e-
1e
0e
1e
+
abc
1ee2
+
000.e
1e+
e10
.
--2
1ee2
.
+
++1
1e-
-
0e
0e
1ee2
1e
1.2.3
1e-
e10
1ee2
1e-
1ee2
abc
1e-
--2
--2
1e+
.
1e-
0e
+
000.e
0e
1e-
-
++1
++1
++1
abc
1ee2
1ee2
++1
abc
.
.
1e-
1e-
e10
1e+
000.e
000.e
1e+
.
1e+
++1
0e
1.2.3
1e
0e
1ee2
1e-
+
1e-
1.2.3
e10
-
1e-
1e+
1e
++1
--2
.
abc
.
-
1.2.3
1e
++1
000.e
000.e
+
1e+
1.2.3
++1
+
+
1e+
.
1e-
+
++1
000.e
1e
1ee2
1e
1e-
000.e
1e+
1ee2
--2
abc
1e+
1e
.
0e
+
.
1.2.3
1e+
1e-
++1
-
1e-
-
000.e
1e-
0e
abc
abc
1e+
abc
1e+
-
+
1e
1e+
abc
1e-
0e
+
1e+
000.e
e10
.
+
--2
1e-
.
e10
1ee2
.
000.e
1e+
--2
--2
+
.
1ee2
1e
-
1.2.3
1e-
-
000.e
000.e
1ee2
1.2.3
.
-
--2
1.2.3
1ee2
1e-
+
++1
e10
1ee2
1ee2
e10
++1
0e
++1
-
abc
abc
abc
-
0e
1e-
0e
e10
++1
1.2.3
abc
++1
000.e
++1
1e+
+
1ee2
++1
0e
++1
-
1ee2
abc
1e-
-
e10
1e+
-
--2
e10
0e
1e+
abc
1e-
1ee2
000.e
1e-
1ee2
1e-
0e
e10
-
e10
1e+
++1
abc
1e
++1
++1
-
abc
1e-
.
1e+
1.2.3
e10
1ee2
1e+
-
0e
1e
e10
1ee2
1ee2
+
abc
0e
--2
-
-
.
000.e
e10
++1
e10
1ee2
1e-
0e
1e-
-
1e+
0e
1e-
abc
--2
e10
1e+
abc
+
1e-
1e-
.
--2
++1
1e-
1e-
.
1e+
1e
1.2.3
abc
000.e
1e-
e10
0e
e10
1e-
000.e
1.2.3
-
1e+
+
000.e
1ee2
000.e
++1
.
abc
0e
.
1e+
1e+
.
abc
1ee2
1e
1e-
1e
++1
+
1e+
000.e
-
+
1e-
0e
1e-
e10
+
1ee2
abc
1e+
--2
++1
++1
+
1e
e10
0e
--2
1.2.3
++1
.
.
-
--2
1e-
abc
+
.
+
abc
1.2.3
abc
abc
1e
000.e
1e+
1.2.3
000.e
-
-
1.2.3
000.e
-
1.2.3
1e-
1ee2
0e
abc
--2
000.e
e10
abc
++1
1e
++1
1.2.3
++1
1.2.3
abc
--2
--2
abc
.
.
000.e
1ee2
--2
abc
+
.
.
-
1ee2
--2
-
++1
1e
.
1e
1e-
1.2.3
-
++1
--2
1e-
1ee2
1e
--2
e10
1ee2
0e
-
+
abc
-
.
1ee2
1e
1e+
1ee2
1ee2
1e-
+
1.2.3
1e
1e-
0e
.
1e
1e-
1ee2
0e
--2
--2
000.e
-
1e+
e10
1e-
.
++1
1ee2
-
--2
000.e
0e
1e
abc
--2
.
abc
1e-
1e-
-
e10
--2
1.2.3
--2
++1
1e
abc
0e
+
1.2.3
--2
++1
0e
1ee2
abc
000.e
.
abc
000.e
1.2.3
0e
0e
abc
+
+
.
0e
1e+
000.e
.
.
abc
++1
-
1e-
1ee2
1ee2
e10
.
-
1e+
e10
1.2.3
1ee2
1e-
abc
abc
1ee2
1e+
0e
0e
1ee2
1e-
--2
abc
++1
e10
abc
abc
1e
1ee2
.
000.e
1e
+
1ee2
1ee2
.
0e
1.2.3
1e
1.2.3
1.2.3
++1
1ee2
--2
1e+
1e
1ee2
1.2.3
e10
1e
1e
+
+
1ee2
e10
1ee2
--2
--2
e10
1e+
000.e
1ee2
1.2.3
1e-
-
1e+
--2
1e
--2
--2
1e+
e10
1ee2
1ee2
0e
++1
+
+
1e-
1e-
1e
000.e
abc
1e-
e10
.
000.e
++1
-
1.2.3
1ee2
--2
1.2.3
+
-
.
+
--2
.
1.2.3
1ee2
++1
+
e10
1ee2
1.2.3
abc
e10
++1
1e
1ee2
++1
1e+
1.2.3
1.2.3
.
abc
-
.
-
1e-
0e
1e-
1e-
--2
1e-
000.e
1e
1ee2
-
1e+
+
1.2.3
-
000.e
1ee2
e10
0e
abc
+
1.2.3
.
1.2.3
1ee2
--2
1ee2
1e-
--2
.
000.e
abc
1.2.3
000.e
1ee2
e10
1ee2
e10
-
e10
0e
0e
+
000.e
0e
1e
1.2.3
--2
-
000.e
1e-
--2
e10
e10
1.2.3
+
000.e
1e-
--2
--2
1ee2
1.2.3
abc
-
1e+
1e-
0e
abc
e10
000.e
1e
--2
1.2.3
1ee2
-
-
1ee2
-
000.e
1e-
.
1e+
.
1e+
1e
abc
1ee2
1e
--2
abc
1.2.3
+
1.2.3
abc
1e+
e10
--2
000.e
1.2.3
1.2.3
-
+
+
e10
+
e10
e10
1e-
.
e10
+
+
e10
abc
++1
1e
-
1ee2
.
1.2.3
--2
0e
-
.
-
e10
--2
--2
.
.
abc
--2
1e-
++1
++1
--2
1.2.3
e10
1ee2
1e-
1ee2
e10
0e
e10
-
0e
abc
1e+
abc
e10
++1
1.2.3
1e
abc
000.e
1ee2
0e
1e-
0e
e10
+
000.e
1.2.3
abc
000.e
000.e
.
1e
++1
0e
1ee2
e10
abc
.
++1
1ee2
+
1e
--2
1e+
1e+
+
e10
000.e
-
1e
000.e
-
1.2.3
.
1e
--2
-
abc
0e
1.2.3
0e
1ee2
--2
000.e
1ee2
1ee2
1.2.3
.
0e
1e
1e
.
abc
-
1ee2
+
1ee2
+
--2
1e
-
1.2.3
000.e
++1
0e
+
.
1e+
1ee2
e10
.
e10
000.e
1e-
1e-
e10
e10
abc
--2
1e+
1ee2
-
1ee2
+
++1
1e
000.e
.
-
0e
1e
1e-
--2
0e
0e
abc
000.e
.
000.e
+
.
--2
--2
.
1e
.
0e
++1
1e-
-
1e
000.e
1.2.3
++1
0e
1e+
000.e
+
1.2.3
000.e
1e
1e
.
0e
1e-
e10
1e
--2
1ee2
1e+
1.2.3
abc
1e+
-
1e-
-
abc
1e+
000.e
1e
abc
abc
+
++1
abc
000.e
1e
.
--2
0e
.
-
abc
--2
0e
0e
.
1.2.3
abc
-
000.e
1ee2
1e+
-
1e
1.2.3
-
e10
-
e10
.
+
+
.
1e+
1ee2
.
++1
.
+
+
1e+
1.2.3
1.2.3
--2
-
++1
1ee2
1ee2
1e-
abc
1e-
.
000.e
000.e
0e
+
0e
abc
-
1.2.3
1.2.3
abc
++1
1e-
1e-
abc
1e-
-
+
1e-
e10
000.e
+
--2
0e
++1
e10
+
1ee2
abc
1e+
++1
1.2.3
0e
e10
-
.
+
--2
abc
e10
1.2.3
++1
1.2.3
abc
1e+
++1
0e
1e
1.2.3
abc
000.e
1e-
.
1.2.3
--2
abc
e10
abc
1e
+
1e+
-
.
abc
.
1e
1.2.3
-
1ee2
++1
++1
1.2.3
1e+
.
.
e10
1ee2
--2
--2
1e+
-
0e
1.2.3
++1
1e+
++1
--2
abc
.
abc
1e
-
--2
.
000.e
abc
.
abc
000.e
abc
-
1e
.
abc
0e
1e+
1e+
abc
000.e
e10
0e
1e
abc
1e+
+
1e-
000.e
-
-
abc
++1
1e
.
e10
1.2.3
--2
-
1ee2
1e-
1e
0e
1e-
1e-
0e
1e+
abc
abc
.
--2
e10
1e+
-
1e-
1e+
.
-
1e+
000.e
1e-
--2
--2
-
000.e
0e
1.2.3
000.e
abc
1e
000.e
e10
1e+
1ee2
++1
++1
abc
e10
000.e
++1
1e-
1e+
1e-
abc
abc
--2
1e
1e-
++1
+
.
0e
.
++1
1ee2
1ee2
e10
1e
+
0e
e10
0e
1e+
1e+
1e
1e
--2
1ee2
000.e
e10
1e-
1e
1e+
0e
-
1e+
+
1e+
abc
0e
++1
e10
+
-
abc
000.e
1.2.3
--2
abc
.
1ee2
1e+
e10
--2
1ee2
1e+
.
-
--2
-
1.2.3
1e-
-
abc
abc
1e
000.e
abc
.
++1
abc
abc
1ee2
1ee2
abc
1e
.
0e
--2
++1
1.2.3
0e
--2
.
1e
1e+
++1
abc
1ee2
1ee2
+
1.2.3
-
0e
1e+
-
-
0e
1e
1e
1e
1ee2
000.e
--2
-
1e+
--2
-
abc
--2
1e
000.e
1e-
abc
abc
0e
e10
abc
++1
1ee2
1e+
1e+
1.2.3
+
1.2.3
abc
1e+
e10
1e+
++1
+
1e-
0e
abc
e10
++1
+
.
1e+
++1
++1
-
1e-
1e
--2
e10
1e+
e10
1.2.3
e10
+
1e+
1e
1e+
1e+
-
1e-
000.e
1ee2
000.e
1e-
0e
e10
1e
000.e
1e+
e10
--2
1e-
-
1e-
++1
++1
1e-
++1
1e-
0e
abc
abc
0e
000.e
1e-
1ee2
++1
.
.
000.e
1e-
1e-
e10
++1
-
000.e
1e-
++1
-
e10
000.e
1.2.3
+
0e
1e-
1e-
++1
-
--2
1e
1ee2
1e+
1e-
--2
1.2.3
1ee2
1e-
1ee2
1e-
+
0e
++1
abc
1.2.3
0e
1e+
1e
++1
000.e
1e-
1.2.3
+
abc
0e
-
abc
++1
+
.
e10
+
1e
1e
000.e
++1
1ee2
000.e
-
+
1.2.3
000.e
1e+
++1
+
abc
abc
e10
1e-
--2
1.2.3
1.2.3
-
-
.
.
1e-
1.2.3
.
+
0e
e10
000.e
1e+
0e
1ee2
0e
0e
1e+
0e
1e-
1e-
1e+
1e+
1.2.3
+
1e-
1e
1e-
000.e
000.e
1e+
++1
1e-
1e-
+
++1
1.2.3
.
000.e
e10
1e+
e10
--2
1e
.
.
1ee2
1e-
--2
e10
1e+
++1
abc
0e
-
.
1e
++1
abc
1e
.
000.e
+
.
++1
+
1e
+
+
1e+
1ee2
1.2.3
1e-
--2
000.e
1e
abc
e10
++1
0e
++1
-
+
0e
abc
0e
1.2.3
1e-
--2
1.2.3
000.e
abc
000.e
--2
1e
1e+
000.e
-
000.e
++1
-
1ee2
abc
1.2.3
++1
1.2.3
1e-
0e
++1
-
.
1ee2
-
1ee2
0e
--2
000.e
1ee2
1.2.3
1e+
.
++1
1e-
-
1e+
--2
-
--2
1e-
1e-
1e+
000.e
--2
1e
++1
1e+
.
-
abc
++1
1.2.3
1.2.3
--2
000.e
000.e
0e
1e
+
++1
.
0e
+
--2
--2
abc
0e
1e+
0e
1.2.3
000.e
--2
1e
1e-
000.e
++1
0e
1e-
++1
1.2.3
1ee2
abc
++1
--2
1e
.
e10
1ee2
abc
--2
e10
+
1e+
+
1e+
1e
1e
+
0e
0e
abc
1ee2
1ee2
1.2.3
1e
++1
--2
+
0e
abc
1e-
++1
1e+
abc
1.2.3
1e-
000.e
000.e
-
-
abc
1.2.3
000.e
+
1e-
abc
.
000.e
1.2.3
+
--2
1e+
+
.
.
-
--2
abc
+
.
1.2.3
1e
+
+
+
1ee2
000.e
1e-
0e
abc
000.e
+
abc
abc
0e
000.e
abc
1e
1.2.3
--2
000.e
1e+
e10
1e+
1ee2
1e
0e
1ee2
--2
e10
+
1ee2
-
1e-
0e
--2
000.e
++1
000.e
000.e
0e
1e+
000.e
abc
1e-
--2
abc
++1
-
000.e
e10
1e
1e-
1e-
1e-
1e+
1ee2
e10
1.2.3
--2
000.e
++1
.
1ee2
.
-
1e+
abc
-
++1
--2
1ee2
1e+
1ee2
1e
--2
0e
0e
e10
1e
1.2.3
1e+
-
abc
1.2.3
e10
e10
-
1e-
-
1.2.3
.
-
-
0e
+
-
1e
000.e
1ee2
e10
++1
0e
1ee2
1e-
1.2.3
1.2.3
+
000.e
e10
abc
+
e10
0e
-
1ee2
1ee2
--2
1ee2
.
1.2.3
abc
e10
1.2.3
abc
abc
abc
1e-
1ee2
0e
1e
1e-
++1
1e
+
1e
e10
1ee2
1e
1.2.3
+
-
1ee2
++1
abc
1e+
1ee2
-
000.e
000.e
1e+
+
1.2.3
1e-
1e
1ee2
0e
+
1e+
1ee2
1e-
++1
000.e
0e
++1
-
0e
1ee2
0e
1ee2
--2
e10
000.e
000.e
e10
0e
000.e
--2
abc
--2
1e+
-
+
-
1ee2
000.e
000.e
+
-
1e-
e10
1e+
1e-
000.e
.
abc
0e
+
1e
-
--2
000.e
e10
0e
1e-
abc
1e
-
1e
e10
1e+
1e+
abc
1ee2
.
abc
++1
.
1e-
+
--2
e10
1ee2
1.2.3
0e
0e
abc
.
1e-
1ee2
abc
++1
1e+
++1
++1
1.2.3
1e-
abc
+
++1
1ee2
-
++1
abc
+
.
e10
+
1e+
e10
000.e
1ee2
+
1e-
1e
1e
e10
1ee2
1ee2
1e+
--2
.
abc
++1
abc
e10
--2
++1
0e
-
++1
++1
1ee2
0e
--2
.
.
1ee2
1e+
000.e
--2
abc
--2
1e+
.
.
000.e
++1
-
1e-
.
e10
e10
1e+
e10
1ee2
++1
-
1e-
1e-
.
e10
abc
++1
+
++1
--2
000.e
--2
000.e
++1
-
abc
e10
1e
+
++1
++1
-
1e+
1e-
+
0e
000.e
abc
0e
000.e
1e-
--2
abc
1e-
1.2.3
++1
++1
1.2.3
1e+
1e-
1e
000.e
1ee2
0e
1.2.3
.
e10
--2
.
1ee2
000.e
++1
e10
1e
+
000.e
-
000.e
1e-
1e+
1ee2
1e-
0e
1e+
1ee2
.
++1
.
.
+
1.2.3
1e
--2
1.2.3
1e+
000.e
abc
0e
000.e
1e-
0e
0e
000.e
1ee2
1e-
e10
--2
abc
1e+
0e
--2
1e-
1.2.3
++1
++1
1e
0e
1ee2
++1
1.2.3
.
1ee2
.
0e
--2
1e+
-
1.2.3
1.2.3
1e-
--2
0e
++1
1e-
1ee2
0e
-
--2
+
1e+
1.2.3
e10
e10
+
e10
e10
++1
abc
1e+
0e
-
+
++1
1e
1e-
1ee2
abc
000.e
.
.
abc
++1
1ee2
+
1e+
+
1e
1e+
1e-
.
++1
1e-
++1
--2
1e-
1e
e10
1e
+
e10
--2
000.e
--2
1e+
--2
1e+
e10
000.e
0e
1e
++1
abc
0e
+
1e+
1.2.3
1e-
--2
e10
e10
++1
--2
1e+
+
e10
--2
+
1e
1e
.
1e-
0e
1.2.3
000.e
1e
abc
1e
0e
abc
e10
0e
--2
000.e
+
-
1e
0e
.
000.e
1e+
.
e10
++1
+
.
1e-
1.2.3
-
1e-
1.2.3
--2
abc
0e
000.e
1e+
-
abc
1ee2
1e
abc
0e
0e
abc
+
1e-
.
-
-
1e+
--2
++1
1.2.3
1ee2
-
000.e
.
--2
000.e
-
+
--2
+
abc
1e
000.e
-
1e
1ee2
++1
abc
--2
-
1.2.3
000.e
abc
e10
0e
+
000.e
1e-
abc
+
--2
0e
+
1e+
0e
e10
1e+
1e
1.2.3
1ee2
abc
1e+
1e
--2
.
1e-
1e
abc
1ee2
0e
0e
1.2.3
++1
000.e
0e
1e
.
1e
0e
1ee2
1.2.3
1ee2
--2
.
000.e
0e
1e+
1ee2
1e
0e
1e
000.e
-
1e
000.e
000.e
++1
1ee2
000.e
.
1ee2
1e+
abc
e10
1e-
.
e10
1e-
1ee2
1e-
.
0e
1.2.3
1.2.3
1e-
1e-
1.2.3
1ee2
++1
.
0e
0e
1e-
e10
.
-
1.2.3
.
+
1e+
.
000.e
abc
1.2.3
+
--2
abc
-
0e
000.e
1e
1e-
++1
+
abc
1.2.3
1e+
1e-
-
abc
1e
0e
000.e
--2
++1
abc
--2
1ee2
1ee2
.
.
++1
abc
1ee2
--2
000.e
e10
1e
000.e
1.2.3
.
0e
1e+
abc
+
1.2.3
+
1.2.3
1e+
++1
-
0e
0e
1.2.3
e10
-
1ee2
++1
000.e
000.e
e10
1ee2
1ee2
1.2.3
++1
0e
1.2.3
1e
1e
1e+
1.2.3
e10
-
++1
1e-
000.e
+
-
+
1ee2
-
.
1.2.3
1e-
e10
--2
000.e
000.e
1e+
1.2.3
1e+
e10
1e-
000.e
.
++1
abc
1e
e10
+
++1
-
0e
0e
-
1e-
1e
0e
1e
abc
++1
.
1e
++1
1e
.
--2
0e
1e-
000.e
--2
1e-
.
e10
1e
0e
abc
0e
.
--2
1e+
abc
1.2.3
e10
1.2.3
e10
--2
--2
-
1e+
1e+
1e
abc
1ee2
1.2.3
1e-
1.2.3
1ee2
--2
--2
000.e
e10
1e
1ee2
abc
000.e
1e
.
e10
1ee2
e10
+
0e
1ee2
abc
1e
--2
1e-
++1
e10
-
0e
abc
++1
1e-
.
--2
1e+
1ee2
e10
e10
e10
1e
++1
e10
e10
abc
--2
+
--2
000.e
1e
--2
1e+
--2
+
000.e
abc
e10
e10
++1
++1
++1
--2
+
+
000.e
abc
-
++1
-
abc
--2
e10
--2
000.e
1ee2
abc
.
+
-
-
-
1ee2
1e
0e
e10
000.e
1ee2
-
1e
e10
++1
+
1e
1e-
.
0e
-
0e
.
-
abc
1e-
000.e
e10
e10
-
1e
+
abc
0e
.
1ee2
abc
abc
1e+
-
1e+
.
000.e
--2
1ee2
+
.
0e
000.e
000.e
abc
++1
1e+
e10
0e
1.2.3
+
1.2.3
1ee2
000.e
++1
.
1.2.3
-
1e
0e
0e
1e
.
1e
000.e
1e+
1e+
+
abc
1e+
abc
1e-
-
1ee2
1ee2
0e
000.e
--2
1.2.3
-
abc
000.e
.
1e
--2
1ee2
1e-
abc
1e-
0e
0e
1e+
1e
e10
e10
abc
0e
--2
1e
000.e
1e+
1e-
+
--2
1ee2
.
+
++1
1ee2
++1
--2
--2
abc
.
++1
++1
1e-
1e+
--2
.
abc
+
1ee2
0e
-
+
.
1e
+
1e
-
--2
abc
++1
--2
1e-
++1
0e
abc
++1
.
1e+
.
abc
abc
1ee2
++1
1.2.3
++1
abc
--2
1.2.3
.
.
0e
1e
1e+
1ee2
1e-
abc
0e
000.e
e10
1e-
1e
-
+
.
abc
1.2.3
0e
1e-
--2
1e+
.
.
+
000.e
0e
1e-
1e+
1ee2
1e
--2
-
+
1.2.3
1e
000.e
000.e
000.e
1e
0e
-
++1
--2
abc
1ee2
abc
0e
1e
1e
1ee2
1e
.
000.e
1e+
0e
++1
++1
e10
1e-
1e+
.
1e-
1ee2
000.e
e10
+
0e
.
.
e10
abc
-
++1
--2
1ee2
-
0e
++1
1ee2
1e+
e10
-
+
1e
e10
++1
abc
1ee2
1ee2
-
1e+
1e-
0e
1e-
1e+
0e
abc
++1
1e-
.
1.2.3
+
+
1ee2
++1
1e+
.
000.e
1ee2
1ee2
000.e
1e-
e10
0e
e10
abc
1.2.3
1e+
000.e
1e
.
1e
1e+
1ee2
1e
1e-
000.e
--2
1e+
+
1e+
.
abc
1e
1e
-
1.2.3
1.2.3
+
0e
1e-
1.2.3
1e
1e-
-
abc
1e
1.2.3
1e
+
.
abc
1e
1e-
0e
e10
+
0e
e10
--2
++1
1e-
e10
abc
.
1e+
1e+
--2
0e
abc
1e
--2
--2
--2
000.e
1ee2
+
1e
000.e
000.e
000.e
1.2.3
1.2.3
1.2.3
--2
+
.
--2
+
1.2.3
--2
000.e
1ee2
0e
1ee2
++1
.
1.2.3
e10
+
.
++1
-
--2
1e+
1e-
1e+
000.e
++1
1e+
--2
1ee2
1e+
--2
-
1e-
.
-
1e
1e+
-
-
e10
-
1e
1ee2
e10
0e
.
.
e10
e10
1e-
1e
0e
1e+
+
--2
1.2.3
1.2.3
e10
-
e10
++1
+
1e
e10
-
.
abc
-
1e+
e10
--2
+
.
1e+
-
1e-
--2
1e+
+
1.2.3
--2
e10
e10
000.e
e10
--2
1e+
1.2.3
abc
1ee2
e10
.
.
--2
000.e
--2
000.e
1.2.3
e10
0e
++1
0e
1.2.3
1e
1e
abc
1e-
++1
e10
-
1e-
0e
+
1e
1ee2
1e-
1e+
+
1ee2
abc
.
-
1e-
1ee2
+
1e
e10
+
000.e
--2
.
1.2.3
1e
000.e
e10
--2
++1
-
000.e
0e
0e
e10
0e
1e-
.
1e+
-
abc
000.e
-
1ee2
1.2.3
1e+
1e
-
--2
--2
1e
0e
+
000.e
1ee2
1ee2
1.2.3
000.e
1ee2
1e+
++1
0e
abc
1.2.3
-
1ee2
--2
1.2.3
+
1e
+
e10
1ee2
--2
0e
++1
0e
.
1.2.3
000.e
+
--2
.
+
1e-
1e+
.
000.e
0e
1ee2
1.2.3
.
000.e
e10
.
1e
.
1.2.3
e10
000.e
000.e
1.2.3
1.2.3
000.e
.
1.2.3
e10
e10
--2
abc
1e+
1.2.3
+
0e
1e+
-
1e+
1e
e10
1.2.3
+
000.e
000.e
0e
++1
e10
0e
+
1e-
000.e
-
0e
000.e
1e-
000.e
-
1e-
.
1e-
.
e10
--2
1.2.3
1e-
-
-
abc
.
1e-
e10
++1
000.e
1ee2
1.2.3
1e
-
--2
--2
-
1ee2
e10
1e
1e
1e-
+
e10
1e-
++1
1e-
+
++1
1ee2
0e
abc
0e
1e-
1e+
e10
1e+
1e+
1e+
--2
abc
-
--2
e10
000.e
000.e
abc
0e
000.e
1e
abc
1e+
.
1e-
++1
e10
e10
abc
.
000.e
abc
0e
1e-
+
.
000.e
+
+
-
.
0e
.
1e-
abc
1e-
1e
abc
1ee2
0e
1.2.3
--2
1ee2
0e
1ee2
1e+
.
1e-
abc
0e
++1
1e
1.2.3
-
1e
1e-
1e+
1e
000.e
1e
-
0e
1e+
1e+
abc
abc
0e
1e-
--2
1.2.3
-
0e
1.2.3
1.2.3
.
+
++1
e10
1ee2
1e-
1e+
1e-
e10
-
++1
e10
0e
e10
+
-
1.2.3
e10
1.2.3
1.2.3
--2
-
--2
1e-
000.e
abc
++1
0e
+
1e-
1.2.3
1e
1e
abc
1.2.3
++1
-
1.2.3
1e+
--2
abc
.
-
1ee2
000.e
1e-
1e+
1.2.3
1e+
++1
1e+
000.e
-
1e+
+
abc
000.e
0e
abc
--2
.
--2
000.e
e10
1.2.3
+
1e-
000.e
1ee2
--2
--2
+
1e+
000.e
1e+
-
abc
1e
1ee2
abc
1ee2
+
1e-
++1
+
1.2.3
+
000.e
--2
-
1.2.3
1e-
1e+
1e
0e
1e-
--2
.
0e
--2
--2
1e-
0e
000.e
1e
e10
--2
0e
+
1e+
1.2.3
0e
.
--2
.
000.e
e10
1e-
000.e
abc
--2
1e+
1.2.3
e10
abc
1e
1ee2
000.e
--2
1ee2
1e
.
.
1e
++1
1e+
e10
abc
.
000.e
++1
--2
--2
+
1e-
.
1e+
.
-
1.2.3
0e
--2
abc
e10
1e
.
1e+
0e
000.e
1ee2
++1
1e
--2
e10
000.e
-
.
1e
-
1e-
e10
+
+
.
abc
abc
--2
1.2.3
1e+
.
1e+
++1
0e
++1
++1
.
--2
e10
abc
000.e
1e-
++1
e10
1e+
0e
1ee2
1e
0e
.
000.e
-
0e
.
++1
--2
1e-
++1
1ee2
0e
000.e
1e+
1.2.3
.
000.e
-
1ee2
--2
1.2.3
0e
1e-
.
+
1e+
--2
1e
1e-
000.e
.
--2
+
.
-
1e
abc
--2
1e
1e+
--2
+
000.e
1ee2
e10
++1
.
--2
++1
1e
+
0e
1e-
.
1e+
1.2.3
++1
e10
.
1e+
1e
0e
--2
++1
1e
0e
abc
--2
1e+
1.2.3
000.e
000.e
++1
.
000.e
000.e
1e
abc
++1
++1
e10
000.e
++1
++1
--2
e10
1e+
abc
-
abc
1e+
-
-
1.2.3
--2
1e
1ee2
1e+
+
.
1e
abc
1e+
+
1.2.3
e10
000.e
1.2.3
+
0e
+
e10
1.2.3
abc
e10
1.2.3
1e+
000.e
+
0e
1ee2
e10
e10
e10
--2
1e
1e
000.e
--2
1e+
000.e
1e
--2
abc
--2
abc
1e-
0e
-
.
1e
1ee2
+
1.2.3
000.e
1e-
++1
1e-
1e
-
-
1e
1e
0e
1ee2
1ee2
e10
++1
-
1e
1e-
1e
--2
.
1e+
1e+
1e+
1.2.3
0e
e10
++1
++1
1e-
++1
++1
abc
1e
1e+
0e
1e-
1ee2
-
1.2.3
-
0e
abc
0e
1e+
0e
1e-
1e+
000.e
.
1ee2
0e
1e-
+
1ee2
--2
1e
++1
1e+
e10
1e
-
abc
.
0e
--2
1ee2
+
1e-
--2
1ee2
0e
.
abc
e10
.
abc
--2
1e-
1e
++1
abc
abc
abc
--2
1e-
++1
-
1ee2
e10
++1
000.e
++1
.
1.2.3
+
0e
1e
--2
1e
0e
1e+
e10
abc
++1
1e-
--2
--2
-
-
1ee2
++1
.
000.e
.
1ee2
1ee2
1.2.3
1e-
1e-
1e
000.e
1e-
++1
++1
-
000.e
++1
e10
1ee2
-
-
000.e
1e-
abc
1e-
1.2.3
000.e
1e-
0e
--2
++1
000.e
++1
.
1ee2
000.e
1e-
e10
1.2.3
e10
.
++1
000.e
1e-
e10
abc
0e
abc
+
.
-
1e-
-
1e-
1ee2
--2
1.2.3
e10
-
0e
abc
0e
-
++1
000.e
1e
--2
e10
e10
.
1e
--2
1.2.3
1e+
000.e
++1
1e
0e
-
1ee2
++1
+
++1
0e
1e
-
000.e
1e-
abc
++1
+
e10
1e
+
.
--2
1e
-
--2
++1
1.2.3
++1
-
e10
abc
1e
1ee2
e10
-
abc
1e
+
+
1e
0e
--2
++1
-
++1
1ee2
0e
1e+
1e
1e
.
-
++1
000.e
++1
+
1ee2
+
0e
1e
--2
-
--2
+
.
1ee2
1e-
000.e
abc
e10
--2
-
-
++1
-
++1
1e
e10
e10
0e
abc
1e+
1e+
e10
0e
++1
1e
1e-
.
+
1e+
1.2.3
000.e
1e-
1e
1e
1e+
1e
abc
-
abc
--2
--2
000.e
0e
1.2.3
1e+
1.2.3
000.e
1e
e10
++1
.
1e+
1.2.3
1e+
1e
+
1.2.3
1e-
+
+
1e-
1e+
1ee2
000.e
--2
+
.
1e-
-
++1
000.e
abc
.
--2
--2
e10
1e-
--2
1e-
1.2.3
+
1.2.3
1e-
000.e
--2
1ee2
1e-
e10
1e
e10
abc
1e
0e
000.e
-
000.e
e10
.
e10
1e-
000.e
.
1e-
1e+
--2
abc
--2
-
.
1.2.3
abc
+
1e+
1e+
1e+
1e-
000.e
abc
e10
000.e
-
1ee2
1e+
++1
e10
+
1ee2
1ee2
abc
000.e
1ee2
+
--2
1e-
e10
000.e
1e-
1ee2
-
000.e
1e-
0e
1e-
1e+
1ee2
.
-
1ee2
000.e
abc
1.2.3
1e-
1e
1e+
abc
1ee2
1.2.3
+
0e
1.2.3
000.e
-
--2
1e-
1e+
1e
1e+
.
-
e10
0e
abc
e10
0e
000.e
1.2.3
e10
--2
+
000.e
--2
--2
1.2.3
1.2.3
++1
-
e10
e10
-
1e-
1e
abc
--2
+
+
000.e
0e
--2
1.2.3
++1
.
1.2.3
1ee2
1.2.3
--2
e10
abc
000.e
1ee2
abc
e10
000.e
+
-
--2
1e-
1e+
+
-
000.e
.
1e+
1.2.3
1.2.3
0e
1e+
000.e
-
0e
++1
+
e10
1.2.3
++1
1e+
1e
+
1e+
1e-
--2
++1
-
000.e
1ee2
-
1e
.
++1
-
1e
0e
1e-
--2
--2
e10
abc
--2
+
000.e
1e
abc
-
1e+
++1
1e
1e
1e-
+
-
0e
--2
1e+
+
000.e
1e-
--2
e10
+
--2
--2
+
1.2.3
++1
--2
1e+
0e
abc
--2
++1
1e
+
1e+
1ee2
abc
++1
1.2.3
1e
1e
1e+
e10
++1
1e-
.
1e+
++1
+
e10
-
e10
1e+
0e
0e
abc
1e+
+
abc
1e-
+
1e+
e10
e10
--2
-
1e+
1.2.3
1ee2
++1
e10
1e-
1ee2
--2
1e
-
000.e
1e
1e
1e+
+
1.2.3
+
1.2.3
1e-
1e-
1ee2
1e-
+
000.e
.
1e+
-
.
1.2.3
++1
+
.
1ee2
1e-
1ee2
1e+
++1
.
1ee2
e10
--2
1e+
.
1e+
1e+
e10
1ee2
+
e10
0e
.
--2
-
e10
++1
--2
+
.
1.2.3
--2
abc
--2
+
+
1e-
--2
++1
1e+
1e
++1
.
--2
+
000.e
000.e
1.2.3
+
1.2.3
1e+
1ee2
-
1e
1e
1ee2
1e-
1.2.3
0e
-
1e+
abc
+
0e
++1
-
++1
e10
1ee2
0e
000.e
abc
-
0e
1ee2
e10
.
e10
1e-
1e
.
1.2.3
-
1e
e10
abc
1e+
--2
--2
-
0e
e10
-
1e-
++1
--2
.
1e-
0e
1e+
1e-
1e
1.2.3
-
1e-
1e
1e+
000.e
1e+
abc
1e
+
--2
--2
1e
-
e10
++1
1.2.3
abc
++1
1e
-
.
1ee2
abc
-
++1
1e-
1.2.3
1.2.3
000.e
.
1.2.3
++1
1ee2
.
--2
1e+
0e
1e
e10
000.e
-
0e
-
++1
abc
1ee2
e10
-
000.e
e10
1e-
1e-
1.2.3
abc
abc
000.e
1e-
e10
.
1e
1e
+
--2
1e+
000.e
000.e
1.2.3
1ee2
abc
abc
1.2.3
1e
000.e
1ee2
+
.
1.2.3
++1
1e
1e-
000.e
1e-
1e
1e
-
abc
+
1e+
1e
1ee2
1e
+
1e
0e
abc
-
+
1.2.3
+
1ee2
-
1e-
1ee2
1.2.3
--2
.
1e
-
--2
1.2.3
1ee2
000.e
000.e
.
e10
1ee2
0e
+
-
1e-
++1
000.e
1.2.3
+
--2
000.e
1e-
abc
1e-
1e-
--2
1e-
000.e
e10
+
000.e
-
e10
1e+
1ee2
abc
++1
++1
abc
1e+
.
1.2.3
0e
abc
e10
1.2.3
+
e10
1.2.3
1ee2
--2
+
1e+
abc
++1
+
--2
1ee2
++1
++1
++1
0e
--2
-
000.e
abc
0e
-
++1
1.2.3
1e-
--2
e10
1e-
+
000.e
1e
--2
-
--2
abc
+
++1
abc
+
1e
+
000.e
abc
e10
+
abc
e10
e10
1.2.3
.
e10
0e
1.2.3
.
-
abc
1.2.3
1e
1e
abc
1e+
--2
--2
1e
abc
0e
--2
--2
--2
abc
e10
1e-
+
e10
+
.
e10
--2
.
1e
0e
1ee2
0e
1e
e10
.
abc
abc
0e
.
e10
+
000.e
1.2.3
0e
0e
abc
1ee2
1.2.3
abc
1e
e10
1e
abc
-
1e
1.2.3
abc
.
--2
-
1e
abc
1ee2
abc
1e-
e10
1e-
-
0e
1.2.3
e10
1e+
1e
1e+
+
1ee2
++1
1e-
++1
+
1e
++1
1e-
+
++1
e10
+
0e
abc
0e
1.2.3
+
1e+
1.2.3
e10
++1
1e+
1e+
++1
1e
1e+
1ee2
++1
--2
++1
1ee2
abc
1.2.3
0e
.
abc
1ee2
1e+
-
1e+
0e
abc
1e-
+
+
+
++1
e10
0e
0e
e10
1e-
1e-
abc
1e
1e
--2
1ee2
e10
-
e10
1e-
abc
1.2.3
000.e
1ee2
1e-
000.e
e10
0e
1.2.3
abc
abc
1e+
1ee2
+
1e
--2
e10
1ee2
1e+
000.e
++1
1.2.3
e10
1e
++1
e10
--2
1e
1.2.3
000.e
abc
abc
1e
0e
000.e
1ee2
-
1e
1e
+
0e
e10
+
0e
+
000.e
--2
1ee2
1.2.3
e10
abc
-
+
--2
1e
1.2.3
1e
0e
1ee2
e10
1ee2
e10
1e
++1
1.2.3
0e
--2
+
1e+
0e
--2
000.e
abc
1ee2
1e
+
.
1ee2
1e-
0e
e10
.
1ee2
000.e
-
1.2.3
1ee2
--2
--2
e10
abc
--2
000.e
0e
1e-
.
1ee2
000.e
000.e
1e-
+
000.e
abc
000.e
1e-
-
1e
1e-
-
1e-
.
e10
1e
e10
--2
1.2.3
--2
1e
1.2.3
.
1ee2
.
-
+
1e
++1
--2
abc
1e-
e10
1e+
1e-
-
0e
+
1e
0e
+
--2
1e
000.e
1ee2
abc
++1
0e
--2
0e
1.2.3
1e
1e+
1e+
e10
--2
++1
abc
1ee2
e10
+
1e-
000.e
0e
1.2.3
--2
-
abc
e10
++1
.
abc
1e+
abc
.
e10
000.e
++1
.
000.e
abc
1ee2
-
1e+
abc
1e-
1.2.3
000.e
abc
e10
1.2.3
1ee2
1ee2
1.2.3
.
-
1.2.3
1.2.3
1ee2
.
1e-
abc
1e+
e10
e10
1.2.3
abc
+
1ee2
+
1ee2
1ee2
1e
+
1.2.3
+
+
abc
1e+
1ee2
0e
1e-
e10
+
0e
1e-
--2
1.2.3
1e-
--2
+
--2
1e
++1
0e
1e
1e-
+
1e
000.e
1e-
-
--2
--2
1e+
0e
1e-
1.2.3
+
1e+
000.e
1ee2
++1
1e+
1e
0e
.
0e
1ee2
1e
++1
1e+
++1
1e-
-
+
.
1ee2
0e
1e+
1e
1e-
++1
abc
--2
1ee2
1e-
++1
e10
.
1e
1e-
1.2.3
e10
1e-
0e
++1
0e
000.e
1e+
abc
.
e10
.
000.e
.
0e
+
+
--2
++1
.
1.2.3
0e
.
000.e
+
--2
++1
+
--2
.
--2
+
1.2.3
-
--2
1e-
abc
abc
++1
1e-
1e
.
0e
abc
+
.
000.e
1.2.3
1.2.3
++1
-
1e
1e+
1ee2
1ee2
++1
1e-
.
+
.
abc
e10
-
-
1.2.3
1.2.3
1e+
-
000.e
+
--2
0e
1e-
000.e
-
0e
--2
1.2.3
-
1e+
+
e10
0e
-
1ee2
1e
1ee2
.
--2
1.2.3
.
+
abc
-
e10
--2
000.e
--2
-
+
1e-
e10
1ee2
--2
1e
1e+
++1
1.2.3
abc
1e-
1e-
-
++1
e10
-
1ee2
1e+
abc
1e+
1e+
e10
++1
++1
1.2.3
--2
1e-
1e
.
1e-
--2
--2
.
++1
abc
--2
+
1e+
000.e
e10
1ee2
++1
-
e10
000.e
1e-
1e
1e-
--2
1ee2
1e+
+
+
abc
0e
-
0e
000.e
0e
-
.
++1
--2
abc
1e-
1e-
--2
1e-
000.e
--2
1e-
0e
1e
-
000.e
1.2.3
--2
000.e
--2
abc
1e
--2
--2
++1
--2
1e-
abc
1e+
e10
++1
-
000.e
000.e
1.2.3
e10
1e-
-
abc
1.2.3
abc
abc
1e+
1ee2
++1
+
++1
1e
abc
.
1.2.3
+
--2
1.2.3
1.2.3
0e
--2
++1
1e
.
.
1e
1e+
+
0e
1e+
+
--2
1ee2
.
1e
000.e
-
abc
000.e
--2
1e+
e10
e10
e10
1ee2
e10
.
.
0e
++1
1e
--2
000.e
1ee2
--2
1e+
000.e
0e
e10
1e
1.2.3
1.2.3
++1
1.2.3
e10
1e-
e10
1e
1e
-
1e-
-
--2
1e-
000.e
1.2.3
abc
1e
1e-
1ee2
1e-
--2
--2
0e
000.e
1ee2
-
1e
--2
++1
+
1e-
.
1e
++1
1e
1ee2
.
1.2.3
-
++1
abc
000.e
1e
1ee2
+
-
000.e
1e-
1e-
0e
+
1e
++1
1ee2
--2
+
-
--2
+
++1
-
1.2.3
0e
-
abc
1ee2
1e-
.
1e+
1.2.3
1e+
000.e
1e-
abc
1e-
-
1e-
.
1e+
000.e
1e+
+
+
--2
1e+
1e+
.
--2
1ee2
1.2.3
0e
-
--2
1.2.3
++1
-
1e+
1e
0e
+
.
1ee2
--2
1.2.3
1e+
abc
1e+
1e-
--2
++1
e10
e10
000.e
1e
1.2.3
000.e
1.2.3
e10
.
1e-
--2
++1
--2
1e+
1ee2
++1
--2
e10
1e
e10
.
1e+
1ee2
-
+
000.e
1.2.3
.
abc
1.2.3
.
1.2.3
+
1e-
+
1e
1e
.
1e-
-
1.2.3
0e
1e
+
1.2.3
.
1e+
-
abc
--2
e10
.
abc
.
.
abc
1e
abc
1e-
1ee2
+
++1
abc
+
1e-
--2
1.2.3
1.2.3
--2
.
abc
--2
1ee2
++1
1e-
-
1e-
1e+
1e-
-
1ee2
++1
++1
abc
1e+
1e
0e
-
e10
+
1e
.
abc
-
+
1e+
1e
1e+
1e+
1e
.
0e
+
1e-
1ee2
1.2.3
1e-
+
1e-
1e-
000.e
++1
1e-
+
1e
+
000.e
-
1e
0e
1e
1e-
1e-
++1
0e
--2
000.e
1.2.3
0e
000.e
000.e
1e+
+
++1
-
1e
1e-
abc
0e
1.2.3
1ee2
1.2.3
+
0e
+
-
1ee2
1e
+
000.e
1e
abc
abc
000.e
e10
1e
+
.
+
1e-
1.2.3
abc
1ee2
0e
0e
1e
.
+
++1
0e
000.e
1ee2
1e
.
+
000.e
1e-
+
-
1e
1e+
1e+
++1
.
1ee2
+
1ee2
000.e
1e-
1ee2
-
0e
abc
.
+
++1
.
1e-
-
abc
0e
++1
-
+
000.e
0e
000.e
--2
1ee2
1.2.3
e10
1e-
.
+
1e+
1.2.3
++1
++1
--2
--2
1e-
1ee2
1ee2
1ee2
1e-
1e
0e
000.e
0e
++1
-
e10
1e+
abc
e10
abc
1e+
+
.
-
1.2.3
++1
-
+
1ee2
000.e
-
1e-
.
--2
-
1e-
0e
e10
++1
abc
1e-
++1
+
abc
e10
abc
1e+
1e
-
000.e
000.e
abc
abc
1ee2
1e-
abc
++1
1ee2
e10
1ee2
1.2.3
1e
-
0e
.
++1
e10
1e+
.
1e
1e-
++1
1.2.3
+
000.e
1e+
1e-
-
.
1e+
e10
1e
1e
abc
000.e
-
+
e10
1.2.3
0e
1e+
.
0e
000.e
e10
-
000.e
000.e
1e-
1e
1ee2
+
abc
++1
1e+
1e+
abc
1e
1e-
e10
abc
e10
-
1ee2
++1
.
000.e
1e+
000.e
1e
+
1e-
+
abc
.
1e-
+
--2
+
1ee2
++1
e10
1e
e10
1.2.3
.
-
1e
--2
1e
0e
.
1.2.3
.
++1
000.e
-
abc
0e
++1
++1
-
-
e10
+
000.e
1e
1.2.3
1e+
e10
1e
.
++1
1.2.3
1.2.3
.
1e-
+
1.2.3
1ee2
++1
e10
000.e
--2
1.2.3
1.2.3
--2
0e
1e+
000.e
--2
1e-
++1
1e-
++1
1e
000.e
1.2.3
1ee2
--2
-
1e+
--2
000.e
1e+
-
1e
-
0e
--2
e10
1e-
++1
000.e
0e
e10
-
1ee2
e10
1ee2
++1
abc
1.2.3
000.e
--2
-
1e
++1
1ee2
0e
e10
1e+
.
--2
++1
e10
1e+
+
.
000.e
0e
abc
1e+
++1
1ee2
1e-
++1
1ee2
1e-
-
000.e
000.e
abc
.
abc
+
abc
abc
1e
000.e
1.2.3
-
-
1e-
1.2.3
1ee2
--2
1.2.3
1e+
1.2.3
abc
-
1e+
1e+
1ee2
e10
++1
-
0e
e10
1e-
e10
+
1e-
.
1.2.3
1e
1e-
.
--2
0e
+
+
+
1e
0e
.
000.e
1.2.3
1e-
1ee2
1.2.3
++1
000.e
1e
--2
++1
1e
.
-
.
1e-
.
1ee2
-
--2
1e+
+
000.e
000.e
abc
1e+
0e
+
e10
000.e
++1
e10
1e
++1
-
e10
e10
+
-
-
1e+
1ee2
-
0e
+
1e+
1.2.3
+
0e
++1
--2
abc
e10
000.e
1e-
1e+
1ee2
0e
.
000.e
1e+
1.2.3
000.e
0e
--2
++1
1.2.3
e10
abc
1.2.3
-
abc
-
0e
0e
1e+
.
-
1e
e10
1e-
000.e
++1
--2
.
1e+
e10
1e-
.
-
1.2.3
0e
e10
--2
.
e10
.
1e+
.
-
1e-
0e
e10
000.e
0e
000.e
1e-
-
1ee2
1ee2
+
.
.
1e
+
abc
000.e
--2
1e
000.e
--2
+
+
1e+
+
1e-
+
++1
e10
e10
000.e
1e-
1ee2
+
1ee2
1.2.3
1e-
0e
1e
1ee2
+
abc
+
000.e
--2
abc
abc
1e-
+
1e-
e10
1.2.3
--2
-
1ee2
1e-
000.e
1e+
+
--2
e10
.
0e
++1
1e+
++1
1.2.3
1.2.3
1e-
.
1ee2
1e
+
abc
++1
abc
-
1e-
1e
++1
1e+
0e
000.e
++1
1e+
+
abc
1e-
e10
.
1.2.3
1e+
--2
1e-
1ee2
abc
1ee2
1e+
0e
1e-
1ee2
1e+
+
1e+
+
1ee2
-
1e
++1
1e-
-
1e-
-
abc
1.2.3
1e+
+
-
abc
0e
.
0e
1ee2
000.e
+
++1
1e
1ee2
1e+
1e-
.
000.e
1e
1ee2
1e
1ee2
e10
e10
000.e
++1
++1
0e
000.e
000.e
1e-
1ee2
1e-
000.e
1.2.3
.
0e
1e
-
--2
-
+
+
--2
e10
.
0e
--2
e10
-
000.e
+
1e
-
abc
1e-
1e
0e
abc
0e
+
abc
0e
0e
-
1e-
++1
++1
abc
abc
e10
1e
+
1e+
1.2.3
.
1.2.3
.
000.e
+
1ee2
-
1e+
1.2.3
0e
abc
.
1e
++1
+
++1
1e
000.e
1e+
.
abc
++1
--2
1e+
1.2.3
e10
1e+
--2
1.2.3
e10
-
1.2.3
1e-
1e
.
000.e
1e
1e-
++1
1.2.3
1.2.3
1e-
--2
--2
+
e10
-
1e-
+
++1
1e+
.
+
1e-
1.2.3
0e
+
e10
.
++1
.
000.e
000.e
000.e
1e+
0e
+
000.e
1.2.3
-
--2
1e
1ee2
1e
1.2.3
1.2.3
1ee2
++1
-
000.e
1e-
abc
1e
1ee2
--2
--2
1ee2
1e
1e-
1e+
1e+
e10
++1
000.e
1ee2
1e-
--2
++1
e10
--2
++1
0e
0e
1ee2
1e
1ee2
000.e
e10
1ee2
1ee2
1.2.3
abc
0e
-
000.e
+
0e
+
1e-
--2
-
.
1e-
0e
1e+
+
++1
e10
1ee2
000.e
+
000.e
000.e
000.e
1e
1e-
++1
1.2.3
0e
1e-
1ee2
.
.
1.2.3
+
1e+
-
--2
1e-
1.2.3
-
0e
abc
++1
++1
1e
1ee2
--2
1.2.3
--2
1ee2
-
1e
.
1e-
++1
++1
1e
000.e
+
1e+
++1
1.2.3
-
1e+
-
--2
0e
1e+
0e
++1
1ee2
-
000.e
1e
abc
1.2.3
000.e
-
0e
-
abc
.
1e
++1
+
1e+
1ee2
1ee2
1e-
+
1e+
1ee2
e10
1e
1e+
-
.
-
--2
e10
--2
1.2.3
0e
abc
1e+
--2
++1
+
e10
.
1e+
000.e
1.2.3
++1
0e
.
1e+
--2
1e
0e
++1
1e-
1.2.3
-
+
--2
++1
+
abc
0e
+
1ee2
1e+
++1
-
e10
1e+
1e-
1e-
e10
--2
0e
.
e10
1.2.3
++1
1e
000.e
e10
-
-
000.e
.
--2
000.e
1e+
-
++1
abc
1e
--2
1e-
.
1ee2
1e-
+
0e
1.2.3
abc
000.e
1e-
1e+
abc
+
++1
-
0e
000.e
++1
1e-
+
1.2.3
1e-
1e-
+
1e
1e
0e
.
1.2.3
-
0e
.
000.e
--2
--2
+
.
1.2.3
.
-
e10
--2
+
000.e
e10
1e+
+
1e+
1.2.3
.
.
e10
+
++1
0e
1.2.3
1.2.3
000.e
.
1.2.3
--2
1e-
e10
1e+
1ee2
000.e
++1
0e
--2
1ee2
1e+
1e+
+
0e
-
000.e
1e+
.
1ee2
--2
e10
abc
0e
1.2.3
1e
000.e
1e-
e10
000.e
000.e
1e
+
.
0e
+
e10
1e+
1e+
1ee2
e10
1e
000.e
1e
--2
1ee2
--2
0e
++1
1ee2
-
--2
.
1.2.3
0e
.
-
++1
1ee2
0e
1e-
abc
000.e
000.e
000.e
000.e
--2
1.2.3
1e+
1.2.3
-
1ee2
1e
--2
1e-
e10
1e
1e
1e-
.
--2
.
-
1e+
++1
++1
1e+
1e-
000.e
++1
1e
1e
000.e
--2
000.e
1e-
1e+
+
+
1e+
000.e
+
abc
1e+
1e-
1.2.3
.
1ee2
1e
1e+
1e
.
1e
++1
e10
-
+
1ee2
0e
1.2.3
++1
000.e
++1
1e-
-
1e-
+
1.2.3
1e-
0e
+
000.e
1.2.3
1e
1e
1.2.3
1ee2
-
0e
abc
0e
-
0e
.
--2
1ee2
1e
1ee2
+
++1
+
000.e
1.2.3
abc
-
+
1.2.3
+
000.e
.
1.2.3
+
1.2.3
.
1e
1e-
1e
1e
1ee2
++1
.
1.2.3
1e-
000.e
1ee2
.
1e-
000.e
1e-
0e
0e
++1
1e
1e+
000.e
.
1e+
+
1ee2
1ee2
1e-
0e
-
--2
++1
abc
000.e
.
1.2.3
1e
+
e10
1e
.
1e-
1ee2
000.e
--2
1e+
e10
1e
1e+
1e
-
+
1e+
e10
+
1e-
1.2.3
.
1e
1e+
1e
++1
1ee2
1e+
+
.
e10
1e-
1e
e10
.
000.e
-
0e
e10
.
1e+
1e+
1ee2
000.e
++1
--2
1.2.3
.
-
1ee2
0e
++1
1ee2
.
1ee2
abc
000.e
000.e
0e
000.e
abc
1e
0e
0e
000.e
1e-
1e
.
.
.
--2
+
e10
abc
1e+
1e
1e-
000.e
1e
1.2.3
0e
++1
1e-
000.e
--2
000.e
1.2.3
0e
1e+
000.e
.
1ee2
+
abc
+
1e
1ee2
++1
++1
1e-
1.2.3
abc
--2
1e-
-
1.2.3
--2
000.e
1.2.3
1e
-
1ee2
1ee2
0e
++1
1e+
-
1ee2
1.2.3
1e
0e
000.e
++1
++1
.
000.e
1e
--2
1ee2
1e-
--2
-
-
0e
000.e
+
000.e
1e
1e
1.2.3
+
1e-
e10
1.2.3
--2
0e
.
1e+
1e
000.e
abc
0e
1ee2
1.2.3
1.2.3
000.e
0e
++1
+
.
e10
+
--2
++1
1e-
1e+
--2
++1
--2
+
.
abc
-
e10
1e+
1e
-
abc
-
+
++1
1e
1.2.3
e10
e10
1e
e10
.
+
--2
1.2.3
.
0e
1e-
1e
-
1e
++1
1e-
--2
1e-
1.2.3
-
1e
0e
e10
--2
1ee2
+
--2
.
000.e
1e-
1e
.
0e
1e+
-
e10
1e-
+
0e
0e
--2
1e
abc
+
e10
0e
++1
1e
0e
abc
abc
1.2.3
--2
1e
+
abc
1e+
+
1.2.3
.
000.e
+
++1
1e-
e10
0e
1ee2
0e
1e+
.
1e-
0e
1e
-
1.2.3
.
1.2.3
+
abc
0e
abc
.
abc
1ee2
--2
--2
--2
1e
.
000.e
+
.
1e
++1
+
1.2.3
1ee2
-
1e
1.2.3
1e+
0e
1e-
1.2.3
--2
++1
e10
000.e
1e
--2
1e+
--2
--2
+
1ee2
000.e
000.e
1e+
1e-
0e
--2
000.e
1e-
1e+
e10
0e
0e
1e+
1e
.
000.e
.
0e
+
++1
e10
1e
++1
1.2.3
1.2.3
.
abc
1e-
+
0e
1e-
+
1e
--2
1.2.3
0e
0e
.
0e
+
--2
.
0e
.
--2
000.e
1ee2
++1
e10
0e
+
abc
-
000.e
000.e
e10
1e-
1e-
.
1e+
0e
--2
e10
-
1e+
000.e
1e-
-
000.e
1e+
1e-
.
1e+
.
1e+
+
1e-
.
1.2.3
abc
--2
000.e
0e
--2
++1
000.e
1e
++1
.
000.e
1e-
1.2.3
1ee2
1.2.3
0e
1ee2
1e+
1.2.3
-
0e
+
abc
000.e
1e+
--2
.
abc
000.e
000.e
abc
000.e
-
000.e
1ee2
1e
e10
000.e
1e
--2
e10
1.2.3
e10
-
1e-
1.2.3
000.e
++1
-
000.e
1.2.3
abc
0e
1.2.3
e10
--2
abc
.
1e
1e+
000.e
+
abc
abc
1ee2
0e
.
0e
0e
e10
e10
abc
-
1ee2
--2
1.2.3
1e-
0e
0e
1e+
+
1e-
0e
1ee2
000.e
-
+
--2
--2
+
1.2.3
1ee2
1e+
1.2.3
+
e10
1e+
1e+
1e+
e10
--2
1e+
--2
1ee2
++1
000.e
1ee2
1e
000.e
.
e10
0e
1e+
++1
1ee2
e10
0e
1.2.3
1ee2
--2
++1
-
1e
1e+
-
-
1.2.3
1e-
1ee2
--2
1e+
e10
-
--2
0e
000.e
.
.
0e
1e
--2
++1
1e
abc
.
0e
+
000.e
1e
--2
.
1e+
0e
abc
0e
1ee2
-
+
-
1ee2
--2
1ee2
--2
++1
1.2.3
0e
+
+
1.2.3
1ee2
.
++1
0e
e10
1ee2
++1
e10
1ee2
abc
-
.
000.e
++1
000.e
1e
-
-
abc
e10
1.2.3
1ee2
1ee2
1e
1e-
000.e
000.e
+
e10
1.2.3
-
1ee2
1e
e10
abc
0e
1e
000.e
e10
000.e
.
1e
1e
--2
abc
000.e
1ee2
1ee2
-
++1
++1
.
1.2.3
abc
1.2.3
1ee2
1e
+
000.e
.
1.2.3
e10
-
--2
+
+
++1
1.2.3
1ee2
-
e10
e10
--2
000.e
e10
1.2.3
abc
1e+
++1
0e
1.2.3
-
000.e
1e
1e-
1ee2
1ee2
.
000.e
0e
000.e
-
1e+
0e
1ee2
000.e
1e-
e10
--2
1ee2
0e
+
000.e
e10
.
.
e10
abc
1.2.3
1e-
1e-
1ee2
+
1e-
1e+
0e
1.2.3
000.e
1e-
-
1.2.3
.
1e
000.e
1ee2
1.2.3
1e
abc
.
-
abc
e10
1ee2
--2
1ee2
0e
1e+
+
--2
.
.
--2
e10
1.2.3
abc
1e-
--2
--2
1e
--2
--2
++1
+
0e
1e
1e
1ee2
++1
1ee2
1e+
1e-
1ee2
0e
1e-
0e
++1
0e
--2
-
++1
0e
0e
0e
1e-
++1
1.2.3
abc
abc
--2
e10
.
.
abc
+
000.e
++1
-
.
1e+
1e+
e10
-
-
000.e
1e
.
1e+
1.2.3
+
e10
++1
--2
1e
.
1e
--2
000.e
e10
abc
1e+
0e
+
1.2.3
000.e
000.e
e10
0e
1e
--2
--2
+
-
1e-
1ee2
000.e
1.2.3
--2
.
-
1e-
1ee2
-
1.2.3
1ee2
000.e
1e+
--2
1e-
++1
++1
000.e
.
1e
000.e
e10
-
abc
1e+
-
000.e
1.2.3
1e+
1e-
+
000.e
e10
1.2.3
++1
+
1.2.3
--2
0e
1ee2
+
0e
1ee2
++1
1ee2
1e
--2
1ee2
-
1.2.3
--2
abc
-
--2
1e-
1e-
+
1e
0e
abc
1e+
1e-
000.e
e10
1ee2
1e
0e
e10
1e-
abc
.
1e+
.
1ee2
0e
++1
1ee2
-
1e+
1e+
--2
000.e
000.e
1e-
1e+
++1
1.2.3
1e+
0e
1.2.3
abc
1.2.3
.
1e
.
++1
e10
e10
1e+
1e+
1e-
0e
1e-
1e
1.2.3
++1
1.2.3
1e+
++1
e10
+
+
1.2.3
++1
1ee2
1ee2
1e+
e10
-
--2
1e-
++1
abc
--2
1e+
1e+
e10
+
1.2.3
1e-
+
000.e
abc
1.2.3
000.e
e10
+
abc
1ee2
1.2.3
1e-
000.e
-
--2
--2
++1
1e
1.2.3
1ee2
+
1e-
--2
--2
+
+
1e
+
e10
--2
++1
1e-
1e
0e
1e-
000.e
0e
+
0e
1.2.3
.
1ee2
+
000.e
.
.
--2
abc
-
1e-
1e
-
1ee2
e10
--2
-
--2
0e
++1
1e-
e10
0e
000.e
1e+
+
abc
1e-
.
1e-
e10
1e+
.
1e+
1e+
-
.
abc
-
+
1e-
+
++1
1e+
-
0e
1e+
--2
+
+
000.e
-
++1
0e
000.e
1.2.3
1e+
000.e
1ee2
1ee2
++1
.
+
1e-
+
1ee2
000.e
1e
1.2.3
1.2.3
e10
--2
-
0e
0e
.
+
1e-
abc
+
0e
+
1ee2
1ee2
1e-
1e-
abc
1e
1e-
0e
-
abc
abc
1ee2
++1
0e
1e
1e
-
abc
1.2.3
1e-
-
abc
abc
++1
1.2.3
000.e
1e+
++1
+
1e+
.
e10
000.e
--2
+
1ee2
1e
++1
000.e
-
abc
abc
.
1e-
++1
1e-
1e
--2
.
000.e
.
abc
.
+
1e-
1ee2
000.e
1e
e10
1e
0e
++1
+
e10
e10
++1
1ee2
1e-
++1
1e-
.
1ee2
1e
e10
1.2.3
e10
0e
000.e
1e-
abc
000.e
1e+
0e
--2
-
1.2.3
abc
1e+
1.2.3
1e+
.
++1
0e
1e
1ee2
e10
--2
1e
1e-
abc
1e
1e
--2
000.e
1e+
0e
abc
++1
000.e
++1
1.2.3
e10
e10
1ee2
1ee2
e10
.
1e+
1e+
1.2.3
++1
++1
1e+
1ee2
000.e
-
--2
abc
e10
e10
1e+
abc
e10
1e-
abc
-
.
e10
1e
--2
1ee2
000.e
0e
000.e
1ee2
1e+
.
+
1.2.3
1e
e10
abc
++1
.
1ee2
1ee2
e10
abc
1e
1e-
--2
000.e
--2
abc
1.2.3
000.e
--2
-
1e
1.2.3
-
1e
++1
--2
e10
-
-
1e-
1.2.3
.
000.e
--2
e10
1e-
.
abc
1e
000.e
1ee2
abc
e10
1e
000.e
-
+
1e
0e
-
1e-
.
e10
1.2.3
000.e
1e+
-
-
e10
e10
.
1ee2
1ee2
-
++1
1.2.3
.
++1
++1
-
000.e
++1
000.e
1e+
1e
-
++1
e10
000.e
1e+
e10
1e-
--2
1e+
++1
1e-
1e
1e+
1e-
-
1e-
1ee2
abc
.
000.e
0e
+
1.2.3
++1
e10
0e
0e
++1
1.2.3
.
-
++1
1e+
+
1ee2
000.e
.
1e-
.
+
0e
++1
.
.
1e-
1.2.3
1e-
+
+
1e-
+
1.2.3
1.2.3
0e
--2
1e
1.2.3
-
-
-
.
.
++1
1ee2
1ee2
0e
-
abc
++1
--2
+
1.2.3
1ee2
--2
1e
e10
1e+
-
e10
++1
1e
--2
+
e10
1.2.3
-
1.2.3
-
abc
0e
000.e
1.2.3
.
++1
e10
e10
1e
000.e
++1
--2
1e
+
1e-
1e
-
1e+
1e
++1
--2
1.2.3
000.e
e10
-
0e
0e
0e
abc
0e
1e-
1e-
+
e10
1e
-
1.2.3
e10
--2
000.e
0e
--2
1e-
000.e
1e
1e
000.e
+
1e-
--2
-
abc
1ee2
--2
0e
0e
0e
1e-
++1
abc
+
1e
-
1e
1ee2
abc
abc
1e+
1e
.
1e-
e10
e10
1e
--2
abc
--2
+
1.2.3
000.e
.
1e
--2
+
1e
-
1e+
+
000.e
1.2.3
0e
e10
++1
+
--2
1.2.3
++1
1e+
1e-
e10
1.2.3
000.e
e10
1ee2
++1
e10
1ee2
1ee2
1.2.3
abc
0e
0e
++1
1e+
.
1ee2
1ee2
1e-
abc
++1
--2
++1
.
e10
1ee2
--2
1e
0e
1ee2
1e+
++1
.
1e
.
1.2.3
abc
e10
1e
1e+
000.e
1e
1e-
1.2.3
000.e
0e
e10
1.2.3
1ee2
1e
000.e
0e
1e+
1e
++1
+
.
.
abc
1ee2
1.2.3
0e
1.2.3
e10
1e
1ee2
0e
1.2.3
e10
1e-
1e+
-
1ee2
++1
1ee2
1e+
1.2.3
++1
--2
1.2.3
1.2.3
-
1e-
1ee2
+
+
abc
1e+
.
+
++1
1e
1e+
abc
1e-
.
e10
+
++1
e10
--2
000.e
.
+
--2
-
1e+
--2
1.2.3
++1
1ee2
e10
+
-
e10
abc
1ee2
-
0e
e10
abc
1e-
--2
++1
1e-
+
e10
-
e10
1e
++1
e10
1e-
e10
1e-
1ee2
e10
1ee2
1e-
e10
-
0e
.
1e
000.e
+
1e+
--2
abc
abc
1e+
+
abc
e10
--2
+
1.2.3
1e
0e
e10
0e
--2
+
1.2.3
1ee2
1e-
+
.
+
0e
-
1e
abc
1e+
-
1e
.
--2
-
++1
000.e
1e+
.
e10
1ee2
abc
abc
++1
e10
++1
1e+
1e
1e
1.2.3
1e+
0e
-
1e
1e+
1e
1e+
++1
1.2.3
1e+
1e
e10
++1
0e
0e
.
1e
+
+
+
--2
1e+
abc
1e-
-
-
-
1ee2
--2
++1
1e+
1e-
.
0e
1e-
1e-
1e+
000.e
.
+
abc
0e
0e
1e-
0e
1ee2
0e
.
--2
1e
1e-
-
1.2.3
1.2.3
e10
1e
1e+
1.2.3
e10
e10
0e
1e-
++1
1ee2
1e
-
++1
-
1e-
+
e10
-
1e+
--2
+
000.e
++1
++1
1e+
0e
1e
--2
++1
1e-
-
-
1e+
1ee2
1ee2
-
1e-
-
--2
++1
--2
1e+
1e-
000.e
1e-
--2
.
1e
000.e
+
1e
--2
1e
1.2.3
.
1.2.3
--2
1ee2
+
abc
-
e10
1e+
1.2.3
+
+
1ee2
1ee2
1e+
.
1e+
e10
1.2.3
+
--2
++1
.
--2
--2
1.2.3
+
-
000.e
0e
1ee2
1.2.3
0e
1e
++1
1e-
-
+
000.e
.
1e+
0e
000.e
e10
1e-
1e-
1.2.3
000.e
++1
1e+
0e
1e-
1e
--2
1ee2
--2
1e
.
--2
-
abc
++1
1ee2
1e+
1e+
.
0e
-
000.e
1.2.3
-
+
--2
1e
1.2.3
000.e
1e+
000.e
1e+
abc
+
-
1e-
e10
.
abc
e10
0e
0e
--2
-
1.2.3
1ee2
e10
0e
1ee2
abc
abc
+
--2
1e
1e+
abc
-
-
++1
1e-
1ee2
1ee2
1e+
e10
.
abc
1ee2
1ee2
++1
+
--2
1e
--2
1e-
000.e
+
e10
1e+
1e
000.e
abc
e10
0e
abc
1e-
+
.
1e-
-
e10
e10
+
.
e10
000.e
1e+
0e
000.e
.
1ee2
0e
1ee2
-
abc
1ee2
e10
1e
-
1.2.3
0e
1e-
1.2.3
-
+
-
1e-
abc
1.2.3
1e-
++1
+
e10
abc
1ee2
.
1e
000.e
1.2.3
-
+
abc
abc
++1
1ee2
000.e
-
.
.
0e
1.2.3
1ee2
abc
000.e
++1
1ee2
+
.
000.e
000.e
abc
1e-
e10
e10
--2
--2
-
1e+
e10
1e+
1e-
++1
000.e
1e+
+
1.2.3
0e
-
0e
1e-
1e
1e
1e
1.2.3
-
.
000.e
e10
e10
.
1ee2
1e
-
1e-
0e
.
abc
--2
++1
.
.
0e
0e
1e-
.
e10
e10
-
.
0e
1e
.
000.e
000.e
e10
e10
1e+
1ee2
-
.
1e
1e
1e-
1e
+
abc
.
1e+
1ee2
e10
abc
++1
abc
0e
1e-
-
1.2.3
1.2.3
--2
.
e10
--2
0e
abc
abc
abc
-
+
+
-
++1
-
.
e10
1ee2
.
abc
+
-
-
+
e10
1e-
1e+
abc
--2
0e
e10
000.e
1e-
e10
1.2.3
.
e10
1ee2
1ee2
1e
1ee2
1e-
1e+
000.e
000.e
abc
1e+
e10
abc
+
1e+
1e+
1e
.
1ee2
++1
0e
e10
+
1.2.3
1e-
abc
e10
-
--2
1.2.3
+
1.2.3
.
1e-
.
1e
0e
abc
+
1e
++1
0e
-
e10
000.e
1.2.3
.
000.e
000.e
-
--2
1e+
+
1e-
1e
++1
--2
1e+
1e-
+
++1
000.e
000.e
-
.
1e-
1e+
.
1e
.
-
--2
+
1e
-
--2
++1
+
1ee2
1e-
1ee2
++1
e10
1ee2
1e
++1
+
++1
++1
1e-
--2
0e
-
.
1ee2
1e+
1e+
000.e
1ee2
1e-
-
1e-
abc
++1
++1
abc
.
abc
1e
000.e
--2
1e+
1e-
--2
.
-
1.2.3
1e+
--2
abc
1e
++1
1e
0e
-
--2
0e
000.e
-
.
+
++1
1.2.3
1ee2
000.e
--2
1e-
--2
1ee2
1e
-
1.2.3
1ee2
1e+
e10
abc
.
e10
0e
0e
1e-
++1
1e
000.e
1.2.3
1e+
-
1.2.3
1e
1e-
abc
-
1e+
+
.
.
++1
1.2.3
1e
.
--2
1e-
1e-
--2
abc
.
1e-
1ee2
1e-
--2
--2
1ee2
0e
1ee2
++1
--2
1e+
abc
1e+
.
.
e10
1e-
e10
+
e10
+
-
1e-
1ee2
abc
000.e
1.2.3
abc
1.2.3
++1
+
1ee2
1e+
1e-
abc
000.e
1e
e10
abc
1e
++1
+
e10
--2
000.e
1e
1ee2
1ee2
1ee2
-
+
.
--2
e10
1ee2
1e-
-
+
1.2.3
+
-
1e
0e
1e+
++1
1e+
--2
.
abc
abc
e10
1.2.3
1e
1e+
e10
abc
e10
++1
1ee2
-
1.2.3
++1
-
--2
+
1e
1e
0e
1.2.3
1e-
e10
.
1e
0e
000.e
+
+
1e
.
abc
-
1e
0e
1e+
1ee2
+
000.e
0e
++1
e10
--2
1e+
1e+
e10
-
-
abc
--2
000.e
.
1e
abc
1e
--2
e10
abc
1.2.3
000.e
1ee2
abc
.
-
1e+
--2
1e+
1e+
abc
0e
1ee2
e10
1.2.3
+
1e+
1.2.3
-
e10
.
.
1ee2
1.2.3
-
1e-
1.2.3
.
1e
+
++1
++1
abc
abc
-
1.2.3
1e+
abc
.
+
000.e
1e-
1e-
.
1e-
1e-
1e-
000.e
1e-
1e-
1e-
-
0e
1e
e10
+
1e-
++1
1ee2
1ee2
++1
abc
1e-
.
1e-
--2
-
.
0e
1ee2
1e+
++1
0e
.
abc
1e+
000.e
1e
1e
.
+
0e
000.e
1.2.3
1e
++1
--2
--2
000.e
1.2.3
1e-
--2
0e
--2
1e+
1ee2
.
+
1e+
-
abc
abc
-
+
+
000.e
1ee2
e10
abc
-
--2
0e
.
++1
1e+
+
--2
.
-
++1
-
1e+
++1
--2
+
.
-
1e-
-
++1
1e
1e
--2
++1
--2
1.2.3
000.e
++1
-
1e-
000.e
++1
e10
1e
++1
1ee2
1e+
000.e
1ee2
-
++1
--2
++1
-
--2
1ee2
.
1e
1e-
--2
1ee2
++1
1e+
++1
.
1e-
1e+
0e
1e+
abc
--2
1e-
0e
0e
1e
.
1e
-
1e+
+
+
1.2.3
abc
e10
++1
1ee2
1e+
1e-
-
abc
--2
1e-
-
.
--2
abc
1e+
1.2.3
e10
e10
abc
1e
abc
1e-
0e
++1
1e-
1e+
++1
1ee2
1e-
+
1e
1e-
-
1e-
1e-
1e+
++1
0e
abc
1.2.3
1ee2
abc
-
++1
000.e
1e-
1ee2
e10
-
0e
-
1.2.3
000.e
1ee2
1.2.3
000.e
1ee2
1e
.
.
abc
+
--2
0e
000.e
000.e
++1
000.e
1e-
e10
000.e
1e
000.e
000.e
abc
1e
+
++1
.
-
e10
1e+
.
e10
++1
1e+
000.e
1e+
-
0e
000.e
.
e10
1ee2
1ee2
++1
+
1e
1.2.3
e10
+
+
1e-
1e+
--2
1e+
1e+
.
+
--2
1e
+
1ee2
1e+
1e+
e10
1e+
1.2.3
1e
1ee2
+
1e
.
1ee2
--2
1e-
++1
000.e
0e
1e+
abc
1e
1e
1e
abc
--2
.
000.e
1.2.3
++1
1ee2
.
1e-
abc
+
1e+
++1
+
-
-
abc
e10
abc
.
e10
-
--2
abc
++1
-
abc
000.e
1e-
abc
.
-
-
.
++1
000.e
++1
+
1ee2
1ee2
0e
-
.
1e
0e
1e
1.2.3
1e-
++1
1e
++1
+
0e
0e
1ee2
1e+
-
+
+
1.2.3
0e
.
000.e
++1
000.e
abc
e10
e10
abc
0e
--2
e10
-
1ee2
000.e
abc
-
0e
-
e10
1e+
1e-
++1
e10
++1
+
0e
++1
abc
1.2.3
+
++1
1e+
e10
1e-
1ee2
1e
1.2.3
++1
0e
abc
+
abc
+
1e+
1ee2
000.e
1e
e10
+
1e+
0e
1e+
-
+
-
.
1ee2
--2
0e
.
1.2.3
-
1ee2
0e
e10
+
1.2.3
0e
++1
1e+
--2
000.e
--2
--2
1e
++1
1e+
1e
0e
1e
1e-
000.e
000.e
1e-
1e
1e
abc
000.e
1ee2
1e-
1.2.3
1e+
1e-
1e
1e-
+
1ee2
1.2.3
abc
e10
+
+
+
1e+
-
-
1e+
+
1e+
e10
1e+
1e
0e
-
1e
1e
--2
.
1ee2
.
0e
1.2.3
1ee2
abc
1e-
e10
abc
000.e
1e
abc
0e
1e+
+
0e
.
1ee2
+
1e+
++1
abc
1ee2
e10
e10
1e-
++1
--2
1e+
1e-
++1
1.2.3
1e-
abc
++1
1.2.3
--2
-
+
e10
abc
abc
1e+
1e
-
1ee2
.
1e+
e10
.
.
1e
0e
1e
++1
1e
1e-
-
.
1e+
e10
.
+
++1
1e+
abc
1.2.3
--2
1ee2
e10
++1
abc
e10
++1
++1
.
abc
++1
e10
++1
--2
1e-
.
1e
1e
1e+
1e-
-
e10
.
e10
+
e10
-
--2
000.e
++1
1e-
++1
1e
1e+
+
-
000.e
--2
-
-
1.2.3
-
000.e
+
.
+
1.2.3
.
--2
e10
1e
1e-
abc
1.2.3
1ee2
--2
--2
-
abc
0e
1.2.3
1e+
1e-
000.e
e10
000.e
1e-
-
+
0e
abc
--2
0e
1e+
1e-
000.e
0e
++1
1.2.3
.
1ee2
-
1e-
e10
--2
-
000.e
-
++1
0e
000.e
++1
1e
1e+
1.2.3
000.e
000.e
0e
0e
--2
000.e
1e+
e10
0e
abc
--2
1e+
1e+
+
1e
e10
1e
0e
+
1e
--2
-
e10
+
0e
1e
++1
e10
--2
1e+
1ee2
-
++1
+
-
1e
1e
--2
++1
++1
0e
+
1e+
1.2.3
abc
--2
e10
1.2.3
e10
1e+
.
.
-
1e-
1.2.3
1ee2
1ee2
1.2.3
e10
--2
1e+
+
-
000.e
000.e
abc
0e
1.2.3
0e
e10
-
1.2.3
1.2.3
+
1e+
1ee2
000.e
+
1e
abc
000.e
abc
--2
1e-
-
-
1ee2
+
-
e10
.
+
abc
000.e
abc
1e
--2
-
e10
0e
e10
1e+
+
1ee2
1ee2
abc
-
--2
++1
abc
abc
--2
1e+
1e
+
+
0e
1.2.3
000.e
000.e
0e
++1
+
-
1e
1ee2
0e
++1
+
0e
1ee2
000.e
+
++1
1e-
-
abc
000.e
.
++1
--2
1ee2
++1
--2
1ee2
1e
abc
1e-
++1
.
+
1e
1e
1e+
--2
abc
0e
++1
+
1.2.3
--2
+
++1
0e
abc
e10
++1
1.2.3
1e+
-
1.2.3
1e-
++1
++1
000.e
000.e
--2
+
-
1ee2
abc
+
1ee2
0e
+
+
abc
+
0e
1e+
1.2.3
1e
e10
--2
1.2.3
--2
1.2.3
-
+
1e-
--2
abc
--2
++1
--2
e10
-
+
abc
abc
000.e
1e-
1ee2
1ee2
1e-
.
1e+
e10
--2
--2
+
000.e
000.e
+
000.e
1.2.3
abc
--2
1e-
000.e
+
-
1e
--2
0e
.
1e-
+
-
abc
e10
--2
1.2.3
-
1.2.3
0e
++1
+
+
+
--2
abc
e10
1ee2
0e
1e+
abc
1e+
1e+
1ee2
+
-
.
--2
1.2.3
1.2.3
-
++1
-
000.e
1e+
e10
1ee2
1e+
000.e
-
1e
-
++1
--2
0e
++1
++1
0e
abc
1ee2
1e+
1e
.
-
--2
1e-
-
++1
1e+
+
--2
1e-
000.e
++1
e10
--2
abc
+
abc
--2
abc
1.2.3
1e+
000.e
1e
abc
1.2.3
000.e
1e-
--2
.
1e
000.e
abc
0e
0e
1e+
1e+
1e
-
.
-
+
1e-
-
e10
--2
.
-
-
1e+
e10
0e
e10
e10
++1
abc
1e
1e+
1e-
abc
+
1.2.3
1.2.3
.
1e-
1e-
e10
1e+
1.2.3
1ee2
e10
e10
0e
abc
--2
1e-
1ee2
++1
000.e
1ee2
1e-
--2
e10
0e
--2
e10
++1
1e-
+
.
abc
abc
--2
1e
abc
1.2.3
-
abc
+
000.e
0e
1.2.3
1.2.3
abc
1.2.3
0e
abc
+
0e
-
1e+
-
1e-
1e-
1.2.3
+
-
.
abc
abc
1e-
-
1.2.3
e10
1ee2
1e-
000.e
1.2.3
-
+
.
++1
--2
abc
--2
abc
0e
--2
1e+
++1
abc
abc
000.e
0e
1e-
1e+
+
e10
1e+
+
1e
e10
.
--2
.
e10
0e
1e-
1ee2
1e-
1ee2
abc
000.e
abc
1e-
abc
1e
-
1ee2
1e
1.2.3
1e-
1.2.3
1.2.3
1e+
++1
1e-
0e
.
1e
--2
1ee2
1e
-
1e+
++1
0e
-
abc
++1
.
-
++1
1ee2
1e+
1e-
--2
+
1e
0e
++1
1e-
+
1e-
000.e
+
1e+
abc
000.e
+
0e
+
.
++1
1e
1e-
1e+
1e+
0e
+
-
e10
++1
++1
e10
.
e10
abc
+
1e
1ee2
1e+
0e
abc
++1
0e
1e-
+
0e
000.e
.
1e+
+
1e-
1e+
1e
1e+
e10
abc
e10
0e
.
000.e
1e+
1ee2
--2
e10
-
+
+
0e
++1
-
0e
e10
1e-
+
e10
1e
1e
1e+
1ee2
000.e
1e
1.2.3
abc
e10
1ee2
-
1e
1e
1e-
.
1e
--2
++1
1e+
-
1e
1e+
1.2.3
--2
1e-
000.e
1e
+
-
+
.
1.2.3
+
+
--2
1ee2
-
.
0e
1e-
-
e10
1e
.
1e-
1ee2
1.2.3
--2
0e
1.2.3
1e-
0e
1e+
1ee2
++1
++1
1ee2
-
1.2.3
1.2.3
1e+
1e
abc
0e
000.e
1e-
1.2.3
++1
abc
1ee2
1e-
000.e
1.2.3
0e
e10
1.2.3
1ee2
.
1e-
-
--2
1e+
1.2.3
e10
000.e
000.e
1e-
e10
1e+
0e
--2
--2
--2
1e
1e+
++1
0e
+
0e
.
1e
1e-
--2
e10
abc
1e+
.
+
-
-
1e
++1
.
+
e10
--2
000.e
++1
0e
abc
.
000.e
000.e
-
1e
0e
0e
1e
1e+
+
+
.
1ee2
1ee2
1.2.3
1e-
000.e
--2
+
--2
abc
1ee2
1e-
1.2.3
+
1e-
.
+
0e
++1
1e-
1e
-
abc
0e
-
e10
--2
0e
-
-
.
-
+
1e-
1.2.3
-
e10
1e+
1e-
0e
1.2.3
000.e
1ee2
-
1e
1e-
e10
1e+
abc
-
--2
1.2.3
0e
1e-
--2
--2
++1
e10
.
1ee2
+
1e-
1e-
--2
+
-
1ee2
1.2.3
+
1e+
abc
000.e
.
++1
--2
.
--2
1e-
.
0e
+
1e+
0e
+
e10
0e
1e
--2
--2
000.e
++1
--2
e10
1e+
--2
++1
e10
1.2.3
-
1.2.3
000.e
abc
+
000.e
1e-
1e+
.
++1
++1
1e+
+
.
-
1e-
abc
.
0e
e10
abc
.
++1
.
1e
1e
++1
0e
1e
0e
++1
abc
.
1e
.
1e-
1.2.3
1e-
+
.
1e
1ee2
1e-
000.e
1e-
000.e
1e+
1e+
1e
1ee2
e10
1e+
1.2.3
000.e
1ee2
--2
-
+
+
+
++1
0e
++1
1e-
1ee2
1e
-
000.e
1e+
1e
+
-
.
--2
.
abc
000.e
0e
-
+
--2
1e-
1.2.3
000.e
0e
1e+
1e
.
1e-
++1
1.2.3
e10
+
+
.
000.e
1e-
1ee2
1.2.3
abc
abc
.
1.2.3
++1
++1
1e+
1ee2
1e
++1
++1
1ee2
-
abc
++1
abc
-
1e
-
-
abc
0e
1.2.3
1e
0e
e10
+
.
000.e
-
1.2.3
1e-
e10
1e
000.e
1ee2
000.e
0e
e10
1ee2
--2
--2
1e
1.2.3
1ee2
e10
1e+
0e
+
abc
1e
1ee2
1.2.3
1.2.3
0e
+
1e+
++1
0e
1e
1e+
0e
++1
1e+
e10
--2
++1
abc
++1
--2
--2
++1
1.2.3
-
000.e
1e-
1e-
++1
000.e
.
1e
++1
--2
1ee2
1.2.3
abc
e10
1e+
1e
--2
++1
1e+
++1
e10
1e
0e
1e+
1.2.3
0e
000.e
1ee2
1e-
1e
-
--2
+
1e
1e-
-
1e+
-
++1
.
1.2.3
000.e
++1
+
1.2.3
.
+
1e+
1e
1e-
+
000.e
0e
1.2.3
000.e
1e
e10
-
+
.
000.e
1e-
1e
1e+
--2
abc
1e-
-
abc
000.e
1ee2
0e
-
1ee2
-
++1
--2
--2
--2
++1
1ee2
1ee2
.
--2
abc
--2
000.e
1.2.3
e10
e10
1e
.
1e+
1e-
1e
-
++1
1e-
1e
0e
e10
000.e
-
0e
.
1ee2
000.e
0e
abc
+
e10
+
0e
000.e
1ee2
000.e
1ee2
--2
1e
-
1e-
+
000.e
++1
abc
--2
++1
++1
-
1e-
e10
1.2.3
0e
1.2.3
0e
0e
1e
--2
0e
0e
++1
1e-
1e-
1.2.3
1.2.3
e10
--2
1e+
--2
++1
1ee2
e10
0e
--2
e10
--2
1.2.3
e10
1ee2
abc
1e-
1e
1e+
1ee2
++1
.
abc
1e-
1.2.3
0e
000.e
abc
1e-
1.2.3
0e
e10
000.e
1.2.3
+
1.2.3
1e+
-
++1
1ee2
.
1e-
1e
.
+
1e
.
+
+
0e
-
--2
++1
1e
.
0e
000.e
1e-
000.e
e10
e10
1ee2
0e
--2
000.e
e10
1e
1.2.3
0e
1e-
abc
1e
+
+
1e+
1e-
1e-
+
1e+
.
1e+
-
0e
e10
.
0e
1.2.3
1.2.3
1e
1e-
++1
++1
0e
1ee2
-
+
+
-
1ee2
000.e
e10
--2
0e
++1
+
0e
+
+
1ee2
1ee2
+
1e
-
e10
0e
0e
1ee2
-
1.2.3
-
abc
1e+
1ee2
000.e
++1
-
000.e
1.2.3
000.e
++1
1.2.3
.
--2
1e-
++1
1e
1e
1e+
.
--2
++1
++1
1e
++1
000.e
1ee2
1ee2
e10
1e-
.
1e-
1e
1e-
1e-
1e
000.e
0e
1ee2
000.e
e10
1ee2
1e
1e-
--2
1ee2
++1
--2
1e-
000.e
abc
1e-
000.e
1e-
e10
1e+
e10
abc
1ee2
++1
e10
000.e
+
0e
e10
+
+
-
+
1.2.3
000.e
abc
000.e
000.e
1e-
000.e
-
-
1e
+
-
1ee2
e10
++1
1e-
.
1.2.3
1e-
000.e
-
e10
++1
++1
1e
e10
.
1e-
000.e
.
e10
1.2.3
--2
1ee2
-
+
-
-
.
000.e
1ee2
e10
e10
1e+
--2
+
1e-
+
e10
0e
1e-
++1
abc
++1
+
1e
.
1.2.3
1ee2
.
1e-
.
000.e
000.e
1e-
++1
1.2.3
1e
1e-
.
1ee2
1.2.3
0e
1e-
-
e10
+
.
+
--2
1e+
++1
--2
-
1e-
+
1e+
1e+
abc
1e-
1e-
1e
000.e
000.e
--2
1e-
0e
.
-
1e-
-
abc
abc
1e
abc
.
abc
--2
++1
-
1ee2
--2
e10
--2
1.2.3
1.2.3
--2
1e+
-
++1
--2
.
e10
++1
1ee2
0e
abc
+
--2
1ee2
1ee2
++1
000.e
000.e
000.e
.
000.e
abc
abc
++1
1e+
1e+
1e+
+
abc
1ee2
.
1ee2
1e
abc
1ee2
++1
1e
1.2.3
1e
1ee2
abc
1e
--2
0e
1e
1ee2
--2
++1
e10
.
1e+
1.2.3
1.2.3
--2
abc
0e
0e
1e
000.e
1e+
1e
1e
.
000.e
+
000.e
1.2.3
1ee2
abc
1e
.
--2
abc
1e-
++1
++1
0e
.
+
1e
--2
++1
abc
1e-
-
.
1e+
1e-
000.e
e10
1.2.3
+
--2
1ee2
1ee2
abc
1e
0e
0e
++1
1e
e10
.
+
abc
-
1e+
0e
e10
+
000.e
0e
1e
-
000.e
1e+
--2
e10
1.2.3
1e
.
abc
.
1e+
1e
1.2.3
0e
+
0e
abc
0e
1e+
1e-
1e-
+
--2
++1
1e-
1e
abc
abc
++1
+
abc
abc
-
e10
1e-
1.2.3
1ee2
1.2.3
++1
.
abc
0e
1e+
1e-
--2
.
e10
++1
000.e
0e
abc
1e+
1e
1e-
e10
++1
1e
1e+
1ee2
000.e
++1
1e+
e10
e10
1e+
.
1e+
.
-
1e-
1ee2
1ee2
e10
e10
+
1e-
0e
e10
abc
abc
1e-
.
e10
+
1e-
--2
e10
1e+
1e-
e10
e10
.
-
++1
1e
1ee2
-
-
+
1e
abc
++1
000.e
000.e
1ee2
.
1e
1e-
1ee2
000.e
1e+
1ee2
0e
.
abc
1e+
1ee2
e10
-
-
1.2.3
e10
1e-
0e
1.2.3
0e
+
+
000.e
000.e
.
abc
1.2.3
++1
abc
.
1e-
1.2.3
abc
++1
1e
1.2.3
e10
.
0e
1ee2
1ee2
1.2.3
e10
1e
1e+
1e+
++1
1e
0e
000.e
000.e
--2
1e
.
000.e
000.e
-
0e
0e
0e
0e
+
1e
0e
0e
0e
abc
e10
.
000.e
1e
1.2.3
1e
--2
1e
1.2.3
e10
000.e
1e-
+
1e+
1e+
0e
++1
abc
0e
-
000.e
-
-
1e
--2
000.e
1e-
1e
-
.
1.2.3
000.e
abc
e10
abc
-
-
abc
1e
+
1e+
1e+
000.e
+
0e
.
1.2.3
1ee2
000.e
000.e
+
.
-
1e+
1.2.3
++1
0e
000.e
-
-
1.2.3
0e
+
000.e
1e
.
1e-
+
abc
+
0e
.
1.2.3
1e+
1e+
000.e
-
1.2.3
1.2.3
e10
1e
++1
-
1e-
0e
++1
-
--2
+
++1
.
1.2.3
1e+
+
1e-
+
.
1ee2
000.e
+
000.e
abc
0e
abc
abc
1ee2
e10
000.e
e10
1.2.3
0e
1e+
.
++1
1.2.3
1.2.3
.
1e+
000.e
e10
++1
1.2.3
++1
e10
--2
--2
1ee2
++1
+
+
0e
e10
abc
abc
--2
1e-
1e
++1
1e-
1ee2
1e-
++1
e10
e10
abc
+
e10
+
1ee2
++1
1e-
abc
.
1ee2
1e
abc
++1
1e+
1e
1e-
1e
e10
1e
1e-
abc
++1
1e
1e-
1.2.3
--2
abc
000.e
1e-
1ee2
0e
000.e
-
+
1e-
+
1e+
--2
+
1ee2
000.e
1e+
+
0e
1.2.3
1e+
++1
.
e10
++1
1e+
1e
.
1ee2
.
000.e
1ee2
1e+
1e
e10
1ee2
1e
1e
++1
++1
1e-
.
1e+
1.2.3
1.2.3
0e
-
.
000.e
1.2.3
000.e
1e-
1ee2
.
000.e
++1
0e
1e
1e-
.
abc
+
--2
1e
++1
1e-
1.2.3
-
++1
1e+
0e
abc
1.2.3
1ee2
1e+
abc
0e
-
.
1.2.3
1e-
1e
1e
1e
0e
1e
+
1e+
.
000.e
1.2.3
e10
-
.
0e
000.e
--2
1e
-
000.e
0e
1ee2
--2
abc
1e-
1.2.3
000.e
e10
--2
abc
++1
+
1e
.
.
1e
-
+
1e+
000.e
.
e10
abc
--2
.
000.e
+
0e
.
1e-
1e-
1e
+
1e-
1e
+
e10
--2
--2
1e
++1
++1
abc
.
1e
1e
--2
e10
0e
--2
1ee2
1e
abc
.
++1
++1
--2
1e
-
.
000.e
.
000.e
0e
abc
1e+
1e-
abc
1ee2
.
1.2.3
1e-
e10
1e-
000.e
000.e
-
000.e
+
--2
0e
--2
++1
e10
--2
000.e
0e
1e
000.e
++1
+
--2
--2
1e-
1e-
1.2.3
000.e
1.2.3
1e
000.e
--2
1e+
1ee2
1e+
-
1e
000.e
.
++1
.
++1
1ee2
1ee2
abc
0e
e10
e10
e10
--2
1e+
1.2.3
e10
1e+
1e-
1e+
1e+
++1
.
0e
0e
--2
1.2.3
000.e
1.2.3
e10
-
0e
1e
1e-
1e+
++1
1e
+
--2
1.2.3
e10
--2
1.2.3
e10
0e
--2
1e
e10
1e
1e+
e10
+
--2
000.e
1ee2
abc
1e+
+
1ee2
e10
+
000.e
1e-
1e-
0e
1e+
0e
1e-
-
--2
0e
000.e
--2
++1
000.e
-
0e
+
.
e10
+
-
-
--2
+
.
++1
e10
1e-
.
0e
.
0e
.
0e
1e+
0e
1e
0e
++1
+
1.2.3
000.e
-
-
+
1ee2
0e
000.e
1e-
1e+
1e+
1.2.3
0e
1e
1e+
abc
++1
.
1e-
+
1e-
.
++1
000.e
+
1.2.3
e10
+
0e
.
abc
1.2.3
--2
e10
1e
--2
1e
1e-
+
++1
000.e
--2
000.e
0e
.
1e-
1e
1e
1ee2
1ee2
1e
1e-
.
000.e
000.e
-
++1
-
abc
+
1ee2
1ee2
1e-
1e+
--2
1e-
1e-
1e
--2
--2
.
000.e
abc
1e+
abc
+
0e
.
.
1e+
abc
0e
1ee2
abc
-
e10
+
+
abc
1e-
.
1ee2
.
0e
1e-
++1
000.e
e10
+
1.2.3
e10
0e
.
1.2.3
1e
1.2.3
.
0e
1.2.3
1e+
000.e
0e
abc
1ee2
000.e
1ee2
-
000.e
1ee2
-
+
.
--2
e10
1.2.3
--2
1ee2
-
000.e
1e+
0e
1.2.3
.
0e
e10
abc
++1
abc
++1
1e-
0e
++1
1.2.3
1e-
0e
e10
1e+
0e
.
e10
1.2.3
1e+
1e+
0e
1ee2
1e-
e10
++1
1e+
1ee2
1.2.3
abc
-
-
1e+
e10
0e
++1
++1
1e
+
1e
1.2.3
+
abc
000.e
1ee2
1e
e10
abc
e10
.
e10
+
1.2.3
0e
1e-
1ee2
1e+
1e-
+
0e
+
abc
0e
1e-
++1
000.e
-
+
e10
1e+
-
abc
+
e10
-
--2
1e
0e
1e+
000.e
1ee2
abc
+
1e+
1e
1e+
1e-
000.e
000.e
.
-
1.2.3
0e
0e
1.2.3
1ee2
1ee2
+
1e-
1e-
e10
abc
--2
e10
1.2.3
1e+
++1
000.e
1ee2
1.2.3
1e+
-
.
0e
1e
+
1ee2
abc
1e
+
-
+
1e+
--2
+
1e-
abc
1e-
1e
1e+
e10
--2
--2
1e
000.e
e10
1e-
--2
-
1e+
abc
1e-
abc
abc
1e-
e10
1e
000.e
--2
--2
abc
++1
000.e
1e
+
1ee2
1e+
.
1.2.3
1ee2
--2
e10
0e
1e+
.
e10
+
1.2.3
+
++1
++1
1e+
0e
.
abc
1e+
--2
abc
0e
+
1ee2
0e
1e+
abc
.
--2
000.e
.
1e+
000.e
1e
e10
000.e
abc
.
--2
abc
++1
0e
0e
0e
++1
1e+
1ee2
-
1e-
++1
1e
000.e
1.2.3
.
000.e
abc
--2
.
e10
++1
1e
+
--2
-
abc
--2
abc
1.2.3
1ee2
1ee2
-
--2
--2
--2
0e
000.e
.
++1
--2
0e
.
0e
--2
1e-
abc
1e+
-
e10
abc
1e
000.e
--2
++1
abc
000.e
0e
++1
1.2.3
1e
e10
1ee2
1e
-
e10
0e
0e
abc
+
+
--2
--2
1e
000.e
-
+
-
--2
++1
.
++1
000.e
+
000.e
e10
1e+
e10
-
+
1e-
.
1e
0e
000.e
e10
1.2.3
1e-
e10
abc
1ee2
000.e
000.e
1e-
1e+
000.e
-
1.2.3
1e
--2
abc
e10
1e+
-
1.2.3
1e-
1e+
1ee2
1e
1ee2
++1
++1
0e
1e
1e-
1e-
++1
0e
+
1e+
0e
e10
abc
e10
++1
.
1ee2
1e
1ee2
1.2.3
1e+
-
1.2.3
abc
000.e
000.e
abc
e10
abc
1.2.3
--2
e10
e10
1e
000.e
e10
1ee2
1ee2
++1
000.e
1e+
.
1e
1ee2
1.2.3
e10
++1
1e+
1.2.3
--2
.
1ee2
.
1e-
1e
-
--2
--2
1e+
++1
1e
abc
000.e
1.2.3
.
000.e
abc
--2
1e+
++1
0e
abc
000.e
-
e10
1e+
-
1.2.3
000.e
1e-
1e-
-
e10
+
1e-
.
1ee2
+
-
-
abc
.
.
.
--2
000.e
++1
-
++1
++1
000.e
0e
000.e
1e
0e
1ee2
000.e
-
0e
-
+
+
+
e10
1.2.3
--2
+
.
000.e
e10
1ee2
.
1e+
1e
-
e10
++1
-
++1
1e+
000.e
abc
--2
abc
1.2.3
++1
000.e
.
1ee2
e10
e10
-
1e-
0e
000.e
1e+
000.e
000.e
1e
1.2.3
1e-
abc
000.e
1e-
abc
++1
abc
e10
--2
1ee2
+
1ee2
1e+
abc
++1
0e
1.2.3
0e
+
0e
e10
0e
0e
--2
1e+
.
.
0e
0e
1.2.3
.
-
000.e
--2
1ee2
1.2.3
000.e
0e
000.e
1e+
1ee2
1.2.3
e10
000.e
1e
1e+
e10
e10
abc
+
1e+
000.e
+
1ee2
0e
++1
1e-
--2
e10
0e
abc
.
e10
.
1.2.3
000.e
e10
1ee2
000.e
-
abc
1e-
abc
1ee2
+
1.2.3
1e+
+
--2
1e+
000.e
1e-
+
--2
++1
1ee2
++1
abc
abc
1.2.3
e10
1e
1ee2
1ee2
.
1ee2
++1
+
e10
000.e
abc
e10
++1
+
abc
.
0e
-
1ee2
0e
1ee2
0e
0e
0e
0e
0e
e10
-
+
1e
1e-
000.e
1ee2
.
abc
1ee2
abc
abc
.
+
+
.
.
1e-
+
--2
1.2.3
000.e
000.e
000.e
1.2.3
+
-
1e-
abc
1e-
0e
0e
0e
1e
--2
.
000.e
000.e
+
++1
0e
0e
abc
e10
++1
1ee2
-
1ee2
1e+
e10
1e+
000.e
abc
abc
000.e
e10
+
000.e
1e-
.
--2
e10
abc
+
1e-
--2
abc
e10
0e
-
e10
e10
.
+
+
1ee2
0e
1e
+
0e
--2
1ee2
1.2.3
1e
.
abc
1e-
--2
1e
+
1ee2
1.2.3
0e
1ee2
1e
1ee2
0e
.
--2
0e
1e-
1e
++1
.
abc
1e-
1e+
e10
+
+
-
e10
000.e
0e
000.e
1e+
.
1ee2
1.2.3
abc
1e
000.e
1e
--2
.
--2
.
++1
000.e
1.2.3
0e
++1
1.2.3
1e-
+
1ee2
-
000.e
1.2.3
1e-
1.2.3
1.2.3
e10
000.e
1e
1.2.3
000.e
1e+
1ee2
e10
1e-
.
000.e
e10
1ee2
0e
0e
1.2.3
1ee2
-
++1
abc
.
1.2.3
000.e
1.2.3
1e+
.
-
1.2.3
abc
-
.
1ee2
e10
.
1ee2
abc
e10
-
+
1.2.3
e10
1e-
.
000.e
1.2.3
1e-
000.e
1e-
0e
1.2.3
1.2.3
++1
1e
--2
++1
1e
0e
-
1e+
000.e
--2
--2
-
--2
1e+
abc
1ee2
000.e
++1
++1
0e
000.e
000.e
1e-
1.2.3
.
+
e10
abc
0e
1e+
1e+
1e+
000.e
0e
1ee2
1.2.3
1e+
+
--2
000.e
e10
abc
abc
+
--2
1.2.3
+
+
+
0e
1e+
++1
1e+
1e-
1.2.3
abc
000.e
.
-
e10
+
--2
1e+
1e-
1ee2
abc
++1
--2
+
0e
0e
1ee2
1e+
e10
abc
.
1e
e10
--2
1e
abc
-
1.2.3
++1
1e
-
++1
++1
1e-
e10
1e+
.
1e+
e10
1e-
1e
e10
1e
1.2.3
--2
--2
e10
--2
-
-
1e
+
000.e
+
-
e10
abc
1e
e10
+
.
0e
abc
1ee2
abc
1e+
1e+
.
.
.
1e
0e
e10
++1
abc
.
--2
e10
e10
abc
-
abc
.
1ee2
++1
-
1.2.3
--2
1ee2
0e
1.2.3
1e+
1e+
1.2.3
1e-
.
0e
000.e
-
++1
++1
.
--2
++1
1.2.3
1ee2
e10
1e+
1ee2
1e
--2
-
1ee2
000.e
1e-
1e
-
+
e10
.
1ee2
1e
+
-
0e
0e
1e+
e10
--2
1.2.3
+
+
abc
--2
1e-
-
.
--2
--2
-
1e-
1ee2
0e
abc
e10
abc
.
1e
0e
+
-
1e+
.
.
e10
000.e
1.2.3
0e
++1
1e
-
++1
0e
1e+
++1
-
e10
-
1e+
1e-
1e
abc
+
1ee2
e10
1e+
1e-
--2
000.e
1e+
.
0e
0e
1e-
e10
e10
-
e10
abc
.
+
.
--2
abc
++1
e10
-
1e
000.e
.
1e+
e10
e10
0e
+
+
-
abc
000.e
++1
1e+
+
1e
.
000.e
++1
+
1.2.3
-
.
--2
1ee2
+
-
abc
1ee2
--2
1e-
1.2.3
abc
0e
e10
--2
1e-
+
1ee2
1e+
1e-
1.2.3
1ee2
1e+
+
.
e10
++1
0e
+
000.e
++1
000.e
.
1e+
0e
++1
1e+
-
1ee2
1e+
-
+
000.e
0e
abc
0e
1e
0e
--2
1e
.
1e+
.
++1
1e
1.2.3
-
--2
+
000.e
1.2.3
000.e
1e-
1ee2
-
e10
1e
1.2.3
-
abc
1e-
.
1.2.3
0e
.
abc
1e-
1e-
1.2.3
abc
1ee2
000.e
000.e
abc
e10
1.2.3
0e
e10
abc
1e+
1.2.3
1e+
1ee2
abc
1e
1e-
e10
1ee2
.
1.2.3
1e-
1ee2
1.2.3
1e+
.
1ee2
1ee2
1e-
+
1e
1e+
1ee2
1e
1ee2
1e
1.2.3
.
1e
1e-
.
1.2.3
0e
1ee2
++1
0e
1e
1e
1e-
1e+
1.2.3
1e-
000.e
1e+
1e+
-
.
1e-
.
+
1e+
-
1e-
1e-
1e-
1e-
-
++1
0e
e10
.
1e+
1e+
abc
e10
+
1e+
1e+
.
0e
++1
--2
000.e
1e
0e
1e
0e
e10
0e
.
0e
1.2.3
++1
1e-
--2
+
1e
+
++1
1e
-
abc
1ee2
.
1ee2
+
1ee2
0e
1e-
1e+
1ee2
1.2.3
++1
e10
1e-
.
1e-
e10
1e-
-
000.e
abc
abc
1e-
++1
1e-
.
abc
++1
--2
1.2.3
+
1e+
0e
e10
e10
--2
000.e
++1
.
1e+
000.e
1e-
1e
1e+
000.e
1.2.3
1.2.3
e10
+
1e
1e+
+
1e
1e
++1
-
1e
.
1e
0e
1ee2
0e
1.2.3
--2
1.2.3
--2
e10
1e
-
1e+
.
000.e
+
abc
000.e
e10
.
1e-
1e+
1e-
+
1e-
1e
1.2.3
--2
--2
1ee2
1.2.3
1.2.3
1ee2
-
1.2.3
--2
1e+
-
-
1.2.3
++1
1.2.3
1e-
+
1e+
--2
--2
1ee2
e10
--2
0e
.
1e-
1.2.3
+
e10
000.e
1e+
1e
++1
1ee2
000.e
1.2.3
000.e
-
1ee2
000.e
1ee2
e10
0e
.
1ee2
--2
++1
1e+
.
+
1ee2
+
.
+
000.e
1e-
abc
-
1e
e10
1e-
1e
abc
000.e
++1
-
1e+
1e+
-
--2
abc
++1
1.2.3
1e
.
000.e
1e-
--2
abc
0e
.
1.2.3
1.2.3
+
1.2.3
++1
1e-
-
1e+
1ee2
.
1e+
++1
-
++1
+
1.2.3
-
++1
000.e
--2
++1
1ee2
000.e
abc
1e-
1e
+
1e
000.e
1e-
1e-
1e+
++1
1ee2
e10
e10
+
1e+
0e
.
--2
++1
--2
000.e
1.2.3
1ee2
abc
1e
1e
1e-
1.2.3
++1
--2
.
1e+
1e
.
0e
1ee2
-
++1
1.2.3
1.2.3
1e
-
000.e
0e
1e
e10
+
1e-
0e
.
1e
1.2.3
1e+
1ee2
++1
--2
++1
++1
--2
000.e
1.2.3
1e-
1e
000.e
1e-
1e-
1e-
1.2.3
1e-
000.e
e10
-
.
1.2.3
1ee2
1.2.3
.
1e
++1
1.2.3
++1
1e
1e-
000.e
-
e10
.
1ee2
++1
1ee2
0e
1e+
1.2.3
abc
e10
-
.
1.2.3
abc
1e-
+
-
1.2.3
1.2.3
e10
.
+
--2
1e
0e
-
+
e10
abc
1ee2
0e
000.e
0e
++1
1e
1e
1e
++1
1ee2
.
1e+
.
-
0e
1ee2
e10
.
+
abc
-
1e+
1e
1.2.3
1e-
.
000.e
abc
abc
0e
++1
1e-
.
+
1e-
e10
1.2.3
abc
e10
1e+
1e
e10
++1
abc
0e
+
--2
1.2.3
1e
.
-
--2
e10
1e
abc
000.e
e10
1ee2
-
1e
e10
e10
+
--2
++1
.
0e
-
++1
++1
1e-
1.2.3
0e
-
1ee2
+
abc
++1
++1
++1
--2
1e-
1e-
--2
1.2.3
.
++1
1e
--2
abc
+
e10
-
1.2.3
-
+
1e
1e
1ee2
000.e
.
++1
0e
e10
+
--2
++1
1e+
0e
1.2.3
++1
+
0e
-
.
000.e
++1
1ee2
1e-
+
++1
++1
e10
1.2.3
1e
abc
1e-
000.e
+
+
abc
abc
.
.
1.2.3
1e
1ee2
--2
++1
000.e
abc
abc
1e
+
1e-
.
--2
000.e
1.2.3
1ee2
1e
000.e
--2
abc
000.e
1ee2
+
-
1e-
1e-
abc
1e-
0e
e10
e10
.
abc
1e-
.
--2
000.e
1ee2
e10
000.e
+
abc
1e+
+
0e
1e+
abc
1e
1e
+
-
.
--2
abc
+
1ee2
e10
--2
e10
e10
--2
000.e
.
--2
1ee2
1ee2
1e+
1ee2
.
++1
1e+
000.e
--2
+
000.e
-
-
++1
abc
++1
+
--2
1e-
1e+
+
1e-
1e
--2
000.e
1.2.3
1.2.3
0e
abc
+
1e+
000.e
1e-
0e
-
1ee2
1e+
1e-
++1
abc
+
++1
abc
000.e
1.2.3
--2
1.2.3
0e
.
1e
1e+
1e-
-
e10
1e
000.e
1ee2
1e+
1ee2
e10
abc
1e+
1ee2
1e+
000.e
000.e
+
e10
+
++1
1e+
-
abc
1e-
-
-
++1
0e
1ee2
.
000.e
000.e
1.2.3
1.2.3
1e+
1.2.3
+
0e
1e+
1ee2
1e+
-
000.e
0e
0e
1e
+
1e-
abc
1.2.3
+
+
1e+
1e+
0e
0e
.
++1
abc
1e
.
1ee2
e10
.
-
.
000.e
--2
--2
++1
.
1e
1e+
+
e10
1e-
0e
000.e
e10
1e-
.
1e+
1e+
0e
1e-
000.e
1ee2
abc
e10
++1
1ee2
abc
0e
0e
+
1e-
1e-
1e
-
1e+
1.2.3
-
--2
++1
.
1e-
+
1e
++1
1e
+
--2
.
+
-
0e
--2
1e
000.e
abc
.
++1
0e
abc
1e
e10
.
1e
-
e10
1e+
e10
0e
1e
abc
--2
1e-
.
1e
1.2.3
1e+
0e
1e
++1
1e-
++1
-
-
1e-
1e+
1ee2
000.e
1e+
1e+
--2
000.e
1e-
1e-
1e
.
000.e
++1
.
++1
.
1e-
1e+
-
--2
++1
--2
1.2.3
1e-
abc
e10
++1
1e+
--2
e10
.
+
-
000.e
abc
abc
1.2.3
0e
e10
1e
1.2.3
--2
1e+
0e
1e+
1e+
abc
1e-
1ee2
+
--2
1e
1.2.3
--2
-
e10
e10
1ee2
e10
1e-
0e
1e
1e+
1.2.3
0e
+
0e
1e
1e
1e+
000.e
abc
1e-
1ee2
++1
1e+
1ee2
.
--2
abc
-
1e+
++1
1e
e10
1e+
+
+
+
0e
0e
abc
--2
--2
0e
1e+
.
abc
.
1e+
1e+
e10
--2
-
abc
abc
e10
1e-
1ee2
1e
1e
--2
0e
e10
000.e
abc
0e
+
1.2.3
1ee2
0e
1.2.3
-
1e-
1e+
1e
1ee2
1.2.3
1ee2
++1
1.2.3
e10
abc
e10
+
1.2.3
1e+
0e
.
e10
-
++1
1.2.3
++1
0e
0e
1e+
+
--2
1e+
1e+
1e
--2
000.e
0e
+
.
1e
000.e
.
1ee2
1.2.3
1e
1e
1.2.3
--2
abc
1ee2
1e-
++1
+
1ee2
1e-
-
--2
0e
1e
abc
-
-
1ee2
--2
++1
000.e
000.e
+
.
0e
-
--2
-
+
1e
1e
-
--2
++1
1e-
0e
++1
abc
000.e
1e
++1
000.e
e10
+
1e
--2
.
+
+
-
1e+
000.e
e10
.
1ee2
1e-
1.2.3
1.2.3
0e
++1
0e
000.e
0e
1.2.3
++1
abc
1e-
.
1e
--2
1e
0e
.
++1
1ee2
1e-
0e
1e-
1e+
1.2.3
000.e
abc
1e-
--2
1e-
.
++1
1e+
1e-
1ee2
++1
1ee2
.
1e+
000.e
++1
1e+
1.2.3
++1
--2
--2
1e-
e10
++1
1ee2
e10
1.2.3
-
000.e
+
1.2.3
000.e
1e+
1ee2
++1
1e-
-
-
1e-
++1
abc
++1
e10
e10
0e
1.2.3
1ee2
1e
-
1e
+
.
abc
0e
1.2.3
-
++1
abc
abc
000.e
1ee2
1.2.3
e10
--2
abc
-
1e
e10
0e
.
+
1ee2
1ee2
-
--2
e10
1ee2
+
+
.
+
e10
1e
1e-
1ee2
1e+
++1
abc
1.2.3
1ee2
000.e
+
--2
0e
1e+
1e-
abc
000.e
abc
1.2.3
.
1e+
-
000.e
1e
1e+
1e-
-
000.e
-
++1
e10
+
.
000.e
--2
000.e
+
-
abc
++1
--2
.
000.e
--2
--2
1e-
+
-
000.e
1e-
abc
abc
1ee2
1.2.3
1.2.3
-
.
+
000.e
000.e
e10
1e-
.
0e
1e
-
--2
1e-
0e
1e+
1e-
1e-
e10
1e-
0e
abc
++1
--2
-
abc
1.2.3
0e
++1
1e
.
e10
0e
++1
--2
1e
1.2.3
.
+
000.e
1e
++1
abc
1e
-
++1
e10
abc
1e+
e10
1.2.3
.
1ee2
1e-
000.e
0e
1.2.3
e10
.
-
1e+
abc
e10
-
.
1e-
000.e
1e
--2
1ee2
e10
-
-
+
--2
abc
1ee2
1ee2
1e+
1.2.3
1e
+
.
1e+
-
000.e
1e-
e10
+
++1
1.2.3
++1
0e
e10
1e+
1e
1e+
-
--2
1ee2
abc
+
-
--2
abc
1e
+
++1
1e-
1e+
000.e
abc
--2
++1
0e
--2
000.e
--2
.
000.e
abc
e10
e10
--2
1.2.3
+
+
++1
1ee2
0e
.
1e+
abc
--2
.
abc
+
-
0e
++1
+
+
-
1e+
e10
.
.
1e-
1.2.3
1e-
000.e
.
e10
--2
1e-
1e-
abc
+
1e
--2
1ee2
1.2.3
e10
0e
.
1ee2
1.2.3
.
1ee2
-
1ee2
000.e
.
1e+
--2
0e
1ee2
1e
1.2.3
1.2.3
1e-
1e-
1e+
++1
1.2.3
1e+
+
1ee2
1e-
1e+
0e
.
--2
1.2.3
-
++1
0e
000.e
+
1e+
0e
1e
1e+
0e
.
1.2.3
abc
e10
1e
++1
000.e
1e+
.
+
+
.
e10
1e
1e-
e10
1.2.3
000.e
0e
-
1e
0e
0e
e10
1.2.3
--2
1e-
1ee2
abc
1e-
e10
abc
-
+
+
e10
+
.
1e+
1e-
1ee2
abc
e10
.
abc
.
abc
1e
000.e
1.2.3
+
1ee2
1ee2
1.2.3
1e-
e10
0e
.
--2
1e
-
-
++1
1e
1e
1e+
0e
++1
1ee2
e10
0e
++1
++1
.
0e
0e
000.e
abc
1.2.3
000.e
1ee2
0e
1e-
1e
000.e
1ee2
1.2.3
000.e
0e
1e+
abc
1e
--2
000.e
-
000.e
.
-
+
e10
+
++1
e10
.
--2
.
--2
1.2.3
1e+
abc
1e+
1e+
1e+
1.2.3
1e-
000.e
0e
0e
1ee2
.
0e
1.2.3
++1
+
abc
++1
1e
-
1e-
-
000.e
e10
1e-
000.e
1.2.3
1ee2
0e
e10
1e
-
e10
.
abc
.
1e-
++1
+
1ee2
e10
--2
abc
1e+
+
1e
e10
--2
1ee2
000.e
+
1ee2
1e
--2
1.2.3
-
abc
--2
--2
-
abc
000.e
000.e
1.2.3
++1
1.2.3
1.2.3
1e-
++1
e10
1e
1.2.3
+
1.2.3
0e
1e
.
abc
-
1e-
1e-
+
1ee2
abc
1e
-
1e+
1e-
0e
1.2.3
1e
abc
1e
+
0e
e10
++1
abc
.
1e-
1ee2
e10
abc
000.e
1.2.3
e10
1.2.3
e10
-
+
--2
++1
--2
-
000.e
--2
abc
1e-
1ee2
1ee2
+
1e
abc
+
0e
0e
+
000.e
--2
++1
++1
1e-
abc
000.e
+
1.2.3
+
+
++1
+
000.e
.
-
1e-
++1
1ee2
++1
e10
0e
1e+
e10
1e+
-
1e+
++1
--2
.
1.2.3
1e+
--2
1.2.3
+
--2
--2
1e-
1e+
1e+
0e
1e-
--2
1e-
1ee2
1e
e10
000.e
+
e10
++1
1ee2
+
--2
e10
0e
000.e
--2
1e-
abc
1e
1e+
-
-
1ee2
1.2.3
1e
1ee2
++1
1e
-
e10
1e+
-
000.e
1.2.3
1e+
++1
1.2.3
abc
abc
--2
000.e
.
.
-
+
1e+
1e+
.
--2
.
000.e
000.e
-
000.e
--2
1e
e10
.
+
1e-
1.2.3
1e
+
1e-
000.e
-
-
-
-
1e-
.
0e
--2
-
1ee2
1.2.3
000.e
1e-
--2
1e+
.
.
1.2.3
1e-
1e
+
1e-
++1
+
+
1e
000.e
1e-
.
e10
+
e10
1e+
--2
e10
1e
000.e
1e
e10
+
--2
1e
.
.
1.2.3
abc
++1
+
1e-
--2
-
.
1ee2
.
1.2.3
++1
.
1ee2
++1
0e
000.e
1e+
000.e
--2
000.e
1e-
e10
e10
1e-
e10
000.e
abc
1e
e10
1e-
1e-
0e
abc
1.2.3
abc
1.2.3
1e
1e+
1ee2
++1
000.e
+
++1
++1
e10
1e+
000.e
--2
e10
000.e
++1
++1
.
.
1ee2
1e-
1.2.3
-
0e
1.2.3
--2
1e+
000.e
1.2.3
e10
e10
++1
000.e
abc
1e
1e-
abc
000.e
+
1.2.3
-
000.e
0e
e10
++1
.
1e-
1e
1.2.3
.
1e+
1e+
000.e
1e
++1
.
1e+
1e+
1.2.3
abc
e10
1ee2
++1
.
+
--2
000.e
e10
1.2.3
1e
1.2.3
1ee2
++1
1ee2
000.e
1.2.3
--2
e10
abc
.
0e
000.e
+
.
+
1e+
.
++1
.
1e-
1e
++1
1ee2
1e
1e-
abc
.
+
--2
000.e
1e+
1e+
1.2.3
+
-
1.2.3
1ee2
1.2.3
++1
1ee2
.
1.2.3
-
000.e
.
1ee2
abc
.
-
1e+
abc
--2
++1
-
1ee2
abc
-
e10
.
.
0e
1e-
.
++1
1.2.3
++1
abc
1.2.3
abc
-
0e
1e+
++1
.
-
abc
++1
1ee2
1ee2
000.e
-
-
1ee2
1e+
1e-
1.2.3
1e
e10
.
1e
abc
e10
--2
1e
.
1e
-
1e+
1e+
++1
000.e
000.e
0e
++1
1e
1e+
-
.
++1
--2
1e+
--2
1.2.3
abc
.
--2
--2
1ee2
1e+
.
1e
e10
1.2.3
1e
0e
0e
000.e
-
+
abc
--2
1e
000.e
0e
1e-
abc
1e-
1e-
1e
abc
abc
+
+
--2
1e-
abc
abc
e10
1e+
abc
e10
0e
.
e10
e10
1e-
0e
1e+
-
--2
-
abc
1e-
--2
--2
1e
1.2.3
++1
.
1ee2
--2
.
++1
1e-
e10
1e+
1e+
++1
1e
e10
000.e
1e-
-
1.2.3
1e+
1e+
1ee2
-
1e+
.
1e+
000.e
1e
000.e
e10
--2
0e
0e
0e
0e
-
+
e10
abc
1.2.3
1e+
000.e
1e
000.e
1e+
1e
--2
1ee2
1ee2
1e+
1.2.3
1e
000.e
1e+
++1
000.e
abc
1e
e10
+
abc
abc
1ee2
++1
1.2.3
1e
1e
1e
++1
1.2.3
1e-
1e
1e+
+
-
abc
--2
1e-
e10
-
-
1.2.3
000.e
--2
+
+
0e
.
000.e
1e+
--2
0e
e10
000.e
000.e
abc
+
1ee2
-
.
abc
--2
1ee2
--2
abc
000.e
1e-
1e
1.2.3
e10
e10
1.2.3
0e
1e-
1ee2
1e
.
1e
+
+
++1
e10
e10
1.2.3
++1
e10
abc
1e
1e
-
e10
abc
1e+
1.2.3
1.2.3
0e
1e
1e
abc
1.2.3
e10
1.2.3
-
e10
1e+
1e+
-
abc
++1
e10
1.2.3
-
++1
0e
.
1.2.3
.
000.e
abc
1.2.3
0e
abc
-
--2
1e+
1e+
1ee2
abc
000.e
0e
000.e
++1
1e
.
++1
1ee2
abc
+
--2
1e
000.e
0e
-
1e
.
--2
.
++1
abc
.
1e+
1ee2
++1
+
1e-
1ee2
+
1ee2
--2
abc
1e+
1ee2
.
++1
e10
-
000.e
1.2.3
1ee2
000.e
abc
000.e
.
abc
-
.
+
++1
000.e
e10
-
000.e
--2
0e
+
+
000.e
0e
1e-
.
000.e
1ee2
1e-
000.e
-
000.e
.
abc
000.e
0e
++1
000.e
1e-
+
++1
000.e
1e
1e+
e10
0e
--2
1ee2
--2
1ee2
1e-
1ee2
1ee2
000.e
+
abc
.
-
--2
1e
e10
1e-
abc
-
abc
0e
.
.
1.2.3
1e-
.
1e+
-
1.2.3
1e-
1e-
-
--2
1e-
+
1e
-
000.e
++1
-
e10
1e
000.e
.
1.2.3
+
1ee2
e10
1e-
1e
000.e
+
1e+
1e
1e+
+
+
1.2.3
0e
++1
.
--2
++1
abc
e10
abc
0e
+
000.e
e10
e10
1ee2
1e
++1
-
+
1e+
1.2.3
1e+
-
+
000.e
1e+
1e+
1e-
++1
++1
e10
1e+
1ee2
000.e
--2
1.2.3
1e
0e
1e+
1e-
1e+
--2
abc
++1
abc
++1
1e+
1ee2
++1
.
--2
abc
1.2.3
0e
1e
.
.
1e
0e
000.e
000.e
000.e
1e-
++1
--2
1ee2
e10
1e
abc
1ee2
abc
000.e
.
1e+
1e+
1ee2
0e
++1
1e+
-
+
+
--2
abc
000.e
1.2.3
+
.
1e-
1e
1ee2
+
000.e
1e
1ee2
1e-
.
.
1e-
1ee2
--2
abc
1ee2
abc
abc
--2
1e-
-
+
.
000.e
--2
e10
1.2.3
1e+
0e
000.e
e10
1.2.3
1ee2
e10
.
1e-
1ee2
++1
1ee2
--2
1ee2
abc
1ee2
-
000.e
0e
+
1e+
1ee2
+
1e+
-
-
--2
1e
--2
1e-
1ee2
+
1ee2
+
1ee2
000.e
+
-
e10
++1
abc
1e-
++1
-
1e-
+
++1
--2
-
-
--2
abc
1e-
1e-
-
1e+
000.e
abc
+
.
000.e
1e+
-
.
1e
1e+
1.2.3
0e
e10
++1
+
1ee2
+
--2
1e+
-
0e
1ee2
1e
1.2.3
abc
e10
++1
.
-
--2
0e
1e
1ee2
e10
1e
1.2.3
++1
e10
++1
+
.
1e-
-
1e-
.
abc
1ee2
1ee2
000.e
0e
000.e
000.e
+
e10
abc
.
1e+
+
000.e
1.2.3
.
.
1.2.3
1e
abc
++1
1.2.3
--2
abc
-
1.2.3
-
1e-
+
1e-
1e
1e
1e+
1.2.3
000.e
-
1ee2
+
++1
e10
+
.
+
1e-
0e
1e-
-
-
1ee2
--2
1.2.3
--2
++1
abc
.
--2
--2
-
1.2.3
-
1e-
-
abc
1.2.3
000.e
+
++1
1.2.3
-
1ee2
++1
1e
++1
+
1e
.
+
1e
1e
.
.
e10
1e+
abc
+
000.e
+
+
+
e10
1e
+
0e
.
abc
.
1ee2
000.e
1e+
-
--2
1e+
000.e
+
++1
abc
1.2.3
abc
000.e
e10
e10
abc
1e-
abc
-
--2
1ee2
abc
1.2.3
1e
abc
1ee2
0e
1.2.3
1.2.3
000.e
1ee2
1e
e10
+
1e
000.e
1e-
1ee2
.
1.2.3
--2
1ee2
-
1e-
++1
0e
1.2.3
++1
abc
1e-
0e
1ee2
++1
abc
++1
1ee2
1e+
e10
000.e
--2
1.2.3
1e-
1e-
.
+
+
1e-
++1
e10
-
1e+
++1
1e+
1e-
1ee2
++1
1.2.3
0e
abc
1ee2
1e
.
1e-
e10
abc
.
++1
-
1e-
--2
++1
1ee2
.
1.2.3
1e+
1e+
1e
1ee2
--2
1e-
000.e
-
++1
1e-
1e+
1.2.3
1e-
-
abc
0e
1ee2
1.2.3
1e
1ee2
abc
1e+
--2
000.e
++1
e10
1e
0e
0e
++1
--2
1e
.
1e+
e10
.
0e
-
0e
1e-
e10
.
1ee2
--2
++1
000.e
+
+
0e
--2
.
1e+
1.2.3
1e+
1e+
++1
1e
1e+
1.2.3
0e
1e-
1e
e10
-
1.2.3
--2
.
0e
--2
1.2.3
000.e
1.2.3
1e-
1e
1e-
1e-
1.2.3
abc
000.e
1e-
++1
1ee2
.
-
+
.
e10
1e+
1e
1e+
1e-
abc
+
1ee2
0e
000.e
1ee2
1e+
1.2.3
1ee2
1e
000.e
1e-
0e
--2
0e
1e+
.
-
e10
-
++1
1e+
--2
++1
1.2.3
+
-
1e
++1
0e
1ee2
0e
++1
0e
e10
0e
1ee2
+
abc
abc
e10
000.e
1.2.3
1.2.3
+
-
+
1e
e10
e10
1e+
1e
--2
1.2.3
1.2.3
1e-
+
1e
0e
abc
+
000.e
1e-
000.e
--2
e10
e10
e10
1e
000.e
--2
-
.
+
++1
0e
1.2.3
0e
1ee2
++1
1e
1ee2
1.2.3
1.2.3
1e-
abc
000.e
0e
000.e
+
+
000.e
000.e
abc
1e+
--2
++1
0e
000.e
abc
-
+
-
.
+
--2
1.2.3
abc
abc
+
.
1e
e10
000.e
e10
+
abc
1ee2
++1
.
.
+
1e-
1ee2
000.e
-
1e-
++1
+
1ee2
1.2.3
1ee2
000.e
1e
-
e10
e10
+
--2
000.e
1ee2
++1
+
-
1.2.3
--2
1e
-
abc
1ee2
abc
--2
--2
1e
+
1e+
1e-
000.e
1.2.3
-
abc
abc
1e-
0e
+
++1
000.e
1e
1e+
0e
1e+
--2
abc
0e
++1
1e+
e10
000.e
e10
--2
--2
e10
1e+
1ee2
-
-
+
abc
1e+
+
1e-
1e-
++1
1e
e10
abc
1e
1ee2
++1
1e
1e+
0e
000.e
--2
1ee2
--2
++1
0e
++1
++1
abc
1.2.3
e10
+
e10
abc
1.2.3
.
1e+
0e
1.2.3
1ee2
0e
-
+
e10
1e-
000.e
abc
abc
000.e
1ee2
000.e
0e
0e
++1
abc
++1
1e
1e-
000.e
1e-
1e
1.2.3
++1
++1
.
1e
1ee2
-
.
abc
abc
e10
e10
0e
0e
++1
++1
.
e10
+
1.2.3
e10
+
-
1e
1e
++1
abc
abc
0e
-
e10
e10
1e-
.
+
1e-
abc
1e
--2
e10
++1
abc
1ee2
++1
-
+
0e
--2
1e
1e+
000.e
abc
--2
+
0e
abc
1ee2
0e
abc
e10
1ee2
.
1e-
+
1e-
1e-
++1
++1
1e+
1ee2
1e+
1e-
--2
1ee2
000.e
e10
++1
+
1e-
1ee2
1e+
++1
1e-
0e
e10
+
--2
1e-
++1
e10
e10
1e+
1.2.3
000.e
1e+
1ee2
+
e10
e10
1ee2
--2
++1
000.e
abc
0e
1ee2
0e
1e+
--2
1e-
1.2.3
1ee2
0e
++1
1.2.3
000.e
1e
1.2.3
e10
--2
1.2.3
-
000.e
-
++1
e10
++1
000.e
1ee2
000.e
0e
++1
1ee2
1e+
1e
-
1e-
1e+
-
0e
1e
--2
e10
1e
000.e
1.2.3
1ee2
++1
-
-
++1
1.2.3
++1
0e
--2
.
000.e
1e
0e
1e
++1
1e
000.e
1e+
000.e
000.e
++1
.
--2
1.2.3
000.e
.
e10
1ee2
+
1e+
000.e
000.e
1e+
1e
.
1e
++1
1e+
e10
abc
--2
1e
1e
++1
1e+
.
1e
1e
++1
abc
1.2.3
abc
1e-
+
--2
-
abc
1ee2
1ee2
1e-
.
1e+
abc
--2
++1
e10
e10
-
000.e
.
1e
+
++1
-
--2
1e
1e+
0e
1e+
--2
1.2.3
--2
--2
--2
1.2.3
1ee2
--2
.
0e
e10
1e-
1ee2
1e
.
.
1ee2
--2
1ee2
1e-
+
++1
000.e
1e-
+
+
1e-
1e+
abc
+
1ee2
1e-
1.2.3
1.2.3
1e
1e+
000.e
e10
0e
1e-
+
1e
1e+
1ee2
1ee2
--2
--2
000.e
++1
1.2.3
000.e
1e
abc
abc
--2
000.e
1.2.3
e10
++1
0e
0e
1.2.3
abc
-
abc
1e
1ee2
1e+
1e-
0e
++1
++1
abc
+
1e
e10
000.e
000.e
1.2.3
+
1e
--2
.
1ee2
1e-
-
1e+
0e
.
.
0e
1e-
1e+
--2
1e
000.e
000.e
abc
000.e
--2
1ee2
--2
-
000.e
0e
1e+
1e-
0e
e10
1.2.3
1.2.3
e10
e10
e10
1ee2
++1
.
abc
.
0e
0e
0e
-
++1
-
+
-
0e
abc
0e
e10
-
1ee2
0e
1.2.3
1e+
000.e
-
-
1e+
+
000.e
0e
abc
abc
.
++1
-
--2
.
.
1.2.3
.
--2
e10
e10
e10
1e+
-
1e
abc
1e
--2
++1
e10
1.2.3
.
1ee2
1e+
+
.
1e-
-
-
++1
1e
1.2.3
e10
1e
e10
0e
+
-
--2
e10
-
1ee2
1e
1e-
1.2.3
1.2.3
e10
1ee2
1e
.
1ee2
0e
1.2.3
e10
0e
000.e
-
-
1.2.3
0e
abc
.
+
1e
abc
0e
000.e
0e
0e
000.e
+
--2
+
abc
0e
-
.
++1
0e
abc
--2
+
+
++1
1.2.3
-
1.2.3
--2
e10
0e
-
+
-
000.e
0e
1e
1.2.3
e10
-
+
1.2.3
++1
--2
-
1e-
--2
abc
-
1.2.3
1e+
++1
1e+
.
e10
1ee2
--2
e10
1e-
0e
-
abc
1ee2
1ee2
1.2.3
1e
0e
1e
1e+
1.2.3
0e
-
1e-
+
--2
e10
1e-
1.2.3
.
0e
000.e
1e-
.
1.2.3
1e-
0e
000.e
-
000.e
1.2.3
abc
e10
abc
++1
000.e
abc
.
--2
000.e
abc
abc
-
1e+
++1
++1
1ee2
+
e10
1ee2
++1
-
-
1e
abc
+
abc
000.e
e10
1e
1.2.3
++1
000.e
.
--2
abc
-
1e-
e10
1e+
000.e
-
++1
1e+
0e
+
.
0e
1e+
e10
1e
1e-
0e
1e+
+
1e+
+
1e-
--2
000.e
1ee2
e10
-
+
1e-
1ee2
1e+
e10
1e-
1ee2
+
e10
000.e
+
1e+
+
0e
++1
0e
0e
-
++1
1.2.3
0e
0e
000.e
1e-
000.e
e10
1e-
+
0e
1e+
.
--2
1ee2
1e
1e
++1
--2
+
1ee2
1.2.3
1e-
abc
+
1e
-
1.2.3
000.e
1e+
1ee2
1e-
0e
1.2.3
000.e
1e+
1e-
+
+
1ee2
abc
-
e10
000.e
1e-
+
0e
+
1e
0e
1e
000.e
1ee2
abc
0e
.
1e
1.2.3
abc
0e
abc
e10
1e+
.
--2
++1
1e
000.e
-
000.e
0e
1.2.3
abc
abc
1e-
1e-
1e+
++1
1e
.
--2
0e
1e+
1e
1ee2
1.2.3
+
1e
1ee2
abc
abc
+
--2
1e+
++1
+
+
1.2.3
1.2.3
abc
--2
--2
1e+
++1
1ee2
e10
1e-
--2
1.2.3
e10
abc
-
1.2.3
1ee2
000.e
1e+
1.2.3
abc
.
-
e10
0e
1e+
1ee2
1e-
1ee2
--2
1e
+
1.2.3
--2
1e+
abc
e10
+
e10
1.2.3
++1
--2
1e+
1ee2
1.2.3
0e
+
1e
--2
abc
+
1e
e10
1e-
1e+
+
1ee2
-
+
1.2.3
0e
e10
1.2.3
1.2.3
--2
.
abc
1e-
-
000.e
-
000.e
0e
.
abc
1e
abc
1.2.3
e10
e10
e10
.
e10
++1
e10
000.e
0e
e10
.
1.2.3
1.2.3
1.2.3
--2
0e
.
.
abc
abc
1.2.3
abc
1e
1ee2
++1
+
1e
++1
1e
e10
-
++1
1e
-
abc
1e+
1e+
abc
0e
000.e
0e
1e+
1.2.3
++1
000.e
--2
++1
1e-
1e+
1e
-
.
e10
e10
--2
-
.
1e+
.
0e
.
1e
++1
0e
.
1ee2
1e
0e
--2
e10
1e-
0e
.
++1
0e
--2
--2
1.2.3
1.2.3
-
1e-
000.e
abc
e10
1.2.3
1e+
1.2.3
1ee2
1e-
--2
+
0e
+
0e
000.e
1.2.3
0e
--2
-
1ee2
abc
--2
-
abc
-
e10
1ee2
-
000.e
--2
1e
e10
e10
--2
1e
1e
++1
1e+
abc
-
1.2.3
1.2.3
1e
1e
e10
0e
.
1.2.3
abc
1e-
1.2.3
-
.
e10
1.2.3
--2
.
++1
1ee2
abc
--2
1e-
1e-
1e
-
+
--2
++1
++1
-
1e
-
--2
+
abc
1e-
e10
1e
-
e10
abc
--2
--2
.
1e-
1e-
--2
1e+
1ee2
1e-
+
--2
0e
0e
1e
abc
1.2.3
1e
abc
++1
e10
1e-
+
.
1.2.3
1.2.3
000.e
.
000.e
+
0e
--2
1e-
--2
1e
1e-
+
--2
0e
-
1e+
-
1ee2
1e
1e+
.
000.e
--2
.
--2
1e-
++1
1e
-
1e+
1e+
1.2.3
0e
+
++1
000.e
++1
0e
1.2.3
000.e
.
1ee2
0e
-
--2
1ee2
++1
1e
1e+
.
1e
abc
1e
1.2.3
-
-
1e-
abc
+
1e+
-
+
e10
e10
1e-
+
1.2.3
--2
000.e
.
1e
1e+
--2
-
1ee2
-
1.2.3
abc
1e
1e-
+
e10
+
1ee2
-
0e
++1
--2
1.2.3
abc
abc
1e+
1e
1ee2
abc
e10
1e
++1
+
1e
-
--2
0e
000.e
.
++1
0e
--2
--2
-
1.2.3
--2
e10
abc
1ee2
1.2.3
e10
abc
1e+
1e+
1e
-
1e+
1ee2
1e
0e
1.2.3
abc
000.e
-
-
0e
abc
.
++1
e10
-
--2
abc
1e
1ee2
+
+
++1
1e+
++1
e10
++1
.
000.e
1e-
+
1.2.3
1ee2
abc
.
1ee2
e10
e10
-
--2
--2
0e
1e-
1ee2
e10
1e+
--2
1e+
--2
000.e
1e
1ee2
1e-
++1
e10
abc
++1
.
-
1ee2
++1
1.2.3
0e
1.2.3
+
1ee2
--2
1e
0e
+
--2
--2
1ee2
e10
1.2.3
1ee2
abc
0e
--2
abc
abc
-
1e+
-
000.e
--2
000.e
+
1ee2
1e-
e10
--2
1e-
++1
1e+
.
-
-
1ee2
-
000.e
-
1.2.3
000.e
.
1.2.3
++1
-
+
.
.
1ee2
abc
1e+
000.e
.
e10
1e+
--2
+
abc
--2
--2
1e
-
-
.
0e
-
abc
.
000.e
1e+
1e
0e
0e
abc
000.e
e10
1e+
.
1e+
++1
e10
1ee2
1.2.3
1e
--2
-
+
-
1e
--2
.
+
1ee2
1ee2
0e
1e-
++1
0e
e10
1e+
e10
1e+
+
1e-
++1
1.2.3
.
0e
.
.
1e+
1e-
e10
+
abc
1e-
abc
--2
1e
0e
1e-
1e-
.
1ee2
--2
.
.
++1
1.2.3
-
-
1ee2
0e
.
1e+
-
0e
1e
1e-
-
--2
-
++1
abc
--2
1e-
1e-
1e+
e10
1ee2
1ee2
1.2.3
1e-
1e
000.e
0e
-
1.2.3
1ee2
000.e
1.2.3
0e
1e-
+
1.2.3
--2
0e
1ee2
--2
1e
000.e
0e
--2
abc
+
-
.
1e
1.2.3
.
.
1e
.
--2
e10
abc
++1
1.2.3
e10
abc
1ee2
0e
++1
1e+
1e
--2
--2
000.e
1ee2
.
--2
1e-
+
+
.
abc
e10
0e
1e-
-
0e
--2
abc
-
-
--2
abc
--2
e10
e10
++1
--2
1ee2
1e+
+
000.e
1e
0e
1.2.3
-
0e
++1
.
-
e10
1e
1e
.
1.2.3
1ee2
-
+
000.e
++1
1e
abc
abc
1e+
--2
1ee2
1ee2
+
1.2.3
abc
.
e10
0e
1e
1e
-
.
1.2.3
+
000.e
+
++1
000.e
-
1e+
000.e
abc
1e
abc
1.2.3
+
.
1ee2
.
1e
1e
--2
1e+
.
000.e
e10
-
e10
.
--2
.
1.2.3
+
.
1e+
--2
1e+
e10
1ee2
e10
0e
--2
abc
+
++1
--2
0e
--2
1e
1ee2
e10
1e-
abc
abc
.
0e
abc
.
1e+
-
+
0e
.
0e
+
abc
+
000.e
abc
abc
000.e
1e-
000.e
1ee2
000.e
e10
.
++1
.
--2
0e
000.e
1.2.3
-
1ee2
1.2.3
--2
-
+
++1
.
+
abc
++1
++1
0e
0e
1e
--2
1ee2
+
abc
1e-
--2
1.2.3
1.2.3
1.2.3
--2
1e
++1
1e+
1.2.3
abc
+
0e
--2
1ee2
1e+
++1
1.2.3
e10
-
000.e
0e
1.2.3
000.e
0e
++1
1e-
abc
++1
1.2.3
+
0e
1ee2
1ee2
1.2.3
1e
-
e10
1e-
1.2.3
++1
0e
abc
1.2.3
-
abc
1.2.3
0e
abc
--2
1ee2
1ee2
1e+
1e-
abc
1e+
++1
1e+
-
1e
abc
0e
+
0e
e10
1e-
-
1e
-
++1
1e
abc
++1
000.e
1.2.3
1ee2
000.e
1e+
e10
0e
1e+
abc
1e-
1e-
abc
1e-
1e+
1e-
000.e
0e
-
+
1.2.3
1ee2
++1
abc
-
1ee2
1e
--2
.
1e+
1e
0e
e10
.
abc
e10
1.2.3
1e
-
1e-
-
.
abc
++1
1.2.3
000.e
--2
abc
1e-
1e-
1e
1e
++1
1ee2
1.2.3
000.e
abc
--2
-
++1
1e
1e+
.
e10
+
abc
1ee2
000.e
--2
1e
+
1e-
000.e
000.e
1.2.3
--2
+
e10
1.2.3
++1
e10
0e
1e+
0e
--2
1e
1.2.3
1e+
1e
++1
abc
-
1.2.3
1e+
0e
1e
--2
0e
.
1e
1ee2
abc
-
-
1e
.
000.e
-
000.e
--2
1e+
.
e10
1ee2
.
+
--2
1e-
1.2.3
.
++1
abc
1.2.3
1e+
1e
1.2.3
e10
1.2.3
1e+
+
1e+
1.2.3
abc
+
1e-
0e
+
1ee2
-
++1
0e
++1
.
.
1e
000.e
++1
1e-
0e
abc
0e
0e
--2
++1
e10
1e-
1.2.3
abc
0e
0e
+
1e
0e
1e+
1e-
1e-
1e
.
1e+
abc
000.e
++1
1ee2
1ee2
1.2.3
1.2.3
+
1.2.3
1e-
.
-
1ee2
.
1ee2
.
-
e10
1e+
e10
1e
-
1ee2
000.e
0e
1e+
e10
1ee2
abc
1e+
++1
--2
+
0e
1e+
+
.
.
+
++1
.
+
1ee2
+
+
1.2.3
0e
1.2.3
+
1e
--2
--2
-
++1
1ee2
1ee2
++1
.
1e-
1.2.3
1e-
1ee2
.
--2
1e-
abc
1.2.3
0e
1e-
.
1e
1.2.3
0e
1.2.3
0e
-
e10
0e
--2
abc
--2
000.e
abc
1ee2
1e-
.
000.e
1e+
000.e
+
1e-
0e
1e+
1ee2
1.2.3
--2
1e-
e10
.
1e-
e10
+
++1
+
-
1e
1ee2
1e
000.e
--2
0e
000.e
e10
000.e
+
+
-
1e
000.e
abc
-
1e+
1.2.3
.
-
.
e10
1e+
0e
.
--2
1.2.3
1e+
abc
-
+
abc
1e
1ee2
++1
1.2.3
1e+
-
0e
000.e
-
++1
1e
++1
000.e
1e
abc
++1
-
e10
1ee2
1e+
000.e
1ee2
+
+
+
000.e
0e
++1
1e
1e+
0e
1e+
-
.
--2
000.e
+
abc
1ee2
000.e
e10
.
++1
.
1.2.3
1e
--2
++1
+
000.e
--2
1.2.3
.
1e+
0e
e10
abc
-
.
1e+
.
000.e
000.e
+
1.2.3
1e
.
1ee2
1e
.
--2
1ee2
000.e
1.2.3
000.e
e10
1e-
--2
+
-
+
1.2.3
e10
--2
.
+
--2
0e
0e
1e-
0e
+
abc
1e+
1e-
abc
-
1ee2
--2
1ee2
0e
1.2.3
1ee2
000.e
1ee2
000.e
1.2.3
1ee2
000.e
000.e
1e-
+
1ee2
0e
1e+
0e
abc
++1
1e+
e10
+
1e
0e
.
1e-
1ee2
1e-
1ee2
000.e
0e
-
-
1ee2
1e
1ee2
++1
1e-
.
0e
.
1e-
++1
1e-
.
++1
1e
0e
1e
1e-
1e
1.2.3
1e+
1e+
+
1e-
e10
--2
1e
0e
e10
e10
1.2.3
1ee2
0e
1e+
+
000.e
-
+
0e
1e-
+
+
--2
.
abc
1.2.3
000.e
.
1ee2
.
1e
abc
000.e
-
1e+
000.e
-
++1
1e+
1.2.3
1ee2
e10
e10
abc
+
1e-
1e+
1e-
1e
1e-
1e-
1e+
0e
++1
-
1e
1ee2
000.e
.
+
+
++1
1ee2
1e
1.2.3
1e-
0e
--2
1.2.3
e10
1ee2
000.e
--2
++1
1ee2
1ee2
0e
0e
e10
abc
+
1ee2
--2
1e+
e10
+
0e
1ee2
1e
-
-
++1
1e-
--2
-
+
+
+
1ee2
0e
e10
000.e
.
1e+
0e
+
e10
++1
abc
-
0e
.
.
abc
0e
.
e10
.
1e+
1e
1e+
1e
abc
.
abc
1e-
1ee2
e10
1.2.3
++1
.
--2
+
abc
-
0e
1e+
+
.
1ee2
.
e10
+
1e+
1ee2
--2
--2
++1
e10
000.e
e10
-
abc
1e
1e+
1e-
1.2.3
.
0e
1ee2
+
--2
1e+
000.e
e10
e10
1e+
000.e
abc
-
1e+
1.2.3
1e-
000.e
1ee2
1ee2
+
1.2.3
e10
1e-
1.2.3
-
1e-
1e+
000.e
000.e
-
.
000.e
.
1ee2
1ee2
0e
000.e
+
++1
--2
e10
+
++1
1ee2
++1
+
++1
abc
1e-
0e
1ee2
.
--2
000.e
e10
--2
1e+
0e
e10
1e
++1
++1
+
000.e
+
-
1e-
000.e
0e
e10
1e
1e+
0e
e10
abc
1e
000.e
000.e
+
-
000.e
0e
++1
000.e
+
abc
1e
1.2.3
1.2.3
1e-
e10
e10
1e-
1.2.3
abc
-
1ee2
--2
--2
000.e
1ee2
000.e
+
1e
-
1e-
e10
+
1ee2
abc
000.e
1e
-
1.2.3
1e-
1e+
0e
1.2.3
1ee2
++1
1e
1e
e10
1.2.3
--2
1e
1.2.3
1ee2
e10
0e
+
1e
0e
0e
1e
1e-
.
0e
1e+
++1
0e
abc
1.2.3
--2
abc
+
--2
1e+
+
abc
+
--2
1e+
1e
+
000.e
+
++1
++1
abc
000.e
0e
1e-
e10
+
+
+
++1
.
0e
1e+
e10
++1
.
abc
--2
1.2.3
1ee2
--2
.
1e-
1e+
1e-
--2
-
.
1ee2
--2
-
1e+
++1
1e+
1.2.3
1e-
-
1e+
1e+
.
-
--2
-
1e
1e+
+
.
0e
000.e
.
-
1e
abc
.
+
++1
000.e
++1
1ee2
--2
1e
1e+
.
--2
1e+
+
1.2.3
-
1e
1.2.3
000.e
abc
1ee2
+
1e
++1
-
--2
abc
000.e
1e+
.
1e+
1.2.3
1e+
e10
1e
-
000.e
0e
1ee2
--2
--2
-
-
++1
-
000.e
1e
abc
1e-
1.2.3
1e
-
0e
1e-
1ee2
e10
1e+
1e
0e
++1
0e
1e-
000.e
1e
1.2.3
1ee2
++1
1e+
1.2.3
1e
.
1ee2
+
--2
e10
1e-
1e+
0e
+
.
-
1.2.3
1ee2
1.2.3
1e+
-
000.e
1e-
0e
abc
000.e
1ee2
1e-
1e-
1ee2
1e
abc
1.2.3
0e
-
.
abc
--2
.
.
1e-
abc
.
000.e
.
1e-
1e+
1e
+
1.2.3
+
0e
--2
0e
1ee2
--2
e10
000.e
e10
1.2.3
000.e
+
abc
--2
000.e
-
e10
1e-
1ee2
-
e10
-
1e
-
1.2.3
++1
1e-
--2
-
1ee2
e10
.
+
--2
1ee2
000.e
-
--2
e10
000.e
1ee2
1e+
e10
+
++1
1e+
1ee2
++1
1e
abc
1ee2
1e+
1e+
+
++1
--2
++1
++1
-
1e-
000.e
1.2.3
1.2.3
.
+
1ee2
1e+
1ee2
++1
abc
1e+
000.e
1ee2
1ee2
.
e10
0e
000.e
1e+
--2
1e-
--2
-
abc
1e
1e+
1e-
+
e10
++1
1ee2
e10
000.e
e10
0e
-
e10
1e+
1e
.
-
++1
1e-
--2
--2
-
000.e
1e-
abc
1e+
abc
++1
000.e
.
abc
abc
1e-
1e
1e
1e
1e-
e10
abc
abc
000.e
1e-
++1
+
e10
0e
abc
1ee2
1e
1.2.3
1e+
1e-
1e+
-
++1
-
1e
1e+
abc
1e+
++1
000.e
.
1ee2
000.e
.
++1
1e+
000.e
++1
e10
abc
000.e
1e+
--2
000.e
000.e
.
abc
abc
000.e
.
+
1.2.3
1ee2
-
1e
e10
e10
1e-
abc
abc
+
1.2.3
1.2.3
e10
abc
1.2.3
1e-
+
++1
1e+
1e-
1ee2
e10
1e+
+
abc
0e
1e-
1e-
--2
e10
1ee2
++1
1.2.3
e10
.
1e+
--2
++1
--2
.
.
e10
--2
1e+
abc
e10
-
--2
+
000.e
+
1ee2
--2
abc
++1
1e+
+
1e-
--2
0e
1e
1ee2
000.e
+
abc
-
0e
000.e
abc
000.e
abc
1e-
0e
abc
++1
--2
+
0e
--2
abc
1ee2
.
.
1e
--2
-
--2
.
e10
1e
1ee2
+
abc
1e-
++1
e10
e10
000.e
1e
abc
1ee2
-
1e-
e10
+
0e
--2
+
1ee2
1e-
000.e
1ee2
abc
1e-
e10
1e-
--2
1e
000.e
.
.
1e
abc
+
000.e
e10
.
1e
0e
000.e
abc
1e
1.2.3
++1
-
e10
e10
0e
1e+
+
1ee2
.
1.2.3
+
0e
++1
+
1.2.3
.
0e
+
abc
-
-
-
1e+
1e
-
1e
1e
000.e
abc
1e-
e10
-
+
abc
1e
e10
abc
1e+
000.e
1e-
-
-
1.2.3
-
1ee2
1e+
++1
+
1e
e10
+
abc
1e+
1.2.3
1e+
1ee2
000.e
-
-
1ee2
0e
1ee2
-
1e+
000.e
+
e10
++1
-
abc
--2
1e
+
1e+
1ee2
1e
1e-
1e-
-
--2
1e
1ee2
+
.
++1
e10
-
.
0e
--2
+
1ee2
.
abc
--2
++1
+
.
--2
++1
abc
+
++1
+
+
1e+
-
1e+
.
0e
1.2.3
--2
1e
1e+
.
0e
-
1ee2
e10
0e
1e-
1e+
000.e
--2
000.e
0e
--2
1e-
--2
.
1e-
1e+
1e-
1e-
1e+
.
1e
1e+
1e-
1ee2
++1
-
000.e
-
++1
abc
-
+
e10
1e+
--2
0e
000.e
e10
--2
1e
abc
abc
1ee2
-
abc
1e
1e
-
.
.
1.2.3
abc
1e-
0e
--2
.
++1
abc
e10
abc
-
1e+
1e
--2
--2
000.e
++1
abc
000.e
--2
+
1.2.3
1ee2
1e
1e+
1e-
1e
abc
+
1e
1e
0e
e10
+
.
--2
1e+
0e
1e
e10
--2
.
++1
.
0e
1e-
1e
1ee2
abc
0e
++1
1.2.3
1e-
1e
e10
1.2.3
1e
1e+
1.2.3
++1
.
1e-
000.e
000.e
--2
1.2.3
e10
+
++1
1ee2
1ee2
e10
+
abc
1ee2
1ee2
++1
++1
++1
1ee2
.
1e-
--2
e10
1e-
++1
1ee2
-
1.2.3
1e+
1ee2
abc
--2
++1
1e+
-
1.2.3
000.e
000.e
abc
+
1.2.3
-
+
1e
++1
0e
-
1e
.
--2
-
abc
1e-
-
000.e
0e
--2
1e-
.
+
0e
--2
--2
e10
0e
--2
0e
abc
abc
++1
1ee2
0e
1e+
e10
++1
1ee2
1.2.3
1.2.3
e10
000.e
.
1.2.3
-
1e+
.
000.e
--2
++1
--2
+
+
--2
+
abc
--2
1e-
-
++1
1e-
-
1e-
000.e
e10
1e
abc
1e-
1.2.3
000.e
++1
.
abc
0e
--2
1e
+
abc
000.e
-
++1
1e-
++1
-
--2
0e
1.2.3
1e
++1
1.2.3
1e+
0e
000.e
1ee2
abc
--2
+
1e
-
e10
0e
+
1ee2
0e
abc
1e
000.e
++1
e10
+
1e-
++1
-
.
abc
.
1e
1e-
000.e
--2
0e
1e-
++1
-
e10
.
000.e
e10
.
--2
abc
++1
-
.
+
1.2.3
.
1e-
++1
-
1.2.3
-
-
1.2.3
1e-
+
1e-
1.2.3
e10
0e
--2
1.2.3
000.e
+
000.e
-
1e
--2
1e
1.2.3
abc
--2
+
1.2.3
000.e
1ee2
000.e
++1
1e
-
1e
+
000.e
abc
000.e
0e
1ee2
.
1e+
e10
++1
.
++1
1.2.3
+
1e
-
1e
1ee2
++1
1e+
--2
1e+
--2
.
-
1ee2
abc
000.e
0e
+
e10
1e
1e-
0e
++1
-
0e
-
-
1.2.3
1e+
e10
+
abc
000.e
0e
1e
++1
--2
-
e10
+
1e
1e-
-
1e+
++1
.
0e
.
000.e
000.e
e10
e10
0e
1e-
.
000.e
1e+
1e
--2
1ee2
++1
0e
1e-
1e
.
1.2.3
1e-
.
.
.
abc
1ee2
000.e
+
.
1e
-
0e
e10
+
1e-
e10
0e
0e
1e+
0e
1ee2
1e-
++1
--2
-
000.e
0e
1.2.3
1e-
1e+
1e-
1e+
abc
++1
1ee2
1.2.3
1e-
-
+
1e+
--2
1.2.3
1e
abc
--2
.
1.2.3
-
e10
000.e
1e-
1e+
e10
abc
+
--2
1e-
1ee2
-
1e-
.
1.2.3
++1
1e+
1.2.3
.
abc
--2
++1
.
1e
1e
000.e
1e
1e-
1.2.3
1.2.3
--2
0e
+
1ee2
000.e
1e
000.e
+
++1
-
++1
++1
abc
1e+
+
0e
+
1e+
abc
0e
1e+
--2
1e+
1e-
1e-
-
000.e
abc
++1
0e
+
1.2.3
1e-
-
abc
e10
1.2.3
++1
e10
.
abc
1ee2
1e
+
0e
1e+
0e
+
000.e
+
++1
1e
1ee2
++1
1.2.3
++1
++1
+
1e+
+
1e+
abc
1e
abc
++1
-
+
+
1.2.3
1ee2
--2
abc
-
1.2.3
e10
abc
1.2.3
1ee2
++1
1.2.3
-
1e
abc
-
1e-
1.2.3
000.e
--2
e10
abc
1e-
000.e
abc
1e
1ee2
++1
++1
1e
e10
abc
+
1ee2
--2
1.2.3
.
--2
1e-
1e
1e+
1e-
+
-
+
++1
abc
1e
0e
-
1ee2
1e
0e
+
abc
-
1e-
--2
000.e
e10
-
++1
1.2.3
1e+
--2
.
++1
1.2.3
-
-
1e+
abc
1e
1.2.3
1e-
1ee2
--2
e10
000.e
++1
++1
--2
1.2.3
1ee2
abc
1e
1ee2
abc
0e
1.2.3
-
++1
0e
+
0e
1.2.3
+
1e+
1ee2
.
1e
.
1.2.3
e10
1e
1e
1e+
.
1e+
0e
--2
1e-
++1
1.2.3
e10
++1
.
--2
+
abc
+
--2
abc
-
.
1.2.3
+
1.2.3
++1
1e-
1e
1e-
0e
e10
1e-
1.2.3
++1
+
.
1.2.3
1.2.3
1e+
1ee2
1e-
1.2.3
1.2.3
+
0e
e10
1e+
1e-
.
abc
e10
0e
-
000.e
1ee2
000.e
--2
0e
000.e
abc
1e-
000.e
-
1e
+
abc
1.2.3
abc
e10
-
000.e
+
--2
0e
-
0e
--2
e10
abc
--2
--2
1e+
+
1e+
--2
1ee2
1e
e10
1e
1e-
1e
.
000.e
-
1.2.3
--2
1e+
--2
-
1e+
--2
1e+
--2
.
-
++1
e10
e10
0e
1e-
1e+
1ee2
-
000.e
1ee2
.
1.2.3
e10
1.2.3
1ee2
1e+
+
e10
1e-
1e
0e
1e-
-
e10
1e+
0e
++1
e10
1e+
1.2.3
.
1ee2
000.e
.
++1
1e
abc
-
1ee2
.
+
1e
-
000.e
1ee2
1ee2
e10
1e-
++1
1e-
1e-
abc
1.2.3
++1
1e-
e10
abc
-
-
0e
1.2.3
++1
1e+
.
1e-
1e-
abc
1.2.3
++1
-
++1
1e
+
000.e
0e
abc
1.2.3
e10
abc
000.e
abc
1e+
1ee2
1.2.3
1e+
.
--2
-
1e-
-
000.e
-
.
+
1ee2
1.2.3
-
1e+
e10
.
++1
-
1e+
abc
000.e
-
1e-
-
1e
0e
.
1e
++1
1ee2
+
1e-
000.e
-
++1
1e-
1ee2
abc
+
1e-
000.e
e10
1e+
1e
000.e
+
1ee2
e10
abc
000.e
abc
1e+
-
-
--2
+
++1
1.2.3
abc
1ee2
0e
--2
1.2.3
000.e
1.2.3
1ee2
e10
000.e
1e+
1e+
1.2.3
0e
--2
abc
1e+
0e
++1
1e
1e-
1ee2
1ee2
.
1e-
1.2.3
1e+
+
+
1e+
++1
.
--2
0e
--2
-
1.2.3
000.e
+
++1
e10
abc
--2
1e
0e
+
.
abc
0e
++1
1e-
-
1e
1ee2
0e
e10
++1
1e-
1e
e10
1e-
++1
1e+
1e
0e
++1
1e+
-
e10
+
0e
1e
1e
abc
.
+
--2
1e-
1e+
1e+
1e+
-
0e
0e
+
abc
1e+
1e-
++1
1e+
+
abc
++1
abc
1e+
--2
+
1e-
e10
0e
1e
1.2.3
0e
0e
000.e
e10
++1
++1
-
++1
1ee2
e10
1e
1e-
1e-
e10
-
000.e
0e
1ee2
--2
1e-
1e+
000.e
--2
e10
1e-
1e
-
.
0e
1e
1e-
+
000.e
e10
--2
0e
000.e
1ee2
--2
.
.
1e-
1.2.3
.
--2
1e+
.
1e
0e
000.e
1e-
--2
+
abc
000.e
0e
1e-
++1
1e-
++1
-
+
1e+
+
1ee2
0e
--2
1ee2
000.e
.
1e+
.
abc
000.e
1e
1ee2
abc
1.2.3
0e
1.2.3
1e-
--2
1.2.3
1e
e10
++1
000.e
000.e
abc
--2
1.2.3
1e+
1ee2
1.2.3
--2
0e
++1
1e
abc
0e
--2
.
+
--2
e10
000.e
0e
.
0e
000.e
-
--2
+
e10
0e
-
000.e
1e-
1e+
++1
000.e
e10
++1
1.2.3
-
1ee2
+
000.e
.
-
e10
abc
++1
.
++1
+
-
1e-
1e+
1ee2
1e-
e10
1ee2
1e-
-
.
1e-
e10
--2
000.e
0e
abc
--2
abc
++1
1e-
-
-
1.2.3
0e
++1
+
1e+
++1
--2
e10
1e
0e
--2
1ee2
abc
-
+
.
0e
e10
1ee2
1e
1ee2
-
1e-
e10
.
-
1.2.3
1e+
1.2.3
e10
.
1.2.3
+
-
e10
1.2.3
.
++1
0e
++1
1e+
000.e
++1
1e+
--2
--2
+
000.e
e10
e10
1e
e10
abc
1ee2
1e
e10
0e
000.e
1e
1ee2
+
1.2.3
1ee2
--2
1e
1e+
000.e
+
+
000.e
1.2.3
abc
-
-
1e-
.
+
1ee2
--2
1e
0e
+
abc
-
++1
++1
000.e
1ee2
1e-
0e
--2
--2
1e
e10
+
1e-
0e
000.e
1.2.3
-
++1
1e
.
0e
1e
+
000.e
.
abc
1e
.
++1
1e-
1e-
000.e
1e-
e10
1e
e10
1.2.3
1e-
000.e
1e
1e+
000.e
++1
e10
0e
+
1ee2
+
e10
e10
1e-
++1
1e
1e+
1e-
++1
++1
1e-
1ee2
000.e
1e+
+
.
abc
1.2.3
0e
--2
abc
0e
--2
++1
++1
0e
abc
--2
1e-
0e
+
0e
1e-
1.2.3
.
0e
++1
.
--2
.
1e+
000.e
abc
0e
abc
e10
1.2.3
.
--2
1.2.3
1e
000.e
1.2.3
1e
-
1.2.3
0e
0e
1.2.3
--2
1ee2
1e
e10
1ee2
--2
-
--2
-
++1
--2
--2
000.e
1e+
1e+
1e
1.2.3
1e+
e10
+
e10
1.2.3
.
abc
--2
+
0e
1e+
1.2.3
++1
1e+
000.e
++1
0e
--2
1ee2
000.e
1.2.3
e10
.
1e
1ee2
1e
abc
++1
1.2.3
000.e
.
1.2.3
.
--2
e10
1ee2
1ee2
1ee2
--2
000.e
abc
--2
0e
1.2.3
0e
000.e
-
--2
--2
+
abc
000.e
-
1e-
++1
0e
1.2.3
1ee2
0e
e10
-
1e+
1e-
-
1e-
1ee2
+
e10
0e
abc
abc
.
abc
abc
0e
1.2.3
++1
+
--2
1e
0e
.
+
+
.
0e
e10
--2
0e
-
1e+
abc
--2
1e
1e+
abc
abc
1.2.3
e10
1e+
1.2.3
--2
e10
--2
-
e10
1e-
e10
0e
1ee2
--2
.
1.2.3
0e
000.e
0e
e10
0e
+
1e+
+
1.2.3
1ee2
000.e
1.2.3
1e
--2
1e
1ee2
1e
1.2.3
000.e
1e-
0e
abc
abc
.
abc
1e-
--2
0e
0e
1e
--2
-
000.e
--2
1.2.3
.
++1
--2
1ee2
0e
+
0e
+
.
.
++1
1.2.3
e10
--2
0e
0e
abc
0e
--2
000.e
e10
1ee2
1e
+
+
1e-
0e
1e
abc
000.e
-
1ee2
e10
1.2.3
--2
+
--2
1e-
1ee2
++1
++1
000.e
++1
1.2.3
.
.
0e
0e
+
--2
1e
++1
1.2.3
0e
-
000.e
+
000.e
1e
1e-
1ee2
1e-
-
1e
000.e
1e-
-
abc
000.e
+
1.2.3
0e
1.2.3
--2
-
--2
1e-
.
e10
000.e
000.e
+
000.e
1ee2
--2
abc
.
0e
++1
--2
.
000.e
1.2.3
1ee2
-
1e-
1e
abc
1e-
--2
1e-
1ee2
1ee2
abc
1ee2
1e-
++1
-
1e
1e+
1e+
+
e10
000.e
--2
++1
1e
abc
0e
000.e
1e
++1
++1
1ee2
0e
+
++1
++1
e10
.
abc
--2
0e
1.2.3
1.2.3
1e-
++1
000.e
abc
e10
1e-
1e
+
++1
1e+
1.2.3
1e
1e-
1e-
e10
--2
.
1.2.3
1e+
+
1ee2
.
abc
+
--2
++1
000.e
.
-
000.e
1ee2
1ee2
--2
1ee2
1e
1e
1e+
1e+
1e-
1ee2
-
1.2.3
1e
--2
000.e
000.e
++1
0e
abc
0e
++1
++1
1e
1ee2
1.2.3
--2
1e-
++1
1e
1e-
1e+
1e+
.
+
0e
abc
e10
1e
1e+
1e-
.
abc
0e
.
-
1e+
1e
-
1e
++1
0e
000.e
000.e
1e
000.e
1e
000.e
1e-
000.e
000.e
0e
abc
+
0e
1e+
0e
1e
000.e
1.2.3
1e
.
1e+
1e+
.
++1
.
000.e
1e-
e10
000.e
1e+
1e+
000.e
e10
1e
+
1e-
1e-
1ee2
1.2.3
1e-
1e-
0e
++1
++1
++1
1.2.3
1ee2
000.e
-
1e
1e
0e
1.2.3
-
e10
1e-
000.e
1e-
-
-
1e+
abc
-
++1
1e-
e10
1e-
e10
1.2.3
1e+
000.e
-
1e
000.e
1e-
1ee2
-
000.e
-
0e
.
--2
1.2.3
0e
000.e
-
.
1ee2
0e
1.2.3
1.2.3
--2
+
1e
++1
1e-
1e+
-
1e
+
1e+
--2
+
-
1e
--2
1e+
1e-
.
.
.
000.e
abc
1e
e10
1e+
.
1e-
e10
0e
.
e10
0e
-
e10
0e
-
++1
--2
-
--2
abc
0e
-
1e
1ee2
000.e
+
+
1e-
0e
--2
1.2.3
1e+
++1
1ee2
1e
1e-
-
000.e
-
+
+
abc
1e+
000.e
1e-
1e+
1e+
000.e
.
0e
1e
e10
++1
1e
1e+
0e
abc
1e+
1e+
e10
--2
--2
abc
0e
1e
000.e
.
1e+
000.e
+
-
0e
000.e
0e
+
1e+
-
abc
+
--2
++1
1ee2
.
e10
000.e
0e
.
1e+
+
1e-
-
1.2.3
--2
000.e
000.e
++1
1e-
++1
1e+
+
.
++1
1e-
0e
1e
++1
++1
1e
0e
.
+
1.2.3
1e+
1e-
1ee2
1ee2
1e+
.
--2
+
e10
-
1e-
-
1ee2
1e+
000.e
0e
1.2.3
1.2.3
1e+
abc
0e
1e+
.
000.e
++1
++1
--2
1e
--2
1ee2
1.2.3
1.2.3
1.2.3
.
1e+
.
.
++1
-
0e
1e+
-
e10
1.2.3
1e
1e-
000.e
abc
1.2.3
abc
1e-
-
1e+
000.e
.
+
0e
.
1ee2
+
e10
0e
+
+
000.e
.
.
++1
.
--2
e10
++1
1.2.3
1e+
abc
+
1e
--2
000.e
+
e10
1ee2
000.e
1.2.3
abc
.
abc
1e+
0e
1.2.3
+
abc
e10
--2
1e-
1.2.3
.
+
1e-
abc
1ee2
--2
abc
1ee2
e10
abc
1ee2
--2
0e
abc
abc
1.2.3
1e
1ee2
abc
-
1.2.3
-
1ee2
.
1.2.3
+
1ee2
--2
+
000.e
abc
+
1.2.3
--2
1ee2
.
e10
1e+
1e
-
-
++1
000.e
1e+
+
1.2.3
+
e10
+
e10
1.2.3
++1
abc
+
-
++1
--2
000.e
+
1e+
000.e
1e
1e-
000.e
--2
1e-
--2
1.2.3
++1
++1
1e+
.
1e+
+
1.2.3
1e
--2
-
++1
0e
0e
e10
+
1.2.3
-
000.e
e10
++1
-
1e-
1ee2
1.2.3
.
1.2.3
--2
e10
+
.
1ee2
1ee2
abc
1e-
1.2.3
e10
1.2.3
1e-
1e-
000.e
000.e
1ee2
+
0e
1e-
1e-
1ee2
abc
1e+
--2
0e
1e
--2
abc
-
1ee2
abc
--2
1.2.3
-
--2
1e-
e10
--2
e10
--2
e10
++1
.
e10
++1
abc
000.e
1.2.3
+
000.e
e10
.
e10
.
000.e
++1
000.e
0e
--2
+
e10
.
1.2.3
1ee2
abc
1.2.3
000.e
-
e10
++1
e10
--2
1e-
++1
abc
abc
1e+
1.2.3
e10
+
.
-
1e+
1e-
1e-
0e
1e-
000.e
1ee2
-
0e
1ee2
1ee2
0e
1e+
0e
1.2.3
--2
--2
abc
-
--2
+
e10
1e+
1e+
e10
++1
1ee2
1e
1.2.3
+
abc
1e
1.2.3
.
abc
000.e
abc
1e
0e
++1
abc
.
1e+
-
-
000.e
1.2.3
--2
1e-
--2
--2
1e+
1ee2
-
000.e
1ee2
-
--2
--2
0e
1ee2
--2
1e
+
abc
abc
abc
1ee2
000.e
000.e
1ee2
+
1e+
1e
0e
--2
--2
.
000.e
-
e10
e10
abc
abc
+
1e+
--2
+
-
1e-
+
1ee2
+
e10
+
1.2.3
-
0e
--2
1.2.3
-
-
+
--2
0e
-
e10
-
1e
0e
--2
1ee2
1e
-
0e
1ee2
0e
++1
+
++1
1e
000.e
1e-
-
1e
1e+
e10
e10
.
1e
.
1e-
abc
++1
.
++1
000.e
--2
000.e
--2
1e+
000.e
1.2.3
.
-
abc
1.2.3
1.2.3
0e
1.2.3
e10
1e
++1
1e-
1ee2
1e
000.e
-
+
0e
-
000.e
1e+
-
--2
e10
1ee2
e10
0e
1e-
000.e
0e
0e
0e
--2
-
++1
-
.
1e-
+
1e+
+
e10
1.2.3
1e+
1e-
-
1e
000.e
++1
0e
1e+
1.2.3
1.2.3
1ee2
.
1ee2
0e
abc
000.e
1e+
0e
e10
1.2.3
.
1ee2
1ee2
.
1e+
0e
++1
1e-
-
1.2.3
+
--2
abc
000.e
++1
e10
abc
++1
1.2.3
++1
1ee2
+
+
1e
1e
0e
--2
--2
e10
abc
1e
1e-
0e
e10
+
000.e
e10
0e
1ee2
--2
++1
+
+
++1
1e
1e+
.
-
0e
+
000.e
abc
-
.
1ee2
1e-
1ee2
1e
++1
-
1ee2
abc
1e+
0e
1ee2
000.e
-
.
1e
1ee2
e10
1ee2
0e
1.2.3
abc
1e
1e+
++1
-
+
000.e
abc
e10
0e
1.2.3
000.e
abc
--2
0e
1e-
e10
1e
+
+
+
1e+
--2
e10
.
abc
+
1.2.3
1ee2
1ee2
0e
+
e10
e10
.
--2
1.2.3
0e
abc
abc
--2
1e
--2
1ee2
1e-
0e
.
1.2.3
+
0e
+
000.e
1e
000.e
0e
1e+
e10
1ee2
1.2.3
abc
1e+
.
abc
1e
1.2.3
0e
++1
1e
--2
abc
1e+
--2
++1
--2
--2
000.e
000.e
1.2.3
++1
000.e
1e-
abc
.
1ee2
1e
1e
1e
-
--2
1ee2
1e-
-
+
--2
1e
1ee2
1e+
1e
0e
abc
1e
abc
+
1ee2
1e+
abc
.
1e+
1.2.3
1.2.3
1.2.3
1e-
.
--2
1e-
e10
+
1e+
1e-
1ee2
1e
.
1.2.3
1e+
1.2.3
-
0e
abc
1e-
000.e
000.e
.
++1
e10
000.e
1e+
1e
-
1.2.3
1.2.3
1e
--2
0e
.
1ee2
-
--2
++1
.
1e
1e+
1ee2
000.e
1e-
++1
1e-
--2
1e-
+
1.2.3
1.2.3
000.e
1.2.3
0e
+
1e-
1.2.3
e10
1.2.3
1e
e10
.
1e
--2
1.2.3
e10
++1
1e
e10
1e-
1e+
.
e10
0e
++1
-
1ee2
1.2.3
1.2.3
-
.
1e+
.
1e+
1e
1e-
000.e
1ee2
--2
1.2.3
1e
000.e
1e+
1e+
e10
.
--2
e10
--2
1e+
-
--2
1e
e10
++1
+
1.2.3
1e-
000.e
.
1e+
abc
e10
-
0e
++1
++1
0e
1.2.3
0e
abc
-
+
+
1e
abc
++1
1e+
++1
abc
0e
.
abc
+
++1
--2
--2
.
1.2.3
0e
++1
000.e
1.2.3
+
1e-
.
1e-
0e
1ee2
0e
000.e
0e
+
abc
e10
.
1ee2
--2
1.2.3
1e+
1ee2
+
1e
+
--2
+
1e-
1ee2
e10
--2
1e-
1ee2
+
1e+
+
1.2.3
++1
e10
1ee2
1ee2
abc
--2
1e
+
e10
.
abc
++1
.
+
000.e
1e
1e
1e+
1e
1ee2
abc
-
--2
--2
1e+
abc
000.e
000.e
+
+
1e-
1e+
0e
1e
+
1e+
1.2.3
1.2.3
000.e
++1
1e+
1e-
.
e10
e10
1e-
e10
1e-
1e
0e
1.2.3
1ee2
+
1e-
e10
e10
+
e10
++1
abc
.
abc
abc
000.e
1.2.3
1.2.3
1e
1.2.3
1e+
.
-
e10
1e
1e
.
1e
1.2.3
1ee2
+
1e-
-
e10
abc
000.e
1ee2
++1
--2
--2
abc
-
++1
1e
1e-
1ee2
+
++1
--2
1e-
++1
1e+
000.e
000.e
--2
0e
1e-
.
abc
0e
+
1ee2
+
--2
--2
+
abc
-
1ee2
e10
+
.
1e+
++1
++1
1e-
1.2.3
abc
++1
abc
1.2.3
++1
++1
000.e
1e
1e+
0e
--2
-
.
abc
1.2.3
.
000.e
e10
000.e
abc
000.e
--2
0e
0e
1.2.3
--2
++1
1e
1e
000.e
0e
.
1e-
0e
++1
1.2.3
1e+
1e+
abc
1.2.3
0e
+
e10
abc
1e+
1e+
0e
e10
1e+
0e
abc
.
-
+
-
1e+
1e+
abc
1ee2
--2
1e+
e10
0e
-
1.2.3
0e
0e
.
1e
1e+
+
+
1e
++1
.
abc
1e
e10
--2
abc
0e
-
0e
e10
1ee2
1.2.3
e10
1.2.3
e10
1ee2
1ee2
++1
1ee2
1.2.3
1.2.3
+
++1
+
1e
++1
.
1.2.3
000.e
-
0e
--2
000.e
abc
e10
+
.
abc
1e+
000.e
++1
1ee2
1e-
1e
-
.
1e
1e-
--2
000.e
++1
1e+
++1
1e+
e10
1ee2
-
-
--2
1e-
++1
1e
-
1e+
1e
1e
0e
e10
.
000.e
1ee2
1e-
+
1e
0e
--2
+
+
1e
--2
0e
1e
--2
++1
e10
000.e
abc
abc
1e-
.
0e
+
1e
000.e
-
1e
1ee2
1e+
0e
1e
0e
.
0e
.
+
1ee2
1e+
0e
+
.
abc
abc
e10
1ee2
-
1e-
+
1ee2
0e
1ee2
1e-
+
000.e
++1
1e-
000.e
1ee2
1e
000.e
000.e
-
abc
1e-
1.2.3
e10
e10
1e
-
+
1e
1e
1.2.3
-
.
e10
1.2.3
--2
-
1ee2
++1
--2
1.2.3
++1
1e-
000.e
-
1ee2
1ee2
000.e
1e
1e-
1.2.3
1e-
1e
1ee2
000.e
.
--2
.
+
0e
abc
1e
000.e
abc
1e
+
e10
e10
0e
1.2.3
+
0e
++1
-
1ee2
+
1e
000.e
000.e
abc
abc
--2
-
abc
000.e
1e+
0e
e10
1e
0e
000.e
1.2.3
.
1.2.3
1e-
abc
1e-
-
0e
+
000.e
.
+
+
-
+
1ee2
1.2.3
0e
.
.
1e-
+
1e
0e
000.e
000.e
+
1e-
1ee2
0e
1.2.3
+
0e
1ee2
1e+
e10
0e
+
1e
1e
1ee2
0e
000.e
0e
1e-
1.2.3
1e
--2
0e
1e+
1e
1ee2
1ee2
e10
1.2.3
0e
0e
0e
abc
.
000.e
abc
000.e
abc
1.2.3
-
0e
--2
1e-
-
.
1.2.3
abc
1.2.3
1.2.3
1e+
1.2.3
e10
1ee2
0e
--2
+
1ee2
-
-
0e
0e
++1
abc
000.e
++1
000.e
1e-
000.e
000.e
1ee2
1e-
1e+
e10
1ee2
abc
+
+
.
.
abc
e10
-
e10
++1
1ee2
e10
abc
++1
abc
1e+
1e+
.
e10
+
1.2.3
1e+
-
0e
1e-
1e+
1e+
abc
-
0e
0e
+
1e
.
1e
1ee2
abc
1e+
+
1e+
--2
1e
abc
++1
+
1ee2
000.e
000.e
e10
1e
-
abc
e10
1e-
0e
e10
e10
1e-
-
000.e
000.e
abc
000.e
--2
abc
.
++1
000.e
.
e10
abc
e10
0e
-
1e
1e-
0e
abc
000.e
000.e
1e+
1e+
-
e10
000.e
000.e
--2
1e-
1e
--2
1ee2
1.2.3
1.2.3
--2
++1
1e+
0e
1e+
1ee2
+
000.e
1.2.3
0e
+
--2
0e
1e+
0e
1e
1e+
.
1.2.3
-
abc
1e+
--2
1e-
0e
++1
++1
1e-
e10
1e-
+
-
abc
-
.
-
.
0e
1e-
e10
.
1e+
1e+
--2
000.e
abc
--2
--2
.
abc
1ee2
1.2.3
e10
1e+
-
1e-
1e
++1
+
1.2.3
-
abc
-
000.e
e10
-
1ee2
.
1.2.3
+
-
++1
e10
e10
1ee2
1e
-
--2
abc
++1
1.2.3
1.2.3
1e
+
--2
1e
--2
1e
--2
000.e
-
.
0e
1ee2
+
1e
1ee2
1ee2
e10
-
e10
-
.
1e
+
abc
abc
1e
++1
+
1e
1e
1e-
+
.
-
e10
abc
--2
e10
000.e
1e
0e
.
--2
0e
.
1e-
++1
1.2.3
e10
.
+
000.e
.
1e
1e
e10
abc
--2
1.2.3
1.2.3
1e+
1e+
1e+
+
000.e
000.e
000.e
abc
--2
--2
1ee2
++1
+
0e
1.2.3
++1
1.2.3
1e-
1e+
1e-
1.2.3
1.2.3
1e+
1.2.3
0e
000.e
+
--2
e10
1e-
0e
000.e
1e+
.
1.2.3
000.e
0e
000.e
1.2.3
.
000.e
-
++1
1.2.3
--2
+
1e+
1.2.3
--2
1ee2
000.e
1e-
++1
+
++1
-
1e+
000.e
1.2.3
1e+
e10
.
0e
1e-
--2
+
++1
1.2.3
000.e
-
1.2.3
-
+
e10
-
0e
1e
1ee2
1e+
1e+
0e
1e+
+
-
++1
000.e
000.e
+
0e
-
e10
.
0e
--2
+
000.e
++1
1e+
.
1ee2
1e+
e10
1e
.
0e
1.2.3
-
1e+
abc
.
-
.
0e
e10
.
e10
1.2.3
1e-
e10
1e+
-
-
+
abc
-
++1
0e
1.2.3
1.2.3
000.e
+
000.e
++1
e10
1e+
++1
-
1ee2
1e-
++1
1.2.3
1e+
1e+
abc
1.2.3
000.e
e10
--2
1.2.3
0e
.
.
abc
.
0e
1.2.3
0e
1e-
.
1ee2
0e
.
0e
0e
.
abc
000.e
-
-
1e-
-
-
.
-
1ee2
0e
-
1e+
-
0e
-
e10
1ee2
abc
.
abc
1e+
1e
0e
++1
++1
abc
1ee2
abc
++1
1e
1e+
1ee2
1ee2
1e+
+
+
-
.
1e
0e
1.2.3
1e+
abc
000.e
abc
000.e
1e-
0e
1.2.3
--2
1ee2
1ee2
abc
1e+
--2
--2
1e
1.2.3
+
-
1ee2
1e
-
1ee2
1e
-
1.2.3
.
e10
1e-
0e
+
1ee2
1e
000.e
.
-
-
1e-
1e+
++1
1e-
1ee2
-
1e-
-
+
-
--2
+
.
abc
0e
++1
1e
1e+
+
1e-
1.2.3
000.e
1e-
+
0e
1ee2
e10
1.2.3
+
.
-
1ee2
000.e
.
++1
abc
1ee2
+
000.e
-
1ee2
0e
1e+
1ee2
000.e
++1
1e
-
0e
1e+
.
e10
--2
000.e
1e+
e10
1ee2
1e
--2
0e
++1
1e-
0e
0e
000.e
-
1.2.3
1e+
--2
0e
0e
.
e10
1.2.3
1.2.3
.
abc
1e
+
+
.
-
.
abc
000.e
1ee2
-
abc
abc
1e
1e
0e
--2
0e
1.2.3
-
-
+
e10
--2
1e
.
+
+
1e-
-
1e-
abc
.
1ee2
000.e
1e
.
+
000.e
-
1ee2
-
++1
e10
--2
1e+
--2
.
+
1e
1e+
1.2.3
0e
1e+
e10
abc
.
1e+
-
1e
.
+
+
1e+
0e
1e
1.2.3
1e-
000.e
+
1.2.3
1ee2
1e+
0e
--2
e10
0e
--2
++1
1e
abc
--2
1e
e10
1ee2
000.e
0e
000.e
.
e10
.
.
1e+
-
1ee2
--2
000.e
1.2.3
.
e10
1e
0e
abc
1e+
++1
e10
++1
1e
.
abc
1.2.3
-
1e+
-
+
1ee2
1e
+
1e
++1
++1
e10
.
e10
-
1.2.3
1.2.3
abc
--2
1ee2
--2
abc
-
1ee2
000.e
++1
000.e
000.e
1e+
++1
-
--2
--2
1.2.3
++1
1ee2
--2
-
abc
1ee2
+
1e+
000.e
0e
1e-
+
--2
0e
.
+
1e-
++1
1e
.
--2
++1
1e-
1.2.3
1e-
0e
0e
+
000.e
0e
1e
abc
e10
000.e
000.e
1.2.3
-
000.e
--2
0e
++1
++1
1ee2
++1
abc
000.e
+
000.e
+
1e-
++1
1e-
.
abc
1e+
--2
1e+
1e-
1e+
000.e
1ee2
000.e
1e
1ee2
000.e
-
.
1ee2
++1
e10
1e
1e-
e10
1e-
e10
1e
+
1ee2
--2
000.e
.
000.e
1e-
abc
1.2.3
.
0e
1.2.3
1e+
000.e
+
-
++1
+
1.2.3
1e-
--2
1ee2
1.2.3
++1
e10
1e-
.
++1
abc
1e-
1e+
0e
1e
000.e
1e
--2
+
--2
e10
1e
abc
e10
.
1e
e10
1ee2
1e
000.e
abc
1e+
0e
1.2.3
e10
++1
-
abc
++1
++1
1.2.3
1.2.3
++1
1e
1e-
1ee2
1.2.3
e10
0e
1ee2
1e
++1
0e
abc
000.e
++1
1e-
+
0e
1e
000.e
abc
.
1.2.3
1ee2
e10
1ee2
+
0e
--2
.
--2
-
1e
+
+
+
1e+
1e-
++1
-
1.2.3
.
-
e10
--2
0e
.
e10
1e+
1e-
1e+
-
.
1e
+
1.2.3
1e+
000.e
1e-
1e-
--2
000.e
1e
1.2.3
1.2.3
.
-
1e+
1e
--2
--2
e10
1.2.3
0e
1e
0e
000.e
1e-
0e
--2
1.2.3
1e+
1ee2
0e
+
000.e
1e+
1e+
++1
1.2.3
.
0e
1ee2
1ee2
1e-
1ee2
+
0e
+
-
1.2.3
000.e
1e
000.e
0e
--2
1.2.3
0e
1e
000.e
1ee2
1ee2
1e
++1
1e+
0e
1e
--2
e10
1e
++1
.
-
--2
+
1e-
1e+
1e
1e-
--2
1e+
1ee2
1e+
1e-
1e-
++1
-
1e-
e10
1e+
--2
1e+
000.e
1e+
1.2.3
0e
.
--2
1e-
-
1ee2
1.2.3
++1
++1
++1
1e
1e+
++1
.
abc
--2
e10
.
++1
000.e
-
1ee2
+
1e
--2
-
000.e
0e
.
1e
000.e
000.e
1ee2
.
-
0e
+
abc
000.e
000.e
.
++1
000.e
000.e
1.2.3
1ee2
+
0e
abc
++1
++1
abc
0e
0e
++1
000.e
--2
+
000.e
1e-
-
1ee2
1e-
0e
-
+
abc
abc
.
000.e
e10
+
1.2.3
++1
+
++1
0e
-
abc
.
--2
1ee2
abc
1.2.3
1ee2
1e+
++1
1e-
1.2.3
1.2.3
0e
0e
1.2.3
.
1e+
1ee2
1e+
1e-
1.2.3
+
abc
.
.
abc
abc
++1
1ee2
--2
.
-
0e
1e-
1ee2
--2
--2
1e+
+
1.2.3
.
.
0e
abc
1e-
e10
abc
1ee2
abc
1.2.3
0e
--2
000.e
++1
1e+
--2
.
--2
-
1e-
1e-
.
000.e
1e
+
++1
1.2.3
+
1.2.3
1.2.3
+
000.e
1.2.3
e10
0e
1.2.3
++1
1e+
e10
1.2.3
1ee2
1e-
1ee2
1ee2
1.2.3
--2
1e+
1e-
.
1.2.3
1e-
abc
e10
-
+
abc
000.e
+
abc
--2
1e+
1.2.3
.
000.e
1ee2
+
-
000.e
0e
e10
1e-
+
1.2.3
++1
1e-
000.e
-
0e
++1
-
1e
000.e
e10
--2
e10
1ee2
.
000.e
++1
e10
abc
++1
+
e10
1e-
000.e
1e+
1e-
1e+
1e-
1ee2
.
--2
0e
1e+
++1
+
--2
e10
1.2.3
1e+
1e-
abc
.
--2
-
--2
1.2.3
1e
+
++1
--2
1ee2
1ee2
+
.
++1
-
1ee2
-
.
++1
+
--2
.
+
abc
1e-
0e
1e+
000.e
1e-
1.2.3
.
0e
--2
1e-
0e
++1
abc
--2
1e-
e10
1ee2
1e+
e10
000.e
1e+
1ee2
+
1e
1e-
+
+
abc
000.e
1.2.3
--2
000.e
--2
000.e
1e-
1e+
1ee2
+
abc
-
1e
000.e
e10
+
e10
--2
1e
1e+
e10
000.e
e10
1e
--2
1e
1e+
+
1e+
e10
--2
1e-
000.e
1ee2
+
0e
e10
1e+
000.e
0e
-
abc
++1
1ee2
++1
1e-
000.e
+
1e
+
0e
1e+
000.e
0e
1e
000.e
0e
--2
-
+
e10
--2
+
--2
000.e
.
-
1e+
1ee2
-
-
e10
1e-
1ee2
1e+
1.2.3
1e+
--2
1e-
e10
000.e
++1
.
1e-
1e
+
0e
1.2.3
000.e
.
-
--2
0e
.
abc
1e+
abc
abc
abc
1e
000.e
e10
0e
.
--2
1e
1e
++1
1e-
abc
1e-
e10
1.2.3
1.2.3
-
-
+
abc
+
1e-
--2
1e-
1e+
0e
1e
-
-
abc
.
-
++1
e10
e10
1e+
000.e
1ee2
.
abc
1e-
1e+
1e-
1ee2
--2
1e+
1e
.
0e
+
+
0e
1e-
e10
0e
-
0e
0e
1e+
0e
1.2.3
1ee2
1e-
.
1e
000.e
0e
++1
0e
-
-
1ee2
.
e10
abc
0e
abc
0e
1e-
e10
--2
1e+
1e
abc
1e+
1e
000.e
000.e
e10
1e+
1e
1e-
1e
1ee2
abc
++1
.
1ee2
000.e
e10
000.e
e10
1e+
abc
1.2.3
1e
--2
1e+
1e
1.2.3
-
.
1e+
abc
000.e
1.2.3
1e-
e10
1e-
-
1.2.3
+
0e
+
-
-
1.2.3
--2
1e-
000.e
1e
-
--2
1.2.3
1.2.3
1.2.3
+
--2
1.2.3
1e+
1ee2
.
000.e
e10
0e
++1
-
000.e
e10
+
abc
-
-
-
-
0e
-
0e
1e+
0e
abc
1e-
.
++1
-
e10
.
-
.
1.2.3
+
.
1e
+
abc
--2
1e-
000.e
1ee2
1e+
1ee2
++1
1.2.3
1.2.3
.
.
0e
0e
++1
.
++1
1e+
abc
1e+
1e+
1e-
-
--2
1e+
1e+
e10
--2
.
0e
e10
1e
0e
.
-
+
1e+
0e
0e
++1
1e-
-
1e
1.2.3
1ee2
1.2.3
.
1e-
abc
--2
1ee2
.
1ee2
1e-
.
+
1ee2
1e
.
abc
1e+
1e
1e
abc
1e-
1e+
+
1e
1e-
0e
+
1ee2
1e-
-
1e-
-
1e
1e+
1e
1e
e10
0e
-
-
0e
abc
1e+
--2
++1
abc
1ee2
1e+
1ee2
0e
+
1ee2
1e
1e
--2
+
000.e
-
1ee2
0e
1e+
.
++1
++1
e10
++1
--2
1e
.
0e
.
--2
abc
0e
1e
1.2.3
++1
1ee2
-
+
e10
1ee2
1ee2
1e
.
1e
++1
++1
1e-
1e+
1ee2
0e
1e-
0e
1.2.3
--2
.
-
--2
abc
++1
-
1ee2
++1
--2
-
1.2.3
.
0e
1ee2
1e-
-
abc
000.e
1e
+
e10
1ee2
+
1e
1e+
1.2.3
e10
+
.
0e
--2
e10
+
1.2.3
.
++1
--2
.
0e
--2
+
1.2.3
1e
1ee2
1e-
000.e
1.2.3
.
1ee2
abc
--2
1e-
1e-
1e-
0e
0e
--2
1ee2
1.2.3
000.e
-
-
e10
1e
e10
+
1e+
1ee2
1ee2
--2
abc
abc
1ee2
++1
--2
000.e
e10
1e
1e+
.
++1
1.2.3
000.e
1e+
1e
abc
.
1e-
+
000.e
000.e
abc
1e+
1e+
++1
abc
++1
0e
1e
1e-
1ee2
1e+
0e
abc
1e-
++1
abc
-
1e-
+
abc
--2
e10
000.e
.
+
1e-
1e+
000.e
.
++1
1e-
1e-
1e
+
-
000.e
1ee2
1e
1e-
++1
000.e
000.e
e10
000.e
++1
+
0e
e10
1.2.3
abc
1e
+
1e+
1e-
1e+
1.2.3
1.2.3
1e
1e+
000.e
1e-
1e-
abc
--2
+
1.2.3
1e
1e-
1e-
0e
1e-
1e-
1e+
000.e
1e-
.
++1
1e+
000.e
1.2.3
1e-
1.2.3
1e-
.
0e
--2
000.e
--2
1e-
+
0e
+
1ee2
-
abc
0e
-
+
e10
1e
000.e
abc
1e-
1ee2
-
-
1e+
-
0e
.
+
e10
--2
000.e
1e-
1ee2
000.e
1e-
1e
000.e
+
++1
+
++1
++1
--2
--2
1e
1e-
.
1e-
+
1e
1e
+
-
1ee2
+
1e-
000.e
e10
0e
1.2.3
0e
1ee2
e10
+
1e+
--2
.
1e+
1e-
abc
1e+
abc
+
--2
000.e
0e
0e
1e
1ee2
1e
1e+
0e
abc
1.2.3
1e-
000.e
1e-
1e
-
.
+
1e-
abc
--2
.
1e
1ee2
+
.
000.e
++1
1.2.3
1e
000.e
000.e
000.e
++1
1e-
000.e
000.e
0e
-
--2
abc
e10
1e-
--2
1e
1e+
1e+
1ee2
1e-
0e
1ee2
1e-
--2
000.e
1e+
-
.
1e+
1ee2
+
1ee2
1e+
1.2.3
++1
++1
0e
1e+
0e
.
000.e
++1
+
1e+
e10
000.e
0e
.
--2
e10
0e
++1
e10
+
++1
1e
1.2.3
+
1e-
1.2.3
e10
e10
++1
1e-
++1
1.2.3
1e+
-
1e+
abc
+
1ee2
1.2.3
abc
--2
0e
1e+
1ee2
1e-
1e
000.e
.
abc
e10
.
1.2.3
--2
.
1e-
0e
000.e
++1
1e+
.
.
+
abc
--2
1ee2
1.2.3
--2
1e
--2
1e+
-
+
.
.
000.e
.
1.2.3
-
1e-
000.e
-
1.2.3
++1
0e
1e
.
+
e10
000.e
+
-
1e+
-
1.2.3
1e-
1ee2
0e
e10
1e+
e10
.
0e
-
e10
1e-
1.2.3
000.e
1e+
+
0e
-
.
--2
++1
1ee2
++1
e10
000.e
1e-
--2
0e
++1
1e+
abc
--2
000.e
abc
e10
+
000.e
++1
-
1.2.3
1.2.3
-
1ee2
e10
1.2.3
abc
-
1ee2
.
1.2.3
0e
abc
1e-
1e+
.
-
1ee2
-
--2
--2
1.2.3
--2
-
0e
-
0e
--2
1e
1e
++1
0e
--2
+
1e-
++1
abc
1ee2
+
000.e
000.e
++1
1.2.3
++1
-
+
--2
e10
000.e
-
--2
++1
1e+
-
1.2.3
1e-
--2
--2
1e-
--2
.
.
1e-
0e
e10
--2
++1
1e
-
--2
++1
1e-
+
1e
.
0e
-
--2
1e-
1ee2
+
++1
e10
1e-
1e+
+
0e
++1
1.2.3
0e
abc
1.2.3
1.2.3
1e+
--2
abc
.
--2
++1
1e+
--2
1e+
1e
1e-
000.e
1e-
000.e
e10
e10
++1
++1
++1
1.2.3
abc
1ee2
1ee2
++1
++1
-
1ee2
1e+
000.e
0e
e10
000.e
0e
1e+
1ee2
.
e10
1e+
1ee2
+
.
1e
1ee2
--2
abc
1.2.3
-
++1
abc
abc
++1
1e-
0e
1e-
1e+
1e-
1ee2
1e
1e-
e10
000.e
1e-
0e
abc
0e
e10
-
1ee2
000.e
-
0e
1e+
++1
+
1e
e10
1.2.3
--2
1e
1ee2
1e
+
0e
000.e
1e-
.
1e-
1ee2
1e
+
.
--2
.
.
.
1e-
-
abc
1.2.3
1e-
-
000.e
+
abc
--2
--2
++1
abc
1ee2
000.e
--2
0e
+
1e
0e
000.e
1e+
1e-
+
++1
1.2.3
0e
1e-
1ee2
1e
000.e
1e
+
1e+
-
1e-
e10
1e+
.
abc
++1
0e
abc
--2
1e+
1e
.
abc
e10
++1
++1
e10
+
1e-
1e
1.2.3
1ee2
abc
1e
000.e
1e+
1ee2
000.e
+
1e-
1ee2
1ee2
.
.
1e+
1e-
--2
1ee2
1e+
-
1e
+
.
+
0e
e10
++1
1ee2
1e-
+
1.2.3
abc
+
+
abc
1e
1e+
1ee2
--2
1e
.
++1
-
1.2.3
1e-
.
abc
1e
abc
0e
e10
-
--2
1e+
+
-
0e
1e+
abc
.
++1
+
000.e
.
1e-
1e
1e+
abc
1e-
1.2.3
1e-
1e+
1.2.3
++1
+
--2
1e
-
.
--2
1ee2
1e
abc
000.e
1e-
1e
-
0e
0e
1e
-
-
-
1ee2
1e+
--2
++1
1.2.3
1ee2
--2
.
1e
+
1e
1e
-
1.2.3
0e
.
-
e10
000.e
abc
.
1.2.3
1ee2
1e+
-
+
1e
--2
1ee2
++1
1ee2
++1
1e-
e10
-
1ee2
1e+
--2
1e+
+
-
++1
-
.
e10
1ee2
e10
--2
-
+
0e
+
000.e
--2
.
abc
--2
1e
1e
+
1.2.3
++1
++1
-
1e
abc
1.2.3
abc
0e
1e
++1
1.2.3
1e+
e10
abc
-
0e
1e+
1ee2
+
-
++1
1e
++1
.
000.e
e10
1e+
--2
++1
.
abc
1e-
000.e
1e+
.
-
0e
0e
1e
.
.
000.e
e10
1e
1.2.3
0e
++1
--2
1e-
1e+
1e+
++1
1e+
1ee2
000.e
000.e
000.e
.
1e
abc
-
1e+
-
1e
abc
1e+
+
e10
abc
1e-
1ee2
000.e
abc
1e-
1e-
--2
e10
e10
000.e
abc
abc
1e-
abc
1.2.3
-
000.e
abc
1ee2
0e
1ee2
1ee2
+
0e
1e-
000.e
.
++1
--2
--2
000.e
++1
1e
1e+
1e+
abc
--2
1ee2
e10
000.e
--2
e10
0e
1e+
.
.
0e
+
--2
1e-
e10
e10
1e-
-
1e+
abc
1e
-
e10
-
1e-
-
1e
1ee2
abc
++1
++1
-
abc
--2
1e+
e10
1e+
e10
--2
1.2.3
1e-
e10
1e
1e
.
1e+
1e
e10
+
.
0e
e10
abc
e10
--2
1e-
abc
1e+
1.2.3
+
+
1.2.3
.
1e
1e-
--2
000.e
1e
000.e
e10
1e-
1e+
000.e
1ee2
--2
1ee2
-
000.e
e10
.
.
1.2.3
1e-
.
--2
1ee2
1e-
abc
000.e
-
abc
+
++1
1e
e10
000.e
1ee2
+
e10
0e
e10
abc
+
000.e
1e+
0e
1.2.3
000.e
1e-
1e-
--2
--2
++1
++1
1.2.3
000.e
1e
1e-
abc
1e+
1.2.3
1e
e10
abc
--2
1e
1e+
1e+
1e-
--2
--2
0e
1.2.3
++1
+
0e
1.2.3
--2
1e+
1ee2
1e
e10
abc
-
e10
abc
-
1e
--2
abc
.
abc
--2
1e-
abc
+
1ee2
0e
1e-
1ee2
.
1e+
e10
1.2.3
1.2.3
.
0e
++1
000.e
1ee2
0e
++1
abc
000.e
1ee2
0e
000.e
1e-
.
e10
1.2.3
-
.
--2
0e
-
abc
+
1e
000.e
-
000.e
++1
abc
000.e
abc
-
.
++1
-
1e
000.e
--2
0e
1ee2
++1
0e
1.2.3
000.e
0e
1.2.3
1.2.3
1e
+
-
e10
1ee2
++1
1e+
0e
1e-
abc
+
1e-
+
1e+
+
.
1.2.3
1.2.3
1e+
000.e
1e+
000.e
0e
-
+
1e
.
1e+
1ee2
1e+
--2
e10
.
++1
0e
-
.
+
.
e10
--2
--2
1e+
1.2.3
1e+
1ee2
1.2.3
1.2.3
0e
e10
--2
-
1.2.3
abc
1.2.3
1e-
1e-
1.2.3
1e
-
--2
0e
abc
0e
.
000.e
++1
1e
e10
--2
0e
abc
0e
1e
.
1.2.3
--2
++1
1e
--2
++1
1.2.3
e10
--2
abc
1e-
1e
1e-
1.2.3
1.2.3
0e
-
.
-
1e-
1e-
1e
.
--2
+
1e
--2
++1
+
1e-
1.2.3
000.e
1ee2
+
e10
-
1e+
1ee2
.
0e
0e
1e-
1e+
1.2.3
e10
--2
.
+
1e+
1ee2
000.e
1e-
-
--2
1ee2
1e+
.
1ee2
0e
000.e
000.e
1e-
1.2.3
0e
1e+
1e-
-
+
++1
1.2.3
1e+
000.e
0e
--2
1ee2
+
abc
+
.
+
000.e
1.2.3
abc
1.2.3
.
e10
+
000.e
e10
.
1ee2
1ee2
1ee2
--2
1ee2
e10
e10
1ee2
.
1e
+
e10
.
+
+
1e-
e10
1e
+
-
e10
--2
+
1e+
abc
+
0e
1e-
1e+
abc
--2
abc
0e
0e
++1
-
000.e
000.e
++1
abc
--2
+
abc
abc
-
.
.
-
--2
-
1.2.3
1e
e10
--2
++1
--2
1e+
000.e
.
1e-
-
e10
--2
1e+
1.2.3
1ee2
1e
1e-
++1
.
e10
--2
1e
000.e
--2
.
1e
abc
-
1ee2
000.e
.
e10
1.2.3
000.e
-
++1
1.2.3
abc
1e-
e10
abc
1e-
000.e
1.2.3
1e
0e
1e+
-
000.e
e10
1.2.3
000.e
000.e
1.2.3
abc
abc
0e
1.2.3
+
1.2.3
1e-
0e
+
1ee2
++1
.
+
1e
1e-
1ee2
++1
++1
.
1e+
++1
+
000.e
1e+
++1
abc
0e
1e-
1ee2
.
-
+
abc
++1
1e+
1e-
++1
1e-
-
1e+
++1
.
+
--2
000.e
000.e
1e+
-
1e-
.
++1
abc
000.e
.
.
+
1ee2
000.e
1ee2
000.e
.
.
0e
+
1e-
.
.
e10
000.e
+
1.2.3
e10
-
1e
-
1e+
0e
-
1.2.3
--2
e10
1e+
1e
1e-
1e-
1e
-
1e
.
abc
1e-
1.2.3
1e
++1
1e
.
abc
abc
1e-
-
--2
++1
000.e
1e-
1.2.3
1e+
1e-
1e+
.
--2
.
0e
1e
-
-
.
-
-
1ee2
1e+
--2
++1
0e
++1
0e
++1
--2
e10
++1
++1
--2
0e
1ee2
-
1.2.3
0e
++1
0e
abc
e10
1e
abc
1e
1e-
+
--2
+
-
1e
-
1e-
abc
1e+
0e
1e
++1
1e
.
1e
000.e
000.e
--2
e10
1.2.3
1e
.
1e+
e10
0e
1e+
abc
-
0e
--2
+
1e
.
1e-
1e
1e+
+
--2
++1
+
000.e
abc
1e-
abc
-
+
--2
abc
++1
000.e
-
0e
1ee2
abc
1e-
++1
-
+
.
.
e10
1ee2
1e+
000.e
-
1ee2
.
1e+
1e+
1e-
e10
1ee2
--2
1.2.3
1e
1e+
++1
1.2.3
--2
1e-
0e
--2
e10
.
--2
000.e
1e
.
++1
e10
abc
1e-
1ee2
000.e
1e-
0e
000.e
--2
abc
1e+
--2
000.e
++1
e10
1e
abc
000.e
.
e10
1e+
1ee2
.
--2
--2
--2
1e+
--2
1ee2
1e-
-
1e-
0e
1e+
000.e
1ee2
-
0e
1ee2
++1
1.2.3
000.e
1ee2
1.2.3
abc
1.2.3
1e
1e+
1e-
0e
1.2.3
++1
1e-
e10
1.2.3
1.2.3
000.e
e10
1ee2
0e
+
e10
1ee2
e10
1e
.
--2
1e+
1.2.3
abc
1.2.3
+
-
000.e
++1
--2
1e
1.2.3
1ee2
--2
1ee2
-
e10
e10
++1
1.2.3
1ee2
+
0e
1ee2
1e-
1e-
1e
+
e10
1.2.3
1e-
1ee2
0e
abc
abc
0e
e10
--2
1.2.3
--2
.
+
0e
000.e
++1
+
++1
--2
1e-
+
1e+
.
1e+
000.e
1ee2
--2
.
000.e
000.e
abc
+
++1
1.2.3
+
1ee2
.
.
++1
-
++1
e10
1e-
.
000.e
1e
++1
1ee2
-
1.2.3
0e
1.2.3
1ee2
0e
000.e
++1
+
--2
0e
1e-
e10
1e
1.2.3
1ee2
1ee2
abc
1e
0e
0e
0e
-
1e
1.2.3
1ee2
abc
.
000.e
000.e
-
1e
e10
1e-
1ee2
+
--2
1e-
000.e
1.2.3
.
+
000.e
-
1e+
000.e
abc
1e
++1
.
1.2.3
abc
++1
--2
+
0e
0e
1ee2
++1
abc
--2
--2
000.e
1ee2
1ee2
1ee2
++1
0e
1.2.3
e10
-
0e
-
0e
+
abc
1e+
.
1ee2
1e-
+
000.e
--2
--2
1e+
++1
.
1e
1e+
abc
1e-
+
1e+
abc
++1
1e
1ee2
0e
0e
e10
++1
++1
+
000.e
1ee2
1.2.3
0e
--2
.
-
0e
++1
1e
++1
--2
abc
--2
-
--2
-
--2
0e
abc
1e+
-
+
+
0e
e10
abc
1e-
0e
e10
abc
0e
--2
++1
++1
.
e10
1e-
++1
e10
e10
-
1e-
++1
1e
000.e
-
abc
1e+
++1
--2
1.2.3
+
1.2.3
e10
abc
000.e
e10
0e
1e+
e10
e10
+
1e
-
--2
++1
000.e
++1
1e
.
000.e
-
-
1e
.
1ee2
+
e10
1e
-
++1
+
--2
1e
.
1e-
1e+
.
0e
1e-
1e
e10
1ee2
1e-
++1
1ee2
+
.
1e+
000.e
000.e
--2
0e
1.2.3
-
1.2.3
000.e
1e-
000.e
0e
abc
.
++1
1e+
1ee2
1.2.3
1e-
e10
--2
-
++1
++1
1e
1e+
--2
0e
1.2.3
+
000.e
.
abc
++1
1ee2
000.e
1e+
++1
++1
abc
0e
abc
1e+
1e
1e-
1e
1ee2
1.2.3
.
1ee2
1e
++1
1.2.3
0e
+
1e
1e-
1.2.3
0e
1e-
1e+
1e-
1e-
000.e
-
0e
0e
1.2.3
0e
-
abc
1e+
++1
e10
++1
-
e10
1e
abc
1ee2
1e-
1e-
1e-
1e+
1e+
--2
000.e
e10
+
1e+
1.2.3
-
--2
abc
--2
.
1e
1e+
000.e
1e+
--2
++1
000.e
+
0e
1.2.3
0e
1ee2
e10
abc
e10
1e+
1e
++1
e10
--2
+
1e-
-
1e
+
1e-
.
1e-
1ee2
.
1ee2
1.2.3
++1
000.e
1ee2
0e
--2
0e
1ee2
e10
000.e
abc
1.2.3
1ee2
1.2.3
0e
+
.
--2
e10
.
e10
+
0e
1ee2
e10
abc
+
1.2.3
+
0e
++1
+
0e
0e
1e+
--2
+
000.e
1e-
.
1.2.3
.
+
1e+
1.2.3
1e-
1e+
abc
1.2.3
-
0e
1e
abc
.
1.2.3
1.2.3
.
1e
1e-
++1
abc
-
.
e10
1ee2
-
0e
000.e
000.e
1e
abc
1e
++1
e10
1.2.3
1ee2
1e+
.
1ee2
--2
000.e
--2
++1
1e-
1e
++1
-
1ee2
1ee2
000.e
--2
++1
000.e
abc
e10
1e-
.
+
0e
000.e
abc
++1
-
e10
++1
--2
1e-
1.2.3
1e
e10
1e+
-
1e
--2
abc
0e
e10
1e-
-
-
++1
-
--2
++1
000.e
1.2.3
.
0e
-
0e
0e
abc
++1
.
1ee2
0e
abc
--2
1e
1.2.3
1e
1e-
1ee2
--2
+
abc
--2
1e-
0e
1ee2
1.2.3
.
000.e
-
abc
1e+
+
--2
+
e10
000.e
-
++1
1e+
1.2.3
1ee2
1e+
--2
1ee2
1e
1e-
0e
1ee2
e10
+
1e+
0e
--2
--2
1.2.3
1e+
0e
.
1ee2
-
1.2.3
000.e
++1
0e
++1
1e+
.
--2
000.e
e10
0e
-
abc
1ee2
1e
.
+
1e
abc
++1
1e-
e10
0e
e10
.
0e
1e
+
.
1e
1e-
-
000.e
0e
abc
-
.
abc
1e-
1e
1.2.3
--2
1.2.3
abc
abc
1e+
abc
1e
1.2.3
+
--2
000.e
000.e
1ee2
1ee2
1ee2
1e+
+
1e+
+
1e+
-
1e
1e-
.
--2
1e
+
--2
000.e
e10
1ee2
1ee2
1e-
1e
--2
000.e
--2
abc
1e
1e
-
1ee2
0e
000.e
+
0e
-
1e+
-
++1
1.2.3
-
+
1.2.3
-
.
1e
1.2.3
++1
abc
000.e
000.e
e10
.
000.e
+
.
abc
1e+
++1
+
1e
1ee2
1e+
-
-
1ee2
e10
e10
1e+
++1
0e
abc
++1
--2
e10
1e+
++1
e10
+
e10
e10
-
--2
-
-
000.e
+
.
+
+
000.e
.
000.e
1e
.
1.2.3
-
abc
1e+
e10
0e
abc
1.2.3
++1
++1
1e+
-
1ee2
000.e
000.e
+
.
+
1e+
.
1ee2
+
1e-
+
--2
.
000.e
000.e
.
0e
1e+
.
000.e
1ee2
e10
--2
e10
+
1e
abc
1e+
1.2.3
1e
e10
++1
1e-
1e-
1.2.3
1ee2
e10
+
abc
1e
1e-
1e
1.2.3
e10
1ee2
++1
--2
0e
000.e
1ee2
1e+
e10
1e
1e+
--2
1.2.3
1ee2
++1
.
.
abc
--2
.
1.2.3
1.2.3
-
.
+
1e-
000.e
--2
-
.
+
+
0e
+
0e
1e+
e10
1ee2
-
+
+
1ee2
000.e
000.e
000.e
0e
1e
1ee2
1e
1ee2
0e
-
e10
0e
1e+
1e+
1e-
000.e
.
--2
--2
0e
.
1.2.3
0e
-
1e+
000.e
1ee2
0e
1e
.
1e+
1e
1e+
abc
0e
1e-
+
1e-
++1
++1
1e
1ee2
--2
0e
--2
.
-
1e
abc
e10
+
-
0e
0e
++1
--2
1e+
abc
1e+
1ee2
e10
+
abc
1ee2
0e
.
abc
-
-
1e
0e
1ee2
0e
1e-
.
000.e
1ee2
e10
0e
abc
abc
1e+
1e+
1e
0e
e10
abc
e10
0e
abc
++1
+
e10
0e
1ee2
000.e
1.2.3
0e
1e+
+
++1
1e+
1e
1e+
-
-
1e-
1.2.3
.
000.e
1e+
e10
--2
e10
abc
1.2.3
.
1e-
-
-
1ee2
.
-
abc
-
++1
1e+
1ee2
--2
000.e
e10
e10
1ee2
1e
1e
.
1e
.
1e-
1e
+
1e
000.e
+
1.2.3
-
1ee2
1e+
e10
1ee2
1.2.3
-
--2
0e
1e-
1e+
e10
e10
1.2.3
1e
+
000.e
1e-
000.e
0e
+
.
e10
++1
abc
1e+
000.e
0e
++1
e10
1e
e10
000.e
1e+
++1
1e+
0e
e10
e10
1e+
1e-
000.e
1e-
-
e10
--2
-
-
-
e10
1ee2
abc
1.2.3
+
e10
++1
0e
1ee2
+
-
1e+
1e-
-
1.2.3
1e
000.e
1e-
abc
1e-
abc
+
0e
1e
--2
1e+
1e+
++1
abc
0e
++1
000.e
++1
--2
+
1e+
000.e
1e+
--2
--2
+
++1
1.2.3
.
+
1.2.3
000.e
abc
abc
--2
1e-
1e-
000.e
-
1.2.3
+
++1
abc
0e
abc
abc
000.e
.
.
++1
1e+
000.e
+
--2
abc
++1
+
0e
-
1e
.
1e+
1e
abc
.
0e
++1
--2
e10
abc
-
1ee2
1.2.3
1ee2
1.2.3
0e
.
1e+
++1
e10
-
1.2.3
++1
e10
-
e10
-
1e
1e
1e+
.
+
++1
000.e
abc
++1
1ee2
000.e
+
1.2.3
+
1ee2
1e-
1e
0e
1e+
e10
+
+
e10
--2
1ee2
1e+
++1
.
-
1e+
1ee2
1e
1ee2
abc
1.2.3
1e+
+
e10
.
1ee2
000.e
0e
++1
-
000.e
e10
--2
000.e
1e
abc
++1
000.e
1.2.3
-
e10
--2
0e
.
1e
1ee2
.
-
--2
1.2.3
--2
0e
e10
0e
000.e
000.e
++1
1.2.3
1e-
+
1e+
++1
--2
1.2.3
++1
.
1.2.3
--2
1e-
1e+
1e
+
abc
1e+
abc
1.2.3
1e-
+
--2
1e-
-
--2
abc
0e
1e+
--2
abc
1ee2
1.2.3
000.e
.
--2
1e-
e10
.
+
1e+
.
--2
0e
abc
--2
1ee2
e10
1ee2
1ee2
1e
0e
--2
1e
.
000.e
000.e
000.e
+
1e
.
++1
000.e
e10
.
0e
1e
1e+
1ee2
1ee2
-
.
000.e
+
--2
1e-
0e
1.2.3
--2
+
e10
--2
++1
1ee2
.
.
1.2.3
1ee2
1e-
1ee2
0e
abc
-
1ee2
1e+
abc
1e
e10
1e+
1e+
++1
1ee2
0e
++1
1e+
1.2.3
1e+
1e+
0e
.
1e+
.
1e+
++1
1e-
++1
abc
000.e
-
1e-
1e+
-
1e
0e
-
+
+
1ee2
.
e10
-
++1
+
+
1e-
1ee2
000.e
abc
e10
--2
1e
.
000.e
1e+
1e
e10
1ee2
1e-
1e-
1e+
1ee2
1e+
0e
-
e10
-
-
1ee2
1.2.3
1e
1e
1.2.3
1e-
1e+
++1
1ee2
--2
1.2.3
--2
abc
+
1ee2
--2
.
abc
e10
-
1e
.
--2
abc
+
0e
abc
-
0e
--2
1.2.3
--2
000.e
1e
+
+
e10
1e
++1
e10
abc
abc
+
-
1ee2
++1
1e-
1.2.3
000.e
0e
++1
1e+
-
++1
--2
abc
1ee2
1e-
1e+
0e
1.2.3
1.2.3
1e+
1e+
-
1ee2
++1
--2
1e
e10
abc
--2
e10
1e+
000.e
000.e
1e-
000.e
-
1e-
1e
--2
1ee2
1e+
-
++1
000.e
e10
1e-
-
1.2.3
e10
+
e10
.
0e
0e
1.2.3
1e+
1e+
000.e
000.e
-
.
++1
1ee2
.
.
0e
1.2.3
--2
0e
1e+
-
abc
abc
abc
++1
e10
1ee2
1e-
1e
e10
1.2.3
000.e
.
1e
e10
1ee2
abc
000.e
++1
.
--2
000.e
1e
1e-
1ee2
+
-
abc
000.e
--2
1e+
1e+
0e
1ee2
-
1e-
.
.
1e+
abc
0e
0e
1e
abc
1.2.3
1.2.3
abc
++1
1e
abc
abc
1ee2
1e
0e
-
+
1e+
e10
-
000.e
0e
1e-
e10
-
--2
1e-
1e
000.e
1e-
1.2.3
1e-
abc
+
abc
1e-
++1
1ee2
1e
1.2.3
1e
abc
1e-
.
++1
1e+
++1
--2
.
abc
--2
1e
+
0e
000.e
1ee2
000.e
e10
.
1e+
.
-
1e+
--2
0e
+
1.2.3
abc
0e
1ee2
e10
1e
.
1e
1.2.3
e10
1ee2
1e
-
0e
++1
-
000.e
1e-
0e
+
--2
+
e10
1e+
1e
1ee2
1ee2
0e
1.2.3
000.e
1e-
-
abc
+
000.e
1.2.3
+
+
+
1.2.3
0e
1e-
e10
e10
++1
.
-
1e
1ee2
++1
e10
-
abc
abc
e10
1e+
1e
--2
1e-
--2
++1
+
++1
1e
--2
e10
.
1e+
e10
--2
1.2.3
e10
1e+
1e-
+
0e
++1
.
1e-
e10
++1
.
0e
.
--2
000.e
abc
1e
1e+
1ee2
1e
.
.
-
-
1e
1e
000.e
000.e
1.2.3
e10
1e
1.2.3
.
e10
++1
000.e
--2
000.e
-
000.e
1e
1e-
1e+
1.2.3
+
++1
+
1e-
1ee2
1ee2
e10
1e
--2
--2
--2
1e-
1e-
1e+
abc
000.e
0e
1ee2
e10
1e-
e10
.
-
--2
1e
-
--2
abc
abc
1.2.3
e10
++1
--2
+
e10
1e
1.2.3
1e-
000.e
0e
e10
--2
0e
1ee2
abc
abc
-
.
abc
++1
1.2.3
1e-
--2
+
abc
1e-
abc
1e+
++1
1ee2
+
0e
1e-
--2
1e+
e10
000.e
--2
1ee2
++1
1.2.3
.
-
1e-
.
++1
1ee2
abc
-
1e+
e10
-
e10
++1
1e+
.
.
1e+
e10
000.e
+
e10
e10
.
1e
--2
000.e
1e
--2
++1
1e
++1
1.2.3
1ee2
-
1e-
e10
1e+
++1
1e+
-
e10
.
1e-
+
000.e
++1
e10
1.2.3
++1
0e
1ee2
e10
1e
.
+
-
+
000.e
1e
0e
1e+
1.2.3
.
1ee2
1e
1.2.3
1ee2
1e
+
000.e
e10
--2
++1
--2
1.2.3
000.e
1e+
1e
.
1ee2
+
1ee2
0e
1.2.3
1e+
.
abc
1e-
1e+
++1
+
e10
abc
-
e10
1e+
++1
--2
-
0e
++1
1e+
abc
+
++1
000.e
+
e10
1e
+
1ee2
e10
++1
1ee2
000.e
1e+
000.e
0e
1ee2
-
000.e
--2
.
1e
1e+
-
-
abc
--2
1ee2
e10
1ee2
++1
1e+
.
1ee2
1ee2
1e+
++1
+
1e-
1e-
++1
0e
--2
.
1e-
++1
1ee2
000.e
1ee2
--2
1.2.3
e10
++1
+
1ee2
1ee2
1e-
0e
+
+
0e
.
abc
abc
e10
+
1ee2
+
1.2.3
1e
e10
+
000.e
000.e
1e
abc
1e
1e+
1e-
.
++1
1.2.3
++1
e10
.
0e
0e
.
1e-
.
abc
1ee2
-
-
000.e
+
--2
1e+
1ee2
1e+
1ee2
0e
1e
abc
0e
abc
++1
-
0e
-
+
1e+
++1
000.e
1e
1e-
-
1ee2
1e
1.2.3
abc
1e+
1e+
1ee2
++1
1e-
e10
0e
1.2.3
1e
1.2.3
--2
1e+
+
-
e10
.
e10
.
000.e
1.2.3
1.2.3
-
1e
1e+
1ee2
1e-
+
0e
1e-
-
++1
1e+
000.e
1e-
-
000.e
abc
--2
1e+
1ee2
000.e
++1
000.e
000.e
++1
1e+
abc
1.2.3
.
1e
++1
.
abc
000.e
abc
1ee2
1e
0e
1ee2
1e-
1.2.3
000.e
1e
e10
1e
--2
1ee2
000.e
1.2.3
000.e
1e-
1e
-
1e+
1e-
e10
1e-
1e-
+
-
++1
abc
e10
+
0e
1.2.3
++1
0e
--2
+
1e
e10
++1
abc
1ee2
000.e
--2
-
1e-
000.e
e10
abc
1ee2
1e-
abc
1ee2
1.2.3
e10
--2
1e-
abc
+
0e
.
-
1e+
+
0e
1e+
abc
1e-
-
1e
1e
abc
abc
0e
0e
1.2.3
++1
000.e
000.e
1e
1e
abc
0e
1e
1.2.3
++1
1.2.3
++1
1e
abc
+
abc
e10
.
e10
abc
1e-
+
000.e
++1
++1
e10
0e
1e-
+
1e+
1ee2
abc
-
++1
1.2.3
+
++1
abc
000.e
++1
--2
1.2.3
--2
1e-
1e
000.e
0e
1e
-
--2
1ee2
1e+
+
.
000.e
--2
+
1.2.3
1.2.3
0e
000.e
0e
000.e
0e
000.e
1ee2
0e
1.2.3
e10
1e-
-
1.2.3
1e
0e
1ee2
+
--2
++1
1e-
abc
1ee2
1ee2
0e
1ee2
1ee2
-
--2
1.2.3
1ee2
0e
1e-
.
1e-
1e-
1e-
1e
.
1.2.3
000.e
e10
.
+
1e+
.
+
+
--2
1.2.3
1e+
.
1ee2
000.e
e10
0e
0e
1e-
+
+
1ee2
1e-
1e
abc
000.e
-
.
1e
1.2.3
000.e
.
-
+
--2
e10
abc
-
1.2.3
000.e
+
abc
abc
0e
1e
.
abc
-
1e+
1e+
0e
e10
0e
.
--2
--2
-
1e
1e+
+
.
1.2.3
000.e
1e+
-
1ee2
1ee2
1.2.3
1.2.3
.
1e-
e10
1e-
0e
.
--2
1e-
+
abc
1e-
1.2.3
.
++1
e10
000.e
abc
-
+
.
1.2.3
.
.
abc
1ee2
abc
1e
++1
.
+
000.e
+
e10
1e+
1.2.3
000.e
++1
e10
1ee2
1e+
1e-
e10
-
0e
e10
e10
1e+
1e
e10
1e+
.
.
1ee2
e10
1ee2
.
abc
1e+
e10
abc
1e+
1ee2
abc
-
--2
1ee2
--2
.
e10
+
abc
0e
1e-
1e+
1e-
--2
1.2.3
1ee2
+
1ee2
--2
+
.
1e
1ee2
1e+
1e-
abc
--2
+
000.e
-
000.e
--2
0e
1e
1e-
.
000.e
-
.
0e
1e
+
++1
.
abc
e10
1e+
e10
.
+
1e
-
0e
--2
1e+
+
1e-
1.2.3
abc
1e-
--2
e10
abc
1.2.3
++1
.
-
.
000.e
0e
++1
1ee2
1e
1.2.3
1e+
0e
1ee2
.
++1
0e
0e
000.e
1e
abc
1ee2
1.2.3
1e
1ee2
--2
+
1e-
abc
1e-
-
.
1.2.3
+
-
.
0e
++1
+
-
0e
000.e
1.2.3
000.e
--2
1e
1e-
abc
+
abc
1ee2
.
000.e
0e
1e-
1ee2
000.e
1e
1.2.3
1e
.
-
1ee2
--2
++1
000.e
--2
e10
.
e10
e10
1e
--2
e10
abc
1e-
.
-
+
+
e10
1ee2
0e
1e+
.
e10
000.e
1e
000.e
0e
0e
++1
++1
1e-
0e
0e
1ee2
--2
1ee2
1e-
e10
+
1.2.3
0e
abc
1ee2
e10
--2
1e-
1ee2
++1
abc
1ee2
+
1ee2
++1
abc
0e
1e-
abc
1e
1e
.
+
+
1e+
--2
1e-
-
++1
.
1e+
abc
000.e
1.2.3
abc
++1
1e+
1.2.3
+
abc
000.e
000.e
+
1.2.3
1ee2
1e
0e
+
1e+
e10
000.e
+
1ee2
abc
e10
1e-
1e-
1e-
1e
1e-
.
+
000.e
1ee2
++1
++1
1e
++1
1ee2
++1
1e
0e
000.e
e10
1ee2
++1
.
--2
1ee2
-
0e
0e
1e
1ee2
1e-
++1
1e-
abc
--2
--2
1.2.3
1e+
1e
e10
++1
--2
0e
1e+
1e-
abc
abc
-
.
+
--2
-
000.e
1.2.3
1.2.3
000.e
.
.
++1
000.e
1e
1.2.3
0e
1e-
abc
0e
1e-
000.e
1e-
--2
000.e
-
e10
1e+
+
--2
e10
abc
0e
0e
.
1e-
abc
1.2.3
000.e
1e+
--2
1e-
e10
1e-
1ee2
0e
-
1.2.3
1.2.3
++1
1e
.
abc
-
.
1e
1e-
-
000.e
-
1e-
--2
--2
1e
1.2.3
abc
e10
abc
000.e
++1
1e+
0e
++1
1.2.3
abc
.
000.e
1e
0e
1.2.3
-
0e
abc
1e-
1e+
1e+
+
1e+
1e
abc
1e-
1ee2
1e
-
-
+
abc
0e
1ee2
.
-
0e
-
abc
.
1ee2
++1
1e
e10
++1
1e-
1e+
1.2.3
--2
++1
+
abc
+
1ee2
1.2.3
-
--2
000.e
000.e
++1
--2
1e+
0e
+
++1
1.2.3
1e-
1e-
+
e10
++1
1e+
abc
-
1e+
-
+
.
+
000.e
abc
000.e
1.2.3
1e
.
1.2.3
-
1e
++1
000.e
e10
1.2.3
1.2.3
++1
abc
-
.
.
1.2.3
000.e
000.e
e10
--2
.
e10
+
1ee2
000.e
1ee2
.
e10
000.e
000.e
abc
1e+
000.e
abc
000.e
000.e
e10
0e
abc
-
-
--2
1.2.3
-
1e
++1
1e
1e-
1e-
1e-
++1
1ee2
+
1ee2
0e
abc
1ee2
1e+
--2
.
1ee2
1e
++1
++1
000.e
1e
0e
0e
000.e
-
1e+
1e+
0e
-
e10
1.2.3
000.e
1e-
1ee2
1e
--2
.
+
++1
1e-
000.e
1.2.3
++1
++1
000.e
1e
000.e
1.2.3
000.e
+
1e+
1e
.
1.2.3
-
.
-
1e
--2
1.2.3
1ee2
1ee2
abc
1.2.3
1e+
++1
abc
000.e
1ee2
1e-
.
abc
+
--2
1e+
--2
abc
1e
-
.
1e+
1.2.3
abc
-
--2
1ee2
--2
1.2.3
0e
1e
--2
0e
.
000.e
e10
e10
1ee2
1.2.3
1e
1ee2
e10
e10
1.2.3
0e
-
1e+
+
.
000.e
-
abc
e10
+
+
e10
1ee2
000.e
1.2.3
000.e
++1
000.e
1e+
-
1e-
1.2.3
1.2.3
1e+
e10
1e
e10
000.e
e10
++1
abc
+
1e
abc
--2
1e-
+
1e+
000.e
1e+
1ee2
++1
1ee2
.
+
+
1ee2
+
++1
1.2.3
abc
1e+
e10
0e
1e-
.
-
0e
1.2.3
1.2.3
.
1.2.3
1.2.3
0e
000.e
1e
-
1.2.3
.
abc
0e
+
1ee2
.
.
e10
++1
1e+
000.e
e10
+
1e-
abc
1e-
++1
1e+
1e-
abc
++1
abc
-
1ee2
1e-
000.e
1e+
++1
000.e
abc
1e
--2
--2
0e
++1
0e
abc
-
++1
++1
0e
1.2.3
1e+
1.2.3
1e
000.e
000.e
0e
000.e
1.2.3
1e
1e-
1.2.3
+
-
1e
.
++1
.
.
1ee2
1ee2
000.e
1e+
+
++1
0e
1e-
1e+
1ee2
++1
abc
0e
++1
--2
.
1e
1e+
1e+
--2
abc
000.e
++1
1e-
abc
e10
1e+
+
000.e
+
000.e
+
-
-
++1
1ee2
.
+
1.2.3
1ee2
0e
0e
+
++1
000.e
+
1ee2
1e
1e-
1e+
-
+
1ee2
abc
-
1e
-
--2
1ee2
1e+
1ee2
++1
0e
0e
--2
1e+
1.2.3
+
-
1ee2
1ee2
+
1ee2
.
.
1.2.3
000.e
1e+
1e
--2
1e-
1e
e10
abc
000.e
++1
.
1e+
1e
e10
1ee2
-
000.e
++1
1e
abc
1e+
++1
abc
++1
+
abc
1e-
++1
0e
0e
000.e
1.2.3
1.2.3
e10
1e-
e10
1e+
++1
0e
1e
++1
--2
1ee2
abc
+
.
1.2.3
--2
1e
1.2.3
1ee2
000.e
++1
.
abc
abc
e10
e10
.
1ee2
abc
000.e
-
1e+
000.e
1.2.3
+
0e
.
++1
abc
e10
.
1e+
1.2.3
abc
1e
1e-
+
1ee2
0e
1e
1e-
0e
+
1e
abc
abc
1e-
1e-
-
.
000.e
1e+
.
1ee2
-
1.2.3
.
0e
+
0e
000.e
abc
++1
e10
000.e
.
0e
-
+
.
.
++1
1e+
000.e
--2
1e-
0e
--2
1e-
1e-
-
.
1e-
1.2.3
.
1e-
1e
1ee2
e10
1e+
1.2.3
1.2.3
0e
0e
1.2.3
000.e
1e
-
.
1e
--2
000.e
1e
1e+
1.2.3
1.2.3
.
1e-
--2
1.2.3
1ee2
+
+
+
abc
1e-
e10
1e
++1
-
++1
1ee2
abc
1e+
1e+
0e
1e+
1ee2
1ee2
.
--2
000.e
000.e
1ee2
1.2.3
--2
000.e
1e-
--2
1e+
1e-
++1
.
000.e
++1
1ee2
.
0e
1.2.3
1ee2
.
e10
-
e10
0e
+
-
.
abc
+
abc
.
+
--2
-
-
-
0e
-
000.e
+
+
-
1e
.
++1
000.e
e10
0e
abc
++1
-
.
.
000.e
e10
1.2.3
1e
.
.
1.2.3
1e+
1ee2
1e+
.
1ee2
1ee2
.
1e-
1ee2
1e-
000.e
0e
1e-
1e+
+
e10
+
abc
1e-
++1
-
1ee2
.
000.e
--2
1.2.3
+
0e
-
-
abc
-
1e
1.2.3
1e+
--2
abc
--2
1e+
000.e
0e
e10
1ee2
.
1e
+
0e
.
-
-
1.2.3
.
--2
e10
1e-
++1
000.e
+
-
++1
0e
1e-
++1
e10
000.e
1e+
+
--2
abc
e10
1.2.3
1ee2
1e-
1.2.3
--2
abc
--2
.
-
--2
+
--2
++1
--2
1e
1e-
.
.
1.2.3
1e-
e10
0e
1.2.3
--2
--2
-
1.2.3
1e-
1.2.3
-
1e+
abc
abc
1e-
e10
1e
1e
abc
abc
1ee2
000.e
--2
0e
1e
1e-
-
+
--2
--2
++1
1e-
0e
000.e
++1
-
.
++1
+
1.2.3
1e
-
--2
.
.
1e+
1e
0e
000.e
++1
1e
--2
-
++1
0e
--2
abc
1ee2
0e
e10
000.e
abc
e10
-
1e+
+
++1
--2
1e
1e+
1ee2
1.2.3
1e+
.
1e
.
--2
1e+
1e
++1
1e
000.e
1ee2
0e
e10
1e
+
1ee2
e10
++1
--2
.
0e
--2
--2
1.2.3
0e
1e
1.2.3
1e-
-
-
1e+
1e
1e+
1e-
abc
abc
abc
1ee2
000.e
1ee2
-
1e-
++1
--2
.
000.e
e10
1e-
abc
1e-
-
1ee2
--2
1.2.3
++1
++1
0e
1e
-
1e+
+
1e+
e10
1ee2
1.2.3
000.e
-
1e-
+
e10
1e-
e10
e10
1e-
abc
e10
.
abc
-
1e-
1e-
+
0e
++1
.
1ee2
1e+
1e+
-
1e
.
1ee2
1e-
1e
-
--2
++1
1.2.3
e10
.
abc
1ee2
1e+
abc
++1
1e+
1ee2
--2
1.2.3
abc
000.e
.
--2
1e
e10
+
0e
1ee2
1e
e10
e10
e10
1e+
.
000.e
e10
0e
--2
++1
1.2.3
1ee2
1.2.3
e10
e10
+
1ee2
.
++1
--2
--2
000.e
e10
-
000.e
abc
0e
1e-
abc
1e-
1e+
000.e
1.2.3
1e
000.e
.
--2
++1
1e-
1ee2
abc
e10
abc
.
000.e
.
1e
abc
1ee2
++1
1e
1e-
1e-
0e
abc
--2
.
1e
+
abc
++1
.
1e+
1.2.3
1e+
0e
-
--2
.
++1
e10
-
1ee2
1.2.3
e10
1ee2
+
1e+
e10
000.e
000.e
++1
1ee2
abc
1e
000.e
abc
1e-
1e
1e-
e10
.
-
++1
--2
.
0e
000.e
.
1.2.3
1ee2
++1
0e
1.2.3
1e+
000.e
000.e
+
++1
1e+
e10
1ee2
+
++1
++1
abc
abc
abc
0e
1ee2
1e-
1e
1ee2
--2
1.2.3
1.2.3
000.e
1e
1ee2
+
.
--2
.
+
0e
--2
-
1e+
-
1.2.3
.
-
1e
000.e
--2
++1
e10
.
++1
--2
1e+
e10
e10
++1
++1
1e-
e10
.
000.e
0e
000.e
-
-
1e+
1e+
1e+
e10
1.2.3
e10
abc
-
1e
.
1e
1ee2
000.e
1e
++1
1e-
1e
--2
-
000.e
e10
0e
0e
--2
1ee2
--2
+
1e
1ee2
1e+
-
1e+
--2
0e
+
000.e
0e
--2
1e+
0e
1e-
1e
-
++1
1e+
e10
1e
1.2.3
.
e10
1e-
0e
1e+
.
1e+
abc
1e-
1e+
000.e
1e
++1
1e-
+
1e-
-
1e+
e10
+
abc
++1
abc
000.e
1e
.
abc
abc
0e
abc
abc
1e
--2
e10
abc
1ee2
e10
1e+
.
1ee2
1.2.3
.
000.e
.
e10
1e+
.
--2
1e-
.
0e
000.e
1e-
1e
abc
1ee2
1e+
-
-
1.2.3
1e-
-
1e+
.
000.e
+
1e-
0e
-
1ee2
0e
1e
abc
-
000.e
--2
1e-
1e+
1e+
--2
1e-
1e+
e10
1.2.3
1e
1ee2
1e-
abc
0e
1e+
e10
1.2.3
0e
++1
1e-
1e+
1ee2
--2
--2
-
+
+
--2
.
e10
1e
.
-
++1
abc
1e+
.
1e+
1.2.3
.
++1
e10
1e-
--2
abc
-
1ee2
--2
1e
--2
++1
1e-
-
--2
--2
1.2.3
.
1e+
.
1e
1e
1.2.3
1ee2
000.e
000.e
++1
.
e10
0e
.
.
abc
--2
abc
1e
1e+
0e
1e+
--2
1e
-
0e
1e
1e+
1e
1ee2
1e
1e-
1e+
abc
+
000.e
1e+
1e+
1e+
0e
e10
000.e
abc
++1
e10
abc
1e
1ee2
000.e
++1
1e+
-
1e-
-
-
.
000.e
+
e10
1e-
abc
-
+
.
000.e
-
1.2.3
1.2.3
0e
1ee2
000.e
.
++1
1e+
000.e
000.e
+
1e+
-
0e
1ee2
1e-
abc
1ee2
000.e
1ee2
0e
1e+
--2
++1
e10
1.2.3
e10
1.2.3
1e-
000.e
0e
1ee2
1e
e10
1e-
--2
+
.
1e-
-
0e
.
000.e
1e-
++1
e10
1ee2
1.2.3
-
1ee2
1.2.3
+
-
++1
1e+
1.2.3
0e
e10
++1
1ee2
1e+
1ee2
1e
++1
1e-
0e
1.2.3
-
--2
.
1e-
1ee2
--2
1.2.3
1e+
++1
1e+
-
--2
-
++1
.
+
1e
1ee2
0e
--2
0e
+
1e
1ee2
1.2.3
--2
++1
1e
000.e
1e
++1
1.2.3
+
1e+
0e
--2
0e
.
1e+
-
e10
0e
++1
000.e
000.e
1e+
--2
1.2.3
1e+
--2
1e
--2
.
1e-
1e+
.
++1
abc
-
1e+
e10
e10
.
++1
-
+
--2
1e
--2
1ee2
0e
abc
1e-
abc
++1
1.2.3
1e+
--2
-
1ee2
-
-
1.2.3
.
1e-
--2
+
e10
e10
abc
1e-
1e+
1.2.3
1ee2
abc
++1
++1
e10
1e-
1ee2
--2
1ee2
.
+
+
1e+
1e+
e10
1.2.3
-
0e
e10
--2
e10
++1
++1
--2
1.2.3
e10
1ee2
1e-
1e-
0e
1.2.3
.
++1
e10
++1
e10
-
1e
1.2.3
1.2.3
0e
1e
++1
.
1e-
++1
--2
1.2.3
1e-
1e-
--2
000.e
-
+
1e
+
1e
e10
0e
1e+
1.2.3
1.2.3
e10
1e-
+
.
1e-
1ee2
+
1e
1e-
--2
1.2.3
e10
+
.
1e+
1e+
-
1ee2
++1
-
1ee2
1ee2
++1
e10
-
000.e
1e-
1e-
-
++1
1ee2
++1
0e
e10
000.e
e10
1.2.3
1e
000.e
0e
0e
++1
1.2.3
e10
--2
1e-
1.2.3
0e
1e+
+
abc
+
++1
1e-
1e+
000.e
++1
+
++1
++1
1.2.3
1.2.3
0e
1e-
000.e
1.2.3
000.e
+
000.e
000.e
--2
0e
e10
1e
abc
abc
1e-
e10
000.e
.
+
e10
+
-
--2
1e
+
0e
000.e
1e
++1
1ee2
1e-
--2
e10
e10
1e-
--2
++1
1e
1e-
+
+
e10
1ee2
-
1e
1e+
+
1e+
+
0e
++1
1e
1e-
-
1.2.3
000.e
1e
1e
e10
1e+
1e-
e10
000.e
0e
1e+
-
--2
1.2.3
--2
+
--2
e10
1e-
1ee2
.
1e
1e-
1e-
+
abc
++1
0e
1.2.3
e10
1e+
0e
000.e
e10
++1
abc
--2
1ee2
e10
1e-
.
1.2.3
1ee2
-
0e
1e+
.
1ee2
-
1e-
1ee2
--2
1e-
abc
1.2.3
1ee2
-
+
1e+
++1
1e
000.e
--2
1e
-
1.2.3
000.e
1e
--2
1ee2
++1
++1
++1
000.e
-
000.e
1e+
1e-
1.2.3
-
1e-
0e
+
1.2.3
-
1e-
000.e
.
+
.
-
1e+
1.2.3
.
1e
1.2.3
-
+
++1
1ee2
000.e
1e-
1ee2
0e
000.e
++1
1ee2
1.2.3
0e
0e
1ee2
000.e
1e
--2
--2
000.e
1ee2
.
.
e10
0e
1e-
.
1.2.3
1e-
--2
1e-
0e
1e-
1.2.3
-
1.2.3
000.e
+
0e
e10
++1
1.2.3
e10
++1
abc
-
e10
-
0e
+
1e-
1e+
0e
++1
1ee2
abc
000.e
e10
.
-
0e
abc
000.e
abc
1e
abc
.
000.e
1.2.3
1e
++1
-
1e-
+
e10
1.2.3
1e+
1e-
1e-
0e
1e+
1e+
1e
1e-
abc
1e
--2
e10
1e-
--2
e10
abc
--2
+
.
e10
1e
000.e
abc
1.2.3
1e-
0e
1e-
abc
1e+
-
++1
-
-
1e
1ee2
0e
0e
++1
1e+
--2
1ee2
abc
000.e
1.2.3
1e+
--2
1ee2
--2
1e+
0e
--2
000.e
+
1e+
1.2.3
1e+
000.e
000.e
--2
1e-
+
++1
++1
-
--2
--2
1e+
000.e
0e
1.2.3
.
--2
1ee2
1e+
1e+
abc
abc
1e
1ee2
--2
1ee2
+
1e-
+
abc
--2
1e+
abc
+
-
e10
000.e
abc
1e+
e10
e10
e10
1e-
e10
+
0e
1e-
++1
.
0e
+
1e-
000.e
1e-
--2
000.e
+
+
+
+
.
+
1ee2
1e+
abc
0e
000.e
e10
e10
000.e
--2
e10
.
1e+
++1
.
-
0e
1e-
+
1ee2
abc
1e-
abc
+
++1
0e
000.e
+
1e
+
abc
1ee2
--2
1ee2
abc
0e
++1
e10
.
-
1ee2
1e+
1.2.3
1e
1ee2
1e-
1e
1e
e10
abc
1e
1e+
1.2.3
1.2.3
e10
1e+
++1
1ee2
0e
000.e
1ee2
1ee2
000.e
1ee2
0e
000.e
1ee2
000.e
++1
1e+
1e+
1.2.3
++1
1ee2
1e
1e-
1e-
++1
1.2.3
0e
0e
0e
e10
1e+
.
1.2.3
++1
1e
.
1.2.3
++1
000.e
++1
1e+
.
++1
1e
-
1e-
++1
1e
000.e
+
1e+
000.e
1ee2
1e-
abc
1.2.3
+
--2
1.2.3
++1
-
000.e
1e-
1.2.3
1e-
.
0e
abc
1.2.3
000.e
1ee2
-
+
1ee2
e10
1.2.3
.
000.e
+
000.e
--2
000.e
1.2.3
1e
1ee2
-
abc
e10
1ee2
1e
0e
--2
++1
1e-
+
1ee2
1e
0e
0e
1e
1e+
0e
+
1e-
-
.
++1
1e+
abc
--2
abc
e10
-
.
.
1.2.3
1ee2
abc
-
abc
1e+
--2
e10
++1
000.e
1e
1e+
.
e10
--2
e10
.
abc
1e+
1e
abc
.
--2
1e+
1ee2
1e-
000.e
1.2.3
abc
--2
1ee2
1.2.3
1e+
1e
000.e
000.e
--2
--2
0e
0e
.
.
abc
+
+
e10
--2
abc
1e
.
1.2.3
-
++1
.
e10
000.e
0e
e10
++1
--2
0e
000.e
1e
0e
--2
1ee2
0e
000.e
0e
1e-
.
++1
0e
+
.
000.e
1ee2
1e
+
1e-
000.e
1e
1e
+
abc
++1
000.e
1e
1ee2
--2
--2
-
1e+
++1
-
1ee2
000.e
abc
.
1e+
++1
1e+
000.e
1e
e10
e10
e10
1ee2
abc
e10
.
.
+
.
000.e
1.2.3
000.e
--2
1e-
e10
1e+
-
1.2.3
.
.
e10
1e-
0e
-
000.e
--2
++1
1e+
e10
0e
1e-
abc
1.2.3
0e
+
-
1e
-
0e
e10
-
.
-
0e
0e
e10
abc
+
-
-
+
1.2.3
000.e
000.e
1e-
1ee2
+
++1
1e-
.
-
1.2.3
1ee2
1ee2
.
-
1e
000.e
-
.
000.e
1ee2
.
000.e
abc
+
1.2.3
1.2.3
--2
e10
e10
1e+
1ee2
++1
0e
.
.
1e-
+
1e+
++1
-
1ee2
--2
1.2.3
1ee2
1ee2
abc
0e
000.e
-
1ee2
1.2.3
.
000.e
.
.
1e+
abc
.
1e+
+
1e+
1e
1.2.3
abc
1e
1e+
.
e10
1.2.3
e10
1e+
1.2.3
+
.
-
+
1e+
1e+
e10
1e-
1e
abc
-
0e
.
+
-
-
+
000.e
1e
++1
000.e
1e-
e10
1e-
000.e
000.e
0e
0e
+
e10
-
--2
+
1.2.3
1.2.3
0e
0e
-
1e-
1ee2
000.e
+
+
1ee2
1e-
1e-
--2
.
e10
++1
.
+
000.e
0e
--2
1.2.3
.
0e
-
--2
-
.
+
1e
-
000.e
e10
1ee2
--2
1e-
1.2.3
000.e
e10
1e
1ee2
e10
1.2.3
1ee2
1.2.3
+
abc
1e
++1
.
.
+
abc
1ee2
1ee2
000.e
1e-
1e+
1e
1ee2
--2
e10
abc
--2
--2
1e+
1e-
.
e10
1ee2
000.e
.
1e-
1.2.3
.
abc
-
++1
++1
-
1e
++1
1.2.3
+
000.e
000.e
e10
1e+
1.2.3
-
000.e
--2
++1
1e
1e
e10
-
1.2.3
abc
1e-
abc
+
+
1e-
1e
1ee2
-
-
1e+
e10
++1
+
1e+
000.e
000.e
++1
1e-
abc
1e
.
--2
++1
e10
-
1e+
1e+
1e
+
.
.
1e+
--2
000.e
-
-
+
1e+
++1
1ee2
1e+
.
1.2.3
0e
--2
-
1.2.3
1e+
000.e
1e
1.2.3
+
1.2.3
++1
-
+
1e
1e
abc
abc
+
1ee2
-
1e-
0e
1.2.3
1e
-
0e
000.e
000.e
0e
abc
1.2.3
1ee2
e10
1.2.3
.
0e
000.e
1e
+
1e
--2
-
000.e
1ee2
1e-
1e
+
0e
1.2.3
e10
++1
1ee2
1ee2
0e
+
000.e
--2
1e+
--2
abc
000.e
abc
1e
++1
.
e10
1e
--2
--2
0e
++1
000.e
++1
++1
1e+
abc
1e-
000.e
--2
--2
0e
0e
1e-
1e+
e10
0e
1e+
1e+
1e
+
e10
abc
+
abc
abc
abc
+
1ee2
000.e
--2
1e
0e
1.2.3
++1
1.2.3
1e+
--2
++1
1.2.3
++1
-
--2
1ee2
1.2.3
+
++1
1e+
1e-
1.2.3
1ee2
abc
--2
000.e
abc
0e
e10
abc
1.2.3
000.e
.
1ee2
-
1e+
-
-
abc
1e
-
abc
1ee2
-
-
++1
+
1ee2
-
-
1ee2
0e
e10
--2
1.2.3
++1
1.2.3
0e
1ee2
0e
+
+
--2
1e+
1.2.3
e10
--2
+
e10
1e
e10
1e-
+
abc
-
1ee2
e10
abc
+
1ee2
-
1ee2
e10
1e+
1.2.3
.
0e
1e
--2
+
000.e
--2
e10
abc
+
1e-
-
1.2.3
0e
e10
abc
.
++1
1e+
1e-
1e
1e
000.e
.
.
++1
--2
--2
000.e
1e-
e10
--2
.
1.2.3
1ee2
000.e
+
abc
e10
.
.
1e
e10
+
1ee2
.
++1
000.e
-
1.2.3
e10
+
++1
1e
--2
1e
1.2.3
1e
0e
++1
0e
.
++1
000.e
--2
1e-
-
++1
++1
1e
.
1e-
abc
1e+
1.2.3
++1
.
1e+
abc
1e+
1e-
+
+
1ee2
0e
+
--2
--2
1e
1ee2
1e+
.
abc
.
0e
1e
e10
abc
1e
1.2.3
0e
abc
abc
0e
+
1.2.3
1.2.3
1e
e10
-
--2
0e
-
.
1ee2
abc
abc
e10
++1
.
e10
e10
1.2.3
++1
++1
1e-
1e-
1e
.
e10
++1
--2
abc
0e
000.e
e10
1e
1e-
1e
1e
.
-
e10
-
1ee2
1e
1ee2
1ee2
abc
000.e
-
-
+
--2
000.e
--2
abc
-
-
1e-
-
1e+
1.2.3
000.e
1e-
-
1e
--2
1e
e10
-
--2
0e
1ee2
++1
--2
0e
--2
1.2.3
e10
abc
0e
1ee2
-
1ee2
1ee2
++1
abc
1ee2
-
1e
1e
1e-
--2
1e+
.
1ee2
++1
--2
0e
e10
e10
abc
-
1e+
1e
.
0e
1e-
e10
e10
0e
000.e
e10
1.2.3
e10
1e
1ee2
.
-
1ee2
1e-
-
0e
1.2.3
abc
+
--2
1.2.3
1.2.3
e10
1e-
.
0e
--2
++1
1ee2
.
1e+
+
000.e
abc
++1
1e
.
1e-
-
1e+
0e
abc
1.2.3
1ee2
000.e
+
1.2.3
000.e
1e+
1e-
.
1.2.3
abc
e10
1e-
1e
0e
-
.
++1
.
1ee2
+
.
000.e
abc
++1
+
1e
1e
1.2.3
1.2.3
1e-
abc
1e-
1.2.3
1ee2
000.e
.
1e-
++1
1e
1e-
0e
+
1e+
1.2.3
.
++1
--2
.
1.2.3
e10
1.2.3
abc
1.2.3
--2
e10
abc
1e-
1e+
0e
abc
++1
0e
1e-
e10
0e
--2
--2
+
+
0e
0e
--2
0e
1e+
+
1.2.3
e10
++1
e10
.
1ee2
e10
-
0e
1e-
+
1ee2
1.2.3
0e
--2
1e-
--2
-
-
e10
1.2.3
1e+
1ee2
+
--2
000.e
1.2.3
1e+
1ee2
abc
0e
1ee2
e10
++1
1e
0e
1e
+
abc
1e+
.
1e
1ee2
1e+
1e+
1e-
1ee2
000.e
--2
-
1.2.3
+
.
--2
000.e
1e-
+
++1
e10
-
abc
--2
1ee2
e10
e10
++1
1e-
1e
1.2.3
1ee2
++1
1.2.3
1.2.3
1e+
abc
1e-
000.e
--2
+
1e
1e-
1ee2
++1
0e
1e-
-
1e-
0e
1e-
0e
--2
+
1e+
.
--2
1e
.
e10
0e
0e
1e
++1
e10
1ee2
1.2.3
1e+
+
1e+
1.2.3
000.e
e10
0e
1.2.3
--2
e10
000.e
abc
+
--2
.
-
-
--2
+
1e
1.2.3
000.e
1e
1.2.3
1.2.3
1.2.3
000.e
+
1.2.3
1e-
1ee2
1e-
1e-
1.2.3
1e-
000.e
000.e
e10
--2
.
0e
000.e
.
.
.
abc
+
--2
.
000.e
1e
-
000.e
000.e
--2
--2
1e+
1.2.3
1e+
+
1ee2
+
+
e10
0e
++1
e10
--2
1e
--2
1e
1e-
1e-
abc
-
--2
e10
.
1e+
000.e
1e
++1
0e
++1
000.e
abc
1.2.3
-
0e
e10
++1
0e
1.2.3
1e
.
-
000.e
000.e
abc
e10
1e+
1e+
.
-
+
1e
1.2.3
++1
1e
000.e
+
e10
+
000.e
e10
1e+
1e
1e
1e+
abc
--2
1e-
e10
e10
1ee2
+
1e
++1
-
000.e
++1
1e+
e10
1ee2
1e-
1e
0e
.
--2
-
000.e
.
e10
0e
e10
1.2.3
1ee2
1e-
--2
1e
e10
--2
--2
.
0e
.
000.e
1.2.3
abc
e10
1ee2
abc
0e
1e-
1e+
++1
000.e
-
1e+
+
+
000.e
--2
1e+
abc
1e-
++1
0e
1e+
+
.
0e
1.2.3
000.e
1e-
1.2.3
1e+
.
--2
e10
--2
1e-
+
1e-
++1
--2
abc
-
1e-
--2
++1
1ee2
1ee2
+
1e
++1
1.2.3
-
000.e
+
++1
1e
1e
1e
++1
1ee2
1e-
1e+
--2
1e
1.2.3
++1
-
++1
1ee2
++1
e10
.
e10
+
1ee2
--2
abc
1e+
abc
1ee2
1e
.
++1
-
1ee2
e10
++1
--2
1e+
.
1e+
1e-
++1
.
--2
1e-
1e+
++1
1ee2
.
1ee2
--2
-
1e
1e+
1e+
-
-
+
abc
abc
abc
e10
.
+
000.e
e10
000.e
1e-
--2
000.e
1e
++1
++1
000.e
1e
+
1e+
1e+
1e+
1e
abc
1e+
1e-
--2
++1
1e+
1e+
e10
1e+
++1
1e
1e+
.
--2
000.e
1.2.3
1e-
1e
--2
--2
-
+
--2
1e-
1ee2
1e
1.2.3
--2
0e
1e
1ee2
1.2.3
1e+
-
0e
1ee2
1e-
--2
.
1ee2
+
000.e
--2
e10
.
e10
e10
-
1e+
1.2.3
-
abc
1ee2
--2
000.e
abc
--2
1e
--2
000.e
1e
+
1e
e10
--2
abc
000.e
--2
.
1e-
abc
++1
1e+
--2
+
e10
1.2.3
-
1.2.3
e10
++1
1e
++1
1e-
.
e10
1.2.3
1e+
1e-
1e+
++1
1e
.
000.e
1e+
+
1e
1ee2
1e-
.
+
1e-
1e
abc
1e+
1ee2
-
1e+
1e+
--2
1e+
1e-
++1
--2
1.2.3
abc
000.e
1e
-
1.2.3
1.2.3
--2
000.e
1e-
-
++1
abc
1e+
e10
e10
+
1e-
1e+
e10
1e
1e-
1ee2
abc
-
0e
000.e
1ee2
abc
1e
.
1e-
1e
-
abc
e10
000.e
1e+
.
++1
+
1e-
--2
--2
-
abc
1e
e10
1ee2
abc
1e
abc
1e
abc
1e
1e+
1e-
-
1ee2
.
--2
1e+
1e-
++1
+
000.e
000.e
1e+
0e
1.2.3
0e
1e-
000.e
1ee2
-
+
e10
1ee2
.
++1
abc
++1
+
1.2.3
abc
000.e
++1
1e
1.2.3
-
1e-
1e-
.
abc
1e+
+
-
1e+
e10
1.2.3
e10
1e+
.
--2
000.e
+
-
1.2.3
--2
e10
1e+
1e-
++1
abc
1ee2
e10
++1
-
--2
.
0e
e10
++1
1.2.3
1e-
000.e
--2
0e
000.e
0e
abc
1ee2
-
.
++1
0e
--2
abc
1e+
000.e
-
1.2.3
--2
-
1.2.3
e10
+
-
1e
--2
1e+
.
1e
abc
1.2.3
++1
1.2.3
-
-
+
.
.
1e
1.2.3
e10
+
-
.
++1
e10
++1
1e-
--2
1ee2
+
.
0e
1e-
1e+
e10
0e
0e
+
-
1e-
+
000.e
+
++1
000.e
1e+
++1
1e+
0e
++1
++1
1e+
-
-
1.2.3
+
1e
abc
1e
-
++1
--2
abc
1e+
000.e
e10
.
+
++1
abc
1e-
1e-
1e+
1e+
000.e
.
000.e
abc
-
1e-
abc
abc
1e+
abc
.
1ee2
000.e
e10
--2
1e+
+
abc
--2
1e-
1e-
0e
1ee2
1e-
000.e
-
1e+
1ee2
-
++1
0e
1.2.3
1e-
1e+
000.e
+
1.2.3
-
-
000.e
+
abc
+
--2
++1
1.2.3
1e
1e-
1ee2
abc
-
000.e
--2
.
-
-
-
-
1e+
1.2.3
-
1.2.3
1e+
1ee2
1.2.3
000.e
1e-
000.e
+
1e+
abc
-
1.2.3
0e
++1
--2
+
e10
1e+
--2
1ee2
abc
.
e10
--2
.
++1
+
abc
--2
+
e10
.
++1
1ee2
--2
+
1.2.3
+
-
.
.
000.e
1e-
-
000.e
e10
1e-
+
-
-
1ee2
abc
e10
1e-
1ee2
e10
1.2.3
1ee2
-
1e-
1ee2
e10
-
abc
--2
000.e
0e
.
1e-
++1
1ee2
1ee2
1e+
e10
e10
000.e
-
0e
0e
0e
abc
0e
.
--2
--2
+
1e+
++1
1e
--2
+
1e+
1e-
0e
-
++1
000.e
0e
+
0e
--2
--2
1ee2
1.2.3
e10
000.e
++1
+
1ee2
--2
+
1e-
1e
e10
abc
1e
--2
-
1e+
1e
++1
+
1e+
abc
abc
--2
-
abc
1e
1ee2
--2
--2
--2
000.e
0e
000.e
1.2.3
1.2.3
0e
1.2.3
abc
-
.
.
1.2.3
1e-
-
0e
-
e10
1e-
1e
.
.
1e+
1e
1e+
1.2.3
abc
0e
1e
+
+
--2
++1
--2
+
-
abc
1.2.3
1e-
1e+
-
++1
-
1e-
++1
.
1e+
-
+
000.e
e10
0e
0e
--2
--2
++1
e10
++1
e10
0e
abc
-
1e+
--2
000.e
e10
1e-
+
0e
1.2.3
-
-
.
1ee2
1.2.3
++1
1e
1e+
-
+
.
1.2.3
1e
1.2.3
.
0e
abc
e10
000.e
1e-
.
000.e
1e+
+
-
000.e
1e-
+
e10
.
.
1e-
++1
e10
--2
-
1e+
1.2.3
1e
+
abc
-
1e
.
1e+
+
0e
++1
-
1e
++1
1e
++1
1e-
000.e
1ee2
-
1e
1e
-
0e
--2
1ee2
1e+
1e+
1e
abc
--2
e10
+
--2
e10
--2
1e+
abc
1e
.
1ee2
abc
1e+
000.e
e10
1e+
1e
1e+
1e+
000.e
++1
1e
0e
+
1ee2
.
1e+
0e
abc
1e-
+
e10
1e-
000.e
1e+
1.2.3
1e-
-
1e-
.
-
++1
1e-
++1
e10
1e
1e+
1ee2
1e-
1e+
1e-
1e
++1
--2
0e
++1
1e-
abc
0e
1e
.
1e
abc
++1
1ee2
abc
++1
1e+
e10
1ee2
000.e
1.2.3
+
1e+
++1
abc
-
0e
1.2.3
1.2.3
000.e
e10
-
abc
.
1e-
-
--2
000.e
+
-
+
-
1e+
abc
e10
e10
++1
1e+
1e-
1ee2
-
1e-
1e-
1e-
1.2.3
e10
+
+
.
--2
++1
1e+
1e-
1e-
++1
-
000.e
abc
e10
000.e
1e
abc
-
1e+
1e
e10
0e
++1
+
-
1e+
0e
e10
1ee2
-
abc
0e
++1
1e-
-
1e
abc
.
1e+
--2
-
.
1e
1e
++1
-
abc
0e
1e
+
1ee2
+
1e
-
.
.
1ee2
+
1.2.3
1e+
0e
1ee2
-
0e
1e
++1
0e
1.2.3
1e+
1e+
0e
000.e
1ee2
+
1ee2
+
+
-
0e
1ee2
.
1e-
1ee2
1e-
abc
000.e
1ee2
-
--2
.
.
-
1e+
-
000.e
1.2.3
1ee2
1ee2
-
e10
1.2.3
--2
1.2.3
1e+
1e-
.
1e
1ee2
1e+
e10
e10
+
000.e
1e-
1.2.3
+
+
+
1.2.3
+
1e
e10
1e+
0e
+
++1
1.2.3
.
.
1e-
0e
e10
++1
000.e
--2
.
abc
1ee2
.
--2
+
1e+
1e
1e
1e
abc
+
0e
-
1e+
+
0e
0e
1e+
.
1.2.3
+
000.e
e10
000.e
--2
1e+
1e+
abc
1e-
e10
0e
1e
000.e
abc
1ee2
1.2.3
e10
1.2.3
0e
+
abc
--2
1.2.3
-
1e-
1ee2
--2
1ee2
.
1e-
++1
1e-
1e+
++1
e10
000.e
.
abc
++1
abc
+
000.e
0e
1e
abc
abc
.
1e-
000.e
1.2.3
1ee2
abc
1e
e10
++1
1e-
1e
1e
0e
+
1e+
1e+
abc
1.2.3
abc
0e
0e
1.2.3
.
abc
1e+
--2
1e
1e
.
1e-
0e
-
abc
1.2.3
abc
.
1e-
++1
+
1e-
1e
abc
1e+
1e+
+
000.e
1e
1e
abc
++1
0e
e10
1e
e10
1e
++1
e10
1e+
-
--2
1e+
1e-
1e+
000.e
1e
1e+
1.2.3
.
-
0e
1.2.3
1e
++1
1e
1.2.3
+
1ee2
1e-
-
--2
1e
000.e
.
1e-
1e
abc
0e
1ee2
+
1ee2
1.2.3
1e
abc
-
-
1e-
abc
0e
1e-
0e
1ee2
1.2.3
1e-
++1
0e
1e+
1.2.3
000.e
--2
1e+
000.e
abc
1e+
.
1ee2
++1
e10
000.e
+
1ee2
1e+
1e+
++1
1.2.3
++1
0e
--2
1e
1e+
+
++1
1e+
1.2.3
1e+
1e-
--2
1e
abc
+
+
1.2.3
.
1e+
-
.
1e+
+
++1
--2
e10
1ee2
1ee2
000.e
000.e
1ee2
1ee2
1e-
.
e10
++1
0e
-
0e
-
++1
0e
000.e
++1
--2
000.e
abc
e10
abc
1e+
--2
+
1.2.3
.
abc
0e
1.2.3
000.e
0e
abc
-
--2
.
-
.
000.e
1ee2
+
++1
+
0e
1e
1e+
1e
1e
--2
++1
--2
1ee2
1e-
1ee2
.
--2
1e
e10
-
e10
1e-
1e+
--2
000.e
1.2.3
1ee2
1e+
1.2.3
1ee2
1.2.3
--2
.
1e
1ee2
1e+
000.e
-
-
.
--2
abc
e10
1.2.3
++1
abc
1e-
1.2.3
1.2.3
-
--2
1e+
--2
++1
abc
0e
1e
.
1.2.3
1ee2
1ee2
1e-
e10
++1
1ee2
1.2.3
0e
e10
1e
1ee2
1.2.3
1e
1e
1e
1ee2
0e
1e+
1e
000.e
.
1e-
--2
--2
1e-
.
1.2.3
--2
-
++1
000.e
-
1e-
e10
0e
-
+
1e-
++1
1e+
1e
--2
1ee2
+
000.e
e10
1ee2
0e
-
1ee2
++1
abc
++1
0e
000.e
1.2.3
1e
1ee2
0e
1e
-
e10
000.e
-
1ee2
abc
1.2.3
1e-
e10
+
-
-
000.e
000.e
1e-
000.e
0e
1e
1e+
++1
1e+
e10
abc
1.2.3
e10
0e
e10
1e
1ee2
e10
0e
1ee2
1.2.3
+
.
--2
e10
++1
e10
e10
1e
.
.
e10
.
e10
1e-
+
1e
abc
1e-
0e
+
1e-
0e
1e
abc
--2
abc
.
e10
1e
++1
1.2.3
1e-
000.e
-
1ee2
--2
1e-
-
abc
1e
++1
1e-
1ee2
1e-
1e
1.2.3
000.e
abc
-
1e
1e-
000.e
-
.
000.e
1e-
1e-
-
abc
++1
000.e
1e-
1e-
abc
abc
1e-
--2
--2
e10
-
1e
000.e
++1
1e-
0e
1e-
1ee2
1e-
+
abc
++1
--2
.
.
000.e
1ee2
--2
abc
++1
-
000.e
+
++1
.
--2
-
0e
++1
-
.
000.e
1e
--2
1.2.3
--2
0e
1.2.3
--2
0e
1e-
0e
000.e
1e
0e
abc
++1
1e-
-
1e-
1e-
1e+
0e
1e-
000.e
++1
000.e
.
0e
--2
1.2.3
1e+
1ee2
abc
0e
1.2.3
-
abc
000.e
1e
1e-
e10
abc
000.e
1.2.3
.
1e
+
1e
1e
1e+
000.e
--2
-
1e
1e-
1e+
abc
--2
1e-
1.2.3
1e
-
.
+
--2
-
0e
+
1ee2
1e+
0e
1e+
--2
++1
+
+
-
.
--2
1.2.3
000.e
.
0e
1e
abc
--2
e10
1e+
1e-
1e
000.e
.
1ee2
abc
0e
1e+
--2
--2
1e+
1ee2
000.e
0e
1ee2
-
1e
0e
+
1ee2
e10
--2
+
000.e
1e+
000.e
1e
000.e
1ee2
000.e
1ee2
++1
++1
abc
-
e10
1e
1e+
.
--2
.
0e
1.2.3
-
0e
--2
1e+
-
e10
1e+
0e
-
-
0e
.
1e+
e10
1e+
1e-
--2
++1
e10
--2
-
++1
000.e
.
1ee2
1e-
e10
.
++1
e10
1e
1e+
e10
1.2.3
1e
000.e
abc
--2
1e+
-
+
abc
.
.
-
abc
1e
0e
1.2.3
++1
0e
000.e
abc
1e-
1.2.3
++1
1e+
1e
0e
-
e10
1e
abc
.
abc
1ee2
0e
1.2.3
-
abc
1e+
1e
+
.
e10
1e+
1e+
1e-
0e
1e+
0e
e10
-
1.2.3
0e
.
+
1e
+
1.2.3
1ee2
1.2.3
1e
1e-
000.e
1e
+
e10
++1
--2
.
abc
000.e
1.2.3
++1
0e
000.e
1e+
-
1e+
++1
1e
abc
0e
--2
.
1ee2
0e
1ee2
0e
0e
1e
1e
0e
1ee2
++1
000.e
.
1e+
1.2.3
++1
e10
000.e
0e
--2
--2
000.e
1ee2
1.2.3
++1
1e-
--2
.
0e
abc
+
1ee2
1e-
+
++1
1.2.3
.
0e
-
++1
1e+
.
++1
0e
--2
1.2.3
--2
1e+
1e
+
000.e
1e+
0e
+
1.2.3
000.e
-
1e+
000.e
1e+
++1
1e-
+
e10
1ee2
--2
1e-
1.2.3
e10
abc
++1
--2
.
++1
++1
1.2.3
.
1e+
1e+
1e-
--2
1e+
abc
1e+
abc
-
000.e
-
abc
1ee2
1ee2
e10
1.2.3
-
e10
--2
e10
-
1.2.3
1.2.3
--2
-
+
0e
1ee2
0e
.
1e+
--2
000.e
abc
1e+
1ee2
-
1e+
1.2.3
000.e
-
1e+
++1
1e
0e
1e
1e-
1ee2
1e-
1.2.3
--2
--2
-
.
.
--2
1.2.3
1e
1e+
1.2.3
000.e
1.2.3
abc
1e-
1.2.3
1ee2
.
-
1.2.3
0e
1e+
1e-
e10
+
+
.
.
1.2.3
1e-
0e
.
+
++1
1ee2
.
++1
0e
-
--2
++1
++1
--2
--2
1e+
++1
-
++1
000.e
-
1.2.3
-
abc
abc
1ee2
000.e
--2
+
1ee2
++1
1ee2
1.2.3
--2
1e
--2
+
1e
000.e
1.2.3
++1
--2
.
-
1e
abc
e10
e10
0e
000.e
0e
.
e10
--2
+
-
++1
1e-
1e
1e+
+
1e+
1ee2
1.2.3
1e+
e10
1e-
000.e
1e-
--2
-
--2
1.2.3
000.e
0e
--2
1.2.3
-
--2
1.2.3
1e+
abc
1e
-
.
+
1e+
+
1.2.3
1.2.3
+
1e-
-
1ee2
1e+
-
000.e
1e
++1
1.2.3
e10
1e+
0e
1e
1.2.3
1e-
abc
1e-
--2
1.2.3
0e
--2
1e+
1.2.3
1e
1e
1.2.3
++1
1e+
+
++1
1.2.3
1e
e10
1e+
1e-
000.e
000.e
.
++1
abc
--2
1e+
e10
1e-
1ee2
1e+
1e
abc
--2
e10
-
.
1.2.3
1.2.3
000.e
+
++1
abc
abc
.
1ee2
.
.
+
1ee2
abc
0e
1e
+
1e-
1e+
--2
1e-
e10
0e
abc
--2
1e-
-
e10
000.e
1e
1e-
1.2.3
1e
abc
1e-
e10
++1
abc
1e+
1ee2
1ee2
1ee2
++1
++1
+
1ee2
.
--2
000.e
1ee2
1e+
1e+
1e+
e10
1e+
abc
1.2.3
1e-
1ee2
++1
+
1e
+
.
0e
1e-
1ee2
0e
.
1ee2
abc
1ee2
1e
+
1e+
1e
++1
1.2.3
1.2.3
.
1ee2
++1
.
++1
+
0e
000.e
1e
e10
+
e10
e10
1.2.3
abc
0e
-
-
--2
++1
++1
+
1.2.3
++1
+
--2
++1
1ee2
1e-
1.2.3
1e-
1ee2
++1
-
e10
-
abc
+
-
+
++1
1e
1e+
000.e
abc
1e-
000.e
1ee2
e10
1e-
.
1e+
1e-
abc
1e-
--2
1e-
1e+
abc
1e+
e10
1e+
abc
1.2.3
-
1e-
abc
1.2.3
0e
1ee2
000.e
1e
abc
abc
-
.
abc
1e-
0e
--2
0e
e10
abc
++1
abc
1.2.3
1.2.3
1e+
000.e
-
-
.
1e
1ee2
--2
e10
1ee2
1ee2
++1
1.2.3
+
e10
1e-
.
.
.
++1
1e
.
0e
++1
abc
1ee2
1e-
1e-
-
1e
0e
1ee2
1e-
++1
1e+
++1
+
++1
1e-
abc
abc
000.e
+
abc
1e-
1e-
1e-
1e-
-
e10
1e
1e-
.
e10
+
e10
--2
000.e
+
1e-
1e-
-
1.2.3
1ee2
-
0e
000.e
--2
1e+
1e
-
1e-
1.2.3
-
1.2.3
abc
1ee2
e10
1e-
e10
-
1.2.3
e10
.
abc
1e
1ee2
1e-
000.e
0e
--2
1e
e10
.
1e
000.e
000.e
abc
e10
--2
000.e
+
+
--2
000.e
1.2.3
--2
e10
-
+
abc
abc
1e-
abc
-
1.2.3
++1
e10
0e
-
abc
abc
--2
1e
-
e10
-
+
-
0e
1e+
+
1e+
0e
000.e
+
1.2.3
e10
+
1e+
1e-
abc
e10
abc
0e
abc
1e+
1ee2
1e
+
1e+
1e+
-
e10
1e
-
.
0e
1ee2
1e
+
+
1e+
-
++1
--2
--2
1.2.3
000.e
1e-
.
-
abc
1e+
0e
1e+
abc
1.2.3
1.2.3
++1
e10
--2
.
abc
-
1e
0e
abc
abc
++1
1.2.3
.
1.2.3
1e-
1.2.3
1e
1e-
++1
e10
0e
1e+
++1
e10
e10
+
1e
000.e
-
.
abc
1e
--2
.
e10
abc
1e-
1e-
abc
1e-
1e-
e10
abc
+
1.2.3
1e+
000.e
1e
.
0e
e10
--2
-
--2
-
abc
e10
1.2.3
--2
-
1e
1ee2
1ee2
++1
0e
1e
.
abc
1.2.3
1e
-
1e
1e
1e-
1e+
-
000.e
1e-
1e-
1ee2
1e+
000.e
+
1e-
1.2.3
000.e
000.e
1.2.3
.
1.2.3
-
abc
-
0e
1.2.3
1e
0e
-
+
.
++1
1e+
abc
abc
1.2.3
1e
--2
e10
abc
1e
abc
+
1e
1e
--2
000.e
1e+
000.e
1.2.3
1e
+
.
--2
1e-
1e+
+
1e+
1ee2
1e+
++1
1e-
1e
abc
++1
e10
1.2.3
000.e
++1
0e
0e
1ee2
e10
1e
e10
++1
1.2.3
e10
1e+
abc
++1
++1
1e
+
--2
1e
1e+
0e
0e
e10
1.2.3
1e+
abc
e10
1ee2
--2
--2
000.e
--2
1ee2
000.e
0e
--2
++1
000.e
1.2.3
000.e
+
0e
1e+
1e-
1e
1.2.3
1.2.3
+
0e
-
e10
1e
e10
+
+
abc
.
1e-
++1
--2
+
000.e
0e
1.2.3
1e
abc
1.2.3
abc
1e+
0e
1e-
abc
e10
0e
1e-
-
--2
1.2.3
000.e
1ee2
1.2.3
000.e
0e
1e+
--2
--2
--2
1e-
1ee2
abc
abc
abc
1e-
1e-
--2
.
-
1e
.
abc
e10
1e
.
-
abc
-
000.e
1ee2
0e
e10
0e
--2
+
++1
000.e
++1
-
.
abc
1e-
++1
++1
abc
e10
e10
1e+
abc
1e+
0e
e10
.
abc
000.e
1e
--2
--2
-
+
000.e
e10
1e-
++1
--2
e10
-
1ee2
e10
1e+
000.e
abc
+
abc
0e
0e
000.e
abc
abc
1.2.3
--2
1e
--2
abc
.
1ee2
000.e
--2
1.2.3
1e-
abc
1e
1ee2
000.e
e10
--2
abc
-
e10
0e
--2
0e
1e+
1e
1e+
+
1e-
++1
abc
+
e10
++1
1e
--2
1e
abc
-
++1
1ee2
000.e
e10
--2
1e
abc
+
1e
abc
e10
1e
1ee2
1e+
--2
e10
.
0e
000.e
e10
1e-
1e
1e-
1e-
+
1e
1ee2
1ee2
++1
1e-
1e-
0e
--2
--2
abc
abc
e10
-
++1
.
+
++1
--2
+
1e-
e10
1e+
e10
++1
++1
0e
1e+
+
++1
1e-
1e
1e
1e
++1
-
1ee2
+
--2
e10
1e-
-
.
+
+
0e
-
1.2.3
000.e
+
1e-
1e+
000.e
--2
-
1.2.3
000.e
1e-
1ee2
1e+
++1
abc
1e
--2
0e
1e+
000.e
e10
.
-
+
.
1.2.3
.
.
.
+
0e
1e-
++1
e10
-
-
+
1e-
1.2.3
1e
1e+
-
1e
000.e
abc
1.2.3
-
1.2.3
1e
1ee2
1.2.3
-
-
.
e10
+
+
.
000.e
1e
.
1ee2
1e+
e10
.
000.e
0e
+
1e
abc
1e-
1e+
abc
++1
--2
-
+
e10
1e-
1e+
1ee2
+
++1
1e-
1.2.3
0e
-
1.2.3
++1
1e-
+
1e-
+
+
.
1e+
1e-
e10
-
++1
e10
.
000.e
.
1ee2
1e-
000.e
e10
1e-
1.2.3
1e-
0e
+
0e
1ee2
1e-
++1
1e+
-
abc
++1
+
1.2.3
+
0e
.
--2
1.2.3
1.2.3
1e
1e
e10
--2
e10
0e
abc
1e+
++1
000.e
-
1e
1e-
1e
000.e
e10
++1
abc
1e+
--2
0e
1e
1ee2
abc
+
e10
++1
1e-
abc
.
--2
-
.
e10
1e
abc
-
000.e
1.2.3
1.2.3
--2
--2
++1
0e
-
e10
1ee2
1e-
1.2.3
++1
e10
-
1e+
0e
1.2.3
000.e
0e
1e
++1
1e
1e-
000.e
1e
++1
000.e
1e+
-
1e
e10
-
000.e
1.2.3
+
000.e
++1
.
.
e10
abc
000.e
++1
1e
1e
000.e
1.2.3
.
++1
abc
1e+
.
abc
000.e
1ee2
1.2.3
-
++1
++1
++1
++1
1e
+
1e
0e
+
0e
1.2.3
1e
000.e
1e
1.2.3
++1
1e+
1.2.3
--2
1e
1ee2
1e
1e-
-
++1
.
1e
1.2.3
-
--2
0e
++1
--2
--2
1e
1e
+
abc
++1
1e+
.
+
1e
1e
1.2.3
1e+
--2
1e
abc
1e
abc
+
0e
1e-
e10
.
1e-
+
1ee2
1ee2
0e
1.2.3
--2
1.2.3
abc
1e+
1e
1.2.3
--2
--2
++1
1.2.3
abc
.
--2
.
.
--2
--2
++1
-
0e
1e
abc
--2
-
-
0e
abc
.
+
--2
1e-
1e+
0e
1e+
+
000.e
0e
--2
1ee2
.
1.2.3
e10
-
000.e
0e
1ee2
abc
-
1.2.3
--2
--2
000.e
-
1e
-
000.e
1.2.3
-
--2
.
+
0e
1e+
1.2.3
.
1e-
abc
+
1e
1e-
1e-
+
1e
.
1e-
1ee2
1e
1ee2
--2
0e
-
+
abc
e10
000.e
1ee2
+
++1
1e+
e10
+
1e-
1e
.
--2
--2
.
1e-
--2
000.e
1e-
1ee2
1e
++1
1e+
1e+
000.e
1e
1.2.3
1e
abc
.
--2
e10
000.e
1e-
0e
abc
1e+
1e
0e
abc
abc
1e+
1ee2
1e+
-
--2
1e
++1
1e-
abc
1e+
1.2.3
+
++1
-
.
abc
.
1e+
+
1e+
1e+
000.e
e10
1e-
1ee2
++1
+
e10
1.2.3
--2
--2
1e-
1ee2
+
1e
e10
0e
1e+
e10
1ee2
abc
1e
+
000.e
abc
1.2.3
1e+
abc
1.2.3
.
1.2.3
+
0e
000.e
+
000.e
1ee2
.
000.e
abc
+
e10
++1
1ee2
1e-
000.e
abc
-
+
abc
-
000.e
++1
--2
+
-
--2
-
1e-
1ee2
1.2.3
000.e
1.2.3
++1
.
abc
e10
.
+
++1
000.e
1.2.3
1e+
1e+
1e+
e10
1e-
000.e
+
000.e
1e+
++1
e10
1e-
+
1e-
1ee2
1ee2
++1
1e-
++1
.
1e-
e10
+
+
.
1e-
1.2.3
-
1.2.3
++1
-
+
1e
--2
1e
000.e
abc
++1
1e+
1e+
1.2.3
1e+
1e+
-
+
++1
++1
++1
0e
1e
1ee2
e10
1ee2
abc
000.e
e10
--2
1e+
+
abc
000.e
000.e
1e+
0e
++1
1ee2
1e
1.2.3
1e
--2
1e
1ee2
+
000.e
1.2.3
e10
e10
abc
1.2.3
.
++1
1e+
+
++1
+
1e-
1e-
--2
abc
+
--2
--2
--2
000.e
1e
e10
1.2.3
abc
0e
--2
e10
-
--2
0e
0e
000.e
abc
+
abc
++1
-
.
1.2.3
1e-
0e
++1
abc
abc
++1
e10
--2
0e
1e+
1e-
0e
0e
.
+
1ee2
++1
abc
000.e
.
--2
0e
1e
--2
abc
1ee2
1e-
000.e
+
0e
+
--2
000.e
0e
+
+
1.2.3
1e-
--2
1e-
++1
abc
+
++1
+
1.2.3
1.2.3
++1
1ee2
.
0e
-
abc
1.2.3
+
--2
++1
abc
.
1ee2
+
e10
.
1e
1e+
000.e
e10
e10
0e
e10
+
++1
+
1.2.3
1e+
1.2.3
1e-
.
1ee2
--2
-
.
000.e
-
0e
++1
1e-
0e
1ee2
e10
000.e
+
000.e
++1
0e
+
+
1e
0e
1.2.3
0e
abc
0e
--2
abc
abc
1e-
1e-
abc
1e
+
+
++1
-
1ee2
+
+
1e
+
--2
1e-
1e+
0e
1e-
-
+
-
1e-
e10
++1
abc
-
1.2.3
abc
e10
e10
++1
1ee2
++1
1.2.3
1e+
1e-
--2
000.e
--2
.
abc
+
abc
e10
1e-
1.2.3
--2
1e-
abc
abc
abc
+
0e
++1
e10
.
1ee2
--2
1e
1e-
++1
1ee2
1e-
abc
1.2.3
++1
1e-
-
1ee2
1e+
1e+
000.e
.
abc
e10
+
1e-
1.2.3
e10
.
000.e
1e+
--2
000.e
1e-
.
1e-
1e+
--2
+
1e
1ee2
e10
+
000.e
abc
1.2.3
000.e
000.e
1e
1ee2
abc
+
1e
1e+
e10
--2
0e
.
1e-
++1
1e
1ee2
++1
1e
.
e10
--2
1e-
+
.
.
-
++1
1e+
1.2.3
+
-
--2
++1
-
0e
abc
-
000.e
e10
+
0e
1e
++1
.
1e
0e
0e
++1
--2
++1
0e
e10
0e
++1
.
1ee2
1.2.3
1e+
--2
-
abc
e10
+
1e
000.e
-
1.2.3
.
++1
1e+
.
1.2.3
1ee2
.
1e-
+
1e-
abc
-
1ee2
0e
++1
0e
--2
--2
-
.
1e-
1ee2
.
1.2.3
000.e
1e-
e10
-
--2
abc
1e+
+
0e
1e
0e
000.e
.
.
--2
++1
1e+
+
--2
++1
000.e
1e-
1ee2
.
+
1e-
e10
1e-
.
1e-
0e
--2
000.e
1e
e10
1e-
.
1ee2
1e-
1e-
.
1ee2
1.2.3
--2
1e
1e
abc
.
e10
e10
++1
1e
--2
1e-
abc
abc
.
1ee2
--2
1e+
1ee2
.
+
000.e
e10
-
abc
-
e10
1e-
000.e
1ee2
1.2.3
1e
1ee2
-
+
--2
e10
1e+
1e-
1.2.3
0e
-
1e-
--2
abc
abc
1e-
1e
++1
1e+
1ee2
1e-
-
1ee2
+
e10
.
000.e
--2
0e
+
1e
abc
--2
+
0e
+
.
1e-
abc
+
1ee2
0e
1.2.3
e10
1e-
.
0e
-
0e
e10
1ee2
1e
+
-
1e-
1e+
.
1e
1e
--2
1e+
0e
000.e
e10
1e-
000.e
1e
-
0e
--2
1e+
1e+
1e
1.2.3
000.e
++1
1e
1e-
--2
1.2.3
-
+
abc
++1
.
1e-
abc
e10
1.2.3
abc
1e+
-
e10
0e
abc
1.2.3
--2
abc
1e+
abc
1e+
1e
1e
++1
1e+
1.2.3
.
.
--2
0e
000.e
000.e
000.e
--2
--2
1e-
1.2.3
1e-
++1
1ee2
.
.
0e
abc
-
.
+
1e+
000.e
1.2.3
abc
-
1e-
-
000.e
1e-
0e
1e+
abc
1.2.3
++1
abc
0e
++1
1e-
-
1e-
1.2.3
--2
-
1e-
.
000.e
-
.
000.e
e10
-
000.e
.
--2
1.2.3
1e+
0e
1ee2
1e+
e10
++1
1ee2
.
e10
-
000.e
1.2.3
000.e
abc
1e-
000.e
1.2.3
1e-
.
++1
.
abc
abc
1e-
-
--2
++1
e10
-
1e+
1.2.3
000.e
1e-
000.e
1ee2
abc
0e
1e+
-
.
1e
1e
1e-
1e-
+
1e+
-
0e
abc
--2
1.2.3
e10
0e
1e
1ee2
++1
1e
0e
1e
1ee2
1ee2
+
1ee2
1ee2
abc
000.e
e10
-
1e+
abc
1ee2
abc
1e-
-
000.e
1.2.3
.
abc
++1
-
1ee2
1e-
-
+
.
1ee2
e10
1e
0e
--2
0e
++1
0e
1e-
1e+
.
1ee2
0e
1.2.3
+
abc
1e+
0e
++1
++1
1e
0e
e10
1e-
+
1e
1ee2
--2
-
1e+
+
1.2.3
000.e
1e
.
++1
.
000.e
++1
1e
e10
0e
1e
0e
+
-
++1
0e
e10
+
1e+
--2
+
+
1ee2
000.e
abc
+
0e
1e-
++1
-
000.e
e10
+
000.e
++1
1e+
0e
1ee2
-
0e
1ee2
1e
1e-
abc
1.2.3
000.e
.
000.e
1e-
.
+
+
--2
1.2.3
-
1e
0e
1.2.3
1.2.3
--2
1.2.3
-
++1
+
abc
abc
-
1e+
0e
1e-
1e
abc
-
-
0e
1.2.3
1e-
000.e
1e
--2
1e+
+
abc
--2
1.2.3
-
+
+
1.2.3
abc
-
+
+
+
1e-
1e
-
abc
1e
e10
--2
0e
abc
0e
1e-
abc
000.e
000.e
1e+
1.2.3
e10
1ee2
-
+
+
+
1ee2
1.2.3
.
++1
1e
.
++1
000.e
abc
1.2.3
abc
1e
++1
--2
-
++1
1e+
000.e
-
-
+
--2
1.2.3
e10
--2
1e-
000.e
--2
0e
0e
++1
1ee2
000.e
000.e
000.e
000.e
abc
000.e
abc
1.2.3
abc
1e
0e
1e-
1e-
e10
0e
0e
0e
1e
000.e
000.e
e10
0e
abc
1e
++1
e10
1e-
e10
0e
1e
000.e
1e+
++1
abc
000.e
1e+
--2
e10
.
1ee2
+
000.e
000.e
1.2.3
1e+
abc
000.e
000.e
000.e
1ee2
1ee2
.
e10
000.e
1ee2
abc
000.e
1ee2
1ee2
abc
.
-
-
++1
+
1e
1.2.3
.
1e+
1e+
1e+
++1
0e
000.e
+
e10
0e
.
1e+
.
+
1.2.3
1e-
1e+
1ee2
-
1e-
abc
-
++1
1.2.3
1e
.
000.e
000.e
1e-
abc
-
1.2.3
1ee2
0e
abc
1.2.3
1.2.3
+
0e
abc
++1
abc
1.2.3
--2
1ee2
1e
++1
+
1ee2
+
-
+
1ee2
1ee2
-
abc
1ee2
-
1e-
1.2.3
-
-
1ee2
.
1e+
1e+
1ee2
1e
+
1ee2
1e+
++1
-
1ee2
+
1ee2
.
1e-
1e+
1e+
+
1e
1ee2
1ee2
1e-
0e
e10
+
e10
.
1.2.3
++1
abc
-
-
--2
1ee2
abc
abc
1e+
1e+
.
-
e10
0e
1e+
1ee2
+
000.e
1e-
1ee2
0e
abc
1e
+
1e-
+
abc
.
--2
0e
1e
1e-
1e
1e
+
++1
+
1.2.3
1e
1ee2
0e
1e-
--2
++1
.
e10
1ee2
1e+
++1
1e-
.
abc
+
1e
1e
1e
1.2.3
1e-
1e
0e
1e
1e-
1e-
1e-
--2
1e-
e10
0e
1.2.3
++1
++1
-
abc
e10
1e-
abc
e10
0e
.
abc
+
++1
1e+
-
-
1e+
1ee2
++1
+
-
+
1ee2
-
+
+
1e+
++1
++1
1e-
1e
-
0e
1e-
e10
++1
--2
--2
e10
++1
++1
000.e
abc
++1
e10
1.2.3
abc
000.e
abc
--2
1.2.3
abc
0e
++1
1e-
-
000.e
1e+
1.2.3
e10
--2
1.2.3
1e-
1e
1e
abc
++1
1.2.3
e10
.
abc
1e-
+
1e
-
.
1e
abc
++1
0e
abc
1.2.3
1e-
1e-
1e+
++1
abc
--2
000.e
--2
++1
000.e
+
1ee2
1.2.3
.
e10
e10
.
--2
1ee2
000.e
.
1.2.3
1ee2
1e+
+
abc
1.2.3
1e+
e10
1e+
000.e
1ee2
1ee2
0e
++1
abc
abc
1.2.3
-
-
0e
0e
++1
1ee2
000.e
1e+
e10
000.e
++1
1e+
.
abc
0e
+
000.e
1e
1.2.3
.
.
+
-
e10
--2
1ee2
1.2.3
.
1e+
1.2.3
0e
1e
1e+
1e
1ee2
1e-
e10
++1
+
abc
1e-
++1
1e-
--2
++1
.
0e
1.2.3
0e
e10
0e
1.2.3
-
1e+
abc
++1
1ee2
e10
0e
1e+
-
abc
abc
-
+
1e+
1ee2
-
1ee2
1e+
1e-
1e-
.
1.2.3
+
++1
1e-
++1
0e
1.2.3
000.e
1e
e10
--2
--2
--2
1e-
+
0e
1e
+
+
+
1.2.3
abc
--2
0e
--2
++1
1ee2
--2
+
1.2.3
0e
1e
.
000.e
e10
--2
1e-
1.2.3
1.2.3
0e
1e-
1ee2
abc
1e
1e+
1e-
1ee2
abc
--2
1.2.3
1.2.3
000.e
1e-
1e+
1e-
+
e10
-
1e+
1e
--2
++1
abc
1e
1e
1e
1ee2
++1
000.e
1e+
abc
-
abc
++1
e10
000.e
1ee2
1e
000.e
000.e
-
.
1.2.3
1e+
0e
1e
1e+
--2
1e-
1e-
abc
abc
++1
1e-
1e-
.
000.e
abc
000.e
abc
1.2.3
-
0e
--2
1ee2
+
.
1e
+
1e-
--2
-
abc
1.2.3
0e
.
1e+
e10
++1
1e
e10
abc
abc
++1
--2
++1
1e-
e10
1ee2
+
+
1ee2
.
1e
abc
000.e
++1
0e
000.e
1ee2
0e
.
1e+
0e
1e+
000.e
1e
1e-
.
abc
0e
+
++1
1ee2
-
0e
-
abc
1e+
e10
++1
1.2.3
++1
1e+
+
--2
++1
abc
1ee2
000.e
++1
++1
000.e
--2
+
++1
abc
1ee2
e10
++1
1ee2
+
+
0e
abc
+
e10
1e-
1e+
.
1.2.3
1e-
1e-
.
abc
1e
+
--2
1e+
--2
000.e
++1
1.2.3
1e
000.e
abc
1ee2
--2
1ee2
1.2.3
1e+
.
.
000.e
.
-
1e-
1.2.3
1.2.3
.
.
.
1ee2
e10
++1
abc
abc
1e-
1e
1e-
+
e10
1e+
1e-
--2
1.2.3
abc
000.e
1e+
000.e
++1
0e
++1
.
--2
1ee2
0e
1.2.3
--2
abc
--2
.
++1
-
1.2.3
abc
++1
1e-
--2
1ee2
.
abc
0e
++1
abc
0e
+
1.2.3
.
++1
1e
++1
1ee2
1e-
+
1.2.3
++1
0e
.
1ee2
++1
1e+
0e
abc
1e-
0e
1e+
1e+
1e
0e
++1
1e
000.e
++1
abc
++1
abc
-
1.2.3
1e+
.
1ee2
-
000.e
--2
1.2.3
000.e
+
1.2.3
0e
.
0e
1e
1e-
abc
1.2.3
-
1.2.3
-
000.e
e10
++1
--2
1ee2
.
1e+
abc
++1
1e
.
1e
abc
e10
--2
1e+
.
1.2.3
1ee2
1e
e10
++1
1e
1e
0e
+
1e
+
++1
000.e
000.e
1ee2
0e
-
1ee2
e10
+
--2
1e+
1.2.3
+
--2
++1
1.2.3
0e
1e-
.
+
1e+
-
-
1.2.3
0e
000.e
1.2.3
1.2.3
.
1ee2
e10
1.2.3
--2
--2
1e
1e
abc
1e-
--2
-
1e-
1.2.3
abc
+
1e
1e
1e-
abc
1e+
.
1ee2
+
--2
abc
abc
1.2.3
e10
1.2.3
1.2.3
e10
000.e
abc
1ee2
e10
abc
--2
1ee2
abc
000.e
1e-
000.e
000.e
e10
1ee2
e10
000.e
1e+
e10
++1
++1
0e
-
++1
abc
e10
1e
abc
e10
1.2.3
.
1e
1e+
abc
1ee2
1ee2
++1
e10
.
1ee2
.
++1
000.e
+
000.e
-
1e
+
1.2.3
++1
1ee2
1e-
1.2.3
000.e
1e+
0e
abc
1e+
e10
1e-
1ee2
1e+
--2
1.2.3
1e
0e
1ee2
e10
.
1e+
1e-
1e+
--2
++1
0e
1.2.3
1.2.3
--2
-
1e
.
000.e
abc
1ee2
--2
1e
+
1ee2
+
++1
-
-
+
1ee2
-
++1
1.2.3
0e
1e+
1e+
0e
1e+
1ee2
++1
1e
--2
++1
e10
++1
1.2.3
1e-
1e-
-
-
1e-
abc
abc
1ee2
0e
.
1e-
0e
.
1ee2
1.2.3
1e
++1
1.2.3
1e-
1e
0e
abc
000.e
1e+
1e-
1e
abc
1e
e10
++1
.
1e+
000.e
e10
0e
--2
1.2.3
1.2.3
.
abc
1.2.3
.
1e-
1e-
1e+
e10
1e
e10
.
0e
1e-
abc
abc
++1
--2
++1
1e-
.
abc
abc
e10
++1
1e
0e
++1
1.2.3
000.e
-
1ee2
1e-
000.e
abc
1e
1e+
abc
++1
1e-
e10
+
--2
-
1e
++1
abc
-
abc
e10
e10
1e-
--2
1e-
-
e10
+
1e-
+
1e+
--2
0e
abc
0e
1e+
++1
1ee2
1.2.3
.
.
0e
--2
1.2.3
++1
--2
0e
1e
1e-
+
.
0e
1e
abc
+
1e
+
abc
-
0e
0e
e10
1ee2
1e-
e10
000.e
-
--2
abc
1e-
000.e
1e+
1e-
+
-
1e-
.
1e-
-
+
-
+
000.e
0e
1ee2
1e+
1.2.3
1e
1e
.
1e+
0e
--2
0e
1.2.3
000.e
1e
-
e10
1e
000.e
abc
1e+
e10
1e
1e+
.
000.e
+
+
e10
1e
1ee2
abc
abc
abc
--2
abc
--2
1.2.3
1e
1e+
1e+
1e-
000.e
0e
0e
e10
.
1ee2
+
++1
1e
--2
000.e
+
+
000.e
0e
--2
0e
1.2.3
--2
000.e
1e+
1e-
1ee2
++1
-
-
1ee2
1e
abc
e10
1e
--2
+
++1
0e
000.e
++1
--2
1.2.3
1e
1e
-
.
1ee2
abc
1e-
.
+
-
--2
000.e
++1
000.e
1e+
1e
+
-
0e
e10
000.e
-
1e-
--2
--2
+
++1
1e-
.
0e
-
-
+
000.e
0e
++1
--2
.
++1
1ee2
1e-
.
-
1e-
.
--2
+
--2
++1
++1
1e-
.
-
1e+
0e
1ee2
--2
e10
-
1e
--2
+
-
.
abc
+
1e+
1e
1.2.3
1.2.3
1e+
1ee2
1ee2
1e
0e
1e+
1e+
e10
1e-
abc
1ee2
1e-
e10
+
000.e
.
0e
-
1.2.3
-
1ee2
++1
+
--2
++1
++1
1e
1ee2
+
.
1e+
+
+
+
--2
--2
1ee2
000.e
000.e
+
.
--2
-
++1
1e+
1e-
--2
abc
e10
++1
++1
++1
e10
0e
0e
1e
1ee2
1ee2
1e+
--2
e10
--2
--2
1e-
++1
1e
++1
abc
-
000.e
000.e
-
1e
.
1e
e10
1e+
1e-
1e
1e+
++1
1e+
1e-
abc
000.e
1e+
000.e
+
.
1e+
1e+
1e+
e10
+
++1
000.e
000.e
1e-
0e
000.e
1ee2
1e-
+
e10
1e
.
1e-
1ee2
++1
abc
e10
abc
e10
1e-
e10
000.e
1e+
--2
e10
1ee2
0e
1e
.
1ee2
1e+
1e
1e+
+
000.e
1e-
1e+
.
+
1ee2
0e
.
0e
1e+
-
+
1e-
0e
1.2.3
1e
1.2.3
++1
1ee2
1e
1ee2
++1
++1
1ee2
0e
+
--2
000.e
.
000.e
--2
--2
--2
1e
1e
++1
+
abc
0e
1e-
1e+
1e+
+
.
++1
1e-
0e
000.e
+
+
.
1e
1e
1e+
0e
++1
e10
1e-
0e
1e
e10
-
abc
1e
-
--2
abc
1e-
1.2.3
0e
1.2.3
0e
1.2.3
1ee2
abc
1e-
e10
000.e
--2
1e+
1e+
--2
0e
0e
--2
++1
1.2.3
1ee2
1ee2
+
1e-
0e
1.2.3
1e-
abc
1e+
0e
1e+
-
--2
e10
e10
e10
++1
abc
e10
1ee2
--2
1.2.3
1.2.3
abc
.
.
1e-
-
1ee2
1e
+
+
0e
.
-
++1
1e-
--2
++1
e10
0e
+
000.e
1e-
1.2.3
1ee2
0e
1ee2
1ee2
0e
.
000.e
1e
000.e
abc
0e
--2
e10
000.e
000.e
1e
1e+
1.2.3
++1
1ee2
+
1e
1.2.3
1ee2
--2
1e
abc
abc
.
1.2.3
-
++1
e10
abc
-
000.e
1.2.3
e10
000.e
.
-
+
1ee2
1ee2
abc
++1
0e
abc
0e
000.e
-
+
0e
++1
e10
abc
e10
1e
--2
.
1.2.3
.
1.2.3
1.2.3
1.2.3
e10
++1
1ee2
++1
--2
--2
abc
e10
0e
1ee2
++1
-
1e
1e+
1e-
1ee2
1e
1e+
abc
0e
1ee2
1e
+
+
e10
1.2.3
-
0e
++1
000.e
++1
1e-
abc
1ee2
.
+
+
000.e
e10
+
1ee2
+
--2
1e+
1e-
+
-
e10
0e
e10
+
000.e
abc
0e
1e+
0e
1e-
+
000.e
1.2.3
-
1e
000.e
-
abc
1.2.3
1e+
-
-
0e
-
e10
--2
000.e
1e+
1e
--2
.
-
.
1e
1e-
1ee2
1e-
1e-
1e
1ee2
000.e
0e
000.e
1ee2
abc
000.e
0e
0e
-
0e
++1
1ee2
-
+
1e+
e10
++1
1e
1ee2
1e+
0e
0e
1e
1e+
abc
1e-
0e
-
1ee2
--2
0e
e10
.
-
000.e
-
+
1e
++1
1ee2
1.2.3
1ee2
abc
1e-
1e-
1.2.3
1e
1e-
.
1e
0e
++1
++1
000.e
.
1ee2
++1
1e-
1e
1e
0e
++1
1.2.3
1e+
1ee2
1e-
+
1e
++1
1e+
0e
-
+
--2
1.2.3
++1
--2
1.2.3
1e-
-
--2
1.2.3
--2
-
0e
000.e
--2
1.2.3
1.2.3
-
0e
++1
+
0e
.
.
-
++1
1e-
e10
++1
+
000.e
000.e
000.e
--2
1e-
abc
1e-
.
000.e
000.e
1.2.3
++1
.
1.2.3
1.2.3
e10
abc
--2
1.2.3
1e
-
abc
.
0e
e10
000.e
+
1ee2
1e+
1e+
1e-
1e+
.
.
--2
1.2.3
0e
e10
e10
1e-
--2
0e
1ee2
++1
1ee2
++1
e10
++1
1e+
++1
1.2.3
-
1e-
.
000.e
.
1ee2
000.e
1e+
000.e
-
0e
1.2.3
--2
1ee2
e10
--2
1.2.3
--2
1ee2
-
0e
--2
+
1.2.3
+
1e-
000.e
abc
.
++1
--2
-
+
e10
abc
0e
0e
0e
-
1.2.3
000.e
.
-
.
1e+
--2
1ee2
.
1ee2
1e-
+
.
1e-
000.e
0e
1e
1e-
+
.
1e+
.
e10
--2
.
++1
1e
1e-
1.2.3
1e
1ee2
.
-
++1
+
e10
.
e10
1.2.3
+
1.2.3
0e
e10
1.2.3
++1
1e+
.
.
1e+
1ee2
++1
+
-
abc
abc
abc
e10
1e-
.
abc
.
1e-
--2
1ee2
++1
-
+
0e
+
0e
--2
e10
000.e
abc
000.e
--2
1ee2
000.e
1e+
1e+
e10
+
1e
1.2.3
1e+
++1
0e
-
e10
1ee2
.
1e
1ee2
e10
abc
1e+
1e-
+
++1
000.e
.
000.e
+
1.2.3
1e
0e
1e-
.
0e
++1
--2
e10
abc
--2
1e+
1e
1e+
1ee2
000.e
-
0e
++1
1e-
--2
abc
000.e
0e
1e+
--2
1e-
++1
e10
--2
-
1ee2
+
1e+
000.e
e10
-
1e-
0e
-
1e+
1e
000.e
0e
abc
1e
0e
+
++1
e10
e10
1e+
--2
++1
e10
e10
1ee2
e10
e10
+
e10
1e-
e10
++1
1.2.3
+
abc
e10
-
1e
abc
abc
1e
000.e
++1
000.e
000.e
1.2.3
1.2.3
0e
--2
.
000.e
1.2.3
.
1.2.3
1.2.3
000.e
e10
--2
--2
1e-
000.e
0e
1e+
1ee2
1e+
.
+
-
000.e
0e
1e+
1e+
abc
-
e10
e10
1e-
1e-
+
1e+
abc
000.e
-
1e-
1ee2
000.e
-
--2
1.2.3
1e-
--2
1.2.3
e10
e10
++1
++1
++1
1ee2
--2
1e
0e
1ee2
++1
--2
-
1e-
-
.
--2
--2
+
1ee2
abc
1.2.3
e10
1ee2
1e+
--2
1e
1e
--2
1ee2
abc
+
abc
1.2.3
1e+
1ee2
.
1e-
++1
1e-
++1
.
0e
0e
.
1ee2
1.2.3
1ee2
e10
1e
1e
1e+
1e+
0e
0e
1.2.3
1e
--2
1e-
+
e10
e10
1e
000.e
1.2.3
--2
+
++1
+
.
abc
+
.
--2
+
-
0e
.
+
abc
++1
e10
0e
0e
1e+
1e
1e-
1.2.3
1e-
+
+
+
++1
1e
abc
-
1.2.3
e10
++1
.
--2
000.e
+
.
-
1e
1e-
.
1e-
1.2.3
1e+
1.2.3
++1
abc
1e+
abc
.
.
e10
1e-
-
0e
++1
+
000.e
1e
0e
1ee2
1e-
--2
1e
+
++1
+
000.e
abc
e10
abc
++1
+
1e
1ee2
abc
+
1e
0e
-
abc
1.2.3
0e
000.e
--2
0e
0e
0e
-
--2
1ee2
1ee2
++1
1e
.
1ee2
000.e
e10
1.2.3
0e
1e+
1ee2
000.e
1e+
--2
e10
1e
+
++1
--2
000.e
++1
.
.
1e+
1.2.3
++1
1.2.3
++1
+
abc
++1
.
000.e
1e-
.
e10
.
.
-
-
0e
-
1e-
+
1ee2
0e
e10
++1
1e
0e
abc
abc
-
+
0e
abc
++1
1e+
+
abc
++1
+
--2
+
e10
+
1e+
1.2.3
--2
e10
e10
abc
+
-
.
0e
1e
000.e
e10
++1
1ee2
1ee2
0e
--2
0e
1.2.3
1e+
++1
1ee2
000.e
abc
1.2.3
abc
1.2.3
000.e
++1
1.2.3
0e
.
.
1.2.3
++1
abc
0e
e10
1.2.3
e10
1e-
1e+
++1
++1
e10
000.e
1e+
1e
+
1e-
1e-
1ee2
++1
1e
e10
1.2.3
--2
1.2.3
1e
000.e
e10
--2
e10
e10
1e-
.
000.e
++1
1e+
1e-
--2
1e
-
1ee2
-
--2
.
-
1e+
1.2.3
0e
1e+
1.2.3
--2
--2
-
1ee2
0e
+
+
--2
abc
1ee2
.
1e
abc
--2
.
1e
1.2.3
1.2.3
000.e
1e+
1ee2
000.e
000.e
-
-
.
--2
abc
000.e
-
000.e
1e-
0e
1ee2
1.2.3
1e+
000.e
1e
abc
-
1e-
--2
0e
-
1e-
-
-
1ee2
.
1ee2
++1
--2
++1
.
1e+
abc
000.e
.
e10
1e
e10
abc
0e
--2
+
--2
abc
e10
-
+
1e+
1ee2
++1
e10
000.e
0e
1e+
e10
abc
abc
1ee2
1.2.3
1e
0e
e10
1ee2
1e
1e-
-
e10
1ee2
1e
--2
1e
++1
-
+
1e+
++1
+
0e
1e+
000.e
0e
1e
e10
0e
abc
--2
1e-
e10
e10
1e
000.e
abc
e10
1e
e10
.
000.e
0e
1e
.
-
.
++1
000.e
1e-
+
1.2.3
++1
.
1e-
1e
1ee2
1e+
1e
+
.
1.2.3
1ee2
1ee2
1e
1.2.3
.
1e+
--2
1e
.
abc
--2
1.2.3
++1
0e
1ee2
1e+
+
1ee2
.
1e
1e+
000.e
+
e10
0e
e10
0e
1e-
1e
++1
1e-
1e+
1e-
abc
1e
+
1.2.3
++1
1e+
.
1.2.3
1.2.3
1e-
1.2.3
+
++1
-
000.e
.
0e
e10
--2
1ee2
1.2.3
1e
1e
--2
--2
--2
--2
1e+
++1
000.e
1.2.3
--2
e10
1e
1e+
1e+
000.e
1.2.3
1e-
+
e10
1e
+
1ee2
e10
0e
++1
--2
1.2.3
1.2.3
1e+
0e
1.2.3
e10
-
.
0e
000.e
1e-
++1
--2
--2
e10
.
e10
1ee2
000.e
e10
1e-
--2
0e
1e-
+
1e-
-
1ee2
abc
.
-
000.e
abc
--2
1ee2
+
1e+
--2
1.2.3
e10
1ee2
--2
++1
1.2.3
++1
1ee2
1.2.3
1e-
1e
-
-
1ee2
1e+
1.2.3
1e
1e+
+
000.e
-
1.2.3
.
1e-
e10
1e
abc
-
--2
.
+
000.e
1.2.3
++1
0e
.
1e+
1e-
+
1e
0e
1ee2
1e+
1e-
++1
000.e
000.e
e10
--2
1ee2
1ee2
1e-
.
000.e
0e
1e-
+
-
abc
++1
-
abc
+
1e
1ee2
++1
1ee2
1e+
1e-
.
e10
1.2.3
.
--2
1e
0e
0e
+
abc
1ee2
1e
1e+
0e
1e
1e-
1e
1ee2
0e
e10
e10
.
+
abc
1ee2
++1
.
+
000.e
1e+
abc
--2
++1
++1
1.2.3
1e-
1.2.3
e10
1e+
1e+
++1
1ee2
++1
000.e
1ee2
1e-
--2
-
abc
.
e10
-
.
1ee2
--2
1e
1ee2
0e
--2
abc
1e-
+
e10
1ee2
--2
--2
1.2.3
1e+
1e
1e-
1e+
1ee2
0e
abc
abc
-
000.e
1e
abc
.
0e
abc
1.2.3
0e
.
--2
1e+
++1
--2
1.2.3
-
0e
1.2.3
abc
e10
0e
1e-
1e
000.e
1ee2
1e+
-
.
--2
1e+
1.2.3
1ee2
abc
.
0e
++1
e10
++1
abc
+
1e+
-
abc
abc
1.2.3
1e-
.
000.e
1e+
++1
1.2.3
abc
++1
--2
0e
++1
1e
0e
1e
-
1e-
000.e
0e
e10
1e+
1ee2
e10
.
-
.
1ee2
1e-
-
+
1e-
++1
-
0e
1e+
-
+
-
abc
1ee2
+
--2
.
0e
1e-
1e
1e-
0e
1.2.3
0e
--2
++1
0e
000.e
1ee2
1e-
0e
1e-
1e
0e
abc
-
--2
1.2.3
abc
1.2.3
e10
--2
.
-
1e-
++1
1e
1ee2
++1
.
.
--2
++1
--2
1e
-
--2
e10
abc
1.2.3
1.2.3
--2
1e-
.
1.2.3
1ee2
abc
abc
0e
1ee2
1e+
1e+
.
1.2.3
1ee2
1ee2
abc
1e
1e-
000.e
abc
1.2.3
e10
abc
0e
.
1e
0e
+
000.e
1e+
0e
abc
-
-
e10
1.2.3
000.e
--2
++1
.
1e+
1.2.3
1ee2
1e
-
e10
--2
1e
.
abc
abc
1e+
1.2.3
--2
1e-
000.e
e10
.
0e
0e
1e
000.e
1e-
1e
++1
0e
1ee2
1e
-
++1
1ee2
.
1e-
000.e
-
e10
++1
1.2.3
1e+
e10
-
0e
+
1.2.3
0e
.
+
abc
1e
1e-
.
1.2.3
+
abc
0e
--2
1e+
e10
++1
+
e10
1ee2
.
1ee2
e10
++1
e10
abc
-
e10
1e+
++1
1e
++1
.
1e-
000.e
.
1.2.3
000.e
abc
1e+
1ee2
.
000.e
000.e
0e
0e
1ee2
e10
e10
0e
--2
000.e
+
abc
++1
1e
1ee2
1e-
e10
000.e
1e
1.2.3
1e+
--2
+
0e
1e-
+
0e
++1
-
+
e10
abc
++1
--2
1e-
.
abc
.
1ee2
e10
++1
-
e10
1e
000.e
--2
e10
.
-
1.2.3
1e
+
1e-
++1
++1
000.e
1ee2
1.2.3
e10
1e
e10
--2
-
0e
+
--2
1.2.3
e10
1.2.3
000.e
--2
e10
1ee2
.
.
+
0e
+
e10
0e
1e
+
1e-
1.2.3
abc
1.2.3
0e
+
1.2.3
.
000.e
.
.
000.e
1.2.3
1e
1ee2
1.2.3
e10
+
++1
.
0e
1e
e10
1e+
000.e
-
1e+
1.2.3
++1
.
++1
000.e
0e
1ee2
++1
++1
--2
.
1e+
1e+
+
1e-
1ee2
1e+
+
1e
1.2.3
++1
000.e
++1
1e+
+
1.2.3
1e
1e-
1e+
000.e
--2
0e
1e
1ee2
--2
1e+
e10
000.e
.
abc
0e
1e+
abc
1.2.3
1ee2
--2
e10
--2
e10
-
000.e
.
++1
--2
.
1ee2
++1
1e-
abc
.
1e+
1.2.3
.
++1
1ee2
+
.
+
abc
1ee2
000.e
1.2.3
-
1e-
.
+
1e-
0e
1e
1e
-
0e
1e
+
0e
0e
e10
++1
e10
1ee2
000.e
+
--2
-
1e
1.2.3
-
+
1e-
++1
000.e
+
0e
1e-
1.2.3
1ee2
abc
000.e
1e+
000.e
1e-
-
-
1ee2
-
.
++1
1ee2
1e+
1e
--2
-
0e
000.e
1e
e10
.
0e
.
+
--2
1.2.3
.
+
1.2.3
-
e10
000.e
e10
abc
1ee2
.
e10
0e
abc
000.e
000.e
abc
000.e
1e-
1e+
abc
-
0e
1e-
1e+
--2
--2
1e+
1e+
--2
1e-
--2
1.2.3
000.e
000.e
1ee2
1ee2
000.e
1e-
--2
1ee2
1e
abc
abc
++1
e10
000.e
1e-
1e+
000.e
.
0e
1.2.3
1e
1ee2
1e
+
abc
1e+
.
.
.
1e-
--2
.
abc
-
e10
1e-
1e-
++1
1e
1.2.3
abc
++1
000.e
.
0e
--2
1e
.
-
1e+
++1
1ee2
0e
1e+
1e-
1.2.3
e10
000.e
1e-
--2
1e
1.2.3
.
1ee2
1.2.3
.
1e+
-
-
000.e
1e
1ee2
--2
1e+
abc
1e
.
+
0e
1e-
abc
000.e
1e+
.
1e
.
1e+
.
-
e10
1e+
000.e
1e
1e
0e
--2
1e
-
0e
1e-
--2
++1
.
abc
000.e
--2
1e-
0e
000.e
+
0e
1e
1e+
+
1e
+
++1
1e+
0e
abc
e10
1e-
+
1ee2
abc
e10
1e-
abc
1e-
e10
1e+
000.e
1e+
e10
1e+
.
abc
1.2.3
-
--2
1.2.3
++1
1ee2
1ee2
1.2.3
000.e
-
1ee2
e10
+
000.e
abc
++1
1e+
e10
1.2.3
1e
1e+
-
++1
000.e
+
1ee2
0e
1e
1ee2
e10
+
1e-
1e
0e
e10
1e-
e10
1e
e10
-
1.2.3
e10
0e
1ee2
1e+
+
1e-
1e
+
e10
++1
abc
1ee2
.
1e
0e
.
--2
-
1.2.3
1e-
++1
e10
-
1ee2
000.e
e10
+
1e
e10
--2
1e+
-
+
1e-
-
-
-
0e
-
1e
+
+
--2
1e-
.
1.2.3
-
1e+
1ee2
0e
1ee2
0e
0e
1e+
000.e
-
000.e
+
1e-
abc
1e
0e
1e
abc
-
1e
e10
--2
1.2.3
1.2.3
-
abc
--2
1e+
1ee2
abc
1e
e10
1e+
1ee2
abc
e10
e10
++1
+
-
abc
000.e
1.2.3
abc
1ee2
1e-
e10
abc
e10
e10
1ee2
--2
1e+
abc
-
1.2.3
+
e10
000.e
000.e
+
1e-
1e
1ee2
e10
abc
1.2.3
abc
1e-
abc
.
abc
1e-
.
1.2.3
1e-
+
1ee2
1ee2
abc
1.2.3
0e
1e
1e
+
-
-
e10
+
1.2.3
+
1e+
+
-
1.2.3
-
1e
++1
1ee2
000.e
--2
1e+
0e
1e-
e10
.
--2
0e
1ee2
e10
0e
--2
abc
abc
abc
+
1e+
1.2.3
--2
++1
+
1e
1e
1ee2
000.e
1ee2
--2
e10
++1
-
abc
.
1ee2
+
e10
.
-
abc
0e
0e
1e
+
1e+
+
1ee2
--2
e10
+
--2
1ee2
+
1ee2
++1
-
1.2.3
000.e
-
1e-
++1
+
1ee2
e10
abc
--2
++1
1ee2
000.e
.
abc
e10
.
-
1.2.3
--2
1e
1e-
1.2.3
000.e
.
1e+
+
++1
++1
1e-
1e
1e-
e10
1e-
-
0e
-
1ee2
1e-
++1
000.e
--2
000.e
1.2.3
--2
+
000.e
0e
1e+
1.2.3
1ee2
.
abc
0e
++1
++1
.
abc
.
1.2.3
.
1e
000.e
1e-
1ee2
1e+
-
1e+
abc
0e
+
++1
++1
abc
000.e
000.e
1.2.3
1ee2
1e
0e
abc
1e+
--2
1e
--2
-
1ee2
abc
1.2.3
000.e
+
1e+
1e+
1ee2
-
000.e
1e+
0e
abc
--2
1.2.3
.
e10
1ee2
++1
0e
+
0e
000.e
1ee2
+
1e+
-
1e+
abc
000.e
000.e
.
0e
1e-
1e+
--2
1.2.3
0e
++1
abc
1e+
-
1ee2
.
1e-
1e+
0e
1e+
abc
-
.
--2
++1
++1
1e
000.e
1ee2
1e-
1ee2
+
.
000.e
1e
e10
++1
++1
-
-
--2
--2
1ee2
1e-
++1
1.2.3
1e
1.2.3
-
1e
+
abc
+
1ee2
1ee2
000.e
abc
1.2.3
abc
000.e
1ee2
--2
1ee2
1e+
++1
e10
000.e
e10
.
1e+
-
-
--2
1ee2
000.e
.
1e-
1e-
1e+
0e
000.e
.
000.e
+
e10
1e
1ee2
000.e
e10
1ee2
000.e
abc
1e+
1e
.
abc
0e
e10
-
+
+
1e-
1e
1e-
+
1ee2
abc
abc
0e
++1
1e
1e+
e10
-
e10
--2
--2
--2
abc
1e+
e10
--2
000.e
000.e
+
--2
++1
-
1ee2
1e
--2
abc
-
.
-
1ee2
1e
e10
+
000.e
1e-
abc
.
++1
--2
abc
0e
1e
-
1e+
++1
abc
1.2.3
abc
.
--2
1e-
1.2.3
1e
1.2.3
1e-
1.2.3
000.e
1.2.3
1e
++1
e10
1ee2
abc
abc
000.e
+
++1
-
++1
1.2.3
1e+
1e+
e10
++1
1e-
1e
1.2.3
1ee2
1.2.3
abc
--2
-
.
1e-
1.2.3
000.e
0e
1e+
--2
--2
000.e
1ee2
1e
0e
abc
++1
abc
000.e
.
0e
--2
1e
-
-
++1
e10
abc
1e+
1e+
000.e
1e-
-
1e
1ee2
1e
1e-
++1
abc
000.e
1e
1e
+
1e-
e10
++1
0e
++1
-
1e
abc
1ee2
1.2.3
1e-
1e-
.
1e+
1e+
1e
000.e
0e
1e
--2
+
1.2.3
--2
1.2.3
abc
abc
1ee2
1.2.3
++1
1.2.3
000.e
+
.
000.e
1ee2
-
1e
++1
1e
+
1ee2
1.2.3
-
1ee2
--2
e10
1e-
abc
e10
1e
1e+
1e-
1ee2
+
1e+
0e
++1
e10
1.2.3
0e
1e
1.2.3
-
1e-
1ee2
1ee2
+
1e+
.
0e
1e-
1e+
0e
-
e10
.
1.2.3
1e+
0e
--2
++1
.
0e
--2
1e+
000.e
1e-
1e
1ee2
1ee2
1ee2
1ee2
.
++1
--2
1e+
0e
000.e
e10
000.e
++1
e10
1e
1ee2
1ee2
0e
1.2.3
1.2.3
1.2.3
0e
000.e
1e+
1e+
-
1e+
1ee2
0e
--2
1e-
1e-
++1
.
1ee2
1e+
-
+
-
e10
000.e
--2
++1
0e
-
.
1.2.3
++1
1.2.3
1e-
e10
.
e10
.
0e
1.2.3
abc
abc
1e+
1e
1e+
-
--2
0e
e10
1e+
1.2.3
.
1e
+
1e
.
1ee2
1ee2
1e+
+
--2
--2
-
0e
1ee2
1e
--2
000.e
.
1e
+
e10
1ee2
1e+
1ee2
++1
++1
0e
e10
1e-
000.e
000.e
abc
1.2.3
e10
++1
0e
++1
abc
--2
abc
1e
0e
-
e10
1.2.3
e10
1e
0e
++1
+
1e+
000.e
.
000.e
.
1ee2
++1
000.e
1e+
abc
0e
-
1e
1e+
+
000.e
1ee2
.
-
1ee2
e10
0e
.
0e
1e-
--2
1e
1e+
1e+
1e+
e10
abc
e10
000.e
1e
--2
1e-
--2
e10
+
1e
.
000.e
abc
--2
1e+
000.e
abc
1e-
1.2.3
+
e10
000.e
1e
0e
.
1.2.3
abc
+
+
1ee2
e10
1e-
-
1e-
e10
++1
-
++1
-
abc
e10
--2
-
1ee2
1e-
e10
1ee2
.
0e
1ee2
e10
abc
1ee2
++1
-
.
1e
-
.
--2
+
++1
++1
000.e
1e
1e-
1ee2
++1
e10
1e-
1ee2
1ee2
--2
1ee2
1e
1ee2
1ee2
abc
1ee2
1e-
e10
++1
+
--2
1e
1e
1e+
1.2.3
0e
1e
1e+
++1
000.e
1ee2
.
--2
++1
0e
+
1ee2
++1
1e+
000.e
abc
abc
1ee2
abc
+
++1
.
1e
0e
e10
++1
1e+
1e+
0e
++1
abc
+
1ee2
1.2.3
1e
1ee2
1e
000.e
--2
+
abc
abc
1e+
++1
1ee2
1e-
1.2.3
000.e
abc
0e
1e-
000.e
1e-
.
1e
+
abc
-
.
1.2.3
1e
0e
1e+
abc
1e-
++1
.
abc
.
-
1ee2
1.2.3
1e+
abc
abc
0e
e10
1e+
000.e
1e+
-
1e+
e10
.
000.e
abc
--2
1ee2
1e+
000.e
0e
0e
1ee2
1.2.3
1e
e10
abc
000.e
abc
1e+
1.2.3
1.2.3
1e
000.e
--2
1.2.3
--2
1ee2
-
1e-
e10
1.2.3
0e
+
e10
1e-
1e
000.e
1e-
++1
1e-
+
1.2.3
1e-
+
1ee2
1.2.3
+
1.2.3
000.e
.
e10
--2
1e+
+
e10
.
1.2.3
--2
-
+
1e
e10
abc
-
e10
--2
0e
-
1e+
1e-
--2
abc
000.e
1e-
1ee2
1.2.3
1ee2
abc
1ee2
.
1e
-
1.2.3
1e+
1e
0e
000.e
0e
e10
000.e
-
abc
-
000.e
-
000.e
.
.
+
0e
--2
1e
e10
abc
abc
1e
++1
1.2.3
0e
1e
--2
1e-
1e+
--2
-
1e+
1ee2
--2
abc
-
1.2.3
1e
abc
-
1.2.3
1e-
+
1.2.3
000.e
--2
1e
abc
0e
000.e
1e-
-
1e-
1e+
++1
1ee2
000.e
1e
++1
++1
-
+
e10
+
1e
1ee2
-
1e-
1e+
+
-
.
1e-
abc
--2
+
++1
--2
++1
0e
e10
--2
--2
e10
1ee2
1e
++1
--2
1e-
+
++1
1.2.3
1.2.3
1e-
1e
e10
1e-
e10
0e
.
++1
e10
000.e
++1
1ee2
e10
000.e
++1
0e
1ee2
abc
+
000.e
1ee2
+
1.2.3
0e
1.2.3
abc
--2
++1
1e+
+
1e
.
abc
e10
1ee2
1ee2
1e+
++1
+
1e+
abc
e10
.
--2
0e
++1
e10
.
1e+
1.2.3
1e
--2
e10
1.2.3
1.2.3
0e
1e
0e
1e+
1e
1.2.3
1e+
-
+
--2
e10
1.2.3
1ee2
++1
1e
1e+
0e
000.e
1e+
000.e
1.2.3
abc
1e-
e10
1e-
++1
1e-
.
1e+
1e+
--2
++1
1e-
++1
--2
+
+
1e-
1e-
1.2.3
000.e
abc
1ee2
.
--2
1e-
.
+
.
-
++1
e10
0e
000.e
+
+
e10
e10
1e
++1
1e
+
++1
e10
000.e
e10
1e+
.
-
+
0e
1.2.3
1e
1e
1.2.3
++1
0e
000.e
1e
.
000.e
e10
000.e
1e-
1ee2
++1
1e+
0e
1e
1e
1.2.3
1e
1e
1e
1e
1e-
0e
++1
000.e
.
0e
abc
000.e
abc
1ee2
1.2.3
0e
-
-
-
++1
.
000.e
abc
+
abc
1e-
.
1e
--2
abc
1ee2
1ee2
1e
1e
.
--2
abc
1e-
1ee2
1ee2
-
.
abc
abc
0e
++1
1.2.3
-
.
1e
e10
1e+
+
1e+
+
0e
.
000.e
1e
+
-
+
1.2.3
+
000.e
1e+
1e+
+
000.e
+
++1
0e
1.2.3
.
1e+
1e-
1e
1e+
1e-
1e
000.e
++1
1e+
++1
1e-
.
000.e
e10
++1
1e-
--2
1e+
1e+
--2
-
0e
1e-
0e
1e-
-
1e+
1e
0e
1e-
000.e
000.e
000.e
1.2.3
-
1e-
e10
e10
1ee2
abc
.
0e
+
1.2.3
1.2.3
1e
1e
+
1e-
0e
--2
+
+
1.2.3
1.2.3
abc
--2
abc
++1
.
0e
+
abc
1ee2
0e
e10
1e+
1.2.3
1ee2
+
1e+
.
1e+
abc
1e
+
e10
.
++1
e10
1ee2
.
abc
--2
1.2.3
1e
e10
-
e10
000.e
000.e
-
--2
abc
++1
1ee2
+
e10
1e-
--2
1ee2
-
e10
0e
-
.
+
+
+
1ee2
--2
--2
abc
-
e10
1e+
1ee2
++1
1.2.3
.
-
++1
++1
1.2.3
abc
1e-
--2
1.2.3
-
1.2.3
1.2.3
1e-
1ee2
abc
.
abc
1e-
-
e10
-
1e
e10
1.2.3
0e
abc
1e+
1e+
0e
1.2.3
abc
--2
1e+
abc
000.e
e10
--2
e10
-
1ee2
abc
-
0e
+
1e
e10
000.e
++1
1e
.
+
e10
e10
+
000.e
abc
1e-
1e+
.
abc
.
+
+
--2
.
++1
+
-
--2
000.e
e10
0e
1e+
1e
1e
1.2.3
1e
abc
1e+
-
++1
0e
1.2.3
e10
1e
000.e
.
1e-
--2
0e
1.2.3
+
-
1.2.3
1e+
000.e
000.e
++1
--2
0e
1e+
++1
1ee2
1e+
1ee2
e10
e10
1e+
1e
1e
1e-
abc
1e
abc
++1
.
1.2.3
++1
000.e
1ee2
++1
000.e
1.2.3
1e-
0e
+
+
000.e
--2
+
--2
++1
+
++1
++1
-
e10
1ee2
++1
0e
abc
.
0e
e10
.
abc
.
1e+
e10
.
.
1e+
++1
1e
-
0e
1e
1e+
e10
++1
.
++1
1e
1e+
+
1e+
e10
-
000.e
0e
+
1e
++1
1e
1e-
-
--2
.
++1
+
000.e
-
000.e
+
abc
++1
++1
1e
abc
-
abc
++1
.
1e-
.
000.e
1.2.3
-
+
e10
-
1e-
1e
++1
++1
abc
1e-
-
0e
1e+
e10
1.2.3
abc
1ee2
0e
1e-
abc
1e
-
abc
1ee2
abc
1e+
000.e
1e+
1.2.3
000.e
1e
--2
++1
1e
1e+
1e-
.
-
+
1e
abc
--2
1e+
1e
1e-
1.2.3
.
--2
+
1.2.3
0e
1e-
e10
1e
0e
--2
1.2.3
e10
0e
+
e10
--2
-
1ee2
1.2.3
1e-
1e+
1e
1e-
+
.
1.2.3
++1
--2
1ee2
e10
1e-
1e-
++1
000.e
000.e
1.2.3
1e
-
abc
1e-
0e
1e-
e10
-
1ee2
0e
1e
1e+
1e-
1e+
1e+
1.2.3
1e+
++1
1e-
0e
1e-
1e+
--2
1e
1e+
e10
abc
abc
1ee2
+
e10
000.e
1e+
abc
1e
-
-
++1
--2
0e
abc
000.e
1.2.3
-
0e
1e-
e10
1e+
+
abc
-
abc
-
1ee2
1e
1ee2
1.2.3
.
.
0e
0e
1.2.3
1e+
1.2.3
1e-
e10
abc
++1
0e
1.2.3
-
1.2.3
.
+
.
1e-
++1
1e
e10
++1
1.2.3
1ee2
e10
1.2.3
abc
--2
-
--2
000.e
.
1.2.3
+
1e+
1e
000.e
+
1e
++1
000.e
1.2.3
abc
1e-
1e
1ee2
--2
000.e
+
1e+
1ee2
-
1e+
+
1ee2
abc
1ee2
.
1e
e10
.
.
1ee2
0e
1e-
1e-
abc
+
abc
1ee2
0e
000.e
1e-
e10
e10
--2
000.e
000.e
abc
--2
--2
abc
1e
-
e10
000.e
-
-
--2
.
++1
.
1e-
+
1e
--2
1ee2
0e
1ee2
++1
abc
0e
.
1ee2
1.2.3
.
++1
1.2.3
1e-
++1
1e-
1.2.3
++1
0e
1e-
1.2.3
++1
abc
e10
e10
1e-
1e+
-
--2
.
+
000.e
0e
0e
.
e10
1ee2
1e+
abc
0e
1e
000.e
abc
abc
1e
-
--2
1e
--2
-
-
-
-
.
1e-
--2
1.2.3
--2
1ee2
1e-
++1
1.2.3
1ee2
+
abc
++1
0e
1ee2
1ee2
1e-
-
.
0e
--2
e10
-
-
0e
e10
0e
.
abc
000.e
.
1e-
++1
1e
+
++1
0e
++1
1.2.3
+
000.e
abc
abc
000.e
1e+
-
1.2.3
--2
e10
1e+
1ee2
1e
++1
1e
1e+
1.2.3
0e
-
--2
++1
e10
.
1e+
+
+
1e-
.
abc
1e+
.
1e+
.
0e
1.2.3
-
abc
abc
1e-
0e
1.2.3
-
+
1e+
+
--2
abc
++1
000.e
.
.
1.2.3
+
1e+
-
+
abc
1e-
1e-
--2
000.e
1e+
0e
--2
e10
e10
1e+
+
+
1e-
++1
000.e
-
1.2.3
--2
1e+
1e+
1e-
1e+
--2
0e
e10
1e
+
abc
1ee2
0e
--2
+
000.e
1ee2
+
1ee2
1e+
+
000.e
0e
000.e
0e
1e+
1ee2
000.e
000.e
abc
1ee2
0e
1ee2
000.e
e10
1e+
000.e
1ee2
.
1e-
1.2.3
0e
1e-
++1
.
++1
0e
e10
abc
1e-
--2
e10
1e
.
0e
abc
0e
++1
++1
--2
--2
1.2.3
1e-
++1
1ee2
.
1e-
.
000.e
e10
e10
++1
--2
.
1ee2
1e
abc
0e
e10
++1
-
abc
e10
1ee2
++1
++1
1e-
+
0e
1e+
1e+
--2
0e
1.2.3
.
++1
+
1ee2
1ee2
000.e
++1
--2
000.e
+
000.e
e10
.
e10
-
1e+
000.e
++1
.
000.e
1e
e10
1e-
e10
000.e
1.2.3
1e
--2
1ee2
000.e
1e+
--2
-
0e
.
1ee2
-
--2
e10
abc
e10
1.2.3
1e+
--2
abc
-
000.e
1ee2
000.e
++1
++1
0e
1ee2
1.2.3
+
1ee2
e10
000.e
.
++1
1e+
1e-
--2
1e+
.
1e-
1e
1e-
1e+
.
++1
+
e10
e10
e10
abc
e10
abc
1e-
e10
1e+
1e
+
abc
1.2.3
++1
000.e
e10
.
+
1e+
1.2.3
1e
0e
.
e10
.
1e
--2
+
e10
++1
1ee2
1e
--2
1ee2
1.2.3
1.2.3
1.2.3
-
1ee2
abc
1e
e10
1e
-
-
e10
++1
e10
abc
1e
.
e10
-
+
1e-
1e
000.e
1e
.
+
--2
1e-
1e-
000.e
000.e
1e-
0e
1e-
1ee2
--2
abc
1ee2
abc
000.e
0e
++1
--2
-
+
++1
1e-
1.2.3
--2
++1
1e
abc
0e
1ee2
1e-
-
-
.
1.2.3
0e
1.2.3
.
+
0e
++1
abc
1e-
++1
1e-
abc
abc
0e
e10
1e-
.
1.2.3
.
abc
++1
++1
--2
++1
0e
1.2.3
0e
e10
1e-
.
1.2.3
.
.
--2
e10
++1
1e-
-
e10
.
--2
1ee2
000.e
--2
1ee2
0e
.
1ee2
--2
1e-
1e+
.
.
-
+
0e
1e+
+
1.2.3
0e
1e-
1ee2
1e
1.2.3
1e
1e
1e-
abc
e10
1e-
-
e10
+
abc
1e
1.2.3
0e
1e-
--2
e10
+
1.2.3
--2
1ee2
1e+
+
--2
1e+
000.e
1e-
.
abc
1e
.
++1
1e+
1e+
++1
.
1.2.3
0e
0e
1e
000.e
--2
abc
e10
++1
1e
-
0e
abc
1.2.3
000.e
.
0e
+
0e
++1
1.2.3
1e+
--2
e10
1e
++1
1e+
000.e
++1
1e+
1.2.3
000.e
1ee2
1e+
0e
1e+
abc
1e+
--2
abc
--2
1ee2
0e
-
e10
000.e
000.e
1e
-
1e
-
.
1ee2
1.2.3
000.e
abc
1ee2
abc
1e-
1e
1ee2
+
0e
--2
++1
-
1.2.3
1e-
1e-
-
.
+
+
1e
abc
abc
++1
++1
abc
1ee2
e10
1e
1e+
+
000.e
1.2.3
1e-
e10
abc
1.2.3
e10
++1
++1
-
.
1e+
++1
1e+
1e
1e
abc
1e-
+
++1
.
.
+
.
1.2.3
e10
1e-
1.2.3
abc
0e
1e
1e-
++1
abc
0e
--2
abc
1ee2
0e
000.e
abc
.
1.2.3
1.2.3
1ee2
0e
-
000.e
000.e
+
+
abc
abc
1e+
0e
--2
1.2.3
1.2.3
e10
1e-
0e
0e
+
abc
1e
--2
1e+
1.2.3
-
1.2.3
1e-
000.e
+
+
1e-
.
-
abc
1e+
1e+
+
1e+
1ee2
000.e
-
e10
1e
--2
1e+
0e
1e-
++1
1e+
1ee2
abc
0e
1e+
1ee2
++1
000.e
000.e
1.2.3
--2
-
1.2.3
-
1e-
-
+
1e+
++1
1.2.3
-
0e
+
-
1e-
1e+
++1
000.e
1e
abc
000.e
1.2.3
-
+
++1
1e-
++1
abc
--2
000.e
++1
0e
--2
1e
000.e
abc
+
1e-
1ee2
--2
1ee2
++1
-
-
-
e10
1.2.3
1e+
000.e
000.e
e10
1.2.3
++1
e10
1e-
-
e10
abc
++1
1.2.3
+
-
abc
0e
1e-
abc
--2
abc
1ee2
1e+
e10
e10
1e+
1e
1e-
abc
-
1e
1.2.3
++1
0e
abc
-
-
1e+
1e
000.e
1ee2
e10
000.e
1e-
1e+
1e
++1
1e-
1ee2
e10
000.e
000.e
abc
e10
1e+
1.2.3
+
000.e
++1
1e-
1.2.3
-
1ee2
000.e
+
1ee2
1e+
1e
1e-
1e-
++1
0e
+
abc
1e
.
-
1e
-
e10
000.e
-
++1
e10
++1
abc
--2
-
0e
1.2.3
abc
abc
abc
abc
--2
+
-
1.2.3
--2
1.2.3
1e
1e
--2
000.e
+
-
-
--2
0e
+
++1
abc
1ee2
1ee2
+
1e-
1e-
++1
.
abc
1e
0e
+
--2
1e+
1e
1e+
0e
e10
++1
e10
.
1e-
++1
++1
1ee2
000.e
1ee2
1e-
abc
1.2.3
1e
-
abc
1.2.3
--2
1e
1e-
++1
abc
1.2.3
abc
1ee2
++1
000.e
1ee2
e10
0e
+
1e
e10
1.2.3
1e+
--2
abc
0e
-
000.e
.
abc
--2
1e
e10
0e
1e-
++1
-
+
1ee2
.
000.e
1.2.3
0e
1.2.3
1e
-
000.e
1e+
000.e
000.e
0e
1e-
.
--2
abc
0e
e10
000.e
abc
1ee2
1e-
1e-
+
1.2.3
1e+
1ee2
000.e
e10
1ee2
0e
000.e
0e
1e
.
+
++1
.
.
abc
e10
1ee2
1.2.3
0e
abc
-
1e+
1ee2
.
0e
++1
1e+
abc
abc
000.e
abc
1e-
++1
e10
1e-
1e+
1e
e10
++1
1ee2
000.e
.
1ee2
000.e
0e
1e+
-
000.e
+
1ee2
1ee2
1e+
abc
1e+
e10
-
+
-
0e
-
+
1e+
-
-
1e
-
0e
1ee2
-
1e+
1e-
+
++1
1e
1.2.3
0e
++1
0e
1e
1ee2
1ee2
-
++1
0e
abc
0e
1e-
+
000.e
+
++1
.
1e+
1e+
++1
abc
0e
1e+
.
1e+
-
0e
.
+
e10
++1
abc
abc
.
e10
1e
-
abc
++1
1e
1e
e10
1e+
1.2.3
000.e
+
1ee2
1ee2
e10
--2
0e
1ee2
++1
++1
1e-
1ee2
1e
+
1.2.3
--2
000.e
++1
1e
1.2.3
1e-
1e+
1.2.3
++1
000.e
++1
.
0e
abc
e10
1.2.3
0e
e10
abc
1e-
+
++1
000.e
abc
1e
1e+
1e
1e+
0e
0e
1e+
+
0e
1e-
.
1e
1e+
--2
1e
1e+
000.e
1.2.3
1e+
abc
1ee2
-
+
--2
e10
.
000.e
000.e
++1
abc
-
1e+
000.e
1ee2
++1
0e
-
.
+
1e+
1ee2
1ee2
e10
+
1.2.3
1.2.3
+
+
+
000.e
++1
.
1ee2
+
1.2.3
-
.
1e-
e10
1ee2
1e-
1e+
++1
e10
1e-
0e
1e+
000.e
1e+
1.2.3
++1
++1
-
0e
0e
1ee2
1e+
e10
1e+
1e+
-
++1
--2
--2
1ee2
--2
e10
000.e
1e
--2
000.e
1ee2
-
-
-
1ee2
e10
1e+
abc
1ee2
0e
abc
e10
1e
abc
.
abc
1.2.3
abc
+
abc
-
1.2.3
e10
-
-
0e
.
1e-
e10
000.e
abc
1e-
++1
1e
++1
e10
1e
e10
0e
1ee2
-
e10
+
000.e
0e
1e-
.
1.2.3
-
.
0e
abc
0e
--2
1e
.
1.2.3
1.2.3
1ee2
000.e
--2
++1
1ee2
-
1e-
+
--2
-
e10
+
1e+
++1
-
0e
e10
++1
1e-
++1
1e
+
++1
1e-
1e
1e-
--2
1ee2
-
-
000.e
1ee2
.
000.e
abc
abc
--2
.
1.2.3
1ee2
abc
000.e
+
e10
+
1e+
1e
000.e
--2
++1
1.2.3
abc
--2
+
.
0e
abc
-
1e-
000.e
-
1e-
--2
1e
e10
e10
1e
0e
1e-
1e
1ee2
0e
--2
-
1.2.3
0e
.
--2
0e
1e
0e
000.e
--2
1e
1e+
1e
++1
++1
abc
1e
000.e
1.2.3
.
1ee2
1e-
.
1e
0e
-
0e
0e
-
-
0e
++1
000.e
0e
0e
1e
1e
1.2.3
1ee2
++1
0e
1e-
+
1e
1.2.3
++1
++1
abc
1e+
1e
--2
1e
--2
-
1e-
1ee2
e10
000.e
+
e10
++1
--2
1e-
e10
1ee2
1ee2
1ee2
000.e
1e-
1e+
+
1e-
--2
.
.
abc
1e
.
000.e
+
abc
0e
1e
1.2.3
--2
++1
-
+
abc
-
++1
++1
--2
+
1e+
--2
1e
1.2.3
e10
++1
000.e
abc
.
++1
1e
1e+
++1
++1
++1
0e
1e+
1.2.3
1e-
-
--2
1e+
0e
1e-
+
abc
1e
1e+
--2
-
0e
e10
e10
abc
e10
+
++1
e10
1e-
++1
-
1ee2
0e
1.2.3
-
0e
1e
000.e
-
+
-
e10
1ee2
1e-
000.e
1e-
1e
1.2.3
++1
-
.
1e+
abc
1e
abc
-
e10
1.2.3
0e
abc
-
++1
1e+
000.e
000.e
e10
000.e
e10
+
1e
++1
1e+
-
abc
1.2.3
++1
+
1e-
.
--2
1e
++1
000.e
000.e
1ee2
++1
000.e
1e-
++1
e10
+
0e
1ee2
abc
1ee2
+
1e
+
1e+
e10
1.2.3
1e+
++1
1e-
+
+
1e-
-
1e-
1ee2
-
000.e
.
++1
1e
1e+
1ee2
1e-
.
1.2.3
1e+
1e+
--2
0e
1e-
abc
e10
.
+
000.e
+
1ee2
+
-
-
1.2.3
abc
1e+
e10
--2
+
1e+
++1
++1
1e+
-
++1
1e-
-
.
1e+
--2
000.e
1ee2
000.e
1.2.3
e10
--2
e10
abc
1e
--2
-
abc
+
e10
1ee2
.
++1
e10
1e
++1
1.2.3
0e
1ee2
000.e
abc
000.e
.
e10
1e
1.2.3
1e-
1ee2
abc
e10
1.2.3
0e
--2
++1
.
1ee2
abc
1e
1ee2
1e+
1.2.3
1ee2
++1
0e
e10
+
1e
--2
1e-
++1
1e
0e
-
1e-
+
1e+
--2
--2
++1
1e
1.2.3
1.2.3
abc
.
.
++1
0e
0e
abc
1e
--2
++1
000.e
+
e10
1e
+
+
0e
1.2.3
-
e10
-
0e
000.e
--2
++1
1e+
+
1ee2
1ee2
000.e
--2
0e
1e-
++1
--2
1.2.3
e10
000.e
+
e10
0e
--2
-
+
1.2.3
0e
0e
1e+
1ee2
++1
+
1e-
--2
++1
1e+
--2
e10
++1
.
000.e
e10
1e+
--2
+
1ee2
1e-
000.e
++1
1.2.3
000.e
abc
abc
--2
.
000.e
1e-
0e
++1
.
.
1.2.3
e10
0e
1e
abc
--2
1e+
000.e
e10
-
e10
1e-
abc
+
1.2.3
1e
1ee2
1e+
1e+
abc
++1
0e
1e-
+
e10
+
++1
+
--2
1e-
-
++1
--2
1e
.
1e
1e+
1e+
-
e10
.
+
--2
1e-
.
.
+
e10
+
000.e
000.e
-
1e
++1
-
1e+
abc
1e-
-
000.e
1e+
-
0e
e10
000.e
1ee2
++1
e10
1e+
.
++1
-
1ee2
e10
000.e
000.e
0e
1ee2
++1
0e
0e
abc
1e
1.2.3
abc
++1
+
000.e
1e
1e-
000.e
0e
abc
--2
1ee2
-
1e
1e-
++1
1ee2
e10
--2
1e
++1
0e
abc
0e
++1
1.2.3
abc
-
+
-
e10
1.2.3
-
1ee2
000.e
++1
-
--2
0e
0e
1e+
1ee2
1ee2
-
.
1e-
1ee2
1e
1e+
000.e
1.2.3
abc
0e
e10
e10
e10
1e
abc
000.e
+
1e-
--2
e10
--2
0e
e10
+
++1
+
e10
0e
1ee2
1e-
1ee2
.
e10
--2
1ee2
1e-
1ee2
++1
--2
+
abc
1ee2
++1
1e
.
e10
000.e
e10
-
1e
.
.
1.2.3
1e
1e
e10
+
0e
abc
abc
+
++1
+
.
0e
-
1.2.3
+
+
000.e
-
000.e
++1
e10
000.e
1e-
--2
1.2.3
0e
1e-
000.e
1.2.3
++1
++1
e10
abc
abc
1e-
abc
+
1e
1.2.3
abc
-
1e-
+
e10
++1
0e
1ee2
1ee2
++1
0e
++1
1e
1e-
1e-
1ee2
1e-
e10
1e+
++1
1.2.3
0e
e10
1.2.3
000.e
++1
--2
000.e
-
++1
abc
-
--2
.
++1
1e+
.
e10
1.2.3
1.2.3
1e
1ee2
0e
1e
1ee2
+
+
.
1ee2
++1
1e
0e
1ee2
-
1ee2
1e-
1.2.3
1e-
++1
-
abc
.
1.2.3
1e-
-
++1
++1
--2
1e
+
++1
abc
1e
--2
1e+
1.2.3
1e-
.
000.e
e10
e10
1e
--2
+
.
-
-
-
--2
1e
-
--2
000.e
1.2.3
1e-
e10
1.2.3
abc
++1
1e
--2
1e+
1ee2
1e+
.
1e-
000.e
-
1e+
-
-
e10
e10
.
1ee2
1e
.
1.2.3
.
000.e
1e+
+
abc
.
abc
.
1e+
1.2.3
++1
--2
++1
1.2.3
-
1.2.3
.
--2
abc
000.e
.
1e
0e
--2
.
000.e
.
0e
++1
-
000.e
1e
1.2.3
1.2.3
--2
1ee2
abc
--2
1e
abc
-
e10
+
-
--2
+
++1
abc
0e
1.2.3
1e+
++1
1e-
000.e
abc
e10
1e+
+
1e+
+
1ee2
abc
+
1e
0e
e10
.
1e-
0e
1ee2
1.2.3
1e-
++1
1.2.3
1e
1e-
.
-
--2
+
1e-
abc
.
1e
1.2.3
000.e
1.2.3
abc
0e
1e
1ee2
.
-
0e
1ee2
.
1e
0e
abc
1e-
abc
-
-
.
-
abc
+
-
+
++1
1e+
1.2.3
+
1e-
e10
+
0e
1ee2
++1
e10
abc
abc
1.2.3
1ee2
e10
1.2.3
1ee2
1e
e10
1e
000.e
0e
1ee2
-
+
1e
000.e
0e
1e+
+
1e-
000.e
e10
e10
1e-
1.2.3
e10
abc
1e
1e-
--2
1e
abc
e10
--2
++1
000.e
++1
-
.
1.2.3
0e
1.2.3
1ee2
-
1e+
0e
abc
1e
abc
1.2.3
++1
-
-
1e-
1e
e10
.
1ee2
-
abc
--2
.
e10
1e-
1.2.3
1e+
1e+
++1
++1
abc
.
abc
.
abc
e10
1e
1e
000.e
-
--2
1e+
abc
.
1e-
0e
--2
1e-
0e
e10
++1
0e
++1
--2
abc
000.e
1e
000.e
000.e
+
abc
-
1e
0e
1e+
++1
+
000.e
1e
.
.
+
+
1ee2
+
1.2.3
+
e10
1ee2
.
1.2.3
1e-
-
.
000.e
1ee2
1e
000.e
.
1e-
1ee2
000.e
0e
1e-
1e+
1ee2
1e
1e-
-
--2
e10
--2
-
1e-
++1
e10
++1
e10
000.e
1.2.3
1e
-
-
+
0e
1e+
.
-
0e
abc
0e
+
+
-
e10
e10
0e
000.e
1e+
1e-
--2
.
++1
1e-
e10
abc
.
1ee2
1e-
1e
1.2.3
+
000.e
1e
abc
1e
1ee2
1e
abc
e10
1e-
+
1.2.3
e10
++1
--2
0e
000.e
-
1e-
.
++1
1.2.3
+
1e+
+
1ee2
1.2.3
e10
abc
1.2.3
-
1e
1.2.3
-
abc
1e+
-
000.e
--2
1.2.3
+
++1
abc
abc
++1
1.2.3
+
--2
1e
e10
1e-
-
1e
1.2.3
+
abc
e10
-
.
.
++1
+
000.e
1.2.3
.
1e+
1ee2
1e+
1e-
0e
.
-
+
1e-
000.e
e10
e10
1.2.3
000.e
+
000.e
e10
++1
abc
abc
1e-
.
0e
000.e
1ee2
000.e
1ee2
.
--2
1e-
1.2.3
+
0e
e10
0e
000.e
0e
000.e
abc
000.e
++1
-
.
e10
1e+
e10
0e
--2
1e+
abc
1ee2
1e
e10
0e
1e+
1.2.3
++1
1.2.3
0e
e10
000.e
++1
1.2.3
1.2.3
+
0e
1ee2
1e-
++1
abc
1e-
--2
1e+
-
0e
000.e
+
+
000.e
1ee2
-
e10
0e
000.e
0e
+
1.2.3
1.2.3
+
+
+
0e
1e+
+
abc
e10
++1
e10
1.2.3
1ee2
+
1.2.3
1e
--2
e10
++1
.
1.2.3
1e+
1.2.3
abc
e10
000.e
000.e
1.2.3
.
+
e10
--2
--2
--2
abc
1ee2
1e+
1e
abc
.
--2
1e+
-
-
abc
+
e10
+
e10
e10
-
1e+
e10
-
1e
0e
1e
1.2.3
0e
0e
--2
.
e10
000.e
--2
0e
1e+
++1
++1
.
000.e
++1
1e
e10
+
1.2.3
++1
abc
1ee2
1.2.3
-
1e-
0e
-
000.e
1e-
-
-
e10
+
+
1ee2
000.e
1ee2
1e
000.e
abc
abc
1.2.3
abc
1e-
1e-
-
e10
1e-
abc
1e+
.
0e
--2
abc
1.2.3
abc
1e
-
1ee2
1e-
0e
000.e
--2
--2
+
++1
.
1e+
.
1e-
1e-
000.e
.
+
1e-
000.e
+
-
abc
1e
++1
1e+
1e
.
--2
1.2.3
1ee2
+
0e
+
1e+
abc
+
1e-
000.e
+
-
-
1e-
+
+
000.e
1ee2
000.e
000.e
.
-
1e-
000.e
-
++1
.
1ee2
000.e
.
1ee2
1e-
1ee2
.
--2
-
1e+
-
.
++1
1e
+
0e
1e-
e10
1e
+
0e
1e+
1e-
0e
+
1e
1ee2
1e+
1e
0e
000.e
++1
.
1e
++1
0e
1e+
1e+
000.e
1e+
-
abc
--2
1e
++1
-
000.e
-
1e-
1.2.3
1e-
1e
0e
--2
1ee2
1.2.3
.
1e
++1
1ee2
1e-
1e
0e
1e
--2
1e-
000.e
000.e
.
.
1e-
1ee2
000.e
++1
1e+
--2
1e
e10
1e-
+
abc
1e+
abc
++1
-
1e
1e+
--2
1.2.3
abc
.
000.e
--2
1e-
++1
1e
abc
1.2.3
0e
1.2.3
0e
1e-
1e-
1e
abc
.
e10
+
1e-
--2
000.e
1e+
--2
-
000.e
000.e
1ee2
000.e
1e
1ee2
--2
1.2.3
abc
1ee2
.
abc
1e-
.
1e
e10
--2
-
.
1ee2
++1
1e
abc
1e
+
0e
1.2.3
++1
-
000.e
1.2.3
++1
1ee2
000.e
+
000.e
1e
1ee2
1ee2
e10
abc
1ee2
000.e
e10
1e-
-
1e+
-
1e
.
1ee2
000.e
+
+
--2
0e
1ee2
--2
.
1e
1e+
1e+
1ee2
--2
--2
--2
0e
+
.
1e+
0e
-
abc
abc
000.e
+
--2
-
+
1ee2
abc
+
0e
-
abc
--2
+
1e-
1.2.3
0e
1e-
1ee2
1e-
e10
-
e10
+
+
000.e
--2
++1
000.e
1.2.3
1e-
abc
1e-
0e
1ee2
.
++1
000.e
++1
+
1.2.3
1e+
000.e
000.e
1.2.3
1e
.
1.2.3
000.e
1e-
1e-
--2
1e+
--2
++1
1ee2
.
-
1e
++1
+
1ee2
+
1.2.3
000.e
abc
1e-
1e-
1.2.3
+
--2
.
000.e
1.2.3
abc
0e
-
.
+
1ee2
000.e
-
1e+
1e+
1e
abc
000.e
abc
--2
0e
1e-
1e
e10
1e-
.
--2
1ee2
1e-
+
000.e
1ee2
--2
1ee2
e10
+
1e+
.
--2
0e
1e+
-
e10
0e
0e
1ee2
1e+
1e
+
1.2.3
1e-
.
abc
abc
1e-
1e
e10
abc
.
e10
--2
+
e10
e10
1e
000.e
000.e
1ee2
1e+
1e
--2
0e
0e
++1
++1
-
000.e
-
1e-
--2
+
--2
-
.
++1
1e
.
1e+
+
1e+
1e-
0e
1e-
0e
-
1ee2
000.e
++1
1e
0e
.
1.2.3
+
.
-
1e-
0e
1e-
e10
1e
1e-
1.2.3
1e-
++1
+
1e
++1
1ee2
.
.
1.2.3
--2
000.e
1ee2
.
1e-
1e-
000.e
e10
abc
e10
.
abc
1e+
abc
-
-
1e+
abc
1.2.3
1e+
1ee2
++1
1e
e10
1e+
.
-
abc
++1
-
-
000.e
1.2.3
000.e
abc
-
-
abc
+
+
1e
1.2.3
0e
1e
1.2.3
1ee2
1e-
000.e
abc
1e
1e-
++1
-
+
e10
abc
1e+
abc
0e
1e-
--2
++1
++1
0e
1ee2
++1
-
000.e
1ee2
0e
1.2.3
.
1ee2
1ee2
1e+
0e
--2
000.e
1e-
1.2.3
1.2.3
.
0e
-
1e
000.e
e10
++1
.
1e-
000.e
1ee2
1ee2
e10
abc
1e
1ee2
abc
.
1e-
0e
.
-
-
1e-
1.2.3
1e+
1e
0e
--2
-
+
e10
0e
000.e
1e-
1e
000.e
1ee2
e10
000.e
0e
.
--2
--2
0e
1ee2
.
1e
1e-
-
0e
+
1.2.3
1ee2
-
-
.
1e
+
.
.
+
.
000.e
--2
1.2.3
000.e
1e
1.2.3
0e
0e
-
abc
--2
e10
abc
1e
+
.
-
1ee2
-
--2
e10
e10
.
1e+
-
++1
1.2.3
1e+
1e+
e10
abc
abc
e10
abc
-
1.2.3
1ee2
1e-
000.e
e10
1.2.3
e10
.
1e-
1.2.3
+
000.e
-
0e
1e-
1e-
e10
000.e
.
.
.
--2
1.2.3
1e
1e+
1e+
0e
0e
--2
-
1e-
--2
e10
1e-
-
-
--2
e10
+
1ee2
abc
e10
++1
0e
++1
+
-
1ee2
++1
1.2.3
.
+
1.2.3
-
-
0e
+
0e
abc
e10
1e
.
++1
+
1.2.3
++1
0e
0e
1.2.3
1ee2
1ee2
1.2.3
000.e
-
abc
1e-
++1
--2
e10
0e
++1
.
++1
-
000.e
1.2.3
1e-
--2
1ee2
1e
1.2.3
1.2.3
++1
-
++1
+
--2
1.2.3
e10
--2
--2
1e-
1e+
1ee2
1e-
abc
1.2.3
1e
++1
1e-
0e
--2
--2
000.e
--2
1e-
1ee2
e10
0e
1e-
.
++1
--2
000.e
1.2.3
0e
1e
1e+
000.e
1.2.3
0e
+
abc
1e
1ee2
++1
e10
+
1ee2
-
1.2.3
-
0e
--2
1e+
1.2.3
1e-
0e
1e+
0e
1ee2
0e
+
++1
abc
000.e
e10
1e+
0e
1ee2
1ee2
++1
1e+
--2
000.e
000.e
1e+
1e
000.e
1e-
000.e
e10
1e+
0e
000.e
+
abc
000.e
abc
1e+
0e
-
abc
+
++1
++1
000.e
+
1.2.3
1e+
--2
000.e
0e
1ee2
++1
1ee2
abc
1e-
1e
--2
abc
+
.
1e
++1
e10
.
1.2.3
0e
+
-
1ee2
1ee2
abc
--2
1e+
1e-
1ee2
++1
++1
.
1e+
1.2.3
e10
e10
.
1e
-
1e
1.2.3
-
000.e
-
++1
--2
1.2.3
e10
-
000.e
1e
1e
abc
abc
e10
000.e
1e
+
-
abc
abc
000.e
++1
-
-
e10
0e
000.e
.
1e-
0e
++1
000.e
--2
abc
++1
0e
e10
--2
1e-
++1
.
+
0e
1ee2
.
1e-
1e+
1e-
e10
0e
-
++1
1ee2
+
-
0e
1ee2
.
1e
1e-
e10
e10
0e
1e
e10
1ee2
1e-
abc
0e
1e-
1.2.3
-
000.e
++1
.
.
++1
++1
1e+
0e
1ee2
e10
1ee2
e10
1e-
1ee2
1ee2
abc
++1
.
1ee2
1e-
1e+
--2
e10
++1
000.e
1e+
--2
1.2.3
--2
.
--2
-
000.e
++1
0e
+
++1
e10
1.2.3
000.e
abc
0e
1e+
-
000.e
1.2.3
1e+
.
-
e10
-
0e
+
-
e10
abc
1ee2
.
0e
.
abc
1e+
abc
000.e
++1
1e
--2
1ee2
1e+
+
e10
000.e
0e
--2
++1
1e
1e+
--2
1ee2
--2
abc
000.e
1e+
e10
--2
1e
-
e10
1ee2
-
1e
0e
1e
abc
1e
1e+
1ee2
1e+
1.2.3
1e
000.e
--2
.
1e
000.e
+
1.2.3
++1
1e
000.e
+
1e
1e-
1e+
0e
abc
.
0e
-
.
1e+
1e-
1e-
000.e
1e-
+
1.2.3
-
abc
000.e
1.2.3
abc
1e+
++1
000.e
1.2.3
+
1e-
.
.
1.2.3
++1
.
--2
-
1e+
1e
0e
.
000.e
++1
1e+
1ee2
-
.
1e+
e10
+
++1
--2
+
1e-
++1
1ee2
000.e
.
1.2.3
1e+
--2
1e-
1e-
1e-
000.e
-
1e
abc
1e-
1e-
e10
--2
1.2.3
abc
++1
1e+
1e+
000.e
.
1e
.
++1
.
-
1e
000.e
1e-
e10
1.2.3
1e
1e
1ee2
0e
--2
1ee2
000.e
.
000.e
+
1e-
-
1e
1e-
--2
+
++1
--2
.
000.e
1e
abc
.
abc
+
--2
.
abc
.
abc
000.e
e10
-
000.e
000.e
000.e
abc
e10
1ee2
1.2.3
1e+
abc
--2
1.2.3
--2
1ee2
--2
1.2.3
+
1e+
1.2.3
abc
abc
++1
1.2.3
++1
--2
1e
++1
000.e
1ee2
1ee2
-
1ee2
1.2.3
++1
-
++1
000.e
1e
-
--2
+
1ee2
++1
0e
1e+
+
0e
--2
000.e
1e+
--2
1e
1.2.3
000.e
e10
abc
e10
000.e
e10
--2
.
e10
1.2.3
e10
-
+
0e
0e
-
1ee2
abc
1e+
1.2.3
.
++1
1e-
--2
1e-
1.2.3
1.2.3
.
+
abc
+
e10
0e
.
1e
1e-
e10
+
000.e
1e+
--2
000.e
1e
+
000.e
e10
abc
1.2.3
--2
-
++1
--2
1e+
1ee2
e10
0e
-
--2
0e
0e
.
--2
1.2.3
1e+
--2
e10
e10
e10
++1
e10
1ee2
1.2.3
0e
1.2.3
1e-
1e-
.
000.e
-
1.2.3
+
.
++1
e10
abc
.
-
++1
000.e
--2
1.2.3
1ee2
e10
1e
.
-
1e-
1e-
++1
1.2.3
1.2.3
1.2.3
e10
e10
1.2.3
++1
++1
e10
1ee2
1ee2
-
abc
-
0e
e10
1e+
1ee2
1e-
1e-
abc
--2
abc
abc
--2
-
0e
1e
.
1.2.3
e10
+
1e-
1e+
1e-
++1
--2
000.e
1.2.3
++1
1e-
1ee2
+
abc
.
1e-
-
1ee2
-
1e-
abc
1e+
-
e10
-
+
-
e10
++1
1.2.3
.
0e
.
-
+
-
1e
1e+
1e+
--2
1.2.3
000.e
1.2.3
000.e
.
000.e
0e
1ee2
++1
000.e
--2
.
000.e
-
++1
e10
0e
1ee2
0e
++1
0e
000.e
1ee2
1e-
abc
0e
abc
+
1e-
-
1e-
abc
0e
--2
1e-
1e
1ee2
1e
e10
000.e
0e
1e+
1e
--2
000.e
++1
-
--2
1e
000.e
1e-
000.e
1e+
abc
1.2.3
-
+
++1
000.e
+
000.e
000.e
e10
-
-
1ee2
--2
0e
1e+
e10
1.2.3
++1
+
++1
0e
1ee2
1.2.3
--2
1ee2
1.2.3
1e-
1.2.3
abc
e10
+
e10
0e
0e
1ee2
--2
1e
--2
1e
1.2.3
1e+
.
000.e
--2
e10
abc
abc
1ee2
--2
+
--2
1e-
1.2.3
1e
1.2.3
-
-
0e
1e
abc
-
+
abc
-
1ee2
.
abc
--2
0e
1e
e10
--2
-
1e-
1e-
++1
abc
1e-
--2
1ee2
000.e
.
abc
1e-
1ee2
1e+
000.e
abc
000.e
1e
1e
0e
.
1.2.3
.
1e+
++1
.
++1
e10
1e+
+
1.2.3
1ee2
++1
+
++1
000.e
0e
--2
+
000.e
++1
1.2.3
+
abc
1e
-
e10
1e
+
1ee2
--2
1e+
++1
++1
+
+
0e
-
1e
--2
000.e
0e
0e
abc
.
--2
0e
.
--2
1.2.3
0e
1.2.3
1e
000.e
+
.
-
000.e
1ee2
1.2.3
++1
++1
+
-
1e+
e10
1e
+
1e+
1ee2
1e-
-
000.e
--2
--2
-
1e+
1e+
++1
--2
0e
0e
-
+
.
0e
1e+
1e
.
1e
1e+
-
.
1e-
1e-
+
++1
0e
1e-
1e
0e
1.2.3
abc
1e+
++1
e10
0e
1.2.3
abc
1e
1e+
1ee2
000.e
1.2.3
1ee2
e10
abc
0e
.
--2
0e
1e+
1e
1e+
1e-
e10
-
+
1e+
1.2.3
--2
1e
1.2.3
1.2.3
--2
1e
-
-
1e-
.
e10
0e
.
0e
-
000.e
-
1e+
1e+
-
1e
.
000.e
1ee2
++1
1ee2
1e-
--2
.
1ee2
1e+
1ee2
abc
abc
.
1.2.3
1ee2
0e
1e-
++1
++1
0e
--2
++1
1e-
.
.
1e+
1ee2
e10
.
1.2.3
++1
.
e10
1e-
-
1ee2
e10
1e+
1e
.
abc
1ee2
1e
.
e10
abc
1e
1e-
+
-
.
1e
1e+
.
--2
+
e10
1e+
1ee2
0e
--2
e10
1ee2
+
1e-
1ee2
1e
++1
--2
1e+
++1
1ee2
1e+
.
++1
e10
000.e
.
.
++1
1e
+
000.e
1ee2
abc
--2
e10
1ee2
1.2.3
.
e10
++1
-
.
e10
--2
++1
1.2.3
-
e10
000.e
++1
--2
e10
++1
000.e
0e
++1
1ee2
1ee2
1e+
1ee2
-
+
1e
1e-
1.2.3
--2
1e
1e-
++1
1.2.3
1e
--2
-
-
1e
--2
1e+
1e
.
000.e
1e+
abc
1e-
e10
1e-
e10
--2
1e+
-
1e+
0e
+
+
1e+
1e-
.
1e
1e-
.
.
++1
-
1.2.3
1e-
abc
1e+
000.e
--2
1e
1e+
-
1.2.3
0e
000.e
e10
e10
000.e
abc
.
1.2.3
++1
abc
+
.
--2
1e-
0e
abc
1.2.3
000.e
000.e
+
0e
e10
--2
000.e
++1
1.2.3
-
-
1e-
1e+
1ee2
+
abc
1e+
--2
--2
++1
000.e
000.e
--2
1e
1e-
0e
.
-
abc
0e
000.e
000.e
abc
0e
1e-
1.2.3
1.2.3
1e-
++1
1ee2
--2
-
++1
1ee2
-
0e
1e-
++1
000.e
1.2.3
000.e
1e
abc
abc
1e
1e
1e
.
0e
e10
abc
0e
abc
--2
e10
-
e10
++1
--2
0e
1e
1e-
++1
1e-
000.e
1e+
1e
++1
0e
-
000.e
1e-
1ee2
1ee2
1.2.3
.
1.2.3
0e
1.2.3
+
++1
.
0e
++1
e10
000.e
-
1e-
.
e10
--2
000.e
e10
-
0e
--2
1e-
000.e
-
-
+
1e-
abc
-
1ee2
1ee2
0e
1e-
--2
.
++1
000.e
++1
000.e
1e+
1e+
1e+
--2
1.2.3
1e+
1e-
--2
++1
+
.
1e+
e10
000.e
0e
+
-
+
-
1e+
1e+
000.e
abc
1.2.3
++1
1e-
000.e
1e+
000.e
e10
1.2.3
1e
1e
-
1e
1e-
0e
.
.
--2
-
0e
1e+
++1
e10
abc
.
.
1e-
+
000.e
+
e10
+
000.e
e10
abc
000.e
0e
+
+
1.2.3
1e-
1e+
-
000.e
abc
1e
1.2.3
+
.
.
-
1e+
.
1e
1e+
--2
000.e
1e-
e10
1ee2
+
abc
1e-
.
++1
-
1e-
abc
1e
0e
e10
+
1ee2
-
.
--2
1e+
1ee2
++1
1e
--2
--2
1e-
000.e
000.e
0e
e10
0e
1.2.3
1e-
+
abc
-
+
--2
1e+
+
1e
1ee2
1e+
e10
--2
++1
e10
--2
.
+
++1
e10
0e
-
abc
--2
1e
-
.
++1
--2
-
+
++1
-
1e
1e-
++1
--2
0e
-
1e-
1e+
abc
++1
1.2.3
.
1.2.3
-
+
.
abc
1ee2
1e+
1e-
++1
1e
-
1e-
1e+
+
1ee2
0e
000.e
abc
abc
1e
1ee2
+
++1
e10
1.2.3
+
1e-
000.e
1e+
abc
-
0e
000.e
--2
+
e10
0e
1e-
++1
+
1e
e10
e10
.
+
1e
e10
000.e
+
1.2.3
000.e
1e-
++1
--2
-
000.e
abc
-
1e+
000.e
+
--2
1e+
1ee2
.
++1
abc
abc
--2
0e
-
e10
++1
.
++1
1e-
++1
-
++1
0e
0e
0e
e10
1e
abc
.
e10
.
1e
1ee2
+
1.2.3
0e
.
.
++1
--2
1e+
-
abc
1.2.3
000.e
000.e
1e-
0e
1e
+
-
0e
1e-
1.2.3
abc
1e-
1.2.3
1.2.3
-
0e
1e
1.2.3
1e
000.e
abc
1.2.3
e10
1.2.3
1.2.3
+
+
000.e
0e
1e
1e
--2
0e
1e
1e
000.e
+
000.e
1e
000.e
++1
0e
+
+
--2
000.e
e10
.
1.2.3
+
++1
--2
++1
1e-
--2
1e
0e
-
abc
1.2.3
1e
e10
e10
abc
++1
-
1e+
-
++1
1.2.3
+
000.e
1e+
++1
1.2.3
.
.
abc
1.2.3
abc
-
1e+
1e-
000.e
-
1.2.3
1e
1e+
--2
1e+
++1
1e-
abc
+
abc
++1
1e-
1e+
abc
abc
e10
++1
-
e10
-
1e+
--2
++1
abc
1ee2
+
1.2.3
1ee2
1e
0e
e10
-
1e-
1e+
1e-
1ee2
+
1.2.3
e10
e10
--2
1e
000.e
abc
1e-
+
e10
+
-
1e-
+
1e+
1e-
-
+
1e+
1e
++1
++1
1ee2
0e
abc
-
0e
000.e
--2
1e+
1e-
0e
-
+
0e
1e+
1ee2
1ee2
++1
--2
--2
++1
abc
1e+
++1
1e-
1ee2
e10
.
0e
abc
1e
000.e
+
.
1.2.3
.
000.e
.
abc
1e-
1e-
--2
1ee2
1.2.3
++1
e10
-
+
e10
1e
000.e
--2
1.2.3
1e
+
1.2.3
--2
++1
1ee2
1.2.3
--2
1e-
000.e
1e-
1ee2
abc
1ee2
1.2.3
000.e
--2
000.e
1.2.3
--2
e10
1ee2
1e-
+
.
1ee2
abc
1ee2
1ee2
.
.
.
1ee2
0e
abc
e10
+
000.e
--2
000.e
abc
.
1e+
1.2.3
--2
.
-
1e
--2
1e+
0e
1e-
1e-
1ee2
++1
1ee2
--2
0e
1ee2
1ee2
.
+
000.e
+
1e
++1
1e-
1e-
1e
0e
++1
e10
+
abc
0e
0e
000.e
+
1.2.3
-
1e
1.2.3
1.2.3
-
++1
1e+
e10
1e+
0e
1e-
e10
++1
000.e
1e-
1e
1e-
1e
-
1.2.3
1.2.3
1ee2
1ee2
000.e
1.2.3
++1
.
1.2.3
abc
e10
-
1e-
1e
1e-
+
+
e10
++1
000.e
+
-
1.2.3
000.e
++1
e10
+
e10
1.2.3
abc
000.e
1ee2
--2
.
abc
-
e10
+
++1
1e
1ee2
+
.
1e
--2
--2
+
.
1.2.3
1e-
abc
--2
1e+
+
-
000.e
1e
000.e
++1
1ee2
1ee2
1e
e10
-
-
--2
--2
e10
0e
0e
-
1e+
1.2.3
0e
1.2.3
1e
000.e
+
000.e
++1
0e
1e+
1.2.3
.
000.e
.
e10
+
1e+
000.e
1.2.3
++1
abc
1e
1ee2
1.2.3
1.2.3
e10
++1
.
1e
1e+
e10
1e-
.
e10
1e+
1e
e10
1e+
+
0e
1ee2
--2
1e
+
0e
1e-
.
++1
.
1.2.3
1.2.3
1e
abc
--2
1e-
000.e
000.e
1e+
1e+
1e
.
1ee2
1e-
abc
++1
1e+
1.2.3
1e
1.2.3
0e
+
0e
abc
1e
.
.
000.e
0e
abc
--2
abc
e10
1.2.3
e10
1ee2
1e
abc
1e-
0e
-
1ee2
++1
.
.
.
1e
1ee2
++1
000.e
.
1ee2
--2
1.2.3
1e+
-
1e-
1e
1ee2
000.e
abc
1e
.
-
1e+
e10
0e
abc
000.e
-
1e+
1.2.3
1ee2
1ee2
--2
000.e
1ee2
0e
1e+
1e-
1e
-
e10
e10
+
1e+
.
1e
++1
-
1ee2
+
+
+
abc
1e+
-
1.2.3
-
000.e
--2
0e
000.e
1e
1e
+
abc
abc
1e-
1e+
1e-
.
-
1.2.3
1e+
e10
abc
abc
++1
1e+
000.e
e10
-
1e+
-
-
1e
-
1e
1e+
-
1ee2
++1
0e
+
-
++1
+
1e
--2
0e
1.2.3
--2
+
000.e
abc
1ee2
-
1e-
.
.
1e-
.
.
1ee2
-
0e
.
0e
e10
++1
1ee2
1ee2
-
1e
--2
0e
1e-
+
+
+
0e
--2
1e
1e+
0e
000.e
.
1ee2
1e-
1e-
1ee2
1.2.3
e10
abc
1.2.3
1e+
1e+
--2
+
1e-
--2
--2
1e-
1e-
.
-
1e-
000.e
1e-
e10
0e
--2
1e
1e+
+
1e+
--2
1e-
0e
1.2.3
1.2.3
abc
1.2.3
++1
1e-
e10
++1
--2
e10
000.e
1e
1e-
e10
abc
.
1ee2
1.2.3
1e
.
0e
1.2.3
1ee2
1e+
1ee2
-
e10
000.e
+
e10
1e+
e10
1ee2
--2
+
1e+
e10
0e
++1
e10
--2
0e
000.e
abc
1ee2
++1
e10
.
0e
1.2.3
+
.
e10
1.2.3
++1
e10
1.2.3
1e+
1ee2
0e
0e
1.2.3
.
.
1.2.3
000.e
1.2.3
1.2.3
0e
1e-
1ee2
+
1e-
+
++1
1e-
--2
-
abc
0e
1ee2
-
1e+
e10
1e
1ee2
+
.
1e+
1.2.3
0e
++1
1.2.3
1e+
1.2.3
1e-
1e+
--2
--2
1e
e10
-
abc
0e
e10
1e
--2
--2
1ee2
000.e
000.e
1ee2
e10
1e-
-
1e
++1
.
1ee2
0e
0e
++1
.
abc
0e
1e+
000.e
.
1e+
1ee2
0e
-
1e
++1
e10
.
1e+
1ee2
+
-
abc
1e+
abc
0e
+
0e
-
e10
-
e10
1e+
e10
--2
1.2.3
-
abc
abc
++1
e10
1e
abc
-
1ee2
1e
1e+
1ee2
e10
++1
1.2.3
0e
+
+
1e+
1ee2
1ee2
1.2.3
.
abc
abc
--2
000.e
1ee2
-
1e-
1e+
.
1e+
++1
000.e
--2
-
-
++1
1e-
e10
000.e
e10
000.e
000.e
1.2.3
e10
000.e
1ee2
++1
e10
1e+
e10
-
0e
--2
000.e
--2
1.2.3
1.2.3
1e+
1e-
.
--2
+
1.2.3
1.2.3
1e
000.e
e10
e10
1.2.3
1e
abc
1ee2
e10
1.2.3
1e
000.e
1e+
.
1e+
1ee2
-
1e
1ee2
++1
-
.
1e
-
0e
1e+
1e
1e+
abc
000.e
+
+
++1
0e
000.e
000.e
000.e
1e-
1e
000.e
--2
000.e
000.e
+
+
0e
e10
.
abc
1.2.3
1ee2
1.2.3
abc
.
0e
1.2.3
1.2.3
.
1.2.3
+
++1
1ee2
0e
abc
.
e10
abc
++1
-
1e
-
.
-
000.e
0e
000.e
0e
1e-
1ee2
abc
1.2.3
0e
++1
1e
++1
1.2.3
1e-
-
1ee2
.
000.e
1e-
-
1ee2
1e+
1e+
1e
.
0e
++1
1.2.3
-
abc
+
.
++1
1e+
.
1.2.3
1e-
.
+
e10
-
abc
1e+
1e
--2
--2
0e
+
++1
--2
++1
000.e
+
-
+
1e-
0e
-
1ee2
1e+
abc
-
abc
-
000.e
1e+
e10
abc
1e-
-
--2
--2
e10
--2
0e
1.2.3
abc
0e
++1
1e
++1
.
--2
1e+
e10
1e-
1e+
e10
--2
+
.
0e
.
e10
000.e
+
--2
1e
++1
++1
e10
++1
1e
1e
1.2.3
1ee2
.
-
0e
0e
1e+
abc
1e-
1e+
0e
-
--2
.
.
abc
--2
abc
1e+
e10
-
-
1e
--2
000.e
1.2.3
1.2.3
++1
--2
e10
000.e
1.2.3
abc
abc
000.e
e10
1.2.3
000.e
+
1ee2
1ee2
1.2.3
--2
+
e10
-
+
--2
1e+
000.e
+
1e-
1e-
0e
--2
++1
+
--2
1e+
1e
-
1.2.3
1.2.3
abc
1e-
e10
e10
1e
1ee2
--2
+
abc
-
-
abc
++1
1ee2
1e-
--2
.
-
-
1e
-
1.2.3
1.2.3
abc
1e-
1ee2
abc
1ee2
++1
.
000.e
000.e
+
.
.
+
000.e
.
e10
--2
-
++1
1e-
--2
e10
1e+
abc
e10
-
1.2.3
--2
000.e
abc
1e+
+
.
-
e10
abc
-
000.e
--2
+
1e-
1e-
-
1ee2
1ee2
+
000.e
+
0e
+
+
++1
1.2.3
--2
000.e
--2
0e
1e-
000.e
--2
+
abc
.
+
+
++1
1e-
++1
--2
.
--2
--2
-
-
1e+
1e+
abc
1ee2
--2
1e
1.2.3
1e-
1e-
1ee2
1e-
.
abc
1e-
++1
000.e
++1
1e-
abc
000.e
abc
1e
++1
1e
0e
abc
1e+
000.e
e10
1e-
-
1e
-
1.2.3
e10
-
abc
e10
+
++1
+
0e
--2
-
e10
1e-
0e
++1
1e
-
--2
abc
--2
++1
0e
-
+
+
abc
+
1e-
abc
1e
1e+
-
1e+
1e
1ee2
+
1e-
1e-
+
1e-
++1
e10
abc
--2
abc
--2
--2
000.e
++1
--2
+
1e-
.
--2
000.e
abc
1e
+
.
-
1.2.3
+
+
.
0e
000.e
.
1ee2
.
++1
.
abc
.
++1
-
--2
1e+
+
1e-
000.e
.
abc
0e
abc
1.2.3
++1
1e+
1e+
1e-
1ee2
1ee2
-
1ee2
000.e
.
000.e
+
++1
e10
.
.
1e
1e-
++1
abc
1e
++1
++1
e10
1ee2
+
+
0e
1.2.3
1e-
++1
1e-
1e+
1e
1e
1.2.3
000.e
abc
--2
1e+
1e-
+
e10
++1
1e
abc
abc
e10
-
1.2.3
0e
1e-
+
--2
--2
0e
1e
-
1ee2
1.2.3
1e+
0e
1ee2
.
1e+
1e
1e+
1.2.3
+
-
e10
--2
--2
e10
e10
--2
.
++1
e10
000.e
abc
1ee2
--2
abc
.
++1
.
--2
0e
1e+
--2
1ee2
000.e
+
e10
e10
1e
.
000.e
1e
.
0e
.
e10
--2
1e
++1
++1
1.2.3
1.2.3
abc
.
1e+
1ee2
e10
-
-
1e
abc
000.e
e10
.
000.e
0e
1e
1.2.3
++1
--2
1ee2
--2
1e
1e+
1e
++1
abc
-
.
1e
000.e
-
1ee2
-
1e-
1e+
.
1e+
1e-
.
--2
.
1e
+
--2
+
1e+
1e+
+
1.2.3
000.e
--2
000.e
.
1e+
1e-
e10
000.e
1.2.3
1e
++1
0e
.
+
-
.
++1
.
++1
e10
abc
e10
0e
-
0e
0e
0e
+
e10
abc
1e+
abc
--2
1e+
++1
1e+
--2
1e-
000.e
--2
+
e10
abc
1.2.3
1ee2
e10
1ee2
++1
abc
000.e
+
-
++1
1e+
1e+
+
0e
1e
000.e
1ee2
--2
--2
1e+
+
0e
000.e
-
-
++1
+
1e
--2
++1
--2
000.e
000.e
-
--2
++1
000.e
1e
1e+
1e
++1
000.e
1ee2
1ee2
0e
abc
1.2.3
1e
1.2.3
1e+
1ee2
1e+
1e
1.2.3
++1
1.2.3
1e-
+
--2
1.2.3
1e+
1e
e10
--2
1e-
--2
1ee2
++1
1e+
--2
1ee2
-
1e+
-
1e
-
++1
000.e
1e
-
1e
000.e
-
e10
0e
+
+
abc
+
1e
1e
--2
--2
++1
+
++1
+
abc
++1
+
-
000.e
--2
-
000.e
000.e
e10
1e+
000.e
0e
1e-
0e
1.2.3
1e
++1
000.e
1.2.3
1.2.3
0e
1e+
++1
0e
000.e
0e
1.2.3
000.e
.
000.e
1e-
1ee2
000.e
abc
-
1e+
+
1e+
1.2.3
.
.
1ee2
000.e
0e
--2
1.2.3
e10
--2
000.e
1.2.3
1ee2
-
+
abc
abc
.
1e+
1e
1e-
abc
1e
-
000.e
1e
+
++1
1e-
1ee2
000.e
1ee2
e10
1e
1e+
e10
-
1ee2
+
1e+
0e
.
abc
1.2.3
000.e
1e+
++1
.
000.e
-
++1
1e
1ee2
--2
1e+
1e
1ee2
-
+
1.2.3
1e
abc
e10
000.e
0e
--2
1ee2
1e
000.e
1.2.3
abc
--2
1ee2
1ee2
abc
++1
e10
++1
++1
.
1e+
1.2.3
.
++1
0e
1e+
0e
abc
abc
0e
0e
.
abc
1.2.3
0e
++1
e10
1.2.3
-
1e
1e-
0e
.
000.e
--2
.
abc
+
000.e
000.e
1e+
0e
1e+
0e
1e-
1.2.3
+
1e-
e10
1e+
1e
-
1ee2
0e
-
-
1.2.3
e10
abc
000.e
++1
1e
1e
1ee2
1e-
1ee2
--2
-
.
1.2.3
1e
e10
++1
-
1.2.3
e10
000.e
1ee2
000.e
1.2.3
++1
1.2.3
--2
1e
0e
abc
1e-
1e-
--2
-
1e
1e-
abc
abc
1ee2
1e-
0e
.
++1
1.2.3
000.e
.
abc
1e
1e+
1e-
1ee2
.
++1
1e-
000.e
++1
-
+
1.2.3
1e+
abc
0e
000.e
1e+
0e
1e-
1e+
1e-
000.e
1e
1e+
1ee2
-
e10
e10
e10
1.2.3
1e
--2
--2
abc
1.2.3
1e+
000.e
.
--2
abc
++1
1e-
000.e
abc
1.2.3
1e
1ee2
+
1e-
1e-
1ee2
1e
0e
1e-
1e-
.
++1
-
++1
--2
+
.
.
++1
e10
--2
abc
000.e
+
abc
e10
-
.
1.2.3
++1
000.e
000.e
abc
++1
0e
1e+
.
000.e
+
000.e
e10
abc
--2
1e-
e10
--2
e10
1.2.3
++1
1.2.3
.
1.2.3
1ee2
1e+
e10
1ee2
e10
.
-
++1
e10
.
abc
.
1ee2
000.e
--2
1ee2
++1
1e
1ee2
1e
.
1ee2
.
0e
000.e
+
+
-
e10
000.e
0e
.
+
1e
1e-
1e+
-
++1
1.2.3
1.2.3
1e+
e10
1e+
++1
0e
0e
1ee2
1e-
1.2.3
000.e
0e
1e-
1e-
+
++1
abc
abc
-
abc
1.2.3
-
--2
1.2.3
+
1e
++1
+
abc
+
1e
1.2.3
--2
e10
e10
e10
++1
--2
1e-
-
1e+
1ee2
.
1e-
1ee2
abc
1e-
0e
+
000.e
++1
-
1e+
1.2.3
-
.
1e-
0e
1ee2
++1
1e+
abc
1e+
.
000.e
1.2.3
--2
--2
000.e
+
abc
1ee2
.
--2
1e-
1e
000.e
000.e
0e
1ee2
0e
abc
1.2.3
++1
.
1ee2
.
abc
0e
-
.
1e-
++1
0e
1e
1e+
1e-
0e
0e
0e
e10
1e+
1e+
1.2.3
-
--2
1e-
abc
.
1ee2
++1
1e+
1.2.3
.
1ee2
+
abc
+
1.2.3
1e
++1
0e
--2
.
e10
1ee2
1e+
++1
e10
-
000.e
1ee2
++1
.
000.e
000.e
1.2.3
+
-
--2
-
1.2.3
1.2.3
1e+
+
++1
++1
1e
abc
1ee2
0e
e10
1e
1e+
1e-
0e
1e+
1e+
-
e10
1e-
--2
1e-
1e
1e+
1.2.3
--2
1e
++1
++1
--2
1.2.3
--2
1e
1e-
1e
1e
1e
-
1e
1e-
0e
1.2.3
e10
1.2.3
-
1e+
1e-
e10
1e-
+
1e-
.
--2
0e
e10
+
1e+
abc
++1
1e+
1e+
-
1e-
e10
+
.
++1
1e
-
1ee2
++1
e10
.
1e
1e
000.e
1e-
1ee2
-
1e
abc
e10
abc
000.e
1ee2
-
1e
.
1.2.3
000.e
--2
000.e
++1
++1
1e-
1e-
0e
1.2.3
-
1ee2
-
.
1e+
000.e
1.2.3
1ee2
abc
+
abc
1ee2
+
.
++1
++1
1e
1e-
000.e
abc
+
.
1.2.3
1e-
1ee2
+
++1
0e
++1
000.e
1e-
abc
--2
+
000.e
1e+
abc
000.e
0e
--2
1e-
--2
0e
++1
++1
--2
0e
1ee2
1e-
1e
--2
abc
0e
1e+
1ee2
++1
0e
-
-
.
.
abc
000.e
1e
1e
1e
++1
.
++1
abc
.
0e
1.2.3
1e
1e-
++1
0e
0e
--2
000.e
+
1e-
+
-
-
.
++1
e10
1ee2
e10
e10
000.e
0e
1e+
--2
++1
++1
1e+
1e+
--2
000.e
abc
+
--2
0e
1ee2
e10
1ee2
000.e
.
.
--2
e10
0e
0e
.
0e
++1
1.2.3
1e+
++1
--2
000.e
e10
e10
++1
e10
1e+
1e+
-
+
1e
1e-
abc
-
.
.
abc
+
-
++1
1ee2
1.2.3
+
0e
e10
0e
1e+
1e-
000.e
1e
1.2.3
1ee2
000.e
1.2.3
1.2.3
+
0e
--2
++1
0e
0e
.
1e
+
1ee2
e10
+
--2
++1
-
1e+
1ee2
e10
0e
abc
1ee2
++1
e10
-
.
++1
++1
++1
0e
1.2.3
1e
1ee2
abc
e10
-
++1
-
1e-
+
1e+
1e-
0e
0e
1ee2
+
1e+
.
+
000.e
000.e
e10
1e
++1
+
abc
1e+
-
.
e10
1ee2
1.2.3
--2
1ee2
--2
1e+
e10
1ee2
1ee2
-
e10
++1
1.2.3
1e
0e
abc
000.e
1e
1e+
+
--2
000.e
1.2.3
--2
e10
1e
000.e
1e-
1ee2
1e+
1.2.3
0e
1e-
++1
1ee2
1.2.3
--2
e10
1e
e10
--2
1e+
1e+
1ee2
+
--2
000.e
-
--2
000.e
1ee2
1.2.3
+
-
+
1e
1.2.3
1ee2
+
000.e
0e
-
.
e10
-
1ee2
0e
abc
000.e
--2
1ee2
0e
1e-
e10
.
1e+
1e
1e+
000.e
e10
0e
++1
1e-
1e+
1ee2
0e
1e
000.e
1e-
1.2.3
000.e
1e
e10
++1
+
.
-
1e
++1
-
--2
e10
abc
1ee2
++1
1e-
abc
+
e10
000.e
e10
1ee2
.
++1
--2
abc
1.2.3
000.e
-
0e
1.2.3
1ee2
000.e
abc
1.2.3
1e+
1e-
0e
++1
1e+
++1
+
e10
--2
1e
--2
abc
abc
+
1e-
000.e
-
000.e
-
1ee2
1e+
.
abc
abc
+
++1
e10
+
--2
++1
.
1ee2
.
1.2.3
1ee2
1e
1.2.3
-
0e
1.2.3
000.e
.
-
-
1e
--2
abc
1e-
1e
1e-
1e+
1.2.3
abc
e10
1.2.3
1ee2
abc
+
000.e
0e
abc
abc
-
1e+
1e
+
abc
e10
1ee2
++1
--2
0e
+
--2
1e-
abc
1e-
--2
-
-
e10
++1
1e+
1.2.3
abc
0e
1e+
.
.
--2
0e
1e
+
1e+
e10
1e-
000.e
1ee2
-
1e-
+
--2
000.e
e10
0e
e10
abc
1e+
+
1.2.3
1e+
+
-
abc
.
1e-
1e-
abc
1.2.3
1e
.
0e
1ee2
abc
1ee2
+
-
1ee2
--2
1e
e10
1ee2
+
000.e
1ee2
.
1e-
1e+
e10
e10
1e+
--2
e10
.
++1
--2
1e+
000.e
1e+
++1
e10
1.2.3
000.e
1ee2
1e-
000.e
+
1ee2
abc
1e
000.e
0e
1.2.3
--2
0e
1e+
1e+
1.2.3
000.e
0e
++1
.
.
1e
--2
1e-
1e+
++1
++1
1.2.3
1e
-
0e
1.2.3
.
1ee2
1e
0e
1.2.3
--2
0e
000.e
0e
-
-
-
1e+
abc
+
1.2.3
1e
--2
e10
e10
1e-
1e+
1e-
--2
1e
+
e10
1e-
1ee2
1ee2
abc
1ee2
-
1e-
1e
000.e
e10
1e-
0e
abc
1e+
++1
1e+
1e+
1e+
e10
1e-
.
1e-
1e-
000.e
e10
1.2.3
0e
++1
++1
abc
.
--2
1e
000.e
-
e10
0e
000.e
-
-
e10
-
1.2.3
1.2.3
e10
abc
++1
-
e10
-
000.e
.
++1
.
e10
1e
--2
abc
.
--2
-
+
1e-
1e
-
--2
1ee2
abc
-
+
1ee2
000.e
000.e
1e+
-
0e
1e+
abc
000.e
1e
.
1e-
1e+
1e-
1e+
abc
1e-
.
+
e10
1.2.3
--2
++1
abc
abc
e10
-
++1
000.e
abc
1ee2
1e-
e10
++1
-
0e
000.e
000.e
e10
1e-
++1
1e
++1
1ee2
++1
1e+
1e-
.
1.2.3
abc
.
+
--2
1e-
0e
-
1.2.3
000.e
000.e
000.e
++1
000.e
abc
abc
1e
1ee2
abc
e10
--2
0e
000.e
1ee2
1e+
e10
1.2.3
+
1e
1e
0e
1.2.3
1.2.3
++1
++1
-
--2
-
++1
e10
abc
++1
000.e
+
1.2.3
--2
1e-
-
-
.
000.e
abc
e10
++1
abc
1ee2
000.e
1.2.3
1.2.3
.
-
1e-
-
+
++1
+
1.2.3
.
1e-
1.2.3
1e+
++1
e10
-
abc
++1
000.e
--2
.
e10
-
1e-
e10
1e-
1e
--2
e10
1e-
1e
+
abc
0e
1e-
1e+
1e+
1e+
--2
1.2.3
--2
++1
++1
+
abc
1e
1e
.
1.2.3
1e+
1e+
000.e
-
000.e
0e
1ee2
abc
+
1e+
1e-
1e-
1ee2
+
-
1e-
abc
.
-
0e
1e-
.
+
e10
0e
0e
1e
+
1.2.3
000.e
--2
abc
000.e
abc
1.2.3
1e
e10
.
0e
1e-
0e
--2
1e-
abc
1e-
++1
1e
1e-
1ee2
1e-
+
1e+
-
1e+
++1
++1
0e
.
1e-
1e+
000.e
.
0e
e10
.
--2
+
1.2.3
--2
0e
abc
-
-
0e
abc
1e+
1ee2
-
1e
1e+
1e-
.
++1
1e+
1e-
1e
-
e10
1ee2
+
-
.
.
-
1e-
abc
+
1e+
+
1e+
+
1ee2
1e
-
1e+
0e
1e
1e+
1e+
0e
000.e
-
1e-
0e
++1
e10
1.2.3
000.e
e10
++1
0e
-
1.2.3
--2
000.e
0e
abc
1e+
1ee2
1e
++1
1e+
--2
1e-
1ee2
--2
--2
1e+
++1
1e-
.
-
0e
++1
1ee2
-
1ee2
.
--2
e10
-
0e
1ee2
e10
1e-
000.e
1e-
000.e
1.2.3
+
.
e10
.
+
e10
abc
1e-
-
1ee2
e10
abc
-
.
1.2.3
000.e
+
0e
0e
1.2.3
1ee2
1e-
1e-
000.e
1ee2
1e-
--2
1e
-
1e+
--2
--2
+
1ee2
--2
000.e
+
.
++1
1ee2
1e
000.e
1e-
1e+
1ee2
1e
++1
abc
1ee2
1e
--2
++1
0e
1e+
--2
0e
1ee2
--2
+
000.e
+
0e
abc
-
1e
0e
e10
abc
1e
+
--2
.
--2
0e
1e+
1e-
0e
e10
++1
.
1e
.
0e
1ee2
1e-
1e
abc
++1
-
abc
-
+
1e+
+
1ee2
0e
0e
1ee2
1.2.3
1e+
1e-
-
-
.
0e
1ee2
.
.
0e
1ee2
--2
.
.
++1
1ee2
--2
e10
e10
0e
.
0e
1e
+
1e+
--2
1e-
.
1ee2
1e-
1e-
1e+
1e-
1ee2
1e-
000.e
++1
+
1e-
1e+
1.2.3
abc
1e-
.
.
0e
1ee2
000.e
1e
abc
0e
1ee2
1e
1e-
1e+
1e
1e-
abc
1.2.3
1e+
1ee2
e10
abc
1e+
abc
abc
e10
--2
0e
--2
0e
1e+
abc
-
1e+
1e+
0e
1.2.3
1e
1e
e10
++1
++1
e10
+
1e+
.
1e+
-
e10
abc
1e+
1ee2
1ee2
1ee2
+
--2
abc
abc
1e
++1
++1
1.2.3
--2
abc
1e+
1e
e10
abc
1e
++1
1.2.3
0e
-
1e+
000.e
0e
1ee2
1.2.3
1e
1e+
1e+
1e
000.e
1ee2
1e
000.e
1ee2
1e-
1.2.3
000.e
1.2.3
000.e
++1
1.2.3
+
.
1ee2
1e+
1e
1e-
+
+
1ee2
--2
1.2.3
.
1e+
e10
e10
++1
--2
1ee2
1e
1e+
--2
1e+
1.2.3
++1
1e-
e10
abc
+
.
e10
000.e
1e+
1ee2
000.e
1.2.3
e10
-
abc
1e+
abc
1e
-
1ee2
1.2.3
1ee2
+
1e
abc
1e
1.2.3
000.e
000.e
1e+
000.e
e10
--2
1e
1e-
1e+
e10
-
e10
1e
-
e10
1ee2
++1
1e+
000.e
.
1e+
.
1e
1ee2
.
000.e
1.2.3
e10
0e
0e
1e-
.
1e+
1e
1e+
-
e10
--2
.
.
abc
++1
1ee2
1e-
1e
1.2.3
000.e
000.e
1e
1e+
000.e
000.e
1e+
.
000.e
.
--2
e10
1.2.3
000.e
1e-
000.e
+
++1
0e
--2
--2
++1
--2
--2
e10
--2
1ee2
++1
abc
1e
+
0e
1e+
1.2.3
+
.
--2
++1
+
abc
abc
--2
abc
.
1e
1.2.3
.
e10
000.e
-
1ee2
000.e
1.2.3
0e
--2
-
000.e
-
--2
1e-
1.2.3
--2
1e
1e-
1e
0e
++1
++1
0e
+
1ee2
1.2.3
-
0e
+
1e-
1e+
0e
+
1e
1e
1ee2
+
1e
e10
1e-
1.2.3
-
++1
+
abc
--2
000.e
1e
.
1.2.3
.
1e+
1e-
.
000.e
--2
abc
+
-
abc
1e
1.2.3
1e-
0e
1e+
abc
+
abc
-
1e-
+
.
abc
1ee2
1ee2
1.2.3
000.e
--2
++1
-
.
--2
000.e
000.e
1e+
1e
1ee2
abc
000.e
--2
1e+
1ee2
000.e
--2
0e
1ee2
-
++1
.
-
000.e
+
1e-
-
000.e
.
1e-
1e
abc
e10
0e
000.e
abc
.
+
1e-
000.e
++1
+
-
abc
1e
1e+
1.2.3
++1
0e
0e
0e
e10
e10
000.e
abc
1e
1e
abc
abc
1e+
++1
--2
+
1ee2
--2
1.2.3
1ee2
1e-
0e
e10
e10
1e-
e10
0e
e10
--2
-
1e+
1ee2
1.2.3
--2
e10
e10
-
-
1e+
1e-
1e-
1e+
1ee2
1e-
1e+
1e+
000.e
++1
0e
abc
.
e10
1e
-
--2
e10
1e-
-
1e-
1ee2
e10
1ee2
1e
1ee2
-
e10
-
000.e
++1
--2
+
1e+
1ee2
e10
1e-
abc
-
0e
-
1e-
abc
000.e
++1
1e-
1e
-
1ee2
abc
+
1.2.3
--2
abc
1e
1e+
--2
abc
0e
+
e10
1e+
abc
1e
abc
e10
--2
--2
++1
e10
-
1e-
e10
000.e
1.2.3
0e
000.e
.
--2
+
+
-
0e
1e
1ee2
e10
e10
++1
000.e
000.e
e10
1e+
000.e
.
+
1ee2
1e+
+
e10
-
1e+
e10
abc
-
1e+
1ee2
1e-
1ee2
1e+
1ee2
-
000.e
1e
e10
e10
1.2.3
++1
abc
1e-
.
++1
1.2.3
+
e10
.
1e+
1.2.3
++1
e10
.
++1
--2
0e
++1
1ee2
000.e
-
.
0e
1.2.3
++1
+
0e
1.2.3
1e-
1ee2
000.e
1ee2
++1
000.e
e10
.
1.2.3
1.2.3
1e
-
000.e
-
1ee2
1ee2
abc
.
.
1ee2
++1
1ee2
e10
e10
1e
e10
0e
1ee2
-
e10
--2
0e
--2
abc
1e
.
1ee2
1.2.3
0e
000.e
-
--2
1e-
e10
.
0e
-
+
1e
000.e
1e-
0e
--2
.
1ee2
.
1e+
1e+
.
1e
000.e
1.2.3
1e
1e-
e10
e10
1e+
1ee2
1e
+
e10
1e
++1
000.e
1e-
.
1e
1e
abc
-
+
1e+
++1
-
+
1.2.3
-
abc
.
1e
1e+
1.2.3
.
1e-
e10
1e+
+
+
0e
000.e
--2
--2
1ee2
++1
1.2.3
0e
1.2.3
1e-
-
000.e
abc
1e-
1ee2
1e
+
++1
.
1.2.3
1.2.3
1.2.3
000.e
0e
1e+
1e
1.2.3
1e
-
-
.
.
1.2.3
--2
0e
1ee2
.
1e+
1e+
-
0e
e10
1.2.3
abc
1e-
000.e
1e
1ee2
.
1e
000.e
1e-
000.e
0e
abc
1e+
abc
1e
1ee2
abc
-
.
.
++1
1e
000.e
000.e
000.e
--2
1e+
000.e
1e+
1e+
1e+
1e+
000.e
000.e
-
1ee2
1e+
+
1e-
+
1e+
1e+
1e
+
.
++1
--2
1e-
++1
.
+
1e-
0e
1ee2
++1
1ee2
1e+
1ee2
1e
++1
1ee2
.
e10
1e
1e-
+
1e
.
--2
1e
1ee2
--2
--2
++1
1e+
+
++1
-
.
-
1.2.3
abc
--2
+
-
abc
--2
-
e10
++1
1e
++1
1ee2
--2
-
.
1.2.3
1e
1e+
000.e
e10
-
1.2.3
1e-
abc
abc
1e-
abc
1.2.3
.
++1
--2
1ee2
+
--2
1e-
+
-
000.e
+
abc
1e+
-
e10
1e
1ee2
1e
1.2.3
.
0e
.
e10
abc
--2
++1
--2
--2
1e-
+
1ee2
000.e
abc
1e
--2
e10
++1
1.2.3
000.e
-
abc
000.e
--2
0e
1e-
abc
1e+
+
1ee2
1e+
+
--2
1e+
e10
1ee2
1e-
1e
-
abc
1e
1e-
++1
--2
++1
1e
-
-
--2
1e-
1e
--2
1.2.3
1ee2
1e-
1.2.3
++1
1e
0e
++1
1ee2
--2
+
1.2.3
abc
+
0e
-
--2
1ee2
abc
1ee2
-
1e
abc
abc
1ee2
0e
++1
1.2.3
000.e
-
.
1e-
1e+
e10
-
e10
++1
+
1.2.3
--2
1e
1e+
+
1.2.3
e10
000.e
abc
000.e
1e
++1
0e
000.e
1ee2
e10
1e+
0e
1.2.3
++1
1.2.3
1e-
.
1.2.3
0e
-
+
abc
1e
000.e
abc
0e
+
1ee2
.
abc
1e+
e10
1e-
1e-
abc
-
1e+
++1
++1
1ee2
--2
1e+
abc
-
1e-
1e
1e-
0e
1e-
1e+
e10
+
abc
--2
++1
000.e
000.e
.
1e
1e+
++1
e10
1e-
1e
.
0e
abc
1.2.3
abc
1ee2
1e-
1e+
-
1.2.3
0e
abc
++1
1e
--2
--2
1e-
--2
0e
0e
000.e
0e
+
0e
1.2.3
.
1e+
1e
--2
1e
+
+
e10
1ee2
0e
1e-
.
0e
abc
e10
+
000.e
000.e
--2
1.2.3
.
1e+
1e-
e10
1ee2
.
abc
000.e
+
0e
.
1e+
+
.
1e+
1ee2
++1
1.2.3
++1
-
-
1ee2
++1
000.e
.
1e-
.
1e
.
e10
-
.
000.e
000.e
1e+
1ee2
e10
0e
--2
000.e
-
1e-
+
1ee2
-
++1
1ee2
1.2.3
1e+
abc
.
-
1e
+
++1
1ee2
1ee2
e10
+
1ee2
1.2.3
000.e
+
+
000.e
e10
e10
1e-
+
0e
++1
abc
abc
000.e
1e-
+
+
1e+
.
-
1e+
.
e10
0e
1e
--2
1.2.3
1e
1e+
e10
.
.
++1
.
1e
++1
.
abc
0e
-
1e+
000.e
1ee2
000.e
+
1e+
e10
-
abc
1.2.3
1e+
000.e
--2
1.2.3
1e+
e10
++1
1e+
++1
000.e
e10
1e+
0e
000.e
1.2.3
0e
1e+
+
e10
+
+
1e-
+
-
000.e
1.2.3
0e
000.e
++1
1e-
1e
.
--2
0e
e10
abc
000.e
+
1ee2
1e+
1e+
e10
.
-
.
.
1e+
-
.
e10
1e-
1e
1.2.3
+
1e-
1e-
abc
abc
1.2.3
.
1ee2
abc
000.e
1ee2
+
+
e10
.
1e-
000.e
1e
1e
1ee2
1e-
abc
+
1e+
abc
1e+
1e
-
++1
000.e
1e+
1.2.3
000.e
1.2.3
++1
+
+
000.e
1ee2
1e-
1e+
abc
1e-
1ee2
++1
0e
e10
-
000.e
--2
1ee2
.
1ee2
1e
1e+
1e-
++1
.
e10
++1
000.e
0e
--2
e10
0e
1e+
1e+
1e-
1e-
+
1.2.3
-
--2
1e
1e+
000.e
0e
1e-
--2
000.e
1.2.3
0e
1e-
1e
--2
--2
1ee2
e10
1ee2
+
+
-
+
-
++1
e10
abc
1.2.3
000.e
1e
.
++1
--2
000.e
1e
e10
1e-
1e+
0e
0e
--2
abc
--2
000.e
1e-
1e-
.
e10
abc
e10
1e
-
000.e
-
0e
--2
0e
.
1.2.3
0e
1e-
abc
0e
--2
000.e
1e+
1ee2
++1
1e-
1e+
0e
abc
abc
1.2.3
+
1e
++1
abc
e10
1.2.3
1e-
--2
e10
1e
e10
000.e
.
.
.
abc
1ee2
.
+
++1
1e-
0e
000.e
0e
1e+
0e
.
e10
1e
abc
+
++1
+
e10
e10
0e
++1
++1
.
-
1e+
e10
1.2.3
++1
-
abc
1e-
++1
1e+
abc
1e-
0e
abc
1.2.3
+
1e
1ee2
++1
+
1e
000.e
++1
+
1.2.3
+
-
0e
-
--2
e10
abc
1.2.3
1e-
-
e10
0e
1e+
1e
0e
1e-
0e
e10
.
1e+
0e
1e
-
e10
-
.
0e
1e-
++1
abc
--2
++1
-
1ee2
-
abc
1e
++1
.
--2
000.e
1e+
000.e
1e
1e-
1e
0e
0e
-
--2
1ee2
1.2.3
1e
1ee2
0e
1e+
+
1ee2
++1
-
.
1e-
e10
e10
e10
1e
1.2.3
+
.
1e
0e
0e
1ee2
1e
++1
1ee2
abc
1e-
1e-
1.2.3
0e
1.2.3
--2
1e+
1.2.3
1.2.3
+
--2
-
abc
1e+
abc
-
0e
++1
0e
++1
++1
abc
-
e10
-
+
-
1ee2
1e-
1e+
0e
1e+
-
1e-
1.2.3
1e
+
1ee2
0e
1.2.3
-
1e
1ee2
000.e
+
0e
0e
--2
-
1e-
000.e
1e-
1e+
1ee2
1e+
000.e
1e+
1.2.3
+
000.e
0e
1ee2
1.2.3
1e+
1e
0e
1e+
abc
-
abc
.
1e-
.
e10
1e
e10
+
1.2.3
1e
1e-
e10
000.e
1.2.3
1ee2
e10
000.e
--2
e10
e10
--2
+
1e+
1ee2
++1
e10
0e
1e-
e10
1e-
++1
+
0e
1e
++1
e10
000.e
1e-
abc
1ee2
1.2.3
abc
-
1e
abc
-
.
--2
++1
0e
0e
-
.
--2
1e-
.
0e
000.e
++1
000.e
abc
.
-
1e
e10
++1
.
000.e
1ee2
-
+
++1
0e
1.2.3
.
+
000.e
1e
++1
-
-
1e
1e-
1e+
.
1e-
abc
1e+
0e
++1
++1
-
1e+
--2
1e+
1e
1e
++1
0e
0e
1e
1e-
1e-
0e
000.e
--2
+
1e
1.2.3
1e+
1e
1ee2
000.e
1e-
1e-
e10
0e
++1
+
1.2.3
-
1ee2
1ee2
1ee2
--2
000.e
1e+
0e
++1
--2
.
1e-
--2
++1
0e
1.2.3
-
1e+
--2
.
.
--2
e10
++1
1ee2
+
1e
1.2.3
e10
++1
1.2.3
1ee2
-
++1
1e-
e10
.
1ee2
1.2.3
1.2.3
--2
1e-
.
1e-
--2
0e
1ee2
1e+
000.e
0e
+
1.2.3
1e
1.2.3
--2
0e
++1
1ee2
1e-
e10
--2
--2
1e
1ee2
e10
--2
1.2.3
1e+
-
000.e
abc
.
1ee2
0e
--2
1e+
.
.
+
++1
1e+
1ee2
1.2.3
++1
1e+
++1
1ee2
1e
.
1e-
--2
1e+
1ee2
abc
1e
0e
.
.
1ee2
.
1ee2
1e+
e10
++1
abc
1e+
e10
abc
++1
0e
-
abc
--2
e10
1ee2
++1
1e+
-
000.e
1.2.3
.
1ee2
1.2.3
++1
1e+
-
e10
1e-
abc
e10
+
-
0e
1e
.
+
--2
000.e
1.2.3
1e
1e+
+
000.e
0e
1ee2
e10
+
abc
1e-
--2
1ee2
0e
1.2.3
abc
1e
e10
1e+
abc
1e
.
--2
e10
+
1.2.3
000.e
++1
1ee2
.
000.e
1e-
e10
1ee2
1ee2
1e+
.
0e
+
1e
1e-
e10
0e
+
-
abc
++1
1e
+
1e
++1
+
--2
1ee2
--2
abc
1e
1.2.3
--2
--2
.
1.2.3
1e
abc
--2
0e
--2
++1
.
e10
.
-
abc
+
.
0e
0e
--2
1.2.3
.
--2
0e
0e
abc
000.e
1e-
1.2.3
+
1ee2
.
1.2.3
-
1.2.3
-
-
1e-
1ee2
1e
e10
1e-
-
1e-
1e
++1
0e
+
1ee2
1e+
000.e
abc
-
1.2.3
abc
-
-
e10
1.2.3
+
.
++1
--2
0e
--2
+
1ee2
+
.
++1
000.e
1.2.3
.
1e-
1.2.3
1.2.3
--2
.
--2
.
1.2.3
000.e
-
000.e
1.2.3
.
abc
000.e
1.2.3
1e-
+
1e
0e
++1
-
--2
000.e
--2
e10
1e-
.
1e+
1e
.
1.2.3
1e+
.
-
e10
1ee2
0e
+
e10
1e-
1e-
e10
0e
--2
+
--2
e10
+
-
abc
1e
1.2.3
000.e
.
1ee2
--2
.
1ee2
1e-
-
1e
1e+
+
1ee2
abc
000.e
0e
--2
-
-
1e-
1.2.3
--2
000.e
1e-
1ee2
0e
0e
000.e
1e+
1ee2
0e
1.2.3
1ee2
1e+
++1
1e+
.
1e+
--2
1.2.3
e10
0e
1e
0e
1e+
000.e
.
--2
+
1.2.3
--2
+
0e
e10
1e-
abc
0e
1e
1e
++1
.
1ee2
+
1e
000.e
-
.
++1
--2
+
-
1e-
1e+
e10
1.2.3
+
1.2.3
0e
--2
1e
1ee2
-
e10
e10
1e-
--2
1e+
1.2.3
1ee2
1e
1e-
1ee2
1.2.3
-
1e
.
--2
0e
+
0e
abc
--2
++1
1e+
0e
1e-
1e
abc
1.2.3
++1
1ee2
1ee2
1ee2
000.e
.
e10
1e
.
1e
1e-
1e-
+
1e-
--2
1e
-
abc
abc
++1
1e
1.2.3
1ee2
1e-
000.e
e10
1e
1e
abc
-
abc
+
000.e
1.2.3
+
1.2.3
+
--2
--2
--2
abc
++1
e10
1e+
++1
+
000.e
0e
1e+
0e
abc
e10
e10
++1
1e-
+
-
0e
.
++1
-
+
+
+
1.2.3
1e-
-
1e+
-
000.e
1ee2
e10
+
+
000.e
1.2.3
+
+
-
1e
-
1e+
1ee2
e10
+
-
+
+
-
1e-
.
1.2.3
abc
e10
--2
1.2.3
+
abc
--2
--2
1e
abc
0e
+
1ee2
e10
.
.
--2
1e
+
0e
--2
.
1e-
-
1e-
abc
1e-
1.2.3
++1
1e-
1ee2
1e-
++1
1e-
+
0e
000.e
1ee2
++1
.
1.2.3
--2
0e
1.2.3
--2
1e
++1
000.e
-
e10
0e
000.e
.
1e+
1e-
1e-
+
+
--2
1e+
1.2.3
+
0e
1e+
1.2.3
1.2.3
1e-
+
0e
abc
.
.
++1
-
abc
-
1e-
000.e
--2
e10
+
e10
1e
1e+
abc
.
0e
1e
000.e
-
000.e
-
1e
abc
--2
000.e
.
+
1e-
1e+
1e+
abc
abc
++1
.
1e
1.2.3
+
1e+
1.2.3
1e
1e
1.2.3
.
1e+
e10
-
.
1e-
1e+
0e
0e
1e+
1ee2
000.e
0e
--2
1.2.3
--2
1e
1.2.3
++1
000.e
abc
000.e
-
+
.
+
1e
++1
++1
++1
1.2.3
1.2.3
1ee2
0e
1ee2
--2
.
abc
0e
abc
1e
000.e
.
1ee2
1ee2
+
0e
1ee2
--2
+
000.e
abc
.
e10
e10
1e+
1ee2
e10
1e+
++1
++1
1ee2
1.2.3
1ee2
1.2.3
1e+
0e
abc
.
--2
0e
1ee2
1e
1e-
1e
1e
+
0e
--2
--2
.
1e
-
abc
.
e10
e10
++1
1e-
1ee2
1ee2
1ee2
.
+
1e
e10
.
000.e
000.e
1ee2
+
++1
e10
1.2.3
abc
-
.
abc
0e
1e+
1e+
+
-
1e-
1ee2
1e-
1e+
0e
-
-
abc
1ee2
++1
e10
.
++1
--2
0e
e10
abc
1e-
1.2.3
1ee2
abc
1e+
abc
000.e
+
-
1ee2
0e
1e+
--2
++1
1ee2
+
+
++1
-
-
abc
e10
--2
1ee2
e10
-
++1
1e
+
+
0e
0e
++1
0e
abc
++1
-
1e
.
1e+
1e+
1e
.
1e
1e
.
--2
1ee2
1e+
1e-
1e-
0e
000.e
1.2.3
abc
e10
.
abc
.
e10
++1
1e+
000.e
1e
+
abc
-
e10
0e
++1
0e
1.2.3
++1
1e-
1ee2
--2
e10
1e-
abc
e10
e10
--2
e10
+
1e
+
+
1e
1ee2
.
+
--2
-
1ee2
000.e
++1
1e
1.2.3
-
000.e
+
0e
++1
-
+
1ee2
1.2.3
-
1e-
1e+
000.e
1ee2
.
abc
.
1e
--2
0e
.
++1
000.e
1ee2
++1
0e
-
++1
1e+
abc
-
++1
+
1ee2
1ee2
++1
1e-
1e+
+
+
1ee2
0e
-
1.2.3
+
.
.
abc
abc
1e
000.e
--2
e10
1e+
1ee2
+
0e
0e
-
1.2.3
1e+
1e-
-
+
1e
+
0e
1e+
1ee2
++1
abc
000.e
000.e
1e
1.2.3
-
.
0e
1ee2
0e
abc
000.e
000.e
000.e
e10
0e
1.2.3
1ee2
.
--2
abc
abc
abc
1ee2
1e
--2
abc
0e
1e-
1.2.3
-
.
-
1e+
1.2.3
.
1e+
e10
e10
.
1.2.3
1.2.3
1ee2
000.e
000.e
1ee2
1.2.3
++1
++1
.
.
1e-
.
.
.
000.e
1e
1e-
++1
abc
1e-
.
000.e
-
1.2.3
.
1e-
1ee2
1.2.3
abc
e10
e10
.
-
-
1e
-
1.2.3
abc
e10
1e+
1.2.3
.
--2
0e
e10
0e
1.2.3
+
1e+
000.e
1ee2
e10
-
++1
1e
000.e
-
1e+
e10
e10
0e
1e
e10
+
-
-
++1
1.2.3
1e-
e10
1.2.3
-
++1
1e-
-
.
1e-
abc
.
-
1e+
1e+
1.2.3
.
-
000.e
+
000.e
abc
1e
1e-
1e
abc
1ee2
000.e
1e
+
000.e
++1
.
-
abc
1e+
1e-
1e+
.
000.e
--2
1e-
1e
e10
000.e
--2
1e-
1.2.3
1e+
abc
--2
abc
0e
1.2.3
abc
1ee2
1ee2
-
--2
+
1.2.3
1e+
++1
-
1e-
e10
--2
++1
.
1e+
1ee2
0e
abc
1e-
++1
+
1.2.3
e10
+
1ee2
+
abc
1e-
+
000.e
++1
e10
-
--2
abc
.
.
0e
--2
e10
1.2.3
1.2.3
--2
--2
0e
e10
000.e
-
abc
1.2.3
1e+
0e
abc
.
1.2.3
+
-
1.2.3
0e
1.2.3
1e
++1
1ee2
--2
++1
e10
1.2.3
++1
-
000.e
+
.
1ee2
1e+
e10
1ee2
--2
e10
1e
1ee2
1.2.3
+
abc
1.2.3
000.e
e10
-
.
1e+
abc
++1
-
-
.
+
0e
abc
0e
0e
0e
--2
1ee2
--2
abc
1ee2
1e-
1ee2
0e
1e
.
++1
1e-
--2
1e
e10
0e
1.2.3
abc
.
+
+
1e+
+
1e-
++1
1ee2
--2
+
++1
1.2.3
++1
+
++1
000.e
--2
0e
1ee2
e10
.
+
1e-
1.2.3
abc
.
+
0e
1ee2
1e-
1e
1e
1e
+
1e-
e10
+
1e
000.e
abc
-
1e+
--2
e10
000.e
abc
abc
-
.
1.2.3
--2
abc
-
++1
.
.
e10
abc
+
000.e
000.e
1.2.3
1e
+
1e
e10
1.2.3
.
1ee2
1e-
abc
+
-
e10
--2
++1
+
000.e
++1
--2
1e+
1e+
1e+
1.2.3
000.e
1ee2
000.e
1.2.3
++1
0e
++1
abc
1e
1ee2
--2
--2
1.2.3
1ee2
1e-
1.2.3
1e+
+
.
1e-
1e
++1
--2
++1
e10
e10
e10
+
+
abc
++1
1ee2
1.2.3
e10
++1
1ee2
1.2.3
-
1e+
abc
abc
--2
abc
-
+
++1
--2
++1
1e-
--2
1.2.3
e10
abc
abc
1.2.3
0e
.
.
abc
1.2.3
e10
1e-
--2
++1
1.2.3
1ee2
000.e
1ee2
e10
++1
.
0e
1e-
1e-
1.2.3
e10
++1
0e
1e+
++1
--2
++1
--2
--2
-
--2
000.e
abc
1.2.3
abc
1.2.3
abc
1e-
.
abc
--2
0e
0e
abc
+
+
1e-
0e
abc
++1
++1
0e
0e
--2
0e
1e-
-
++1
++1
--2
.
abc
.
1e+
1ee2
1e+
0e
+
+
000.e
0e
++1
000.e
0e
1e+
000.e
1e+
1e+
+
1e-
abc
e10
1.2.3
--2
++1
1.2.3
.
++1
1e
1e
1e+
abc
.
1e+
abc
1e-
1ee2
1e
++1
.
1ee2
1e
e10
+
1ee2
1e
000.e
++1
1ee2
++1
1e-
000.e
e10
-
.
1e
0e
+
000.e
1ee2
-
1e
e10
-
1.2.3
+
1e
0e
000.e
--2
1e+
++1
-
abc
1.2.3
--2
e10
000.e
+
1ee2
000.e
+
--2
--2
0e
1e-
1e
.
1e+
1.2.3
e10
1.2.3
++1
++1
1e-
1e-
000.e
1e-
++1
++1
1e+
1e+
abc
1ee2
abc
0e
--2
e10
--2
1e-
.
++1
1e+
000.e
1e
++1
000.e
abc
.
1ee2
1e
.
1.2.3
000.e
1e
.
1e+
abc
0e
1e+
1e-
1ee2
+
+
1e
1e+
0e
abc
-
1ee2
--2
-
000.e
000.e
--2
--2
1e
1ee2
0e
e10
1ee2
1ee2
0e
000.e
.
--2
--2
1e
e10
1e-
abc
1e-
1.2.3
+
1ee2
abc
abc
--2
1ee2
1e+
1ee2
abc
000.e
+
000.e
e10
1e
1.2.3
+
--2
1ee2
++1
+
e10
000.e
000.e
1e-
-
++1
1e
1.2.3
1e+
abc
1e
1e+
--2
0e
e10
1ee2
1e
abc
e10
000.e
1e
++1
000.e
1e-
1ee2
+
++1
--2
1e+
1ee2
--2
-
-
1e+
.
--2
abc
.
.
abc
1e+
e10
1.2.3
000.e
++1
abc
1.2.3
abc
1.2.3
++1
0e
1ee2
+
++1
+
1e
0e
1.2.3
000.e
+
++1
1e+
abc
-
--2
+
++1
1e-
0e
e10
1e-
1ee2
-
1e-
--2
-
-
0e
--2
+
e10
1ee2
--2
1e
++1
0e
--2
1e
e10
0e
1.2.3
e10
1ee2
1e-
.
e10
-
-
+
1e+
+
1e+
1e-
-
--2
-
-
+
e10
1e+
0e
.
.
abc
0e
1e-
++1
1ee2
++1
++1
++1
000.e
000.e
1e+
-
1e
1e-
e10
1e+
0e
--2
++1
1ee2
e10
.
-
-
1ee2
abc
1e+
-
1ee2
0e
+
0e
e10
1ee2
abc
0e
++1
1e+
1e
1e
abc
abc
1.2.3
1e
--2
0e
abc
1.2.3
1e+
++1
1e
.
1e
1e+
--2
1e
1e+
1.2.3
000.e
-
++1
.
0e
+
--2
-
--2
1e+
.
1ee2
0e
abc
1e-
1e+
0e
e10
-
1ee2
abc
1e
abc
0e
-
1e+
1e+
-
-
++1
-
.
1e
e10
0e
abc
000.e
.
--2
1.2.3
abc
000.e
1e-
+
++1
.
++1
++1
abc
1e-
-
e10
1e-
0e
abc
1e
000.e
1.2.3
e10
.
1ee2
e10
1e
1e
1e
1ee2
--2
1.2.3
1e+
1ee2
1e
1.2.3
e10
0e
abc
000.e
++1
0e
1ee2
1e+
1e
1e
.
1e-
000.e
1e-
1e
.
1e-
1e-
1e+
1e
--2
-
abc
--2
1e-
000.e
1ee2
-
1e
e10
++1
+
1.2.3
0e
1.2.3
1e-
1e+
.
0e
000.e
1.2.3
.
.
.
1ee2
1.2.3
-
1ee2
+
1.2.3
1e+
1ee2
1.2.3
++1
1e
-
1e+
1e-
1ee2
1.2.3
e10
--2
1.2.3
0e
1ee2
1e-
++1
e10
1e
1e-
1e-
++1
+
+
0e
+
0e
0e
1e-
1e+
1ee2
abc
abc
-
e10
+
1ee2
abc
1ee2
+
1e-
1e-
1ee2
e10
1e+
-
1.2.3
--2
-
abc
-
e10
1e-
e10
++1
--2
1ee2
1e
abc
--2
e10
0e
1ee2
+
.
1e
1e
++1
1.2.3
abc
0e
0e
1e+
--2
--2
1e+
--2
--2
abc
e10
-
000.e
1ee2
0e
1ee2
1e-
++1
1.2.3
000.e
.
+
000.e
++1
1e
0e
-
e10
-
000.e
abc
000.e
1.2.3
1ee2
1ee2
++1
-
.
++1
.
-
abc
1ee2
--2
1ee2
0e
0e
abc
abc
000.e
.
-
1e-
1e-
++1
0e
.
.
++1
--2
--2
-
000.e
1e-
+
e10
+
.
000.e
abc
1ee2
.
0e
000.e
1e-
000.e
--2
0e
1.2.3
-
+
--2
1e
1ee2
+
1ee2
-
+
.
1e
--2
1e-
1.2.3
0e
abc
e10
0e
e10
--2
1ee2
1e
++1
1e-
000.e
+
.
1e-
1.2.3
e10
+
000.e
.
.
1.2.3
1e+
+
1e
abc
1ee2
1ee2
abc
1e-
.
--2
000.e
1e
--2
++1
0e
1.2.3
1ee2
1e-
1e+
e10
-
++1
1e
+
.
abc
abc
-
--2
.
++1
abc
1e+
e10
-
1e+
1ee2
+
1ee2
+
abc
--2
.
.
-
abc
++1
0e
1e
1.2.3
1e+
1e-
000.e
-
++1
1ee2
--2
abc
1e
0e
000.e
++1
abc
1e
1.2.3
--2
+
1e-
abc
1e
++1
e10
1e
1e-
1e-
-
-
e10
1ee2
1ee2
000.e
--2
1e-
e10
-
000.e
e10
.
-
0e
--2
0e
0e
1ee2
000.e
0e
1e+
1e+
.
1ee2
-
1e-
1ee2
.
+
1e
1e-
+
e10
1e
1e+
1e
-
e10
--2
1.2.3
1ee2
1e-
e10
1e-
abc
1e+
1ee2
1.2.3
000.e
-
000.e
000.e
000.e
.
.
.
e10
.
++1
+
1ee2
0e
--2
1e-
abc
e10
1e-
1.2.3
0e
1e+
abc
e10
1e-
000.e
--2
abc
--2
1.2.3
--2
1ee2
0e
-
++1
++1
000.e
000.e
1e
1e
1e-
-
1ee2
000.e
1.2.3
--2
+
-
.
000.e
1.2.3
+
000.e
.
000.e
1.2.3
++1
1.2.3
.
-
1e
1.2.3
e10
+
1e
1e-
abc
1e
1e+
1e+
e10
+
0e
0e
0e
.
1e
1e-
1ee2
1e
-
--2
--2
0e
e10
.
1e+
1.2.3
1ee2
.
++1
--2
1e-
abc
1.2.3
++1
+
--2
+
++1
-
0e
-
1ee2
e10
++1
0e
1.2.3
000.e
1e
0e
+
-
abc
--2
1e-
--2
1e
abc
++1
.
1e
1.2.3
1ee2
e10
++1
e10
--2
.
abc
++1
--2
abc
e10
+
1e-
abc
++1
e10
1.2.3
1.2.3
000.e
1e-
000.e
e10
1.2.3
e10
1e
1ee2
0e
1e+
1ee2
--2
+
0e
1e-
++1
1ee2
e10
--2
0e
e10
.
+
+
e10
-
-
--2
000.e
1e+
1ee2
e10
abc
000.e
abc
abc
0e
1e
1ee2
1e+
1ee2
0e
++1
1.2.3
e10
+
abc
abc
--2
1.2.3
1e-
1ee2
000.e
1e+
e10
-
000.e
1e+
-
-
--2
+
++1
++1
++1
e10
e10
1.2.3
1ee2
1ee2
.
--2
+
0e
+
1e
1.2.3
1e-
e10
--2
.
e10
-
++1
+
--2
abc
abc
++1
1e-
1e
-
-
0e
1e
1e+
1.2.3
1.2.3
++1
1ee2
000.e
+
abc
1e
++1
abc
.
e10
.
+
+
1e+
.
--2
e10
1e-
1ee2
+
0e
000.e
0e
1e-
1e-
1ee2
1ee2
abc
++1
e10
0e
-
1.2.3
000.e
+
.
abc
+
1e+
++1
abc
1e+
1.2.3
1e-
1e
1e+
.
abc
1e+
+
0e
+
1ee2
-
e10
--2
1ee2
1ee2
1e+
1e
e10
-
++1
1e+
--2
1e
-
1.2.3
abc
++1
++1
1e+
+
1ee2
++1
++1
.
0e
++1
--2
0e
1e+
abc
abc
abc
--2
1.2.3
+
1.2.3
1e-
000.e
++1
000.e
-
-
abc
-
1e+
--2
1e
.
1e-
++1
1.2.3
1ee2
000.e
1e-
abc
abc
abc
1e
e10
++1
--2
--2
e10
1e+
1.2.3
+
1ee2
+
abc
.
1.2.3
+
-
000.e
1e-
1e-
e10
-
1e-
.
1e
1ee2
.
1.2.3
1e+
1ee2
0e
++1
+
abc
1e-
e10
+
0e
++1
e10
e10
0e
-
-
0e
abc
1e-
1ee2
--2
e10
1.2.3
e10
-
.
000.e
abc
1.2.3
.
--2
+
1ee2
1e
--2
1e+
abc
1e-
++1
0e
1ee2
1ee2
1e
+
1ee2
-
1.2.3
1e+
0e
abc
0e
1e-
e10
.
1e
++1
1.2.3
+
1e+
e10
1e+
1e+
1ee2
-
++1
abc
--2
+
1ee2
.
abc
1.2.3
--2
1e+
-
.
1e-
.
1ee2
1e+
1e
++1
+
000.e
++1
abc
1e-
++1
000.e
000.e
1e+
++1
1.2.3
1.2.3
++1
1e
abc
e10
000.e
1e
--2
1.2.3
abc
1e
+
1e
1e+
++1
-
.
abc
e10
e10
abc
e10
1e-
000.e
1e+
0e
++1
++1
0e
1e
-
0e
e10
1ee2
.
1e+
0e
000.e
1e
abc
1e
000.e
1ee2
0e
000.e
0e
++1
1.2.3
1e-
-
1e-
abc
++1
.
.
1e+
++1
abc
0e
1ee2
--2
1.2.3
1e-
--2
.
1e+
.
1e-
-
1.2.3
1ee2
+
1.2.3
000.e
.
+
--2
1ee2
e10
1e+
-
1e-
1e-
--2
++1
000.e
e10
abc
1ee2
-
0e
1e+
.
+
e10
1e-
.
++1
++1
+
1e+
.
000.e
1e+
1.2.3
.
e10
000.e
abc
abc
0e
000.e
1e+
e10
.
e10
-
--2
000.e
--2
.
1e
e10
1e+
++1
000.e
1e
+
0e
1ee2
abc
.
0e
.
1e
1e
+
1e+
-
.
1.2.3
.
0e
1e-
1e
000.e
1ee2
--2
0e
1e
e10
1e-
1e
--2
1ee2
+
.
++1
1e
1e
1e+
1e+
000.e
0e
--2
1.2.3
1ee2
+
--2
1e
0e
1.2.3
e10
000.e
abc
.
1e+
--2
0e
0e
1e+
+
++1
1e
abc
1e
1ee2
--2
1.2.3
0e
-
-
000.e
000.e
-
0e
1e
1e
--2
e10
.
-
.
1e+
1e
++1
1.2.3
1ee2
abc
000.e
++1
+
++1
e10
1.2.3
e10
--2
--2
abc
1e+
.
-
000.e
--2
-
++1
+
.
1e
1e
--2
-
.
000.e
1e+
e10
1e
abc
1.2.3
1.2.3
+
++1
0e
.
--2
1e-
1e+
-
-
1.2.3
+
1.2.3
1.2.3
1e-
1e
abc
0e
1.2.3
1.2.3
1e+
1.2.3
e10
++1
1e+
+
000.e
+
1ee2
abc
-
++1
--2
--2
1ee2
0e
1e-
abc
1e-
1.2.3
e10
+
-
1ee2
-
.
++1
--2
-
1e
+
-
abc
000.e
++1
.
.
-
e10
1e+
++1
++1
1e+
++1
.
abc
1ee2
1e+
-
1.2.3
++1
++1
1.2.3
+
-
++1
1e
1.2.3
0e
+
abc
1e
1.2.3
++1
000.e
1e-
000.e
++1
+
1e
1.2.3
1e
1e
e10
-
1ee2
1ee2
000.e
abc
1e+
++1
1e
1e-
1e+
0e
1e
1ee2
abc
1e-
++1
e10
000.e
-
.
e10
.
1e-
1e
-
+
abc
1.2.3
0e
0e
-
0e
1.2.3
000.e
1e
.
1e
+
++1
1.2.3
0e
1.2.3
1.2.3
e10
0e
++1
1e+
abc
000.e
e10
0e
0e
1e-
e10
+
1.2.3
--2
1e-
--2
e10
++1
abc
.
++1
e10
+
--2
000.e
1.2.3
0e
-
1.2.3
e10
-
1e-
1e
.
e10
1e-
1e+
000.e
1e-
1e+
+
-
1ee2
abc
1e
abc
1e
--2
--2
+
.
0e
e10
000.e
0e
e10
.
1ee2
000.e
1e+
abc
1e
000.e
+
1e-
1e+
+
1ee2
e10
+
.
--2
abc
abc
1e
1e
1e-
.
1e
1ee2
.
0e
-
--2
abc
--2
-
1e
1e-
+
1ee2
.
--2
1e+
1.2.3
+
-
1ee2
1.2.3
1e
000.e
1.2.3
0e
1ee2
1.2.3
++1
1e
e10
abc
1.2.3
0e
++1
+
1ee2
1.2.3
1e+
--2
abc
-
-
1e+
000.e
1ee2
1e
1ee2
e10
1.2.3
1e+
1e-
1e
e10
0e
000.e
+
-
1.2.3
--2
.
++1
e10
--2
1ee2
e10
000.e
1e
.
000.e
1ee2
--2
e10
1e
+
abc
1ee2
.
.
-
++1
1ee2
1e
1.2.3
1.2.3
1e-
000.e
1e
abc
++1
.
000.e
.
e10
1.2.3
--2
e10
e10
++1
1e+
e10
.
abc
0e
000.e
1ee2
--2
++1
1ee2
1e+
000.e
.
e10
--2
0e
+
1.2.3
1.2.3
000.e
000.e
1ee2
1e
-
1e
e10
--2
1e+
--2
-
000.e
1ee2
0e
000.e
e10
1ee2
++1
abc
1e
--2
.
1e-
++1
000.e
0e
.
1ee2
1.2.3
1e+
1e
1ee2
e10
.
+
+
1.2.3
--2
e10
1e-
1e+
0e
.
-
000.e
abc
.
1e+
0e
e10
--2
e10
.
+
.
0e
+
1e-
-
1ee2
.
-
0e
+
abc
000.e
1e-
++1
--2
.
-
1ee2
--2
000.e
0e
++1
.
1ee2
--2
.
0e
1e-
--2
+
1ee2
1ee2
000.e
1ee2
++1
1e+
-
e10
e10
++1
+
1e-
abc
1.2.3
1ee2
1e
1ee2
1ee2
1e-
.
--2
+
--2
1e
e10
abc
.
abc
1.2.3
0e
e10
-
abc
1.2.3
--2
.
1ee2
-
--2
000.e
1e+
-
++1
1ee2
1.2.3
1e
1ee2
-
1.2.3
+
++1
000.e
--2
e10
1ee2
-
0e
1.2.3
1ee2
--2
1e
1e
1.2.3
1e-
1.2.3
+
0e
+
1e+
e10
-
--2
1e
-
1e+
1e-
.
++1
++1
0e
-
1e
.
++1
1ee2
abc
--2
1.2.3
1.2.3
.
.
1e
1ee2
1.2.3
abc
.
--2
1e-
--2
--2
1ee2
000.e
1.2.3
1e+
1.2.3
1ee2
.
e10
1e-
-
+
0e
++1
e10
1e+
1e-
abc
e10
1ee2
000.e
++1
000.e
abc
-
000.e
0e
000.e
e10
abc
1e-
abc
e10
+
.
000.e
1e+
--2
1ee2
abc
1e
++1
e10
1e-
--2
e10
++1
.
1e+
1e
+
000.e
0e
1e-
0e
.
abc
000.e
1e
1e+
1e
abc
000.e
+
000.e
1e+
1.2.3
1e+
1.2.3
-
+
000.e
1ee2
1ee2
1ee2
1ee2
abc
000.e
+
e10
1e-
+
1e+
1e-
++1
-
0e
e10
-
e10
+
e10
--2
+
--2
.
-
-
1e-
++1
1e+
1e+
000.e
1.2.3
1.2.3
e10
+
+
1ee2
.
+
1.2.3
.
1e-
1e
1e-
-
1e+
1e-
1ee2
1ee2
abc
--2
++1
1e+
000.e
1ee2
.
1ee2
+
1e-
+
abc
-
1.2.3
++1
e10
-
1e
0e
--2
e10
-
.
1e+
e10
1e+
e10
0e
abc
000.e
-
000.e
-
1e+
++1
-
1e+
.
1e-
--2
-
0e
--2
1e
0e
0e
1ee2
1ee2
-
1ee2
abc
1.2.3
1.2.3
+
1e
e10
000.e
1e
abc
.
abc
000.e
1ee2
1.2.3
e10
000.e
e10
0e
.
--2
1e
1e
000.e
e10
+
-
1e+
+
0e
.
e10
e10
+
.
++1
1e
-
+
-
1e
--2
1ee2
1e
.
.
-
1e-
0e
1.2.3
1e
+
--2
0e
1ee2
1e
e10
000.e
1.2.3
++1
-
1e
0e
1ee2
1.2.3
--2
1e
000.e
1e
-
1e-
000.e
+
++1
--2
1ee2
0e
.
++1
++1
1e-
e10
+
--2
e10
1e-
abc
--2
1e-
.
--2
++1
1.2.3
1ee2
1ee2
++1
1e
1e-
1e
+
+
.
++1
-
abc
1ee2
++1
1e-
1.2.3
++1
--2
1e-
1e-
1e
--2
--2
1e+
1e-
1.2.3
1e+
-
+
+
-
1e+
--2
0e
--2
-
--2
1.2.3
e10
e10
-
-
1ee2
abc
abc
0e
+
e10
000.e
--2
.
0e
.
++1
.
1.2.3
+
1e-
1e-
1.2.3
+
0e
1.2.3
1e
1e
.
-
0e
1e+
1ee2
1ee2
--2
-
1e+
--2
+
-
1e-
1e+
1ee2
1.2.3
1.2.3
000.e
--2
--2
1e-
abc
1ee2
e10
.
0e
1e
1.2.3
1ee2
e10
abc
.
0e
1e
+
e10
1.2.3
1e+
0e
1ee2
1e-
abc
1.2.3
+
000.e
abc
1e+
+
abc
000.e
000.e
e10
.
1e
000.e
+
1e+
+
000.e
abc
1e
+
abc
++1
abc
++1
e10
-
1.2.3
.
abc
1ee2
abc
1e+
--2
1e
1.2.3
1e
000.e
1.2.3
1e
abc
+
1e-
0e
0e
1.2.3
0e
1e+
.
000.e
--2
abc
.
0e
1e+
000.e
1ee2
1e
+
--2
1ee2
++1
1e-
0e
0e
0e
1ee2
--2
abc
-
1e-
--2
1.2.3
abc
abc
1ee2
1ee2
+
000.e
1e-
abc
.
0e
--2
000.e
--2
--2
1.2.3
000.e
++1
+
--2
1e-
--2
.
-
1e
-
000.e
--2
.
-
1e-
.
1e-
1e-
-
0e
e10
e10
1.2.3
-
--2
e10
1.2.3
++1
1e+
--2
1.2.3
1e+
++1
1.2.3
abc
-
++1
1.2.3
1e-
1ee2
0e
abc
0e
e10
1.2.3
abc
++1
1e+
000.e
000.e
.
--2
0e
1.2.3
1e+
abc
.
1.2.3
--2
abc
abc
0e
1e-
--2
abc
abc
000.e
.
1e+
--2
000.e
--2
e10
1.2.3
-
1.2.3
abc
1e+
+
000.e
1ee2
-
e10
000.e
-
.
000.e
000.e
+
++1
abc
++1
1e-
abc
000.e
1e
000.e
1e-
1ee2
000.e
--2
-
1.2.3
++1
+
1e
1e-
0e
+
1e+
1e+
1ee2
1e-
abc
1e
1.2.3
1e+
++1
-
+
1e-
1e+
+
+
++1
abc
e10
1e+
e10
-
1e-
1e
1e+
--2
++1
000.e
1.2.3
1e
0e
1e
+
0e
e10
1e
--2
000.e
-
++1
0e
000.e
1e-
1e+
+
abc
1e+
--2
1e-
e10
1e
1.2.3
.
1e
e10
++1
--2
-
1.2.3
.
-
1.2.3
--2
+
1.2.3
--2
--2
1ee2
1.2.3
.
0e
000.e
0e
e10
1.2.3
1.2.3
1e-
1e+
++1
1e
000.e
000.e
1e-
e10
-
--2
000.e
-
+
1e-
abc
abc
1e
--2
-
e10
-
000.e
1e
--2
1e-
1e-
1ee2
1e
1ee2
1.2.3
-
1e
1e
1e+
++1
0e
.
--2
++1
1.2.3
1e
.
-
abc
1ee2
--2
--2
-
.
1e
-
1e+
1e
-
1e-
.
1.2.3
++1
+
1e
1e
1e-
--2
abc
1e+
+
--2
abc
1e
1.2.3
1e
-
+
++1
--2
0e
abc
.
e10
1e
++1
1ee2
--2
--2
+
1e+
1e-
1e
abc
++1
1e+
1e-
1e
--2
.
1e-
1ee2
1e-
.
1.2.3
1.2.3
1.2.3
1e+
1e+
e10
.
+
1e-
0e
abc
e10
+
000.e
.
+
0e
--2
1e-
--2
++1
1e-
++1
abc
++1
1e
--2
000.e
+
0e
.
-
e10
e10
1e
e10
++1
1e+
.
0e
0e
++1
0e
e10
1e
.
000.e
-
e10
abc
0e
1.2.3
abc
abc
.
e10
0e
1ee2
e10
abc
++1
--2
.
e10
.
1.2.3
1e
--2
0e
1.2.3
1.2.3
-
1e+
1e
+
e10
abc
0e
1.2.3
.
++1
1ee2
1e-
1e-
-
1e
1.2.3
.
++1
000.e
abc
1.2.3
1e-
000.e
++1
e10
1e+
1ee2
abc
000.e
+
--2
.
-
0e
.
++1
--2
e10
000.e
.
-
.
1ee2
1.2.3
+
1e-
1e-
1ee2
1e-
1e+
.
-
abc
++1
++1
.
1e-
--2
1e-
e10
1ee2
+
++1
e10
1e
e10
1e+
000.e
1e-
.
-
1.2.3
1e+
++1
1ee2
1.2.3
++1
abc
-
1e-
+
--2
000.e
-
e10
1.2.3
1ee2
1.2.3
1e-
+
-
1ee2
.
000.e
1e-
1.2.3
1e
abc
1e
.
++1
abc
abc
1e
-
.
--2
1ee2
1ee2
1ee2
--2
1e
-
1e
1e-
1ee2
1e-
000.e
abc
+
+
abc
abc
1.2.3
e10
--2
++1
000.e
000.e
1ee2
+
0e
000.e
-
--2
1e+
abc
+
.
1e-
.
0e
0e
0e
1e+
0e
0e
abc
.
--2
++1
--2
+
e10
000.e
.
-
000.e
1e
0e
1.2.3
+
1e
1ee2
--2
--2
e10
++1
++1
000.e
1e+
abc
1ee2
.
1e
1e
.
1.2.3
++1
+
+
000.e
1e
1ee2
e10
e10
1e
1ee2
1e
-
--2
+
000.e
1e
abc
0e
1e-
1e+
--2
1e-
1e-
+
1ee2
1e
--2
--2
0e
abc
0e
0e
0e
e10
1e+
e10
1.2.3
1e-
++1
--2
--2
e10
e10
abc
1.2.3
1e-
1e+
0e
++1
abc
abc
.
+
0e
+
1e-
1.2.3
1e+
0e
-
+
1e+
000.e
0e
--2
e10
1.2.3
1e+
-
++1
abc
1.2.3
.
1e
-
1ee2
1.2.3
1e-
-
0e
1e-
abc
1e
1.2.3
+
+
--2
-
--2
1e+
000.e
1.2.3
--2
++1
abc
1ee2
1.2.3
1ee2
0e
1e
1e+
1e+
+
++1
1e+
e10
000.e
-
++1
e10
++1
1ee2
.
++1
1e
0e
abc
1e+
abc
1ee2
e10
--2
++1
--2
++1
-
e10
e10
--2
+
000.e
abc
0e
000.e
++1
abc
-
1e-
1e-
e10
1e+
1e+
0e
000.e
e10
1ee2
1e+
++1
-
.
1e
+
1.2.3
-
-
1ee2
1ee2
1e
-
++1
.
.
1e-
1e+
--2
++1
1e+
e10
000.e
1.2.3
1.2.3
abc
++1
+
--2
1e
abc
--2
1.2.3
1e+
-
-
--2
--2
e10
1.2.3
--2
e10
abc
1ee2
+
-
000.e
1.2.3
000.e
+
1e
abc
-
1e+
1e+
abc
abc
++1
1e
++1
0e
1ee2
+
+
++1
+
.
1e-
--2
++1
++1
1.2.3
++1
1e
e10
000.e
++1
e10
e10
1e
-
1e-
+
1ee2
-
--2
1e+
1.2.3
1e-
000.e
1.2.3
e10
.
--2
.
1.2.3
1ee2
.
000.e
abc
-
--2
++1
--2
1ee2
0e
1ee2
--2
0e
-
+
abc
abc
1e-
0e
e10
++1
e10
--2
.
--2
-
1ee2
+
1.2.3
000.e
++1
e10
0e
1.2.3
1e
++1
000.e
1e-
1e
-
1.2.3
abc
+
++1
abc
1e+
1e
-
abc
++1
0e
1e+
.
1.2.3
abc
1e+
abc
abc
-
++1
1e+
e10
e10
.
1ee2
-
1.2.3
-
--2
1.2.3
e10
++1
++1
.
1e+
-
1.2.3
000.e
0e
1e
1e-
000.e
++1
.
1e+
+
1e
1e+
+
1e
1ee2
++1
abc
0e
e10
e10
1ee2
1ee2
1ee2
0e
1.2.3
-
.
000.e
e10
1e+
--2
0e
000.e
.
++1
e10
1ee2
1e+
1ee2
0e
1e
++1
+
1e-
abc
1.2.3
.
++1
1ee2
+
abc
1e
+
1e-
1e-
+
-
++1
--2
1.2.3
--2
e10
000.e
--2
-
1.2.3
.
-
1e-
1e
1e+
++1
--2
+
1e
+
abc
000.e
1e-
1ee2
e10
.
1.2.3
-
000.e
abc
e10
000.e
+
1e-
1ee2
.
--2
1.2.3
1e
1e
.
000.e
+
abc
1e+
--2
++1
0e
.
.
1ee2
1e+
1e+
1e-
1e
++1
+
1e-
1e
--2
0e
0e
1e
1e-
+
0e
1e+
e10
.
e10
e10
1.2.3
+
1e-
1e+
e10
.
0e
++1
1e-
+
1e-
e10
e10
000.e
0e
-
0e
1ee2
1e
-
1.2.3
000.e
.
++1
1e-
e10
1e-
abc
000.e
1ee2
--2
+
--2
abc
1e-
abc
+
++1
abc
1e
-
1e
+
+
--2
abc
1.2.3
e10
++1
-
0e
.
.
--2
-
+
1.2.3
abc
--2
abc
1e-
1.2.3
0e
000.e
+
++1
+
1e+
000.e
--2
1e-
1e
--2
1ee2
1ee2
1e+
-
.
abc
-
1.2.3
1e-
.
1ee2
000.e
abc
e10
1e+
abc
1e
+
abc
1.2.3
--2
-
1e+
e10
1e-
1e
1e-
1e-
1e+
++1
1e+
1e
abc
--2
.
+
.
1.2.3
e10
++1
+
+
0e
abc
1e+
0e
++1
1e-
--2
.
-
e10
0e
--2
0e
++1
0e
--2
-
1.2.3
--2
1.2.3
--2
1e
abc
++1
+
1e
-
000.e
-
--2
0e
1.2.3
1e
e10
-
-
++1
1.2.3
e10
000.e
--2
++1
1e-
--2
abc
1e
--2
abc
--2
1.2.3
e10
1.2.3
++1
1e-
1e+
abc
-
-
--2
1e-
1ee2
++1
++1
1e+
--2
000.e
1e+
000.e
--2
1e-
1ee2
e10
1e
000.e
-
+
--2
1e
1e+
-
--2
1e+
e10
1.2.3
000.e
1ee2
1.2.3
0e
e10
1e-
+
e10
e10
1e-
e10
-
1.2.3
1e+
1ee2
1e
0e
1e+
1e
+
e10
+
++1
0e
abc
-
.
++1
1.2.3
+
-
e10
--2
1e
++1
0e
abc
1ee2
++1
1e-
++1
e10
e10
abc
.
++1
.
1e-
++1
-
000.e
1ee2
abc
1e+
1.2.3
0e
abc
abc
1e
-
e10
+
e10
1.2.3
abc
1e+
.
1e+
++1
.
+
+
e10
.
1e+
1e
1e-
-
1e+
-
1e-
1e
.
.
1.2.3
1e+
++1
1ee2
1e
1ee2
1e-
.
1e-
1e+
+
-
e10
+
0e
1e
1ee2
1e
1e
1ee2
000.e
1e+
.
1e+
0e
1.2.3
000.e
+
--2
abc
+
.
0e
0e
1e+
0e
000.e
1.2.3
1.2.3
1e-
0e
--2
1e
--2
1.2.3
1e-
e10
+
1.2.3
abc
-
e10
.
0e
e10
1e
--2
000.e
abc
--2
1e-
1ee2
0e
1e-
abc
++1
1e+
1.2.3
0e
.
e10
1e
1ee2
-
1e-
1e+
++1
--2
++1
0e
1e+
e10
1e+
1.2.3
+
1e
1ee2
1.2.3
1e
--2
1e+
-
++1
-
--2
1.2.3
abc
.
0e
e10
1e-
.
e10
++1
000.e
1e-
1e
1ee2
1ee2
1.2.3
000.e
.
1.2.3
1e
--2
000.e
-
e10
e10
.
--2
-
000.e
000.e
++1
+
1e+
1e-
1ee2
000.e
--2
1e-
--2
1e
++1
1ee2
+
0e
+
abc
1ee2
-
000.e
e10
1.2.3
+
0e
+
1.2.3
1e-
1.2.3
.
1e+
1e+
abc
abc
1.2.3
-
000.e
1.2.3
1e
abc
abc
1e-
1.2.3
.
--2
1e
e10
.
.
-
0e
1e+
1e+
.
.
+
1e-
e10
.
1.2.3
abc
--2
.
1ee2
1e-
--2
000.e
-
e10
1ee2
1.2.3
1e
1e+
1ee2
1e+
++1
1e
++1
+
000.e
abc
1ee2
-
1.2.3
.
.
1e+
000.e
1e
++1
--2
1e-
1.2.3
-
--2
.
++1
+
1ee2
++1
.
+
abc
1ee2
.
.
1e+
e10
+
abc
1e+
++1
--2
0e
--2
000.e
++1
000.e
1e
1ee2
000.e
0e
.
0e
-
abc
1e+
1e+
+
+
000.e
1e-
++1
1e-
1e
.
0e
1e+
abc
1.2.3
--2
1e-
1e+
abc
1ee2
++1
-
--2
1e+
.
1e+
++1
e10
0e
--2
--2
--2
abc
0e
e10
++1
1.2.3
.
1e
++1
0e
1e
++1
000.e
1e+
1e-
1e
1e
1e-
1ee2
1e
1.2.3
0e
+
1e
++1
1ee2
.
--2
0e
1.2.3
.
++1
000.e
1e
1e+
++1
--2
--2
--2
-
--2
1.2.3
1e
1ee2
-
--2
+
+
1.2.3
1.2.3
1.2.3
1.2.3
abc
1.2.3
1e+
++1
++1
000.e
e10
-
1e
e10
1.2.3
e10
--2
1.2.3
1.2.3
+
1.2.3
1e+
+
1ee2
000.e
-
+
+
000.e
1e
+
000.e
.
--2
1e-
++1
-
e10
-
1ee2
1e
1e+
0e
1e-
++1
1e-
abc
000.e
000.e
1e
0e
.
+
0e
+
000.e
++1
000.e
1e
abc
0e
e10
000.e
++1
1e
1e+
abc
.
0e
000.e
--2
--2
abc
abc
-
++1
+
++1
--2
1e-
000.e
1e
abc
--2
1e
1.2.3
-
1e
1e-
1e+
1e+
1.2.3
.
1.2.3
.
0e
+
abc
-
abc
000.e
--2
1e
1e
--2
1e-
1.2.3
--2
e10
1e-
1e+
++1
abc
1e+
1e
--2
1e+
-
+
e10
1e
e10
1e-
1e+
++1
1.2.3
1ee2
+
.
1ee2
abc
e10
000.e
--2
1e+
.
-
1e
0e
1.2.3
000.e
1e-
abc
000.e
+
1e
1e-
1e+
000.e
1e
-
1e-
+
+
e10
e10
000.e
1.2.3
1e
1e
1e
e10
+
1ee2
.
abc
1e
1.2.3
abc
1e
abc
+
-
1e
.
abc
+
--2
-
1.2.3
-
000.e
abc
0e
000.e
+
e10
--2
++1
--2
000.e
000.e
1e-
1.2.3
--2
+
1e
1e-
--2
++1
000.e
e10
0e
--2
e10
+
e10
1.2.3
.
000.e
1e-
1e+
-
0e
-
1e
0e
e10
0e
.
--2
.
.
.
1ee2
e10
1e
1e
.
1e-
+
+
.
1e+
.
1.2.3
e10
000.e
1.2.3
1e
1ee2
000.e
1.2.3
1e-
0e
1e
abc
++1
e10
1.2.3
1ee2
000.e
-
1e-
000.e
1e
1e+
1.2.3
000.e
1e+
e10
0e
++1
1e-
1e+
--2
++1
--2
1.2.3
1.2.3
000.e
0e
--2
--2
abc
000.e
++1
000.e
++1
.
1e
0e
abc
--2
abc
--2
.
0e
.
1.2.3
abc
1ee2
1e+
1ee2
abc
--2
1e-
+
++1
1e+
.
++1
1e
-
1.2.3
1e
0e
++1
.
abc
1ee2
abc
1e
.
1.2.3
1ee2
--2
0e
1e+
-
++1
+
1e-
+
1e-
0e
1e+
1e
1ee2
1.2.3
e10
1ee2
-
1e
--2
1e-
++1
1.2.3
+
0e
++1
1e+
000.e
1ee2
+
abc
1e-
.
1e
+
.
--2
1ee2
abc
e10
++1
abc
-
1.2.3
++1
0e
abc
e10
+
+
1ee2
1.2.3
abc
1e
1e+
1ee2
0e
--2
+
0e
1e-
++1
.
-
1.2.3
-
1e-
e10
0e
1ee2
--2
1e-
-
1ee2
1.2.3
1e+
1e
000.e
1e
0e
-
1e-
000.e
0e
e10
1e
1e+
++1
000.e
1ee2
.
-
000.e
--2
+
1.2.3
1e-
+
e10
1e-
1e
0e
+
+
+
++1
++1
1e+
++1
abc
++1
1ee2
+
e10
000.e
e10
e10
0e
e10
000.e
abc
--2
+
1ee2
+
++1
+
--2
-
0e
.
+
e10
+
000.e
1e-
000.e
-
+
-
1e-
--2
-
1e+
000.e
1e+
000.e
0e
000.e
0e
1e+
0e
-
--2
.
-
--2
1.2.3
0e
+
e10
1e
e10
1e
1.2.3
1e
--2
1e
1e-
-
--2
abc
1.2.3
abc
.
+
1e-
1e-
+
e10
-
1ee2
.
abc
1e+
000.e
1e-
1ee2
1e
--2
-
1.2.3
1e+
abc
.
000.e
1.2.3
-
1ee2
+
000.e
e10
1ee2
1e-
.
-
.
1ee2
0e
1e
1ee2
000.e
0e
1e
1.2.3
1e+
e10
1ee2
1e-
1.2.3
+
-
-
1e
1e+
1ee2
++1
.
1.2.3
1e+
1e
+
1.2.3
.
0e
-
1e-
-
abc
++1
--2
1e-
1e
1.2.3
1ee2
0e
1ee2
000.e
1e-
000.e
1e
1e
.
abc
+
1e
0e
-
++1
0e
--2
+
++1
1.2.3
0e
1e+
abc
1ee2
1ee2
1e+
e10
1e-
-
1e-
1ee2
1e-
abc
1e
e10
e10
++1
1e
++1
+
+
000.e
1e-
.
-
.
1.2.3
1.2.3
1e
+
e10
0e
+
+
000.e
-
++1
1e+
1e-
-
1e
-
--2
1e-
abc
abc
--2
-
0e
-
--2
++1
e10
++1
--2
0e
1ee2
e10
0e
1e+
e10
0e
-
abc
++1
+
1e
1e-
+
--2
1e
0e
++1
++1
000.e
1ee2
abc
1e-
1e-
++1
1.2.3
abc
++1
++1
000.e
0e
0e
1e-
000.e
e10
e10
0e
e10
1e+
.
.
0e
abc
+
1e+
-
--2
1.2.3
1e
1ee2
0e
1e+
000.e
-
1.2.3
--2
--2
e10
abc
--2
--2
1ee2
--2
+
+
-
1e+
1e+
1e+
1ee2
1ee2
1e
-
1e-
1e-
-
1ee2
++1
1ee2
1e+
1ee2
.
1e+
.
1ee2
e10
-
1e-
e10
0e
1e-
+
abc
abc
1e+
abc
+
1e
000.e
.
1ee2
e10
1e
--2
--2
1e-
1ee2
.
1.2.3
1ee2
1.2.3
1ee2
e10
e10
++1
1e-
0e
.
-
.
0e
000.e
+
-
1ee2
+
1ee2
e10
abc
++1
1e-
1ee2
abc
e10
1e+
abc
1.2.3
000.e
.
++1
1e-
abc
abc
e10
1e+
0e
-
-
000.e
e10
abc
1e+
0e
1.2.3
1e
1e
1e-
--2
+
+
1ee2
-
1.2.3
+
0e
++1
1e
--2
abc
000.e
abc
1ee2
1e-
0e
abc
000.e
--2
1ee2
1.2.3
--2
-
e10
1.2.3
-
-
+
1e
1e
1ee2
1.2.3
0e
--2
--2
1e-
1e+
0e
--2
1e-
+
.
0e
--2
e10
+
1e
++1
1.2.3
000.e
abc
e10
++1
e10
-
abc
1e+
-
-
1e
abc
000.e
e10
-
1ee2
1e-
0e
abc
+
0e
1.2.3
--2
.
0e
000.e
+
1e+
1e+
000.e
-
--2
+
abc
1e+
.
1ee2
e10
1e-
.
e10
e10
+
-
++1
++1
e10
--2
1.2.3
abc
1e+
abc
e10
1ee2
1e
1ee2
1e-
.
0e
e10
1e
+
abc
1e+
1ee2
1e+
-
1e+
1ee2
1e-
--2
0e
++1
+
e10
1.2.3
1ee2
1ee2
-
e10
000.e
abc
abc
1e-
1ee2
1e-
000.e
+
e10
abc
+
1ee2
1.2.3
1.2.3
000.e
1.2.3
1e+
-
--2
0e
1e
1.2.3
1e+
abc
+
--2
++1
000.e
abc
e10
1e+
--2
1ee2
1e
-
+
abc
abc
1e
.
1e-
abc
--2
e10
+
1e
0e
1e-
+
--2
1ee2
1.2.3
000.e
1e+
.
000.e
1ee2
1.2.3
1e
-
1ee2
+
.
1ee2
abc
1e+
+
1e-
abc
e10
1.2.3
-
++1
1ee2
--2
1e+
++1
000.e
1.2.3
1e
--2
0e
1ee2
--2
++1
++1
1e
1ee2
1e+
0e
000.e
-
1ee2
++1
1.2.3
1ee2
1e-
abc
1.2.3
1.2.3
.
.
000.e
--2
e10
1e+
1e+
++1
000.e
0e
1e
1e
1.2.3
+
e10
e10
--2
1.2.3
+
++1
+
--2
1.2.3
1ee2
-
1e
--2
1.2.3
++1
++1
1ee2
++1
+
e10
000.e
+
1.2.3
.
1e-
000.e
1.2.3
1.2.3
1ee2
0e
--2
1.2.3
1e
1e-
--2
e10
000.e
0e
1e-
1e
1e-
+
+
++1
000.e
1.2.3
-
1.2.3
++1
--2
--2
--2
1e+
1e+
e10
-
0e
+
1ee2
000.e
000.e
--2
1e+
-
++1
1e-
abc
1e+
1e
abc
1ee2
000.e
0e
--2
abc
-
0e
1e-
++1
.
1e+
e10
abc
--2
000.e
1ee2
1e
.
-
+
-
0e
abc
+
1e+
-
000.e
1e
e10
1ee2
abc
1.2.3
1.2.3
++1
--2
abc
-
1.2.3
++1
-
000.e
000.e
--2
.
abc
e10
++1
-
e10
-
1e
++1
0e
1ee2
abc
.
e10
abc
1e-
.
1.2.3
e10
0e
1.2.3
000.e
+
+
e10
1e
e10
1ee2
++1
1e+
abc
-
0e
1ee2
+
1e
1e-
+
.
+
1e+
+
000.e
++1
-
+
--2
1.2.3
--2
1e-
1e-
++1
.
1e+
abc
+
1e-
1ee2
++1
0e
1ee2
++1
1e
1e-
000.e
1e+
1e+
1e-
e10
1.2.3
1e+
1e+
abc
0e
abc
.
1e-
1e-
e10
1e
-
++1
e10
+
++1
1.2.3
0e
1ee2
e10
1e-
.
e10
abc
1.2.3
+
.
e10
1.2.3
e10
000.e
abc
-
1ee2
e10
--2
-
+
.
++1
e10
+
+
.
1.2.3
--2
1e+
1e
000.e
1e+
--2
--2
.
1e
1e
abc
1e+
.
1e
--2
--2
000.e
.
-
abc
--2
0e
+
000.e
++1
abc
1e
1e
--2
1e+
1e-
e10
++1
1e-
e10
000.e
+
.
.
-
1e
++1
1e
--2
1.2.3
-
000.e
+
++1
-
000.e
-
--2
+
.
abc
+
++1
e10
e10
.
000.e
1e-
e10
0e
.
1e
1e
1e+
e10
1e+
1e+
1e+
+
++1
+
1.2.3
-
abc
1e
000.e
-
000.e
1.2.3
.
-
1e+
1.2.3
1ee2
000.e
1e+
e10
abc
1.2.3
e10
abc
.
-
-
-
1ee2
abc
-
+
000.e
1e
abc
1e+
1.2.3
1e+
0e
1.2.3
1ee2
000.e
+
.
-
1ee2
--2
++1
000.e
1e
1e+
1e-
-
--2
-
abc
abc
1.2.3
-
e10
e10
e10
1e+
1e
++1
+
abc
0e
1.2.3
--2
0e
1ee2
+
000.e
000.e
--2
--2
1e
-
++1
+
000.e
abc
000.e
0e
1ee2
0e
e10
000.e
1.2.3
000.e
.
.
--2
++1
000.e
1e
e10
1ee2
1e
--2
1ee2
++1
1ee2
e10
e10
++1
1ee2
000.e
0e
+
+
1.2.3
1ee2
-
++1
000.e
1.2.3
000.e
.
1e+
abc
--2
1e-
+
+
abc
++1
1e
abc
1e+
1e
1e-
1ee2
+
1e
0e
-
1ee2
1e-
-
e10
1e+
.
1e-
1ee2
.
e10
0e
+
abc
abc
1e+
1e-
1e
.
e10
000.e
1ee2
1e-
1ee2
000.e
.
abc
-
--2
0e
-
++1
++1
--2
--2
1e
0e
0e
++1
-
1.2.3
--2
1ee2
-
++1
abc
0e
.
000.e
e10
+
.
abc
1e-
-
1e-
++1
e10
1e
--2
e10
-
000.e
e10
000.e
.
++1
1e
1e+
1e+
1e-
1e-
1e-
1e+
--2
++1
--2
1e-
abc
000.e
e10
000.e
abc
--2
abc
1e+
.
--2
abc
+
abc
-
1ee2
abc
e10
--2
000.e
e10
-
1ee2
+
000.e
-
++1
abc
.
0e
abc
000.e
1e
abc
++1
++1
+
000.e
e10
1e+
+
000.e
--2
++1
1e-
.
1e+
--2
e10
0e
-
1ee2
+
0e
1e-
+
1e-
--2
0e
1.2.3
1e
1e
++1
0e
--2
1e
1e+
1e-
1e-
1e
1ee2
1.2.3
1.2.3
--2
1e+
1e
-
+
1ee2
1ee2
++1
1ee2
1.2.3
e10
.
1e+
e10
1.2.3
1e+
++1
abc
1.2.3
--2
1e+
000.e
abc
-
.
0e
.
000.e
1.2.3
1e
.
abc
1e-
++1
1e-
--2
1ee2
1ee2
.
e10
abc
--2
1e
1e-
e10
1ee2
e10
++1
000.e
--2
.
1.2.3
+
1e
abc
0e
1e
1e-
1e
abc
000.e
--2
0e
1e
abc
e10
1e-
.
e10
.
1e
000.e
1e-
1.2.3
1.2.3
1ee2
+
.
-
1e
1e+
--2
1ee2
1e-
1e+
--2
+
1ee2
000.e
1e
0e
1ee2
abc
abc
.
1ee2
000.e
1e+
000.e
1e+
1e
1e
1.2.3
1.2.3
+
-
1.2.3
+
+
1e-
+
1ee2
000.e
1e
+
.
000.e
1ee2
1e-
0e
--2
.
abc
+
1.2.3
1e
0e
1e+
000.e
+
1.2.3
-
+
.
+
1.2.3
.
abc
-
0e
1e+
1e+
000.e
1e-
.
1e-
1ee2
000.e
.
.
1e-
++1
1e+
-
1e-
1e+
1e-
e10
000.e
++1
0e
.
e10
0e
0e
+
--2
1e
e10
1e-
1.2.3
abc
0e
000.e
1e-
.
1e+
000.e
-
-
abc
0e
000.e
1ee2
1e
e10
1e
++1
e10
--2
--2
1e+
e10
1e-
++1
1e
1.2.3
++1
000.e
++1
1e+
1e
1.2.3
1.2.3
.
.
-
1ee2
abc
000.e
1ee2
1.2.3
-
+
1e+
--2
e10
1ee2
1ee2
+
1e
1e
1e+
1e+
1e
+
abc
.
e10
-
++1
e10
1e+
1e-
.
0e
-
1e+
1e-
+
000.e
1ee2
1e-
.
-
1ee2
0e
1e
0e
+
0e
1e
--2
0e
+
.
1e+
--2
++1
++1
1e-
000.e
1e
++1
000.e
.
0e
000.e
1e-
abc
000.e
1e-
--2
abc
e10
.
000.e
000.e
0e
-
1e-
1.2.3
0e
1.2.3
1ee2
--2
-
1e
000.e
++1
-
e10
.
1e+
1.2.3
e10
000.e
--2
e10
+
+
++1
1e
e10
++1
000.e
1ee2
-
.
1e+
--2
++1
1e-
e10
000.e
0e
1.2.3
1ee2
1e
1e-
1e+
++1
.
1e+
-
abc
--2
e10
1ee2
1e+
e10
--2
++1
--2
000.e
.
.
e10
-
1e+
-
++1
1e+
.
1e+
e10
1.2.3
--2
e10
--2
000.e
e10
e10
1e+
-
-
1.2.3
abc
+
0e
-
1e-
000.e
1e
+
-
e10
1e-
+
e10
+
+
+
.
abc
+
1e-
1ee2
-
1.2.3
1.2.3
--2
-
+
000.e
e10
++1
--2
1e
.
0e
000.e
--2
+
++1
1ee2
000.e
1e
0e
.
1.2.3
e10
000.e
abc
1.2.3
1ee2
000.e
1.2.3
+
1ee2
000.e
1ee2
++1
0e
-
1e+
--2
1e
abc
abc
1.2.3
1e-
1e
e10
.
+
1e-
++1
.
abc
e10
--2
1e+
1ee2
1.2.3
--2
++1
++1
.
0e
000.e
--2
1ee2
-
1e
1.2.3
-
-
1.2.3
e10
.
e10
1e
1ee2
-
1.2.3
--2
++1
++1
1.2.3
1e-
1ee2
0e
++1
e10
-
++1
e10
.
e10
-
+
1e
000.e
1e
+
e10
1e-
++1
.
1e-
1.2.3
e10
--2
1e-
-
1e+
000.e
1ee2
1e
1.2.3
--2
++1
1e
++1
.
++1
-
0e
1e
+
.
1e
+
-
abc
000.e
++1
+
+
++1
1e+
--2
+
e10
--2
1e+
--2
1ee2
1e-
1e+
1e-
1e
+
++1
1ee2
++1
.
+
-
abc
--2
1ee2
1ee2
--2
.
--2
++1
1ee2
.
1ee2
1ee2
--2
.
1e+
1.2.3
1ee2
+
abc
++1
-
1e-
1.2.3
0e
000.e
e10
1.2.3
1.2.3
--2
--2
++1
.
1e-
--2
e10
1e
1.2.3
e10
1e+
++1
.
-
--2
-
-
++1
e10
-
1e-
e10
abc
1e+
--2
abc
++1
+
.
1ee2
+
1.2.3
000.e
1ee2
1.2.3
+
000.e
--2
000.e
1.2.3
1e+
000.e
abc
-
.
1.2.3
+
+
+
1e-
-
0e
abc
e10
0e
1e+
-
.
+
1.2.3
abc
1e+
1.2.3
+
.
+
.
1e
e10
e10
000.e
-
.
1.2.3
++1
abc
000.e
1e-
abc
1ee2
1ee2
abc
0e
--2
.
1e+
000.e
+
.
--2
1e-
e10
1e+
-
-
000.e
0e
1ee2
1ee2
1e
1e
1.2.3
.
e10
-
0e
e10
+
1e
1.2.3
-
--2
--2
abc
1e
+
0e
e10
1.2.3
1e
+
e10
+
1.2.3
1e-
1.2.3
1e-
1e+
+
abc
++1
++1
--2
.
+
--2
abc
-
1e
0e
1e+
+
1e-
.
e10
++1
1ee2
1ee2
e10
000.e
1e-
e10
abc
1e-
-
1ee2
1e
1.2.3
++1
000.e
+
--2
-
--2
abc
.
1e+
abc
+
1e+
-
e10
1e-
e10
000.e
e10
e10
1e-
+
+
--2
0e
-
+
1e-
0e
1.2.3
--2
.
1e-
-
++1
1e+
.
000.e
1e-
1e
--2
0e
1.2.3
abc
++1
1e-
e10
--2
1e-
1.2.3
+
1e+
+
abc
++1
-
1e-
e10
+
1e
1e-
.
abc
--2
+
e10
abc
abc
1e-
+
1e
1ee2
1e-
1ee2
1ee2
1e
1.2.3
abc
.
1.2.3
abc
++1
++1
1.2.3
e10
-
+
1e+
-
.
+
1ee2
1e+
+
abc
+
1e
.
1e+
1.2.3
.
.
1.2.3
0e
1e+
abc
1e
++1
.
1.2.3
++1
1e-
1e-
-
+
--2
1e
-
-
--2
1ee2
++1
e10
000.e
++1
0e
++1
1.2.3
-
.
+
0e
0e
abc
+
1e
+
+
1ee2
1e
1e+
--2
--2
1e-
e10
0e
-
1.2.3
1.2.3
1e+
1e-
e10
0e
1.2.3
000.e
1e
abc
0e
1e+
+
abc
1e+
++1
1e+
e10
.
--2
1e
.
1e
++1
1.2.3
e10
1e
1.2.3
++1
.
1e
1ee2
1e-
000.e
000.e
1.2.3
1e+
--2
abc
000.e
abc
e10
1.2.3
abc
000.e
1e-
abc
++1
1.2.3
--2
--2
abc
abc
--2
1e
--2
1e+
+
1e-
000.e
0e
0e
1.2.3
+
e10
000.e
0e
-
000.e
1e
1e+
.
1.2.3
1e-
--2
e10
000.e
++1
+
++1
+
1ee2
-
1ee2
+
1e-
000.e
--2
++1
000.e
0e
e10
.
1e+
-
.
1ee2
e10
abc
1.2.3
000.e
-
1ee2
-
1e+
.
e10
abc
+
e10
1ee2
1.2.3
1e
1e+
.
1.2.3
.
-
+
.
1e-
.
-
--2
++1
000.e
1e
+
e10
1e-
--2
e10
-
+
000.e
1e-
1.2.3
-
0e
1e-
.
0e
abc
1e
-
000.e
-
abc
0e
000.e
1ee2
1.2.3
++1
1e-
1e-
e10
1e-
0e
000.e
abc
++1
.
0e
e10
1.2.3
000.e
000.e
1e
1e
+
.
+
.
1.2.3
0e
0e
e10
e10
+
e10
+
.
-
-
1e+
1ee2
abc
++1
-
-
1e
--2
0e
1e+
1e+
1ee2
-
1ee2
0e
+
abc
.
--2
abc
1ee2
++1
++1
--2
1e
--2
0e
1ee2
.
1e+
1.2.3
1e
--2
1e+
1e-
1e-
000.e
--2
+
000.e
000.e
000.e
1e+
++1
1ee2
e10
1.2.3
abc
-
1e+
1e-
-
.
abc
0e
1e-
1e
000.e
000.e
1e+
-
+
1e-
e10
abc
abc
1e-
abc
abc
-
1ee2
++1
--2
0e
--2
-
e10
1e+
++1
000.e
+
e10
--2
abc
1e+
.
1e+
1e-
.
++1
+
--2
1ee2
+
000.e
+
1e-
+
.
1e
1e
000.e
1ee2
1ee2
e10
1e+
000.e
++1
1e-
+
1e+
-
++1
abc
+
0e
+
1e
1e+
1e+
.
1.2.3
++1
.
+
000.e
++1
-
++1
.
+
1ee2
000.e
1e
1e
e10
--2
1.2.3
1ee2
++1
1.2.3
e10
-
.
000.e
1e+
0e
1e
1e-
--2
+
1e-
abc
abc
1e+
1e
000.e
--2
e10
1ee2
1e-
e10
abc
-
1e-
1e+
--2
++1
e10
--2
1ee2
1.2.3
+
++1
.
0e
000.e
1.2.3
1e
0e
1ee2
+
e10
0e
1e
++1
1.2.3
-
++1
.
e10
e10
.
-
.
1.2.3
1ee2
1e-
-
e10
+
1e
000.e
e10
++1
1ee2
+
1.2.3
++1
1e+
abc
1ee2
1e
--2
abc
1e-
+
+
1e-
1e
-
000.e
1.2.3
000.e
1e-
1.2.3
1.2.3
+
-
-
1.2.3
+
1e+
.
1.2.3
.
1e
000.e
1e+
--2
1.2.3
-
1e-
--2
1ee2
.
1e+
-
1.2.3
1.2.3
++1
1e-
1e+
e10
1e+
e10
1.2.3
.
+
+
abc
1e+
--2
e10
++1
e10
.
--2
1e
1.2.3
++1
--2
.
.
1e+
0e
1e-
1ee2
+
--2
--2
1e-
000.e
--2
abc
++1
.
-
1ee2
--2
-
000.e
+
1e-
1ee2
000.e
1.2.3
abc
1.2.3
--2
++1
1ee2
++1
--2
e10
++1
.
1ee2
-
0e
-
1ee2
abc
+
.
++1
--2
1e+
-
+
0e
+
-
++1
--2
-
1ee2
.
0e
1e+
1e-
1e-
1ee2
000.e
000.e
e10
0e
1e+
0e
abc
--2
e10
.
1e
-
--2
--2
++1
000.e
e10
0e
0e
000.e
e10
-
1ee2
0e
abc
abc
e10
1e-
abc
000.e
++1
1.2.3
--2
++1
1.2.3
1e
1ee2
-
1e+
1ee2
1e+
0e
e10
1e-
1e
1ee2
-
1.2.3
1e
1e-
1e+
0e
e10
000.e
1.2.3
++1
1e
--2
--2
-
++1
000.e
1ee2
1e
++1
000.e
0e
abc
1ee2
0e
1.2.3
1e-
+
1ee2
0e
1ee2
1e-
-
.
-
-
-
000.e
1.2.3
abc
1e-
++1
1ee2
1ee2
1e-
000.e
++1
+
+
0e
++1
000.e
.
--2
1.2.3
abc
abc
+
0e
--2
+
1e-
e10
1ee2
1e+
+
1e
1.2.3
1.2.3
1.2.3
1ee2
1.2.3
+
000.e
++1
1e
++1
1.2.3
++1
e10
+
e10
-
0e
0e
+
abc
--2
--2
1ee2
1.2.3
-
1e-
++1
1.2.3
1e
0e
-
1e+
1ee2
+
1ee2
000.e
--2
0e
1e-
000.e
-
1e-
--2
abc
e10
++1
++1
++1
-
1ee2
--2
++1
++1
.
1e-
.
+
abc
e10
1e
--2
1.2.3
e10
abc
1ee2
1.2.3
1e+
e10
++1
.
.
++1
+
1ee2
+
1.2.3
1e
++1
e10
1e+
+
-
.
e10
000.e
1e-
e10
1ee2
1ee2
1e-
1.2.3
1e+
-
++1
--2
abc
1.2.3
0e
++1
000.e
000.e
abc
1ee2
-
e10
e10
-
1e
1e+
+
e10
e10
-
1ee2
1e
.
1e+
0e
abc
--2
1e+
1.2.3
abc
1e+
e10
1e+
abc
+
000.e
+
.
--2
abc
1.2.3
-
+
e10
1e+
+
e10
1e
+
abc
1e+
-
0e
1e
0e
1e-
1ee2
e10
++1
abc
.
abc
+
abc
1ee2
1e-
0e
e10
e10
.
1ee2
e10
abc
-
--2
-
.
++1
1.2.3
+
1ee2
e10
.
--2
-
--2
++1
1e-
--2
0e
0e
-
.
0e
++1
++1
1.2.3
+
-
1.2.3
abc
0e
1e-
+
1e
0e
1.2.3
+
000.e
0e
000.e
1ee2
1e
1e+
+
+
++1
1e+
+
-
1.2.3
e10
1ee2
++1
.
--2
++1
abc
--2
.
1ee2
--2
1e
000.e
+
1e+
--2
e10
000.e
++1
000.e
1e-
0e
.
e10
1.2.3
e10
1ee2
--2
.
1ee2
1e
abc
--2
1e
1e
+
1e-
1e
--2
.
-
--2
1e
+
1e-
1e-
e10
1ee2
+
-
+
1e-
1e
1e+
1ee2
1e-
++1
1e+
e10
1.2.3
1e-
1.2.3
e10
0e
-
.
000.e
000.e
-
++1
1ee2
++1
+
--2
e10
--2
-
.
000.e
++1
--2
.
0e
e10
000.e
000.e
+
0e
1e-
.
1e-
1e
1.2.3
++1
--2
++1
1e-
1.2.3
1e
e10
1e+
abc
++1
1e+
+
1e
-
+
abc
--2
1e+
1e+
1e
1.2.3
++1
++1
.
--2
1.2.3
000.e
+
0e
1e-
++1
000.e
abc
++1
0e
0e
000.e
-
1e-
1e
e10
1e-
--2
e10
000.e
e10
1e
.
--2
1e
+
1e
0e
++1
--2
.
1e-
0e
.
e10
1e
--2
0e
-
--2
1ee2
++1
.
1.2.3
abc
1e-
0e
1ee2
--2
000.e
1e
1e-
++1
+
0e
e10
e10
0e
1.2.3
+
1.2.3
000.e
1e
1ee2
1ee2
1e
abc
1ee2
-
abc
1e+
++1
e10
++1
1e-
1e
1e-
+
++1
000.e
0e
0e
++1
++1
+
++1
0e
+
+
0e
0e
1ee2
+
1ee2
1e+
.
-
000.e
+
++1
1ee2
--2
000.e
abc
--2
1ee2
+
++1
-
-
1ee2
+
++1
1e+
1e+
abc
1e-
.
1e+
1e+
--2
1e
000.e
abc
1e
1e-
--2
++1
000.e
1ee2
.
abc
0e
abc
1e-
1e
++1
1ee2
--2
+
000.e
++1
e10
1e-
.
-
1ee2
1ee2
1ee2
.
1e
abc
1ee2
--2
1e+
++1
000.e
1e+
1e
0e
1e+
000.e
-
e10
e10
1e
e10
+
.
1e+
abc
+
1ee2
1e-
0e
1ee2
+
.
e10
++1
-
++1
abc
1e-
1e+
1e-
1e-
1.2.3
abc
0e
1e-
1e-
1e-
--2
e10
+
1ee2
000.e
1ee2
.
1ee2
abc
000.e
abc
1e-
--2
abc
0e
--2
1e
0e
+
1e+
1e+
++1
.
-
-
abc
e10
1e
1e-
-
1e-
0e
-
000.e
000.e
000.e
1.2.3
.
1.2.3
++1
1e-
1ee2
+
1e+
--2
1e+
1ee2
000.e
.
1.2.3
-
000.e
.
000.e
1e-
+
e10
--2
abc
e10
abc
1.2.3
1e-
abc
--2
0e
0e
0e
1e+
abc
.
1e-
1ee2
1e
1e+
abc
1ee2
000.e
.
1.2.3
+
abc
--2
-
e10
+
1ee2
++1
000.e
0e
--2
++1
1e-
0e
--2
1e
++1
1e
0e
e10
abc
e10
abc
e10
000.e
++1
-
000.e
1e+
+
++1
+
1ee2
1e+
1ee2
++1
1ee2
+
1e-
-
1e
.
1.2.3
1.2.3
++1
.
000.e
++1
-
abc
1e-
e10
1e-
1ee2
e10
1e+
abc
1e
1e-
1e+
+
--2
1ee2
-
-
+
1.2.3
++1
+
.
000.e
+
1e-
abc
--2
--2
0e
+
--2
1e+
--2
0e
1.2.3
1.2.3
000.e
1e
1e-
1e
-
1e+
+
1ee2
e10
--2
1.2.3
+
++1
1e
++1
1e-
1e
1.2.3
-
abc
-
abc
e10
0e
abc
1e-
e10
+
0e
--2
1e-
000.e
1.2.3
1.2.3
.
1e-
1ee2
0e
+
+
1e
1e
+
.
.
--2
e10
1e-
1ee2
-
1e
1e+
+
1e
abc
000.e
abc
abc
0e
-
1e+
1.2.3
e10
000.e
abc
+
e10
000.e
+
0e
1ee2
0e
000.e
++1
.
++1
--2
1e-
e10
1e
-
0e
1ee2
--2
1e+
1e-
1e-
+
+
-
--2
--2
1ee2
abc
1e+
+
1.2.3
1.2.3
+
1ee2
000.e
1.2.3
e10
1e+
--2
0e
1e-
-
e10
000.e
0e
abc
1e
1e
--2
-
1e-
0e
+
000.e
0e
abc
.
0e
abc
--2
-
++1
abc
0e
abc
+
1e-
1e
000.e
1e-
1e
+
abc
e10
++1
++1
abc
abc
++1
000.e
0e
++1
1.2.3
+
1e
1e-
1e-
000.e
-
000.e
1e
++1
-
+
abc
1e+
abc
1e
-
++1
+
000.e
1ee2
-
+
-
1e+
000.e
++1
1e
e10
e10
1e+
abc
+
000.e
e10
e10
000.e
1ee2
1ee2
0e
abc
e10
1e+
1e+
+
1.2.3
0e
1e
1.2.3
-
000.e
000.e
e10
e10
1ee2
1e
abc
-
1.2.3
1.2.3
000.e
++1
000.e
1ee2
+
--2
++1
1e-
1e
abc
000.e
1ee2
-
--2
++1
-
.
0e
1.2.3
000.e
abc
1ee2
1e-
1e+
1e-
0e
abc
.
--2
1e-
.
000.e
1e+
abc
1e
1e-
++1
-
--2
--2
0e
abc
-
.
1e-
0e
0e
.
e10
1e-
+
++1
000.e
--2
0e
++1
--2
1.2.3
.
+
--2
.
1.2.3
000.e
e10
0e
1e-
-
++1
.
0e
.
++1
1e+
0e
+
--2
1e+
--2
1e+
1ee2
0e
e10
000.e
1.2.3
abc
1e+
++1
1ee2
.
e10
abc
++1
abc
abc
1e+
0e
0e
e10
1e
0e
-
1e+
000.e
++1
1ee2
1e-
000.e
1e
+
1e+
-
0e
--2
e10
1e
++1
.
1e-
1e+
e10
1e-
1e-
1ee2
1e-
1e
--2
1.2.3
--2
++1
--2
1ee2
0e
1e-
1e
abc
abc
1ee2
e10
0e
-
.
e10
000.e
--2
++1
1e-
e10
.
--2
1e+
-
1e
--2
.
.
abc
1e+
1e+
+
1ee2
--2
e10
000.e
e10
1e-
-
+
e10
0e
000.e
.
e10
.
+
+
1ee2
++1
1e-
1.2.3
1e+
1.2.3
0e
e10
0e
0e
0e
+
1e-
-
.
abc
abc
--2
1e-
1e-
1ee2
1.2.3
.
abc
1e-
000.e
1.2.3
--2
.
0e
000.e
1.2.3
1e-
.
1e-
1ee2
000.e
.
+
abc
1e-
1e-
--2
++1
++1
1e+
++1
.
--2
++1
abc
000.e
1.2.3
++1
++1
--2
1e
1e-
1.2.3
.
-
+
1ee2
1.2.3
.
0e
000.e
.
1e-
e10
1ee2
000.e
+
--2
.
1ee2
abc
1e-
.
1e-
-
abc
abc
1e
.
abc
000.e
abc
1ee2
+
1e-
1e+
-
e10
e10
1ee2
++1
1ee2
1e-
0e
1ee2
1.2.3
0e
1ee2
0e
.
+
abc
1e-
1ee2
-
1.2.3
e10
.
1ee2
abc
1ee2
--2
0e
--2
000.e
1ee2
+
--2
000.e
.
1e
e10
.
0e
0e
1e+
1.2.3
1e+
++1
++1
-
abc
1e+
--2
000.e
1.2.3
1e-
1e-
.
e10
abc
1.2.3
.
e10
--2
1.2.3
0e
0e
abc
abc
1e
+
000.e
+
e10
000.e
1.2.3
++1
abc
abc
1e+
+
000.e
1e
-
++1
--2
-
1ee2
.
++1
abc
1ee2
1.2.3
-
-
1e-
1ee2
+
1ee2
-
.
abc
1e+
e10
1.2.3
-
.
1.2.3
+
e10
1e-
000.e
e10
.
e10
000.e
++1
.
--2
000.e
000.e
0e
+
.
--2
1.2.3
0e
0e
1e-
1e-
1.2.3
abc
++1
1.2.3
.
1.2.3
abc
+
-
.
+
++1
000.e
+
--2
1e+
1ee2
1ee2
-
1e
--2
.
000.e
1ee2
-
1e
.
1e-
000.e
.
--2
-
abc
--2
++1
1.2.3
1.2.3
--2
1e
.
1e+
--2
0e
1.2.3
1ee2
0e
-
+
1e+
000.e
1e-
1e-
abc
1.2.3
--2
000.e
+
++1
1e
0e
1e
1.2.3
.
e10
++1
-
-
++1
-
1e-
-
1.2.3
+
1ee2
-
000.e
--2
1e+
--2
000.e
-
1e-
1e+
--2
++1
1e+
1.2.3
0e
1ee2
+
1ee2
1.2.3
--2
0e
1ee2
0e
.
0e
1e+
--2
1e
1e+
abc
.
000.e
1e
abc
0e
+
1ee2
1e+
--2
1ee2
--2
+
1e-
++1
1e+
1ee2
abc
1e-
-
abc
e10
1e-
1e
+
.
1.2.3
0e
.
0e
1.2.3
-
abc
.
e10
+
000.e
abc
abc
-
abc
1ee2
+
1e
1.2.3
.
abc
1ee2
000.e
000.e
1ee2
abc
-
e10
abc
1ee2
1e+
--2
--2
-
1.2.3
1ee2
1.2.3
abc
000.e
.
+
0e
abc
1e+
.
abc
1e
.
--2
+
++1
-
+
1e+
++1
1e
1e+
0e
1e
1e-
1e
1.2.3
000.e
0e
.
0e
1ee2
000.e
1e+
1e+
1e+
1e+
1ee2
abc
1e
--2
1.2.3
1.2.3
1e
e10
abc
.
+
1e-
--2
0e
++1
+
-
.
1e
--2
e10
.
1e+
1e+
1.2.3
+
++1
000.e
-
1e
000.e
1e
+
abc
1e
1.2.3
++1
abc
.
1e
-
1e+
++1
1ee2
1e-
abc
1e+
1e+
e10
0e
000.e
1e-
e10
++1
1.2.3
000.e
.
+
--2
.
-
-
e10
++1
1e+
1e+
000.e
1e+
-
.
abc
0e
000.e
++1
++1
000.e
0e
abc
abc
-
-
1e-
-
+
-
--2
--2
1e
abc
0e
--2
1e-
abc
1.2.3
abc
000.e
abc
0e
--2
1ee2
e10
1ee2
e10
1ee2
abc
--2
-
--2
000.e
++1
++1
1e
0e
1.2.3
1ee2
1.2.3
-
1e
1.2.3
1ee2
1.2.3
--2
-
1e+
e10
1e-
++1
.
abc
1e+
000.e
.
-
.
000.e
++1
1e
-
1ee2
1e
1e
000.e
0e
-
1e+
abc
--2
1e
1.2.3
e10
1e
1.2.3
e10
1e
-
1e
1.2.3
1e-
1ee2
++1
1e
e10
000.e
1.2.3
abc
0e
+
1e-
e10
abc
1e+
000.e
abc
--2
e10
e10
0e
000.e
++1
++1
1e
1e+
abc
e10
1e-
1ee2
1ee2
++1
000.e
0e
1e-
1ee2
1e+
000.e
1ee2
.
1ee2
1.2.3
e10
e10
abc
e10
1ee2
1e+
1.2.3
1e
1e+
1e
1e
+
abc
000.e
--2
-
++1
+
000.e
-
-
1e
+
1e-
e10
1e+
e10
-
.
--2
+
1e
abc
1e
0e
++1
--2
1.2.3
000.e
-
abc
+
1ee2
0e
.
abc
abc
++1
+
abc
000.e
0e
1.2.3
.
1e
1e+
--2
1e+
1ee2
1e+
0e
abc
1.2.3
1e-
1ee2
-
--2
1e
000.e
abc
e10
--2
.
0e
.
-
.
1ee2
1ee2
-
++1
-
1ee2
--2
-
abc
1.2.3
++1
abc
1.2.3
-
000.e
abc
0e
000.e
1ee2
1e
e10
e10
1e+
1.2.3
1e
0e
1e-
.
0e
1.2.3
abc
1e-
+
-
1.2.3
e10
1e-
000.e
000.e
1e
.
--2
1ee2
1e-
++1
-
e10
1e
++1
1.2.3
+
abc
++1
1e+
1e-
1e-
abc
000.e
--2
.
1ee2
+
+
-
--2
000.e
000.e
0e
000.e
0e
1.2.3
1e
++1
e10
1e-
0e
--2
1ee2
--2
.
.
e10
--2
--2
.
.
.
1e-
1ee2
1e
+
++1
1ee2
--2
1ee2
abc
1e+
1e+
abc
--2
1e+
1e
1e-
1e
000.e
abc
000.e
-
+
000.e
1e+
abc
.
abc
--2
1e-
--2
abc
000.e
000.e
1e+
1.2.3
++1
abc
abc
1ee2
0e
.
-
000.e
0e
1ee2
++1
++1
000.e
000.e
+
++1
abc
+
--2
1e
e10
e10
1.2.3
e10
1e
1ee2
000.e
000.e
.
.
1ee2
++1
1e-
.
1e
--2
1e-
000.e
e10
1.2.3
+
1ee2
+
1.2.3
1e+
e10
e10
.
-
1ee2
++1
-
e10
.
1ee2
1ee2
1e
1ee2
abc
abc
++1
++1
-
1.2.3
1ee2
000.e
e10
1.2.3
1e+
0e
+
1e-
.
+
-
+
--2
0e
-
--2
1e
1e
000.e
1e+
0e
1e+
1.2.3
++1
1e+
1e-
abc
0e
+
1.2.3
e10
abc
.
000.e
--2
--2
1e
0e
1e+
1.2.3
1.2.3
0e
1.2.3
1e-
.
000.e
+
1.2.3
1e-
1e-
abc
1e
0e
1e
1e-
000.e
1e
abc
e10
1ee2
0e
++1
.
1e-
+
1e+
1.2.3
1e-
1e
++1
++1
++1
+
1e+
1e
0e
1e+
1e-
0e
1e
000.e
--2
1e
--2
+
000.e
1ee2
000.e
+
1e-
1e-
000.e
abc
--2
000.e
1ee2
-
000.e
1ee2
1e-
1ee2
1e
--2
000.e
000.e
++1
1e
1.2.3
.
e10
+
1e-
.
++1
1ee2
0e
abc
++1
--2
+
e10
1e+
abc
.
e10
000.e
++1
.
--2
e10
1e+
1ee2
000.e
1ee2
.
++1
0e
000.e
++1
++1
abc
e10
+
-
e10
0e
++1
++1
abc
1ee2
--2
000.e
--2
0e
abc
0e
++1
1e+
-
1e-
000.e
--2
000.e
1e-
+
0e
1e
000.e
000.e
1ee2
1e
e10
1.2.3
1e
1.2.3
--2
1.2.3
-
-
++1
1ee2
.
0e
++1
-
1e-
1e-
0e
1.2.3
1e-
1.2.3
++1
1e
abc
1e-
--2
++1
+
+
1e
-
-
+
--2
000.e
1ee2
-
1e+
1ee2
+
++1
-
abc
--2
--2
abc
1.2.3
++1
1e+
1.2.3
.
1e-
000.e
0e
0e
e10
e10
--2
e10
1e+
.
abc
1ee2
e10
1e
0e
1.2.3
+
-
e10
.
1e+
abc
1e+
1.2.3
1e
1e+
+
1e+
1e-
.
++1
abc
1ee2
abc
1e
1ee2
1ee2
1e-
--2
e10
1e-
000.e
1ee2
++1
1e-
0e
abc
1ee2
e10
1e+
000.e
+
1e-
000.e
--2
1e-
1ee2
.
1e+
1e-
1ee2
.
1.2.3
1e-
1e+
1e+
1ee2
+
000.e
++1
1ee2
000.e
1e
+
e10
1e
000.e
-
000.e
+
1e
0e
.
1e+
000.e
.
1e-
1e-
0e
--2
e10
1e+
--2
1e+
1ee2
1e
e10
1.2.3
1.2.3
1ee2
1ee2
++1
e10
000.e
1e-
1e+
++1
-
1ee2
1e+
1ee2
abc
-
1ee2
++1
1e+
.
e10
000.e
1e
000.e
++1
++1
1.2.3
000.e
--2
e10
e10
-
1e-
1e+
abc
0e
000.e
1ee2
.
000.e
000.e
e10
000.e
1e
1e+
1e+
e10
+
000.e
1e
abc
0e
1e
1.2.3
000.e
--2
-
0e
1e-
++1
1e+
1e
++1
1.2.3
1e
+
000.e
e10
1e+
.
1e-
1e-
e10
1.2.3
.
e10
1e-
1e-
--2
1e+
1e+
0e
000.e
abc
-
++1
++1
0e
1ee2
+
-
--2
1e+
1ee2
++1
1.2.3
++1
000.e
-
1e-
1e-
0e
1e
+
1e+
000.e
+
-
.
000.e
.
+
000.e
1e-
1e-
e10
e10
+
abc
1ee2
-
1.2.3
+
--2
++1
+
++1
1.2.3
1e-
1e
+
0e
1.2.3
.
1e-
--2
-
0e
-
1.2.3
0e
1ee2
++1
++1
e10
-
+
000.e
.
--2
1e
0e
1.2.3
0e
1e
+
++1
++1
.
1e-
abc
++1
1e+
0e
e10
abc
e10
--2
1e-
000.e
1e+
1e
1ee2
1e
1e-
1.2.3
1.2.3
1.2.3
1e-
1.2.3
abc
1ee2
1.2.3
--2
000.e
1.2.3
++1
-
-
1e+
1ee2
+
.
.
1e-
++1
-
+
++1
1.2.3
e10
0e
1e+
1.2.3
0e
1.2.3
000.e
0e
1e-
++1
e10
.
-
1e+
++1
0e
1e+
1e+
++1
+
abc
--2
.
000.e
000.e
e10
--2
.
000.e
abc
.
1.2.3
1.2.3
--2
--2
--2
1.2.3
abc
-
0e
e10
++1
abc
++1
+
0e
000.e
--2
1.2.3
+
e10
-
1e
e10
1ee2
e10
1e
e10
--2
1e-
.
.
+
-
e10
1e
1ee2
1ee2
-
1e
++1
abc
--2
--2
.
-
-
-
abc
000.e
abc
1e
e10
1ee2
abc
1ee2
abc
000.e
1e-
.
-
1.2.3
e10
.
--2
1e
-
+
--2
++1
000.e
0e
1e
-
.
e10
000.e
1e-
1e-
--2
abc
-
000.e
--2
++1
1ee2
1.2.3
++1
1.2.3
1e-
1e-
0e
000.e
abc
abc
--2
--2
e10
++1
++1
abc
0e
000.e
0e
--2
.
.
1e
++1
.
abc
e10
1e-
-
1ee2
1e
000.e
e10
abc
--2
-
1e
1e+
0e
.
-
abc
000.e
1e
1e-
-
1ee2
1e-
--2
+
abc
1e
e10
--2
000.e
.
.
1e-
1e
1e-
0e
-
+
-
abc
e10
.
-
++1
-
1e+
1.2.3
+
1e-
1.2.3
1e-
+
1e+
1e-
--2
abc
1.2.3
--2
-
1e
000.e
1e-
1e
+
++1
1e
+
++1
--2
000.e
-
-
1ee2
000.e
000.e
1e+
1e
1e-
abc
-
1.2.3
e10
+
1e
1e
e10
.
1e
1e-
000.e
1.2.3
e10
1e-
+
1e-
+
--2
1.2.3
abc
.
e10
+
e10
1e-
abc
0e
+
--2
000.e
abc
+
1.2.3
abc
1e
-
--2
1e
++1
-
1e+
e10
1e+
1ee2
000.e
000.e
--2
+
-
.
abc
0e
0e
++1
abc
++1
-
1ee2
.
1.2.3
000.e
0e
1e-
000.e
e10
1e-
e10
++1
abc
.
0e
1e-
abc
-
abc
0e
0e
1ee2
e10
1e-
1e
1e+
+
.
1e+
0e
++1
1e
000.e
-
0e
+
abc
e10
e10
-
e10
1ee2
1.2.3
1e+
abc
++1
000.e
000.e
-
1.2.3
1e+
1e-
1e
1.2.3
abc
1.2.3
1ee2
1ee2
1e-
++1
0e
++1
0e
++1
1ee2
1e
1e
1e
1e
e10
1.2.3
0e
+
e10
1e-
++1
1e-
1ee2
+
1e
-
.
1ee2
1ee2
+
e10
++1
1e+
1e
--2
--2
e10
1ee2
e10
1e-
1ee2
1e+
0e
-
-
e10
000.e
1e-
e10
1e+
--2
0e
1e+
1e-
-
abc
000.e
.
1.2.3
--2
.
-
1.2.3
000.e
--2
-
1e+
-
.
1ee2
abc
.
e10
++1
abc
1e
++1
1ee2
1.2.3
1ee2
1e+
e10
--2
++1
.
-
1.2.3
1e-
-
--2
1e
1ee2
1e+
1ee2
--2
.
1ee2
-
000.e
1ee2
++1
+
abc
1.2.3
++1
1.2.3
e10
.
1.2.3
0e
0e
000.e
--2
--2
.
0e
0e
1ee2
1e-
1ee2
0e
1.2.3
+
+
0e
000.e
1ee2
e10
1e
abc
+
1e
e10
1e+
1.2.3
1e-
1e-
e10
0e
abc
+
--2
000.e
1e+
1e
1e-
1ee2
1e
1.2.3
000.e
.
++1
.
-
1ee2
-
.
1e+
+
+
+
1e
1ee2
e10
1e+
1e-
+
-
--2
.
1ee2
.
.
++1
1ee2
.
000.e
1e-
1e-
+
0e
1e
1e
+
1e-
--2
1e-
1ee2
1e+
1ee2
1ee2
000.e
1.2.3
1e-
1ee2
--2
1e-
1.2.3
--2
1.2.3
--2
--2
1ee2
++1
++1
1e
-
1e-
+
abc
--2
++1
--2
1ee2
1e+
000.e
1.2.3
+
1e+
0e
-
1.2.3
.
0e
abc
000.e
--2
++1
1e
1.2.3
1.2.3
abc
++1
--2
++1
-
0e
abc
.
--2
.
0e
000.e
0e
1e-
abc
0e
1e
1.2.3
-
1e+
+
++1
000.e
1ee2
-
1e-
-
1e
abc
+
1e-
++1
1e-
1.2.3
000.e
--2
0e
e10
abc
1ee2
1e-
1e+
1e-
1ee2
++1
000.e
1ee2
1e+
++1
++1
abc
.
1.2.3
1e+
1.2.3
1e+
1.2.3
-
000.e
1e+
e10
e10
++1
1e-
.
0e
--2
e10
1e+
1e
1e
++1
--2
000.e
--2
1.2.3
000.e
0e
1.2.3
++1
abc
1e+
.
++1
+
1ee2
1e-
e10
--2
1e-
-
1e+
0e
.
1e-
++1
1.2.3
e10
0e
.
--2
-
++1
+
+
++1
1e-
1ee2
++1
1e-
-
0e
e10
abc
1ee2
000.e
.
1e-
+
0e
1ee2
1.2.3
e10
1e-
++1
1.2.3
+
1e+
++1
--2
.
1e
.
.
1e
++1
1ee2
1e-
1e+
0e
++1
--2
1e
1.2.3
1e-
0e
0e
-
1e
++1
-
000.e
++1
e10
.
++1
-
e10
.
1ee2
-
-
000.e
--2
--2
000.e
1ee2
.
1ee2
0e
++1
--2
+
1.2.3
000.e
abc
000.e
.
1e
abc
1.2.3
--2
--2
1e-
++1
1e
1e
abc
+
.
1e
1ee2
1.2.3
-
1e+
0e
.
abc
abc
1e+
e10
1ee2
0e
-
--2
.
e10
1e+
0e
-
e10
1.2.3
+
1.2.3
1.2.3
.
1ee2
1ee2
++1
1e-
abc
+
1e+
1.2.3
1e-
abc
1e+
1e-
000.e
000.e
.
++1
1ee2
1e
abc
1e-
e10
1e
e10
0e
+
+
-
+
0e
1e-
e10
000.e
-
1ee2
0e
1ee2
1.2.3
.
0e
0e
0e
-
-
1e-
.
1e+
1e
1.2.3
abc
++1
1ee2
--2
1ee2
0e
1e-
abc
1ee2
e10
e10
1ee2
1ee2
0e
abc
e10
++1
1e+
e10
abc
-
1.2.3
+
++1
+
--2
0e
1e-
abc
1e
000.e
1e+
.
abc
++1
--2
1.2.3
--2
1.2.3
000.e
abc
-
000.e
000.e
1e-
.
1ee2
+
e10
abc
--2
1e-
+
1e-
1e
1e+
-
++1
+
1e
e10
1ee2
++1
1.2.3
.
1ee2
--2
-
1.2.3
++1
--2
1e-
-
e10
+
+
.
--2
1ee2
1ee2
1e-
1e-
+
1e-
abc
--2
1e+
1.2.3
-
+
1e+
.
abc
1e+
1e-
-
abc
abc
+
1e-
+
--2
1e-
1e
e10
0e
0e
+
0e
1e+
1e+
1.2.3
+
.
1e-
abc
1e-
abc
abc
0e
++1
++1
++1
++1
.
0e
+
--2
000.e
+
1e
-
000.e
1.2.3
1.2.3
-
++1
abc
-
e10
1.2.3
000.e
1.2.3
1e+
1e-
1e
0e
1.2.3
.
1e-
1e-
1.2.3
+
+
1e-
.
+
abc
0e
1.2.3
abc
++1
abc
1.2.3
000.e
1ee2
e10
abc
abc
-
1ee2
1ee2
1e+
+
1ee2
000.e
1e
000.e
abc
1e-
1e-
+
1ee2
1e+
0e
abc
.
e10
+
abc
-
1e+
1ee2
e10
1ee2
-
1e-
1e
+
1e
e10
--2
e10
.
-
.
1e-
1ee2
000.e
e10
-
--2
--2
--2
000.e
1e+
++1
-
1e-
1e+
.
1.2.3
++1
--2
e10
++1
++1
--2
1e
+
abc
++1
1e-
1e-
1.2.3
+
++1
1e
abc
++1
e10
abc
1e-
-
1e+
.
--2
0e
--2
1.2.3
++1
-
abc
1e
++1
.
e10
1ee2
--2
e10
+
.
-
1ee2
+
1e
-
1.2.3
0e
1e+
-
--2
+
e10
1ee2
+
1e+
0e
.
--2
--2
1e
--2
1.2.3
e10
000.e
-
abc
1e-
+
1e+
-
000.e
--2
++1
-
0e
000.e
1e-
-
1ee2
0e
1e+
1e-
1e
--2
--2
1e-
.
1ee2
++1
-
000.e
1e-
1e-
++1
+
1.2.3
000.e
abc
1e+
0e
000.e
+
1e
--2
abc
+
0e
.
1e-
abc
1e-
-
000.e
000.e
+
000.e
1ee2
1e+
++1
1e+
1.2.3
1e+
+
--2
e10
1ee2
1e-
.
.
0e
000.e
1.2.3
e10
--2
++1
000.e
000.e
0e
e10
000.e
1.2.3
000.e
e10
--2
e10
-
1e
000.e
1ee2
.
1e
++1
1e+
e10
e10
1.2.3
1e+
--2
e10
1.2.3
abc
abc
1.2.3
e10
1.2.3
--2
++1
1e-
1e-
1e-
1.2.3
1e-
.
++1
0e
++1
--2
1e+
.
1e-
1ee2
abc
.
1e-
1e+
000.e
.
.
abc
1e+
.
0e
.
000.e
-
-
e10
--2
++1
1e
++1
1e+
000.e
1ee2
-
--2
1e
1e+
1e-
++1
1.2.3
--2
e10
.
1ee2
e10
1.2.3
--2
.
.
.
+
1ee2
.
--2
--2
1e+
1ee2
.
-
e10
abc
1.2.3
abc
+
1.2.3
1e+
1e+
--2
0e
--2
1.2.3
0e
1.2.3
1e
-
1e+
+
1e-
-
abc
abc
e10
abc
++1
1ee2
--2
--2
e10
1e+
e10
-
abc
1e-
1e
1e-
000.e
1.2.3
1e
1e-
1e
000.e
+
++1
000.e
000.e
--2
abc
++1
--2
1e
--2
abc
1.2.3
e10
-
000.e
1.2.3
++1
+
1e-
1ee2
--2
1e+
+
.
1e
e10
1e-
000.e
1e+
++1
abc
1ee2
0e
1.2.3
++1
1e-
0e
abc
abc
-
-
abc
1e-
0e
1ee2
abc
--2
e10
abc
000.e
1.2.3
+
--2
1e
1e
.
e10
1.2.3
-
abc
-
1.2.3
.
--2
--2
000.e
1e
e10
++1
+
1e
++1
1e-
+
--2
.
-
1e
+
000.e
1.2.3
--2
1e+
1e-
1e+
1.2.3
e10
1e+
1.2.3
+
1e-
-
1e+
--2
1e-
000.e
abc
++1
1.2.3
++1
.
0e
-
1ee2
e10
.
1e-
1.2.3
1.2.3
1e-
1e
--2
1.2.3
+
1.2.3
-
1e
000.e
1.2.3
1ee2
+
+
1e-
-
--2
1e-
1e-
1e
.
+
abc
--2
1e+
++1
1e-
+
0e
-
0e
-
-
1e+
1.2.3
1ee2
000.e
000.e
0e
1e+
0e
e10
++1
e10
++1
--2
+
--2
--2
+
1e
++1
abc
0e
1.2.3
e10
++1
--2
1e
1ee2
1ee2
1e+
abc
1e+
e10
1ee2
.
+
000.e
+
e10
abc
000.e
1e
1e
1ee2
000.e
0e
++1
1.2.3
1e-
0e
000.e
1.2.3
1e+
0e
1ee2
1e
--2
-
+
1e+
1e
-
++1
--2
+
.
0e
.
1e+
+
-
+
.
-
e10
0e
000.e
1e-
++1
-
e10
1ee2
1e-
000.e
1.2.3
1e+
e10
000.e
000.e
abc
1ee2
1.2.3
e10
1ee2
1ee2
1e-
1e
-
.
1e+
1ee2
-
+
1e-
+
e10
++1
++1
.
.
1e
.
1ee2
1ee2
+
.
1.2.3
++1
e10
abc
1ee2
1e+
1e
--2
1e+
.
1ee2
000.e
-
--2
+
1ee2
abc
.
++1
+
--2
--2
1e-
--2
1e
000.e
0e
1e-
--2
1e-
0e
1e+
0e
.
+
1e+
1e-
+
abc
000.e
1e-
1e
+
0e
.
000.e
0e
1ee2
e10
0e
1e
abc
1e-
1e+
abc
e10
e10
++1
1e-
1ee2
abc
1e
000.e
+
000.e
abc
abc
+
1e-
-
1ee2
1ee2
1e
e10
++1
.
-
0e
e10
-
1.2.3
.
1ee2
1e-
1e+
+
1e
abc
--2
+
++1
000.e
++1
1e-
e10
1.2.3
1e
e10
1e-
000.e
1.2.3
--2
1ee2
+
1e+
.
abc
-
1e+
1e+
1e+
1.2.3
1.2.3
+
000.e
1e-
0e
1e
1ee2
1.2.3
1.2.3
e10
--2
1e-
1e+
1ee2
+
+
1e+
1e-
1ee2
++1
1e-
.
000.e
1.2.3
.
e10
1.2.3
1ee2
.
1e-
1e
--2
0e
--2
-
0e
0e
1e
000.e
.
.
abc
000.e
0e
000.e
1e-
1ee2
1e
abc
1ee2
000.e
-
1e-
abc
e10
1.2.3
1ee2
1ee2
1ee2
-
--2
0e
++1
1e-
0e
0e
000.e
0e
1e+
abc
.
abc
++1
000.e
.
1e+
.
1e+
-
1e+
abc
e10
e10
1ee2
0e
e10
0e
++1
abc
000.e
1.2.3
e10
--2
+
1ee2
.
+
-
1e+
e10
-
1e+
++1
1e
1e+
--2
e10
+
1e+
1ee2
.
1ee2
1ee2
.
1ee2
.
+
-
1e-
1ee2
1.2.3
++1
+
0e
++1
-
1.2.3
--2
-
1e+
1e-
e10
1.2.3
e10
e10
++1
1ee2
e10
--2
-
e10
-
1e-
000.e
abc
1e-
1e
000.e
1e+
1.2.3
-
++1
1e
000.e
-
+
++1
+
.
000.e
abc
1.2.3
-
0e
000.e
1e
000.e
1ee2
.
1e-
1e
1.2.3
++1
000.e
++1
1ee2
.
1.2.3
.
1e-
--2
1e
abc
.
1ee2
+
++1
1e
1e
0e
--2
-
1e
1e-
1e
.
-
1e+
abc
--2
1ee2
-
1e-
1e-
++1
.
++1
.
-
.
0e
1e-
abc
-
e10
1e-
1e+
0e
1e+
abc
000.e
1e
-
.
1e+
+
1e+
1e
1ee2
1ee2
0e
-
e10
e10
.
1e
+
0e
e10
abc
abc
e10
-
0e
1e+
abc
+
e10
1e-
--2
abc
1e-
1.2.3
1.2.3
1ee2
000.e
-
++1
e10
1.2.3
e10
--2
.
0e
000.e
1ee2
1ee2
1e+
abc
1ee2
-
++1
1.2.3
++1
--2
abc
000.e
+
abc
e10
++1
abc
--2
000.e
000.e
1ee2
.
-
000.e
1ee2
-
000.e
-
1e
1.2.3
1e+
1e+
0e
1e-
0e
-
1ee2
1e
1.2.3
1e+
+
1e+
1e-
abc
000.e
.
+
e10
1e+
-
-
.
+
1e-
-
--2
--2
+
+
-
1.2.3
abc
1e
.
++1
0e
1.2.3
1e
1e+
1.2.3
e10
+
1e
1e-
1e-
1e+
--2
1e+
1e+
e10
abc
abc
1e
1ee2
1e
0e
abc
1e
--2
1ee2
++1
++1
.
000.e
0e
--2
1.2.3
.
e10
1e-
++1
--2
abc
1e+
-
abc
1e-
.
000.e
0e
1e-
000.e
++1
.
+
1e+
0e
000.e
1e
-
--2
+
e10
++1
-
++1
e10
000.e
1e+
+
--2
1e
1.2.3
1.2.3
--2
1e
1e-
-
++1
abc
1e-
0e
++1
1e
--2
e10
0e
1e-
000.e
--2
0e
1.2.3
.
--2
1e+
--2
1e-
++1
--2
e10
abc
1ee2
e10
abc
.
+
-
1e-
1e+
++1
abc
e10
--2
e10
e10
--2
e10
1.2.3
+
--2
1e+
--2
1e-
1e-
0e
1e-
.
1e
abc
+
1ee2
1e
1.2.3
0e
1e-
+
abc
-
1e
++1
1e-
1e-
0e
1e-
e10
++1
+
1.2.3
+
1.2.3
1e
abc
+
000.e
.
1ee2
abc
1.2.3
1e
1e-
000.e
+
000.e
++1
1.2.3
1e-
-
e10
1ee2
1ee2
000.e
abc
-
1e-
1e+
1ee2
abc
.
--2
-
000.e
1e+
1e+
1.2.3
--2
-
.
1.2.3
1e+
1e-
1e-
1ee2
abc
e10
-
1e
1e
1.2.3
e10
1.2.3
1e-
.
abc
-
1e
--2
++1
000.e
1ee2
0e
.
+
abc
abc
++1
e10
1ee2
abc
1e-
+
.
e10
++1
-
.
1e
0e
++1
.
abc
--2
000.e
1e-
abc
1e+
000.e
+
abc
e10
.
++1
0e
++1
000.e
.
1.2.3
--2
000.e
++1
+
1e+
e10
-
1e+
0e
--2
000.e
1e-
000.e
1e+
0e
--2
+
1e
1e+
e10
0e
-
+
abc
1e
1e-
1.2.3
+
1.2.3
1e
1e-
1ee2
0e
++1
1e+
+
0e
1e
1e+
0e
abc
e10
000.e
0e
000.e
e10
1ee2
+
1e+
+
0e
1.2.3
1.2.3
1e+
+
1.2.3
1.2.3
--2
--2
abc
1.2.3
1ee2
+
1e-
000.e
1e-
1e-
+
e10
0e
-
1ee2
-
1e-
e10
1e+
1.2.3
1.2.3
abc
--2
--2
1ee2
+
-
abc
-
abc
-
+
1e-
1ee2
-
-
1e-
1e+
e10
1.2.3
1.2.3
e10
1e
+
1ee2
.
1e+
--2
.
+
1e-
++1
.
000.e
+
.
1.2.3
1e+
1e-
.
--2
e10
1e+
1e+
000.e
1.2.3
1e
1ee2
1e-
0e
e10
1ee2
-
--2
1ee2
0e
abc
1.2.3
1e+
.
1ee2
1.2.3
-
1e-
abc
1.2.3
.
abc
1.2.3
.
1e
1.2.3
1e
1ee2
abc
0e
e10
1.2.3
+
1e+
--2
1e+
++1
1.2.3
1.2.3
1e+
-
1ee2
-
++1
000.e
abc
0e
-
+
++1
0e
+
++1
-
-
0e
++1
1e+
1e-
-
000.e
.
1.2.3
1e+
-
-
000.e
1e
0e
--2
1e-
1e-
+
1.2.3
000.e
1e+
000.e
.
1ee2
1e+
--2
.
e10
--2
1.2.3
.
000.e
000.e
1e+
--2
-
1e
abc
++1
1e+
++1
.
-
-
1.2.3
1ee2
000.e
1e
1e
.
1e
000.e
++1
1.2.3
1ee2
1ee2
.
1e-
e10
+
.
1e
-
1.2.3
--2
1e+
1e
1ee2
1e
abc
1e-
e10
-
+
000.e
.
++1
1e+
1.2.3
1e-
++1
-
1.2.3
e10
000.e
abc
.
-
abc
1ee2
1e-
abc
1ee2
000.e
0e
.
1e-
1e
0e
1e
000.e
.
e10
--2
1e
++1
.
++1
++1
1.2.3
--2
.
1.2.3
++1
++1
000.e
--2
-
1e
1e+
1e
1e+
1.2.3
++1
1e+
0e
1e
.
1ee2
+
0e
0e
1e-
1ee2
+
+
1ee2
.
-
1ee2
1ee2
-
+
++1
+
abc
+
1e-
++1
1e
abc
1e+
--2
+
e10
1e-
1.2.3
.
0e
e10
--2
-
e10
000.e
e10
--2
--2
abc
e10
abc
0e
1ee2
--2
abc
1e
0e
1.2.3
e10
e10
abc
++1
++1
.
+
abc
--2
++1
000.e
-
000.e
1e-
1e-
.
--2
abc
++1
1e+
-
+
-
abc
--2
-
abc
1ee2
++1
1ee2
0e
abc
1ee2
1ee2
1e-
0e
+
1e
1e-
1ee2
1ee2
+
000.e
1.2.3
0e
1ee2
1e
+
+
1e
000.e
0e
1.2.3
1.2.3
+
000.e
abc
1.2.3
1e
000.e
1ee2
1e+
1e+
1e+
e10
1.2.3
1e+
1e
e10
000.e
000.e
abc
1ee2
1ee2
1e
1ee2
1e
.
--2
e10
1e+
e10
1ee2
1.2.3
1e+
1ee2
e10
--2
1e+
abc
1ee2
.
++1
0e
--2
1e-
1e+
+
1e-
1e+
0e
++1
abc
1e+
++1
+
1e+
000.e
1e+
.
000.e
+
1e
1e
1.2.3
1e
++1
0e
++1
--2
0e
1e
--2
++1
0e
.
++1
1e
1e-
+
1e
.
0e
--2
+
.
1e+
1ee2
1e+
1ee2
abc
+
abc
-
++1
++1
-
1e+
.
1.2.3
abc
-
1e-
--2
--2
.
0e
-
1e-
000.e
-
1e
1ee2
000.e
e10
--2
e10
1e
1e
000.e
1ee2
e10
abc
e10
--2
1e
abc
e10
1e+
000.e
1ee2
000.e
000.e
1ee2
000.e
0e
1.2.3
+
0e
+
abc
1ee2
.
1e+
-
+
++1
1e-
--2
0e
000.e
000.e
1e
+
+
000.e
--2
--2
1.2.3
1.2.3
abc
+
abc
1e-
0e
1ee2
--2
1e
--2
-
1e
1.2.3
1e-
-
abc
000.e
.
+
.
-
1e
0e
--2
0e
1e+
--2
abc
--2
.
--2
1e+
0e
1.2.3
1e
+
1e-
e10
000.e
--2
1.2.3
-
1e+
0e
e10
0e
-
1e-
--2
1ee2
-
1e+
abc
++1
0e
.
1.2.3
+
0e
1.2.3
.
-
1ee2
.
-
1e
e10
000.e
0e
1ee2
1ee2
1e
1e+
e10
1ee2
000.e
000.e
++1
000.e
000.e
abc
+
000.e
000.e
0e
+
1e-
abc
++1
.
1e
e10
.
.
+
1e
1.2.3
1e-
--2
++1
1e
++1
0e
abc
+
++1
-
1e
1e-
++1
1e
1e
.
.
1e
--2
e10
000.e
000.e
1e
1ee2
1e+
+
abc
1e+
++1
abc
1.2.3
-
0e
.
1e
e10
-
.
.
.
000.e
0e
++1
++1
abc
1.2.3
-
.
0e
++1
-
-
1ee2
++1
1.2.3
1e+
abc
1e-
1e
1ee2
0e
abc
1e-
000.e
abc
.
1e-
1.2.3
++1
1ee2
.
-
1e
-
++1
1ee2
e10
+
-
1e
1e-
++1
.
e10
abc
++1
-
-
-
abc
1e-
000.e
--2
++1
abc
e10
++1
000.e
--2
e10
1.2.3
--2
++1
-
1ee2
1e+
1e+
1.2.3
1e
000.e
-
e10
000.e
--2
1e+
1ee2
+
1e-
--2
abc
++1
++1
1ee2
1e-
.
e10
-
+
--2
--2
--2
++1
++1
0e
+
0e
++1
-
-
-
1e
+
e10
1e
1ee2
1e
.
abc
abc
abc
1ee2
1e
++1
1e
1e+
1e-
.
1e+
--2
e10
1ee2
1.2.3
e10
0e
++1
1e-
-
1e-
++1
0e
.
1e
e10
1e-
1.2.3
++1
1.2.3
1.2.3
e10
1e+
0e
e10
1ee2
-
1.2.3
+
abc
abc
-
1ee2
1e+
000.e
1ee2
1e+
abc
-
000.e
1e+
.
+
1e
--2
+
1e-
-
1ee2
-
1e+
1e+
1ee2
1e+
1e
1.2.3
e10
e10
++1
abc
1ee2
1.2.3
0e
1e+
0e
++1
0e
--2
1e+
000.e
0e
1e-
1ee2
1.2.3
.
abc
1e+
-
000.e
+
++1
+
+
1.2.3
1e
000.e
1e
1ee2
abc
--2
1e+
1e-
1e+
1e+
1e-
e10
1ee2
1e
.
1ee2
1e
1e-
1e+
+
abc
1e-
+
0e
++1
e10
.
1e+
1e+
1ee2
.
1e+
000.e
--2
1.2.3
1ee2
000.e
abc
abc
0e
e10
000.e
e10
000.e
1e-
1ee2
0e
1ee2
abc
++1
1e-
000.e
abc
000.e
1ee2
1ee2
--2
+
abc
0e
++1
--2
1e+
1.2.3
0e
.
000.e
e10
000.e
1e
1ee2
.
1e-
1.2.3
.
0e
++1
.
1ee2
1ee2
-
1e
e10
1e+
1e+
e10
000.e
++1
e10
0e
1e
--2
e10
0e
1e
1.2.3
e10
000.e
1e-
1.2.3
1e+
1e
-
e10
+
+
e10
1e-
++1
e10
abc
++1
000.e
1ee2
0e
1e-
1e+
0e
1e-
000.e
abc
e10
1.2.3
1e+
1e-
abc
abc
1e
++1
+
1e
-
--2
e10
000.e
000.e
++1
--2
abc
0e
-
0e
e10
1e-
-
000.e
1.2.3
++1
1ee2
--2
000.e
1e-
1e+
1ee2
-
1.2.3
.
e10
--2
000.e
000.e
0e
1e+
-
1e
1e-
1.2.3
1ee2
0e
--2
.
1ee2
+
1e+
1e
1e-
-
1ee2
+
abc
1e+
1e
1e-
1e
1ee2
000.e
--2
1ee2
1ee2
1e+
1ee2
1e
000.e
--2
+
--2
--2
1e
e10
0e
abc
++1
e10
1e+
1ee2
0e
1e-
1ee2
000.e
0e
--2
e10
e10
--2
-
.
+
.
1ee2
1e+
1e
.
.
e10
+
--2
+
.
1e-
.
1.2.3
++1
e10
1e
++1
1.2.3
e10
1e+
000.e
1e+
1.2.3
--2
++1
1e
1ee2
-
--2
1e
-
1e
1ee2
-
000.e
1.2.3
000.e
1e-
1e-
.
0e
abc
-
+
1ee2
1.2.3
1e-
.
000.e
.
.
1e
+
+
0e
-
0e
1e
+
0e
abc
0e
1.2.3
.
++1
.
1e
--2
++1
++1
1e-
-
-
.
abc
-
.
1.2.3
-
abc
1.2.3
1.2.3
000.e
e10
000.e
1e+
-
000.e
+
+
+
1e-
.
1ee2
.
abc
.
1.2.3
-
1ee2
e10
1e-
1e-
1e+
1e-
-
++1
1ee2
.
1e+
abc
e10
--2
1ee2
1e+
.
1ee2
+
0e
1.2.3
+
--2
.
+
--2
+
e10
++1
e10
1e+
e10
000.e
1.2.3
-
1e
1.2.3
+
0e
1e-
-
1.2.3
+
1.2.3
e10
++1
+
.
1e+
e10
+
0e
1e-
-
1e-
+
abc
1.2.3
1e-
1e
++1
1e+
.
000.e
+
+
--2
-
1e-
1e+
000.e
1.2.3
.
1e+
1e+
.
e10
1ee2
1e-
-
-
1e+
abc
e10
0e
1e+
1e
000.e
+
1e+
-
1e-
-
000.e
1e+
-
1e+
--2
1.2.3
1.2.3
+
1.2.3
abc
1e
1ee2
000.e
-
1e+
.
1e+
+
++1
1e-
--2
1e+
+
--2
-
.
++1
1e
--2
++1
.
+
000.e
1e
e10
1e-
1e
--2
1e-
000.e
1e-
++1
--2
0e
--2
0e
abc
1.2.3
e10
1.2.3
.
++1
.
-
1ee2
abc
1.2.3
-
--2
e10
0e
+
1.2.3
1e
0e
+
0e
++1
1ee2
000.e
-
-
--2
1.2.3
abc
1ee2
--2
.
000.e
1e
-
1e
e10
++1
1.2.3
1e
--2
++1
-
-
1e+
1ee2
1.2.3
.
-
-
++1
+
-
1e+
-
1e+
.
1ee2
000.e
000.e
abc
1e-
0e
--2
1ee2
--2
1e
1e+
0e
-
--2
abc
--2
.
1.2.3
.
0e
--2
1e+
++1
1.2.3
1e
1.2.3
1ee2
000.e
e10
-
--2
1e+
1e-
1.2.3
.
1e+
1e+
++1
1ee2
.
1.2.3
1.2.3
0e
1e
0e
1.2.3
.
000.e
.
--2
1e+
1.2.3
0e
abc
0e
1e-
-
1ee2
000.e
000.e
.
.
1ee2
1e+
--2
1e
1e
-
000.e
1.2.3
1e-
-
1ee2
1e
--2
1e+
abc
000.e
-
1.2.3
1e-
1e-
.
abc
-
--2
.
++1
1ee2
1ee2
1e
1.2.3
e10
0e
1ee2
1.2.3
abc
-
1e+
e10
.
++1
+
abc
--2
.
1e-
e10
1.2.3
000.e
000.e
.
1e+
1e-
0e
1e+
1e+
+
e10
1e-
1.2.3
1e
000.e
+
+
1e-
000.e
e10
++1
+
000.e
000.e
.
1e
+
-
abc
e10
--2
--2
000.e
000.e
1e
abc
1.2.3
+
1.2.3
1ee2
.
1e-
--2
1ee2
--2
1ee2
.
1e-
-
1e-
1.2.3
e10
e10
1e+
1ee2
.
--2
1e+
1e+
1ee2
-
e10
--2
abc
1e+
abc
.
.
e10
e10
abc
1.2.3
1.2.3
0e
1e-
abc
1.2.3
0e
1.2.3
1e+
0e
++1
e10
--2
1ee2
.
1.2.3
+
.
1ee2
--2
--2
-
+
1.2.3
1e-
-
1e-
000.e
-
1e-
1.2.3
000.e
1e
--2
-
++1
000.e
1ee2
abc
++1
0e
++1
1e
1e-
e10
1.2.3
1.2.3
1ee2
e10
.
1e+
+
+
1ee2
1e-
.
abc
abc
++1
1.2.3
+
e10
-
0e
abc
1e+
-
+
1e
++1
1e+
1.2.3
1ee2
1e+
1e+
0e
+
0e
++1
-
1.2.3
-
++1
--2
1.2.3
1e
1e
e10
1.2.3
1.2.3
1ee2
-
++1
1e-
abc
e10
1e
1e+
++1
1e-
+
++1
++1
1e
+
0e
1e-
+
1.2.3
++1
1e+
.
1ee2
000.e
1e+
0e
++1
abc
1e-
.
1ee2
++1
000.e
-
0e
-
--2
1e-
1e-
++1
1e-
1e-
++1
--2
0e
e10
1e-
+
1ee2
++1
abc
+
+
1e-
1e+
e10
1.2.3
abc
000.e
abc
--2
000.e
1e-
1ee2
--2
.
0e
1e+
-
0e
1ee2
0e
1e-
1.2.3
e10
1e+
++1
.
+
--2
000.e
e10
0e
+
.
.
000.e
1ee2
1.2.3
+
.
1e-
abc
++1
--2
abc
--2
1e+
.
1e-
000.e
+
1e+
1.2.3
.
000.e
1.2.3
-
1e+
+
++1
++1
abc
--2
-
--2
+
000.e
1e+
000.e
e10
--2
.
0e
abc
1.2.3
.
1.2.3
--2
000.e
1.2.3
1ee2
1e
abc
000.e
++1
abc
0e
-
0e
000.e
.
abc
000.e
1.2.3
1.2.3
+
abc
-
1e-
abc
--2
1e+
abc
e10
0e
000.e
-
--2
-
abc
1e
1e-
.
e10
1e+
1.2.3
000.e
--2
1e+
000.e
++1
1e-
000.e
1ee2
000.e
1.2.3
abc
+
000.e
1e+
0e
-
000.e
-
1e
++1
0e
0e
+
1ee2
+
1e
.
0e
1e
abc
++1
.
1e
.
-
++1
1ee2
1e+
+
1.2.3
1ee2
++1
.
abc
1e-
000.e
1ee2
000.e
-
1e-
1.2.3
.
1e+
+
++1
1e+
1ee2
000.e
1.2.3
1ee2
1e
000.e
.
1e+
e10
.
1ee2
.
--2
1.2.3
000.e
1ee2
++1
1e-
000.e
1e+
e10
000.e
-
+
e10
000.e
000.e
++1
1e
.
1ee2
+
1e-
--2
++1
0e
1e-
+
1e-
0e
0e
++1
++1
e10
1e
0e
1.2.3
e10
1e-
+
1e
1e
1ee2
+
000.e
1ee2
++1
abc
e10
000.e
1e+
abc
0e
1.2.3
+
1e
-
1.2.3
++1
1.2.3
1.2.3
+
e10
e10
e10
000.e
1e-
1e-
--2
++1
+
1ee2
1.2.3
-
1ee2
1e-
+
.
+
--2
e10
000.e
0e
0e
--2
1e
++1
e10
1e+
--2
1.2.3
.
.
1e-
+
1e-
--2
1e-
abc
1e
1e+
000.e
abc
e10
-
abc
++1
e10
1.2.3
abc
--2
--2
e10
1.2.3
1ee2
++1
1e
1e-
1e-
1e
1e+
.
1e-
++1
000.e
abc
-
0e
1.2.3
.
abc
000.e
+
++1
-
000.e
-
1.2.3
e10
1e-
--2
abc
-
1.2.3
--2
1ee2
e10
++1
+
++1
--2
1ee2
1e-
1.2.3
1ee2
000.e
abc
1e+
--2
1e
1ee2
+
--2
--2
++1
000.e
1ee2
e10
1ee2
abc
1e-
1e-
abc
000.e
1ee2
000.e
0e
1.2.3
0e
1e-
-
e10
-
.
000.e
000.e
000.e
0e
-
.
1e+
abc
-
1ee2
abc
1e
+
-
0e
abc
1e-
0e
0e
1ee2
--2
abc
--2
+
e10
1e
1.2.3
--2
-
-
e10
1e-
1e
1ee2
-
1e
0e
-
++1
++1
abc
1e+
000.e
--2
1e
+
000.e
abc
1e
--2
1e+
-
1e+
++1
000.e
1e
e10
1e-
e10
1e-
1ee2
.
-
-
1e-
0e
0e
1e-
.
+
1e-
1.2.3
0e
+
000.e
-
--2
1e
abc
++1
0e
1.2.3
++1
--2
++1
1e
abc
.
000.e
abc
.
-
1e-
000.e
abc
1e+
000.e
1.2.3
1e-
.
000.e
abc
1e+
1e
++1
++1
0e
e10
1ee2
1e+
abc
+
.
0e
1.2.3
e10
1.2.3
+
e10
+
-
000.e
abc
000.e
+
1ee2
++1
1e+
abc
e10
abc
++1
.
++1
--2
0e
++1
1e+
0e
.
--2
0e
0e
-
1e+
e10
1ee2
1e-
0e
--2
abc
1e
1.2.3
--2
1e+
1e-
+
--2
1ee2
.
++1
000.e
1e-
0e
1ee2
-
1ee2
e10
1ee2
1ee2
e10
1e
.
1e+
1.2.3
+
1ee2
1e+
0e
1.2.3
000.e
++1
-
1e
0e
-
1e
--2
+
--2
.
+
+
1e-
1.2.3
.
1e-
-
++1
--2
+
-
++1
-
abc
1e+
++1
000.e
1e-
-
++1
1e-
1ee2
1e
000.e
000.e
+
+
1e-
0e
1e-
1ee2
1e+
000.e
++1
1.2.3
--2
1.2.3
abc
e10
.
1ee2
e10
1e
0e
++1
1e
1ee2
1.2.3
--2
-
++1
+
-
1ee2
+
.
000.e
1e+
1ee2
1e+
+
--2
0e
0e
1ee2
e10
--2
1e+
-
0e
e10
++1
-
1.2.3
--2
--2
abc
-
e10
+
1e+
-
1ee2
e10
e10
1e
1.2.3
000.e
1ee2
000.e
abc
++1
++1
1e
1.2.3
1ee2
abc
--2
abc
++1
--2
0e
1e
+
.
1e-
-
--2
+
+
1e-
0e
1e-
e10
abc
--2
1e+
1e
.
1e
1ee2
1e-
1ee2
0e
1e-
0e
--2
abc
abc
0e
1.2.3
1e+
.
1ee2
1.2.3
0e
1ee2
abc
e10
++1
1e+
abc
1.2.3
e10
+
--2
000.e
000.e
1e
++1
++1
--2
.
0e
e10
0e
1.2.3
000.e
.
1e+
1.2.3
000.e
abc
.
000.e
0e
1ee2
1.2.3
1e
1e
-
-
-
0e
+
+
e10
1ee2
.
1e-
0e
1e-
1ee2
--2
1ee2
1e-
1e-
1ee2
1ee2
-
1.2.3
000.e
1ee2
++1
++1
1e+
1e+
000.e
1e
1e+
abc
1e+
--2
-
1e+
000.e
abc
-
000.e
++1
1e-
1.2.3
++1
1e
++1
e10
1e-
-
.
++1
000.e
.
+
1e-
abc
0e
000.e
e10
--2
abc
1e
++1
--2
1ee2
000.e
000.e
++1
-
+
-
1ee2
1ee2
.
000.e
--2
1e+
1e
1e+
1ee2
--2
1.2.3
++1
abc
1e
1.2.3
++1
1e
1e
+
--2
-
1ee2
-
1e
-
.
1e
.
-
e10
++1
1e+
abc
000.e
1ee2
1e-
1e+
000.e
000.e
0e
1e
++1
--2
--2
1e
1ee2
0e
e10
-
--2
+
0e
--2
1e+
++1
0e
.
0e
1e-
--2
1.2.3
abc
e10
abc
abc
e10
abc
--2
-
1e-
1.2.3
1e-
0e
000.e
.
--2
000.e
1e+
1e-
1ee2
.
abc
0e
-
.
000.e
e10
-
e10
000.e
1ee2
.
0e
-
abc
000.e
1ee2
+
-
1ee2
++1
1e
.
1.2.3
.
abc
--2
0e
000.e
--2
+
--2
0e
0e
abc
1e
0e
-
+
abc
+
--2
e10
1e+
e10
0e
1e+
-
-
+
-
e10
1.2.3
000.e
abc
abc
++1
0e
1.2.3
0e
000.e
1ee2
000.e
1.2.3
0e
1e
-
1e
1.2.3
--2
1e-
1e+
e10
++1
e10
1.2.3
1e+
1e-
1.2.3
abc
--2
1ee2
000.e
1e-
--2
1ee2
1ee2
0e
1e-
abc
1ee2
--2
1e
1.2.3
abc
e10
++1
000.e
1ee2
e10
1ee2
+
--2
0e
-
000.e
.
000.e
++1
000.e
1e
1e+
e10
000.e
1e+
1e-
-
.
e10
.
1e-
0e
--2
1e+
+
0e
0e
+
1.2.3
-
.
+
1ee2
.
abc
.
000.e
1e-
1ee2
e10
1e-
000.e
.
1e
e10
-
0e
1.2.3
+
000.e
1e
1e
+
.
.
0e
0e
++1
1e+
000.e
1e+
abc
e10
--2
.
1e-
e10
1e+
-
--2
1ee2
abc
.
1e
1e
1e+
--2
000.e
0e
1e
1e
-
++1
1.2.3
1e-
1.2.3
0e
--2
1e
1e
1.2.3
++1
1ee2
.
1e
++1
1ee2
.
1e-
1e-
-
--2
e10
1e-
000.e
.
.
000.e
000.e
++1
1e
0e
0e
.
+
0e
e10
000.e
1e+
0e
1e-
abc
1e+
0e
.
1e+
1ee2
-
e10
abc
--2
1.2.3
-
1e-
e10
++1
1e
1.2.3
0e
--2
-
abc
e10
--2
e10
.
1e
1ee2
0e
--2
000.e
1ee2
.
0e
+
1e+
+
-
1ee2
1ee2
++1
.
1ee2
++1
000.e
1ee2
.
1e-
1.2.3
1.2.3
000.e
1e
++1
1.2.3
-
abc
++1
-
++1
.
-
++1
e10
0e
++1
--2
abc
e10
++1
++1
-
--2
1e+
1ee2
e10
.
-
++1
1.2.3
1.2.3
1.2.3
0e
.
1e-
1ee2
1ee2
+
1e
e10
+
000.e
+
000.e
e10
1e
++1
1e-
000.e
-
1e-
e10
1e-
abc
1e+
000.e
+
++1
1e-
1.2.3
0e
1.2.3
abc
1e
abc
1ee2
1e+
1.2.3
1e
1ee2
1e+
0e
1e-
1e-
--2
abc
--2
1e
000.e
0e
1ee2
--2
1e-
1ee2
abc
+
e10
1e-
+
-
.
1e+
000.e
000.e
e10
000.e
abc
abc
e10
abc
-
0e
1ee2
1e+
--2
1e
1e
+
e10
000.e
1ee2
1.2.3
1ee2
--2
abc
abc
1e
++1
1e-
-
+
--2
--2
abc
000.e
1.2.3
1e-
1ee2
e10
0e
+
++1
1e-
abc
++1
-
1.2.3
-
.
1e-
000.e
+
--2
1ee2
0e
1ee2
0e
+
0e
e10
e10
1e
+
-
.
1e+
1e+
1ee2
++1
1e
-
000.e
+
000.e
--2
1e-
--2
.
++1
--2
1e-
0e
1e-
e10
+
-
-
1e
1ee2
abc
000.e
1ee2
1.2.3
1e-
1e
1.2.3
e10
1e+
1.2.3
abc
000.e
1.2.3
000.e
000.e
1.2.3
1e
++1
--2
1e-
e10
.
1.2.3
++1
--2
1e+
++1
.
abc
1e
1e
++1
000.e
.
.
1e
1e-
--2
1e-
1ee2
.
+
abc
1e-
1.2.3
0e
e10
abc
1.2.3
abc
000.e
abc
1ee2
1.2.3
--2
+
-
0e
-
+
-
0e
1e
1e+
.
000.e
abc
1.2.3
++1
1e-
000.e
-
1e+
0e
abc
++1
1.2.3
++1
0e
-
1e+
0e
1e+
e10
1.2.3
1e+
.
--2
abc
--2
1ee2
1ee2
1e-
000.e
0e
--2
abc
0e
1e
-
-
1.2.3
-
e10
--2
1e
0e
1e+
+
--2
1e
1e
--2
.
-
1e-
+
1ee2
1.2.3
abc
1e-
0e
++1
1ee2
1.2.3
-
1e-
e10
-
e10
++1
0e
000.e
--2
abc
1.2.3
1e-
1e-
-
+
+
-
0e
0e
0e
000.e
1e+
++1
000.e
.
abc
1e-
.
--2
1e+
abc
1e-
1ee2
abc
1e-
++1
.
0e
1e+
--2
0e
-
1e
abc
1e
e10
-
0e
000.e
e10
++1
1ee2
1e
000.e
e10
.
++1
1e+
0e
+
1e-
1e
--2
abc
1.2.3
1e-
e10
000.e
.
--2
--2
1e+
0e
.
0e
++1
e10
--2
0e
1e+
1ee2
1.2.3
1e
1.2.3
000.e
+
1e-
+
1ee2
1e-
000.e
1e-
-
.
1ee2
.
0e
e10
-
1e
--2
.
1.2.3
++1
-
1.2.3
++1
abc
1.2.3
+
+
0e
1.2.3
000.e
1ee2
0e
0e
000.e
1ee2
1e
+
1e+
1e
e10
--2
1e
.
.
0e
1ee2
1ee2
1e
1.2.3
000.e
--2
e10
1e-
abc
0e
1ee2
0e
-
000.e
1e
-
1e-
1e
0e
+
1.2.3
-
.
1e-
+
1ee2
abc
1e+
1.2.3
1e+
--2
-
++1
--2
abc
abc
1e
--2
+
-
++1
++1
--2
abc
abc
000.e
e10
-
++1
1e
++1
1e
--2
+
++1
1.2.3
--2
++1
.
++1
1e
--2
++1
++1
1e
++1
1e
1.2.3
000.e
++1
1e-
1.2.3
e10
000.e
0e
abc
1e
+
.
e10
1ee2
1e
-
000.e
abc
abc
-
.
+
1ee2
++1
abc
e10
1e-
abc
.
++1
e10
-
1e-
000.e
e10
++1
000.e
1e+
1ee2
-
.
1e+
1.2.3
1e
e10
+
1e+
-
1e+
-
abc
1e+
1ee2
1ee2
1e
000.e
++1
.
0e
++1
abc
1.2.3
--2
1e+
1e
1.2.3
++1
000.e
1.2.3
1e
1.2.3
++1
1e-
++1
1ee2
1e+
e10
1e+
abc
++1
000.e
++1
-
1e-
--2
++1
1.2.3
+
1e
.
1.2.3
abc
++1
e10
1e-
+
++1
.
++1
0e
abc
1e
0e
1e-
1.2.3
-
--2
000.e
--2
1e-
.
1e+
+
0e
1e
.
.
--2
++1
+
-
abc
--2
-
1e+
++1
000.e
e10
+
1ee2
000.e
1e+
++1
.
.
1ee2
e10
000.e
+
1ee2
--2
0e
1e
abc
abc
+
abc
000.e
++1
1e
1e-
000.e
++1
000.e
--2
++1
1.2.3
1e+
.
1ee2
+
000.e
+
.
1ee2
-
000.e
+
abc
1ee2
++1
abc
000.e
1ee2
1ee2
--2
0e
000.e
1e
++1
.
-
-
0e
1ee2
1ee2
1.2.3
abc
1.2.3
++1
1e
0e
000.e
+
1ee2
1ee2
1ee2
1e
--2
.
-
abc
++1
+
0e
0e
000.e
0e
000.e
e10
+
000.e
1e-
++1
0e
1.2.3
+
000.e
1ee2
1e-
++1
--2
+
.
++1
0e
abc
0e
--2
0e
.
e10
abc
e10
e10
e10
1e
1.2.3
1.2.3
1e
+
1e-
+
1e+
1e-
1e+
1ee2
1ee2
+
1e+
1e-
000.e
++1
1e-
+
-
0e
000.e
--2
1ee2
1e+
1e+
-
1e
e10
--2
1e+
1e-
--2
000.e
.
++1
000.e
e10
.
e10
1e+
+
.
--2
abc
0e
1.2.3
abc
++1
e10
-
+
1e
1e
0e
+
--2
-
e10
1e+
abc
1.2.3
-
1ee2
abc
1e-
1e
0e
+
1ee2
1e-
.
+
1.2.3
1e-
1e
1ee2
1e+
1e-
1e
++1
-
1e-
0e
000.e
--2
0e
0e
-
-
abc
e10
+
abc
000.e
1e-
1e-
1e
1ee2
++1
0e
0e
1e
1ee2
++1
1e+
1ee2
.
abc
e10
000.e
1ee2
1e-
1ee2
1e+
--2
1ee2
000.e
000.e
e10
abc
.
1ee2
0e
0e
-
.
abc
1ee2
e10
1e
1ee2
-
.
e10
1.2.3
++1
1.2.3
1.2.3
1.2.3
1e
++1
1e
1ee2
1e-
.
0e
000.e
e10
+
0e
abc
--2
000.e
1ee2
.
++1
0e
1e-
abc
1e-
1e-
--2
--2
000.e
1e-
+
1e-
1.2.3
--2
abc
e10
.
000.e
1e-
1e-
000.e
+
.
-
0e
000.e
1e-
abc
.
1e-
1ee2
.
++1
1ee2
1e+
000.e
-
-
1ee2
1.2.3
1ee2
abc
+
e10
1e+
1.2.3
0e
1e
abc
0e
1.2.3
+
1ee2
+
++1
-
000.e
.
--2
1e
+
++1
000.e
-
1ee2
abc
1e+
1e
1e+
0e
++1
0e
+
1ee2
e10
abc
--2
abc
--2
--2
.
--2
1e-
abc
000.e
e10
+
000.e
.
-
+
1e
-
abc
e10
abc
1e
-
0e
abc
e10
++1
.
1e
1e+
+
1e+
1e-
1e
abc
000.e
.
1e
000.e
1ee2
e10
.
-
1e+
.
++1
--2
1e+
--2
e10
000.e
0e
abc
-
e10
0e
1ee2
1e-
1ee2
++1
++1
1e+
1e
.
1e+
.
-
--2
1.2.3
000.e
-
.
0e
0e
+
0e
1ee2
1e+
-
.
--2
++1
abc
1e
e10
1e
--2
.
000.e
1ee2
abc
1e-
--2
1e+
+
000.e
000.e
e10
0e
0e
e10
1e-
--2
+
1e+
1.2.3
0e
0e
1e
000.e
.
++1
++1
.
1e+
--2
abc
1.2.3
abc
000.e
abc
1e+
000.e
-
0e
--2
1e
1e-
--2
1e-
1e-
.
0e
++1
++1
++1
0e
-
abc
--2
+
1e
abc
1e+
1.2.3
.
++1
abc
0e
000.e
e10
0e
abc
abc
++1
1.2.3
1e
000.e
1e
-
1.2.3
e10
000.e
1e+
1ee2
1ee2
1e-
e10
1e+
1ee2
e10
.
1e+
++1
++1
abc
1ee2
+
1e+
+
-
1e
++1
-
-
.
1e
e10
-
e10
+
e10
++1
++1
1e+
1e-
0e
e10
++1
--2
abc
-
-
++1
0e
.
0e
--2
1e-
--2
+
+
000.e
1e+
1e+
1e
1.2.3
--2
++1
1ee2
.
e10
1e-
+
1e-
--2
--2
abc
e10
--2
+
1.2.3
1e+
1e-
-
.
000.e
0e
1.2.3
1ee2
-
.
+
1e
1e
1ee2
abc
000.e
1e-
1ee2
1e-
abc
e10
++1
1e+
-
0e
1e+
.
e10
1.2.3
++1
--2
abc
--2
1e-
1e
000.e
e10
--2
+
++1
-
--2
1e-
-
1e
0e
0e
.
1.2.3
e10
.
1.2.3
0e
1e-
1e-
-
1.2.3
1.2.3
0e
1e-
-
1e+
abc
.
1ee2
000.e
1e-
.
abc
1.2.3
000.e
++1
1e+
+
abc
+
-
0e
000.e
++1
e10
1e
1ee2
+
1.2.3
--2
1e
1.2.3
e10
+
-
--2
++1
.
abc
1.2.3
1.2.3
e10
+
1e
abc
0e
.
-
+
++1
1e+
.
000.e
000.e
+
abc
abc
000.e
+
1e+
+
000.e
1e-
++1
1e
+
1e-
++1
--2
1e+
000.e
--2
000.e
1e-
.
.
+
++1
e10
e10
e10
++1
000.e
++1
1e+
e10
000.e
abc
1e+
++1
1ee2
--2
+
+
1e+
0e
1.2.3
1e+
--2
.
1ee2
++1
1.2.3
--2
1.2.3
abc
e10
+
-
++1
0e
+
+
e10
000.e
--2
1ee2
--2
--2
e10
.
-
++1
.
+
1e+
1e+
+
1e
000.e
e10
-
1e+
abc
+
000.e
1.2.3
0e
e10
000.e
abc
e10
1.2.3
-
1e-
1e
000.e
1e+
1.2.3
++1
1ee2
++1
1e
000.e
--2
0e
1e
+
e10
1e-
1e-
++1
1ee2
1ee2
+
++1
++1
0e
0e
1e-
--2
abc
++1
1e-
000.e
1e
000.e
abc
++1
--2
1e+
--2
000.e
1.2.3
1e-
1.2.3
.
000.e
++1
e10
000.e
e10
-
1e
-
--2
1e-
-
1e-
--2
1e+
e10
1e-
--2
e10
++1
e10
e10
+
e10
++1
.
0e
000.e
+
1e
1.2.3
1ee2
--2
1ee2
abc
1ee2
000.e
-
1ee2
1e
+
1e+
1e-
000.e
1.2.3
-
.
1ee2
1e
0e
--2
0e
.
++1
000.e
e10
1e
--2
++1
1.2.3
1.2.3
--2
.
1e
++1
1e+
.
1e+
e10
1.2.3
1e-
-
++1
e10
+
--2
abc
1e
1ee2
0e
--2
+
000.e
+
000.e
0e
1e+
1e
.
0e
1.2.3
0e
1.2.3
--2
1e+
e10
.
1.2.3
1e+
1e+
1ee2
1ee2
e10
+
e10
000.e
++1
1.2.3
.
e10
0e
1e+
++1
1e+
.
0e
1e+
1ee2
+
e10
abc
-
e10
.
1e
1e
1ee2
--2
1.2.3
-
000.e
1.2.3
e10
1e
1.2.3
+
abc
1e
+
0e
--2
1e
+
e10
1.2.3
1e+
0e
++1
1e-
.
1ee2
--2
++1
.
1.2.3
--2
-
0e
1e
000.e
1e-
1ee2
0e
++1
1ee2
++1
1.2.3
--2
+
abc
e10
000.e
+
1e+
1e-
abc
abc
000.e
++1
++1
e10
1.2.3
1e-
000.e
e10
1e
e10
abc
--2
abc
1e
e10
.
1e
e10
abc
+
0e
1.2.3
1e
1.2.3
1e-
1.2.3
1e
1e+
.
1e+
000.e
000.e
1e+
1ee2
.
+
abc
1ee2
1e-
1.2.3
1e
abc
++1
--2
.
e10
e10
-
e10
1e+
++1
1ee2
-
--2
--2
++1
.
1e+
++1
abc
1e+
1.2.3
0e
1ee2
0e
e10
+
e10
1ee2
000.e
1ee2
1ee2
-
.
0e
1e
1.2.3
.
1e
.
000.e
1e
1e+
-
--2
1e-
1e
1.2.3
000.e
1e-
--2
e10
1e
1e-
1ee2
1ee2
000.e
1e+
-
.
+
000.e
000.e
-
e10
.
1e+
1e-
1.2.3
1ee2
1.2.3
0e
1e
--2
-
.
1e-
1.2.3
1e-
abc
0e
1ee2
.
abc
--2
1e+
1.2.3
1e+
1e
1e+
-
1e+
1e+
1ee2
--2
1.2.3
++1
1.2.3
1ee2
+
1e-
1.2.3
-
0e
-
1e
e10
abc
.
1e-
1e
-
1e-
--2
1e-
1.2.3
.
e10
-
--2
.
abc
1e-
abc
1.2.3
1e+
1ee2
-
1ee2
+
-
1e+
-
abc
-
-
1e
000.e
+
++1
1e
++1
1e
.
1e-
-
-
.
-
1e
abc
1ee2
1.2.3
1.2.3
-
1.2.3
1e
1ee2
-
1e
+
abc
++1
0e
abc
1e+
000.e
++1
0e
1e+
000.e
e10
.
0e
-
1ee2
--2
0e
1e-
-
--2
1e-
--2
0e
1ee2
e10
e10
++1
+
.
1ee2
--2
+
0e
abc
0e
.
++1
.
++1
e10
1e
-
000.e
1.2.3
1e-
000.e
1.2.3
000.e
-
1e+
1ee2
e10
1e+
.
abc
1e+
e10
1e-
--2
1e-
++1
1ee2
abc
1e+
1e+
abc
1e
--2
-
0e
1e-
000.e
1.2.3
abc
abc
-
000.e
++1
++1
000.e
1e-
--2
0e
+
e10
+
0e
++1
-
.
1ee2
0e
-
1ee2
-
-
1ee2
1e
--2
1ee2
1.2.3
1ee2
0e
1e
-
.
1e+
-
++1
-
1e+
.
1ee2
0e
1e
000.e
1e
1e
0e
0e
abc
+
++1
-
1ee2
e10
1e
1ee2
1e-
e10
++1
++1
000.e
+
000.e
1.2.3
+
--2
e10
1e-
1.2.3
1e+
0e
1e
0e
1e+
+
1ee2
++1
000.e
abc
e10
1.2.3
.
1e
1.2.3
1e-
.
1e-
--2
+
-
++1
--2
1e
--2
.
1ee2
-
1.2.3
1.2.3
+
++1
.
-
0e
1.2.3
-
--2
1ee2
-
1.2.3
-
abc
abc
000.e
1ee2
1ee2
--2
--2
1e+
e10
++1
0e
abc
++1
e10
1e
0e
1ee2
--2
e10
0e
0e
1e-
000.e
1.2.3
+
1e-
1e
++1
.
1e-
abc
0e
000.e
1.2.3
.
abc
+
+
--2
.
1e+
1.2.3
+
-
+
1ee2
--2
1e-
1ee2
-
0e
1ee2
0e
1e
--2
+
000.e
1e
0e
-
1e-
e10
abc
++1
++1
1e+
-
000.e
1e-
1e-
-
--2
0e
abc
1e
.
.
1ee2
1e+
e10
1.2.3
++1
1e
1e-
1.2.3
1e+
.
1e-
1ee2
1e
1e
+
1ee2
1.2.3
+
000.e
1e-
1e-
1.2.3
1.2.3
+
+
--2
+
1e
1ee2
abc
1e
1.2.3
1.2.3
-
++1
e10
-
000.e
0e
-
-
1e
000.e
abc
abc
1.2.3
0e
1ee2
abc
1e-
1ee2
-
1e+
000.e
1.2.3
.
1e
1e-
--2
0e
1ee2
0e
--2
1e-
.
-
1e-
1.2.3
-
1e+
0e
1e-
1e-
abc
+
1.2.3
--2
-
1ee2
+
.
1.2.3
--2
+
abc
1ee2
.
1ee2
--2
1.2.3
--2
++1
--2
abc
1e+
abc
+
+
1e+
0e
e10
1ee2
--2
0e
-
--2
++1
--2
1e+
.
000.e
1ee2
000.e
++1
1e-
++1
1e-
.
1e
0e
.
e10
.
000.e
abc
abc
000.e
++1
--2
+
-
++1
e10
.
1ee2
++1
000.e
1e+
-
1e-
.
0e
--2
++1
--2
.
1e+
1e+
.
+
.
+
e10
1e
--2
1e
1ee2
0e
e10
1e
-
0e
000.e
abc
++1
+
000.e
1.2.3
1e+
1ee2
1ee2
1e
0e
e10
e10
1ee2
++1
1e+
-
0e
--2
1e
.
abc
+
++1
1ee2
e10
.
abc
--2
abc
++1
1ee2
abc
0e
000.e
1e-
1e-
-
1e+
0e
-
e10
e10
1ee2
1e+
1e+
1.2.3
abc
++1
1e-
-
.
++1
++1
++1
--2
1ee2
1e-
1.2.3
1e+
abc
1.2.3
0e
-
-
--2
1.2.3
1.2.3
1.2.3
000.e
000.e
.
+
0e
1ee2
1e
1e
.
1e-
--2
--2
e10
1.2.3
e10
abc
1e-
--2
0e
.
1ee2
1e+
-
1e
1e-
1.2.3
000.e
0e
1e-
abc
abc
1.2.3
--2
1ee2
abc
-
--2
e10
1.2.3
.
1.2.3
++1
1ee2
.
0e
.
0e
++1
++1
0e
-
--2
1e+
1ee2
+
.
--2
000.e
1e+
1ee2
000.e
+
e10
1.2.3
1ee2
++1
1e
1.2.3
0e
--2
+
-
1e-
0e
-
-
--2
1e
.
-
1e-
+
1.2.3
++1
.
--2
e10
++1
--2
.
+
000.e
1e+
1.2.3
e10
--2
1ee2
++1
+
.
+
000.e
1e+
1e-
e10
-
0e
1e-
000.e
+
1e-
abc
1.2.3
1e-
1e-
.
.
0e
1ee2
abc
1ee2
e10
000.e
1e-
e10
0e
.
+
1ee2
abc
-
abc
.
1.2.3
++1
e10
.
1e+
1e-
1.2.3
abc
0e
1e+
1e
++1
1.2.3
1e+
000.e
1ee2
abc
+
1e
++1
--2
-
1e+
++1
e10
0e
1.2.3
1ee2
+
0e
1e
1e-
-
000.e
1e+
0e
+
1e+
1e-
-
000.e
--2
+
abc
1e
0e
.
--2
0e
abc
+
--2
1e+
0e
1ee2
1e
1e+
0e
-
abc
abc
1ee2
1e+
.
e10
+
.
1.2.3
-
1e+
1e
1e+
1e+
-
--2
1.2.3
0e
1e
000.e
1e-
++1
1e
++1
.
1e
1e-
1e+
000.e
000.e
1e
1ee2
1e
-
--2
e10
1e+
++1
--2
1e
1ee2
abc
1.2.3
abc
1e-
1.2.3
1ee2
1ee2
1e
000.e
000.e
1e-
++1
++1
abc
1ee2
000.e
1e+
--2
0e
1e-
.
-
e10
--2
-
0e
1.2.3
0e
--2
000.e
--2
-
1e
1.2.3
.
000.e
1e-
1e
--2
--2
++1
-
-
-
abc
.
-
--2
1e
--2
1e+
1ee2
0e
1.2.3
-
1e-
++1
1e-
e10
1e+
1e-
.
000.e
e10
+
1ee2
++1
.
e10
--2
abc
++1
+
++1
1.2.3
000.e
--2
1e-
.
1e-
e10
1ee2
000.e
e10
1ee2
.
1e+
1e
000.e
1e
1e-
0e
+
--2
+
abc
.
0e
-
1e+
1.2.3
.
000.e
0e
1e
1e
e10
1e
+
abc
-
.
1.2.3
-
--2
+
0e
1e-
1.2.3
--2
e10
-
000.e
+
++1
000.e
+
--2
-
++1
--2
--2
1ee2
++1
0e
1e
+
1.2.3
++1
000.e
++1
++1
.
1e-
1ee2
e10
+
1e+
-
-
-
1ee2
+
abc
.
+
.
.
abc
0e
.
000.e
--2
e10
1ee2
1e+
0e
1ee2
+
--2
-
1.2.3
000.e
1ee2
abc
1e+
e10
+
-
--2
++1
000.e
e10
1e-
++1
++1
++1
abc
.
+
1ee2
e10
000.e
0e
e10
+
1e-
000.e
e10
-
abc
--2
e10
abc
1ee2
e10
--2
1e-
++1
.
abc
e10
000.e
0e
abc
--2
--2
--2
000.e
1e+
1e-
abc
1e
0e
0e
++1
000.e
0e
.
1e-
+
--2
1e-
1e+
1e
000.e
+
+
-
++1
1e-
1ee2
.
.
1.2.3
000.e
000.e
000.e
1e
0e
.
++1
1.2.3
1e-
000.e
e10
+
000.e
e10
+
e10
000.e
1e+
-
1e-
000.e
1.2.3
-
1e-
000.e
abc
1.2.3
1.2.3
1.2.3
1e-
e10
+
++1
abc
e10
.
abc
1e-
.
++1
1.2.3
--2
+
1e+
abc
1.2.3
1e
.
1.2.3
0e
-
.
e10
e10
abc
++1
abc
abc
1e+
0e
+
000.e
--2
1e
abc
-
0e
--2
abc
1e-
000.e
abc
000.e
abc
0e
++1
1ee2
e10
1e
1.2.3
1e+
++1
1e-
1e+
0e
1.2.3
1e-
e10
--2
1e
-
e10
.
+
1ee2
.
1e+
000.e
1.2.3
+
++1
-
1e-
1e+
-
-
-
000.e
++1
1e
-
--2
abc
e10
++1
1e
1e
1ee2
1.2.3
1.2.3
1.2.3
+
e10
1.2.3
1.2.3
.
1e+
0e
0e
1e-
1e-
abc
--2
--2
1e-
000.e
e10
1e-
1e-
.
0e
e10
e10
+
--2
0e
e10
e10
1.2.3
e10
1e+
1e
+
abc
.
1e-
e10
1e+
000.e
000.e
++1
000.e
e10
000.e
1e-
++1
e10
0e
e10
1.2.3
-
1e
.
000.e
.
--2
000.e
++1
0e
1e
++1
1ee2
-
--2
abc
--2
1.2.3
1e-
+
+
0e
--2
+
0e
1e
1ee2
--2
+
.
+
1.2.3
-
1ee2
abc
abc
000.e
1.2.3
--2
1e
++1
1.2.3
-
abc
000.e
++1
1ee2
1e+
+
0e
-
1.2.3
e10
0e
1e-
1e+
.
000.e
abc
1ee2
.
1e
abc
+
1ee2
1e+
1e+
1e
abc
1ee2
-
abc
+
.
0e
1.2.3
1ee2
000.e
0e
1e
1e-
-
1e
--2
e10
000.e
1e+
.
-
1.2.3
abc
-
1e+
--2
1.2.3
1e-
--2
1ee2
abc
++1
++1
1e
1e
++1
1e
1e
+
++1
.
abc
0e
1.2.3
+
1e+
e10
+
1e
0e
1.2.3
abc
1.2.3
1e
1e-
e10
1e+
000.e
-
1ee2
+
1e
abc
.
000.e
1e+
+
0e
.
1ee2
-
1e
--2
1.2.3
++1
+
++1
-
+
-
e10
1ee2
0e
.
1e
abc
.
+
abc
++1
0e
-
abc
++1
1e
1.2.3
0e
1ee2
1e
1e+
abc
1e
e10
1e+
++1
0e
e10
++1
1e-
1e-
+
1ee2
.
-
--2
+
--2
++1
+
--2
1.2.3
1e-
1e
++1
-
1e+
0e
--2
1e+
1e+
-
++1
1e+
-
--2
.
-
1e
.
0e
abc
--2
abc
000.e
-
1ee2
1e+
1.2.3
-
000.e
1.2.3
1e
1e+
1e
1e
000.e
0e
++1
1ee2
+
0e
abc
0e
1e-
1.2.3
1e
0e
1.2.3
1e+
1e+
--2
.
1e-
1e+
+
-
1e+
000.e
1ee2
1e-
-
1e
-
1e+
000.e
++1
+
1ee2
++1
-
000.e
abc
abc
abc
.
abc
.
1e+
.
.
0e
abc
e10
1e+
.
1ee2
+
-
1e
1e
abc
e10
+
1ee2
e10
1.2.3
abc
1e+
0e
1e+
1e-
--2
-
+
abc
1.2.3
e10
--2
.
1ee2
-
+
1ee2
1e
e10
1e
abc
1e+
-
+
e10
1.2.3
1e+
e10
1e-
.
1e-
000.e
.
000.e
1e
+
1e
0e
1e+
1e+
--2
--2
+
abc
1e-
+
+
.
--2
e10
++1
000.e
++1
1e
e10
e10
abc
1.2.3
1.2.3
1.2.3
e10
.
-
abc
1e
000.e
1e-
1e
+
--2
++1
1ee2
000.e
--2
1e
000.e
1e
++1
.
e10
e10
.
e10
0e
000.e
1.2.3
-
-
0e
000.e
1e-
-
1e-
1.2.3
1e+
abc
.
+
1.2.3
1e-
1e+
1e
-
1e-
000.e
1ee2
1.2.3
1ee2
-
1e
1e
.
0e
1e-
e10
--2
1.2.3
++1
--2
abc
1e
000.e
1.2.3
--2
1e+
-
++1
1.2.3
1.2.3
-
1.2.3
000.e
e10
0e
--2
1ee2
1e-
1.2.3
--2
+
-
abc
abc
.
.
000.e
000.e
1e
abc
+
e10
--2
1e-
1e+
1ee2
1.2.3
+
0e
abc
-
++1
1e+
0e
--2
0e
--2
000.e
--2
.
++1
abc
1ee2
1.2.3
+
--2
1e-
1e+
000.e
e10
1ee2
1e+
e10
+
1ee2
++1
abc
.
1e+
000.e
1e-
0e
1e+
1e-
1e-
1ee2
abc
--2
+
1e+
0e
1e+
1e+
1.2.3
000.e
1ee2
1e
1e-
-
--2
000.e
1ee2
.
+
e10
abc
1.2.3
1.2.3
0e
+
1e+
--2
--2
1e-
e10
1.2.3
1e-
1.2.3
+
1ee2
abc
-
1e
-
1ee2
1e
.
1ee2
1e-
1e
1ee2
1e+
-
abc
-
1e
000.e
e10
0e
abc
1e-
--2
--2
++1
0e
1e-
1e-
1e+
1ee2
+
+
1e
1.2.3
.
1ee2
000.e
0e
--2
1ee2
--2
1ee2
1ee2
1e+
.
1e
1ee2
e10
--2
-
1e+
1e
--2
1.2.3
1e+
000.e
1e+
1e
1e-
e10
1ee2
1e
1ee2
0e
e10
+
--2
.
+
1e
1.2.3
000.e
1e+
++1
++1
abc
-
+
0e
000.e
--2
--2
e10
abc
1e+
0e
-
e10
1ee2
++1
e10
1ee2
e10
+
e10
1e+
+
1ee2
1e+
1e-
+
0e
1e
abc
1e
1ee2
e10
1e+
1e
e10
.
0e
1ee2
+
1e
e10
.
++1
1e+
++1
1e+
1e+
--2
+
1.2.3
000.e
abc
+
+
000.e
++1
1e
-
-
1.2.3
1e-
.
+
000.e
+
.
+
e10
+
-
1ee2
e10
1e
1e+
000.e
1ee2
0e
+
-
0e
000.e
++1
0e
0e
.
1e
1e+
0e
000.e
1e
1ee2
1e
1e
1.2.3
++1
1e+
1ee2
1e-
abc
1e+
e10
.
e10
.
1.2.3
1e-
1.2.3
abc
1e-
000.e
+
1e+
1e+
--2
1e-
-
1e-
1e
e10
-
1.2.3
-
1ee2
1.2.3
++1
1e+
1e+
e10
1.2.3
+
--2
1ee2
1e
++1
+
--2
--2
1.2.3
abc
1.2.3
000.e
-
1e+
++1
0e
1e+
.
--2
++1
1ee2
-
abc
1ee2
++1
1e-
+
+
1e-
--2
0e
--2
e10
--2
+
0e
0e
e10
++1
abc
abc
e10
1.2.3
+
1ee2
--2
abc
1e+
abc
1.2.3
.
0e
++1
++1
--2
abc
1ee2
1ee2
+
1e
--2
1ee2
1e-
abc
abc
1e+
abc
+
0e
abc
000.e
1e+
1e+
000.e
0e
000.e
1.2.3
000.e
e10
++1
++1
-
--2
e10
abc
1ee2
000.e
abc
--2
1e
1.2.3
++1
+
1.2.3
1e-
1.2.3
abc
000.e
1ee2
-
1e-
-
++1
1ee2
++1
e10
abc
.
++1
.
1e-
0e
e10
1.2.3
abc
--2
1e
abc
1e
1e
-
1e
000.e
--2
1.2.3
1e
-
e10
0e
1.2.3
1e+
e10
--2
-
-
-
1e
++1
000.e
1e
+
+
1ee2
e10
000.e
.
.
1e-
1e
1e+
e10
e10
000.e
1e-
e10
abc
000.e
.
abc
--2
1ee2
abc
0e
-
1.2.3
abc
1e+
+
e10
.
1e+
-
.
-
-
++1
0e
1ee2
000.e
000.e
0e
abc
++1
1e-
++1
1e
.
1e-
1ee2
-
1e+
1ee2
1ee2
.
1.2.3
000.e
+
1.2.3
++1
1.2.3
.
000.e
1e
000.e
e10
e10
1e+
1e+
abc
000.e
e10
.
--2
.
1.2.3
1e
1.2.3
.
++1
0e
-
-
1e-
1ee2
e10
+
1e+
1e+
1.2.3
abc
1e+
1e
e10
-
-
1e-
1e
++1
000.e
1e-
--2
1e+
1ee2
.
1ee2
0e
+
1.2.3
1e+
0e
000.e
1e
1ee2
1e
-
abc
0e
--2
1.2.3
1e+
1e+
e10
1e+
1e
--2
1e
1e
000.e
-
1e+
abc
-
.
000.e
1e
000.e
1ee2
1e-
1ee2
--2
1e-
1ee2
1e-
-
+
1e-
abc
1.2.3
e10
1ee2
--2
e10
1ee2
abc
e10
.
1e
++1
000.e
0e
0e
1e
++1
1ee2
1.2.3
.
+
0e
000.e
000.e
000.e
e10
++1
1e+
.
1e+
--2
1ee2
1e+
.
--2
abc
1e
--2
e10
++1
abc
e10
1e
--2
1e-
0e
e10
abc
-
0e
0e
1e+
1e-
abc
1e-
++1
abc
++1
--2
abc
1e-
--2
1ee2
abc
+
++1
e10
++1
0e
+
e10
1e+
--2
e10
e10
1ee2
e10
++1
abc
abc
.
0e
1e+
.
e10
.
1e+
+
abc
abc
-
1e+
1e
--2
.
1e
e10
0e
-
+
-
+
1.2.3
.
+
000.e
++1
1e
++1
-
--2
000.e
+
1e-
1.2.3
e10
-
1e-
++1
e10
1.2.3
000.e
.
--2
1ee2
1e
1e
1ee2
e10
1e-
.
--2
1ee2
e10
abc
0e
abc
000.e
.
++1
1.2.3
--2
.
.
1e+
.
1ee2
1e+
1e-
++1
1.2.3
e10
1.2.3
1e
++1
1e+
--2
++1
e10
e10
e10
1e+
++1
1.2.3
000.e
--2
+
abc
abc
.
--2
1e
e10
-
.
1ee2
++1
++1
++1
1e-
+
--2
e10
1ee2
1ee2
e10
1e
1ee2
e10
1e+
1e
+
1e-
1.2.3
--2
1e
-
--2
000.e
e10
1ee2
++1
1e-
0e
abc
e10
-
000.e
1e
+
1ee2
abc
1e
.
e10
--2
--2
0e
--2
++1
1.2.3
e10
1.2.3
000.e
-
1e-
000.e
000.e
0e
--2
1.2.3
e10
1e+
1e+
0e
e10
1.2.3
--2
e10
1.2.3
+
0e
abc
++1
1.2.3
++1
abc
--2
e10
e10
1e-
1ee2
1.2.3
--2
1e+
1e-
-
1e-
1e-
abc
-
1e+
-
.
1e-
0e
e10
+
+
+
1e
1.2.3
1e+
1e+
1ee2
1e-
++1
1e-
1e
e10
1ee2
-
-
1ee2
0e
0e
1.2.3
1e+
1e+
1e-
1e+
1e+
1e
+
0e
++1
000.e
.
.
1e+
++1
0e
1ee2
.
0e
--2
000.e
1.2.3
1e+
1ee2
-
++1
1.2.3
1e-
--2
000.e
1e
.
0e
1e-
++1
abc
0e
--2
+
000.e
1ee2
0e
++1
--2
1e-
1e-
1e
-
e10
1.2.3
1ee2
++1
.
.
1ee2
+
--2
1e+
+
1e-
--2
1.2.3
1e+
1e-
--2
.
e10
1.2.3
000.e
+
e10
1ee2
--2
1ee2
000.e
000.e
-
000.e
1.2.3
1e+
1e
0e
0e
.
abc
1.2.3
1.2.3
1e
++1
1.2.3
++1
0e
--2
1e
1e+
++1
1e-
e10
.
1.2.3
0e
+
.
++1
e10
abc
+
0e
1ee2
1e-
1e-
1e-
1.2.3
1ee2
--2
1e
1.2.3
e10
-
1e+
--2
-
1ee2
1e-
000.e
e10
1ee2
-
1ee2
1.2.3
1.2.3
1ee2
--2
-
1e
0e
e10
1.2.3
1.2.3
1e+
1ee2
0e
1e+
000.e
+
.
1e
1e+
0e
e10
-
+
1.2.3
1e+
1e
e10
e10
--2
1ee2
0e
1.2.3
1e
1ee2
++1
-
1ee2
1ee2
1e+
000.e
1.2.3
+
++1
1.2.3
-
1ee2
++1
1e
e10
1e+
000.e
1e+
1.2.3
000.e
1e
1ee2
0e
+
1e+
000.e
.
-
.
1e
1e-
+
000.e
1e+
e10
--2
-
--2
1e
0e
1e+
-
1.2.3
1.2.3
1e
--2
1e-
1e
.
.
-
1.2.3
1e-
.
--2
000.e
1e-
1e-
abc
--2
-
1.2.3
+
-
abc
abc
e10
++1
1ee2
000.e
.
e10
abc
-
--2
1e+
-
abc
abc
-
1e-
--2
-
+
1e-
--2
1e+
000.e
+
1ee2
--2
--2
1e-
-
1e+
.
1e-
+
1e-
0e
1e
0e
.
1e-
1.2.3
e10
000.e
1e
e10
e10
0e
1ee2
abc
e10
+
abc
e10
++1
1.2.3
1e+
1.2.3
.
+
+
.
e10
1e
0e
abc
1e-
++1
0e
0e
abc
1e+
0e
1e+
1ee2
1.2.3
++1
1e
1e-
000.e
++1
e10
--2
+
0e
--2
1ee2
--2
0e
++1
.
1ee2
+
-
000.e
--2
+
1.2.3
e10
.
-
e10
1e+
000.e
-
0e
1.2.3
--2
++1
--2
-
1e+
++1
1e-
1e+
1e-
+
--2
000.e
++1
++1
0e
.
.
1ee2
++1
1e-
e10
--2
1e
-
1e+
1.2.3
1e
1e+
000.e
abc
1e+
1ee2
+
1.2.3
+
abc
1.2.3
1e+
000.e
1ee2
-
1e
abc
.
+
.
1e
000.e
.
e10
000.e
+
0e
--2
1.2.3
.
1.2.3
0e
--2
000.e
0e
-
1e-
+
1.2.3
000.e
1e
000.e
000.e
1.2.3
1e
1e+
e10
abc
1e+
abc
.
--2
000.e
000.e
--2
000.e
000.e
+
0e
.
1e+
+
1e
.
+
e10
000.e
++1
1ee2
0e
1ee2
0e
1e-
abc
000.e
--2
1e-
abc
1e
+
000.e
-
1e-
1e+
0e
1e+
1.2.3
000.e
abc
1e
000.e
000.e
.
0e
.
1e+
-
++1
1e-
e10
++1
1.2.3
1ee2
1e-
1e+
1e+
000.e
0e
1e-
-
.
0e
-
1e-
1ee2
+
1ee2
1e-
0e
000.e
.
1e-
000.e
1e-
1ee2
1e-
1e+
1e+
0e
abc
abc
1e
e10
.
0e
+
+
0e
abc
1ee2
000.e
abc
000.e
--2
1e
e10
1e-
-
1e-
--2
1e+
+
1e+
0e
e10
e10
1e-
000.e
abc
1.2.3
1ee2
1ee2
+
--2
++1
.
-
1e+
.
-
.
1e-
.
++1
e10
0e
000.e
-
--2
.
++1
-
--2
.
--2
1ee2
0e
abc
1e-
0e
1e
--2
e10
.
abc
abc
0e
1e+
.
+
e10
abc
abc
1.2.3
0e
+
1e+
1.2.3
000.e
.
abc
1e+
1e
abc
1e
-
--2
1e+
e10
000.e
+
++1
+
--2
1e-
000.e
1.2.3
1.2.3
1e+
1e-
e10
1e+
1ee2
--2
e10
abc
1ee2
--2
e10
+
1e-
1e
abc
1e+
000.e
1e-
.
--2
abc
e10
0e
-
1.2.3
.
e10
000.e
e10
1e
++1
1ee2
.
1.2.3
1ee2
1e
1e+
1e+
abc
1ee2
++1
1e-
1e
1.2.3
1e+
1e+
abc
0e
abc
1e
.
++1
e10
1e-
000.e
e10
+
1ee2
1e-
0e
1e-
abc
1ee2
0e
1e
.
1e+
1e
abc
1ee2
1e-
+
++1
++1
1e
1e
-
-
1e+
0e
1e-
1e+
abc
-
1e+
1ee2
abc
e10
++1
--2
1ee2
++1
.
1e+
000.e
1e+
000.e
++1
1e+
abc
1ee2
e10
1.2.3
000.e
1e
1e-
1e-
1e+
++1
--2
.
1e+
1ee2
.
1e-
1e-
1e-
1.2.3
1e
-
1e
+
1e+
1.2.3
e10
1.2.3
+
1ee2
000.e
+
1e-
abc
-
-
1e-
000.e
1e-
+
1.2.3
0e
1e+
1.2.3
1e+
abc
0e
abc
0e
e10
--2
000.e
1e-
-
000.e
000.e
1e
1e+
.
-
1e+
1e+
1e+
++1
++1
1e
000.e
1.2.3
++1
+
.
e10
+
e10
.
1ee2
e10
++1
1.2.3
1e-
0e
-
+
.
1e-
-
000.e
abc
1.2.3
++1
.
++1
0e
1.2.3
1e-
1ee2
++1
1e
e10
+
000.e
1e
1ee2
--2
+
++1
1e-
.
1e+
0e
1e+
0e
abc
1e-
--2
000.e
++1
1.2.3
+
+
1ee2
+
++1
-
1.2.3
.
1e
++1
+
1.2.3
1e
0e
1e+
1e
++1
+
1e+
-
e10
000.e
e10
1ee2
1e-
++1
1.2.3
1ee2
1e-
abc
1e-
000.e
-
e10
1.2.3
++1
1e-
abc
000.e
.
.
.
.
1.2.3
-
0e
1e
--2
000.e
+
1e-
e10
abc
1e
++1
++1
++1
1e-
1ee2
.
1ee2
+
+
abc
1e
--2
0e
abc
-
++1
.
-
--2
.
000.e
abc
+
0e
0e
--2
1e
++1
1ee2
000.e
e10
1e+
.
++1
1e-
1e+
-
000.e
-
0e
0e
abc
1e+
1ee2
--2
+
+
-
000.e
abc
1e
000.e
--2
1ee2
1e
1ee2
1e+
1e+
1e-
++1
-
0e
.
+
1.2.3
++1
abc
1e-
1.2.3
.
abc
++1
1e+
1e
abc
1e-
abc
1e-
1ee2
000.e
1e+
1.2.3
1ee2
1.2.3
0e
1e+
--2
e10
--2
000.e
1e-
+
1e+
.
--2
1e+
--2
e10
+
1e-
1e-
-
+
1ee2
abc
-
1.2.3
-
e10
1e
+
--2
0e
1.2.3
1ee2
++1
0e
++1
++1
1ee2
000.e
1ee2
abc
1e
0e
abc
000.e
1e-
0e
-
1ee2
-
1ee2
000.e
+
--2
abc
1ee2
--2
-
.
+
1e
-
0e
1ee2
-
-
e10
+
1.2.3
000.e
1e
+
.
.
.
abc
-
1e
++1
++1
0e
++1
--2
.
000.e
000.e
++1
e10
-
1e+
-
1e-
1e+
1e
0e
-
-
1e+
0e
1e-
1ee2
1e+
.
e10
abc
1ee2
1e
+
1e+
+
+
e10
1e
.
+
0e
.
e10
0e
abc
--2
1e+
e10
1e
1e-
+
1e
--2
1.2.3
000.e
+
++1
1e-
000.e
.
000.e
abc
abc
abc
1ee2
1e
abc
+
++1
1e
.
++1
1.2.3
1e-
-
0e
1e-
.
++1
1.2.3
++1
1ee2
++1
000.e
1ee2
.
1e+
e10
1e
e10
++1
-
1e-
1e-
1.2.3
1.2.3
1ee2
.
++1
++1
++1
--2
e10
000.e
+
++1
1ee2
1e
000.e
1e
1ee2
000.e
e10
+
1e
++1
000.e
1e
abc
++1
1e
++1
+
1e
1e+
-
1e
1e+
.
0e
e10
1.2.3
.
000.e
1e
e10
000.e
++1
-
1e-
e10
--2
++1
1e+
1e+
1e-
+
1e-
1e-
--2
.
1ee2
1ee2
0e
0e
abc
++1
abc
--2
1ee2
0e
1e-
.
1e+
000.e
++1
++1
-
+
1e
++1
.
1.2.3
0e
+
++1
1ee2
1e
--2
0e
abc
1e
++1
000.e
-
1e
+
abc
abc
000.e
000.e
++1
-
.
-
000.e
0e
abc
++1
1ee2
1e-
++1
++1
000.e
-
-
1e-
.
abc
000.e
1.2.3
1.2.3
--2
e10
--2
.
-
++1
+
000.e
1.2.3
e10
1ee2
1e-
++1
abc
1e
1e+
1e+
1ee2
+
++1
0e
-
-
--2
1e-
++1
1e
abc
++1
1.2.3
e10
1ee2
-
-
++1
1e
000.e
abc
-
abc
1e+
000.e
.
.
000.e
.
e10
1e
.
1.2.3
-
1e-
1.2.3
+
.
1e+
.
0e
1ee2
.
1e+
1e
1e
1.2.3
1ee2
1ee2
++1
--2
--2
1ee2
1.2.3
+
abc
abc
.
abc
1e-
0e
0e
1.2.3
+
abc
+
e10
1e
1.2.3
-
000.e
-
.
e10
1.2.3
1ee2
-
abc
+
+
0e
0e
abc
1ee2
abc
-
000.e
+
++1
1e
1.2.3
1e
0e
--2
.
e10
.
.
1.2.3
--2
000.e
1e+
+
000.e
+
--2
-
1e+
000.e
1e
--2
e10
0e
1.2.3
1.2.3
1ee2
++1
-
--2
1.2.3
1e+
--2
-
1e-
abc
.
1e-
000.e
1ee2
000.e
000.e
e10
1e+
0e
1e
abc
1ee2
000.e
1e
1ee2
1e-
1ee2
1e+
+
1e-
abc
.
1e
++1
+
e10
abc
abc
1ee2
1e+
1ee2
1ee2
1e+
0e
e10
++1
--2
e10
1e+
1ee2
abc
+
++1
.
--2
1e+
1.2.3
000.e
-
000.e
1e
+
abc
abc
e10
0e
1.2.3
1e+
e10
-
000.e
1ee2
1e+
1ee2
+
.
1e-
1e
--2
e10
+
-
+
1e-
abc
000.e
e10
1ee2
.
++1
-
1.2.3
1e-
--2
1e+
1e-
abc
.
1e-
000.e
abc
000.e
1e+
--2
1e+
000.e
-
-
abc
++1
1ee2
++1
0e
1e
1e+
1.2.3
-
.
++1
++1
--2
0e
e10
+
--2
e10
e10
abc
1e+
--2
e10
++1
000.e
.
-
1.2.3
1e-
--2
-
++1
--2
++1
abc
-
++1
+
-
--2
-
++1
e10
1e+
e10
+
abc
abc
000.e
e10
1e-
-
1.2.3
-
++1
abc
1e+
e10
1.2.3
e10
++1
--2
1e+
++1
0e
e10
1.2.3
0e
e10
1.2.3
.
+
1e-
+
.
-
000.e
1e
0e
+
++1
1ee2
1e
-
0e
abc
1.2.3
-
e10
1ee2
--2
1e-
++1
1e
-
++1
1e
1ee2
1.2.3
+
1.2.3
e10
1e-
000.e
abc
1e
1ee2
0e
1.2.3
1e
1e+
1.2.3
++1
e10
--2
--2
000.e
--2
abc
000.e
--2
.
++1
1e-
1e
-
-
++1
--2
++1
++1
0e
000.e
e10
abc
1ee2
1.2.3
++1
000.e
0e
1ee2
e10
++1
000.e
+
+
1e-
.
.
+
1e
1e
+
.
++1
-
--2
+
1.2.3
1e+
1e-
1e
1.2.3
--2
e10
1e+
-
--2
000.e
.
--2
abc
--2
+
++1
000.e
1.2.3
++1
+
000.e
++1
--2
1e-
000.e
1e
abc
-
1ee2
++1
1ee2
1.2.3
-
000.e
+
e10
+
e10
1.2.3
abc
e10
e10
abc
.
1e-
+
1.2.3
1e+
abc
+
abc
1e+
1e
000.e
++1
+
.
1e
1e-
000.e
-
1.2.3
++1
--2
1e
e10
e10
1e+
-
1e-
+
.
1.2.3
--2
1.2.3
1ee2
e10
-
1.2.3
abc
abc
abc
+
-
abc
e10
+
1ee2
1e+
1e
0e
000.e
e10
--2
++1
.
1ee2
1e
1e-
000.e
1ee2
1e+
000.e
--2
1ee2
-
1e-
abc
--2
1e-
1e
.
1e
1e+
0e
1e-
--2
0e
-
+
000.e
1.2.3
--2
000.e
1e
0e
1e+
++1
+
1e+
1e-
1e+
1ee2
abc
e10
1.2.3
+
e10
000.e
e10
000.e
e10
000.e
1e
e10
1.2.3
000.e
1e+
1e
0e
1e
e10
1ee2
++1
--2
--2
0e
1e
--2
1.2.3
-
000.e
1.2.3
++1
1e-
1e
e10
-
--2
++1
1ee2
--2
1e+
e10
000.e
-
000.e
-
+
--2
+
1e-
-
.
++1
--2
0e
1ee2
abc
e10
+
+
1e+
-
abc
.
e10
.
1ee2
e10
0e
+
1e
000.e
1ee2
-
1e+
--2
1.2.3
-
+
1e+
.
++1
1.2.3
+
--2
abc
1ee2
++1
000.e
1e-
.
1.2.3
1e-
-
1e
-
e10
1ee2
-
000.e
0e
1e
++1
--2
+
1e+
1e-
.
1e-
1ee2
abc
e10
1e-
-
1.2.3
1e+
--2
++1
1.2.3
abc
0e
1e-
1e
1.2.3
e10
0e
+
e10
1e
1.2.3
000.e
1.2.3
++1
1ee2
.
1ee2
0e
e10
.
1.2.3
000.e
000.e
.
0e
abc
1e-
0e
0e
-
000.e
e10
1e
++1
.
+
1e
1e-
0e
000.e
1e
++1
000.e
-
0e
.
++1
++1
--2
1e
0e
abc
++1
++1
1.2.3
1e
+
1e
-
1e-
abc
.
000.e
e10
1e+
1ee2
1.2.3
0e
++1
-
e10
+
+
--2
1.2.3
++1
.
0e
+
+
-
+
1.2.3
000.e
++1
1e+
1e+
e10
e10
1e-
1e
1e+
0e
--2
abc
1ee2
-
0e
1e+
1e+
1e-
000.e
0e
abc
1e
1ee2
.
1ee2
000.e
-
.
000.e
.
0e
abc
+
1.2.3
++1
--2
-
1e-
1e+
000.e
1.2.3
1ee2
1e-
000.e
1.2.3
1e-
.
1e
1.2.3
1ee2
1.2.3
1e
abc
--2
-
1e+
e10
e10
1e+
+
-
+
1.2.3
000.e
000.e
e10
1ee2
++1
-
e10
+
e10
1e+
+
.
e10
1e
1e
e10
1e-
++1
1ee2
000.e
000.e
1ee2
--2
1e-
1e-
--2
-
1ee2
++1
1e+
1ee2
1.2.3
-
.
--2
1e+
abc
-
1e
-
+
+
1ee2
1e-
0e
000.e
--2
0e
0e
.
1ee2
1ee2
-
e10
-
-
++1
--2
1ee2
1ee2
1e-
1ee2
000.e
e10
.
1ee2
+
+
--2
0e
0e
.
+
1e
abc
000.e
1ee2
1ee2
000.e
1e
1e+
1e
.
e10
000.e
000.e
abc
1e-
e10
-
1e
1e+
+
++1
e10
--2
--2
e10
abc
.
1ee2
1ee2
+
--2
e10
+
++1
1ee2
.
--2
1e
e10
1e-
000.e
1e
.
1ee2
e10
+
++1
-
--2
.
1e
abc
1.2.3
0e
++1
++1
e10
1e+
1ee2
1e+
--2
1ee2
0e
1ee2
-
1e
000.e
--2
--2
--2
0e
abc
abc
1e+
1e-
++1
e10
++1
--2
1.2.3
000.e
1e
-
e10
--2
abc
abc
1e
0e
1e+
1e+
+
++1
--2
e10
1.2.3
++1
0e
.
.
1.2.3
1ee2
-
1e-
1.2.3
1e+
1e
0e
.
e10
-
--2
-
0e
0e
.
000.e
1e-
1.2.3
--2
000.e
--2
1.2.3
--2
000.e
abc
e10
0e
+
0e
1e-
000.e
--2
000.e
1e
1e+
1e+
++1
+
1e-
+
+
-
1e-
000.e
1.2.3
1ee2
1.2.3
1e+
1e-
.
-
1e
0e
000.e
1e+
.
.
000.e
1e+
+
000.e
1.2.3
1ee2
--2
-
1.2.3
0e
e10
+
-
++1
--2
e10
0e
1e
-
.
000.e
000.e
e10
0e
1e+
0e
1e+
++1
1ee2
-
1ee2
1e+
1e+
e10
0e
1.2.3
abc
abc
-
++1
--2
--2
1e
+
-
0e
+
.
1e+
abc
1e-
000.e
1e-
+
1.2.3
-
e10
1e+
--2
.
0e
0e
1e+
1e+
++1
1e+
-
+
1e-
+
++1
--2
.
1ee2
.
--2
+
1e
--2
000.e
--2
++1
+
1ee2
e10
--2
e10
1e-
0e
1ee2
--2
000.e
.
000.e
-
abc
1e-
1ee2
--2
.
1e
000.e
1ee2
1e
--2
1ee2
+
--2
.
0e
e10
-
000.e
-
000.e
e10
1e
-
1ee2
.
1ee2
++1
-
1e+
0e
abc
-
.
000.e
++1
e10
e10
abc
-
0e
0e
abc
--2
0e
0e
++1
1e-
1e
++1
--2
1e-
-
++1
+
abc
e10
-
000.e
1ee2
000.e
e10
1e
+
000.e
--2
1e-
1e-
000.e
1e
abc
1e+
e10
-
000.e
0e
.
1e-
1ee2
0e
1e-
++1
1e+
1ee2
1e+
e10
1e-
1e+
1e-
1e+
--2
abc
1e
1e-
0e
.
1.2.3
-
--2
1ee2
.
000.e
1e+
1e+
1e+
1e
e10
1e
.
abc
--2
1.2.3
1ee2
000.e
-
--2
000.e
--2
1ee2
000.e
0e
.
000.e
.
abc
--2
1ee2
abc
abc
1ee2
e10
--2
1e-
1e-
0e
000.e
1e-
000.e
e10
1.2.3
abc
000.e
1e+
.
++1
abc
1.2.3
1.2.3
.
1e
--2
1ee2
0e
0e
1e
--2
1.2.3
1ee2
e10
-
1ee2
1e+
0e
abc
++1
--2
1ee2
1.2.3
1e+
1.2.3
1ee2
+
--2
-
abc
1e
1e-
--2
-
0e
+
-
-
.
-
++1
1e
abc
e10
1e+
1.2.3
1e
-
++1
1ee2
0e
++1
-
1e-
1e-
+
1e-
1ee2
--2
1ee2
abc
.
+
0e
1e-
++1
000.e
1e+
1e
-
0e
.
+
--2
1.2.3
abc
1e-
abc
1e-
1ee2
1e
1e-
1e+
-
--2
+
1.2.3
e10
--2
1e
000.e
+
1ee2
+
-
1.2.3
+
-
e10
.
0e
-
1e+
1e-
1.2.3
++1
+
abc
-
1e
0e
+
0e
000.e
1.2.3
--2
e10
+
1ee2
.
.
000.e
1.2.3
1e-
1.2.3
e10
1ee2
--2
1e+
1e-
1e
e10
--2
-
-
+
+
--2
1e-
1e-
000.e
1e-
1e-
1e-
--2
--2
1ee2
1e
++1
1e-
.
++1
+
1e-
1ee2
0e
.
1e-
--2
1ee2
-
e10
.
000.e
abc
1.2.3
1.2.3
++1
-
1.2.3
--2
000.e
1e
000.e
1e+
e10
1.2.3
1ee2
1.2.3
--2
.
1e+
1ee2
++1
e10
000.e
1e
.
--2
abc
0e
000.e
1ee2
abc
000.e
--2
0e
1e+
0e
--2
1e
0e
000.e
000.e
1e-
+
--2
-
-
1e
1ee2
++1
++1
000.e
++1
+
++1
0e
--2
-
.
.
--2
+
000.e
0e
.
--2
000.e
.
1.2.3
1ee2
abc
1e+
-
e10
1ee2
.
e10
++1
abc
++1
++1
1e+
000.e
000.e
0e
1e+
--2
-
e10
1.2.3
abc
e10
+
++1
+
1ee2
++1
e10
1e-
e10
1e+
.
0e
0e
--2
++1
--2
1e-
++1
+
.
++1
-
0e
e10
1e+
1e-
e10
1.2.3
e10
+
-
1e+
0e
--2
1e-
000.e
0e
1e+
0e
000.e
1ee2
-
abc
--2
--2
1e+
000.e
1e+
e10
1e+
e10
1e+
-
++1
1ee2
1e-
000.e
1ee2
0e
0e
-
1e+
1.2.3
1e+
++1
--2
1e+
.
000.e
--2
-
000.e
--2
++1
abc
1e
1ee2
1ee2
1e
-
e10
++1
000.e
.
e10
-
-
--2
++1
1.2.3
0e
1.2.3
1e-
1.2.3
1.2.3
1.2.3
000.e
1e+
1e
abc
1ee2
1ee2
++1
1e
1e+
--2
.
abc
.
-
++1
+
1.2.3
1e-
1e-
1e-
++1
--2
e10
++1
abc
.
1ee2
1e-
--2
1e
1e-
+
e10
abc
-
-
++1
abc
000.e
1e+
0e
1ee2
abc
.
1e-
e10
1ee2
1e+
000.e
e10
000.e
++1
abc
1e-
.
0e
0e
000.e
1e
++1
1e-
-
000.e
+
e10
1e
++1
-
0e
0e
+
abc
1e-
+
.
--2
-
.
++1
1.2.3
000.e
1ee2
abc
-
e10
1.2.3
abc
0e
0e
++1
1e
-
0e
++1
1e
-
.
++1
1.2.3
1e-
+
--2
+
000.e
1.2.3
++1
-
-
-
0e
abc
abc
1e-
1e-
1.2.3
e10
0e
++1
1e+
1e
1ee2
1e
.
.
e10
1e-
.
++1
1ee2
e10
++1
-
.
1e+
1e+
.
.
000.e
000.e
++1
1e+
++1
abc
abc
000.e
1e
abc
1e-
1e+
.
1e-
1e
e10
abc
1ee2
1ee2
1.2.3
1.2.3
--2
1e+
+
1e+
abc
+
1e
+
++1
1e
++1
1e+
abc
e10
1e
1e-
1e+
++1
1e+
1e
++1
++1
++1
1ee2
1ee2
1e
-
++1
-
0e
-
--2
1.2.3
000.e
++1
0e
1.2.3
+
1e+
+
1.2.3
1e
e10
000.e
e10
e10
e10
--2
++1
abc
e10
1ee2
e10
000.e
1e-
-
++1
1e-
+
--2
0e
e10
000.e
1.2.3
e10
1.2.3
abc
e10
e10
-
--2
1.2.3
0e
1e+
-
1e-
0e
e10
1e-
1e+
--2
000.e
000.e
1e
+
-
1.2.3
.
+
0e
000.e
++1
e10
0e
--2
0e
++1
e10
abc
1e-
e10
.
++1
--2
e10
+
1e-
1e-
1e
0e
+
-
-
++1
1e-
1e
++1
0e
0e
1e-
+
.
.
.
++1
1.2.3
000.e
000.e
1e
+
.
e10
0e
e10
1e+
1.2.3
.
++1
1e+
1e+
000.e
+
abc
1e-
+
++1
1ee2
.
-
.
1e+
1e
1e-
1e+
1ee2
-
abc
e10
++1
e10
1e+
1.2.3
0e
1.2.3
1e+
--2
--2
1e-
--2
1e+
-
+
1.2.3
0e
1.2.3
.
1e+
1.2.3
-
+
1e-
--2
.
0e
+
0e
-
-
++1
1e-
++1
abc
1.2.3
-
-
.
.
-
1.2.3
1ee2
abc
1e
e10
--2
.
000.e
+
+
1e
--2
0e
abc
1.2.3
.
e10
000.e
.
1ee2
1e-
abc
--2
1.2.3
-
1.2.3
1.2.3
1ee2
000.e
++1
1.2.3
e10
1e
+
1.2.3
.
1e
--2
-
1e+
1e-
e10
1e-
0e
--2
000.e
--2
1ee2
++1
++1
1ee2
abc
++1
-
1e
1e-
++1
1e+
000.e
1.2.3
.
1ee2
abc
1ee2
++1
.
--2
--2
1.2.3
--2
++1
e10
000.e
000.e
1.2.3
0e
1ee2
--2
.
abc
.
1.2.3
1ee2
1ee2
e10
0e
-
.
e10
+
++1
e10
.
1e-
-
--2
0e
+
1e-
1.2.3
000.e
abc
1e-
1e
+
abc
1ee2
abc
e10
000.e
0e
0e
1.2.3
+
1e
--2
000.e
000.e
1ee2
.
0e
1e+
1ee2
+
--2
-
1e-
1e-
0e
.
++1
++1
abc
1e+
1ee2
e10
0e
.
--2
1e-
0e
abc
1e+
++1
++1
++1
--2
++1
1e-
e10
--2
1e-
-
++1
++1
.
.
1e-
++1
.
000.e
-
1e
1.2.3
1ee2
1e+
-
e10
000.e
abc
--2
1ee2
++1
1e+
000.e
0e
1e
000.e
+
-
1e
1e
000.e
1ee2
--2
e10
+
0e
e10
000.e
1.2.3
e10
++1
++1
1ee2
abc
1ee2
+
+
--2
1e
0e
1ee2
1.2.3
.
0e
.
000.e
.
++1
000.e
1ee2
1.2.3
abc
.
.
abc
1e+
1ee2
1ee2
--2
0e
1e
1e
0e
abc
0e
.
abc
1e+
.
1ee2
000.e
--2
+
e10
--2
+
--2
-
+
+
1ee2
0e
1ee2
1e
-
1ee2
1e+
abc
1.2.3
0e
++1
1e
1e+
--2
--2
1ee2
1e+
+
000.e
1.2.3
-
-
1ee2
.
e10
+
++1
1.2.3
1.2.3
abc
.
+
e10
.
--2
+
1e-
1.2.3
.
1e-
--2
1.2.3
1e-
1e
e10
abc
abc
1.2.3
abc
e10
abc
+
-
+
1e-
1.2.3
++1
1e+
1e
1.2.3
++1
-
1.2.3
-
000.e
abc
1e+
abc
--2
.
0e
1.2.3
-
++1
-
000.e
++1
000.e
1e
1.2.3
0e
1.2.3
++1
1e+
1e+
e10
1e
1.2.3
--2
abc
1e
000.e
1ee2
+
++1
e10
.
+
--2
--2
1ee2
1.2.3
+
--2
1.2.3
1e+
+
-
1e
--2
.
++1
0e
1.2.3
++1
--2
e10
--2
e10
+
-
1e
e10
0e
000.e
1ee2
1e-
1e+
1.2.3
++1
e10
-
1.2.3
1e+
1.2.3
-
000.e
000.e
000.e
-
.
++1
1e-
++1
abc
--2
e10
1e
e10
1e
1.2.3
0e
1e
++1
000.e
abc
1e+
-
1e-
abc
-
.
abc
e10
000.e
1.2.3
1e+
1ee2
.
+
++1
e10
0e
000.e
--2
1e
000.e
1e
-
0e
0e
e10
1e-
++1
e10
1e
abc
-
e10
1ee2
+
0e
1e
++1
++1
1.2.3
1.2.3
000.e
0e
000.e
e10
1e
+
0e
++1
1e-
e10
abc
++1
+
-
1ee2
-
e10
1.2.3
0e
+
++1
1e
++1
.
abc
1.2.3
1e+
-
1e
1ee2
000.e
1.2.3
--2
1e
0e
1ee2
abc
.
1e-
-
--2
0e
e10
1ee2
1e+
.
0e
1e
1ee2
1e
0e
1e-
abc
abc
.
++1
1e+
1e+
1ee2
1e-
--2
-
0e
1e+
1e+
+
1e-
abc
e10
1.2.3
1ee2
+
e10
0e
-
e10
abc
1e-
0e
abc
e10
abc
1e+
1e
-
-
1ee2
.
1e
1ee2
e10
-
1e+
.
++1
-
++1
1e-
1.2.3
.
1ee2
-
1e-
++1
000.e
-
1ee2
1.2.3
--2
+
++1
1e+
1e
--2
++1
1ee2
--2
-
000.e
-
++1
.
abc
.
1e-
.
.
abc
e10
--2
++1
--2
+
--2
1e
+
1.2.3
+
000.e
1.2.3
1.2.3
1ee2
1e+
1e-
.
1e-
--2
1e+
e10
000.e
-
000.e
e10
1e-
e10
1e-
1ee2
000.e
.
1e+
++1
1.2.3
000.e
--2
e10
.
1.2.3
e10
+
0e
+
000.e
1.2.3
0e
1e+
++1
-
1.2.3
1e-
1e+
000.e
--2
1e-
.
++1
+
+
1ee2
.
-
1e-
++1
-
++1
1e
1e+
.
--2
1e-
+
000.e
++1
1e+
-
.
1ee2
--2
1e+
1e-
1.2.3
abc
abc
1e+
--2
--2
1.2.3
e10
000.e
.
-
--2
1e
--2
1e
1.2.3
1e+
1e-
abc
1e-
0e
+
1e+
1ee2
+
1e
--2
1e
1e+
.
0e
1e-
1e
1e-
.
++1
1e+
--2
abc
abc
1e+
--2
1ee2
+
1ee2
1e-
--2
1e-
e10
000.e
1e+
abc
++1
-
abc
++1
+
abc
+
1e-
-
000.e
1e
0e
1.2.3
1e-
e10
e10
1e
abc
1e-
.
abc
++1
abc
+
.
+
+
++1
-
++1
1e-
1ee2
000.e
+
1.2.3
+
1e
abc
1ee2
abc
1e
.
abc
000.e
++1
--2
++1
.
+
e10
1e-
1e-
+
1ee2
1.2.3
+
000.e
e10
000.e
--2
++1
++1
0e
-
.
0e
-
.
1ee2
.
.
1e+
1.2.3
1e
1e+
1e+
1e+
-
++1
1e+
+
--2
1e-
.
.
++1
--2
0e
--2
000.e
++1
e10
1e-
e10
++1
++1
000.e
0e
1ee2
abc
1e+
.
--2
1e
--2
1ee2
.
1e-
000.e
1e-
-
1e
.
-
++1
000.e
1e+
0e
--2
1e+
1ee2
1e-
1.2.3
0e
1ee2
1ee2
1e
1e+
1e-
abc
-
abc
-
000.e
1e
0e
1.2.3
1ee2
1e
abc
--2
++1
-
000.e
0e
--2
--2
+
1e-
--2
abc
-
--2
.
000.e
000.e
e10
1.2.3
1e-
++1
000.e
1ee2
-
++1
1ee2
.
abc
000.e
.
1e-
0e
1e+
1.2.3
++1
++1
.
1e+
1e-
1e+
1.2.3
-
1ee2
+
0e
1ee2
1e
1e
-
1ee2
+
1ee2
e10
e10
+
abc
1ee2
1.2.3
0e
.
.
1.2.3
1e
abc
1e
-
-
+
e10
+
0e
1ee2
+
1.2.3
-
.
0e
1e
1e+
1e+
1e+
1.2.3
.
e10
1e-
1e+
0e
abc
1ee2
000.e
1e+
1e-
++1
1ee2
-
1ee2
1ee2
1e-
++1
.
1ee2
1.2.3
0e
abc
+
1e+
+
abc
.
1.2.3
-
--2
1ee2
1e
++1
e10
+
1ee2
+
--2
000.e
-
e10
e10
.
1.2.3
-
1e
0e
1e+
000.e
1e+
-
-
-
0e
1e-
1e-
+
--2
1e+
000.e
1e
1.2.3
0e
-
+
+
abc
++1
--2
+
1e
++1
--2
000.e
000.e
++1
abc
--2
1e-
1e
--2
+
1e-
.
abc
-
abc
++1
--2
1ee2
.
-
e10
e10
--2
abc
++1
1e
abc
e10
+
--2
-
-
-
1e-
abc
1e+
1e
.
0e
1e
-
e10
++1
-
1e-
++1
1e
000.e
1e-
+
1e+
-
-
+
000.e
1e+
e10
0e
000.e
++1
1e+
000.e
1.2.3
0e
--2
000.e
1e-
1.2.3
000.e
abc
.
1e
.
1e
1e
1ee2
++1
1ee2
1e+
1e
abc
+
000.e
000.e
.
1e
abc
000.e
1e
000.e
--2
e10
-
e10
++1
1e+
+
--2
abc
abc
.
.
1e+
.
1.2.3
1ee2
1.2.3
abc
1e+
++1
++1
1e+
1ee2
0e
.
1e-
1ee2
1e+
000.e
e10
1.2.3
++1
1e-
1e+
++1
.
--2
1ee2
1e+
--2
e10
0e
000.e
e10
.
++1
1ee2
abc
+
abc
-
--2
1ee2
e10
0e
1.2.3
0e
1ee2
1e-
abc
e10
--2
1e
000.e
1.2.3
abc
1ee2
000.e
-
000.e
--2
1e+
++1
1e+
e10
1ee2
1ee2
1ee2
1e+
++1
1.2.3
e10
1e-
++1
.
000.e
1e+
1ee2
-
--2
1ee2
1e-
1.2.3
1e
000.e
e10
.
0e
+
000.e
abc
1ee2
1e-
1e+
--2
-
e10
0e
abc
.
1e
1ee2
1e
0e
1.2.3
0e
-
1e
1e-
1e-
1.2.3
000.e
1e-
1e+
1e-
.
1e-
.
++1
-
1e+
000.e
000.e
000.e
--2
.
-
e10
+
.
++1
1e+
abc
1e-
1e+
1e+
1ee2
e10
.
abc
0e
1.2.3
1ee2
000.e
1e+
.
-
1.2.3
0e
1e+
1e
1e
1e-
.
1e-
e10
abc
-
-
0e
000.e
1.2.3
-
abc
++1
++1
-
0e
e10
1ee2
--2
1e-
1e
+
1ee2
++1
0e
++1
1e-
-
1ee2
1e-
e10
abc
1e
000.e
1e-
0e
0e
-
+
abc
1ee2
000.e
1.2.3
++1
.
+
000.e
++1
+
1e-
--2
++1
1.2.3
++1
1.2.3
0e
1.2.3
000.e
.
e10
abc
--2
1e-
000.e
1e-
1e+
1e
000.e
.
1ee2
1ee2
abc
1.2.3
--2
1ee2
1.2.3
1ee2
abc
1.2.3
abc
1e-
1e+
++1
--2
000.e
1e+
1e
1.2.3
1.2.3
1e
1.2.3
1e+
+
1.2.3
abc
abc
abc
1e+
-
1.2.3
+
e10
1e+
--2
1ee2
abc
1e-
++1
1ee2
--2
1e-
.
1e+
e10
-
0e
1e-
1e-
1ee2
e10
--2
abc
+
-
abc
1e-
abc
-
.
--2
1e+
-
abc
abc
1ee2
1e
0e
++1
1.2.3
1.2.3
.
+
e10
1ee2
1e
.
1ee2
1e-
1ee2
1.2.3
1e+
1e-
1e
abc
-
1ee2
1.2.3
1.2.3
1e
1e-
0e
1ee2
1ee2
1.2.3
000.e
.
abc
.
000.e
0e
abc
1e
+
1e-
1e-
1e-
1e-
e10
000.e
1.2.3
000.e
0e
e10
.
1ee2
1ee2
000.e
1.2.3
1e-
-
000.e
1e
000.e
1e-
000.e
1e-
e10
1e-
1e-
--2
e10
--2
1ee2
1.2.3
000.e
1e+
+
+
+
++1
++1
1e+
0e
-
++1
1e-
e10
++1
1e
--2
1e-
0e
abc
++1
1e+
++1
++1
++1
.
1.2.3
1e+
0e
0e
abc
++1
--2
1.2.3
-
0e
e10
abc
+
.
.
-
1e-
-
+
1ee2
000.e
e10
.
.
1ee2
abc
1e
0e
0e
+
-
.
1.2.3
e10
--2
--2
+
0e
abc
1.2.3
--2
1e-
000.e
e10
1ee2
1e-
0e
1.2.3
1.2.3
e10
-
.
e10
000.e
1e+
.
1e
1ee2
abc
-
1ee2
1e+
0e
000.e
.
-
1.2.3
1.2.3
1e+
--2
0e
e10
-
1e
1e+
+
1.2.3
-
abc
000.e
e10
1e+
1ee2
++1
--2
000.e
1.2.3
++1
1e+
++1
1e-
-
1e+
1e
.
1e-
1e+
--2
0e
1ee2
000.e
1e
abc
1.2.3
++1
+
1ee2
000.e
-
000.e
-
--2
1e-
-
1e+
1e
+
1e
1.2.3
1ee2
1e
--2
0e
1e+
++1
++1
++1
++1
1e
abc
1e+
000.e
-
1e
1.2.3
--2
1ee2
1e
1.2.3
1e+
1e
--2
abc
1e
000.e
000.e
1e-
1e
000.e
1e+
abc
1e+
1e+
1e
0e
1e-
.
--2
e10
.
abc
1e-
.
000.e
1e-
000.e
-
0e
1e
1ee2
000.e
1ee2
1e-
e10
1e+
1e-
000.e
000.e
-
1ee2
1e+
e10
1ee2
++1
-
e10
1e+
1e
+
1ee2
e10
000.e
e10
-
++1
+
000.e
1e
--2
1.2.3
+
1.2.3
++1
000.e
1.2.3
1e
-
abc
1e-
.
-
+
e10
000.e
1e
++1
.
--2
+
1ee2
abc
000.e
--2
--2
abc
1.2.3
1.2.3
e10
--2
.
1.2.3
1e
1e+
e10
.
1e
--2
e10
1.2.3
1e
e10
1.2.3
.
abc
--2
1e
.
.
.
--2
1e-
-
e10
1ee2
1ee2
1.2.3
1e
000.e
e10
1.2.3
1e-
1e+
+
1e
--2
e10
1e-
e10
1e-
1e+
0e
1ee2
.
1ee2
e10
++1
-
1e
-
+
+
000.e
--2
++1
1.2.3
++1
1e+
1.2.3
-
++1
--2
0e
+
1ee2
+
1e-
++1
--2
0e
0e
1ee2
++1
abc
1e-
1e-
1e+
.
+
1e
abc
1e-
1.2.3
-
abc
1.2.3
++1
-
+
--2
+
.
--2
1.2.3
1e-
-
1e-
abc
1e+
000.e
1ee2
--2
-
1e-
abc
--2
++1
.
1e
-
abc
-
1.2.3
e10
.
0e
1.2.3
1.2.3
0e
++1
e10
e10
-
1.2.3
1e-
1.2.3
e10
1ee2
++1
+
1.2.3
-
1e
--2
++1
++1
1e-
.
1e+
0e
1e-
1.2.3
abc
1e-
-
1e+
000.e
++1
1ee2
+
1e-
e10
+
-
1.2.3
1e
abc
1e
1ee2
1e+
abc
1e-
000.e
1.2.3
000.e
1e-
abc
e10
-
++1
1e
1e+
0e
0e
1e-
1e
abc
-
abc
.
e10
1ee2
--2
1e
--2
1e
+
-
.
1ee2
1ee2
000.e
1e+
-
1e+
1e
-
+
++1
1e-
000.e
e10
.
-
--2
1ee2
1e
e10
1e
.
1e-
1e+
000.e
++1
+
000.e
1e-
1e+
--2
--2
1.2.3
-
1ee2
+
-
1.2.3
0e
1ee2
abc
0e
1e-
-
.
1.2.3
--2
1ee2
+
abc
abc
1e+
1e
++1
-
++1
.
1e
-
++1
-
1.2.3
+
abc
1ee2
1.2.3
1e
-
1ee2
.
1e+
1ee2
1.2.3
1e+
.
1ee2
0e
--2
1ee2
++1
--2
.
+
e10
0e
abc
-
1ee2
1e-
0e
1e
000.e
e10
1e-
000.e
abc
1e-
.
--2
0e
--2
e10
1ee2
1e+
+
+
1.2.3
--2
+
e10
--2
abc
-
e10
+
--2
.
1e-
1.2.3
.
1e-
0e
.
e10
--2
-
1e-
--2
1ee2
++1
1e
-
1e-
1e-
+
e10
--2
-
1e+
++1
000.e
1e+
abc
--2
abc
--2
--2
+
1.2.3
.
1e+
abc
++1
-
+
abc
++1
1e-
000.e
-
1.2.3
-
1.2.3
e10
.
e10
-
+
+
000.e
-
abc
1e-
.
--2
1e
+
-
e10
+
0e
0e
+
1e-
.
-
000.e
+
--2
+
abc
000.e
1e
++1
-
1e+
-
1.2.3
++1
--2
-
abc
+
++1
1.2.3
1e+
1e
.
--2
000.e
+
1e+
abc
1e+
++1
1ee2
.
.
++1
1e-
000.e
abc
1e+
1ee2
.
+
1.2.3
-
1e-
abc
1e-
++1
e10
0e
++1
000.e
--2
--2
++1
+
1ee2
+
abc
1e
1e
1e
000.e
abc
--2
+
.
0e
1e+
abc
.
1.2.3
0e
--2
000.e
1.2.3
1e-
1.2.3
1ee2
--2
0e
1e-
1e-
1e-
0e
1ee2
1e+
1.2.3
0e
000.e
e10
+
+
+
1e-
e10
e10
e10
000.e
abc
--2
1ee2
++1
--2
1e
abc
000.e
1.2.3
--2
abc
-
1e
0e
0e
e10
--2
abc
+
1ee2
1ee2
+
abc
000.e
1e+
1e-
1ee2
1e-
1e+
e10
e10
1e-
+
++1
.
++1
1e
.
000.e
e10
1e-
1e-
0e
0e
1e+
1e-
.
000.e
1ee2
+
1ee2
+
+
1e+
1e+
1.2.3
++1
1ee2
0e
abc
1e
abc
0e
+
1.2.3
0e
000.e
abc
--2
++1
++1
1e+
0e
1e+
000.e
abc
e10
++1
e10
-
+
++1
e10
1e-
000.e
abc
1e-
--2
.
.
1e
.
e10
1e
e10
-
0e
--2
1e
000.e
1e
abc
1e
1e
--2
+
1e
.
1e
++1
1e-
1ee2
1e-
e10
1.2.3
-
1e-
0e
+
.
--2
+
1e+
000.e
1ee2
e10
1e-
.
1e
1.2.3
-
000.e
0e
abc
000.e
0e
1.2.3
1.2.3
e10
abc
abc
1.2.3
abc
000.e
1ee2
000.e
abc
e10
000.e
1e+
000.e
1ee2
000.e
1e-
1ee2
0e
1e+
++1
+
++1
+
-
0e
++1
--2
1.2.3
e10
++1
1e
000.e
0e
--2
abc
++1
1e+
1e
e10
+
1e+
1.2.3
++1
-
abc
1e+
.
.
abc
-
abc
1e
--2
+
-
1ee2
+
0e
1ee2
1e
++1
000.e
1.2.3
++1
1e-
+
1.2.3
++1
abc
abc
1e-
0e
++1
1e+
.
1e-
000.e
000.e
1e
1e+
1ee2
.
1ee2
0e
--2
.
1e+
++1
1e-
1e-
e10
000.e
.
1.2.3
-
1e+
1.2.3
1e
abc
-
1.2.3
-
.
1e-
1ee2
1ee2
1ee2
1e-
000.e
1.2.3
abc
++1
e10
++1
1e
1.2.3
abc
e10
-
+
+
1e-
e10
+
+
++1
1e-
.
1e
1e-
1e+
0e
1e
1.2.3
.
1.2.3
000.e
e10
++1
1e
1e-
1.2.3
1.2.3
e10
1.2.3
++1
1e+
1ee2
000.e
--2
--2
+
0e
1.2.3
abc
--2
1e+
abc
+
000.e
e10
abc
+
-
-
1.2.3
1.2.3
0e
+
0e
abc
+
--2
000.e
1e-
1ee2
1e+
1ee2
-
1e
abc
1e+
1ee2
.
--2
-
--2
-
1e
--2
1e
--2
1e+
1ee2
-
++1
e10
1ee2
.
1e+
1e-
+
.
1e
.
1e-
1e
e10
1ee2
1e-
000.e
--2
++1
0e
1e+
1e
1e-
1ee2
.
1ee2
--2
+
1e
000.e
000.e
0e
1e-
1e-
--2
1e
1e
abc
1e+
++1
.
1e+
+
+
1e
000.e
--2
1e+
1.2.3
e10
0e
abc
000.e
e10
1.2.3
1.2.3
.
1e
1e+
000.e
abc
e10
1e
000.e
+
000.e
--2
abc
e10
1.2.3
++1
1e+
1.2.3
1.2.3
1e
0e
+
e10
0e
e10
1e
1e
.
--2
--2
+
1.2.3
1ee2
000.e
abc
1.2.3
1ee2
+
1ee2
1e
e10
.
1.2.3
1.2.3
-
000.e
-
e10
1e-
1ee2
1ee2
1ee2
e10
++1
1ee2
+
--2
-
abc
1.2.3
++1
1.2.3
.
+
1e+
000.e
--2
1ee2
++1
--2
1e
++1
1.2.3
1.2.3
abc
e10
.
++1
-
abc
+
-
.
abc
1.2.3
1e-
e10
+
e10
0e
abc
0e
+
++1
1e
+
1e+
000.e
1e+
abc
+
-
1e-
000.e
1e-
000.e
0e
++1
1e+
1e-
0e
1e
1e
abc
--2
1.2.3
1e+
--2
1e+
.
++1
--2
1ee2
1.2.3
1.2.3
1e
++1
abc
e10
0e
1e+
000.e
1e-
.
abc
--2
1e+
1e
1ee2
1e+
000.e
1e
--2
1e
++1
1e
--2
abc
000.e
0e
.
1ee2
1e-
1ee2
.
+
1e+
--2
e10
0e
0e
++1
1e
0e
1e+
--2
abc
abc
++1
.
1ee2
-
1e
--2
-
0e
e10
000.e
e10
1e-
.
abc
e10
1ee2
000.e
1e+
1e-
0e
0e
1e-
--2
0e
1.2.3
1ee2
1e+
000.e
.
.
1e+
abc
000.e
1e-
1e
000.e
+
--2
abc
0e
1ee2
--2
1e
+
0e
--2
1.2.3
0e
--2
1e
1ee2
1.2.3
1ee2
000.e
++1
.
1e+
--2
1e
.
--2
--2
e10
1.2.3
1e
1.2.3
1.2.3
1ee2
1ee2
1.2.3
++1
abc
000.e
000.e
1ee2
0e
1e
000.e
1ee2
.
abc
-
1ee2
abc
1.2.3
1e
1e-
-
e10
1e-
++1
--2
e10
e10
0e
--2
++1
1ee2
+
0e
0e
abc
.
e10
0e
++1
.
++1
0e
--2
abc
e10
1e
1.2.3
+
-
0e
1e
++1
e10
abc
1e
000.e
+
1e
000.e
1e+
-
--2
000.e
e10
1e-
1ee2
abc
1.2.3
+
1ee2
1ee2
abc
abc
1.2.3
1e+
++1
000.e
1e-
1e+
.
-
++1
.
+
--2
1e-
abc
1e+
abc
1.2.3
++1
--2
1ee2
0e
1e
--2
+
1ee2
--2
++1
++1
1.2.3
1e+
++1
-
++1
.
++1
0e
1e-
.
1e
++1
1e-
--2
++1
-
abc
++1
0e
.
e10
--2
1ee2
--2
++1
--2
e10
--2
1e
000.e
1ee2
++1
0e
1e
-
--2
abc
+
e10
e10
abc
e10
1.2.3
000.e
1.2.3
--2
1ee2
-
0e
000.e
1e-
.
1e+
1e-
abc
--2
1e-
0e
++1
+
abc
1ee2
000.e
1e
1e
1e
e10
-
1e
.
-
1e
abc
1e+
.
++1
000.e
--2
1ee2
-
000.e
e10
000.e
--2
e10
1e+
1e
000.e
.
++1
1.2.3
+
1e+
abc
1e+
+
--2
abc
0e
-
1.2.3
1ee2
1e+
++1
000.e
1.2.3
1e+
e10
-
0e
1ee2
abc
e10
e10
-
1e+
1e+
1e-
.
+
abc
++1
.
+
++1
000.e
0e
+
-
-
0e
e10
1e-
abc
++1
1ee2
1e+
1e+
--2
1e-
0e
--2
-
1e
.
1e+
1.2.3
-
+
1ee2
1ee2
--2
1ee2
.
.
1e-
000.e
0e
1e
000.e
1e+
--2
e10
0e
1e+
e10
-
1e-
1.2.3
--2
1e
abc
++1
+
.
1e+
e10
+
1.2.3
.
000.e
1e+
0e
.
1e+
e10
abc
1e
0e
abc
1e
1e
1ee2
.
1e-
1e
-
000.e
1e
1e-
e10
abc
1e-
1e-
e10
abc
1e
e10
1ee2
abc
.
+
.
1.2.3
e10
++1
.
1e
1.2.3
1.2.3
1.2.3
--2
1e-
e10
e10
000.e
.
000.e
+
-
-
.
+
1e+
.
000.e
000.e
+
1.2.3
++1
000.e
++1
abc
+
-
1e+
1.2.3
0e
++1
0e
++1
1e+
1ee2
0e
000.e
+
1e-
abc
1e
e10
1e+
.
0e
-
1e-
.
-
1.2.3
--2
1e-
++1
abc
-
-
--2
1e-
--2
++1
000.e
e10
--2
--2
++1
+
1e-
1e
-
1e+
abc
e10
--2
1e
abc
1.2.3
1e+
1ee2
000.e
.
e10
--2
1.2.3
--2
-
000.e
-
+
--2
1ee2
+
1e
-
abc
1.2.3
1ee2
1e+
-
--2
abc
.
e10
0e
1e
++1
abc
abc
e10
++1
1.2.3
1e-
++1
1e-
+
--2
--2
e10
1e
++1
.
1ee2
abc
1.2.3
1.2.3
1e+
abc
.
.
+
000.e
1ee2
++1
abc
abc
--2
-
1e
1.2.3
-
1ee2
e10
+
1ee2
.
.
1.2.3
++1
e10
000.e
1ee2
000.e
--2
e10
.
0e
1e-
1ee2
1.2.3
1e+
-
-
-
1e+
.
--2
1e+
1e+
1ee2
1e+
1.2.3
++1
1e+
++1
1e+
0e
--2
1.2.3
+
.
000.e
1e
--2
abc
1e+
1e-
-
0e
1e-
1.2.3
+
++1
1.2.3
0e
1e
1ee2
.
1e+
1e+
1e
0e
0e
+
e10
++1
--2
+
++1
1.2.3
0e
1e-
.
.
abc
000.e
1e-
++1
-
1.2.3
-
--2
++1
.
1e+
1e+
1ee2
0e
.
abc
+
+
1e+
1e-
--2
--2
0e
+
1e
--2
--2
1e
1ee2
1e-
1e
++1
--2
1.2.3
1e
000.e
0e
++1
0e
--2
1e-
1e
++1
-
e10
e10
abc
1.2.3
1e
abc
.
1e+
+
0e
0e
1.2.3
1ee2
++1
000.e
1e+
1ee2
--2
1e
-
000.e
abc
-
--2
000.e
--2
0e
++1
--2
e10
abc
0e
1e-
1e
abc
++1
+
1e
.
000.e
1e+
abc
abc
1e+
1e
.
1e+
0e
++1
1e+
1.2.3
1e-
1.2.3
1ee2
e10
++1
e10
abc
.
abc
abc
e10
-
abc
.
+
--2
000.e
000.e
++1
++1
+
-
1e+
1.2.3
1e-
1e
.
1e+
e10
1e-
1e-
0e
0e
-
0e
1e-
abc
1e-
-
-
++1
++1
1e+
0e
1e
.
+
--2
abc
1e-
1ee2
e10
+
1ee2
.
++1
+
.
000.e
+
000.e
000.e
++1
1ee2
.
1e+
1.2.3
1e
-
1ee2
1e+
1e+
-
1.2.3
.
1e-
.
1.2.3
000.e
000.e
1e
abc
e10
.
0e
+
-
-
0e
e10
000.e
1e-
000.e
++1
--2
1.2.3
.
++1
1.2.3
.
000.e
e10
--2
--2
++1
abc
abc
.
0e
1e-
1.2.3
0e
-
1e-
.
1e
e10
0e
1ee2
1e+
--2
1e-
-
1ee2
+
1e
+
1e-
1e+
1e-
1e
++1
.
e10
1e-
+
000.e
1ee2
1e
0e
0e
--2
1e+
abc
1e-
1e-
abc
0e
1e-
--2
1ee2
1e
1.2.3
000.e
abc
e10
0e
000.e
.
1e+
--2
1e
1e+
1e+
+
e10
+
0e
1.2.3
--2
.
1ee2
0e
e10
++1
++1
-
1e
1e+
e10
1e
++1
1e
abc
e10
.
abc
e10
1.2.3
.
1e-
abc
1e+
-
++1
000.e
-
++1
0e
++1
0e
1e
1e+
1ee2
0e
1ee2
1ee2
1.2.3
-
++1
++1
1e-
-
abc
1e+
++1
++1
+
1ee2
+
000.e
000.e
000.e
+
1ee2
0e
abc
--2
-
.
--2
++1
0e
1e
.
+
1e-
1e-
abc
+
.
1e+
1e-
abc
e10
0e
e10
e10
--2
abc
--2
.
0e
1ee2
000.e
1e
abc
++1
+
1.2.3
.
--2
+
++1
+
1ee2
1e-
0e
000.e
0e
.
+
e10
1ee2
1ee2
1e-
1e-
+
++1
0e
.
0e
++1
--2
1.2.3
abc
e10
++1
1.2.3
0e
e10
++1
abc
+
e10
000.e
000.e
0e
++1
1e
1e+
1e-
-
1.2.3
e10
1e
1e+
+
++1
1.2.3
1e-
-
+
e10
--2
1e+
1.2.3
--2
1e
++1
1e-
.
1ee2
.
+
1e+
.
0e
1e
1e+
0e
++1
e10
1e
1e-
000.e
1e-
abc
1ee2
1e-
0e
+
--2
-
1.2.3
1.2.3
e10
1e-
1e+
++1
abc
1ee2
--2
abc
0e
abc
1e
++1
000.e
-
e10
abc
+
000.e
abc
-
000.e
1ee2
000.e
1e
1ee2
1e+
000.e
++1
1.2.3
000.e
abc
1e
000.e
e10
++1
1.2.3
-
.
0e
-
-
-
0e
1ee2
--2
0e
--2
-
-
.
.
000.e
.
1.2.3
1e
1.2.3
+
1e-
1e
000.e
e10
+
1e-
++1
+
1ee2
1e
1ee2
--2
.
++1
1ee2
000.e
+
+
abc
--2
e10
-
1ee2
e10
000.e
1e
e10
0e
.
+
1ee2
e10
e10
--2
1.2.3
e10
--2
000.e
1e
1e+
0e
1.2.3
.
1ee2
+
1e+
++1
1e
1.2.3
000.e
e10
e10
1e+
-
1e-
+
-
1e+
1e-
-
1e
1ee2
000.e
++1
1e+
000.e
1e+
abc
000.e
--2
e10
1e
--2
0e
1.2.3
000.e
1e
1e-
1e+
abc
1ee2
1ee2
++1
1.2.3
0e
1e-
.
1ee2
1e-
.
+
.
1e
000.e
-
abc
abc
0e
++1
--2
-
+
.
+
1.2.3
abc
-
+
1e+
-
--2
++1
--2
0e
--2
abc
-
e10
abc
--2
0e
1.2.3
+
--2
000.e
1e
++1
1e+
--2
--2
+
e10
1e
1e+
.
.
abc
.
--2
1e-
0e
1e+
1ee2
000.e
abc
--2
-
000.e
.
abc
-
.
.
abc
e10
-
e10
1e+
+
1.2.3
0e
1.2.3
1e-
1e
e10
--2
abc
e10
1e+
++1
000.e
abc
--2
e10
abc
-
++1
1e+
1e-
+
--2
1e-
1e+
++1
abc
++1
0e
--2
1e
.
1e+
+
000.e
0e
--2
1e-
1e+
000.e
-
--2
--2
-
.
++1
0e
--2
1e
abc
1ee2
1ee2
1ee2
++1
1e+
0e
1e
1e+
.
++1
1.2.3
--2
1.2.3
0e
++1
.
1.2.3
1e+
1e+
++1
1.2.3
1e
++1
1e
1e
1e+
1ee2
.
--2
+
e10
0e
1ee2
+
0e
1e+
+
.
000.e
abc
.
1.2.3
1e
1e-
e10
000.e
.
1e-
000.e
+
1e-
--2
000.e
000.e
++1
1ee2
1.2.3
.
0e
1e+
-
1e+
1e
.
+
000.e
1.2.3
1e
1.2.3
1.2.3
1e
1e
-
1e-
1.2.3
000.e
1.2.3
.
abc
.
--2
0e
abc
.
+
1e+
-
1e
--2
.
++1
+
--2
--2
1e
++1
1e-
1e+
e10
1e+
1e-
--2
1e
1e-
.
--2
1e
-
1e
++1
-
0e
.
0e
abc
abc
--2
-
1e
000.e
0e
+
000.e
1e
0e
000.e
1e
-
000.e
1e
-
.
1.2.3
.
1e
e10
e10
1e
1e+
1e
.
++1
1e
e10
000.e
abc
1.2.3
.
1e
e10
.
000.e
e10
--2
1ee2
1e
1e+
abc
abc
--2
1ee2
000.e
.
1e
000.e
000.e
e10
1ee2
++1
1e
1ee2
.
1e
0e
1ee2
0e
.
-
0e
1e+
0e
abc
--2
0e
-
++1
0e
1e-
++1
++1
e10
+
.
000.e
-
++1
++1
.
-
1.2.3
abc
1.2.3
1e
1e-
++1
1.2.3
0e
e10
--2
1e
.
e10
++1
1e-
-
++1
000.e
1e
1e
--2
++1
1e+
1ee2
.
+
abc
0e
1e-
+
1e+
1ee2
1e+
1ee2
1.2.3
e10
++1
1.2.3
0e
1e+
--2
0e
1e-
++1
000.e
.
1e+
+
1e+
1e
1ee2
000.e
+
1e-
e10
000.e
1e
1.2.3
1e
1ee2
0e
1e-
e10
-
000.e
--2
1e+
abc
1.2.3
000.e
abc
+
abc
.
1e+
abc
000.e
1e
+
1ee2
-
.
0e
abc
+
e10
1e-
+
0e
++1
1.2.3
1e
+
1.2.3
++1
.
abc
000.e
abc
1ee2
1.2.3
e10
1ee2
1e-
++1
-
1.2.3
+
+
.
000.e
+
1e+
1e
1ee2
+
1ee2
000.e
1ee2
1e+
++1
0e
++1
-
1e
1e
+
e10
abc
1ee2
.
--2
0e
000.e
0e
0e
abc
++1
+
0e
+
0e
000.e
-
--2
1.2.3
-
1.2.3
1e-
+
+
+
.
000.e
-
1ee2
.
1e-
1e+
.
0e
1e+
.
++1
e10
0e
1e+
-
000.e
+
+
abc
1ee2
0e
e10
--2
0e
1.2.3
000.e
0e
abc
0e
--2
1e
-
0e
1.2.3
+
1.2.3
1ee2
.
-
--2
--2
-
--2
1ee2
-
+
1ee2
++1
+
000.e
+
+
--2
--2
abc
1e-
1.2.3
1e
1ee2
1e-
0e
--2
1e
--2
++1
+
1e+
1.2.3
-
1ee2
1ee2
1e+
-
--2
1e+
000.e
e10
1ee2
.
1ee2
1e-
1ee2
1e
e10
-
0e
1e-
000.e
1ee2
+
e10
abc
1.2.3
e10
abc
1e-
1e-
1e+
+
.
+
1ee2
1e+
1e+
1e+
1e
1e+
+
0e
-
1ee2
1ee2
1e+
1e
1.2.3
--2
abc
--2
++1
abc
++1
1e+
e10
+
000.e
e10
+
1e-
abc
e10
-
++1
++1
-
0e
+
--2
++1
-
1ee2
.
++1
e10
+
abc
1e-
1e+
1e
e10
.
.
.
1e+
1e+
1.2.3
1.2.3
1ee2
.
1e+
e10
1e-
1e-
1e+
000.e
000.e
-
--2
--2
1e-
.
.
1e
--2
-
--2
++1
++1
1e
abc
++1
1.2.3
1ee2
1e+
0e
++1
000.e
1e
1e-
1ee2
+
e10
+
+
abc
.
-
+
1e+
0e
1ee2
1.2.3
--2
--2
++1
-
e10
+
000.e
abc
abc
++1
1e
.
1.2.3
1e
+
--2
abc
.
1e
abc
+
+
000.e
0e
1ee2
1.2.3
1e-
--2
--2
--2
1e-
--2
++1
0e
000.e
0e
1.2.3
1e-
-
-
-
-
.
+
1.2.3
+
e10
-
1e+
.
1.2.3
--2
1ee2
0e
1.2.3
--2
abc
+
++1
1e+
-
1e+
1ee2
+
1e+
000.e
1ee2
e10
+
1e
.
abc
000.e
0e
000.e
1e-
+
+
abc
e10
0e
0e
1.2.3
++1
e10
1e
1e+
++1
1e+
+
abc
+
000.e
1.2.3
1e+
e10
.
++1
0e
++1
1e
-
000.e
-
1e+
0e
e10
1ee2
1.2.3
1e
++1
--2
++1
++1
0e
1ee2
abc
0e
abc
1.2.3
0e
1ee2
1e-
++1
abc
1e
--2
000.e
-
000.e
.
++1
-
1e+
+
.
000.e
--2
1.2.3
-
1.2.3
1e+
0e
1e-
1.2.3
0e
1e
1e+
0e
000.e
+
0e
-
--2
1e
-
1e-
000.e
000.e
--2
abc
0e
-
000.e
1e-
--2
-
--2
1e-
e10
--2
1e+
1e-
1.2.3
+
.
0e
1e-
++1
-
+
-
e10
1e-
.
.
1.2.3
-
1e+
1e+
++1
-
1e+
e10
abc
+
--2
--2
e10
abc
-
000.e
1e
000.e
0e
1.2.3
abc
1ee2
000.e
--2
1e+
0e
1e
000.e
0e
+
1e-
0e
1e+
abc
000.e
+
abc
1e+
.
1ee2
abc
1ee2
--2
1e-
.
e10
1e-
++1
++1
1e+
+
0e
1e+
1e
--2
--2
1e
1ee2
000.e
000.e
0e
1e-
--2
++1
--2
1.2.3
000.e
1e
1ee2
0e
1e-
1e-
abc
000.e
-
abc
000.e
1e
1e-
++1
-
1.2.3
+
abc
++1
-
e10
e10
000.e
000.e
+
0e
1e+
--2
1e
+
1e
1.2.3
++1
1e-
1.2.3
--2
abc
1ee2
.
+
abc
.
abc
1e
++1
1ee2
++1
--2
1e-
1ee2
1e-
--2
-
-
+
1e+
1.2.3
1e-
abc
e10
1e-
1ee2
1ee2
e10
++1
-
--2
1e
+
1e
1e
0e
e10
1ee2
1e-
--2
0e
.
1e+
--2
abc
1e
000.e
abc
0e
.
1e
++1
1e+
+
++1
abc
e10
1e-
1ee2
.
.
abc
--2
0e
1ee2
++1
abc
1e
e10
1.2.3
abc
1.2.3
+
abc
--2
--2
1e+
1e
0e
e10
1e+
000.e
-
e10
--2
e10
1.2.3
0e
0e
000.e
1e-
1.2.3
1ee2
--2
000.e
.
-
000.e
+
--2
abc
0e
.
1ee2
--2
.
1ee2
1ee2
+
abc
e10
.
.
.
--2
1e
1ee2
1ee2
1ee2
++1
1e-
e10
++1
1.2.3
0e
1ee2
abc
e10
-
+
abc
e10
000.e
e10
abc
1ee2
1e
1.2.3
1.2.3
1e
1ee2
1e-
1ee2
000.e
0e
1e-
0e
000.e
000.e
1e
0e
1e
.
1e-
1e
1.2.3
--2
1e
1e-
1e+
abc
-
1ee2
.
abc
-
1e+
+
e10
1.2.3
++1
++1
1ee2
1ee2
-
1e+
1.2.3
1e-
-
1.2.3
--2
000.e
e10
++1
e10
.
-
1.2.3
1ee2
1e+
1e+
1e+
++1
e10
++1
000.e
1e
-
1ee2
-
1e
1e+
e10
0e
abc
1ee2
000.e
+
abc
1e
++1
e10
.
++1
--2
1e-
1ee2
-
+
.
1e+
000.e
+
++1
1e
++1
--2
abc
1e+
1e+
1.2.3
0e
+
-
-
1e-
--2
0e
--2
1ee2
+
1e-
1.2.3
1e+
--2
--2
0e
1ee2
1e
++1
1e+
1e
+
-
1e+
000.e
0e
.
--2
abc
+
abc
1e-
-
000.e
+
++1
1ee2
1ee2
e10
--2
1ee2
1ee2
000.e
1e
0e
1ee2
abc
-
--2
1e+
-
1e-
1e-
0e
0e
1e-
+
1e
000.e
1ee2
++1
0e
1ee2
-
0e
--2
1e
e10
.
1e+
+
1e-
+
.
abc
.
1ee2
1e
-
+
e10
e10
1.2.3
1.2.3
abc
-
0e
1.2.3
0e
+
1e+
.
abc
--2
1e+
.
0e
-
1.2.3
-
.
--2
+
++1
0e
1e
1e
1ee2
1e-
0e
--2
1e-
++1
abc
1ee2
--2
abc
1ee2
+
e10
e10
+
0e
.
1ee2
1e-
e10
e10
-
abc
1.2.3
-
abc
1ee2
++1
.
abc
000.e
abc
++1
-
+
1.2.3
+
abc
++1
1e
e10
0e
1e
0e
--2
1e+
1e
.
--2
--2
e10
e10
.
0e
--2
.
000.e
000.e
++1
1.2.3
000.e
1e
+
abc
1ee2
.
abc
e10
e10
1.2.3
--2
1e-
0e
1e-
e10
1e
+
abc
++1
1ee2
.
abc
--2
1e+
1e+
1.2.3
-
--2
1.2.3
abc
0e
+
1e-
1.2.3
-
e10
e10
1e
000.e
.
1ee2
0e
+
1.2.3
1e
--2
1e+
e10
abc
+
0e
e10
-
--2
e10
-
1ee2
abc
1e-
1e+
1e
+
+
+
-
e10
000.e
1e+
1e-
-
0e
0e
-
+
abc
.
1.2.3
1.2.3
.
.
++1
abc
.
--2
1e+
+
1ee2
-
0e
--2
-
1.2.3
-
-
0e
1e
1ee2
++1
++1
-
abc
000.e
abc
0e
+
-
1e+
e10
e10
1e
1e
1.2.3
1e+
++1
+
-
1.2.3
+
1e
--2
1e-
0e
0e
e10
++1
1e
--2
.
++1
-
1e
1e
.
e10
1ee2
--2
0e
e10
.
abc
000.e
1e
1e
0e
++1
abc
++1
0e
e10
1.2.3
000.e
.
1e+
.
+
000.e
1ee2
.
+
1ee2
+
+
0e
1ee2
--2
000.e
.
.
0e
1e+
.
1e-
++1
000.e
e10
000.e
1.2.3
1.2.3
0e
-
+
++1
+
-
000.e
.
--2
0e
1e
1ee2
1e+
1.2.3
+
1.2.3
1e-
0e
e10
000.e
000.e
abc
1e-
1ee2
1.2.3
1e
1e+
-
++1
abc
e10
--2
-
+
000.e
e10
000.e
0e
1e
1.2.3
++1
1e-
0e
1.2.3
1e-
+
1.2.3
1.2.3
1ee2
++1
1ee2
.
++1
0e
.
.
1e-
1ee2
.
1ee2
-
-
1e+
1ee2
+
+
1ee2
1e+
e10
000.e
1ee2
000.e
--2
++1
+
--2
1.2.3
abc
-
1.2.3
000.e
+
-
1e+
--2
-
-
1e+
1e+
--2
000.e
0e
e10
++1
--2
.
1e+
-
000.e
.
1.2.3
0e
-
000.e
1e-
1e-
0e
1.2.3
0e
.
1e-
-
abc
1e+
000.e
abc
0e
1e
-
+
-
1e
e10
000.e
1ee2
000.e
1ee2
1e-
.
1.2.3
0e
000.e
1e-
1e
.
e10
1ee2
--2
abc
1e-
++1
1e+
++1
.
1.2.3
++1
e10
++1
1e
++1
.
1.2.3
0e
--2
e10
000.e
1e
--2
1ee2
.
++1
000.e
abc
+
e10
e10
abc
1e-
1e
1e
--2
.
-
0e
1e
--2
1e-
abc
1e
1e+
abc
abc
1e
-
1.2.3
1e
1e-
1e-
1e
1e-
-
e10
0e
1e
abc
000.e
.
1e
abc
000.e
0e
+
1ee2
++1
1e
+
.
1e-
1e-
000.e
1ee2
000.e
1e
+
-
1ee2
--2
e10
+
1.2.3
000.e
abc
1e-
abc
++1
abc
+
-
1ee2
1e
1e+
abc
--2
000.e
1e+
--2
0e
-
e10
.
-
1e-
--2
abc
e10
.
1.2.3
.
abc
1ee2
e10
000.e
1e-
000.e
++1
1e-
-
1.2.3
0e
000.e
-
1e
000.e
1ee2
000.e
0e
--2
++1
-
.
--2
1e+
.
1ee2
--2
1.2.3
e10
--2
1e+
+
000.e
e10
1e
abc
1e
--2
++1
0e
-
e10
-
abc
e10
1.2.3
+
.
1.2.3
1ee2
1e-
1ee2
0e
.
1e
1e+
1ee2
1e+
0e
0e
1e
e10
000.e
1e
abc
--2
1e
1e+
1e-
000.e
1ee2
1ee2
1ee2
+
1e-
e10
1.2.3
1e+
-
abc
0e
1ee2
.
-
1.2.3
000.e
abc
1e
++1
abc
1.2.3
--2
1ee2
abc
+
e10
1e+
.
abc
-
1e+
000.e
-
++1
1.2.3
1e+
abc
+
1e+
1e
000.e
0e
000.e
1e+
0e
+
.
000.e
000.e
000.e
1e-
-
abc
1e+
1.2.3
.
-
1.2.3
000.e
--2
-
1ee2
000.e
-
+
.
++1
1.2.3
000.e
abc
--2
1e+
0e
1e-
1e
0e
1.2.3
1e
1e
1e
--2
-
1ee2
.
-
+
1ee2
--2
0e
0e
1.2.3
1e
0e
0e
1ee2
--2
1e
1e-
1.2.3
abc
+
1e-
abc
e10
1e+
1.2.3
0e
1ee2
.
000.e
1e
.
-
+
++1
abc
-
1.2.3
1ee2
0e
+
.
1e-
1e-
1e
-
.
1.2.3
abc
abc
1e+
.
1.2.3
-
--2
1e+
1e
--2
--2
--2
0e
1e+
e10
++1
1e-
-
0e
000.e
--2
abc
0e
e10
1e+
--2
e10
1e+
1.2.3
.
++1
1e+
.
0e
++1
000.e
1.2.3
1e
--2
000.e
1e
-
++1
++1
0e
1e-
e10
++1
+
1e-
--2
abc
1.2.3
--2
+
1ee2
0e
1e
0e
abc
1ee2
--2
1ee2
e10
abc
abc
1e+
000.e
e10
000.e
1.2.3
.
1.2.3
abc
1e+
0e
1.2.3
1ee2
--2
abc
1e
1.2.3
-
1e
1ee2
1ee2
000.e
000.e
abc
1ee2
000.e
1.2.3
.
1e
abc
0e
+
1e+
0e
.
--2
1e-
abc
.
1ee2
000.e
--2
000.e
000.e
1e
abc
1e-
+
0e
1ee2
-
1.2.3
1e-
1e+
++1
-
--2
-
000.e
-
abc
e10
1.2.3
e10
++1
.
1.2.3
000.e
0e
0e
.
1.2.3
1e
--2
++1
1e
+
1ee2
.
1e
1e-
1e+
++1
1.2.3
--2
-
1.2.3
.
abc
1e
.
-
1e-
0e
1.2.3
.
0e
1.2.3
1e-
abc
000.e
1e-
+
-
--2
abc
1e+
-
--2
e10
1e
.
-
0e
++1
1ee2
.
000.e
1e+
--2
--2
1e
1ee2
++1
1e+
abc
e10
1e+
-
000.e
-
--2
-
000.e
1e+
abc
++1
--2
.
+
+
.
1e+
e10
e10
1e
0e
1e-
++1
abc
+
0e
0e
--2
-
++1
1e
0e
1e+
abc
abc
.
.
1e+
1.2.3
abc
+
000.e
--2
1e
--2
1.2.3
1e+
-
+
e10
-
1e-
1e-
abc
000.e
1ee2
++1
.
abc
1ee2
abc
1e+
e10
--2
1e+
abc
1e-
--2
1ee2
000.e
1ee2
1e-
+
000.e
+
1ee2
1e-
abc
+
0e
000.e
0e
1ee2
1e-
++1
abc
+
1e
+
abc
e10
1ee2
1ee2
0e
--2
1e
+
1e+
1.2.3
e10
1e
.
-
0e
abc
--2
1ee2
1e-
+
1e
+
+
-
1ee2
-
e10
1e
.
-
+
+
-
.
++1
+
1e+
abc
1.2.3
1e-
abc
+
.
000.e
0e
e10
1e+
1e+
1e+
e10
.
000.e
1ee2
e10
1e+
1e
.
1e+
-
0e
1ee2
+
.
-
1e-
.
0e
e10
--2
1e
000.e
1ee2
1ee2
1.2.3
--2
e10
000.e
000.e
e10
++1
1e
1ee2
.
1.2.3
1ee2
abc
1e-
0e
1e
1.2.3
-
1e
1e-
e10
++1
e10
0e
abc
abc
--2
e10
+
+
abc
.
--2
1ee2
+
.
1.2.3
0e
1e
1e
1e
abc
+
abc
1.2.3
1e
000.e
1ee2
.
.
.
e10
1e-
0e
-
1e
e10
1ee2
-
-
+
abc
-
0e
++1
e10
0e
+
1ee2
--2
1e-
1e-
-
+
++1
000.e
1e+
+
e10
1ee2
++1
1e
1e+
++1
-
--2
++1
0e
1ee2
+
1ee2
0e
abc
1e+
.
1e+
1e-
--2
1e
-
1.2.3
1e
-
1.2.3
1e+
000.e
.
1.2.3
1e
000.e
1e-
abc
abc
++1
+
0e
1ee2
-
000.e
abc
e10
-
.
.
abc
1e
e10
abc
0e
0e
-
+
000.e
.
++1
0e
1e-
1ee2
abc
1e
+
1ee2
1.2.3
abc
abc
-
+
+
000.e
000.e
1.2.3
1.2.3
1.2.3
1ee2
1e-
--2
1ee2
1e+
1ee2
++1
1.2.3
0e
1e+
+
000.e
1e+
1e-
000.e
1e+
1e+
1e
1ee2
1e-
1.2.3
000.e
--2
abc
e10
1.2.3
abc
.
1ee2
.
1e
-
1e+
++1
++1
abc
1ee2
-
1e
1e
1ee2
000.e
000.e
1e-
0e
-
1e
1.2.3
1e-
1e
1e+
1e-
+
--2
000.e
0e
e10
+
.
1e-
1e+
1ee2
1ee2
1.2.3
1ee2
1e-
++1
abc
-
000.e
.
1ee2
1e-
-
-
+
--2
0e
++1
e10
-
1e+
1.2.3
0e
+
-
1.2.3
1.2.3
-
1e
.
+
++1
1ee2
++1
1e
-
++1
-
1ee2
+
e10
+
1e+
1e
-
1ee2
1ee2
e10
1.2.3
abc
1.2.3
1e
e10
1e-
1e+
++1
1e+
abc
.
0e
-
e10
+
1e-
.
abc
--2
abc
++1
abc
.
-
1ee2
e10
+
+
++1
1.2.3
+
000.e
1e-
abc
1.2.3
1e-
abc
0e
000.e
--2
.
1e-
1.2.3
1e-
1ee2
1e
.
e10
1e+
--2
1e
-
+
1e-
e10
+
1.2.3
1ee2
1e+
1e-
-
1e
++1
1e-
-
++1
0e
++1
1.2.3
abc
0e
1e+
1e
000.e
1e-
abc
--2
000.e
--2
abc
0e
000.e
++1
1e+
1e
1e
e10
++1
000.e
e10
e10
--2
000.e
1e
.
1.2.3
0e
.
++1
-
--2
1e-
1ee2
1e+
--2
1ee2
.
+
1e+
abc
1e
1e
1.2.3
+
++1
1ee2
abc
+
1ee2
e10
abc
1e+
++1
e10
+
1e
-
+
0e
1ee2
--2
+
0e
0e
abc
e10
1e+
1e+
e10
1e+
1e-
1ee2
1e+
.
1ee2
000.e
e10
1e
+
000.e
abc
abc
abc
1e
0e
abc
1.2.3
1.2.3
1e
1e-
0e
-
000.e
0e
1.2.3
1e-
1e
1e-
e10
+
1ee2
1e-
+
-
++1
-
1e-
000.e
+
1e-
e10
0e
1e+
-
1e-
1e+
+
e10
--2
1e
+
1e-
1.2.3
.
++1
abc
1e
--2
.
1e
abc
+
--2
+
1e
1ee2
--2
abc
++1
0e
1e+
--2
1e+
1.2.3
0e
abc
abc
1e
.
0e
1ee2
1e+
1e
1.2.3
abc
0e
--2
1e
000.e
e10
1ee2
1e+
1.2.3
1.2.3
++1
+
1e
++1
.
.
e10
0e
1e
e10
1e
1ee2
1e+
1e+
.
e10
abc
1e-
1ee2
1ee2
1.2.3
1e
1.2.3
+
1e
1.2.3
1e
000.e
+
1e
abc
+
0e
++1
1e
+
-
--2
0e
1e
+
000.e
e10
1e
++1
000.e
abc
--2
1e
1ee2
1e
-
1ee2
000.e
e10
+
.
1e+
1e+
+
.
0e
++1
-
1ee2
++1
000.e
000.e
1ee2
0e
.
--2
-
1e+
+
--2
-
0e
.
--2
1e-
-
0e
1e-
1e
1.2.3
e10
1.2.3
0e
1e+
-
.
1e
++1
1e+
e10
1e-
.
1ee2
++1
+
-
++1
1ee2
1e
0e
1e
1e+
000.e
1.2.3
abc
0e
--2
1e-
-
.
abc
0e
1ee2
1e
0e
-
1e+
--2
abc
1.2.3
e10
1.2.3
1e-
-
000.e
1e
e10
0e
++1
-
.
1ee2
-
0e
abc
--2
.
++1
1e-
0e
++1
+
abc
0e
1e
0e
--2
e10
--2
--2
-
--2
1ee2
e10
++1
1e
1e
1e
.
0e
1ee2
++1
-
1.2.3
++1
0e
.
--2
e10
abc
.
abc
--2
.
0e
.
1.2.3
+
1e-
abc
1e
1.2.3
--2
0e
0e
++1
1e-
++1
1e
1e+
abc
1e
1ee2
000.e
--2
++1
0e
e10
000.e
--2
.
0e
1e+
e10
e10
1e
1e+
000.e
1e
abc
1e
-
000.e
e10
+
000.e
1.2.3
abc
1.2.3
--2
.
+
0e
.
000.e
e10
--2
1e
1e+
1ee2
.
0e
-
--2
e10
abc
1.2.3
0e
1.2.3
.
1e+
-
1.2.3
000.e
+
.
++1
1.2.3
e10
+
000.e
1e-
1ee2
000.e
0e
1e+
000.e
++1
000.e
-
1e+
1e+
--2
++1
abc
0e
+
1e+
--2
000.e
-
++1
-
1e-
++1
--2
1e+
e10
++1
1e
1e
-
e10
0e
.
1ee2
++1
-
1e+
1e+
1e-
1ee2
-
.
++1
.
abc
++1
e10
1e-
++1
0e
e10
1e+
-
1e
+
.
0e
1.2.3
1e-
abc
e10
1ee2
1.2.3
1e
1ee2
1e+
e10
e10
1ee2
-
.
0e
++1
-
1e-
++1
+
+
e10
0e
1e
1e
-
1ee2
e10
000.e
1e
++1
000.e
0e
1ee2
abc
e10
1.2.3
0e
1.2.3
1e+
.
1e-
e10
+
1e
0e
++1
--2
++1
0e
+
1ee2
abc
abc
-
000.e
++1
--2
000.e
1ee2
000.e
1ee2
1e-
1ee2
1e-
1e+
-
+
1.2.3
0e
1e-
.
0e
+
1.2.3
.
-
.
1e+
1.2.3
++1
+
1e+
e10
1.2.3
1e+
+
--2
1ee2
++1
abc
++1
+
e10
++1
1e+
000.e
+
1.2.3
1e
1ee2
1ee2
++1
++1
1e+
1e
-
1ee2
1e
1ee2
--2
--2
.
1e+
1e
1ee2
1e+
e10
1e+
e10
e10
+
1e-
0e
abc
-
abc
1ee2
1.2.3
-
-
1e-
--2
1ee2
1e+
1ee2
000.e
e10
e10
1ee2
1e
1e+
1ee2
+
1e
-
e10
1e-
1e+
1e+
--2
1.2.3
1e
++1
-
1ee2
1e
000.e
1e+
1ee2
--2
1ee2
1e+
1e-
1e
1.2.3
1e
abc
++1
000.e
1e+
-
abc
-
1e-
-
1e
1.2.3
+
0e
1e+
e10
++1
e10
1e-
1e-
1e-
1e+
.
000.e
++1
1.2.3
0e
++1
1e+
-
1.2.3
1ee2
000.e
abc
.
1ee2
++1
1e+
1ee2
-
abc
++1
000.e
++1
1e+
0e
-
1e-
e10
e10
1ee2
1e
0e
+
0e
++1
.
1.2.3
--2
e10
+
1.2.3
e10
1e+
.
1.2.3
1e-
1.2.3
-
++1
.
--2
1e
1e-
--2
1ee2
1e-
e10
++1
--2
--2
+
e10
.
--2
1ee2
abc
-
-
1.2.3
++1
+
.
0e
-
1e+
1ee2
0e
0e
1e+
.
++1
--2
000.e
000.e
abc
e10
000.e
+
1e-
000.e
.
0e
1e+
1e+
.
1ee2
abc
0e
++1
1.2.3
e10
+
1ee2
1e
1e+
1.2.3
e10
000.e
+
1ee2
e10
abc
1e
.
-
++1
++1
+
.
+
++1
--2
000.e
0e
++1
1.2.3
1e+
000.e
abc
++1
-
1e+
-
1ee2
0e
+
-
1e
+
.
-
abc
0e
-
.
e10
.
.
1e
1e+
1.2.3
1.2.3
1.2.3
1e
1e+
0e
abc
1.2.3
+
e10
1e
.
abc
1.2.3
+
+
1e+
1.2.3
1e+
0e
1.2.3
1.2.3
1.2.3
1ee2
1.2.3
000.e
1e-
.
1e
++1
.
--2
+
+
--2
000.e
1ee2
1.2.3
000.e
1ee2
1e
abc
1e-
0e
-
+
.
.
e10
000.e
-
1ee2
1e
.
++1
++1
--2
1e-
+
-
e10
.
1e+
--2
1e+
1e-
+
0e
1ee2
++1
1.2.3
1.2.3
-
++1
--2
1e-
1e+
+
-
abc
0e
abc
+
.
1.2.3
-
e10
-
1e-
-
000.e
-
-
e10
0e
000.e
++1
++1
000.e
1ee2
0e
000.e
0e
+
--2
000.e
--2
abc
-
+
000.e
abc
1e-
+
++1
1ee2
abc
+
abc
1e+
1e
--2
.
1ee2
--2
1e-
.
abc
1ee2
1e+
0e
+
--2
.
--2
+
++1
--2
abc
1e+
++1
1e-
0e
000.e
1e+
0e
+
1e+
1e
--2
1ee2
1.2.3
+
++1
000.e
++1
1e-
+
++1
e10
1e-
1e+
1e+
0e
-
+
.
e10
+
000.e
0e
1e+
0e
.
000.e
.
1e-
.
1ee2
e10
+
1ee2
1e
e10
.
.
abc
e10
1e-
.
+
--2
1e-
abc
0e
++1
1e+
000.e
+
-
+
1e+
.
++1
--2
-
1e
1e-
++1
++1
1e
-
1ee2
--2
1ee2
.
e10
e10
abc
1e
1e-
.
1e
e10
+
1e-
1e-
1e
1e+
0e
0e
e10
1ee2
-
1e+
1e
e10
e10
.
1ee2
--2
0e
+
1e
.
--2
-
1e
1e
0e
e10
1e
0e
--2
1.2.3
1e+
--2
0e
0e
++1
-
.
1e
-
abc
1e-
--2
1.2.3
+
1e-
0e
1e+
1e
000.e
0e
++1
1e-
+
e10
1e
e10
000.e
-
000.e
1.2.3
1e
1e
-
e10
1e
1ee2
1e-
000.e
.
1e-
-
abc
--2
1e+
1ee2
abc
--2
++1
+
abc
1e+
1e+
abc
e10
1e-
++1
000.e
.
.
e10
+
1e+
1e+
abc
000.e
abc
--2
e10
1e
e10
.
++1
0e
1ee2
.
000.e
++1
1e-
e10
0e
0e
0e
1.2.3
-
e10
1ee2
0e
000.e
.
-
--2
--2
1.2.3
000.e
e10
1ee2
abc
000.e
1e+
--2
1e+
1e-
0e
+
0e
1e+
-
+
1.2.3
1e+
1ee2
--2
1.2.3
abc
.
1e
e10
1ee2
1e+
1e+
++1
1ee2
1e-
+
e10
000.e
--2
1ee2
1e
.
1e+
++1
abc
000.e
1e-
-
+
0e
--2
1ee2
1ee2
-
abc
++1
1e+
+
1.2.3
-
.
000.e
+
1e-
0e
1e
--2
.
1.2.3
1e
0e
000.e
1.2.3
1e+
--2
+
1e-
1e
abc
+
1e+
--2
1e
abc
1ee2
abc
abc
--2
abc
--2
1ee2
e10
1e-
1ee2
1e-
+
0e
1e-
.
000.e
1e
1ee2
000.e
abc
++1
+
--2
--2
-
abc
e10
1.2.3
000.e
-
++1
1.2.3
e10
1.2.3
1.2.3
1e
.
0e
1e+
1e-
0e
e10
1e
1e-
000.e
1e+
1ee2
1e
abc
1e-
1e+
+
1e+
1e+
1e+
abc
--2
.
1e+
.
1e+
1.2.3
1ee2
-
1e+
++1
0e
1.2.3
1e-
1e+
0e
++1
1e-
1e
1e+
++1
abc
000.e
1ee2
1e
1e-
1ee2
.
000.e
1e
e10
++1
1.2.3
1e-
+
1e
1e
--2
1e
abc
e10
1e-
--2
1e
000.e
1ee2
1e-
abc
1e
++1
1e+
.
1.2.3
1.2.3
e10
.
++1
--2
++1
--2
1ee2
++1
--2
abc
1ee2
--2
++1
--2
e10
--2
1e
--2
1ee2
abc
.
1ee2
1ee2
--2
1e
1ee2
1e
.
++1
+
.
e10
+
.
.
e10
000.e
abc
.
--2
+
-
1ee2
1.2.3
1ee2
+
1.2.3
++1
-
+
-
--2
1ee2
0e
--2
e10
.
e10
1e-
-
++1
++1
0e
.
--2
000.e
+
e10
1.2.3
.
000.e
+
e10
1e+
e10
000.e
1e-
1e-
0e
abc
++1
-
--2
++1
1e+
--2
--2
1.2.3
1e+
1.2.3
1ee2
abc
1e
000.e
++1
e10
+
--2
--2
000.e
-
+
abc
0e
e10
000.e
+
0e
1e
e10
e10
000.e
e10
1e-
abc
1e+
abc
1e-
--2
++1
.
1ee2
++1
+
1.2.3
1ee2
-
++1
1e+
000.e
++1
1e-
000.e
+
.
abc
1.2.3
.
--2
1e
+
1.2.3
++1
1e
1e-
.
000.e
.
-
1e
1e-
.
-
1e-
1.2.3
0e
e10
-
--2
e10
0e
e10
++1
1e+
++1
1.2.3
++1
abc
abc
1e-
++1
++1
-
0e
+
1.2.3
--2
1.2.3
++1
1e+
1e
++1
++1
1e-
-
1.2.3
--2
+
e10
1e
.
1.2.3
1e+
--2
1.2.3
.
1e-
abc
1e+
1e-
000.e
--2
1e+
-
0e
.
-
1e
abc
0e
+
1.2.3
-
000.e
+
.
1e-
1e-
.
1e
1e
1.2.3
000.e
--2
e10
++1
++1
000.e
1ee2
+
1ee2
1e-
1ee2
1e
e10
0e
.
1e+
abc
1e-
1e+
.
1e+
1ee2
abc
0e
1.2.3
0e
-
+
1e-
0e
abc
--2
e10
1ee2
1e-
--2
e10
0e
1e
+
-
1e+
1.2.3
0e
1ee2
000.e
-
000.e
000.e
.
000.e
1e
abc
.
0e
1.2.3
abc
0e
++1
1e-
--2
0e
0e
++1
1e+
.
+
e10
1ee2
1e+
-
000.e
1e
abc
000.e
.
+
+
1.2.3
1e-
000.e
.
0e
+
000.e
1e
1e+
-
--2
-
.
0e
1e-
-
0e
0e
e10
.
0e
1e+
-
1e
1ee2
-
abc
1e
abc
-
000.e
e10
+
--2
1e-
-
000.e
1e+
1e
0e
1.2.3
1e
1ee2
--2
1e
0e
1e
1e+
.
1e+
1e+
--2
e10
.
++1
+
0e
1.2.3
000.e
1e-
1.2.3
1e
e10
1e-
1e+
1.2.3
1e-
+
0e
abc
1ee2
1e-
e10
.
.
1.2.3
abc
--2
e10
+
e10
.
e10
000.e
--2
+
e10
1e+
1e-
000.e
0e
0e
abc
.
1ee2
--2
1.2.3
e10
e10
+
.
1e+
0e
1.2.3
1e
+
--2
-
000.e
+
1e-
+
+
++1
--2
-
+
e10
1ee2
--2
1ee2
000.e
1.2.3
0e
1ee2
abc
1.2.3
e10
.
--2
+
1e
0e
++1
--2
.
1e
+
+
1e-
.
1ee2
.
0e
1.2.3
e10
1e-
e10
000.e
--2
000.e
e10
000.e
e10
1.2.3
--2
--2
.
++1
+
+
1e+
1e
+
-
+
000.e
++1
abc
1e
1ee2
.
--2
1e-
1e
-
--2
e10
1e+
++1
1e-
-
+
1ee2
1.2.3
-
+
0e
000.e
e10
1.2.3
1e-
.
1e-
1e
abc
abc
abc
e10
e10
000.e
1e+
0e
+
1.2.3
0e
1.2.3
000.e
1e-
e10
1e-
-
e10
1e-
++1
e10
abc
-
e10
000.e
0e
1e+
.
1ee2
-
e10
1e
abc
1e
abc
+
--2
1e-
1.2.3
0e
1e
0e
1ee2
+
1e+
1e-
1ee2
0e
1e-
++1
1e-
1e
0e
1e+
1e-
000.e
1.2.3
e10
1.2.3
1ee2
.
000.e
.
--2
abc
1e+
1e
000.e
-
--2
1e
abc
-
1.2.3
--2
.
1.2.3
0e
1ee2
1e-
-
000.e
++1
1.2.3
abc
0e
+
-
++1
-
+
1e
.
1e
++1
-
.
000.e
-
+
+
1ee2
1ee2
e10
0e
1e-
1e
1e+
-
++1
e10
++1
0e
1e-
1e
1e
1ee2
--2
1e
abc
.
abc
++1
-
1.2.3
1e
1e-
000.e
1.2.3
000.e
abc
1e+
e10
1e-
1e
+
0e
1e+
--2
000.e
.
--2
.
.
-
++1
++1
e10
1e
+
1ee2
-
e10
--2
1.2.3
1e+
1e
000.e
-
1ee2
1ee2
1ee2
1e-
e10
0e
1e+
1e+
1ee2
1ee2
-
--2
1e-
+
0e
abc
1.2.3
1ee2
-
++1
1ee2
1ee2
1.2.3
e10
1e-
000.e
--2
--2
.
1e+
.
e10
--2
.
1e+
e10
--2
000.e
1.2.3
1.2.3
.
abc
1e-
1e+
1e
1e-
1ee2
.
0e
.
0e
1e-
1.2.3
abc
+
0e
1e
0e
0e
abc
1ee2
1e+
.
abc
0e
-
000.e
.
1.2.3
1.2.3
++1
1e-
-
1.2.3
000.e
1e-
e10
1ee2
--2
++1
--2
abc
0e
e10
-
abc
1e
1ee2
.
0e
1.2.3
e10
1.2.3
000.e
++1
1e+
0e
0e
++1
.
1.2.3
000.e
1ee2
1e-
.
0e
abc
1e-
1e+
e10
1ee2
+
++1
1.2.3
-
0e
0e
+
+
1e-
000.e
1e
abc
1e
1.2.3
++1
000.e
1.2.3
1.2.3
0e
--2
abc
+
-
000.e
1e-
1ee2
0e
e10
0e
0e
--2
1e
1e-
1e
1e
++1
-
0e
.
1.2.3
1.2.3
+
-
1e
-
0e
.
0e
0e
1e-
abc
+
0e
0e
1e
1e
e10
.
+
1ee2
e10
1.2.3
++1
0e
1ee2
-
1e
.
+
1e+
e10
1ee2
1e-
abc
++1
+
.
-
000.e
+
++1
1ee2
.
.
-
0e
-
.
++1
1e
000.e
e10
.
0e
1e
1e+
+
1e+
1.2.3
1e-
++1
--2
--2
1e-
abc
1e
1.2.3
.
1e
1e+
1ee2
abc
-
1e-
-
e10
abc
+
0e
-
++1
.
1.2.3
abc
.
++1
0e
1.2.3
1e+
-
1e-
1e-
-
--2
000.e
++1
.
000.e
-
abc
1e-
--2
+
e10
1e
++1
-
e10
0e
1e-
000.e
1e+
1e-
abc
++1
abc
0e
+
1e-
-
1e
.
-
1e+
.
.
0e
.
1e-
1ee2
1e
1e
0e
++1
-
000.e
1e-
++1
++1
++1
1.2.3
--2
000.e
1.2.3
abc
e10
-
1.2.3
1ee2
--2
abc
0e
1.2.3
+
-
--2
+
abc
--2
++1
e10
1e+
0e
0e
1ee2
1e
-
1.2.3
+
1e
abc
1e-
-
++1
1e
1e
e10
e10
abc
1e-
000.e
.
--2
000.e
1e
1e+
++1
1e
+
.
1e
++1
000.e
1e
0e
++1
.
e10
+
-
1ee2
1ee2
abc
--2
0e
-
1e+
-
++1
1ee2
1.2.3
1e
+
.
1e+
-
000.e
000.e
+
+
000.e
1ee2
1ee2
+
0e
1.2.3
000.e
1e
e10
--2
-
abc
+
+
1.2.3
000.e
0e
--2
-
1e
1.2.3
1e+
--2
1ee2
.
1ee2
.
0e
--2
.
abc
++1
1e+
abc
.
--2
-
1e-
1e+
1e-
1e+
000.e
1.2.3
e10
1e-
1e-
1e+
--2
1e
0e
1e+
e10
1e
1.2.3
+
0e
000.e
-
++1
1e
0e
0e
1e-
1.2.3
1ee2
.
.
+
000.e
1ee2
1e+
e10
abc
1ee2
1.2.3
.
1ee2
0e
+
abc
-
.
000.e
-
++1
000.e
+
.
000.e
++1
1e
1e
+
0e
1e+
e10
+
--2
++1
++1
e10
.
e10
1e-
1.2.3
0e
1e
1e
.
1.2.3
+
++1
1ee2
1e
1e
++1
000.e
1ee2
-
--2
1ee2
000.e
++1
0e
++1
1ee2
--2
+
0e
--2
+
.
1e+
1e
1e+
e10
--2
+
+
0e
1e
+
1e+
1e-
--2
+
e10
-
++1
1e
1e-
1ee2
000.e
1e
+
000.e
1e
.
-
.
+
-
1e
1e
0e
1e+
--2
abc
e10
++1
1.2.3
-
-
--2
abc
0e
1e
.
+
1e-
abc
1.2.3
000.e
0e
+
--2
e10
0e
++1
1ee2
--2
000.e
.
-
--2
.
-
--2
1e-
1e+
1e
e10
1e+
1e
+
0e
000.e
.
+
+
++1
+
1e-
1ee2
1e
1e-
+
0e
1ee2
abc
1.2.3
1.2.3
1e
e10
1e
++1
--2
1ee2
1.2.3
--2
1e+
0e
abc
000.e
000.e
+
abc
-
1ee2
abc
.
-
1.2.3
e10
0e
000.e
abc
000.e
.
1e
0e
++1
.
1e
000.e
1e+
000.e
1.2.3
abc
1e+
0e
--2
1e
1.2.3
abc
-
000.e
e10
e10
++1
-
abc
1ee2
1ee2
-
000.e
.
-
-
+
1ee2
1e-
1e
1ee2
abc
++1
1ee2
1ee2
1.2.3
++1
-
000.e
1e
000.e
+
abc
.
000.e
+
+
0e
--2
e10
abc
1e
e10
.
1.2.3
abc
--2
.
1e
1e+
0e
0e
1.2.3
1e-
.
++1
e10
1e+
1.2.3
0e
1.2.3
1e+
-
--2
+
abc
000.e
-
-
1e-
1e-
.
1e+
+
1e+
1ee2
e10
-
-
1e+
--2
1e+
abc
1.2.3
+
1e
1e+
000.e
++1
--2
1.2.3
1ee2
1e+
--2
abc
0e
1e
1.2.3
1ee2
1ee2
1e-
.
e10
++1
0e
1ee2
++1
1e-
1.2.3
1e-
.
1ee2
1ee2
-
1e-
1ee2
--2
1ee2
1.2.3
e10
0e
1e-
0e
000.e
.
e10
1e+
--2
1e-
abc
abc
1ee2
1e-
0e
--2
000.e
-
+
e10
++1
+
1e+
1ee2
.
1e
000.e
.
1.2.3
-
1.2.3
++1
abc
e10
1.2.3
++1
1e-
000.e
.
abc
1e+
abc
1.2.3
000.e
.
1e+
++1
--2
.
1e+
1.2.3
++1
1e+
e10
1e+
1e-
++1
abc
1ee2
000.e
1e-
+
0e
abc
000.e
1ee2
.
1e-
++1
1.2.3
1e
+
1e-
--2
1e-
1.2.3
1ee2
e10
abc
1.2.3
000.e
1e
0e
abc
1e-
.
abc
000.e
e10
--2
--2
1e
.
0e
1e+
--2
0e
.
--2
1ee2
1.2.3
1.2.3
1.2.3
1e
0e
000.e
000.e
--2
1.2.3
1.2.3
1e
abc
000.e
1e-
1e+
--2
.
1ee2
000.e
+
.
abc
+
-
1ee2
1.2.3
-
1e-
1e-
+
1.2.3
--2
1e-
.
0e
++1
0e
++1
0e
1e-
++1
1e-
1e+
0e
1ee2
1e
++1
000.e
1e-
-
.
++1
abc
-
-
1ee2
1.2.3
--2
1ee2
1.2.3
+
1e+
000.e
++1
.
-
+
-
abc
+
.
1e
1e-
++1
0e
1e-
1e
0e
-
1ee2
1e-
1e
000.e
e10
--2
+
1ee2
1ee2
.
abc
1e+
++1
-
1.2.3
e10
1e-
--2
--2
++1
1e-
0e
+
1e+
--2
1ee2
--2
--2
abc
1e-
+
.
0e
e10
1e+
1e+
1e
--2
+
-
1.2.3
.
1.2.3
-
e10
1e
.
+
1e
1e-
1ee2
1.2.3
1.2.3
0e
1e
1e+
.
e10
1e+
1ee2
++1
abc
1.2.3
++1
1e
++1
e10
abc
1.2.3
1ee2
e10
.
1e
e10
abc
1e+
1e+
1.2.3
abc
1ee2
1e
1e-
--2
-
1.2.3
e10
.
1e+
000.e
1e+
1ee2
.
1ee2
1ee2
1e-
e10
000.e
e10
-
0e
1e
1ee2
1e+
e10
--2
.
--2
1ee2
000.e
1ee2
1ee2
1e+
1e
e10
abc
--2
--2
e10
1e+
--2
+
-
1e-
1ee2
1e-
abc
1ee2
-
e10
e10
1.2.3
e10
-
0e
1.2.3
1e+
1e
++1
1e
--2
e10
++1
1ee2
++1
000.e
1ee2
++1
1e
0e
1e-
++1
000.e
1e
1e
1e
--2
1e-
e10
1.2.3
1e
1.2.3
+
++1
--2
1e
1ee2
1e
+
1e
--2
0e
1e+
abc
.
1e-
1ee2
1e-
.
1e+
-
0e
0e
1e-
0e
1e
1e-
+
--2
--2
--2
--2
1ee2
1e+
0e
1ee2
+
1.2.3
++1
--2
1ee2
--2
1.2.3
1ee2
--2
++1
1e-
1e-
1.2.3
000.e
e10
+
abc
++1
++1
1e-
000.e
0e
abc
000.e
1e+
1e-
1e-
.
+
-
1ee2
000.e
0e
1.2.3
++1
.
1e+
1.2.3
1ee2
0e
1e+
0e
1ee2
abc
1e
1e
++1
1ee2
abc
++1
-
abc
.
.
1e-
1ee2
0e
--2
000.e
--2
abc
1.2.3
-
1e-
1e
abc
1ee2
e10
1ee2
000.e
-
1e-
1e
-
--2
abc
+
1ee2
1e-
1e+
1ee2
1e+
-
1.2.3
+
1ee2
1ee2
0e
0e
1e-
e10
000.e
e10
1.2.3
abc
0e
--2
.
1ee2
1ee2
0e
1e
e10
e10
1ee2
++1
++1
1.2.3
1ee2
1e
e10
++1
-
1e
abc
.
1e+
1e
++1
0e
1.2.3
000.e
+
e10
1e-
--2
1e
1.2.3
.
000.e
0e
1e
e10
abc
+
.
--2
1e
1e-
1ee2
1e+
abc
000.e
000.e
1e+
-
abc
1.2.3
000.e
1ee2
.
0e
-
+
e10
1ee2
0e
-
0e
e10
abc
1e+
1ee2
+
0e
0e
+
000.e
++1
+
1.2.3
1e+
++1
1e
-
-
-
e10
--2
-
1ee2
.
abc
000.e
1ee2
1.2.3
e10
1e
+
.
--2
0e
0e
1.2.3
1e
.
1.2.3
000.e
+
1e-
000.e
1ee2
++1
abc
+
1e
1e
++1
1.2.3
--2
000.e
1.2.3
-
0e
1e-
1ee2
1.2.3
1ee2
1e+
000.e
000.e
+
.
1e-
1e+
++1
abc
1ee2
1ee2
0e
e10
abc
-
0e
1e-
--2
1e-
1e-
--2
++1
e10
1e+
.
1.2.3
e10
1e-
.
1.2.3
+
0e
.
++1
e10
1e+
--2
000.e
1e+
0e
000.e
+
000.e
1e
1.2.3
1e+
-
000.e
1e
1e-
0e
--2
e10
e10
1e
++1
abc
1ee2
--2
1.2.3
-
1e
++1
.
-
1.2.3
1e+
--2
.
+
1e
1e
abc
1e
abc
1ee2
1.2.3
1.2.3
000.e
--2
1.2.3
1ee2
000.e
-
--2
++1
--2
-
1e+
1e
1.2.3
++1
1e-
1e+
abc
++1
.
1.2.3
-
.
--2
++1
.
1.2.3
1e-
e10
++1
e10
0e
1e
1.2.3
1e-
+
1e+
1e
1ee2
0e
1.2.3
1e+
++1
--2
1e-
++1
1ee2
1e+
000.e
1e-
1ee2
1e+
1.2.3
+
++1
++1
1e
1e-
1e+
1ee2
--2
000.e
0e
.
abc
e10
1e+
e10
1ee2
.
-
1ee2
--2
1e-
+
1e+
-
.
--2
e10
-
+
0e
1ee2
1e-
1e
1e-
--2
1.2.3
1e-
++1
--2
+
1e-
1e+
1e
.
1.2.3
-
1.2.3
.
000.e
-
0e
-
1ee2
++1
e10
1ee2
0e
+
1.2.3
1ee2
-
-
++1
-
+
abc
1.2.3
++1
e10
++1
.
1.2.3
e10
++1
-
.
000.e
1e+
1e
e10
1.2.3
++1
1e+
++1
1e+
e10
++1
1e+
0e
1.2.3
--2
1e-
-
abc
e10
1.2.3
1e-
1ee2
1e-
1e+
1e
1e
.
+
1e+
e10
+
++1
++1
-
1ee2
1.2.3
1.2.3
1.2.3
+
--2
-
.
1ee2
abc
0e
e10
1.2.3
++1
e10
000.e
1.2.3
1e+
e10
e10
1e
000.e
+
1e-
1ee2
-
e10
1.2.3
+
++1
1e+
.
-
--2
-
1ee2
1.2.3
e10
1e-
0e
abc
.
1e
1e
++1
1ee2
0e
1e+
-
abc
0e
++1
.
--2
-
+
0e
1ee2
000.e
000.e
+
1e
--2
0e
--2
.
1ee2
000.e
1e+
++1
++1
000.e
1.2.3
1e-
-
1e
--2
+
1.2.3
.
++1
abc
--2
1.2.3
e10
1e+
e10
++1
1e+
--2
.
1e+
1ee2
000.e
e10
++1
--2
++1
+
-
.
000.e
0e
++1
e10
e10
1e+
1.2.3
0e
e10
e10
abc
++1
.
1ee2
+
0e
++1
1e+
000.e
1e
e10
0e
+
1ee2
e10
0e
1e
.
1e
1e+
1e+
1e-
1e
000.e
++1
1ee2
1e-
e10
1ee2
1e+
--2
0e
++1
+
++1
0e
abc
1.2.3
e10
1ee2
+
000.e
000.e
1e-
e10
++1
1.2.3
.
-
1e-
1e+
1.2.3
000.e
-
0e
1ee2
-
1e-
0e
--2
++1
-
1ee2
1e+
1.2.3
1.2.3
000.e
000.e
e10
000.e
abc
1ee2
1e-
+
1e+
0e
-
1.2.3
++1
-
-
1e+
0e
000.e
1e+
000.e
e10
-
1e-
+
.
1e-
.
1.2.3
000.e
000.e
-
e10
.
--2
0e
1e-
1ee2
0e
e10
--2
1e-
1ee2
1.2.3
abc
0e
0e
1e
1.2.3
++1
1e+
1ee2
1ee2
0e
000.e
.
000.e
--2
1ee2
0e
0e
0e
+
1e+
-
000.e
--2
0e
-
000.e
e10
0e
1e-
++1
000.e
-
1ee2
1ee2
+
++1
abc
1e+
1e
-
e10
0e
--2
1e-
1e+
1e-
e10
.
--2
.
-
1e-
1e
-
abc
abc
e10
1e-
000.e
-
--2
abc
+
++1
.
e10
000.e
e10
abc
-
.
abc
+
1e
000.e
1e
--2
1e
1ee2
abc
1e+
1e-
000.e
-
--2
1e-
1.2.3
++1
1ee2
abc
000.e
1e+
-
000.e
1e+
-
1e+
abc
.
++1
e10
1.2.3
++1
e10
0e
000.e
0e
+
1ee2
1e+
abc
.
1.2.3
1ee2
abc
1e
.
e10
.
1e
1.2.3
1ee2
1e
+
e10
abc
e10
-
e10
1e
0e
0e
--2
000.e
.
-
++1
1ee2
000.e
1e-
0e
1.2.3
000.e
.
1ee2
+
++1
1ee2
--2
.
--2
1.2.3
--2
-
1e-
0e
1e
--2
.
+
0e
abc
1ee2
abc
.
1.2.3
1e+
1e-
++1
1.2.3
abc
1e-
-
-
e10
-
000.e
1e
++1
--2
1e-
1e-
1e+
1e+
.
1.2.3
+
.
.
000.e
1e-
abc
1ee2
-
000.e
1e
0e
.
1e-
++1
1.2.3
000.e
1e-
+
--2
1e+
000.e
1e
.
000.e
1ee2
++1
1e
-
1ee2
1e+
000.e
0e
1.2.3
1e
1e
1e
+
1e+
abc
.
-
--2
000.e
1ee2
abc
1e-
1.2.3
0e
0e
1e+
0e
+
1.2.3
+
++1
.
1e+
1e+
000.e
1e
1e-
1.2.3
.
--2
000.e
++1
1e+
++1
0e
1.2.3
--2
e10
1.2.3
abc
+
--2
e10
e10
e10
++1
1.2.3
-
000.e
.
0e
-
1e
0e
++1
++1
1e
1.2.3
1ee2
000.e
1e
e10
1e+
0e
e10
1e+
1e-
1.2.3
0e
e10
.
1ee2
--2
++1
0e
1e
.
000.e
+
.
0e
000.e
--2
++1
1ee2
000.e
.
1e-
1ee2
1.2.3
1e
1e+
e10
1e+
000.e
-
1e-
1e+
000.e
1e+
abc
.
1e+
abc
++1
1.2.3
1.2.3
0e
1ee2
--2
abc
1e+
0e
000.e
abc
e10
abc
++1
000.e
-
abc
.
000.e
1e+
++1
1e+
e10
++1
e10
1e-
e10
+
abc
1e+
1e-
0e
1ee2
--2
1e
--2
--2
000.e
1.2.3
e10
000.e
0e
1e+
--2
+
1e+
-
--2
-
e10
1e+
.
1e-
1e+
--2
+
abc
-
abc
e10
1.2.3
1e-
++1
1e+
1ee2
e10
abc
abc
--2
1e
1e
1ee2
abc
++1
+
1e
++1
1e+
--2
-
1e
1e-
1.2.3
.
abc
1e
--2
0e
-
1e+
000.e
1e-
+
.
1ee2
1e-
1e+
1e
1ee2
1e+
-
1e
e10
.
+
1.2.3
-
1.2.3
1e+
1e-
000.e
++1
1e-
.
--2
abc
0e
0e
1.2.3
+
1e+
1ee2
e10
+
+
e10
e10
1e+
.
0e
000.e
abc
1e-
1e-
++1
1e
1e-
abc
1e
1e+
--2
1ee2
+
1ee2
1ee2
-
000.e
1e
-
abc
abc
++1
+
1e-
.
--2
e10
+
+
1.2.3
1.2.3
-
1e
0e
1e
-
1e
1e-
abc
0e
+
1e-
000.e
000.e
++1
1e+
+
e10
++1
1.2.3
abc
1.2.3
.
e10
1e+
1e
e10
1ee2
++1
e10
++1
1ee2
1e-
000.e
+
abc
e10
1e-
--2
1e
.
0e
1ee2
-
+
-
e10
e10
-
000.e
abc
-
--2
000.e
1ee2
1e
.
--2
1e-
++1
abc
1ee2
abc
1e+
-
1e+
0e
-
e10
0e
0e
e10
000.e
0e
1e-
e10
1e
1ee2
1.2.3
++1
.
0e
1e-
000.e
1e
e10
1ee2
1ee2
1ee2
0e
--2
++1
e10
-
1.2.3
1.2.3
.
--2
000.e
-
.
1e+
+
1e+
1e-
1e
e10
--2
--2
.
1e+
0e
++1
--2
0e
000.e
1e
+
1e
1e+
1e-
e10
000.e
abc
1ee2
0e
-
1ee2
1ee2
0e
1e
abc
abc
1e-
--2
0e
1.2.3
.
e10
1.2.3
++1
000.e
1e-
-
+
0e
.
-
0e
1.2.3
+
1.2.3
1e
1ee2
.
1.2.3
1e+
000.e
1.2.3
1ee2
--2
0e
--2
++1
++1
1e
1.2.3
-
1.2.3
e10
-
abc
-
000.e
-
000.e
1e-
e10
1ee2
e10
0e
+
e10
e10
abc
000.e
-
e10
--2
+
1e+
1e
-
000.e
1ee2
++1
1e-
e10
0e
abc
1e+
000.e
1.2.3
abc
+
.
1e+
++1
1e+
++1
+
-
0e
0e
1e-
.
0e
1e
e10
-
abc
e10
--2
abc
++1
--2
e10
1e-
.
1e+
1.2.3
e10
1e+
abc
+
1ee2
--2
1e
1e
1.2.3
000.e
1ee2
000.e
1e-
++1
1e-
1e
abc
abc
0e
e10
e10
--2
abc
--2
1e
000.e
1.2.3
abc
e10
000.e
1ee2
.
000.e
0e
000.e
1e-
1e+
1.2.3
+
1e
1e
-
000.e
0e
e10
1ee2
1e
1.2.3
1ee2
1e-
+
0e
++1
.
1e+
abc
000.e
.
e10
-
e10
1e+
e10
abc
++1
1.2.3
000.e
-
--2
0e
1e+
1e
1e+
1e
-
000.e
--2
0e
-
+
abc
1e+
.
abc
.
1ee2
++1
-
1e+
1e-
--2
--2
0e
0e
+
1ee2
+
1e-
.
0e
.
1ee2
1e
1e
0e
--2
--2
--2
1e-
1e-
000.e
abc
1e
1e-
1ee2
0e
1e-
1e+
-
1.2.3
1.2.3
abc
1e-
+
1e+
0e
++1
e10
1.2.3
1ee2
+
.
--2
--2
e10
-
1ee2
1e-
1.2.3
+
+
1e+
--2
abc
1e-
1e
0e
0e
0e
1ee2
e10
e10
0e
1ee2
1ee2
.
e10
1.2.3
1ee2
1e+
1.2.3
++1
+
--2
++1
1e-
1ee2
--2
e10
++1
++1
1e+
000.e
1ee2
abc
1e+
1e-
0e
0e
1ee2
1ee2
+
1e
1ee2
-
e10
-
1e-
1e-
1.2.3
-
++1
.
1e+
--2
1e-
+
-
1e
e10
1e-
1e-
0e
0e
+
000.e
1e
.
+
++1
1ee2
--2
e10
e10
.
+
1e
+
.
0e
-
1.2.3
-
0e
1e+
+
1.2.3
1ee2
1e+
1e-
++1
1e+
1.2.3
.
abc
.
+
1e+
abc
1ee2
e10
abc
0e
0e
+
-
+
1e+
1e-
1.2.3
1ee2
++1
1ee2
000.e
-
1e-
1.2.3
+
abc
1ee2
0e
000.e
++1
.
0e
abc
--2
1ee2
1.2.3
1e
-
1e-
1e
e10
000.e
1e
1e+
1e-
++1
1e
1ee2
1e+
-
abc
e10
--2
000.e
.
1e+
1ee2
e10
1e-
abc
+
000.e
.
e10
++1
++1
abc
-
1e+
--2
000.e
++1
1e-
-
-
e10
1.2.3
.
+
1e-
1e+
1e
abc
-
0e
++1
1e
++1
1.2.3
1e-
abc
.
1ee2
abc
1e+
1e+
-
1e+
+
-
1e+
0e
1e
+
+
1.2.3
.
000.e
--2
++1
--2
+
abc
e10
1e+
1ee2
.
-
++1
0e
.
000.e
abc
abc
1e-
abc
000.e
1ee2
+
1.2.3
++1
1e+
-
1e
++1
1.2.3
--2
1e
0e
1e-
abc
0e
1e
1e
1e+
abc
--2
abc
abc
-
1e+
e10
-
abc
1e-
1e+
++1
1e
1e-
+
+
1ee2
++1
1ee2
-
++1
e10
1e
e10
-
1e+
++1
+
0e
1e+
abc
1e
0e
1.2.3
e10
000.e
+
1e-
abc
-
1e
000.e
+
--2
.
abc
-
1e-
e10
000.e
++1
-
.
1ee2
e10
000.e
-
1ee2
1e+
abc
1e+
0e
1e-
++1
1.2.3
1.2.3
1ee2
1e+
000.e
abc
000.e
0e
0e
-
1e
0e
000.e
--2
--2
e10
-
1e+
-
-
--2
.
e10
1ee2
++1
1e-
1e+
--2
abc
.
++1
e10
0e
-
000.e
1e+
1ee2
e10
0e
-
++1
--2
e10
.
abc
0e
-
.
0e
.
000.e
1e-
1e
1.2.3
e10
--2
1e
abc
1.2.3
1.2.3
--2
-
-
000.e
-
1ee2
1e
1e
000.e
--2
.
0e
+
+
.
.
abc
+
+
1e+
1e+
1e+
1.2.3
--2
-
0e
e10
abc
1e
1e
abc
1ee2
e10
1e-
--2
000.e
0e
1.2.3
+
++1
1e+
--2
1e
++1
+
1ee2
000.e
1e+
0e
--2
.
1e-
--2
0e
-
1.2.3
1.2.3
1e-
abc
1e
--2
0e
-
000.e
1e
.
000.e
1e+
-
1e-
++1
abc
--2
++1
1e
000.e
000.e
e10
abc
.
0e
++1
1.2.3
0e
--2
000.e
0e
-
1e-
.
+
0e
.
abc
000.e
+
--2
++1
1e+
1ee2
1e-
-
++1
+
000.e
abc
1e-
-
1e
000.e
1e
1e
abc
+
-
.
000.e
1e+
--2
1e-
--2
0e
--2
1.2.3
--2
1e+
-
0e
-
1e
0e
-
1ee2
1ee2
1e+
++1
++1
abc
1e+
1.2.3
abc
-
1ee2
1ee2
--2
e10
+
1e+
.
.
1ee2
000.e
+
1e-
e10
1e-
--2
abc
e10
--2
+
.
1.2.3
1e
-
--2
0e
1ee2
0e
+
abc
1ee2
.
1.2.3
++1
1.2.3
1ee2
.
000.e
abc
-
1e+
1e+
++1
e10
.
e10
000.e
1e+
--2
.
abc
1e-
1e
000.e
+
-
000.e
1.2.3
++1
1e+
000.e
0e
1.2.3
e10
1e-
abc
++1
--2
1ee2
1e-
--2
1e
1e+
0e
--2
.
abc
+
-
-
-
--2
e10
.
1e-
e10
1e
000.e
abc
0e
1e
1e+
-
--2
--2
+
1e
e10
1ee2
000.e
1e
e10
.
e10
-
1ee2
abc
abc
abc
0e
e10
.
e10
1e+
--2
1.2.3
+
abc
1e-
e10
abc
++1
+
--2
--2
-
000.e
1.2.3
e10
-
1e
-
1.2.3
000.e
0e
1.2.3
000.e
000.e
e10
1.2.3
1e+
+
1ee2
abc
-
000.e
-
++1
0e
-
--2
.
-
1e+
+
1ee2
.
-
1.2.3
000.e
1e
1ee2
abc
000.e
000.e
1e
1e-
--2
--2
.
1e+
1e
++1
e10
1e-
1e-
1e
1ee2
abc
+
++1
000.e
e10
1e-
abc
1ee2
1e
e10
abc
++1
1.2.3
.
-
+
e10
.
0e
--2
.
++1
1e
.
1e
-
1e-
1e
+
1e+
000.e
1ee2
-
-
1.2.3
1e-
--2
1e-
-
abc
1e+
--2
--2
1e-
-
1e+
1e
-
1.2.3
1e
++1
e10
++1
-
1.2.3
e10
000.e
-
000.e
--2
++1
-
abc
1e+
abc
e10
--2
1e+
.
+
.
1ee2
.
1e
0e
1e-
000.e
1e
abc
e10
abc
000.e
--2
abc
abc
1e
-
e10
abc
1.2.3
+
.
1e-
1e
+
--2
e10
--2
1e-
++1
-
-
1e
.
+
++1
e10
1e
--2
1e-
.
0e
0e
0e
--2
1e-
1e
1ee2
000.e
abc
000.e
1e-
1e+
--2
--2
.
+
1e-
0e
--2
1e
--2
++1
++1
0e
1e+
--2
1ee2
-
e10
0e
1e-
+
e10
.
0e
1e+
1.2.3
000.e
e10
++1
++1
.
+
-
1e-
-
1e-
-
1ee2
.
abc
1e-
1e
abc
000.e
1.2.3
-
++1
0e
1.2.3
1ee2
1e
e10
e10
1e+
e10
e10
0e
1.2.3
++1
.
1.2.3
000.e
-
1e+
0e
--2
1.2.3
abc
+
000.e
abc
.
abc
e10
abc
1.2.3
000.e
e10
abc
-
1ee2
--2
0e
.
1ee2
1e-
0e
1e+
0e
1.2.3
000.e
-
+
1e+
1e+
1e
1e-
abc
.
--2
1.2.3
1e
-
abc
+
+
1ee2
0e
++1
1e-
1.2.3
1ee2
1e
1e
0e
.
+
1e+
abc
1ee2
1.2.3
--2
--2
--2
+
1e-
1e-
.
abc
--2
1e-
1ee2
-
1e
1ee2
1ee2
++1
000.e
-
++1
1e-
000.e
e10
000.e
1e-
--2
-
--2
1.2.3
++1
++1
.
abc
1ee2
1e-
0e
--2
--2
.
1e-
++1
++1
e10
1e-
1e+
1e-
000.e
.
+
.
1ee2
abc
000.e
e10
1.2.3
000.e
+
1e-
++1
1e
000.e
000.e
1.2.3
-
0e
1e+
+
1ee2
1ee2
1.2.3
1e
1ee2
1e-
000.e
abc
+
abc
e10
abc
--2
+
e10
e10
e10
.
1e
1ee2
-
1e+
1e-
1e-
1e-
1.2.3
0e
0e
0e
e10
-
--2
000.e
-
0e
-
1e
--2
++1
e10
++1
++1
abc
1e
-
-
1.2.3
e10
.
0e
-
abc
0e
0e
000.e
1e
0e
abc
1e+
.
--2
abc
-
abc
1.2.3
++1
abc
1.2.3
-
-
-
1e
1.2.3
0e
e10
0e
1.2.3
abc
abc
1e+
abc
+
1e
000.e
1.2.3
000.e
e10
1e-
--2
1e+
-
0e
1ee2
1e-
++1
1e-
1.2.3
1e
.
1.2.3
+
1.2.3
000.e
++1
1e
1.2.3
++1
--2
e10
.
abc
++1
1.2.3
e10
0e
0e
1.2.3
.
1e+
+
1e-
-
abc
000.e
1ee2
-
abc
.
1ee2
e10
000.e
abc
abc
1.2.3
+
000.e
abc
000.e
1e+
1e+
1e+
e10
1.2.3
1ee2
1e+
--2
000.e
1e
-
1ee2
++1
+
++1
1e-
1ee2
.
-
.
.
e10
0e
e10
1e-
1.2.3
++1
1.2.3
abc
1e-
abc
1e+
+
1e
-
.
0e
000.e
-
1e-
1ee2
1ee2
--2
e10
-
1e+
1.2.3
1ee2
--2
++1
-
1ee2
e10
1e-
abc
abc
1e+
1e-
1e
.
--2
--2
abc
1ee2
--2
000.e
1e
abc
e10
+
0e
000.e
1.2.3
e10
1.2.3
1.2.3
1e
1.2.3
1.2.3
abc
e10
+
1ee2
--2
0e
1.2.3
1e-
1e+
.
e10
abc
1e+
--2
1e-
++1
+
1e-
e10
e10
+
1e
abc
++1
000.e
abc
-
+
++1
abc
+
+
--2
000.e
1e-
.
1.2.3
.
1e
.
1e-
+
1e
e10
e10
0e
-
.
000.e
-
0e
0e
.
1e
1.2.3
0e
--2
abc
abc
abc
000.e
.
e10
e10
++1
1.2.3
+
e10
1.2.3
--2
1ee2
+
1e-
1e-
1e+
000.e
--2
1.2.3
+
1e
.
1e-
.
1ee2
1.2.3
e10
000.e
1ee2
--2
1e
.
abc
000.e
-
+
abc
1e+
1e
abc
1e+
0e
1e
1ee2
.
1ee2
+
1e-
.
+
1e-
1e-
++1
1e
1e
1e+
0e
.
--2
.
1e-
e10
000.e
1.2.3
1.2.3
1.2.3
1ee2
++1
1.2.3
1e
-
+
++1
000.e
abc
1e-
+
--2
++1
1e-
abc
0e
++1
--2
1e+
1ee2
1e-
1e-
++1
000.e
1ee2
.
--2
1.2.3
1e
e10
.
-
+
1.2.3
0e
--2
.
1.2.3
.
++1
-
1.2.3
e10
1ee2
abc
--2
1e-
1ee2
abc
0e
--2
-
1e-
000.e
++1
e10
-
+
.
1e+
--2
abc
+
000.e
++1
1ee2
e10
1.2.3
+
0e
+
0e
000.e
000.e
--2
-
+
--2
--2
1e+
1e+
--2
abc
--2
--2
e10
1e
1e-
.
abc
e10
+
.
++1
1ee2
.
000.e
1e-
.
.
.
abc
0e
1e+
abc
abc
0e
abc
1e
0e
.
+
-
e10
1e
1.2.3
1e
1ee2
++1
e10
.
abc
.
--2
e10
+
000.e
abc
++1
++1
abc
e10
e10
++1
abc
1.2.3
.
e10
1e+
--2
1ee2
-
1ee2
++1
-
--2
1ee2
abc
-
1ee2
e10
0e
-
1ee2
1ee2
abc
1e-
e10
1e
--2
1e+
1.2.3
1ee2
+
000.e
1.2.3
--2
.
1e
abc
000.e
1e-
--2
e10
1ee2
+
--2
-
1e
000.e
.
000.e
.
+
000.e
1ee2
abc
1e-
1e
++1
e10
--2
+
1.2.3
1ee2
-
+
0e
1e
+
+
-
1ee2
1e-
++1
--2
1e-
1e
+
+
.
1e
1e-
++1
000.e
e10
1e+
abc
1e
+
1.2.3
+
1.2.3
1e
-
0e
++1
+
abc
1e-
1ee2
.
e10
abc
1.2.3
e10
++1
1ee2
--2
+
.
++1
.
.
abc
abc
1ee2
1.2.3
-
1ee2
1e+
-
0e
1.2.3
1e-
1e
.
1e+
++1
++1
1e
1.2.3
abc
1e-
abc
-
000.e
++1
--2
abc
-
++1
1e-
1.2.3
1ee2
-
1e-
abc
++1
1.2.3
abc
1e
+
1.2.3
1e
0e
abc
0e
-
1e-
0e
1e
e10
-
+
--2
1e
1.2.3
1e+
e10
abc
.
000.e
abc
000.e
+
.
.
-
1e-
1ee2
1ee2
.
-
++1
1ee2
000.e
000.e
++1
++1
.
--2
e10
1e+
1ee2
++1
-
--2
e10
+
.
-
1e+
1ee2
1ee2
e10
000.e
+
1e
1.2.3
1e-
.
.
1e
1e+
.
+
1.2.3
.
1e-
1e
1e-
++1
0e
.
abc
e10
0e
-
1e-
1ee2
+
--2
e10
e10
--2
1e-
1e-
++1
1ee2
e10
abc
e10
1.2.3
-
abc
000.e
.
abc
1e-
1e+
-
++1
--2
+
abc
e10
.
+
1e-
1e+
1e-
-
1ee2
.
-
e10
++1
abc
1e+
000.e
0e
1e
+
1e
1e
abc
1e-
-
++1
1e
1e+
1e
1e
abc
--2
abc
1.2.3
++1
abc
1e
1.2.3
000.e
1ee2
1e
0e
1.2.3
+
1e+
-
abc
000.e
1e
1e+
000.e
1.2.3
1ee2
000.e
0e
000.e
++1
1e
--2
000.e
-
abc
-
0e
1e
0e
abc
000.e
1.2.3
e10
-
0e
1.2.3
+
1.2.3
1e-
1ee2
1e
-
1e
e10
1e-
e10
1e+
.
1e
--2
1e
abc
000.e
1e+
-
000.e
1e
--2
+
.
000.e
-
1e+
1.2.3
1e+
0e
abc
++1
000.e
1e
1e+
000.e
1ee2
.
-
++1
+
.
1e
1e+
1e
-
.
000.e
1e+
1ee2
+
-
-
++1
1e+
-
0e
1.2.3
abc
--2
0e
e10
1e
1e
0e
1ee2
+
--2
1e-
000.e
++1
1ee2
0e
abc
--2
1e-
1ee2
.
--2
+
1.2.3
.
1ee2
--2
+
1e+
.
000.e
1e+
-
e10
--2
+
--2
0e
1e
000.e
+
1ee2
0e
0e
1.2.3
1e-
abc
--2
.
-
0e
0e
1e
1.2.3
1e-
-
0e
1ee2
000.e
++1
0e
++1
1.2.3
1ee2
.
++1
-
.
1e
e10
1e
0e
1ee2
1e+
+
-
1e
000.e
-
1.2.3
0e
1ee2
++1
++1
1e
000.e
++1
1ee2
1.2.3
1e+
+
1e+
000.e
1e-
1.2.3
1e-
--2
1e-
1.2.3
-
000.e
-
e10
.
1e-
1e-
-
+
+
+
1ee2
1e
+
abc
+
.
000.e
000.e
000.e
+
e10
1.2.3
e10
1.2.3
-
1.2.3
1e-
abc
+
0e
000.e
abc
000.e
0e
.
-
1e+
1.2.3
1ee2
++1
+
1.2.3
1e-
e10
1.2.3
0e
0e
--2
1ee2
1e
--2
-
.
--2
--2
0e
1e-
abc
--2
--2
e10
++1
1.2.3
1e-
-
1.2.3
+
1e+
0e
--2
1e+
000.e
-
++1
abc
e10
1e-
1ee2
-
.
.
+
000.e
1ee2
++1
++1
-
e10
000.e
e10
0e
e10
e10
--2
1e+
-
1ee2
++1
0e
e10
000.e
1e-
1e-
1.2.3
abc
1e
+
++1
--2
1e
1e
-
--2
--2
e10
++1
1e-
1e-
.
1e+
1e+
-
abc
+
0e
-
++1
0e
1e+
abc
1e
-
1e+
--2
0e
++1
1.2.3
000.e
+
1ee2
e10
1.2.3
1ee2
abc
--2
e10
1ee2
1e
.
0e
abc
+
abc
1e-
1e-
.
.
1.2.3
1.2.3
abc
0e
1ee2
1.2.3
000.e
abc
--2
e10
--2
1e
1e+
1e-
0e
1e
000.e
000.e
1e
1e-
e10
-
1e+
1ee2
-
1e-
e10
1.2.3
abc
.
-
0e
000.e
0e
000.e
-
000.e
+
++1
0e
++1
.
e10
++1
1.2.3
+
1ee2
1ee2
1e+
--2
1e
e10
e10
-
0e
+
-
1.2.3
000.e
1.2.3
abc
+
++1
e10
++1
.
1e+
000.e
abc
1.2.3
++1
1e
1.2.3
-
++1
1ee2
.
0e
.
1e+
1e+
abc
-
1.2.3
+
1e-
1e+
1e
000.e
1ee2
.
+
--2
1e
++1
e10
1ee2
1.2.3
1.2.3
1e
000.e
++1
+
--2
e10
000.e
0e
1e
++1
1e+
000.e
0e
1.2.3
+
1.2.3
e10
++1
1ee2
1.2.3
1e+
000.e
1e-
.
--2
000.e
1e
abc
-
-
++1
1e
1.2.3
.
000.e
1e-
0e
abc
1e
-
1e
-
abc
0e
1e+
.
000.e
-
--2
--2
1e
e10
abc
.
1e
++1
.
--2
000.e
.
+
1ee2
--2
.
1ee2
abc
++1
+
e10
000.e
-
1e-
e10
-
1e-
abc
++1
++1
-
.
1e-
1.2.3
0e
1.2.3
1e+
e10
e10
1ee2
+
1e+
1e+
1ee2
abc
1e+
.
1ee2
++1
1e
1e-
1ee2
1e-
-
1e
++1
+
1.2.3
.
.
e10
1e-
-
1.2.3
1e-
.
abc
++1
1.2.3
1ee2
-
1e+
-
1.2.3
000.e
--2
1e+
abc
000.e
1e+
1.2.3
000.e
.
++1
.
1e-
++1
-
.
e10
abc
1.2.3
000.e
1e
+
+
.
1e+
0e
++1
.
1ee2
000.e
000.e
0e
abc
--2
1e
1.2.3
1e+
1e+
abc
abc
1e+
.
e10
000.e
1.2.3
.
1.2.3
1e
++1
1e-
abc
1ee2
e10
1e
000.e
e10
abc
-
-
1e
000.e
e10
e10
1.2.3
abc
1.2.3
--2
1.2.3
abc
++1
1ee2
1.2.3
.
1e-
--2
1e-
-
1e
.
++1
.
e10
-
--2
abc
0e
e10
1.2.3
000.e
1ee2
0e
0e
1e
--2
1e-
1.2.3
1ee2
1.2.3
--2
1ee2
e10
1e-
1.2.3
+
1e
abc
000.e
e10
++1
-
0e
1e
1e
++1
0e
000.e
000.e
+
--2
abc
--2
e10
.
++1
1e+
-
+
-
--2
abc
1e+
0e
000.e
1e
abc
1e
+
++1
000.e
1e+
-
e10
e10
1ee2
abc
1ee2
1e+
1e
1.2.3
1ee2
1e
1e+
--2
000.e
--2
000.e
--2
0e
000.e
1ee2
1e+
++1
e10
abc
-
--2
1e-
--2
abc
-
1e+
.
1.2.3
1ee2
0e
1e-
1e+
--2
000.e
++1
0e
1ee2
1.2.3
1e+
+
++1
1e-
++1
000.e
++1
1.2.3
.
--2
+
1e
1e
--2
000.e
1e
1ee2
abc
1e-
+
1e-
1e+
++1
e10
1e+
abc
0e
e10
-
1.2.3
++1
1e-
++1
.
.
1ee2
++1
0e
1e-
+
000.e
1.2.3
0e
++1
1ee2
1ee2
abc
+
++1
1.2.3
abc
++1
++1
++1
1.2.3
e10
1e+
++1
.
+
0e
-
.
.
e10
1e-
000.e
.
++1
1e
0e
--2
++1
1e-
1ee2
+
1e+
000.e
--2
0e
1.2.3
000.e
000.e
1e-
.
++1
0e
1.2.3
+
e10
1e-
abc
.
.
.
1e-
e10
-
1e-
0e
abc
e10
1e-
-
1e-
1e
-
-
++1
1ee2
--2
1e
+
+
1ee2
+
1.2.3
--2
--2
e10
abc
1e+
1ee2
++1
1e-
1.2.3
1e-
+
--2
1ee2
1ee2
1.2.3
000.e
-
--2
.
0e
e10
1e
1e+
000.e
0e
0e
-
1e+
++1
000.e
+
1ee2
++1
000.e
1e
1e
++1
1e+
1e+
1e-
1e
000.e
1e
1e+
-
0e
0e
000.e
1e+
++1
1e+
abc
1.2.3
1e-
.
1.2.3
abc
++1
1ee2
++1
--2
1e-
1.2.3
e10
1ee2
1ee2
e10
1e
+
e10
+
1e+
1e
000.e
1e
++1
abc
e10
1e
1.2.3
1e-
000.e
1ee2
000.e
e10
--2
+
abc
1.2.3
++1
1.2.3
e10
0e
1e-
000.e
0e
++1
-
1e
0e
--2
1e+
.
abc
000.e
abc
--2
000.e
+
1e-
.
1e+
1e+
--2
1ee2
.
+
1e+
1.2.3
e10
0e
1ee2
++1
++1
1e+
abc
.
abc
e10
1e
+
000.e
1.2.3
++1
000.e
.
000.e
abc
1e-
abc
1e-
e10
+
-
1e
1e-
1e-
+
-
0e
1.2.3
e10
1e
1ee2
1e+
abc
--2
1e-
0e
++1
000.e
+
++1
1.2.3
++1
abc
-
-
1e-
--2
1e
abc
--2
+
abc
.
1e-
1e-
++1
abc
abc
1e+
1e-
1e-
++1
000.e
abc
1ee2
-
1e-
.
1e+
000.e
0e
1e-
abc
abc
0e
1e
000.e
-
1e-
1e
.
++1
.
1e
1ee2
.
e10
.
000.e
1ee2
1ee2
1e+
abc
1ee2
++1
+
--2
--2
abc
e10
.
1.2.3
e10
000.e
abc
1e
1e
--2
abc
e10
1e
e10
1e
1ee2
1e-
1e
1ee2
+
abc
0e
1ee2
+
000.e
abc
abc
.
1.2.3
e10
0e
1e-
1e-
e10
++1
abc
0e
1e
e10
+
++1
000.e
+
e10
e10
1e+
.
e10
++1
1e
e10
e10
e10
e10
000.e
1e
-
.
1e
abc
abc
++1
1e-
--2
-
++1
abc
1e+
1.2.3
1e
++1
0e
1.2.3
-
1.2.3
1e
--2
--2
-
1e
++1
.
e10
e10
1ee2
0e
-
-
abc
1e+
1ee2
1ee2
0e
--2
1.2.3
1ee2
1e-
1e-
e10
e10
++1
+
abc
0e
+
e10
.
abc
1.2.3
.
++1
1e
--2
abc
+
0e
-
.
000.e
--2
e10
abc
++1
000.e
1.2.3
e10
++1
0e
1e+
1ee2
0e
0e
--2
1e+
1e
--2
1e
000.e
abc
--2
abc
1e
abc
0e
+
e10
-
.
abc
000.e
-
abc
e10
-
0e
+
1ee2
0e
1e-
1e-
--2
1.2.3
.
1ee2
++1
-
--2
abc
abc
++1
.
-
1e
++1
1e+
++1
1.2.3
e10
+
.
1e
-
+
--2
-
1ee2
-
000.e
1e-
1e
+
-
000.e
1e+
abc
000.e
-
++1
e10
--2
000.e
1e-
-
1ee2
+
1e+
+
1e
000.e
1e+
+
1e-
-
1ee2
1e-
+
1ee2
1ee2
1e
+
1ee2
abc
1.2.3
1.2.3
000.e
1ee2
1e+
1.2.3
++1
--2
++1
--2
--2
.
.
e10
1.2.3
.
000.e
e10
-
e10
1e+
abc
1ee2
e10
.
0e
++1
++1
++1
1e+
1e
1e-
e10
0e
abc
-
000.e
-
1ee2
0e
-
1e+
1e+
abc
-
1e+
1.2.3
0e
0e
1ee2
++1
++1
000.e
.
000.e
abc
--2
1.2.3
1e+
0e
-
e10
1e+
e10
1e+
1e+
0e
.
1e+
+
1e+
-
1e+
000.e
1ee2
.
e10
-
1e-
0e
1ee2
1ee2
--2
1e-
1e
-
1ee2
--2
1e+
e10
1e+
1e+
0e
.
000.e
1e
1e-
e10
-
-
1e+
++1
-
+
0e
1e
abc
e10
.
-
-
1e
-
.
0e
1e
1e
++1
000.e
++1
1e-
000.e
--2
++1
1ee2
+
-
-
1ee2
000.e
abc
0e
1e
1e+
1e-
++1
1e+
0e
abc
--2
.
-
--2
1.2.3
--2
1.2.3
1e+
1e
000.e
1e-
1e+
1e+
.
-
1ee2
abc
.
e10
1e
1ee2
1e
0e
abc
1e+
1.2.3
++1
.
1e+
++1
--2
.
++1
1e-
++1
1.2.3
1e
0e
abc
--2
000.e
1.2.3
abc
abc
1ee2
1e+
1.2.3
1e-
000.e
000.e
--2
1.2.3
e10
1e
000.e
1ee2
e10
++1
1ee2
1e+
000.e
1e+
1e
1e+
1ee2
000.e
1e-
1e+
1e
1ee2
+
e10
abc
000.e
000.e
0e
++1
--2
1e+
-
-
abc
000.e
++1
.
-
-
1ee2
1e
++1
--2
abc
+
.
1e-
000.e
.
1e+
abc
1e-
--2
1.2.3
-
-
-
abc
1ee2
1.2.3
+
1ee2
1e+
.
++1
1.2.3
1e
+
1e+
--2
1e-
1e-
+
.
1.2.3
1e
1.2.3
-
1e
1.2.3
1.2.3
1.2.3
000.e
000.e
-
000.e
e10
abc
+
++1
000.e
1e+
+
1.2.3
-
++1
1e-
e10
e10
0e
1ee2
-
.
0e
+
000.e
++1
000.e
abc
0e
000.e
abc
1ee2
abc
1e-
1e-
0e
1e
1e
--2
++1
++1
--2
e10
0e
.
+
0e
1ee2
++1
1e-
000.e
1e+
0e
1ee2
e10
abc
abc
0e
0e
e10
1e+
1e+
1e-
.
1.2.3
e10
1.2.3
000.e
++1
--2
0e
.
1e-
abc
1.2.3
e10
1ee2
1e
1.2.3
000.e
1e-
1ee2
0e
+
-
1.2.3
1ee2
000.e
++1
1e-
1e+
++1
-
1e
1e
--2
-
0e
0e
1e
1e+
0e
0e
1ee2
1e+
0e
.
1e
e10
1.2.3
1e+
1e+
1ee2
0e
000.e
1.2.3
000.e
1e+
e10
--2
1e
-
000.e
000.e
--2
--2
1e
++1
++1
0e
1e
-
1ee2
.
+
++1
1e-
.
1ee2
+
++1
1e+
000.e
1e-
1e+
1e+
--2
++1
--2
e10
1e
abc
++1
1ee2
1.2.3
--2
-
--2
-
1ee2
1e
+
++1
1ee2
abc
1e
.
1ee2
e10
1e+
-
++1
--2
1.2.3
1e
+
0e
1e
1e-
+
0e
abc
+
-
000.e
1.2.3
-
000.e
000.e
1e
1.2.3
1e
-
++1
1ee2
e10
.
1e
e10
abc
1e-
abc
0e
1e
+
abc
-
++1
000.e
-
++1
1e
0e
.
0e
++1
++1
1ee2
abc
++1
000.e
e10
000.e
-
abc
-
1e
--2
-
1.2.3
e10
1.2.3
abc
abc
++1
1e
1e-
0e
+
.
++1
1ee2
1e+
--2
1.2.3
abc
1e
1e+
0e
1e-
abc
1.2.3
1.2.3
e10
abc
1e-
0e
.
++1
1e-
1.2.3
1e+
abc
000.e
1.2.3
.
-
000.e
1e
1e-
0e
.
000.e
++1
1.2.3
e10
1.2.3
-
1e-
1e
+
1e-
1ee2
000.e
--2
1.2.3
1.2.3
e10
+
1ee2
++1
e10
-
.
--2
+
0e
+
.
1e-
abc
1e+
e10
1e-
0e
abc
1e+
0e
1e
--2
1e
1e-
1ee2
+
1.2.3
1e-
++1
++1
1e+
+
000.e
1e-
1e
1ee2
+
abc
1ee2
1ee2
1e
1e
--2
000.e
-
-
++1
1e-
abc
+
.
-
+
0e
--2
1e-
++1
1ee2
--2
1e-
000.e
.
.
1e+
.
+
e10
-
1e
abc
0e
000.e
1e-
+
++1
000.e
1e+
e10
1.2.3
000.e
1e+
e10
1ee2
.
1ee2
--2
0e
e10
0e
1.2.3
++1
1e
1ee2
abc
.
1ee2
1ee2
1e
1.2.3
000.e
++1
-
1ee2
1e-
1e-
0e
abc
e10
1ee2
.
.
0e
e10
e10
1e+
+
+
+
abc
abc
1e+
abc
++1
1e-
abc
++1
--2
1.2.3
1e
+
000.e
1e-
--2
1.2.3
1.2.3
0e
+
+
1e+
0e
++1
1e-
0e
1e-
-
++1
.
1.2.3
1e+
1e-
.
.
.
+
e10
++1
1ee2
1ee2
1.2.3
1.2.3
1e+
1ee2
e10
1e+
1e+
--2
--2
1e
1ee2
abc
--2
1.2.3
1e-
+
-
1e
1e-
++1
1e+
++1
+
1.2.3
-
abc
1ee2
1e+
1.2.3
1e
abc
-
1e+
abc
1e
+
1ee2
1.2.3
1.2.3
--2
--2
1e+
0e
--2
1e-
0e
-
abc
e10
1ee2
.
abc
1e-
abc
+
0e
--2
1.2.3
1ee2
1e
1e+
000.e
++1
1ee2
0e
1e-
.
000.e
0e
1e-
--2
1e-
1.2.3
1ee2
1e
1e
1e
1.2.3
+
000.e
0e
-
1ee2
++1
0e
.
++1
1e+
1ee2
-
abc
1e
0e
1e+
+
0e
1e-
--2
--2
--2
e10
1e
++1
0e
1ee2
--2
1.2.3
+
abc
0e
++1
--2
1.2.3
abc
-
000.e
000.e
abc
--2
.
1e
000.e
1ee2
0e
000.e
-
1e+
0e
1.2.3
1.2.3
abc
-
+
1e
0e
000.e
1e-
+
0e
e10
1e
abc
1e+
abc
1ee2
+
-
0e
1e+
++1
0e
-
1e-
-
-
+
--2
1e
0e
1e
000.e
1ee2
1ee2
1e+
.
++1
-
abc
e10
.
.
000.e
e10
++1
000.e
1ee2
++1
++1
1.2.3
-
1e
.
e10
1e-
+
--2
abc
1ee2
++1
-
.
+
++1
e10
-
++1
.
1.2.3
1e-
--2
e10
e10
1e-
1e+
+
abc
e10
1e-
.
-
000.e
1ee2
1.2.3
1e
-
.
1ee2
1.2.3
e10
.
1e+
1e+
abc
000.e
--2
++1
0e
1.2.3
1.2.3
000.e
000.e
1e-
1e+
0e
0e
-
--2
e10
000.e
-
0e
0e
-
1e
1e-
1e-
-
1ee2
1.2.3
.
1.2.3
.
1e+
1e
--2
1ee2
--2
1.2.3
++1
000.e
1e+
e10
abc
-
1ee2
1e
.
1e
abc
1e+
1e+
--2
-
abc
1e
1e-
+
-
+
000.e
--2
+
+
-
1ee2
.
.
abc
0e
e10
++1
.
.
.
000.e
0e
+
0e
1e+
e10
+
-
1e+
1e-
1ee2
0e
1e
e10
000.e
1e-
000.e
++1
abc
1e-
-
-
.
abc
--2
abc
1e-
abc
000.e
--2
.
e10
abc
1e
1ee2
1e+
1ee2
e10
0e
0e
000.e
++1
-
--2
++1
1e
0e
000.e
.
+
e10
.
e10
1.2.3
1e
-
1.2.3
++1
+
1.2.3
--2
000.e
1ee2
000.e
--2
+
1e
1e-
1e-
000.e
+
++1
abc
1ee2
++1
e10
1e
e10
-
000.e
1e
1e
+
-
-
++1
abc
++1
1e+
++1
1.2.3
1e+
1e+
--2
-
1e
1e
000.e
++1
1ee2
000.e
1.2.3
1e-
++1
1ee2
1e+
0e
1e-
0e
0e
+
1.2.3
1e-
1e-
0e
+
1e+
--2
0e
.
e10
0e
--2
--2
abc
000.e
+
--2
++1
1e+
1e
+
+
abc
--2
0e
abc
-
.
1e
+
e10
0e
0e
.
--2
000.e
1e
0e
--2
e10
--2
1ee2
0e
1.2.3
1e-
+
0e
e10
0e
1.2.3
+
1e-
--2
1ee2
.
000.e
1e-
.
1e
abc
0e
1e-
+
--2
1ee2
--2
1e-
.
.
1.2.3
--2
0e
0e
1e+
+
1e-
abc
1ee2
abc
000.e
+
1ee2
abc
1ee2
1e-
.
--2
1e+
-
1e+
1e+
1e+
--2
0e
++1
0e
1.2.3
1.2.3
1e+
1e+
000.e
e10
1ee2
e10
++1
1e-
.
e10
e10
-
0e
.
.
e10
-
0e
1ee2
abc
+
.
-
.
1e
1.2.3
-
1e+
e10
++1
000.e
--2
--2
+
.
1ee2
0e
.
++1
0e
-
-
1ee2
-
+
1ee2
.
000.e
-
1.2.3
1.2.3
-
1ee2
1e
--2
1e
++1
--2
000.e
1ee2
1ee2
000.e
1e
+
1e
abc
abc
1e+
1e
--2
abc
--2
0e
++1
1e+
1e
e10
-
+
-
--2
0e
--2
++1
1e+
e10
1ee2
.
1e+
1e+
1ee2
abc
1.2.3
000.e
.
-
000.e
1.2.3
--2
--2
000.e
1e+
abc
-
++1
++1
+
1e+
++1
0e
++1
--2
000.e
abc
+
000.e
0e
0e
++1
--2
+
0e
1e-
1.2.3
1e
0e
++1
0e
0e
--2
e10
--2
++1
0e
+
abc
000.e
1ee2
+
-
1e+
0e
+
+
0e
--2
abc
1e-
0e
1e+
1e+
1.2.3
-
1ee2
.
.
1e+
1ee2
abc
1.2.3
000.e
1e
1ee2
--2
1ee2
0e
0e
abc
e10
1e-
1.2.3
1e-
1ee2
1e-
abc
+
++1
000.e
-
+
+
0e
--2
--2
.
1.2.3
-
--2
1e-
1ee2
++1
+
0e
+
1e-
--2
000.e
1e-
abc
-
+
000.e
000.e
++1
++1
0e
abc
.
000.e
1ee2
1.2.3
1e-
--2
-
1e-
1e-
1.2.3
1ee2
1e+
.
.
1e+
1e
e10
e10
++1
abc
0e
1e-
-
--2
abc
1e+
0e
1e+
++1
1ee2
1e+
1e
1e-
1ee2
000.e
--2
e10
1e+
abc
e10
e10
000.e
--2
1e-
0e
abc
1e-
--2
1ee2
abc
--2
1e
.
0e
1e+
1.2.3
1e-
.
0e
1e
000.e
e10
.
1ee2
0e
000.e
1.2.3
1.2.3
1ee2
1ee2
+
--2
e10
1.2.3
0e
++1
1e
1ee2
-
abc
.
++1
+
1.2.3
1.2.3
1.2.3
++1
abc
0e
1e+
++1
abc
0e
--2
1e
--2
e10
1.2.3
1ee2
--2
--2
e10
e10
+
++1
-
1e+
e10
--2
1e-
.
e10
++1
000.e
-
1e
1ee2
1ee2
1.2.3
abc
.
-
1.2.3
++1
1e+
abc
e10
0e
0e
abc
-
1.2.3
1e
.
e10
+
0e
1e
.
-
1ee2
.
000.e
-
0e
abc
++1
.
000.e
1e+
++1
1e-
e10
1e
.
0e
1e
1e-
1ee2
-
.
+
e10
000.e
--2
1e+
abc
abc
000.e
1ee2
+
1.2.3
000.e
abc
1ee2
++1
e10
1e-
1e
0e
.
1e+
abc
+
abc
1.2.3
000.e
.
0e
--2
000.e
1e
.
+
000.e
1e+
1e-
1e
1ee2
e10
abc
1ee2
-
1ee2
+
++1
-
+
++1
000.e
e10
000.e
abc
+
1e
0e
abc
1ee2
1.2.3
1e
abc
000.e
1ee2
1e+
--2
1.2.3
.
e10
abc
1ee2
000.e
0e
1e
+
.
-
abc
1ee2
1ee2
abc
1e+
--2
000.e
000.e
abc
1e-
1e+
0e
.
--2
1e+
+
.
++1
-
e10
1e
.
1.2.3
1e+
++1
abc
000.e
abc
+
-
.
0e
1e
1ee2
1e+
--2
--2
1ee2
.
+
+
++1
abc
1ee2
abc
1e-
--2
0e
1e+
-
-
1e-
-
1e-
.
+
0e
1e+
1e
.
1e+
0e
--2
abc
.
1.2.3
++1
-
e10
--2
abc
1ee2
--2
0e
++1
1ee2
000.e
--2
1e
-
+
+
1.2.3
1ee2
-
.
abc
.
1ee2
1e
-
+
1e-
abc
000.e
1e+
1e
1e-
0e
1e-
.
.
--2
1ee2
e10
-
++1
e10
e10
-
abc
1e
-
1e+
1e+
1ee2
++1
000.e
1ee2
-
abc
0e
000.e
1ee2
abc
+
+
1e+
1.2.3
--2
++1
000.e
+
1.2.3
-
1e+
1e
1ee2
+
--2
abc
.
.
000.e
1e-
-
--2
1.2.3
1e-
0e
1e
0e
e10
+
++1
0e
abc
++1
--2
--2
.
+
1e
--2
++1
e10
--2
1e+
.
++1
e10
.
1e+
1.2.3
abc
.
0e
abc
0e
--2
0e
abc
+
e10
1e+
1e
1e-
0e
1ee2
++1
1ee2
0e
1e-
-
.
++1
-
1ee2
--2
.
1e+
1ee2
abc
-
0e
++1
1e-
e10
-
1ee2
e10
abc
0e
1ee2
1e
-
1ee2
--2
000.e
e10
+
1e-
1e-
1e
000.e
--2
--2
1e+
1.2.3
--2
000.e
-
1e-
1e-
1e
+
1.2.3
1ee2
abc
+
0e
+
000.e
++1
e10
++1
--2
000.e
-
1e-
1e
1e-
--2
.
1e-
1e+
e10
e10
--2
++1
++1
++1
.
1.2.3
e10
++1
.
.
e10
e10
++1
1ee2
1e
1.2.3
1e
-
000.e
.
1e
abc
0e
1e+
e10
1e
--2
1.2.3
1e+
1e-
1ee2
-
1e+
--2
+
000.e
e10
abc
.
0e
-
+
-
1ee2
e10
.
-
000.e
--2
000.e
0e
1e-
1e+
1e
--2
1.2.3
1e+
+
.
1e+
++1
abc
1.2.3
++1
1.2.3
-
1ee2
++1
000.e
1e+
-
1e-
e10
1ee2
0e
0e
000.e
e10
1ee2
e10
abc
1.2.3
e10
1e-
--2
.
1e-
1e+
-
000.e
-
.
000.e
--2
+
1ee2
1e+
.
1ee2
e10
0e
+
1ee2
.
abc
1e-
1ee2
abc
1e-
1e-
1e+
abc
abc
--2
0e
1e-
+
+
.
--2
1e+
0e
++1
0e
-
.
0e
000.e
1.2.3
-
1.2.3
--2
++1
--2
1.2.3
000.e
1.2.3
abc
1e-
1ee2
+
-
++1
1.2.3
e10
.
1e
--2
1e-
000.e
1e-
-
e10
-
++1
e10
1.2.3
1e+
1e
--2
.
1ee2
+
1e-
000.e
1e+
1e
--2
1e-
e10
1e+
0e
+
0e
++1
0e
-
--2
++1
-
1ee2
000.e
0e
1e
e10
1.2.3
1ee2
1e+
+
1ee2
.
1e
e10
1e
--2
1.2.3
000.e
--2
-
1e+
1e+
0e
abc
1e
++1
.
--2
abc
1e+
e10
1.2.3
--2
000.e
1e
abc
1e-
-
000.e
-
+
--2
1e
.
1e-
0e
--2
abc
1.2.3
1.2.3
abc
000.e
abc
000.e
000.e
0e
000.e
1ee2
abc
.
1e-
000.e
+
.
e10
+
000.e
1e+
.
e10
e10
--2
++1
0e
++1
1ee2
1e-
1.2.3
1e
+
1e+
e10
abc
++1
000.e
--2
-
--2
1.2.3
+
0e
--2
++1
000.e
1e
e10
+
1ee2
+
--2
0e
++1
1ee2
++1
e10
1ee2
0e
.
1e+
1e+
-
++1
--2
-
1.2.3
1e-
++1
abc
.
+
1e
0e
1e
1e+
-
e10
e10
1.2.3
000.e
++1
--2
e10
1.2.3
1ee2
1ee2
-
e10
.
1e-
1e
000.e
0e
-
0e
.
000.e
abc
1ee2
+
--2
.
+
1e-
1ee2
e10
--2
+
-
1e
1e+
1e+
++1
-
1ee2
abc
.
1ee2
++1
1.2.3
e10
abc
1e+
-
0e
0e
1.2.3
0e
-
000.e
1.2.3
e10
1e
.
--2
1.2.3
abc
-
0e
abc
1ee2
e10
e10
e10
+
abc
000.e
+
--2
1ee2
-
abc
1e-
.
-
1ee2
1.2.3
.
.
1e-
+
0e
000.e
1e-
abc
0e
000.e
++1
1e-
1e+
-
.
1ee2
abc
+
-
1e-
1e+
e10
++1
1e-
++1
1e+
e10
1e
000.e
++1
0e
-
0e
++1
-
0e
+
1ee2
000.e
1.2.3
1e+
1e-
e10
+
000.e
--2
1e+
1e
1e
-
1e+
1e
1.2.3
0e
e10
000.e
--2
e10
+
++1
1ee2
e10
--2
++1
++1
abc
+
--2
abc
1e+
1e
.
1.2.3
-
++1
0e
abc
1ee2
++1
0e
1ee2
.
.
abc
+
abc
.
--2
1e
abc
abc
.
000.e
.
0e
e10
1e+
-
1ee2
-
.
1e
1.2.3
1e+
e10
1e+
0e
000.e
abc
abc
1e
1e+
1e-
+
000.e
.
abc
e10
1ee2
000.e
abc
e10
0e
+
++1
0e
--2
--2
++1
+
1e+
-
1e-
1e
0e
.
e10
--2
1.2.3
1ee2
++1
+
1e-
++1
abc
0e
.
1e+
1e
0e
0e
1ee2
--2
--2
1.2.3
1e-
1e-
.
1e+
0e
000.e
--2
1e+
1e+
e10
++1
-
--2
1e
000.e
0e
e10
++1
--2
++1
abc
--2
-
1.2.3
-
1.2.3
-
000.e
--2
1.2.3
+
.
1e
1.2.3
000.e
++1
1e
1e-
1e
0e
-
++1
1.2.3
000.e
1e+
1e-
1e
1.2.3
1e-
1ee2
abc
abc
1e-
+
++1
0e
-
+
0e
1e
0e
1ee2
1ee2
.
0e
++1
e10
++1
+
1e
000.e
.
--2
1e
1e
.
000.e
+
++1
e10
abc
0e
.
1e-
1e
0e
abc
1.2.3
--2
1e-
-
abc
-
1ee2
1e+
000.e
++1
--2
000.e
+
1e+
++1
1ee2
.
1ee2
0e
1ee2
+
-
0e
1ee2
abc
+
++1
0e
--2
e10
--2
abc
1e
e10
1.2.3
1e+
1e+
--2
.
0e
1e-
--2
1e
--2
1.2.3
abc
.
++1
++1
+
--2
++1
1ee2
abc
0e
1e+
e10
abc
1e+
0e
1.2.3
-
-
--2
0e
1e-
1e
--2
1e-
+
-
+
0e
++1
abc
e10
-
1e+
+
1.2.3
++1
1e-
1.2.3
1e-
.
0e
1ee2
1e-
++1
1e
000.e
e10
.
1e-
1.2.3
1e+
.
0e
++1
1e+
1ee2
1e+
--2
1.2.3
--2
abc
1e-
abc
e10
.
1e-
1ee2
--2
-
1.2.3
e10
1e
1ee2
abc
e10
.
0e
+
0e
.
++1
-
1.2.3
1e
.
++1
1e-
abc
--2
1e-
1.2.3
-
e10
1e
0e
1e+
1e+
1e-
--2
-
1e+
000.e
000.e
++1
-
--2
--2
1e
abc
1e-
000.e
1e+
-
.
1e-
1e-
abc
++1
+
1e+
.
000.e
1e
0e
-
1ee2
-
0e
000.e
1.2.3
1ee2
--2
1ee2
0e
1e+
--2
1.2.3
.
1ee2
e10
+
--2
--2
+
1ee2
1ee2
abc
1e
000.e
1e+
--2
++1
e10
--2
.
1e
+
--2
.
1e-
1e
-
1.2.3
--2
-
.
--2
+
abc
+
--2
-
0e
1e+
000.e
abc
++1
1e
1.2.3
--2
--2
1e
--2
e10
.
1e
1e+
1e
1e+
+
1e-
000.e
1e-
+
0e
1ee2
1e-
-
1e+
1.2.3
1e+
000.e
abc
0e
0e
1ee2
000.e
++1
1e-
000.e
000.e
1e+
1e-
1e
-
++1
1e
-
+
1e+
1e
000.e
1e-
+
e10
1e-
.
1ee2
.
--2
e10
1e-
000.e
1.2.3
++1
1.2.3
1e-
e10
-
1e
--2
0e
000.e
1e
1.2.3
++1
++1
-
abc
-
-
--2
1e-
1e
1ee2
1e+
1.2.3
+
+
1e-
--2
-
000.e
abc
1e
1e+
++1
1.2.3
0e
++1
1e
1e+
1ee2
1.2.3
1ee2
0e
1e+
abc
1e-
++1
--2
1e+
1.2.3
+
e10
000.e
1.2.3
--2
++1
000.e
000.e
--2
1.2.3
1e+
1e-
--2
1ee2
--2
000.e
1ee2
--2
1e
++1
.
abc
--2
1e
.
-
-
0e
1ee2
0e
-
1e+
--2
1e-
.
1e-
++1
000.e
+
++1
1e-
1ee2
1.2.3
000.e
000.e
1e-
0e
++1
0e
1.2.3
e10
.
e10
abc
abc
.
1.2.3
.
+
++1
1ee2
--2
--2
-
-
1.2.3
000.e
1e-
--2
-
+
1.2.3
1ee2
.
0e
-
1e+
000.e
+
--2
-
1e
1e+
++1
1e-
1e+
abc
000.e
1e
1.2.3
-
1.2.3
000.e
0e
++1
--2
--2
abc
+
++1
1e
e10
e10
1.2.3
1.2.3
+
0e
abc
.
0e
+
1ee2
.
+
1.2.3
1.2.3
-
abc
1.2.3
1ee2
-
1ee2
++1
1e+
--2
+
1e+
1ee2
1e-
0e
000.e
0e
0e
000.e
1ee2
1.2.3
++1
-
000.e
000.e
+
.
--2
-
.
++1
1e-
0e
000.e
e10
e10
1.2.3
abc
0e
000.e
abc
1e
1e+
e10
1e+
e10
-
++1
1.2.3
1e+
.
1e+
1e+
+
.
e10
1ee2
1e-
.
++1
++1
--2
--2
000.e
--2
+
+
000.e
--2
abc
0e
1ee2
--2
--2
--2
--2
++1
000.e
1ee2
abc
abc
1e-
e10
e10
.
0e
+
+
000.e
e10
1e
000.e
abc
0e
abc
0e
-
+
1e-
1e
0e
0e
++1
1.2.3
++1
1ee2
0e
0e
++1
1e-
+
1.2.3
.
0e
0e
0e
--2
--2
1.2.3
++1
000.e
abc
.
1e+
-
1e-
1e-
.
+
0e
1.2.3
-
1.2.3
1e+
000.e
1.2.3
1ee2
abc
000.e
1e-
abc
e10
1e+
0e
1.2.3
000.e
1.2.3
0e
000.e
-
0e
1e-
000.e
e10
e10
abc
1e
--2
1e+
1e-
++1
1e-
1e
-
+
+
1.2.3
0e
1ee2
e10
0e
1e-
000.e
1ee2
+
1e-
1e+
-
-
1e
++1
.
+
1e-
000.e
1.2.3
1.2.3
--2
1e-
e10
1e+
-
1e-
abc
1e
1e-
1e+
-
abc
++1
+
.
1e+
0e
++1
1e
++1
1e
1.2.3
--2
+
1e-
1e
1e-
000.e
-
1e
e10
-
1.2.3
1e+
+
.
++1
000.e
1ee2
1ee2
e10
.
++1
+
0e
+
++1
++1
.
1e
1e
000.e
e10
e10
1e
1e
--2
1e-
1ee2
abc
.
1e+
0e
--2
+
000.e
abc
abc
++1
++1
.
1e-
+
+
1ee2
+
1e
1.2.3
++1
-
--2
1e
+
1e+
--2
1e+
.
0e
abc
1.2.3
--2
++1
e10
e10
000.e
1ee2
1ee2
0e
-
-
1ee2
abc
.
++1
1.2.3
-
1e-
--2
--2
1e+
-
1ee2
1e+
1.2.3
1.2.3
++1
e10
++1
.
++1
.
1.2.3
0e
1ee2
1e-
+
1e+
1e-
.
abc
e10
1.2.3
1.2.3
abc
-
+
-
1e-
++1
0e
++1
abc
+
1e
0e
1e
.
000.e
e10
0e
-
e10
1ee2
abc
1ee2
+
-
-
--2
1.2.3
000.e
abc
000.e
1.2.3
000.e
1e+
000.e
1e+
.
1ee2
+
.
.
0e
1e
-
-
abc
1e+
1e
+
e10
e10
000.e
1e-
0e
1e
0e
+
-
abc
1ee2
1.2.3
.
1e-
abc
+
+
++1
.
1.2.3
0e
e10
+
e10
1ee2
--2
1e
--2
e10
000.e
e10
0e
-
1e+
abc
000.e
1e-
abc
--2
++1
0e
1e+
1ee2
+
1e
++1
++1
-
0e
--2
1ee2
--2
1.2.3
.
1ee2
1ee2
--2
.
1e+
+
--2
++1
1.2.3
1e-
+
1ee2
e10
1e-
0e
1ee2
1e
++1
000.e
e10
+
abc
1e-
++1
--2
++1
000.e
000.e
.
++1
0e
000.e
000.e
0e
.
e10
1.2.3
1e+
-
--2
0e
-
0e
.
0e
e10
1e
.
++1
0e
0e
-
-
1ee2
0e
000.e
e10
++1
++1
1.2.3
000.e
1.2.3
1ee2
1.2.3
.
1e
e10
e10
abc
1.2.3
.
++1
e10
1.2.3
.
1e
.
++1
abc
1e+
1ee2
+
1.2.3
1.2.3
--2
1e-
e10
000.e
1ee2
++1
+
1e+
--2
0e
+
++1
1e+
1e
-
1ee2
1.2.3
abc
++1
1e
1e
1ee2
1e+
abc
1e+
+
000.e
1.2.3
--2
abc
+
1ee2
000.e
1.2.3
1ee2
000.e
1ee2
1ee2
+
1e-
1e-
1e-
0e
000.e
1e
abc
000.e
+
1e-
1.2.3
.
e10
.
1.2.3
-
++1
++1
1.2.3
abc
e10
++1
++1
.
++1
000.e
1ee2
1.2.3
0e
+
0e
000.e
abc
e10
abc
000.e
1e-
1.2.3
1e+
1e+
1e
e10
0e
000.e
1e+
+
.
-
0e
e10
++1
0e
e10
.
0e
1.2.3
--2
0e
1e
--2
-
1e-
+
1e-
1e-
+
e10
abc
e10
1e-
0e
1ee2
+
1e
1e+
e10
1e
e10
-
1e+
++1
1ee2
1.2.3
.
1e-
e10
1e+
1ee2
1e-
1e
--2
+
1e
1e-
--2
1ee2
000.e
abc
000.e
000.e
1e-
e10
e10
1e
-
abc
1e
+
+
-
000.e
++1
1ee2
1e-
-
1e-
++1
1e+
1ee2
.
abc
1e-
++1
1.2.3
1ee2
e10
0e
e10
++1
1e+
1ee2
1e-
--2
++1
--2
e10
--2
1.2.3
--2
1.2.3
1e+
++1
0e
1.2.3
1e
1e
+
000.e
1e
1e+
1ee2
1e-
1.2.3
1e+
0e
1e
.
1e
++1
1ee2
000.e
000.e
1e+
-
+
1e
1ee2
e10
+
000.e
e10
e10
-
1e-
000.e
0e
0e
-
e10
0e
+
1e+
-
-
1.2.3
0e
+
-
abc
1ee2
0e
000.e
1e+
.
e10
1.2.3
1e+
1e+
.
-
.
++1
abc
.
1e-
1e-
000.e
+
.
++1
1.2.3
0e
1e
.
abc
1e+
abc
e10
000.e
1e-
abc
0e
--2
1.2.3
-
.
0e
--2
1e+
1.2.3
++1
1e-
1e-
e10
e10
1e
1.2.3
1e-
.
-
abc
1e+
1.2.3
.
1e+
1e+
+
0e
1e
000.e
e10
-
1e
0e
1e
-
abc
1e+
e10
1ee2
abc
1e
.
1e-
+
abc
--2
+
0e
-
000.e
abc
--2
-
000.e
1e-
1ee2
abc
abc
--2
0e
000.e
000.e
.
000.e
000.e
++1
0e
++1
+
abc
1e+
0e
+
000.e
1.2.3
1e-
++1
1e
+
++1
e10
++1
.
0e
.
++1
1e+
+
0e
--2
.
-
-
1e
abc
1e
+
000.e
abc
0e
1e
000.e
.
e10
1ee2
+
-
--2
e10
1e+
1e-
0e
e10
.
+
e10
e10
+
.
+
e10
1e+
0e
abc
000.e
e10
1ee2
1e+
1e+
++1
1ee2
1e+
1ee2
000.e
++1
1ee2
.
000.e
++1
e10
000.e
++1
abc
000.e
.
1e+
--2
1ee2
++1
--2
1e+
e10
--2
.
--2
1.2.3
1ee2
.
.
0e
1e+
000.e
000.e
1e+
1e+
+
1e
1e-
+
1e+
1e-
0e
.
1e-
1e+
e10
-
0e
+
+
abc
1e+
1.2.3
1e-
--2
1ee2
-
0e
e10
e10
000.e
-
+
0e
1e+
1.2.3
1ee2
1.2.3
1e+
1e-
1ee2
000.e
000.e
.
1e
e10
e10
000.e
++1
-
++1
+
abc
-
1e+
.
1e
abc
+
e10
.
--2
1e-
.
+
+
.
-
abc
1e-
000.e
1.2.3
1ee2
-
1ee2
-
--2
1.2.3
1e-
e10
1.2.3
-
++1
++1
++1
1e+
--2
1e
+
abc
0e
1e-
1e
1e-
.
1e-
++1
abc
e10
1.2.3
1.2.3
1e+
abc
1e+
1.2.3
-
e10
1.2.3
1e
--2
1e-
e10
-
e10
--2
-
000.e
0e
1.2.3
1.2.3
1e+
1ee2
--2
abc
e10
--2
000.e
1e-
++1
e10
e10
-
-
--2
abc
1e+
abc
1e-
e10
.
1.2.3
+
+
1.2.3
++1
e10
++1
0e
0e
abc
000.e
1e
+
1.2.3
1e
e10
1.2.3
.
1e-
-
e10
abc
1e+
+
--2
++1
+
-
1e-
+
1e
1ee2
1.2.3
1ee2
1.2.3
abc
000.e
abc
++1
0e
+
abc
++1
++1
--2
abc
e10
1e+
1.2.3
abc
+
1e-
e10
+
e10
1e-
000.e
e10
abc
1ee2
--2
-
e10
1e-
abc
--2
abc
1.2.3
1e-
.
1.2.3
abc
1e-
1e+
1ee2
.
+
1e+
abc
+
1e
1e-
000.e
1e-
1e-
1.2.3
++1
+
.
1e
1e
-
-
1ee2
abc
000.e
1ee2
++1
-
.
.
++1
abc
1e-
--2
++1
++1
1e+
+
1e-
.
--2
1.2.3
++1
1e-
1ee2
1e
.
.
--2
abc
1ee2
1.2.3
++1
--2
1e
-
1e
+
--2
+
--2
1.2.3
+
e10
1e
++1
++1
abc
abc
1e+
1e+
-
abc
++1
-
1e-
1ee2
+
-
1e
1e+
--2
++1
1e+
abc
-
+
1ee2
++1
.
-
abc
++1
+
+
+
000.e
--2
--2
-
.
--2
000.e
-
1e+
-
.
+
--2
1e+
.
0e
+
1e
--2
abc
++1
e10
abc
e10
+
+
abc
1e+
++1
1.2.3
.
1e
1e+
.
1e+
0e
-
-
000.e
1e+
1.2.3
1e-
abc
++1
1.2.3
1e+
.
0e
e10
1e-
1e+
+
abc
1e
.
e10
.
.
.
1ee2
1e
1e-
+
1e+
e10
1.2.3
1.2.3
000.e
+
++1
+
-
1e+
0e
++1
abc
.
1e+
++1
++1
abc
000.e
000.e
1.2.3
1e-
1e+
000.e
1e+
0e
000.e
.
1.2.3
-
1e-
0e
1e-
.
++1
000.e
0e
e10
1.2.3
1e+
000.e
1e-
++1
--2
000.e
1e+
e10
.
++1
--2
1e+
-
++1
1e
1ee2
--2
-
--2
++1
-
0e
000.e
+
e10
1e+
-
1e
abc
--2
1.2.3
1e-
--2
1.2.3
-
1e+
.
--2
-
0e
-
--2
0e
abc
abc
000.e
+
0e
1ee2
000.e
1ee2
++1
e10
+
e10
+
0e
abc
000.e
0e
0e
1e-
000.e
1e+
abc
e10
1e+
1e
1e
0e
--2
abc
abc
--2
+
0e
1e+
0e
--2
1e+
1ee2
abc
.
--2
abc
1e-
.
+
1ee2
000.e
0e
1e
abc
1ee2
1ee2
000.e
1e
e10
-
--2
e10
1ee2
-
0e
.
+
1.2.3
--2
abc
.
1e-
1e-
1.2.3
-
++1
000.e
-
1e-
1e+
.
000.e
1e+
-
abc
abc
1e
abc
++1
abc
-
1e+
-
000.e
+
.
1e
+
e10
0e
1e
1ee2
++1
e10
000.e
1e
-
-
-
1.2.3
1e-
++1
1e-
1ee2
1e-
abc
0e
1ee2
e10
++1
1.2.3
abc
1e+
1.2.3
-
abc
++1
1e
1ee2
1e+
1ee2
0e
--2
e10
.
--2
000.e
-
1.2.3
1e
-
e10
000.e
--2
--2
000.e
-
.
e10
1.2.3
1.2.3
+
.
1.2.3
abc
1e
+
1.2.3
0e
--2
1ee2
--2
1ee2
1ee2
1e-
++1
abc
1ee2
abc
.
000.e
e10
abc
--2
--2
-
abc
1ee2
+
1e
++1
000.e
1e-
1e+
1ee2
--2
1.2.3
-
1e-
1e-
0e
1e
1ee2
1e-
1e+
+
1e-
abc
e10
-
000.e
1e-
1ee2
.
abc
++1
e10
1e+
-
e10
1.2.3
1ee2
-
e10
-
-
0e
1e
1.2.3
0e
+
+
1.2.3
1ee2
e10
0e
1e
--2
1e-
1e
1e
1ee2
-
+
.
1e+
1e+
++1
1e-
1e
000.e
1.2.3
++1
0e
-
1e-
1e+
abc
1e+
0e
1.2.3
-
1e
0e
1e
1ee2
1ee2
1.2.3
+
+
1.2.3
1ee2
.
1e+
1e
000.e
abc
1.2.3
abc
1e-
+
1e+
1ee2
000.e
1e
1e-
000.e
.
++1
1e-
0e
-
-
1e-
abc
++1
-
1ee2
+
1.2.3
++1
e10
++1
++1
--2
1e-
++1
++1
--2
abc
1ee2
1.2.3
0e
e10
.
000.e
0e
--2
1.2.3
1ee2
1.2.3
++1
1.2.3
0e
000.e
1.2.3
1e
1e
-
1.2.3
1.2.3
abc
+
.
1.2.3
1.2.3
1ee2
1.2.3
--2
e10
e10
-
.
1e-
1e+
--2
000.e
.
0e
++1
1e
000.e
--2
1ee2
++1
e10
1ee2
abc
.
000.e
-
0e
abc
+
1ee2
++1
1e-
000.e
-
0e
++1
0e
1ee2
--2
-
000.e
1e-
++1
--2
abc
1ee2
1e+
++1
1e+
e10
++1
++1
-
1e-
abc
0e
e10
1e+
+
1ee2
1e+
0e
1ee2
1e
-
0e
1e+
1e
1e-
1.2.3
e10
1e+
.
1e-
1e-
+
1ee2
1.2.3
1e-
++1
--2
1e+
+
-
-
1e+
1ee2
--2
e10
abc
e10
000.e
0e
1.2.3
000.e
1ee2
.
1e-
.
1e-
-
+
abc
abc
+
1.2.3
+
--2
-
000.e
-
1e-
1.2.3
1e
000.e
+
1e
+
abc
1ee2
+
--2
++1
1e
--2
-
++1
+
1ee2
e10
-
1ee2
0e
--2
-
+
-
.
0e
e10
0e
1e+
1.2.3
++1
-
000.e
-
e10
e10
--2
--2
abc
-
1.2.3
abc
1e+
0e
e10
.
++1
--2
abc
1.2.3
1e-
-
1ee2
-
e10
abc
e10
0e
--2
--2
--2
abc
1.2.3
+
abc
1e
1e
1e+
abc
0e
abc
1ee2
abc
1e
--2
abc
e10
.
1e-
1e
-
.
1e+
e10
1e+
-
000.e
abc
abc
0e
1e
1e-
1ee2
1.2.3
e10
+
1.2.3
.
e10
1e-
1e
1ee2
--2
--2
0e
--2
+
++1
abc
1e
1e+
1ee2
+
0e
000.e
.
--2
.
000.e
+
abc
1e-
abc
000.e
0e
abc
1e-
000.e
--2
1ee2
++1
--2
0e
++1
e10
--2
+
1e-
+
++1
--2
--2
abc
000.e
1e+
++1
1e
--2
+
1e-
abc
-
1e
++1
++1
000.e
1ee2
1e+
1e
1e
1e+
-
1.2.3
000.e
abc
+
abc
.
.
1e
--2
1ee2
+
e10
abc
abc
--2
+
abc
1e-
000.e
1ee2
1e
-
1.2.3
0e
-
0e
abc
+
000.e
e10
1e+
1e
1e+
++1
+
--2
-
0e
abc
.
--2
1ee2
1.2.3
+
1e
1ee2
1e-
1ee2
1e
.
++1
1e
.
0e
1.2.3
abc
1e-
000.e
-
.
+
1ee2
000.e
1e-
+
--2
--2
e10
--2
0e
abc
--2
1e+
1e+
abc
++1
+
abc
++1
1ee2
abc
abc
abc
1e
1.2.3
0e
1e-
1.2.3
.
000.e
1e
.
-
0e
+
++1
0e
1e+
000.e
-
000.e
abc
0e
++1
1e+
+
1e+
1e
1e-
1.2.3
1e+
.
1.2.3
--2
1e-
1e
.
-
000.e
000.e
--2
++1
000.e
1e
abc
000.e
000.e
--2
1.2.3
--2
1ee2
1e+
0e
1ee2
000.e
1e+
000.e
e10
e10
1.2.3
000.e
1e+
abc
1e
++1
1e
++1
1.2.3
1e-
-
1e
0e
abc
+
1e+
--2
1e-
e10
0e
-
abc
1e
++1
e10
--2
abc
e10
--2
000.e
-
1e-
1.2.3
e10
1.2.3
1e
abc
-
--2
1e
+
++1
1ee2
e10
+
1ee2
1e
1e
-
000.e
+
abc
1.2.3
.
abc
0e
++1
-
1e
++1
+
1ee2
-
-
-
1ee2
000.e
1e+
--2
1e-
1e
1.2.3
--2
0e
-
1ee2
+
1e
1e+
0e
1.2.3
.
--2
++1
1ee2
-
+
1e-
abc
+
--2
1e+
abc
e10
-
.
1e+
0e
000.e
000.e
000.e
000.e
e10
e10
1e-
.
+
abc
000.e
1e
+
1e
1e+
1ee2
1ee2
1ee2
e10
+
+
1.2.3
1.2.3
.
000.e
abc
1e
.
-
000.e
1e
+
+
--2
0e
e10
1e+
abc
1.2.3
1e
+
0e
e10
000.e
000.e
-
e10
000.e
-
1ee2
0e
--2
++1
abc
1.2.3
abc
1e
000.e
e10
1e+
0e
.
.
--2
1e
0e
1e-
1e+
1e
1.2.3
++1
+
1e-
1e-
.
1e-
0e
000.e
-
1e
0e
1.2.3
0e
1e-
abc
1e-
1e-
000.e
-
abc
1.2.3
1.2.3
++1
1e+
++1
0e
1ee2
++1
++1
1ee2
.
++1
000.e
++1
--2
abc
000.e
++1
abc
1ee2
-
1e+
1e
+
000.e
1e-
.
++1
1e-
-
+
.
0e
.
000.e
1e
.
1e+
++1
-
-
e10
e10
0e
e10
.
abc
1e
-
-
000.e
abc
++1
1.2.3
-
e10
1e
--2
e10
1e-
1e+
+
abc
0e
abc
-
0e
.
1e+
000.e
++1
-
.
-
0e
1.2.3
-
1ee2
1e-
1e-
1e+
+
000.e
--2
000.e
0e
1e-
1ee2
1e
.
1.2.3
--2
++1
+
++1
1e+
1e-
abc
e10
-
--2
--2
+
abc
-
.
--2
++1
-
1e-
1e
abc
1e-
+
000.e
--2
--2
1e+
1e-
0e
+
++1
000.e
1e-
-
abc
1ee2
++1
.
+
1e
1e+
0e
.
abc
.
+
+
abc
1e
+
abc
++1
abc
1e
++1
1e+
1.2.3
.
+
.
1e-
.
abc
1e-
1e+
0e
abc
.
1e+
+
-
e10
e10
e10
--2
--2
+
-
abc
0e
.
+
.
e10
+
1ee2
-
abc
.
1.2.3
--2
1e-
1.2.3
1e
1ee2
-
0e
abc
abc
1e
000.e
0e
1e
1e-
-
abc
1.2.3
-
000.e
1.2.3
e10
1.2.3
1e+
++1
1e-
-
++1
.
.
-
e10
.
1.2.3
1e+
.
1ee2
000.e
1e
.
+
1e-
1ee2
1e
000.e
000.e
abc
1.2.3
1e
.
+
abc
0e
e10
.
--2
.
1e
-
1e-
0e
1ee2
000.e
000.e
abc
-
.
1e
1.2.3
1.2.3
.
1.2.3
e10
0e
0e
1e-
1e+
-
-
000.e
000.e
0e
1e+
-
1.2.3
e10
-
-
1.2.3
000.e
000.e
1.2.3
0e
+
abc
+
--2
.
1ee2
++1
++1
1e
1e+
+
000.e
1e+
0e
-
.
abc
abc
000.e
000.e
1e+
-
+
++1
1.2.3
e10
-
.
1e
1e+
abc
0e
1ee2
0e
abc
1.2.3
0e
1e+
++1
1e+
1e-
0e
000.e
000.e
000.e
0e
abc
1ee2
--2
.
++1
1e
++1
1e+
abc
1e-
.
1e+
1e+
-
++1
000.e
1e
1e+
-
abc
e10
1e
0e
abc
.
000.e
1e+
1ee2
--2
e10
++1
-
+
-
1ee2
1e+
-
--2
000.e
.
abc
--2
1ee2
abc
e10
-
000.e
-
1.2.3
1e-
1ee2
1.2.3
-
.
1ee2
-
--2
1e+
abc
1e+
1e-
1e
1.2.3
1e-
abc
000.e
-
1e-
1e-
--2
-
1e
++1
1.2.3
e10
1.2.3
--2
.
++1
abc
--2
++1
--2
abc
.
1e
0e
+
000.e
1.2.3
+
1e-
.
e10
-
-
e10
000.e
+
-
1e
1ee2
1.2.3
1e-
abc
abc
1e-
1e-
--2
1e
1e-
abc
+
-
1.2.3
1e+
abc
+
.
000.e
000.e
--2
abc
abc
.
.
000.e
-
e10
1e+
0e
+
0e
1e-
abc
1e-
1e
--2
+
0e
.
1ee2
1e
++1
e10
--2
0e
abc
1ee2
1e+
-
1e-
+
++1
000.e
.
0e
--2
1e+
--2
e10
--2
1e
.
e10
.
--2
-
1e+
1.2.3
--2
.
1e-
abc
--2
000.e
000.e
1.2.3
1e+
.
1ee2
0e
1e-
1ee2
000.e
1ee2
abc
1.2.3
1ee2
--2
abc
--2
1e+
-
+
1e
1e
1e
.
1ee2
0e
-
1e
0e
++1
1.2.3
1e
e10
1e
1e-
.
-
1e+
e10
1e
-
--2
++1
1e+
e10
++1
++1
000.e
1.2.3
++1
--2
1e
++1
++1
1ee2
e10
.
.
1e-
abc
--2
e10
0e
-
++1
.
++1
--2
.
++1
1.2.3
--2
000.e
.
1e-
000.e
1e+
000.e
e10
000.e
0e
1ee2
++1
1ee2
1e-
1e+
abc
1e
1e
abc
--2
1e
1e
++1
1ee2
.
e10
0e
000.e
abc
.
-
-
-
++1
1.2.3
e10
e10
1ee2
0e
abc
0e
e10
0e
-
1.2.3
++1
1e
-
--2
-
.
000.e
1.2.3
1e+
-
1e
000.e
1e+
1e
abc
abc
1e-
++1
1.2.3
.
1ee2
1e
+
1.2.3
+
1ee2
--2
+
--2
000.e
++1
+
.
.
0e
-
0e
+
1e-
++1
1e
1.2.3
1e-
abc
--2
000.e
1e
-
++1
abc
000.e
1e
000.e
--2
1e+
1e-
0e
-
000.e
0e
1e+
000.e
--2
1.2.3
+
000.e
1.2.3
1e
0e
1e+
1e
1ee2
0e
abc
1ee2
1e
1e
1e-
-
-
0e
1ee2
--2
abc
1e
1e
000.e
1.2.3
+
1e+
-
1ee2
1e
abc
0e
1e+
-
000.e
--2
++1
++1
++1
+
abc
-
++1
++1
1e
e10
000.e
.
1ee2
+
-
--2
+
++1
-
--2
0e
+
0e
1e
1ee2
+
abc
1.2.3
e10
+
++1
1.2.3
1ee2
1e
1ee2
abc
abc
-
abc
--2
-
abc
-
1ee2
1e+
--2
1.2.3
e10
e10
+
1e-
--2
e10
.
.
1e+
0e
1e+
1e
1ee2
.
1.2.3
++1
1ee2
e10
1ee2
1.2.3
1.2.3
000.e
1e-
1e+
0e
abc
1e-
1.2.3
--2
1.2.3
--2
-
e10
1.2.3
+
1e
1ee2
1e-
+
1ee2
1ee2
0e
1e+
-
++1
000.e
abc
000.e
1e-
e10
1e+
.
1.2.3
1e
000.e
--2
--2
1e+
1.2.3
1ee2
0e
1ee2
-
--2
1e+
--2
abc
.
000.e
+
.
000.e
abc
1e-
000.e
1ee2
1e+
000.e
000.e
+
1e-
1e
--2
000.e
-
1e-
.
abc
.
1ee2
1e-
1.2.3
0e
++1
1.2.3
1e+
1ee2
1e
+
-
.
abc
-
--2
abc
1e-
--2
000.e
e10
--2
-
1e
0e
e10
000.e
1e-
--2
abc
1ee2
1e+
++1
--2
-
1.2.3
.
1.2.3
-
-
.
.
0e
--2
++1
abc
abc
e10
+
abc
1ee2
1.2.3
e10
1.2.3
++1
0e
1e-
1e+
000.e
.
abc
1e
abc
1e+
e10
000.e
1e
++1
e10
+
e10
1.2.3
1.2.3
+
++1
1ee2
e10
1e+
++1
+
abc
1.2.3
000.e
-
abc
0e
++1
1e-
1e
1e-
0e
+
+
abc
e10
-
1ee2
.
1e
1ee2
.
1e+
1ee2
-
-
1e+
000.e
1e-
++1
1e-
++1
1e-
++1
1e
000.e
.
--2
1e+
1.2.3
e10
abc
000.e
1.2.3
000.e
1e
.
--2
+
+
1.2.3
0e
abc
000.e
000.e
1ee2
1ee2
1e-
--2
++1
0e
abc
1ee2
abc
1.2.3
000.e
1.2.3
--2
1e-
abc
--2
0e
1e+
++1
000.e
-
e10
.
1ee2
000.e
1.2.3
1e-
0e
abc
e10
1ee2
1e+
0e
+
-
++1
-
1e
1ee2
+
1e-
1ee2
1ee2
1e+
.
--2
000.e
1.2.3
1ee2
1ee2
000.e
e10
1.2.3
++1
000.e
1e
.
1e
000.e
1e
1ee2
1.2.3
++1
1e
1e
e10
+
1e-
1e+
1ee2
1e
-
-
abc
+
1e+
1ee2
-
1e+
+
1ee2
-
++1
0e
1e-
e10
--2
1e+
-
.
-
0e
1ee2
1.2.3
1e
1e+
1e-
abc
.
1ee2
000.e
1e+
+
++1
e10
.
1.2.3
0e
000.e
e10
1e-
-
abc
1e-
1ee2
1e+
e10
1e-
1e
abc
e10
1e
1e+
+
-
e10
0e
--2
abc
-
0e
1e+
1e-
000.e
-
++1
+
+
1e
1.2.3
1e-
.
0e
e10
1.2.3
+
1.2.3
.
abc
000.e
e10
0e
1e+
++1
+
+
0e
000.e
e10
e10
1ee2
+
abc
+
0e
000.e
1e+
+
--2
--2
-
0e
1e+
.
1e-
0e
e10
--2
.
1e-
--2
000.e
-
abc
0e
--2
+
1e+
++1
1e+
1.2.3
1e-
1ee2
1e
-
-
-
1e
0e
1.2.3
e10
+
0e
000.e
abc
1.2.3
1.2.3
-
0e
++1
+
abc
1e+
+
e10
++1
1.2.3
000.e
-
++1
-
++1
+
.
1e
--2
1e+
.
1e-
--2
1e
e10
1ee2
1e+
000.e
abc
1e+
.
1e-
1e-
1.2.3
1e+
1e
++1
1e
++1
+
1ee2
abc
abc
.
.
1e-
--2
000.e
.
1ee2
-
1e+
1e
1e
-
1ee2
-
1e-
000.e
++1
1e-
.
++1
.
1.2.3
1.2.3
1e
000.e
.
-
--2
+
1ee2
e10
1e-
-
1e+
1e-
000.e
.
-
+
1e-
1.2.3
0e
++1
1.2.3
-
000.e
000.e
e10
.
++1
0e
-
000.e
e10
1e+
++1
1e-
000.e
abc
abc
1e
1e
000.e
.
0e
1ee2
abc
+
1e+
0e
abc
-
--2
1ee2
1.2.3
1e-
1e+
1e
1e
-
1e
000.e
abc
abc
1e+
.
1e+
1e-
1e
1e+
1ee2
1e+
0e
0e
.
abc
1ee2
0e
1.2.3
e10
1.2.3
1ee2
--2
1e+
1e+
e10
1e-
1e-
1e+
0e
0e
1.2.3
1e-
1e-
+
e10
1e-
1.2.3
+
1.2.3
+
abc
-
--2
0e
e10
1ee2
.
abc
0e
1e+
e10
-
0e
--2
.
1.2.3
+
--2
1ee2
++1
.
000.e
1ee2
-
1e
abc
0e
--2
.
abc
e10
.
1.2.3
e10
0e
.
1e-
e10
e10
++1
+
abc
0e
e10
abc
1ee2
e10
e10
e10
-
000.e
+
.
1e+
++1
+
abc
-
1ee2
++1
0e
1e
++1
++1
1e-
+
-
000.e
.
000.e
e10
+
--2
e10
1ee2
.
1ee2
++1
1.2.3
-
abc
1e
e10
--2
1.2.3
1.2.3
1e+
1.2.3
000.e
1e-
++1
1e
-
1e
1ee2
1e
e10
++1
-
--2
1e-
++1
+
000.e
000.e
1.2.3
--2
1e-
--2
1.2.3
1.2.3
1e-
abc
abc
++1
++1
e10
1e
1ee2
e10
1e+
abc
1.2.3
1e+
e10
1.2.3
1e-
+
.
+
.
0e
1.2.3
1e-
+
1e-
1.2.3
1e
1e
1ee2
1.2.3
abc
1e-
1.2.3
1e+
1e+
1e+
.
++1
-
1e-
-
1ee2
--2
-
++1
+
--2
abc
+
0e
1e
1.2.3
1.2.3
+
--2
1.2.3
--2
1e
abc
+
1e
000.e
-
1.2.3
abc
.
.
1e-
1.2.3
1ee2
000.e
-
1.2.3
abc
++1
+
.
++1
1.2.3
e10
1e
+
-
--2
1ee2
1ee2
1e
1e-
--2
e10
1e-
000.e
000.e
+
1e+
1.2.3
+
abc
1ee2
++1
1e+
0e
--2
--2
.
1ee2
++1
1e+
000.e
abc
--2
e10
1ee2
000.e
1e
++1
000.e
0e
e10
--2
e10
1e
abc
1e-
-
e10
.
1e
1e
000.e
--2
1e-
++1
.
--2
1.2.3
e10
++1
.
--2
1.2.3
+
e10
000.e
--2
e10
1ee2
1.2.3
abc
abc
1e-
++1
1ee2
1ee2
abc
.
++1
.
-
1e-
1ee2
+
--2
e10
1e
000.e
+
0e
+
1ee2
.
1ee2
000.e
abc
+
e10
1e-
1.2.3
1e-
+
1e
++1
1e
0e
1e
1.2.3
1ee2
1ee2
e10
-
++1
0e
e10
+
1e+
0e
.
1.2.3
++1
++1
++1
-
-
.
1.2.3
000.e
--2
.
-
1e
++1
1.2.3
-
e10
000.e
1e
e10
+
-
abc
+
+
1.2.3
++1
1e
+
--2
1e
--2
+
1e-
1e
e10
1.2.3
+
+
1e+
0e
1e+
1e+
e10
e10
-
1e-
000.e
.
e10
1.2.3
1e+
-
0e
-
-
-
000.e
1e-
++1
+
1e
000.e
1.2.3
1e-
e10
.
000.e
--2
abc
1e
0e
1e-
--2
.
++1
-
000.e
++1
-
1ee2
abc
1e+
.
1e-
++1
+
-
-
--2
1e
-
--2
e10
1.2.3
1.2.3
1ee2
1ee2
0e
+
1e
0e
--2
.
++1
e10
1e
-
+
.
e10
000.e
e10
1e-
e10
--2
1ee2
1ee2
000.e
abc
1ee2
000.e
abc
++1
+
--2
abc
+
++1
1ee2
1.2.3
+
abc
0e
--2
1e+
abc
1e
abc
1e+
1ee2
+
1e-
0e
+
--2
0e
000.e
--2
++1
1.2.3
+
--2
1e+
1e-
+
+
++1
--2
abc
1.2.3
e10
1e-
1.2.3
abc
1e
000.e
0e
1e-
1.2.3
--2
++1
.
1.2.3
0e
.
1e+
1ee2
-
++1
1e
1ee2
+
1.2.3
e10
1e+
+
1e
abc
+
1.2.3
000.e
1.2.3
000.e
000.e
.
-
+
1ee2
1e-
1e-
000.e
+
1ee2
-
000.e
1e-
--2
++1
1.2.3
--2
--2
--2
1e-
.
+
+
abc
000.e
0e
+
1e
1.2.3
++1
1.2.3
1e-
+
0e
1e
++1
--2
abc
1e+
e10
e10
1ee2
+
+
.
1e-
++1
000.e
1e+
1e-
0e
1e-
000.e
000.e
.
+
000.e
0e
1ee2
+
1ee2
+
1e
1e-
1e-
abc
1ee2
1ee2
e10
1e
abc
1ee2
+
0e
1e
abc
abc
--2
.
1e
1ee2
++1
++1
.
1e-
abc
1e+
-
--2
1.2.3
--2
abc
.
e10
e10
e10
++1
1e-
1.2.3
0e
1e-
1e-
--2
0e
abc
1.2.3
++1
000.e
+
-
--2
--2
-
0e
1e-
+
1e
--2
.
1e
+
e10
1e-
-
1ee2
--2
1e
0e
1e+
1.2.3
-
1e-
1e-
1ee2
.
abc
--2
--2
+
1ee2
e10
+
000.e
1ee2
e10
-
e10
e10
1e+
1.2.3
0e
+
1e
1.2.3
--2
.
+
-
0e
1e
++1
--2
1.2.3
000.e
0e
1e+
1e-
-
++1
1e+
1e+
abc
e10
++1
000.e
-
abc
+
abc
--2
abc
++1
-
e10
1e
1e-
1e
1ee2
.
-
+
abc
++1
1e-
abc
++1
1e+
--2
e10
1ee2
.
1ee2
0e
000.e
--2
+
.
.
-
1.2.3
e10
1.2.3
1e+
1ee2
1e
+
1e+
abc
1e
abc
.
++1
++1
.
1e-
-
++1
1e-
++1
+
0e
1e-
e10
0e
1e+
--2
-
1e+
000.e
1e-
1e
++1
1e-
.
--2
1.2.3
.
1ee2
abc
1e-
++1
1e-
.
1ee2
abc
e10
1e+
+
1.2.3
abc
abc
0e
--2
0e
+
++1
1e
++1
abc
-
abc
1e
e10
++1
1e
--2
1e
-
e10
abc
.
+
0e
+
1e-
e10
1.2.3
1e-
1e+
000.e
e10
e10
+
++1
.
abc
1e+
1e+
++1
000.e
abc
+
--2
1e+
1ee2
-
e10
.
+
e10
1e
1e
1e+
000.e
000.e
1ee2
1e+
1e-
0e
.
1.2.3
1ee2
1e+
1e
-
000.e
e10
++1
1.2.3
+
1ee2
1e
++1
1ee2
0e
abc
000.e
1ee2
1ee2
1.2.3
++1
000.e
1ee2
-
e10
1e-
--2
.
-
.
++1
0e
1e
+
000.e
1.2.3
1e
+
e10
++1
1e+
abc
1e-
e10
1e
++1
.
++1
1ee2
.
1e
-
0e
0e
--2
.
1e+
1e+
e10
1e-
+
abc
1.2.3
1ee2
-
1.2.3
+
000.e
.
-
abc
1e+
--2
1e
-
e10
1ee2
1e-
1e-
.
1e-
000.e
1e+
0e
++1
1e+
e10
abc
abc
1.2.3
++1
+
1e-
abc
1e+
000.e
.
1e+
1e
abc
++1
1.2.3
0e
abc
++1
+
0e
++1
1e+
1e+
abc
--2
.
--2
++1
1ee2
e10
e10
++1
1ee2
abc
1ee2
1e-
0e
000.e
.
e10
0e
e10
1e+
-
e10
.
--2
abc
1ee2
1e+
++1
e10
000.e
1e-
abc
--2
e10
1e+
++1
1.2.3
--2
.
1.2.3
1e-
+
+
1e+
++1
1e+
000.e
1ee2
abc
++1
1e
e10
0e
000.e
-
.
1.2.3
+
++1
e10
-
++1
-
.
++1
1e
0e
1e
1.2.3
0e
1.2.3
--2
1e-
000.e
++1
-
++1
000.e
1e-
1e+
000.e
1e
1e
+
abc
-
e10
.
0e
-
1ee2
1e-
--2
--2
+
000.e
0e
1e+
+
-
1ee2
1.2.3
1ee2
+
1e+
e10
000.e
1ee2
+
0e
+
1e+
--2
abc
e10
1e
1.2.3
++1
1e-
1e
1ee2
abc
1e
.
++1
++1
1ee2
1ee2
1e+
.
e10
--2
0e
+
0e
++1
abc
abc
1ee2
+
+
1e-
e10
1e+
1.2.3
1e-
1e-
1e-
1e+
0e
1e
1e+
-
-
0e
.
++1
1e
++1
-
abc
-
+
000.e
.
++1
1e-
1e+
1e
abc
1e
1e+
--2
e10
e10
1ee2
+
1ee2
--2
1e+
1e-
000.e
-
1.2.3
1e-
1ee2
1e+
-
++1
abc
+
1e-
abc
1e
abc
1e-
000.e
abc
-
000.e
+
--2
abc
++1
.
1ee2
0e
1e-
++1
1ee2
--2
-
1e
.
--2
.
++1
1.2.3
1.2.3
e10
1e-
1e-
abc
1.2.3
1ee2
e10
1e
1ee2
e10
e10
++1
++1
1e-
e10
1e-
-
1.2.3
.
e10
0e
-
+
--2
+
-
e10
e10
.
abc
1ee2
++1
-
.
e10
000.e
1.2.3
abc
+
--2
+
.
e10
+
e10
e10
e10
abc
-
1e+
e10
1e-
1.2.3
abc
1e+
abc
.
0e
e10
abc
++1
000.e
++1
0e
+
1e+
1e
0e
e10
e10
1ee2
--2
1e+
1e
1e
1ee2
--2
1ee2
.
1ee2
.
-
000.e
abc
1.2.3
+
++1
abc
-
abc
1.2.3
1e-
-
+
1e
-
1e-
-
.
0e
--2
+
1e+
1ee2
1.2.3
000.e
+
+
e10
++1
+
0e
1ee2
1.2.3
e10
0e
e10
e10
000.e
000.e
--2
0e
abc
1e
1e
1e
--2
++1
000.e
1e-
abc
000.e
0e
abc
++1
1.2.3
++1
--2
000.e
1e
1.2.3
0e
000.e
abc
abc
+
1e+
1e-
-
1.2.3
.
e10
000.e
0e
1ee2
1ee2
-
1e-
--2
1e
abc
e10
--2
-
.
1e+
-
1e
+
000.e
abc
e10
0e
1ee2
1e-
0e
1.2.3
++1
+
1ee2
.
000.e
1e+
--2
1.2.3
1e+
++1
1.2.3
.
0e
+
--2
++1
++1
-
--2
1e-
-
1e+
-
1e+
1ee2
0e
1e
abc
1e
-
e10
abc
1e
000.e
1e-
1e
1.2.3
1ee2
1e+
1e-
.
+
--2
000.e
e10
++1
--2
1ee2
0e
1e-
1e+
1.2.3
--2
--2
-
1.2.3
1ee2
e10
1e-
.
1e
abc
abc
--2
e10
e10
abc
e10
+
+
+
++1
abc
.
+
000.e
1ee2
--2
1e-
1e
0e
.
e10
+
1e+
.
1e
abc
++1
.
000.e
++1
1e
1.2.3
++1
.
++1
++1
.
0e
-
++1
1e+
--2
1ee2
0e
e10
e10
1e+
e10
1e-
+
-
abc
1e
--2
1e
1e-
1e+
1e-
0e
0e
.
--2
0e
--2
0e
0e
1e-
abc
0e
1e-
-
.
1e
e10
+
.
+
+
-
1e+
1.2.3
-
1ee2
1e
abc
e10
1e+
.
0e
abc
e10
e10
1ee2
e10
1ee2
000.e
000.e
1e+
0e
--2
.
+
--2
1e-
1e
1e-
+
e10
--2
e10
1e
--2
1ee2
-
1.2.3
000.e
--2
1.2.3
1ee2
.
0e
1e-
e10
1ee2
1ee2
1e-
e10
+
1ee2
0e
000.e
abc
1ee2
e10
e10
++1
1e
000.e
--2
000.e
1e
1e
000.e
-
1e+
1e
1e
abc
.
--2
1e+
abc
--2
abc
1e-
abc
1.2.3
1e
1ee2
--2
--2
1e+
1e
000.e
1ee2
0e
abc
++1
--2
--2
+
e10
0e
-
1ee2
1.2.3
--2
e10
0e
1e+
1ee2
++1
abc
-
1e-
abc
1e-
abc
1e+
e10
1ee2
++1
+
-
.
abc
e10
.
1e
++1
1e
1e-
+
1e+
e10
1e-
000.e
e10
1ee2
1e+
-
++1
.
1e+
1e-
0e
e10
+
e10
e10
+
1e-
1e
.
000.e
abc
1e-
1e+
1e+
.
+
.
abc
e10
000.e
1e-
1e
e10
abc
+
+
1.2.3
1e
1e-
++1
1ee2
000.e
1ee2
000.e
-
--2
e10
0e
abc
e10
.
0e
1e
1e
1.2.3
0e
1.2.3
.
000.e
0e
--2
+
e10
0e
+
1e-
+
1ee2
--2
-
-
1e+
1e
+
.
abc
000.e
1e
1e
1e+
0e
1e
.
+
1.2.3
+
000.e
.
abc
.
1e
+
1ee2
1e
++1
1.2.3
1e
--2
1e+
abc
0e
000.e
000.e
e10
1ee2
abc
++1
+
1.2.3
1e-
-
abc
1e
1e-
+
1ee2
1.2.3
0e
-
--2
abc
1e+
1e+
1e
e10
1.2.3
1e
000.e
1.2.3
e10
--2
000.e
1e-
-
1ee2
-
+
e10
abc
--2
e10
1.2.3
.
abc
1e-
000.e
--2
1e+
0e
.
-
abc
+
+
1.2.3
e10
0e
1e-
++1
0e
1.2.3
abc
1e+
--2
1.2.3
e10
+
abc
1ee2
abc
abc
1e
1e
+
0e
-
0e
-
e10
--2
1.2.3
abc
e10
1e+
1.2.3
1e
1e+
++1
0e
.
--2
abc
+
++1
-
1.2.3
1e+
.
++1
--2
1ee2
1e
--2
-
+
+
1e-
abc
-
1e-
1ee2
abc
1e-
--2
--2
1ee2
e10
abc
+
-
abc
+
.
0e
--2
1e
--2
++1
1e
abc
0e
.
e10
1ee2
1e+
abc
++1
1e
.
++1
-
--2
+
--2
1e
++1
-
1ee2
-
1.2.3
1.2.3
1e-
+
1e-
.
1e+
1ee2
1.2.3
1.2.3
++1
1e
1e+
abc
000.e
abc
1e+
1e
1e
1ee2
1e
1e+
1e-
1e+
1e+
1ee2
1.2.3
000.e
1e-
++1
.
++1
++1
1.2.3
--2
1e
1e+
1e-
1e
1e
.
1ee2
--2
.
1e
++1
++1
--2
++1
++1
0e
000.e
0e
abc
abc
+
++1
abc
000.e
000.e
++1
e10
1e
--2
1e-
.
.
e10
abc
000.e
abc
+
-
e10
+
1ee2
1ee2
++1
1e-
1e
+
1e-
1e-
1ee2
e10
--2
e10
1e
-
1e+
.
1e+
++1
1e
1e-
--2
++1
1.2.3
000.e
1e
1e-
abc
.
1.2.3
-
+
1e+
1e-
-
000.e
000.e
++1
1.2.3
abc
1e
1e+
1e
++1
0e
-
.
1e
000.e
1ee2
--2
1.2.3
+
000.e
1e
1ee2
++1
000.e
-
0e
e10
1e-
-
e10
1e+
1e+
1e-
1ee2
.
abc
abc
e10
e10
++1
1e
abc
e10
1ee2
000.e
1ee2
.
-
++1
1e-
e10
1e-
1e
++1
.
1ee2
++1
1e
++1
1e-
.
1e+
.
0e
abc
1e
abc
+
000.e
e10
0e
+
e10
abc
.
abc
e10
1e
1e
1e-
.
abc
++1
1e+
-
1e
1.2.3
.
000.e
1.2.3
000.e
++1
1.2.3
1e
e10
-
--2
++1
+
+
1ee2
1e-
abc
1e
++1
abc
+
1e
e10
1ee2
e10
e10
0e
000.e
abc
1.2.3
.
++1
0e
1.2.3
0e
000.e
1.2.3
1e+
+
++1
1.2.3
++1
abc
+
-
0e
abc
0e
++1
1ee2
1.2.3
0e
+
.
1e-
0e
++1
abc
1.2.3
+
--2
1e
-
1.2.3
1e
+
1e-
1e-
++1
.
e10
1.2.3
0e
1e-
1e-
++1
0e
1e-
0e
+
1ee2
0e
--2
1ee2
000.e
000.e
.
000.e
1e+
++1
--2
abc
++1
abc
1ee2
1e
++1
e10
000.e
e10
1e+
+
abc
e10
-
0e
.
1ee2
1e-
.
-
--2
1e+
++1
1ee2
0e
0e
1ee2
1.2.3
e10
000.e
1ee2
1ee2
1e-
.
+
000.e
-
-
1e
1e-
.
1e+
1e
1.2.3
abc
.
.
.
abc
--2
1e-
e10
1.2.3
+
1ee2
1.2.3
.
e10
1e
--2
000.e
e10
++1
1.2.3
abc
1ee2
1ee2
1ee2
1ee2
++1
+
e10
+
1ee2
-
1e-
--2
--2
abc
.
1e-
1e-
1e+
000.e
--2
000.e
-
+
1ee2
abc
1ee2
000.e
e10
e10
.
1ee2
+
e10
1e
1e
1e+
-
-
--2
1e+
abc
.
1e-
1ee2
.
e10
--2
e10
000.e
++1
1e+
1e-
++1
-
1e
1.2.3
abc
.
1ee2
e10
++1
--2
.
000.e
abc
1e-
1ee2
1ee2
1.2.3
.
abc
0e
+
-
0e
1.2.3
-
1e-
1.2.3
e10
1ee2
++1
1e+
1ee2
abc
e10
.
+
1e+
-
++1
.
1ee2
1e+
000.e
1e
.
+
.
.
1e
0e
+
.
1e+
1e+
1.2.3
000.e
0e
--2
abc
1ee2
000.e
e10
-
--2
+
e10
.
1ee2
1.2.3
e10
e10
1e-
0e
000.e
e10
1ee2
abc
1.2.3
abc
1ee2
+
1e+
1e-
abc
e10
e10
000.e
1e
abc
000.e
abc
1e+
1ee2
1ee2
.
++1
1e-
+
1ee2
000.e
++1
.
+
1ee2
abc
1.2.3
1e-
-
--2
-
.
abc
1e-
++1
--2
1e-
+
+
+
++1
1e
+
.
1e-
1ee2
1e
.
1e+
e10
++1
0e
1.2.3
abc
.
.
0e
-
--2
abc
-
1e+
--2
1e+
1e-
1ee2
e10
abc
e10
e10
000.e
--2
1.2.3
000.e
abc
--2
1ee2
-
000.e
1e-
-
e10
1.2.3
1e+
.
-
++1
e10
abc
.
+
0e
1ee2
++1
1ee2
000.e
e10
abc
1ee2
1e+
1e+
--2
0e
1e+
1e
.
--2
1ee2
1ee2
000.e
--2
1e
+
1ee2
1e
-
1e+
++1
-
+
1.2.3
1e-
000.e
000.e
1e-
1e+
1e+
1e
--2
++1
1e+
1e-
1e
1e+
1.2.3
abc
1e
++1
abc
.
1.2.3
1ee2
1ee2
000.e
+
abc
+
1e+
1.2.3
--2
1ee2
1e+
.
000.e
-
000.e
1e-
1e+
--2
000.e
1e
000.e
--2
1ee2
000.e
e10
-
1e-
.
1e
.
++1
0e
1ee2
1e-
--2
1e+
1ee2
000.e
1e-
0e
abc
-
1e+
++1
-
1e-
1ee2
.
1.2.3
e10
--2
0e
+
+
-
-
++1
1e
1e+
1e
1e+
000.e
000.e
.
e10
++1
000.e
.
1e+
1.2.3
1e+
--2
000.e
++1
+
.
1ee2
e10
-
1.2.3
0e
abc
1e-
++1
-
abc
0e
.
1ee2
--2
0e
0e
1.2.3
1e-
1.2.3
abc
1.2.3
++1
000.e
e10
1e-
1ee2
0e
--2
+
--2
1ee2
++1
1e
1e
--2
1ee2
+
1.2.3
1.2.3
0e
000.e
000.e
000.e
abc
1.2.3
1e
+
1.2.3
1e
+
--2
abc
1e
1ee2
0e
e10
1e-
--2
0e
+
1e
000.e
000.e
1.2.3
e10
+
e10
+
1ee2
1.2.3
1.2.3
+
1ee2
.
+
1ee2
1e
1e-
-
1.2.3
-
++1
1.2.3
++1
1.2.3
1e+
+
1ee2
000.e
--2
0e
1.2.3
1ee2
1ee2
1.2.3
1.2.3
1e
1e+
0e
0e
-
1e+
000.e
1ee2
e10
-
-
e10
000.e
++1
0e
000.e
1e+
000.e
1e
1ee2
+
1e
abc
+
--2
1e+
0e
1.2.3
1e+
000.e
1e+
1e
abc
.
1.2.3
1e+
0e
1e
0e
.
1.2.3
-
1ee2
1e
-
-
--2
abc
-
1.2.3
0e
e10
1e
++1
1ee2
e10
1.2.3
0e
1e-
+
000.e
abc
-
++1
++1
e10
.
e10
--2
--2
0e
abc
1.2.3
-
.
.
000.e
1e-
abc
--2
1ee2
1ee2
++1
+
1.2.3
1e+
abc
000.e
++1
1ee2
1e-
000.e
0e
--2
-
1.2.3
0e
000.e
--2
1ee2
1.2.3
1e+
-
+
+
000.e
--2
1e-
+
000.e
e10
abc
.
1.2.3
1ee2
1e+
abc
--2
1e-
1.2.3
1.2.3
+
0e
1e+
+
1e
+
1e
abc
1.2.3
abc
1ee2
0e
1ee2
000.e
1ee2
.
.
1.2.3
1e
1e+
000.e
abc
+
1e+
1e+
1e+
.
.
0e
--2
+
+
1e
--2
000.e
.
1ee2
.
e10
--2
1e
0e
1e-
++1
e10
000.e
0e
1e-
000.e
+
1e-
-
1e-
--2
--2
-
++1
++1
1e-
1e+
0e
0e
0e
1e-
1e
1e
000.e
-
e10
1ee2
+
abc
1ee2
e10
abc
--2
0e
1.2.3
1e-
1e
1e+
abc
abc
++1
+
1e
.
+
1e
-
1e
e10
1e-
0e
1ee2
--2
1e
-
1e+
1e
1.2.3
e10
000.e
--2
abc
1ee2
1ee2
+
1ee2
++1
1e-
e10
e10
1ee2
e10
1e-
--2
1e
1e+
abc
abc
--2
abc
1ee2
e10
1e+
abc
1e-
1ee2
e10
1e-
-
1e-
.
e10
e10
+
1e
1e+
1.2.3
1.2.3
.
1e+
000.e
--2
e10
1.2.3
-
1e+
1ee2
++1
.
abc
.
+
++1
1.2.3
1e-
+
1e+
abc
-
-
-
-
e10
1e
1ee2
++1
000.e
++1
1e-
-
+
000.e
++1
1e+
0e
1e-
++1
0e
+
000.e
1e
000.e
1ee2
1ee2
++1
++1
abc
1ee2
abc
1.2.3
1e+
000.e
1ee2
abc
0e
0e
1e-
--2
++1
000.e
e10
++1
-
1e+
1e-
1e-
abc
e10
--2
1e
e10
0e
0e
1e-
abc
1e
1.2.3
e10
1e
++1
1.2.3
++1
++1
1ee2
1e
--2
1e-
1e+
1e-
1ee2
++1
1e
000.e
000.e
1e
e10
1e+
-
1e-
--2
.
000.e
1e
1.2.3
.
-
abc
1e+
1ee2
1ee2
abc
1e-
1e+
1e-
+
--2
++1
++1
abc
abc
.
abc
0e
1e+
1.2.3
1e+
0e
1e+
1e+
e10
e10
-
--2
-
1.2.3
000.e
1ee2
0e
-
0e
+
1e-
0e
000.e
000.e
++1
1.2.3
1e+
0e
e10
000.e
1ee2
+
abc
++1
e10
abc
e10
1ee2
1ee2
1.2.3
1.2.3
1e-
.
-
.
e10
1.2.3
1e-
1.2.3
1ee2
1ee2
1e-
1ee2
1e-
1e+
e10
1e-
1ee2
abc
1e
++1
--2
++1
1.2.3
-
1e+
++1
1ee2
1ee2
1.2.3
.
0e
.
1e+
e10
1e-
1.2.3
abc
1e
1e
+
1e-
++1
1e+
-
--2
0e
--2
abc
000.e
0e
0e
++1
++1
e10
.
1e+
000.e
e10
0e
.
+
++1
1e+
1ee2
--2
abc
1e-
000.e
1e
1e
--2
1e+
abc
1e+
+
1e-
e10
1e+
e10
+
--2
1ee2
++1
--2
+
1ee2
1e-
+
abc
1e
1ee2
1e-
0e
+
000.e
000.e
1e
--2
0e
1e-
000.e
0e
0e
1e+
1e-
1e+
.
e10
+
-
--2
.
1e-
.
-
0e
1ee2
abc
1e-
1.2.3
--2
1e+
1.2.3
1e+
0e
000.e
1.2.3
0e
1.2.3
000.e
1e+
1ee2
1e
.
1e+
1ee2
+
e10
000.e
e10
1e-
1ee2
0e
1e
1e-
e10
++1
0e
1ee2
1.2.3
+
1.2.3
0e
++1
1ee2
e10
.
abc
-
.
1e+
-
e10
abc
000.e
1.2.3
000.e
000.e
--2
000.e
1ee2
1e
-
--2
000.e
abc
1ee2
1.2.3
1ee2
.
1e-
1e
e10
1ee2
--2
1ee2
-
++1
1e+
+
.
1.2.3
.
+
1.2.3
000.e
1e+
-
e10
1e-
e10
++1
e10
.
.
+
1e
e10
1e
1e+
1ee2
+
1ee2
1e-
e10
e10
++1
0e
.
++1
000.e
abc
++1
-
0e
1e-
1.2.3
.
.
e10
1e
1e+
+
e10
--2
e10
000.e
1ee2
1e-
.
1e+
1ee2
--2
abc
.
1e-
000.e
1ee2
.
.
1.2.3
1.2.3
000.e
1ee2
++1
0e
.
abc
e10
e10
0e
1e-
1e+
--2
e10
.
abc
.
1e
1e-
++1
-
abc
e10
++1
+
-
.
000.e
--2
+
1.2.3
1e
.
0e
abc
e10
.
1e+
1e
e10
1e
-
1e
+
1e
1e-
++1
1e+
1e-
.
abc
++1
000.e
.
1ee2
1e
--2
e10
e10
+
1e-
++1
1ee2
.
++1
abc
0e
1e-
1.2.3
.
1e
000.e
+
.
++1
+
.
1.2.3
abc
0e
--2
1ee2
000.e
1ee2
1e
++1
1e-
1.2.3
1e+
abc
0e
1e+
.
abc
1e-
.
abc
1e-
1e
e10
1e-
abc
1ee2
1e-
-
1ee2
1.2.3
e10
abc
1ee2
000.e
1ee2
1e-
abc
1e+
000.e
++1
-
1ee2
0e
0e
+
0e
e10
1e-
--2
e10
1e+
abc
abc
000.e
+
1.2.3
--2
++1
e10
abc
.
1ee2
.
1e
1e-
e10
000.e
+
0e
000.e
0e
1e-
e10
000.e
+
abc
abc
1e
1e+
1e
--2
1.2.3
+
e10
1ee2
.
e10
1ee2
0e
0e
1e
1e
.
1.2.3
abc
0e
.
1e+
.
-
1e+
1e-
e10
1.2.3
1.2.3
e10
1.2.3
1.2.3
++1
.
abc
++1
1e
-
1e
--2
.
abc
--2
.
+
++1
000.e
++1
1e-
1e-
++1
.
1e-
0e
-
-
++1
1.2.3
++1
.
abc
e10
1e
++1
1ee2
1ee2
+
--2
++1
+
1.2.3
0e
++1
++1
1e-
abc
1e+
0e
e10
--2
++1
1e
0e
--2
-
0e
0e
000.e
1.2.3
e10
1e
e10
0e
+
1e-
.
--2
1e-
1ee2
e10
1ee2
000.e
-
0e
000.e
1ee2
000.e
000.e
e10
1e+
abc
.
.
1e
0e
.
1e+
1e-
1e-
+
++1
+
-
000.e
-
+
++1
-
e10
1ee2
+
+
e10
+
-
1e+
e10
abc
1.2.3
1.2.3
1e
000.e
1e-
-
-
++1
000.e
0e
1.2.3
1.2.3
-
e10
++1
+
0e
1.2.3
1ee2
1.2.3
++1
1e-
1e
e10
1e
1e-
000.e
++1
1.2.3
-
0e
++1
1e+
--2
+
1e-
1e-
e10
1e-
0e
000.e
++1
000.e
000.e
1e+
1e
+
++1
--2
1ee2
+
abc
e10
1.2.3
+
0e
0e
e10
1e
.
++1
++1
0e
++1
.
e10
0e
abc
e10
1ee2
1ee2
abc
000.e
000.e
1e+
1e
0e
1ee2
abc
1e+
0e
.
1ee2
1e
000.e
--2
1e+
1e-
000.e
1.2.3
1e
1.2.3
--2
1e
+
1e
1.2.3
.
0e
++1
-
--2
0e
1.2.3
.
1e-
e10
1.2.3
0e
1e+
1.2.3
abc
0e
1.2.3
000.e
000.e
1.2.3
1e
1.2.3
1ee2
e10
+
e10
.
1.2.3
++1
1ee2
.
+
1.2.3
1ee2
++1
+
.
000.e
--2
1ee2
000.e
0e
--2
1e-
1e
0e
abc
1e-
--2
++1
+
--2
0e
0e
1.2.3
000.e
000.e
--2
1e-
abc
e10
+
0e
.
+
0e
1e-
1.2.3
1e
1e
+
-
-
000.e
1e+
1ee2
abc
e10
000.e
abc
1e
1ee2
++1
1ee2
.
1e-
1ee2
1e+
abc
1ee2
abc
+
e10
.
1ee2
0e
000.e
--2
1e+
1e+
+
.
000.e
abc
++1
1e-
e10
0e
1ee2
+
.
0e
0e
1.2.3
e10
+
1e-
1e-
1e
+
--2
000.e
+
+
1e+
e10
1e+
e10
.
1e
abc
1.2.3
0e
--2
0e
1ee2
1e+
+
1e
--2
1e
e10
-
-
1e+
.
-
1e+
+
1e+
++1
-
abc
abc
-
+
1.2.3
abc
-
000.e
+
e10
1ee2
1e-
1e
000.e
.
1e
--2
abc
abc
000.e
1.2.3
abc
++1
abc
000.e
1e+
+
-
e10
--2
e10
000.e
e10
--2
1e+
-
1ee2
000.e
1ee2
+
abc
++1
-
1.2.3
1e+
1ee2
+
1e
1ee2
1e-
1e
1e+
1e
--2
.
++1
1e
abc
.
-
-
000.e
1ee2
e10
1e
e10
0e
--2
1e-
++1
+
1ee2
--2
e10
+
++1
+
+
1e
000.e
e10
1e
++1
e10
abc
++1
++1
+
-
0e
1e
e10
++1
1e
+
1e+
--2
1e-
1e+
+
+
1.2.3
-
-
abc
abc
000.e
1e
+
1ee2
0e
1e+
1e
-
-
++1
-
++1
1ee2
000.e
abc
1e-
1.2.3
++1
1e
abc
+
1e
-
000.e
-
++1
--2
1e
abc
1e
0e
-
1ee2
abc
.
1ee2
e10
abc
1e+
-
000.e
--2
0e
1e
0e
e10
000.e
1ee2
1e-
-
--2
--2
--2
1.2.3
+
1e
000.e
1.2.3
abc
1e
e10
abc
1e+
1.2.3
.
e10
000.e
1e
1e+
1.2.3
1e
1ee2
1.2.3
abc
1.2.3
+
0e
1e
000.e
000.e
1e
e10
0e
000.e
e10
.
++1
abc
1.2.3
++1
e10
e10
--2
.
e10
+
0e
1e-
1.2.3
000.e
1e
1.2.3
0e
1ee2
.
++1
1e+
0e
1e-
1.2.3
1.2.3
000.e
0e
.
--2
.
-
1.2.3
1e
1.2.3
000.e
0e
1e
1e-
-
++1
0e
0e
abc
++1
e10
000.e
++1
abc
1ee2
e10
1ee2
1e
--2
--2
1.2.3
+
abc
.
+
++1
1e
1e+
e10
1e+
++1
-
1e-
0e
1e-
e10
.
1.2.3
e10
--2
1e+
1ee2
1.2.3
e10
+
--2
-
000.e
1e
e10
1e-
1e+
1.2.3
1e+
1e+
1.2.3
--2
1e+
1e
abc
.
+
++1
1e
e10
1e-
-
.
-
-
-
1e+
+
1e-
0e
1e-
-
000.e
0e
1e
1e
e10
1e
++1
+
000.e
e10
+
-
.
abc
--2
--2
abc
1e+
1e+
0e
000.e
1e
.
--2
1.2.3
1e+
abc
1e+
1.2.3
0e
abc
.
0e
1.2.3
1e
1e+
abc
1e-
1e-
abc
++1
000.e
abc
--2
1e+
1e-
1e+
+
000.e
e10
0e
+
abc
1e
1e-
1.2.3
-
1ee2
++1
abc
1.2.3
1e
.
++1
1e-
++1
1e+
.
1e
000.e
1e
1.2.3
.
000.e
1e-
1.2.3
abc
abc
1e+
1ee2
1e
e10
1.2.3
1e-
++1
.
e10
-
--2
-
000.e
1e+
1.2.3
0e
1e
1ee2
1.2.3
1.2.3
--2
0e
0e
1.2.3
--2
.
1e-
++1
1.2.3
000.e
1ee2
++1
0e
1e-
++1
000.e
1e-
1.2.3
1e
1e-
000.e
1e
e10
-
+
--2
000.e
1.2.3
-
+
1e
++1
-
.
++1
0e
1e
0e
abc
1ee2
abc
000.e
+
++1
1e
1e
1e-
-
1e+
.
1ee2
1e
1.2.3
abc
abc
0e
e10
++1
++1
.
0e
1.2.3
abc
+
+
++1
1ee2
++1
-
-
000.e
abc
e10
-
+
-
1ee2
1e+
1e
++1
-
abc
--2
.
0e
0e
1e-
-
--2
abc
0e
1e
abc
++1
1ee2
e10
abc
abc
1e+
-
1e-
1ee2
1e
1.2.3
1e+
e10
+
1e+
+
.
000.e
1e+
-
1.2.3
1.2.3
abc
e10
1.2.3
1e+
1e-
0e
+
1e-
1e-
e10
1e-
1e
1.2.3
0e
abc
.
.
1e+
+
1ee2
1e+
abc
1e-
abc
1.2.3
000.e
+
++1
abc
-
0e
abc
1e
+
abc
1.2.3
1e+
--2
1e
1e+
e10
1e
1e+
1e
1ee2
abc
-
0e
--2
1e
e10
+
abc
1e-
+
--2
+
1.2.3
.
+
1e
++1
1e
1.2.3
1e-
-
1e+
1ee2
1e-
0e
0e
0e
.
abc
000.e
1e+
--2
.
1.2.3
abc
1e-
000.e
-
e10
1e-
1e+
.
1e+
.
0e
--2
--2
e10
1e
0e
000.e
++1
.
+
000.e
0e
0e
abc
--2
++1
-
1e-
e10
1.2.3
abc
1e+
++1
+
.
0e
1ee2
abc
+
-
abc
++1
-
0e
0e
+
e10
1.2.3
1.2.3
1e
++1
1.2.3
1e
++1
+
++1
abc
.
1ee2
+
1.2.3
+
--2
++1
+
0e
++1
1ee2
e10
-
1.2.3
1e-
1ee2
1e+
1e
-
.
-
1e-
abc
e10
1e-
abc
abc
abc
.
--2
abc
0e
1e-
--2
+
1e
e10
+
1e+
e10
1.2.3
e10
0e
1e-
++1
1.2.3
1ee2
e10
-
.
++1
1e+
0e
abc
1.2.3
--2
0e
0e
1e-
abc
1e-
1.2.3
e10
.
.
1.2.3
1e-
1e+
1e-
-
e10
0e
1.2.3
e10
1ee2
1e-
abc
000.e
.
abc
000.e
--2
1.2.3
1.2.3
1ee2
.
e10
1.2.3
1e
0e
1e
1e-
++1
++1
-
e10
.
++1
abc
-
1ee2
--2
1ee2
abc
+
-
1e-
1e-
1e-
--2
e10
1e-
-
e10
+
.
1e-
1e-
+
++1
1e
000.e
1e+
1e
1.2.3
1ee2
1e+
+
1e-
1e
++1
000.e
.
+
0e
e10
1e-
1e
+
.
1e-
1e-
1e+
0e
abc
abc
--2
0e
000.e
1e+
-
0e
000.e
e10
e10
1ee2
+
+
000.e
1ee2
1e
0e
++1
0e
1e+
1ee2
-
0e
000.e
1e-
e10
+
-
1.2.3
0e
0e
1e+
0e
000.e
0e
1e-
1.2.3
1e
0e
1e+
000.e
1e-
0e
--2
0e
0e
1e-
.
1.2.3
1e-
1e
0e
000.e
1.2.3
1.2.3
--2
1ee2
-
1.2.3
abc
abc
.
abc
abc
-
000.e
--2
++1
abc
e10
e10
1ee2
1e
1e+
+
1.2.3
0e
1ee2
--2
e10
1ee2
000.e
1e
--2
1e-
1e-
+
.
1e+
.
++1
++1
.
0e
1e-
1e-
1e+
.
abc
1e+
000.e
1ee2
e10
abc
1e
1.2.3
e10
1e
--2
1e-
000.e
++1
000.e
abc
--2
1e-
.
+
1e+
1.2.3
1.2.3
++1
++1
1e
.
0e
1ee2
--2
++1
+
abc
abc
e10
1e+
000.e
++1
-
abc
e10
+
.
1e
.
1e+
abc
1e-
abc
1.2.3
.
e10
-
--2
--2
abc
+
e10
1.2.3
.
1e
abc
1ee2
1.2.3
e10
.
.
000.e
-
+
1e+
1e-
+
abc
1e+
abc
1e-
abc
-
1ee2
e10
+
1e
0e
-
0e
1.2.3
1e-
1e+
+
1e+
1e-
++1
1e+
1.2.3
-
1ee2
0e
1ee2
++1
1e-
+
1e
1ee2
+
1e+
1.2.3
0e
0e
1.2.3
1e
0e
1e
1e-
++1
1e
--2
e10
abc
++1
1.2.3
1e
e10
.
1.2.3
-
-
1ee2
.
++1
++1
-
e10
1e-
.
+
1e
1e+
0e
1e
abc
1ee2
-
1e
0e
.
1e
+
1e+
000.e
e10
0e
.
abc
e10
1.2.3
1e+
abc
1e
1e
abc
1e-
--2
--2
-
.
1.2.3
.
1e-
000.e
000.e
1e
000.e
-
000.e
+
1e-
+
.
+
e10
-
abc
abc
1e-
000.e
+
+
abc
--2
1e
e10
--2
1e+
000.e
--2
.
1ee2
1e
1e+
abc
e10
1ee2
1e
000.e
0e
+
000.e
000.e
1ee2
1e
.
.
1e-
e10
--2
++1
1.2.3
1.2.3
1e
000.e
0e
abc
1.2.3
1e
e10
1e-
e10
1ee2
1ee2
e10
-
1ee2
1ee2
-
1.2.3
+
0e
-
0e
--2
1e
000.e
-
-
1ee2
++1
000.e
-
1ee2
+
000.e
+
0e
1e+
.
1e+
1e+
000.e
++1
abc
abc
000.e
1e-
1e-
0e
1ee2
000.e
.
0e
.
0e
1e+
1e-
1.2.3
1ee2
--2
-
++1
0e
1e+
1e-
+
--2
+
abc
.
-
1e
0e
1.2.3
--2
000.e
-
+
1ee2
1e-
1e
-
++1
+
1e-
e10
abc
1.2.3
++1
++1
+
000.e
++1
1e+
1ee2
-
++1
e10
-
.
0e
1.2.3
++1
1e-
++1
0e
1e+
++1
1ee2
1ee2
0e
e10
+
+
0e
-
+
--2
000.e
0e
000.e
e10
0e
.
1e+
e10
+
e10
+
.
0e
++1
1e-
0e
+
1ee2
++1
1e+
abc
0e
1ee2
abc
+
1.2.3
abc
1e+
e10
++1
abc
1.2.3
1e-
1e+
e10
1e-
--2
1.2.3
--2
abc
--2
abc
000.e
1e+
0e
1.2.3
--2
abc
+
++1
1e+
1e
1.2.3
-
1ee2
abc
--2
1e-
1ee2
abc
+
+
1.2.3
abc
1.2.3
1e+
1e-
1ee2
++1
1e+
000.e
0e
1e-
1.2.3
1ee2
++1
1.2.3
e10
1e-
0e
1e+
+
++1
1e+
e10
1e+
e10
++1
1e+
e10
0e
1.2.3
0e
.
0e
--2
1e+
abc
1e+
abc
.
++1
1e+
abc
1e+
e10
-
+
++1
e10
-
-
--2
.
e10
-
+
-
--2
1.2.3
1e
1e
1.2.3
0e
1ee2
.
1e
-
abc
0e
1e+
abc
abc
.
1e+
.
abc
1e
e10
1e+
0e
1e-
abc
abc
000.e
abc
e10
000.e
1.2.3
e10
000.e
-
e10
1ee2
-
1e
1ee2
++1
e10
1e
1ee2
++1
++1
++1
1e
abc
1e+
1e+
1e
000.e
1ee2
1e+
abc
1.2.3
1.2.3
-
1ee2
abc
1.2.3
0e
+
+
000.e
1e-
.
++1
1ee2
e10
abc
1e-
1.2.3
-
1ee2
1e+
abc
++1
1e
abc
abc
e10
000.e
++1
--2
1ee2
--2
abc
1e+
0e
1ee2
+
+
.
1e
1e-
1e+
e10
1e-
1e-
e10
000.e
1e
1.2.3
1e-
abc
000.e
-
1.2.3
-
--2
++1
000.e
1.2.3
--2
1e
.
1.2.3
e10
1e-
1.2.3
1e-
++1
1ee2
0e
e10
--2
1e+
abc
1e+
1.2.3
--2
e10
e10
1e-
0e
1.2.3
-
-
.
abc
000.e
+
-
++1
abc
000.e
0e
.
-
1ee2
000.e
.
1e
-
--2
1e
-
1.2.3
0e
000.e
0e
1e
-
++1
000.e
-
--2
+
-
1e
1e-
1e
1e+
1e-
1e-
++1
--2
1.2.3
++1
-
1e+
1e+
abc
1.2.3
1e
+
.
-
--2
abc
000.e
1ee2
++1
000.e
++1
0e
1e-
1ee2
abc
1e+
1e+
1.2.3
abc
.
0e
1ee2
0e
1e
1e-
++1
+
1ee2
1e
.
1ee2
1e
1ee2
1e
1ee2
0e
++1
--2
--2
1e
0e
1e+
1.2.3
1e-
1e+
1ee2
1e-
--2
1.2.3
++1
-
1e+
000.e
1e+
++1
000.e
1e+
1e-
+
+
abc
.
000.e
000.e
1e
1e+
1.2.3
1ee2
++1
-
++1
abc
1e-
1ee2
1e+
1ee2
+
1e-
.
1e+
abc
-
+
1ee2
1e+
0e
abc
e10
0e
1e+
abc
+
e10
000.e
1e-
1e-
-
abc
1e
000.e
1.2.3
.
+
1e
.
++1
abc
++1
1ee2
1.2.3
1ee2
++1
000.e
++1
--2
abc
+
1e-
1ee2
--2
0e
000.e
.
1e-
+
abc
.
1e-
.
-
1.2.3
++1
abc
--2
1e
1e
+
++1
1e+
+
1e+
e10
++1
0e
++1
.
1.2.3
000.e
-
000.e
0e
e10
--2
1e-
+
e10
1ee2
000.e
1ee2
-
1e-
+
000.e
1ee2
abc
1e-
--2
1e-
++1
1ee2
e10
e10
+
+
--2
1e
0e
1e+
--2
++1
1.2.3
1e
1.2.3
0e
0e
.
+
--2
1e+
1e+
0e
--2
-
-
000.e
1.2.3
1.2.3
1e-
1e
000.e
-
000.e
1e
1e
0e
1e+
1.2.3
1ee2
e10
1e+
1ee2
e10
+
.
1e+
1.2.3
1e-
1e-
1e
abc
--2
1e-
e10
+
1.2.3
1e+
000.e
-
0e
+
1e-
1e+
000.e
+
-
000.e
+
.
--2
-
abc
000.e
1e
+
1e-
-
000.e
abc
+
1e-
1e
--2
0e
e10
1.2.3
000.e
--2
0e
+
1e-
-
1e
abc
--2
abc
e10
+
-
-
+
--2
abc
+
--2
+
1e+
0e
++1
++1
.
--2
e10
1e-
1e-
abc
1e
++1
-
e10
++1
-
.
e10
000.e
++1
abc
0e
1ee2
e10
0e
000.e
1e+
+
++1
0e
e10
0e
-
1ee2
1.2.3
1e+
0e
000.e
abc
++1
.
--2
+
0e
1e
1ee2
.
000.e
abc
+
1ee2
000.e
1.2.3
-
1.2.3
0e
1e
000.e
++1
0e
++1
-
1e+
1ee2
000.e
1e-
-
abc
++1
1ee2
1ee2
.
--2
000.e
abc
abc
-
1ee2
0e
1.2.3
1.2.3
abc
1e
-
+
--2
1e
e10
-
++1
000.e
1e
1.2.3
-
--2
e10
1ee2
++1
--2
1ee2
1e+
1e
1.2.3
e10
1e-
000.e
.
000.e
abc
1e-
000.e
1ee2
.
1ee2
-
+
.
e10
1.2.3
-
1.2.3
000.e
++1
000.e
abc
abc
000.e
1e+
--2
++1
1e-
0e
--2
.
e10
1e
0e
1ee2
-
e10
++1
1.2.3
.
-
1e-
1e+
e10
1.2.3
.
1.2.3
1ee2
-
1e+
1.2.3
000.e
0e
1e
abc
000.e
1.2.3
abc
+
1e
1e
1ee2
1e-
1.2.3
1e
1.2.3
1.2.3
1e+
e10
1e+
-
.
++1
1e+
++1
0e
0e
+
abc
000.e
1.2.3
1e+
1.2.3
--2
1ee2
0e
1e
e10
1.2.3
-
1e-
1ee2
000.e
+
+
1.2.3
1.2.3
abc
.
-
1.2.3
abc
1e
e10
1e
--2
.
e10
1e-
--2
++1
+
1e
0e
1e-
+
.
1e-
000.e
1e
--2
++1
1e-
1ee2
.
--2
e10
++1
+
1ee2
--2
1e-
1e
--2
1.2.3
--2
000.e
+
1ee2
--2
1ee2
abc
.
++1
000.e
--2
0e
--2
abc
1e-
0e
--2
1e+
1e-
1e-
--2
1e+
++1
1e+
.
e10
--2
--2
.
--2
1e+
0e
1ee2
+
--2
1e+
-
000.e
1e-
1e
.
1e-
1e
-
-
1e-
1ee2
--2
1e+
abc
abc
1e+
1e-
--2
--2
0e
+
1ee2
1e
+
+
1ee2
0e
1e-
1e+
1e+
1.2.3
-
0e
--2
abc
.
1e
1ee2
++1
1e+
.
1e-
1.2.3
+
1e-
1e+
1ee2
0e
-
1e
-
-
1e-
--2
++1
.
1e+
++1
abc
e10
-
+
abc
e10
1ee2
--2
1e
+
1ee2
000.e
1e-
1e-
-
++1
0e
.
000.e
++1
e10
1e+
1e-
.
1e+
abc
--2
1.2.3
000.e
e10
1e+
+
abc
1e
++1
++1
+
000.e
++1
1ee2
-
e10
0e
-
--2
--2
abc
--2
0e
1e+
abc
0e
--2
1ee2
1ee2
--2
-
--2
.
1e-
+
000.e
1.2.3
++1
abc
--2
+
1e-
-
++1
--2
1ee2
0e
1.2.3
-
++1
++1
abc
1.2.3
1e
++1
000.e
abc
--2
++1
1ee2
++1
abc
abc
abc
1.2.3
e10
--2
+
000.e
1e
+
e10
abc
1e+
--2
1e
-
-
1ee2
1e
1e-
1e-
1e
1e-
1ee2
.
++1
1ee2
1e-
+
abc
1e-
+
abc
++1
1e-
.
++1
--2
-
-
1e+
++1
.
0e
--2
1e
++1
1ee2
1ee2
1e-
-
++1
e10
1e+
1e
abc
0e
++1
-
.
0e
++1
000.e
++1
000.e
abc
--2
-
-
1e-
1e+
1ee2
.
++1
0e
-
--2
1.2.3
000.e
1e
1e
+
+
++1
-
e10
-
++1
-
--2
e10
--2
1ee2
--2
1e+
1.2.3
+
1ee2
1e+
1.2.3
1e
1ee2
--2
++1
1e
1ee2
000.e
++1
e10
0e
1.2.3
0e
e10
1e-
000.e
+
abc
000.e
-
--2
1ee2
000.e
1e
0e
+
++1
1e
1e-
--2
abc
000.e
.
-
e10
-
1e-
.
e10
1e
0e
1e-
1ee2
1e+
1e+
1e
++1
+
1.2.3
e10
e10
0e
+
000.e
abc
1ee2
abc
1ee2
000.e
1ee2
-
.
1.2.3
1e
abc
--2
e10
1.2.3
1e+
+
0e
.
e10
++1
-
1e
0e
++1
+
.
abc
1ee2
1.2.3
1.2.3
1e+
1e-
+
000.e
-
000.e
e10
1e
++1
--2
abc
--2
+
e10
abc
0e
+
1e-
1e
e10
1.2.3
000.e
-
++1
--2
abc
1e+
+
0e
+
e10
1.2.3
--2
+
.
1e
+
1e-
1e+
1ee2
1e-
1e
1e-
1e+
+
1e
1ee2
1.2.3
++1
1e-
e10
e10
1e-
0e
abc
+
+
1.2.3
1e-
1e
1ee2
0e
++1
.
0e
0e
1e
1ee2
000.e
1e+
1ee2
1e
++1
+
1e
+
++1
000.e
1e
-
--2
1e
000.e
1e
1e-
.
.
e10
1e
1e
000.e
--2
--2
--2
1.2.3
1e
--2
++1
--2
1e
1e+
++1
abc
++1
1e
abc
abc
1ee2
1.2.3
1ee2
.
1ee2
0e
-
1.2.3
-
0e
++1
.
000.e
+
e10
abc
1e+
1e
1.2.3
1ee2
++1
1ee2
000.e
--2
1e+
--2
1e-
1e+
0e
0e
000.e
0e
e10
1e+
e10
abc
1ee2
+
1ee2
--2
0e
--2
.
000.e
000.e
1.2.3
1ee2
1e
-
-
1e+
1e+
+
1e+
e10
000.e
0e
1.2.3
.
++1
0e
1e
-
0e
e10
-
e10
-
1e-
++1
e10
1ee2
000.e
.
-
1e+
1e-
1ee2
abc
000.e
-
abc
1e
++1
0e
1e+
1.2.3
1e
1e+
1.2.3
1e
1e
e10
.
.
1e-
abc
1e
1.2.3
+
1.2.3
-
1e-
1e
1e
++1
1e+
++1
++1
e10
+
000.e
abc
+
-
1ee2
1e
e10
--2
000.e
1e+
+
1e-
1e+
e10
1ee2
e10
1ee2
-
1ee2
++1
abc
++1
.
e10
--2
-
0e
000.e
--2
.
.
1e
1ee2
++1
000.e
1ee2
++1
++1
000.e
1ee2
1ee2
1ee2
1e
abc
1.2.3
e10
0e
0e
1ee2
e10
1e
-
1ee2
abc
1e
e10
--2
--2
1e+
-
e10
--2
1ee2
-
e10
1e+
0e
e10
1e+
1.2.3
1e-
+
--2
1e
1e-
abc
1ee2
1e
+
+
-
1ee2
-
000.e
++1
abc
+
++1
000.e
--2
1e-
--2
0e
++1
1e-
abc
--2
abc
1ee2
1e
0e
--2
1e+
1e-
+
e10
++1
-
1e
abc
000.e
.
1ee2
1ee2
1e-
--2
++1
-
-
.
e10
1.2.3
+
0e
.
.
abc
.
1e-
e10
0e
-
000.e
1ee2
1ee2
1.2.3
-
++1
1ee2
1e-
1.2.3
-
--2
++1
--2
--2
1e-
.
+
++1
1e
000.e
1e
1e
++1
1.2.3
1e+
0e
abc
1.2.3
1e
1e-
1.2.3
1.2.3
-
abc
1ee2
1e-
000.e
--2
1e
1e-
-
++1
++1
-
.
e10
1e-
1.2.3
1e+
1e
0e
1e-
-
+
abc
e10
1e
.
1e
-
.
0e
abc
1e+
1e
-
.
e10
.
1ee2
--2
0e
1ee2
000.e
1ee2
0e
abc
+
1e-
1e
1e-
000.e
+
1.2.3
abc
0e
abc
.
1e
e10
-
++1
+
abc
e10
--2
1.2.3
1e-
1e+
+
++1
-
--2
1e
1e-
0e
-
abc
.
000.e
1ee2
0e
-
1e-
++1
abc
1.2.3
e10
e10
+
e10
-
0e
.
1.2.3
1.2.3
-
1.2.3
+
e10
e10
1e-
1ee2
e10
e10
000.e
++1
e10
abc
1e
1e-
0e
1.2.3
-
--2
.
+
abc
000.e
+
+
.
1.2.3
1e+
1ee2
1ee2
1ee2
+
1e-
0e
1.2.3
abc
abc
1e+
1e-
1e+
1e-
.
1ee2
e10
0e
+
0e
+
1e
000.e
000.e
.
+
--2
+
1e
.
1ee2
.
1.2.3
1e-
1.2.3
1ee2
000.e
++1
-
1.2.3
++1
.
1e
1ee2
.
1e+
1.2.3
e10
-
0e
0e
-
1e+
--2
-
--2
--2
1e-
1e
1ee2
++1
++1
1.2.3
1e-
++1
1.2.3
1ee2
1.2.3
1.2.3
1ee2
000.e
.
+
.
-
1e
1e+
1.2.3
-
-
++1
1e
000.e
abc
1ee2
000.e
1e+
0e
0e
1e+
1e-
-
1e-
--2
000.e
++1
1e+
e10
abc
1ee2
1ee2
1ee2
++1
-
0e
1ee2
1e-
0e
1e+
1.2.3
1e+
0e
000.e
1e-
1.2.3
++1
+
+
1e+
1ee2
.
000.e
000.e
e10
-
-
e10
++1
.
abc
-
1e
-
1e
--2
-
-
1e
0e
1e-
1.2.3
1ee2
1ee2
1.2.3
1e
e10
.
1ee2
000.e
e10
e10
.
e10
1e
1e-
1e+
0e
000.e
++1
000.e
1e-
--2
1.2.3
.
++1
--2
e10
1e-
++1
-
000.e
1ee2
abc
.
1.2.3
1.2.3
0e
1e+
1.2.3
++1
--2
000.e
-
1ee2
++1
e10
abc
1e-
1ee2
1ee2
1e-
--2
--2
1e-
1e
--2
1ee2
++1
1e+
1e-
e10
--2
+
1e-
+
000.e
1e
0e
0e
e10
-
abc
0e
1e+
1e
abc
abc
1e-
abc
0e
abc
1e-
.
+
000.e
e10
--2
.
.
000.e
1e
-
+
1e-
1.2.3
1.2.3
000.e
0e
0e
e10
++1
1.2.3
-
abc
1e-
000.e
1ee2
e10
1e-
1e
-
1.2.3
--2
1e-
--2
1e
-
1e+
1e
000.e
e10
e10
1ee2
.
1e
1.2.3
--2
++1
++1
1e
e10
+
-
1e
000.e
1.2.3
+
1e
1.2.3
abc
1e-
.
000.e
.
.
e10
abc
+
+
1.2.3
0e
1ee2
abc
1e
e10
-
++1
1e+
+
1e-
-
++1
.
e10
++1
++1
++1
--2
--2
1ee2
e10
000.e
000.e
1e+
1e+
0e
++1
000.e
+
1e+
+
--2
0e
1ee2
1ee2
+
+
1e
-
-
1e
abc
1e+
++1
-
++1
000.e
1e
e10
++1
++1
.
.
abc
e10
1ee2
1ee2
--2
1ee2
1.2.3
0e
0e
.
-
+
e10
1e-
1.2.3
e10
1e-
++1
1.2.3
--2
++1
1e+
.
++1
1.2.3
1ee2
1e
abc
1e+
1e+
1e+
1ee2
+
e10
000.e
1e-
000.e
-
1e
1e
.
-
1e-
000.e
-
000.e
.
1e+
1e+
abc
1e
+
e10
000.e
-
1e
++1
0e
1e+
e10
+
1e-
000.e
000.e
-
.
-
0e
.
+
.
--2
0e
1e
abc
1e
abc
1e+
e10
1ee2
.
1ee2
1ee2
+
0e
abc
1e-
1e
--2
e10
.
0e
+
1ee2
000.e
--2
++1
1e+
1e+
1.2.3
1e-
abc
-
+
1.2.3
e10
abc
++1
-
1e+
abc
0e
1.2.3
1ee2
.
1e-
1.2.3
e10
1ee2
1ee2
.
000.e
1.2.3
1e+
.
1e+
1ee2
1e+
.
abc
--2
e10
000.e
.
0e
1e-
000.e
e10
0e
0e
++1
1e-
1ee2
++1
+
++1
.
abc
0e
abc
.
1e-
1.2.3
1e-
-
e10
e10
--2
.
abc
1.2.3
1e-
1e
0e
e10
0e
++1
0e
000.e
1e
0e
1e
1e-
1.2.3
0e
1e
1ee2
-
.
-
1ee2
e10
000.e
1e+
.
1e+
abc
e10
1ee2
e10
1e+
++1
1e+
++1
--2
1e-
--2
1.2.3
000.e
1e-
-
1e
.
++1
+
++1
e10
abc
1ee2
abc
abc
0e
+
1e-
.
++1
++1
abc
-
1e-
-
0e
++1
abc
abc
1e
1e-
abc
1e-
++1
++1
.
000.e
1.2.3
1ee2
e10
1e-
000.e
1ee2
++1
0e
--2
1.2.3
1e-
++1
.
-
000.e
1e+
1e+
e10
1ee2
1ee2
1.2.3
--2
1e-
e10
++1
-
.
e10
e10
1e+
e10
1e+
-
1e
1e
--2
.
.
.
1.2.3
1ee2
000.e
--2
1.2.3
000.e
-
1e-
.
1e+
-
++1
1e
++1
-
e10
e10
1e+
.
1.2.3
++1
++1
e10
-
000.e
1e+
.
1.2.3
.
-
++1
1e-
1e+
+
+
--2
abc
0e
1ee2
000.e
1e
e10
1e+
1.2.3
abc
1.2.3
++1
-
1e
000.e
1e+
0e
abc
++1
abc
1ee2
.
1.2.3
--2
abc
.
1e
1.2.3
.
000.e
000.e
abc
--2
+
0e
++1
000.e
--2
-
abc
1.2.3
--2
.
1ee2
1e+
1e
--2
0e
abc
abc
1e-
000.e
--2
0e
+
e10
1.2.3
.
.
1e+
+
+
+
1e-
abc
1.2.3
1e-
++1
1e+
1e+
1e
--2
1ee2
1e
abc
1e+
1e-
--2
++1
abc
-
--2
1.2.3
1e+
-
1ee2
e10
.
1ee2
1.2.3
--2
1.2.3
--2
.
.
-
abc
.
1e+
abc
.
1e-
000.e
0e
++1
000.e
-
1e
++1
+
e10
0e
.
abc
-
e10
++1
0e
.
1e-
000.e
1.2.3
.
1e+
++1
000.e
-
000.e
1e+
1ee2
1ee2
1e-
1e+
1e+
++1
abc
1e-
1e+
abc
000.e
000.e
-
1ee2
000.e
abc
1e+
1e
1.2.3
abc
1e+
-
--2
--2
1ee2
1ee2
++1
0e
1ee2
0e
+
0e
++1
abc
--2
000.e
000.e
1.2.3
abc
--2
+
0e
e10
abc
-
1e+
+
000.e
1.2.3
000.e
abc
000.e
1.2.3
000.e
++1
1ee2
--2
e10
000.e
+
1ee2
1e
-
abc
abc
abc
0e
0e
000.e
.
abc
e10
1ee2
+
0e
.
abc
--2
.
1.2.3
1ee2
0e
+
1ee2
+
000.e
1e
000.e
abc
+
1e
++1
1e+
1ee2
--2
000.e
e10
+
000.e
1e+
1.2.3
1e-
++1
.
1e-
abc
0e
+
0e
-
++1
-
1e+
+
1.2.3
abc
1e-
.
000.e
1e-
+
++1
1e-
++1
1ee2
1e+
e10
+
++1
000.e
1.2.3
abc
.
1ee2
abc
1e+
1ee2
.
000.e
+
+
1e
000.e
e10
e10
1ee2
+
.
++1
000.e
.
1.2.3
-
.
1ee2
--2
1e+
abc
abc
1e+
000.e
+
0e
++1
--2
0e
1e
1ee2
.
.
000.e
000.e
1e+
+
1e-
++1
e10
++1
1ee2
000.e
0e
1e
1ee2
--2
e10
1ee2
++1
1e
++1
1.2.3
0e
e10
-
.
--2
1e
++1
++1
000.e
e10
--2
+
e10
1e+
e10
.
0e
000.e
1.2.3
abc
1e+
++1
+
1.2.3
+
-
1e-
e10
--2
abc
+
000.e
1e+
++1
--2
1ee2
abc
1ee2
1e
1.2.3
000.e
+
.
+
.
--2
1e+
++1
+
++1
+
.
+
1ee2
+
1.2.3
abc
e10
1.2.3
1e
+
.
--2
.
0e
1ee2
e10
1ee2
++1
000.e
.
1ee2
e10
000.e
0e
000.e
1e+
1e
000.e
e10
1e-
1ee2
abc
-
1e-
+
1e+
1e+
+
+
.
.
abc
1e+
-
0e
000.e
1.2.3
-
0e
1ee2
1e
-
.
0e
1.2.3
+
--2
1e
0e
1e+
1ee2
e10
1e
++1
1e-
000.e
1.2.3
000.e
1.2.3
-
abc
1.2.3
.
.
1ee2
1e-
.
000.e
abc
1e-
1ee2
000.e
0e
e10
abc
+
1ee2
++1
.
abc
--2
++1
-
1e-
000.e
e10
000.e
+
+
1.2.3
e10
000.e
+
1e-
1e
1e
1.2.3
1e
1e+
abc
+
++1
-
.
1e-
.
+
e10
e10
1e-
1e-
-
1e
abc
--2
000.e
1e-
e10
+
abc
0e
--2
.
++1
1e+
1e+
abc
.
1e
.
abc
1e
0e
1.2.3
1e
1ee2
--2
-
0e
1e-
e10
.
0e
-
--2
--2
000.e
+
1ee2
+
1ee2
1e-
.
--2
.
1e-
+
000.e
1e+
++1
-
1e+
abc
0e
abc
1ee2
1.2.3
.
1e-
000.e
1.2.3
0e
abc
1e
000.e
--2
e10
++1
e10
1.2.3
1e+
1.2.3
1e
abc
.
++1
abc
++1
1ee2
1e+
1e+
1ee2
+
1.2.3
000.e
1ee2
--2
++1
1ee2
1e-
1e
.
1e
abc
0e
e10
1e-
abc
++1
--2
abc
.
.
++1
e10
++1
++1
.
1.2.3
-
1.2.3
1e-
1.2.3
1e
1e-
abc
-
1e
1.2.3
.
+
+
1e+
1.2.3
1.2.3
++1
1.2.3
.
000.e
0e
--2
.
-
+
--2
1e-
++1
1.2.3
1e-
.
0e
1ee2
.
1.2.3
1ee2
1e+
1e+
0e
+
-
-
.
000.e
-
+
++1
--2
1.2.3
++1
1.2.3
+
.
1e+
1e+
1.2.3
e10
1e
1e-
1e
1e+
1.2.3
1ee2
1e+
abc
.
++1
1ee2
--2
abc
1e
1e
++1
+
1e
abc
abc
-
abc
.
0e
+
--2
1e
abc
.
1e
e10
.
.
1e-
0e
.
000.e
+
1e+
1e+
--2
1.2.3
-
e10
+
++1
1e+
1.2.3
1e-
++1
-
000.e
-
e10
1.2.3
1.2.3
+
e10
0e
.
++1
1e-
+
000.e
1ee2
-
0e
000.e
abc
1.2.3
1.2.3
-
1e-
++1
-
.
-
1e-
1.2.3
000.e
1e
1ee2
--2
--2
1.2.3
abc
1ee2
abc
1e+
1e
0e
.
+
1e+
1e-
++1
--2
--2
+
e10
1.2.3
000.e
-
-
e10
1e-
1e+
1.2.3
.
1.2.3
000.e
1e
0e
-
abc
e10
abc
--2
1e+
000.e
+
1e-
1e
+
++1
0e
e10
++1
000.e
-
1e
1.2.3
1e+
1ee2
1.2.3
--2
1ee2
1.2.3
-
000.e
1e-
e10
1e
1e+
--2
++1
1ee2
000.e
.
-
.
e10
abc
e10
e10
1e
+
000.e
--2
abc
-
1e
.
-
e10
+
--2
--2
1e-
+
1e+
abc
1ee2
e10
-
-
e10
1e
0e
1e
1.2.3
000.e
0e
000.e
.
+
1ee2
1ee2
1e+
000.e
0e
e10
e10
0e
+
0e
++1
.
++1
+
1e
1e-
abc
--2
1e
+
000.e
0e
1ee2
1e
1e-
1e-
1ee2
--2
1ee2
-
e10
1e-
1e-
-
000.e
0e
+
++1
e10
.
.
--2
1e
1e-
-
--2
.
+
e10
1.2.3
abc
++1
1e-
1e
0e
+
1e+
1.2.3
e10
.
-
1e+
1.2.3
e10
1e+
000.e
1.2.3
1e-
1ee2
0e
.
000.e
e10
1e-
1.2.3
abc
1e+
1e
1e-
0e
+
000.e
1.2.3
0e
--2
.
--2
1ee2
--2
--2
abc
1.2.3
+
++1
1.2.3
--2
1.2.3
000.e
1e+
++1
0e
1e+
--2
1e+
0e
+
-
.
1ee2
1e+
1e+
1ee2
1e
+
--2
1e+
--2
-
e10
0e
e10
-
abc
+
1ee2
abc
1e-
1ee2
-
.
1e+
1ee2
1e
abc
e10
1.2.3
e10
1e-
1.2.3
000.e
++1
abc
1e-
1.2.3
1e+
1e+
-
+
+
.
abc
1.2.3
1e+
1e+
-
0e
.
-
--2
abc
--2
1e
1e
+
1e
++1
+
abc
.
.
1e
e10
1.2.3
-
++1
abc
000.e
--2
1e+
-
++1
abc
1e
1e-
1.2.3
1e+
.
1e
-
.
1ee2
1e
e10
.
1ee2
abc
1.2.3
1e+
000.e
++1
--2
--2
e10
.
1ee2
.
+
.
-
++1
1e+
.
abc
1e
1.2.3
1e-
1ee2
1.2.3
.
000.e
0e
1e
000.e
1e
+
abc
1e
0e
abc
1e
+
--2
1.2.3
.
-
-
1e-
000.e
1.2.3
++1
++1
+
1e+
abc
--2
+
-
000.e
.
000.e
0e
--2
++1
e10
+
1.2.3
-
e10
--2
1ee2
+
--2
000.e
1.2.3
abc
-
e10
abc
1e-
1e-
abc
1.2.3
abc
1ee2
++1
e10
1e+
1e-
++1
1e+
abc
.
1ee2
-
000.e
+
1ee2
1e-
1ee2
1e
1e-
1e+
abc
1e
1e+
--2
000.e
++1
1.2.3
1e
++1
e10
++1
1ee2
e10
1.2.3
1e-
1e-
--2
++1
+
0e
1e
e10
++1
1e+
1e
.
1.2.3
000.e
1ee2
1.2.3
0e
000.e
1.2.3
1e+
-
1.2.3
0e
000.e
.
-
1e
+
.
-
e10
++1
abc
e10
0e
+
e10
+
1ee2
1e+
abc
e10
1e
--2
1ee2
.
0e
0e
1ee2
.
0e
--2
++1
.
abc
.
+
1e
000.e
1e-
1e+
abc
.
0e
.
1e
.
0e
.
0e
abc
1e-
0e
.
000.e
-
000.e
-
abc
1ee2
abc
e10
e10
++1
1ee2
--2
e10
+
--2
1e-
+
0e
1e
000.e
++1
e10
1e
--2
000.e
1ee2
++1
1e
0e
-
--2
abc
1e
0e
++1
1.2.3
1.2.3
1ee2
--2
1.2.3
.
+
1e-
e10
000.e
-
1ee2
000.e
++1
1ee2
0e
e10
1e
--2
.
0e
abc
+
e10
+
1ee2
+
e10
-
1e+
--2
0e
+
-
1.2.3
000.e
1.2.3
-
1.2.3
1e+
+
-
1e
0e
abc
++1
1.2.3
000.e
++1
e10
1e
1.2.3
--2
1ee2
abc
1e+
++1
000.e
1.2.3
1e
--2
000.e
--2
1.2.3
++1
-
++1
1.2.3
.
.
000.e
abc
0e
e10
1ee2
1e-
1e
1ee2
++1
1e+
1ee2
.
1e-
1.2.3
1.2.3
000.e
abc
0e
1.2.3
1ee2
1.2.3
--2
.
-
++1
1e
1e-
abc
.
--2
1.2.3
1e
e10
.
++1
1e+
-
0e
-
.
1e
1e-
e10
1ee2
.
0e
abc
1e-
.
1e+
+
1.2.3
++1
1e-
1e
1e+
e10
1e
1e-
e10
000.e
1e+
1e-
e10
.
0e
1ee2
.
+
-
+
1e-
++1
0e
+
++1
--2
1.2.3
abc
1ee2
abc
1e
abc
1ee2
1.2.3
.
000.e
1e-
1ee2
1.2.3
-
++1
abc
-
0e
+
--2
.
000.e
000.e
0e
++1
000.e
+
1ee2
-
1e-
000.e
000.e
--2
--2
++1
abc
++1
--2
++1
000.e
--2
1e-
000.e
++1
000.e
1e+
.
.
e10
1ee2
++1
++1
+
1ee2
+
1e+
--2
+
1e
1e
+
--2
.
++1
+
0e
++1
++1
1e+
1e+
abc
.
1e-
1e-
000.e
abc
++1
1e+
--2
1e+
1.2.3
+
.
1e+
.
0e
++1
1e
abc
1e-
-
1e
e10
0e
1e+
1e
1ee2
+
1.2.3
1e+
1.2.3
-
1e
1ee2
-
.
e10
0e
0e
+
+
+
--2
e10
1.2.3
++1
--2
1ee2
--2
000.e
e10
1e-
++1
.
.
abc
000.e
+
abc
+
abc
1ee2
+
0e
-
1e
.
0e
1ee2
-
-
1e-
abc
+
1ee2
e10
abc
1e+
000.e
000.e
1e
++1
.
1e-
.
0e
1e
abc
.
+
1e+
1e
.
000.e
1e
1.2.3
1ee2
++1
-
000.e
--2
1e
0e
e10
000.e
1ee2
.
+
1ee2
0e
++1
--2
0e
1e+
--2
0e
000.e
+
000.e
1e
++1
--2
e10
1e
e10
1e-
0e
.
1e-
.
--2
abc
e10
++1
1.2.3
000.e
1e-
0e
--2
.
1e+
+
-
-
1ee2
e10
0e
e10
000.e
0e
1e-
+
++1
++1
-
1e-
--2
1e+
1e-
1e+
000.e
1e-
abc
1ee2
++1
1e
1e
1.2.3
abc
0e
1ee2
++1
--2
000.e
--2
e10
1ee2
1e-
1e-
1.2.3
-
1ee2
abc
e10
--2
+
++1
1e
1.2.3
1e+
1.2.3
abc
e10
++1
.
1e
++1
1e+
abc
++1
.
1ee2
1.2.3
1e-
--2
1e-
e10
0e
abc
1e-
1ee2
1e+
1e-
1e-
+
.
1.2.3
-
-
--2
1ee2
e10
0e
000.e
1e
000.e
+
1e-
abc
1e-
1.2.3
1ee2
1e+
+
0e
e10
e10
.
--2
1e+
+
.
1e+
1.2.3
--2
1e-
-
1e-
1.2.3
1.2.3
+
e10
+
1.2.3
+
1e-
-
+
1ee2
1e-
e10
1ee2
.
0e
abc
e10
1.2.3
--2
-
--2
.
1e
1ee2
1e
1e
1.2.3
.
--2
abc
++1
abc
1e-
000.e
000.e
++1
e10
1e
0e
1e+
1e-
-
--2
1e+
000.e
1ee2
0e
+
1e-
abc
.
abc
1e
1.2.3
abc
.
1e
e10
1ee2
e10
e10
0e
000.e
abc
1e-
1e
0e
-
1e
--2
abc
.
.
000.e
abc
1e-
-
1.2.3
abc
.
++1
1e
000.e
++1
1e+
1ee2
-
--2
-
--2
abc
1e-
0e
1e+
+
+
0e
e10
1ee2
0e
0e
.
.
-
1e-
0e
.
1ee2
+
1e
1e+
0e
1ee2
1.2.3
1e
.
1ee2
+
0e
++1
1e-
abc
1e+
--2
1.2.3
.
++1
000.e
e10
-
000.e
1e+
++1
e10
1ee2
e10
+
1e+
++1
000.e
1ee2
e10
1e
0e
1ee2
1.2.3
e10
.
--2
-
abc
1e
000.e
-
1.2.3
++1
1e-
+
1ee2
1.2.3
1ee2
1e
.
--2
1ee2
abc
.
1e
1e-
-
--2
--2
1e-
1e+
e10
+
1.2.3
+
+
1ee2
--2
.
++1
++1
--2
e10
.
abc
abc
000.e
1e-
.
1ee2
000.e
.
1e+
1.2.3
1e
1.2.3
1ee2
1e
000.e
1.2.3
1e-
--2
-
-
--2
abc
1.2.3
1e
0e
1e
0e
0e
1.2.3
1e-
1e+
.
.
--2
1ee2
000.e
0e
abc
1e-
0e
1e+
.
e10
1e+
0e
1.2.3
-
.
1e
e10
1ee2
000.e
1e+
000.e
++1
--2
-
0e
1ee2
e10
e10
+
1e
1e+
.
+
0e
+
-
e10
--2
1ee2
1e+
1e+
1.2.3
--2
--2
0e
1ee2
1.2.3
+
++1
0e
1ee2
1ee2
abc
1ee2
++1
+
1e-
1ee2
1.2.3
1e
1e
1e-
-
1.2.3
abc
abc
.
1e+
1.2.3
1.2.3
1e-
++1
1e-
1e-
1ee2
++1
+
1e+
0e
000.e
+
1e-
abc
--2
+
++1
abc
1e
++1
++1
000.e
000.e
1e
-
1.2.3
1.2.3
0e
1ee2
e10
++1
1.2.3
1ee2
+
000.e
0e
1e
abc
1.2.3
0e
.
1.2.3
++1
abc
000.e
-
e10
e10
1e
abc
000.e
000.e
-
e10
1e-
--2
000.e
0e
++1
1ee2
1e
.
000.e
1.2.3
1e+
+
1e
0e
1e+
.
000.e
1e
e10
.
1ee2
.
abc
1e-
-
-
1.2.3
1.2.3
-
0e
1e-
.
000.e
1ee2
abc
1e
1ee2
abc
--2
e10
1e-
000.e
0e
e10
0e
0e
--2
000.e
+
-
1.2.3
abc
000.e
0e
000.e
.
-
1e
1ee2
1e
-
1e-
--2
1e
-
++1
0e
1e+
-
--2
000.e
abc
-
-
1e
1e-
1e-
1ee2
1ee2
1.2.3
--2
-
e10
e10
-
abc
--2
1.2.3
000.e
000.e
1e
1e-
1e
abc
1e+
1e
0e
abc
abc
000.e
e10
-
1.2.3
abc
1e-
1e
-
++1
abc
1e-
1e-
e10
1ee2
0e
--2
e10
1e-
e10
e10
1e-
000.e
1e-
1ee2
1.2.3
1e-
-
-
+
1ee2
abc
+
000.e
-
--2
1ee2
-
+
1e-
0e
1e
.
1e-
++1
abc
0e
abc
1.2.3
--2
000.e
+
1e-
++1
1ee2
1e
1e-
+
+
+
-
1e-
1.2.3
1ee2
000.e
1e+
0e
1e
e10
1.2.3
e10
1e
1ee2
++1
0e
-
+
1e-
1e+
e10
+
++1
0e
1ee2
000.e
-
1e+
1.2.3
1ee2
1e-
0e
.
e10
1ee2
1e+
abc
++1
+
e10
abc
000.e
-
1.2.3
1e+
abc
1.2.3
+
+
1e+
-
--2
1ee2
0e
abc
0e
--2
.
1e
1.2.3
1e-
-
1e
++1
.
-
-
e10
000.e
e10
1.2.3
1e+
1ee2
.
++1
+
e10
++1
-
+
1e-
0e
++1
++1
-
++1
-
0e
.
1ee2
000.e
abc
abc
++1
abc
abc
1e
-
1e+
0e
0e
.
+
e10
1e
+
++1
1e
1.2.3
+
-
++1
1.2.3
abc
++1
1ee2
1ee2
+
abc
1e-
abc
.
1.2.3
--2
000.e
++1
.
+
1e
++1
++1
0e
abc
++1
0e
1e
e10
++1
1ee2
++1
1e
+
e10
1ee2
abc
1.2.3
1e-
1.2.3
abc
abc
1ee2
e10
1e
e10
--2
+
1ee2
0e
++1
-
1.2.3
e10
000.e
1e-
0e
1.2.3
1e+
1ee2
abc
1e+
1.2.3
1ee2
--2
000.e
1e-
-
1e
1ee2
.
.
-
--2
1e+
+
1e
+
000.e
+
.
++1
1e
e10
1.2.3
000.e
000.e
++1
1e+
1ee2
abc
1e-
1ee2
.
--2
1e-
1ee2
++1
e10
1e-
1ee2
e10
++1
abc
-
--2
++1
+
1.2.3
e10
1e
abc
1e+
--2
++1
1e
abc
-
1.2.3
1.2.3
1e
1ee2
abc
000.e
1e
0e
-
e10
++1
1ee2
.
+
1.2.3
-
000.e
+
-
1e-
e10
e10
++1
+
1e
1e+
000.e
+
++1
e10
1e+
abc
-
--2
1.2.3
+
abc
+
-
1e+
+
e10
.
+
1ee2
000.e
1e+
+
0e
+
1e+
e10
1e+
-
+
--2
000.e
1ee2
1e+
000.e
.
+
0e
1ee2
1e-
1e+
abc
1e
-
.
1.2.3
-
1e
0e
0e
1e-
000.e
--2
++1
abc
.
1e-
e10
1e-
1ee2
1.2.3
-
1e-
0e
abc
-
++1
e10
0e
--2
abc
++1
1e-
000.e
1e+
1e-
+
--2
1e
+
1e+
0e
1ee2
1.2.3
abc
e10
-
1ee2
1ee2
-
e10
+
.
0e
++1
1ee2
-
1.2.3
000.e
e10
1ee2
e10
abc
000.e
+
1.2.3
1e-
abc
e10
0e
e10
abc
++1
000.e
1e
abc
.
.
1.2.3
1e-
++1
-
++1
.
1.2.3
e10
1.2.3
abc
1.2.3
0e
1ee2
1e-
1e-
0e
0e
1e
--2
1e
1.2.3
1e
-
000.e
0e
1e-
1e+
--2
abc
1ee2
e10
1e-
0e
+
-
1ee2
-
abc
.
000.e
e10
abc
++1
1.2.3
1ee2
1ee2
+
abc
0e
000.e
1e-
1.2.3
+
++1
.
000.e
1e-
1e
--2
.
-
1.2.3
-
1ee2
0e
abc
1e+
000.e
1ee2
-
1ee2
.
-
abc
++1
++1
+
e10
1.2.3
--2
0e
000.e
000.e
+
e10
000.e
.
++1
-
abc
1.2.3
000.e
1e+
1.2.3
1e+
1e-
abc
++1
1ee2
1e+
--2
--2
abc
abc
e10
abc
0e
++1
-
.
1ee2
1e+
--2
++1
1ee2
1ee2
1e+
-
000.e
1.2.3
1e
--2
--2
-
e10
.
1.2.3
1e-
0e
--2
1e
-
+
1ee2
e10
1e+
++1
0e
+
e10
000.e
abc
1ee2
000.e
abc
e10
--2
1e
e10
1.2.3
++1
0e
abc
--2
1e
0e
++1
-
1e
-
--2
1e
0e
1e-
--2
+
1.2.3
1e+
-
000.e
-
++1
.
.
abc
1.2.3
-
+
1e+
.
abc
e10
e10
-
1e-
1e
e10
1.2.3
1e
1e-
1.2.3
--2
1ee2
--2
.
1e+
0e
1e+
--2
abc
1e
--2
1e-
-
0e
1e+
0e
1ee2
--2
0e
1e-
1e+
abc
+
.
1e
+
1e-
1e-
1e-
+
1.2.3
--2
-
000.e
000.e
+
.
1.2.3
1e-
-
1e+
0e
1e+
1e-
1ee2
1e
--2
1e
abc
1.2.3
--2
1e
1e-
1e
.
1e
000.e
abc
e10
000.e
--2
.
0e
-
1e+
-
1e-
000.e
000.e
0e
1e
e10
--2
1e
e10
000.e
000.e
000.e
000.e
-
1.2.3
-
e10
1e-
-
0e
1e+
1.2.3
--2
.
1e
1.2.3
e10
.
e10
1.2.3
e10
++1
1ee2
1ee2
0e
--2
e10
+
1ee2
000.e
000.e
1ee2
++1
1e-
+
--2
1e+
abc
+
-
--2
-
1e+
1e-
++1
.
--2
1e-
+
.
++1
++1
++1
++1
++1
1e+
1e-
--2
1.2.3
000.e
--2
000.e
1e+
1ee2
1ee2
+
e10
1e-
-
+
0e
1e+
0e
1e+
1e-
1ee2
1.2.3
++1
1e
e10
-
1.2.3
1e
1.2.3
1.2.3
1e-
+
1.2.3
++1
1.2.3
000.e
000.e
--2
000.e
e10
--2
1e
1e+
.
1ee2
++1
000.e
1ee2
--2
-
000.e
.
--2
1e+
0e
-
+
.
e10
abc
++1
1ee2
1e-
0e
1e
-
--2
abc
0e
0e
++1
-
--2
1ee2
1e-
--2
e10
++1
1e
+
.
abc
--2
+
1e+
1ee2
1ee2
000.e
--2
1e-
-
e10
++1
++1
1ee2
1.2.3
1e
1ee2
1.2.3
1e+
++1
1e+
e10
+
--2
000.e
e10
1e+
1ee2
1.2.3
abc
--2
1ee2
.
0e
1e-
--2
-
--2
abc
abc
.
-
1.2.3
1.2.3
--2
000.e
--2
1e-
1.2.3
1e-
1e+
1.2.3
1e-
000.e
1e+
000.e
1e+
1ee2
e10
e10
0e
1.2.3
.
1e+
+
1e
1ee2
1ee2
++1
1e
e10
0e
abc
1e
1e+
1e+
000.e
1e+
1e-
-
e10
.
.
1e-
--2
--2
000.e
1e
e10
-
1.2.3
+
1.2.3
++1
000.e
abc
-
0e
1e
1e
+
++1
000.e
000.e
abc
e10
e10
1e+
+
1.2.3
e10
e10
1e-
++1
1e-
e10
1e
abc
+
000.e
1e-
e10
--2
--2
.
1ee2
000.e
0e
-
++1
++1
000.e
--2
.
.
abc
1ee2
1ee2
--2
0e
1.2.3
1e-
+
abc
.
1e+
1e-
++1
0e
++1
1.2.3
e10
+
-
1e-
000.e
++1
1e-
-
-
1e-
.
1e
0e
--2
000.e
.
0e
0e
1ee2
1e+
1e+
++1
abc
e10
000.e
.
1ee2
0e
++1
-
1e-
1ee2
1e
1ee2
1ee2
1e
1ee2
0e
++1
++1
-
.
1e
1e+
0e
e10
000.e
1ee2
1e
++1
abc
1e+
1e
1e-
--2
-
e10
abc
1e+
+
000.e
.
000.e
-
0e
--2
abc
abc
1ee2
abc
+
0e
1e
0e
1e
1ee2
1ee2
1e-
1.2.3
1.2.3
+
1e-
0e
++1
1e-
1.2.3
1ee2
++1
1ee2
1e+
++1
abc
-
++1
abc
0e
.
abc
+
1e+
++1
abc
1ee2
.
0e
1ee2
1e
abc
1.2.3
1e-
abc
+
1e+
abc
1.2.3
1ee2
+
1e
0e
1ee2
+
--2
000.e
-
000.e
--2
e10
abc
1.2.3
-
--2
abc
e10
abc
+
+
000.e
1.2.3
000.e
000.e
-
--2
++1
1ee2
abc
1.2.3
--2
e10
1e-
1e-
000.e
-
++1
1e
000.e
.
e10
1e
-
000.e
1e
.
.
1e+
1e-
.
+
1ee2
++1
1e-
++1
abc
0e
-
+
1ee2
1e
--2
++1
++1
abc
.
-
1e
1ee2
++1
1e
-
1ee2
++1
0e
1ee2
--2
abc
e10
1.2.3
-
0e
+
1e
0e
1e-
0e
abc
1.2.3
1.2.3
000.e
abc
0e
--2
1e-
++1
.
++1
0e
1e-
000.e
abc
+
1ee2
++1
+
.
--2
.
abc
1e-
000.e
0e
000.e
.
1e+
abc
1ee2
000.e
1ee2
.
+
1e-
.
-
1e
abc
++1
1ee2
1ee2
+
--2
000.e
1e
+
1e+
abc
1e
+
--2
1e+
1e
1e-
1e
-
1e+
1e+
0e
000.e
abc
1.2.3
1e-
--2
1.2.3
++1
1e-
+
1e
1e
+
-
.
1e-
.
--2
+
.
+
+
000.e
.
000.e
000.e
--2
-
1.2.3
000.e
1.2.3
.
e10
1e-
1ee2
1e
-
1ee2
1e
1e+
abc
e10
1e+
0e
.
e10
1ee2
1e+
--2
.
1ee2
+
+
000.e
.
abc
-
1e
1e+
1e+
+
--2
abc
--2
1e-
1ee2
e10
--2
1e-
++1
--2
--2
-
1ee2
1ee2
0e
1ee2
1e+
1e-
1e-
1e+
-
1e+
1e+
1e-
e10
1e
1e-
000.e
1e
1e
-
1e
1e
e10
1e-
++1
.
abc
.
.
--2
++1
1e
000.e
abc
-
--2
-
++1
.
1e+
1e
0e
abc
-
1.2.3
++1
1e-
e10
000.e
1ee2
++1
1e
--2
1.2.3
--2
+
000.e
1ee2
1.2.3
.
000.e
1ee2
e10
1e+
1e
++1
1e-
1e-
abc
-
++1
1e+
.
1e
.
-
000.e
e10
++1
000.e
++1
000.e
+
--2
1e
++1
--2
e10
1e-
e10
e10
1ee2
abc
--2
-
1e
1ee2
.
--2
1e
e10
++1
000.e
+
1ee2
.
1.2.3
--2
1e+
+
--2
--2
1.2.3
000.e
+
1e-
--2
-
-
--2
1e
000.e
1e-
-
+
1ee2
1ee2
++1
.
e10
1e
--2
0e
++1
1e
abc
000.e
-
--2
0e
1e+
000.e
0e
++1
1.2.3
0e
1e-
++1
1e-
1e-
1.2.3
1.2.3
--2
++1
1e+
--2
1ee2
1e
abc
+
1e+
1e
++1
-
000.e
e10
.
++1
-
1e+
+
0e
e10
1e-
-
000.e
000.e
+
1ee2
1ee2
1e
1e
.
1e
1.2.3
e10
e10
1ee2
--2
1ee2
1ee2
+
1.2.3
--2
++1
000.e
abc
1e+
0e
1e
--2
1e
1e+
1e+
1e+
1e-
1.2.3
000.e
000.e
e10
1ee2
1ee2
+
-
1.2.3
0e
000.e
1e-
e10
-
+
1ee2
1e+
+
++1
abc
1e+
1.2.3
++1
+
--2
1e
abc
1.2.3
1ee2
--2
e10
000.e
.
1ee2
1e-
.
0e
e10
++1
1ee2
1.2.3
++1
1ee2
e10
1e-
+
++1
abc
0e
000.e
e10
-
e10
000.e
+
++1
1e-
--2
abc
abc
000.e
.
.
1e
-
--2
0e
000.e
1e+
.
+
--2
1ee2
--2
1e
000.e
.
+
.
abc
000.e
1e
1ee2
.
.
1.2.3
1e
1ee2
-
1e+
e10
abc
e10
--2
++1
1e+
1.2.3
-
--2
1e+
e10
-
+
000.e
1e
-
--2
+
.
.
1e+
1ee2
abc
+
1ee2
+
--2
+
.
e10
1e
.
1e
abc
1.2.3
1.2.3
000.e
--2
000.e
1ee2
abc
+
1.2.3
1ee2
e10
000.e
e10
++1
0e
1ee2
1.2.3
1e
+
+
1e+
++1
000.e
abc
--2
1e-
--2
0e
++1
--2
1ee2
1ee2
1ee2
e10
0e
1.2.3
1e-
1ee2
1ee2
0e
++1
000.e
0e
+
1e-
e10
-
-
--2
-
0e
abc
0e
1e+
1e
0e
1ee2
1e-
1ee2
000.e
-
++1
1.2.3
1e
1e-
+
1ee2
-
1e+
000.e
1.2.3
-
1e+
0e
e10
1e-
.
1.2.3
1ee2
0e
000.e
1ee2
-
++1
.
--2
e10
e10
1.2.3
1.2.3
1e
1e
+
-
1e-
++1
++1
+
1e-
1e
+
0e
1ee2
1e-
-
.
e10
0e
abc
1e-
-
++1
abc
1e+
1e+
1e-
1e+
1.2.3
e10
1e-
1e
1e-
1e+
1e-
1.2.3
000.e
-
1e-
1.2.3
0e
-
1e+
+
abc
0e
abc
1ee2
e10
1.2.3
1e+
++1
++1
+
++1
--2
.
e10
1.2.3
e10
-
+
0e
000.e
abc
1ee2
abc
+
0e
++1
abc
-
--2
1.2.3
1e
000.e
1ee2
1.2.3
.
1e
++1
e10
--2
1e-
-
1e
1e-
++1
1e+
--2
e10
1.2.3
1.2.3
000.e
1ee2
+
++1
1e
1e-
1e-
.
.
-
-
1.2.3
1e+
--2
1e-
+
1ee2
1e+
0e
1e
+
0e
1e-
-
abc
1.2.3
1e-
1e+
e10
0e
abc
1e-
abc
1e-
.
0e
-
1.2.3
1e
1e-
abc
1e+
abc
--2
1.2.3
-
e10
+
--2
+
--2
.
1e-
-
.
1ee2
1.2.3
1e+
abc
000.e
1ee2
e10
.
1.2.3
0e
e10
++1
++1
0e
1e-
1e+
1e+
++1
.
1e-
1.2.3
000.e
1ee2
++1
abc
e10
-
1.2.3
-
abc
1e+
1e-
0e
abc
+
++1
000.e
0e
1.2.3
-
1e-
1ee2
abc
e10
e10
1e+
-
--2
.
1e
1.2.3
1e-
0e
1e-
-
abc
1e
-
--2
+
1e-
1e
e10
abc
1e+
0e
+
1e-
1.2.3
abc
1e
1.2.3
++1
1e-
1e+
--2
.
+
0e
1.2.3
e10
1.2.3
++1
0e
abc
-
+
++1
e10
1e+
abc
e10
abc
1e
1e-
abc
1ee2
+
-
e10
++1
1ee2
1e+
+
1e+
-
1.2.3
abc
1e-
1e-
.
000.e
1e
1ee2
--2
e10
000.e
1.2.3
--2
0e
1.2.3
.
e10
1e+
+
-
--2
--2
000.e
+
+
+
1e
0e
1.2.3
+
e10
000.e
1e-
++1
0e
1e-
0e
1ee2
e10
-
--2
++1
.
1e-
1e-
abc
1.2.3
1ee2
abc
.
000.e
1e-
1e-
0e
0e
e10
1e+
++1
abc
0e
1e
1e
1e
1e-
0e
000.e
.
e10
0e
1e+
abc
.
1e
e10
0e
1ee2
.
1ee2
++1
1e
abc
--2
0e
0e
e10
1.2.3
+
--2
1e-
e10
++1
000.e
e10
-
--2
000.e
.
000.e
+
--2
1e-
1e-
1ee2
1ee2
e10
000.e
000.e
1ee2
1.2.3
0e
.
1e+
-
1e-
0e
1e
--2
++1
--2
--2
e10
--2
e10
--2
e10
abc
1e
1e+
abc
e10
1.2.3
1e+
+
000.e
e10
abc
1.2.3
e10
--2
++1
1e-
0e
1ee2
e10
1e-
++1
-
.
abc
1e-
1e
1e+
000.e
++1
--2
--2
abc
1.2.3
abc
1e+
1e
1e-
-
abc
+
1e+
0e
1e+
000.e
e10
0e
1e-
.
.
+
e10
--2
+
+
.
1e+
e10
--2
1e
abc
1.2.3
-
-
-
1e
abc
1e-
1e+
e10
1e
+
0e
++1
1e-
1e
1ee2
1ee2
+
1e-
+
.
1ee2
e10
-
--2
-
+
abc
1ee2
abc
1ee2
1e
-
e10
.
1e
.
1.2.3
1e
abc
1e-
-
000.e
1e+
1ee2
+
1e+
0e
.
+
1e
++1
1e
e10
1e
.
1e
1ee2
1.2.3
1e
e10
-
e10
++1
1e+
1e
+
000.e
1.2.3
e10
000.e
+
.
1e+
1.2.3
0e
.
0e
+
--2
abc
abc
--2
1ee2
000.e
++1
1e
abc
1e-
1e+
1e
+
++1
abc
--2
--2
1e
e10
.
abc
abc
1e-
1e-
1e+
1e-
+
1e-
++1
1.2.3
.
abc
.
1e
abc
abc
000.e
0e
1e-
1e+
.
++1
1e
abc
+
-
e10
-
++1
e10
++1
1e
1e-
+
0e
1e
1e+
1e+
++1
-
-
+
-
1e
abc
1e+
e10
1.2.3
1.2.3
0e
+
-
+
-
1e+
1e
1e-
000.e
1ee2
+
1ee2
1.2.3
000.e
1e
1.2.3
abc
--2
1e
000.e
.
1ee2
e10
000.e
000.e
1e
e10
1e-
1ee2
e10
1ee2
1ee2
+
--2
1ee2
.
.
1.2.3
+
e10
1.2.3
000.e
e10
000.e
1ee2
1ee2
1ee2
1e+
000.e
++1
-
--2
0e
1ee2
1.2.3
1e-
1.2.3
abc
0e
1e
e10
1e+
1e
.
000.e
1ee2
1e+
1e-
.
1e+
+
0e
+
.
0e
++1
+
+
1e+
--2
000.e
--2
1e+
.
+
e10
1e+
-
e10
e10
000.e
1e-
000.e
.
1ee2
0e
1e
.
+
1e+
1e
--2
+
1e+
1ee2
000.e
1e
-
+
.
000.e
--2
1e-
-
000.e
1ee2
abc
000.e
0e
++1
abc
1ee2
000.e
.
.
+
-
1ee2
000.e
--2
++1
1e-
000.e
0e
1ee2
abc
.
000.e
+
0e
1.2.3
1.2.3
1ee2
--2
++1
+
-
1e+
0e
1ee2
1ee2
1e-
0e
++1
abc
1.2.3
e10
.
1e+
1.2.3
abc
.
1e+
--2
+
1.2.3
--2
--2
1e+
++1
abc
1e
--2
1e-
abc
1e-
1e+
1ee2
1.2.3
000.e
1e+
++1
+
-
+
abc
e10
1ee2
-
000.e
.
.
e10
+
e10
1.2.3
1.2.3
--2
.
++1
+
1.2.3
e10
.
+
000.e
1ee2
1.2.3
1ee2
000.e
abc
+
-
e10
1e+
+
++1
1.2.3
1e
-
e10
e10
.
1e
000.e
1e
++1
.
1e-
-
--2
1.2.3
1e
+
abc
1.2.3
1.2.3
+
e10
++1
1e-
abc
+
++1
+
1e-
--2
--2
++1
.
1e-
1e+
0e
e10
.
0e
+
abc
000.e
1ee2
000.e
-
-
+
1e
-
1.2.3
0e
1e+
.
1.2.3
e10
--2
.
++1
1e-
1.2.3
0e
++1
.
1.2.3
1.2.3
0e
1e-
+
.
+
.
1e-
.
1e+
0e
e10
0e
1e-
1ee2
000.e
1e-
abc
1.2.3
+
e10
1e-
0e
1e-
++1
000.e
0e
1e-
000.e
-
+
abc
.
.
e10
1e+
-
1e-
1ee2
--2
1e
--2
1.2.3
1ee2
+
--2
abc
0e
++1
-
1e
-
++1
++1
1e-
-
++1
1e
e10
.
+
1ee2
-
e10
-
++1
0e
e10
1ee2
--2
1.2.3
+
-
e10
--2
.
+
abc
1e+
0e
.
.
--2
abc
abc
000.e
+
1ee2
1ee2
-
e10
1e
0e
+
abc
000.e
-
1e
1ee2
000.e
1e+
--2
abc
++1
000.e
.
++1
000.e
1e
+
--2
e10
1e
1ee2
1ee2
--2
1.2.3
--2
--2
++1
1e+
0e
-
1e
.
000.e
+
1.2.3
1e
1e
1ee2
0e
000.e
--2
000.e
1ee2
1ee2
1e
1e+
abc
1e+
1e-
e10
++1
1e
-
0e
.
e10
abc
000.e
+
--2
0e
000.e
1e+
+
-
+
0e
0e
000.e
.
0e
.
-
--2
1ee2
000.e
-
+
1.2.3
1ee2
1ee2
0e
1.2.3
1e+
1ee2
--2
--2
1e-
e10
--2
-
1e
e10
+
-
++1
1e
0e
e10
++1
.
.
-
1e-
1e-
e10
0e
0e
1.2.3
.
000.e
1e-
abc
1.2.3
e10
++1
.
abc
.
1e+
+
1e-
1e+
1.2.3
1e
1e+
e10
+
0e
1ee2
.
1e-
1e
--2
1.2.3
1e+
1e+
1e
abc
abc
1e
000.e
+
1.2.3
1.2.3
e10
++1
.
1ee2
-
+
.
000.e
e10
++1
1.2.3
1e
1e-
-
1e-
1e
0e
1e+
1e-
1ee2
e10
1ee2
e10
000.e
+
000.e
-
--2
0e
abc
1e-
0e
1ee2
000.e
1e+
1e-
e10
1e+
1ee2
1e+
e10
--2
e10
1ee2
abc
1.2.3
--2
abc
--2
abc
.
1e-
++1
1.2.3
1e-
+
0e
e10
1e+
abc
abc
1e-
1e-
.
0e
abc
abc
000.e
1e+
000.e
1e
-
++1
.
1ee2
1e
-
-
.
-
-
1.2.3
1e-
e10
1ee2
.
1e
--2
1ee2
--2
-
abc
1ee2
000.e
+
1e
1e-
.
1e+
1e+
1e+
1.2.3
0e
+
1ee2
1.2.3
0e
.
1e+
1e+
1ee2
.
0e
abc
1e-
--2
.
-
000.e
--2
0e
+
--2
e10
++1
abc
1ee2
1.2.3
+
000.e
-
1ee2
1e-
abc
0e
1ee2
+
e10
1e+
.
1e
0e
0e
1ee2
abc
-
-
++1
+
+
1e-
-
1.2.3
-
1e
1e-
--2
+
1.2.3
+
e10
0e
1e-
e10
-
1e-
.
1e-
abc
1e
000.e
+
1e
-
++1
1e+
+
-
++1
1ee2
1ee2
1e+
--2
1e
1e
-
1e+
.
1e+
++1
0e
-
0e
1.2.3
e10
0e
1e+
1e+
+
1.2.3
e10
++1
--2
e10
1ee2
--2
1e-
1e+
0e
1.2.3
.
e10
1ee2
1.2.3
abc
--2
--2
1.2.3
0e
000.e
--2
1e-
1e-
0e
-
e10
++1
1e-
e10
1e-
++1
1ee2
1ee2
1.2.3
1e+
.
abc
1ee2
1ee2
1e+
1ee2
1.2.3
+
1ee2
1.2.3
1e-
000.e
.
-
1.2.3
--2
1.2.3
1e
e10
++1
--2
1ee2
1ee2
000.e
0e
-
0e
+
e10
++1
1e-
++1
.
e10
.
e10
1ee2
--2
000.e
1ee2
1e+
1e+
abc
.
1.2.3
+
0e
1e
-
+
--2
+
e10
++1
+
1.2.3
abc
++1
0e
+
++1
+
1e
1e+
1e
-
0e
-
--2
e10
0e
--2
+
1.2.3
1.2.3
++1
++1
1e+
.
1ee2
--2
1.2.3
1e+
-
0e
1e
++1
e10
-
abc
1e+
.
++1
++1
-
0e
1e+
-
e10
1e+
abc
--2
000.e
e10
1e+
1e+
1e+
1ee2
abc
++1
1.2.3
000.e
000.e
++1
.
+
1ee2
1e
+
--2
e10
+
0e
0e
e10
.
000.e
+
abc
e10
+
1e-
+
1e
000.e
--2
abc
e10
--2
e10
.
000.e
abc
0e
--2
0e
1.2.3
.
abc
++1
-
1ee2
-
0e
abc
1e+
000.e
1e-
.
abc
1e
--2
1.2.3
1.2.3
1e+
000.e
abc
1ee2
-
1ee2
1e+
1e+
--2
e10
1e+
0e
1ee2
1.2.3
e10
0e
-
1e-
abc
.
--2
.
--2
-
1ee2
abc
1e-
000.e
1e
1e+
+
1e
+
.
1e
--2
1e+
1e+
0e
--2
1e+
-
1ee2
--2
+
abc
+
0e
1e+
e10
1.2.3
1e
abc
1e
1.2.3
--2
1ee2
+
1e
++1
1e
+
-
1e-
-
1e
++1
e10
1e
1.2.3
0e
abc
abc
1ee2
1ee2
1ee2
1e-
1ee2
abc
-
abc
--2
-
1ee2
.
0e
abc
1ee2
+
abc
000.e
++1
.
+
abc
1e+
000.e
abc
abc
1ee2
1.2.3
1e
1.2.3
0e
1.2.3
000.e
++1
abc
--2
0e
.
1.2.3
000.e
-
-
1e-
++1
0e
++1
1e+
-
e10
1.2.3
++1
+
1e+
+
1e+
0e
1e+
e10
-
--2
1ee2
.
1e+
--2
-
abc
e10
1e+
abc
-
1ee2
--2
1e-
e10
++1
1e-
e10
e10
1e+
.
1e
1e+
000.e
1e-
e10
-
0e
000.e
1e-
e10
abc
1ee2
1e+
0e
000.e
e10
1ee2
++1
.
++1
.
1ee2
1e
e10
0e
1.2.3
e10
000.e
1e-
1ee2
1e-
0e
0e
0e
-
0e
1.2.3
1ee2
1ee2
000.e
++1
+
--2
++1
1e-
-
1e-
0e
1e-
1e+
abc
+
1e
1e
+
+
1e-
-
++1
--2
1e+
++1
--2
+
.
abc
1ee2
+
1e
1e
1e
1e
000.e
1e
.
-
++1
.
1.2.3
1e
.
1e-
-
+
abc
1.2.3
abc
abc
++1
.
.
e10
000.e
0e
1ee2
++1
1e+
abc
+
0e
e10
-
1e
-
.
.
.
-
-
--2
+
--2
++1
++1
abc
1ee2
-
1e+
abc
1ee2
0e
1ee2
e10
e10
--2
e10
1e
1ee2
000.e
0e
000.e
++1
abc
1.2.3
.
--2
++1
1e+
+
-
000.e
1ee2
1e-
1.2.3
1e
1e
1e+
0e
.
--2
--2
+
1e-
1e-
+
1.2.3
1e+
abc
1e+
1.2.3
1e
1.2.3
--2
1ee2
1e
+
.
abc
1ee2
1e
1e-
++1
000.e
++1
++1
abc
--2
.
++1
++1
-
1ee2
1e-
1ee2
--2
1e+
++1
1e+
000.e
abc
--2
e10
1e+
000.e
0e
1e
1.2.3
0e
0e
1e+
e10
1e+
1e-
--2
1.2.3
.
--2
1ee2
-
+
1.2.3
--2
+
abc
1e-
1.2.3
1e-
+
000.e
++1
e10
1ee2
-
1e+
1.2.3
abc
0e
-
e10
++1
-
+
1e-
e10
-
1e
-
1e+
0e
--2
1e-
1e
+
1e-
1e+
1e-
.
--2
--2
1ee2
--2
++1
e10
000.e
1e-
e10
.
abc
1e-
e10
--2
1e-
e10
-
+
-
abc
0e
0e
0e
1e-
--2
1ee2
0e
1.2.3
1e+
-
1e-
++1
1e+
--2
+
1e
-
0e
++1
1ee2
1ee2
abc
.
1.2.3
e10
000.e
1ee2
+
000.e
++1
--2
1e
-
abc
++1
1ee2
+
-
1e
0e
abc
+
1ee2
1e
1e-
+
1ee2
1e+
1ee2
.
++1
abc
-
1e-
+
1.2.3
+
1.2.3
1e-
+
0e
++1
1e-
++1
1e
000.e
-
000.e
e10
e10
1.2.3
++1
000.e
1e+
1e-
.
+
000.e
.
1ee2
1e-
1e+
--2
1e+
++1
+
.
-
1e+
e10
-
1.2.3
0e
1e-
000.e
0e
1e+
1.2.3
1ee2
++1
1e-
abc
++1
-
1e
1ee2
0e
1e+
1e
1e-
abc
e10
.
000.e
++1
000.e
1e-
1.2.3
000.e
1e
000.e
1e
.
1e
1ee2
.
+
1e
e10
-
000.e
1e+
000.e
1ee2
0e
-
+
-
1.2.3
-
-
1e-
-
1e+
-
abc
1e
--2
0e
.
.
-
1.2.3
000.e
1e-
+
e10
+
000.e
000.e
1.2.3
abc
-
abc
1.2.3
0e
abc
-
1e
-
+
++1
0e
1.2.3
.
1.2.3
1e+
e10
abc
+
000.e
1e+
1e
abc
.
-
1.2.3
1e+
-
1e+
0e
-
--2
000.e
1e
abc
000.e
abc
--2
1ee2
1e+
++1
1e+
1ee2
abc
0e
1e+
1e-
0e
1.2.3
+
0e
000.e
abc
e10
--2
--2
e10
++1
1ee2
000.e
0e
1ee2
1e+
1e+
1ee2
1.2.3
1e+
++1
1e+
1ee2
+
0e
++1
+
1e-
+
.
e10
000.e
++1
1e+
e10
1e+
-
-
+
--2
1e
e10
--2
+
000.e
1e-
1e+
.
0e
++1
.
--2
1e-
1.2.3
1e
e10
1e-
1ee2
abc
1.2.3
--2
1.2.3
1e-
000.e
000.e
000.e
-
.
1e-
0e
1.2.3
++1
1e+
1e
000.e
1e+
.
.
1e-
1ee2
1ee2
1e+
-
++1
--2
1e
++1
1e-
--2
1e-
--2
000.e
0e
1e
++1
1e+
1e+
--2
000.e
-
+
1e
1e+
0e
+
1.2.3
++1
abc
++1
1.2.3
abc
1ee2
+
1ee2
.
1ee2
1.2.3
1e-
.
.
000.e
+
1.2.3
000.e
e10
1e
1.2.3
e10
1e+
0e
1.2.3
000.e
1.2.3
1.2.3
1ee2
1e+
--2
1e
+
1e+
1.2.3
++1
1e-
--2
0e
1e+
+
1ee2
1e+
--2
+
1e
+
1.2.3
1.2.3
--2
++1
1e+
1e+
e10
+
-
.
1e+
0e
1e+
-
0e
e10
++1
--2
--2
+
++1
1e-
e10
0e
e10
abc
1.2.3
1e
1e
--2
++1
+
1ee2
abc
1.2.3
1ee2
-
1ee2
0e
+
-
1.2.3
+
abc
+
abc
--2
1e+
1e-
0e
000.e
--2
1e
1e+
abc
++1
1e+
1ee2
e10
+
1.2.3
++1
e10
+
1ee2
1.2.3
-
-
1e-
abc
++1
0e
++1
.
abc
e10
000.e
0e
1.2.3
++1
0e
-
++1
-
1e-
000.e
0e
0e
1.2.3
1ee2
000.e
e10
1.2.3
1e+
1e+
000.e
1ee2
abc
1e+
+
+
000.e
abc
1e-
--2
1e-
e10
abc
000.e
.
--2
1.2.3
--2
-
1e-
0e
1e-
+
abc
1.2.3
-
1.2.3
0e
+
1e+
e10
1.2.3
1e-
++1
.
1ee2
++1
1e-
1e
e10
--2
--2
--2
1e-
1e
++1
abc
1e
e10
++1
-
1.2.3
1e+
1e-
1.2.3
e10
000.e
1e
1e
.
0e
1e
--2
-
1e-
1e+
000.e
0e
1.2.3
+
1ee2
+
1ee2
000.e
--2
+
.
--2
++1
0e
++1
.
1ee2
--2
++1
e10
1ee2
+
1e
0e
abc
-
e10
1.2.3
1e+
-
1.2.3
1ee2
1e
e10
e10
e10
0e
.
.
++1
.
000.e
.
.
e10
++1
+
1.2.3
e10
1e-
+
1ee2
0e
1e-
++1
+
1ee2
000.e
e10
+
-
000.e
1e
--2
000.e
1e+
1e-
000.e
1ee2
1e
--2
++1
.
--2
+
.
.
e10
1e+
.
1.2.3
-
--2
++1
--2
++1
e10
--2
0e
1.2.3
abc
-
e10
1.2.3
--2
.
1ee2
000.e
.
+
1e-
e10
e10
+
+
000.e
+
1e
--2
.
.
1e-
1e-
++1
0e
1e
--2
1e+
--2
1e+
1.2.3
abc
++1
e10
-
e10
1ee2
--2
+
1e+
1ee2
e10
+
--2
-
abc
1.2.3
0e
0e
1e
-
abc
1e-
-
abc
000.e
1.2.3
e10
1e+
1.2.3
.
1e
0e
+
--2
1e
1e+
abc
++1
1e+
++1
e10
--2
1e
-
1e
abc
e10
0e
1e
+
e10
.
e10
++1
--2
000.e
-
e10
1ee2
.
e10
+
--2
+
000.e
1e
++1
--2
++1
.
++1
1e+
-
e10
1e
1ee2
0e
.
+
1.2.3
++1
e10
+
-
000.e
1e-
1e+
0e
++1
++1
abc
1e-
1e+
1e
1ee2
+
1.2.3
1e-
1ee2
++1
1e+
1e
1.2.3
e10
0e
+
1.2.3
-
++1
1e+
1e
1e+
.
000.e
1ee2
1e-
+
1.2.3
.
--2
0e
+
--2
abc
1.2.3
+
1e-
abc
0e
1e
1e+
1e+
e10
abc
+
1.2.3
1e
+
.
1.2.3
1ee2
1e-
++1
--2
1e
--2
1.2.3
e10
-
1e
1.2.3
1e+
1ee2
+
1e
-
++1
1e
e10
--2
abc
+
.
e10
0e
--2
+
.
000.e
-
--2
++1
1e-
1.2.3
1e
1e-
1e+
abc
1e+
1e-
1e+
0e
1e
1.2.3
0e
1.2.3
1e
-
1e
abc
1e
1e-
.
++1
0e
1e-
++1
--2
e10
1e
e10
1e+
1e+
1.2.3
1e
--2
0e
-
--2
1e
1.2.3
.
1e+
1e+
e10
0e
-
++1
0e
0e
e10
1ee2
1e+
0e
+
0e
0e
+
.
-
0e
000.e
1e
1.2.3
e10
e10
1e-
.
+
+
1ee2
-
1ee2
1e
++1
1e
+
0e
000.e
-
++1
+
.
e10
++1
1e
1.2.3
+
1.2.3
-
1e-
1ee2
e10
1e-
000.e
.
1.2.3
1ee2
.
+
abc
1e
--2
e10
e10
abc
1.2.3
0e
-
--2
000.e
1e+
--2
abc
+
e10
abc
+
0e
+
+
0e
abc
e10
000.e
-
1e+
e10
++1
+
+
1ee2
abc
1e
abc
0e
e10
--2
0e
e10
-
abc
.
000.e
abc
-
e10
abc
-
0e
0e
.
++1
.
1e-
1e+
1e+
1e+
1ee2
0e
0e
--2
1ee2
++1
1e-
+
1e-
000.e
1e+
1e+
1ee2
abc
-
0e
e10
1e
-
++1
1e
1.2.3
1e+
000.e
abc
+
--2
1ee2
-
++1
1e
1e
000.e
1.2.3
-
++1
0e
e10
++1
000.e
1e-
++1
1e+
1e+
1e
000.e
0e
++1
1ee2
1e
1e-
.
0e
--2
e10
.
abc
1e-
-
1e
0e
++1
++1
+
1ee2
e10
1e+
--2
.
abc
1.2.3
-
0e
0e
1e-
abc
1e
1e+
0e
1e-
1e
-
1e
1e+
abc
-
0e
0e
1.2.3
1e
000.e
1e+
1ee2
+
000.e
1ee2
000.e
1e-
-
1.2.3
000.e
0e
+
--2
-
-
--2
--2
--2
1e+
1ee2
--2
1e
1.2.3
1ee2
abc
-
.
-
1e+
000.e
++1
+
1e-
1.2.3
1e+
e10
e10
1e+
abc
++1
1e+
abc
1e-
+
+
-
abc
1ee2
1e-
+
000.e
000.e
e10
0e
+
1ee2
000.e
1.2.3
.
0e
++1
0e
abc
--2
1.2.3
+
++1
1e-
e10
1ee2
1e+
1e
1e
1e-
--2
1e
.
1e-
+
.
1e-
-
-
abc
-
000.e
000.e
e10
1e
0e
1.2.3
-
1.2.3
1e
+
1ee2
1e-
1e
++1
+
000.e
1e+
1e
1ee2
1.2.3
e10
e10
1ee2
1e+
++1
e10
e10
abc
1.2.3
1e-
1e
e10
1e-
.
000.e
000.e
1.2.3
1ee2
1e+
1e-
--2
1e
+
--2
1e-
++1
0e
-
--2
e10
1ee2
1e-
1ee2
1e-
1.2.3
1e+
abc
1ee2
++1
000.e
1.2.3
--2
abc
1ee2
+
1e
1ee2
-
.
1.2.3
.
+
1.2.3
1e+
1.2.3
1.2.3
--2
abc
000.e
+
1e
1.2.3
1e-
1.2.3
e10
0e
1ee2
e10
+
--2
--2
1e-
+
-
e10
1ee2
.
1.2.3
e10
1.2.3
1.2.3
000.e
++1
.
0e
1ee2
--2
++1
--2
0e
++1
1e
.
+
-
1e-
1e
000.e
1ee2
0e
1e
.
-
abc
e10
-
-
1ee2
1e-
abc
+
000.e
.
0e
+
--2
+
.
0e
--2
.
.
++1
e10
0e
abc
+
1.2.3
-
e10
+
0e
1.2.3
e10
--2
000.e
0e
e10
1e-
+
.
000.e
+
e10
.
1ee2
abc
e10
1.2.3
e10
e10
e10
abc
+
--2
-
1e-
+
1e-
0e
000.e
+
.
-
.
1e-
1e+
000.e
0e
e10
++1
1.2.3
1e
0e
-
1e+
1.2.3
1.2.3
.
1.2.3
+
e10
--2
000.e
1e-
1e
-
-
e10
000.e
1.2.3
++1
e10
++1
1ee2
1e-
000.e
1e-
++1
0e
1.2.3
.
abc
1ee2
abc
abc
-
e10
--2
-
000.e
-
1e+
0e
1ee2
1e
1e-
1e
0e
-
.
1ee2
0e
abc
1e+
1e+
1e+
1e-
1e
0e
1.2.3
1ee2
0e
000.e
+
000.e
1ee2
-
0e
-
000.e
.
.
1e+
++1
abc
++1
e10
++1
000.e
1e
+
abc
e10
+
e10
+
0e
1e
000.e
1ee2
1e-
--2
1e
+
000.e
000.e
1.2.3
1ee2
.
1e
--2
1ee2
1.2.3
e10
1.2.3
--2
++1
1.2.3
-
abc
1e+
--2
1e-
1ee2
.
e10
000.e
+
1e-
++1
-
-
e10
1e
1e+
1ee2
1e
e10
1e-
1e-
1ee2
abc
--2
1e-
++1
--2
-
-
+
1.2.3
1ee2
000.e
e10
--2
++1
--2
1e-
-
abc
++1
0e
--2
++1
1e
000.e
--2
+
1e
1ee2
+
1e
+
0e
000.e
1e+
0e
+
e10
000.e
++1
.
1ee2
000.e
000.e
1e
.
1e
1.2.3
-
--2
abc
.
abc
1e-
1e
1ee2
1.2.3
1ee2
e10
abc
.
+
1e
.
1e+
--2
1e-
e10
1.2.3
1e+
++1
.
1e
1e
1.2.3
-
abc
1e
000.e
-
--2
e10
1ee2
0e
1e-
-
1ee2
-
e10
++1
++1
1ee2
000.e
0e
1e+
0e
-
1e
0e
-
1ee2
1e
1e-
abc
--2
--2
0e
abc
abc
-
1.2.3
1.2.3
-
--2
-
abc
1ee2
1.2.3
-
e10
e10
1e-
--2
--2
e10
e10
000.e
0e
0e
1.2.3
++1
--2
1e-
+
e10
1e+
000.e
.
.
1e+
+
++1
++1
++1
.
--2
1e+
000.e
1e+
-
.
0e
000.e
1ee2
.
1e
abc
0e
-
--2
1.2.3
0e
+
++1
1e
0e
+
0e
000.e
abc
1ee2
1.2.3
1.2.3
e10
+
1.2.3
1e+
000.e
1e+
--2
.
--2
.
-
1e
--2
abc
000.e
1.2.3
+
-
000.e
abc
1.2.3
1e
-
abc
-
abc
1.2.3
abc
.
1ee2
--2
000.e
+
1.2.3
1ee2
1.2.3
1ee2
.
++1
1ee2
1e-
++1
-
1e+
000.e
1ee2
.
e10
1ee2
1.2.3
+
abc
0e
--2
1e-
1e-
e10
1.2.3
++1
--2
+
000.e
1e-
000.e
-
1e
1e+
+
e10
+
0e
1ee2
--2
.
1e+
1e+
e10
+
1.2.3
++1
1ee2
000.e
e10
1e-
--2
e10
0e
++1
--2
abc
0e
1e
1e
+
1e+
0e
--2
0e
--2
1e
1ee2
1ee2
+
000.e
+
1.2.3
--2
-
e10
abc
-
--2
000.e
1.2.3
1.2.3
++1
-
++1
+
1e
1ee2
abc
0e
1.2.3
--2
+
--2
e10
e10
+
abc
1e-
1e
.
abc
1e
+
1e
-
1e+
1e
1.2.3
000.e
e10
1e+
0e
0e
e10
000.e
1e
000.e
1e-
-
0e
e10
1e+
abc
0e
--2
1ee2
1.2.3
1e+
--2
0e
abc
1e
000.e
1e
1e
--2
e10
1e
+
++1
1e
+
e10
e10
+
000.e
abc
abc
+
--2
abc
1ee2
.
1ee2
0e
000.e
-
-
1e-
+
-
1e-
abc
1ee2
+
0e
1e+
000.e
e10
1e-
000.e
+
e10
.
1.2.3
e10
1e-
--2
1e+
-
+
1e-
abc
--2
++1
1ee2
abc
.
0e
abc
--2
1.2.3
e10
1ee2
++1
-
abc
abc
1e-
1e-
e10
++1
1e+
.
-
--2
-
1ee2
--2
1e-
++1
1.2.3
1e-
-
e10
0e
000.e
000.e
1ee2
e10
-
000.e
+
1ee2
000.e
1e-
--2
+
1ee2
++1
-
.
1e+
1.2.3
-
000.e
++1
-
--2
abc
0e
1ee2
000.e
+
.
abc
++1
+
1e-
1ee2
1e-
1.2.3
--2
++1
1.2.3
1e-
e10
1.2.3
1.2.3
abc
--2
-
e10
-
1e+
1e+
1e-
e10
.
1e
1e+
1ee2
1e+
-
+
1.2.3
1ee2
-
1e
abc
-
1e-
abc
e10
-
++1
e10
-
1e-
abc
1.2.3
--2
abc
0e
1e
+
.
1e-
++1
1e+
1e-
-
+
1e
e10
1ee2
--2
1e+
000.e
--2
0e
0e
++1
0e
1ee2
-
+
1.2.3
++1
000.e
++1
1e
0e
1e+
++1
1e-
--2
e10
.
0e
+
1e-
--2
1.2.3
--2
1e-
1e-
1e
-
000.e
1.2.3
++1
-
1e-
000.e
1e-
e10
1e
-
1e+
1ee2
abc
1.2.3
abc
+
1ee2
+
1ee2
.
.
000.e
1ee2
--2
1e-
1.2.3
e10
000.e
--2
.
+
+
1e+
000.e
.
+
1e-
e10
1e
++1
+
1.2.3
++1
abc
abc
--2
-
1ee2
+
+
-
1e-
e10
-
.
0e
abc
++1
000.e
++1
abc
0e
++1
1ee2
e10
-
000.e
--2
1ee2
1e
000.e
++1
1e-
1e+
+
abc
.
1e
1e
1.2.3
.
000.e
.
0e
++1
1e
e10
000.e
+
--2
1ee2
000.e
000.e
+
1e+
1.2.3
1ee2
1ee2
--2
.
1.2.3
0e
abc
1e-
e10
000.e
-
1e
1.2.3
abc
1e-
0e
e10
-
1.2.3
e10
1e
1e
1ee2
.
1e+
1ee2
+
++1
1.2.3
1e
+
1e+
abc
000.e
+
.
.
e10
+
++1
e10
--2
000.e
-
abc
000.e
++1
e10
--2
e10
1e
1e-
+
000.e
000.e
1.2.3
abc
1.2.3
1ee2
+
+
1e
abc
000.e
1e
abc
000.e
000.e
abc
abc
abc
.
.
1ee2
0e
000.e
0e
-
1ee2
--2
1e-
e10
1ee2
000.e
.
.
.
000.e
0e
-
e10
1.2.3
0e
.
--2
1e+
-
-
-
1ee2
e10
++1
abc
abc
1e-
-
1e
0e
-
++1
-
000.e
000.e
e10
1e-
1.2.3
1e-
1e+
++1
--2
1e
1ee2
000.e
000.e
1e
1ee2
+
1.2.3
1e
+
+
1ee2
1e+
1e-
e10
1e-
1e-
-
1e
++1
1ee2
1ee2
1e
1e-
+
0e
000.e
.
.
000.e
1e+
--2
1.2.3
-
000.e
e10
++1
+
-
1e-
+
+
1.2.3
e10
e10
000.e
1e-
+
1e-
1e
++1
abc
--2
--2
000.e
-
1e+
--2
1ee2
-
0e
+
++1
++1
.
1e+
1ee2
1e-
1e+
0e
-
0e
1e+
000.e
1.2.3
--2
1e
1e-
0e
++1
-
1e+
++1
1.2.3
--2
--2
1e+
e10
1e-
abc
e10
++1
1e-
e10
1e
+
++1
1e-
.
1.2.3
0e
abc
000.e
1ee2
.
1e
-
++1
e10
abc
+
abc
abc
1e
000.e
000.e
1.2.3
1ee2
1.2.3
e10
-
1.2.3
.
1e+
0e
1e+
e10
+
1.2.3
--2
abc
1.2.3
1.2.3
++1
1e+
+
-
000.e
.
++1
000.e
+
-
--2
1ee2
abc
1ee2
++1
e10
1.2.3
-
+
1e+
abc
1e-
e10
1e-
1.2.3
1e-
0e
1e-
++1
000.e
e10
1ee2
1e+
e10
1ee2
1.2.3
000.e
0e
1.2.3
1e
++1
++1
1ee2
000.e
000.e
1e-
.
1e
+
1e+
1ee2
abc
abc
++1
++1
1e
1.2.3
1.2.3
+
1e
1e+
1.2.3
0e
000.e
-
e10
0e
++1
-
0e
1e
.
+
++1
+
++1
1e+
e10
abc
000.e
0e
--2
1e-
abc
-
abc
1ee2
.
+
+
000.e
+
-
1e+
1e-
0e
+
1.2.3
000.e
-
1e-
1e
1.2.3
1e-
-
e10
0e
1ee2
abc
0e
++1
.
1e+
1ee2
e10
abc
000.e
1e-
1.2.3
.
0e
e10
-
1.2.3
++1
+
1e
1e
-
--2
+
++1
1e
--2
1e-
.
1.2.3
++1
1e+
--2
--2
1.2.3
1e
1e-
abc
1e
+
0e
0e
--2
e10
000.e
abc
abc
1e-
1.2.3
1e+
--2
e10
000.e
abc
1ee2
abc
1e
1e
1e-
000.e
000.e
1ee2
1e+
000.e
1ee2
+
abc
1e-
000.e
--2
.
-
e10
1.2.3
1.2.3
000.e
.
e10
0e
e10
e10
1e+
e10
--2
++1
-
.
e10
1e+
1.2.3
e10
1ee2
1ee2
+
e10
1e
0e
1.2.3
1e-
e10
++1
+
1ee2
1e+
000.e
0e
0e
1.2.3
1e
0e
1e
++1
1ee2
+
0e
1e-
.
abc
0e
1e-
-
1e+
.
0e
0e
1.2.3
+
--2
-
++1
abc
+
-
abc
--2
--2
1e
.
++1
abc
1e
1e-
--2
++1
.
0e
000.e
000.e
1e-
--2
--2
1e
1ee2
e10
abc
++1
000.e
abc
0e
e10
1ee2
--2
1e-
.
000.e
-
+
.
e10
e10
--2
1e-
1e+
--2
e10
--2
--2
1e+
000.e
000.e
-
+
0e
--2
1.2.3
1e
000.e
-
.
abc
.
1ee2
1e+
abc
1.2.3
--2
--2
abc
.
0e
-
000.e
0e
+
-
1.2.3
e10
1.2.3
1e-
-
e10
1ee2
-
000.e
1ee2
000.e
1e-
--2
1e
.
abc
--2
.
+
1e
0e
+
1ee2
1e+
1e-
1.2.3
e10
-
+
.
1e-
1.2.3
0e
1.2.3
++1
0e
1e-
1e+
1e-
+
0e
+
-
0e
abc
abc
--2
-
--2
e10
+
e10
1.2.3
1e
000.e
000.e
abc
.
0e
1e
000.e
+
1e+
.
abc
1e
--2
1e+
1e+
+
+
1e
1e-
1ee2
+
abc
abc
1e
000.e
-
abc
+
e10
1.2.3
++1
000.e
++1
.
.
1e
1ee2
0e
1e
1ee2
+
0e
.
.
000.e
0e
1e+
--2
e10
000.e
1e-
000.e
1e+
1e-
+
1ee2
--2
.
1.2.3
000.e
-
000.e
+
.
1.2.3
+
1ee2
++1
++1
++1
1e
1.2.3
++1
1ee2
1.2.3
000.e
1.2.3
000.e
000.e
++1
1e+
000.e
+
1e-
abc
1e
+
1ee2
000.e
0e
1.2.3
--2
-
e10
+
1e+
-
++1
000.e
++1
1ee2
1e+
abc
--2
++1
.
+
abc
1ee2
e10
abc
++1
1ee2
1.2.3
abc
++1
000.e
000.e
0e
.
1e+
0e
1e+
++1
--2
000.e
1e-
000.e
1e+
1e-
0e
abc
--2
--2
++1
++1
1ee2
e10
+
-
.
-
0e
e10
1e-
1e
--2
1e
1ee2
e10
--2
000.e
000.e
e10
1.2.3
1e-
.
--2
000.e
000.e
-
--2
1e
1ee2
1e+
1.2.3
-
1ee2
.
--2
0e
000.e
1.2.3
e10
1.2.3
++1
.
-
abc
-
-
abc
1e
0e
abc
1.2.3
0e
+
0e
1e+
1e
1e
-
++1
000.e
+
-
e10
1e+
+
1.2.3
1e+
1e-
1e-
.
1e
.
1e-
1.2.3
1.2.3
--2
+
1.2.3
--2
1ee2
0e
.
1ee2
1e+
abc
1ee2
0e
--2
++1
0e
--2
-
--2
1.2.3
1.2.3
+
1e
--2
1ee2
++1
e10
--2
1.2.3
--2
000.e
1e-
1e-
++1
abc
--2
abc
--2
-
1ee2
+
1e
-
000.e
-
-
--2
abc
1e
1e-
++1
0e
.
e10
+
-
1e
e10
1e+
++1
-
1e+
abc
0e
-
.
abc
000.e
e10
000.e
1e-
1.2.3
.
1e
1.2.3
.
++1
1e+
0e
1e-
000.e
+
1e-
0e
-
000.e
1e
e10
1e+
.
1ee2
0e
0e
1.2.3
-
.
1e+
1.2.3
1.2.3
1ee2
abc
1ee2
+
-
++1
1e
--2
e10
1.2.3
1e
--2
0e
e10
1.2.3
1.2.3
++1
e10
000.e
1.2.3
e10
1e-
1e
1e-
1.2.3
1e+
--2
--2
1e
1e+
1.2.3
--2
000.e
e10
1e
-
1e+
1e-
--2
1e-
++1
000.e
1.2.3
+
.
1e
--2
e10
e10
.
1e
1e-
1e
--2
--2
000.e
++1
-
000.e
000.e
.
e10
e10
1ee2
e10
--2
1e-
1e+
.
1e-
-
1e-
.
abc
--2
-
abc
1.2.3
1.2.3
1ee2
1e
1.2.3
000.e
1e+
1e
1e+
--2
-
--2
.
+
1.2.3
.
1e
e10
--2
e10
-
1e-
000.e
.
1e
e10
e10
.
--2
e10
e10
++1
++1
-
1ee2
0e
1.2.3
--2
1e-
abc
--2
e10
0e
1.2.3
1e-
e10
1e+
0e
000.e
.
1e+
1e+
-
+
1e
0e
0e
+
.
-
1e+
1e
.
1ee2
++1
.
000.e
1e-
+
.
1ee2
abc
1e
+
1ee2
e10
000.e
--2
1e
++1
abc
e10
000.e
1.2.3
1.2.3
++1
1ee2
++1
abc
+
1e-
.
++1
000.e
.
1e+
++1
e10
000.e
000.e
+
1e-
1e+
e10
abc
1e-
++1
1.2.3
000.e
1e
+
+
+
abc
0e
0e
1e
000.e
-
000.e
1ee2
1ee2
1.2.3
++1
.
++1
-
1e+
1.2.3
abc
.
--2
1.2.3
1e
1.2.3
1e+
0e
1.2.3
e10
-
abc
0e
1e
.
e10
1e-
1.2.3
1.2.3
000.e
++1
e10
0e
1ee2
1e-
1e-
1e-
++1
e10
--2
-
--2
0e
000.e
1e+
1ee2
1e+
0e
0e
++1
000.e
000.e
.
000.e
++1
1e
1e+
-
1ee2
.
+
e10
1e+
1e+
--2
000.e
1e+
++1
1ee2
0e
000.e
000.e
1e+
e10
.
1e+
++1
.
0e
--2
+
--2
++1
1e
abc
--2
e10
1e+
e10
--2
1e
1ee2
.
1e+
1e
1ee2
abc
1e
1e+
1e
1.2.3
1.2.3
1e-
.
e10
000.e
+
e10
abc
1e
+
1e
1e-
++1
.
1e+
abc
1ee2
e10
+
--2
.
-
abc
0e
.
1e-
.
.
1e+
1.2.3
e10
0e
1e-
000.e
0e
++1
1e+
+
1e+
-
.
abc
1e+
.
e10
++1
1e+
-
0e
-
0e
000.e
+
0e
000.e
abc
--2
-
0e
1ee2
+
1e+
0e
e10
.
e10
0e
+
+
++1
+
1e+
1e-
+
+
1e-
-
+
e10
0e
1.2.3
1.2.3
+
-
1.2.3
1e+
--2
1e
-
1ee2
+
-
1.2.3
1.2.3
e10
1e
1e-
0e
1ee2
e10
1e+
000.e
1.2.3
1e-
+
abc
abc
-
1.2.3
1.2.3
1e
1e
abc
1ee2
1ee2
.
.
-
1e+
000.e
+
.
0e
1e+
0e
1.2.3
000.e
.
0e
e10
1e-
0e
1e
-
++1
0e
--2
.
1ee2
-
--2
000.e
000.e
-
1e
0e
1e+
1e+
1e-
--2
1ee2
1ee2
+
1.2.3
--2
1.2.3
0e
e10
1.2.3
1ee2
000.e
000.e
0e
--2
1e
+
1e+
1.2.3
--2
1e-
1e
0e
.
abc
--2
1e-
-
++1
000.e
abc
0e
.
+
e10
e10
1ee2
-
-
-
abc
+
1ee2
-
1e+
abc
1e+
-
1e
abc
1ee2
000.e
--2
++1
1e
++1
0e
1ee2
++1
e10
0e
1e
0e
1ee2
1e+
.
1ee2
1.2.3
--2
0e
1ee2
-
+
1e+
1ee2
-
-
1e+
--2
--2
0e
1e+
-
000.e
abc
1e-
++1
-
+
e10
000.e
-
1.2.3
.
000.e
.
0e
1.2.3
+
.
0e
1e-
+
e10
0e
1e+
0e
.
.
.
1e-
abc
1e-
1ee2
+
.
1e
0e
1.2.3
-
--2
1.2.3
1.2.3
1.2.3
.
1.2.3
000.e
1ee2
+
1e-
abc
1e
+
--2
1e-
1.2.3
+
abc
1e
abc
abc
abc
1.2.3
1e-
1e+
1.2.3
1.2.3
--2
+
1e
000.e
1.2.3
1e
1.2.3
000.e
1.2.3
--2
e10
abc
1.2.3
1e+
1ee2
1ee2
1ee2
-
1.2.3
+
000.e
0e
000.e
++1
e10
0e
1ee2
0e
e10
1ee2
--2
1ee2
e10
abc
abc
000.e
--2
1e
0e
1e
--2
.
--2
-
abc
000.e
.
1ee2
1ee2
000.e
1ee2
abc
.
1ee2
--2
1ee2
++1
++1
1e+
1.2.3
1e
1ee2
abc
abc
abc
.
1e-
1e
1e+
1e-
++1
000.e
e10
000.e
000.e
abc
+
.
abc
-
++1
1.2.3
1e
1e+
000.e
1e-
e10
1e+
1e+
0e
++1
e10
++1
1ee2
1e
1e+
-
1e
0e
abc
+
1.2.3
abc
--2
e10
--2
+
++1
1e+
000.e
.
1e-
+
1.2.3
.
1e-
1e+
000.e
1e
+
1e-
-
--2
-
000.e
--2
1e
abc
.
1e
000.e
1e-
000.e
1ee2
1e
-
1e
1e+
0e
1ee2
-
1e
1e
+
0e
000.e
1.2.3
++1
++1
1e-
1ee2
-
abc
.
1e
++1
.
+
--2
000.e
1ee2
--2
-
1e+
0e
.
1e+
+
000.e
1e+
-
-
1e-
abc
+
0e
1e-
.
1.2.3
000.e
1e+
--2
.
++1
1e-
1ee2
1e-
000.e
1e+
abc
--2
1.2.3
1.2.3
.
--2
-
--2
++1
abc
--2
-
0e
-
1ee2
000.e
+
1e
1e
.
.
000.e
1e
+
1.2.3
abc
1ee2
1.2.3
.
1ee2
1ee2
++1
1ee2
1e-
1e
e10
1e+
--2
1e-
1e+
+
1ee2
1e
--2
e10
1e+
abc
e10
.
--2
--2
++1
000.e
1ee2
-
e10
+
++1
--2
e10
+
1e
+
0e
e10
--2
1.2.3
1.2.3
.
1e
1e+
0e
1e-
+
0e
1e+
abc
000.e
000.e
1e+
1.2.3
e10
--2
++1
1e
-
e10
000.e
1ee2
.
1e-
1.2.3
1e+
.
e10
--2
000.e
abc
e10
.
0e
1.2.3
++1
1ee2
abc
1e+
-
++1
+
--2
.
1ee2
++1
1e+
+
1e+
++1
1e
1e-
1e
0e
1e+
1e-
1e-
1.2.3
-
1e
.
1e+
++1
1ee2
1e+
+
1e
1e
+
--2
1e-
1e-
000.e
+
1e
000.e
1e-
1e+
.
1ee2
1e
++1
1e+
+
1.2.3
.
1e+
1e
000.e
--2
+
.
e10
1e
1e-
000.e
1ee2
0e
+
e10
+
000.e
1ee2
1e
1.2.3
--2
+
1e-
1e+
+
1e+
1e
abc
-
++1
+
--2
000.e
++1
+
e10
1e+
000.e
e10
1ee2
000.e
1e-
e10
++1
1ee2
.
1e-
-
++1
000.e
--2
--2
000.e
e10
++1
1ee2
1e+
1e-
+
--2
1.2.3
abc
e10
++1
-
1ee2
000.e
1.2.3
++1
+
1e
abc
e10
+
.
.
--2
e10
1e
1.2.3
+
0e
-
0e
000.e
+
1e+
e10
-
1ee2
0e
e10
-
1e
1e+
000.e
abc
1ee2
000.e
--2
1.2.3
1e-
1e-
+
+
1ee2
--2
.
1.2.3
1.2.3
e10
1ee2
abc
+
.
1e+
e10
++1
000.e
--2
++1
0e
+
--2
0e
abc
++1
1.2.3
0e
+
.
.
1.2.3
-
1e+
+
000.e
1e
.
1e-
0e
1e-
1e
--2
1e+
abc
++1
+
0e
--2
e10
1e
000.e
1e+
1e-
1ee2
1e
1.2.3
1e+
1.2.3
000.e
1e
1e+
abc
1e-
1ee2
+
++1
0e
1e
abc
1e+
.
--2
1e+
1.2.3
000.e
.
-
.
e10
+
1.2.3
e10
.
1.2.3
1ee2
-
1e-
+
1.2.3
+
--2
1e-
--2
1e
0e
+
0e
+
1.2.3
1e+
1e-
+
1e
000.e
000.e
e10
.
++1
--2
1.2.3
1e-
1e
++1
000.e
1.2.3
000.e
e10
1.2.3
1e-
1e-
-
0e
000.e
abc
++1
--2
1ee2
.
.
++1
.
-
1e+
abc
abc
000.e
0e
1.2.3
e10
1e-
000.e
.
1e
e10
+
1e
000.e
++1
--2
1ee2
abc
1e+
+
0e
1.2.3
1e+
+
000.e
000.e
1ee2
e10
+
++1
-
1e
1ee2
++1
000.e
000.e
1.2.3
--2
-
1.2.3
-
1e+
1.2.3
.
abc
e10
1e+
0e
000.e
++1
1e
1e-
-
-
1e+
abc
1e-
+
000.e
.
1.2.3
1ee2
+
e10
1e-
e10
.
+
abc
--2
-
0e
1e
--2
+
1e-
000.e
e10
--2
-
++1
1ee2
1e-
0e
0e
000.e
++1
++1
1.2.3
++1
1e
.
0e
000.e
abc
000.e
-
1ee2
000.e
1.2.3
1e+
0e
--2
0e
1e-
000.e
abc
--2
++1
1ee2
1.2.3
1e
.
1e
1e
1e
--2
1ee2
--2
.
000.e
.
++1
e10
1e+
0e
+
-
1e
1e-
e10
+
-
1e
1e-
e10
--2
--2
1e+
1e-
1.2.3
1e-
1e-
1e
1e+
-
0e
+
.
000.e
.
1e
+
.
--2
++1
1.2.3
000.e
000.e
--2
1.2.3
0e
e10
--2
e10
0e
--2
.
abc
1.2.3
-
1e
1ee2
1ee2
1e-
1e+
1e-
+
-
abc
0e
1e+
1ee2
.
+
abc
1.2.3
1e-
++1
1ee2
1e+
000.e
000.e
000.e
0e
+
+
++1
--2
1.2.3
1ee2
-
1ee2
1e+
++1
1.2.3
0e
1e+
0e
++1
e10
1ee2
.
1.2.3
-
++1
0e
1e-
.
.
1.2.3
abc
++1
--2
.
+
++1
000.e
1.2.3
000.e
0e
--2
+
1.2.3
1e+
0e
0e
1.2.3
abc
--2
1e
--2
0e
1.2.3
--2
--2
1.2.3
1e
1.2.3
-
0e
+
1.2.3
000.e
-
e10
000.e
abc
++1
1ee2
1e+
1e
abc
1.2.3
000.e
1.2.3
-
+
1e
1.2.3
--2
-
-
e10
000.e
e10
.
0e
1.2.3
--2
1ee2
e10
-
1e
++1
+
.
e10
e10
+
1.2.3
0e
.
000.e
0e
0e
--2
abc
abc
e10
--2
++1
abc
1ee2
.
1e
1e-
1e
--2
--2
-
.
1e+
1.2.3
1e+
1e
1e-
000.e
abc
1e-
+
abc
1e+
1e-
1ee2
1ee2
.
+
e10
000.e
e10
1ee2
1e-
1.2.3
1e+
-
abc
abc
+
1.2.3
0e
1e-
.
1ee2
e10
abc
.
000.e
abc
++1
--2
--2
-
1ee2
+
1ee2
1e+
abc
.
++1
abc
e10
1.2.3
e10
--2
--2
1e-
+
e10
1e+
abc
++1
1e-
1ee2
1e
+
.
1e+
1e+
1.2.3
abc
e10
.
+
1ee2
1.2.3
e10
e10
e10
1e-
-
-
++1
e10
1e
0e
++1
abc
0e
e10
-
1e+
000.e
0e
0e
+
1.2.3
abc
e10
+
1e+
000.e
1ee2
000.e
++1
0e
1.2.3
1ee2
-
--2
1e-
abc
++1
000.e
--2
0e
1ee2
1ee2
.
--2
abc
1e+
0e
e10
abc
1e-
e10
1e
1ee2
+
1e-
1.2.3
1e-
.
1ee2
000.e
1e
+
++1
e10
1e+
.
+
0e
+
--2
000.e
++1
1ee2
++1
abc
0e
+
--2
+
e10
1e
1.2.3
++1
1e
--2
-
1e+
e10
000.e
abc
e10
1.2.3
1e-
.
0e
--2
1e+
1e+
0e
1.2.3
abc
--2
.
+
1ee2
1e-
0e
e10
e10
1e+
1ee2
000.e
abc
+
1.2.3
abc
1e+
1e+
1e-
1e+
0e
.
1e
000.e
e10
-
1e+
abc
000.e
1.2.3
1e-
1e+
1ee2
0e
.
++1
abc
++1
0e
1.2.3
.
1.2.3
000.e
1ee2
1ee2
1.2.3
0e
+
1e+
abc
e10
+
1e-
-
e10
000.e
1.2.3
1e
+
1.2.3
abc
.
1ee2
1e+
1e
000.e
-
1e
-
+
e10
1e+
0e
1ee2
e10
+
1ee2
-
1e-
++1
1e-
1.2.3
000.e
1e-
abc
++1
1e-
e10
.
e10
1.2.3
0e
1.2.3
000.e
000.e
abc
1e-
e10
1.2.3
0e
1e+
--2
1e-
-
e10
+
--2
1e-
.
abc
1ee2
1e+
1e+
1e+
-
e10
1e
-
e10
0e
abc
000.e
--2
--2
e10
++1
0e
1e-
++1
-
+
000.e
1e+
0e
0e
+
e10
1e-
000.e
1.2.3
.
000.e
.
--2
.
.
1e
0e
.
1.2.3
-
1e
-
++1
e10
+
1e+
000.e
-
-
++1
1e
++1
1.2.3
abc
0e
--2
e10
1ee2
1e-
1.2.3
abc
1ee2
++1
1ee2
1e-
1e
000.e
+
1e-
e10
1ee2
+
0e
1ee2
abc
000.e
000.e
e10
-
abc
+
1e
0e
.
1ee2
1e
1e
.
-
+
000.e
1e+
1.2.3
.
000.e
1e-
1e+
1e
000.e
+
++1
000.e
1.2.3
++1
1e+
1.2.3
abc
abc
-
1e+
1.2.3
-
--2
abc
++1
+
--2
abc
abc
1ee2
abc
1e+
1ee2
1ee2
1e-
1e+
1e-
1e
++1
e10
--2
.
-
000.e
1e
e10
+
1e-
.
e10
1e
e10
+
--2
.
1.2.3
1e+
1.2.3
1e+
--2
0e
0e
abc
0e
.
1e+
abc
e10
1e+
++1
++1
1e-
1.2.3
000.e
1ee2
--2
0e
1ee2
0e
-
1ee2
000.e
1e-
000.e
-
000.e
abc
+
abc
1ee2
abc
abc
000.e
1ee2
.
+
1.2.3
1e
1e-
1e
1e
1e
000.e
1e+
+
e10
-
1.2.3
1e
000.e
0e
1ee2
+
1e+
1e
1ee2
000.e
1e
1ee2
000.e
++1
++1
1e
-
e10
--2
1ee2
++1
1.2.3
1e+
--2
1ee2
1ee2
+
1.2.3
e10
1e
1e-
e10
000.e
1e+
0e
abc
.
-
abc
1e
1.2.3
e10
1ee2
1ee2
-
.
+
0e
abc
1.2.3
.
abc
1e
+
.
e10
1e-
1.2.3
1.2.3
1e
1e-
e10
1e-
1.2.3
1ee2
--2
.
0e
1ee2
--2
0e
.
1e
1.2.3
1e
++1
abc
1e
0e
1.2.3
.
1e-
e10
0e
.
1e
+
--2
1.2.3
e10
+
+
000.e
e10
.
1e+
1.2.3
0e
e10
e10
1.2.3
-
++1
+
1e+
1e+
1e-
0e
1ee2
++1
+
1e-
1ee2
000.e
000.e
+
+
1e-
1e
abc
1e+
0e
1.2.3
abc
-
1.2.3
000.e
++1
1e
+
1e
abc
-
1.2.3
1e
-
1.2.3
1ee2
1e
1e-
1e+
1.2.3
0e
-
1e+
++1
+
++1
1e-
e10
--2
0e
+
1e
0e
1e
-
0e
1ee2
1e-
--2
1ee2
1e
1e-
++1
abc
000.e
1e
.
e10
0e
000.e
0e
e10
1e+
0e
1.2.3
e10
1.2.3
abc
--2
-
1e-
-
-
1e+
1e
abc
abc
+
++1
1e+
e10
.
e10
0e
1e-
e10
abc
1e+
.
++1
0e
1ee2
1ee2
1e+
0e
000.e
1e+
--2
0e
++1
1.2.3
1e+
000.e
.
abc
1e+
.
1e+
e10
e10
abc
-
1e-
1e-
1ee2
000.e
0e
++1
abc
.
1.2.3
abc
0e
+
000.e
-
1e-
abc
1e+
1e-
1e+
abc
0e
1.2.3
000.e
1e+
0e
1ee2
1e-
e10
.
abc
-
++1
000.e
000.e
1e
++1
1.2.3
-
000.e
--2
1e+
e10
.
1e
0e
1e+
000.e
1e+
e10
.
1e
1.2.3
++1
--2
1e-
--2
0e
abc
e10
-
e10
--2
0e
1e-
0e
+
1e
1.2.3
abc
1e+
-
abc
abc
e10
abc
+
1e-
++1
--2
++1
++1
000.e
--2
.
1e
000.e
000.e
1e+
1e+
0e
-
.
-
--2
+
--2
1e-
.
1.2.3
000.e
1.2.3
0e
1e-
.
0e
--2
1e+
1e-
++1
1e
1e+
000.e
-
000.e
-
1e+
1e-
1e+
1ee2
1.2.3
.
1e-
.
1e-
1.2.3
++1
1e-
000.e
000.e
e10
1e+
abc
++1
1ee2
0e
e10
1e-
0e
--2
.
-
e10
0e
000.e
e10
-
--2
+
++1
.
1e
++1
1ee2
1ee2
1ee2
++1
+
--2
--2
1ee2
e10
1e+
1e+
abc
abc
1e-
1e
1ee2
1e+
1e
1.2.3
-
-
--2
000.e
e10
e10
1e
0e
1e
.
000.e
abc
e10
.
1e
+
abc
1e+
1e+
1e-
e10
1e+
1ee2
1.2.3
1e+
1e+
1e
1.2.3
++1
000.e
1.2.3
.
1ee2
.
0e
--2
1e-
abc
1e
000.e
--2
-
+
0e
1ee2
1e
1.2.3
.
1ee2
++1
e10
1ee2
+
++1
1e
.
1.2.3
1ee2
0e
-
abc
e10
1e-
.
.
+
000.e
--2
.
1e+
1.2.3
++1
-
1e-
1e+
0e
e10
-
--2
++1
0e
1ee2
1e-
1e
0e
0e
--2
abc
1.2.3
1ee2
1e+
1.2.3
abc
1e+
1ee2
1e
1e-
1e
1e+
0e
abc
+
abc
+
000.e
1e+
.
++1
++1
1.2.3
1e
++1
1ee2
000.e
abc
abc
1e
.
e10
1ee2
e10
-
-
abc
e10
000.e
+
1ee2
1ee2
--2
1e-
1e-
0e
0e
--2
+
1e-
1e+
0e
000.e
1e+
+
000.e
+
1.2.3
++1
0e
+
+
1ee2
1e-
1e-
1e
1e
0e
1e+
1e+
-
+
-
.
e10
0e
1e
+
abc
++1
--2
1e-
-
1e
-
1e+
1e+
--2
++1
-
+
1.2.3
--2
.
1ee2
1.2.3
.
.
1.2.3
+
1e-
--2
1e-
+
1.2.3
+
1e-
.
abc
1e
abc
1.2.3
1ee2
0e
++1
--2
1e-
-
+
1.2.3
1e-
1.2.3
1e+
1ee2
-
000.e
-
0e
--2
1.2.3
abc
--2
-
+
abc
-
0e
1ee2
.
000.e
--2
1e+
e10
1e
000.e
+
1.2.3
0e
++1
0e
+
1ee2
.
+
1ee2
1e+
000.e
0e
.
-
+
1e-
abc
++1
abc
--2
1e-
e10
e10
e10
.
1e-
e10
e10
++1
000.e
+
--2
1e
+
1e+
--2
++1
++1
-
1.2.3
abc
+
e10
abc
+
abc
+
1ee2
abc
.
--2
e10
--2
1e+
000.e
abc
abc
1e+
0e
1e+
++1
1.2.3
1e-
.
--2
1.2.3
1ee2
abc
+
000.e
-
++1
1e
1.2.3
1e-
abc
0e
1e
abc
++1
1ee2
1e
++1
abc
abc
1.2.3
abc
.
.
-
--2
--2
-
1e-
++1
1e-
1e+
000.e
000.e
abc
--2
.
0e
--2
1e
1e-
--2
--2
abc
1.2.3
+
000.e
0e
000.e
0e
000.e
0e
1e+
1e-
abc
1e
+
000.e
1.2.3
0e
++1
+
-
-
1e+
1.2.3
e10
--2
e10
-
.
.
+
e10
+
-
-
--2
+
1ee2
++1
.
+
1e-
1e
1e
000.e
++1
1ee2
1e-
--2
++1
e10
1e+
1e-
1ee2
000.e
e10
--2
0e
1ee2
.
1e
abc
.
++1
-
-
++1
abc
.
1e+
000.e
0e
++1
1e-
000.e
-
1e
+
-
abc
.
e10
1e+
-
000.e
-
-
0e
+
0e
--2
1e
++1
--2
1e
1.2.3
.
1e-
0e
1e+
1e+
+
-
1e
--2
1ee2
--2
--2
1ee2
000.e
--2
e10
++1
000.e
000.e
1e+
0e
-
abc
+
abc
--2
1e-
0e
1e-
e10
+
000.e
--2
-
--2
abc
1e
+
abc
--2
1ee2
1e
+
abc
1e-
1e-
0e
++1
+
--2
1e+
000.e
1e-
+
0e
-
abc
0e
1e
-
+
1e+
-
+
1e
1e-
1.2.3
+
1e+
-
+
.
-
-
1e+
abc
1e-
1e
++1
0e
.
-
e10
1.2.3
1.2.3
e10
1e+
1ee2
.
000.e
1ee2
1ee2
1e+
++1
+
abc
1e
--2
e10
++1
1e
e10
000.e
1.2.3
--2
.
1e-
e10
--2
1ee2
+
+
e10
abc
1.2.3
1e
+
1.2.3
.
e10
++1
1e-
.
e10
1e
+
-
--2
+
1.2.3
1e
1e
1e+
1ee2
-
1.2.3
0e
0e
1e+
1ee2
--2
0e
1.2.3
--2
000.e
--2
1e+
1ee2
0e
0e
1.2.3
abc
1e+
+
000.e
+
000.e
--2
000.e
++1
--2
--2
.
.
.
abc
000.e
++1
000.e
1e-
1.2.3
1.2.3
1e+
+
+
abc
1.2.3
--2
abc
1e
1e+
++1
1e+
1e-
+
-
0e
1e+
.
++1
++1
+
e10
-
1e
1e-
1.2.3
1ee2
e10
000.e
-
1ee2
0e
1ee2
0e
1ee2
+
1e+
--2
1e
1e+
--2
++1
000.e
1e
1e+
000.e
000.e
1e-
-
-
+
++1
1ee2
-
1e+
1e
++1
--2
+
000.e
+
e10
e10
.
-
1e
000.e
000.e
+
1ee2
1e+
.
.
0e
1ee2
e10
--2
++1
+
1ee2
1e+
+
-
e10
1.2.3
1e
++1
000.e
1e
abc
1ee2
1e-
1e+
.
1ee2
--2
--2
-
++1
-
++1
.
1ee2
0e
1.2.3
0e
e10
abc
1e+
0e
000.e
--2
0e
0e
+
1ee2
1e-
1.2.3
0e
1e
0e
e10
.
0e
0e
0e
000.e
000.e
1.2.3
abc
1.2.3
++1
000.e
1ee2
--2
1e
1e-
++1
++1
000.e
--2
+
1.2.3
000.e
--2
1e
--2
.
000.e
++1
1.2.3
abc
--2
-
000.e
1e+
1.2.3
1e
+
e10
++1
1.2.3
+
1e
1ee2
--2
e10
.
1ee2
1e+
+
1e
1e-
1ee2
--2
e10
e10
-
0e
1.2.3
000.e
e10
--2
e10
.
.
abc
1ee2
.
-
1.2.3
1e
1e-
.
0e
1e
1.2.3
1e
1.2.3
.
1ee2
--2
++1
.
1e+
1.2.3
1e-
1e-
1e-
1e-
1e
0e
1ee2
1e+
--2
e10
1e-
abc
1e+
1e-
abc
1e+
-
000.e
1e-
1.2.3
1e-
abc
--2
1e-
1ee2
0e
e10
.
000.e
-
1e-
++1
-
.
000.e
1.2.3
000.e
1e
.
1e
000.e
-
abc
1e+
1e-
+
1.2.3
--2
1e-
1e
0e
+
e10
1ee2
--2
+
abc
e10
abc
.
1ee2
e10
++1
++1
e10
.
1e
1e+
--2
-
1.2.3
abc
--2
e10
++1
--2
--2
1e-
.
e10
abc
1e+
1e
.
abc
1e
e10
1ee2
+
1ee2
e10
1e+
--2
1ee2
1e-
0e
1e-
--2
++1
1ee2
abc
++1
.
++1
1ee2
++1
000.e
1.2.3
+
1e-
--2
+
--2
-
1ee2
abc
1.2.3
abc
1e
000.e
1.2.3
--2
.
1.2.3
+
1ee2
1e
-
abc
.
+
1e
1ee2
abc
.
1e
0e
1e-
0e
1.2.3
000.e
.
--2
1ee2
e10
--2
000.e
1e-
e10
1e-
1e
++1
-
.
1e-
1e+
+
0e
0e
1e-
.
1e+
e10
1ee2
-
+
++1
abc
abc
e10
++1
--2
0e
.
+
1e
1ee2
000.e
-
1ee2
e10
e10
0e
.
-
-
+
--2
+
.
1.2.3
1ee2
--2
1e+
-
1e+
1e+
e10
+
1ee2
0e
abc
1e-
1e
1ee2
1e-
1ee2
+
++1
-
1e
000.e
.
abc
1.2.3
.
1e+
+
1ee2
1.2.3
1e-
000.e
.
-
--2
--2
+
+
++1
1e
-
+
+
+
1.2.3
1e
1e-
000.e
abc
000.e
1.2.3
1e
1.2.3
--2
.
1e
0e
e10
1e+
000.e
1e-
1e
0e
-
--2
--2
1ee2
e10
-
1e
++1
--2
-
++1
1e
1e+
000.e
000.e
1e
1e+
1e-
1ee2
abc
+
1.2.3
+
1e
1e-
1e
+
-
++1
++1
++1
1e-
1e-
++1
1.2.3
e10
+
--2
--2
1e
000.e
e10
0e
+
1.2.3
1e+
0e
.
e10
000.e
+
0e
000.e
+
-
++1
1ee2
abc
1e
1e-
.
1e
1ee2
1e+
++1
+
--2
1e+
1e
000.e
++1
0e
abc
1e
1e+
+
000.e
+
abc
++1
abc
+
000.e
0e
abc
+
1e+
0e
e10
1e-
-
0e
1e+
0e
-
.
abc
1e
000.e
000.e
1.2.3
1.2.3
abc
--2
1e
1ee2
++1
1e-
++1
1e
.
+
1e+
--2
e10
e10
1.2.3
0e
1e+
abc
++1
000.e
000.e
1e
1e
abc
--2
+
+
++1
1e-
--2
0e
1e+
1ee2
1.2.3
++1
0e
1ee2
1e-
1ee2
1ee2
abc
1e-
+
abc
e10
1e
++1
+
.
-
-
-
.
1e+
1e-
--2
1.2.3
1e
000.e
++1
1e+
0e
++1
abc
1ee2
1.2.3
e10
1e-
1e
1e-
1ee2
++1
.
000.e
.
1e+
0e
-
1e-
abc
0e
+
1e
1e
0e
1e-
++1
1e-
.
000.e
-
-
.
1e
++1
1e
1e-
1e
.
1e-
000.e
1e
--2
e10
.
e10
abc
--2
1e
1e+
abc
-
1e-
e10
1ee2
.
.
--2
+
--2
000.e
1ee2
1ee2
++1
1.2.3
e10
0e
1e+
-
1e-
--2
--2
1ee2
1e-
1e-
1e
++1
1.2.3
.
1ee2
000.e
++1
abc
000.e
.
1e-
--2
1e+
000.e
1e+
-
++1
1e
++1
0e
1e
+
1e
--2
1e-
--2
abc
1ee2
-
abc
.
000.e
1ee2
1ee2
e10
--2
abc
1.2.3
+
++1
-
abc
++1
0e
1e+
1e
0e
.
+
1e+
1ee2
000.e
++1
e10
+
1e
1e+
000.e
++1
1e-
000.e
000.e
1e
000.e
1e
0e
-
--2
-
000.e
-
e10
000.e
1ee2
0e
1e-
1e+
1e
-
abc
1e+
e10
1ee2
1e+
e10
++1
1e-
+
-
0e
abc
000.e
+
e10
--2
0e
.
1e+
1ee2
++1
1e+
1ee2
--2
.
1.2.3
-
--2
e10
1e-
e10
1e+
1.2.3
000.e
1.2.3
+
0e
1ee2
e10
--2
e10
1.2.3
-
-
--2
abc
1ee2
1.2.3
.
1e+
0e
abc
0e
abc
+
000.e
1ee2
abc
1e
1.2.3
0e
.
000.e
1e+
abc
--2
abc
1e+
.
000.e
000.e
1ee2
-
++1
+
--2
abc
000.e
1ee2
.
.
1.2.3
1e
1e+
1e
000.e
e10
abc
--2
1e+
--2
1.2.3
000.e
000.e
--2
1e+
abc
000.e
++1
000.e
+
--2
--2
.
1e-
abc
1e-
0e
1e
e10
+
abc
.
++1
000.e
1e
0e
1e+
abc
1.2.3
abc
+
abc
1ee2
++1
1.2.3
0e
1e+
-
.
.
.
1e+
--2
1.2.3
++1
1.2.3
1e
+
1e+
-
1e-
-
1ee2
1e+
1.2.3
abc
--2
+
1ee2
1e
1e-
-
1ee2
.
0e
0e
1e-
--2
--2
1.2.3
1e
1e-
000.e
1.2.3
.
000.e
-
1ee2
-
++1
000.e
e10
abc
+
1.2.3
abc
e10
e10
e10
1ee2
++1
1e-
000.e
.
--2
+
1e-
1.2.3
--2
--2
e10
abc
1.2.3
000.e
1e+
000.e
1.2.3
000.e
1e-
1e-
000.e
--2
1ee2
--2
1ee2
abc
.
0e
000.e
abc
1.2.3
abc
abc
++1
+
1.2.3
000.e
e10
000.e
000.e
1e
-
1e
0e
.
abc
-
-
.
000.e
0e
1e
000.e
1ee2
000.e
000.e
abc
+
--2
000.e
--2
1.2.3
1.2.3
abc
1.2.3
.
1ee2
--2
0e
0e
e10
-
-
1e
000.e
+
0e
-
abc
abc
1ee2
--2
--2
abc
1.2.3
--2
1e-
abc
1ee2
++1
1.2.3
1ee2
1ee2
1e
++1
--2
++1
-
0e
0e
--2
.
000.e
1.2.3
++1
abc
1ee2
0e
1e-
000.e
++1
1e
000.e
--2
1ee2
+
e10
-
000.e
1e+
.
1e-
-
1.2.3
1e
0e
abc
1.2.3
++1
1e+
--2
1e+
-
1e+
1e-
000.e
000.e
1e
1e
1e
--2
--2
1.2.3
-
1e
1e+
abc
000.e
.
1.2.3
.
.
1e
000.e
000.e
1e-
--2
1.2.3
000.e
--2
-
e10
1ee2
-
1e
++1
1ee2
e10
--2
.
--2
--2
++1
1ee2
++1
+
+
--2
.
.
--2
--2
0e
000.e
000.e
1e
++1
0e
1.2.3
1e
1e+
1e-
+
1ee2
e10
abc
1ee2
1.2.3
1ee2
0e
abc
+
.
000.e
abc
.
.
-
1e-
+
abc
e10
.
--2
++1
-
0e
+
1e
e10
-
000.e
0e
1ee2
--2
1e
1e-
1e
+
1ee2
1e
+
+
-
1.2.3
1ee2
++1
--2
1e-
000.e
--2
0e
abc
1e+
1e-
1ee2
1.2.3
--2
++1
-
1e-
1e
-
1ee2
000.e
1ee2
abc
1e+
1e+
+
000.e
e10
--2
abc
+
1e
1e
e10
1.2.3
e10
+
e10
--2
1e+
e10
abc
--2
0e
1ee2
abc
++1
1ee2
-
0e
++1
1e-
1ee2
0e
+
1.2.3
e10
0e
1ee2
++1
1.2.3
000.e
--2
.
e10
1.2.3
1e-
e10
-
1e-
000.e
1ee2
++1
+
1e+
1.2.3
+
-
abc
000.e
.
1e
-
1.2.3
0e
++1
--2
1e+
000.e
0e
1.2.3
1e+
e10
0e
abc
-
++1
e10
0e
e10
++1
abc
1e+
+
1.2.3
++1
.
0e
e10
++1
0e
1e+
1e
000.e
-
++1
1.2.3
++1
1ee2
1e-
-
1e
1.2.3
abc
1ee2
+
1.2.3
1.2.3
0e
1e-
.
-
e10
0e
1e+
++1
000.e
1e-
1e-
.
1e
1e-
1ee2
.
1e-
-
1ee2
e10
000.e
++1
0e
1e+
.
++1
e10
000.e
--2
--2
1e-
abc
1e+
1ee2
000.e
++1
++1
e10
1e+
--2
+
1.2.3
+
0e
000.e
--2
1e+
+
+
abc
1e
--2
abc
000.e
1.2.3
++1
abc
1e+
+
-
--2
000.e
e10
1e-
++1
-
1e-
1.2.3
1.2.3
0e
1e-
000.e
--2
+
1e
.
1e-
1e
+
e10
1e+
1e
++1
+
e10
1e
1e
.
1e
.
1e
1e+
1e-
--2
000.e
++1
.
0e
1.2.3
+
abc
--2
000.e
1.2.3
++1
abc
e10
++1
0e
.
1e-
++1
0e
abc
--2
1e
1e
1.2.3
e10
.
-
.
++1
000.e
0e
1.2.3
e10
--2
e10
0e
+
++1
e10
abc
abc
++1
-
++1
000.e
.
+
1ee2
+
1e-
-
1e+
.
1.2.3
000.e
abc
e10
abc
1e
+
abc
+
-
--2
.
++1
000.e
1e
000.e
+
--2
abc
abc
--2
--2
1.2.3
000.e
.
000.e
+
1ee2
1.2.3
000.e
1e
1ee2
.
++1
1.2.3
+
1ee2
1ee2
1e-
abc
1e+
e10
1e
-
++1
++1
1.2.3
1e-
-
1ee2
--2
000.e
1.2.3
e10
++1
-
1.2.3
abc
1e
1e+
1ee2
1e-
e10
-
1.2.3
--2
--2
0e
1e-
1.2.3
++1
+
-
+
--2
1ee2
1.2.3
1.2.3
000.e
++1
++1
--2
1e
e10
1e-
1e
1e
--2
--2
1ee2
e10
--2
e10
.
abc
1e+
1e-
-
1e
000.e
1e+
abc
.
1ee2
000.e
1e-
++1
0e
000.e
1e
+
-
1e+
-
1e+
++1
1ee2
1e-
1.2.3
1e+
-
.
0e
-
0e
+
abc
e10
e10
1e+
-
1e-
++1
-
e10
1e-
e10
e10
.
.
+
-
1e
.
1.2.3
000.e
1e+
1ee2
1e-
000.e
abc
--2
1e+
++1
++1
000.e
000.e
+
--2
e10
--2
1.2.3
e10
1e-
1e-
e10
1.2.3
1e-
++1
0e
.
++1
+
+
-
++1
e10
1e
1.2.3
0e
e10
1e-
e10
abc
1.2.3
.
.
+
1ee2
1e
abc
1ee2
1e-
-
1e-
1e+
+
1ee2
1e+
1ee2
+
-
1e-
000.e
1ee2
abc
-
--2
1e
1ee2
+
0e
1e
000.e
1e+
1.2.3
1e+
+
-
e10
-
e10
--2
1.2.3
-
1e
1.2.3
--2
+
e10
e10
abc
abc
.
1.2.3
000.e
000.e
+
000.e
--2
0e
1e
1e-
1.2.3
1e+
1e
abc
.
1e-
++1
abc
abc
++1
0e
1e-
abc
1e
1e
-
1.2.3
abc
1e+
0e
+
--2
-
0e
0e
1e-
1ee2
++1
1.2.3
++1
e10
.
000.e
1e+
++1
-
1e+
000.e
.
1e+
abc
-
--2
1e
1.2.3
0e
.
1e-
1e+
1e+
000.e
1ee2
e10
1e
--2
+
.
1ee2
1e-
-
1.2.3
1e+
1.2.3
++1
1e-
+
1ee2
1ee2
--2
+
1ee2
++1
1e
++1
1e+
.
1ee2
-
0e
000.e
++1
1e
1.2.3
1ee2
+
1.2.3
abc
1e
000.e
1e+
000.e
abc
--2
1.2.3
1e
1e-
0e
1ee2
.
1ee2
e10
abc
000.e
++1
1ee2
000.e
--2
-
++1
+
1.2.3
1.2.3
1e-
+
+
1ee2
abc
+
0e
1.2.3
000.e
-
1e+
000.e
e10
0e
1ee2
000.e
abc
1.2.3
.
1.2.3
1e
+
1e-
1e+
1ee2
--2
++1
++1
1.2.3
1ee2
++1
1e+
000.e
1e+
1e+
0e
000.e
1e-
+
abc
-
e10
000.e
-
++1
abc
--2
e10
.
1e-
abc
abc
1e-
e10
000.e
abc
1e
1.2.3
1ee2
1ee2
-
--2
+
--2
1e-
--2
1e
e10
1e
1ee2
1e
000.e
e10
1ee2
1e-
--2
1e+
000.e
.
1.2.3
1e
1ee2
1e
--2
abc
1e
.
1e
000.e
.
1.2.3
abc
1e-
+
-
1ee2
1e+
.
1ee2
+
--2
+
abc
1e-
-
abc
-
0e
1ee2
1ee2
1ee2
1e+
+
1.2.3
000.e
1e
1.2.3
1ee2
1ee2
abc
1e+
1ee2
+
1e-
--2
1e
1e-
1.2.3
+
++1
1e+
1e
000.e
.
+
abc
1e
1e
1e
1ee2
1e-
++1
e10
++1
++1
+
1.2.3
1e-
abc
+
1.2.3
--2
-
++1
-
-
1ee2
1ee2
abc
0e
-
0e
1e+
1e
1e+
1.2.3
1.2.3
.
1e
1e-
+
1ee2
1ee2
1.2.3
.
--2
1e-
1.2.3
1ee2
.
000.e
1e
1e
++1
.
0e
1e+
1e-
000.e
.
000.e
0e
1.2.3
1.2.3
0e
-
1e
1.2.3
1ee2
e10
0e
+
1e+
1ee2
++1
e10
1.2.3
000.e
abc
0e
1e+
1ee2
--2
e10
1e-
++1
--2
0e
1ee2
abc
1e+
e10
0e
1.2.3
1.2.3
1ee2
e10
1e-
e10
1ee2
++1
1ee2
abc
+
1e
1e
--2
-
++1
1.2.3
+
e10
000.e
-
-
e10
1ee2
--2
++1
1e
1e-
1ee2
++1
.
+
-
0e
1.2.3
1e-
abc
-
-
1e+
e10
1ee2
1ee2
1.2.3
0e
0e
0e
1e
1e+
1.2.3
++1
1e
1e
e10
abc
abc
.
1e-
e10
++1
--2
1e+
+
1.2.3
+
1.2.3
++1
1e
1e-
0e
1.2.3
1.2.3
1e
1e
--2
1e
e10
+
+
0e
1.2.3
.
--2
++1
--2
++1
1ee2
1e-
1.2.3
1.2.3
--2
abc
e10
--2
1.2.3
0e
1.2.3
000.e
-
--2
0e
1.2.3
1e
e10
+
e10
1ee2
++1
1e+
--2
abc
e10
000.e
0e
abc
0e
e10
abc
1e
1e+
+
1e-
000.e
1e+
1ee2
abc
--2
000.e
.
1.2.3
e10
0e
-
000.e
--2
.
--2
+
e10
-
-
1e+
000.e
e10
1e
0e
-
.
++1
1.2.3
1e+
.
000.e
1e
+
0e
1e+
e10
++1
e10
000.e
--2
.
1.2.3
e10
++1
1.2.3
1e
1.2.3
++1
++1
1e+
1ee2
1ee2
1ee2
++1
-
000.e
1ee2
1e-
++1
1.2.3
1.2.3
0e
--2
1e
++1
0e
-
1.2.3
1e+
1.2.3
1.2.3
1e-
+
000.e
1e
1e+
000.e
000.e
++1
--2
1.2.3
1ee2
1e
1.2.3
.
-
-
1e+
+
--2
0e
-
0e
000.e
.
--2
+
1.2.3
1ee2
000.e
++1
e10
1e+
1e+
+
0e
1e+
--2
--2
1e-
1e+
1e
++1
1e
1.2.3
++1
1e-
--2
000.e
000.e
1e+
abc
1ee2
-
0e
1e-
abc
.
000.e
.
--2
--2
000.e
abc
-
0e
0e
000.e
++1
0e
1e-
abc
0e
++1
abc
1e+
+
0e
--2
1e
.
abc
++1
000.e
abc
1e-
-
+
1ee2
++1
1e+
000.e
abc
+
000.e
000.e
-
-
.
1.2.3
--2
e10
1ee2
000.e
+
1ee2
1ee2
1.2.3
1e+
000.e
0e
-
0e
-
1ee2
000.e
1.2.3
1ee2
+
1e-
000.e
abc
1e+
0e
1e-
0e
1ee2
0e
+
.
1e+
+
e10
000.e
e10
abc
1e-
1e+
++1
++1
1ee2
000.e
e10
.
1e+
-
e10
1e
.
1e-
1ee2
1.2.3
1.2.3
000.e
1.2.3
--2
000.e
.
1ee2
1e
1ee2
++1
1ee2
1e+
--2
0e
1ee2
abc
1e
000.e
1e-
.
-
1e+
1e-
-
1e-
1e+
1ee2
000.e
abc
-
e10
e10
1.2.3
1e
e10
+
-
1ee2
1e
+
1e+
--2
000.e
e10
1.2.3
1e-
-
.
+
e10
+
++1
+
.
e10
1ee2
1e+
+
.
abc
1ee2
+
.
e10
1ee2
--2
000.e
+
--2
1e-
1e
.
000.e
e10
1e+
1e-
1.2.3
1ee2
-
1e
e10
000.e
1ee2
1ee2
1.2.3
1e+
-
abc
000.e
--2
0e
e10
.
0e
1e
1e-
0e
000.e
0e
-
e10
0e
000.e
0e
+
-
0e
-
.
+
000.e
++1
1ee2
.
.
-
.
e10
.
+
+
1e+
1.2.3
++1
--2
1ee2
1ee2
1e+
+
000.e
-
++1
1e-
abc
++1
--2
000.e
1.2.3
--2
1ee2
++1
abc
000.e
000.e
1e+
1ee2
.
1.2.3
000.e
000.e
1e+
--2
1e+
1.2.3
-
.
1ee2
000.e
1ee2
++1
1.2.3
0e
-
1e-
e10
+
abc
-
abc
1.2.3
1e-
1e-
e10
.
--2
e10
.
1e-
000.e
++1
1e+
1ee2
1ee2
1ee2
e10
abc
+
1e-
abc
1ee2
1e-
-
1.2.3
--2
0e
1.2.3
-
1e
0e
1ee2
e10
1e+
.
1e
--2
+
1ee2
abc
1e+
.
1e
.
0e
000.e
1e+
1e
000.e
abc
abc
1.2.3
.
1.2.3
1e-
000.e
++1
1ee2
e10
1e-
++1
++1
+
1e+
.
0e
1e
--2
e10
abc
000.e
1e-
++1
++1
+
--2
1e-
1e-
abc
--2
1e
1e+
--2
--2
abc
++1
1e
0e
1ee2
000.e
1ee2
000.e
+
+
1e
1ee2
abc
1.2.3
0e
1ee2
1e+
.
--2
1.2.3
--2
abc
-
e10
1e
1.2.3
1e
1.2.3
1ee2
++1
++1
e10
abc
1e-
++1
1e-
++1
abc
abc
--2
+
abc
e10
000.e
000.e
-
++1
.
0e
--2
.
1e-
1.2.3
1ee2
++1
.
abc
++1
1e-
1e+
1.2.3
abc
1ee2
1.2.3
000.e
e10
++1
--2
-
1e-
1e+
abc
1e+
abc
abc
000.e
abc
1e-
.
-
--2
.
-
+
-
e10
+
-
1e+
1ee2
--2
1e-
.
e10
-
--2
abc
+
++1
000.e
abc
.
++1
abc
0e
.
1e
1.2.3
0e
++1
-
1e+
1.2.3
-
.
000.e
e10
1ee2
0e
++1
000.e
0e
1.2.3
000.e
1e
1e
1e-
1e
1e-
1.2.3
e10
--2
1.2.3
--2
1ee2
1e-
1e
1e+
1e
1ee2
-
--2
+
1ee2
e10
1e+
-
--2
--2
--2
1e-
abc
000.e
+
0e
1e+
--2
1.2.3
++1
--2
1e
1ee2
++1
1e+
--2
-
abc
e10
1e-
0e
--2
abc
1e+
1e-
0e
++1
e10
+
000.e
-
+
++1
.
abc
000.e
1.2.3
0e
++1
000.e
000.e
e10
--2
+
0e
1ee2
000.e
abc
1e
+
e10
1ee2
++1
--2
000.e
1ee2
000.e
-
--2
-
1.2.3
000.e
abc
e10
1ee2
1.2.3
1e
1.2.3
1.2.3
e10
.
1e-
abc
1.2.3
1ee2
-
++1
-
000.e
++1
+
1e
1e+
++1
.
0e
1.2.3
e10
1e+
e10
000.e
--2
1e-
-
+
abc
1e-
-
.
.
1.2.3
1.2.3
1e-
0e
abc
-
1e-
0e
-
0e
1e-
abc
+
1ee2
1e
0e
1e-
1e+
000.e
++1
1ee2
.
abc
++1
+
1e+
1ee2
0e
1e-
1e
.
1e
--2
++1
.
1.2.3
.
.
1e+
1e+
000.e
+
1ee2
--2
++1
.
.
1e-
1e
+
.
-
++1
1ee2
000.e
000.e
-
0e
e10
-
1e-
e10
000.e
++1
--2
0e
abc
--2
--2
++1
++1
0e
1e+
e10
000.e
e10
e10
0e
--2
--2
1.2.3
000.e
-
++1
.
1e
+
1e-
--2
-
0e
1e+
-
--2
1e+
-
e10
--2
1e
abc
--2
0e
e10
e10
.
++1
++1
abc
+
abc
--2
1ee2
++1
--2
-
e10
1e
+
e10
--2
1ee2
abc
--2
.
000.e
0e
++1
1.2.3
000.e
-
-
abc
abc
1e+
1e
1.2.3
abc
abc
1ee2
.
abc
0e
--2
0e
e10
000.e
.
e10
abc
1ee2
.
--2
1e-
1e+
1ee2
--2
1e+
.
0e
e10
0e
--2
-
1ee2
1e-
000.e
1e-
++1
+
1e+
-
.
--2
1e+
1.2.3
1e+
1e-
++1
1e
1.2.3
000.e
1e+
1e-
1e+
.
000.e
-
1ee2
1e
1e
1e+
-
--2
e10
1e
+
1.2.3
++1
+
abc
000.e
1.2.3
--2
1e+
-
++1
-
1ee2
0e
1e
0e
--2
1ee2
1ee2
000.e
0e
0e
000.e
--2
1ee2
1e+
.
0e
e10
1e
-
1e+
000.e
1e
1ee2
+
e10
++1
--2
1e-
1e
abc
1ee2
1ee2
000.e
-
1e
000.e
abc
1.2.3
.
000.e
1e
1e+
abc
0e
1e-
+
.
1e
000.e
0e
-
++1
--2
--2
1.2.3
0e
000.e
e10
0e
--2
.
e10
.
.
1e
1ee2
e10
++1
1ee2
000.e
abc
.
1e
0e
++1
--2
0e
000.e
1ee2
--2
1.2.3
1e-
-
e10
e10
abc
abc
1e
000.e
1e
e10
1e+
1.2.3
.
abc
1e+
.
+
e10
.
e10
--2
--2
--2
000.e
.
-
1e
1e
e10
1ee2
000.e
1e+
1e+
-
1.2.3
.
abc
.
e10
1e
0e
e10
--2
1ee2
--2
abc
1e-
0e
--2
e10
1.2.3
--2
1ee2
1ee2
1e
1.2.3
.
1e
1.2.3
+
1e
1e+
1e
.
1e-
1e+
1e+
000.e
000.e
-
000.e
1e-
abc
--2
1e+
.
1e-
++1
1ee2
abc
abc
0e
1ee2
.
++1
1e-
0e
1e-
1e-
1e
1e+
e10
000.e
1ee2
1e+
000.e
1ee2
1e+
1e
1e-
--2
+
++1
+
1e-
-
-
abc
.
.
-
-
--2
1e-
1ee2
1ee2
+
1e
000.e
+
--2
.
1ee2
1.2.3
--2
000.e
1e
1ee2
000.e
000.e
0e
0e
1ee2
e10
++1
abc
1e
+
.
000.e
e10
e10
++1
++1
000.e
1e+
1e+
1ee2
e10
1e
++1
e10
000.e
.
1e
abc
1e+
1e+
1ee2
e10
-
1ee2
1e
1e
1e
abc
1e-
e10
1.2.3
0e
++1
000.e
.
1e
1.2.3
abc
1e-
1e
abc
1e+
.
1.2.3
--2
--2
1.2.3
0e
000.e
--2
0e
.
1e
0e
1.2.3
000.e
e10
+
--2
.
1e+
1ee2
0e
++1
0e
1ee2
1ee2
+
-
1e
.
1.2.3
e10
1e-
abc
e10
-
e10
++1
1e-
1e-
000.e
e10
++1
1e-
++1
1.2.3
1e+
-
.
--2
1e-
1e
0e
e10
abc
000.e
1e
++1
e10
1e
abc
abc
1ee2
1.2.3
0e
1e
1ee2
--2
abc
+
abc
++1
1ee2
1e+
0e
000.e
e10
1ee2
+
-
1e+
.
+
1e
0e
0e
1e+
1e
1e-
1ee2
+
1e
1e
1ee2
1ee2
1e-
++1
abc
++1
1e
000.e
abc
.
+
1e
1e+
abc
++1
1.2.3
++1
.
.
1e
--2
++1
1.2.3
1e
0e
e10
+
1e+
1ee2
-
000.e
-
--2
e10
1ee2
--2
++1
-
+
+
1ee2
1e-
abc
.
000.e
-
e10
-
.
1e
1.2.3
1.2.3
1.2.3
++1
-
0e
1ee2
-
++1
.
1e-
1e+
1e+
.
e10
1.2.3
1e-
e10
--2
.
000.e
1e-
+
0e
1.2.3
-
++1
.
000.e
--2
1e-
--2
1e+
000.e
+
--2
+
abc
1.2.3
1e+
abc
0e
+
1e-
e10
-
1.2.3
+
-
1e-
-
1.2.3
1.2.3
.
1e-
1ee2
.
1e
--2
1e
-
000.e
1e-
0e
+
1e+
++1
1e-
000.e
1e
.
000.e
e10
1e
000.e
0e
++1
0e
-
0e
1e+
1.2.3
1e+
+
-
1e
1e
1e-
000.e
1e-
+
+
++1
-
-
1ee2
0e
000.e
.
+
e10
1e
+
e10
1.2.3
e10
abc
-
0e
1.2.3
+
+
++1
1ee2
1.2.3
e10
0e
+
1e-
e10
0e
e10
1e
-
-
--2
e10
1e
++1
--2
++1
++1
000.e
.
abc
-
+
+
-
1.2.3
--2
0e
000.e
1e-
+
e10
abc
1e-
1ee2
--2
++1
abc
-
e10
000.e
e10
abc
0e
abc
e10
1.2.3
++1
abc
1ee2
1.2.3
.
1e
1e+
1e
1ee2
1e-
--2
1e+
0e
1.2.3
1.2.3
1.2.3
000.e
.
0e
1.2.3
1e+
.
1e
000.e
1e-
1ee2
000.e
-
e10
--2
1.2.3
1e+
abc
abc
0e
e10
000.e
1e-
.
+
--2
1e-
0e
1ee2
1e+
e10
--2
1ee2
1.2.3
-
abc
e10
000.e
1ee2
000.e
1ee2
abc
000.e
1e
000.e
1ee2
++1
1e-
-
-
000.e
1.2.3
1e-
+
1e-
1e
1e
0e
+
1e+
-
abc
1e+
abc
abc
1ee2
.
1.2.3
1.2.3
1e-
1e-
--2
1e
000.e
000.e
--2
.
.
abc
--2
0e
abc
+
000.e
0e
--2
++1
1.2.3
e10
1e+
-
.
.
-
1e+
1e-
+
1e
abc
1e
--2
1e-
1e
.
1e-
++1
-
--2
abc
1e+
1e-
-
++1
-
000.e
--2
abc
e10
1e+
1ee2
+
1e-
1ee2
1e
+
1.2.3
--2
+
e10
1e+
+
1e
abc
000.e
--2
-
1ee2
000.e
1ee2
abc
-
1e
e10
--2
1e+
abc
e10
0e
.
0e
1e-
e10
+
abc
e10
1e
e10
1.2.3
1.2.3
000.e
1e
1ee2
++1
1e+
1e+
1.2.3
abc
1.2.3
1e-
+
+
000.e
++1
+
.
+
abc
1.2.3
abc
1e+
1ee2
1.2.3
1.2.3
e10
1e-
-
000.e
1e
1ee2
-
1e
.
0e
1e-
1e
000.e
1e
1e-
abc
.
1e+
++1
--2
1e-
--2
e10
1.2.3
e10
+
1e
1e-
-
1e+
e10
+
1.2.3
000.e
--2
1.2.3
0e
0e
1e+
1e-
abc
1ee2
1.2.3
.
++1
.
++1
0e
abc
--2
1e
1e
++1
.
1e-
+
.
1.2.3
++1
0e
1e
1e+
e10
0e
-
abc
1.2.3
++1
000.e
1e-
-
1.2.3
++1
++1
1ee2
--2
.
1e+
--2
1ee2
000.e
--2
1e
0e
e10
1.2.3
000.e
1e-
000.e
0e
--2
.
++1
1e
1e-
+
1ee2
1ee2
000.e
1e
1e
000.e
1e+
1ee2
++1
1ee2
+
abc
1e-
1.2.3
abc
1e
000.e
1.2.3
1.2.3
1e+
abc
1.2.3
0e
e10
-
1.2.3
1ee2
++1
--2
abc
+
++1
--2
e10
.
-
000.e
-
000.e
--2
e10
e10
1e+
++1
000.e
e10
1e-
000.e
1e-
abc
+
1.2.3
.
-
000.e
+
++1
.
e10
-
+
1e+
.
1e-
e10
.
++1
+
abc
abc
-
--2
1e
++1
+
+
--2
1e+
1e-
000.e
0e
0e
0e
e10
1e
000.e
--2
abc
0e
abc
1e+
1e+
-
abc
--2
++1
+
e10
++1
000.e
--2
e10
-
1ee2
1e
e10
1e-
e10
000.e
1ee2
1e+
abc
1.2.3
1e-
000.e
abc
+
.
1ee2
1.2.3
.
0e
1e-
.
.
0e
abc
.
1ee2
+
1e-
-
.
1e-
000.e
1.2.3
1ee2
-
1e
1e+
000.e
--2
e10
1e
+
000.e
+
++1
.
++1
000.e
-
abc
abc
1.2.3
1e+
.
000.e
1e+
++1
+
0e
--2
--2
1e
000.e
1e
1e
--2
e10
+
0e
e10
++1
-
0e
1e+
abc
++1
1.2.3
000.e
1ee2
abc
--2
abc
++1
abc
e10
1e
1e
++1
abc
0e
0e
.
1e
e10
0e
1e-
.
1ee2
1e
e10
0e
+
+
-
1e-
+
1e-
--2
.
-
1e
1e
--2
++1
abc
--2
abc
abc
1ee2
0e
-
000.e
++1
e10
-
abc
1e+
.
1e+
000.e
+
e10
1.2.3
1.2.3
1ee2
.
--2
000.e
1.2.3
0e
e10
abc
+
1e
1e+
+
abc
e10
+
1ee2
0e
-
000.e
+
+
.
+
--2
1.2.3
0e
.
.
1e-
0e
++1
--2
e10
000.e
+
1e+
000.e
1.2.3
0e
--2
e10
1e-
0e
000.e
0e
-
-
--2
1e-
++1
abc
+
--2
1e-
abc
1e+
1e+
e10
0e
0e
1e-
--2
1.2.3
1e
1e-
1ee2
1ee2
1e+
++1
1e
abc
abc
--2
++1
-
1ee2
++1
1e
1e
1e-
1e
abc
1ee2
++1
--2
1e+
1e+
-
1e+
1e+
.
0e
1e+
.
1ee2
1e-
--2
1e
1ee2
000.e
1e-
1.2.3
++1
--2
1e+
++1
000.e
1ee2
-
1e+
1.2.3
+
0e
000.e
000.e
-
.
1e
abc
0e
1e-
.
e10
-
0e
.
++1
+
++1
1ee2
0e
-
abc
1.2.3
1ee2
1ee2
++1
.
1e-
e10
.
+
-
1ee2
e10
0e
.
1e
e10
1e+
1.2.3
1e
1e+
1ee2
--2
+
e10
e10
1e-
+
--2
0e
e10
1e
1e-
-
1e
1ee2
1ee2
.
.
1e-
++1
abc
abc
--2
1e+
0e
--2
abc
1e
++1
e10
++1
++1
1ee2
0e
e10
1.2.3
000.e
1e
1e+
--2
1.2.3
.
++1
.
1e
-
abc
--2
e10
--2
--2
.
1ee2
000.e
abc
000.e
-
-
000.e
1e+
1e
e10
1.2.3
1.2.3
abc
e10
1e
e10
1.2.3
1e+
1e
1ee2
1ee2
1.2.3
+
e10
1e
1e+
.
e10
000.e
1.2.3
e10
1e-
abc
1e
1.2.3
0e
1.2.3
++1
1e
abc
++1
1ee2
++1
0e
++1
000.e
-
++1
--2
-
++1
abc
-
.
000.e
1ee2
1ee2
++1
1e+
000.e
--2
--2
--2
1.2.3
1e
1ee2
-
.
0e
1.2.3
-
+
++1
0e
.
0e
1ee2
1e
1e-
1e-
1.2.3
000.e
0e
1e+
+
-
000.e
++1
1e
+
1e
000.e
1e+
0e
+
0e
abc
++1
1.2.3
.
1ee2
+
e10
e10
0e
--2
++1
000.e
abc
-
.
000.e
e10
e10
abc
--2
--2
-
1e+
--2
.
000.e
--2
e10
--2
1e-
e10
--2
++1
1e-
abc
1ee2
abc
1e-
+
e10
-
1e+
1e-
1e+
e10
000.e
1e
--2
--2
++1
abc
1ee2
000.e
000.e
1ee2
--2
--2
abc
e10
+
1ee2
.
.
1e-
.
1.2.3
-
0e
++1
1ee2
++1
++1
1e-
1ee2
+
++1
++1
+
--2
1e-
e10
1e-
.
.
.
1.2.3
1e+
1ee2
1e-
1ee2
+
1.2.3
1e-
--2
--2
++1
000.e
1.2.3
1.2.3
1.2.3
1ee2
0e
1ee2
1e
1e-
.
-
-
++1
1e+
1e+
.
.
++1
+
000.e
--2
-
++1
1e-
0e
-
1e-
0e
++1
1e-
1e+
0e
abc
1e+
1e
.
1.2.3
++1
1e
-
1ee2
1.2.3
0e
1e+
1.2.3
1ee2
1e-
000.e
-
1e-
1ee2
0e
++1
--2
abc
e10
000.e
--2
+
.
e10
-
--2
-
+
.
.
-
++1
--2
-
--2
-
1.2.3
-
-
1e-
1ee2
abc
abc
abc
++1
1ee2
.
0e
-
000.e
1e-
000.e
++1
000.e
1e-
000.e
+
abc
000.e
--2
.
0e
1e
1e+
0e
1.2.3
++1
000.e
.
1.2.3
.
000.e
0e
e10
+
1e+
-
--2
1.2.3
--2
e10
1.2.3
1e
+
1e-
.
abc
1ee2
1e
0e
1.2.3
.
abc
abc
1e-
0e
0e
1e+
1ee2
000.e
e10
++1
-
+
--2
abc
++1
--2
+
1e+
1e-
1e
1ee2
.
1e
1e
1e
0e
++1
1e
--2
0e
1ee2
0e
++1
--2
+
1.2.3
1e
1e
1e-
-
0e
000.e
0e
1e
1e-
.
--2
abc
++1
1ee2
000.e
0e
++1
000.e
1ee2
e10
1ee2
e10
1e-
-
000.e
1e-
++1
000.e
1e
-
e10
0e
-
1.2.3
1e
1e-
+
1ee2
+
+
.
.
1e
+
000.e
abc
--2
0e
1e+
.
.
--2
.
-
000.e
++1
.
0e
0e
1e
1e-
1e
1.2.3
+
000.e
1e+
-
000.e
.
1e
0e
1e-
0e
.
-
1.2.3
-
1ee2
1e-
1ee2
1e-
-
++1
1e+
000.e
1.2.3
++1
1ee2
abc
-
+
000.e
-
e10
1e+
++1
1e+
++1
0e
1e+
0e
++1
e10
e10
000.e
1.2.3
-
0e
000.e
1.2.3
++1
++1
1e-
000.e
0e
1e
-
1e+
+
1e-
++1
1ee2
1e+
++1
e10
+
++1
++1
+
-
abc
--2
abc
-
--2
-
1e
1ee2
1e
++1
000.e
abc
000.e
abc
abc
++1
1ee2
1ee2
++1
+
0e
e10
0e
--2
1ee2
+
1e
000.e
1e
1e-
.
--2
1.2.3
0e
++1
++1
.
abc
-
e10
1e-
0e
+
000.e
-
1e-
1e
1.2.3
--2
1e
1ee2
abc
abc
1ee2
abc
-
e10
.
-
.
+
1ee2
0e
1.2.3
-
1ee2
--2
1e+
-
-
-
.
e10
abc
1.2.3
--2
+
1ee2
1e+
e10
++1
1e
1e
000.e
abc
+
1.2.3
e10
abc
000.e
abc
.
000.e
1ee2
1e
1e
1e
+
0e
++1
000.e
e10
-
abc
-
1e-
1e
e10
.
.
000.e
1e+
++1
e10
000.e
1e
000.e
1ee2
1e
abc
1e
000.e
-
1ee2
1ee2
abc
++1
1e
1e+
1.2.3
e10
-
.
000.e
e10
e10
abc
abc
--2
1e
1e-
1ee2
--2
++1
e10
1e
000.e
1ee2
1e+
++1
--2
++1
++1
1.2.3
1e
000.e
abc
1.2.3
1e+
1e
.
+
1.2.3
++1
1.2.3
1e+
-
1e+
++1
--2
1e
++1
000.e
++1
1e+
+
+
000.e
+
1.2.3
++1
000.e
--2
1ee2
1.2.3
--2
1e
abc
1e-
abc
++1
1ee2
000.e
abc
+
1ee2
.
.
e10
+
.
000.e
1e+
-
+
000.e
000.e
1e+
1e-
-
+
e10
000.e
1e+
.
1e+
000.e
1e-
1.2.3
abc
e10
1e-
abc
1e-
e10
0e
1ee2
1e
e10
1ee2
++1
1e-
.
1e
abc
.
1e+
1e
.
e10
+
1.2.3
e10
--2
1.2.3
e10
abc
abc
1e+
1ee2
000.e
++1
1.2.3
1.2.3
1e+
e10
++1
-
1e
1e+
+
.
1ee2
++1
0e
1ee2
-
++1
0e
1e+
000.e
--2
1e+
1e-
0e
1e+
.
1e+
abc
abc
1e-
0e
--2
-
1e
++1
+
1e+
abc
+
abc
++1
1ee2
+
000.e
abc
1ee2
1ee2
0e
000.e
0e
abc
1e
e10
1e-
+
abc
.
--2
e10
1e-
1ee2
abc
1e-
++1
1e-
1.2.3
1e-
1e+
1e-
.
++1
1e+
+
000.e
e10
+
1ee2
.
.
1.2.3
abc
abc
+
+
-
.
++1
1e
000.e
000.e
000.e
1.2.3
000.e
1e+
-
000.e
0e
abc
1ee2
1e-
.
e10
abc
0e
.
1ee2
000.e
1ee2
1.2.3
1e-
0e
++1
--2
+
++1
+
1e
000.e
abc
1e-
0e
0e
e10
000.e
0e
1ee2
-
1ee2
000.e
000.e
abc
abc
000.e
abc
1e
1e
-
abc
1e-
--2
1e+
1.2.3
1e+
0e
.
e10
-
.
1ee2
+
abc
-
1e+
1e+
++1
0e
abc
1e-
1ee2
000.e
abc
1ee2
1ee2
1.2.3
0e
000.e
1e+
1e-
1e
1e-
000.e
1.2.3
-
1e
-
1.2.3
0e
1ee2
1e
1e-
abc
.
000.e
1e+
-
1e+
1e+
--2
+
000.e
1.2.3
.
+
.
1ee2
1e
1e-
1e
-
.
--2
--2
0e
1e-
++1
1e-
.
++1
+
++1
1e-
abc
-
0e
1e-
+
1e+
++1
abc
1e
1ee2
1ee2
+
-
1e
--2
1ee2
000.e
000.e
1.2.3
1.2.3
1e
.
1ee2
0e
1e
1ee2
.
1e-
+
+
1.2.3
1ee2
1e
1ee2
abc
+
.
1e
1e+
-
abc
--2
.
++1
e10
.
abc
--2
1ee2
1e+
000.e
1ee2
1e-
1ee2
.
0e
1e-
1e+
abc
e10
-
.
0e
++1
1e
000.e
+
--2
--2
1e+
abc
1e+
-
abc
1.2.3
+
--2
1ee2
0e
.
1e-
e10
++1
0e
1e
--2
1e+
0e
000.e
abc
++1
1ee2
1e+
1ee2
--2
-
0e
000.e
+
-
.
abc
1e
-
.
++1
.
--2
+
1e
++1
000.e
1e-
--2
1e-
1e-
1.2.3
-
1.2.3
e10
0e
0e
.
abc
1e-
1ee2
++1
1.2.3
1e
-
--2
e10
000.e
1e-
+
1.2.3
.
000.e
abc
++1
abc
abc
++1
1e+
1e+
1e-
1ee2
1e-
1e-
+
000.e
-
++1
abc
000.e
1e
0e
0e
++1
1.2.3
abc
.
000.e
--2
.
-
++1
abc
+
-
000.e
++1
abc
1.2.3
+
+
--2
--2
.
1e+
e10
++1
000.e
--2
abc
1e-
1.2.3
1e+
+
++1
e10
e10
1e
1e-
0e
1e+
1e-
++1
000.e
--2
000.e
++1
000.e
+
--2
-
1ee2
1ee2
1e-
1ee2
--2
--2
.
+
000.e
--2
e10
--2
++1
1e+
++1
1ee2
1e+
++1
++1
1.2.3
--2
+
1ee2
1.2.3
e10
0e
.
1e
1.2.3
.
abc
1e-
+
e10
1ee2
0e
000.e
1.2.3
000.e
1ee2
++1
-
+
1e
1e-
+
-
+
1e+
+
abc
--2
--2
1e
-
0e
--2
000.e
1e
1e+
abc
+
1e+
e10
.
1ee2
-
e10
1e+
e10
1e-
0e
e10
+
1e-
1e
.
.
--2
1.2.3
++1
1.2.3
.
1e
1ee2
0e
.
+
e10
abc
--2
0e
0e
1e
e10
0e
1e
1ee2
-
.
1e
000.e
.
0e
.
000.e
-
1e-
1e+
e10
+
1e+
++1
-
++1
.
+
0e
.
0e
.
000.e
1e-
0e
000.e
--2
1.2.3
000.e
.
1e-
1e-
000.e
-
1e-
-
+
++1
+
1.2.3
1.2.3
--2
1e+
-
++1
1e
abc
1e+
++1
1.2.3
+
1e-
-
1ee2
000.e
e10
1e
--2
000.e
000.e
+
e10
++1
1.2.3
1e
--2
1ee2
++1
.
-
-
1e+
1ee2
1e+
1e
1.2.3
+
++1
1ee2
e10
abc
1e
-
e10
1ee2
1.2.3
0e
.
0e
1e
000.e
0e
abc
1e-
.
000.e
1e-
1e-
++1
1ee2
+
abc
1.2.3
1.2.3
abc
1.2.3
1e
1e+
1e
000.e
abc
abc
1e-
.
1ee2
1e-
1e+
.
1e+
.
+
1.2.3
--2
++1
.
--2
.
.
1e-
1ee2
e10
+
1e+
--2
0e
1ee2
abc
1e+
abc
++1
+
+
+
000.e
-
1ee2
1ee2
-
abc
1ee2
.
1e+
1e+
.
+
1.2.3
e10
+
0e
1e
++1
1e
e10
e10
0e
000.e
--2
1ee2
0e
000.e
1ee2
++1
1e+
.
0e
1e+
0e
--2
++1
1e-
1e
+
--2
-
1e+
0e
1.2.3
1e
000.e
1e
.
1e
1e
1e-
1e+
000.e
1e
1ee2
+
000.e
e10
-
1e
-
e10
1e
abc
-
e10
e10
1e
1.2.3
abc
.
1e+
1e
1.2.3
e10
abc
1e+
1e-
++1
-
+
0e
1e-
abc
1ee2
--2
000.e
-
.
e10
1e-
+
.
++1
0e
-
-
1ee2
1e+
--2
+
000.e
+
1e+
1e+
-
0e
1e-
1e+
-
++1
abc
1.2.3
abc
1e+
1.2.3
1e-
+
1e-
1e
0e
1ee2
++1
1ee2
1e-
+
+
-
1e-
1e+
1e-
++1
.
-
1e-
--2
++1
1e
1e+
abc
0e
e10
++1
1e+
1e+
1e-
++1
1e
abc
1e-
.
0e
1e
++1
-
1.2.3
abc
1.2.3
1ee2
--2
1e-
.
abc
.
+
1e-
000.e
++1
--2
1e-
.
--2
++1
.
0e
.
0e
abc
++1
0e
1e-
-
1e-
1.2.3
e10
++1
0e
1ee2
-
+
1.2.3
+
1e
1ee2
e10
abc
+
1ee2
--2
++1
++1
000.e
-
1e+
+
0e
e10
.
++1
1.2.3
-
+
1e+
1e-
000.e
+
.
.
000.e
--2
1e-
1e+
++1
++1
--2
0e
-
1e
.
+
0e
++1
e10
.
+
1e+
1e-
1ee2
1e-
1ee2
-
000.e
.
0e
000.e
-
0e
e10
+
++1
.
++1
0e
1e-
++1
-
+
1e+
1ee2
.
.
1.2.3
++1
abc
0e
++1
abc
1e-
1.2.3
000.e
.
1e+
++1
+
000.e
abc
abc
++1
-
--2
1e-
--2
e10
1.2.3
abc
+
+
0e
e10
000.e
++1
abc
1e
1e+
1e-
1ee2
1e-
--2
--2
.
+
e10
1.2.3
e10
--2
1ee2
+
-
0e
1e+
--2
+
1e-
e10
1ee2
-
abc
++1
-
++1
1e-
1.2.3
+
1ee2
e10
+
-
--2
1e
++1
-
.
.
--2
1e-
+
--2
1ee2
.
0e
e10
e10
.
1.2.3
e10
-
1e+
+
1ee2
.
e10
1e+
1.2.3
0e
abc
0e
1e+
-
1e+
1ee2
--2
++1
e10
0e
1e+
1e+
1e+
000.e
1e-
0e
1e-
-
e10
++1
abc
0e
1e
1e+
.
+
1e-
--2
++1
0e
000.e
+
+
e10
.
++1
e10
0e
--2
+
1e
e10
++1
--2
.
--2
1e+
+
1e-
.
abc
1ee2
000.e
1e+
1ee2
--2
-
+
000.e
+
0e
000.e
0e
++1
0e
000.e
1e
e10
1e+
0e
--2
--2
-
1ee2
abc
1ee2
++1
1e-
1e-
+
000.e
1e
abc
abc
1e
1ee2
1ee2
1ee2
++1
000.e
e10
000.e
++1
-
e10
+
--2
1.2.3
1e+
.
++1
abc
+
+
1e+
--2
++1
1e
--2
1e+
1ee2
1.2.3
.
--2
--2
1e+
e10
abc
1ee2
1e+
0e
e10
abc
0e
-
1.2.3
1e+
1.2.3
e10
+
0e
abc
-
+
-
--2
e10
+
1.2.3
000.e
+
1e-
++1
e10
1e
.
1e-
1e+
e10
1e-
.
1e
1.2.3
1.2.3
.
abc
--2
0e
e10
1e-
1e
abc
1e-
--2
e10
000.e
1e
1ee2
+
--2
-
+
1e+
1.2.3
1.2.3
--2
0e
1e+
000.e
1.2.3
0e
-
1e
.
e10
++1
e10
1e+
abc
++1
-
abc
.
0e
e10
1e
--2
.
-
1e-
0e
-
e10
1e-
abc
1.2.3
--2
-
1e+
000.e
+
1e
0e
-
--2
.
.
1e+
e10
.
--2
++1
1.2.3
1e+
.
1e-
--2
1e
1e
1e+
1e
1e
e10
1e
0e
abc
++1
--2
+
1e-
abc
-
--2
+
+
.
1.2.3
-
+
e10
-
0e
0e
.
+
e10
--2
1ee2
++1
+
e10
.
.
+
000.e
1e+
+
1e
1e
1ee2
--2
--2
1ee2
+
.
0e
--2
1.2.3
000.e
0e
1e-
1ee2
1e+
++1
0e
1.2.3
--2
+
1e
1e+
1ee2
.
abc
e10
1e+
-
abc
+
1e
--2
++1
-
abc
++1
e10
1.2.3
0e
1e-
.
.
1e
++1
++1
0e
1ee2
++1
abc
e10
0e
1ee2
1e
1.2.3
1.2.3
1ee2
++1
1e-
abc
1ee2
000.e
1e+
1ee2
000.e
e10
+
1e+
++1
1e+
1e-
--2
+
--2
1e
000.e
-
000.e
--2
1ee2
1e+
abc
1ee2
1e+
1.2.3
++1
-
e10
1ee2
1e
1e-
++1
1e+
1.2.3
0e
e10
abc
1e
1e
1ee2
abc
-
+
1.2.3
++1
0e
+
000.e
0e
1e+
-
1ee2
++1
.
++1
-
1e+
--2
-
1.2.3
-
000.e
1e+
abc
-
.
++1
0e
--2
1ee2
e10
abc
.
0e
+
1.2.3
--2
+
0e
+
1e
000.e
1.2.3
1e-
+
abc
--2
e10
000.e
.
e10
.
000.e
0e
1e
abc
1.2.3
--2
000.e
abc
++1
abc
++1
1e+
abc
1e+
.
000.e
e10
e10
-
000.e
0e
1.2.3
-
-
0e
1e-
.
--2
1e+
1.2.3
1e+
1e+
1e+
000.e
+
++1
-
++1
000.e
e10
1ee2
+
.
+
++1
abc
0e
1e
abc
++1
000.e
1ee2
.
1.2.3
.
000.e
--2
e10
000.e
1ee2
.
1.2.3
-
.
--2
++1
e10
1.2.3
1e
1e
e10
000.e
1.2.3
1e+
--2
000.e
1.2.3
1e
1e-
++1
+
1e+
1.2.3
1e+
-
1e-
1e-
1e+
1.2.3
1e
1ee2
1e+
000.e
000.e
--2
1.2.3
1e
abc
++1
1e
.
1ee2
--2
-
-
.
+
0e
e10
1ee2
000.e
.
1ee2
000.e
+
0e
1e
abc
1e+
1ee2
++1
+
1.2.3
++1
1.2.3
0e
-
.
++1
e10
+
++1
1e
.
++1
e10
1e
1e-
e10
1e
-
000.e
+
000.e
abc
e10
0e
+
000.e
++1
.
e10
000.e
1e+
1e
1e-
e10
e10
++1
0e
abc
000.e
1e+
1ee2
1e-
1.2.3
1e-
0e
0e
++1
--2
000.e
-
1e-
--2
+
1e-
0e
+
--2
000.e
1ee2
e10
abc
--2
++1
1.2.3
1ee2
-
++1
000.e
+
1ee2
1ee2
000.e
1e-
.
+
000.e
0e
--2
1.2.3
--2
1ee2
-
++1
000.e
-
--2
1.2.3
--2
+
1e
-
--2
1e
1.2.3
--2
1ee2
++1
-
1e-
1e-
1e
-
1e+
e10
000.e
++1
1e-
000.e
+
++1
1.2.3
000.e
.
0e
abc
1e+
abc
1e
1e-
e10
abc
abc
000.e
0e
+
1.2.3
abc
-
e10
.
1ee2
abc
abc
000.e
1e+
+
1e
1ee2
1e-
1e+
++1
000.e
--2
-
1.2.3
000.e
e10
1ee2
++1
++1
1e+
+
1e-
0e
e10
.
abc
+
1e-
1e+
--2
1e+
0e
.
1ee2
000.e
1ee2
1e-
1.2.3
.
e10
.
++1
.
1ee2
--2
-
.
e10
abc
e10
000.e
e10
1e+
000.e
000.e
+
abc
1e+
000.e
-
abc
1e+
++1
1e-
1ee2
.
.
e10
abc
1ee2
.
1.2.3
.
1ee2
e10
1ee2
0e
-
abc
1e-
1ee2
1e
-
+
1e+
1e
1e-
-
1e
abc
000.e
--2
0e
+
++1
1e+
0e
--2
000.e
000.e
+
1e
000.e
1ee2
.
--2
+
.
1e-
0e
e10
--2
1ee2
++1
1.2.3
-
abc
abc
1.2.3
-
1.2.3
0e
-
000.e
1e-
1ee2
0e
0e
000.e
1ee2
1e+
1ee2
-
e10
000.e
1e
1.2.3
000.e
-
1e-
abc
1e-
1e
0e
+
--2
1e-
000.e
1.2.3
1e+
1e
abc
-
+
000.e
--2
+
000.e
e10
+
++1
1e-
-
.
-
1ee2
1ee2
-
000.e
1e+
1.2.3
000.e
1ee2
0e
abc
e10
abc
+
e10
1e-
1e-
1ee2
0e
-
abc
1e+
1e-
--2
-
-
.
e10
1.2.3
++1
++1
--2
1.2.3
1e+
1e+
1e-
0e
e10
++1
+
abc
0e
-
1e
abc
1e-
abc
-
1ee2
--2
.
-
1e-
1e-
+
e10
1e+
1ee2
+
--2
1e+
--2
0e
1e-
1ee2
abc
1ee2
abc
1ee2
1e+
1e-
1e
1.2.3
0e
0e
e10
0e
+
1ee2
1e
--2
--2
1e-
1ee2
1e-
e10
--2
++1
1e
1e
+
1e+
--2
e10
1ee2
-
-
000.e
1e+
+
++1
1e+
+
000.e
0e
--2
0e
-
1e
1.2.3
0e
+
+
++1
-
1e
0e
1ee2
1e+
0e
e10
1e-
1e-
1.2.3
-
1.2.3
+
e10
1.2.3
1e
++1
--2
1e+
1ee2
1ee2
000.e
1e+
+
.
--2
++1
1ee2
1e+
1e
e10
0e
.
e10
1e
0e
abc
--2
1.2.3
0e
000.e
1e
0e
1e-
1e
000.e
+
000.e
1ee2
--2
1e+
000.e
000.e
+
0e
1.2.3
0e
1ee2
1ee2
abc
0e
+
0e
-
1.2.3
.
-
0e
000.e
.
abc
++1
0e
-
e10
1.2.3
000.e
+
.
+
1e
1e+
1e+
0e
e10
1ee2
1e+
e10
1e+
1.2.3
1e
.
1e
--2
-
.
0e
++1
.
++1
abc
1e+
-
1ee2
++1
1.2.3
1e-
1e-
.
-
+
+
-
1e+
1ee2
0e
1e+
0e
1ee2
e10
1e
1e
--2
1e+
++1
abc
1ee2
1e+
1e
1e-
1e-
1e-
--2
1e-
0e
.
0e
1.2.3
++1
.
++1
abc
abc
0e
0e
0e
e10
++1
1ee2
1e+
000.e
e10
++1
--2
.
e10
000.e
1e
.
e10
0e
abc
1e+
000.e
abc
0e
1e-
++1
e10
1e-
abc
++1
1e+
000.e
1e
--2
--2
0e
abc
abc
--2
1e+
.
000.e
1e-
-
000.e
abc
1e-
.
0e
1ee2
.
1e+
e10
-
0e
e10
-
e10
1e
--2
1e+
++1
0e
abc
1ee2
1e-
.
.
++1
1e
--2
--2
1e
1e-
0e
--2
1.2.3
--2
1e+
1ee2
+
1ee2
--2
1e-
1e-
.
1e+
1.2.3
000.e
+
e10
abc
1e
e10
--2
.
000.e
.
0e
1e-
++1
abc
1e+
abc
1e-
1e
000.e
1e
++1
-
--2
--2
++1
1e
1ee2
+
--2
abc
e10
1.2.3
.
--2
1e-
1ee2
++1
.
1ee2
1.2.3
.
1ee2
1e-
--2
-
1e-
--2
.
1.2.3
-
++1
1e
000.e
.
++1
0e
--2
1.2.3
++1
.
0e
1ee2
1e
1e+
1e
1.2.3
abc
.
1e+
000.e
++1
+
1e-
-
++1
1e+
000.e
+
0e
1e
e10
abc
-
e10
-
1.2.3
--2
0e
0e
+
e10
0e
000.e
1ee2
1ee2
1ee2
1e+
++1
1e
-
1ee2
1e-
1e+
e10
1e-
--2
abc
e10
-
++1
0e
1.2.3
-
1ee2
++1
1e
1ee2
0e
abc
abc
1e+
abc
1e
1ee2
1e+
000.e
abc
++1
000.e
1e-
-
1.2.3
1.2.3
abc
e10
1ee2
1ee2
000.e
.
1e+
--2
1e+
1e+
+
1e
++1
+
+
abc
++1
1e+
1e
e10
1ee2
1e
1e
1.2.3
abc
++1
--2
-
.
0e
.
abc
1.2.3
abc
000.e
--2
e10
.
--2
000.e
abc
abc
1e+
1.2.3
.
1ee2
+
.
.
1ee2
.
-
1ee2
e10
000.e
e10
1e
+
1e+
1e+
e10
abc
--2
1e+
1e-
1e+
e10
e10
1e-
000.e
0e
.
+
1e+
++1
0e
1e-
abc
abc
.
--2
1e-
-
-
-
e10
1.2.3
--2
1e
1e+
abc
1ee2
.
0e
e10
000.e
1e
1.2.3
abc
-
-
abc
0e
1e-
1.2.3
++1
abc
-
1e+
++1
1e
.
1ee2
--2
e10
1e
1e+
+
0e
+
1e
++1
-
abc
--2
000.e
++1
1e
.
+
1e+
--2
1.2.3
1e-
000.e
000.e
.
--2
--2
+
000.e
000.e
1ee2
e10
1ee2
e10
.
abc
000.e
000.e
1ee2
++1
-
1e
1e-
+
--2
1e
1ee2
.
1.2.3
1e
e10
000.e
0e
abc
000.e
1e-
1ee2
--2
+
.
--2
--2
e10
1ee2
1e
1e
0e
000.e
1e-
-
1e
.
1ee2
-
.
1ee2
1e
1e-
1e
1e+
1e
.
000.e
e10
--2
.
1e
e10
1.2.3
++1
1e+
0e
-
++1
1e-
--2
e10
1e
1e
1ee2
++1
1e-
1e-
1e
.
++1
1e
1e
e10
1e-
1e
1e
1e
1e-
-
--2
1e
1e+
1ee2
1e-
1e
000.e
abc
-
.
+
++1
1e-
--2
1e+
0e
1e-
-
--2
1ee2
--2
1e+
000.e
abc
-
--2
-
1e
1ee2
++1
1e
-
--2
1.2.3
1.2.3
.
0e
+
.
abc
--2
1e
-
--2
e10
abc
-
1e+
+
1e
++1
++1
+
+
.
1e-
1.2.3
abc
1e+
1ee2
1.2.3
1e
1.2.3
000.e
0e
0e
e10
0e
1e+
.
000.e
000.e
abc
1.2.3
++1
000.e
1e+
000.e
--2
abc
e10
1ee2
++1
--2
000.e
000.e
1e-
1e-
abc
--2
1ee2
abc
000.e
++1
1e+
1e
0e
0e
1e+
1e
1e
.
abc
++1
++1
.
000.e
1e+
e10
000.e
+
e10
1e-
--2
++1
--2
0e
1e-
1.2.3
e10
--2
.
--2
e10
000.e
000.e
-
abc
e10
0e
abc
000.e
0e
++1
+
1e+
+
1e-
++1
1ee2
abc
-
-
1e
000.e
-
000.e
abc
-
-
e10
++1
1ee2
+
--2
+
1e+
1ee2
abc
000.e
1e
++1
e10
1e-
-
e10
abc
1.2.3
e10
++1
.
e10
1e
abc
--2
1ee2
.
++1
-
1e-
+
1.2.3
1e-
++1
1e+
1.2.3
1.2.3
1e
--2
1ee2
.
-
.
.
1.2.3
1e+
+
abc
e10
++1
--2
1.2.3
1.2.3
-
.
-
e10
-
e10
1e+
e10
1e-
e10
1e
000.e
1e+
1e+
.
1ee2
1e-
1ee2
1e
abc
+
0e
abc
abc
1ee2
.
1ee2
abc
1e+
1e+
000.e
-
e10
0e
000.e
abc
1e
-
000.e
1e-
1.2.3
1e-
++1
0e
e10
1e
1e+
.
+
0e
+
abc
0e
.
+
000.e
000.e
e10
1.2.3
abc
++1
--2
+
1e+
-
1e
++1
--2
++1
1ee2
+
+
1.2.3
-
1e
1e-
e10
.
000.e
-
--2
000.e
--2
000.e
-
1e-
000.e
--2
--2
000.e
1e
abc
1e+
.
1ee2
1e
1e+
0e
++1
1.2.3
1e+
abc
1.2.3
.
000.e
abc
1ee2
1e
000.e
1ee2
1e-
-
abc
1e+
000.e
e10
1.2.3
1e
-
1e-
1ee2
abc
-
1.2.3
1ee2
abc
1ee2
1.2.3
000.e
+
abc
.
e10
000.e
000.e
-
0e
.
+
++1
e10
1e
1.2.3
abc
.
1ee2
.
1e+
1e-
0e
+
1ee2
++1
+
e10
.
++1
1.2.3
1e+
1.2.3
abc
0e
1e
1e-
--2
1ee2
--2
abc
+
.
1e
-
-
1e
.
.
1e+
1ee2
--2
e10
++1
e10
abc
000.e
++1
.
1.2.3
1ee2
+
1ee2
++1
e10
1e-
+
1.2.3
1e-
000.e
abc
0e
1e-
1e-
--2
--2
--2
1e
1e-
1.2.3
-
++1
--2
1e
1e
0e
e10
-
abc
000.e
--2
e10
1e+
1e-
+
0e
1.2.3
000.e
.
e10
.
abc
0e
e10
1.2.3
abc
+
1.2.3
0e
abc
.
000.e
1e
1ee2
--2
+
+
0e
-
+
e10
0e
+
e10
1e+
1e
--2
+
.
abc
-
1e+
.
-
0e
1ee2
e10
000.e
.
1e-
1ee2
1e-
0e
1.2.3
1ee2
1.2.3
1e-
.
abc
0e
1e
1e+
.
1e-
1e-
.
abc
-
++1
--2
abc
abc
000.e
000.e
1e
1ee2
1ee2
e10
1ee2
0e
abc
--2
abc
1e-
1e-
1e-
1.2.3
abc
0e
e10
1.2.3
abc
1ee2
1e+
1e-
.
0e
abc
-
000.e
0e
1ee2
1e
abc
-
.
1e+
1.2.3
1e
1.2.3
000.e
0e
000.e
0e
1ee2
abc
1.2.3
1.2.3
000.e
1e
000.e
1e-
.
e10
-
1e
.
1e
1ee2
--2
1e+
1.2.3
1.2.3
.
000.e
1e-
.
0e
++1
1e+
000.e
-
1e+
.
-
1e+
1e-
e10
1e+
-
e10
1ee2
1.2.3
1.2.3
000.e
abc
e10
--2
0e
abc
1e+
+
--2
1e
000.e
0e
-
--2
-
.
1e-
--2
1e+
-
-
1.2.3
1ee2
1.2.3
1e+
1e-
+
1e+
0e
1e+
1e+
abc
--2
0e
e10
--2
1e+
1ee2
++1
1e+
1ee2
0e
--2
000.e
1e+
e10
1e+
-
--2
1e
1ee2
abc
.
-
abc
1.2.3
--2
1.2.3
-
1e-
++1
1.2.3
++1
e10
-
+
++1
.
1e+
1e+
1e
1e
1e
++1
--2
+
--2
1ee2
++1
e10
-
1e
++1
--2
++1
-
000.e
1.2.3
0e
.
--2
0e
1e
abc
-
1e+
++1
--2
1e-
++1
0e
abc
0e
1e+
++1
abc
+
+
1e+
.
1e
0e
++1
+
-
.
0e
1e+
abc
--2
000.e
000.e
1ee2
+
--2
1e+
-
--2
1ee2
abc
-
1e+
e10
000.e
.
1e-
0e
+
+
abc
1e-
1e
1e-
.
000.e
1ee2
1e
+
-
+
e10
--2
1ee2
abc
abc
+
+
abc
+
1e
1e-
abc
1e
-
0e
++1
.
--2
1e
0e
++1
1e+
abc
1e+
.
000.e
000.e
+
000.e
e10
+
1e
.
.
+
000.e
1e-
1e+
000.e
1ee2
-
1e-
1e+
0e
1e-
1e-
1ee2
--2
abc
1e-
000.e
000.e
++1
1.2.3
1ee2
++1
1.2.3
1.2.3
abc
1ee2
1ee2
1e-
000.e
1e
e10
.
-
++1
1ee2
.
000.e
0e
-
abc
e10
1ee2
1e-
1e+
1e-
-
+
1e+
1e-
abc
++1
1.2.3
1e+
1e-
abc
++1
1ee2
1.2.3
1e
-
000.e
1ee2
0e
--2
1ee2
1e-
1ee2
e10
--2
+
0e
1e-
-
--2
e10
.
e10
--2
0e
0e
abc
.
1e-
+
e10
1e+
000.e
000.e
-
1e-
1.2.3
.
0e
1.2.3
0e
1e+
1e
1e
1e
1e
1ee2
--2
e10
1e
e10
e10
-
1ee2
0e
++1
-
1e+
.
.
+
1.2.3
--2
abc
+
+
-
+
abc
.
.
0e
1e-
-
1e+
--2
e10
000.e
1e-
1e-
1e
1.2.3
--2
1ee2
++1
1.2.3
-
0e
1e-
abc
000.e
1e
++1
.
+
--2
1e+
1ee2
1e-
.
abc
abc
1e-
abc
1e
0e
1e
-
--2
--2
1ee2
1ee2
1e-
1e+
-
--2
0e
0e
++1
--2
--2
++1
--2
1.2.3
0e
.
+
000.e
abc
1.2.3
++1
abc
+
000.e
1ee2
1e-
-
+
-
++1
1ee2
1ee2
.
000.e
1ee2
++1
-
-
-
1ee2
1e+
1ee2
.
1.2.3
1.2.3
--2
--2
000.e
.
1e-
-
--2
0e
000.e
e10
0e
e10
+
0e
1e+
1ee2
1.2.3
abc
abc
.
++1
--2
1.2.3
.
000.e
.
1e
e10
++1
-
1e
e10
++1
1.2.3
e10
1ee2
.
1e
+
.
1e+
-
--2
1e-
.
.
++1
1.2.3
--2
0e
1e+
1.2.3
.
+
e10
0e
+
1e-
e10
1e-
++1
1e+
-
1.2.3
++1
++1
e10
abc
1e+
0e
--2
1e
e10
1e+
+
1e
+
abc
0e
abc
++1
e10
-
1e+
000.e
abc
-
1e+
-
+
-
1e
.
++1
1e
000.e
--2
abc
000.e
1.2.3
.
--2
1e-
1e-
abc
--2
0e
.
1e
+
1ee2
+
000.e
.
.
1e
1ee2
000.e
000.e
.
1.2.3
++1
000.e
1.2.3
-
1e+
-
.
1e+
e10
1e
--2
1ee2
e10
--2
--2
1e+
1e-
++1
1e+
abc
0e
-
1ee2
.
1ee2
abc
--2
1.2.3
0e
1e+
++1
.
000.e
++1
1e+
1e-
+
0e
--2
--2
-
--2
1ee2
1ee2
000.e
e10
+
e10
0e
--2
.
0e
--2
1e-
000.e
e10
e10
1ee2
.
-
000.e
.
abc
-
++1
-
-
1e-
000.e
1e+
0e
1e-
--2
1ee2
0e
1e-
--2
+
++1
e10
++1
1e+
1ee2
1e-
e10
1.2.3
-
++1
1ee2
0e
++1
1e+
+
1e-
e10
1e
++1
1e+
1.2.3
0e
1ee2
e10
1e
--2
1e
abc
1e
++1
1ee2
1e-
++1
-
++1
1e-
abc
-
000.e
1e
1e+
1ee2
.
000.e
0e
0e
+
1e-
.
.
e10
0e
1.2.3
++1
1e
abc
1e-
-
abc
e10
--2
++1
1ee2
+
1e-
e10
1e-
+
1ee2
++1
-
1.2.3
+
1e
1.2.3
1e+
000.e
abc
--2
1e
1e-
1e
-
1ee2
.
1e-
1e+
++1
--2
0e
1e+
1ee2
++1
0e
.
.
+
--2
1e
++1
+
1.2.3
abc
--2
+
0e
-
1e-
1e-
--2
e10
++1
0e
1.2.3
1.2.3
1ee2
1e
--2
1e-
1e
000.e
1e+
1e
e10
-
1e
e10
--2
--2
e10
1e
0e
1.2.3
1e+
--2
--2
e10
000.e
1ee2
+
++1
1.2.3
1e-
1e
000.e
0e
1e-
.
e10
1e
-
.
+
++1
000.e
+
1e
abc
.
1e
1e
+
1e
++1
1e+
+
1e-
1e-
e10
.
1e-
+
.
+
1e-
000.e
000.e
e10
000.e
e10
-
1ee2
1.2.3
.
e10
1ee2
1ee2
e10
1e
000.e
000.e
1.2.3
1.2.3
1e-
e10
0e
abc
++1
-
1e-
e10
1e
1.2.3
1ee2
1ee2
1e-
-
abc
+
1.2.3
1.2.3
1ee2
1e-
++1
--2
+
1.2.3
+
1.2.3
0e
0e
1e
000.e
-
.
.
e10
-
1e+
+
1e+
-
1e+
1.2.3
++1
0e
1e+
.
0e
1e+
1ee2
1.2.3
1.2.3
abc
1.2.3
++1
++1
+
+
++1
++1
-
1e
1.2.3
000.e
e10
++1
abc
abc
1e+
1ee2
1e-
e10
--2
.
++1
1e-
e10
1e
1.2.3
1.2.3
abc
1.2.3
1e-
1e
1e-
abc
.
.
++1
1ee2
1.2.3
1.2.3
1ee2
1.2.3
abc
1e-
.
1e
0e
++1
--2
e10
++1
abc
+
.
1ee2
.
000.e
++1
1e-
abc
0e
1ee2
000.e
e10
e10
000.e
000.e
000.e
0e
+
abc
+
e10
1ee2
.
000.e
.
abc
++1
1.2.3
1.2.3
+
0e
1e-
abc
e10
1e-
1e+
--2
-
--2
-
1.2.3
+
1e
-
1e
0e
1e
.
e10
1.2.3
000.e
.
000.e
1ee2
1.2.3
abc
++1
1ee2
++1
1e+
0e
1ee2
.
+
000.e
0e
0e
000.e
abc
e10
1e-
e10
1e
1e-
000.e
--2
++1
1e+
++1
e10
1ee2
.
0e
1.2.3
-
e10
000.e
000.e
-
e10
abc
abc
1e
1e-
0e
0e
.
+
+
abc
1.2.3
-
--2
1e
1e-
e10
+
--2
abc
+
1e-
--2
e10
1.2.3
1e-
1e+
1e-
-
0e
1.2.3
1e-
1ee2
-
--2
000.e
+
1e
--2
1e
-
e10
e10
--2
e10
e10
0e
1e+
1e+
1e
+
1e
--2
.
1e+
++1
1e
1ee2
1e
e10
+
1e+
0e
1e-
1e+
1e-
--2
+
-
1ee2
.
1e-
1ee2
000.e
--2
.
-
-
-
1.2.3
1e+
.
1e
1ee2
abc
++1
0e
1ee2
1.2.3
abc
e10
1e
1e
+
+
1e-
1e+
abc
1e-
abc
1.2.3
--2
0e
-
e10
--2
1e
0e
0e
abc
1e-
-
1ee2
000.e
abc
--2
1e-
abc
1e
0e
1e+
1e
++1
--2
1e
1ee2
1.2.3
000.e
--2
1e
1e+
0e
-
000.e
--2
+
1ee2
1ee2
1e
e10
++1
+
++1
000.e
++1
--2
1e-
++1
abc
1e
1e
000.e
1ee2
-
++1
1e-
abc
000.e
e10
-
1e+
1e+
e10
0e
--2
e10
.
+
abc
1e-
1e+
1e-
1e+
1e
--2
1.2.3
abc
1.2.3
0e
1.2.3
1e+
1ee2
1.2.3
1.2.3
+
1e-
-
000.e
abc
+
++1
1e-
.
abc
1.2.3
-
-
0e
1ee2
++1
-
abc
000.e
1.2.3
1e
1.2.3
1e
++1
++1
1ee2
-
1e
abc
e10
0e
++1
.
++1
000.e
1.2.3
000.e
0e
++1
1e+
0e
1e+
1e-
1e+
000.e
abc
0e
+
1ee2
.
0e
abc
1.2.3
--2
abc
--2
1.2.3
abc
e10
1.2.3
++1
1e+
++1
e10
+
e10
000.e
++1
1ee2
000.e
000.e
1e
1e+
0e
-
000.e
--2
1e-
e10
e10
0e
0e
0e
++1
000.e
--2
0e
abc
.
1.2.3
0e
+
000.e
+
1e-
1e
1.2.3
1e+
1ee2
1ee2
-
abc
.
+
1.2.3
1.2.3
abc
1ee2
abc
--2
-
abc
+
0e
000.e
--2
+
++1
1e
1.2.3
abc
0e
+
-
.
1ee2
.
++1
abc
-
0e
000.e
e10
abc
++1
-
1.2.3
.
0e
+
abc
1e-
--2
--2
1e-
--2
000.e
.
++1
0e
abc
abc
+
e10
1e+
--2
1e+
--2
1e
abc
++1
1e
1.2.3
-
+
-
.
.
e10
0e
--2
1e+
000.e
.
1e
0e
abc
000.e
e10
--2
.
0e
++1
1e-
000.e
.
.
+
.
abc
+
1e-
1e-
1e
1.2.3
abc
e10
000.e
e10
1e+
1ee2
1e
000.e
1ee2
1.2.3
-
++1
1e-
000.e
++1
.
e10
++1
1e
.
1e
1e-
e10
000.e
e10
--2
0e
000.e
-
++1
--2
.
1e-
1e-
--2
000.e
0e
-
1e-
+
1e
0e
abc
1e
-
abc
1e
1e-
000.e
e10
1.2.3
e10
+
1ee2
-
e10
1e-
000.e
abc
1ee2
1e-
-
1e
++1
++1
abc
.
1e-
1.2.3
000.e
++1
abc
1.2.3
1e-
1e
-
.
0e
000.e
1e+
1e
1ee2
1ee2
1e+
++1
+
1e+
0e
1e+
+
--2
1e+
e10
++1
.
1ee2
1.2.3
0e
1e-
0e
000.e
+
1.2.3
0e
0e
1e+
1ee2
1ee2
1e-
1ee2
.
0e
++1
+
0e
000.e
-
+
--2
1e-
1e
1e+
0e
000.e
1e+
1e+
1e+
1e
1.2.3
.
0e
1e
1e+
-
e10
abc
1ee2
1e-
1e-
0e
0e
.
1ee2
+
-
1e
1e-
1.2.3
-
.
e10
1e
1e+
abc
1.2.3
1e-
++1
-
0e
+
000.e
++1
+
1.2.3
++1
1e+
0e
1e+
1e
000.e
.
e10
-
1ee2
1e+
0e
1e-
--2
-
000.e
1ee2
--2
-
1e-
.
.
abc
0e
e10
+
1.2.3
000.e
1e
abc
1e+
.
1.2.3
++1
1.2.3
-
000.e
0e
0e
abc
++1
abc
.
1e
.
abc
1ee2
0e
1.2.3
.
.
000.e
--2
1e+
-
1e-
++1
.
1e-
-
1.2.3
abc
abc
000.e
.
0e
1e
1ee2
1ee2
+
++1
++1
1.2.3
-
-
1e+
000.e
0e
-
1e-
e10
+
0e
0e
-
0e
abc
.
abc
+
-
0e
--2
--2
--2
1e+
0e
++1
++1
.
--2
000.e
0e
1ee2
e10
abc
++1
-
++1
1e+
--2
1.2.3
e10
1e-
--2
1.2.3
--2
1e+
1e+
1e+
abc
.
000.e
++1
abc
1.2.3
1.2.3
--2
1e-
1ee2
--2
+
--2
-
000.e
1ee2
1e+
1.2.3
1ee2
.
++1
1ee2
1ee2
1e
abc
abc
1ee2
1e
1e+
--2
0e
e10
1ee2
--2
-
1ee2
000.e
1e+
1e+
--2
1ee2
1e-
--2
1.2.3
-
--2
1e+
1ee2
++1
1e
1.2.3
1e+
1e+
0e
000.e
1e+
-
--2
1e+
000.e
.
000.e
1.2.3
1e
000.e
1.2.3
1.2.3
++1
1e-
1.2.3
e10
1e+
000.e
abc
-
000.e
1e
1.2.3
000.e
+
abc
.
1e+
000.e
.
1e-
+
1e+
1e+
1e+
000.e
--2
1ee2
1e+
--2
e10
--2
0e
--2
1e
000.e
1e
++1
+
e10
.
-
abc
--2
abc
1e-
0e
1e-
1e+
--2
1e-
+
1e
1e
0e
0e
abc
-
1e+
1.2.3
--2
abc
-
1e
-
+
+
abc
.
--2
1.2.3
.
abc
--2
000.e
+
1e+
-
000.e
abc
++1
1ee2
e10
0e
abc
1.2.3
abc
1e-
000.e
++1
-
1ee2
--2
-
1e
1e
e10
1e
+
+
+
-
.
000.e
1e
1e-
+
.
1.2.3
1ee2
000.e
abc
1e+
.
1ee2
--2
--2
1e
--2
abc
0e
1.2.3
000.e
-
.
1ee2
1e+
1.2.3
1e
-
abc
-
e10
1e-
1.2.3
1e+
1ee2
0e
.
000.e
abc
-
0e
1e+
0e
1e
1e-
1e+
e10
e10
--2
1.2.3
1e+
1ee2
abc
++1
.
-
abc
0e
000.e
abc
--2
abc
1ee2
1ee2
abc
1e
1ee2
0e
.
-
.
000.e
1e+
--2
+
1ee2
-
1e
0e
-
0e
1.2.3
000.e
.
--2
1ee2
1ee2
e10
.
e10
++1
1e+
-
-
++1
++1
++1
e10
e10
0e
++1
++1
++1
1ee2
1e-
1ee2
1e-
1e
1e+
1e+
000.e
1e
++1
.
1e-
0e
0e
1ee2
+
e10
1.2.3
--2
e10
-
--2
e10
1ee2
000.e
0e
.
1.2.3
--2
1.2.3
1e+
.
.
000.e
1ee2
1ee2
e10
++1
-
1ee2
e10
1e-
-
abc
e10
e10
abc
0e
++1
1.2.3
1e
1e-
--2
e10
1ee2
+
+
1ee2
e10
1.2.3
+
e10
1e-
1e+
1ee2
+
abc
.
++1
-
0e
-
++1
1e
1e
0e
1.2.3
1e-
++1
1ee2
abc
1e+
000.e
1e
1e-
e10
++1
--2
1e-
000.e
0e
1e+
++1
1e+
1e-
000.e
abc
e10
0e
++1
1.2.3
.
1e-
--2
++1
0e
0e
e10
abc
1.2.3
+
1.2.3
000.e
1e+
1e+
1e
abc
1e-
1e-
+
.
++1
abc
000.e
+
-
1e+
1.2.3
+
1ee2
0e
--2
++1
1e
1ee2
1ee2
1ee2
--2
1e
-
e10
-
000.e
+
1e+
--2
1e-
1e+
-
e10
-
0e
-
e10
abc
-
e10
1e-
+
+
0e
1e-
+
.
-
1.2.3
e10
-
-
-
--2
.
+
++1
1e+
abc
abc
+
1e
--2
1e-
+
abc
1.2.3
0e
+
1e-
+
.
abc
1e-
000.e
1e+
0e
-
++1
++1
1e+
e10
--2
++1
1e-
-
1e+
--2
e10
abc
0e
--2
+
abc
000.e
1e
-
++1
-
1e-
--2
--2
1ee2
000.e
++1
1e+
+
1e
1ee2
1e+
e10
0e
-
++1
+
1e-
1e+
1.2.3
0e
++1
1e-
.
1e+
1e-
1e-
000.e
1e
++1
1ee2
0e
1e+
1e
++1
1e-
1ee2
1e
1e
1ee2
000.e
0e
1.2.3
--2
1.2.3
1e-
.
000.e
1e
1e+
-
1.2.3
.
1e
1e-
1e
.
1e
+
0e
++1
abc
1e-
++1
+
e10
000.e
1e
.
abc
++1
-
abc
1e+
1e
-
000.e
--2
1ee2
0e
--2
++1
e10
++1
1e
.
+
1ee2
e10
e10
--2
1.2.3
abc
abc
+
1.2.3
.
1ee2
e10
000.e
000.e
-
000.e
1e+
000.e
abc
1ee2
0e
1e-
000.e
1ee2
.
abc
-
000.e
.
1e+
e10
abc
abc
--2
-
e10
abc
1e-
+
abc
--2
0e
-
000.e
1e+
abc
0e
1ee2
1e-
1e
000.e
1e
1e
e10
e10
0e
0e
abc
abc
1e
abc
--2
+
.
--2
1ee2
000.e
e10
1ee2
000.e
-
.
e10
-
.
--2
1e-
1ee2
000.e
1e-
0e
+
--2
++1
+
1.2.3
1e+
1e-
1e-
--2
-
1e-
0e
.
-
e10
abc
1ee2
1e+
1e+
1e+
1ee2
abc
1ee2
1.2.3
--2
-
0e
1.2.3
1e
+
--2
+
abc
+
abc
+
0e
1.2.3
1ee2
.
-
-
e10
1e
000.e
1.2.3
abc
++1
e10
1ee2
1.2.3
++1
--2
--2
++1
+
1e-
++1
--2
1e-
0e
.
.
e10
.
1e-
1e+
1e+
.
1ee2
--2
-
+
-
000.e
0e
0e
1.2.3
.
+
1ee2
000.e
1.2.3
1e
--2
.
abc
1.2.3
0e
1.2.3
abc
1ee2
000.e
-
0e
e10
abc
+
1ee2
1e-
.
-
000.e
1.2.3
+
-
000.e
+
abc
1e+
++1
0e
-
.
.
--2
--2
1e-
1.2.3
000.e
e10
1e
1e
++1
-
000.e
1e
--2
000.e
1ee2
1.2.3
1e
1e
1e-
1e+
1ee2
000.e
1ee2
+
1e-
000.e
.
.
e10
++1
1e+
000.e
1e
.
1e
1.2.3
0e
+
1ee2
1e-
++1
++1
1e
1ee2
1e
abc
1e
--2
--2
++1
abc
000.e
abc
e10
e10
0e
0e
--2
+
0e
1e-
1e+
abc
e10
1e-
.
+
abc
.
1ee2
--2
+
abc
1.2.3
e10
+
1ee2
1ee2
e10
-
--2
.
+
--2
+
1e+
0e
1e+
1ee2
1e+
1e+
0e
e10
1e+
++1
-
-
1.2.3
+
e10
1ee2
++1
--2
-
1e
0e
abc
1e-
-
e10
000.e
abc
1e+
1ee2
1e+
+
1ee2
0e
+
++1
.
.
1e-
1.2.3
1e
abc
000.e
000.e
++1
--2
0e
.
++1
000.e
1e
-
.
abc
+
1ee2
1e-
1ee2
++1
0e
+
++1
++1
++1
1e+
1e-
abc
1e+
1ee2
0e
1e+
+
--2
1e
+
+
++1
1e
--2
-
1ee2
1.2.3
1.2.3
1e
+
0e
0e
000.e
0e
--2
-
+
1e-
-
+
1.2.3
0e
1e-
abc
++1
--2
++1
.
.
000.e
--2
1e
+
0e
000.e
++1
0e
1ee2
0e
--2
++1
abc
1e+
--2
0e
1e
++1
1e+
1e-
+
1ee2
1ee2
1e-
1e+
1e-
.
1e-
0e
0e
+
.
0e
1e
e10
1.2.3
1e
++1
0e
+
--2
.
-
+
1e+
--2
--2
0e
0e
abc
1.2.3
++1
abc
1e
1e
e10
-
1ee2
abc
1e+
abc
.
000.e
1.2.3
1ee2
1e
e10
1e+
++1
.
1e+
++1
--2
abc
000.e
abc
abc
0e
1ee2
abc
000.e
abc
abc
1e+
000.e
--2
1e-
abc
++1
1ee2
1ee2
abc
1e-
1e
1.2.3
000.e
.
1e-
+
-
-
1.2.3
0e
1e
1ee2
1e+
abc
0e
abc
--2
1.2.3
000.e
-
+
000.e
-
e10
abc
.
1.2.3
++1
+
1e+
-
0e
+
1.2.3
-
e10
e10
1e+
+
--2
--2
1e+
+
0e
1e+
+
1e-
abc
++1
1ee2
.
abc
--2
++1
1ee2
1e
1e+
-
1e
1ee2
0e
.
1e
-
-
e10
1.2.3
-
1e
-
1e-
1e
1ee2
+
++1
--2
-
1e-
1ee2
0e
1e+
1.2.3
000.e
--2
1e+
1e-
++1
0e
abc
abc
1e-
1e
1e
1e-
--2
1e+
.
-
.
1e
1ee2
1.2.3
.
.
++1
000.e
0e
++1
e10
--2
++1
e10
000.e
1e-
1e+
1.2.3
++1
++1
++1
0e
000.e
1e-
abc
+
1e-
1e-
1e
+
e10
--2
--2
1.2.3
.
1.2.3
1ee2
-
1e
abc
000.e
-
+
1e
abc
0e
0e
+
0e
1ee2
1e+
1.2.3
--2
000.e
++1
1.2.3
1e-
1ee2
1e
+
--2
e10
e10
abc
1.2.3
abc
1e-
++1
.
+
.
abc
++1
e10
1ee2
e10
-
+
e10
abc
--2
++1
abc
000.e
.
1e-
000.e
1.2.3
1ee2
-
e10
.
.
1ee2
1e+
e10
1e-
abc
e10
++1
+
.
0e
+
-
--2
1e+
e10
abc
0e
+
--2
e10
-
1e-
1e
-
1e-
0e
+
000.e
1ee2
+
++1
1ee2
1.2.3
1e+
abc
1.2.3
abc
1ee2
1e
000.e
000.e
e10
++1
1ee2
.
++1
--2
++1
--2
e10
000.e
-
++1
-
++1
1e-
0e
1e-
--2
1ee2
1ee2
1e+
++1
1ee2
1e
++1
e10
+
.
+
1e
abc
e10
0e
e10
0e
1e+
0e
1e-
1ee2
1e-
+
0e
++1
0e
--2
abc
abc
000.e
-
1.2.3
1e
++1
--2
000.e
.
1ee2
1e+
1e-
e10
1e+
1.2.3
e10
1ee2
.
-
1e-
e10
1e-
1ee2
1e-
1e+
e10
1e
+
+
abc
e10
1e
1.2.3
1.2.3
.
-
.
abc
1e+
abc
0e
1e-
-
+
1e+
1ee2
1e-
e10
1.2.3
+
+
000.e
0e
e10
abc
000.e
1ee2
.
000.e
1e+
1e+
--2
++1
000.e
--2
000.e
1e
1e
--2
e10
++1
1e
1.2.3
1ee2
1e-
abc
1e
-
1ee2
1.2.3
1e+
1e
.
++1
000.e
1e-
1.2.3
e10
1e
abc
1e-
--2
e10
--2
abc
000.e
1e+
1.2.3
++1
1e
0e
1e-
--2
000.e
.
1ee2
+
-
--2
++1
1e+
e10
++1
0e
1ee2
1e
abc
++1
abc
--2
000.e
-
000.e
-
1e-
1.2.3
-
+
.
-
+
1e-
1.2.3
1.2.3
++1
1e-
-
1e
e10
1e+
1e-
++1
e10
abc
1e+
0e
1.2.3
1e-
1.2.3
1ee2
1e+
1e
--2
1.2.3
--2
000.e
-
1.2.3
1e+
.
++1
+
--2
000.e
-
1.2.3
--2
.
++1
-
-
1e+
1e-
abc
+
++1
+
--2
+
0e
e10
0e
.
.
++1
++1
++1
e10
000.e
++1
1e-
1e
-
1.2.3
1e+
++1
abc
abc
e10
abc
abc
abc
abc
1e-
000.e
1e+
0e
1ee2
++1
1.2.3
0e
.
1.2.3
.
-
1ee2
.
000.e
1.2.3
-
1.2.3
.
abc
-
--2
000.e
000.e
e10
++1
abc
1.2.3
1.2.3
1e-
1ee2
e10
1e
+
++1
+
1.2.3
0e
1e
++1
abc
--2
e10
1e-
1e
1e+
--2
-
1e
1e
1e-
++1
-
000.e
000.e
.
e10
1e
1.2.3
+
1e
++1
++1
abc
1e
1.2.3
abc
+
000.e
-
1e
0e
e10
0e
1.2.3
1e-
++1
abc
++1
.
.
1.2.3
000.e
1.2.3
++1
++1
e10
++1
--2
0e
e10
abc
1.2.3
1e-
-
0e
--2
++1
+
e10
1e
0e
0e
--2
1e-
000.e
abc
++1
1e-
--2
1e
1e+
1e+
0e
+
1ee2
1e
0e
.
1e-
0e
abc
1e+
e10
1ee2
e10
e10
1e-
abc
++1
1e-
1e
++1
1e
-
+
+
-
abc
e10
e10
++1
e10
--2
1e+
000.e
0e
--2
e10
0e
++1
++1
-
1e+
1ee2
.
0e
0e
--2
++1
1ee2
-
1e
000.e
0e
1ee2
1e
++1
1e+
000.e
1e-
--2
.
-
1e
--2
1e-
--2
0e
abc
.
++1
1.2.3
0e
0e
1e+
-
1e-
.
.
0e
1ee2
-
-
1e-
abc
-
0e
1e+
.
++1
--2
++1
0e
000.e
1e+
-
1e-
1e-
e10
+
000.e
000.e
1e+
e10
000.e
1.2.3
e10
e10
0e
1e-
e10
1.2.3
+
1e+
abc
1e+
1ee2
++1
1e+
.
++1
1ee2
1e-
abc
+
abc
e10
e10
0e
1ee2
0e
abc
e10
++1
0e
--2
+
1e+
1e-
1e
1ee2
1e-
abc
1e+
--2
--2
000.e
e10
000.e
1.2.3
1e-
1e+
e10
+
1e+
0e
0e
1.2.3
.
abc
+
000.e
1e+
++1
abc
e10
e10
e10
1e+
000.e
1e
0e
abc
e10
1e+
e10
.
1.2.3
000.e
1e-
-
--2
+
1e-
e10
.
--2
1.2.3
000.e
1.2.3
1e-
++1
--2
1e+
1e-
0e
0e
++1
0e
e10
.
--2
1.2.3
1.2.3
000.e
000.e
1.2.3
++1
0e
-
1.2.3
--2
1e
+
1e+
e10
-
--2
1ee2
1e
e10
1e
1e+
1e
000.e
000.e
++1
+
e10
--2
++1
e10
+
--2
--2
1e
.
-
1ee2
++1
1e
000.e
abc
000.e
1e+
++1
--2
1e
.
1.2.3
0e
--2
--2
.
1e
1.2.3
0e
e10
000.e
1.2.3
.
1e-
1e+
0e
abc
1e+
+
1ee2
-
1e+
1e-
0e
1.2.3
.
e10
.
abc
1.2.3
--2
000.e
abc
1e
1e
--2
1e+
1.2.3
abc
1e
e10
.
abc
1e+
e10
1e+
1e
1e
1e-
1e+
1e+
0e
1e
+
abc
1e+
.
1e
1e-
e10
1e+
1e+
1ee2
+
e10
0e
1e-
1ee2
0e
-
1e-
1ee2
--2
1ee2
1.2.3
1e+
1e
1e+
1e+
++1
abc
1e+
abc
1.2.3
1e
0e
+
-
1.2.3
+
1e-
--2
e10
1.2.3
1e-
abc
abc
0e
1e
--2
+
++1
++1
1e-
0e
--2
1e+
1e+
1ee2
e10
1e-
1.2.3
1e
1e+
1ee2
0e
--2
--2
e10
abc
++1
-
-
++1
0e
.
0e
1e-
0e
1e-
++1
-
1e-
1.2.3
-
000.e
abc
-
+
.
1e
1e
+
e10
--2
000.e
1.2.3
1e-
.
-
e10
-
1e+
1e
1e+
--2
1e
++1
0e
000.e
--2
--2
1.2.3
abc
1ee2
++1
0e
.
1e
1e+
0e
abc
+
1.2.3
000.e
1ee2
0e
abc
-
-
abc
.
1e
e10
.
+
1ee2
1e
1e-
-
+
.
--2
-
000.e
000.e
1e-
-
1.2.3
000.e
1ee2
1.2.3
++1
--2
1e
000.e
e10
++1
-
+
-
--2
1e-
abc
1ee2
1ee2
1e+
--2
1e
abc
abc
000.e
--2
1e
1e+
abc
1e-
++1
--2
--2
--2
1e-
000.e
-
1e-
.
1e-
++1
abc
1.2.3
0e
.
e10
1ee2
1e+
+
.
+
.
1ee2
++1
1e
--2
-
000.e
--2
1ee2
++1
--2
+
++1
-
abc
1ee2
abc
++1
+
++1
1.2.3
1ee2
1e+
abc
000.e
.
++1
1e+
abc
++1
-
--2
--2
1.2.3
1ee2
+
.
abc
--2
-
000.e
000.e
0e
e10
.
1ee2
1.2.3
0e
1ee2
1e-
1ee2
--2
1e+
+
1ee2
.
1ee2
1e+
--2
-
1.2.3
1e+
-
1ee2
1e-
.
+
e10
1e-
+
--2
e10
.
--2
1e+
1e+
1e+
+
+
1e
1ee2
000.e
--2
abc
1e-
1ee2
+
0e
1.2.3
--2
1e+
abc
000.e
1e+
.
1e-
1e+
++1
-
1e+
000.e
e10
-
abc
--2
.
1e-
1ee2
1e
1e+
++1
1e-
++1
1.2.3
1e+
1e+
1e-
e10
1.2.3
1e-
-
++1
000.e
++1
000.e
.
++1
e10
++1
--2
1.2.3
--2
1e
.
1.2.3
+
0e
++1
e10
+
e10
1e
1.2.3
1ee2
e10
+
0e
e10
1e+
--2
1e
+
.
--2
000.e
-
0e
abc
1e
--2
000.e
abc
0e
-
1ee2
1ee2
1.2.3
1e+
1e-
1e-
abc
+
++1
+
1e
--2
1e+
.
+
.
+
++1
0e
1.2.3
abc
0e
1.2.3
1e+
++1
1e-
000.e
1ee2
abc
++1
-
1e+
abc
++1
++1
1e-
1.2.3
1ee2
-
1e
0e
1e-
++1
1e+
--2
abc
1e
1.2.3
++1
000.e
+
000.e
000.e
1e+
e10
+
1e-
--2
1e
-
e10
+
.
++1
abc
1e
abc
1ee2
1e+
e10
++1
--2
000.e
e10
1.2.3
1e+
-
1e-
1ee2
.
-
1e
+
e10
1e-
1e-
-
++1
1e-
-
000.e
1e
abc
1.2.3
1.2.3
+
++1
.
e10
e10
.
1ee2
-
e10
000.e
-
+
1ee2
.
1e-
1ee2
+
000.e
+
000.e
000.e
.
++1
000.e
-
0e
1e-
++1
abc
1e+
1.2.3
1.2.3
--2
1e+
.
++1
++1
0e
+
++1
.
++1
1e-
e10
1e+
1.2.3
++1
.
1ee2
e10
--2
+
1e-
0e
1e+
1.2.3
1.2.3
1ee2
1e
.
0e
1e
abc
-
1ee2
.
-
000.e
--2
000.e
.
1e
1e+
1e+
abc
--2
1e+
1e
1.2.3
000.e
abc
.
1.2.3
0e
000.e
-
.
e10
1ee2
+
.
e10
e10
1e-
0e
-
1.2.3
abc
--2
-
1e+
0e
1e+
.
1.2.3
1e+
1ee2
+
1e+
e10
e10
1e
-
1e
1e-
1ee2
000.e
000.e
--2
.
1e+
000.e
1.2.3
-
1.2.3
1e
1e+
1ee2
--2
e10
++1
1e-
.
1.2.3
1e-
--2
000.e
-
1.2.3
+
1e+
0e
+
++1
+
-
0e
1.2.3
.
abc
-
.
1e+
-
000.e
.
0e
1e+
++1
1ee2
1ee2
0e
0e
1.2.3
1e
1.2.3
1e-
--2
1e
-
e10
++1
++1
++1
abc
e10
1ee2
+
++1
1e+
.
++1
1.2.3
1e+
-
e10
0e
1e+
abc
.
+
+
++1
1e-
+
1ee2
1e-
e10
--2
+
e10
1ee2
1ee2
++1
1e
.
e10
1.2.3
0e
1e+
e10
-
1ee2
0e
1ee2
e10
--2
+
--2
0e
abc
.
abc
1.2.3
000.e
abc
1e+
1e
--2
--2
1.2.3
1.2.3
e10
1e+
abc
1.2.3
+
000.e
000.e
000.e
0e
abc
abc
+
000.e
0e
e10
.
-
1.2.3
++1
-
e10
-
1e-
.
000.e
000.e
1.2.3
1e+
++1
e10
0e
0e
1e-
0e
+
--2
+
+
e10
-
-
++1
-
+
1e
1e+
+
1.2.3
+
abc
e10
e10
000.e
.
.
000.e
1.2.3
e10
1e
1e+
-
1e-
1e
e10
1e
-
1e
1e
000.e
1.2.3
1ee2
-
--2
1.2.3
+
+
1e
-
.
000.e
++1
+
abc
-
abc
1e
abc
--2
abc
1.2.3
1e+
1e
000.e
1e-
abc
-
abc
--2
1ee2
1e
e10
.
--2
e10
1ee2
.
e10
1ee2
1e-
e10
000.e
1e-
000.e
++1
1e-
1ee2
--2
--2
1ee2
1e
1e
1e
--2
++1
abc
abc
1e
1e
1e+
.
000.e
1.2.3
+
1.2.3
1ee2
+
abc
1.2.3
.
--2
-
abc
--2
abc
1e
0e
--2
0e
1e+
1e
-
abc
1.2.3
1e
0e
0e
1.2.3
+
e10
abc
1.2.3
0e
1e+
.
++1
000.e
0e
abc
1.2.3
++1
1e
1ee2
++1
1e-
--2
1.2.3
0e
--2
1e+
+
++1
abc
1.2.3
++1
1e
.
abc
000.e
abc
++1
--2
1ee2
000.e
000.e
1e
1ee2
1e-
0e
abc
abc
++1
1.2.3
1e+
1ee2
abc
--2
0e
e10
++1
+
000.e
1e
--2
--2
1e-
1.2.3
++1
+
1e
1e+
0e
.
.
abc
1ee2
--2
++1
1e+
-
1e-
1ee2
1ee2
1e-
1e+
1ee2
--2
1ee2
.
1e+
++1
++1
0e
1.2.3
abc
-
--2
--2
+
1ee2
1.2.3
++1
000.e
1e+
000.e
-
1.2.3
1e+
0e
+
1.2.3
--2
.
1.2.3
000.e
-
000.e
-
++1
+
--2
1e-
-
-
1ee2
+
.
+
--2
-
1e+
0e
e10
000.e
1e
++1
-
+
e10
-
-
.
-
1e
--2
0e
000.e
1e-
1e
++1
1e-
0e
e10
++1
0e
--2
1e
++1
.
0e
+
1ee2
-
1e
1ee2
.
-
000.e
1.2.3
1e+
e10
++1
1e-
e10
000.e
.
-
++1
000.e
--2
++1
000.e
e10
--2
.
-
0e
--2
1.2.3
1e
.
+
--2
1ee2
1ee2
e10
++1
1.2.3
1e
1.2.3
1ee2
e10
0e
1e-
++1
000.e
-
1e
+
1e-
1e-
000.e
1.2.3
abc
0e
0e
1e
1.2.3
abc
1ee2
1e+
1e+
1e+
0e
1e-
1e-
0e
--2
1e-
++1
++1
1e-
e10
1e-
-
000.e
--2
0e
0e
1e
000.e
1e+
1e
1ee2
++1
++1
1e-
1e+
--2
1e+
+
1ee2
1.2.3
++1
abc
++1
1.2.3
1e
000.e
1ee2
e10
1e+
1e+
-
++1
e10
++1
1e+
--2
1ee2
-
abc
.
+
++1
1ee2
000.e
1e
-
--2
1ee2
1.2.3
1ee2
1e+
++1
-
-
1e+
1e-
+
+
000.e
1e-
e10
--2
1e
abc
1e+
.
e10
1ee2
e10
0e
1e
0e
.
e10
e10
++1
-
++1
e10
1e
1.2.3
-
000.e
-
abc
000.e
1ee2
0e
1.2.3
1ee2
++1
--2
.
1.2.3
.
1ee2
1e
++1
1e
1e
1e
1e+
.
+
000.e
1.2.3
.
1.2.3
1e
0e
--2
1ee2
1ee2
++1
++1
abc
-
0e
e10
1ee2
0e
0e
000.e
0e
e10
1ee2
+
--2
0e
1.2.3
0e
1e+
1.2.3
0e
--2
e10
1e
1e-
++1
.
1e-
1e
0e
1e
1.2.3
1e-
abc
--2
1e+
--2
1e+
0e
++1
-
1ee2
000.e
1e-
--2
+
e10
+
0e
+
1e+
--2
1e
1e-
1ee2
1.2.3
e10
1ee2
.
1ee2
++1
abc
.
+
+
++1
1e
abc
0e
+
--2
.
--2
--2
abc
1e+
1e-
1e
0e
1.2.3
e10
++1
.
--2
000.e
e10
--2
.
1.2.3
1e+
--2
1ee2
e10
1e+
--2
+
1e+
1e
1e-
+
1ee2
000.e
0e
e10
1e+
-
0e
000.e
0e
1e+
1.2.3
e10
abc
abc
0e
--2
0e
1.2.3
1e-
+
1e-
-
-
--2
0e
1ee2
e10
1e
1.2.3
++1
++1
--2
1e-
abc
e10
1e-
1e-
1e+
1ee2
-
.
0e
+
1.2.3
abc
.
.
1e+
.
.
-
-
.
e10
1e-
.
1e
1e+
1ee2
1e+
abc
-
++1
e10
--2
.
1e
+
.
1e+
1e
1e+
000.e
+
abc
--2
.
+
abc
000.e
1ee2
1e-
1e+
e10
+
-
1.2.3
--2
-
1ee2
+
1e-
.
.
1e
1e+
+
.
000.e
+
++1
1e-
000.e
++1
1e
1e+
1e-
1.2.3
0e
000.e
.
1e+
1e+
1e-
.
+
++1
e10
e10
e10
++1
1e+
1e+
abc
1e
--2
1e-
1.2.3
+
abc
--2
1.2.3
.
e10
.
1e-
0e
1.2.3
000.e
+
-
++1
++1
000.e
++1
e10
000.e
+
0e
000.e
--2
--2
abc
abc
1ee2
0e
1e-
1e+
.
abc
1e
1ee2
abc
--2
1e
--2
++1
e10
-
1.2.3
abc
000.e
1e-
abc
1e+
+
1e
--2
1.2.3
1ee2
1e+
1e
1.2.3
+
1e-
1e-
1e-
000.e
000.e
--2
1e
000.e
1e
+
1.2.3
++1
1ee2
1e
abc
1ee2
0e
1e+
-
0e
--2
0e
e10
1.2.3
e10
0e
-
-
0e
.
e10
-
1e+
-
1ee2
1e
1e+
1e+
1e-
.
1e
0e
1.2.3
++1
.
0e
++1
1e
1e
-
+
abc
++1
1e+
1e-
1e-
1.2.3
1.2.3
e10
000.e
0e
1.2.3
+
-
1ee2
-
++1
1e
000.e
1ee2
1ee2
.
+
000.e
.
1e-
+
abc
--2
000.e
0e
1e-
1e-
.
1e+
0e
-
1e+
++1
.
abc
0e
1e+
++1
abc
--2
0e
-
e10
1ee2
-
.
1e
0e
--2
-
e10
1e-
--2
e10
0e
1e
0e
1e+
1ee2
--2
1e
0e
0e
1ee2
1e+
1.2.3
++1
0e
000.e
1e-
1ee2
1e
++1
--2
1.2.3
0e
0e
1ee2
+
--2
1ee2
1ee2
.
1e+
0e
000.e
1e
1ee2
+
++1
000.e
+
1e+
-
000.e
.
-
1.2.3
000.e
1e+
1e+
-
-
.
e10
--2
--2
1e+
000.e
--2
0e
0e
1ee2
1e
++1
1ee2
1e-
1e+
1.2.3
e10
1e
abc
1e
e10
.
e10
1e
1.2.3
1e
++1
+
++1
abc
1e-
0e
1e
e10
1e
1.2.3
1.2.3
1ee2
000.e
-
++1
abc
+
e10
abc
1e+
-
0e
1e
1ee2
1ee2
--2
1ee2
abc
e10
000.e
.
--2
e10
+
1.2.3
++1
-
1.2.3
+
0e
0e
1e-
000.e
-
abc
-
.
+
0e
1e-
.
+
++1
.
1e
++1
-
1ee2
1e+
000.e
.
000.e
.
1e-
--2
1ee2
1e+
++1
++1
+
1e-
000.e
1e+
1ee2
0e
e10
1ee2
-
1.2.3
-
000.e
1e-
1e
+
++1
1ee2
1e-
0e
abc
++1
-
abc
1e
000.e
.
1ee2
1e+
1e-
0e
e10
++1
-
.
1e-
1e-
--2
+
1ee2
--2
abc
1ee2
0e
abc
abc
abc
.
1.2.3
.
1ee2
--2
000.e
1e-
000.e
1e
+
1e
-
.
1e-
0e
++1
+
+
abc
000.e
1e-
-
+
abc
000.e
--2
e10
0e
.
abc
0e
1.2.3
000.e
0e
.
-
++1
0e
-
+
0e
abc
1.2.3
1ee2
+
0e
1.2.3
000.e
1e+
+
1e
.
1ee2
1e-
-
e10
1.2.3
0e
1.2.3
--2
e10
1e
++1
++1
1e
.
.
e10
abc
1e-
1e
1e-
+
1ee2
1e+
++1
.
1e-
e10
abc
+
--2
000.e
--2
-
1e-
1e
--2
000.e
1e
e10
1e
000.e
1e+
000.e
.
--2
++1
1e
+
1e-
abc
.
+
1e-
1e-
++1
1e+
1e
1e
e10
1e+
1ee2
1e-
e10
--2
+
1e
1e-
abc
.
1.2.3
1e
.
0e
abc
-
-
0e
1e+
1e
abc
1e+
+
-
.
1e-
1ee2
1e-
--2
1ee2
1e-
e10
++1
abc
-
++1
++1
+
--2
-
1e-
.
1e+
.
1e
--2
--2
.
abc
0e
.
-
0e
+
0e
++1
000.e
000.e
++1
000.e
.
0e
1.2.3
+
-
-
000.e
1e-
1e-
e10
1e
1e+
0e
1.2.3
.
1e-
000.e
000.e
++1
1e+
.
1e
.
++1
1.2.3
e10
1ee2
.
e10
1ee2
1e
1e-
.
.
+
.
0e
-
e10
++1
1ee2
1ee2
1ee2
++1
.
+
-
abc
abc
e10
000.e
000.e
e10
0e
1ee2
.
--2
.
1e
-
000.e
.
.
++1
000.e
1e-
1e-
1ee2
.
1e
+
--2
abc
000.e
abc
--2
++1
0e
1e+
-
1e
1.2.3
1ee2
1e+
-
--2
e10
1e-
.
-
000.e
e10
1e+
1ee2
1.2.3
1e+
1e+
1ee2
1.2.3
e10
1ee2
1e+
1e+
1e+
1.2.3
0e
1e
1e
0e
abc
.
1e+
0e
++1
abc
1.2.3
--2
-
e10
1e
1ee2
-
1ee2
1e-
++1
1ee2
.
1.2.3
.
abc
abc
1.2.3
1ee2
1ee2
abc
1e-
1.2.3
abc
1e
1e
1.2.3
1e-
1ee2
.
abc
000.e
1.2.3
1e-
abc
1e
000.e
-
e10
1e+
0e
+
1ee2
1e-
1ee2
++1
.
++1
1ee2
-
0e
000.e
1e-
0e
1e-
.
1e
--2
000.e
1e-
1e+
+
1e-
1e-
++1
--2
+
abc
1.2.3
1e
0e
000.e
--2
abc
1e-
1.2.3
0e
1e+
1ee2
1ee2
1e-
e10
+
--2
0e
e10
.
0e
+
1e
0e
1e
e10
+
1e-
1e-
+
e10
000.e
1e+
1ee2
--2
abc
1e+
1e
--2
0e
1ee2
+
abc
1.2.3
+
--2
++1
1e
000.e
--2
1e-
++1
1ee2
1e
1.2.3
000.e
--2
+
000.e
1e
1e+
e10
++1
.
--2
.
abc
.
1.2.3
1.2.3
-
--2
.
.
+
++1
++1
.
1ee2
1e-
-
000.e
--2
000.e
1e
000.e
1.2.3
1ee2
--2
+
0e
--2
-
1ee2
1.2.3
0e
-
e10
1ee2
1e+
e10
1e+
--2
1.2.3
+
1e-
-
1ee2
++1
1.2.3
.
1e+
.
-
1e
e10
1e
e10
0e
1e+
0e
000.e
--2
--2
000.e
e10
.
--2
++1
.
-
abc
000.e
+
0e
e10
1e
1ee2
000.e
1.2.3
-
++1
1e-
000.e
-
1ee2
+
.
-
-
0e
abc
1e-
1e+
1ee2
.
+
abc
+
--2
abc
+
1ee2
e10
.
--2
0e
--2
1e+
-
1ee2
1e
0e
+
1e
abc
--2
e10
0e
1e+
++1
000.e
--2
+
1.2.3
000.e
--2
000.e
1e+
abc
e10
0e
+
abc
abc
-
000.e
000.e
1e+
abc
-
1ee2
1e
e10
-
1.2.3
++1
-
1e
1e
1.2.3
-
++1
1.2.3
+
1ee2
.
1.2.3
000.e
-
+
1e+
1.2.3
-
+
abc
++1
1e+
1e+
++1
+
+
000.e
-
1e
abc
e10
0e
e10
1.2.3
e10
1e
-
1e
--2
1e-
e10
1e-
++1
+
1.2.3
1e+
1e-
1e
1.2.3
-
++1
abc
.
1e-
1e
0e
1e-
.
+
1e
1e+
+
1e+
++1
abc
--2
1ee2
.
1.2.3
e10
000.e
1.2.3
+
abc
-
000.e
1e-
1.2.3
000.e
abc
000.e
-
000.e
1e-
1e-
e10
++1
0e
1ee2
e10
1ee2
e10
.
-
abc
-
e10
1ee2
1e
e10
e10
0e
1e-
+
+
000.e
000.e
1e
--2
.
1e
1.2.3
1e-
+
1e+
1.2.3
++1
e10
1e+
--2
1e+
+
.
-
1ee2
e10
.
abc
-
e10
1.2.3
1e-
1e
abc
+
-
++1
1e-
abc
000.e
1e
1e-
1e
1e-
1e
0e
e10
0e
++1
e10
e10
000.e
1e-
1e-
1.2.3
.
.
1.2.3
abc
-
1e-
.
1e-
000.e
1e-
000.e
+
0e
0e
1e-
e10
++1
000.e
1e
abc
--2
000.e
1e+
--2
1e+
--2
0e
abc
0e
1.2.3
-
abc
-
e10
++1
1.2.3
--2
1e+
1ee2
1ee2
1e-
--2
-
abc
-
.
--2
abc
abc
e10
abc
1e
abc
1e-
e10
1e-
abc
1e
e10
e10
1e+
1ee2
e10
--2
1e-
000.e
0e
1ee2
000.e
1e
e10
abc
+
++1
1.2.3
1.2.3
abc
-
-
++1
-
1e-
1e
--2
1ee2
e10
abc
abc
++1
+
++1
.
1e
1e-
++1
--2
1e
1e
--2
e10
-
--2
1ee2
1.2.3
.
1.2.3
.
e10
.
-
1e-
1e+
1e-
--2
000.e
abc
++1
.
1.2.3
abc
1e-
+
1.2.3
1e+
-
1.2.3
+
0e
1e+
1.2.3
--2
1e
1.2.3
++1
1ee2
1.2.3
++1
-
1e
.
+
000.e
0e
++1
-
000.e
e10
0e
1.2.3
1.2.3
1.2.3
1e+
-
000.e
1e+
1.2.3
0e
1.2.3
e10
+
1ee2
1e
1e-
1e+
+
1e+
.
1e+
--2
1e
1e-
e10
--2
000.e
0e
+
1e+
000.e
1.2.3
1e-
--2
.
--2
abc
e10
++1
e10
1e+
1.2.3
abc
--2
--2
+
-
1e
1e+
e10
.
0e
0e
+
+
0e
1.2.3
+
1e+
1e
-
-
-
++1
abc
e10
--2
--2
1e
1ee2
.
.
1ee2
1ee2
0e
.
-
0e
0e
0e
0e
e10
1e-
1e+
1ee2
+
--2
1e+
1e+
+
1e+
1e-
--2
--2
1ee2
1e+
1e+
1e
+
1e+
e10
0e
-
0e
--2
000.e
e10
++1
++1
e10
1e+
1e-
--2
1e
000.e
+
0e
--2
+
1e
1ee2
e10
1e-
-
+
0e
--2
abc
1ee2
1ee2
1e
e10
--2
0e
abc
1e-
1e
++1
1ee2
.
--2
.
-
+
-
1e+
000.e
++1
e10
1.2.3
-
1e
000.e
abc
-
1.2.3
0e
--2
1ee2
-
0e
1e-
000.e
1e
1.2.3
-
1e
1ee2
0e
1.2.3
000.e
1e+
1e-
000.e
1e
e10
e10
1e+
--2
--2
--2
1ee2
++1
+
0e
1e+
--2
1e-
abc
1e+
.
1e-
e10
e10
.
-
.
+
abc
1ee2
+
++1
--2
1.2.3
1e-
e10
000.e
.
1e-
+
1e-
1e-
.
1e-
1e+
000.e
e10
1ee2
1e-
1e+
+
000.e
1.2.3
1e-
1e-
1.2.3
abc
.
abc
+
-
+
.
-
e10
-
0e
.
++1
000.e
1e-
1e
1e-
--2
1.2.3
+
1ee2
000.e
1.2.3
abc
0e
.
1.2.3
1ee2
+
1e-
abc
-
000.e
++1
1e
abc
++1
1e-
0e
abc
+
--2
1e
++1
1e+
000.e
+
1e
--2
0e
++1
++1
++1
-
1e-
abc
+
000.e
1.2.3
++1
1ee2
000.e
1ee2
1.2.3
000.e
+
+
+
+
++1
1e-
1e-
1e
--2
--2
1e
++1
.
--2
1ee2
1.2.3
-
+
--2
1.2.3
1ee2
+
1e-
+
0e
+
1ee2
e10
1.2.3
.
--2
+
+
e10
.
1e-
++1
++1
--2
000.e
--2
e10
-
++1
000.e
1e-
1e+
1e+
0e
0e
+
+
abc
+
1.2.3
abc
+
-
e10
-
++1
++1
--2
1ee2
1e-
0e
1e-
--2
.
.
1.2.3
1e+
e10
0e
.
1e
1e+
+
1e
abc
e10
-
0e
abc
1ee2
+
e10
--2
0e
1e+
1e+
--2
++1
1e+
1ee2
abc
--2
1e-
1e
1e-
1e
-
1e-
1.2.3
abc
--2
1e-
--2
abc
e10
abc
1e-
1.2.3
1.2.3
0e
abc
1.2.3
-
000.e
e10
1.2.3
-
++1
abc
e10
000.e
e10
abc
.
+
000.e
--2
1e-
e10
--2
0e
0e
1e-
+
000.e
1e+
1.2.3
abc
000.e
1e+
1.2.3
0e
--2
e10
1e-
1e
1e
abc
1e+
1e-
e10
e10
0e
-
abc
0e
.
0e
+
0e
e10
0e
+
1e+
1.2.3
+
.
++1
++1
.
-
e10
1e-
+
++1
1e
1ee2
1.2.3
++1
000.e
1.2.3
.
1e-
e10
0e
.
0e
e10
.
--2
0e
1e-
000.e
1e-
000.e
1ee2
1e
.
0e
1e+
+
abc
-
e10
1e
abc
1e-
0e
-
++1
1e
000.e
0e
+
1e+
0e
--2
-
0e
1e
abc
1e+
--2
1e-
1e
e10
.
e10
+
+
+
1e-
abc
.
1e
0e
1ee2
1ee2
1.2.3
1e
+
0e
--2
++1
--2
0e
e10
1e-
abc
1.2.3
+
1.2.3
--2
.
++1
1ee2
1e
--2
--2
1ee2
e10
-
1ee2
e10
1ee2
+
-
abc
-
0e
000.e
1ee2
abc
000.e
e10
+
1e
1e
++1
1e-
1e
1ee2
1e-
-
-
+
-
1e-
e10
1.2.3
+
+
1e-
+
e10
1.2.3
--2
1ee2
++1
1.2.3
1ee2
000.e
abc
e10
+
0e
+
-
000.e
1ee2
abc
0e
+
1.2.3
1.2.3
1e+
1.2.3
1e-
0e
000.e
1.2.3
++1
1e-
++1
.
--2
++1
-
0e
1ee2
-
abc
000.e
1e
++1
++1
1ee2
1e-
1e-
000.e
abc
++1
0e
++1
abc
.
0e
-
1e+
abc
-
.
1e+
-
1e
1e-
1ee2
1e+
1e-
0e
0e
abc
-
+
1e
1e-
-
1e-
-
1ee2
abc
1.2.3
abc
1e-
0e
000.e
-
e10
1ee2
1e
1e+
1.2.3
1e
+
-
1.2.3
000.e
e10
0e
.
1.2.3
1e
1e
1ee2
1e+
1e-
000.e
1ee2
++1
.
1e-
1e-
0e
e10
e10
1e-
1e+
000.e
1.2.3
1e
1ee2
+
000.e
e10
0e
abc
0e
--2
1e
+
++1
+
++1
1e+
abc
1e+
1e-
abc
1e-
-
000.e
1ee2
.
1e-
000.e
e10
1e-
1e+
abc
.
e10
1ee2
0e
1e+
1e+
1.2.3
.
000.e
e10
1.2.3
--2
1e
0e
1e
1e
1.2.3
-
000.e
e10
000.e
1e+
1ee2
.
1e-
.
e10
-
.
1e+
.
e10
0e
1e
1e+
1.2.3
-
1e+
+
abc
1.2.3
1.2.3
e10
+
1e
.
e10
+
-
0e
1e-
--2
1e-
1e
1e
1e+
-
1e-
1e+
abc
e10
+
--2
++1
-
000.e
1e+
+
0e
.
0e
1.2.3
000.e
++1
1.2.3
e10
--2
1.2.3
000.e
--2
000.e
1e+
1ee2
1e-
1.2.3
1e
e10
abc
.
1e+
1e-
-
1.2.3
-
1e+
-
--2
-
1ee2
000.e
++1
000.e
+
1ee2
--2
abc
1.2.3
0e
-
1e+
1e-
++1
.
0e
1e+
1e-
1e
-
+
1e
1ee2
1ee2
1.2.3
.
1e+
1e-
1ee2
++1
.
.
--2
1e+
1ee2
1e
+
e10
--2
--2
1e+
0e
1e+
+
0e
-
++1
e10
1.2.3
+
.
+
1ee2
++1
1e+
1e-
1e-
1e-
++1
1e+
++1
--2
--2
1ee2
000.e
+
1ee2
--2
+
1ee2
0e
.
e10
000.e
1.2.3
000.e
.
abc
--2
1ee2
++1
e10
--2
abc
1e
-
e10
.
1e-
-
e10
--2
1ee2
e10
--2
1e-
000.e
e10
1ee2
--2
.
.
1e-
000.e
++1
1e
0e
+
abc
-
1e-
.
+
.
0e
1.2.3
abc
1.2.3
+
0e
0e
e10
1e-
++1
1e
1e+
++1
-
-
1.2.3
-
1.2.3
+
--2
000.e
--2
++1
--2
1e-
.
1e
000.e
.
+
1e+
1e
1.2.3
1e+
0e
1.2.3
1e
+
000.e
e10
--2
++1
--2
1e+
1e+
000.e
e10
000.e
1e+
-
1ee2
1e-
-
0e
1e
.
1.2.3
1e-
abc
1ee2
++1
++1
1e-
1e
1e
++1
0e
000.e
.
1e+
000.e
1e+
-
--2
1ee2
1e
abc
abc
1.2.3
--2
--2
+
1ee2
e10
1e+
1.2.3
.
1ee2
1.2.3
abc
e10
1ee2
-
1ee2
000.e
abc
1e
--2
-
+
e10
1ee2
1ee2
1.2.3
000.e
000.e
-
1e-
++1
abc
.
1e
1e-
+
--2
1e-
.
.
.
1.2.3
1ee2
+
0e
-
+
1e+
-
0e
0e
0e
--2
abc
000.e
1e-
+
0e
-
+
000.e
0e
++1
-
.
000.e
--2
e10
1e+
1ee2
e10
0e
--2
.
1e
1ee2
1e
abc
1ee2
1e
.
1.2.3
1e-
++1
1e
1e
1e
abc
1.2.3
0e
abc
000.e
--2
1e-
abc
1e-
1ee2
++1
1e-
--2
1e+
.
.
-
1.2.3
000.e
.
1e
1.2.3
.
--2
.
-
1e
1e+
abc
.
--2
+
1ee2
.
e10
1e+
1e+
-
1e
+
1.2.3
e10
000.e
1e
e10
1e
e10
e10
1e
.
abc
--2
000.e
e10
--2
-
abc
1e-
++1
+
0e
abc
1e-
1e-
1.2.3
1e+
1.2.3
.
-
1e
.
.
1ee2
000.e
.
.
-
e10
abc
+
++1
.
0e
1e
1ee2
+
1e+
0e
-
0e
+
1e
000.e
e10
--2
++1
abc
+
1e+
--2
++1
abc
000.e
1e-
++1
1ee2
+
1e
1e
e10
+
1e+
1e
abc
1e+
.
-
e10
e10
abc
1ee2
-
0e
1e-
--2
.
0e
1e
.
.
abc
-
+
e10
abc
1e
-
.
+
--2
e10
--2
1e
abc
1.2.3
.
000.e
1ee2
.
-
++1
000.e
1.2.3
.
+
1.2.3
1ee2
1ee2
0e
1ee2
.
1e
e10
0e
-
1ee2
1.2.3
abc
+
1e+
+
e10
1ee2
--2
1e-
1.2.3
e10
--2
abc
++1
-
1ee2
--2
0e
1.2.3
0e
e10
-
e10
++1
1ee2
1e-
abc
000.e
e10
abc
++1
1e+
e10
--2
++1
+
--2
1ee2
1.2.3
-
-
1ee2
-
.
--2
.
1e
.
.
0e
1e-
-
1e
--2
000.e
0e
abc
1e
-
-
++1
1e
000.e
e10
+
1e
.
++1
-
0e
1ee2
1.2.3
1e+
1e+
1e
+
+
1e
abc
.
1.2.3
0e
0e
1e+
1ee2
++1
e10
000.e
0e
1e-
-
--2
1e
abc
--2
1e+
000.e
--2
++1
.
0e
000.e
-
1e
1e+
1.2.3
abc
.
+
-
+
1ee2
e10
1e+
1e-
-
0e
1ee2
1.2.3
.
+
+
e10
0e
1e+
abc
1ee2
+
1.2.3
1e+
1e-
+
1e
0e
-
1ee2
0e
-
++1
e10
--2
000.e
.
++1
1e+
--2
.
.
1e
1e-
000.e
1e-
.
.
000.e
++1
+
000.e
0e
0e
.
1e
000.e
e10
000.e
1e+
1e+
abc
000.e
+
1e
abc
abc
-
abc
--2
--2
1e
000.e
+
++1
1.2.3
1e-
1e
1e+
1ee2
abc
1e-
e10
-
1e
e10
e10
--2
1e-
000.e
1ee2
000.e
-
e10
e10
000.e
--2
.
++1
+
1.2.3
1ee2
--2
0e
1e
1e
1e-
1e-
0e
--2
++1
+
e10
+
1e
0e
++1
e10
1e
+
1e+
000.e
000.e
0e
-
1.2.3
+
1e+
-
+
.
1e-
+
1e-
1e
++1
+
1.2.3
000.e
.
0e
1.2.3
+
1ee2
e10
++1
.
-
+
-
++1
++1
1ee2
1.2.3
--2
++1
000.e
++1
1ee2
-
0e
000.e
+
1ee2
-
1e-
1e-
.
1.2.3
abc
e10
1ee2
1e
.
++1
e10
0e
e10
abc
++1
1ee2
0e
e10
1ee2
0e
+
.
1.2.3
++1
1e
1.2.3
e10
1e
++1
1e-
+
e10
1e+
1e-
abc
0e
1e+
1.2.3
000.e
++1
abc
abc
.
1.2.3
000.e
abc
1ee2
+
1e-
1e+
1e+
.
abc
1e-
1.2.3
000.e
1.2.3
++1
1e+
1ee2
-
abc
abc
-
1e-
1e
000.e
1e+
1e+
-
--2
1e+
.
1.2.3
e10
abc
1e-
-
-
1e+
000.e
1ee2
1.2.3
.
abc
-
+
1ee2
++1
1.2.3
.
0e
.
1e
abc
abc
--2
abc
1.2.3
abc
1e
abc
+
000.e
e10
1e+
1e
--2
e10
+
1.2.3
abc
--2
1ee2
0e
+
abc
1e
1e
1e-
.
-
--2
-
-
+
.
000.e
1e-
++1
1e
1.2.3
-
0e
0e
abc
.
1.2.3
e10
0e
1e+
--2
.
-
e10
.
+
.
abc
-
e10
-
+
++1
0e
1e
000.e
1e+
0e
0e
--2
++1
--2
+
++1
1e
0e
+
.
000.e
1e+
1.2.3
++1
--2
+
1.2.3
+
000.e
0e
1e
1e+
e10
e10
+
-
1e+
++1
--2
1ee2
1.2.3
++1
.
--2
1.2.3
0e
+
1e+
.
abc
000.e
1.2.3
-
--2
0e
++1
1e
+
1e
abc
+
000.e
--2
e10
+
.
++1
--2
--2
--2
--2
++1
-
1e-
1e
--2
1e+
.
0e
0e
+
abc
0e
e10
-
abc
1.2.3
+
1e+
0e
-
e10
1ee2
e10
0e
1e+
1e-
1ee2
.
+
1e+
1e
1.2.3
e10
++1
-
++1
-
-
--2
-
1e
1.2.3
abc
-
abc
0e
000.e
1e
-
1e-
1.2.3
abc
-
--2
1e-
+
.
+
1e-
e10
+
--2
-
1ee2
-
--2
1e-
++1
1.2.3
e10
-
1e+
1ee2
1e+
0e
++1
1ee2
000.e
000.e
-
000.e
++1
1e
++1
1e
000.e
abc
1ee2
.
+
1e-
.
--2
1.2.3
0e
-
.
e10
1ee2
abc
1ee2
1ee2
1e-
1e
+
.
1.2.3
1ee2
abc
++1
+
1e
000.e
1e-
0e
1e-
0e
++1
+
1e+
-
++1
000.e
1ee2
1e-
e10
e10
+
1e
1.2.3
-
0e
+
++1
0e
1e+
++1
000.e
+
++1
0e
1.2.3
abc
1ee2
e10
1e
1e-
1ee2
0e
1.2.3
++1
-
--2
++1
.
1e
000.e
.
1e-
++1
--2
+
e10
abc
abc
1e-
1.2.3
1.2.3
1e+
1.2.3
e10
++1
1e
1e-
1e-
0e
e10
+
abc
1ee2
--2
++1
1e+
-
0e
1ee2
000.e
1e
1.2.3
e10
+
--2
1.2.3
1ee2
+
0e
1.2.3
-
e10
e10
-
e10
--2
e10
1e-
.
1e
1e-
e10
1e+
000.e
+
++1
1e+
++1
1e
-
1.2.3
1e
.
1ee2
1.2.3
1e+
1e
000.e
1e-
abc
1e-
000.e
+
abc
1e-
+
-
1e+
+
+
1ee2
1.2.3
1e-
++1
1e-
++1
+
0e
1e-
-
.
0e
1e
+
e10
e10
0e
1e+
1.2.3
1e
++1
1.2.3
1e
1e
e10
++1
.
--2
1ee2
.
0e
000.e
1e+
-
1e
1e-
++1
.
1.2.3
1e
+
1e+
--2
000.e
000.e
-
1ee2
--2
++1
--2
1e+
1.2.3
--2
++1
0e
000.e
+
--2
+
--2
abc
1e+
1ee2
abc
1e-
1e-
1e+
e10
1.2.3
1.2.3
1.2.3
--2
1e
+
--2
1ee2
--2
-
1e
1e+
e10
abc
--2
1e
e10
000.e
-
000.e
1ee2
--2
+
1e-
abc
--2
abc
1e
abc
-
+
--2
000.e
.
1e-
1e+
1e
1e+
1e-
--2
.
+
--2
000.e
0e
1e+
1e+
0e
1e-
+
000.e
++1
1e+
1e+
+
000.e
.
1.2.3
1ee2
++1
e10
++1
0e
1e
1.2.3
1ee2
abc
1e
-
e10
000.e
1e+
.
1ee2
1e-
000.e
1e
0e
1e
++1
-
1e+
1e
000.e
0e
.
e10
1.2.3
1e-
.
e10
0e
.
0e
.
1e+
e10
.
--2
e10
abc
++1
000.e
e10
--2
++1
.
--2
+
+
1ee2
1e
+
-
++1
.
e10
1e
000.e
.
1.2.3
1ee2
--2
.
1.2.3
-
e10
--2
1e
000.e
1.2.3
1ee2
1ee2
.
.
--2
0e
--2
1e+
.
++1
e10
1.2.3
-
.
++1
-
1e-
1e-
++1
1ee2
1e
1.2.3
e10
1e-
--2
0e
+
1.2.3
e10
0e
1e+
1e
.
000.e
1e
+
+
1.2.3
+
abc
-
000.e
1ee2
0e
1e
1e-
+
-
0e
1e
1e-
--2
-
.
--2
1e+
.
1e+
000.e
--2
1e
1.2.3
1e+
-
000.e
1.2.3
1.2.3
1e+
1ee2
000.e
--2
1e+
e10
1ee2
1e+
0e
1e-
000.e
0e
000.e
0e
-
000.e
+
1.2.3
abc
+
-
1e
e10
.
--2
1e
+
1e
.
1e+
--2
+
-
+
++1
000.e
1e-
-
+
--2
e10
--2
abc
1.2.3
1e
1e+
000.e
.
1e
++1
1e+
+
++1
1.2.3
1e-
1e-
0e
1ee2
1ee2
abc
abc
000.e
-
1e
e10
000.e
+
-
.
1e-
1ee2
1.2.3
1ee2
1.2.3
.
abc
--2
000.e
--2
++1
1ee2
abc
--2
+
.
-
-
1e+
++1
000.e
1e
1e+
+
-
0e
abc
--2
1e-
1.2.3
--2
1e+
000.e
1e
.
+
1e+
0e
1.2.3
+
abc
++1
1e+
000.e
++1
--2
1.2.3
1e+
e10
e10
.
.
-
e10
1e+
1e-
1e-
-
--2
++1
-
.
1e+
1e
e10
--2
+
000.e
1.2.3
-
000.e
1e-
--2
1ee2
0e
1ee2
000.e
-
+
1e
+
1e-
abc
e10
++1
abc
1e+
1.2.3
1e+
-
1ee2
1ee2
++1
-
1ee2
.
abc
++1
abc
1e-
1e+
.
++1
abc
++1
.
--2
--2
000.e
0e
e10
e10
1.2.3
+
.
1e+
000.e
e10
e10
++1
abc
1ee2
--2
--2
e10
abc
+
1e+
--2
0e
1e
e10
+
1ee2
.
.
--2
.
1.2.3
.
-
1e
++1
000.e
1ee2
1e-
1e-
e10
000.e
++1
0e
1e
0e
.
.
+
0e
1e
.
1e-
1e-
-
.
++1
1ee2
1e
0e
1e+
1e-
1e
1e
1.2.3
-
1.2.3
1e
1e-
-
+
+
1.2.3
1e
1.2.3
-
--2
1.2.3
1e+
0e
-
.
++1
-
1e+
000.e
1e
-
e10
e10
+
--2
000.e
0e
-
--2
-
abc
1e-
1e
++1
1e-
1e-
0e
000.e
0e
0e
0e
1ee2
1e-
-
0e
-
0e
0e
abc
+
++1
1e-
1e+
abc
-
1e-
++1
abc
--2
+
1e
0e
.
1.2.3
-
++1
abc
1.2.3
+
++1
--2
1e-
1ee2
.
1.2.3
1e-
--2
1e
1e-
1e
++1
1ee2
1ee2
+
+
1e-
abc
abc
000.e
e10
abc
1e
1e-
1ee2
1e+
e10
0e
.
-
1.2.3
abc
000.e
1e-
e10
--2
1.2.3
1.2.3
-
1.2.3
1e-
000.e
0e
000.e
+
+
1e+
-
1e+
1e-
1ee2
1e-
000.e
abc
000.e
e10
+
e10
.
e10
--2
1e+
+
.
+
+
.
+
0e
.
1e+
++1
-
000.e
1e-
000.e
1.2.3
--2
e10
-
-
++1
++1
000.e
++1
-
1ee2
1e-
1e-
1e
000.e
0e
000.e
1e-
++1
1e
1e
--2
--2
1ee2
++1
e10
abc
0e
++1
.
++1
000.e
1ee2
1.2.3
1e-
--2
0e
--2
1ee2
000.e
-
1e+
e10
000.e
1.2.3
1e-
++1
+
e10
1e
e10
0e
--2
abc
+
1.2.3
1e-
.
1e-
000.e
abc
1ee2
e10
1e+
1ee2
000.e
000.e
1ee2
+
-
1e+
++1
--2
1e+
1e+
+
abc
000.e
1e-
++1
1e-
e10
1e-
1ee2
1ee2
+
1e-
0e
.
+
1.2.3
1.2.3
000.e
--2
-
.
1.2.3
++1
1ee2
+
1.2.3
1e+
1.2.3
1e-
1e+
e10
0e
1.2.3
1.2.3
--2
000.e
e10
abc
abc
1e
1e-
000.e
+
0e
1e-
.
+
0e
e10
1ee2
1ee2
0e
0e
--2
e10
abc
1e-
1e+
abc
.
++1
--2
e10
0e
000.e
000.e
-
+
000.e
1e-
++1
1e
++1
1ee2
000.e
+
+
1ee2
+
1e+
1e
--2
abc
1e+
000.e
.
1e-
--2
1ee2
1.2.3
1ee2
1e-
0e
-
abc
abc
1e+
.
.
.
--2
e10
.
1e+
abc
1e+
1.2.3
000.e
0e
.
abc
e10
1.2.3
1.2.3
1e
1e+
1e-
1ee2
1e-
++1
1e+
++1
1ee2
e10
+
1.2.3
1e-
1e+
abc
1e-
1e-
1e-
1e-
e10
++1
--2
1ee2
1e
.
--2
--2
++1
+
1ee2
1.2.3
.
1ee2
--2
1.2.3
000.e
-
0e
1e
+
--2
1.2.3
1e-
.
abc
--2
.
--2
abc
1e-
+
1e+
1e
0e
0e
000.e
+
+
++1
1e-
0e
-
1e
0e
0e
-
1ee2
e10
++1
++1
++1
+
1ee2
1.2.3
e10
-
0e
0e
+
abc
.
1.2.3
000.e
-
++1
0e
0e
--2
-
abc
--2
--2
-
000.e
--2
0e
1e-
-
abc
+
-
0e
--2
abc
1e
1ee2
abc
000.e
+
1.2.3
+
0e
.
1e+
e10
1e-
e10
1e
-
1ee2
+
1e-
000.e
abc
0e
e10
--2
1.2.3
1e-
1.2.3
1e
abc
1e-
0e
1.2.3
.
++1
1.2.3
1e+
1.2.3
1e+
1ee2
+
1e-
0e
+
++1
1.2.3
++1
abc
abc
1e
e10
+
.
1e-
.
1.2.3
0e
1e-
e10
abc
abc
e10
1.2.3
1.2.3
1e+
0e
000.e
.
.
-
1e
.
e10
1e
++1
-
--2
+
1e+
1e
++1
1e+
-
1ee2
000.e
0e
+
--2
--2
.
0e
1ee2
-
+
--2
0e
1e-
1e+
1e+
1e-
1ee2
abc
1.2.3
1ee2
--2
.
.
-
000.e
abc
0e
0e
0e
1e-
1e+
1e+
1e-
e10
.
000.e
1e
.
--2
--2
1ee2
1.2.3
abc
+
1e-
1.2.3
e10
1e
-
-
++1
.
++1
1e-
0e
abc
000.e
--2
++1
e10
0e
e10
.
+
++1
1e-
+
-
1.2.3
1e
--2
000.e
-
000.e
1.2.3
--2
abc
-
e10
++1
1.2.3
1e
++1
1.2.3
-
++1
1.2.3
.
abc
--2
e10
++1
1e
1e+
abc
0e
1e+
.
abc
0e
--2
1.2.3
-
++1
1e-
++1
000.e
1ee2
1e-
1e
1e-
1ee2
000.e
1ee2
0e
0e
1e
000.e
abc
e10
abc
.
1e-
0e
--2
1e+
1e
1e-
1.2.3
1e
1ee2
--2
--2
000.e
+
++1
0e
000.e
++1
1e+
0e
abc
1e
1e
1e
abc
1ee2
++1
e10
1e+
++1
--2
e10
abc
-
.
1.2.3
+
+
+
000.e
1ee2
.
1e+
1e
abc
-
1e
1e-
0e
+
000.e
000.e
abc
e10
1ee2
.
1e
-
-
--2
+
e10
+
-
.
1ee2
0e
++1
abc
--2
1ee2
1ee2
1e
.
+
++1
++1
1e
1e+
1e+
--2
0e
1.2.3
0e
000.e
+
abc
+
1e-
000.e
1e-
+
0e
1.2.3
.
1e
1.2.3
1e-
1e
000.e
1.2.3
1e-
+
.
000.e
000.e
0e
+
1ee2
++1
e10
1e+
1.2.3
1.2.3
000.e
--2
0e
.
e10
000.e
e10
abc
1e-
abc
1.2.3
--2
--2
1ee2
1e-
1ee2
000.e
-
1e-
.
1e
+
--2
-
1e+
++1
1e
.
+
--2
000.e
1.2.3
1.2.3
e10
1e+
1ee2
abc
1e-
.
1e
0e
.
e10
1ee2
1ee2
e10
.
e10
e10
000.e
1ee2
1.2.3
--2
1e
000.e
0e
1ee2
-
1ee2
0e
1ee2
abc
000.e
++1
1e-
1e
-
1ee2
1ee2
++1
abc
e10
+
1ee2
++1
abc
+
.
0e
000.e
0e
1e
.
.
e10
abc
abc
+
1e+
e10
e10
1e+
000.e
e10
+
abc
1ee2
0e
1ee2
000.e
.
+
1e-
++1
-
1.2.3
abc
.
000.e
1.2.3
1e
1e
000.e
1.2.3
1e-
1e
--2
-
1.2.3
1ee2
-
000.e
1.2.3
000.e
abc
000.e
e10
0e
1ee2
-
abc
abc
.
--2
.
1ee2
1.2.3
0e
e10
e10
--2
000.e
-
+
++1
.
1e-
e10
--2
1e-
++1
+
e10
1ee2
0e
000.e
1e
1e
000.e
1e+
000.e
-
++1
000.e
1ee2
abc
000.e
+
0e
.
.
0e
1.2.3
+
1e-
1e+
.
000.e
0e
+
1e+
1ee2
.
abc
.
--2
1e+
+
0e
+
-
1ee2
-
abc
1.2.3
abc
.
+
000.e
000.e
--2
1e
--2
1ee2
++1
+
1e-
1e+
1e+
+
0e
1ee2
1ee2
000.e
-
0e
+
1e
1e
-
++1
e10
-
.
1.2.3
000.e
abc
e10
-
+
1e+
+
e10
1.2.3
1.2.3
-
1e
abc
0e
abc
abc
1e+
--2
--2
1.2.3
1e-
+
--2
1.2.3
1e+
000.e
-
+
1e-
e10
-
+
abc
0e
1e-
e10
--2
1e
1ee2
000.e
000.e
-
++1
abc
e10
++1
1.2.3
.
1e-
1e-
0e
0e
--2
e10
abc
1.2.3
-
.
1.2.3
0e
1ee2
1ee2
1ee2
--2
++1
-
+
1e-
0e
1ee2
++1
e10
.
1ee2
e10
-
++1
1e+
1ee2
1.2.3
++1
--2
-
++1
1.2.3
-
--2
1ee2
+
0e
++1
++1
--2
++1
+
1.2.3
1ee2
1e+
.
+
1e
-
1ee2
1.2.3
abc
--2
1e
1ee2
e10
e10
0e
1.2.3
1e-
1ee2
1.2.3
1.2.3
e10
-
--2
.
++1
.
1e-
1e+
1ee2
--2
1e+
1.2.3
1e
1e
+
abc
-
1.2.3
1e
000.e
-
--2
.
e10
1.2.3
+
++1
--2
000.e
1ee2
abc
1ee2
1.2.3
++1
1e+
--2
1e-
000.e
++1
1.2.3
0e
--2
000.e
1ee2
1ee2
abc
.
1.2.3
0e
+
+
1e
abc
000.e
abc
--2
1e
000.e
++1
1.2.3
1e+
.
1e+
000.e
e10
1.2.3
1e
--2
0e
-
1ee2
.
-
1e+
1e
1e+
abc
--2
-
1.2.3
1e
.
0e
1.2.3
++1
--2
1ee2
+
1ee2
e10
+
+
abc
1.2.3
1e-
1e
1e-
abc
--2
-
1.2.3
--2
++1
1.2.3
1.2.3
-
abc
1e
1e-
++1
1e+
1e+
1.2.3
e10
abc
1e
000.e
-
.
+
0e
1.2.3
1e
1e-
000.e
e10
.
+
e10
++1
e10
e10
0e
++1
0e
-
000.e
abc
.
++1
.
.
++1
abc
--2
-
1e
1e+
e10
.
e10
1e+
0e
000.e
+
++1
+
+
+
--2
1ee2
0e
0e
++1
.
1e
--2
e10
abc
++1
1.2.3
.
-
.
abc
1.2.3
e10
--2
000.e
1.2.3
-
--2
++1
1e+
+
1e
--2
1e+
1ee2
1.2.3
.
1e
++1
abc
--2
.
1.2.3
e10
1e-
1e+
1ee2
--2
++1
1.2.3
.
1e
0e
-
e10
-
--2
--2
1.2.3
000.e
abc
1ee2
-
--2
1e+
e10
1ee2
000.e
1e
+
--2
e10
1e
.
1e-
1e+
1.2.3
1e
1e+
1ee2
1e+
e10
++1
1e-
000.e
1e
0e
1.2.3
1ee2
e10
-
-
--2
+
1ee2
1e
-
1e-
--2
1e
1e-
--2
1ee2
e10
1ee2
000.e
1.2.3
0e
++1
1e+
1ee2
1ee2
1.2.3
-
0e
--2
1e+
e10
++1
1ee2
0e
--2
1e
.
-
1e
+
000.e
-
1e
1e+
.
abc
--2
0e
e10
1e-
e10
1ee2
++1
++1
000.e
e10
1ee2
1e-
1e-
1e+
1e
.
000.e
+
--2
1e+
--2
.
-
1.2.3
1e
1.2.3
.
e10
1e-
1e
0e
e10
000.e
000.e
1e
1ee2
1ee2
000.e
e10
abc
1.2.3
000.e
000.e
--2
.
.
e10
1e
abc
1e-
1e-
.
-
--2
--2
+
0e
e10
1e
+
1ee2
1.2.3
-
--2
+
.
000.e
1.2.3
1.2.3
.
--2
000.e
1e-
abc
++1
1e-
+
1ee2
-
--2
1ee2
1e+
0e
e10
0e
--2
abc
1ee2
1.2.3
1.2.3
--2
1e
+
++1
-
++1
.
1ee2
1e
1e
000.e
+
abc
.
abc
--2
++1
000.e
000.e
1e+
000.e
000.e
+
abc
e10
1.2.3
.
1ee2
+
e10
0e
000.e
++1
0e
000.e
1e-
e10
abc
.
abc
--2
1ee2
.
e10
1ee2
--2
1e
1.2.3
1e-
.
0e
abc
--2
1ee2
--2
e10
1e-
abc
0e
1e+
.
.
000.e
.
--2
000.e
1e+
.
++1
abc
1e-
0e
1ee2
-
+
1e+
000.e
+
0e
--2
1.2.3
1.2.3
-
abc
1e-
1.2.3
1ee2
-
1e+
abc
-
1.2.3
1e
-
.
.
1e
.
-
0e
1.2.3
++1
1e-
1e
--2
1e
1.2.3
-
++1
.
-
abc
0e
++1
1e
0e
000.e
++1
0e
1ee2
1e
000.e
e10
1e-
0e
+
1e-
++1
1e
-
1e+
.
0e
.
--2
1e+
0e
0e
e10
0e
e10
1e
--2
1e
++1
+
1ee2
0e
+
e10
1e+
1e+
000.e
++1
--2
-
1e
++1
abc
000.e
000.e
+
.
--2
1e-
0e
0e
1e
1ee2
e10
1e
1e
abc
abc
1e+
-
e10
+
1e+
1ee2
++1
-
e10
000.e
e10
-
1ee2
0e
.
e10
000.e
1ee2
--2
.
--2
abc
1e+
000.e
1e+
+
1e-
++1
0e
--2
+
e10
000.e
.
0e
1ee2
1e-
e10
-
.
+
0e
000.e
.
1ee2
.
1e
-
1ee2
-
1ee2
--2
0e
abc
000.e
1e
1e
-
000.e
+
1ee2
--2
1e
000.e
0e
+
++1
1ee2
1e+
1e
1e+
--2
.
--2
000.e
1ee2
+
1.2.3
abc
1e-
++1
000.e
+
++1
e10
e10
1e+
++1
e10
--2
--2
++1
+
0e
--2
++1
+
e10
1.2.3
e10
000.e
1e+
1.2.3
--2
+
0e
1ee2
+
++1
abc
+
--2
1.2.3
000.e
1e
1e-
.
abc
1e
++1
++1
.
e10
abc
000.e
--2
++1
1e-
--2
abc
000.e
e10
1.2.3
1e+
--2
000.e
.
+
+
1.2.3
1ee2
1e+
1.2.3
-
+
++1
0e
1.2.3
.
+
1ee2
abc
1.2.3
.
000.e
000.e
000.e
.
0e
+
++1
1e
1e
1e
e10
+
1e-
+
-
+
1e-
1e-
1e-
1.2.3
++1
abc
--2
1.2.3
-
1ee2
1ee2
1e
000.e
abc
.
1.2.3
++1
0e
000.e
1e
1ee2
1e
000.e
e10
0e
1.2.3
1e
-
1e-
abc
.
0e
-
1ee2
1e+
000.e
1e-
.
1e
1ee2
1e-
.
++1
1ee2
e10
++1
0e
000.e
+
abc
+
1e-
-
1e-
1e-
1ee2
1.2.3
--2
abc
--2
1ee2
1.2.3
1.2.3
+
1ee2
1ee2
0e
0e
+
1ee2
e10
++1
1.2.3
000.e
++1
000.e
1e-
1e-
1e
abc
e10
-
1.2.3
1e
.
1e-
000.e
1e-
000.e
1e+
000.e
1.2.3
000.e
1ee2
1ee2
+
1.2.3
abc
-
--2
1ee2
-
-
.
0e
+
++1
1e-
++1
0e
+
0e
000.e
1ee2
--2
--2
1e
abc
+
0e
1e+
+
1e+
0e
++1
+
1e
1ee2
1e+
abc
abc
abc
e10
1ee2
0e
e10
1e
1e+
1e+
e10
--2
000.e
1e+
abc
.
--2
.
.
1.2.3
++1
abc
e10
.
1e
.
000.e
e10
0e
000.e
--2
e10
++1
e10
+
--2
abc
0e
1e
++1
1.2.3
1e
1.2.3
--2
1e-
0e
+
1e
-
e10
1.2.3
000.e
-
--2
--2
1e-
.
1e
abc
abc
-
.
.
1e+
0e
1e-
.
abc
000.e
1e+
1e-
1e
+
--2
e10
1e
1e-
--2
1e
1e+
--2
.
e10
1.2.3
--2
abc
1ee2
1.2.3
++1
+
1.2.3
abc
0e
-
+
--2
--2
1.2.3
1e+
abc
-
1e+
++1
++1
e10
1.2.3
1e+
000.e
abc
-
--2
+
1e+
+
--2
-
1e-
1e
1.2.3
000.e
++1
1ee2
0e
000.e
e10
+
000.e
++1
1e+
--2
e10
1.2.3
1e
.
e10
1e
000.e
++1
e10
.
1ee2
-
++1
1.2.3
000.e
--2
1e+
1e+
e10
0e
000.e
1e
.
1ee2
+
1e-
-
1ee2
000.e
abc
e10
0e
--2
1e-
--2
0e
+
e10
000.e
.
.
1e+
--2
1e
0e
abc
+
++1
0e
+
1.2.3
--2
--2
.
1e
1.2.3
++1
1e-
1e+
abc
0e
1ee2
1e+
.
1.2.3
1e
1e+
1e-
e10
--2
000.e
+
.
abc
--2
++1
++1
--2
0e
++1
+
1e+
0e
--2
1e-
+
e10
1e+
1ee2
1e+
0e
000.e
+
1e+
e10
1e+
1ee2
++1
-
e10
0e
.
1.2.3
--2
--2
e10
+
1e+
1ee2
--2
1e+
e10
1e
1e
000.e
000.e
1.2.3
++1
1ee2
abc
++1
000.e
1e+
1e
1e
.
+
--2
1e
abc
+
000.e
1e+
e10
1e
-
e10
.
e10
0e
1ee2
0e
1e-
000.e
-
-
+
0e
0e
1e-
.
0e
0e
--2
1e
-
-
1e+
0e
000.e
1e+
+
1e-
0e
++1
e10
1e+
.
+
1.2.3
abc
.
.
-
1.2.3
1e-
1e+
--2
1ee2
1ee2
1.2.3
e10
000.e
1e-
1e-
1e
1e
1e-
--2
e10
-
1.2.3
1.2.3
1e
1ee2
-
1.2.3
abc
1e+
e10
+
e10
+
-
.
000.e
1e
.
abc
000.e
1e+
1e+
1.2.3
1e
e10
0e
abc
1e
.
+
1.2.3
1ee2
+
+
1e+
e10
1e
1e-
.
-
++1
000.e
abc
++1
++1
1ee2
1e
e10
000.e
1e-
.
1.2.3
1e
abc
--2
e10
e10
e10
1ee2
1e
1e-
--2
+
1e+
e10
000.e
1e
1e
++1
1ee2
1.2.3
.
.
e10
000.e
1e-
1e
e10
abc
1.2.3
abc
++1
1.2.3
.
e10
-
--2
0e
1ee2
1.2.3
000.e
.
1e+
--2
++1
++1
.
-
-
000.e
1e+
+
1ee2
000.e
1e+
1ee2
1ee2
1ee2
-
.
0e
e10
1e-
e10
+
000.e
1e+
abc
++1
abc
++1
++1
--2
1e
++1
--2
+
+
-
1ee2
e10
1ee2
++1
1.2.3
e10
++1
1e+
.
0e
0e
.
abc
1.2.3
abc
-
1e
1.2.3
abc
--2
1.2.3
++1
++1
.
-
e10
+
1e
abc
e10
000.e
1ee2
e10
.
e10
--2
1e
0e
0e
--2
.
1e+
+
0e
+
+
.
++1
0e
0e
-
1e+
000.e
1ee2
--2
-
1.2.3
000.e
.
1ee2
1e
abc
1ee2
.
abc
abc
000.e
1e+
+
.
1e
.
+
++1
+
--2
+
-
000.e
1.2.3
1ee2
1.2.3
1ee2
.
+
000.e
.
1ee2
e10
1e
1e-
-
0e
e10
abc
.
1ee2
+
000.e
1e
000.e
000.e
1.2.3
1e+
--2
1e
.
0e
+
+
0e
--2
1.2.3
+
e10
++1
abc
1e
--2
abc
1e+
.
0e
--2
000.e
000.e
+
1e+
0e
1e+
1e
0e
1e
--2
000.e
.
e10
abc
1e+
.
1ee2
000.e
+
++1
1e-
--2
+
1e
1.2.3
abc
1ee2
1ee2
-
-
-
++1
1e
1ee2
1e-
abc
0e
--2
1e+
1e
+
1e+
0e
000.e
++1
--2
abc
1e+
1.2.3
1e
-
e10
0e
0e
1e
1e+
abc
1.2.3
1e+
.
1e-
.
abc
0e
1e+
--2
+
1e
1e-
abc
-
000.e
1e-
1ee2
000.e
0e
--2
1e+
0e
000.e
+
0e
--2
.
-
--2
1e
1ee2
++1
+
e10
0e
1.2.3
-
1e+
+
0e
0e
+
++1
--2
++1
1e+
e10
1ee2
abc
e10
abc
1ee2
0e
abc
0e
1ee2
1ee2
000.e
-
++1
++1
+
1e-
1e
000.e
1ee2
1e
1ee2
1.2.3
1ee2
e10
1.2.3
1e
e10
++1
1e-
e10
-
1e
1e-
.
+
++1
1ee2
e10
1ee2
e10
1e-
+
1ee2
1.2.3
1e
1.2.3
1ee2
000.e
e10
1e+
1ee2
1e-
0e
--2
000.e
0e
abc
1e+
abc
++1
abc
abc
1e-
-
++1
1e
0e
++1
++1
abc
1e
0e
-
000.e
e10
000.e
1e+
--2
1.2.3
.
1.2.3
1.2.3
1ee2
+
000.e
1ee2
0e
000.e
1ee2
1.2.3
1ee2
++1
1ee2
abc
1e-
000.e
++1
-
abc
--2
e10
++1
--2
.
1e+
1e
++1
++1
abc
1e
+
--2
0e
-
+
1.2.3
1ee2
1e
+
e10
++1
abc
1.2.3
abc
e10
1e-
--2
1e-
abc
1e
++1
+
000.e
.
1e-
0e
-
1e+
000.e
1.2.3
000.e
e10
-
e10
--2
1e
1e
1e+
--2
1e+
1.2.3
abc
1ee2
++1
.
000.e
.
0e
1.2.3
1e-
000.e
1e+
-
1ee2
++1
1ee2
1.2.3
++1
abc
1e
--2
e10
-
1.2.3
1e+
1e-
1ee2
.
--2
++1
0e
1e
+
abc
++1
e10
--2
--2
1ee2
1e
e10
-
1e
1e-
0e
1e+
abc
1e+
1.2.3
1e
--2
.
-
abc
1.2.3
--2
--2
++1
1e-
1e-
1ee2
++1
abc
-
++1
++1
1.2.3
++1
1.2.3
0e
1.2.3
0e
abc
1e+
1.2.3
1.2.3
1e
1ee2
1ee2
1e+
abc
1e
+
1e
-
--2
e10
1e
1.2.3
1e+
000.e
-
+
1e
abc
-
.
000.e
1e
e10
.
1ee2
1e+
1e+
abc
1e
1e+
e10
0e
1e
--2
1e
e10
1ee2
1e+
1e-
0e
++1
abc
-
++1
.
1e
1.2.3
000.e
e10
+
1e
1.2.3
e10
+
000.e
-
1.2.3
--2
1ee2
1e
-
abc
e10
1.2.3
1.2.3
e10
-
e10
abc
-
++1
.
abc
1e+
1e
--2
0e
1e
.
e10
+
1ee2
abc
abc
+
abc
000.e
++1
1e
.
abc
--2
1e+
.
000.e
abc
1e+
--2
+
.
.
1.2.3
000.e
+
000.e
-
--2
1ee2
--2
-
1ee2
1e-
++1
abc
abc
-
-
.
000.e
+
1e
1e+
.
1e
abc
1ee2
+
e10
++1
1e-
abc
0e
1e+
-
abc
++1
+
1e+
1e+
++1
1.2.3
1.2.3
abc
1ee2
abc
.
1e+
.
1.2.3
000.e
1e
1ee2
1e+
0e
1e+
1e-
abc
1.2.3
0e
abc
1.2.3
.
000.e
1e+
000.e
1ee2
000.e
--2
++1
1e+
e10
1e+
-
1.2.3
000.e
1ee2
0e
1e-
0e
++1
1e+
1e
1e-
++1
.
e10
e10
--2
1ee2
.
++1
1e+
1e
1e-
--2
++1
.
+
000.e
0e
e10
1.2.3
-
0e
abc
0e
abc
000.e
0e
000.e
--2
e10
1e-
1ee2
1e+
1e+
.
1.2.3
-
-
1ee2
--2
0e
0e
abc
1e+
+
1e+
000.e
.
0e
.
+
+
1e
1e
1e
1e+
+
000.e
--2
abc
+
1.2.3
-
+
.
0e
e10
1e+
1.2.3
abc
1e
000.e
1ee2
000.e
e10
000.e
+
--2
--2
1e+
1e-
1e
1e
0e
+
++1
abc
1e-
.
1e-
1.2.3
e10
++1
abc
0e
1e
e10
+
000.e
1e-
++1
abc
000.e
.
000.e
-
-
++1
-
e10
1ee2
1.2.3
1e-
+
+
000.e
abc
e10
.
++1
e10
+
1ee2
-
1.2.3
1e-
1.2.3
abc
-
1e
1e-
abc
+
1e-
.
1e-
++1
1e-
1.2.3
++1
1e
000.e
0e
000.e
-
e10
0e
1ee2
+
+
1e-
1ee2
--2
abc
000.e
++1
0e
1ee2
1.2.3
1.2.3
.
1e-
.
1e+
1e+
.
1.2.3
0e
1e-
1e
e10
e10
++1
1.2.3
++1
++1
.
1e
++1
++1
+
1e-
e10
1e
1ee2
1.2.3
+
0e
000.e
-
abc
++1
1e+
e10
0e
0e
0e
++1
+
1e-
1e
1ee2
--2
1e+
1e-
1e-
000.e
.
-
1e-
1e
--2
1e-
1e+
-
++1
0e
1e+
++1
e10
1.2.3
e10
.
--2
000.e
e10
.
--2
1e-
abc
.
1e+
e10
+
--2
e10
1e+
1ee2
abc
1ee2
1ee2
000.e
000.e
abc
+
000.e
--2
1e+
000.e
1ee2
--2
e10
abc
-
1.2.3
-
-
abc
1ee2
1e+
1e-
1e+
++1
e10
.
-
+
1ee2
e10
000.e
--2
1e
1ee2
++1
+
abc
0e
1.2.3
abc
1e
1.2.3
.
1e+
000.e
1e-
-
abc
+
abc
+
1e
+
000.e
1.2.3
++1
--2
1ee2
--2
1e
+
1e
1e-
++1
-
1e-
1ee2
0e
1.2.3
000.e
000.e
1e
--2
.
abc
-
.
++1
1e
+
--2
.
0e
1ee2
1e
1e-
1e+
1e-
1.2.3
1e
1e-
0e
.
-
1e-
+
++1
e10
1e-
--2
1e-
+
e10
1e+
--2
0e
1e+
1.2.3
1.2.3
000.e
++1
1e+
1e-
+
--2
.
1ee2
++1
e10
1e-
000.e
0e
++1
1e+
1e-
1e-
0e
0e
0e
e10
--2
000.e
000.e
e10
-
-
1e-
1.2.3
.
+
--2
000.e
1.2.3
1e
--2
1e+
1e-
+
+
1e+
e10
1.2.3
1e-
1e+
000.e
.
1.2.3
1e-
0e
abc
++1
0e
e10
e10
0e
+
1e+
+
1ee2
1.2.3
1ee2
.
--2
0e
1ee2
abc
+
1e+
abc
1.2.3
1e+
1e
-
.
1ee2
-
1e-
abc
1.2.3
e10
1e+
.
000.e
.
+
1ee2
000.e
+
e10
000.e
000.e
1.2.3
1.2.3
1.2.3
e10
000.e
1e-
++1
1ee2
1ee2
1e-
e10
+
-
e10
1e+
abc
.
--2
000.e
-
+
--2
000.e
abc
--2
abc
0e
000.e
1e+
1e
abc
-
1e
1ee2
abc
1.2.3
-
abc
1e+
abc
1e
0e
1ee2
-
1ee2
000.e
1e+
abc
1.2.3
1e
1.2.3
+
+
1e+
0e
1e+
1.2.3
1e
+
1ee2
000.e
1e+
1e
1e+
--2
1e
1.2.3
1e
++1
--2
1e-
-
000.e
e10
++1
1ee2
-
abc
-
.
1e-
-
.
1e+
-
1e
+
1.2.3
000.e
.
1e
.
000.e
-
000.e
.
000.e
1e
0e
+
abc
e10
-
+
abc
1e
-
-
1e
++1
++1
1ee2
1ee2
000.e
1e+
.
000.e
0e
+
1.2.3
1e+
-
0e
1e+
-
.
1e-
+
1e+
abc
000.e
1e+
e10
1e+
abc
1e+
000.e
000.e
1.2.3
--2
+
e10
1e
-
0e
1e+
.
1e
--2
000.e
+
abc
1e
1e+
1e
e10
--2
0e
1e
1ee2
1.2.3
e10
++1
1ee2
abc
1e+
1.2.3
+
1e-
.
abc
1.2.3
-
1ee2
abc
--2
1ee2
1e+
1e+
1e
-
--2
1.2.3
1e-
000.e
++1
000.e
1e-
1e-
000.e
.
-
.
.
000.e
000.e
1e-
e10
-
++1
000.e
1ee2
e10
1ee2
.
e10
e10
1ee2
1e+
--2
.
+
.
1.2.3
.
e10
000.e
+
.
--2
++1
000.e
++1
000.e
e10
abc
--2
000.e
000.e
-
0e
--2
1e
-
1ee2
abc
1e
e10
000.e
-
1e+
1e+
-
.
1ee2
1.2.3
--2
1e-
--2
abc
abc
1e-
abc
1e
.
+
1e-
--2
--2
1.2.3
1e+
1e
1e
1ee2
abc
000.e
e10
000.e
.
e10
1ee2
0e
.
000.e
0e
--2
1ee2
--2
1e
-
-
1.2.3
.
abc
--2
++1
abc
1e
1ee2
000.e
1e
000.e
000.e
+
1e+
abc
--2
1e+
1e-
+
1ee2
+
0e
1e
1e+
.
1.2.3
1e
1e+
1e+
1e
000.e
-
1ee2
1ee2
++1
abc
abc
0e
1e
0e
.
1ee2
0e
000.e
0e
1.2.3
1.2.3
1e+
000.e
+
0e
-
e10
1e+
.
1e+
1e
+
1.2.3
1e+
000.e
000.e
--2
abc
+
1e+
++1
+
+
abc
e10
--2
000.e
0e
1.2.3
.
abc
000.e
1e-
000.e
1.2.3
1e+
000.e
1ee2
1.2.3
.
--2
1e
1e-
e10
e10
1.2.3
1.2.3
+
1e+
1e
e10
1e+
1ee2
abc
-
+
--2
abc
1e
++1
1ee2
e10
.
-
1e
e10
-
1ee2
1e
000.e
000.e
++1
+
--2
--2
1.2.3
1e+
1e-
--2
-
0e
1ee2
1ee2
1.2.3
e10
+
--2
abc
1e+
e10
+
1e
abc
1e
0e
0e
1e-
+
1ee2
000.e
1e-
++1
e10
1e
1e
000.e
1e+
abc
abc
e10
1.2.3
000.e
.
000.e
000.e
e10
0e
000.e
--2
-
000.e
1e-
-
0e
000.e
1e-
abc
1e
1e-
1ee2
++1
1e-
1e-
+
abc
abc
1e
e10
1e-
0e
1ee2
1e
--2
++1
1e
1ee2
--2
--2
-
abc
1e
.
1e+
++1
000.e
1e-
--2
1e+
1ee2
--2
1e-
1e-
.
1e+
1e+
1e+
.
1.2.3
1ee2
abc
.
++1
0e
-
0e
1e-
.
+
1e+
+
1.2.3
1e+
000.e
1e
.
1e+
1e-
-
abc
+
1e
0e
1e-
++1
.
--2
++1
1ee2
-
-
.
0e
--2
0e
1e+
1ee2
000.e
+
1e
--2
-
1.2.3
abc
1e
1ee2
abc
0e
1e+
++1
++1
1e+
e10
--2
-
1.2.3
-
1.2.3
abc
1ee2
1e-
.
++1
+
+
+
e10
1e+
0e
abc
1e+
000.e
000.e
1e
000.e
0e
1.2.3
000.e
1e
1ee2
--2
+
0e
.
0e
-
1e+
1e+
1e-
1ee2
++1
+
0e
1e
1ee2
abc
-
+
1ee2
e10
000.e
-
++1
-
-
abc
+
.
000.e
1e
1ee2
0e
-
-
abc
0e
1e
-
.
e10
0e
++1
1.2.3
--2
-
1.2.3
1e-
+
0e
++1
+
+
1ee2
1e-
000.e
1e+
-
-
++1
abc
--2
--2
1e+
1e
++1
e10
++1
1e
e10
000.e
e10
000.e
.
000.e
++1
abc
e10
1.2.3
e10
000.e
1.2.3
1e
e10
e10
1e+
000.e
++1
.
0e
+
000.e
1e-
abc
1e-
1e+
000.e
000.e
1ee2
0e
1e-
--2
1ee2
++1
1e-
1e-
1e
++1
-
--2
e10
1e
e10
1ee2
000.e
--2
-
1.2.3
1e+
0e
abc
e10
.
e10
1e+
1ee2
++1
+
+
e10
1e-
1ee2
e10
000.e
1e-
0e
1e-
0e
1e+
0e
1.2.3
-
1.2.3
e10
-
1.2.3
1e
+
000.e
0e
000.e
0e
1e
1e+
-
1.2.3
--2
1.2.3
1e+
1e-
-
--2
--2
000.e
-
1e+
1e
1e
1e
++1
0e
1e-
abc
1e+
++1
abc
.
1e-
1ee2
1ee2
000.e
+
000.e
1e+
1e+
.
1ee2
1.2.3
1e
1.2.3
abc
1e-
1e-
000.e
000.e
+
+
1e-
0e
000.e
--2
1e
1ee2
1e-
000.e
1e-
-
abc
.
1e-
++1
.
--2
1e+
1ee2
+
.
1ee2
1e
1e-
1e-
1ee2
1.2.3
--2
1e+
0e
-
.
1e
1e
0e
1.2.3
1e-
.
1e+
--2
1e+
++1
abc
.
-
++1
--2
++1
-
--2
0e
+
e10
1.2.3
1e-
-
1e
++1
0e
1e
0e
--2
000.e
0e
abc
-
--2
+
+
1e
1e+
1e
1e-
abc
+
000.e
e10
.
1e+
e10
1e-
--2
000.e
abc
e10
1e-
1e
--2
1e-
1e+
.
1e
-
--2
--2
1e+
-
1.2.3
000.e
+
1.2.3
++1
abc
.
1.2.3
1e+
abc
1ee2
.
1ee2
abc
abc
++1
1ee2
-
+
abc
++1
+
1e
-
-
1e
e10
-
abc
0e
.
1e+
++1
000.e
+
-
.
-
abc
--2
1ee2
1e-
0e
abc
000.e
1e
1e+
-
1e+
-
--2
.
1e
.
000.e
-
--2
000.e
+
1e-
-
1e
1e
1e+
abc
-
.
--2
+
1ee2
1e+
1ee2
1e-
1ee2
abc
e10
000.e
000.e
000.e
e10
+
1e+
1e-
e10
1e
++1
.
000.e
1e
.
e10
1e
1.2.3
abc
--2
++1
1e
1.2.3
1.2.3
abc
1.2.3
--2
abc
++1
000.e
abc
++1
-
1e-
.
1e-
1e+
1e
1.2.3
1ee2
-
1e-
1e
000.e
abc
000.e
1ee2
1e-
1e-
0e
+
0e
+
--2
+
1ee2
.
1ee2
-
0e
++1
--2
0e
++1
+
.
1e+
0e
1e
-
1.2.3
--2
--2
--2
--2
e10
1.2.3
abc
+
1e
++1
1e-
1e-
1ee2
abc
1e-
0e
0e
++1
1e+
++1
-
abc
.
1ee2
e10
-
++1
e10
1e
000.e
1.2.3
.
e10
.
000.e
+
0e
-
-
1.2.3
--2
+
-
1e
1e-
+
++1
1e-
+
abc
-
1e-
-
000.e
1e
1.2.3
1e+
-
++1
--2
0e
-
abc
+
+
1.2.3
e10
--2
1.2.3
1ee2
+
1e-
000.e
.
.
--2
000.e
++1
-
-
1ee2
1e+
1e
.
++1
++1
++1
--2
e10
0e
1ee2
0e
++1
-
1e-
1e+
-
+
-
1ee2
++1
0e
e10
0e
.
++1
1e+
e10
e10
abc
1ee2
1.2.3
--2
1ee2
--2
abc
1e+
--2
++1
1ee2
1ee2
++1
1e-
e10
e10
1ee2
1e+
.
--2
.
1e-
000.e
1e
1e
.
1e+
--2
e10
000.e
--2
e10
1e+
++1
000.e
-
1.2.3
1e
1ee2
-
+
-
1e-
1.2.3
++1
+
000.e
--2
abc
0e
e10
1.2.3
e10
e10
e10
++1
+
.
abc
+
++1
1e
+
abc
1ee2
+
e10
e10
1e+
1ee2
0e
1e+
abc
1ee2
1e+
1ee2
1e+
000.e
+
++1
1ee2
1.2.3
+
--2
1e+
1e-
+
1e
e10
abc
1e-
e10
+
abc
1e
1e+
-
+
+
1e
1e-
000.e
-
000.e
1e+
e10
1ee2
1ee2
+
0e
000.e
0e
1e-
abc
++1
1e
abc
000.e
++1
0e
--2
0e
1e+
1ee2
++1
.
000.e
1e+
-
+
1ee2
1ee2
1.2.3
1e-
++1
1.2.3
+
++1
+
1e
1ee2
+
1e+
+
1e
1e
1ee2
--2
1e+
0e
1e+
abc
1.2.3
000.e
e10
-
--2
1e-
1e-
1e+
+
abc
000.e
-
--2
1.2.3
++1
1ee2
1e+
1e
-
-
1e-
++1
000.e
--2
1e-
e10
000.e
1.2.3
-
0e
1ee2
++1
-
--2
1ee2
e10
000.e
.
1.2.3
.
abc
0e
1ee2
-
abc
++1
1e
1e
1ee2
abc
++1
1e
-
--2
.
.
.
++1
abc
000.e
e10
0e
e10
1e
1.2.3
1.2.3
1e-
abc
-
0e
1.2.3
0e
1.2.3
1e+
++1
000.e
0e
000.e
-
-
000.e
-
-
1.2.3
+
-
0e
--2
1.2.3
1ee2
+
1e+
1ee2
++1
--2
1ee2
000.e
1e-
e10
1.2.3
1e
--2
--2
1.2.3
+
abc
1e-
000.e
1e
e10
0e
abc
0e
+
.
1.2.3
++1
0e
1e-
1e+
--2
000.e
--2
+
.
1e+
1e+
1.2.3
-
0e
.
1ee2
1e+
-
1e+
abc
1ee2
--2
000.e
1e
000.e
++1
0e
++1
000.e
abc
1.2.3
1.2.3
--2
abc
++1
000.e
++1
++1
1ee2
e10
++1
1ee2
-
000.e
1ee2
1e
++1
0e
--2
++1
1e+
1ee2
.
+
1.2.3
0e
-
0e
--2
-
1ee2
e10
--2
--2
1e-
1.2.3
--2
1e+
000.e
++1
1ee2
+
1e
--2
000.e
1.2.3
+
--2
--2
1e-
1.2.3
1e+
1e+
1e-
abc
++1
1e+
abc
++1
+
0e
1e+
1e
000.e
e10
e10
--2
1e+
.
--2
0e
1e-
-
0e
e10
1ee2
.
1e+
-
++1
1e+
000.e
1e
-
++1
000.e
-
1e-
-
1.2.3
-
++1
1.2.3
000.e
1.2.3
0e
1e
1e-
--2
1e-
e10
--2
1e
1e-
1e-
++1
++1
0e
1ee2
++1
1e-
0e
0e
--2
1e
1e-
1e-
++1
0e
1e
1e-
1e+
1e-
1e+
--2
1e+
1e+
1e
+
1ee2
.
1e
1e
000.e
-
abc
1ee2
++1
1e+
1e-
++1
+
000.e
-
1e-
1e+
0e
.
abc
1.2.3
--2
0e
e10
--2
++1
-
++1
1ee2
.
abc
e10
1ee2
+
abc
e10
0e
--2
1e
+
1.2.3
1ee2
1.2.3
0e
+
--2
abc
1e
-
1e+
.
e10
0e
1ee2
abc
+
1e-
--2
1e+
-
+
abc
-
1e+
1e-
000.e
1e
e10
-
abc
++1
e10
--2
abc
e10
1e-
+
000.e
.
1.2.3
0e
1ee2
1ee2
1e+
1e+
1e+
1e-
abc
1e-
1e+
abc
--2
1e+
0e
1e+
-
--2
+
000.e
000.e
1.2.3
.
+
000.e
1e
1ee2
abc
1e+
000.e
0e
-
0e
1e+
-
1e-
+
--2
1e-
1.2.3
-
1e-
.
1e+
.
++1
1e+
-
abc
1e
1e
++1
+
.
--2
+
abc
1.2.3
000.e
-
abc
++1
1.2.3
e10
++1
000.e
e10
.
-
--2
1e-
abc
1e-
1e-
1.2.3
1e-
abc
1.2.3
000.e
1e+
1e+
1e-
++1
-
1e+
1.2.3
1ee2
++1
e10
abc
0e
000.e
--2
1e
0e
0e
abc
1e+
abc
0e
--2
1e+
1.2.3
.
1e-
000.e
000.e
0e
-
-
++1
--2
1e-
1e
0e
+
1e+
1e
++1
1e-
1e+
-
1e-
1ee2
-
1e
1ee2
abc
abc
e10
1.2.3
000.e
1.2.3
1e+
abc
0e
-
+
1ee2
1e
--2
abc
1ee2
--2
-
1.2.3
-
.
--2
++1
.
000.e
-
++1
-
+
++1
-
abc
1ee2
--2
-
+
000.e
.
0e
1e+
--2
0e
+
--2
000.e
.
1ee2
e10
-
0e
+
1e-
--2
1e+
--2
e10
000.e
.
++1
000.e
1e+
000.e
1.2.3
1e-
+
1e+
1.2.3
0e
1e+
.
1e-
+
1.2.3
e10
1ee2
.
1e-
--2
.
.
++1
--2
e10
--2
1ee2
++1
+
1ee2
1ee2
--2
.
000.e
1e
000.e
--2
--2
--2
++1
e10
000.e
e10
++1
1e-
1.2.3
1e+
1e+
.
1e+
1ee2
+
++1
++1
1e+
-
0e
-
-
++1
1e-
1ee2
-
--2
1e+
1ee2
.
0e
+
1.2.3
-
1ee2
-
.
000.e
-
0e
--2
1e-
--2
e10
1e
0e
000.e
1.2.3
e10
1e
-
+
1ee2
1e+
++1
1e-
000.e
+
++1
1e
1e
0e
1e
+
1e-
.
--2
1ee2
+
-
.
e10
1e+
abc
000.e
1ee2
++1
e10
+
000.e
0e
1.2.3
+
1ee2
++1
1e
0e
--2
.
000.e
++1
1ee2
0e
1e-
+
--2
1ee2
1.2.3
1e+
-
000.e
-
1e+
-
1ee2
1.2.3
-
1ee2
e10
1e
.
1e-
++1
+
1e-
--2
-
1ee2
-
1e+
--2
--2
.
1e
++1
1e-
-
+
abc
1e
--2
e10
++1
1e
+
0e
++1
1e
--2
+
e10
-
000.e
1ee2
1e
1ee2
1ee2
--2
abc
000.e
1ee2
1.2.3
1e
-
1e
+
abc
000.e
e10
--2
1e
++1
abc
1e-
1ee2
1e-
-
.
+
abc
1.2.3
1ee2
++1
e10
e10
0e
1ee2
+
abc
e10
.
1e+
--2
+
000.e
000.e
1e-
1ee2
1e-
--2
1e-
abc
+
--2
1e
1ee2
-
1e
--2
abc
1ee2
++1
e10
+
abc
+
1e+
--2
0e
-
000.e
.
1.2.3
0e
-
0e
1e+
+
.
1e+
1e-
.
+
--2
-
1e
1e
abc
--2
000.e
abc
1e+
abc
.
+
1ee2
e10
-
1e
1.2.3
1.2.3
-
1ee2
e10
--2
0e
+
000.e
0e
.
1ee2
--2
1e-
1e-
1ee2
e10
abc
0e
1e+
.
e10
--2
+
.
1e+
0e
0e
1.2.3
+
1e+
+
000.e
-
--2
--2
-
abc
.
e10
abc
1.2.3
1e+
000.e
0e
0e
.
1.2.3
--2
-
e10
1.2.3
0e
abc
-
.
+
--2
abc
-
1e-
++1
0e
1e-
e10
-
+
e10
000.e
--2
++1
+
e10
1e-
1e-
e10
1.2.3
+
1e+
e10
1ee2
0e
--2
.
--2
1e-
1e+
1.2.3
1e-
1ee2
-
.
+
--2
+
1.2.3
+
++1
1e
.
.
e10
e10
1e-
000.e
0e
0e
1e-
000.e
1e+
+
0e
1e+
abc
abc
abc
000.e
1.2.3
+
1e+
1.2.3
++1
1ee2
-
abc
.
+
+
abc
++1
.
1ee2
0e
e10
++1
abc
abc
++1
1e+
abc
abc
1e
1.2.3
--2
1ee2
e10
1.2.3
1e
1e
1e-
0e
1e+
1e-
+
abc
+
abc
1e+
1e
1e-
1.2.3
1e-
1.2.3
++1
000.e
1e-
+
abc
1e-
1.2.3
1e+
000.e
1ee2
0e
1e-
000.e
abc
abc
1ee2
1ee2
e10
1e
1e-
0e
1ee2
1e+
1.2.3
0e
1e+
0e
1.2.3
-
.
1e
1e+
++1
1ee2
1e-
1.2.3
-
1ee2
+
-
000.e
000.e
0e
1e+
-
1.2.3
+
+
1e+
--2
1.2.3
1.2.3
1.2.3
1e
.
1e-
1e+
1e+
-
e10
1.2.3
++1
.
1e-
1e+
0e
e10
1e-
.
-
-
1.2.3
.
-
++1
0e
1ee2
1e
000.e
.
1e+
1ee2
e10
+
++1
1e-
+
--2
--2
1.2.3
0e
++1
.
1e
0e
.
1e-
1e+
.
-
0e
000.e
e10
1e
1.2.3
1.2.3
1.2.3
-
1.2.3
1e+
1ee2
abc
-
1e-
--2
.
1e+
1e-
000.e
-
++1
-
abc
0e
e10
++1
--2
abc
1e+
0e
--2
.
1e-
+
--2
1e-
e10
-
++1
+
1.2.3
e10
e10
++1
0e
1.2.3
e10
-
-
--2
++1
1e-
1e-
-
1e
e10
+
++1
.
1e+
++1
e10
-
1.2.3
.
e10
--2
e10
0e
1ee2
abc
++1
1ee2
0e
0e
--2
-
.
1.2.3
1e+
1ee2
--2
0e
--2
e10
e10
1e+
1ee2
+
abc
1ee2
000.e
abc
000.e
1e+
.
-
.
1e
1e
abc
+
++1
1.2.3
-
1.2.3
1e+
e10
+
--2
1e-
+
+
1ee2
.
-
0e
1ee2
0e
1e-
000.e
1.2.3
++1
+
1ee2
+
++1
+
1.2.3
.
1e-
--2
1e
abc
1e
++1
--2
1.2.3
--2
.
abc
0e
1e
abc
1.2.3
1.2.3
1ee2
1ee2
1e-
abc
+
--2
-
1ee2
1e-
1e+
e10
+
.
0e
abc
abc
e10
000.e
++1
1ee2
1.2.3
-
--2
++1
.
1ee2
e10
000.e
1.2.3
abc
e10
--2
1e+
1.2.3
1ee2
e10
0e
abc
1e+
0e
.
--2
e10
1e+
+
e10
+
1.2.3
++1
--2
+
0e
.
1.2.3
000.e
0e
1ee2
000.e
1e-
1e
000.e
000.e
+
+
-
1e
++1
+
1e
+
+
++1
1e+
1ee2
1e
1e
--2
0e
1e
1e+
1e-
1.2.3
1ee2
.
+
--2
1.2.3
.
.
1e
++1
1e-
1.2.3
++1
e10
1e
0e
.
1.2.3
000.e
e10
1ee2
--2
1e-
0e
1ee2
e10
1e
e10
1e
abc
000.e
1e
++1
1e-
000.e
+
++1
-
.
000.e
abc
1e
--2
abc
0e
-
000.e
0e
e10
abc
e10
--2
.
abc
-
abc
abc
.
0e
++1
1e+
1.2.3
-
1ee2
abc
--2
e10
1e
.
+
e10
1e+
e10
-
1e+
-
1e-
1.2.3
0e
1.2.3
--2
--2
e10
.
.
1e-
1.2.3
000.e
0e
1e+
1e+
0e
+
1ee2
--2
e10
+
1e+
.
+
-
000.e
1e-
++1
e10
.
1e-
-
--2
000.e
1e-
.
+
--2
000.e
--2
e10
0e
--2
++1
1ee2
0e
-
--2
1.2.3
abc
000.e
++1
abc
.
--2
1.2.3
.
abc
1.2.3
abc
+
+
1e-
1e
1ee2
-
1.2.3
000.e
1e-
abc
0e
+
abc
--2
1e-
000.e
+
000.e
1ee2
+
abc
1e
0e
0e
++1
.
1e
000.e
1.2.3
1.2.3
++1
0e
000.e
++1
e10
1ee2
1ee2
000.e
1e-
1e
1ee2
e10
abc
-
abc
--2
.
000.e
1e-
e10
-
+
++1
1e-
0e
1.2.3
+
abc
--2
1.2.3
0e
1e+
-
1e
.
++1
1ee2
1e
1ee2
000.e
--2
000.e
-
0e
.
e10
0e
1e
e10
-
1ee2
--2
1.2.3
.
+
1e-
1.2.3
000.e
--2
abc
1ee2
.
0e
--2
0e
+
++1
-
-
+
-
-
.
--2
++1
000.e
.
1e+
.
abc
1ee2
1ee2
.
1.2.3
+
++1
000.e
-
++1
--2
--2
1e+
1e
-
1e-
.
1e-
-
1e+
abc
e10
.
1e+
--2
1.2.3
1e+
1e-
--2
1e-
++1
1e-
1e
1e+
+
--2
000.e
0e
1e
1ee2
e10
--2
e10
++1
e10
.
1e-
--2
1e-
1e
+
000.e
1.2.3
1e
--2
1e+
1e
1e-
.
+
000.e
++1
000.e
0e
++1
abc
e10
e10
0e
1e-
1e
--2
1e-
0e
+
1e-
e10
+
1e-
.
+
-
0e
1e+
++1
-
1e-
++1
-
1e+
1e
1e-
abc
1e
--2
0e
000.e
1e+
++1
000.e
1.2.3
1ee2
1e+
1e+
--2
0e
++1
-
1e-
0e
--2
abc
-
abc
1e-
1ee2
1e+
.
.
abc
1ee2
.
1ee2
e10
000.e
1e-
e10
.
0e
e10
.
1e+
++1
1e-
1ee2
.
000.e
1ee2
0e
--2
1e+
1e+
abc
1e
++1
--2
1e+
1e+
1ee2
++1
1e+
1e
1e+
1e+
e10
--2
-
+
1ee2
0e
1e-
.
++1
1e+
--2
-
1.2.3
++1
--2
000.e
abc
+
e10
--2
--2
1e-
abc
000.e
1e
1e+
-
1e
--2
000.e
1e
1.2.3
.
1ee2
1e+
+
000.e
++1
++1
abc
0e
000.e
-
--2
abc
000.e
1e
0e
1e+
e10
1e
abc
e10
000.e
e10
0e
-
e10
1e+
abc
-
++1
++1
.
abc
-
--2
.
--2
++1
abc
1e
-
1e+
e10
000.e
.
1.2.3
++1
e10
e10
e10
1e
+
1e-
1.2.3
abc
+
++1
++1
1.2.3
.
1e+
1e
1e+
-
1.2.3
1e
+
1.2.3
000.e
000.e
1e
e10
.
e10
++1
abc
.
+
-
0e
-
+
1e
.
--2
000.e
--2
1e
0e
0e
0e
1e+
000.e
+
0e
.
1ee2
++1
e10
000.e
++1
1.2.3
1.2.3
1.2.3
-
1ee2
--2
1.2.3
1e
--2
.
+
1ee2
1e-
1.2.3
++1
+
+
0e
-
e10
0e
0e
.
000.e
1e+
000.e
1e-
+
1e
abc
.
000.e
.
1e
1e
e10
1e+
1ee2
1e-
000.e
e10
1e
1e-
1e-
1ee2
abc
e10
e10
1e+
-
abc
-
1.2.3
000.e
-
--2
e10
1e
1e
0e
--2
1e+
1e
0e
000.e
+
1ee2
-
0e
--2
000.e
1.2.3
.
+
1.2.3
--2
1e+
.
abc
e10
1e-
1.2.3
++1
-
.
.
1e+
000.e
.
000.e
+
.
1ee2
1ee2
1e
e10
e10
1e+
++1
1e+
1e+
--2
+
e10
0e
++1
0e
1e
1e+
0e
+
1e-
-
1e+
000.e
.
1e-
-
e10
1e-
1.2.3
-
1e
1ee2
000.e
000.e
e10
abc
1.2.3
1e
-
++1
000.e
e10
-
0e
--2
.
1e+
1e
e10
1e
+
+
1e+
++1
0e
--2
e10
-
000.e
1e-
++1
+
e10
--2
000.e
++1
1e
0e
e10
1e
1e+
1e+
-
-
0e
000.e
abc
1e-
++1
++1
1.2.3
e10
1ee2
--2
e10
000.e
.
.
1e+
.
abc
1e
abc
1ee2
1e+
+
1e-
e10
0e
0e
.
-
1.2.3
.
1ee2
++1
1e+
1ee2
1.2.3
.
0e
1e-
-
.
1ee2
abc
--2
1e-
000.e
--2
++1
1ee2
1e
.
-
1ee2
1ee2
e10
1e-
1e-
abc
1e-
1ee2
e10
1e
--2
1e-
1e
1.2.3
1ee2
+
-
abc
1.2.3
++1
abc
1e-
++1
000.e
1e
e10
1e+
.
++1
--2
1e+
--2
1.2.3
1e-
--2
+
--2
e10
1e+
--2
1e+
.
++1
-
1e
.
1e-
.
--2
abc
0e
.
1e
0e
1.2.3
--2
--2
.
e10
1ee2
1ee2
1e+
++1
-
-
1ee2
1e-
1ee2
1.2.3
--2
1e-
abc
000.e
1e-
000.e
000.e
--2
-
-
000.e
1e+
--2
.
-
1e+
e10
1e-
+
1e+
.
.
1e-
++1
-
++1
1.2.3
1.2.3
1e
000.e
--2
.
-
-
000.e
++1
++1
e10
-
1.2.3
1e-
1e
.
++1
0e
0e
--2
1.2.3
-
1.2.3
+
+
000.e
abc
+
000.e
--2
1.2.3
++1
++1
1e
e10
1ee2
e10
0e
++1
-
1e
-
1ee2
1e-
e10
1e
e10
-
1e+
0e
0e
000.e
abc
+
-
000.e
--2
1.2.3
000.e
--2
++1
e10
-
.
1e-
-
1ee2
000.e
.
.
.
--2
.
e10
-
.
.
e10
0e
+
-
1e+
.
--2
.
--2
++1
e10
000.e
abc
1e+
1.2.3
.
--2
000.e
1e-
-
e10
000.e
1e+
abc
e10
--2
++1
.
--2
1e-
000.e
1e-
1e
e10
-
000.e
000.e
0e
--2
1.2.3
1e-
000.e
000.e
abc
.
1.2.3
.
abc
0e
--2
1.2.3
1e
+
000.e
0e
++1
.
1.2.3
000.e
1e-
1ee2
1e
e10
1ee2
.
1e+
+
e10
1e+
abc
0e
--2
-
1.2.3
0e
--2
++1
0e
1e
-
0e
0e
1ee2
++1
1e
1e+
0e
--2
abc
1e-
.
1.2.3
1e+
1.2.3
-
1e-
--2
abc
.
++1
+
abc
++1
.
1e+
1e-
1e-
--2
abc
1e
0e
.
1e-
1e
1e
1ee2
1.2.3
1.2.3
e10
1e-
++1
+
-
1e-
1e
1ee2
000.e
++1
abc
0e
+
0e
-
.
abc
e10
e10
--2
e10
-
1e
000.e
000.e
1.2.3
--2
1.2.3
abc
1ee2
--2
--2
1ee2
+
1.2.3
e10
000.e
1.2.3
1e+
1e-
++1
1e
1ee2
000.e
.
1.2.3
--2
abc
1ee2
1e+
1e
e10
++1
.
++1
1ee2
1ee2
.
-
1e
abc
e10
abc
++1
1.2.3
1e-
abc
1e
e10
+
1.2.3
abc
e10
.
1e-
1.2.3
-
000.e
+
1e
1ee2
1e
1.2.3
1ee2
++1
000.e
e10
.
1ee2
++1
--2
1e
1e-
+
1e
.
++1
abc
1ee2
000.e
++1
abc
.
abc
++1
++1
--2
+
1e-
-
000.e
1e+
1e+
e10
1e+
.
.
1e
1e-
--2
1e+
++1
1e+
1e+
abc
000.e
1e-
1.2.3
--2
-
.
1e+
1e
000.e
--2
--2
1.2.3
.
++1
0e
1e+
--2
++1
1e+
1.2.3
+
1e+
1e
1.2.3
0e
++1
++1
--2
1e
1e
-
+
1e
++1
1e-
1e-
000.e
000.e
1e+
-
1.2.3
--2
--2
abc
1.2.3
0e
1e-
1e+
1e+
--2
+
1e+
1e+
abc
000.e
1.2.3
e10
0e
.
1e+
1e+
0e
++1
+
1ee2
1e+
1e
1e+
-
1e+
.
1e-
-
+
e10
--2
0e
+
1ee2
--2
1.2.3
1.2.3
000.e
abc
1e-
1.2.3
000.e
0e
1ee2
1.2.3
abc
+
++1
1e
0e
e10
1e-
e10
e10
1e+
abc
e10
.
+
1e-
1e+
1e-
abc
0e
1e
000.e
.
+
1e-
1e-
1.2.3
e10
1e+
e10
1ee2
1ee2
1e
1e+
e10
--2
1ee2
abc
abc
0e
e10
1e-
abc
1.2.3
1e-
+
1e+
1e-
1ee2
+
1.2.3
1e
0e
0e
000.e
1e-
e10
1e-
1e+
-
abc
.
1.2.3
1.2.3
1ee2
++1
1.2.3
-
e10
.
0e
000.e
1e
1.2.3
.
abc
1e
++1
0e
-
1e+
.
abc
++1
1.2.3
1.2.3
abc
--2
++1
+
1e
.
-
1e-
1e-
0e
e10
0e
e10
1ee2
1ee2
+
000.e
--2
+
1e
++1
+
0e
1ee2
000.e
1ee2
1e+
-
1e-
1e
--2
++1
1e
1e-
000.e
1e-
000.e
1e-
e10
abc
++1
1e-
--2
1e-
.
1ee2
abc
1e+
--2
-
++1
0e
1e
abc
0e
1ee2
1e-
-
0e
1e
1ee2
0e
abc
+
000.e
++1
1e-
0e
000.e
1e+
1.2.3
1.2.3
--2
1.2.3
1ee2
1ee2
.
--2
.
e10
++1
-
+
1.2.3
.
1ee2
e10
--2
1ee2
-
1e+
+
1e
--2
--2
+
e10
1.2.3
--2
abc
000.e
-
abc
0e
1e-
1.2.3
+
e10
0e
1e
0e
1.2.3
+
+
1ee2
0e
1ee2
.
+
1e
1e-
+
e10
1e
1e-
0e
000.e
++1
1ee2
0e
0e
1e-
--2
1e+
1e
--2
++1
1.2.3
e10
++1
abc
abc
-
1e+
0e
000.e
1e
000.e
abc
+
1ee2
abc
1.2.3
+
abc
1.2.3
--2
abc
++1
1ee2
1e
000.e
0e
abc
1e
1e+
.
--2
--2
+
++1
1.2.3
--2
1e-
abc
1.2.3
000.e
1.2.3
++1
1ee2
1e
000.e
1ee2
+
.
1e
1.2.3
1e-
1ee2
++1
.
-
0e
.
1ee2
1ee2
1ee2
abc
+
1ee2
000.e
1ee2
1ee2
--2
-
1e+
1ee2
1ee2
1e
-
.
abc
-
000.e
+
e10
1ee2
000.e
abc
0e
-
1ee2
1e
1e-
++1
1e+
0e
1e
abc
1.2.3
++1
-
1.2.3
+
1e-
1e
abc
++1
abc
abc
.
1e
+
abc
1ee2
--2
e10
+
e10
.
1ee2
1.2.3
1e-
e10
-
1e+
++1
.
e10
e10
1e+
1ee2
+
0e
1.2.3
1ee2
0e
1e-
1.2.3
1e+
1ee2
+
1e
000.e
+
0e
--2
1ee2
.
-
+
1.2.3
--2
0e
1ee2
1ee2
e10
1e
++1
+
1.2.3
1e
1e+
++1
1.2.3
.
1ee2
1e-
+
+
000.e
000.e
1.2.3
1.2.3
--2
1e-
--2
+
1e
.
.
1e+
.
--2
1e+
abc
0e
000.e
000.e
.
1.2.3
1ee2
+
e10
0e
++1
1ee2
--2
e10
1e-
abc
abc
1e+
1e
-
abc
.
--2
0e
++1
+
++1
000.e
1ee2
0e
000.e
1e
1e-
+
++1
.
-
1ee2
1.2.3
0e
++1
e10
1e-
1e-
+
--2
abc
++1
+
0e
-
1.2.3
abc
1.2.3
.
000.e
--2
000.e
1e+
1e-
e10
e10
e10
+
++1
1e
-
1e-
++1
.
--2
1e
1e-
.
000.e
1e-
1e+
++1
+
--2
1e+
000.e
1ee2
1ee2
000.e
0e
0e
1e+
--2
1e-
1e-
+
1.2.3
1ee2
1.2.3
0e
1.2.3
abc
1e-
000.e
abc
+
e10
000.e
.
000.e
1e
0e
--2
e10
--2
--2
1e
.
1ee2
1ee2
abc
.
1ee2
1e
--2
.
.
e10
0e
1.2.3
1e
--2
abc
1e-
e10
1e-
e10
-
+
.
+
++1
1e-
0e
1e-
1ee2
-
1.2.3
e10
1e
-
000.e
++1
0e
1e-
1e+
1e
000.e
--2
1e
1e+
.
+
1e
e10
++1
1.2.3
1.2.3
+
1ee2
.
1ee2
.
000.e
++1
--2
1e+
--2
1e+
000.e
abc
0e
1e
000.e
--2
++1
e10
1.2.3
-
.
.
+
-
000.e
0e
.
0e
++1
.
e10
abc
1.2.3
e10
--2
-
000.e
0e
-
1.2.3
1e+
abc
abc
1e-
1.2.3
-
1e+
.
1e
1e+
000.e
-
1e+
-
1e
1e
1ee2
0e
0e
000.e
1ee2
1e+
1e-
1.2.3
abc
1ee2
--2
000.e
abc
000.e
1e
1ee2
1e+
1e+
++1
1.2.3
+
1e
1e-
1ee2
++1
.
abc
1e
1e
1.2.3
.
1ee2
1.2.3
++1
1.2.3
1ee2
1e
+
1e+
.
1e+
1e+
1ee2
000.e
1e+
++1
0e
1.2.3
0e
-
abc
e10
e10
000.e
--2
0e
+
0e
1e
.
000.e
--2
1e-
1.2.3
1e
1ee2
+
.
1.2.3
e10
--2
000.e
e10
1e+
e10
1e+
1e
++1
e10
1e
0e
abc
0e
abc
1e
1ee2
1.2.3
--2
.
1e+
-
000.e
1e-
1e
e10
+
0e
1e-
-
++1
-
abc
1e-
1e-
--2
0e
1e
000.e
1e-
abc
000.e
1e-
+
1e
-
abc
1ee2
abc
--2
000.e
1e-
1.2.3
1ee2
1e+
-
+
1e+
abc
1ee2
-
.
000.e
1ee2
1e
abc
1e+
-
--2
000.e
1.2.3
000.e
1e+
--2
--2
1ee2
+
000.e
1e-
1ee2
--2
000.e
--2
1e+
000.e
++1
1.2.3
++1
+
1.2.3
-
0e
abc
-
1ee2
+
1e-
1ee2
1e
.
e10
++1
1.2.3
000.e
+
0e
1ee2
++1
1e
e10
--2
e10
1e-
--2
abc
--2
e10
1e
1ee2
1.2.3
abc
1e-
000.e
1e-
-
1ee2
1e-
--2
.
000.e
1e
--2
1e
++1
1e
--2
.
1e-
0e
1ee2
--2
--2
abc
e10
1ee2
abc
-
++1
e10
1ee2
--2
000.e
e10
--2
1ee2
+
e10
e10
0e
1e-
e10
1e-
1e
000.e
e10
abc
abc
0e
.
+
1ee2
1e-
000.e
-
.
--2
0e
++1
abc
1ee2
000.e
+
1ee2
++1
e10
e10
++1
1ee2
1.2.3
--2
e10
e10
--2
1e+
1ee2
-
1ee2
1e+
++1
e10
0e
1ee2
1.2.3
abc
1e+
1ee2
.
1e
.
-
000.e
++1
abc
++1
e10
1.2.3
1e
++1
000.e
++1
+
abc
1ee2
000.e
1ee2
1e+
.
1e-
e10
+
0e
1e
++1
1.2.3
abc
1e-
.
1ee2
++1
-
++1
e10
1.2.3
-
abc
1e+
++1
1.2.3
.
-
1e-
1e-
1.2.3
+
abc
++1
0e
1ee2
--2
--2
e10
e10
1.2.3
0e
--2
abc
1e-
0e
1.2.3
0e
+
abc
0e
e10
000.e
000.e
1e
e10
1e+
1e
++1
-
++1
++1
000.e
--2
1e
+
1e
1e-
.
-
1ee2
--2
.
--2
1e+
1ee2
++1
1e
000.e
1e
-
-
e10
000.e
1e+
1.2.3
1e+
1ee2
1.2.3
+
1e+
++1
1ee2
1ee2
-
--2
e10
-
++1
e10
.
1e+
abc
e10
0e
1e+
-
1.2.3
000.e
e10
.
1e
1ee2
++1
.
--2
1ee2
1e+
000.e
-
000.e
+
1e-
.
0e
-
++1
.
.
abc
000.e
000.e
-
1e
1.2.3
1.2.3
-
.
1e+
1.2.3
++1
.
abc
0e
e10
1e
1e
1.2.3
+
1.2.3
e10
--2
1.2.3
e10
.
-
1e+
abc
e10
1e-
++1
e10
1ee2
+
+
1ee2
abc
++1
0e
000.e
-
1e
abc
1ee2
1e-
.
--2
.
1e
--2
e10
++1
+
abc
abc
000.e
.
1.2.3
1e-
e10
1ee2
1ee2
-
1ee2
1e
000.e
0e
+
1ee2
+
0e
1e+
++1
e10
1e-
abc
1.2.3
1e+
1e+
1.2.3
1.2.3
+
1ee2
++1
abc
1ee2
000.e
++1
--2
.
000.e
1e+
--2
1e+
-
1e
0e
1ee2
1e+
000.e
000.e
1e+
abc
1e+
1e
1ee2
1e-
1e
++1
e10
0e
1.2.3
++1
--2
.
1e-
-
e10
0e
1ee2
e10
abc
1ee2
1e+
1ee2
abc
+
abc
000.e
1e-
+
--2
1e-
1e
++1
000.e
1e+
-
0e
e10
abc
++1
+
e10
1.2.3
1e+
0e
1e
-
-
1ee2
1.2.3
++1
e10
e10
1ee2
000.e
abc
1ee2
--2
+
1.2.3
.
1.2.3
e10
-
-
1e
-
e10
++1
abc
1e-
1ee2
--2
e10
abc
1.2.3
1.2.3
1ee2
.
1e-
000.e
000.e
e10
1e-
abc
++1
0e
.
+
-
000.e
++1
+
1.2.3
-
e10
1e-
+
1e
abc
-
.
abc
1e-
000.e
1e+
1ee2
.
e10
1e-
1e
++1
1e+
.
0e
1e-
++1
.
abc
1ee2
1e+
000.e
+
1.2.3
000.e
+
1e+
abc
1e
++1
++1
1e
-
1ee2
abc
1ee2
1e
000.e
1.2.3
1e-
e10
abc
1.2.3
abc
--2
1e+
1e
1e
-
++1
e10
-
.
0e
1.2.3
000.e
1ee2
000.e
1e
1ee2
e10
1.2.3
1e+
1e-
e10
.
--2
1e-
--2
1.2.3
1.2.3
+
-
+
+
++1
++1
abc
++1
--2
+
-
+
1e
1e-
++1
1e
1e-
++1
++1
--2
++1
-
--2
.
+
abc
+
0e
1e+
+
1e-
abc
-
-
++1
000.e
1ee2
.
++1
abc
000.e
++1
abc
.
0e
++1
1e
000.e
0e
++1
1e-
1e-
000.e
e10
-
+
000.e
000.e
e10
1e
1ee2
1e-
.
1e-
++1
000.e
+
--2
+
--2
abc
-
1.2.3
-
1e-
abc
abc
1e
e10
1.2.3
abc
0e
++1
abc
1e-
++1
1e
1e-
e10
1ee2
+
1e+
-
-
++1
1e+
1e-
--2
abc
++1
e10
--2
1e+
abc
0e
1.2.3
++1
1.2.3
++1
1.2.3
000.e
e10
0e
abc
+
e10
0e
.
-
.
1ee2
.
1e+
e10
-
.
1e-
--2
-
1ee2
1ee2
1e+
e10
0e
+
++1
0e
1.2.3
.
.
-
1e+
1e+
abc
.
-
000.e
1ee2
1e+
.
000.e
1e+
-
1ee2
1ee2
1e
-
0e
000.e
--2
1e
1.2.3
.
0e
e10
1.2.3
1.2.3
++1
--2
++1
++1
0e
--2
abc
+
+
++1
--2
1.2.3
1e
1e+
1e+
1e+
0e
abc
.
++1
-
.
e10
1.2.3
abc
-
1e-
abc
e10
abc
+
--2
1e-
abc
+
1.2.3
0e
1e+
abc
0e
1ee2
1.2.3
-
1.2.3
1e+
0e
1e
abc
1e+
++1
1e+
1.2.3
+
++1
e10
1.2.3
abc
--2
000.e
++1
0e
.
0e
0e
0e
.
1e-
1.2.3
1e+
abc
+
+
abc
e10
1.2.3
++1
.
1e
1.2.3
0e
+
1e-
000.e
.
--2
.
+
-
++1
+
+
000.e
++1
e10
1e
--2
e10
e10
--2
1e-
e10
++1
e10
1e
1e
-
1e-
--2
000.e
abc
++1
1e+
1e+
e10
abc
--2
+
++1
1e-
1ee2
1e+
1.2.3
abc
1.2.3
.
e10
+
.
abc
1ee2
1e
+
1e-
++1
+
1.2.3
1.2.3
0e
+
+
-
1e+
e10
0e
abc
0e
1e-
.
0e
--2
1e+
-
-
-
abc
e10
1e
1e
--2
e10
000.e
1.2.3
0e
1e+
1e-
.
0e
++1
.
abc
+
1.2.3
000.e
abc
++1
+
-
--2
--2
1e+
-
++1
1e+
0e
1ee2
--2
1e+
1e+
000.e
1e+
1e+
0e
1ee2
+
1e-
0e
1e-
1e-
abc
abc
000.e
abc
1e+
abc
e10
-
--2
1ee2
000.e
0e
000.e
e10
1e-
1e
1e-
abc
1e-
--2
0e
1ee2
1e-
abc
1ee2
abc
1e-
000.e
-
1e-
+
.
1e+
1e+
abc
--2
1e+
.
e10
-
abc
1e-
++1
+
e10
1.2.3
--2
+
1ee2
.
-
1e+
+
++1
0e
abc
1e-
e10
-
.
1e-
1.2.3
0e
e10
--2
1e-
e10
1e+
abc
1ee2
abc
abc
abc
.
1ee2
+
0e
abc
+
0e
1e
--2
1.2.3
.
+
1e
++1
1ee2
abc
++1
1ee2
e10
0e
000.e
0e
1e+
e10
.
000.e
0e
1e+
+
1ee2
.
++1
-
000.e
000.e
1e-
.
abc
1e+
+
-
e10
1.2.3
1e
1.2.3
000.e
abc
1e
1e-
1e
0e
++1
1.2.3
abc
1e-
++1
1e
000.e
1e-
-
--2
1.2.3
0e
0e
+
.
e10
1e+
abc
abc
-
0e
1e-
000.e
0e
e10
1e
1e+
000.e
1e+
-
0e
abc
1e
++1
abc
--2
1e-
000.e
e10
1ee2
1ee2
1e+
.
.
++1
-
++1
000.e
--2
abc
-
1.2.3
1e-
1e-
--2
+
0e
1e+
e10
1e+
+
1.2.3
+
1.2.3
abc
1e-
1.2.3
000.e
1.2.3
1e-
+
1e
1.2.3
1e
--2
--2
+
1e-
1e+
.
1e+
++1
e10
0e
-
1e
abc
++1
1e+
1.2.3
1.2.3
e10
1e+
1.2.3
-
0e
1e+
1e-
+
1e-
000.e
1ee2
.
abc
e10
--2
000.e
0e
--2
0e
1e-
1e+
1.2.3
.
++1
1e-
1e
1e
0e
--2
000.e
1e
++1
-
1ee2
abc
1.2.3
--2
1ee2
0e
1.2.3
abc
0e
0e
e10
1ee2
1e+
1ee2
0e
1e+
e10
e10
++1
0e
+
++1
-
abc
1e-
1ee2
1e-
.
000.e
-
.
e10
++1
1ee2
1e-
e10
000.e
--2
0e
+
1.2.3
1e
abc
1ee2
1e
000.e
000.e
++1
1ee2
1e-
+
+
.
0e
+
1e
1e-
e10
1ee2
0e
++1
0e
1ee2
000.e
000.e
--2
e10
1e-
1.2.3
1e+
--2
+
e10
1.2.3
+
abc
1.2.3
--2
1e
1e+
e10
++1
0e
.
0e
0e
1ee2
1e+
1e
.
000.e
1.2.3
1.2.3
0e
1e+
.
1.2.3
-
1e-
000.e
000.e
1.2.3
-
000.e
abc
1ee2
abc
0e
0e
1e+
1e+
1e
0e
1e-
1e+
+
1ee2
--2
1e-
+
.
+
000.e
+
abc
1e
0e
1.2.3
0e
++1
1e
++1
1e
1e
++1
1ee2
1ee2
1e
++1
e10
++1
1.2.3
1ee2
1e
-
abc
1.2.3
--2
++1
000.e
+
1e
++1
--2
1e-
1e-
1e-
0e
-
e10
.
1.2.3
abc
1e-
1e-
++1
1e
1e-
1.2.3
+
++1
1.2.3
000.e
abc
-
1e+
-
1e-
abc
1e
-
abc
1e
+
-
--2
1e
--2
.
--2
1e+
1e
1e+
000.e
abc
1e
.
1e
abc
1.2.3
1.2.3
-
1e
+
1e+
1e-
++1
+
1.2.3
1e-
0e
1e-
+
abc
1e+
0e
0e
-
.
+
+
1e
1e-
-
--2
--2
abc
++1
--2
0e
1ee2
.
1.2.3
--2
--2
e10
abc
e10
--2
-
0e
000.e
1e+
1e
abc
-
e10
1e-
.
1e-
e10
abc
-
++1
e10
+
abc
0e
--2
-
1ee2
0e
.
000.e
1ee2
e10
1ee2
1.2.3
1e-
+
1ee2
1e+
1e-
1e
1.2.3
++1
000.e
1e+
0e
1e-
+
e10
.
0e
1e+
1e-
1e+
1.2.3
1e-
000.e
0e
-
--2
000.e
++1
.
-
1.2.3
1e
1.2.3
abc
abc
.
000.e
--2
1ee2
1.2.3
000.e
--2
1.2.3
1ee2
-
1e
0e
0e
--2
1.2.3
1e+
abc
1.2.3
e10
000.e
--2
1.2.3
+
--2
000.e
1ee2
+
abc
-
1e+
.
+
+
0e
abc
-
1.2.3
-
0e
1ee2
1ee2
1e
.
1.2.3
abc
1e-
000.e
.
0e
.
000.e
000.e
-
1e-
+
--2
0e
1e
1ee2
abc
+
++1
1ee2
+
1e+
++1
+
e10
--2
--2
1.2.3
-
-
abc
1e-
1e
1e+
e10
1e-
+
1e-
abc
1ee2
1ee2
-
1.2.3
+
++1
1.2.3
1e+
1e
000.e
e10
000.e
1e
e10
0e
-
abc
-
+
+
1e+
1e+
1ee2
000.e
0e
000.e
++1
.
-
.
abc
1e+
abc
abc
e10
abc
1ee2
1e+
--2
+
e10
+
++1
-
1.2.3
1ee2
0e
1.2.3
++1
1ee2
1.2.3
1e
0e
++1
1e
e10
000.e
000.e
000.e
++1
1.2.3
-
1ee2
1.2.3
--2
1e-
-
1ee2
++1
abc
abc
e10
e10
000.e
++1
abc
-
1.2.3
-
abc
000.e
1.2.3
1e+
1e-
1e-
1e
-
-
1e+
-
++1
.
1e+
1e-
1e+
1e+
000.e
.
abc
-
+
-
1e-
1e+
-
1ee2
1e-
1e-
0e
1e
1ee2
1ee2
+
0e
abc
.
000.e
0e
000.e
1ee2
-
.
1e
++1
--2
0e
1ee2
1ee2
1ee2
-
abc
1e
1ee2
0e
.
abc
-
+
000.e
1e-
1.2.3
1.2.3
-
1e-
e10
e10
1ee2
.
++1
+
1ee2
1ee2
1e-
1.2.3
1e+
000.e
--2
1ee2
++1
1e+
1.2.3
1.2.3
0e
1.2.3
1e+
1e
1ee2
000.e
000.e
1.2.3
e10
0e
1e+
1e-
0e
.
+
1.2.3
++1
1e
1e-
++1
-
1.2.3
++1
abc
e10
1ee2
--2
1.2.3
--2
abc
000.e
1e-
1ee2
0e
.
1.2.3
e10
1e
1e+
1.2.3
+
abc
1e+
1e
1e
e10
+
++1
--2
--2
-
-
1e-
++1
1e-
1e
-
0e
1e
1.2.3
abc
--2
000.e
1ee2
-
1.2.3
1e-
1e+
1e+
1e
1e+
1.2.3
e10
1e
-
1.2.3
1ee2
1e+
.
1ee2
1e
0e
.
000.e
--2
1e
1ee2
++1
1e
1.2.3
+
0e
1e+
1ee2
e10
.
1e+
e10
1ee2
++1
++1
1e+
0e
+
abc
e10
0e
1e-
.
++1
1e
1e+
000.e
++1
++1
.
-
+
e10
0e
-
e10
-
1.2.3
-
1e+
+
+
.
++1
abc
1ee2
1.2.3
e10
1ee2
1.2.3
1e+
1ee2
000.e
1e
1e
0e
000.e
+
abc
abc
1.2.3
1ee2
000.e
1.2.3
000.e
.
+
1e-
1e-
000.e
1e
abc
1e-
.
000.e
.
1e
1ee2
+
1e
e10
1e+
1e-
1e+
abc
+
0e
-
1e
1e-
--2
--2
-
abc
1e
+
-
1e
--2
1e
--2
1e-
.
+
1ee2
1e-
1ee2
-
1.2.3
--2
e10
1e-
.
++1
.
1ee2
000.e
--2
e10
+
000.e
--2
e10
+
1e+
e10
abc
--2
000.e
+
-
e10
.
++1
++1
1ee2
1e
000.e
1ee2
e10
--2
e10
-
.
1e
1e
1.2.3
1.2.3
abc
1e-
.
--2
abc
-
++1
1ee2
e10
-
+
1ee2
+
-
e10
.
1e+
--2
e10
--2
+
.
1ee2
.
e10
-
1e
0e
-
e10
1ee2
1e+
+
.
+
1e-
0e
++1
1e+
.
1.2.3
1e
++1
1e
1e-
+
1e-
-
abc
++1
000.e
1ee2
1e+
1e
+
1e
1e-
1e-
0e
abc
000.e
1.2.3
000.e
abc
++1
++1
+
+
1e-
1e-
--2
.
.
--2
1e-
.
++1
1e+
abc
-
e10
1e
0e
1ee2
0e
-
+
--2
e10
1e+
000.e
e10
+
++1
--2
abc
0e
000.e
1e-
000.e
1e+
++1
+
1ee2
1e
.
000.e
e10
0e
1ee2
abc
e10
--2
++1
--2
1e
e10
.
0e
+
1e+
-
000.e
1e+
-
000.e
1e
e10
--2
++1
-
--2
abc
+
-
1e+
1e+
1ee2
-
abc
1e+
000.e
++1
-
+
1e+
abc
++1
000.e
000.e
--2
++1
.
++1
1ee2
1e
--2
1ee2
1ee2
+
-
.
1.2.3
1e-
abc
000.e
.
-
1ee2
0e
000.e
1e-
++1
1ee2
-
1.2.3
-
--2
1.2.3
.
1e
++1
--2
1ee2
++1
+
1.2.3
-
.
1.2.3
.
+
1ee2
1ee2
-
e10
0e
1e
1e
0e
.
1e+
+
e10
1e
.
abc
1e-
--2
1.2.3
0e
1e+
--2
-
0e
-
--2
+
+
-
-
.
0e
1ee2
++1
1ee2
1e
--2
e10
1e
abc
000.e
abc
000.e
1e
1ee2
e10
000.e
-
0e
.
0e
e10
1e-
--2
-
1.2.3
1e
1e
-
1e-
e10
1.2.3
000.e
000.e
1ee2
+
1e+
1e
1e
++1
++1
0e
0e
1.2.3
abc
.
1e-
--2
e10
+
0e
1ee2
abc
0e
1.2.3
e10
1e
1e
1e
++1
1e
e10
1e+
e10
++1
1e-
abc
--2
1e+
1e-
++1
++1
.
1ee2
0e
--2
++1
.
1ee2
000.e
+
++1
+
-
000.e
000.e
e10
1e
--2
1ee2
++1
1e+
abc
1.2.3
1ee2
1ee2
0e
000.e
--2
abc
--2
--2
++1
++1
++1
1ee2
abc
1.2.3
1ee2
.
.
000.e
++1
0e
e10
e10
+
000.e
1.2.3
++1
1.2.3
1e
1ee2
+
e10
1e+
+
abc
++1
-
e10
.
1e-
-
-
0e
000.e
e10
1ee2
--2
0e
000.e
-
+
000.e
+
1ee2
-
1e-
abc
1e+
+
++1
-
abc
e10
--2
.
++1
e10
1e
1e
1e-
.
000.e
--2
.
1e+
.
.
0e
000.e
1ee2
0e
--2
e10
1ee2
-
000.e
-
1e-
1e-
abc
abc
++1
abc
e10
000.e
1.2.3
+
+
1ee2
1ee2
1ee2
e10
1ee2
+
1e+
+
--2
+
--2
000.e
000.e
1e
1.2.3
abc
+
-
1e-
abc
-
.
+
1ee2
1ee2
e10
--2
1e+
.
1e+
000.e
1ee2
e10
1ee2
1.2.3
000.e
--2
000.e
000.e
-
+
1ee2
1e
1e
000.e
.
1.2.3
+
--2
-
1ee2
1.2.3
-
--2
abc
abc
1e-
000.e
++1
1e+
.
e10
000.e
++1
1ee2
++1
1e+
e10
-
-
++1
0e
1e
1e
+
1e-
1e-
1e
1e
++1
1e-
1e
e10
1.2.3
e10
+
1e+
0e
1e
1.2.3
++1
-
0e
0e
++1
0e
--2
1e
.
-
1e-
1ee2
.
.
000.e
e10
e10
0e
1e-
1e+
e10
1ee2
1ee2
++1
.
000.e
000.e
000.e
1e
abc
0e
0e
+
000.e
-
0e
abc
1ee2
+
-
abc
1e-
1e+
abc
1ee2
+
++1
000.e
--2
+
+
0e
abc
.
+
++1
+
1e-
0e
e10
++1
1e+
1.2.3
1e+
1e+
e10
--2
1.2.3
1.2.3
000.e
abc
1ee2
-
abc
000.e
000.e
abc
abc
+
.
-
1.2.3
000.e
--2
1e-
+
.
-
-
1e
1e-
1e+
.
--2
000.e
+
1e+
0e
0e
+
e10
--2
0e
-
0e
000.e
--2
--2
-
000.e
++1
++1
0e
+
abc
1e-
--2
-
1e+
abc
.
1e-
+
--2
0e
e10
++1
-
1e-
-
.
+
.
--2
000.e
--2
.
--2
1e
1.2.3
-
1.2.3
-
0e
abc
1.2.3
++1
-
0e
++1
+
0e
1e-
1e+
.
--2
-
1ee2
1e
0e
+
e10
1e
1ee2
1e+
1ee2
e10
1ee2
0e
-
++1
1e
abc
--2
1e
+
abc
1e-
+
1e-
1.2.3
e10
e10
1e+
.
1e-
e10
e10
.
.
0e
1ee2
+
.
++1
000.e
e10
1.2.3
--2
+
+
1e+
000.e
++1
++1
1.2.3
1e
1e
0e
e10
.
1ee2
--2
--2
++1
000.e
.
e10
1.2.3
--2
0e
abc
abc
++1
+
++1
1.2.3
abc
+
1ee2
abc
1e
-
1e-
+
.
1e+
.
1e+
++1
1e+
+
+
++1
1e
--2
1ee2
--2
--2
++1
1e
1e+
1e+
.
abc
1e
1e-
+
1e-
000.e
-
.
1e
++1
0e
1.2.3
++1
1e
e10
--2
.
.
++1
1.2.3
1e-
++1
e10
1e+
1e+
e10
++1
e10
e10
+
000.e
1e-
1e-
000.e
1ee2
-
1e
1e-
000.e
1e
1e+
1e
++1
1e
+
abc
1.2.3
.
-
++1
1e-
000.e
++1
0e
1e+
1.2.3
--2
1ee2
.
1e+
1e
1e-
1ee2
000.e
1e
1ee2
--2
1ee2
abc
1e-
+
++1
1e
1e
1e+
1.2.3
1e
e10
-
000.e
e10
000.e
e10
1e-
1e+
1.2.3
++1
--2
+
++1
--2
--2
1e+
.
0e
++1
abc
1.2.3
-
1e+
--2
1e
--2
e10
--2
000.e
1ee2
--2
+
1e
--2
1e-
0e
1e
1ee2
--2
+
1e+
abc
-
1e+
1e-
e10
++1
1e+
1e+
1ee2
--2
e10
1e-
0e
1e-
1e-
.
1.2.3
.
0e
+
abc
1e-
0e
1e+
--2
1e
-
--2
e10
1ee2
1e+
1ee2
++1
e10
abc
abc
1.2.3
1e
1e+
1ee2
e10
000.e
1e
abc
++1
--2
+
e10
e10
e10
.
000.e
--2
1e
-
000.e
abc
+
1ee2
+
--2
+
--2
--2
++1
1e+
1.2.3
-
000.e
1e-
1e+
-
abc
1e+
1e+
1e
0e
1ee2
abc
1e+
000.e
1.2.3
000.e
-
0e
1e+
1e+
++1
0e
1e+
1.2.3
000.e
+
--2
.
1e
e10
--2
0e
abc
0e
1e+
++1
+
1e-
+
000.e
++1
1e
.
0e
-
0e
1ee2
1e
--2
-
1.2.3
-
1.2.3
++1
++1
1ee2
e10
1e+
abc
-
e10
.
abc
++1
++1
-
1.2.3
1ee2
1.2.3
--2
-
e10
abc
.
1e-
1ee2
e10
1ee2
1e-
++1
000.e
0e
abc
1e-
e10
1e
1e+
+
e10
--2
1e-
0e
1.2.3
1e-
000.e
-
1e+
.
+
1ee2
++1
++1
++1
1e-
.
--2
--2
1ee2
1e-
-
1e+
abc
1e
000.e
abc
--2
1e
1.2.3
+
1.2.3
++1
1e-
abc
1e+
abc
++1
1e+
++1
.
+
1.2.3
--2
-
-
000.e
++1
1.2.3
--2
1.2.3
1e-
1e+
abc
1e-
--2
+
--2
e10
+
--2
1e-
-
.
0e
++1
abc
abc
+
1e+
1e-
++1
1.2.3
abc
1ee2
+
abc
e10
.
1.2.3
abc
-
++1
.
000.e
.
1ee2
abc
abc
1e+
-
1ee2
abc
abc
--2
1ee2
+
.
e10
1ee2
.
++1
abc
1e+
abc
000.e
0e
000.e
abc
--2
0e
+
1.2.3
1ee2
e10
1ee2
++1
000.e
+
1.2.3
-
+
.
1e-
.
+
1e+
-
++1
0e
1e
.
1e+
--2
e10
.
0e
--2
1.2.3
1.2.3
abc
e10
1e
++1
000.e
1e+
+
0e
000.e
--2
-
000.e
abc
.
e10
0e
1ee2
1e
++1
+
1e
+
e10
--2
.
--2
1e-
1ee2
+
1e
000.e
000.e
1e-
.
+
1.2.3
+
++1
e10
abc
1e-
-
.
abc
--2
+
e10
000.e
0e
e10
1e-
1ee2
+
e10
1.2.3
1e
abc
000.e
000.e
--2
1.2.3
1.2.3
++1
1.2.3
e10
e10
000.e
.
.
1e+
000.e
++1
abc
-
abc
1e+
1e+
.
--2
000.e
000.e
.
1.2.3
0e
000.e
000.e
++1
+
abc
+
.
e10
++1
1ee2
1e
1e
+
+
000.e
+
+
--2
1e
1e+
.
1.2.3
0e
1e
+
++1
abc
0e
abc
--2
++1
000.e
.
-
1e+
.
-
+
1e+
abc
000.e
--2
abc
e10
1.2.3
+
e10
1ee2
-
1.2.3
.
1e+
1e-
1.2.3
1ee2
--2
abc
1ee2
1e-
++1
1e+
--2
--2
1e-
abc
.
--2
+
1e
-
1e+
++1
0e
abc
1e-
1.2.3
-
1e
1e
0e
1e+
e10
1ee2
1.2.3
1ee2
abc
-
++1
000.e
1ee2
1e
1ee2
0e
000.e
abc
-
1e
1e-
--2
1e+
e10
000.e
-
0e
1e+
-
+
+
.
+
1e+
1e+
e10
1e-
--2
000.e
++1
++1
1e+
e10
.
abc
1.2.3
++1
000.e
.
1ee2
--2
++1
e10
1ee2
1.2.3
++1
1.2.3
-
e10
+
abc
1.2.3
1ee2
000.e
++1
++1
-
++1
1e
--2
abc
--2
-
1e
1e
000.e
000.e
1e+
.
1e-
abc
0e
1e+
.
000.e
1e+
1.2.3
++1
0e
1e+
++1
+
+
.
--2
e10
e10
abc
++1
.
0e
1e-
abc
e10
1.2.3
++1
-
1ee2
++1
--2
abc
-
abc
-
1e-
0e
e10
+
abc
-
-
1.2.3
1e+
1e-
++1
-
abc
++1
abc
000.e
1.2.3
+
1e
--2
e10
+
+
.
++1
0e
1e-
1.2.3
000.e
0e
++1
000.e
0e
abc
1.2.3
-
abc
++1
abc
--2
0e
000.e
1e+
1e+
1e+
+
--2
--2
++1
++1
+
1ee2
-
+
1.2.3
0e
abc
.
.
000.e
1e
1e
.
-
1e+
0e
1e
+
abc
1e+
e10
1e
000.e
1e
.
1e+
.
.
--2
++1
0e
.
1e+
++1
1e
.
+
--2
-
.
0e
1e-
.
e10
abc
0e
1e-
++1
--2
1e-
-
000.e
e10
.
abc
1e-
1ee2
+
1e-
abc
1e
1e-
1ee2
1e-
-
1.2.3
.
1ee2
1e
1e
e10
--2
abc
0e
0e
++1
1e+
0e
.
-
1e
1.2.3
abc
1e
1ee2
1ee2
.
1e-
abc
+
0e
000.e
.
1ee2
.
abc
++1
+
++1
0e
++1
--2
1.2.3
1e-
-
1e-
.
e10
1ee2
1.2.3
abc
.
e10
0e
1e-
++1
++1
000.e
0e
0e
e10
-
1e+
1e
abc
1e-
1e+
1e+
abc
1ee2
1ee2
-
000.e
1.2.3
1ee2
.
1ee2
1e-
abc
0e
0e
abc
++1
0e
++1
--2
1.2.3
1e
-
1e-
1e
0e
1.2.3
e10
1e-
000.e
+
+
1.2.3
abc
1ee2
0e
1.2.3
1e+
+
1.2.3
-
1.2.3
++1
++1
1e
000.e
--2
1ee2
1.2.3
000.e
1e-
abc
e10
000.e
000.e
abc
abc
--2
+
1.2.3
--2
--2
abc
1e+
1.2.3
abc
1e+
0e
-
1ee2
0e
-
+
++1
e10
1e+
+
1e-
1e
+
.
e10
--2
000.e
-
++1
1e+
abc
abc
+
abc
1e+
--2
1ee2
+
1e
1e
e10
.
-
e10
1e
000.e
.
++1
1e-
-
1ee2
--2
-
1e+
1ee2
1e
--2
-
abc
--2
abc
e10
1e
0e
0e
abc
--2
1e
000.e
+
+
-
1.2.3
1e+
.
1.2.3
-
1e
.
+
1ee2
0e
1e
+
1ee2
000.e
1ee2
abc
++1
abc
abc
+
+
+
--2
1e-
1e+
-
0e
abc
+
-
++1
++1
1ee2
1ee2
1e-
000.e
++1
1e+
.
000.e
1.2.3
000.e
0e
.
1e
--2
000.e
1e+
1.2.3
1e+
.
1ee2
--2
1e
1ee2
1e-
--2
--2
-
0e
-
e10
1e
1.2.3
1ee2
000.e
--2
1e-
1.2.3
000.e
+
e10
000.e
--2
0e
0e
1.2.3
0e
+
1e-
-
-
1e+
e10
1.2.3
++1
1e
1.2.3
++1
.
--2
1e-
1e
000.e
++1
--2
000.e
1e-
1e-
abc
1.2.3
abc
--2
1.2.3
++1
1e+
000.e
1e+
1ee2
1e-
abc
--2
++1
000.e
++1
--2
1ee2
1ee2
1e-
-
++1
1.2.3
1e
1e-
0e
.
000.e
1.2.3
abc
1e+
000.e
1e-
+
++1
e10
1ee2
++1
-
-
1ee2
000.e
1e
.
+
000.e
000.e
++1
abc
++1
1.2.3
abc
.
1e
abc
++1
1e
1e+
1e
1.2.3
1ee2
1e+
1ee2
.
-
++1
.
0e
+
0e
.
1e-
1.2.3
1e
++1
e10
1e-
e10
0e
++1
-
-
1.2.3
.
0e
1ee2
--2
1e
000.e
000.e
1e-
-
e10
1e+
-
1e+
e10
1e-
1ee2
--2
--2
1.2.3
1e
000.e
0e
.
000.e
.
1.2.3
0e
--2
1.2.3
1ee2
--2
abc
0e
1e-
1e
e10
1e
abc
.
--2
+
1e
e10
abc
1e-
1e
.
1e
1ee2
--2
1e+
-
--2
++1
000.e
++1
000.e
1e-
000.e
1ee2
e10
e10
1ee2
1e+
e10
1e+
0e
e10
abc
--2
0e
1e-
++1
+
.
1e-
1.2.3
+
--2
000.e
-
abc
.
e10
000.e
-
000.e
--2
1.2.3
1e+
+
1e-
+
1e
-
--2
+
.
--2
++1
abc
.
.
-
++1
1ee2
.
+
1e
1e-
0e
++1
abc
.
1e-
--2
++1
1e+
0e
++1
++1
--2
1.2.3
abc
1.2.3
.
000.e
abc
.
1e+
1.2.3
-
1e+
1e
1e+
-
1e+
+
1e
1e+
-
1ee2
1e+
.
1ee2
1e
-
--2
000.e
+
000.e
1ee2
--2
1.2.3
1e+
.
1e-
1e+
-
e10
-
+
1ee2
++1
++1
1ee2
1e-
--2
++1
-
1e-
abc
1ee2
1e-
.
e10
1ee2
e10
1e+
1e+
1ee2
abc
abc
1.2.3
.
1.2.3
++1
000.e
e10
1e-
e10
-
abc
1e+
--2
1e-
--2
1ee2
.
1.2.3
1e
0e
1.2.3
1.2.3
1ee2
1.2.3
1.2.3
e10
1e
++1
1.2.3
1e
--2
abc
--2
.
--2
1e-
+
1.2.3
1ee2
-
000.e
.
--2
-
0e
1e-
1e+
-
+
-
++1
.
+
1e-
++1
1e-
abc
e10
e10
++1
1.2.3
e10
e10
++1
1e-
1e-
.
1.2.3
-
1e-
--2
++1
1e
.
e10
000.e
e10
--2
1e
-
e10
000.e
0e
.
+
-
abc
e10
+
0e
000.e
.
e10
-
++1
e10
-
000.e
.
000.e
abc
+
e10
.
0e
000.e
e10
1e+
--2
1ee2
++1
0e
1e+
e10
e10
000.e
++1
0e
--2
--2
+
0e
0e
1ee2
abc
1e-
e10
1.2.3
1e-
000.e
1.2.3
+
000.e
1e+
1e-
--2
0e
000.e
+
.
-
-
1e-
e10
++1
1e+
--2
.
+
1e+
abc
1e+
1.2.3
0e
0e
++1
1e+
1ee2
+
.
abc
.
--2
1.2.3
1.2.3
1e-
.
1e+
1e
1e+
++1
.
+
-
000.e
.
1e
abc
e10
+
1e-
.
abc
1e-
e10
.
-
+
++1
1e+
1ee2
000.e
1e-
++1
++1
--2
++1
1e+
1ee2
+
000.e
abc
1e-
0e
.
000.e
abc
+
e10
1.2.3
1.2.3
++1
0e
++1
.
--2
1e
1.2.3
0e
1e-
.
1e
1ee2
.
.
1e
1e-
1ee2
000.e
1ee2
1ee2
1ee2
1e
000.e
-
0e
e10
0e
000.e
1ee2
e10
000.e
e10
000.e
1.2.3
1.2.3
++1
1ee2
++1
1e+
1e
1ee2
1e-
000.e
0e
1e-
1e+
000.e
1ee2
1e-
0e
1e-
e10
e10
.
e10
--2
+
e10
000.e
abc
1ee2
000.e
--2
1e+
1ee2
000.e
1e-
000.e
000.e
1e+
.
-
.
1e+
.
1e
abc
1e+
-
-
++1
1ee2
1e+
e10
1ee2
000.e
.
1e
000.e
1.2.3
1e-
.
1.2.3
++1
.
--2
1e
--2
1.2.3
0e
-
1.2.3
1e+
1e+
1e-
.
.
--2
.
--2
-
0e
e10
++1
1ee2
.
++1
1ee2
1e+
0e
-
1e-
e10
1.2.3
0e
1ee2
1e+
1e-
1e-
+
.
e10
+
e10
--2
1e+
--2
000.e
1e-
++1
1.2.3
++1
1ee2
0e
1e
++1
+
1e
000.e
000.e
1e+
-
1e
1ee2
1ee2
++1
1.2.3
1e-
e10
1e+
1.2.3
1ee2
.
+
.
0e
000.e
.
1ee2
e10
1.2.3
1e
0e
1.2.3
1e
1.2.3
1ee2
++1
1e+
1.2.3
0e
--2
.
e10
1e-
1.2.3
-
-
+
1e
+
--2
+
000.e
--2
1.2.3
1e-
e10
1.2.3
.
1ee2
--2
1ee2
0e
1e+
1e+
0e
++1
abc
000.e
1e-
-
1e
++1
abc
++1
+
1ee2
1e+
0e
-
1e+
--2
-
0e
e10
1.2.3
+
1e
++1
+
+
+
.
1e-
e10
000.e
1e
-
1.2.3
+
1ee2
abc
1e+
0e
+
1.2.3
abc
abc
0e
1e
abc
abc
-
-
000.e
000.e
0e
1e-
--2
0e
000.e
000.e
1.2.3
0e
1.2.3
000.e
1e
1.2.3
1e-
1.2.3
1e+
++1
.
e10
--2
000.e
1e
1e
abc
+
1ee2
.
000.e
abc
--2
1ee2
--2
++1
abc
0e
.
1ee2
e10
1e+
1.2.3
1e-
1e-
--2
++1
1ee2
.
1.2.3
abc
1ee2
0e
--2
e10
000.e
1e-
000.e
000.e
-
e10
1.2.3
-
0e
1.2.3
000.e
1ee2
+
.
1.2.3
-
0e
abc
1e+
000.e
000.e
1.2.3
-
e10
-
++1
abc
.
.
1e+
1.2.3
1e-
++1
1.2.3
1ee2
1e+
+
1.2.3
abc
.
++1
1e
1e+
1e
--2
e10
000.e
1e
1e
1e+
e10
.
1e-
.
e10
++1
++1
1e+
000.e
1e-
.
1e-
+
--2
1ee2
+
1.2.3
+
e10
abc
.
++1
0e
abc
000.e
1.2.3
++1
1e-
1ee2
++1
e10
1e-
1e+
+
++1
e10
-
1e-
1.2.3
000.e
++1
+
++1
+
--2
000.e
1e
0e
1.2.3
--2
1e+
1.2.3
1.2.3
1e-
-
1e
1e+
e10
.
1e+
000.e
1e-
-
1e
e10
1e+
.
abc
0e
1.2.3
e10
++1
0e
000.e
-
--2
+
+
1.2.3
1ee2
0e
--2
1e-
.
--2
1.2.3
1.2.3
--2
000.e
0e
++1
abc
1ee2
-
-
abc
1e+
1e
1ee2
1ee2
--2
++1
++1
1e+
abc
1e-
1e+
1e-
000.e
1e
abc
+
1e
0e
0e
1.2.3
1e-
++1
--2
+
+
0e
1e-
+
1e-
0e
.
1e+
1e-
--2
1e
--2
--2
++1
0e
-
+
-
1ee2
000.e
+
--2
++1
1.2.3
1e-
++1
+
e10
.
abc
abc
1ee2
1e
abc
++1
--2
0e
1e
e10
1e
1e-
1e
abc
abc
.
--2
1.2.3
-
abc
+
1e-
1e-
1e+
1e-
++1
abc
1e-
1.2.3
e10
+
e10
1ee2
1ee2
abc
abc
abc
--2
000.e
0e
1e-
abc
0e
1ee2
1e-
000.e
e10
e10
+
+
1ee2
1.2.3
1e+
1e-
0e
+
abc
0e
1e+
1e
000.e
+
++1
e10
0e
1e-
1ee2
abc
1e+
1e-
+
1.2.3
--2
.
1e
1ee2
000.e
0e
1ee2
0e
1e+
1ee2
++1
1.2.3
+
e10
e10
-
+
1.2.3
.
1ee2
000.e
-
1.2.3
-
+
0e
--2
1e+
0e
000.e
e10
1ee2
000.e
1ee2
1ee2
.
0e
-
0e
1e-
+
abc
1.2.3
1ee2
e10
.
.
1.2.3
++1
1e-
000.e
+
1e+
0e
-
e10
abc
1.2.3
1e
1ee2
1e+
++1
abc
++1
1ee2
e10
-
e10
1e-
++1
1e+
1ee2
1e-
0e
1e
1.2.3
abc
1e+
++1
1.2.3
e10
000.e
1ee2
1e+
.
e10
.
0e
1e+
++1
abc
e10
1e+
1e+
000.e
++1
1.2.3
.
e10
--2
000.e
++1
.
0e
-
+
1e+
+
--2
1.2.3
abc
++1
+
+
-
0e
e10
1ee2
--2
1ee2
+
0e
0e
++1
.
1ee2
1ee2
1ee2
--2
1ee2
1e
e10
1e
e10
1ee2
1ee2
.
.
++1
--2
0e
e10
1ee2
.
-
e10
abc
1ee2
-
.
1e
000.e
.
1.2.3
1.2.3
-
1.2.3
.
++1
abc
1e
--2
++1
1ee2
1ee2
1.2.3
e10
1e-
.
1ee2
1e
-
0e
--2
+
1e
1ee2
1e-
000.e
-
1ee2
abc
1e+
abc
000.e
-
1e-
abc
abc
1.2.3
0e
1e+
000.e
--2
000.e
1e
1e-
abc
abc
0e
abc
++1
000.e
e10
1e-
1.2.3
e10
1ee2
1e-
.
abc
abc
0e
1.2.3
-
++1
000.e
1ee2
1e-
0e
1.2.3
1ee2
1e
abc
+
+
-
1e+
1e
.
1ee2
1ee2
1.2.3
++1
1.2.3
000.e
1.2.3
++1
e10
0e
+
1e
.
abc
+
1e+
1ee2
-
+
1.2.3
1.2.3
+
1e-
abc
abc
++1
1e+
-
000.e
abc
e10
000.e
1ee2
1e
1e
1e+
1e
1e
0e
+
1ee2
-
.
--2
--2
1.2.3
e10
e10
1e
1.2.3
0e
e10
1e+
1e
e10
1e-
1e+
1e
.
1e
1ee2
1e
--2
0e
0e
abc
1e
-
++1
++1
1e
.
1e-
1e+
1e
--2
++1
.
++1
--2
-
000.e
-
1.2.3
1ee2
abc
-
++1
1e-
1e+
abc
+
000.e
1ee2
0e
1e
abc
0e
1e-
+
++1
e10
++1
1e+
-
1e
--2
1e-
++1
1ee2
-
1e-
1.2.3
1.2.3
1ee2
-
--2
++1
++1
0e
++1
1e-
1e-
.
0e
0e
1e
1e-
+
.
--2
1e-
1.2.3
--2
e10
1e
1e+
abc
1e-
0e
++1
0e
000.e
.
+
.
0e
1e-
-
1.2.3
1ee2
+
+
++1
e10
.
000.e
.
-
e10
0e
abc
0e
1e+
1.2.3
.
1.2.3
0e
1.2.3
1.2.3
e10
++1
abc
.
+
1.2.3
.
++1
abc
e10
1e-
-
.
abc
1ee2
+
1e+
0e
e10
+
1ee2
1e-
--2
1.2.3
-
--2
1e-
000.e
1e
1.2.3
1e-
--2
+
1.2.3
--2
e10
1e-
-
-
e10
1e-
0e
.
--2
1e+
1e+
-
1ee2
abc
1e+
e10
--2
-
1e-
1e
000.e
1.2.3
+
1e-
++1
1ee2
--2
+
e10
-
0e
.
-
0e
1e-
-
+
1e
+
1e-
.
.
.
1e-
.
1.2.3
1e
0e
1e-
++1
--2
-
+
.
000.e
.
--2
abc
1e-
1e-
1e
1ee2
1e-
1ee2
0e
.
-
1e+
000.e
1e-
-
abc
abc
++1
--2
++1
e10
.
--2
0e
--2
1ee2
1ee2
e10
e10
--2
abc
1.2.3
1.2.3
1ee2
1e+
0e
000.e
abc
000.e
-
0e
1e-
.
abc
1ee2
-
1e+
+
abc
+
abc
-
.
.
++1
+
000.e
.
000.e
000.e
abc
abc
1e-
1e
0e
abc
1ee2
1e-
1.2.3
1.2.3
1.2.3
000.e
1e-
1e-
0e
1.2.3
++1
e10
1e-
abc
1.2.3
1e-
000.e
--2
0e
1e
1ee2
1e+
000.e
e10
-
--2
+
e10
0e
++1
000.e
0e
abc
e10
1ee2
++1
--2
000.e
.
1ee2
0e
--2
--2
--2
1e
+
1ee2
+
1e
1e
-
.
++1
1ee2
++1
1e+
e10
1e-
+
1e-
1e
-
abc
+
--2
-
0e
1e-
--2
1e+
abc
+
+
e10
1e+
e10
000.e
1e-
e10
-
1e
1.2.3
1ee2
1.2.3
.
-
e10
--2
+
e10
1.2.3
0e
1e+
1e+
++1
1e+
abc
.
000.e
++1
e10
0e
abc
1ee2
1e+
0e
000.e
--2
000.e
+
++1
--2
abc
++1
-
++1
1e-
abc
1e+
0e
++1
.
e10
000.e
1e
.
1e-
1e
--2
1e+
1ee2
1e+
1e
1ee2
e10
1ee2
abc
1ee2
abc
.
+
.
.
e10
abc
-
1ee2
--2
1e-
-
+
1e
abc
++1
++1
++1
1ee2
--2
--2
0e
1e+
1e
1.2.3
1e
-
1e-
1e+
e10
++1
000.e
1ee2
1ee2
0e
0e
1e+
1.2.3
-
++1
.
1ee2
1e-
1e+
--2
-
++1
1e
0e
e10
e10
000.e
1e+
+
1ee2
0e
+
000.e
e10
++1
1e
000.e
++1
++1
1.2.3
.
0e
1e+
1e+
e10
+
e10
++1
abc
e10
+
-
1e
e10
abc
1e+
000.e
1e-
++1
.
1e-
1e+
--2
+
--2
1e-
abc
1e
1e
1e
++1
1e+
.
1.2.3
++1
e10
1ee2
1.2.3
1e-
abc
0e
-
-
.
+
+
1e+
1e
++1
+
1e+
--2
++1
000.e
.
1ee2
1.2.3
.
abc
e10
-
.
-
0e
1e+
++1
1ee2
+
.
abc
+
-
++1
e10
.
++1
+
e10
1e
1e
e10
-
-
e10
++1
+
e10
1ee2
000.e
++1
1e+
1e
--2
--2
000.e
--2
1.2.3
0e
.
-
1.2.3
--2
e10
-
1e
--2
abc
+
0e
1ee2
1e-
1.2.3
0e
1e
--2
1ee2
--2
e10
0e
1e
1e
1ee2
000.e
++1
1.2.3
1e+
1.2.3
000.e
--2
e10
1e
e10
000.e
e10
1ee2
000.e
1.2.3
+
1e-
abc
0e
000.e
000.e
1e+
1ee2
.
0e
++1
1e+
--2
.
abc
+
1ee2
1e+
++1
1e-
++1
1ee2
abc
--2
1.2.3
1ee2
abc
--2
1.2.3
+
1ee2
1ee2
1ee2
-
0e
1ee2
-
000.e
1.2.3
abc
1e-
1e+
1ee2
++1
1.2.3
1ee2
000.e
--2
+
.
--2
000.e
1e+
1e-
e10
e10
++1
0e
1e+
+
1e+
abc
1ee2
1ee2
1.2.3
1e
1e
0e
-
.
1e-
abc
++1
e10
.
1ee2
1e+
++1
1e
abc
0e
++1
-
+
.
-
++1
+
1e-
000.e
0e
--2
--2
+
++1
1.2.3
1e
0e
.
1e
1.2.3
.
1e-
0e
e10
1e+
1e+
1e
0e
e10
++1
abc
e10
1e-
000.e
1.2.3
1ee2
000.e
000.e
++1
--2
1.2.3
1.2.3
.
1e+
++1
.
1e+
--2
e10
1e-
.
+
++1
1e+
-
1e+
1.2.3
--2
1ee2
1e
0e
1e
0e
++1
+
e10
000.e
++1
1e
0e
-
1e-
+
abc
abc
-
000.e
1e+
1e
1e
1e+
1e-
1ee2
1e+
+
-
+
-
1e+
1.2.3
1e+
.
1ee2
1e+
abc
0e
1e
++1
1.2.3
.
1ee2
1e+
.
0e
++1
1.2.3
abc
-
1e-
1e
-
1.2.3
--2
000.e
.
1e-
0e
.
abc
000.e
e10
++1
--2
--2
000.e
abc
+
1.2.3
-
1e
000.e
1e-
1.2.3
1ee2
1e+
+
--2
.
0e
+
1e
--2
1e+
000.e
1e
++1
1ee2
1.2.3
1.2.3
-
++1
000.e
1e-
-
e10
1e+
1e-
000.e
+
++1
1e+
1e-
1e+
++1
1e-
+
+
1e+
1.2.3
1e+
1e-
1e+
1e
1e-
--2
.
-
1ee2
e10
1ee2
0e
1ee2
e10
1e
1e-
1e+
+
1ee2
000.e
1e+
0e
e10
e10
1e
1ee2
1e
1e-
1e
0e
.
+
0e
1e+
1ee2
-
--2
1ee2
-
1.2.3
+
1e-
1.2.3
1e+
0e
+
abc
+
abc
1ee2
++1
e10
1ee2
1.2.3
.
e10
--2
+
.
-
000.e
.
++1
1e
-
000.e
++1
e10
+
e10
000.e
e10
abc
--2
+
000.e
e10
++1
--2
e10
1e-
--2
1.2.3
1e+
+
abc
1e
+
1e
1e-
.
1e-
--2
--2
abc
--2
+
1ee2
-
000.e
1ee2
abc
e10
e10
e10
1e+
1e+
e10
-
-
1e
e10
abc
+
1e+
abc
1e+
--2
--2
+
1ee2
1e+
e10
+
.
1e
0e
1ee2
1.2.3
e10
+
-
+
1e+
+
.
abc
000.e
0e
1e+
0e
1ee2
--2
1e
--2
1.2.3
.
abc
e10
--2
+
.
e10
000.e
+
-
.
1e
.
1ee2
+
1e+
1e
000.e
1e
abc
.
-
0e
000.e
000.e
abc
1ee2
1ee2
0e
abc
++1
-
1e+
abc
1e+
0e
e10
1e
1.2.3
++1
1e-
000.e
0e
e10
--2
+
abc
.
e10
-
1ee2
+
e10
--2
+
000.e
.
e10
--2
1e
1e
e10
1ee2
abc
1e-
1ee2
000.e
1e+
--2
+
000.e
e10
+
000.e
.
abc
1e+
+
++1
-
.
++1
1ee2
++1
.
--2
1e-
0e
000.e
-
1.2.3
-
1e
1ee2
++1
--2
000.e
1.2.3
1e+
.
000.e
++1
--2
-
0e
1.2.3
1e-
--2
1e-
0e
e10
0e
1.2.3
000.e
++1
--2
0e
e10
1.2.3
1.2.3
1.2.3
++1
0e
1.2.3
.
000.e
0e
1.2.3
.
1e-
++1
--2
abc
0e
e10
1.2.3
++1
++1
+
abc
1.2.3
+
1e
-
000.e
--2
1e-
000.e
1e+
abc
000.e
0e
++1
.
1e
0e
1ee2
e10
1ee2
1.2.3
1.2.3
+
++1
1.2.3
1e+
-
+
1e+
.
--2
e10
-
0e
000.e
1e
1e+
e10
1e-
.
000.e
1e+
--2
++1
abc
1.2.3
abc
1ee2
+
abc
--2
.
--2
1e+
0e
1.2.3
-
1e
1e+
+
1ee2
1e
e10
1e+
1ee2
e10
1e
++1
abc
-
000.e
1e+
+
+
++1
e10
1ee2
1.2.3
abc
1.2.3
1e+
1.2.3
1ee2
000.e
--2
--2
+
1e+
1ee2
abc
1ee2
000.e
000.e
1ee2
-
1e
1e
000.e
.
++1
1.2.3
e10
++1
1e
1.2.3
-
-
-
000.e
000.e
+
-
-
++1
e10
1.2.3
abc
.
.
abc
-
1e+
1e
1ee2
abc
abc
-
0e
000.e
--2
1ee2
1ee2
1ee2
-
0e
--2
--2
--2
1e+
1e+
e10
.
.
1ee2
e10
0e
1ee2
000.e
0e
.
0e
-
--2
--2
+
.
1e
--2
1e-
1e
0e
1ee2
1.2.3
1e
-
++1
abc
+
++1
1e-
1ee2
000.e
++1
000.e
1e+
-
0e
+
1e
1e+
-
abc
++1
abc
--2
-
000.e
.
1.2.3
e10
abc
1.2.3
e10
e10
++1
.
1.2.3
1e
.
-
000.e
e10
.
--2
1e+
0e
1.2.3
1ee2
.
e10
+
1e-
++1
1e+
-
1ee2
1e
1ee2
1e-
000.e
1e+
.
e10
++1
1e+
+
.
1.2.3
-
0e
.
1ee2
000.e
abc
1e+
000.e
-
++1
1.2.3
0e
1e+
++1
+
0e
e10
1e+
abc
1ee2
1e-
1e+
0e
1e
0e
e10
--2
1.2.3
1ee2
1e+
e10
1ee2
1.2.3
+
000.e
++1
1e
1ee2
1.2.3
1e+
000.e
1e
1e-
1.2.3
000.e
.
0e
1e
-
1e+
++1
e10
++1
-
+
1e-
1ee2
1.2.3
0e
1e-
0e
1ee2
abc
1.2.3
-
++1
1e-
1ee2
+
--2
+
+
1e-
1e+
1e
+
.
abc
000.e
1e
1ee2
1e+
1.2.3
1e-
1.2.3
abc
0e
-
0e
1e
1e+
+
000.e
.
.
-
000.e
++1
1e
abc
000.e
-
++1
-
000.e
abc
0e
1e
.
1e-
+
1e-
.
1.2.3
0e
e10
000.e
++1
--2
0e
-
e10
-
.
000.e
e10
1.2.3
1e
.
000.e
000.e
+
1ee2
--2
0e
.
.
.
.
e10
-
1e+
--2
1e
000.e
.
1ee2
++1
1e
1ee2
1e-
1e+
e10
1.2.3
+
1ee2
+
1e+
+
000.e
abc
-
0e
1.2.3
1e
0e
.
-
++1
1e
-
-
1e-
++1
0e
0e
--2
e10
e10
1e-
e10
+
.
-
.
000.e
0e
0e
.
abc
1ee2
1ee2
e10
000.e
e10
1e-
--2
e10
+
abc
1e-
abc
1e
1e
++1
1.2.3
--2
++1
.
000.e
1e
++1
.
1.2.3
1e
abc
1e
-
e10
-
--2
1e-
--2
--2
1e-
abc
1e
++1
e10
1e+
++1
--2
-
abc
.
000.e
+
--2
abc
000.e
-
1.2.3
++1
-
1e
000.e
1e+
000.e
--2
++1
1e-
1e+
-
1ee2
--2
1ee2
000.e
--2
++1
1.2.3
1ee2
-
0e
+
1e+
1e+
--2
1e-
1e
abc
++1
--2
++1
000.e
abc
1e-
.
abc
0e
1e+
000.e
--2
abc
000.e
1ee2
0e
1e-
1ee2
1e
.
+
abc
e10
abc
000.e
000.e
+
1.2.3
-
1ee2
1ee2
-
abc
++1
1e+
000.e
--2
-
0e
1ee2
1ee2
000.e
++1
000.e
abc
1e+
++1
++1
e10
--2
1e
-
000.e
.
abc
1e-
-
0e
.
--2
+
abc
1e-
++1
++1
0e
1e+
abc
++1
+
1e
+
-
1ee2
000.e
--2
1e+
1.2.3
1e+
abc
0e
1ee2
000.e
1e-
abc
-
++1
000.e
abc
1e+
abc
1e-
000.e
1e-
000.e
+
1e+
++1
0e
1e
.
000.e
abc
1e
1ee2
e10
++1
1e-
abc
1.2.3
.
1e-
++1
e10
++1
--2
1e
1e-
1e-
1e
++1
1e-
-
1e
1e-
abc
e10
1e+
1e+
+
1ee2
1e
e10
.
+
.
000.e
abc
-
000.e
e10
-
1e-
+
1e-
+
1e-
--2
1e+
abc
1e-
000.e
.
000.e
0e
-
1e-
1e-
+
1e
e10
abc
0e
0e
1e-
.
.
1ee2
++1
++1
0e
++1
1e+
000.e
1e-
1e-
abc
1e+
1ee2
0e
.
1e
e10
+
1e+
1.2.3
e10
1.2.3
e10
000.e
+
--2
1ee2
--2
1e+
-
1e+
+
abc
--2
1.2.3
0e
1e
1e-
.
-
abc
1e
.
e10
1e+
1ee2
1e-
e10
.
1e+
1ee2
1e
1ee2
1e-
++1
0e
--2
.
++1
e10
-
1e-
abc
000.e
-
+
1ee2
e10
++1
-
1e
1e
1ee2
--2
e10
+
000.e
+
--2
000.e
1e-
1e+
-
++1
1.2.3
-
000.e
+
.
-
1e
000.e
abc
-
1e+
+
++1
+
000.e
1e+
1e
1.2.3
1.2.3
1e
1e-
abc
1e-
000.e
0e
000.e
1e+
1e
-
1ee2
abc
000.e
++1
--2
e10
0e
-
1e
1e
1ee2
1ee2
000.e
++1
000.e
e10
0e
000.e
1ee2
abc
1.2.3
1e
000.e
1.2.3
.
1e
-
0e
1ee2
.
-
1.2.3
-
e10
1e-
1.2.3
1e+
0e
1ee2
1e+
1ee2
000.e
+
1ee2
1ee2
000.e
-
-
1ee2
++1
000.e
-
.
1e-
1ee2
1e
e10
++1
++1
0e
.
1e
--2
1e
1e
++1
1e-
1ee2
--2
1e
abc
1e+
e10
+
e10
1.2.3
e10
1e
000.e
e10
0e
--2
1e+
1.2.3
abc
abc
.
1ee2
1e
1e+
1e-
+
1e
++1
++1
1e+
abc
1e+
1e-
+
0e
1ee2
--2
++1
1.2.3
1e+
1e-
+
abc
000.e
1e+
000.e
e10
--2
+
+
++1
1e-
++1
--2
+
1.2.3
1.2.3
1e-
1ee2
000.e
0e
0e
1e-
abc
1e-
abc
000.e
abc
-
-
.
1e
abc
.
0e
0e
0e
1.2.3
+
++1
+
+
e10
1.2.3
abc
1.2.3
1.2.3
1e+
.
1e-
++1
1.2.3
1e
1e+
1e-
1ee2
abc
1ee2
++1
abc
abc
1.2.3
.
.
e10
--2
1e+
++1
-
1ee2
1e-
-
1.2.3
000.e
++1
1e-
1ee2
1e-
-
--2
--2
1e+
1.2.3
1e
+
1e-
1.2.3
000.e
1e
1.2.3
+
1.2.3
+
abc
1ee2
e10
-
1e
1ee2
1ee2
1e
1e+
+
000.e
abc
+
1ee2
1e+
--2
--2
--2
1e-
1.2.3
000.e
1ee2
e10
1e-
-
1e-
++1
1e
--2
1e-
1.2.3
0e
abc
.
1e
000.e
e10
.
1.2.3
1e
.
abc
1e
0e
++1
1e+
abc
abc
+
+
1e-
e10
-
1e+
1e+
+
1ee2
1ee2
e10
.
e10
000.e
1.2.3
--2
e10
e10
abc
1e+
++1
.
++1
1e
1e
.
1ee2
--2
-
1e-
0e
1e-
.
0e
1e+
000.e
1e+
1.2.3
e10
++1
--2
1.2.3
1e+
1.2.3
1ee2
000.e
-
0e
1.2.3
abc
1.2.3
1e
000.e
1e
1.2.3
-
1e-
++1
.
+
--2
++1
.
000.e
1.2.3
--2
0e
1.2.3
0e
.
1e-
.
-
1e
1e
1.2.3
1.2.3
0e
--2
1e
0e
+
-
000.e
1.2.3
000.e
0e
1e+
+
e10
1e-
-
0e
1e+
.
.
1e
0e
++1
000.e
.
--2
1e-
0e
e10
+
-
1e+
abc
e10
000.e
000.e
1.2.3
1e
1e-
1e+
e10
-
-
e10
1ee2
abc
++1
e10
++1
1e-
1e+
000.e
.
.
1.2.3
++1
1e
+
1e+
1e-
+
++1
.
-
000.e
abc
1e-
-
000.e
000.e
1e-
1ee2
++1
000.e
++1
0e
-
000.e
1e-
+
--2
--2
1ee2
1e
1e
+
--2
-
1e-
++1
+
1e+
1e+
1ee2
++1
1e+
0e
--2
.
++1
+
++1
1e+
1e+
0e
1e
e10
1e+
1e-
e10
e10
0e
e10
--2
1ee2
++1
abc
--2
1e+
--2
++1
abc
+
1ee2
--2
0e
0e
+
e10
1e+
1ee2
++1
1e-
1e-
++1
--2
-
++1
1e-
.
.
1.2.3
++1
--2
--2
e10
.
000.e
1.2.3
e10
abc
e10
-
++1
abc
-
000.e
-
1.2.3
e10
1e
1.2.3
.
.
1.2.3
+
0e
000.e
e10
--2
e10
1e
1e+
.
.
++1
1e+
++1
000.e
1e-
1e
1e
1e+
0e
.
1e-
e10
0e
+
1e+
++1
000.e
1e
-
0e
1.2.3
1.2.3
++1
1.2.3
+
e10
e10
--2
000.e
.
-
abc
1e-
--2
--2
1e+
-
++1
0e
abc
.
1e-
1.2.3
-
+
1e+
--2
1.2.3
1ee2
abc
000.e
1.2.3
1e-
+
1e
.
abc
-
1e
1e-
.
.
--2
e10
1e
1e+
-
1e+
.
000.e
+
1.2.3
abc
1e-
-
1e+
.
0e
--2
--2
1ee2
1e+
.
+
1e-
+
1.2.3
000.e
000.e
+
--2
0e
1e
++1
1.2.3
1e+
1ee2
1e-
0e
.
abc
-
1ee2
0e
1e
1.2.3
1e+
.
abc
.
1ee2
0e
1e
000.e
.
+
0e
e10
.
1e
--2
1e+
-
1e-
1ee2
+
0e
+
-
abc
-
1e-
1e-
e10
1e+
e10
.
1e
-
abc
abc
1e-
000.e
abc
+
e10
000.e
e10
000.e
0e
000.e
-
0e
1e+
e10
++1
--2
++1
-
abc
1e-
1ee2
1e
1e-
++1
e10
.
000.e
1e
1ee2
0e
abc
+
--2
abc
1ee2
000.e
++1
-
++1
1ee2
1.2.3
--2
0e
.
0e
1ee2
++1
+
1.2.3
e10
.
1ee2
abc
e10
++1
abc
abc
--2
0e
--2
abc
1e+
000.e
-
000.e
.
0e
++1
0e
abc
e10
abc
1e-
-
abc
+
.
-
1e-
.
000.e
1ee2
+
e10
000.e
1ee2
--2
-
+
+
++1
+
-
--2
0e
000.e
1e
.
++1
--2
1e
1.2.3
1ee2
e10
1e-
1e
abc
1ee2
++1
1e
e10
0e
1e
-
0e
1e
1ee2
000.e
000.e
+
1e-
1e
-
1e
abc
abc
1.2.3
abc
+
--2
1.2.3
0e
abc
-
1e+
-
1ee2
+
1e+
+
0e
000.e
--2
1e-
0e
++1
0e
1ee2
1ee2
+
abc
.
-
++1
++1
-
--2
+
abc
1e-
.
-
0e
e10
1e+
1e+
000.e
1ee2
-
1.2.3
1e
e10
+
.
e10
1e
1.2.3
-
1e-
1.2.3
+
++1
abc
++1
1.2.3
1e+
1e+
1ee2
1ee2
1e+
abc
e10
1.2.3
.
1ee2
1ee2
1.2.3
abc
0e
e10
--2
000.e
1e+
.
--2
.
1ee2
1e
e10
000.e
+
.
000.e
1e+
000.e
1e+
.
abc
1e+
0e
0e
1.2.3
1ee2
+
000.e
--2
000.e
.
.
1e+
-
1e+
1e-
-
000.e
+
.
1.2.3
0e
abc
1.2.3
e10
1e+
abc
0e
+
0e
1e
--2
1ee2
.
++1
e10
--2
+
1e
1e
1e-
1e+
+
1.2.3
--2
1e-
1e-
e10
.
1e-
++1
0e
abc
abc
0e
+
++1
.
.
-
e10
++1
.
abc
.
++1
+
0e
1e-
000.e
000.e
--2
--2
1e
0e
--2
+
1e-
000.e
0e
++1
++1
000.e
1e+
--2
1e+
--2
1e+
+
000.e
e10
--2
0e
-
abc
abc
1e+
abc
abc
e10
000.e
000.e
++1
000.e
--2
1e
000.e
1e+
000.e
000.e
1ee2
e10
-
1ee2
1e+
000.e
000.e
1ee2
1e
1e-
.
.
--2
000.e
000.e
--2
000.e
000.e
1e
.
0e
e10
1.2.3
1e+
--2
1e-
1ee2
0e
1e
000.e
++1
.
+
e10
abc
abc
1e-
1.2.3
1e-
e10
1e-
1.2.3
1e+
1ee2
000.e
1e
e10
000.e
-
1.2.3
000.e
0e
+
.
1e-
.
--2
++1
1.2.3
.
000.e
1e
1ee2
1e
-
1ee2
--2
+
++1
1ee2
.
-
+
000.e
-
0e
.
1.2.3
--2
1e+
1ee2
1.2.3
1ee2
.
-
++1
e10
0e
000.e
abc
000.e
1.2.3
-
-
1e-
--2
--2
+
--2
1e
e10
e10
000.e
1e
+
1ee2
000.e
1.2.3
+
+
1ee2
1e-
1e+
1e-
0e
-
-
1.2.3
--2
0e
1.2.3
.
abc
e10
.
000.e
++1
1.2.3
0e
-
1e
--2
1e+
.
+
0e
1e-
0e
1e
-
.
.
0e
1e
000.e
1e-
-
-
--2
1e
e10
1e+
000.e
+
1e-
0e
1e+
++1
1e-
--2
+
.
0e
1ee2
-
.
1e+
++1
0e
1ee2
1.2.3
1e-
1.2.3
abc
0e
1e-
abc
1e+
1e-
abc
1.2.3
1ee2
000.e
abc
000.e
.
--2
1e+
e10
1.2.3
.
.
1e
1.2.3
abc
++1
0e
abc
-
1ee2
1e
1e+
1e+
.
++1
1.2.3
1e+
+
.
1e+
-
++1
.
1e-
e10
0e
1.2.3
+
++1
e10
1ee2
1ee2
--2
1e+
1e-
0e
.
1e
1.2.3
000.e
+
1e
e10
1e
-
--2
e10
abc
e10
-
0e
e10
1e
1e
000.e
0e
.
-
abc
1ee2
e10
abc
abc
1ee2
1e+
1.2.3
1e-
+
.
000.e
000.e
000.e
+
+
abc
1e
1e-
abc
1e
--2
1ee2
.
000.e
1ee2
abc
++1
000.e
++1
1ee2
e10
1e-
e10
000.e
e10
e10
000.e
1.2.3
000.e
abc
--2
1e
++1
abc
-
++1
e10
e10
++1
++1
abc
000.e
1e+
++1
1e+
1ee2
+
--2
-
1e
+
1e
--2
0e
1e
1e
1e+
++1
1e
-
.
abc
0e
1e-
abc
1e
1e-
0e
++1
0e
1e
1e+
++1
e10
e10
1e+
+
abc
--2
e10
--2
1ee2
.
--2
.
+
1e
1e+
1e-
+
--2
1ee2
1ee2
0e
1e-
e10
++1
1.2.3
1e+
1.2.3
-
abc
--2
-
000.e
1e+
e10
1e
++1
-
1e+
1e-
1e
1ee2
abc
-
-
abc
--2
++1
1e+
1e+
000.e
+
.
1e
1e
.
1ee2
000.e
--2
1.2.3
1e
--2
++1
1e+
1.2.3
0e
abc
1e-
e10
e10
1ee2
e10
abc
1ee2
1e+
abc
1e
1e-
++1
1e+
1e+
1.2.3
1ee2
0e
0e
+
e10
1e
--2
1e-
abc
1ee2
1e+
--2
1e
-
1ee2
-
+
-
0e
++1
+
1e+
0e
000.e
0e
++1
.
1.2.3
0e
000.e
1ee2
1e
1ee2
--2
--2
1e+
1ee2
1ee2
1e-
1ee2
1.2.3
1.2.3
e10
1e
++1
1e-
e10
-
0e
000.e
1e
e10
--2
e10
000.e
.
++1
-
++1
0e
+
1.2.3
1e+
1e+
+
.
1e-
1e-
--2
000.e
-
1.2.3
+
+
1e
000.e
++1
-
1ee2
1e+
abc
1e+
abc
1.2.3
000.e
--2
1e+
0e
.
1.2.3
1e+
++1
++1
1e
e10
1.2.3
+
1ee2
++1
1e-
abc
+
1.2.3
0e
e10
0e
e10
-
1e-
.
e10
-
000.e
1e-
1.2.3
1e-
1e
+
e10
0e
1ee2
-
1e+
--2
1e-
1e
-
--2
1e-
1e
1e+
1ee2
0e
1.2.3
e10
000.e
.
1ee2
++1
0e
1e-
1ee2
++1
-
000.e
+
--2
1e
1e-
--2
++1
1e+
1ee2
1e-
--2
000.e
--2
1e+
++1
+
abc
000.e
.
+
+
.
.
0e
-
1e+
0e
.
+
-
--2
abc
1.2.3
--2
1.2.3
+
000.e
abc
1.2.3
abc
0e
1e-
1e+
abc
++1
1e-
+
abc
-
1.2.3
0e
e10
1e
-
+
1e
--2
++1
1ee2
1.2.3
1e
1e+
1e+
1ee2
1e+
0e
e10
+
000.e
1e
abc
--2
+
1ee2
+
000.e
1e
0e
1e+
+
e10
-
.
.
+
-
abc
e10
1.2.3
1ee2
e10
abc
.
1e-
1e-
1e
1ee2
e10
000.e
.
1e
000.e
.
abc
1e+
++1
1e-
.
1ee2
000.e
+
1e-
0e
abc
1ee2
1e-
e10
abc
--2
1.2.3
.
0e
-
-
0e
1e
000.e
1e+
.
1ee2
++1
++1
1ee2
+
.
-
1e+
.
+
1.2.3
1ee2
0e
abc
0e
--2
-
1ee2
e10
1.2.3
++1
--2
1ee2
000.e
1ee2
.
000.e
--2
1e
e10
1.2.3
--2
.
++1
1.2.3
.
1e
abc
1e+
++1
000.e
abc
1.2.3
000.e
-
1e+
++1
0e
1e
.
0e
e10
0e
1ee2
1ee2
++1
1ee2
1e-
+
.
1e-
+
.
+
1ee2
1e
1e-
1e+
+
1.2.3
1e+
--2
++1
000.e
000.e
.
1e-
+
--2
++1
1ee2
0e
1.2.3
+
1.2.3
abc
abc
e10
.
1e-
++1
-
++1
-
1e-
1e-
000.e
1e+
0e
000.e
1ee2
+
1e
0e
0e
000.e
1ee2
-
0e
+
1e+
1ee2
.
abc
1.2.3
abc
000.e
.
+
+
000.e
abc
++1
000.e
--2
1.2.3
abc
0e
+
.
abc
++1
-
1e+
.
1ee2
1e-
abc
abc
1.2.3
-
e10
1.2.3
--2
abc
+
e10
-
1e
.
+
1e
0e
000.e
1e-
-
1e-
1ee2
--2
0e
--2
000.e
e10
--2
1e+
abc
1e
--2
--2
++1
--2
e10
e10
--2
1ee2
--2
.
1e+
0e
000.e
e10
+
1.2.3
000.e
abc
0e
-
e10
e10
.
1e
1.2.3
0e
e10
+
-
abc
abc
1e+
1e
1e+
0e
++1
-
+
1e+
+
0e
1.2.3
abc
+
abc
--2
--2
1ee2
1.2.3
0e
0e
1ee2
abc
1e-
e10
1e+
0e
++1
.
++1
.
e10
000.e
0e
1.2.3
++1
1e+
e10
-
++1
abc
.
e10
1ee2
-
1e+
1e-
++1
e10
1.2.3
1e-
++1
1e
000.e
abc
1.2.3
abc
1e-
e10
++1
1ee2
1ee2
1ee2
1ee2
++1
1e
-
1ee2
++1
1ee2
1.2.3
.
e10
1.2.3
-
1e-
-
1e+
1ee2
++1
0e
0e
-
--2
000.e
abc
000.e
1e
0e
0e
-
e10
abc
1e
.
1e-
--2
--2
-
e10
1ee2
.
-
1e
1ee2
e10
000.e
e10
abc
0e
--2
e10
++1
1.2.3
1e-
1e+
.
+
--2
--2
--2
abc
--2
-
0e
1ee2
++1
+
-
e10
1.2.3
++1
-
000.e
abc
000.e
abc
e10
1e+
1e
+
.
1e+
+
1ee2
abc
1e+
++1
0e
1ee2
1e
+
+
1e+
1e
1ee2
0e
+
000.e
0e
.
0e
-
000.e
abc
1e
e10
0e
++1
0e
0e
000.e
-
1ee2
1ee2
abc
abc
1ee2
1e+
++1
e10
0e
abc
1e
1e-
1e+
abc
1e-
+
--2
1e+
abc
000.e
+
1ee2
1e+
e10
1e+
++1
1.2.3
1e-
1e
1e-
--2
1ee2
.
+
1.2.3
--2
+
.
.
1ee2
.
000.e
--2
++1
000.e
-
1e-
abc
e10
000.e
1.2.3
1e
++1
++1
1e
1.2.3
--2
000.e
1e+
e10
0e
++1
.
0e
++1
0e
+
1e
1e-
-
1.2.3
1e+
-
--2
.
+
1ee2
1e+
0e
1e
1ee2
0e
1ee2
1ee2
1e
.
1ee2
-
1.2.3
1e+
.
+
-
--2
000.e
e10
--2
000.e
++1
1e
1.2.3
abc
000.e
--2
abc
++1
++1
1e
.
000.e
e10
-
1e+
000.e
1e
1e+
1ee2
1e+
1.2.3
.
++1
1.2.3
1e-
1e-
e10
.
0e
abc
000.e
1ee2
abc
.
000.e
1e+
1.2.3
1ee2
--2
e10
e10
--2
000.e
0e
+
1ee2
.
--2
000.e
--2
000.e
1.2.3
1e-
1e-
--2
1ee2
.
.
abc
1ee2
1e
e10
1e+
--2
+
+
1ee2
1e-
1ee2
1e
0e
000.e
.
1.2.3
1.2.3
1e
--2
1e-
e10
1e-
e10
e10
e10
-
1e
++1
0e
++1
--2
1e+
1e-
1e
1e+
+
0e
1e
--2
1ee2
1e
abc
1e+
+
--2
1ee2
1.2.3
++1
.
.
abc
--2
.
1ee2
1.2.3
1.2.3
.
1e-
.
abc
.
-
1.2.3
1e-
1e+
.
+
.
-
+
.
++1
-
1e+
1ee2
-
abc
1e+
e10
--2
1e-
+
1.2.3
1ee2
--2
1.2.3
1e+
--2
.
1e+
--2
1ee2
1e-
1e
1e
.
1ee2
e10
+
1e+
-
1e
1ee2
-
000.e
0e
1e
000.e
+
1e
--2
abc
1e-
0e
1e-
1e+
0e
1ee2
e10
1e-
1e-
1.2.3
+
-
-
--2
e10
1e+
abc
.
-
abc
000.e
0e
e10
abc
abc
e10
0e
-
-
0e
1ee2
--2
+
0e
000.e
0e
+
e10
1.2.3
++1
1e
0e
1e
e10
1e-
+
0e
1.2.3
1e
1e+
0e
+
1.2.3
-
1.2.3
1e-
--2
1ee2
abc
--2
1.2.3
e10
1e
1e-
1e-
.
1ee2
1e-
000.e
1e+
.
0e
+
-
1ee2
000.e
-
1.2.3
++1
0e
+
1e
--2
1ee2
abc
abc
++1
-
1.2.3
e10
abc
1e-
-
1e-
-
1.2.3
+
1e-
++1
1e-
1.2.3
1e
-
e10
1e
abc
1ee2
abc
000.e
000.e
++1
.
1e+
+
+
++1
++1
--2
1e+
1.2.3
-
.
1e-
1.2.3
.
1e
1.2.3
--2
0e
abc
.
.
e10
--2
.
1e
--2
1e
1e+
+
e10
0e
+
.
0e
1e
-
.
1ee2
abc
e10
--2
++1
--2
1e+
.
.
1e+
1e-
1e-
1ee2
.
1e
1e
1e
+
1e+
1e-
.
0e
1e
+
++1
-
e10
++1
1e+
.
000.e
+
1e-
1.2.3
1e
1.2.3
++1
+
e10
1e-
1e+
--2
++1
.
1e+
0e
1.2.3
0e
++1
0e
000.e
+
+
0e
1.2.3
0e
e10
0e
1.2.3
.
000.e
1ee2
+
0e
-
-
.
0e
1e-
abc
1.2.3
1e
--2
.
+
1e+
1e
1.2.3
++1
--2
1ee2
1e
abc
0e
--2
.
1e-
1.2.3
-
++1
1ee2
--2
1e+
1.2.3
e10
--2
.
--2
abc
000.e
e10
abc
1.2.3
e10
e10
1e-
+
++1
1e
+
+
e10
.
--2
+
1ee2
++1
1.2.3
0e
1ee2
++1
1ee2
--2
+
e10
1.2.3
-
abc
e10
1e
-
++1
1ee2
1.2.3
.
000.e
1e-
1e+
0e
++1
1ee2
1.2.3
--2
1e
1e-
-
1.2.3
1e-
000.e
abc
0e
.
++1
1.2.3
000.e
1e-
1e+
+
+
1e
-
+
1e+
++1
1ee2
--2
1e+
++1
0e
++1
abc
000.e
000.e
--2
000.e
1e+
0e
000.e
e10
e10
abc
1.2.3
e10
++1
+
0e
++1
1e-
1e
++1
1e
-
000.e
0e
-
++1
0e
1e+
1ee2
000.e
0e
000.e
-
++1
0e
+
e10
1e-
1ee2
1e-
e10
000.e
000.e
e10
1e-
1ee2
1.2.3
-
1e+
0e
000.e
++1
e10
+
e10
abc
abc
1e+
1.2.3
.
1e
0e
++1
abc
1e+
1ee2
+
abc
e10
000.e
+
1.2.3
1.2.3
-
000.e
1e
0e
+
1.2.3
-
-
--2
1ee2
-
1e+
1.2.3
-
+
e10
1e+
.
1e
000.e
abc
abc
1e
--2
1e
+
-
-
e10
+
abc
1e-
1.2.3
1e
abc
1e+
.
e10
--2
e10
1e
0e
--2
e10
1e+
1.2.3
+
abc
--2
--2
0e
1e+
1e-
1e-
abc
1.2.3
1ee2
e10
1.2.3
1e-
000.e
+
+
+
.
1.2.3
e10
1e
++1
+
1e
abc
1e
++1
0e
000.e
++1
-
1.2.3
+
1.2.3
1e+
.
+
1.2.3
1e-
1e-
1e
1e+
+
1ee2
+
e10
1e
1e+
++1
1e+
1e+
1.2.3
--2
1.2.3
000.e
e10
000.e
1.2.3
.
1e+
1e
000.e
1e-
++1
1e+
000.e
abc
1e+
1e
1.2.3
1.2.3
1e+
1e+
-
-
1ee2
+
++1
--2
1e
1ee2
1e
-
1.2.3
+
1e-
++1
-
1.2.3
abc
1e-
1.2.3
++1
1e
1ee2
abc
1.2.3
1e+
1e-
1e
+
abc
1ee2
1ee2
1ee2
1e
000.e
0e
1.2.3
1.2.3
+
1ee2
1e+
--2
--2
--2
-
--2
1ee2
1.2.3
1e+
abc
++1
.
.
1e
1ee2
000.e
abc
.
1e-
1e+
e10
1e-
--2
++1
abc
++1
0e
+
-
000.e
+
1e
1e+
abc
1e-
+
0e
1e+
--2
e10
.
1.2.3
1e-
1e+
1e-
1e
e10
1ee2
1e-
000.e
abc
+
-
1.2.3
1e+
e10
1e-
1e
000.e
e10
abc
e10
++1
1e
1.2.3
000.e
.
abc
1e
+
+
.
--2
1.2.3
++1
1e-
abc
1ee2
1e+
.
1.2.3
1e+
1.2.3
1e
1.2.3
1ee2
1ee2
1e-
1.2.3
000.e
--2
++1
abc
e10
1ee2
abc
++1
--2
-
e10
e10
1e-
1ee2
-
-
abc
1ee2
-
++1
e10
1e-
e10
+
+
++1
abc
e10
1e-
1e+
+
--2
--2
abc
1e+
-
--2
+
000.e
++1
0e
1e+
1.2.3
+
1ee2
1.2.3
-
1e+
.
e10
1e
-
abc
++1
1e
1ee2
0e
1e+
++1
--2
++1
1.2.3
-
1e-
000.e
+
+
.
1.2.3
--2
-
++1
1ee2
1e+
.
-
1.2.3
1e-
.
--2
+
.
e10
0e
e10
+
++1
++1
++1
1.2.3
abc
+
1ee2
.
1ee2
1e-
1.2.3
--2
1e
0e
000.e
1.2.3
-
.
1e
1.2.3
000.e
-
++1
-
+
+
.
1e+
1e-
abc
000.e
--2
1e
000.e
1ee2
1e+
++1
000.e
1.2.3
000.e
1e+
e10
1ee2
+
.
1e
e10
1e
+
1.2.3
abc
+
+
1e
000.e
abc
1.2.3
--2
1e
1e+
1.2.3
+
.
++1
e10
1e+
1ee2
1e-
000.e
000.e
1e-
000.e
e10
+
+
1e-
1e-
.
--2
000.e
abc
1e
1e+
+
-
++1
+
--2
1e+
abc
--2
-
1e
1.2.3
e10
+
e10
1.2.3
1e-
1e-
--2
--2
abc
000.e
1e-
e10
1e
e10
-
abc
1e+
e10
.
.
1ee2
e10
1e-
1e-
0e
1e
abc
000.e
1e+
000.e
1ee2
+
++1
.
1.2.3
+
1e
000.e
abc
000.e
1e-
1e+
1.2.3
.
000.e
abc
1e+
1ee2
e10
1.2.3
000.e
abc
1.2.3
abc
0e
1e+
0e
+
1ee2
abc
abc
1e-
abc
++1
1ee2
++1
1e
.
abc
abc
--2
1ee2
000.e
abc
++1
1.2.3
0e
1ee2
.
-
1e+
e10
--2
--2
1e-
--2
1e+
1.2.3
++1
1e+
-
++1
000.e
1.2.3
1e+
--2
.
1.2.3
--2
--2
1e+
1e-
++1
1e
+
--2
++1
+
1.2.3
000.e
.
1ee2
e10
000.e
0e
1ee2
+
++1
+
+
e10
+
1ee2
.
.
0e
+
1ee2
++1
1e-
.
1.2.3
abc
1e-
abc
1.2.3
1e+
1ee2
1.2.3
000.e
++1
1e+
000.e
abc
1e-
e10
+
.
0e
+
+
.
.
e10
0e
-
000.e
.
.
e10
-
e10
1e-
1.2.3
1.2.3
1e
0e
--2
++1
-
000.e
-
000.e
++1
1e+
000.e
1ee2
-
1e-
1e+
1.2.3
1e
000.e
1e
1e-
--2
000.e
--2
1e-
abc
e10
1e
0e
++1
1e+
1ee2
0e
1.2.3
e10
abc
e10
0e
000.e
1e
000.e
++1
1e-
abc
0e
000.e
+
-
+
.
000.e
++1
1ee2
+
1e
1ee2
1.2.3
1.2.3
1e
e10
1e+
abc
+
1e
1e+
1e+
1e
++1
-
abc
1ee2
0e
.
1e+
0e
--2
1e+
+
1ee2
-
abc
--2
++1
1.2.3
+
1e-
1e
abc
abc
e10
0e
1.2.3
-
++1
000.e
.
abc
000.e
1.2.3
1e
0e
.
1e+
++1
++1
abc
e10
abc
abc
1e-
1.2.3
1e+
1ee2
+
1.2.3
abc
++1
e10
0e
e10
.
1e
e10
--2
1e
1ee2
+
--2
+
1.2.3
0e
-
++1
--2
1.2.3
1e+
++1
000.e
--2
e10
.
000.e
e10
-
.
-
1ee2
--2
1e-
e10
0e
1.2.3
1e-
1e
1e+
e10
1.2.3
--2
1e
1e-
-
1e+
000.e
0e
1.2.3
000.e
1.2.3
+
-
-
-
1e+
++1
++1
1ee2
1.2.3
1.2.3
1e
abc
000.e
1ee2
1ee2
+
1e+
.
.
--2
000.e
+
e10
-
.
++1
--2
+
0e
1e-
000.e
1e+
--2
1e
000.e
+
.
1e
1ee2
abc
1e
1e+
+
.
.
1e-
+
1ee2
++1
1e-
.
1e
.
--2
1e-
000.e
abc
1e
e10
1e-
--2
abc
000.e
1e
.
1e
1e+
+
1ee2
1e
--2
.
0e
000.e
++1
++1
000.e
0e
.
abc
-
0e
1e-
1.2.3
0e
abc
abc
1e-
1.2.3
1e-
1e+
1.2.3
abc
0e
1e
++1
e10
++1
1ee2
1e
+
000.e
-
000.e
1e-
1ee2
--2
+
1e
1e-
++1
-
000.e
1e-
abc
1e+
+
+
abc
0e
.
+
1e-
000.e
1e+
++1
e10
-
--2
.
.
1e
--2
1e-
-
-
e10
1.2.3
0e
--2
1ee2
-
1e+
1.2.3
-
1e+
1e+
--2
1e+
1e
1ee2
1e
e10
000.e
1.2.3
e10
++1
1ee2
1.2.3
++1
1e
0e
1ee2
+
1ee2
e10
0e
1ee2
e10
.
1e+
1e
1ee2
1e-
1e+
e10
1ee2
1e-
0e
+
.
e10
abc
0e
1e
--2
++1
.
1e-
1e-
0e
++1
+
0e
1e+
abc
++1
-
1e
1e+
1ee2
1ee2
-
e10
abc
0e
abc
1e+
0e
-
abc
--2
1e+
-
1e
1.2.3
+
0e
0e
e10
-
.
++1
1e
.
e10
1e
1.2.3
-
abc
+
++1
++1
--2
1e
abc
000.e
0e
--2
1e-
1e-
-
0e
0e
1e
e10
+
abc
+
0e
1e+
+
000.e
--2
1ee2
e10
.
1e-
.
abc
1e+
0e
1e+
-
--2
000.e
.
++1
.
1e+
1ee2
1.2.3
1e
1e+
+
1.2.3
++1
1e
e10
--2
1e
-
.
e10
1.2.3
-
1.2.3
1e+
1e
0e
+
1ee2
1.2.3
+
1e+
0e
e10
1e-
1e+
++1
000.e
1.2.3
1ee2
abc
0e
-
1e+
abc
1ee2
++1
000.e
1e-
0e
-
e10
abc
+
0e
--2
e10
abc
--2
1.2.3
-
000.e
1e+
+
.
1e
--2
000.e
0e
.
1e-
000.e
abc
++1
abc
1ee2
1e-
-
1e-
--2
1e
e10
abc
000.e
1e+
--2
++1
000.e
1ee2
-
-
1e-
e10
abc
--2
1ee2
1ee2
0e
1e
-
+
e10
++1
.
--2
1e-
abc
+
1ee2
1.2.3
abc
1e
+
1e+
++1
++1
1.2.3
1e
.
e10
000.e
0e
1e-
e10
-
.
++1
0e
1e
000.e
000.e
1e-
0e
000.e
--2
000.e
1e
.
++1
e10
1ee2
--2
e10
e10
abc
000.e
abc
+
+
abc
1e+
++1
e10
abc
1e-
e10
1e-
000.e
.
abc
.
--2
abc
0e
1ee2
1ee2
1ee2
abc
--2
1e
1ee2
000.e
1e-
1e
1e+
abc
.
+
1.2.3
000.e
e10
++1
-
++1
1e
++1
1ee2
-
e10
1e-
1ee2
-
-
.
1e+
1e+
+
1ee2
1e+
000.e
--2
++1
--2
e10
--2
1ee2
0e
--2
e10
--2
1e-
1e
--2
++1
1e
-
.
1e-
-
--2
1.2.3
1e
1e-
++1
0e
e10
0e
000.e
abc
-
.
-
+
1ee2
1e-
abc
1ee2
abc
e10
+
000.e
0e
1e+
e10
1.2.3
0e
.
000.e
++1
-
0e
e10
1e+
1e-
abc
.
+
1e+
+
++1
abc
1.2.3
1e
1e-
1ee2
1e
1ee2
-
1e+
0e
1e-
abc
e10
1ee2
1e-
1e+
0e
e10
.
e10
0e
++1
1.2.3
1ee2
e10
1.2.3
1e-
000.e
abc
.
1e
1e-
+
-
1e-
1e+
.
000.e
--2
1e-
-
1.2.3
0e
1e-
-
abc
abc
1e-
abc
1e+
++1
.
1e
1.2.3
--2
1e-
000.e
1e
++1
1.2.3
1e+
-
1ee2
000.e
e10
.
1e
+
--2
++1
1e-
--2
.
1e-
.
000.e
1e-
.
1e
1.2.3
+
1e+
1e-
1e
1ee2
abc
+
0e
e10
1.2.3
1.2.3
e10
-
1e-
0e
abc
++1
1e-
--2
++1
0e
.
.
abc
+
000.e
.
e10
1ee2
++1
1e+
000.e
000.e
-
1e-
1e-
+
1.2.3
1ee2
000.e
000.e
++1
abc
++1
+
1e+
--2
1ee2
+
1e+
abc
-
--2
1e
000.e
1e
1.2.3
1ee2
e10
++1
abc
0e
1ee2
-
1e+
abc
e10
-
e10
.
1e-
1e-
.
1ee2
000.e
.
1e
-
abc
-
e10
e10
000.e
-
e10
+
.
++1
000.e
-
1e+
--2
e10
1ee2
--2
--2
1.2.3
000.e
000.e
--2
1e
.
+
++1
1e+
--2
1e+
0e
1e-
++1
000.e
-
+
000.e
000.e
--2
0e
abc
000.e
+
-
--2
0e
-
1e+
+
1ee2
.
1ee2
+
+
1.2.3
+
1ee2
1e
.
e10
abc
abc
0e
000.e
1e-
1e+
1ee2
1.2.3
1e+
000.e
1e+
000.e
0e
++1
--2
1e
1e-
1e
000.e
1.2.3
++1
1e-
e10
000.e
abc
000.e
-
1e
0e
++1
1.2.3
++1
--2
+
--2
-
--2
1e-
000.e
.
-
e10
+
0e
1ee2
1ee2
e10
-
-
1e+
1.2.3
1e
-
1e-
+
abc
1ee2
1e+
.
--2
000.e
.
.
+
0e
-
e10
1e
+
000.e
1e-
-
0e
e10
1ee2
-
000.e
--2
1.2.3
1e
1.2.3
abc
1e
1.2.3
1e+
--2
--2
0e
--2
-
-
abc
1e+
++1
e10
1e+
1e-
1.2.3
abc
1.2.3
--2
e10
abc
0e
0e
1.2.3
+
.
++1
abc
--2
++1
abc
--2
e10
1e+
++1
++1
000.e
000.e
0e
e10
1.2.3
000.e
.
1e
1.2.3
1e+
.
+
++1
e10
+
1ee2
.
-
e10
1.2.3
abc
abc
1ee2
e10
000.e
1.2.3
++1
0e
1.2.3
1.2.3
1ee2
--2
.
abc
--2
.
1e+
1ee2
1e-
0e
1e
1e+
++1
1e
1e+
--2
1e-
--2
0e
+
1ee2
1e
1e+
-
-
e10
1e+
e10
e10
abc
1e-
-
++1
0e
1ee2
++1
abc
1e
0e
1e+
1.2.3
e10
1ee2
++1
abc
1e-
--2
1.2.3
1e-
e10
.
++1
abc
e10
abc
1e
1e
1e
1e-
000.e
abc
1e
--2
0e
-
--2
1e+
++1
1e
abc
1.2.3
1ee2
000.e
-
000.e
+
+
++1
1e-
++1
1.2.3
+
1e+
000.e
1.2.3
1e
++1
--2
1e+
+
--2
1e
0e
1e-
1ee2
000.e
1.2.3
--2
1ee2
1ee2
1ee2
abc
1e-
e10
++1
1ee2
.
++1
1.2.3
.
.
1ee2
1e
1e+
1ee2
+
e10
+
1e
abc
000.e
.
000.e
1ee2
0e
+
-
-
000.e
1e
abc
1.2.3
1.2.3
1ee2
--2
-
++1
0e
1e-
++1
-
-
1e
0e
.
1e+
1e
e10
-
0e
1e
1e+
1e+
1e-
abc
1e-
0e
1ee2
+
--2
1ee2
1ee2
0e
1e-
0e
++1
1.2.3
++1
++1
000.e
abc
1ee2
1e
0e
--2
e10
1e-
abc
0e
e10
0e
1e
-
++1
abc
e10
++1
1e+
000.e
+
0e
-
abc
1e
--2
+
1e
000.e
1e
+
++1
1e-
1e
e10
++1
1ee2
0e
1e-
--2
abc
1e+
-
-
-
-
--2
1e+
000.e
+
1e-
1.2.3
1e-
e10
--2
.
--2
abc
+
++1
1ee2
1e
-
000.e
1e+
e10
1e+
--2
e10
000.e
abc
1e
1e+
++1
1e-
e10
1e
1ee2
e10
--2
1.2.3
-
--2
0e
1ee2
000.e
abc
1.2.3
1e
--2
0e
e10
-
-
1ee2
1e-
0e
-
++1
abc
1ee2
++1
.
-
abc
e10
--2
1ee2
-
1e
--2
++1
1e+
0e
+
000.e
1ee2
1.2.3
abc
1e
e10
abc
+
0e
e10
abc
abc
++1
--2
--2
-
.
0e
0e
1e+
e10
1e-
--2
+
+
1e+
1ee2
++1
e10
000.e
abc
e10
000.e
000.e
.
1e+
1.2.3
1e-
abc
abc
++1
--2
1e-
1e+
.
abc
e10
1ee2
.
++1
1ee2
1.2.3
e10
-
e10
-
abc
1ee2
abc
-
.
abc
+
-
--2
1e-
++1
++1
++1
abc
000.e
++1
.
1ee2
abc
1e-
0e
1ee2
--2
++1
1ee2
.
1.2.3
e10
1ee2
1e-
0e
000.e
--2
1e+
+
+
1.2.3
1e+
1e
1e+
++1
e10
-
1.2.3
--2
abc
1e
++1
1e
++1
1ee2
1e-
abc
1.2.3
-
1e-
e10
e10
1.2.3
1ee2
.
1e-
+
+
1e-
1ee2
1.2.3
.
000.e
0e
+
1ee2
000.e
e10
1e+
e10
e10
--2
1ee2
+
-
e10
1e-
1e+
0e
abc
abc
1.2.3
-
+
1e-
+
e10
abc
1e+
+
abc
1ee2
--2
.
1e
000.e
1e-
+
e10
1e+
+
--2
--2
1ee2
e10
1e
1ee2
++1
--2
1ee2
+
1ee2
000.e
abc
e10
abc
abc
.
0e
++1
+
1e+
1e-
+
1.2.3
++1
0e
e10
0e
1e
-
1e-
+
+
+
+
abc
000.e
1ee2
1e-
-
++1
e10
.
e10
++1
0e
0e
1e+
++1
1e+
1.2.3
000.e
+
++1
1e
0e
+
000.e
1ee2
++1
+
abc
1e+
1.2.3
+
000.e
+
0e
1e-
1e+
1e
+
1e+
1e+
1ee2
-
1ee2
000.e
1e-
1e
1ee2
1e-
-
1e
000.e
000.e
e10
0e
000.e
000.e
1e-
0e
0e
.
--2
+
1.2.3
1e
abc
1e
1.2.3
000.e
1ee2
1e-
1ee2
1ee2
1e
+
1e
1e-
1e
--2
++1
abc
++1
+
000.e
0e
++1
+
++1
000.e
0e
1e
1e
++1
1ee2
abc
abc
1.2.3
e10
abc
0e
000.e
++1
1e+
000.e
e10
-
e10
--2
1.2.3
+
++1
+
000.e
++1
1ee2
abc
-
+
--2
000.e
000.e
--2
.
abc
1e
-
-
e10
0e
1e+
1e-
+
1e-
1.2.3
--2
-
.
000.e
e10
++1
+
1.2.3
e10
--2
++1
-
1e-
000.e
1ee2
--2
1e
--2
++1
1e+
0e
++1
1e-
1e+
--2
++1
0e
1.2.3
abc
--2
+
1ee2
abc
+
--2
++1
e10
abc
abc
1.2.3
+
000.e
abc
1ee2
+
+
000.e
--2
1e-
1e-
e10
1e
1e-
-
1.2.3
000.e
1e-
1e
abc
abc
--2
++1
1ee2
1e-
0e
e10
abc
abc
--2
-
.
e10
000.e
000.e
abc
-
1ee2
+
.
1e-
1e-
0e
0e
e10
1e
++1
+
1e+
e10
-
+
.
.
-
.
0e
-
.
000.e
-
.
e10
1e
1.2.3
1.2.3
e10
1e+
+
1ee2
e10
1e-
1.2.3
e10
0e
0e
1ee2
+
1e
e10
1ee2
e10
0e
-
1e+
1e
+
0e
abc
1.2.3
000.e
000.e
e10
1e
1e+
1ee2
1ee2
+
.
-
1e
++1
abc
.
0e
e10
e10
-
e10
1ee2
--2
e10
abc
++1
1e
abc
.
++1
1.2.3
1e-
000.e
1ee2
--2
+
000.e
e10
000.e
1ee2
1e-
+
1e+
000.e
e10
0e
1.2.3
++1
1e+
1e
--2
+
+
1ee2
.
1ee2
abc
e10
1e+
.
1.2.3
e10
0e
.
e10
1e+
1e-
e10
1e
--2
e10
1e+
e10
--2
-
++1
1e-
1e
000.e
+
-
1.2.3
0e
e10
+
1.2.3
1e
e10
abc
-
-
e10
.
1e+
e10
abc
1ee2
++1
1.2.3
-
abc
1.2.3
e10
1ee2
-
abc
1ee2
.
abc
1ee2
++1
1.2.3
.
++1
abc
.
1e
abc
1e-
.
+
1e+
--2
abc
--2
abc
0e
-
1.2.3
1e-
abc
--2
1ee2
.
--2
-
abc
abc
abc
1ee2
+
0e
--2
abc
000.e
000.e
++1
++1
000.e
1e+
abc
.
-
000.e
e10
1e+
+
1e+
1.2.3
0e
-
-
1.2.3
-
000.e
+
000.e
+
e10
000.e
1.2.3
+
1e+
.
.
++1
++1
0e
1.2.3
1e
000.e
+
0e
1e-
1e-
1e-
++1
1e+
-
-
-
1ee2
+
abc
1e-
1e-
+
1e-
0e
1ee2
.
+
1e
e10
abc
1.2.3
-
++1
1e
1ee2
1ee2
.
1e-
1.2.3
-
+
--2
-
e10
--2
++1
e10
+
1e
1e-
1.2.3
+
abc
--2
++1
0e
1e+
.
-
--2
--2
+
1e-
1e-
1e
1.2.3
000.e
1ee2
1ee2
abc
.
-
abc
1e
-
e10
1ee2
++1
abc
abc
000.e
++1
000.e
+
-
1e+
1ee2
1ee2
1e+
+
.
++1
1e-
1.2.3
1e-
0e
1e+
1e-
.
1e+
1ee2
1ee2
+
abc
+
++1
--2
+
++1
1e-
1e+
000.e
+
.
abc
1e+
1e-
-
.
000.e
-
1e-
e10
abc
000.e
abc
1e-
abc
000.e
abc
1.2.3
1ee2
-
0e
+
0e
-
000.e
-
--2
1e
000.e
e10
abc
--2
1ee2
--2
1e+
abc
++1
000.e
1ee2
e10
1ee2
++1
.
1ee2
1e-
.
1e-
abc
.
000.e
000.e
1e+
1ee2
+
abc
1e
+
1e
1e-
1ee2
e10
000.e
1.2.3
--2
-
1e
0e
1e
abc
-
++1
-
--2
.
0e
1.2.3
abc
-
1.2.3
-
+
1e
abc
+
-
1ee2
1e-
.
1.2.3
abc
-
e10
+
000.e
1e-
abc
1e+
-
1e
1e+
+
000.e
--2
e10
1e
1.2.3
1e+
000.e
1e
+
1e
1ee2
e10
1e
000.e
1e+
-
++1
-
abc
.
abc
1e
++1
--2
abc
1e
000.e
1e+
0e
-
1e+
0e
abc
abc
1e-
.
0e
1e+
1e-
++1
abc
000.e
1.2.3
1e
-
e10
1e
0e
1e+
1e+
1ee2
++1
000.e
++1
1e
1e
.
0e
1ee2
++1
e10
1e+
+
++1
-
1e+
1e+
1ee2
.
1ee2
-
1e+
-
000.e
1e-
1e-
-
000.e
1.2.3
.
000.e
1e-
e10
000.e
1e
e10
abc
1e+
-
000.e
1e
+
+
1e
1ee2
e10
.
e10
.
+
1ee2
+
1.2.3
1e-
1ee2
.
--2
000.e
1.2.3
abc
abc
1e-
000.e
1ee2
000.e
--2
-
1ee2
1e+
e10
-
1e+
1.2.3
--2
.
1e+
1e-
e10
000.e
0e
1e
1e+
000.e
--2
--2
abc
1ee2
+
1e+
0e
1e
+
.
++1
.
0e
0e
1.2.3
+
000.e
abc
1e+
1.2.3
0e
000.e
1e
.
000.e
1e-
abc
1e-
.
abc
1ee2
1e-
--2
000.e
+
abc
+
-
1e
--2
+
1e-
1e+
1e
--2
1.2.3
0e
000.e
.
1e+
1e-
1.2.3
1e-
--2
0e
1e+
000.e
1ee2
--2
000.e
1e
1e-
1e+
1e
1e+
-
--2
0e
abc
++1
000.e
1ee2
++1
1.2.3
e10
+
-
1e-
1e-
1e-
e10
0e
1e+
1e-
e10
1e-
abc
abc
1.2.3
abc
1e
abc
1ee2
1ee2
-
1.2.3
1e-
0e
1e+
0e
1ee2
1e
+
1e+
1.2.3
++1
.
.
++1
abc
+
1e-
.
abc
e10
0e
+
-
abc
--2
++1
abc
--2
abc
1ee2
abc
+
1e+
+
++1
1.2.3
1.2.3
abc
-
1.2.3
abc
1.2.3
--2
+
--2
--2
1e
0e
--2
--2
0e
1e-
1e+
abc
000.e
+
0e
1e-
1e
1e-
-
++1
.
abc
1ee2
1e-
1e+
abc
1e-
000.e
0e
-
++1
-
.
1e
0e
--2
+
.
e10
abc
0e
000.e
000.e
+
1ee2
1e-
-
+
++1
+
abc
.
1.2.3
1e+
-
+
1.2.3
000.e
++1
1e+
1.2.3
0e
+
0e
--2
1e
1ee2
0e
1e-
++1
+
--2
1e-
0e
abc
--2
0e
1.2.3
1ee2
-
1ee2
-
+
0e
1ee2
++1
1e+
1e+
0e
++1
000.e
1.2.3
1.2.3
.
1e-
e10
e10
++1
+
1e-
1e-
--2
e10
--2
abc
--2
.
1e+
-
1e+
000.e
-
000.e
--2
e10
--2
1.2.3
000.e
abc
+
1e+
1.2.3
000.e
abc
1e-
++1
1e+
1.2.3
+
1.2.3
++1
000.e
1e
abc
1e-
--2
.
abc
1ee2
--2
abc
1ee2
-
1.2.3
1e
+
000.e
--2
abc
+
+
.
1e+
.
1e-
+
000.e
+
1ee2
000.e
0e
1ee2
1e-
1ee2
1e
e10
.
abc
abc
1e
+
++1
e10
--2
000.e
1e+
1e+
e10
000.e
-
1e+
1e+
0e
--2
000.e
e10
-
1ee2
1.2.3
++1
1ee2
1e
-
1ee2
e10
++1
.
+
-
+
1e+
0e
abc
--2
000.e
+
++1
-
000.e
-
1e-
1ee2
000.e
1ee2
1ee2
0e
--2
--2
1e+
--2
1e-
1ee2
000.e
1e
0e
++1
1e
1e+
-
abc
.
1.2.3
0e
1e+
e10
--2
--2
+
000.e
.
++1
1e
--2
0e
e10
1ee2
1e+
++1
1ee2
.
.
++1
1e-
-
1e+
1.2.3
1e-
--2
--2
--2
1.2.3
-
1ee2
1e+
1e+
0e
000.e
1e+
1ee2
++1
-
0e
1e+
.
1e
--2
1e-
1e+
000.e
++1
abc
e10
++1
-
--2
++1
1e
1e
1e
++1
--2
0e
000.e
1ee2
1e
1.2.3
e10
--2
1e
000.e
abc
abc
0e
+
000.e
abc
e10
000.e
e10
.
1e-
1e-
abc
1e-
e10
--2
1e
1.2.3
abc
000.e
--2
1e+
1.2.3
000.e
0e
+
1.2.3
+
1e-
e10
+
1e-
1e-
--2
+
1e-
.
-
1.2.3
1ee2
1e
e10
.
-
.
1e-
1ee2
1.2.3
1e
1e
1.2.3
e10
1e+
abc
1e-
e10
++1
0e
.
1e+
1e+
+
--2
1e+
--2
e10
0e
000.e
1e
1e+
+
1e
1.2.3
abc
000.e
e10
+
1e-
-
+
1ee2
1e-
1e-
000.e
1.2.3
-
0e
1ee2
+
abc
abc
-
1e
1e
abc
0e
0e
1e-
--2
-
1.2.3
abc
abc
1e
1e
1e-
1.2.3
1e
1ee2
++1
e10
000.e
++1
1e-
1.2.3
--2
-
1ee2
+
abc
+
1e+
abc
1e+
-
abc
1e+
1.2.3
0e
1.2.3
abc
1e+
1e
++1
+
++1
+
000.e
1ee2
000.e
1e-
-
-
0e
-
.
1e+
e10
000.e
e10
1e+
.
1e+
1ee2
+
1e+
1e+
1e
++1
abc
-
abc
-
--2
1.2.3
1e+
1e
000.e
e10
0e
-
--2
000.e
.
1ee2
abc
1e-
1e-
++1
--2
+
+
+
++1
1ee2
-
0e
-
1ee2
1e+
.
-
1e+
1ee2
000.e
.
-
1e-
.
1e
1.2.3
--2
-
e10
1.2.3
1e
0e
1e+
1e
000.e
1e
--2
-
--2
1.2.3
e10
--2
e10
1.2.3
1ee2
000.e
0e
0e
--2
e10
1ee2
1e+
++1
+
000.e
000.e
-
1ee2
.
.
.
-
--2
e10
0e
1ee2
1.2.3
1e+
000.e
1e-
.
1.2.3
0e
1e-
1e
1ee2
--2
1e+
0e
000.e
1.2.3
-
0e
+
1e
--2
--2
1e+
e10
1.2.3
--2
+
000.e
0e
1.2.3
1e
-
0e
1e+
e10
1.2.3
++1
abc
1e+
+
1e-
1.2.3
1.2.3
+
000.e
e10
1e+
1ee2
++1
1ee2
+
++1
--2
e10
1e-
1.2.3
000.e
.
1e
1e+
--2
++1
abc
1.2.3
1e
1.2.3
1ee2
+
--2
--2
abc
1ee2
--2
1e-
abc
000.e
e10
1e
++1
1e
+
1e
0e
++1
1e+
abc
abc
--2
1e+
--2
1.2.3
e10
1e+
0e
1.2.3
--2
-
abc
1.2.3
.
1e+
1ee2
+
1e+
1.2.3
1.2.3
0e
.
1e-
000.e
-
000.e
1.2.3
+
1.2.3
000.e
0e
e10
1e+
1e+
-
1e+
--2
e10
++1
0e
1e+
e10
1e
--2
0e
1e-
0e
1.2.3
1e+
1.2.3
e10
-
-
-
--2
-
e10
+
abc
1.2.3
abc
1.2.3
1e+
1e+
1e
1e+
abc
+
1ee2
000.e
1.2.3
1e
1e+
1e-
1e-
1e+
-
+
abc
--2
-
.
1e+
1e+
--2
abc
--2
0e
abc
+
0e
-
--2
1e+
1ee2
1.2.3
1e+
1e
-
--2
+
1e+
1e+
1e+
e10
abc
-
000.e
000.e
0e
-
1e
0e
-
--2
1e-
000.e
1e
++1
abc
.
1e
1e-
+
++1
1.2.3
1ee2
--2
.
0e
abc
-
--2
1e-
abc
--2
0e
1e+
1e
1e-
1e-
--2
1ee2
++1
.
e10
1e
abc
--2
e10
+
1e+
.
.
e10
abc
1e-
abc
--2
+
1.2.3
1ee2
++1
1e+
-
abc
.
1e-
abc
++1
1e+
.
abc
e10
1e
1ee2
e10
e10
1ee2
+
++1
1e-
1e-
1.2.3
--2
++1
1.2.3
0e
+
1.2.3
1e-
abc
0e
e10
e10
-
1e+
+
1e
1.2.3
.
1e
1e-
abc
1e-
1.2.3
--2
--2
++1
0e
abc
1e-
+
1e
e10
000.e
000.e
1e
++1
1e-
abc
abc
--2
000.e
1e-
1.2.3
000.e
1e
+
.
.
-
abc
1e
+
000.e
1e
++1
1ee2
++1
+
.
.
++1
0e
1e
1e-
+
+
0e
++1
0e
+
+
-
1e+
000.e
1e-
1.2.3
+
1e-
1.2.3
1e-
--2
1ee2
000.e
.
++1
++1
--2
--2
1.2.3
000.e
-
1ee2
1e-
1e
1e+
+
++1
000.e
.
abc
1.2.3
e10
+
1.2.3
++1
1ee2
-
1e-
++1
1.2.3
-
1e-
e10
0e
1ee2
1.2.3
.
e10
abc
0e
1.2.3
1e+
.
1e
e10
0e
1ee2
.
1ee2
1e
--2
abc
+
e10
1.2.3
1e+
1e+
.
0e
-
1e+
1ee2
1e-
.
-
1e-
1e-
1e
1.2.3
1e
1.2.3
++1
++1
1e+
++1
1.2.3
+
1.2.3
1e+
1e+
000.e
1e
1e+
abc
0e
+
1e-
1.2.3
.
+
0e
000.e
1e
1e-
++1
-
abc
++1
000.e
abc
abc
000.e
1ee2
1e+
abc
e10
--2
1e-
1e+
1e+
1e
0e
0e
1e
abc
.
++1
1e
1.2.3
e10
.
1e
1e-
++1
-
1e+
--2
000.e
000.e
1ee2
--2
1e
000.e
abc
1e-
1e-
1e-
abc
1e+
.
.
1e
-
1e+
000.e
.
--2
000.e
-
1e
e10
++1
1e-
0e
++1
1e+
1ee2
++1
--2
1e
.
1e-
++1
1e-
1.2.3
e10
1.2.3
000.e
e10
+
-
-
-
-
000.e
.
.
++1
--2
++1
1e-
1e
1ee2
++1
++1
1.2.3
1e-
1e-
+
1ee2
.
1.2.3
1e
--2
-
000.e
1e
-
abc
abc
1ee2
1e+
1.2.3
--2
1e
-
1e
++1
1.2.3
abc
000.e
1.2.3
1e-
+
000.e
--2
abc
+
0e
-
+
-
e10
-
e10
1.2.3
1e-
--2
000.e
abc
1e-
e10
000.e
abc
+
0e
e10
+
000.e
-
abc
1e
1e-
++1
.
++1
0e
+
.
000.e
abc
++1
--2
++1
1.2.3
1ee2
1e+
000.e
1e+
1e
1ee2
000.e
e10
1.2.3
.
1ee2
1.2.3
--2
000.e
1e+
++1
abc
000.e
1e
0e
1e-
e10
1e+
++1
1ee2
0e
+
.
-
.
abc
1e+
000.e
1ee2
abc
e10
e10
-
.
1e+
000.e
--2
-
-
abc
++1
000.e
--2
000.e
abc
000.e
+
+
1e+
1ee2
1ee2
e10
0e
.
000.e
.
0e
--2
1e-
1e
e10
++1
-
++1
.
.
1ee2
.
abc
0e
1e-
1e+
1e
1e
e10
.
1e+
-
1ee2
1.2.3
.
1e-
-
--2
1.2.3
e10
1.2.3
-
++1
1ee2
1ee2
--2
1e-
-
++1
1e
e10
1ee2
0e
e10
++1
1e+
++1
000.e
-
000.e
0e
--2
1ee2
abc
000.e
000.e
++1
1e+
abc
1e+
1e+
1e-
1e+
++1
abc
e10
1e+
abc
abc
abc
1e-
0e
+
1ee2
1e-
--2
-
+
-
.
0e
++1
--2
--2
abc
--2
0e
.
abc
1e
+
e10
++1
1e+
0e
1ee2
1e
.
++1
abc
e10
1e-
1e-
++1
1e-
+
+
--2
++1
+
1e+
.
abc
0e
000.e
++1
--2
--2
++1
++1
+
1e-
1e-
abc
1ee2
--2
0e
1e-
1e+
1e
000.e
1.2.3
1e-
0e
1e+
--2
1ee2
1e
--2
-
1.2.3
--2
1e
1e
e10
+
1.2.3
1ee2
1e
1e
1e-
+
e10
.
1e+
e10
000.e
1ee2
abc
1e
1e-
e10
000.e
abc
1e-
1e+
1e-
.
abc
+
1.2.3
1ee2
1e+
0e
1e+
1e-
1e-
++1
1.2.3
+
--2
1e+
-
.
-
+
0e
1ee2
1.2.3
1e
+
0e
1e
-
+
0e
++1
++1
1e
1.2.3
0e
abc
e10
.
+
-
1e-
--2
--2
e10
0e
1e
+
+
1.2.3
-
--2
--2
1e
e10
+
-
--2
1e
000.e
1e
0e
abc
1.2.3
.
+
1e
abc
1.2.3
1e+
abc
++1
.
abc
1e
+
e10
1e+
000.e
--2
.
-
e10
1e
++1
0e
abc
e10
0e
--2
-
0e
e10
1.2.3
++1
abc
1e
abc
.
--2
.
++1
1ee2
0e
1e-
1e+
1e-
1e-
+
1ee2
e10
.
1e+
1e-
--2
abc
--2
0e
1e-
1e
1.2.3
1e
e10
-
+
+
.
--2
1e+
++1
.
-
-
++1
+
1ee2
1.2.3
e10
1ee2
1e
--2
e10
1e+
1e+
++1
++1
0e
1ee2
0e
1ee2
abc
1e
.
1.2.3
1e
e10
1e+
+
+
.
000.e
.
.
1e-
-
1e-
1ee2
++1
+
+
1e
1e-
1e
1.2.3
1.2.3
e10
-
+
1e
1e
1e+
-
e10
1.2.3
1e-
1.2.3
+
1ee2
--2
+
0e
1ee2
--2
-
-
+
1e
000.e
abc
abc
--2
++1
1ee2
1e-
1ee2
1ee2
1e
.
abc
1e-
000.e
++1
000.e
+
0e
1e
1.2.3
+
.
1e-
abc
000.e
1ee2
1e-
1e+
++1
e10
-
1ee2
++1
.
1e
++1
abc
1e-
.
000.e
-
1.2.3
++1
1ee2
000.e
1ee2
000.e
1ee2
1.2.3
000.e
abc
.
0e
.
--2
1.2.3
1.2.3
000.e
0e
000.e
1e
++1
-
abc
1ee2
1e+
1e-
1.2.3
+
++1
--2
.
--2
1e+
1e+
000.e
1e+
1ee2
e10
000.e
0e
1e-
1e+
+
++1
abc
1ee2
000.e
000.e
1e
1ee2
1e-
--2
-
1e+
--2
+
0e
1e
1e+
1e+
e10
++1
1.2.3
.
1e
0e
-
000.e
-
1e+
1e-
-
1e-
--2
.
e10
1e-
-
-
-
1ee2
e10
1e+
1ee2
1e-
.
1e+
.
+
1e-
1e-
.
1.2.3
0e
.
++1
1e-
e10
-
+
0e
--2
0e
--2
-
1e-
--2
1e+
e10
000.e
--2
+
1.2.3
1e-
+
1e
e10
1e
1e-
1e
1.2.3
1e
abc
1ee2
--2
++1
1ee2
1e
1ee2
1e
1e-
1ee2
000.e
1e
1ee2
abc
000.e
-
1e
abc
abc
abc
000.e
e10
-
1e
0e
abc
abc
1e+
1e-
1ee2
-
1e
e10
abc
1.2.3
1.2.3
0e
abc
++1
--2
.
000.e
-
--2
1.2.3
--2
0e
000.e
--2
0e
0e
.
1e+
--2
1e+
--2
1ee2
1.2.3
1e+
.
0e
1e
+
-
.
1.2.3
++1
.
abc
1e+
-
1e-
e10
++1
.
1ee2
abc
1ee2
.
000.e
1e-
e10
1e
1e
-
.
000.e
e10
++1
000.e
.
1.2.3
-
-
abc
+
--2
e10
1e-
1e
--2
000.e
.
+
0e
1e+
--2
1.2.3
-
1ee2
++1
1e-
1e+
+
.
+
000.e
.
0e
abc
-
e10
0e
1e+
-
1.2.3
1e+
0e
1.2.3
1e+
1.2.3
000.e
++1
0e
1.2.3
0e
e10
e10
-
e10
-
0e
--2
0e
1ee2
1e+
++1
1e+
1ee2
--2
abc
+
1ee2
000.e
++1
1.2.3
++1
1.2.3
+
-
abc
abc
+
abc
abc
abc
000.e
.
++1
1e+
000.e
-
0e
1e+
1e-
1e+
e10
1e+
0e
e10
1ee2
++1
000.e
1ee2
.
-
1e
000.e
e10
1e
0e
--2
0e
1e
1e+
0e
0e
1e-
++1
abc
1ee2
1e
0e
0e
1e
-
e10
1ee2
1e-
000.e
1ee2
1e+
0e
e10
1e
--2
000.e
-
1e+
000.e
000.e
abc
e10
1e+
abc
1e-
1e
1.2.3
1.2.3
++1
000.e
-
abc
000.e
.
1e
1ee2
+
.
--2
1.2.3
++1
++1
.
1e
abc
e10
+
000.e
1ee2
1e+
.
1e-
000.e
1.2.3
+
--2
1e-
++1
1.2.3
1e+
++1
e10
0e
++1
e10
1.2.3
1.2.3
--2
+
1e+
1e
abc
1ee2
-
1e-
000.e
1ee2
e10
000.e
abc
1e+
-
1e
abc
abc
.
1e
++1
1ee2
++1
-
abc
abc
1e
1e+
+
1e
.
e10
+
0e
++1
abc
1.2.3
e10
0e
--2
1ee2
-
.
000.e
0e
--2
1.2.3
+
e10
000.e
.
1e-
1.2.3
+
0e
e10
000.e
abc
1ee2
000.e
1e-
0e
1e+
e10
1e+
e10
-
0e
e10
1e-
1.2.3
e10
000.e
e10
-
+
+
+
1e
+
1e-
1e-
000.e
--2
abc
e10
abc
.
0e
1ee2
1e+
--2
000.e
1e+
--2
e10
1e-
abc
1.2.3
1ee2
.
1e-
++1
++1
1e+
.
1ee2
--2
++1
1e+
-
0e
+
+
++1
.
1.2.3
1ee2
e10
1e+
1e+
1ee2
--2
.
--2
1e
abc
e10
--2
abc
-
e10
++1
000.e
000.e
1ee2
1ee2
e10
abc
000.e
1e+
000.e
-
1ee2
1e+
000.e
0e
1.2.3
1e-
e10
0e
--2
1e-
-
abc
1e
1e+
++1
.
1ee2
1e+
--2
1e
abc
1e+
abc
1e-
000.e
.
-
e10
abc
1ee2
1.2.3
1.2.3
++1
1.2.3
1e
1e-
1e
++1
0e
abc
abc
.
0e
++1
1e
--2
.
.
--2
.
000.e
000.e
abc
.
-
1e
e10
1e-
1e-
abc
.
1e-
+
--2
1e
1e
1e-
++1
1e
+
000.e
1e
abc
++1
0e
1ee2
1e-
1e+
1e
abc
abc
000.e
1.2.3
++1
++1
++1
1e-
0e
abc
0e
1ee2
1e+
abc
1e+
.
1ee2
++1
+
1.2.3
000.e
000.e
abc
--2
e10
+
--2
.
0e
abc
1.2.3
e10
1e-
1e+
.
000.e
--2
1e-
0e
.
e10
-
-
e10
1e-
++1
-
1.2.3
1e+
1e+
++1
--2
.
000.e
--2
.
e10
.
1e+
1e-
+
-
+
.
1ee2
000.e
.
1ee2
-
e10
+
1ee2
.
-
++1
abc
000.e
e10
.
--2
++1
1e+
1.2.3
abc
++1
abc
1e-
abc
1e
++1
-
.
1.2.3
1.2.3
abc
-
abc
.
++1
+
+
0e
1e
e10
e10
abc
1e-
++1
--2
1e+
1.2.3
--2
1e+
1.2.3
-
++1
000.e
000.e
.
.
1e-
1e
abc
e10
--2
000.e
--2
1e-
1e+
1.2.3
000.e
000.e
000.e
1.2.3
-
0e
--2
000.e
abc
0e
0e
e10
+
.
-
1.2.3
+
abc
1e
1e+
0e
1.2.3
1ee2
abc
1e+
abc
1e-
1e+
.
0e
000.e
1.2.3
++1
0e
++1
000.e
1e
--2
++1
e10
.
-
1.2.3
000.e
1e+
1e
1ee2
e10
1e-
1e+
+
1.2.3
1.2.3
e10
++1
+
1e+
++1
+
-
-
1.2.3
++1
++1
++1
0e
1e+
++1
+
-
000.e
++1
-
1e+
++1
1.2.3
1.2.3
e10
000.e
abc
1e
--2
1.2.3
++1
1e
e10
1e-
1.2.3
1.2.3
abc
1ee2
--2
abc
1ee2
000.e
.
1e
+
0e
1e
.
0e
000.e
+
+
1ee2
000.e
+
1.2.3
1e+
.
0e
000.e
e10
1e+
+
++1
0e
e10
1ee2
.
1ee2
--2
abc
1e
.
.
1ee2
e10
.
abc
abc
1ee2
abc
++1
e10
1e
e10
--2
-
.
-
1e
1e-
.
1e-
1e-
000.e
-
1ee2
1.2.3
++1
.
++1
++1
e10
1e
++1
1e
++1
1ee2
1e-
1e+
++1
-
e10
.
++1
-
abc
-
+
1e
+
-
1e
1e+
--2
000.e
1e-
-
--2
.
000.e
abc
1.2.3
1e+
abc
abc
1e+
1e-
0e
1e-
e10
0e
.
1ee2
-
1e-
1e-
--2
1e
+
0e
0e
1e
-
.
.
1e-
abc
++1
1ee2
1e-
000.e
.
1e-
e10
1e+
1.2.3
0e
++1
1ee2
1.2.3
abc
1ee2
e10
--2
.
0e
abc
+
1.2.3
1e+
e10
1e-
1ee2
++1
1e-
000.e
000.e
1ee2
++1
1e
-
1e
1e
1.2.3
1e
abc
e10
.
0e
.
1.2.3
++1
1e
+
1e-
-
1e+
1e
.
0e
-
1.2.3
.
1e
1e-
1e-
abc
abc
000.e
-
0e
--2
++1
1e
000.e
+
1e+
+
1ee2
e10
1ee2
000.e
1ee2
+
-
abc
++1
.
.
e10
1e+
++1
1e+
-
000.e
abc
+
--2
000.e
1.2.3
000.e
1e+
1e-
000.e
1e-
-
-
1.2.3
++1
000.e
1e+
--2
+
1e+
0e
000.e
1e-
1e-
0e
1.2.3
000.e
1e+
++1
000.e
0e
--2
000.e
1.2.3
000.e
1.2.3
++1
.
--2
1e+
++1
abc
.
1ee2
++1
+
1e-
1ee2
--2
000.e
--2
-
1e+
1.2.3
+
e10
1ee2
+
000.e
-
++1
1ee2
++1
0e
abc
1.2.3
0e
+
e10
1ee2
+
e10
1e
-
++1
1e+
.
.
--2
1e
++1
+
.
--2
.
-
1ee2
.
1e
1ee2
0e
abc
++1
+
.
1.2.3
1.2.3
.
.
000.e
1e-
e10
1e+
1ee2
.
abc
1e
000.e
1ee2
+
1e+
0e
e10
.
1.2.3
1e-
--2
.
abc
++1
.
abc
e10
1.2.3
++1
1e-
--2
.
abc
1e-
1.2.3
1e+
abc
000.e
-
+
1ee2
-
--2
1e
1.2.3
1.2.3
1.2.3
--2
1ee2
--2
e10
1e+
1.2.3
1e-
-
e10
.
1e
+
0e
1e
-
1e-
000.e
abc
1ee2
1ee2
e10
abc
abc
++1
1e
e10
--2
0e
+
1e
000.e
1ee2
++1
1e
1e
+
+
1ee2
+
-
1e-
1e-
1ee2
000.e
--2
+
1ee2
e10
1.2.3
1e-
abc
-
++1
1e-
--2
abc
1e
1ee2
e10
000.e
1e-
.
1e-
e10
1ee2
++1
000.e
000.e
1e+
1e+
000.e
e10
abc
+
++1
1e+
.
.
-
.
0e
abc
1e-
000.e
e10
.
.
++1
000.e
000.e
0e
+
.
-
-
++1
1e+
1e-
1e-
1e-
abc
-
+
e10
000.e
--2
e10
000.e
--2
1e-
000.e
++1
000.e
.
1.2.3
1.2.3
1e-
++1
1.2.3
-
abc
.
-
+
1e+
1.2.3
000.e
.
0e
-
1e+
--2
-
.
1e
1.2.3
e10
-
0e
abc
000.e
000.e
e10
1e+
++1
++1
1e
1e
+
abc
1ee2
+
++1
.
1e
e10
-
1.2.3
1e+
.
e10
-
-
0e
.
+
.
1ee2
1e+
-
1e
abc
1e+
1e-
--2
++1
000.e
000.e
++1
1e+
1e
000.e
++1
0e
-
1e-
--2
1ee2
e10
++1
0e
abc
+
abc
e10
.
1ee2
abc
1.2.3
++1
1e-
1e-
+
.
+
e10
++1
+
abc
e10
1e-
+
e10
1e-
1e+
--2
abc
++1
1ee2
0e
000.e
1e-
1e
1e+
1e-
.
++1
++1
1e
.
e10
000.e
1e+
0e
1ee2
.
1e+
0e
abc
abc
++1
--2
++1
1e
1e
1e+
e10
++1
.
1ee2
e10
000.e
1e+
+
1e
e10
-
abc
abc
1e
000.e
1e-
1ee2
++1
000.e
0e
+
1e+
1ee2
abc
--2
0e
1e-
e10
0e
1.2.3
++1
000.e
-
+
e10
0e
abc
-
1e+
e10
000.e
0e
abc
1e+
0e
000.e
1ee2
.
1ee2
1e
0e
e10
000.e
-
abc
0e
+
1e-
.
-
1e
1e-
1e+
+
1e-
++1
1.2.3
1e-
abc
++1
--2
1ee2
1e-
1e+
0e
++1
1ee2
1e
1e+
1.2.3
1e
e10
1ee2
e10
1e-
000.e
.
1e
0e
1e+
1ee2
.
1e-
1e+
--2
1e
1e-
+
--2
abc
-
1ee2
e10
abc
+
--2
0e
-
-
0e
e10
e10
+
0e
1e
1e
1e-
--2
1ee2
++1
+
1e
--2
1e-
abc
0e
+
-
0e
e10
1e-
+
abc
1.2.3
--2
000.e
-
1ee2
1.2.3
--2
--2
-
abc
.
0e
-
000.e
1.2.3
e10
-
0e
000.e
1.2.3
e10
1ee2
--2
--2
1e
0e
e10
e10
e10
0e
1e
1e-
1.2.3
--2
1ee2
1e
1e
++1
000.e
1e-
0e
1e
000.e
0e
abc
1e+
1e-
0e
1ee2
.
1e+
e10
++1
++1
1e-
1e+
--2
-
abc
1e
1e+
1e-
e10
1e-
1e
+
0e
0e
000.e
1.2.3
--2
--2
1e+
-
0e
e10
+
0e
1ee2
++1
1e+
-
0e
1ee2
+
1.2.3
-
.
0e
1e+
1.2.3
+
+
1e+
.
--2
.
e10
1e+
-
0e
1ee2
1e-
abc
1e+
-
1e-
--2
--2
--2
1e
.
abc
abc
1e-
--2
1e-
1e-
abc
1ee2
-
e10
1e-
abc
--2
abc
000.e
e10
0e
1ee2
1ee2
++1
1ee2
e10
.
1.2.3
1.2.3
abc
--2
.
-
1e
.
1e
++1
1ee2
-
1e-
1e-
e10
-
0e
+
.
1e+
1e
0e
1e-
1e-
1ee2
000.e
+
--2
abc
abc
1e+
-
1e
e10
-
-
1ee2
0e
e10
.
1ee2
1e-
.
++1
-
e10
1e
+
1ee2
1e
1e
0e
1.2.3
e10
1e+
--2
000.e
0e
1e+
0e
1ee2
--2
1e
1e+
-
++1
abc
1e
++1
1e-
.
+
-
+
+
abc
1e+
.
--2
abc
.
000.e
1.2.3
.
1e-
--2
1ee2
1e+
+
1e-
.
e10
++1
0e
.
.
.
-
-
000.e
1e-
1e
1e
abc
000.e
e10
1e+
1ee2
+
abc
--2
+
e10
1e+
abc
-
1ee2
abc
1e+
--2
1e+
++1
abc
++1
1e-
1ee2
1e-
+
1e
1.2.3
-
1.2.3
1ee2
-
abc
.
0e
1e+
0e
abc
1e
+
1e
abc
++1
1e+
-
abc
+
+
-
0e
000.e
1e+
0e
e10
.
--2
1ee2
.
+
e10
+
1ee2
0e
-
+
1e+
1e
1e+
.
1.2.3
1e-
1e+
1e
--2
1ee2
--2
-
1.2.3
1e
1ee2
1e
++1
+
1.2.3
1e-
.
0e
0e
0e
--2
.
abc
+
000.e
--2
1e
000.e
0e
--2
-
-
abc
.
.
1ee2
000.e
1.2.3
-
000.e
000.e
1e
e10
0e
1e
-
+
e10
abc
1.2.3
1e+
--2
-
1e+
000.e
e10
1ee2
1e-
.
1e-
1e+
--2
0e
.
--2
1e+
abc
abc
e10
000.e
1.2.3
abc
e10
1e+
+
1e-
abc
+
+
+
1.2.3
1e
1.2.3
abc
++1
.
1ee2
000.e
1.2.3
1e-
1ee2
-
.
1ee2
++1
-
1e
++1
1e+
1ee2
1e
1ee2
++1
e10
1e
1e
abc
1.2.3
000.e
abc
1.2.3
--2
0e
1ee2
+
000.e
000.e
0e
1.2.3
.
.
++1
.
1e
000.e
1ee2
++1
1ee2
.
1e-
1e-
000.e
000.e
++1
000.e
1e
1e
abc
-
++1
1.2.3
+
1e+
abc
--2
.
1e
--2
000.e
1e
1e+
000.e
0e
0e
1e
1ee2
.
1.2.3
abc
.
000.e
000.e
+
.
1e
+
abc
++1
000.e
+
abc
e10
abc
e10
1e
-
0e
1.2.3
.
e10
1ee2
1ee2
000.e
1e+
e10
1.2.3
--2
-
1e+
++1
--2
abc
1e-
abc
--2
1.2.3
1.2.3
.
--2
+
--2
1e+
--2
1ee2
+
e10
1e-
abc
++1
1ee2
+
000.e
1.2.3
1e+
+
1e-
abc
1.2.3
1e
e10
+
+
e10
e10
0e
abc
1ee2
1e-
1e-
000.e
1e
0e
000.e
1e+
000.e
1ee2
abc
1e+
0e
0e
++1
1e-
-
0e
abc
000.e
0e
-
abc
abc
-
-
+
1e
-
0e
++1
1.2.3
.
1.2.3
+
-
.
1.2.3
1ee2
000.e
abc
1ee2
1.2.3
1e+
1.2.3
+
--2
1e+
abc
000.e
1e-
abc
+
++1
-
1.2.3
abc
e10
0e
1e
1ee2
1e-
1e+
+
1e-
+
++1
000.e
0e
1e-
e10
1e+
0e
-
1ee2
1e-
1ee2
000.e
++1
1e-
-
1e+
e10
1e
-
1e+
.
++1
abc
000.e
0e
abc
e10
1e
+
-
1ee2
++1
.
1e-
--2
1e-
1e+
0e
++1
-
1e
.
1.2.3
--2
abc
+
+
0e
000.e
1e
1ee2
++1
e10
1e+
-
abc
000.e
--2
1e-
1.2.3
0e
000.e
--2
0e
abc
+
1.2.3
1.2.3
+
1e+
0e
1ee2
1.2.3
++1
.
1ee2
++1
1e-
1.2.3
abc
000.e
++1
1.2.3
1e
0e
1e-
0e
1ee2
000.e
+
--2
1e
1.2.3
000.e
0e
1.2.3
1e-
.
-
1e-
0e
.
000.e
0e
++1
++1
0e
--2
--2
.
abc
1e-
++1
.
--2
1ee2
1e+
+
1e
000.e
--2
+
+
-
1e+
0e
.
1e
+
1e+
--2
000.e
1ee2
1e-
++1
1e+
e10
000.e
000.e
e10
1e+
000.e
000.e
-
000.e
+
+
+
1e+
1ee2
--2
000.e
000.e
1e-
.
1e-
1e
++1
000.e
1e-
000.e
1.2.3
-
1.2.3
1ee2
1e+
abc
++1
--2
1e-
1e
1e-
.
+
0e
1ee2
1e
0e
--2
1ee2
e10
000.e
000.e
1.2.3
--2
000.e
1e+
1e-
000.e
1e
1e-
abc
1e-
0e
1.2.3
000.e
.
1e-
e10
1e+
-
000.e
abc
+
.
++1
-
.
e10
abc
0e
1e-
1ee2
abc
++1
+
--2
+
abc
1ee2
+
+
-
1e-
-
-
.
-
++1
1.2.3
-
abc
000.e
--2
1ee2
0e
000.e
-
0e
000.e
--2
1e+
--2
+
-
1e+
1e-
1ee2
0e
+
1e+
--2
++1
+
1e+
000.e
1.2.3
1.2.3
.
1e-
1ee2
.
e10
-
0e
1e+
1ee2
1ee2
0e
1e-
000.e
0e
1e-
.
000.e
+
1e
++1
1e-
--2
1e
abc
1e+
1e+
1ee2
0e
abc
000.e
-
e10
1ee2
abc
+
000.e
0e
1e-
-
000.e
.
++1
.
-
1e-
1ee2
1ee2
.
abc
--2
1.2.3
-
--2
1e-
--2
1.2.3
1e+
1.2.3
e10
-
--2
abc
1e+
+
1ee2
000.e
1.2.3
1e+
1ee2
1ee2
.
1.2.3
1e
+
1e+
1ee2
1e-
e10
1e
1e
0e
1ee2
1e
1e+
e10
-
-
1.2.3
1ee2
000.e
+
-
+
1ee2
abc
1e
1e+
1e
1e-
000.e
1e-
000.e
000.e
abc
-
-
.
-
-
1e
+
+
000.e
.
1.2.3
1e+
1e-
-
e10
+
1ee2
1e-
abc
000.e
1e+
1e+
1e-
1e
+
1e+
000.e
1.2.3
1e-
e10
++1
0e
0e
000.e
1e+
1e+
1.2.3
1.2.3
1.2.3
1e
--2
++1
++1
++1
1e+
000.e
000.e
abc
1ee2
e10
.
abc
000.e
e10
000.e
+
1.2.3
++1
1ee2
0e
--2
1e+
e10
1e-
1ee2
--2
1e
abc
abc
0e
1e-
1e+
++1
1e
abc
1e
1.2.3
000.e
1e+
-
0e
1ee2
1e-
-
1.2.3
--2
1e
1.2.3
e10
.
0e
1.2.3
abc
1e+
++1
.
.
++1
-
0e
++1
+
abc
.
-
1e+
abc
1ee2
1e+
abc
.
1e
1.2.3
1ee2
--2
000.e
.
0e
1.2.3
0e
--2
1e+
0e
000.e
1e+
e10
--2
--2
-
1.2.3
1e-
++1
000.e
1e+
1e+
000.e
+
--2
-
1.2.3
1ee2
abc
+
000.e
1e+
1e
000.e
abc
e10
e10
000.e
.
1e-
1e
abc
.
--2
1e+
abc
.
+
.
1ee2
0e
000.e
--2
1e-
0e
1.2.3
++1
1e
-
+
1e
e10
1e-
.
1ee2
1e
1.2.3
1e
1ee2
1e
+
.
-
0e
.
1ee2
+
1e-
e10
-
++1
1.2.3
e10
-
-
++1
0e
1ee2
1e-
1e
abc
1e+
1e-
abc
1.2.3
-
abc
1e
1e+
.
e10
++1
--2
-
.
0e
abc
1ee2
1ee2
1.2.3
1ee2
000.e
e10
--2
1.2.3
.
-
abc
1e-
--2
1e+
000.e
-
1e-
.
0e
e10
1ee2
000.e
--2
-
--2
+
1ee2
0e
0e
-
--2
e10
abc
--2
1ee2
abc
000.e
1ee2
1e
--2
1ee2
1ee2
000.e
1.2.3
1e-
+
1e-
--2
1e+
1e+
1e-
1e
1.2.3
1e
abc
0e
-
e10
++1
-
1e
1e-
abc
1.2.3
1e+
1e+
1ee2
1e-
++1
000.e
+
.
1e
.
1e+
1e
1e+
--2
-
+
-
.
++1
+
1e-
1ee2
-
++1
--2
--2
000.e
1e
1e+
++1
0e
+
-
.
++1
1e-
1e-
0e
e10
1e+
+
1e
abc
1ee2
abc
1e-
1.2.3
0e
--2
1e+
++1
1e-
1.2.3
1.2.3
1e+
-
--2
abc
1e-
++1
+
+
000.e
.
+
e10
0e
.
+
--2
.
+
000.e
e10
+
abc
-
1e
--2
1e-
1.2.3
abc
--2
1ee2
e10
++1
1ee2
1e+
.
1ee2
0e
0e
1e
1.2.3
.
1e+
1e
+
--2
1e+
000.e
.
++1
++1
.
1e-
1e
1.2.3
.
++1
.
1e
1.2.3
abc
1e-
-
1ee2
++1
1ee2
--2
e10
1e+
000.e
+
e10
++1
000.e
1e+
000.e
abc
000.e
1e
0e
-
1.2.3
1.2.3
1e
0e
1e
e10
1ee2
1e+
0e
++1
-
+
000.e
0e
abc
-
+
1e+
0e
1ee2
++1
1.2.3
1ee2
e10
.
+
-
1ee2
++1
.
e10
1ee2
000.e
000.e
1.2.3
-
--2
1e-
1ee2
1ee2
-
1e+
1ee2
1e-
-
1.2.3
-
1e-
0e
0e
++1
+
e10
.
.
--2
-
0e
--2
1ee2
.
1e+
1e-
1ee2
1e
abc
1ee2
000.e
0e
--2
1e-
1e
e10
0e
--2
abc
1e
1e-
-
+
+
1e-
1e+
0e
1.2.3
+
++1
1e
++1
-
abc
1.2.3
++1
-
+
--2
1e-
++1
e10
+
abc
++1
-
1ee2
1e
000.e
1ee2
0e
1ee2
+
++1
.
000.e
-
+
-
0e
1e+
1e
1e+
1e
e10
1e+
0e
abc
000.e
-
abc
1e+
++1
1ee2
++1
0e
++1
0e
1.2.3
1e+
1.2.3
.
+
--2
+
e10
+
0e
+
-
1ee2
1.2.3
.
abc
1e
-
000.e
--2
1e
1ee2
.
--2
++1
0e
1e+
-
abc
+
+
+
1e+
1e+
1ee2
e10
abc
1.2.3
++1
1ee2
1e-
.
abc
0e
++1
--2
-
+
.
1ee2
abc
1e-
.
0e
000.e
1.2.3
0e
000.e
1.2.3
1e-
0e
1ee2
-
abc
1.2.3
e10
.
1e
1ee2
1.2.3
000.e
+
+
1e+
++1
e10
1e-
e10
1e-
.
1.2.3
e10
++1
1ee2
++1
++1
++1
1ee2
++1
1ee2
abc
--2
.
e10
e10
abc
++1
++1
abc
++1
1e+
++1
+
++1
--2
0e
++1
1e+
--2
0e
--2
--2
abc
000.e
1e+
1e+
+
1e-
000.e
+
e10
1e
000.e
1.2.3
1.2.3
-
--2
1e+
0e
1.2.3
+
.
+
+
+
abc
+
1ee2
+
++1
0e
.
abc
abc
000.e
--2
1ee2
000.e
1.2.3
1.2.3
1e-
.
0e
000.e
e10
-
+
1.2.3
1e-
+
1ee2
++1
1e-
1e+
-
-
e10
.
000.e
--2
--2
1.2.3
-
000.e
+
000.e
0e
-
1e
-
000.e
0e
1e+
e10
-
--2
--2
-
1e-
++1
abc
000.e
000.e
1e
1e-
abc
000.e
++1
-
e10
abc
0e
e10
--2
--2
.
abc
1.2.3
1ee2
--2
1ee2
1e+
e10
+
1e-
-
000.e
1.2.3
abc
1ee2
1.2.3
++1
1.2.3
++1
000.e
.
1.2.3
1.2.3
+
--2
1e+
1e+
1e-
1e+
1.2.3
1e+
1ee2
+
1e-
.
+
1ee2
--2
1e
+
-
.
1e+
1e
e10
1ee2
1e
000.e
.
000.e
1ee2
--2
-
.
1ee2
1ee2
000.e
-
1ee2
000.e
1e+
e10
1e
-
++1
0e
0e
+
1e
.
1.2.3
-
abc
1e
1e-
.
+
0e
0e
0e
1e+
1.2.3
++1
-
1e
.
-
1e-
+
1ee2
1e+
.
.
e10
--2
1ee2
++1
1.2.3
000.e
.
-
+
e10
++1
1e
abc
++1
--2
1e-
++1
1ee2
.
1ee2
1e
-
1ee2
1e+
-
1e+
.
000.e
+
1.2.3
1e
1e+
1.2.3
e10
1.2.3
-
1e-
++1
0e
000.e
1ee2
e10
abc
++1
abc
+
-
-
1.2.3
0e
--2
1ee2
0e
abc
++1
abc
1ee2
0e
+
-
1ee2
++1
++1
000.e
abc
0e
+
++1
+
--2
1e+
1e+
1e-
1e-
-
1e+
000.e
++1
-
-
1.2.3
--2
1e-
abc
000.e
abc
1e-
1ee2
0e
.
1e-
000.e
1.2.3
1.2.3
abc
.
e10
e10
0e
--2
0e
1ee2
1e+
++1
e10
.
1ee2
++1
abc
.
1e-
1.2.3
1e+
1e
1ee2
0e
abc
.
-
1.2.3
--2
1.2.3
+
.
000.e
++1
1e-
1ee2
1.2.3
+
.
e10
-
1e+
.
1.2.3
000.e
1e
1.2.3
1ee2
1e
000.e
-
1e-
++1
1e
1e+
++1
1e+
1e+
.
e10
.
--2
--2
abc
1e
++1
--2
1ee2
0e
e10
1.2.3
1e-
+
abc
++1
1ee2
--2
e10
+
-
1e+
++1
000.e
0e
-
1.2.3
e10
e10
+
1ee2
0e
1.2.3
-
abc
1ee2
.
-
1e
++1
abc
+
1e+
1e-
++1
1.2.3
+
1e
0e
.
1e
e10
0e
1.2.3
0e
1ee2
1e-
1e+
1.2.3
000.e
e10
1ee2
+
1e-
+
e10
++1
000.e
0e
-
1e+
1e
.
1.2.3
1e-
000.e
e10
.
-
1ee2
-
abc
--2
000.e
+
abc
-
.
--2
000.e
1e
+
0e
1e-
0e
1e-
1ee2
1ee2
.
1ee2
abc
1ee2
1.2.3
-
1ee2
000.e
--2
000.e
++1
+
1ee2
.
+
-
.
1.2.3
1e
000.e
1e
-
1e
1e+
0e
abc
1.2.3
.
-
.
1e+
1e
-
++1
e10
--2
-
.
++1
1e+
e10
--2
--2
+
1e
1e+
000.e
-
--2
1e-
-
+
-
0e
--2
abc
1.2.3
1ee2
1e-
-
abc
1e
e10
1e-
-
++1
1e+
0e
+
--2
--2
1.2.3
1ee2
1e-
1e+
--2
1e+
-
++1
1ee2
0e
abc
1e-
000.e
000.e
0e
+
1.2.3
-
++1
1ee2
+
1e-
.
1e
+
1ee2
1.2.3
1e
abc
abc
1.2.3
1e
-
0e
1e-
000.e
1e-
+
1ee2
000.e
-
+
e10
1e+
.
+
1.2.3
e10
e10
1e-
abc
1e
++1
000.e
++1
-
0e
1e
e10
.
.
++1
1.2.3
1ee2
000.e
--2
e10
abc
000.e
1.2.3
.
+
abc
e10
1ee2
1e-
+
1e-
.
0e
1.2.3
+
abc
e10
+
-
-
+
-
1ee2
--2
1e+
1ee2
abc
-
000.e
--2
1e-
+
+
1.2.3
e10
1e+
1e
+
1e+
0e
1e-
1e-
000.e
++1
--2
-
0e
e10
1.2.3
1.2.3
1e+
1.2.3
abc
-
e10
--2
1.2.3
1ee2
+
--2
-
abc
+
1ee2
.
1e
0e
1e+
+
-
e10
1.2.3
.
-
1e
abc
-
1ee2
e10
++1
abc
1e-
e10
0e
1e+
1e
--2
1e-
++1
1e+
-
1e
.
++1
1e
0e
1e+
+
-
++1
0e
-
--2
1e
1e-
--2
000.e
+
1ee2
++1
000.e
000.e
1e
1e+
--2
abc
0e
1e
1ee2
0e
1e-
1e-
1e-
1e
+
000.e
++1
--2
000.e
000.e
1e-
1.2.3
abc
--2
++1
0e
abc
1ee2
e10
1ee2
-
.
1e-
--2
1.2.3
1.2.3
-
1e+
--2
1ee2
.
1e
e10
abc
-
0e
1e+
abc
1ee2
000.e
1.2.3
.
1e-
1.2.3
0e
1e
.
--2
1e
000.e
1.2.3
e10
0e
1e
1e+
abc
000.e
1e-
1e
1ee2
1e-
000.e
1e+
000.e
1.2.3
--2
.
++1
-
-
+
1e+
0e
abc
-
--2
0e
e10
e10
-
.
--2
.
1.2.3
abc
1e
000.e
e10
abc
.
1e
1ee2
0e
1e+
--2
.
--2
1e
--2
1.2.3
1e
.
1ee2
++1
e10
++1
1e+
0e
+
1e-
+
abc
e10
++1
abc
1ee2
--2
1e
1e
--2
1e
.
1.2.3
1.2.3
0e
1e+
e10
--2
1ee2
0e
1.2.3
000.e
0e
1e-
+
1ee2
1e-
1e
1ee2
.
++1
-
1ee2
000.e
++1
abc
1ee2
1ee2
1e+
e10
.
--2
1e
--2
1ee2
--2
+
1e
1e-
1e-
1e
.
1e
1e-
0e
000.e
1e
++1
1e-
-
1e+
000.e
++1
1.2.3
--2
-
0e
.
1e-
.
abc
++1
.
1e-
abc
1e+
1ee2
1ee2
1e+
abc
.
1e
abc
1e+
1ee2
e10
--2
-
abc
++1
.
0e
0e
1.2.3
1ee2
1ee2
e10
1e-
--2
-
1.2.3
1.2.3
1ee2
000.e
++1
1e
1e+
--2
.
000.e
-
++1
1ee2
1.2.3
1e+
-
1ee2
abc
e10
-
-
++1
000.e
++1
1.2.3
0e
0e
+
1e+
+
.
1e-
1e
++1
1ee2
1e-
1.2.3
--2
0e
1ee2
1e-
abc
1e+
1e+
000.e
1e-
000.e
1.2.3
1e+
.
-
1e
++1
1.2.3
+
0e
-
e10
1e+
1ee2
++1
1e+
1e
abc
0e
+
000.e
++1
1e+
1.2.3
1e
++1
1e
++1
1e+
--2
1ee2
abc
0e
e10
+
0e
1e
++1
000.e
1ee2
1e+
e10
++1
1e-
.
+
1e-
1e-
0e
--2
1e+
1.2.3
1e-
-
1e-
.
-
e10
e10
++1
e10
0e
++1
1.2.3
+
1e-
++1
-
.
abc
000.e
.
1.2.3
1e-
1.2.3
+
abc
0e
abc
--2
1.2.3
1ee2
0e
1e-
1e-
++1
1.2.3
000.e
1ee2
abc
0e
1e
1ee2
--2
++1
1ee2
+
0e
abc
--2
1e
000.e
1ee2
1e+
0e
000.e
abc
1e+
1e
-
++1
+
1e+
1e
1e
.
1e+
1e
--2
1e+
e10
1e-
1ee2
+
abc
1e-
e10
000.e
1.2.3
1e
0e
.
-
1e
-
e10
1e+
1.2.3
abc
0e
1.2.3
0e
1.2.3
.
abc
++1
e10
e10
++1
+
.
++1
1ee2
1e-
.
abc
1e-
1e+
000.e
1e+
++1
abc
1ee2
++1
-
++1
abc
abc
+
000.e
1.2.3
++1
abc
0e
-
0e
e10
e10
abc
e10
1e-
abc
1.2.3
1e+
--2
1ee2
1e
+
.
1.2.3
1e
++1
--2
1.2.3
--2
+
e10
--2
+
.
.
1ee2
-
--2
1.2.3
000.e
0e
1e
1ee2
1ee2
++1
.
--2
1e+
000.e
1e+
--2
1.2.3
1.2.3
-
abc
e10
1ee2
e10
--2
1e-
++1
--2
000.e
1ee2
1e
1e
--2
1ee2
+
0e
1e+
1e
--2
+
1e
-
1e-
1e
0e
.
-
e10
e10
0e
.
abc
abc
+
0e
1e
1e
000.e
000.e
1e
1e+
.
e10
0e
000.e
e10
e10
1e-
1e+
-
+
000.e
--2
1.2.3
e10
1e+
1.2.3
++1
1e
1e-
0e
++1
1e
000.e
e10
0e
e10
+
1e+
--2
-
1e-
-
1e
1e-
.
1e-
.
1.2.3
++1
-
1ee2
.
1e-
0e
1e
e10
0e
--2
e10
abc
--2
0e
1ee2
1.2.3
1ee2
1e+
+
1ee2
1e-
0e
+
1.2.3
1ee2
1e-
e10
1e+
abc
-
1.2.3
.
e10
1.2.3
e10
1e
1e
0e
000.e
abc
1e
1e+
1e-
1e-
1e+
1e+
1.2.3
1e
abc
++1
1ee2
+
1e-
1e-
1e
abc
.
e10
0e
e10
1e+
1e-
abc
1ee2
1e-
abc
.
-
0e
--2
--2
1e
1e+
1e+
abc
abc
++1
1e+
1e-
e10
1e+
1e+
e10
1e-
+
e10
1e-
1e+
000.e
++1
1.2.3
1.2.3
1e
--2
abc
--2
abc
1e+
-
abc
++1
++1
++1
.
0e
000.e
.
e10
1.2.3
e10
0e
1.2.3
-
1ee2
abc
--2
++1
abc
+
0e
1e+
.
1e
+
--2
--2
abc
-
0e
0e
abc
-
--2
e10
--2
-
1e+
000.e
.
0e
1.2.3
-
000.e
.
+
--2
abc
++1
1e
abc
1e-
1ee2
000.e
abc
1ee2
0e
.
1e-
1ee2
0e
++1
000.e
++1
1ee2
1e-
--2
-
1.2.3
1ee2
1ee2
0e
abc
0e
--2
+
1.2.3
1e+
-
1ee2
1.2.3
0e
1.2.3
+
.
000.e
1e+
--2
++1
e10
1e-
e10
1e+
1.2.3
1e
1e
1e+
1e+
1ee2
000.e
-
000.e
abc
000.e
.
abc
.
1ee2
1e-
.
e10
1.2.3
.
++1
++1
000.e
1e-
1.2.3
+
-
1e+
++1
000.e
++1
abc
1e
e10
abc
0e
abc
++1
+
e10
+
0e
1e+
1e+
1ee2
+
+
1e-
1e
1ee2
000.e
1e+
1.2.3
.
1e+
e10
+
1e
e10
+
1.2.3
1e
1e+
.
1e
e10
1e
1.2.3
--2
1.2.3
--2
.
1.2.3
--2
1ee2
+
1e-
e10
1.2.3
1e-
+
0e
--2
+
.
--2
1e
1e-
1e+
--2
e10
++1
e10
1e
abc
abc
000.e
++1
0e
1e+
1e-
0e
abc
0e
1e+
1e+
++1
.
.
1e+
--2
e10
000.e
1.2.3
1e+
1.2.3
--2
1ee2
000.e
1ee2
-
abc
abc
--2
000.e
--2
++1
e10
++1
0e
1e
1.2.3
+
1.2.3
.
--2
000.e
--2
++1
e10
.
1e+
--2
1e-
1e+
1ee2
-
+
0e
+
1e-
-
+
-
000.e
0e
1e
e10
-
1e
.
-
--2
-
000.e
000.e
1e
+
.
1e+
0e
++1
.
1e+
abc
-
1e
1e
000.e
000.e
.
1e
e10
1.2.3
1e-
+
abc
1e-
1e
000.e
e10
1e
1e+
1e
000.e
++1
0e
000.e
.
0e
000.e
1ee2
000.e
+
1ee2
e10
e10
+
++1
1e+
1.2.3
.
1ee2
-
++1
1.2.3
abc
0e
1.2.3
.
.
++1
1e-
.
+
0e
--2
1e+
.
1.2.3
abc
.
1e+
.
-
1.2.3
000.e
1e+
1e-
0e
000.e
1.2.3
1e+
000.e
000.e
e10
e10
1.2.3
+
000.e
--2
1e-
e10
1e+
abc
0e
1.2.3
0e
1e
000.e
1ee2
0e
000.e
000.e
-
0e
1e-
1e
abc
1e+
++1
--2
000.e
1e
1e
1e+
000.e
1ee2
1.2.3
0e
abc
1e
1.2.3
1e-
1ee2
abc
--2
1ee2
000.e
1ee2
-
1e
++1
-
e10
1e
1e+
1ee2
--2
1e
1e+
e10
--2
abc
1e-
1e+
1e-
-
1ee2
1e-
++1
1e
-
1e
-
000.e
--2
1.2.3
000.e
0e
+
1e-
abc
1e
0e
.
--2
abc
abc
0e
1e-
abc
1ee2
-
1e
1ee2
e10
++1
++1
-
-
1e+
000.e
000.e
000.e
--2
+
++1
000.e
+
e10
1e+
0e
.
1ee2
++1
1.2.3
++1
+
0e
--2
--2
000.e
1.2.3
1e-
1e-
0e
.
1e
.
1e-
000.e
1e+
1e
0e
1e
1ee2
1.2.3
1e+
.
abc
e10
000.e
0e
.
e10
+
000.e
++1
++1
1ee2
++1
1e+
++1
1ee2
+
--2
1e+
-
1.2.3
++1
.
1e-
1.2.3
1e+
1.2.3
1e-
1e
--2
1e
1ee2
--2
0e
-
1e-
000.e
000.e
e10
1e
--2
000.e
1.2.3
1.2.3
1e-
.
.
+
+
1ee2
1.2.3
000.e
abc
000.e
1ee2
--2
1ee2
0e
abc
++1
1ee2
0e
+
--2
1e
1ee2
--2
0e
+
.
-
1ee2
0e
1.2.3
-
1e
0e
--2
++1
0e
1e-
abc
000.e
000.e
-
-
--2
.
++1
000.e
--2
.
1e+
1.2.3
e10
1e-
.
1ee2
1e-
abc
1.2.3
e10
+
1e-
0e
000.e
1e-
000.e
e10
1e
+
.
-
--2
-
1.2.3
1ee2
1ee2
++1
abc
e10
1e+
1.2.3
0e
--2
1.2.3
1.2.3
000.e
1ee2
1e+
e10
000.e
1.2.3
-
e10
1ee2
abc
e10
1e-
.
e10
e10
-
abc
+
e10
1e-
e10
--2
1e
.
1e-
000.e
+
0e
--2
+
1e-
-
++1
--2
++1
--2
1e
++1
1e
1ee2
1e-
--2
1e-
1.2.3
1.2.3
1e+
++1
e10
1e
1e
abc
1e
1e
+
e10
1e+
1e+
0e
1.2.3
-
1e+
1e-
-
0e
1ee2
+
.
abc
.
1.2.3
1ee2
e10
e10
abc
abc
0e
1e-
+
-
1e-
1e+
++1
0e
1e
--2
+
.
++1
1e-
0e
0e
++1
0e
1e+
0e
1.2.3
++1
abc
1e+
000.e
abc
.
1e
abc
1e-
++1
000.e
1e-
--2
1.2.3
.
+
-
0e
-
e10
1e-
1e-
-
--2
.
1e+
abc
1e-
.
1e
1ee2
1e
1e-
1ee2
000.e
abc
1.2.3
abc
1ee2
e10
1e+
0e
e10
1e-
1e
000.e
1e
000.e
1.2.3
1e-
000.e
e10
1ee2
++1
e10
1e+
--2
0e
e10
1.2.3
1.2.3
1e-
abc
--2
1e+
abc
++1
+
+
-
1e+
-
++1
-
+
1e-
0e
+
1e+
000.e
-
1e+
1e
1ee2
1ee2
--2
1e
0e
1ee2
1ee2
1e+
.
1ee2
1.2.3
1e
.
1e+
abc
0e
-
0e
0e
0e
0e
1e+
0e
0e
--2
1.2.3
-
1ee2
abc
1ee2
1.2.3
+
1e+
++1
1e+
1e-
1e
000.e
1e
1e
-
1.2.3
1e
.
1e+
1e
1ee2
e10
+
1.2.3
1e+
+
1ee2
-
0e
++1
1.2.3
1e+
abc
1e-
1e
1e+
e10
--2
1ee2
1e
000.e
-
1.2.3
0e
1e+
-
1e-
1e+
1.2.3
1ee2
-
1e+
1e
1e-
000.e
1ee2
1ee2
1e-
1e-
++1
0e
+
.
e10
e10
--2
+
abc
000.e
--2
abc
0e
e10
0e
.
1e-
000.e
abc
000.e
abc
+
.
1e-
.
.
1e+
-
--2
1e+
.
+
+
1e+
1ee2
.
--2
1e+
000.e
++1
abc
++1
abc
1e+
--2
1.2.3
+
+
1e-
0e
1ee2
e10
++1
0e
1e-
++1
+
--2
1e
000.e
1ee2
-
1e
0e
1e-
1e-
1e-
e10
++1
++1
0e
000.e
000.e
++1
1e+
+
000.e
--2
1.2.3
--2
000.e
+
+
1e-
++1
1ee2
-
1e
++1
+
1e
-
abc
-
abc
abc
000.e
0e
+
+
+
--2
1e-
.
-
1e+
--2
1ee2
-
0e
-
1.2.3
1e-
-
1e+
1e+
1ee2
.
1e
1e-
-
abc
.
1.2.3
.
--2
1e+
1e+
+
.
1e+
0e
.
--2
000.e
0e
--2
1ee2
1.2.3
+
++1
1e
1e
-
0e
-
abc
000.e
1e-
0e
abc
.
++1
1e
+
-
--2
.
++1
000.e
1e-
+
1.2.3
--2
0e
1e
0e
-
1.2.3
0e
1ee2
1ee2
000.e
++1
abc
1e+
1e+
+
-
++1
1ee2
1.2.3
1.2.3
1e+
+
e10
.
.
+
1ee2
++1
e10
++1
1e-
000.e
1ee2
--2
e10
.
1.2.3
-
1.2.3
e10
1.2.3
1.2.3
1ee2
--2
e10
1e-
--2
.
0e
.
.
e10
abc
-
--2
-
0e
e10
abc
1e+
000.e
-
e10
+
0e
1e-
1e+
++1
0e
++1
e10
0e
.
--2
1e-
000.e
--2
1e
abc
1ee2
1e
+
.
1e+
000.e
1e-
abc
.
-
-
1e-
1e+
--2
+
e10
abc
1ee2
1.2.3
+
1e+
1e+
-
e10
1e+
-
+
1e
1ee2
1.2.3
+
+
1.2.3
1ee2
1.2.3
++1
0e
++1
1.2.3
abc
1ee2
000.e
e10
-
1ee2
1e
1e+
+
.
1ee2
1e+
-
1ee2
1e+
1e+
000.e
1.2.3
+
e10
1e
++1
++1
e10
1e
1e-
.
.
++1
0e
e10
+
+
--2
000.e
1e+
1e-
1ee2
1ee2
1ee2
1ee2
000.e
.
1.2.3
1e+
++1
1e
--2
--2
--2
1ee2
.
1e-
+
1e+
1e+
++1
1ee2
++1
abc
++1
000.e
1.2.3
++1
e10
1e
1e
++1
.
+
000.e
++1
-
--2
1e-
1e+
1e+
.
+
1e-
1e-
-
1e
.
++1
e10
000.e
e10
--2
1.2.3
1e+
1.2.3
-
1e-
+
1e
.
1e
e10
000.e
1e
-
++1
1ee2
--2
0e
.
+
1.2.3
e10
abc
abc
--2
1ee2
++1
-
++1
1ee2
1ee2
-
++1
-
0e
e10
e10
.
000.e
1e+
1.2.3
e10
abc
1e+
1ee2
000.e
0e
+
--2
abc
1ee2
-
1e
000.e
000.e
++1
e10
1e+
1.2.3
1.2.3
0e
1e-
000.e
1e+
abc
+
--2
e10
1e+
--2
000.e
--2
1.2.3
-
e10
000.e
1e+
abc
0e
-
000.e
1ee2
1e-
.
1e-
1.2.3
++1
-
0e
.
++1
abc
++1
++1
+
000.e
1ee2
1.2.3
0e
-
++1
-
1e
abc
e10
--2
0e
.
+
000.e
.
1.2.3
1e-
1e-
e10
0e
++1
1e
000.e
-
1e
0e
0e
-
0e
-
1e+
abc
1e-
1ee2
+
++1
abc
e10
.
1e-
-
1e-
1ee2
1e-
+
+
1e-
1e-
e10
1e-
--2
1e
1ee2
0e
e10
e10
1.2.3
000.e
-
0e
.
e10
-
000.e
1e-
1e
000.e
abc
0e
.
abc
1e
e10
-
+
0e
-
.
-
--2
1e
0e
+
1e+
--2
++1
++1
1e
1e-
++1
1ee2
1e+
--2
1e
1e
1e-
1ee2
e10
1.2.3
++1
1e
1e-
e10
1e
-
1e+
++1
+
0e
-
++1
++1
1.2.3
0e
++1
--2
.
--2
0e
0e
++1
1.2.3
1e-
+
1.2.3
+
1ee2
+
++1
1ee2
000.e
000.e
1e-
0e
+
1.2.3
1ee2
1e
-
1ee2
--2
1e
++1
1ee2
abc
1e
.
.
e10
abc
1.2.3
--2
abc
-
.
1e-
abc
++1
-
abc
e10
-
1e
+
abc
1e
.
-
1e
1e
e10
1e+
--2
e10
1.2.3
e10
1e+
++1
--2
0e
1e
1.2.3
--2
1ee2
1.2.3
1e
--2
abc
1e+
1ee2
+
1e
.
1e-
1e-
e10
1e-
1e+
1e
000.e
1ee2
1e
1.2.3
abc
1e+
0e
1.2.3
1e+
1e
1ee2
++1
+
abc
++1
++1
1e-
-
abc
1e+
.
1.2.3
1.2.3
1ee2
1ee2
1e
+
-
1e+
1ee2
e10
++1
--2
.
1ee2
0e
1e+
-
--2
0e
+
1e+
1e
--2
000.e
1e+
000.e
000.e
000.e
--2
1e
1e
0e
1e-
+
-
++1
+
000.e
000.e
1e+
--2
1e+
-
e10
e10
1e-
1e-
++1
abc
1e+
.
e10
e10
e10
1e
--2
000.e
--2
++1
+
1ee2
abc
abc
.
++1
1e-
++1
1e+
-
1e-
--2
1ee2
1e+
e10
e10
1e
0e
.
abc
-
0e
1e
+
--2
1e-
1e+
abc
abc
0e
1ee2
000.e
1ee2
+
+
0e
1e-
1.2.3
++1
0e
+
1e+
-
1e
+
0e
1e+
abc
--2
-
0e
abc
1e-
1.2.3
000.e
+
--2
1ee2
+
++1
1e-
1e-
1e
000.e
1ee2
1e
1.2.3
+
000.e
1e+
++1
000.e
-
1e-
.
0e
1e+
1e
1.2.3
+
0e
1.2.3
.
++1
abc
1ee2
1e+
-
000.e
e10
--2
--2
1e
-
1e-
1e-
e10
++1
-
.
0e
-
1e-
1e-
1.2.3
1e+
.
abc
000.e
++1
1.2.3
1e+
++1
+
0e
1e
1.2.3
1.2.3
abc
.
000.e
abc
0e
+
1e+
-
abc
0e
+
0e
abc
1e
+
1e-
000.e
abc
1e+
+
e10
0e
e10
--2
.
.
-
000.e
1e-
-
1ee2
1e-
abc
.
1ee2
1e-
000.e
e10
1e-
--2
0e
.
e10
+
abc
1.2.3
e10
1e-
0e
.
++1
abc
-
+
e10
.
1e-
1e-
000.e
e10
1e
1e+
1.2.3
1ee2
000.e
0e
++1
0e
1e-
1e+
++1
++1
1e
e10
-
1.2.3
abc
1.2.3
e10
abc
1ee2
+
1e
abc
1e
.
1.2.3
--2
abc
1e
++1
1ee2
e10
000.e
+
1ee2
1e+
1ee2
1ee2
.
.
1e+
1ee2
.
000.e
+
1.2.3
1ee2
-
.
1e-
e10
0e
--2
abc
--2
-
abc
1e
0e
e10
1e-
1ee2
-
abc
1.2.3
--2
0e
--2
1e+
+
0e
000.e
1.2.3
1e
--2
e10
-
abc
--2
+
e10
1e
e10
.
000.e
000.e
.
abc
--2
++1
0e
--2
e10
1e-
++1
1.2.3
--2
0e
1e
--2
1e-
+
--2
1.2.3
1ee2
000.e
1e+
1ee2
1ee2
.
abc
++1
+
--2
1e-
--2
+
1e
+
abc
1.2.3
.
++1
--2
+
abc
e10
+
0e
0e
+
1.2.3
--2
1ee2
++1
0e
1e+
.
.
1ee2
1e
1e
0e
1e-
1.2.3
1e-
-
.
1e+
--2
abc
.
1ee2
1e
-
abc
000.e
1.2.3
1e-
1e+
1ee2
000.e
1e-
1e-
abc
e10
1.2.3
--2
1e-
1e+
1.2.3
1e-
0e
1e+
abc
e10
.
+
1.2.3
1e-
1e+
e10
1e+
0e
1e
0e
e10
+
1ee2
1e-
1e-
000.e
0e
++1
1.2.3
0e
.
abc
.
--2
1e
e10
1e+
e10
--2
++1
1.2.3
e10
--2
-
--2
1.2.3
1.2.3
.
1e-
1ee2
-
-
+
1e-
000.e
0e
1.2.3
0e
e10
abc
000.e
0e
abc
--2
++1
--2
e10
1e-
.
abc
-
0e
-
.
++1
1ee2
000.e
e10
.
1e
1.2.3
000.e
1.2.3
1e+
e10
1e-
1e-
-
0e
1ee2
1ee2
1ee2
1.2.3
.
000.e
1e
0e
0e
--2
++1
++1
+
abc
+
0e
-
000.e
1e+
--2
000.e
1e-
1.2.3
0e
e10
--2
1e
1ee2
1e
1e-
e10
0e
0e
--2
1e
.
1ee2
1.2.3
0e
1.2.3
.
1e-
-
abc
--2
abc
000.e
++1
--2
000.e
abc
+
--2
++1
0e
1.2.3
0e
1e-
1e
e10
++1
000.e
1.2.3
--2
0e
+
1e
000.e
.
.
1e+
1e+
--2
++1
-
-
000.e
e10
1ee2
1e-
0e
+
++1
1ee2
000.e
--2
1e-
-
--2
1.2.3
1e
1ee2
1ee2
000.e
-
1e+
--2
-
.
1e-
000.e
--2
e10
.
abc
++1
+
1e-
1.2.3
1ee2
1e+
1e+
0e
1.2.3
++1
1e+
+
0e
abc
1ee2
--2
1ee2
e10
-
-
.
000.e
e10
1e+
1e-
--2
-
++1
1.2.3
1e+
0e
1e+
1ee2
--2
-
1e
abc
.
--2
++1
.
1e+
1ee2
e10
--2
++1
1ee2
1.2.3
++1
1e-
e10
1.2.3
++1
+
abc
1ee2
1e-
++1
1e
--2
000.e
.
1e+
++1
e10
1e-
1e+
1e-
1.2.3
1e-
--2
1e
1e-
++1
--2
1.2.3
000.e
1e-
1.2.3
-
1e-
0e
--2
1.2.3
--2
--2
1e
--2
0e
+
-
0e
000.e
+
+
abc
--2
e10
000.e
+
1.2.3
-
000.e
+
++1
000.e
e10
000.e
--2
+
1ee2
1e
-
1e+
+
1ee2
1e-
1.2.3
1e
1ee2
1e
0e
1e-
1.2.3
1e+
-
++1
abc
1e+
1e
0e
1e-
1e
--2
1e
e10
abc
0e
-
e10
+
.
--2
0e
--2
+
.
1e-
1e
1.2.3
--2
e10
+
abc
000.e
abc
000.e
1e
1e+
1ee2
1ee2
+
000.e
++1
1e
--2
.
e10
.
1e+
1ee2
1e
.
1e+
1e
.
1e
1e
abc
1ee2
-
1.2.3
abc
1e+
1.2.3
1e+
.
1e-
--2
-
e10
.
abc
1e+
1.2.3
--2
1ee2
++1
e10
-
++1
++1
--2
0e
1ee2
1e
-
+
-
+
abc
1.2.3
1e
1e+
1.2.3
abc
1e
e10
-
1.2.3
1e
1ee2
e10
-
0e
1ee2
1e
+
--2
0e
abc
1e+
++1
abc
--2
1e
++1
abc
1e+
000.e
0e
e10
e10
+
1e-
++1
000.e
--2
--2
-
1ee2
e10
1e-
1e-
+
+
1ee2
e10
.
+
0e
.
1e+
+
--2
1e-
000.e
1.2.3
-
1e
.
1e
++1
000.e
++1
++1
1e-
1e+
e10
1ee2
++1
abc
++1
e10
1e+
abc
000.e
1.2.3
+
1ee2
abc
000.e
0e
abc
.
0e
-
1e+
abc
+
++1
0e
++1
e10
--2
-
1e+
.
1.2.3
abc
abc
-
-
0e
1e
000.e
abc
000.e
.
0e
000.e
++1
1e
1e+
abc
abc
1e
1e
++1
abc
--2
+
1e-
1e
1e
000.e
--2
-
0e
+
1e-
1ee2
1e
-
1e-
-
1e
+
000.e
000.e
0e
--2
e10
0e
-
-
0e
0e
1e-
1e-
000.e
e10
1e+
1e-
0e
1e
--2
-
1e
-
1e-
abc
1e+
-
0e
.
1.2.3
1e+
e10
-
000.e
1ee2
++1
.
1ee2
1e-
++1
0e
-
e10
0e
1e+
e10
e10
1e+
--2
1ee2
1ee2
+
0e
-
+
+
1e+
-
1.2.3
1.2.3
1e+
-
--2
1e
1e
abc
-
.
+
0e
--2
+
abc
+
-
-
0e
.
1e
-
-
--2
-
--2
-
--2
1e+
1.2.3
abc
abc
0e
1e-
.
1e-
e10
000.e
++1
1.2.3
+
1e+
1ee2
1.2.3
000.e
1.2.3
--2
abc
1e-
1e-
abc
000.e
+
e10
.
1ee2
000.e
1ee2
--2
1ee2
1e
-
-
1e
.
000.e
000.e
1e-
++1
+
1e-
1.2.3
++1
.
-
-
1e-
++1
1e+
0e
+
++1
1ee2
1ee2
1.2.3
-
000.e
e10
abc
--2
.
1ee2
+
1e-
1e-
1ee2
.
1e
000.e
1e+
1ee2
e10
1e-
.
1.2.3
0e
.
-
1.2.3
e10
abc
1e
1e-
1ee2
1ee2
e10
.
++1
1e
--2
-
1e
++1
.
1ee2
++1
+
abc
1e-
e10
-
+
1e+
000.e
1e
-
1.2.3
-
--2
1.2.3
-
++1
e10
++1
abc
1ee2
1e+
+
e10
-
1.2.3
++1
1.2.3
-
1e-
e10
1.2.3
000.e
++1
.
--2
++1
e10
1e
.
.
e10
-
abc
-
1ee2
.
1e+
1e
++1
--2
+
1.2.3
abc
++1
.
1.2.3
e10
abc
0e
++1
abc
1e
++1
1e+
1e+
abc
++1
1e-
1.2.3
e10
1e-
abc
000.e
1ee2
1e+
1ee2
++1
1e-
1ee2
e10
+
1e+
.
++1
++1
.
1e-
1ee2
abc
-
++1
abc
--2
abc
1.2.3
+
-
1.2.3
+
e10
1e
1e
++1
1e
1ee2
1e-
+
e10
+
e10
1e
1.2.3
+
-
--2
0e
1e+
+
+
--2
+
1.2.3
1e
++1
e10
000.e
.
--2
abc
000.e
+
1ee2
1e+
0e
++1
e10
e10
1ee2
-
-
++1
e10
1ee2
+
1e
1ee2
-
000.e
1.2.3
0e
1e-
1e-
--2
1ee2
+
1e+
+
abc
0e
+
1.2.3
1e+
0e
0e
-
1e-
0e
0e
-
abc
1.2.3
1e+
000.e
1e-
e10
1e+
e10
--2
1e+
.
abc
e10
++1
1.2.3
1e-
+
--2
.
-
.
000.e
++1
0e
abc
e10
1e
+
1e
1ee2
.
e10
e10
1e
1e+
e10
+
abc
abc
-
1.2.3
abc
1e-
-
0e
+
+
0e
1.2.3
1e
0e
.
1e+
1.2.3
1e-
0e
+
++1
-
1e-
+
0e
1e-
-
e10
1ee2
1ee2
e10
1ee2
1e
0e
e10
--2
-
++1
abc
1e-
000.e
0e
0e
1e+
++1
--2
1ee2
1.2.3
-
++1
000.e
e10
000.e
abc
1.2.3
1e+
++1
--2
1e-
0e
-
abc
--2
1e-
1e-
-
1ee2
++1
e10
++1
++1
abc
.
1e
1e+
1e-
1e-
abc
1.2.3
1e-
1.2.3
abc
1.2.3
e10
--2
++1
e10
-
000.e
--2
+
1.2.3
1ee2
abc
1.2.3
0e
1e+
-
--2
1.2.3
.
1e+
e10
abc
1e-
++1
++1
1e-
--2
+
1e+
1e+
++1
1ee2
1.2.3
1ee2
.
1ee2
.
000.e
1ee2
--2
1e-
000.e
000.e
1.2.3
.
1.2.3
abc
abc
1e+
0e
--2
000.e
1ee2
0e
1e
1ee2
++1
1e
abc
--2
--2
e10
++1
000.e
e10
--2
+
1.2.3
0e
e10
--2
0e
--2
1e+
.
abc
1e-
1.2.3
abc
e10
-
1e-
++1
e10
0e
+
1e-
1e-
1e
1e-
--2
abc
e10
1e-
1e-
1ee2
.
1e+
.
1ee2
+
000.e
e10
+
.
000.e
1ee2
1e
1e
+
-
000.e
1.2.3
.
1.2.3
e10
abc
e10
--2
++1
abc
+
++1
--2
e10
1.2.3
0e
--2
e10
+
1e
1.2.3
1.2.3
++1
000.e
++1
1e
e10
1e-
1e
000.e
1e+
++1
1e-
1e-
0e
-
++1
1e
1e
000.e
+
-
1e
1.2.3
+
.
.
+
0e
1.2.3
1e-
-
0e
+
1e-
1e
1e+
1e
.
--2
1e+
000.e
.
0e
1e
-
abc
--2
.
e10
0e
++1
++1
-
++1
+
000.e
1.2.3
++1
1e-
abc
+
-
1e-
--2
e10
1ee2
1e+
1e-
000.e
+
++1
e10
1e
1e-
0e
-
1e-
+
1e
1e-
-
1.2.3
1ee2
1e-
1e-
-
--2
+
1.2.3
--2
1.2.3
1.2.3
++1
000.e
abc
e10
e10
.
abc
-
1e
e10
000.e
1e+
.
+
+
1e
e10
.
1e
.
-
000.e
0e
1e
1e-
e10
000.e
--2
1.2.3
.
1e-
+
000.e
e10
1ee2
1e
+
.
000.e
1e-
1ee2
abc
e10
1e
1e+
--2
0e
e10
++1
abc
1e-
000.e
000.e
1e+
+
1e+
000.e
++1
0e
+
e10
1e+
1e
1e
e10
1e-
+
1e
1ee2
--2
-
000.e
--2
-
--2
1.2.3
0e
0e
0e
000.e
++1
e10
1e
1e
1e-
.
.
-
++1
1ee2
1.2.3
000.e
0e
1.2.3
+
0e
1e
0e
000.e
-
++1
e10
1e+
1.2.3
+
1e
.
1e-
1.2.3
1e-
1.2.3
e10
1.2.3
1.2.3
1e
1e
++1
1e-
1e
++1
0e
+
1.2.3
++1
.
++1
e10
1ee2
+
abc
-
e10
1ee2
1e+
0e
e10
-
abc
1e-
1.2.3
1ee2
e10
++1
1.2.3
1e
1ee2
1e-
abc
0e
-
0e
-
-
++1
abc
.
1e-
++1
.
0e
-
++1
abc
abc
1e
1ee2
1e-
1e
0e
1.2.3
1e-
1e
.
++1
1e-
+
000.e
--2
-
+
abc
0e
--2
+
1ee2
1.2.3
1ee2
+
1ee2
1e-
.
.
++1
1.2.3
++1
1e+
0e
1e
1.2.3
1.2.3
1.2.3
000.e
0e
0e
1ee2
abc
0e
--2
1e+
++1
-
+
e10
-
1e+
1e-
--2
-
1ee2
--2
-
--2
--2
-
1ee2
1e
-
--2
-
0e
abc
++1
--2
1ee2
e10
1e-
--2
abc
--2
.
.
1ee2
-
1.2.3
e10
-
--2
++1
-
+
1e
++1
+
1.2.3
--2
1e-
1e-
abc
1ee2
1e
1e-
.
1ee2
.
abc
++1
0e
.
000.e
1e-
+
000.e
1e-
1e+
1e+
1.2.3
-
0e
000.e
1e-
1.2.3
--2
1e-
abc
000.e
000.e
+
--2
1e+
1ee2
1.2.3
-
abc
1e
--2
--2
+
e10
abc
0e
.
000.e
++1
.
e10
1e
-
e10
1e-
abc
++1
--2
++1
++1
1e
1e
1e-
+
abc
.
1e-
e10
1ee2
.
000.e
0e
000.e
++1
e10
++1
.
1ee2
1e+
1e+
e10
+
1e
e10
--2
e10
+
000.e
1e
1e
-
1.2.3
-
+
1e
1e
1e-
.
abc
e10
1e
1e
1ee2
+
+
--2
1e-
abc
000.e
1e-
0e
1e-
.
1e+
1e
.
1e-
e10
-
-
1.2.3
--2
++1
abc
++1
1ee2
1e-
1.2.3
000.e
abc
-
abc
1e-
1ee2
1e-
++1
1ee2
1e-
1e
1ee2
++1
.
abc
--2
.
000.e
+
1ee2
1.2.3
e10
+
--2
1.2.3
000.e
.
1.2.3
e10
-
0e
1e-
1ee2
++1
1e
1.2.3
.
1.2.3
0e
000.e
.
1e+
1e
1e+
-
1ee2
1.2.3
e10
1.2.3
1e
1.2.3
1e+
e10
0e
1ee2
0e
-
abc
++1
1ee2
000.e
+
1.2.3
1.2.3
1ee2
1e-
abc
1e
e10
abc
000.e
--2
1ee2
e10
-
abc
1.2.3
1ee2
+
1e+
abc
0e
1ee2
1ee2
1ee2
1.2.3
1e-
0e
-
1.2.3
abc
1.2.3
1e-
1.2.3
--2
.
0e
--2
1e-
e10
e10
1e+
1.2.3
++1
1e
1e+
--2
1e-
.
0e
1e-
000.e
1e-
e10
1ee2
.
1ee2
+
1e-
-
e10
1e-
1e-
abc
--2
1.2.3
000.e
0e
.
abc
1ee2
1e-
1e-
-
1e-
1e-
+
1.2.3
1.2.3
1e+
abc
1e-
1.2.3
1e+
1.2.3
e10
1e+
1ee2
+
+
1e+
1e+
000.e
--2
1ee2
000.e
.
0e
1e
.
--2
-
1.2.3
--2
1.2.3
--2
++1
1.2.3
1ee2
1.2.3
000.e
e10
.
1ee2
1e+
e10
1e-
1e
0e
1ee2
abc
000.e
000.e
e10
abc
++1
1e-
-
1e-
e10
.
++1
-
1e
.
1e+
+
e10
.
0e
+
+
1e-
1e-
1e+
e10
-
0e
1e-
abc
.
1e+
1ee2
.
1e-
+
0e
++1
--2
+
e10
++1
-
.
-
--2
1e
-
.
++1
1.2.3
0e
1ee2
-
1e
1e
-
-
1e-
e10
000.e
++1
1e+
+
1e
++1
-
-
--2
++1
.
1.2.3
+
1ee2
1e
1e-
1.2.3
--2
1e+
.
-
abc
e10
abc
0e
.
1e
1e
abc
1e-
000.e
-
-
abc
1e+
-
.
1.2.3
-
1e-
+
1ee2
1ee2
++1
0e
000.e
++1
1e
1e
1.2.3
-
1.2.3
abc
1e-
0e
++1
1e
--2
1.2.3
.
+
1e-
1e
0e
1ee2
000.e
1e-
--2
e10
-
e10
1.2.3
1e-
1.2.3
1e+
1ee2
-
e10
1ee2
e10
1e+
1e+
.
abc
000.e
abc
e10
0e
++1
1e
-
e10
e10
1.2.3
abc
++1
--2
1e
-
000.e
.
000.e
1ee2
-
e10
+
.
0e
.
1.2.3
-
1.2.3
++1
1e+
1.2.3
abc
++1
.
1e
-
.
0e
1e
+
abc
1e-
0e
1ee2
1e
0e
000.e
1.2.3
1ee2
1e+
0e
e10
1e
--2
+
.
--2
0e
1e
-
1.2.3
.
000.e
e10
1ee2
1e+
abc
-
e10
+
000.e
--2
1e+
.
.
-
++1
1.2.3
0e
-
--2
e10
+
abc
1ee2
1ee2
1ee2
0e
-
e10
--2
++1
-
1e
1.2.3
1.2.3
.
1e-
1ee2
000.e
.
000.e
000.e
1e
-
e10
--2
000.e
1e-
.
--2
+
-
1e-
1e-
1e-
abc
1e+
++1
0e
+
1ee2
e10
--2
1ee2
1e-
1ee2
000.e
1ee2
.
1e+
.
.
0e
--2
--2
000.e
-
1e-
000.e
1ee2
1ee2
--2
1e
1e
1e+
+
1ee2
1e
1.2.3
1e+
e10
--2
0e
0e
e10
+
1e+
e10
0e
.
+
000.e
1ee2
abc
e10
1e
++1
e10
.
abc
1.2.3
1e-
1e+
1e+
1e+
++1
e10
.
++1
abc
1ee2
1.2.3
1e
++1
e10
1e-
.
1ee2
1e+
abc
.
++1
1.2.3
1e-
++1
1e
--2
0e
++1
1e
1ee2
1e+
0e
-
.
1e+
1ee2
1ee2
0e
1e+
-
000.e
-
000.e
1e-
++1
--2
abc
abc
1.2.3
1e-
.
++1
1e
e10
--2
1ee2
.
1.2.3
000.e
1e
e10
abc
1.2.3
--2
1ee2
.
++1
1.2.3
1e
.
++1
--2
-
abc
1.2.3
1e
1e
abc
--2
000.e
+
++1
--2
1e-
0e
abc
++1
1e-
.
000.e
e10
1e
.
000.e
0e
1.2.3
e10
-
+
++1
1.2.3
1e-
e10
++1
++1
000.e
1e+
1e
1e-
++1
--2
1.2.3
--2
1ee2
-
1e+
1e
.
e10
0e
000.e
1ee2
--2
1e+
.
+
1ee2
000.e
000.e
0e
1e-
abc
--2
abc
+
1e
.
.
-
000.e
1e
1.2.3
1e-
e10
1ee2
+
0e
1ee2
--2
0e
--2
e10
.
.
000.e
1e-
+
e10
1e-
.
1e
++1
000.e
-
+
1.2.3
1ee2
000.e
-
0e
-
--2
0e
.
0e
.
+
-
1ee2
+
-
+
1ee2
.
++1
1ee2
1ee2
e10
abc
1e+
1e
abc
++1
abc
e10
1.2.3
0e
+
1e
1.2.3
1e-
1ee2
abc
0e
-
e10
-
+
1.2.3
1e
e10
--2
-
--2
--2
-
.
--2
000.e
++1
1e+
1e
1.2.3
1e
1ee2
.
1e+
-
1ee2
e10
.
000.e
0e
e10
1.2.3
1e
1.2.3
1ee2
1ee2
1e-
+
++1
--2
++1
1ee2
-
e10
1ee2
.
1e-
1e+
1.2.3
--2
1ee2
--2
e10
+
1e+
1e-
1ee2
1e-
1e+
0e
.
--2
.
--2
1ee2
1ee2
1e
1.2.3
0e
1e-
000.e
1ee2
.
1e+
000.e
1e-
.
++1
1.2.3
-
+
1ee2
++1
++1
1e
e10
0e
--2
1.2.3
000.e
+
000.e
--2
abc
1.2.3
1e-
1ee2
000.e
+
+
1.2.3
1ee2
1e+
abc
0e
1e
-
1e+
0e
1e-
--2
0e
1.2.3
000.e
0e
1e-
1e
+
0e
++1
.
1e
1ee2
--2
--2
++1
000.e
--2
e10
000.e
1e
0e
1.2.3
e10
--2
1e
--2
0e
1ee2
000.e
--2
--2
1ee2
-
1e+
abc
1e-
-
1ee2
abc
1ee2
1e
abc
.
.
1e+
.
e10
1e+
-
e10
e10
+
1e
e10
0e
++1
0e
1e
1e+
-
.
-
1e+
1e-
.
1ee2
+
-
1e+
0e
e10
1.2.3
-
1.2.3
1e+
.
abc
000.e
.
1.2.3
++1
1e+
++1
1e
.
++1
0e
000.e
++1
-
1e-
-
.
abc
.
-
1ee2
.
0e
--2
--2
1e+
000.e
1e-
+
1ee2
.
000.e
--2
++1
1e-
--2
1e-
--2
+
1e-
.
1ee2
-
1e+
1ee2
+
--2
+
.
1e-
e10
1e-
-
1e+
.
.
-
1.2.3
1e
--2
.
1e
++1
--2
000.e
000.e
1e
abc
++1
1e-
1e-
e10
1ee2
1ee2
1e+
.
0e
000.e
1e+
.
+
abc
e10
+
abc
e10
1e
-
++1
1e+
-
--2
+
1e
1ee2
abc
1ee2
++1
+
1e
000.e
.
1.2.3
e10
000.e
1e-
+
0e
1e-
e10
abc
abc
-
--2
-
--2
1e+
1.2.3
.
0e
abc
1e+
1e+
--2
.
0e
+
e10
abc
1.2.3
.
--2
1ee2
++1
1.2.3
--2
1e+
-
++1
000.e
1e
000.e
++1
abc
-
0e
+
+
++1
--2
.
1e
-
.
-
++1
1e+
e10
1ee2
-
1e+
-
000.e
1ee2
000.e
--2
e10
1e
1e-
1.2.3
++1
1e+
000.e
abc
-
abc
1ee2
0e
--2
--2
1e
1ee2
000.e
1.2.3
1e+
1ee2
1e+
000.e
1e+
--2
+
000.e
+
1.2.3
--2
000.e
-
e10
1ee2
0e
--2
abc
1e
--2
1e+
.
0e
-
.
1ee2
1e-
-
+
.
++1
1e+
1.2.3
1e-
+
--2
abc
0e
1e
1e+
e10
1e
--2
1e
--2
000.e
-
1e+
+
000.e
0e
1e
++1
--2
abc
000.e
++1
abc
e10
1ee2
0e
.
1.2.3
+
--2
abc
0e
1e-
1e
+
1.2.3
abc
+
1ee2
0e
1ee2
000.e
--2
.
--2
1e-
1e-
000.e
.
1.2.3
000.e
--2
.
-
--2
1ee2
abc
000.e
1e+
.
-
+
0e
1e+
e10
abc
1.2.3
-
1.2.3
+
-
abc
+
1e
--2
1.2.3
abc
+
1e-
-
1.2.3
1.2.3
0e
+
++1
1ee2
e10
1ee2
+
.
-
1.2.3
0e
1ee2
abc
+
++1
000.e
-
abc
0e
1ee2
1e+
1e+
abc
1e
000.e
.
1e
++1
000.e
+
.
e10
++1
000.e
000.e
1.2.3
e10
.
--2
++1
000.e
abc
000.e
1e-
000.e
1.2.3
.
000.e
1e+
1e+
-
.
++1
0e
1e-
+
--2
1e+
1ee2
1.2.3
abc
--2
++1
1e+
1e+
1.2.3
1e
--2
e10
+
0e
0e
++1
abc
000.e
000.e
e10
1.2.3
1e
--2
+
--2
1e
1e+
1e+
.
.
1e+
1ee2
0e
++1
++1
1ee2
--2
000.e
-
-
1ee2
1.2.3
.
1.2.3
e10
abc
1e+
e10
1.2.3
++1
1ee2
1e+
-
-
1ee2
.
.
1e
abc
-
0e
++1
-
-
e10
e10
000.e
+
1e
+
0e
.
.
1ee2
1e+
1ee2
abc
abc
1e
+
1e-
1e
--2
1ee2
1.2.3
-
1e-
++1
-
1.2.3
+
1e
+
e10
000.e
1e+
000.e
abc
-
abc
--2
+
++1
1e-
-
--2
+
1e
++1
e10
e10
1e
1e-
abc
-
000.e
++1
1.2.3
1e
abc
1e+
1ee2
1e+
++1
000.e
e10
++1
--2
1e+
1ee2
e10
1e+
1ee2
e10
1e
1e-
e10
1ee2
++1
1ee2
1e
1ee2
e10
-
1ee2
++1
abc
-
1ee2
--2
1e-
000.e
.
0e
1e+
e10
+
.
1e
--2
000.e
000.e
-
000.e
1e+
-
0e
e10
1e-
.
-
1ee2
1e-
1ee2
-
000.e
1.2.3
e10
e10
1e
.
1e-
++1
++1
-
000.e
1.2.3
1e-
e10
1ee2
abc
1ee2
1e-
e10
-
1e+
000.e
.
0e
e10
0e
1e
++1
++1
++1
-
abc
++1
e10
1.2.3
+
1.2.3
e10
1.2.3
1e+
1.2.3
-
1e-
1ee2
e10
1e+
abc
1e
0e
-
1ee2
++1
1e-
1e+
0e
+
1.2.3
+
1ee2
1e+
1.2.3
abc
e10
--2
1ee2
0e
abc
0e
0e
000.e
abc
e10
--2
abc
e10
-
1.2.3
-
abc
-
1e-
1e+
1e
1e+
.
1.2.3
1e+
--2
1e-
1ee2
++1
+
-
+
e10
e10
+
--2
000.e
++1
0e
.
1e
e10
++1
e10
1ee2
e10
-
.
+
+
++1
1ee2
0e
1e+
+
1e
1e-
1e-
+
.
abc
--2
++1
+
--2
1e+
1.2.3
1e+
+
+
1.2.3
0e
1e-
e10
1ee2
abc
0e
-
++1
1ee2
1e
1e+
0e
0e
0e
++1
1.2.3
1e+
-
1e+
abc
1ee2
1e-
abc
1ee2
-
abc
+
000.e
1.2.3
-
abc
0e
000.e
1ee2
abc
-
e10
--2
+
+
+
++1
1ee2
--2
1ee2
abc
++1
1e+
++1
1e+
000.e
000.e
1e
1e+
0e
000.e
1e
++1
1e-
abc
1e+
000.e
1e
--2
1e-
1e+
000.e
abc
.
1e+
.
.
1e
+
abc
--2
1.2.3
1ee2
1.2.3
-
1.2.3
1e
e10
1e-
e10
-
1e-
abc
1e
e10
-
-
1.2.3
1.2.3
abc
.
-
-
e10
1e+
1e-
e10
+
1e
e10
e10
1e-
abc
0e
--2
+
1.2.3
++1
++1
--2
--2
1ee2
1ee2
abc
1ee2
1e+
1e-
000.e
abc
-
1.2.3
.
0e
--2
000.e
.
1ee2
+
000.e
.
-
++1
1e
-
--2
1e-
1e-
1e-
.
000.e
0e
.
1e+
1ee2
0e
+
+
abc
1e-
++1
--2
--2
+
.
abc
++1
--2
.
+
abc
+
--2
.
.
1e-
1ee2
1e
000.e
e10
1e+
1e+
1e-
1ee2
+
+
--2
.
-
1.2.3
--2
1e-
000.e
abc
1.2.3
-
--2
0e
1ee2
1ee2
-
--2
000.e
++1
e10
+
1.2.3
1ee2
1e-
1e+
abc
abc
0e
1ee2
e10
0e
000.e
1e-
1e+
1e+
1e-
1e-
1e-
++1
.
0e
++1
0e
000.e
1e
1e
e10
++1
000.e
-
++1
1e
e10
.
.
0e
1.2.3
1e+
.
0e
.
0e
++1
1e
1e+
1e-
e10
1ee2
0e
abc
1e+
1ee2
-
e10
1.2.3
0e
--2
1ee2
--2
1e
1.2.3
0e
1e
-
-
0e
e10
++1
1.2.3
+
1e-
+
1e
000.e
--2
abc
--2
--2
-
1e-
000.e
1e
000.e
.
1e+
1e
1e+
1e+
1.2.3
--2
0e
0e
--2
0e
1e-
e10
+
000.e
e10
1.2.3
+
1ee2
++1
--2
abc
.
e10
1e-
--2
1ee2
.
1.2.3
1e
-
1e-
000.e
e10
1e
abc
1e
++1
1e+
1e
abc
0e
++1
abc
000.e
1e
1.2.3
1e+
1.2.3
++1
0e
1e+
1e-
000.e
--2
1.2.3
abc
-
1e+
-
000.e
+
--2
0e
1ee2
1e
1ee2
abc
1e-
-
000.e
1.2.3
e10
+
1e-
1ee2
1e
abc
++1
.
0e
abc
-
1.2.3
abc
--2
e10
e10
-
+
.
1e
-
1e
e10
1e
++1
000.e
-
000.e
000.e
--2
++1
1e-
1e-
e10
+
1.2.3
++1
-
+
1.2.3
.
000.e
+
-
1.2.3
1e+
.
1e
0e
.
+
000.e
.
++1
1e+
-
000.e
1ee2
--2
000.e
.
1.2.3
1e-
000.e
1ee2
abc
1e
--2
1.2.3
--2
e10
1.2.3
1ee2
-
0e
-
0e
-
1e+
.
000.e
--2
1e+
0e
1ee2
1.2.3
--2
1e-
++1
000.e
1e
1ee2
0e
--2
000.e
1e-
1e
abc
e10
abc
.
1e
+
-
1e
0e
1e
e10
abc
1e-
1ee2
-
e10
1ee2
1e-
0e
1e+
1ee2
++1
+
000.e
--2
0e
1ee2
1.2.3
1.2.3
abc
000.e
++1
e10
1e
++1
1.2.3
abc
e10
++1
+
1ee2
1ee2
1ee2
.
abc
e10
0e
--2
-
1ee2
.
000.e
-
1e
abc
1e+
--2
.
000.e
000.e
0e
1e
--2
1.2.3
e10
1ee2
.
0e
1e+
e10
1ee2
.
e10
--2
1e
--2
++1
0e
1e-
1.2.3
000.e
.
e10
000.e
e10
1ee2
e10
1e
1.2.3
++1
e10
1e-
++1
1e-
-
000.e
1e
1.2.3
1e-
++1
1e-
-
1ee2
++1
e10
1.2.3
1e
1e+
-
1e
1e
--2
1e
--2
1.2.3
1e+
1e+
abc
1ee2
1.2.3
1.2.3
1.2.3
0e
.
000.e
-
.
1.2.3
1.2.3
1.2.3
0e
+
+
+
1e+
1.2.3
1.2.3
.
1e+
.
1ee2
1.2.3
1ee2
1e+
++1
++1
1e+
-
++1
000.e
--2
++1
abc
0e
--2
--2
++1
1e+
++1
.
1e
0e
--2
++1
1ee2
.
000.e
1e
.
++1
abc
.
-
1e-
1.2.3
++1
1e+
1e+
-
e10
e10
abc
+
1e
e10
1.2.3
-
1e
000.e
.
1e+
--2
1e+
-
000.e
1e
++1
000.e
1ee2
++1
1e
1ee2
0e
++1
+
000.e
1e
1e-
.
1.2.3
1.2.3
1e-
1e-
1e-
1e-
abc
e10
000.e
-
000.e
e10
1e
.
++1
abc
e10
1e-
000.e
.
abc
0e
.
e10
1.2.3
1e-
000.e
1.2.3
000.e
000.e
-
--2
--2
1e
+
1e
-
1ee2
000.e
000.e
1e+
1e
1.2.3
.
0e
1e-
.
1ee2
1e+
+
1e-
.
1e-
abc
--2
abc
1e-
--2
1e-
+
1e-
1ee2
0e
+
000.e
1e-
000.e
.
1ee2
1e-
1.2.3
--2
++1
e10
0e
1e-
++1
1e+
+
.
1e-
000.e
+
1e-
1e-
1ee2
-
1.2.3
abc
+
-
1e+
000.e
1e-
++1
+
1.2.3
1e-
1e+
+
1e+
1e
1e-
1e
1.2.3
1e
-
1e+
1ee2
abc
0e
abc
e10
.
1e-
1.2.3
1ee2
++1
abc
1.2.3
abc
000.e
e10
--2
+
1e+
1.2.3
e10
+
abc
1.2.3
e10
1ee2
-
++1
+
000.e
-
--2
.
.
e10
-
1e+
abc
0e
--2
1e-
000.e
1e
1e
1e+
.
e10
++1
++1
1e-
000.e
abc
1ee2
1.2.3
-
1ee2
0e
1e+
abc
1e-
.
1e-
+
abc
++1
+
--2
0e
-
.
e10
e10
000.e
abc
+
000.e
0e
--2
1ee2
1ee2
e10
--2
e10
1e
-
.
1.2.3
-
++1
0e
000.e
--2
-
1e+
++1
-
abc
1e+
1e-
-
abc
1e-
.
++1
1e-
1e-
++1
.
1e+
+
e10
++1
e10
.
1e-
++1
1e-
1e
1e-
+
e10
1e+
-
1e+
+
--2
1e+
.
-
0e
-
1e
+
-
1e-
1e
-
+
1e+
--2
1e
000.e
000.e
-
abc
++1
1e
1e-
0e
1.2.3
1e+
000.e
1e+
--2
1e+
-
0e
1e
1e-
1e-
e10
000.e
.
-
-
1e
1ee2
000.e
-
-
000.e
1ee2
e10
0e
000.e
1e
1e+
000.e
.
.
000.e
1ee2
000.e
--2
e10
1.2.3
1.2.3
0e
+
++1
1e-
.
1e
e10
1e+
0e
abc
0e
000.e
1e-
--2
--2
1e
-
1ee2
-
1.2.3
abc
--2
000.e
+
--2
.
0e
1e-
1.2.3
1e-
+
1e+
1e-
+
0e
.
000.e
.
1ee2
000.e
++1
1e-
-
abc
0e
1e
.
++1
1ee2
1e-
-
e10
abc
0e
0e
++1
abc
1e+
0e
e10
0e
1e
0e
000.e
+
000.e
+
1e-
e10
.
-
1.2.3
1e-
0e
1ee2
-
++1
.
abc
1e-
1ee2
0e
1e+
abc
1e
000.e
.
abc
000.e
1e
1e-
+
abc
.
++1
1e
1e+
1e-
e10
abc
--2
+
1e-
1.2.3
e10
000.e
1ee2
1e+
0e
+
++1
1e
1e
1e
+
0e
abc
++1
1e-
-
--2
1ee2
e10
1e+
1e
-
abc
1e-
+
e10
++1
--2
--2
e10
.
.
-
1e
.
1e+
++1
1e+
-
--2
--2
++1
--2
+
e10
1e+
1e+
+
1ee2
1e+
1e
1e-
e10
0e
1e+
e10
1.2.3
0e
0e
e10
+
.
abc
+
++1
1.2.3
1.2.3
++1
e10
-
1e-
1e-
000.e
000.e
1e
+
-
1e
1e+
abc
1e-
0e
abc
0e
1e+
.
1e
+
-
1e-
1e
abc
000.e
1e-
1.2.3
--2
1e
-
1.2.3
1e
.
-
abc
e10
1.2.3
0e
0e
--2
1.2.3
-
1e+
e10
++1
0e
++1
1ee2
000.e
1e-
e10
1e-
1e+
e10
000.e
--2
e10
e10
--2
e10
0e
1e-
1e+
1e
1e-
abc
000.e
1e-
0e
++1
.
1.2.3
++1
1e
1.2.3
.
0e
abc
0e
1e
1ee2
1e+
abc
1ee2
0e
--2
0e
0e
000.e
1.2.3
.
1ee2
000.e
++1
-
000.e
1e
.
-
--2
0e
abc
--2
abc
--2
0e
1e-
1.2.3
+
1ee2
++1
-
.
0e
1e+
--2
0e
++1
++1
++1
--2
--2
--2
--2
+
1.2.3
+
.
e10
abc
1.2.3
abc
++1
0e
1e
abc
1.2.3
1e-
abc
0e
e10
1e+
++1
+
1e
1.2.3
000.e
-
0e
0e
+
0e
+
e10
++1
abc
+
e10
1e
abc
1e+
abc
abc
1.2.3
1e+
--2
1ee2
e10
.
+
abc
0e
e10
abc
--2
-
abc
0e
1ee2
000.e
000.e
abc
e10
1e-
0e
abc
.
1e
--2
1.2.3
.
abc
e10
1e-
1ee2
e10
000.e
1ee2
--2
e10
+
000.e
000.e
--2
1e
+
1ee2
abc
.
.
000.e
++1
.
--2
e10
--2
1e-
1ee2
++1
1.2.3
++1
1ee2
.
1.2.3
1ee2
e10
1ee2
--2
1e-
e10
++1
1e+
--2
abc
1.2.3
1e+
++1
++1
000.e
1e-
-
-
1.2.3
0e
abc
e10
000.e
0e
1e
1e-
-
1e
+
1ee2
--2
1.2.3
1ee2
1ee2
1e+
1e
+
1e
e10
000.e
1e
--2
+
0e
0e
.
-
--2
1ee2
++1
1ee2
+
1e+
--2
.
1e-
--2
1e
e10
+
000.e
+
++1
-
-
e10
.
0e
abc
abc
--2
1.2.3
000.e
.
abc
1.2.3
1e+
1e+
1e+
1e-
abc
-
+
1e-
1.2.3
+
-
000.e
++1
1e-
e10
-
0e
1e
e10
1ee2
1.2.3
1.2.3
000.e
.
.
abc
e10
0e
1e+
e10
-
0e
--2
e10
1e-
1ee2
.
e10
--2
000.e
000.e
1ee2
.
--2
-
1ee2
++1
--2
e10
1.2.3
-
--2
abc
1.2.3
1ee2
1ee2
000.e
-
1e+
1e-
.
0e
abc
000.e
1e
000.e
1ee2
abc
1e-
000.e
1e+
--2
1ee2
1ee2
1e-
0e
1.2.3
1e+
--2
+
1ee2
-
1e+
+
.
+
0e
++1
.
1e-
++1
1e-
1e-
e10
-
1e
0e
--2
e10
1e-
1ee2
++1
+
+
1e+
1ee2
--2
1e+
0e
--2
1e+
1e
000.e
abc
1.2.3
1.2.3
1e
.
1e
.
0e
1e+
1.2.3
+
+
1ee2
+
1e-
-
1e+
1ee2
1e+
-
abc
abc
0e
--2
1e+
++1
-
1e+
++1
e10
++1
abc
e10
+
1ee2
1ee2
abc
e10
e10
0e
1e
1e-
000.e
+
1ee2
++1
1e
--2
0e
0e
+
.
e10
abc
0e
.
+
1e+
--2
0e
000.e
abc
000.e
1ee2
1.2.3
1e+
1e-
.
0e
abc
+
1e-
1ee2
1e-
-
-
--2
-
abc
000.e
--2
1e+
-
1e+
e10
.
--2
1.2.3
++1
1ee2
-
1ee2
000.e
+
1e-
+
abc
1e-
1e-
000.e
1ee2
e10
1.2.3
000.e
++1
1e-
.
.
0e
abc
1e-
e10
1e+
1ee2
1e+
.
1e+
0e
1e-
1ee2
.
--2
0e
e10
1e
-
1e
--2
1e
+
000.e
abc
1.2.3
000.e
1e
0e
--2
0e
-
.
1e
e10
e10
1e-
1ee2
1e-
-
.
0e
e10
e10
000.e
1e+
-
--2
abc
1.2.3
abc
abc
1.2.3
e10
1e-
1ee2
-
1.2.3
1ee2
1e
1e-
1ee2
1e-
--2
+
--2
1e
+
1.2.3
+
1e+
1e+
++1
0e
+
.
-
.
1.2.3
1e-
--2
-
1.2.3
e10
++1
.
1e-
--2
++1
1e
1e+
.
e10
e10
1e+
1e+
1e-
1e
abc
++1
++1
--2
0e
-
+
1.2.3
000.e
000.e
-
+
1.2.3
1e-
000.e
1.2.3
0e
-
++1
--2
1e
++1
abc
000.e
+
e10
--2
.
--2
+
1.2.3
.
000.e
1ee2
0e
1e+
e10
e10
1e
abc
1ee2
-
1e-
1e
0e
++1
+
1e
abc
1e+
1e
1e+
1e
--2
000.e
1.2.3
1e
.
1.2.3
abc
1e
+
e10
--2
abc
1ee2
1e+
--2
--2
1e+
1e+
1e+
+
++1
.
1e+
e10
1e-
1e+
--2
1e
-
1e-
-
.
abc
0e
1e-
.
-
.
-
000.e
1e+
abc
e10
1ee2
1e+
-
0e
1ee2
1e-
-
0e
e10
1e-
1e
.
+
e10
abc
1e-
abc
1e
0e
1ee2
1ee2
+
e10
+
++1
0e
+
--2
1.2.3
1.2.3
1e
1e
1e
.
e10
--2
1.2.3
++1
1ee2
1e+
1ee2
1e+
1e+
--2
abc
1e+
1e-
--2
1e
1e
--2
-
abc
--2
1e+
-
+
.
1ee2
abc
++1
0e
1e+
1e+
-
abc
1e-
0e
1ee2
.
--2
e10
1ee2
000.e
+
++1
000.e
.
-
000.e
1e+
--2
1e+
1e+
0e
0e
abc
abc
+
1ee2
abc
abc
+
.
abc
000.e
1e-
--2
--2
++1
1.2.3
abc
1ee2
abc
1ee2
1e+
000.e
++1
--2
-
+
abc
+
+
abc
--2
1e
1ee2
1e
.
0e
0e
1e-
1ee2
1e+
++1
1.2.3
0e
--2
1ee2
1e+
+
1e+
1e+
--2
000.e
0e
e10
1e+
--2
e10
1.2.3
1e-
0e
1ee2
1e+
-
1e-
0e
1e
1.2.3
1e
e10
1.2.3
+
--2
1e+
abc
1.2.3
abc
1.2.3
e10
.
000.e
.
.
0e
e10
++1
+
1.2.3
1.2.3
+
--2
++1
e10
1e-
1ee2
e10
0e
+
000.e
.
.
1.2.3
abc
1e+
1e+
.
+
e10
+
0e
e10
1ee2
++1
e10
e10
.
000.e
e10
1.2.3
abc
1e-
abc
1e+
000.e
--2
000.e
1e-
abc
-
1e+
++1
1e+
1e+
1ee2
1e-
e10
1e-
1e+
-
+
1ee2
abc
-
0e
.
--2
e10
1.2.3
1e+
1e
000.e
e10
1e-
0e
.
1ee2
e10
0e
000.e
e10
--2
.
1.2.3
.
1ee2
1ee2
+
--2
1ee2
0e
1e+
+
--2
1e-
e10
1ee2
1ee2
.
1e-
.
1.2.3
abc
1e-
.
1e-
.
1ee2
++1
++1
++1
abc
000.e
--2
e10
000.e
1e
-
0e
1.2.3
e10
000.e
1e
1ee2
1e
+
++1
1.2.3
-
1ee2
abc
1e-
.
+
1e
+
1ee2
1ee2
0e
1e-
000.e
+
.
+
1.2.3
1e
1e+
-
1e-
1.2.3
1e
++1
1e+
1.2.3
1e+
--2
+
.
1e
1.2.3
0e
abc
.
000.e
1e-
1e
++1
e10
-
e10
000.e
++1
000.e
-
abc
++1
abc
.
000.e
++1
.
-
1ee2
1e-
++1
-
.
1.2.3
--2
-
0e
1.2.3
000.e
+
-
1e
000.e
+
-
1e+
1e-
1.2.3
000.e
e10
abc
-
1ee2
0e
abc
1ee2
abc
0e
1e
e10
-
--2
1e+
.
0e
1e+
1e
-
1e+
1ee2
1ee2
1ee2
1e-
1.2.3
.
--2
1e
-
000.e
0e
+
1e-
-
++1
abc
1e-
1e
1e
--2
abc
.
1ee2
1ee2
1e-
1e
0e
0e
++1
+
+
1e
-
--2
++1
--2
++1
0e
1e
--2
0e
1ee2
--2
+
e10
e10
.
0e
1e-
1e+
-
1e
1e+
abc
abc
0e
+
--2
-
.
1e
000.e
--2
1e+
1.2.3
e10
1.2.3
1e+
e10
++1
1ee2
1e-
1ee2
1e
-
0e
1e-
abc
000.e
abc
--2
1e-
1e-
0e
e10
1e-
1e-
1.2.3
1ee2
++1
0e
-
000.e
.
1.2.3
1ee2
1e
+
++1
+
1e
--2
+
1.2.3
000.e
1ee2
1ee2
.
1e-
1ee2
+
.
1ee2
1e-
1e+
0e
1e
1ee2
0e
++1
.
+
+
1e-
000.e
-
++1
abc
e10
+
1.2.3
1ee2
1e-
--2
--2
1.2.3
000.e
1e-
1.2.3
1e-
1e
.
1e+
+
1e+
--2
e10
abc
--2
1e+
abc
1e-
1e
0e
-
abc
abc
1.2.3
--2
1.2.3
abc
0e
+
1e
1e
1e-
.
-
e10
.
abc
000.e
1e-
-
1ee2
abc
1.2.3
-
000.e
1e-
000.e
-
1e
1ee2
1ee2
1e
1.2.3
++1
+
.
1.2.3
000.e
1e+
1e-
-
1e
++1
.
+
1e+
e10
++1
--2
e10
++1
+
1e-
abc
1e-
.
1e-
.
000.e
.
0e
1.2.3
1e-
1e
+
abc
000.e
++1
1e+
1ee2
1ee2
1e+
--2
1e+
+
1e-
0e
e10
1e+
abc
e10
0e
.
1e+
-
0e
++1
1.2.3
++1
e10
+
1e+
.
1e+
1.2.3
-
1ee2
+
1.2.3
--2
--2
0e
1e-
e10
+
1e+
000.e
0e
--2
1e-
1e-
+
1.2.3
+
1e-
.
+
1e
1e+
.
000.e
abc
-
.
--2
0e
0e
1.2.3
.
1e
e10
.
++1
+
1e-
e10
++1
abc
++1
1ee2
-
1e+
++1
1e
e10
000.e
000.e
e10
1ee2
-
+
1e+
+
1e
--2
1e
1e+
e10
abc
+
0e
1e
.
0e
--2
e10
1.2.3
1ee2
1ee2
+
1ee2
e10
-
abc
0e
1ee2
++1
1ee2
1e-
-
0e
e10
000.e
1e
abc
1.2.3
.
000.e
1e
abc
abc
+
1e+
000.e
.
abc
-
e10
abc
.
1e+
--2
1e+
+
.
-
abc
-
1e+
e10
0e
1e
1ee2
1e-
.
--2
e10
e10
+
++1
--2
1e-
1ee2
-
0e
-
1.2.3
++1
+
1.2.3
-
abc
++1
1e-
+
++1
1ee2
1.2.3
1ee2
abc
.
e10
++1
.
0e
e10
0e
e10
1e+
--2
e10
000.e
1ee2
-
0e
+
1e+
+
-
1.2.3
e10
000.e
1e+
e10
--2
1e+
-
++1
e10
1e+
++1
e10
0e
e10
++1
1e+
1e+
e10
1ee2
.
1ee2
000.e
1e
0e
1ee2
1e-
+
1e-
e10
e10
++1
1ee2
-
1.2.3
abc
.
-
1e
e10
0e
0e
1e-
1e-
abc
.
-
0e
.
.
1e
1.2.3
e10
1ee2
1ee2
.
1e+
0e
1e-
000.e
-
1e+
000.e
1e
0e
.
abc
1e+
+
--2
e10
1e-
-
+
+
1e-
1e-
0e
.
1e
1ee2
-
1ee2
1ee2
000.e
1.2.3
000.e
+
-
++1
1.2.3
1.2.3
0e
abc
1.2.3
--2
1e
1e-
1.2.3
1.2.3
--2
1e
.
.
-
1.2.3
+
000.e
1ee2
.
1e-
1e-
.
-
1.2.3
1ee2
1e+
1e+
--2
1e+
+
+
.
1ee2
--2
1e-
1e-
+
1.2.3
000.e
-
1.2.3
.
1e+
1ee2
1.2.3
.
.
1ee2
1e
1e-
1e-
e10
1e+
1e-
1ee2
1e+
1e
abc
1e
+
-
e10
1e+
000.e
abc
-
e10
1.2.3
000.e
1ee2
abc
1ee2
1e-
-
+
+
+
e10
1e+
+
+
1.2.3
1.2.3
.
0e
--2
.
abc
-
1e
+
1e
1e+
1.2.3
-
--2
1e+
-
e10
--2
.
0e
.
--2
1e-
-
000.e
1e-
--2
1e-
abc
1e
-
abc
1.2.3
1.2.3
++1
--2
0e
e10
0e
1e+
abc
--2
e10
1e+
1e
0e
--2
++1
1e
1e
0e
+
1ee2
000.e
-
abc
1e
1e-
.
1e+
++1
000.e
000.e
1.2.3
1e
e10
0e
--2
1.2.3
e10
1ee2
.
000.e
abc
-
+
1ee2
-
000.e
.
1e
1ee2
e10
1ee2
+
1ee2
-
0e
1e
1.2.3
-
e10
+
1e
1.2.3
-
+
+
abc
1e-
1e
1.2.3
1.2.3
--2
+
-
1e+
1e+
0e
1e+
1ee2
e10
0e
.
1e+
1e-
1e+
.
+
0e
--2
000.e
1e-
1e+
1ee2
0e
++1
000.e
e10
+
.
1e
abc
1e-
+
000.e
++1
1ee2
1e
1e+
.
000.e
1e
1ee2
1ee2
--2
e10
e10
-
0e
000.e
000.e
1ee2
--2
1.2.3
1ee2
1.2.3
++1
--2
1ee2
e10
--2
.
1.2.3
++1
000.e
--2
+
e10
0e
abc
.
0e
1.2.3
000.e
-
--2
++1
1ee2
e10
e10
-
.
+
000.e
000.e
1e-
1ee2
1ee2
--2
1e
abc
1e+
-
e10
1e-
--2
abc
1.2.3
-
abc
abc
0e
-
+
abc
1e
e10
e10
-
1e
1e-
.
1.2.3
1e
e10
.
--2
1ee2
1e
++1
1e+
e10
1.2.3
1e
1e+
1.2.3
1e+
-
1e
1e-
abc
1e+
++1
e10
--2
--2
-
+
1.2.3
abc
++1
1ee2
000.e
abc
1e-
1e+
1e
++1
abc
+
1e+
0e
1ee2
1e
e10
1e
1e-
e10
e10
000.e
+
e10
1e-
-
000.e
+
1e+
-
e10
1e
1ee2
.
.
-
1e-
e10
++1
1e-
++1
1.2.3
1.2.3
1e
0e
000.e
--2
1e
1.2.3
1e
++1
abc
e10
1e
1e+
e10
1e-
.
++1
abc
1e
1e+
.
++1
000.e
+
.
+
0e
1.2.3
1ee2
0e
1e-
+
e10
++1
e10
1e+
-
0e
abc
-
1e+
++1
1e
abc
.
1e-
--2
1e+
-
e10
--2
--2
.
1e-
++1
++1
1e-
0e
.
e10
1e
000.e
000.e
000.e
1e+
--2
1e-
1e+
--2
++1
.
++1
--2
--2
1ee2
abc
1e-
+
e10
-
++1
-
1e
1e-
1ee2
1.2.3
abc
1.2.3
.
1e+
0e
+
++1
e10
1.2.3
+
1.2.3
--2
1e-
e10
-
1.2.3
abc
1e-
1e-
e10
-
1e-
abc
0e
0e
--2
e10
000.e
0e
1e+
1ee2
+
1e+
+
.
1e-
000.e
++1
abc
1e+
.
000.e
1e-
0e
1e+
e10
1ee2
1e-
.
1.2.3
+
++1
abc
++1
1e
abc
.
1e-
1ee2
abc
-
abc
abc
e10
+
+
1e+
1e+
.
0e
-
1e-
++1
++1
+
0e
1e
-
0e
1e+
1e-
000.e
+
++1
abc
1e
1e+
.
1e+
1e-
e10
1e+
e10
1e
-
-
+
1e
1e
1e+
++1
1ee2
1.2.3
abc
1e
000.e
abc
.
.
1e+
1e-
0e
e10
++1
1e
+
abc
1e
--2
000.e
1e-
+
1e-
1e
1.2.3
++1
.
1ee2
++1
+
.
++1
-
.
--2
1e
++1
000.e
abc
.
.
1.2.3
+
.
-
--2
1e+
1.2.3
abc
1.2.3
0e
.
000.e
++1
1e+
++1
0e
1e
.
e10
1e+
++1
0e
abc
e10
1e+
-
e10
1e-
.
.
++1
-
-
1e
.
1e-
000.e
.
.
1e-
e10
1ee2
1e+
++1
1.2.3
e10
1e-
++1
-
e10
++1
.
++1
1e-
1ee2
000.e
-
+
1e
1e
0e
e10
0e
.
0e
1.2.3
e10
+
+
1e+
++1
1ee2
e10
0e
-
.
1e-
.
1e-
1e+
000.e
abc
1e-
000.e
000.e
--2
1e
1e-
--2
0e
1.2.3
-
+
++1
abc
1ee2
1e-
000.e
1e
0e
1ee2
--2
abc
abc
0e
1e
-
1e+
++1
--2
--2
abc
abc
+
e10
+
0e
.
abc
e10
1ee2
1.2.3
.
++1
--2
000.e
000.e
0e
-
1.2.3
+
e10
abc
1e+
.
-
e10
1ee2
abc
abc
++1
-
--2
++1
1ee2
1e-
0e
+
++1
000.e
+
000.e
--2
1.2.3
1.2.3
+
0e
1.2.3
1e-
000.e
1.2.3
+
abc
1e
-
000.e
1e
.
000.e
1e+
000.e
-
1e-
1.2.3
1e
1e+
--2
-
e10
+
000.e
1e
1e
+
.
abc
1.2.3
--2
++1
e10
-
e10
1e+
1.2.3
--2
000.e
.
000.e
1e-
++1
+
000.e
1.2.3
+
1ee2
e10
+
abc
000.e
1e
.
+
1e+
0e
0e
1.2.3
.
1e-
--2
1e
000.e
-
++1
1ee2
1.2.3
1e+
0e
1ee2
1ee2
+
1ee2
+
.
abc
.
1ee2
1e
000.e
000.e
abc
++1
.
1e-
+
1.2.3
-
+
--2
+
1.2.3
1e-
1e-
1ee2
0e
1ee2
e10
1e
++1
1e-
-
e10
-
1e-
000.e
+
0e
1ee2
1ee2
1e
000.e
+
+
1e
++1
++1
1e+
--2
++1
++1
e10
0e
-
1e-
++1
1e+
e10
.
0e
1e
0e
1e
++1
1e
1ee2
-
++1
+
-
-
000.e
-
1e+
1.2.3
e10
1e
0e
e10
1ee2
--2
000.e
.
1e
+
000.e
+
0e
.
1ee2
1ee2
--2
++1
1e
1.2.3
1e
0e
1e-
1ee2
0e
0e
--2
0e
1.2.3
-
1ee2
1.2.3
1.2.3
++1
++1
-
abc
1e-
abc
1.2.3
1.2.3
1e+
000.e
+
++1
--2
1e+
abc
1.2.3
0e
+
e10
1e
1e-
.
1e+
1e-
e10
e10
0e
1e
1ee2
0e
0e
e10
-
+
1e+
1e+
e10
--2
1e
1e+
1e
1e
1.2.3
1e-
0e
--2
1e
--2
1.2.3
1e
+
1e
++1
.
--2
.
1e+
.
++1
1.2.3
--2
e10
++1
.
++1
1e
+
abc
1e
.
0e
1.2.3
-
--2
000.e
e10
-
abc
e10
+
+
e10
0e
.
1ee2
+
1ee2
000.e
1e
1.2.3
+
1e+
0e
e10
abc
1e-
abc
1.2.3
1e-
1e
e10
e10
1e-
1.2.3
+
+
1e+
0e
1e-
1.2.3
abc
1.2.3
1e-
--2
1.2.3
.
-
-
e10
++1
1e+
1e
e10
--2
+
1.2.3
0e
1e-
abc
0e
1ee2
--2
.
1e-
1e+
.
1.2.3
--2
++1
0e
1e
1e-
0e
000.e
1ee2
1e-
-
1e-
-
--2
0e
1.2.3
e10
1e+
1e+
--2
e10
++1
0e
000.e
1e-
.
--2
--2
abc
e10
e10
000.e
000.e
.
1e-
.
+
1.2.3
1.2.3
1e-
e10
--2
+
1e+
-
abc
.
-
.
.
+
1ee2
--2
++1
1e+
000.e
.
1e
1e-
++1
1e-
.
1ee2
e10
1ee2
++1
1e+
1ee2
++1
1ee2
1e-
e10
000.e
1e+
++1
000.e
1e-
1e-
1e-
e10
-
1e-
.
1e
000.e
0e
1e-
1e
abc
++1
1e+
1.2.3
1e-
1.2.3
1.2.3
.
0e
000.e
e10
++1
e10
1.2.3
e10
e10
1e+
000.e
e10
abc
-
.
1e+
-
.
++1
1e
1e-
.
000.e
0e
+
1e+
1e-
+
0e
e10
++1
1ee2
1e+
000.e
1ee2
1.2.3
-
1ee2
.
000.e
++1
1e+
++1
abc
abc
0e
0e
e10
1e+
0e
abc
-
1e-
1.2.3
-
1.2.3
-
1e
+
++1
e10
e10
0e
+
+
1e
1ee2
--2
--2
e10
abc
1.2.3
1e+
-
1e-
.
0e
0e
000.e
1e-
++1
0e
-
.
0e
1e-
+
0e
++1
1ee2
.
--2
.
1e
1e-
+
1ee2
000.e
1e+
1.2.3
1e
e10
1e
-
-
1e+
1.2.3
--2
0e
1e-
0e
++1
1ee2
1e
-
1e-
0e
0e
.
+
1e-
-
1e
1e+
0e
+
--2
.
1ee2
1e
--2
1ee2
1.2.3
1e-
e10
1e+
1e-
000.e
000.e
++1
0e
.
abc
abc
+
abc
--2
e10
e10
.
+
1e
++1
0e
.
.
1e+
0e
1e
1e
1ee2
--2
1e+
1.2.3
1e-
++1
0e
abc
e10
0e
1e
--2
0e
1e
.
1e+
--2
e10
abc
1e
--2
--2
.
.
1.2.3
0e
+
0e
-
0e
++1
abc
1e
--2
--2
++1
-
1e-
000.e
++1
++1
++1
abc
-
0e
--2
1.2.3
e10
e10
.
-
abc
1e-
+
1e+
++1
+
-
.
abc
e10
0e
--2
1e+
0e
++1
abc
--2
++1
1e-
1ee2
-
000.e
0e
1e+
1.2.3
++1
.
0e
.
+
0e
e10
000.e
abc
-
--2
abc
1ee2
0e
e10
1e-
abc
.
1e
.
-
0e
e10
abc
0e
1e
++1
-
0e
1e
1e
.
e10
+
--2
.
.
++1
e10
-
1e-
1ee2
0e
++1
0e
1e
-
.
1e-
++1
000.e
1ee2
++1
.
1e
e10
0e
1e+
--2
0e
+
0e
1e-
--2
0e
0e
.
.
1.2.3
1.2.3
-
+
abc
000.e
1.2.3
1e
.
+
abc
1.2.3
e10
1e+
--2
000.e
000.e
e10
++1
+
1ee2
++1
1e+
+
1e
.
abc
1e-
.
1e+
--2
1.2.3
1e-
.
1.2.3
1.2.3
1.2.3
+
1e+
1e-
abc
000.e
++1
.
e10
1.2.3
-
1e
1e+
000.e
++1
0e
1e
1e-
+
++1
+
--2
e10
-
1e
0e
-
0e
1e
e10
+
0e
0e
.
1e-
1.2.3
1e+
000.e
1e+
--2
-
-
--2
1e+
--2
1e+
+
1.2.3
1e+
--2
++1
1e+
1ee2
+
--2
0e
1.2.3
0e
1e-
++1
1.2.3
1e+
1e-
--2
++1
.
1e+
.
.
.
1ee2
e10
abc
1ee2
0e
000.e
--2
1e-
++1
1e+
+
--2
e10
++1
1ee2
.
1e-
1e
1.2.3
1.2.3
abc
e10
1ee2
0e
000.e
1e+
000.e
1ee2
++1
abc
++1
000.e
1.2.3
.
1.2.3
++1
1ee2
+
e10
++1
1e+
1ee2
abc
0e
0e
1ee2
0e
1e
abc
++1
++1
1.2.3
++1
++1
abc
+
.
000.e
.
1ee2
e10
0e
e10
1e-
1e-
000.e
-
abc
++1
++1
1ee2
abc
.
-
--2
000.e
1ee2
0e
0e
e10
1e-
1ee2
e10
+
++1
.
1e+
0e
++1
1e-
e10
-
+
+
000.e
1ee2
e10
1e
1e+
+
+
++1
++1
1.2.3
0e
e10
--2
-
1e+
--2
1e+
0e
1e+
++1
.
1ee2
0e
abc
abc
-
1e+
1.2.3
1ee2
1ee2
e10
1ee2
1e+
+
.
1e-
e10
.
1e
1.2.3
1.2.3
e10
e10
abc
000.e
.
1e+
-
1ee2
++1
1e-
.
0e
1e+
1e+
e10
1ee2
abc
0e
1.2.3
.
0e
-
-
abc
0e
--2
1.2.3
1.2.3
+
1e+
000.e
+
0e
e10
1e
--2
+
000.e
+
e10
1.2.3
1ee2
abc
--2
.
.
000.e
abc
abc
000.e
abc
0e
abc
1e+
0e
-
+
1e+
abc
1e+
0e
1e+
++1
abc
1e-
1.2.3
1ee2
0e
e10
e10
.
++1
1.2.3
000.e
0e
-
1e-
1.2.3
1e+
abc
1e
abc
+
++1
.
--2
-
e10
000.e
+
+
-
1e
1e-
++1
++1
-
1ee2
000.e
1e
e10
1ee2
.
1ee2
--2
--2
--2
1e+
--2
0e
.
1ee2
1e+
1e+
1e-
+
1ee2
-
-
1e+
000.e
1.2.3
1e
000.e
000.e
+
-
e10
+
1e-
.
0e
++1
.
1.2.3
++1
0e
++1
e10
1.2.3
++1
++1
abc
1e-
e10
1e+
++1
1e+
1ee2
e10
--2
1ee2
abc
e10
.
1.2.3
-
000.e
0e
-
.
1e
1e
+
+
1e-
.
.
1.2.3
+
--2
.
1e-
+
-
abc
+
--2
1e+
1e+
abc
0e
000.e
1e-
1e
000.e
.
1e+
1e
0e
abc
1e-
0e
1.2.3
1.2.3
++1
1e
--2
000.e
-
--2
1.2.3
+
abc
0e
e10
++1
e10
1.2.3
.
1e+
000.e
--2
000.e
0e
1e+
1e
++1
++1
e10
1.2.3
1e-
.
--2
1.2.3
1.2.3
1e+
--2
abc
abc
e10
abc
.
--2
--2
1ee2
1e-
e10
++1
+
abc
-
--2
abc
1.2.3
abc
-
1e-
0e
0e
0e
abc
-
0e
1e-
000.e
1ee2
0e
000.e
abc
0e
+
-
1e-
000.e
000.e
-
-
1e+
1e
1ee2
--2
++1
0e
--2
e10
1.2.3
-
e10
e10
+
.
+
0e
1.2.3
1e
000.e
1.2.3
1ee2
abc
e10
+
1e
1e
e10
abc
000.e
+
--2
.
+
1e+
++1
--2
000.e
0e
1.2.3
.
--2
000.e
+
.
--2
0e
000.e
0e
1e-
e10
000.e
.
1e
--2
abc
1e+
1ee2
0e
000.e
0e
-
0e
--2
++1
1e
1.2.3
1e-
1.2.3
.
+
-
++1
+
1e
000.e
++1
1.2.3
1.2.3
1e-
e10
-
1e-
0e
e10
1e
1e
1e-
0e
1e+
000.e
1.2.3
+
1.2.3
e10
e10
1e+
.
e10
1e-
1e
e10
++1
1e
--2
-
+
e10
1ee2
--2
000.e
abc
++1
-
1.2.3
1e+
abc
e10
--2
+
1e-
.
-
1e+
abc
1e+
1ee2
++1
abc
1e-
1e+
0e
--2
1ee2
+
+
e10
e10
1.2.3
--2
1.2.3
-
0e
000.e
abc
1e-
--2
-
--2
1.2.3
1.2.3
1ee2
000.e
e10
000.e
1e-
.
+
1ee2
1ee2
--2
1.2.3
+
abc
1.2.3
.
1e-
0e
1e
1ee2
--2
.
000.e
abc
1e+
1ee2
++1
--2
1.2.3
++1
-
1e
000.e
1e-
-
000.e
++1
1e
1ee2
1e+
1e-
1e
1.2.3
e10
e10
0e
+
1e
1e+
1e-
1.2.3
1ee2
1e+
.
1e-
1ee2
++1
+
.
1ee2
.
1.2.3
+
0e
.
e10
1e-
++1
e10
1.2.3
e10
.
.
abc
+
e10
-
abc
1.2.3
1e
1.2.3
.
1.2.3
1e
1e-
1.2.3
abc
--2
1.2.3
.
1e
abc
000.e
-
abc
1e
1.2.3
000.e
-
+
--2
--2
++1
e10
000.e
1e-
.
1e+
1ee2
abc
abc
.
+
000.e
--2
.
e10
1.2.3
abc
-
1ee2
1ee2
--2
.
e10
e10
1e+
000.e
abc
1e-
1ee2
--2
+
000.e
++1
1.2.3
-
-
++1
1e-
--2
+
1e
1.2.3
1ee2
++1
0e
1e+
1e-
.
+
-
-
++1
-
1.2.3
000.e
-
000.e
--2
.
1e
1e-
000.e
1e
--2
.
0e
.
000.e
1e
+
-
1e
0e
0e
+
abc
1e+
1.2.3
1ee2
1.2.3
1e-
1e+
1.2.3
1.2.3
1e
1e
e10
abc
--2
+
e10
e10
+
1ee2
e10
e10
1.2.3
+
-
++1
1ee2
1ee2
1e
1e
+
e10
abc
.
1.2.3
abc
-
++1
1e-
000.e
0e
--2
abc
1.2.3
++1
1.2.3
1ee2
.
-
.
e10
-
abc
1.2.3
++1
1.2.3
.
1e-
1ee2
-
1e-
++1
1e-
.
-
++1
-
1e+
e10
1e-
1ee2
.
+
1.2.3
1.2.3
e10
000.e
--2
1.2.3
e10
++1
e10
0e
.
abc
1ee2
000.e
e10
--2
.
+
.
1ee2
abc
--2
1e+
000.e
--2
++1
1e
+
1e-
abc
++1
.
1.2.3
1e+
-
1e-
1e
.
e10
.
1e
1ee2
1.2.3
++1
e10
-
1e
++1
e10
+
-
+
e10
000.e
abc
++1
000.e
e10
0e
--2
1ee2
e10
-
000.e
000.e
++1
1e-
1.2.3
1e+
abc
abc
e10
abc
.
1.2.3
.
.
1ee2
abc
000.e
1e
-
0e
--2
1e+
+
-
e10
1.2.3
.
e10
1e+
--2
0e
--2
++1
1ee2
1e-
1e
+
1ee2
0e
1.2.3
abc
.
.
--2
1ee2
.
abc
1e-
1e-
000.e
--2
1ee2
-
1e+
1ee2
--2
e10
e10
0e
1.2.3
++1
1e
1.2.3
0e
e10
-
+
1.2.3
0e
0e
1e-
1.2.3
.
1.2.3
.
1.2.3
1e
000.e
000.e
++1
+
--2
000.e
1.2.3
1.2.3
-
+
-
++1
0e
.
1e
--2
e10
000.e
e10
0e
0e
--2
1e-
-
e10
-
000.e
-
++1
1.2.3
1e
-
+
1e+
000.e
1e+
.
1.2.3
1e-
--2
.
--2
1ee2
1ee2
--2
.
.
++1
e10
0e
1e-
.
0e
1e
++1
.
1.2.3
++1
.
.
1e
000.e
--2
abc
++1
1e+
1e
-
abc
++1
--2
.
0e
-
abc
1e
1.2.3
.
1e
1.2.3
1ee2
e10
++1
--2
1e
1.2.3
1e+
000.e
+
e10
1.2.3
1.2.3
e10
abc
--2
+
000.e
--2
-
.
1e
1.2.3
e10
1.2.3
e10
.
1e+
1e
e10
++1
++1
e10
1e
0e
000.e
1e+
1e-
1e
abc
0e
1e+
1e+
1.2.3
-
1e+
+
000.e
000.e
1.2.3
--2
1e-
--2
.
abc
abc
1.2.3
e10
1e
1e
--2
0e
e10
.
++1
1.2.3
abc
0e
+
+
1e+
1e
1ee2
000.e
.
1.2.3
1e-
1.2.3
-
0e
--2
.
abc
0e
--2
+
++1
0e
-
1ee2
1.2.3
000.e
++1
1ee2
1e
000.e
-
1e
1ee2
++1
1ee2
1e-
e10
1e+
1ee2
--2
.
abc
++1
1e-
000.e
1ee2
0e
abc
+
.
1ee2
0e
-
++1
1.2.3
-
1ee2
e10
1ee2
-
1ee2
--2
0e
+
abc
e10
1e-
1e-
++1
++1
0e
1e+
e10
-
000.e
--2
.
0e
e10
--2
--2
000.e
e10
1e-
--2
1e
0e
--2
e10
1e-
000.e
-
+
abc
e10
e10
000.e
1.2.3
1e-
--2
-
e10
1ee2
++1
000.e
1.2.3
1.2.3
1e+
1e
1e+
+
1e
1.2.3
++1
000.e
abc
1e
1e-
1ee2
--2
++1
1.2.3
1.2.3
1.2.3
0e
1e-
1ee2
+
1e+
-
++1
1e+
--2
0e
.
1.2.3
e10
-
e10
1.2.3
+
1e+
1ee2
-
1e
+
.
1e-
1e
+
-
e10
--2
-
1.2.3
000.e
1e
abc
.
1e
abc
1ee2
abc
1e-
++1
+
abc
e10
.
-
000.e
1e-
1e+
000.e
1e-
abc
e10
-
1.2.3
++1
+
+
e10
1e-
1.2.3
--2
abc
abc
000.e
1.2.3
1.2.3
1e+
--2
0e
0e
1.2.3
++1
1ee2
++1
-
.
1e-
--2
000.e
1e-
1.2.3
1e
e10
-
+
1e+
-
abc
--2
++1
-
1.2.3
000.e
-
.
e10
abc
+
1ee2
++1
1.2.3
++1
+
1e
1e-
e10
1.2.3
1e
abc
abc
1ee2
1e+
+
000.e
--2
--2
1e-
e10
1.2.3
++1
abc
1ee2
-
1e-
--2
-
++1
1e-
0e
--2
1e-
0e
1e+
--2
0e
--2
++1
++1
-
e10
-
1.2.3
0e
000.e
-
abc
++1
abc
+
1e+
.
1ee2
-
1.2.3
1.2.3
--2
e10
0e
1.2.3
1e
++1
+
1e-
1e+
++1
abc
++1
++1
000.e
e10
0e
++1
.
1e-
.
000.e
1ee2
-
000.e
e10
--2
1e
1.2.3
-
1e-
abc
000.e
1e
0e
0e
1.2.3
1e
1.2.3
abc
-
abc
1e-
+
abc
1e-
e10
1ee2
0e
e10
1e-
++1
.
1.2.3
++1
1e+
-
000.e
abc
0e
e10
-
-
--2
.
.
.
0e
abc
0e
-
000.e
1e
1e-
++1
.
.
+
1.2.3
abc
000.e
000.e
++1
--2
e10
1e-
e10
1e-
0e
0e
0e
e10
-
1e-
1.2.3
-
1.2.3
1.2.3
1ee2
1.2.3
e10
1e
1e-
1e-
abc
--2
.
1.2.3
1ee2
--2
--2
-
.
.
+
1.2.3
000.e
1e-
e10
.
-
.
++1
1e
e10
1e+
1ee2
--2
-
abc
abc
+
++1
1e+
.
1e-
1ee2
1e
1e-
1e+
1e-
1e
+
-
+
+
1e
e10
--2
.
1e-
+
-
1.2.3
e10
0e
++1
-
abc
1e
++1
1e
000.e
e10
e10
+
++1
+
0e
1ee2
--2
.
++1
++1
000.e
0e
++1
--2
1.2.3
abc
-
1e
.
1.2.3
--2
0e
--2
e10
.
--2
-
1e-
abc
1.2.3
++1
1e
++1
000.e
--2
--2
+
e10
.
++1
000.e
+
000.e
000.e
.
--2
1.2.3
+
abc
1.2.3
.
+
000.e
abc
1e
1.2.3
+
+
++1
-
--2
1e+
1e-
--2
1e-
1e+
000.e
000.e
abc
1e+
-
1.2.3
e10
--2
++1
1ee2
1e-
1e
1ee2
1.2.3
1.2.3
++1
000.e
1ee2
-
1e
1.2.3
1e-
000.e
1ee2
1ee2
1ee2
1.2.3
0e
++1
.
e10
-
1.2.3
0e
abc
0e
e10
1.2.3
.
.
0e
0e
1e+
++1
+
1e
.
+
+
++1
-
0e
abc
-
1ee2
--2
abc
e10
0e
1e+
1e+
++1
e10
1ee2
e10
1ee2
.
e10
1e-
-
1e+
1ee2
abc
.
++1
e10
+
1e-
0e
1e-
--2
1.2.3
--2
abc
++1
+
000.e
.
--2
.
--2
--2
1e+
abc
000.e
++1
0e
e10
1ee2
--2
1e+
1.2.3
1e+
1.2.3
0e
1e
++1
.
--2
0e
1e-
+
1.2.3
1ee2
1.2.3
e10
1.2.3
1e
1e
abc
1e+
1e
--2
000.e
abc
--2
000.e
1.2.3
1e
000.e
++1
1e+
+
000.e
--2
e10
.
+
+
0e
-
000.e
abc
1e
abc
1e+
+
--2
e10
-
1e-
abc
1e+
0e
1e
.
1e-
-
1e-
++1
000.e
1e+
1ee2
.
1ee2
0e
1.2.3
.
.
1.2.3
0e
e10
+
.
1e
000.e
--2
abc
0e
.
1e+
.
+
abc
abc
++1
++1
1e+
+
e10
-
abc
--2
--2
+
1e
abc
000.e
1e
-
-
e10
1ee2
-
.
1.2.3
1e+
1e-
000.e
--2
++1
--2
++1
--2
-
1e
1e-
--2
abc
0e
e10
+
1ee2
1.2.3
1e
-
--2
++1
1e-
1e-
1e-
1e+
.
.
--2
1e-
+
abc
abc
1e-
000.e
abc
1e-
000.e
000.e
000.e
1e
++1
++1
+
+
1e
--2
000.e
.
1ee2
1ee2
1ee2
abc
1e
1e+
1e-
1e+
--2
000.e
++1
1.2.3
e10
.
1ee2
-
1e+
-
000.e
++1
1e
000.e
+
000.e
-
1e+
1.2.3
1ee2
1e
0e
e10
e10
000.e
1e+
1e-
1e
-
--2
e10
++1
.
000.e
1ee2
000.e
++1
1ee2
+
1ee2
000.e
1.2.3
1e-
1e-
-
++1
1e-
e10
1e
0e
abc
000.e
000.e
++1
000.e
.
1ee2
0e
000.e
1e-
1e+
.
1e-
++1
1e-
++1
++1
1ee2
1.2.3
++1
.
1.2.3
abc
1e+
-
0e
1e
abc
0e
.
e10
1ee2
--2
+
+
+
-
-
.
0e
-
1.2.3
1e-
0e
1e-
1e+
++1
e10
0e
1ee2
1e-
e10
+
abc
1.2.3
--2
.
000.e
1e
1e-
-
1e-
++1
.
000.e
++1
e10
abc
1e+
.
--2
0e
-
1.2.3
000.e
0e
-
++1
1e
++1
-
000.e
1ee2
+
0e
1e
1e+
1e-
e10
1.2.3
+
1.2.3
e10
1ee2
abc
.
1ee2
--2
--2
1ee2
abc
1e
+
++1
+
0e
0e
1e+
1.2.3
1.2.3
000.e
1e
e10
1e
abc
0e
1ee2
1.2.3
+
000.e
0e
1e
000.e
1ee2
e10
.
--2
++1
1.2.3
--2
+
0e
1e
e10
--2
000.e
1e
--2
++1
-
abc
0e
--2
1ee2
000.e
e10
-
000.e
0e
--2
+
1e-
.
1e+
000.e
1e-
abc
--2
1e-
++1
.
e10
1e
0e
1e-
+
abc
+
abc
.
.
1e+
1e
1.2.3
0e
-
e10
+
abc
1e+
e10
+
-
-
.
1e
1e-
1e-
++1
abc
1.2.3
000.e
1e
1e
--2
+
.
.
1.2.3
1e
1e-
1e-
0e
1ee2
+
--2
abc
e10
1e
1.2.3
1e+
1e
-
+
1e-
1.2.3
abc
e10
.
e10
++1
.
1e
-
-
1e
-
1e
1.2.3
--2
++1
+
1e-
000.e
++1
--2
-
--2
1ee2
e10
-
e10
1e+
1e+
1e+
--2
1e-
1e+
1.2.3
++1
-
++1
1e-
e10
0e
1e
-
++1
1e
0e
0e
e10
1ee2
--2
1.2.3
1e
-
.
1e
1.2.3
1e
1e-
e10
1ee2
--2
1e
1.2.3
1e+
+
1e-
abc
0e
e10
e10
++1
--2
e10
0e
++1
1e
+
+
1ee2
0e
1e+
1ee2
1ee2
--2
0e
1e-
1ee2
-
++1
0e
e10
1e+
--2
-
.
1.2.3
-
1e-
0e
++1
.
000.e
1ee2
--2
+
++1
000.e
--2
--2
e10
--2
+
1ee2
1e
000.e
1e-
--2
1e+
1ee2
1e
0e
++1
1e+
--2
abc
e10
++1
1e-
1e-
0e
1e
+
.
0e
e10
1e+
-
1e
1e-
++1
1e+
1e+
abc
--2
0e
e10
1e+
.
1ee2
1e+
++1
1e-
1.2.3
+
abc
1e+
1.2.3
--2
1.2.3
000.e
1e
--2
1ee2
1e
abc
000.e
1e-
1e
+
000.e
+
0e
++1
abc
1e+
1e+
-
--2
++1
000.e
+
e10
0e
++1
0e
1e
1.2.3
1e
.
--2
1e-
0e
1e-
abc
.
abc
1.2.3
0e
+
1e-
+
e10
-
-
--2
--2
-
1.2.3
000.e
1e+
000.e
1e+
+
1e
1e-
+
1e-
000.e
1e
-
abc
e10
1e-
1e+
1.2.3
1e+
1ee2
-
1e-
000.e
+
+
+
1.2.3
1e-
.
1ee2
abc
000.e
--2
1e
1e
e10
000.e
-
-
++1
-
000.e
--2
1.2.3
-
++1
000.e
1e+
--2
0e
++1
-
1e
+
e10
0e
+
1e
-
--2
.
abc
1.2.3
-
000.e
1.2.3
.
e10
--2
1.2.3
1e+
0e
1e-
++1
1e
1.2.3
abc
1e
++1
000.e
.
-
1e
1e
+
1e
1.2.3
--2
1.2.3
abc
--2
1e
1e
abc
+
--2
1.2.3
-
++1
-
1ee2
1.2.3
++1
+
0e
+
-
-
1ee2
-
e10
+
++1
--2
1ee2
1e+
++1
abc
.
e10
.
.
abc
1.2.3
0e
-
-
.
1e+
--2
e10
1.2.3
+
1e+
1e
--2
abc
+
0e
-
--2
0e
++1
000.e
e10
abc
e10
1e
e10
000.e
000.e
e10
++1
e10
1e+
0e
1e-
000.e
--2
--2
1.2.3
--2
+
1e+
000.e
1.2.3
.
1e-
+
000.e
1.2.3
1.2.3
-
000.e
-
abc
++1
1e-
1.2.3
1ee2
1.2.3
-
1e
.
-
.
000.e
0e
e10
abc
1e-
1.2.3
000.e
1e
abc
-
+
1.2.3
.
000.e
1ee2
1.2.3
1e
000.e
000.e
--2
1e
++1
1e+
+
abc
e10
-
-
1e-
-
.
.
1e
--2
1e
000.e
1e-
abc
-
1.2.3
-
1.2.3
0e
abc
++1
++1
1e+
0e
-
1ee2
.
000.e
1ee2
abc
.
e10
abc
++1
++1
1e
1e-
1e+
1.2.3
-
++1
1e
1e+
1.2.3
e10
-
e10
abc
++1
1ee2
e10
e10
000.e
+
++1
--2
1e+
1e-
.
.
--2
1e
e10
--2
1.2.3
e10
abc
1e
000.e
0e
abc
1ee2
1e-
0e
.
+
+
-
0e
++1
--2
1ee2
1e+
1e
++1
1e-
0e
1ee2
--2
1e-
1.2.3
1ee2
1e
1ee2
0e
e10
1.2.3
--2
1ee2
000.e
--2
000.e
--2
1ee2
0e
0e
1ee2
000.e
-
e10
+
1ee2
.
0e
--2
+
1ee2
1e-
-
1e+
.
1ee2
.
e10
e10
abc
abc
+
.
000.e
--2
++1
000.e
--2
-
.
+
0e
e10
abc
.
1e-
.
--2
++1
1.2.3
-
-
--2
1e+
000.e
-
1e-
1ee2
1e+
-
1e+
.
1.2.3
+
.
0e
.
-
1e
-
.
e10
000.e
1.2.3
1.2.3
1e-
1e+
++1
1ee2
+
e10
1e+
1e
000.e
000.e
1e+
1e-
1e+
1e
1.2.3
.
1.2.3
++1
1e
-
1.2.3
abc
e10
1e-
+
--2
--2
++1
abc
.
1ee2
--2
0e
1ee2
1e+
1e-
000.e
.
0e
1.2.3
-
-
e10
1e+
1.2.3
1ee2
-
1e+
1.2.3
1e
++1
++1
1e-
--2
000.e
1ee2
0e
000.e
e10
1e-
1.2.3
000.e
e10
1e
++1
+
abc
.
1ee2
1e
1.2.3
1e
1ee2
1e
1ee2
1e
1e-
++1
0e
abc
000.e
abc
++1
1.2.3
e10
++1
e10
1e+
abc
0e
.
1.2.3
--2
++1
1e-
1e
e10
+
e10
1e+
abc
--2
1ee2
1ee2
++1
+
1ee2
1e-
e10
-
e10
000.e
+
000.e
e10
abc
-
1ee2
e10
+
+
1e
000.e
1e
.
1e+
1ee2
0e
1e-
e10
+
--2
+
000.e
-
1ee2
0e
--2
1ee2
1e+
1.2.3
-
++1
+
1e+
1ee2
1e
000.e
.
abc
1ee2
-
+
++1
0e
1e
1ee2
abc
0e
+
.
--2
.
1e+
e10
1e
1.2.3
1e+
abc
1e-
--2
1e
-
e10
0e
1e
e10
0e
1e
++1
1e-
1e
-
1e
++1
1e-
+
e10
abc
--2
.
--2
abc
.
1.2.3
1e-
++1
0e
e10
000.e
-
000.e
.
--2
-
e10
1e-
1ee2
--2
--2
--2
--2
.
.
-
1e-
-
1e-
1ee2
0e
.
-
-
1e+
abc
0e
000.e
e10
+
1e
1e+
e10
1e+
--2
1.2.3
++1
abc
--2
1ee2
000.e
1.2.3
000.e
1e+
-
000.e
-
1e-
abc
-
1.2.3
++1
1e+
abc
.
000.e
1e+
0e
1e
+
abc
1e+
1ee2
0e
--2
1e-
--2
1.2.3
1.2.3
abc
+
1ee2
-
1ee2
-
1e
e10
1e+
1e-
-
e10
abc
1.2.3
+
000.e
1ee2
1.2.3
1e
000.e
000.e
-
-
1e
0e
1e-
0e
-
000.e
e10
000.e
000.e
++1
1.2.3
.
1e-
--2
+
1e+
1ee2
-
1e-
+
.
1e-
--2
1ee2
++1
++1
--2
-
abc
1.2.3
--2
1ee2
1e+
1e+
1ee2
0e
000.e
1.2.3
.
1ee2
.
1ee2
-
1e-
--2
0e
1e
abc
++1
1.2.3
+
++1
-
+
1ee2
1e
--2
1e
000.e
--2
1e
--2
0e
.
1.2.3
0e
1e-
--2
000.e
0e
000.e
1e-
--2
abc
1ee2
1.2.3
.
.
.
abc
--2
--2
1.2.3
1e+
.
0e
-
-
++1
000.e
1e+
-
000.e
1.2.3
--2
e10
.
++1
--2
.
--2
1e-
--2
1e
000.e
000.e
-
+
1e-
1e
1ee2
.
abc
e10
1e+
000.e
++1
e10
e10
abc
-
e10
+
1e
-
1e
1e-
1e-
.
1ee2
-
+
-
1e+
.
000.e
e10
-
++1
++1
1e-
+
0e
000.e
.
1e-
1ee2
--2
1e+
000.e
.
--2
+
1.2.3
0e
1ee2
1e+
1e
1e-
000.e
1e
0e
.
-
+
0e
e10
000.e
abc
1ee2
1e
e10
1.2.3
1e+
abc
--2
1e+
000.e
--2
--2
1e-
1e-
--2
1e-
++1
e10
1.2.3
-
000.e
1e+
+
0e
.
--2
1e-
1ee2
e10
1e
1e-
abc
000.e
+
+
+
1.2.3
++1
-
--2
e10
1ee2
1ee2
1e-
+
1.2.3
--2
1.2.3
1e
1e
0e
abc
+
000.e
-
1e
-
--2
+
1e+
000.e
--2
1.2.3
.
1e-
++1
+
1e
1e-
1ee2
--2
-
000.e
-
abc
++1
.
-
+
1e
--2
1e
0e
--2
.
++1
abc
1ee2
-
1e
0e
1.2.3
000.e
1e
0e
+
.
.
+
0e
e10
++1
1e
abc
1e
0e
-
1e
+
0e
--2
1e-
+
000.e
1e
1e+
+
1ee2
1e
1.2.3
abc
+
++1
0e
+
000.e
+
1e
000.e
1e+
1e+
1e-
1e-
1e-
+
e10
e10
++1
-
++1
-
e10
000.e
-
1.2.3
000.e
++1
.
0e
1e-
+
1e
++1
1ee2
1e+
0e
--2
1e-
1ee2
-
000.e
++1
.
e10
.
e10
e10
1e-
.
-
1e-
1e
000.e
1.2.3
000.e
1e
1ee2
1e
1e
e10
1ee2
e10
-
e10
++1
--2
++1
1e-
++1
+
abc
1e+
.
+
1e-
1e+
1.2.3
--2
-
e10
0e
1e
0e
1e
-
++1
++1
1e-
000.e
1e-
abc
000.e
e10
e10
1e
+
.
e10
.
abc
1e+
1e+
+
0e
1e
--2
1e-
e10
1e
++1
++1
.
.
1e+
1e-
1e-
e10
1.2.3
0e
0e
.
1e-
-
1e
0e
1ee2
--2
1ee2
--2
1.2.3
0e
--2
.
--2
1e-
-
++1
1.2.3
e10
1e+
1ee2
000.e
e10
+
0e
++1
++1
000.e
e10
0e
e10
abc
abc
+
1e-
1e+
++1
--2
000.e
000.e
0e
e10
-
.
+
1.2.3
1e
1.2.3
++1
.
1ee2
--2
e10
000.e
--2
1e-
0e
--2
+
e10
e10
e10
-
1e+
e10
000.e
1e+
e10
.
+
1e-
1e-
1e+
0e
--2
--2
++1
--2
-
abc
1e-
--2
.
1e-
1e
1.2.3
-
-
e10
-
+
1ee2
++1
1ee2
e10
e10
abc
1e+
+
+
1e+
1e-
1e
1.2.3
abc
000.e
+
++1
-
1e
abc
.
1e-
++1
abc
-
0e
000.e
0e
0e
1e-
0e
--2
--2
e10
1ee2
++1
e10
1e-
1e+
1e-
--2
1.2.3
+
e10
1.2.3
++1
++1
abc
0e
--2
+
000.e
e10
000.e
--2
1e
1e
1e-
e10
e10
1e+
1e+
1.2.3
1.2.3
e10
1e-
abc
++1
0e
1ee2
1e
+
1.2.3
+
e10
.
++1
1.2.3
e10
abc
1.2.3
1ee2
.
+
abc
-
abc
-
++1
1e
e10
0e
1e
--2
--2
1e
-
000.e
+
1e-
-
abc
1.2.3
--2
1.2.3
++1
1ee2
-
0e
1e
abc
+
000.e
--2
--2
1e+
1ee2
000.e
1ee2
.
1ee2
.
e10
1ee2
1e-
+
+
1.2.3
abc
1e-
++1
1e
1.2.3
.
abc
e10
.
abc
1ee2
1e-
++1
000.e
1e-
0e
000.e
1e
0e
1.2.3
1ee2
--2
++1
.
abc
1.2.3
1.2.3
1ee2
+
1ee2
1e+
1ee2
.
+
++1
++1
e10
1e-
1e+
--2
abc
1ee2
e10
0e
abc
0e
1e
1e-
1e+
1e-
abc
1e+
++1
abc
000.e
abc
++1
1e+
1.2.3
1ee2
1ee2
abc
1e+
--2
1ee2
0e
1e-
.
--2
e10
-
++1
--2
++1
--2
1.2.3
++1
1e
1e-
1e+
e10
++1
0e
++1
--2
1ee2
++1
1e-
1e
++1
++1
1.2.3
0e
1e+
+
abc
e10
1.2.3
1ee2
e10
--2
+
1ee2
-
1e
e10
abc
1e-
--2
abc
.
+
.
1.2.3
1e+
.
1e-
1e
1ee2
abc
1e-
e10
1ee2
-
0e
-
abc
abc
1.2.3
1e+
0e
1e-
1e+
-
1.2.3
1.2.3
1e-
++1
+
1.2.3
0e
--2
-
++1
abc
-
1e
+
+
0e
000.e
-
1e-
1e+
1ee2
1.2.3
e10
--2
++1
1e-
abc
1e
1e-
1e
0e
e10
000.e
-
1e
e10
+
abc
1e+
1.2.3
1e+
1ee2
1e+
.
0e
1e
1.2.3
+
e10
0e
+
0e
++1
1ee2
1e+
000.e
abc
++1
0e
1.2.3
.
abc
++1
-
1e-
1e-
0e
e10
++1
000.e
--2
.
--2
abc
1e
1.2.3
0e
1.2.3
1e+
.
abc
0e
1e+
1e-
abc
000.e
1e-
+
++1
.
000.e
-
1e-
1.2.3
1e
e10
1e
1e
1e
--2
e10
++1
1e+
+
1e
1.2.3
+
000.e
e10
--2
1e+
1e
.
-
0e
+
1e-
1ee2
+
--2
abc
e10
000.e
abc
1.2.3
+
1e-
1e
e10
.
1e+
.
+
--2
e10
1.2.3
++1
--2
1e+
1ee2
0e
0e
abc
0e
e10
.
1e
++1
1e+
+
e10
--2
1ee2
+
-
000.e
e10
++1
abc
--2
1e-
abc
abc
-
000.e
1e-
1e+
+
+
1e+
1e-
-
.
abc
1e-
++1
1e+
000.e
e10
.
1e+
e10
abc
+
abc
abc
e10
.
abc
1e+
abc
++1
1.2.3
1.2.3
++1
+
e10
0e
.
.
000.e
1e+
1.2.3
--2
000.e
1ee2
1e-
+
-
e10
0e
1ee2
1e
--2
.
abc
+
1e-
-
++1
++1
abc
++1
1e-
000.e
-
1ee2
e10
++1
.
abc
e10
0e
1ee2
++1
000.e
0e
1e+
1e-
e10
1e+
.
0e
e10
0e
-
--2
++1
1e+
000.e
1e-
1e+
.
e10
e10
--2
abc
.
1ee2
1e+
1.2.3
e10
+
1ee2
0e
1ee2
--2
1ee2
-
1e
1e
1e+
1.2.3
++1
000.e
000.e
--2
+
0e
0e
-
1e-
1e+
-
--2
.
--2
1e-
--2
1e-
++1
abc
abc
-
1e+
1e+
1e
abc
0e
++1
1e-
1e
1e
1e-
abc
e10
++1
000.e
--2
1.2.3
1e
1ee2
0e
0e
1e
+
1e+
1.2.3
++1
.
1e+
++1
1e
e10
++1
.
--2
.
.
e10
.
1e+
000.e
abc
0e
abc
1.2.3
-
+
++1
0e
1e
-
1.2.3
e10
0e
1e
1.2.3
1ee2
.
++1
e10
e10
abc
1e
abc
e10
1e
1e+
1e
1e
1e-
000.e
1ee2
+
++1
+
1e
000.e
--2
1.2.3
--2
--2
000.e
000.e
1ee2
1e-
1.2.3
1e
.
-
1e
1ee2
-
e10
++1
abc
1.2.3
++1
e10
1e-
1ee2
1e+
0e
.
1e-
0e
000.e
+
-
1e
1.2.3
1.2.3
--2
abc
000.e
-
e10
1e-
e10
1ee2
e10
1e
1e+
1e
+
1ee2
0e
-
1ee2
0e
++1
-
1e
-
e10
+
++1
+
+
1e+
0e
000.e
0e
000.e
1e
1e-
1e
1e
++1
1e-
.
--2
1e-
000.e
--2
+
000.e
1e-
e10
0e
1ee2
e10
1.2.3
--2
000.e
1e-
1e
1e
-
1.2.3
-
1e
+
1ee2
1ee2
0e
1.2.3
+
1e+
1e
e10
1.2.3
-
0e
1e
--2
1.2.3
abc
1e
1e+
1.2.3
1e-
-
++1
1e-
1e-
1.2.3
1e-
1e+
e10
.
abc
++1
e10
.
--2
1ee2
e10
0e
.
-
abc
1e
e10
.
1e
1ee2
1.2.3
000.e
000.e
+
abc
1e-
1.2.3
1e+
1e
1.2.3
0e
e10
++1
--2
1.2.3
1ee2
-
-
abc
.
1ee2
abc
1e
.
1e+
--2
e10
1e-
+
-
000.e
++1
+
1e+
--2
1e
1e+
1e-
1.2.3
e10
1ee2
1ee2
-
+
1e-
+
e10
1.2.3
1ee2
000.e
.
1ee2
+
1.2.3
1e
1e+
.
++1
1ee2
-
.
.
1ee2
e10
abc
1e+
e10
.
1e+
++1
abc
1e
+
e10
abc
1ee2
abc
1e+
1e+
1.2.3
.
1e
1e
0e
1e
.
1.2.3
1e
e10
1ee2
0e
1e+
e10
++1
1ee2
++1
-
1e
++1
1e+
1e+
1ee2
-
e10
--2
1ee2
--2
1ee2
1e
-
++1
++1
1.2.3
1e-
--2
-
e10
.
+
000.e
-
1.2.3
.
e10
abc
-
0e
e10
e10
.
abc
.
e10
.
1e+
1e
++1
--2
+
++1
000.e
1e
e10
-
.
1e+
-
-
-
1ee2
-
1ee2
++1
-
-
0e
1e+
1e-
e10
abc
000.e
abc
0e
-
++1
1.2.3
1e+
e10
abc
.
1.2.3
1e+
-
-
1e-
0e
1e
1.2.3
.
--2
.
++1
1e+
1e-
000.e
abc
0e
1e
1ee2
1e-
abc
abc
1e+
-
abc
1.2.3
1.2.3
1e
1ee2
0e
++1
abc
+
0e
abc
--2
000.e
1ee2
1e+
.
.
1e-
1e+
1ee2
000.e
0e
+
1.2.3
000.e
1e-
0e
000.e
1e-
+
--2
1e-
+
1e-
-
1e+
1e+
+
-
.
0e
abc
e10
--2
--2
000.e
-
e10
-
.
--2
0e
.
000.e
1e+
1e+
0e
--2
000.e
1.2.3
1e-
000.e
1.2.3
++1
1e+
+
+
0e
abc
++1
-
1e+
0e
++1
e10
e10
+
1e+
0e
-
1ee2
-
.
abc
.
1.2.3
1e+
0e
-
1e+
.
e10
-
0e
000.e
1e-
+
+
0e
++1
.
.
e10
000.e
abc
e10
000.e
1e-
abc
1e+
1e
+
1e-
000.e
--2
1.2.3
1.2.3
+
0e
e10
e10
1e
1e
1e+
.
1e
+
1e
1.2.3
++1
--2
000.e
--2
000.e
1.2.3
000.e
e10
-
000.e
1e+
0e
++1
000.e
000.e
-
1ee2
1e
000.e
0e
000.e
.
1.2.3
-
1e
0e
1e
000.e
-
000.e
1e+
++1
1e
+
1ee2
1e-
000.e
-
000.e
1ee2
--2
1.2.3
0e
abc
000.e
e10
0e
000.e
++1
0e
1.2.3
abc
1e
0e
1e
1e-
1e+
abc
+
1e-
.
1.2.3
1ee2
1e+
+
1e-
+
.
1ee2
abc
1e-
1e-
000.e
--2
e10
1e-
++1
1ee2
1.2.3
abc
abc
.
1e-
++1
++1
1ee2
1e
1e
0e
.
.
e10
1.2.3
e10
abc
--2
1e
1e
abc
++1
1e+
000.e
++1
1e
.
000.e
1e
-
1e+
1ee2
abc
.
++1
abc
-
+
-
1e+
1e
0e
0e
e10
1e+
--2
1e+
abc
-
000.e
abc
.
-
.
+
abc
+
e10
++1
1.2.3
-
0e
+
1ee2
1ee2
1ee2
1e+
1ee2
++1
abc
+
+
1e+
1e+
-
000.e
0e
1e
.
-
1ee2
1e+
1e-
1ee2
0e
1e-
+
--2
e10
abc
0e
++1
1.2.3
1.2.3
++1
+
1e-
-
e10
0e
1e-
1.2.3
000.e
+
+
1e-
--2
.
e10
0e
1e-
abc
1e-
++1
0e
++1
+
.
1ee2
-
1e+
1e-
abc
1e
+
++1
1e
1e
1ee2
1e-
abc
1e-
000.e
000.e
1e-
abc
0e
1ee2
0e
000.e
000.e
1e
e10
e10
--2
--2
e10
e10
1.2.3
abc
1e
1e-
0e
++1
e10
--2
abc
1.2.3
--2
++1
+
1.2.3
1e
1ee2
++1
++1
1ee2
1e-
++1
000.e
+
++1
-
abc
1e
000.e
++1
1e
1e-
1e-
e10
1.2.3
.
abc
000.e
.
1ee2
--2
++1
1.2.3
1e
e10
1.2.3
1e+
--2
e10
e10
1e+
+
+
0e
-
1e+
++1
.
-
0e
.
--2
0e
1ee2
abc
1e-
++1
--2
-
1ee2
e10
1ee2
--2
000.e
++1
000.e
1e-
1e+
1e+
e10
+
abc
1e+
++1
.
1e
+
--2
abc
1e
e10
1e-
abc
1ee2
1ee2
.
1.2.3
--2
1.2.3
--2
1e
-
000.e
+
1e+
abc
++1
++1
.
--2
000.e
-
.
.
1e-
++1
0e
1ee2
--2
1e-
+
000.e
.
1ee2
1e-
000.e
1e-
-
--2
abc
++1
e10
000.e
1e-
000.e
1e-
1e-
.
000.e
++1
-
abc
--2
1e
abc
abc
+
.
000.e
1e
1.2.3
000.e
1.2.3
1.2.3
1.2.3
1ee2
++1
abc
abc
++1
1.2.3
e10
abc
1.2.3
1e
++1
1e+
+
000.e
0e
1e+
+
000.e
000.e
1.2.3
.
-
1e-
+
abc
1ee2
+
1.2.3
1e
1e-
1.2.3
.
.
1.2.3
+
000.e
1e+
1e+
1.2.3
000.e
abc
-
abc
++1
1.2.3
.
1e+
--2
++1
-
-
+
++1
0e
1ee2
-
--2
abc
1ee2
1e-
1e+
+
1ee2
.
-
.
--2
+
.
--2
1ee2
0e
.
--2
1e
1e-
++1
abc
e10
1e+
+
1ee2
++1
abc
++1
1.2.3
.
abc
1.2.3
000.e
+
-
.
++1
1e-
1e
abc
-
1.2.3
1e-
++1
1e+
.
abc
000.e
+
1.2.3
+
+
1e-
1e-
abc
0e
++1
++1
+
+
1e-
1e-
0e
--2
.
0e
1e-
++1
000.e
e10
0e
--2
++1
0e
1e+
000.e
+
.
e10
--2
1.2.3
--2
1.2.3
1e
1ee2
+
+
1.2.3
-
e10
abc
++1
--2
1.2.3
1e-
abc
1e
1e-
e10
1e+
1ee2
--2
-
++1
0e
+
abc
-
--2
1e+
1e-
1ee2
--2
--2
000.e
+
--2
0e
++1
1e+
1ee2
--2
.
.
1.2.3
1.2.3
+
e10
0e
0e
0e
e10
e10
1ee2
++1
e10
abc
+
abc
-
-
0e
e10
abc
--2
abc
0e
--2
000.e
1e
+
1e+
--2
--2
.
-
1e-
-
.
e10
1e
1ee2
.
000.e
1.2.3
.
+
0e
--2
000.e
1e
--2
1e+
.
.
+
1ee2
1e-
e10
--2
1e+
1e
0e
1e
-
abc
1.2.3
1e-
abc
-
1.2.3
1e
++1
1e
1e
abc
1.2.3
1.2.3
-
1e
++1
abc
0e
e10
++1
1.2.3
1e+
1ee2
-
+
1ee2
+
1e-
++1
1e+
-
0e
++1
0e
1ee2
1e-
1e
++1
1.2.3
1ee2
0e
.
1e+
1e-
++1
--2
1e-
abc
+
--2
1.2.3
1.2.3
--2
++1
++1
+
++1
+
e10
000.e
1.2.3
.
++1
++1
.
+
1e-
0e
.
1e-
1e-
1e-
000.e
000.e
++1
1ee2
--2
e10
1ee2
++1
--2
++1
e10
0e
--2
1e
++1
1ee2
-
abc
1e
1.2.3
e10
000.e
--2
1.2.3
1.2.3
+
0e
0e
--2
1e
1.2.3
.
1.2.3
000.e
1e+
1e
000.e
1e+
1ee2
000.e
-
.
--2
+
1e-
1e+
1ee2
--2
++1
+
e10
++1
0e
1e-
abc
--2
1e-
1e+
e10
abc
1ee2
++1
-
abc
-
1e-
e10
1e
000.e
e10
++1
+
-
1e
1e+
1.2.3
1e
0e
+
1e-
1.2.3
1e-
1e+
-
.
1e
++1
1e
abc
000.e
1e+
+
--2
abc
0e
000.e
++1
+
-
000.e
++1
1e
1e-
1e-
--2
abc
.
-
1e
1ee2
++1
e10
1e+
abc
1ee2
1e-
1e+
1e
++1
1.2.3
1.2.3
0e
.
1e-
000.e
1e+
0e
0e
0e
e10
-
1e
-
e10
000.e
1.2.3
0e
.
+
1e-
.
e10
-
1e+
+
.
e10
000.e
0e
000.e
--2
-
++1
--2
000.e
1e+
-
+
--2
000.e
abc
0e
1.2.3
e10
++1
--2
1e-
1e
1.2.3
1e+
1ee2
1ee2
e10
-
.
e10
0e
-
0e
abc
1ee2
+
.
-
.
1e
--2
++1
1ee2
+
e10
1.2.3
abc
.
++1
1e
++1
0e
0e
+
+
1e-
1e-
1e-
-
++1
1e+
0e
1e-
+
.
1.2.3
0e
1e
1e+
++1
000.e
0e
.
e10
.
-
.
000.e
1e-
.
1.2.3
1e+
000.e
1.2.3
1.2.3
.
1.2.3
abc
1ee2
-
.
1ee2
abc
--2
e10
-
.
1e+
abc
e10
++1
-
++1
1e
-
0e
e10
1.2.3
-
++1
1.2.3
-
0e
1.2.3
.
--2
0e
1ee2
1.2.3
1e-
1e-
1e-
1e+
1e+
-
--2
++1
++1
1e
.
000.e
abc
++1
1ee2
1.2.3
1e
-
1ee2
--2
1.2.3
+
++1
1.2.3
.
--2
1.2.3
--2
+
++1
-
0e
000.e
1e+
.
1e-
0e
1e
++1
1ee2
0e
1e+
++1
-
.
+
0e
1e-
e10
+
0e
+
000.e
++1
1ee2
1e
1ee2
1e-
1e-
1ee2
1e-
.
0e
++1
1.2.3
abc
++1
e10
-
1.2.3
1e-
.
1e+
++1
-
1e
000.e
e10
e10
.
-
abc
000.e
abc
1e-
1e
0e
++1
0e
++1
1e
-
1e-
++1
1.2.3
e10
1ee2
abc
1ee2
+
1e-
.
1e
1e-
1e-
-
++1
0e
+
-
abc
-
1e
000.e
1ee2
1e
+
1ee2
1.2.3
0e
1.2.3
.
000.e
1ee2
e10
000.e
1e+
-
1e-
.
1ee2
0e
1.2.3
1ee2
+
000.e
1ee2
--2
+
1e-
-
0e
0e
1e+
.
--2
1e
abc
1e+
1e-
.
0e
--2
abc
--2
1e
abc
++1
--2
1ee2
+
0e
.
0e
1e
+
abc
000.e
000.e
++1
0e
1.2.3
.
1e+
1e+
000.e
000.e
1e
abc
++1
e10
1.2.3
0e
1.2.3
+
1.2.3
e10
++1
abc
0e
1e-
abc
000.e
--2
e10
.
.
000.e
abc
e10
1e
.
0e
1e
--2
000.e
1e+
1e-
1ee2
.
.
++1
000.e
1e-
abc
1e-
1.2.3
0e
++1
.
-
++1
0e
+
--2
+
000.e
1ee2
-
1.2.3
000.e
abc
1ee2
++1
-
e10
e10
1e
--2
000.e
--2
+
1e+
000.e
-
0e
-
-
e10
-
-
1e+
.
-
+
1e
1.2.3
0e
1e+
1e-
+
000.e
e10
1e+
e10
1.2.3
000.e
e10
.
1e+
++1
1ee2
+
0e
1e
1e
abc
1e
0e
1.2.3
abc
e10
1.2.3
0e
1ee2
1e-
-
e10
1.2.3
1e+
abc
1e
1e-
abc
e10
000.e
.
-
-
1.2.3
000.e
1e+
1.2.3
1e+
1e+
--2
0e
000.e
-
1e
1e-
-
0e
0e
1.2.3
.
0e
1ee2
.
++1
abc
++1
+
--2
--2
1e+
1.2.3
1e
+
0e
e10
+
1.2.3
-
1e
000.e
+
--2
1ee2
1e+
abc
e10
0e
++1
1.2.3
+
+
0e
1e-
1e
1e-
1e+
abc
abc
.
000.e
000.e
1e
1.2.3
1.2.3
1ee2
++1
1ee2
1e
1ee2
--2
-
1e-
000.e
+
1e
abc
++1
.
1e+
++1
++1
000.e
+
++1
1ee2
1ee2
.
1.2.3
0e
1e-
000.e
++1
1e+
1e-
1e
0e
1e+
abc
0e
e10
0e
+
0e
1e-
++1
+
+
0e
0e
e10
abc
+
1.2.3
e10
++1
-
e10
1.2.3
0e
e10
e10
e10
1ee2
e10
.
+
++1
-
1e
1e+
--2
--2
000.e
.
1.2.3
-
.
e10
1e-
1ee2
1.2.3
1e
1ee2
-
--2
--2
abc
+
000.e
1e-
1e-
+
.
++1
++1
1e-
1e-
abc
1.2.3
1e
--2
-
1e
--2
0e
-
000.e
e10
++1
1e
e10
--2
1ee2
0e
1e
++1
1ee2
1ee2
1e-
-
0e
1e
1e-
1ee2
e10
1e
1e
-
1e
000.e
1e
1e-
+
-
1e+
.
1e-
1ee2
1ee2
--2
.
e10
1e
1e+
+
-
abc
e10
1e
0e
000.e
1e-
+
e10
-
-
0e
.
e10
1e+
++1
e10
--2
1ee2
1e+
1e-
1.2.3
1ee2
0e
1e+
abc
1e+
-
.
1e
1e
0e
e10
e10
--2
e10
abc
.
.
e10
+
1e+
.
.
-
-
+
-
1.2.3
0e
1ee2
1ee2
+
e10
e10
0e
1e-
000.e
1e
-
000.e
000.e
1.2.3
--2
000.e
-
e10
+
1.2.3
000.e
abc
000.e
1e
1e-
1e+
1e+
e10
1.2.3
1ee2
.
1.2.3
1e+
e10
1e+
1e-
.
abc
.
1e
e10
1e-
1e+
--2
1e-
-
.
1ee2
abc
-
--2
1ee2
0e
-
1e+
1e+
1ee2
1.2.3
1e-
e10
0e
1e+
+
1e-
1e+
1e
1.2.3
000.e
-
.
0e
abc
1e
--2
--2
1ee2
++1
1e+
abc
0e
+
.
-
1e
abc
abc
000.e
1.2.3
1e
1e-
-
+
1e+
1e+
abc
++1
--2
000.e
1e+
1ee2
1e
1e+
e10
e10
e10
--2
.
1e+
1ee2
1e-
+
1e-
.
e10
0e
1.2.3
-
1ee2
e10
1e+
.
1e-
1e-
1e+
-
1e
1.2.3
e10
1e-
1.2.3
1e
1ee2
1e+
0e
000.e
-
-
-
++1
1e
1ee2
++1
--2
1e-
1ee2
-
.
000.e
abc
1.2.3
abc
1e+
1e-
+
1.2.3
1e+
1e-
e10
+
--2
-
000.e
+
1.2.3
-
0e
1e
-
1ee2
e10
0e
000.e
-
--2
.
e10
++1
1e+
1e+
1.2.3
1e+
-
abc
1.2.3
1ee2
1e+
.
-
e10
0e
abc
1.2.3
0e
+
1e+
1e-
abc
--2
1e+
--2
-
+
--2
++1
1.2.3
000.e
-
1ee2
--2
000.e
000.e
e10
1e+
++1
--2
000.e
1e+
1e+
1e+
000.e
1e
000.e
0e
abc
0e
0e
--2
--2
-
1.2.3
--2
1.2.3
1e
.
1e+
.
+
0e
1e
1e-
-
e10
0e
000.e
000.e
abc
-
--2
--2
1.2.3
-
abc
1e-
000.e
000.e
abc
.
+
0e
--2
++1
.
000.e
0e
abc
1e
-
1.2.3
1e
000.e
1e+
++1
-
++1
+
abc
.
1e-
1ee2
+
.
abc
1ee2
-
0e
abc
.
000.e
1e-
1e
0e
e10
0e
1.2.3
++1
++1
++1
000.e
1e
abc
0e
-
1e
1.2.3
000.e
0e
.
1e+
++1
e10
1.2.3
++1
e10
1ee2
++1
1e+
1ee2
e10
1e-
0e
++1
abc
0e
1e-
1e-
abc
000.e
e10
1.2.3
1.2.3
1ee2
-
1ee2
-
1e-
1e-
1ee2
000.e
+
.
-
abc
1e+
1e+
-
++1
-
1e-
e10
--2
abc
++1
1.2.3
+
-
+
.
1e+
000.e
-
+
1e
--2
1.2.3
000.e
.
1ee2
.
+
1ee2
.
+
++1
1ee2
0e
++1
1e+
1ee2
-
.
abc
1e
--2
1.2.3
e10
-
000.e
0e
-
000.e
1.2.3
+
1e
+
.
1ee2
.
+
000.e
-
1.2.3
++1
1e
1.2.3
abc
+
--2
++1
--2
1ee2
0e
.
1e-
1.2.3
1ee2
1e+
e10
1ee2
.
0e
--2
1e-
1e
--2
1.2.3
0e
1e+
.
1.2.3
000.e
-
abc
000.e
1e
1.2.3
++1
+
e10
1e+
1e
-
000.e
0e
1e+
--2
++1
1e
-
0e
abc
e10
1e
+
--2
+
1.2.3
++1
000.e
000.e
.
1e+
++1
++1
--2
-
1e+
1e
abc
1e-
1.2.3
e10
1.2.3
1e+
+
1e-
000.e
1ee2
0e
-
++1
++1
+
1ee2
--2
1ee2
1.2.3
1.2.3
1e+
--2
.
1e
1e
1.2.3
+
--2
1e+
0e
-
-
-
abc
1e+
1e-
1e
1e
.
000.e
1e+
1ee2
++1
+
.
e10
0e
e10
1ee2
1e+
-
1ee2
-
.
--2
abc
+
++1
1ee2
1e
1e+
e10
+
++1
0e
1.2.3
1ee2
.
++1
.
+
abc
e10
000.e
1.2.3
1e
-
0e
.
abc
-
--2
--2
000.e
++1
.
++1
e10
.
--2
.
+
1ee2
1ee2
e10
++1
--2
1e-
000.e
1e-
--2
e10
1e+
--2
++1
abc
1ee2
abc
1e-
--2
1.2.3
1e-
.
-
-
abc
abc
.
+
-
-
+
0e
e10
e10
abc
++1
-
000.e
-
1e-
-
++1
abc
1.2.3
1.2.3
1.2.3
-
e10
-
1e-
1e-
abc
++1
0e
1ee2
++1
-
1e
--2
1e-
.
1e-
0e
1.2.3
e10
++1
e10
1.2.3
-
1ee2
--2
e10
--2
000.e
1.2.3
1e+
0e
e10
0e
000.e
000.e
1e
1e+
+
--2
1e-
--2
e10
.
1ee2
e10
1e-
0e
1ee2
-
0e
e10
1e+
++1
-
1e
000.e
1e-
1ee2
1e
000.e
--2
--2
1ee2
1e-
--2
1e+
0e
+
e10
e10
1e+
1e-
0e
1e
1.2.3
++1
0e
++1
1e-
1e
e10
+
0e
1e+
1.2.3
++1
++1
abc
e10
0e
1e-
1e+
--2
1.2.3
1ee2
0e
1.2.3
1ee2
--2
++1
++1
+
+
1e-
0e
1.2.3
--2
1.2.3
000.e
1e
000.e
.
++1
1.2.3
1e
1ee2
1e
-
000.e
1.2.3
1e-
1e-
-
.
.
1e+
.
000.e
1e+
1e
++1
0e
.
++1
1ee2
++1
++1
1e+
-
1.2.3
1ee2
0e
000.e
1.2.3
+
1e+
++1
abc
e10
.
-
abc
1ee2
e10
1ee2
1.2.3
-
1.2.3
++1
--2
1ee2
++1
abc
.
1.2.3
000.e
.
1e
1ee2
+
--2
e10
e10
-
-
1.2.3
e10
abc
abc
1ee2
abc
1e-
--2
1e+
+
1e-
-
-
-
++1
1e+
1e
1e+
.
1e+
1e
1.2.3
++1
1e+
abc
1e
000.e
1ee2
1.2.3
--2
1e-
++1
000.e
1e+
1.2.3
+
++1
--2
abc
++1
--2
000.e
1ee2
1e
1.2.3
000.e
1ee2
-
1e+
+
1.2.3
abc
1.2.3
-
1e-
1e
e10
e10
abc
--2
+
1e-
e10
1e
--2
000.e
-
e10
1e
000.e
1e+
1e+
1.2.3
.
abc
1e+
000.e
1.2.3
+
+
1ee2
e10
e10
abc
1e+
.
-
0e
abc
000.e
-
++1
+
++1
--2
e10
1.2.3
1ee2
1e+
0e
1.2.3
++1
+
+
+
--2
-
--2
--2
1e+
--2
1e-
1e+
1.2.3
1.2.3
1e
--2
1ee2
++1
.
--2
0e
000.e
1e+
1e
+
++1
1e-
+
0e
1.2.3
abc
1e+
000.e
1e+
abc
.
1.2.3
0e
1e-
000.e
--2
1.2.3
1e+
0e
000.e
++1
-
0e
0e
0e
++1
+
1e-
1.2.3
000.e
-
-
0e
.
abc
-
.
1e-
1e
+
1ee2
1e
--2
.
++1
1e
1e-
--2
+
000.e
000.e
.
--2
--2
0e
+
e10
1ee2
1ee2
+
1ee2
--2
000.e
e10
abc
-
.
e10
abc
e10
--2
0e
abc
++1
1.2.3
.
abc
abc
-
--2
1e+
1e-
000.e
1e+
++1
-
-
0e
--2
++1
1.2.3
1ee2
--2
000.e
1e
--2
000.e
0e
000.e
1e
1ee2
1e+
1.2.3
e10
1ee2
1e+
-
1e+
.
+
abc
000.e
++1
1e+
1e
e10
1.2.3
abc
1e-
++1
--2
000.e
1e
-
--2
++1
--2
1.2.3
++1
.
+
++1
0e
++1
0e
.
+
abc
1e+
-
+
e10
000.e
000.e
1.2.3
1ee2
1e
e10
000.e
1.2.3
1e
--2
1e
-
0e
abc
1e
1e-
+
.
.
+
1.2.3
e10
+
1e-
e10
++1
1e-
1e+
abc
e10
1e
e10
1.2.3
1e-
000.e
1.2.3
1.2.3
0e
.
.
1e+
1e
1e-
1ee2
e10
+
++1
0e
1e+
abc
1e
1ee2
1e
abc
e10
+
++1
abc
-
--2
1.2.3
000.e
0e
+
1e
0e
abc
++1
1e+
0e
000.e
-
.
0e
000.e
1e+
000.e
--2
000.e
+
1.2.3
.
1ee2
++1
1e
0e
0e
+
--2
+
++1
e10
000.e
.
000.e
--2
.
+
0e
1e+
+
0e
1ee2
000.e
.
-
+
1e
e10
.
1.2.3
--2
0e
000.e
1.2.3
1ee2
e10
1.2.3
--2
1e-
1e
000.e
1e
++1
+
1e
1ee2
1e-
.
+
0e
abc
.
.
e10
e10
-
1.2.3
0e
000.e
abc
.
-
.
1e
+
1.2.3
000.e
.
1ee2
000.e
--2
e10
1e-
1e
--2
1ee2
e10
1.2.3
1e
abc
e10
1e-
--2
.
1.2.3
++1
1e
1.2.3
1e-
abc
e10
1.2.3
.
--2
e10
-
.
1e+
--2
0e
++1
1e-
+
--2
1e
.
+
1.2.3
1e
1e+
000.e
1e
1.2.3
.
000.e
abc
1e+
+
abc
1.2.3
--2
1.2.3
1e+
-
--2
1ee2
0e
0e
1.2.3
abc
e10
1e+
--2
0e
1e
.
1e
.
1e
abc
1e+
1e
1e-
++1
--2
+
0e
1ee2
-
--2
1e
1e+
1ee2
1e-
abc
-
1.2.3
-
1e+
+
0e
-
-
1ee2
0e
1.2.3
+
1ee2
1.2.3
-
000.e
1e-
-
--2
--2
1e
1e-
++1
000.e
1ee2
abc
.
1.2.3
--2
e10
--2
abc
-
.
1e-
1e-
1.2.3
1e-
1.2.3
.
0e
+
0e
1e+
000.e
+
1e-
1e
1e-
-
e10
--2
1e+
1.2.3
1e
1ee2
1e+
1e+
e10
-
1e-
+
1e
e10
1.2.3
e10
e10
+
1ee2
+
1.2.3
1e-
1ee2
1.2.3
000.e
0e
++1
000.e
1ee2
1e-
-
1e
1ee2
abc
1.2.3
-
1.2.3
+
--2
abc
e10
1ee2
1.2.3
1ee2
--2
--2
e10
1e
-
-
1.2.3
-
0e
++1
abc
-
000.e
.
1.2.3
1e+
--2
0e
1e-
abc
.
-
--2
1e-
1e
++1
1e-
1e-
000.e
1e
abc
.
+
000.e
e10
e10
1ee2
e10
e10
e10
1ee2
e10
+
e10
.
--2
.
1e-
1e+
++1
1e-
1e
1e+
.
1.2.3
0e
-
1e+
0e
--2
1e
e10
++1
--2
1e
1.2.3
abc
-
+
1e+
1ee2
1e-
--2
e10
1.2.3
1.2.3
1e+
+
abc
0e
1e
000.e
1ee2
1ee2
1e+
++1
1e-
abc
--2
1e+
0e
000.e
1ee2
0e
1.2.3
1ee2
-
+
-
1.2.3
0e
1e+
000.e
e10
e10
.
1.2.3
1e
e10
1.2.3
1e+
0e
000.e
--2
abc
1e+
abc
1e-
abc
-
-
--2
-
1e
abc
abc
000.e
++1
1.2.3
++1
1e+
1ee2
abc
000.e
abc
1.2.3
1.2.3
000.e
-
+
--2
0e
1e
000.e
1e+
-
1e+
1e
1e-
1e
1.2.3
++1
0e
000.e
e10
1e-
+
-
000.e
1e+
+
abc
1e-
1e
abc
-
1e+
1e+
e10
1.2.3
-
abc
1.2.3
.
.
000.e
++1
1.2.3
.
-
0e
++1
++1
1e+
++1
++1
1.2.3
e10
1e+
e10
0e
--2
e10
+
1ee2
+
--2
1ee2
+
abc
1.2.3
--2
-
e10
1e
000.e
++1
--2
abc
000.e
-
000.e
0e
0e
1e
--2
++1
1ee2
1e-
1e-
abc
1e+
+
abc
1.2.3
1e-
1e
e10
1e-
++1
1ee2
1ee2
.
-
000.e
-
+
1e+
e10
1.2.3
+
1.2.3
1e-
1e
1e+
1e
abc
-
000.e
1ee2
--2
1.2.3
1.2.3
1.2.3
e10
abc
abc
1e
++1
0e
000.e
1.2.3
1ee2
abc
0e
1ee2
.
--2
1e+
1e+
1e-
0e
e10
abc
-
abc
0e
0e
.
1e
000.e
1e
000.e
1e+
+
0e
000.e
1e-
1.2.3
1ee2
1e+
-
abc
1e
-
e10
000.e
+
1e+
1e
1e-
++1
--2
++1
++1
0e
1ee2
000.e
--2
1e+
.
+
1e-
1.2.3
.
000.e
e10
+
1e
abc
1e
--2
000.e
1.2.3
1e-
+
+
1e-
.
abc
abc
000.e
-
+
+
1ee2
000.e
1e+
abc
++1
0e
--2
+
0e
1e
.
++1
1e+
1.2.3
.
1e+
-
1e
+
++1
.
1e-
--2
+
e10
1e+
1e
1.2.3
0e
1ee2
0e
1.2.3
.
++1
+
0e
1e+
0e
1.2.3
++1
++1
--2
1.2.3
0e
e10
.
0e
1ee2
000.e
1e-
1ee2
000.e
--2
++1
1e
1.2.3
.
abc
1e+
000.e
0e
abc
-
1e
++1
e10
.
--2
-
1e+
1.2.3
1e
-
+
e10
--2
000.e
abc
000.e
e10
0e
abc
000.e
1ee2
1e+
+
.
++1
abc
abc
1e+
1.2.3
1e+
++1
1e-
0e
abc
1e-
e10
1e-
+
1e+
1.2.3
+
++1
--2
1.2.3
++1
+
+
e10
000.e
abc
1.2.3
++1
.
.
abc
+
1ee2
1ee2
1e-
.
000.e
1e+
1e-
e10
1.2.3
0e
++1
0e
1ee2
--2
1.2.3
1e-
1.2.3
.
+
000.e
e10
1.2.3
1e
++1
1e+
++1
1ee2
1e-
-
0e
abc
abc
--2
0e
++1
1.2.3
1e-
0e
.
000.e
--2
e10
+
1e+
++1
abc
1.2.3
abc
1ee2
+
1e
1e-
0e
--2
1e+
+
-
1ee2
.
1e-
1e+
e10
--2
1e+
+
-
1e-
.
+
++1
+
.
++1
--2
000.e
1e
1e
0e
1ee2
1.2.3
1.2.3
-
--2
1.2.3
+
1e-
1e
1e
--2
1e+
.
-
1e+
--2
++1
++1
--2
--2
1.2.3
e10
abc
--2
abc
1e-
++1
.
.
e10
e10
1e
1e
abc
1ee2
1e+
abc
1e-
1ee2
1e+
1e+
-
000.e
1e+
+
abc
-
abc
1ee2
1.2.3
1e-
000.e
--2
-
.
1e-
.
-
1ee2
000.e
-
1.2.3
abc
000.e
1.2.3
1ee2
1e
1ee2
000.e
1e
000.e
abc
abc
1e+
1e+
1e-
abc
abc
abc
--2
1e-
+
0e
e10
--2
+
e10
-
.
-
--2
000.e
++1
1e+
+
++1
1ee2
--2
-
--2
1e
--2
1ee2
1e+
e10
.
0e
-
1ee2
.
++1
1e-
e10
.
1e-
abc
-
1ee2
-
1ee2
1e
1.2.3
0e
++1
1e-
+
000.e
++1
++1
+
++1
.
1.2.3
.
1ee2
.
1e-
000.e
1ee2
+
++1
0e
1ee2
--2
1e-
1e-
000.e
000.e
0e
.
e10
.
e10
.
1ee2
1e+
1e+
-
.
1e-
e10
.
abc
e10
1e+
+
--2
e10
--2
--2
-
1.2.3
1ee2
1ee2
+
1ee2
1e-
--2
1ee2
--2
1e-
-
-
++1
++1
000.e
000.e
1e+
+
1ee2
++1
--2
1e-
--2
+
.
.
1e
1.2.3
000.e
1e+
1e-
.
1ee2
abc
abc
1e-
1e-
abc
1e
abc
e10
++1
--2
1.2.3
1ee2
-
++1
000.e
-
1.2.3
-
1e
+
000.e
1.2.3
1e+
1.2.3
--2
1e
1e+
1.2.3
+
0e
1.2.3
1e+
.
++1
0e
1e-
+
--2
1e-
abc
e10
.
0e
1ee2
.
1e
000.e
--2
1e+
-
0e
000.e
abc
000.e
1e
1.2.3
000.e
e10
000.e
0e
0e
1e
1e
++1
1ee2
1e-
abc
0e
1e+
1e-
-
1.2.3
1.2.3
-
1e
1.2.3
000.e
000.e
1e
1ee2
000.e
e10
+
e10
1ee2
000.e
0e
--2
1e-
--2
++1
000.e
+
1e+
1e+
++1
abc
+
1ee2
e10
1e-
abc
1.2.3
-
1e-
000.e
1ee2
1e-
1e+
abc
.
e10
1e
000.e
000.e
000.e
e10
1e
0e
1e
.
.
abc
abc
1ee2
++1
.
abc
000.e
1e-
1ee2
++1
--2
1e
1ee2
0e
1e
1e-
-
++1
000.e
.
--2
1e+
1e-
1ee2
abc
abc
000.e
000.e
+
e10
000.e
.
++1
abc
e10
0e
-
.
++1
+
+
-
1e
1e-
e10
--2
1e+
-
abc
1ee2
.
1e-
1e
e10
--2
1.2.3
--2
e10
1e-
++1
000.e
1ee2
e10
1e
000.e
1.2.3
1e+
abc
.
1e+
--2
-
-
1ee2
.
abc
1e
0e
1e+
1e+
000.e
abc
1e+
-
1e
-
000.e
+
++1
-
1e+
1e+
1e+
+
1e-
e10
1ee2
++1
+
.
++1
000.e
1e+
1ee2
1e
.
1ee2
1e+
e10
--2
abc
e10
++1
e10
1e+
+
e10
000.e
1e-
1ee2
++1
1e+
1e-
1e
--2
e10
-
1e
+
abc
+
000.e
--2
1e+
000.e
0e
-
e10
1e-
1ee2
e10
.
++1
1.2.3
abc
--2
000.e
++1
.
0e
--2
--2
1e-
++1
1e-
1.2.3
+
1.2.3
--2
abc
+
+
1.2.3
1.2.3
1e+
000.e
++1
1e+
0e
1ee2
1.2.3
+
-
1e-
--2
000.e
++1
++1
-
1ee2
++1
+
1ee2
1e
-
e10
--2
-
abc
1e-
abc
000.e
1e+
e10
.
.
1e+
1e
+
1e
1ee2
++1
-
e10
1e
1e+
000.e
e10
+
0e
abc
abc
.
1e-
++1
1e+
000.e
1.2.3
++1
e10
1.2.3
1e-
000.e
1ee2
1e-
--2
1e-
+
1e
e10
1ee2
+
000.e
1e+
000.e
1.2.3
--2
--2
e10
1.2.3
1e+
1e-
-
+
+
abc
0e
1e
.
--2
000.e
1e
--2
--2
1.2.3
--2
.
1.2.3
1e
1.2.3
++1
--2
++1
.
000.e
0e
-
+
1e
abc
0e
abc
1e+
.
1ee2
1e
1e
++1
1.2.3
abc
--2
-
1.2.3
--2
e10
e10
++1
abc
++1
+
1e+
.
000.e
-
+
1.2.3
1.2.3
1e+
abc
.
1ee2
abc
1ee2
abc
++1
.
--2
e10
++1
--2
1ee2
1.2.3
1e
--2
+
000.e
0e
e10
e10
0e
1e-
1.2.3
--2
.
.
-
abc
1ee2
abc
1e-
000.e
1e
abc
1e+
abc
1ee2
1e-
1e-
.
--2
0e
1e-
abc
1.2.3
--2
e10
000.e
+
1ee2
0e
++1
1.2.3
abc
++1
1e
1.2.3
1.2.3
e10
+
+
1.2.3
abc
abc
1e-
1e+
1e-
--2
1e-
000.e
1e+
0e
1e
1.2.3
+
abc
1e-
.
1e+
0e
1e+
abc
abc
1e
abc
++1
--2
1.2.3
0e
1e+
abc
1e
.
-
1e
.
.
abc
--2
1e+
1e-
1e-
1.2.3
1e
1e-
e10
1ee2
++1
--2
++1
1e
000.e
000.e
1e
abc
1e
abc
1.2.3
1.2.3
++1
1ee2
1e-
e10
000.e
1e
--2
1e+
1e+
1.2.3
+
++1
--2
1e+
1ee2
--2
1e-
+
1e+
1e
1.2.3
e10
000.e
1ee2
abc
1.2.3
e10
-
++1
+
1ee2
abc
0e
1.2.3
e10
1.2.3
1e-
e10
-
1.2.3
++1
.
++1
1.2.3
1ee2
000.e
++1
abc
-
0e
1e
abc
0e
+
.
1e+
.
abc
0e
++1
++1
000.e
-
0e
++1
1e
1ee2
e10
++1
e10
--2
++1
-
.
1ee2
000.e
1.2.3
+
1e-
1e-
abc
++1
1.2.3
1ee2
+
1e+
.
1e-
1ee2
1e
--2
e10
++1
abc
.
1e
1e
e10
1ee2
1e
.
+
000.e
.
1ee2
000.e
1e-
1e
1e-
abc
.
1ee2
1e-
--2
abc
1e+
.
++1
1.2.3
e10
1e-
abc
1e
e10
.
--2
e10
+
.
1e
1ee2
++1
1.2.3
.
0e
e10
.
-
++1
1e+
--2
1e-
e10
++1
000.e
000.e
1e-
1ee2
1ee2
1e-
-
-
e10
1e+
1.2.3
1e+
--2
--2
1e+
1e-
1e-
1.2.3
--2
++1
0e
1e
1ee2
.
1ee2
0e
e10
0e
e10
1e-
000.e
-
abc
e10
-
1e-
+
-
e10
1e
1e+
abc
abc
.
e10
abc
--2
e10
+
abc
e10
++1
1ee2
1.2.3
000.e
1.2.3
1e
-
++1
0e
1e
1e+
1e+
1e+
+
000.e
e10
.
--2
.
000.e
--2
1.2.3
+
1e-
1e+
1e
++1
abc
--2
1e
1e
0e
.
1e
0e
+
1e+
0e
--2
0e
1e
++1
1e
-
-
1e+
+
1ee2
000.e
e10
e10
1e-
.
e10
1.2.3
1.2.3
000.e
.
1ee2
++1
0e
1e
0e
1e-
-
1.2.3
1e-
0e
e10
1e-
.
++1
.
e10
1e
.
000.e
-
1.2.3
.
1ee2
1.2.3
1e+
+
.
++1
++1
-
1e+
1e+
abc
-
-
1e-
.
1.2.3
--2
abc
1ee2
--2
-
1e
.
1e
--2
abc
1e
+
--2
e10
1e
1ee2
abc
000.e
.
++1
1e+
abc
.
1e-
1.2.3
.
e10
--2
000.e
abc
.
+
.
+
1ee2
-
1e+
+
--2
0e
-
e10
abc
e10
1ee2
1e+
-
1e+
1e+
-
1.2.3
e10
1e+
1.2.3
abc
1e
-
++1
1.2.3
1e+
1e-
1ee2
1.2.3
1ee2
++1
.
1e+
+
e10
.
000.e
1ee2
-
+
--2
000.e
++1
.
+
1ee2
0e
000.e
1e
1.2.3
1ee2
--2
--2
++1
1e+
1e+
+
1ee2
.
0e
0e
++1
1.2.3
000.e
000.e
1ee2
1ee2
000.e
++1
0e
1e+
-
0e
1e
1ee2
-
1ee2
--2
abc
.
-
1ee2
1e
e10
--2
000.e
1e
000.e
abc
e10
+
1e+
1e+
--2
++1
.
0e
1.2.3
1e
+
1e-
++1
abc
1.2.3
++1
000.e
+
1e+
--2
1e
0e
1e+
+
000.e
abc
1ee2
.
1e-
0e
1ee2
000.e
1e+
0e
abc
0e
1e
abc
1e-
.
0e
-
++1
0e
-
1e
.
0e
abc
abc
1ee2
-
.
-
++1
abc
1ee2
0e
abc
1e-
1e-
--2
000.e
abc
1e+
+
1.2.3
1e+
1e-
0e
1ee2
0e
--2
000.e
0e
++1
-
.
-
1e-
0e
000.e
-
1e+
--2
000.e
1e
++1
++1
-
1ee2
+
+
.
1.2.3
1e
1e-
1ee2
1e+
1e-
--2
1.2.3
abc
1ee2
.
1e-
++1
1e
+
.
000.e
0e
1e+
1.2.3
abc
000.e
abc
e10
+
+
+
1ee2
1e
abc
1e-
1ee2
+
1e-
1e+
1e
-
abc
abc
--2
+
000.e
000.e
.
+
1e
-
abc
000.e
0e
1ee2
1e
1e-
-
-
1.2.3
1e
0e
-
000.e
++1
0e
1e
1e
+
000.e
+
000.e
1ee2
abc
++1
1.2.3
-
-
++1
1e-
.
.
e10
-
1e+
1e-
+
e10
abc
e10
.
abc
1e+
1e+
+
1e
e10
e10
e10
++1
e10
000.e
1.2.3
.
-
--2
1e+
+
--2
000.e
1.2.3
1.2.3
1e
++1
0e
abc
++1
+
1e+
--2
e10
e10
1.2.3
abc
1e-
-
.
+
e10
0e
0e
1ee2
0e
0e
e10
e10
.
.
0e
1e+
.
.
--2
1e+
abc
0e
+
-
-
++1
.
abc
1ee2
1e-
.
0e
--2
1.2.3
abc
0e
1ee2
+
.
0e
+
1.2.3
++1
++1
1e+
-
1e+
abc
--2
+
-
.
1ee2
1e
+
.
0e
e10
0e
.
0e
+
e10
1e
--2
1e
1e+
000.e
++1
-
++1
-
000.e
000.e
-
-
+
+
e10
++1
1.2.3
1ee2
1e+
++1
.
0e
--2
000.e
1ee2
+
1e+
abc
abc
-
1.2.3
1e
+
e10
-
abc
+
-
-
1e
+
.
--2
++1
1.2.3
.
+
abc
+
1e-
abc
-
abc
1.2.3
--2
000.e
1ee2
1e+
-
0e
1e+
1e-
-
e10
-
--2
1e-
000.e
1e-
--2
000.e
++1
0e
abc
abc
e10
000.e
+
++1
0e
--2
++1
++1
-
--2
1e-
abc
--2
e10
-
1e+
+
e10
1e-
+
abc
1e
1e
abc
++1
+
1e-
+
.
--2
1.2.3
1e-
1e
1e
000.e
1e+
++1
-
-
-
--2
e10
1e
0e
1e
abc
.
1e
0e
e10
000.e
abc
0e
++1
.
--2
1e-
-
1e
-
--2
000.e
-
e10
1e
+
1e+
.
000.e
e10
000.e
1e+
000.e
.
1e+
e10
1e-
.
abc
-
1e-
++1
++1
1ee2
+
1e-
1e
e10
1e-
1ee2
1.2.3
1e
-
1.2.3
e10
abc
1e+
e10
e10
.
000.e
000.e
--2
e10
++1
1.2.3
0e
++1
0e
.
1.2.3
-
000.e
1e
++1
1.2.3
1e-
e10
+
-
0e
--2
--2
+
1e+
--2
--2
0e
1e
1e
e10
-
1e-
1e-
1e-
1e-
.
+
0e
1e
0e
--2
1e+
1ee2
e10
1ee2
--2
1e
+
++1
1e+
000.e
abc
1e+
1e-
.
1.2.3
++1
1ee2
0e
++1
.
0e
abc
+
+
.
e10
.
abc
++1
.
1ee2
1ee2
1e-
--2
abc
++1
--2
0e
1e+
1e-
0e
1e+
.
1e-
1ee2
1ee2
--2
-
1e+
0e
1.2.3
abc
1ee2
--2
1e
e10
1e+
abc
++1
+
++1
.
abc
1.2.3
.
0e
--2
e10
0e
+
-
.
1e
1e+
abc
e10
++1
+
.
1e
0e
++1
++1
e10
1e+
0e
1.2.3
++1
e10
abc
1e
abc
++1
.
abc
1ee2
.
1e-
-
-
0e
--2
+
0e
1e+
.
abc
0e
1.2.3
e10
1.2.3
e10
-
1ee2
--2
000.e
1.2.3
-
--2
1e-
1ee2
0e
0e
+
.
1ee2
-
0e
e10
--2
-
.
--2
--2
.
1e+
000.e
1ee2
.
--2
000.e
abc
+
1e-
++1
1e
abc
-
0e
e10
e10
-
0e
--2
-
0e
1e
1e+
1e
+
-
1e+
++1
-
0e
1e-
000.e
+
1e
e10
++1
abc
000.e
++1
1e+
0e
000.e
abc
e10
1e
1ee2
abc
++1
abc
e10
1e+
--2
1e+
1ee2
++1
+
abc
1.2.3
.
0e
000.e
1e-
+
abc
.
0e
--2
1ee2
abc
-
1ee2
1e-
-
e10
1e
1e
--2
1e+
1e+
++1
--2
++1
1.2.3
1e
+
e10
.
--2
1e-
.
1ee2
1e
e10
1ee2
1.2.3
-
1e
1.2.3
0e
1e
+
abc
1e
000.e
1e
e10
--2
1e
1e-
--2
++1
--2
0e
-
-
000.e
++1
0e
0e
abc
0e
1ee2
-
.
0e
-
+
1.2.3
.
e10
0e
000.e
--2
1e+
1.2.3
0e
1.2.3
1ee2
-
1e-
e10
000.e
+
++1
1ee2
.
.
++1
0e
-
--2
1e+
1e+
--2
.
++1
++1
abc
e10
1ee2
1e
.
0e
.
e10
0e
+
0e
1.2.3
+
--2
--2
1.2.3
1e-
1e
++1
1ee2
0e
1e-
1ee2
1e+
e10
1ee2
1e+
abc
.
abc
abc
1e-
1e
.
+
+
1e-
abc
1e+
abc
abc
1ee2
1e+
+
1ee2
1.2.3
-
1e
--2
--2
++1
1.2.3
1e+
e10
0e
1.2.3
-
-
000.e
.
000.e
++1
--2
1e+
000.e
0e
-
--2
0e
abc
+
1.2.3
.
1.2.3
000.e
abc
--2
1ee2
e10
.
abc
1e
1e
++1
1e
++1
000.e
+
1e
1.2.3
000.e
e10
abc
abc
1e+
-
1e+
-
1e
abc
0e
-
1e
--2
1e
++1
1ee2
1e-
1e
e10
1ee2
++1
--2
1e-
abc
1.2.3
1ee2
++1
--2
1.2.3
abc
1e+
-
1e+
1e
1.2.3
1ee2
000.e
-
000.e
+
--2
+
+
+
abc
000.e
1.2.3
e10
-
abc
1ee2
1e-
--2
1e
++1
e10
e10
-
--2
1e
1ee2
1e
1e
--2
+
000.e
.
0e
1e-
1ee2
.
.
e10
-
e10
1e+
-
1.2.3
1e+
--2
abc
0e
1e+
-
000.e
000.e
++1
e10
1e
e10
000.e
abc
0e
1e+
++1
1e
1e-
1e-
++1
1e
abc
.
1.2.3
1e-
e10
1e
+
--2
+
-
000.e
000.e
abc
1e
1e
1.2.3
abc
1e-
1e-
++1
++1
+
1.2.3
000.e
1e-
0e
abc
1e+
+
--2
--2
++1
1e
0e
++1
.
e10
.
1e-
1.2.3
.
000.e
.
-
1e+
--2
++1
-
e10
e10
+
+
1.2.3
1.2.3
.
--2
1e
0e
1e+
1ee2
++1
-
1e-
-
.
1ee2
e10
e10
1.2.3
++1
--2
1e+
.
e10
0e
1ee2
000.e
++1
+
.
.
1e-
000.e
1.2.3
++1
-
-
1e
1ee2
1.2.3
-
1e+
.
000.e
0e
1.2.3
e10
1.2.3
1e
.
1ee2
++1
.
1e+
.
000.e
.
++1
abc
-
1.2.3
1e-
e10
1e+
+
+
-
abc
1ee2
1e-
-
1e-
1e+
0e
e10
000.e
1e-
.
--2
e10
0e
--2
++1
1e+
1e-
1e
++1
0e
+
000.e
1e-
1e+
.
1e-
1e+
000.e
e10
.
1e-
abc
1ee2
+
++1
e10
1ee2
1e-
000.e
1e-
0e
e10
-
e10
abc
--2
1e+
--2
++1
1ee2
0e
1.2.3
1e+
+
.
e10
1e+
1.2.3
0e
abc
e10
1.2.3
-
1ee2
abc
+
abc
1e+
000.e
000.e
+
1e+
.
1e+
+
e10
1e
e10
1.2.3
--2
1ee2
1e+
0e
1e
abc
abc
.
.
e10
1e
1e-
0e
--2
abc
1ee2
abc
abc
0e
--2
1e-
.
+
abc
++1
+
+
0e
abc
1e
1ee2
e10
abc
1e-
--2
++1
1e
1e-
++1
--2
+
+
1ee2
e10
.
0e
0e
.
1.2.3
++1
-
++1
1e+
++1
abc
-
1e
1e+
1ee2
000.e
0e
++1
++1
1e
+
.
000.e
1ee2
1.2.3
+
.
++1
1e-
1e
1.2.3
1e-
+
1e
-
abc
.
1ee2
e10
1ee2
+
1e
-
0e
.
--2
+
++1
--2
1e
1.2.3
e10
++1
abc
1e+
1.2.3
--2
1ee2
--2
0e
1e+
.
abc
++1
-
.
1e-
1e-
abc
.
1e-
.
abc
000.e
1.2.3
0e
-
+
-
+
--2
++1
abc
1e-
-
1e
1e-
--2
1e-
1e-
++1
1.2.3
++1
1e+
--2
1e
+
000.e
1e+
1e-
.
1.2.3
1.2.3
abc
1ee2
e10
-
1e+
++1
+
1e
0e
1e
1ee2
-
1ee2
++1
e10
1e+
1e-
abc
+
000.e
+
1e+
e10
+
+
1e
1e+
1ee2
e10
1e-
1e+
1ee2
000.e
++1
1e-
1e+
1ee2
1e
+
abc
abc
++1
1e
e10
0e
++1
1ee2
1.2.3
.
1.2.3
1e+
e10
1ee2
-
abc
1.2.3
0e
1e-
-
e10
+
+
.
000.e
abc
0e
e10
000.e
1ee2
e10
e10
-
1e
1e+
1.2.3
000.e
1ee2
1e-
000.e
.
e10
1e
1e+
0e
--2
-
abc
1e
1.2.3
.
-
.
e10
e10
e10
1e
++1
000.e
.
1.2.3
+
1e-
-
1ee2
1e+
+
000.e
e10
0e
abc
--2
1e
0e
000.e
000.e
.
abc
++1
--2
e10
++1
.
1.2.3
0e
abc
++1
.
1ee2
1e+
0e
+
1e
++1
0e
+
1e
1e-
000.e
1e-
--2
++1
++1
0e
.
.
1e
1.2.3
1e-
1e-
abc
+
+
1.2.3
--2
+
1.2.3
++1
.
--2
.
1e+
.
0e
--2
e10
0e
abc
e10
+
--2
0e
1.2.3
+
abc
1e+
-
abc
++1
+
1e
abc
abc
1ee2
0e
e10
1e
1e
1e
++1
+
0e
.
1e-
e10
1e+
++1
1ee2
1e
1ee2
e10
abc
1e-
.
1ee2
--2
1e-
1e+
--2
000.e
abc
+
abc
++1
+
0e
0e
+
1.2.3
+
1e+
000.e
1e+
1e+
1e-
1e-
++1
1e
e10
1e
-
+
++1
+
1e+
1.2.3
--2
1.2.3
-
0e
abc
abc
--2
.
0e
1e-
0e
1e+
+
1e+
1e-
-
--2
-
--2
+
1e
.
1.2.3
++1
1.2.3
--2
+
1e-
1ee2
1e-
1ee2
-
1e+
0e
-
1e
1ee2
e10
1e+
1e
0e
1ee2
000.e
abc
1e+
1.2.3
--2
1e-
000.e
1e
--2
-
+
++1
1.2.3
-
1e+
1ee2
0e
1e-
1ee2
e10
--2
.
+
e10
abc
1e
-
abc
-
--2
0e
1e
1.2.3
1e
1e+
++1
e10
++1
1e-
+
1.2.3
.
.
1e-
+
1.2.3
000.e
--2
1e+
1e+
1.2.3
e10
abc
1e
000.e
abc
-
abc
++1
1.2.3
000.e
000.e
--2
+
-
1e+
1.2.3
1e+
000.e
-
1ee2
0e
.
1e+
000.e
-
0e
000.e
e10
abc
1.2.3
000.e
1.2.3
++1
1e
abc
0e
000.e
0e
1.2.3
1ee2
0e
--2
++1
1ee2
1.2.3
1e
1e+
0e
1e+
000.e
-
abc
1.2.3
0e
1e-
e10
1e
++1
1ee2
1e-
--2
1e-
0e
000.e
-
1ee2
--2
-
0e
1e+
1e+
++1
+
1e
0e
000.e
--2
-
-
+
1.2.3
-
1e+
1e+
abc
1e
.
+
0e
+
e10
000.e
.
.
.
--2
1e+
1e+
e10
000.e
1e
+
1e+
1ee2
+
1e+
+
+
++1
-
++1
000.e
--2
1e-
1e-
1.2.3
e10
1ee2
.
e10
+
.
0e
1.2.3
+
1e+
1.2.3
1e
000.e
0e
++1
abc
1e
.
1e-
--2
++1
++1
++1
.
+
1.2.3
.
1e
1.2.3
e10
000.e
1ee2
1e-
.
1e
-
e10
1.2.3
e10
+
1e-
1.2.3
.
0e
0e
abc
e10
1e+
e10
-
1e
1e
-
000.e
1e+
++1
1e+
1.2.3
.
abc
++1
abc
++1
abc
e10
1e+
e10
1e
1.2.3
1.2.3
0e
000.e
--2
1e-
.
--2
++1
000.e
1e-
1e+
000.e
1e-
1ee2
1e-
1e+
1e+
.
++1
0e
e10
--2
1e
--2
000.e
0e
0e
1e-
abc
1ee2
1e+
1ee2
1.2.3
abc
1ee2
0e
1ee2
++1
1e+
++1
1ee2
1e+
.
++1
000.e
1e
+
++1
--2
0e
+
+
.
1e
abc
-
1ee2
1e
e10
000.e
1e
-
0e
-
--2
.
-
000.e
abc
+
1e+
000.e
-
++1
1e-
abc
1.2.3
1e
1e
1.2.3
e10
1e-
.
++1
-
1e
1e
000.e
1e-
.
1ee2
0e
1.2.3
+
1ee2
abc
e10
1e-
+
+
-
0e
0e
abc
000.e
+
1e+
--2
1.2.3
1e+
1.2.3
+
000.e
1e
1ee2
1e-
1e-
1ee2
+
0e
1e-
++1
0e
1e
-
0e
abc
+
-
0e
++1
-
1ee2
++1
1e-
1ee2
++1
1e
000.e
abc
+
1ee2
1e+
1.2.3
e10
0e
+
abc
e10
0e
--2
--2
1e
0e
++1
.
++1
1ee2
1ee2
+
-
--2
1e
abc
0e
-
e10
-
-
.
1e+
0e
1.2.3
1e-
-
-
1e+
1e-
1e+
1e+
++1
--2
.
000.e
++1
++1
+
1e+
0e
++1
0e
000.e
+
--2
e10
1e-
--2
+
1e-
1e+
e10
--2
1e
1e-
1e
1ee2
abc
1ee2
1.2.3
000.e
e10
1e-
0e
e10
1e
+
1e-
-
1.2.3
+
000.e
1.2.3
1e
+
.
abc
--2
1e+
1e
++1
e10
.
0e
e10
.
1.2.3
+
000.e
1e
--2
++1
1e
1ee2
0e
.
1ee2
--2
.
++1
1e-
1e
e10
1e-
e10
abc
.
--2
.
+
1e+
1e
1ee2
1ee2
--2
--2
1ee2
+
1e+
e10
-
abc
1e-
1e+
abc
+
abc
1.2.3
000.e
-
e10
e10
1e
1e+
abc
++1
0e
--2
++1
++1
++1
-
0e
e10
.
-
1.2.3
1.2.3
--2
e10
1e
000.e
.
1ee2
abc
1.2.3
1ee2
1e+
1e
+
.
+
e10
1e-
0e
1e
+
1e+
e10
1e-
++1
1e
1e-
1e+
-
1ee2
e10
e10
--2
1ee2
+
1e+
--2
++1
++1
-
000.e
1.2.3
000.e
000.e
0e
1e-
abc
1.2.3
+
1e-
0e
1ee2
++1
-
--2
+
-
.
1ee2
0e
1e-
e10
1e
0e
1ee2
1e+
000.e
e10
++1
1e+
1ee2
000.e
1.2.3
-
0e
--2
0e
1.2.3
1e+
1.2.3
1ee2
abc
-
000.e
+
++1
++1
1e+
0e
1e
e10
000.e
++1
1e-
1e
1e
abc
e10
e10
--2
000.e
1e-
1.2.3
.
.
1e+
.
abc
1e
abc
000.e
1.2.3
1e-
.
e10
.
e10
000.e
+
0e
1e-
--2
000.e
000.e
.
000.e
e10
1.2.3
1e-
1e+
abc
-
++1
e10
.
1e-
1e-
1e-
.
abc
e10
-
1e-
-
abc
e10
.
1e
000.e
+
abc
1e+
+
1e+
abc
+
1e
.
--2
.
1ee2
1e
1.2.3
++1
++1
e10
e10
1e
--2
1e-
-
-
.
1e-
1e+
1e-
1.2.3
e10
+
-
+
1e+
1e-
0e
e10
1e-
1e-
000.e
1e-
1e-
++1
abc
++1
0e
+
1ee2
1e-
--2
abc
--2
1e+
+
++1
+
-
1e-
++1
000.e
1e
0e
e10
1e+
000.e
1e
abc
1ee2
1e
e10
e10
abc
1e
--2
.
1ee2
1.2.3
++1
1e-
000.e
-
000.e
e10
1e-
1e
1e+
1e-
1ee2
1e+
.
1e
1e-
++1
++1
--2
abc
abc
1e+
.
0e
1.2.3
abc
++1
++1
e10
+
-
++1
abc
abc
1e+
.
++1
abc
1.2.3
-
--2
-
1ee2
1e+
1e+
+
1.2.3
++1
0e
000.e
e10
++1
e10
abc
e10
+
+
000.e
000.e
++1
1ee2
1ee2
--2
abc
0e
--2
1e
1ee2
-
.
1e-
000.e
.
++1
1ee2
e10
1ee2
++1
000.e
abc
e10
1.2.3
1ee2
e10
e10
1ee2
+
e10
1e-
.
1e
1e+
+
--2
1e+
-
.
1e+
000.e
--2
+
.
abc
1.2.3
1.2.3
000.e
-
.
abc
1.2.3
.
1e-
1.2.3
1e-
1e
1e-
1e
000.e
++1
.
000.e
++1
--2
--2
000.e
--2
-
-
--2
1e
1e+
-
+
-
1e
--2
0e
.
+
1e
--2
e10
-
000.e
-
1e-
1.2.3
0e
0e
.
--2
1ee2
abc
e10
.
e10
-
1e-
1e
.
.
1e
abc
1e+
--2
000.e
0e
1e
-
++1
.
000.e
1ee2
1.2.3
abc
.
1e+
-
-
0e
1ee2
1e-
1ee2
1e+
1e+
1e
abc
--2
abc
abc
1e+
abc
1e
1e+
+
--2
--2
abc
1.2.3
1e
0e
+
e10
abc
1.2.3
0e
++1
1ee2
+
1ee2
-
1e-
1.2.3
--2
1e
.
000.e
--2
--2
1e
1e
e10
1ee2
.
1ee2
1e
0e
1e-
1.2.3
--2
.
000.e
abc
-
.
1e-
1ee2
abc
e10
-
+
e10
000.e
.
-
000.e
-
0e
1e
1.2.3
1e-
1.2.3
.
1ee2
1.2.3
--2
e10
1e-
1e
000.e
+
.
1ee2
000.e
1e-
1.2.3
+
1ee2
-
1e
e10
1.2.3
000.e
e10
++1
1.2.3
000.e
0e
000.e
abc
1ee2
--2
0e
e10
1e
1e
--2
1ee2
e10
--2
--2
++1
1ee2
abc
1e
1ee2
0e
+
1ee2
1e+
++1
--2
+
abc
1e+
1.2.3
1.2.3
-
000.e
000.e
000.e
0e
0e
1e-
+
1ee2
abc
1e-
e10
1e-
1e-
0e
1e-
.
++1
000.e
1e-
1.2.3
--2
0e
e10
++1
000.e
0e
1.2.3
1e-
+
e10
1e
e10
++1
abc
1e+
1e
1e-
1e+
e10
0e
1e
e10
+
1e+
000.e
.
++1
+
e10
.
+
-
++1
-
e10
.
+
0e
-
e10
-
1e-
abc
1e+
.
++1
.
1e
++1
+
+
abc
.
+
abc
0e
1ee2
000.e
1ee2
++1
e10
1e-
1.2.3
.
1e+
1e-
+
1e
1e-
000.e
+
-
abc
-
.
000.e
++1
1.2.3
000.e
1e+
+
1.2.3
-
1.2.3
1e+
1e+
-
--2
abc
.
1ee2
000.e
1.2.3
-
e10
1e-
1.2.3
e10
1.2.3
1.2.3
abc
++1
++1
++1
1e-
1e
1e-
+
1e
1e-
abc
e10
0e
1e-
1.2.3
abc
1e+
1ee2
.
+
.
1e-
1.2.3
000.e
1e
1e
-
0e
1e+
1e
++1
000.e
abc
+
1.2.3
0e
000.e
-
1ee2
--2
.
1ee2
1ee2
-
e10
++1
e10
1ee2
+
1e-
1e-
.
1e+
++1
0e
-
++1
--2
000.e
e10
0e
1e+
.
1.2.3
0e
e10
abc
e10
1e+
1e-
-
000.e
-
1.2.3
1.2.3
.
1e
++1
--2
000.e
1e+
1.2.3
.
1ee2
-
0e
1e+
0e
++1
1e+
+
1ee2
.
1.2.3
1.2.3
e10
000.e
.
+
+
000.e
1e-
1e+
1ee2
1.2.3
1e
+
1e-
-
++1
1e+
e10
1e
1e
1.2.3
1e-
--2
1e+
abc
1e+
.
1.2.3
1.2.3
-
000.e
abc
++1
-
e10
1e-
+
1.2.3
abc
++1
1e-
1ee2
.
abc
.
1ee2
1e+
1e
+
e10
1e
.
.
1.2.3
abc
0e
.
1ee2
1ee2
1e+
1.2.3
1.2.3
.
1ee2
++1
--2
000.e
1.2.3
000.e
-
++1
.
0e
.
.
000.e
1e
000.e
--2
e10
1e
++1
1e-
1ee2
abc
-
e10
e10
--2
.
1e
abc
abc
-
1e+
.
1.2.3
--2
--2
000.e
1ee2
abc
++1
1e
++1
++1
e10
0e
--2
1ee2
++1
-
1e+
++1
1.2.3
1.2.3
1e
-
0e
-
-
1e-
e10
+
abc
++1
000.e
+
++1
0e
++1
+
1.2.3
--2
--2
000.e
1e
+
1.2.3
1ee2
+
e10
e10
+
1e-
1e
0e
1.2.3
1e+
--2
000.e
++1
1e
0e
000.e
--2
e10
1e-
+
1e
-
1e
1.2.3
1ee2
+
1e
.
1e+
1e
1ee2
0e
abc
-
abc
e10
--2
000.e
+
abc
-
1e
1.2.3
1e
0e
.
abc
1e-
++1
1.2.3
e10
abc
1e-
e10
1ee2
1e-
abc
000.e
+
1ee2
1ee2
0e
1e-
0e
e10
abc
1e+
-
++1
000.e
abc
1.2.3
000.e
abc
e10
-
--2
1e
.
1e
1ee2
0e
+
0e
+
-
-
+
--2
1e
1ee2
000.e
abc
1e+
++1
1e
--2
1.2.3
++1
1e-
1.2.3
1e-
.
1e-
1ee2
+
--2
--2
1e
1e+
1e-
1ee2
1e+
e10
.
+
e10
1.2.3
1ee2
.
--2
0e
1e
++1
+
0e
-
--2
000.e
--2
-
1e
1e+
1e-
++1
++1
abc
1e
0e
1.2.3
+
--2
++1
000.e
-
-
++1
++1
1e+
1e
1e-
1e
+
1e+
0e
-
1ee2
-
abc
+
1e
+
1e+
+
+
1.2.3
+
-
1e+
++1
1e
-
++1
-
++1
1e+
1e-
1e-
0e
1e
1e
1.2.3
1.2.3
--2
abc
e10
1e
1ee2
.
1e+
-
+
--2
e10
1e
.
1.2.3
1e+
1e-
000.e
1e+
e10
1e-
0e
++1
1e
+
1ee2
-
++1
1e+
++1
1e+
1e
0e
000.e
1e+
e10
1e-
1e
000.e
abc
abc
+
abc
++1
1e
1e+
000.e
1.2.3
000.e
1e
0e
1.2.3
e10
1e+
-
abc
++1
1.2.3
abc
0e
-
++1
abc
-
++1
1e+
+
1ee2
-
e10
1e-
++1
1ee2
1e+
abc
1ee2
++1
e10
0e
000.e
1e
1.2.3
++1
--2
1ee2
-
-
-
++1
.
1e+
abc
.
1e-
1.2.3
1e+
.
+
1.2.3
++1
abc
1e+
.
000.e
1e
1.2.3
abc
+
e10
e10
++1
+
+
-
0e
+
--2
+
1e+
e10
1e-
-
++1
++1
1ee2
0e
-
000.e
1.2.3
--2
1ee2
abc
000.e
.
1ee2
1e
1e
-
1e-
000.e
-
0e
-
e10
1ee2
1ee2
--2
0e
1e-
.
e10
abc
e10
1ee2
1.2.3
++1
000.e
-
-
abc
1e-
abc
1e+
.
1e-
++1
--2
--2
-
000.e
--2
1e
++1
1.2.3
-
--2
1ee2
-
1e-
--2
1.2.3
1e+
+
000.e
-
1e+
1ee2
--2
-
1ee2
++1
abc
0e
0e
-
.
e10
e10
--2
0e
+
0e
1.2.3
1e+
1.2.3
.
--2
-
1ee2
abc
1ee2
1e
0e
1e-
1e-
abc
1e-
1e+
+
1e-
1e
+
1e
1e
.
1e
.
1e
.
++1
+
.
000.e
++1
e10
-
1e-
000.e
.
000.e
e10
1ee2
1e-
1.2.3
-
e10
1.2.3
0e
e10
1.2.3
++1
++1
0e
000.e
--2
000.e
1e-
+
1e-
abc
++1
.
--2
e10
1e-
000.e
0e
1.2.3
1e+
1e
++1
1.2.3
0e
1.2.3
0e
+
--2
++1
--2
-
1e+
1e+
--2
1e+
000.e
1e+
1e
1e-
-
abc
1.2.3
1ee2
.
--2
1e+
--2
1ee2
--2
1.2.3
abc
000.e
1e-
1.2.3
000.e
++1
000.e
++1
1.2.3
1ee2
1.2.3
1ee2
1.2.3
1e
1e-
1e-
+
e10
abc
e10
1e-
.
e10
--2
000.e
1e+
.
.
1e+
1ee2
000.e
1.2.3
1.2.3
-
1e
--2
abc
1ee2
1ee2
1e-
--2
+
++1
1e-
1e+
+
e10
+
-
000.e
0e
0e
1ee2
--2
.
.
-
1e-
1.2.3
1e-
1e+
e10
-
1ee2
.
+
1.2.3
++1
+
000.e
1e
1ee2
-
0e
1.2.3
abc
1.2.3
.
1ee2
.
e10
-
-
e10
1e+
1e+
abc
1e-
-
e10
1e-
abc
+
--2
1.2.3
1e-
0e
0e
0e
+
-
e10
+
1.2.3
1ee2
1e+
--2
.
0e
.
+
.
1e-
+
1.2.3
000.e
++1
1e+
--2
0e
.
abc
abc
000.e
1e
e10
.
0e
abc
-
1e
-
++1
1e
0e
1.2.3
e10
1e
1e-
1e-
.
0e
--2
.
1.2.3
1ee2
1e-
+
0e
.
1e-
+
+
1e-
++1
e10
-
-
1e-
.
0e
--2
1e
-
e10
-
1e
1ee2
.
1e-
0e
+
.
+
-
1e-
abc
1e-
1ee2
.
1.2.3
1.2.3
1e
abc
000.e
++1
-
1e
++1
1.2.3
--2
1.2.3
++1
1ee2
+
abc
1e+
.
1ee2
+
0e
.
1e
0e
1e
--2
.
-
1e-
++1
1ee2
--2
e10
1e
1ee2
1e-
1e-
1.2.3
-
++1
+
1e+
--2
000.e
++1
1e+
1e-
++1
e10
1e
e10
1ee2
1e+
1.2.3
0e
1e+
--2
1e
.
0e
1e-
1e-
000.e
000.e
1e
+
1e-
0e
--2
0e
1e+
0e
1e-
e10
e10
--2
1e-
++1
1e+
++1
1e+
+
1e
++1
.
0e
++1
++1
1.2.3
1e+
e10
++1
++1
1.2.3
1e
++1
1e-
000.e
-
abc
++1
1e-
+
0e
1e
++1
+
--2
1e-
+
1e+
abc
+
+
1e-
1e
1e+
1.2.3
++1
e10
.
1e+
1.2.3
++1
1e
--2
--2
-
1ee2
+
e10
++1
-
0e
--2
0e
0e
+
e10
e10
.
1e+
1e
0e
1e-
1e+
1ee2
++1
.
1e-
1e-
1ee2
1e
1e-
1e
e10
e10
e10
abc
e10
abc
1e+
0e
abc
--2
1e+
000.e
0e
++1
+
.
1e
+
--2
1e
.
1ee2
1.2.3
++1
-
1ee2
+
1e
++1
abc
1e
++1
--2
+
--2
0e
000.e
--2
++1
1.2.3
1e-
.
++1
.
+
1e-
1.2.3
.
1e
0e
.
e10
.
-
1.2.3
++1
+
0e
++1
abc
-
1e-
++1
--2
1e+
0e
abc
0e
--2
.
1ee2
.
e10
abc
0e
.
1.2.3
1e+
--2
+
1ee2
1e-
1ee2
--2
.
++1
000.e
e10
-
1e
+
1.2.3
--2
++1
0e
1e+
.
1e+
.
000.e
abc
000.e
1e
-
1ee2
0e
1e-
abc
0e
0e
++1
1e
e10
+
-
1.2.3
abc
1e+
1e
++1
1e
1e
1ee2
1e-
-
0e
000.e
1e-
1.2.3
0e
.
e10
1e
++1
1ee2
abc
abc
+
.
000.e
.
0e
.
+
++1
--2
1ee2
1e
1e
000.e
e10
--2
e10
abc
1e-
1.2.3
-
e10
1e-
000.e
e10
1ee2
.
0e
1e+
1.2.3
1e
-
1.2.3
++1
1.2.3
+
-
abc
.
1e+
1e-
000.e
e10
1ee2
000.e
++1
+
1.2.3
1e
e10
e10
1e+
--2
1.2.3
1ee2
1e+
1e-
--2
1e
1ee2
.
1ee2
000.e
e10
+
+
+
1e+
1e
--2
1.2.3
000.e
1e-
-
abc
1.2.3
1ee2
0e
.
--2
0e
++1
0e
--2
0e
++1
-
++1
e10
--2
0e
e10
1e+
-
1e-
0e
abc
0e
1e+
++1
-
-
-
+
000.e
+
000.e
--2
1e-
abc
1e+
e10
1e+
0e
1e+
1e
1.2.3
abc
.
.
--2
+
abc
1ee2
1.2.3
000.e
1.2.3
-
++1
0e
.
1ee2
1e-
1e-
1e+
+
1e
1ee2
1e
000.e
1ee2
-
1.2.3
e10
1ee2
1e+
1.2.3
1.2.3
+
000.e
-
1.2.3
abc
1ee2
abc
1e+
-
0e
-
1e-
000.e
++1
1e-
1e+
+
-
.
000.e
e10
++1
1.2.3
.
1e
1.2.3
000.e
++1
--2
abc
++1
1e-
++1
abc
1.2.3
++1
000.e
-
abc
1e-
+
1ee2
--2
1e+
e10
++1
+
e10
.
000.e
000.e
1e
1e-
0e
e10
e10
abc
1e
1e
abc
--2
0e
1.2.3
000.e
0e
abc
1e+
-
1e-
1e-
000.e
++1
abc
e10
1e-
e10
000.e
1e-
1e
-
1ee2
+
++1
0e
1e
0e
.
+
1ee2
-
000.e
+
000.e
--2
1.2.3
1e
1e+
-
.
1ee2
-
--2
1e-
1e+
1e
-
e10
-
--2
.
++1
1.2.3
.
000.e
1.2.3
1e+
1e+
1.2.3
abc
1ee2
1ee2
0e
e10
abc
++1
+
++1
abc
000.e
1e
++1
abc
+
.
1ee2
abc
1e+
1.2.3
1.2.3
abc
1e+
e10
1.2.3
++1
++1
000.e
--2
1ee2
.
0e
++1
.
+
1.2.3
abc
1.2.3
--2
1e
0e
1ee2
abc
1e+
000.e
1.2.3
abc
-
e10
1e
--2
-
1e
0e
1e+
1e
1ee2
1ee2
1ee2
1e-
++1
1.2.3
.
e10
1e-
000.e
1.2.3
1e+
++1
--2
000.e
++1
-
1e+
--2
-
++1
000.e
++1
++1
1e+
-
.
-
0e
+
-
--2
e10
abc
000.e
1e
.
1e+
1e-
1ee2
--2
1e
000.e
0e
000.e
0e
1.2.3
.
++1
.
+
e10
abc
1.2.3
1e-
-
++1
++1
++1
.
1ee2
abc
-
1.2.3
abc
--2
1e
-
.
++1
e10
-
1ee2
0e
.
1e-
1.2.3
000.e
1ee2
1e-
+
abc
.
e10
+
1e+
0e
000.e
e10
-
1.2.3
-
1.2.3
--2
1e
0e
+
000.e
1.2.3
-
++1
-
1.2.3
--2
abc
1ee2
e10
.
1e+
abc
.
e10
1e+
+
abc
1e
e10
0e
1e+
000.e
++1
e10
-
1e
000.e
1e-
000.e
.
1e-
1.2.3
000.e
--2
1ee2
1e+
1e+
1ee2
--2
++1
-
1ee2
1e
1.2.3
e10
1ee2
+
1.2.3
1.2.3
1.2.3
abc
abc
1e
000.e
abc
1ee2
1ee2
1.2.3
1e-
abc
000.e
0e
e10
abc
1e+
1e+
--2
.
0e
1e
1e+
+
.
000.e
1.2.3
1.2.3
-
0e
+
1ee2
1ee2
++1
1e+
-
0e
abc
+
000.e
.
1ee2
--2
e10
1.2.3
1.2.3
+
000.e
-
0e
abc
000.e
e10
1.2.3
abc
-
--2
.
0e
1e-
1e+
1e-
1e
1e+
+
.
.
.
-
--2
0e
+
.
abc
-
++1
0e
--2
1e+
0e
.
1ee2
1ee2
++1
1e-
e10
1e+
1ee2
.
0e
1e+
.
000.e
--2
1e
++1
1e+
0e
++1
.
++1
000.e
++1
1.2.3
--2
0e
++1
1e
+
++1
1e-
abc
abc
--2
000.e
.
1e-
1ee2
.
1ee2
0e
1e-
1e+
1e+
1e+
+
.
000.e
--2
1e-
0e
++1
1e-
e10
--2
1e-
1e-
1ee2
abc
abc
--2
-
0e
--2
1e
1e
+
1e+
000.e
1e-
.
0e
+
1.2.3
-
0e
1e
-
-
-
+
.
abc
-
1.2.3
.
1e
abc
1e-
++1
+
.
--2
+
+
1e-
.
++1
++1
1e
+
+
--2
000.e
000.e
0e
++1
abc
1.2.3
--2
++1
1e-
e10
-
++1
000.e
-
e10
0e
1.2.3
1e+
1e-
-
+
1e-
0e
--2
1.2.3
.
1e-
1ee2
1.2.3
0e
+
1e+
abc
--2
1ee2
1.2.3
1e
1e-
.
--2
-
--2
0e
000.e
1ee2
1e
--2
.
++1
000.e
1.2.3
000.e
1e+
e10
1e
1e-
0e
.
1.2.3
1e-
+
-
1e
1ee2
1e
++1
1e-
1ee2
0e
1e+
abc
e10
abc
.
1ee2
1e
000.e
+
1e-
+
+
-
0e
1ee2
0e
1.2.3
e10
000.e
e10
abc
++1
--2
+
1e
.
1.2.3
1ee2
1e-
e10
1e
+
--2
1ee2
1e-
.
0e
++1
1.2.3
.
0e
1.2.3
+
1e
1.2.3
e10
-
.
1ee2
000.e
1e
1e+
1e
1e+
-
000.e
1e-
1ee2
1.2.3
++1
1e-
1e+
1e+
e10
-
abc
-
1.2.3
1.2.3
e10
0e
0e
1e
000.e
1e
0e
1e+
1e-
1e+
1e-
1e+
0e
.
000.e
.
.
000.e
-
1ee2
1.2.3
-
++1
1ee2
1e
000.e
-
0e
.
1e+
abc
++1
++1
1ee2
0e
1e+
+
e10
0e
0e
abc
1.2.3
-
abc
1e-
1e-
.
-
1.2.3
--2
1e+
e10
1ee2
.
1e-
e10
0e
-
1e
+
.
1e
1e
abc
.
1e
++1
1e-
-
1e-
1.2.3
.
000.e
.
abc
1e-
.
+
+
1e
e10
+
-
.
--2
0e
+
1e-
1e-
.
--2
1e
1ee2
1ee2
1.2.3
abc
+
1e
-
--2
1e+
1e+
0e
-
--2
1ee2
e10
1.2.3
-
--2
+
000.e
0e
1e+
+
-
0e
e10
1.2.3
-
e10
0e
--2
.
+
1e+
-
-
abc
1e-
1ee2
1e
000.e
-
1e
0e
--2
e10
abc
e10
-
abc
1e
+
abc
++1
1e+
-
e10
e10
+
1e-
1.2.3
1e-
000.e
++1
1.2.3
000.e
-
1ee2
-
++1
abc
++1
1e+
0e
1ee2
-
1e
1e+
1.2.3
0e
1e-
1e-
1e+
++1
+
++1
1e
1ee2
--2
1ee2
0e
.
-
1e+
0e
1e-
1.2.3
abc
1e-
0e
e10
1e+
.
--2
1ee2
e10
1.2.3
0e
e10
--2
1e
1e
++1
1.2.3
0e
1ee2
abc
1.2.3
abc
+
+
-
+
1ee2
000.e
abc
e10
e10
+
--2
1e
000.e
++1
abc
--2
++1
--2
1e
abc
1e+
.
-
++1
1ee2
e10
1e-
1e+
abc
e10
1e-
000.e
1ee2
e10
1.2.3
+
1ee2
.
1e
e10
1e+
++1
abc
000.e
000.e
.
e10
.
1ee2
++1
--2
+
1e+
0e
1ee2
+
0e
e10
1e+
--2
--2
.
abc
0e
1e-
000.e
+
1.2.3
+
+
1ee2
.
+
e10
e10
.
000.e
+
e10
.
1ee2
abc
e10
+
-
1ee2
++1
+
1e-
e10
0e
--2
1e+
e10
.
--2
0e
e10
0e
--2
1.2.3
1e+
abc
--2
e10
1e
--2
1ee2
1.2.3
e10
0e
.
000.e
+
--2
--2
--2
1ee2
--2
0e
e10
abc
abc
+
.
000.e
1ee2
000.e
.
1e-
e10
.
000.e
e10
-
1e+
1e-
000.e
+
+
1e
1ee2
abc
e10
+
--2
--2
--2
1e-
000.e
-
+
000.e
1ee2
1.2.3
abc
abc
0e
e10
1e-
--2
++1
1e+
-
+
1e
1e-
-
--2
1.2.3
1e-
0e
e10
.
0e
+
abc
++1
1e-
1ee2
1e
+
1e-
e10
--2
1e-
+
1e-
1.2.3
1ee2
1e
000.e
1.2.3
1e+
1e+
e10
1e+
.
+
1e
++1
0e
1.2.3
1e
1e+
--2
++1
1.2.3
--2
-
1e
1e-
000.e
1e
e10
abc
--2
--2
++1
1e
1e
1.2.3
abc
--2
--2
1e-
e10
1e-
e10
e10
+
-
--2
1ee2
000.e
1.2.3
000.e
++1
+
1ee2
-
.
abc
1e
e10
000.e
1e-
--2
000.e
000.e
--2
1e-
1ee2
+
1e-
e10
0e
.
000.e
1ee2
-
++1
0e
1e+
1e-
--2
1.2.3
1.2.3
1ee2
1e-
abc
++1
1.2.3
-
1.2.3
--2
1e+
0e
-
1e+
.
1.2.3
abc
1e-
++1
--2
1e-
++1
1ee2
0e
1e
-
++1
.
e10
1e
1.2.3
++1
1ee2
1e
1e
-
000.e
1.2.3
1e
-
1e-
0e
1e-
000.e
1ee2
000.e
1e
000.e
abc
+
++1
--2
1.2.3
1e
0e
0e
-
1e
--2
++1
e10
abc
1e+
000.e
000.e
1e-
-
.
abc
abc
e10
.
-
1e-
abc
000.e
abc
1ee2
1ee2
-
0e
1e
000.e
0e
1ee2
000.e
000.e
1e+
-
+
1ee2
+
0e
0e
1.2.3
000.e
--2
1e-
abc
-
+
abc
1e
1e
+
-
e10
+
abc
+
-
++1
0e
++1
000.e
0e
000.e
++1
0e
1e+
.
000.e
1e-
1e+
.
1ee2
e10
1e+
++1
.
--2
.
++1
000.e
000.e
1e+
--2
abc
1e
--2
1ee2
--2
e10
--2
1e-
1e
e10
1.2.3
1e
++1
1e-
.
1e-
e10
+
+
1ee2
-
0e
++1
e10
1ee2
abc
1e-
1e-
000.e
abc
abc
1ee2
abc
000.e
0e
abc
abc
.
abc
000.e
++1
--2
.
e10
-
+
0e
0e
1e
e10
1e
--2
.
1ee2
1.2.3
1.2.3
--2
1e
1.2.3
1e
+
-
1e-
-
1ee2
--2
++1
1e+
--2
-
0e
-
0e
1ee2
-
1e+
+
1e-
e10
1e
1ee2
.
abc
e10
-
1e
000.e
++1
-
++1
1e
000.e
1e+
++1
1e
1e
000.e
-
abc
1.2.3
1e+
+
000.e
1ee2
abc
+
1e+
000.e
e10
1e
-
.
1e
e10
e10
-
1e+
1e
++1
000.e
+
1.2.3
000.e
1e-
0e
+
e10
--2
1.2.3
1.2.3
000.e
abc
++1
1ee2
1e
1e+
e10
--2
1e
abc
1e-
.
1.2.3
++1
000.e
1e-
--2
1.2.3
1e
1e+
abc
++1
.
1e
1e+
.
1ee2
.
1e-
1e-
1e
1e-
0e
1e
-
e10
000.e
1e
1e-
abc
.
0e
-
e10
0e
0e
-
1ee2
1e
000.e
1ee2
e10
1e-
1e+
1e+
1e
1e-
1.2.3
abc
e10
.
1ee2
e10
abc
abc
0e
000.e
.
1e
++1
1e+
e10
++1
1e
+
1.2.3
++1
+
0e
1ee2
--2
1e-
--2
++1
e10
+
e10
1ee2
1e
1.2.3
0e
1e-
++1
-
000.e
1ee2
.
+
++1
e10
000.e
-
1e+
1e-
.
0e
e10
1ee2
--2
1e+
1.2.3
0e
.
.
1e+
+
1e
1e-
.
++1
--2
.
1e-
.
1e
1.2.3
0e
1e+
1e+
-
1e
000.e
.
1e+
1ee2
0e
1e-
-
1e
-
1.2.3
1e-
abc
0e
--2
+
1e-
1ee2
e10
0e
1.2.3
.
000.e
+
+
-
abc
1.2.3
000.e
abc
0e
abc
1e+
0e
1ee2
000.e
-
000.e
++1
--2
-
1.2.3
0e
e10
e10
--2
+
0e
.
-
1.2.3
e10
000.e
1.2.3
000.e
.
.
-
0e
.
1e-
abc
.
1ee2
1e
abc
abc
0e
1ee2
1ee2
++1
1e-
e10
abc
-
1e
--2
0e
abc
1e+
1e
1e-
abc
0e
-
1e+
000.e
1.2.3
++1
0e
1e+
0e
1e-
e10
abc
-
000.e
+
1ee2
1e+
.
0e
000.e
+
++1
0e
1e+
.
++1
abc
1e+
-
+
.
1e-
1e
+
1e-
-
++1
000.e
++1
++1
e10
-
1e+
++1
0e
++1
abc
1e-
.
1ee2
0e
+
0e
++1
e10
1e-
0e
1e+
0e
000.e
.
000.e
0e
1e
-
1.2.3
.
1ee2
1e
-
1e+
abc
++1
--2
0e
1e
abc
1ee2
--2
-
-
1e
1e+
--2
+
-
e10
e10
1ee2
e10
abc
+
-
e10
abc
+
e10
++1
1e-
e10
000.e
e10
000.e
.
1e+
.
++1
++1
++1
1e
1ee2
1e+
+
1ee2
1ee2
-
1ee2
abc
--2
e10
e10
+
0e
1e
000.e
1e-
-
1e-
+
000.e
0e
e10
-
1e+
000.e
e10
0e
000.e
1e+
1e-
1e+
--2
-
000.e
000.e
.
--2
0e
1.2.3
000.e
1e+
.
1e-
--2
1e-
-
-
0e
+
abc
abc
1e
1e-
--2
-
e10
1ee2
e10
+
1e+
1e+
1e+
++1
1e
-
e10
abc
-
000.e
1e+
++1
.
1ee2
1e+
1.2.3
abc
1ee2
1e
++1
++1
1e+
1ee2
0e
abc
abc
1e+
-
++1
.
.
1.2.3
1e-
e10
--2
0e
e10
abc
1e-
abc
1.2.3
1.2.3
+
000.e
+
--2
1e+
-
1e+
000.e
-
--2
1e
e10
1e-
1e
--2
0e
1ee2
1.2.3
1e-
1e
+
0e
1ee2
++1
++1
++1
+
1e-
-
1e-
1ee2
.
.
+
1.2.3
1e+
+
+
.
e10
0e
.
1.2.3
abc
abc
000.e
+
1e
1e-
1ee2
++1
1.2.3
1e+
1.2.3
1e-
--2
e10
++1
+
1ee2
1e+
--2
++1
++1
1e
--2
++1
--2
000.e
1ee2
+
e10
1e
+
1ee2
1ee2
+
++1
e10
1.2.3
++1
1ee2
--2
1.2.3
1ee2
++1
1.2.3
1.2.3
1e-
--2
--2
--2
1.2.3
-
1e
abc
1.2.3
e10
1e
+
1e
1.2.3
1e+
1.2.3
1.2.3
++1
000.e
e10
1e
e10
e10
e10
abc
.
-
1e-
.
e10
1e+
1e
1ee2
e10
1e-
1.2.3
.
0e
1ee2
1e-
+
++1
abc
000.e
abc
1e
1.2.3
.
1ee2
1e+
-
000.e
abc
1e-
1.2.3
0e
0e
.
1e
abc
1e-
1.2.3
abc
++1
0e
1.2.3
+
1ee2
1ee2
e10
--2
1e
++1
.
.
1e
1.2.3
+
++1
--2
-
-
1.2.3
1e+
1e-
++1
000.e
1e
1ee2
0e
+
+
+
1.2.3
--2
-
+
1ee2
+
e10
000.e
1.2.3
1ee2
1e
e10
0e
1e
.
1e-
000.e
--2
1e+
e10
-
+
++1
1e+
++1
1e-
1e+
1e+
+
1e-
1.2.3
--2
1e+
+
abc
1e
1e
1e+
--2
-
--2
1e
.
++1
1e+
1e-
abc
1e-
+
1e
1.2.3
e10
.
1e+
1e-
1.2.3
1e-
-
0e
-
1.2.3
-
1e+
0e
+
abc
e10
1ee2
++1
000.e
e10
e10
.
1e+
-
1e+
1e-
000.e
.
++1
++1
-
+
--2
1ee2
1.2.3
--2
1.2.3
1e+
-
.
--2
1.2.3
e10
--2
000.e
++1
++1
-
e10
++1
1ee2
1.2.3
1e+
1ee2
1.2.3
-
000.e
000.e
1e
000.e
1.2.3
1e+
1e
+
1.2.3
-
1.2.3
-
-
1e
-
1e
1ee2
000.e
1.2.3
--2
000.e
1.2.3
.
--2
000.e
+
++1
.
1e
1e+
1e
1e
1e-
1e+
e10
--2
1ee2
1e-
-
1.2.3
1ee2
1e+
000.e
-
.
1e
abc
000.e
.
e10
1e+
1ee2
1e
1ee2
1ee2
0e
1e
-
-
++1
1e-
1.2.3
-
000.e
1e+
1.2.3
1e+
1.2.3
--2
++1
0e
1e
0e
1e-
e10
-
--2
1.2.3
1e+
1ee2
++1
1e+
+
++1
e10
0e
--2
.
1ee2
abc
1ee2
+
--2
e10
++1
0e
1.2.3
000.e
e10
.
1ee2
1ee2
e10
1e-
1.2.3
--2
1e+
abc
0e
1ee2
1ee2
++1
++1
abc
-
++1
--2
e10
--2
+
1ee2
1e
1ee2
1e-
-
abc
1e+
0e
1e
1ee2
1e
0e
e10
.
abc
1e-
1e
++1
1ee2
.
--2
--2
000.e
000.e
1e
1e
+
+
e10
000.e
abc
abc
-
e10
--2
+
1e
1e+
.
e10
-
1e+
1.2.3
000.e
1ee2
1e+
abc
1e-
+
1e-
1e
0e
1ee2
-
1.2.3
0e
abc
0e
-
+
1ee2
++1
0e
--2
1e+
--2
000.e
--2
abc
.
.
1e-
1ee2
+
1.2.3
++1
1e-
1e
abc
1e
1e-
e10
1ee2
.
1e-
1e+
1.2.3
++1
000.e
1e
1.2.3
--2
--2
++1
++1
+
1e
+
1e
1.2.3
1e-
e10
1.2.3
++1
abc
.
1.2.3
.
.
1e-
abc
+
1.2.3
+
-
abc
1e-
1e-
.
++1
++1
-
e10
abc
.
1e
++1
abc
000.e
1e+
000.e
e10
1e-
.
-
1e-
--2
abc
000.e
.
1.2.3
--2
1ee2
0e
1.2.3
1e
1.2.3
1.2.3
1e+
000.e
++1
0e
1e+
1.2.3
0e
--2
1ee2
1ee2
1ee2
++1
abc
1e-
1e
1ee2
0e
++1
-
1e
1.2.3
++1
abc
++1
1e-
1e+
1e+
1e-
1e
1e
1ee2
1e-
1e+
e10
e10
1e
1e
0e
1.2.3
--2
e10
+
abc
abc
++1
++1
.
1e+
+
000.e
1e
1e+
++1
-
--2
1.2.3
++1
1e
1e-
1e
1e
1.2.3
1ee2
++1
++1
1e
1e+
abc
e10
+
e10
-
1e-
1e+
1e+
000.e
+
1.2.3
+
++1
1e
.
0e
abc
1ee2
1e-
e10
++1
000.e
1ee2
1e+
.
.
+
abc
e10
+
++1
1e+
000.e
1e
0e
e10
-
000.e
1e+
1e-
0e
0e
e10
1.2.3
1e
--2
-
--2
1e-
e10
0e
.
1ee2
e10
abc
1e+
1e
abc
0e
1e-
.
0e
e10
-
1.2.3
-
abc
e10
.
+
1.2.3
1e-
-
0e
.
0e
+
.
1.2.3
0e
+
+
+
1e+
e10
e10
e10
1ee2
1ee2
0e
abc
1.2.3
.
e10
1e+
1e+
1e-
--2
1e-
e10
1e-
1ee2
0e
1.2.3
abc
abc
1ee2
1e+
0e
1ee2
+
1e+
--2
1.2.3
++1
--2
--2
1e
1e
abc
1e+
0e
-
+
1ee2
000.e
1ee2
1e-
1.2.3
e10
-
.
--2
++1
.
abc
000.e
e10
0e
+
++1
1.2.3
1e+
0e
1e
abc
abc
+
1e-
0e
000.e
++1
.
abc
000.e
1e+
abc
1ee2
abc
.
000.e
abc
--2
1ee2
-
+
--2
000.e
++1
1ee2
--2
--2
1e
1ee2
+
e10
--2
1e
++1
0e
0e
1ee2
--2
-
-
.
e10
1.2.3
1e+
++1
1e
--2
++1
++1
++1
000.e
abc
--2
abc
000.e
abc
+
-
1.2.3
1e+
1ee2
e10
.
-
0e
0e
1ee2
e10
1ee2
1e
--2
1.2.3
1e
1.2.3
1e+
1ee2
-
e10
abc
-
1e+
.
+
++1
-
0e
++1
000.e
1e
1e+
0e
1e
0e
abc
1.2.3
e10
1ee2
1.2.3
-
1e-
++1
1.2.3
+
1e
+
e10
1e-
--2
--2
abc
-
+
1.2.3
++1
abc
e10
1e-
1ee2
1e+
1.2.3
-
1.2.3
+
+
--2
0e
abc
e10
1e+
1.2.3
abc
.
000.e
abc
1ee2
abc
1ee2
abc
-
0e
--2
1e-
0e
0e
0e
000.e
1e
--2
abc
e10
.
.
-
+
e10
+
.
--2
-
++1
1e
.
--2
e10
abc
e10
abc
1.2.3
1e-
1e
1e-
++1
abc
1.2.3
abc
-
0e
0e
0e
1.2.3
++1
.
0e
+
1.2.3
--2
+
--2
1e
+
.
0e
1e
abc
++1
1ee2
1e+
abc
1.2.3
1ee2
abc
--2
0e
e10
1e-
++1
1e-
1.2.3
+
+
-
abc
+
e10
1.2.3
--2
+
+
+
1e
-
1.2.3
000.e
0e
-
-
.
1e+
-
.
+
1ee2
1.2.3
1.2.3
+
1e+
++1
abc
e10
abc
.
1e+
1ee2
e10
--2
-
.
++1
e10
abc
--2
1ee2
e10
0e
1e+
++1
1.2.3
1.2.3
1ee2
1e-
+
+
e10
--2
1.2.3
1e-
abc
1e
--2
1.2.3
1.2.3
0e
++1
--2
000.e
1e
--2
000.e
000.e
--2
.
0e
1e+
++1
++1
++1
--2
1e
000.e
e10
1ee2
-
abc
e10
+
.
--2
1ee2
1ee2
1e+
--2
abc
000.e
1ee2
abc
e10
+
1e-
+
1ee2
1e+
.
++1
1e
e10
000.e
1e
.
1e
abc
1ee2
1.2.3
1ee2
1.2.3
000.e
1e-
--2
+
abc
--2
abc
000.e
+
-
1e+
0e
1e
++1
1e-
e10
1e+
0e
.
.
e10
--2
1e
000.e
1e+
--2
1e-
++1
+
1e
+
0e
0e
--2
.
e10
1ee2
1e+
1e-
.
1e
1e+
0e
1e-
1ee2
+
--2
1e-
1.2.3
1ee2
000.e
--2
++1
1e+
-
000.e
1ee2
1ee2
1.2.3
abc
1ee2
1ee2
1e+
abc
.
e10
e10
-
1.2.3
1e
++1
1e-
1e
1.2.3
+
1e+
--2
++1
1e+
--2
1.2.3
1ee2
e10
--2
-
1ee2
++1
.
000.e
++1
1e+
1e-
1ee2
e10
1e+
0e
--2
e10
e10
1.2.3
1ee2
1e
000.e
++1
1e
1.2.3
1e+
1ee2
e10
000.e
1e+
++1
1e+
1e+
e10
e10
0e
abc
+
+
1ee2
000.e
1e
1e+
.
.
0e
--2
1e+
abc
-
+
000.e
0e
.
1e
.
1ee2
000.e
abc
1e-
++1
e10
-
abc
1.2.3
-
--2
++1
000.e
000.e
1ee2
1e+
--2
+
--2
-
1e-
0e
1e-
0e
abc
0e
--2
--2
-
1.2.3
0e
000.e
1e
1.2.3
-
e10
1e-
0e
e10
1.2.3
--2
--2
e10
abc
e10
1e+
.
--2
.
e10
1e+
-
--2
++1
1.2.3
1ee2
e10
+
++1
1e-
-
abc
000.e
-
1.2.3
0e
.
1.2.3
++1
+
+
-
0e
-
+
abc
1e-
0e
-
++1
.
1e+
+
000.e
e10
++1
++1
e10
000.e
1ee2
-
1.2.3
++1
--2
1e-
e10
0e
1ee2
abc
+
1e+
.
--2
-
--2
abc
abc
1ee2
--2
1.2.3
1e-
e10
1e+
0e
-
++1
+
+
1ee2
-
1e
1ee2
abc
-
e10
1e-
abc
000.e
000.e
+
1.2.3
.
+
.
+
++1
1ee2
000.e
e10
0e
1ee2
-
-
1e+
0e
e10
++1
.
1ee2
abc
e10
1e
0e
1e+
.
1.2.3
.
--2
-
abc
-
-
1ee2
.
--2
1.2.3
abc
1e-
.
++1
0e
0e
1e
1e-
-
1.2.3
--2
+
1e+
1e+
1.2.3
1.2.3
.
.
+
--2
1e
1ee2
e10
000.e
1e-
1e+
000.e
.
e10
+
+
abc
-
.
1e-
0e
1.2.3
--2
1.2.3
1.2.3
000.e
-
1e+
.
1.2.3
1e-
000.e
e10
-
+
0e
--2
e10
+
1e-
--2
000.e
0e
1ee2
--2
abc
1e+
000.e
abc
0e
1e
1.2.3
e10
abc
0e
000.e
abc
++1
0e
0e
1e+
1.2.3
1e
+
0e
--2
.
1e-
--2
1e-
e10
.
.
1e-
1e-
000.e
000.e
-
0e
--2
+
1e+
e10
e10
1.2.3
0e
.
-
.
e10
e10
abc
1ee2
000.e
abc
1e+
1e
1e+
++1
1ee2
e10
e10
.
000.e
-
0e
0e
abc
e10
1e+
1ee2
000.e
.
+
1.2.3
1e
1e
abc
1ee2
0e
1e
1.2.3
1e
.
abc
-
000.e
1.2.3
1e-
1.2.3
1e-
-
e10
1e-
-
++1
1e
e10
1e-
1e-
1ee2
abc
abc
1.2.3
1e+
abc
0e
1e-
1.2.3
1e+
1.2.3
1e-
1ee2
++1
abc
1e-
+
++1
e10
1.2.3
.
1ee2
-
000.e
000.e
e10
-
-
-
1.2.3
+
abc
1ee2
1e-
--2
++1
1ee2
-
++1
1e-
++1
1e+
1e+
1e
-
1ee2
e10
1.2.3
abc
1.2.3
1e-
1e
1.2.3
abc
1e-
1e
.
1e-
+
000.e
1ee2
++1
000.e
+
1ee2
000.e
+
abc
1.2.3
000.e
e10
.
1ee2
-
--2
++1
-
1ee2
-
e10
abc
+
1e+
+
0e
1e-
e10
abc
+
e10
000.e
1e-
1e-
1e
1e+
000.e
++1
e10
000.e
+
1e-
-
1.2.3
1e
1e-
1e+
000.e
abc
0e
1ee2
--2
-
000.e
1e+
++1
+
++1
abc
+
0e
1e
1e
--2
0e
e10
1ee2
1.2.3
abc
000.e
--2
.
1.2.3
.
1ee2
-
0e
-
1e+
1e+
abc
1.2.3
.
1ee2
-
-
0e
1e
e10
-
1e-
-
-
e10
.
++1
.
.
.
0e
0e
1e-
1e-
000.e
1e
++1
abc
+
e10
abc
++1
e10
1ee2
+
.
1e
.
1e-
0e
1e-
+
abc
1e+
++1
1e
0e
--2
1e-
1e-
e10
1e-
1e+
++1
1e
++1
1e-
.
--2
000.e
--2
1e
0e
0e
+
000.e
-
.
-
1e+
abc
e10
1e
1e
1e
e10
000.e
1ee2
1e+
e10
1.2.3
000.e
--2
-
e10
abc
1.2.3
1e+
.
1e-
++1
1e
1.2.3
1.2.3
1e-
++1
1.2.3
.
--2
1e-
1ee2
e10
+
000.e
++1
1.2.3
1e+
1ee2
1e+
abc
-
--2
e10
1ee2
-
+
+
1e
1ee2
abc
+
.
.
--2
-
e10
1.2.3
000.e
e10
1e+
-
++1
0e
000.e
--2
.
--2
--2
abc
abc
--2
000.e
--2
.
1ee2
1.2.3
--2
1ee2
--2
--2
1.2.3
1.2.3
1e+
1e+
++1
abc
.
.
1.2.3
0e
1e+
+
1ee2
1ee2
e10
000.e
abc
1ee2
-
1ee2
1.2.3
1.2.3
--2
000.e
1e
0e
1e
1e
.
1.2.3
.
1e
e10
.
1e+
e10
++1
++1
1ee2
1.2.3
e10
--2
000.e
abc
++1
1ee2
+
-
+
e10
--2
--2
.
0e
1.2.3
++1
000.e
1e
1e-
.
++1
1e-
1.2.3
1e+
+
++1
1e-
000.e
1ee2
+
abc
1e-
1ee2
.
1.2.3
0e
1e
.
1.2.3
.
000.e
1.2.3
1ee2
0e
+
1ee2
1.2.3
1ee2
1ee2
000.e
1e+
1e+
1e+
.
1e+
1e+
--2
e10
++1
.
1ee2
.
0e
--2
-
-
--2
1ee2
-
1e-
.
1e-
000.e
1.2.3
-
e10
e10
abc
--2
1e-
e10
1ee2
1e+
++1
1e-
1e
1ee2
.
--2
e10
--2
1e-
1e+
1e+
-
1.2.3
abc
1e
abc
--2
1e-
+
1ee2
0e
+
-
--2
1.2.3
abc
000.e
.
.
-
--2
+
1.2.3
.
1ee2
+
++1
++1
1e
.
--2
1.2.3
-
-
1ee2
++1
abc
abc
0e
abc
000.e
1ee2
e10
-
1e
000.e
abc
--2
abc
abc
0e
1e
1e
0e
1.2.3
.
abc
--2
0e
0e
abc
+
000.e
abc
1ee2
++1
1e
000.e
.
1e+
0e
+
+
.
000.e
abc
1.2.3
1.2.3
1ee2
abc
e10
1e
1e
++1
0e
000.e
1ee2
++1
000.e
1.2.3
0e
-
--2
1.2.3
1e+
1.2.3
-
--2
e10
000.e
1.2.3
0e
abc
000.e
-
000.e
++1
abc
++1
abc
e10
++1
abc
-
.
.
1e-
1e+
0e
-
1e
1e+
-
-
0e
+
e10
000.e
000.e
000.e
abc
1e-
++1
e10
.
1.2.3
1.2.3
1e-
-
++1
--2
-
+
--2
abc
+
1.2.3
-
++1
-
-
-
1e+
1e-
1ee2
0e
1ee2
1e+
0e
.
++1
++1
.
abc
.
--2
e10
1.2.3
000.e
-
++1
abc
.
1.2.3
e10
++1
1ee2
1e-
000.e
1.2.3
0e
--2
abc
--2
000.e
abc
++1
+
1e-
1.2.3
-
1.2.3
abc
e10
0e
.
--2
.
1e
1e+
-
1e
1ee2
1e+
abc
1e
1ee2
-
e10
1ee2
+
abc
+
abc
-
++1
.
0e
1e
0e
-
1ee2
1.2.3
000.e
0e
+
1e-
+
1e+
1e
0e
++1
.
.
1e
e10
0e
0e
--2
1.2.3
1e
.
abc
--2
--2
-
-
0e
--2
abc
.
abc
1.2.3
1e-
1ee2
0e
1ee2
1e+
.
0e
-
1ee2
1e
000.e
1e
1e
1e
.
1e
abc
000.e
abc
abc
1e
+
e10
+
1e-
000.e
+
1e-
++1
0e
1.2.3
++1
1ee2
+
1e
000.e
1e-
--2
e10
abc
--2
.
abc
1e-
1e-
1e-
000.e
1ee2
1e
1e
1.2.3
--2
1.2.3
000.e
--2
+
abc
.
abc
++1
1.2.3
1e-
e10
0e
1e
1ee2
1e
1e
--2
0e
1e+
+
.
-
1e-
++1
--2
1e-
000.e
1ee2
1.2.3
.
--2
.
1.2.3
1e-
+
1e-
000.e
1ee2
0e
+
1ee2
++1
e10
-
--2
000.e
++1
.
.
0e
-
1e
000.e
e10
0e
-
.
0e
000.e
--2
-
1ee2
1e
1ee2
1e-
1e
abc
--2
1e
1e-
1e-
+
.
++1
++1
1.2.3
0e
1ee2
e10
1e
-
0e
++1
1ee2
1e+
-
++1
1ee2
1ee2
abc
e10
1e+
1e+
++1
--2
1.2.3
1.2.3
1e
abc
++1
1e
abc
.
0e
--2
1ee2
1ee2
e10
0e
abc
--2
-
e10
1e+
++1
1ee2
.
0e
+
1e+
1ee2
abc
1e
abc
++1
-
e10
0e
1e
0e
e10
+
0e
abc
+
1e-
1e+
abc
000.e
1.2.3
.
0e
1e+
-
--2
1.2.3
1e+
1.2.3
1e-
e10
1ee2
+
-
1e-
-
e10
1e-
--2
1e+
1e
abc
.
e10
0e
++1
++1
0e
abc
1.2.3
--2
.
+
--2
0e
1e+
1e
++1
1.2.3
1ee2
.
1e+
e10
1ee2
1e
000.e
1e+
.
++1
abc
--2
.
++1
-
1.2.3
1.2.3
-
abc
1.2.3
--2
1e-
0e
--2
+
.
e10
1.2.3
1ee2
1e+
1.2.3
e10
1ee2
1e
-
-
1e
++1
000.e
abc
1.2.3
++1
+
abc
abc
-
-
++1
.
1e+
1.2.3
.
--2
-
1e-
-
1.2.3
1e+
1e+
1e
000.e
1e-
abc
1e-
-
e10
+
e10
1.2.3
--2
-
1e
+
--2
+
1e
1e
1e+
1.2.3
1e-
++1
abc
0e
1.2.3
.
1e
-
1e-
000.e
000.e
abc
000.e
+
1e+
1e-
.
1e-
+
0e
--2
1.2.3
--2
-
e10
abc
1e-
1e+
-
+
--2
000.e
.
++1
+
1e-
1e-
1.2.3
.
1e-
abc
1.2.3
++1
1e
e10
e10
--2
1e+
--2
0e
+
1e+
+
.
--2
e10
1.2.3
+
1ee2
1e
1e-
--2
+
+
abc
000.e
1e-
++1
abc
++1
abc
--2
.
++1
++1
000.e
000.e
-
000.e
++1
++1
.
abc
1e-
1e+
1e-
-
-
abc
abc
.
-
000.e
1.2.3
1ee2
.
abc
e10
-
.
abc
000.e
.
.
1.2.3
--2
abc
e10
0e
1e-
++1
1.2.3
0e
1e
0e
abc
1e
000.e
.
-
1e
.
000.e
.
e10
abc
000.e
e10
e10
abc
--2
++1
e10
1e+
000.e
--2
1e+
1e-
--2
000.e
1e+
++1
-
e10
1.2.3
+
e10
1ee2
.
e10
--2
++1
.
1ee2
.
++1
e10
1ee2
--2
1e-
1e-
1e
abc
abc
1ee2
0e
+
1ee2
1.2.3
+
-
000.e
1e-
e10
1ee2
abc
-
-
1e+
1e-
1.2.3
1e
000.e
1.2.3
+
0e
abc
1e-
++1
000.e
1e
e10
1e+
1ee2
+
e10
0e
0e
--2
-
abc
1e-
1ee2
1e+
1e
1e-
1.2.3
1ee2
000.e
-
1ee2
000.e
1e
e10
1e-
1e+
1ee2
.
e10
++1
.
.
1.2.3
e10
abc
+
1e+
.
0e
.
000.e
++1
-
+
1.2.3
+
1e-
0e
abc
1.2.3
-
1.2.3
-
1e-
1e
.
--2
--2
--2
1.2.3
+
000.e
.
++1
.
--2
1ee2
abc
1e-
000.e
--2
.
1e
000.e
000.e
0e
1.2.3
0e
1e+
.
0e
e10
0e
++1
1e+
1e
+
--2
1ee2
0e
1e+
-
1e-
abc
000.e
1e-
abc
1.2.3
1e-
1e+
.
++1
+
e10
abc
1ee2
e10
1e-
+
1.2.3
++1
1e-
abc
-
1e
1ee2
e10
1ee2
-
-
abc
0e
000.e
--2
e10
++1
-
1.2.3
1ee2
+
--2
1e+
1e+
1ee2
.
e10
e10
1e
1e+
1e-
000.e
1ee2
++1
1ee2
1e+
.
abc
000.e
1e+
e10
1.2.3
abc
abc
1e+
-
e10
abc
1e-
000.e
.
abc
1e+
--2
e10
-
++1
++1
abc
.
1e
e10
1e+
--2
++1
--2
000.e
1e-
000.e
e10
1e-
++1
0e
e10
1e+
1ee2
1e-
+
.
++1
-
0e
e10
1e-
abc
+
--2
1ee2
abc
--2
.
e10
0e
1.2.3
--2
--2
000.e
+
++1
abc
000.e
++1
e10
0e
++1
.
+
0e
++1
1e
--2
1e
-
0e
1e
.
++1
1ee2
-
++1
e10
1.2.3
1.2.3
1e
000.e
.
1e+
.
-
e10
1e
++1
-
000.e
1e+
e10
0e
+
0e
+
++1
1.2.3
0e
-
1e
e10
1.2.3
+
--2
+
abc
.
.
1e
1e-
1.2.3
000.e
++1
1e-
--2
1e-
000.e
--2
000.e
1.2.3
0e
--2
-
.
0e
e10
-
+
1e+
1ee2
--2
+
++1
e10
e10
1.2.3
++1
0e
e10
.
0e
abc
1e
1e
1.2.3
1ee2
--2
1e
1ee2
--2
-
--2
1e
000.e
abc
-
-
-
1.2.3
+
-
abc
--2
1e
++1
e10
.
++1
++1
1e-
000.e
0e
--2
000.e
abc
000.e
1e
++1
++1
000.e
++1
1e+
0e
abc
1e+
000.e
+
000.e
-
000.e
--2
1ee2
+
000.e
abc
e10
+
1e-
abc
1ee2
.
-
1ee2
.
000.e
1ee2
++1
++1
abc
++1
abc
e10
0e
++1
-
1e-
e10
+
-
000.e
e10
+
.
e10
-
1ee2
--2
1e+
abc
abc
000.e
1.2.3
e10
--2
.
1e+
+
1e+
--2
+
e10
000.e
.
1.2.3
-
e10
+
.
1e
000.e
0e
1.2.3
.
abc
1e-
e10
++1
-
++1
-
1e-
-
1.2.3
1ee2
000.e
1ee2
1e
++1
abc
.
++1
-
1e+
.
1e+
000.e
1.2.3
.
.
000.e
e10
+
1e+
1e
1e+
++1
0e
1e
1e
.
++1
1e
1e-
+
1e-
-
+
+
1ee2
e10
.
1e+
1e
++1
-
0e
1ee2
1.2.3
1e-
1ee2
.
0e
--2
--2
--2
abc
1.2.3
abc
+
+
+
0e
000.e
0e
000.e
-
e10
000.e
1.2.3
1e
0e
1e-
-
e10
1.2.3
000.e
1e
1.2.3
1e+
++1
1e-
1e-
e10
-
++1
1e-
1e+
0e
--2
1e
++1
1e+
1ee2
+
1e
.
++1
1e
e10
000.e
e10
e10
0e
--2
++1
-
--2
+
1ee2
1e+
1e
1ee2
000.e
0e
0e
1.2.3
0e
1e
+
1e
abc
--2
1ee2
1e+
--2
-
0e
-
e10
1.2.3
--2
1ee2
1ee2
1ee2
e10
--2
.
000.e
.
--2
1.2.3
abc
--2
++1
1e
+
1e+
+
1ee2
-
1ee2
0e
1ee2
1ee2
-
0e
+
-
-
+
++1
1ee2
.
000.e
--2
++1
0e
++1
0e
--2
--2
++1
abc
1e+
abc
000.e
1e
abc
1ee2
1e+
e10
+
1.2.3
e10
1e-
1e
--2
1e-
abc
000.e
e10
-
--2
-
++1
1e
1e-
1e+
++1
-
000.e
000.e
1e+
1e+
000.e
+
0e
.
1e-
000.e
1e+
1e-
.
abc
1.2.3
1e
-
++1
abc
1e+
--2
1ee2
000.e
000.e
1.2.3
1e-
1.2.3
1.2.3
-
1e+
--2
000.e
abc
0e
000.e
abc
0e
1ee2
++1
000.e
-
1e
.
+
abc
1e
+
e10
.
abc
1e
--2
1e+
1e
abc
1.2.3
-
.
abc
--2
0e
++1
1e-
1e+
1ee2
1e-
1e-
1.2.3
+
++1
1ee2
e10
1e-
e10
1ee2
+
1e+
1e+
+
.
.
++1
abc
1.2.3
-
1e-
1e+
1e
1e-
+
0e
000.e
1e+
1.2.3
abc
1ee2
0e
1e-
1e+
++1
.
1e
+
000.e
abc
0e
0e
.
1e
0e
1e+
-
1e
abc
+
1e
1e
--2
000.e
1.2.3
e10
0e
1ee2
+
--2
1e
+
1e-
1e+
.
abc
--2
1e-
1e
1e-
1ee2
e10
000.e
1e
1e
1ee2
++1
.
+
0e
1e+
-
abc
abc
1.2.3
0e
0e
000.e
++1
1e+
++1
e10
1ee2
1e
+
abc
e10
--2
1e-
1ee2
1.2.3
+
1e-
1.2.3
--2
+
1e
1.2.3
--2
1e-
000.e
1e-
000.e
1e+
000.e
+
+
++1
+
++1
.
1e+
.
+
e10
.
e10
1ee2
1e-
+
1e-
abc
-
0e
.
000.e
0e
1e-
1e
--2
0e
1.2.3
abc
0e
++1
abc
abc
1ee2
+
1e-
e10
1.2.3
abc
1.2.3
1e+
-
-
++1
1e+
+
1e-
1.2.3
--2
1e+
1e
-
++1
e10
e10
000.e
--2
+
--2
abc
0e
1.2.3
.
0e
+
-
e10
abc
--2
e10
1e
000.e
1ee2
--2
1.2.3
1e+
000.e
.
e10
0e
-
e10
e10
e10
++1
.
1.2.3
abc
1e
-
1.2.3
0e
+
+
000.e
1e
-
.
.
+
-
-
1e+
1e
0e
++1
1.2.3
e10
1.2.3
000.e
+
e10
--2
++1
-
e10
1e
1e+
1.2.3
e10
1e-
1e+
1ee2
000.e
0e
0e
.
1e-
+
+
++1
1.2.3
++1
-
1e
1.2.3
000.e
0e
+
1.2.3
.
1.2.3
000.e
e10
+
0e
1ee2
000.e
-
1e+
1e-
--2
++1
.
abc
1e
.
1ee2
e10
+
+
1ee2
-
-
1.2.3
--2
1e+
+
0e
++1
1e+
1e+
-
0e
1.2.3
1ee2
1.2.3
1e+
--2
1e
1e+
1ee2
000.e
e10
.
000.e
1e
--2
1e+
+
--2
++1
1.2.3
1e
1ee2
--2
+
++1
1e-
1ee2
1e-
abc
--2
0e
--2
e10
1e+
1.2.3
1.2.3
e10
abc
1e+
1e
--2
abc
abc
e10
.
000.e
1e+
0e
1e
--2
++1
++1
e10
1e
+
1.2.3
++1
1ee2
000.e
1e-
abc
1e
0e
.
1.2.3
1.2.3
-
e10
+
e10
1e
++1
+
abc
1.2.3
.
e10
.
1e-
1e
e10
+
++1
--2
000.e
--2
+
++1
--2
1.2.3
1.2.3
abc
.
000.e
--2
.
0e
.
.
abc
++1
1ee2
1e
e10
1ee2
+
++1
e10
1.2.3
1ee2
1e
e10
1e+
1e+
++1
.
1.2.3
abc
1.2.3
1e-
.
1ee2
0e
0e
abc
0e
0e
0e
1.2.3
0e
abc
-
e10
e10
000.e
000.e
++1
abc
1ee2
e10
-
1e-
000.e
--2
--2
e10
e10
1e
1e-
1.2.3
1.2.3
abc
-
1e
++1
+
abc
+
.
1e+
.
0e
e10
0e
1e
++1
--2
abc
.
e10
1.2.3
.
1ee2
-
1ee2
1.2.3
000.e
1.2.3
++1
1e-
e10
++1
1e+
1e
1e-
1e+
0e
1ee2
-
1ee2
1e+
++1
e10
1ee2
1.2.3
abc
1e-
+
1e-
abc
++1
1e-
-
e10
0e
++1
1e+
+
.
000.e
1e
.
+
+
--2
.
++1
1e+
1ee2
--2
+
000.e
abc
abc
1e+
000.e
-
1.2.3
000.e
1e
.
-
++1
0e
000.e
1.2.3
1.2.3
-
-
-
1.2.3
.
1.2.3
+
--2
1e+
1ee2
e10
-
1e-
1e+
--2
1e
+
1e-
--2
1e
1e-
--2
+
abc
.
000.e
1e
--2
.
e10
++1
e10
1e+
--2
1ee2
1ee2
0e
e10
e10
abc
000.e
1.2.3
1.2.3
000.e
1e
0e
-
1ee2
1ee2
1e+
1ee2
.
e10
1.2.3
e10
e10
++1
1e
-
0e
+
0e
--2
--2
abc
e10
1e
-
++1
abc
abc
000.e
1e+
1e-
000.e
-
++1
-
abc
1e
.
0e
abc
0e
+
1.2.3
1ee2
1ee2
1e+
+
.
e10
abc
1e-
e10
--2
.
000.e
+
+
-
1e
1e-
1e
1.2.3
abc
1e-
1e+
000.e
1e-
++1
--2
++1
0e
++1
abc
1e-
1.2.3
1e
0e
--2
++1
.
++1
1e-
1e+
++1
1e-
000.e
--2
1.2.3
abc
1ee2
--2
.
-
1ee2
--2
e10
1.2.3
.
1e+
1ee2
1e-
--2
--2
1.2.3
1e-
1e+
1.2.3
1.2.3
1ee2
1e
1e
.
1ee2
e10
++1
+
1e
1ee2
1e
1e+
abc
.
1e+
--2
1e+
1ee2
+
+
1.2.3
--2
0e
++1
0e
+
e10
1e+
-
1e+
1e
000.e
000.e
.
1ee2
abc
e10
.
1e+
1.2.3
-
1e-
1.2.3
0e
1e
1e-
e10
1ee2
1e
1e
1.2.3
1e-
1.2.3
0e
++1
-
1ee2
--2
--2
1e-
000.e
0e
1ee2
1e+
abc
+
0e
1e
+
000.e
e10
000.e
1e
+
1.2.3
abc
1e+
++1
1e+
1.2.3
++1
1ee2
++1
.
.
--2
1e
--2
++1
000.e
abc
1ee2
1.2.3
.
abc
000.e
abc
--2
0e
1.2.3
1e
000.e
1e+
1e+
000.e
+
-
1.2.3
1ee2
-
abc
000.e
1ee2
1e
1e+
1.2.3
000.e
++1
1.2.3
1e+
1e-
1.2.3
-
1e+
++1
000.e
++1
abc
0e
1e
abc
000.e
1e-
+
-
000.e
-
++1
1e+
0e
--2
+
+
-
1e+
+
+
1ee2
1ee2
++1
-
.
++1
.
.
1e
-
abc
e10
000.e
0e
1e-
-
--2
-
1e-
1ee2
1e
1ee2
.
.
0e
e10
1e
e10
.
1e+
1ee2
--2
000.e
000.e
1e-
1ee2
+
+
abc
000.e
1e+
abc
--2
--2
1e+
1e-
1.2.3
+
--2
.
1e-
++1
1ee2
1ee2
abc
+
000.e
abc
+
++1
+
++1
1e+
--2
--2
+
e10
--2
1e-
1.2.3
0e
000.e
e10
++1
1.2.3
e10
1e+
--2
1e-
.
++1
.
1e+
++1
++1
-
0e
+
1e
.
abc
1e
1ee2
--2
1e
000.e
++1
-
-
.
0e
1e
.
abc
-
000.e
1.2.3
e10
-
.
0e
-
1ee2
000.e
1e-
000.e
1e+
000.e
-
--2
1e
1.2.3
1ee2
1e+
1.2.3
1e
abc
1.2.3
++1
abc
.
abc
1e-
+
-
000.e
0e
1e+
0e
--2
000.e
-
abc
000.e
e10
+
000.e
e10
000.e
+
--2
e10
0e
000.e
1e+
000.e
abc
1e+
000.e
1e+
1ee2
abc
1.2.3
1ee2
+
+
1.2.3
.
0e
1e+
+
e10
1e-
++1
abc
000.e
000.e
000.e
1ee2
+
1ee2
abc
abc
1.2.3
1.2.3
1ee2
++1
--2
1e-
000.e
1e-
1.2.3
1.2.3
1ee2
1.2.3
1e+
1ee2
abc
e10
abc
-
e10
-
.
e10
1e-
1e
1ee2
--2
1ee2
+
+
1ee2
1e-
1.2.3
1ee2
e10
1e+
abc
--2
1e-
1e+
e10
1.2.3
++1
1e-
--2
1e-
1e-
1ee2
1e+
--2
0e
1ee2
--2
abc
-
.
1ee2
000.e
000.e
1e+
0e
000.e
000.e
1.2.3
1e
1.2.3
1e+
1e+
e10
-
000.e
000.e
1e-
-
1e+
--2
1e-
abc
++1
1e-
.
1ee2
1ee2
.
.
-
1e
-
++1
.
1e+
e10
1.2.3
-
e10
++1
1ee2
-
000.e
.
1ee2
.
1ee2
1.2.3
1.2.3
e10
++1
e10
1e
1e+
--2
-
abc
1.2.3
e10
1ee2
e10
1.2.3
1e+
0e
000.e
abc
1e-
1.2.3
-
+
000.e
1ee2
1ee2
--2
000.e
1e
e10
1e
1.2.3
0e
.
1e
--2
000.e
-
1e+
.
e10
.
+
--2
1e+
abc
000.e
--2
+
0e
1ee2
++1
-
+
1ee2
1ee2
-
1e-
-
1ee2
1ee2
-
.
1e-
1e-
000.e
++1
1e+
1.2.3
.
.
1ee2
1ee2
1ee2
1.2.3
1ee2
1e
--2
1e
abc
1ee2
abc
.
abc
abc
.
e10
1.2.3
e10
--2
1e
.
--2
1.2.3
abc
0e
000.e
1ee2
-
1ee2
--2
++1
--2
e10
000.e
++1
1ee2
1ee2
1e
abc
000.e
1e+
e10
.
0e
-
+
--2
-
1e
++1
1ee2
+
.
+
1e-
1ee2
000.e
+
1e
0e
e10
++1
1.2.3
1ee2
+
--2
.
1e-
.
.
.
--2
.
e10
0e
0e
e10
--2
--2
1.2.3
1e+
+
--2
-
1e
-
1e
--2
1e+
e10
+
0e
++1
e10
.
1.2.3
.
.
1e+
1.2.3
++1
++1
++1
.
1e+
1e+
1e
.
1ee2
e10
1ee2
abc
1.2.3
1.2.3
-
000.e
e10
1.2.3
abc
1e+
.
e10
1.2.3
+
.
++1
+
abc
1ee2
0e
1.2.3
--2
e10
--2
1.2.3
1ee2
1e-
1.2.3
1ee2
1.2.3
0e
000.e
abc
abc
+
e10
1.2.3
abc
abc
000.e
1ee2
0e
0e
1e
1e-
1.2.3
1e+
+
1ee2
1e
e10
1.2.3
1.2.3
1e
+
--2
1.2.3
000.e
++1
.
1e-
1e+
0e
+
1e+
1e-
1ee2
000.e
abc
e10
1e-
+
1e+
1e
--2
.
++1
e10
.
1e+
+
.
-
-
1e-
1.2.3
--2
-
abc
1e+
1ee2
0e
+
+
++1
1e-
e10
1e
--2
+
--2
1e+
--2
--2
e10
000.e
1e-
e10
1e
+
1.2.3
1e+
1.2.3
--2
e10
.
+
0e
e10
1ee2
1e
1e
+
++1
e10
abc
1.2.3
e10
++1
++1
1e
1e
000.e
000.e
.
+
-
+
1e
000.e
-
1e
1e+
1e
1e
+
.
000.e
1e-
1e-
abc
-
1e-
000.e
1e+
.
000.e
1.2.3
1.2.3
0e
.
1e+
+
000.e
1ee2
1e
.
-
1e-
1e-
1.2.3
-
-
++1
1ee2
++1
abc
.
--2
abc
0e
1e-
000.e
000.e
++1
1e+
1.2.3
1e-
e10
--2
+
1e
+
000.e
--2
+
+
1e
000.e
abc
1ee2
.
-
-
1e
000.e
1e-
000.e
++1
+
abc
0e
1e+
+
++1
+
1e-
1e-
++1
000.e
0e
1e-
++1
000.e
000.e
--2
1.2.3
++1
1e
--2
-
abc
000.e
++1
1.2.3
++1
.
-
e10
+
abc
1ee2
1.2.3
1e-
++1
0e
--2
e10
--2
1e
1e-
1ee2
abc
++1
+
1.2.3
.
1e-
+
--2
1e
++1
000.e
++1
0e
1.2.3
--2
000.e
abc
abc
000.e
1e-
-
--2
1.2.3
1.2.3
1e
000.e
+
+
1ee2
abc
--2
e10
1e+
++1
-
++1
1e-
--2
1e-
+
1ee2
1e-
0e
abc
-
1ee2
1e+
--2
1e+
abc
abc
--2
-
-
1e-
abc
1ee2
1ee2
0e
1e
+
++1
1ee2
++1
--2
1ee2
1e-
e10
1e+
1e+
1ee2
1e-
1ee2
--2
0e
.
--2
-
1.2.3
--2
e10
1.2.3
abc
000.e
1e
abc
--2
1.2.3
1e+
1e
e10
000.e
-
0e
1e+
000.e
abc
1e
000.e
1.2.3
--2
000.e
1e+
++1
1ee2
--2
e10
1ee2
1e-
-
000.e
1.2.3
1e
abc
1e-
1e+
-
+
--2
1e
++1
.
-
1e-
1.2.3
.
1e+
1e-
1e+
.
abc
1e+
1ee2
1e-
--2
1e-
0e
+
-
abc
++1
1e
1ee2
+
000.e
.
0e
e10
.
-
1.2.3
1e+
1e
-
abc
1ee2
1e-
1e-
.
.
1e
1e+
.
1e-
1.2.3
e10
.
1e
.
-
-
1e-
--2
1.2.3
.
1e
--2
1e-
+
1ee2
abc
1e
e10
1e
--2
e10
0e
1e
.
1e+
++1
--2
abc
1e-
.
-
e10
000.e
1e-
1ee2
.
1.2.3
++1
abc
e10
.
-
++1
--2
1.2.3
abc
1ee2
-
1e+
1.2.3
--2
++1
++1
e10
1.2.3
e10
.
1e
0e
1ee2
1e+
1e-
1e-
1ee2
1e-
1ee2
e10
-
+
+
1e
1e-
1ee2
abc
1e-
1e-
0e
0e
1ee2
-
++1
--2
.
abc
e10
1.2.3
1e
1ee2
1e-
1ee2
++1
1e-
++1
1ee2
.
1.2.3
e10
1e+
e10
1ee2
e10
1.2.3
0e
.
1.2.3
000.e
--2
000.e
0e
-
1e
abc
1ee2
1e-
0e
.
abc
1ee2
e10
1e
0e
abc
1e+
000.e
000.e
0e
+
abc
-
abc
1e
1.2.3
-
--2
1e+
1e-
0e
1e+
e10
0e
1e-
-
e10
0e
++1
1e-
--2
1e+
1e+
e10
000.e
--2
+
++1
--2
+
.
1.2.3
--2
1e-
e10
abc
1e
--2
-
+
000.e
-
abc
e10
.
1e-
+
000.e
000.e
1.2.3
0e
000.e
abc
++1
1.2.3
--2
.
1e-
1.2.3
000.e
--2
abc
1e
--2
1.2.3
++1
1ee2
-
--2
--2
1.2.3
++1
1e+
1.2.3
+
.
e10
.
+
.
1.2.3
1.2.3
.
++1
1e+
1ee2
--2
1e-
1ee2
1e
1.2.3
--2
+
000.e
-
.
-
1e-
1e-
-
--2
--2
1e-
1ee2
1e-
1e-
0e
abc
0e
0e
+
--2
+
1e-
000.e
abc
1ee2
1ee2
1.2.3
1e
e10
0e
1ee2
.
++1
000.e
+
e10
1ee2
.
+
.
1e
1ee2
1e
000.e
--2
000.e
++1
1ee2
1e
1e-
+
e10
abc
.
1e-
1e
e10
e10
1.2.3
e10
.
abc
1e+
1e+
000.e
1e
0e
000.e
1e-
000.e
.
e10
+
1.2.3
000.e
0e
1e-
0e
1.2.3
000.e
+
1e-
++1
1.2.3
++1
.
0e
1e-
++1
1e-
--2
-
-
--2
1.2.3
1e
++1
1e-
abc
--2
--2
0e
-
0e
1ee2
1ee2
1e+
1e+
000.e
1.2.3
1e-
1e-
1.2.3
--2
e10
1ee2
1ee2
1e+
e10
e10
1e+
++1
+
1ee2
+
-
.
1e
.
--2
1e-
+
.
1.2.3
+
0e
abc
-
1e-
000.e
e10
1.2.3
1e+
1e
-
--2
abc
000.e
++1
1e+
+
1e
+
.
-
abc
1ee2
+
1.2.3
1.2.3
.
0e
.
e10
--2
1.2.3
.
1ee2
1ee2
-
000.e
e10
e10
1.2.3
--2
+
.
1e
1.2.3
0e
e10
--2
1.2.3
abc
1.2.3
1e
.
1ee2
.
1e
1ee2
000.e
1e-
-
-
++1
1e-
000.e
1e+
1e
1ee2
1e-
1e-
.
-
1.2.3
1e
e10
-
e10
abc
1e
1.2.3
++1
abc
1e-
1.2.3
abc
-
.
abc
+
1ee2
++1
+
1e-
1.2.3
+
1e+
-
1.2.3
++1
0e
+
-
abc
+
--2
1e+
1ee2
++1
1e-
abc
1.2.3
+
-
++1
+
-
1ee2
++1
+
-
0e
--2
+
abc
.
abc
.
1e
1e-
-
1e-
1e+
abc
000.e
-
--2
000.e
+
++1
++1
0e
1e-
+
+
+
++1
1ee2
1.2.3
--2
.
1e-
1e+
-
1ee2
+
--2
e10
1ee2
1.2.3
++1
.
1e+
1e-
0e
abc
1e-
1e-
0e
-
-
0e
-
1e+
e10
1ee2
abc
1ee2
+
-
0e
e10
1ee2
1e
--2
++1
1e-
1ee2
0e
000.e
.
--2
--2
1e+
1ee2
1e
--2
1ee2
1e
1e
+
1e-
1e
.
1.2.3
1ee2
1e
e10
1e+
-
++1
abc
+
++1
+
+
--2
1ee2
--2
1e+
0e
++1
-
1e+
abc
-
0e
1ee2
1e+
+
1e
.
++1
1e+
0e
1.2.3
1e
1e+
+
1e-
+
1.2.3
000.e
000.e
1e
1e
1.2.3
1e-
+
++1
-
++1
1e-
1e
0e
1ee2
abc
1ee2
-
1ee2
1e
--2
0e
-
1.2.3
1.2.3
1e-
1e+
e10
--2
abc
+
.
--2
0e
+
1e
+
.
-
-
abc
1e+
.
1ee2
abc
1e-
-
abc
1ee2
0e
1e+
--2
-
1.2.3
000.e
1ee2
1.2.3
-
1e
1e-
-
++1
++1
1.2.3
e10
1e-
1.2.3
.
1e+
1.2.3
+
1e
000.e
abc
++1
000.e
1ee2
e10
--2
1e
--2
1.2.3
+
-
+
1ee2
0e
1ee2
+
1e-
1e+
++1
1e-
abc
1e+
e10
1.2.3
1e
1e+
1e+
.
++1
abc
0e
e10
1e-
1.2.3
++1
e10
-
0e
--2
++1
++1
abc
+
1ee2
-
1e+
1e-
000.e
1ee2
++1
1e-
++1
1e+
abc
--2
1ee2
--2
1e+
abc
abc
--2
++1
e10
+
++1
abc
1e
1.2.3
1e+
000.e
abc
--2
1e-
000.e
-
1ee2
--2
--2
000.e
1e+
1e+
-
abc
1.2.3
1e+
1ee2
0e
1e+
abc
1ee2
.
0e
0e
1ee2
++1
--2
++1
1e+
++1
++1
1ee2
.
--2
.
000.e
+
-
1e+
--2
1e+
1e
-
1.2.3
++1
--2
1.2.3
1.2.3
abc
1ee2
0e
1e-
+
000.e
+
1e-
1.2.3
1.2.3
abc
e10
e10
1e+
000.e
abc
1e+
1.2.3
e10
000.e
1e+
-
e10
-
000.e
1e+
1.2.3
000.e
1e
-
000.e
0e
0e
-
-
.
000.e
--2
+
++1
++1
+
1e+
1.2.3
0e
.
e10
1e-
--2
1e
--2
1ee2
1e
++1
-
+
1ee2
--2
+
000.e
-
--2
-
.
1e
++1
1e+
0e
0e
1e
-
1ee2
1e+
abc
1e+
abc
1e
++1
.
1e
1.2.3
++1
1e+
1e-
1.2.3
1e-
1e-
000.e
.
-
++1
0e
+
--2
.
1e+
-
e10
-
e10
+
0e
1ee2
1ee2
+
--2
.
+
abc
.
e10
1ee2
.
abc
.
1.2.3
1.2.3
++1
++1
1ee2
-
1ee2
.
0e
--2
abc
1.2.3
1e-
abc
1ee2
-
abc
1e
++1
1e-
0e
abc
0e
e10
1e-
.
.
1e
000.e
0e
1ee2
-
++1
.
1.2.3
000.e
1e
1ee2
+
++1
--2
1.2.3
0e
abc
1e
e10
e10
000.e
1e
000.e
-
e10
0e
e10
-
1e+
1e
--2
1e+
--2
e10
1e+
+
--2
e10
0e
1ee2
1.2.3
.
abc
000.e
--2
1ee2
1e+
1e+
.
1e+
1e-
++1
.
abc
1ee2
abc
-
0e
1ee2
1e-
0e
1e+
-
1ee2
e10
e10
1ee2
1.2.3
e10
abc
1e+
1e-
1e-
abc
+
--2
++1
abc
--2
--2
e10
1e+
.
--2
++1
000.e
.
1ee2
abc
-
+
++1
1e
e10
--2
.
1.2.3
abc
000.e
1ee2
1.2.3
++1
1e
++1
1e
e10
000.e
-
--2
+
++1
e10
abc
abc
1ee2
1.2.3
000.e
1ee2
1ee2
1e-
000.e
abc
000.e
1e+
000.e
1.2.3
1e
-
abc
++1
-
abc
1e-
0e
.
--2
1e+
1e
.
+
abc
1e+
1e+
1.2.3
abc
1e-
+
-
--2
++1
1e+
abc
1.2.3
++1
++1
000.e
1e+
1.2.3
.
--2
++1
0e
1e+
--2
+
000.e
-
1ee2
-
1e+
0e
--2
--2
1ee2
.
e10
.
0e
000.e
+
e10
1e
abc
1e-
.
++1
.
+
1ee2
000.e
+
e10
++1
1.2.3
e10
+
1e
000.e
--2
++1
-
++1
1e+
-
e10
+
.
++1
abc
1e
++1
1e
-
--2
1e
1e
+
1e
++1
-
1ee2
abc
-
000.e
1e-
0e
1.2.3
1e-
--2
0e
1e+
++1
1e+
1ee2
000.e
1.2.3
e10
1e
+
e10
1ee2
0e
1e-
1e-
-
000.e
e10
1e+
+
+
1e
1.2.3
e10
0e
-
0e
1e+
-
-
abc
1ee2
000.e
+
-
e10
abc
000.e
1.2.3
0e
1e
1e
e10
1.2.3
000.e
e10
1e-
e10
1ee2
1e
e10
e10
+
.
1e-
1e-
000.e
1e-
1ee2
1.2.3
.
1ee2
abc
1e
++1
1ee2
1e
1ee2
.
--2
+
--2
000.e
1e+
.
1ee2
1.2.3
+
1e-
0e
++1
1.2.3
1e-
--2
1e
1e
1e+
--2
abc
+
e10
1ee2
1e+
+
+
0e
1ee2
1ee2
++1
abc
+
++1
+
-
--2
1e-
+
.
+
1e+
1.2.3
1e+
--2
1e+
.
-
-
1e-
.
e10
1.2.3
0e
0e
1e-
abc
1e
.
+
0e
1e+
0e
1ee2
1e
0e
e10
abc
e10
++1
1e
1ee2
1e-
1e+
-
1e
1e-
1ee2
+
1e-
1e+
e10
1ee2
1e+
++1
000.e
.
0e
000.e
e10
--2
++1
e10
1e
1.2.3
000.e
abc
1.2.3
1e+
000.e
1e
1.2.3
++1
1e+
000.e
abc
1e-
+
1e-
e10
1e
1e+
abc
1.2.3
-
abc
e10
0e
.
1ee2
1ee2
0e
0e
.
++1
e10
abc
1e+
-
++1
+
0e
--2
--2
1e-
1e+
0e
abc
.
++1
-
+
abc
1e-
e10
++1
e10
0e
0e
1e+
e10
+
++1
000.e
++1
1e
1ee2
--2
1e
1e-
1ee2
1ee2
1ee2
1ee2
1ee2
1e
1.2.3
0e
0e
1.2.3
1.2.3
1e
000.e
-
0e
.
000.e
--2
abc
1ee2
+
1e-
++1
abc
abc
1e+
+
e10
1e
1ee2
1ee2
1e+
000.e
++1
1e-
1e
1ee2
+
1e
++1
abc
1e-
+
e10
1ee2
1e
1ee2
1.2.3
000.e
1e-
--2
1.2.3
e10
--2
-
000.e
1e
-
1ee2
1e
+
+
0e
-
-
1ee2
-
+
+
e10
-
.
++1
000.e
.
+
1.2.3
++1
1e
0e
+
.
1e-
.
1.2.3
000.e
--2
-
--2
abc
1.2.3
+
--2
+
-
abc
1ee2
1ee2
++1
1e-
0e
1e+
000.e
1.2.3
1e+
1e
000.e
1.2.3
1ee2
abc
1.2.3
1ee2
1e-
e10
-
abc
abc
1e
--2
000.e
0e
1e+
abc
1e
1.2.3
abc
e10
1ee2
1.2.3
0e
e10
1e-
1e
++1
1e
1e+
1e
1e
++1
1e
1e+
0e
1e-
1e
+
--2
1e+
1.2.3
.
.
0e
abc
1e
0e
1e
1e-
1.2.3
1e-
abc
000.e
e10
e10
abc
0e
1e
0e
e10
-
1e
--2
000.e
0e
1e-
1ee2
abc
000.e
0e
0e
.
1e+
0e
.
abc
+
.
+
+
-
1e-
000.e
1e+
1ee2
0e
+
1e-
1e-
abc
000.e
abc
e10
+
.
1e
--2
1ee2
e10
0e
++1
++1
1e+
1e
1ee2
1.2.3
1.2.3
0e
1e+
-
.
1e-
1e-
1e-
1ee2
000.e
1e-
1e
1.2.3
+
1e+
000.e
--2
abc
--2
.
1ee2
1e+
1e+
1e
1.2.3
1e
1e+
0e
abc
-
e10
e10
-
1ee2
e10
-
-
1e+
-
-
.
1e-
1e+
1.2.3
e10
1e
1e-
0e
++1
1e
1e+
++1
--2
1e-
000.e
1ee2
1e
++1
000.e
1.2.3
--2
1e-
abc
1.2.3
1.2.3
1e+
1e+
000.e
--2
-
.
1e-
000.e
.
1e
abc
abc
abc
1ee2
000.e
.
1e+
-
+
++1
0e
--2
abc
1e
1e
0e
-
1e-
--2
000.e
.
--2
1ee2
-
e10
1e-
e10
++1
1e+
++1
abc
--2
1.2.3
++1
++1
.
1e+
0e
abc
e10
1e+
0e
1.2.3
0e
.
1e
1e+
+
000.e
1e
.
++1
1e-
1.2.3
e10
e10
1e+
1ee2
1e+
abc
+
0e
0e
-
e10
1e+
abc
e10
0e
-
1.2.3
000.e
1ee2
-
.
++1
1e+
-
000.e
1e+
--2
1e+
1e
0e
-
1e+
.
1e-
000.e
abc
1ee2
abc
1e
--2
1.2.3
1ee2
abc
1e+
e10
1e-
-
1e+
--2
+
abc
-
-
0e
abc
1.2.3
abc
abc
+
+
0e
1e+
1.2.3
e10
-
1e-
0e
1e+
000.e
-
1e-
abc
1e+
1e+
+
++1
++1
000.e
1e
1e
+
--2
1ee2
1ee2
1e+
abc
1e+
++1
1e
1e
0e
1e
000.e
1e
abc
abc
1e-
+
0e
0e
e10
.
--2
1ee2
++1
e10
++1
000.e
-
.
.
1.2.3
1e-
1e-
1e
e10
1e+
++1
-
1e
abc
1ee2
1.2.3
0e
e10
++1
1.2.3
1e+
.
--2
000.e
.
1e-
1e+
0e
++1
abc
--2
abc
0e
1e+
000.e
--2
1.2.3
1e
1.2.3
-
1e+
1ee2
1e+
+
0e
.
--2
--2
1e+
.
1e+
1ee2
+
e10
+
e10
++1
.
-
1.2.3
1e
.
++1
1e
e10
000.e
-
+
e10
--2
--2
1e+
e10
1.2.3
--2
1e-
1e+
-
1e
abc
--2
-
+
abc
.
0e
abc
1ee2
000.e
-
1e
1e
.
++1
1.2.3
1e
1e+
1e-
1e+
abc
1e
++1
1e-
--2
++1
1e
--2
000.e
1.2.3
000.e
1e+
-
1e-
1.2.3
--2
+
1e-
000.e
1ee2
++1
0e
0e
000.e
1ee2
--2
e10
0e
-
0e
1.2.3
000.e
abc
0e
1.2.3
1e+
1e+
++1
1e+
-
.
1e
.
1ee2
1.2.3
1e
1e+
.
+
++1
1e+
0e
000.e
++1
1e
1.2.3
++1
1e
+
-
e10
1e-
--2
1e-
1.2.3
.
--2
abc
e10
+
-
.
1.2.3
-
.
abc
++1
--2
-
0e
1.2.3
+
.
1.2.3
000.e
1e+
-
++1
1e
1ee2
1e
-
.
1ee2
--2
abc
--2
000.e
1e
1e+
+
1e
1e+
1e+
++1
+
.
.
1.2.3
abc
abc
000.e
++1
+
+
++1
-
++1
.
1e
-
++1
abc
++1
-
abc
+
1ee2
++1
1ee2
0e
1e+
1ee2
1e-
e10
.
e10
--2
000.e
++1
1ee2
.
.
abc
abc
e10
1e+
000.e
000.e
+
1e+
e10
1.2.3
-
1.2.3
1ee2
.
1e+
--2
0e
000.e
+
--2
--2
1e+
1e+
1e
.
1e+
1.2.3
e10
++1
++1
1e-
abc
abc
1e+
1e
+
1e
++1
000.e
++1
.
e10
.
1.2.3
++1
-
+
--2
+
+
1e+
000.e
000.e
1ee2
.
-
0e
000.e
1e
1e+
e10
e10
--2
1ee2
1.2.3
1e
e10
1e-
1.2.3
1.2.3
++1
0e
1e-
abc
1ee2
0e
1e-
e10
-
0e
1ee2
1e+
1.2.3
000.e
-
+
1e
+
.
++1
000.e
e10
1ee2
.
--2
1e+
--2
e10
000.e
000.e
1e+
1e+
1e-
abc
1e
+
e10
abc
000.e
1ee2
+
0e
+
.
+
1.2.3
1.2.3
000.e
--2
1e-
1ee2
++1
-
1e
++1
000.e
e10
1ee2
--2
1.2.3
+
0e
abc
.
000.e
++1
1.2.3
--2
e10
1e+
1e-
abc
1e-
-
.
.
+
abc
--2
000.e
0e
1e
1.2.3
.
1ee2
000.e
-
000.e
1e
e10
e10
0e
1e
1e+
++1
.
1.2.3
e10
e10
1e
1ee2
1e
000.e
1.2.3
--2
--2
--2
1e+
--2
1e
--2
--2
000.e
++1
abc
1e
+
.
.
1.2.3
1.2.3
--2
0e
1e
abc
1.2.3
-
000.e
e10
--2
000.e
--2
++1
1ee2
+
1ee2
--2
1ee2
1ee2
1e-
abc
++1
1e-
1.2.3
-
000.e
e10
1e-
1e-
0e
+
000.e
1e+
--2
1e-
1e+
0e
1e-
1e
1e+
0e
0e
.
--2
1e+
.
1e
.
000.e
000.e
1e-
abc
+
.
-
-
1e+
abc
e10
e10
1e+
1e+
1e-
--2
abc
000.e
++1
e10
1ee2
1ee2
1e-
+
+
.
0e
-
1ee2
+
1e
abc
e10
-
0e
1e-
+
1ee2
1e-
0e
0e
1e
-
--2
.
1e-
+
e10
000.e
1ee2
+
1ee2
++1
++1
1.2.3
.
1e+
+
.
0e
1e-
++1
e10
0e
--2
e10
0e
1e-
0e
+
1.2.3
1e-
1e+
.
abc
.
1e
abc
.
1ee2
abc
0e
.
1e+
1e
1e-
1e+
1e+
000.e
1ee2
++1
abc
1.2.3
e10
.
+
1e+
abc
1ee2
1e+
++1
-
1e+
.
0e
0e
++1
1e-
.
-
1.2.3
abc
1e-
-
1e
abc
+
.
1ee2
-
1e
--2
.
0e
+
--2
1ee2
000.e
1ee2
000.e
abc
abc
abc
1ee2
000.e
1ee2
000.e
1e-
.
e10
1e-
--2
1e-
abc
1e+
.
0e
.
1.2.3
1e
1.2.3
e10
1.2.3
1e+
--2
000.e
1ee2
abc
1e+
0e
1e+
--2
++1
++1
1e-
--2
e10
e10
0e
+
++1
000.e
--2
000.e
.
1e
--2
-
1ee2
.
1e-
1e
++1
000.e
1e-
+
1.2.3
++1
1e+
1ee2
1e+
-
1e-
1e
1e+
1ee2
1e-
+
1e-
1e-
.
-
e10
e10
+
+
0e
.
abc
-
++1
1.2.3
--2
.
1e+
+
0e
++1
abc
1e-
.
0e
abc
1e-
++1
abc
000.e
1.2.3
++1
0e
+
--2
e10
abc
1e+
1e-
0e
000.e
1e-
--2
-
1.2.3
0e
--2
0e
--2
1.2.3
0e
1e+
1.2.3
-
000.e
+
e10
-
-
1.2.3
1.2.3
++1
1e+
e10
+
.
--2
1e
1e
++1
1.2.3
1e-
1.2.3
1ee2
1e-
000.e
1e
1.2.3
1e+
e10
1.2.3
+
1e-
.
-
1e+
1ee2
1e+
0e
++1
1.2.3
-
+
0e
1.2.3
--2
1e
--2
1e
000.e
1ee2
000.e
--2
++1
1e
.
+
1.2.3
+
.
+
++1
000.e
abc
++1
.
000.e
0e
1e-
1e-
1.2.3
-
e10
1e-
1ee2
e10
1e-
.
1e
++1
-
1e
-
.
--2
1ee2
--2
.
abc
abc
abc
++1
1e
abc
000.e
0e
0e
0e
1ee2
1.2.3
0e
000.e
000.e
1e-
++1
1ee2
--2
e10
1e-
1e
--2
1.2.3
.
0e
000.e
1e-
1e
--2
1ee2
+
+
000.e
1e-
1.2.3
1e
1.2.3
++1
-
.
000.e
1e+
1e
-
1ee2
++1
000.e
.
0e
1ee2
.
+
1e
000.e
abc
0e
1e+
.
e10
000.e
++1
1e+
+
1ee2
1e-
0e
--2
++1
1.2.3
000.e
-
+
1e+
1e-
.
e10
0e
1ee2
.
++1
-
.
abc
1.2.3
abc
1e
1ee2
1e
1e-
0e
abc
+
.
1ee2
+
+
abc
1e
--2
000.e
000.e
-
000.e
--2
1e-
abc
1e
e10
1e+
0e
000.e
1e+
000.e
abc
++1
000.e
1e
-
--2
1e+
++1
+
0e
++1
1e-
-
++1
1.2.3
1.2.3
++1
1e-
1ee2
+
-
1e-
0e
--2
abc
1ee2
+
1e+
0e
1e+
.
1e+
1.2.3
0e
000.e
1ee2
1ee2
1ee2
1.2.3
++1
1e
1ee2
1e-
abc
e10
0e
--2
--2
1.2.3
.
e10
abc
1e
abc
1e-
--2
++1
1e+
abc
+
1e+
.
0e
abc
+
1e+
+
1.2.3
1ee2
1.2.3
+
e10
1e+
000.e
1e+
abc
1e
1e
e10
1ee2
1e-
0e
-
+
-
1e
.
e10
.
+
-
0e
e10
-
-
+
1e-
0e
1e
1.2.3
1ee2
1e-
000.e
000.e
000.e
abc
++1
0e
1e+
0e
-
1e-
000.e
++1
--2
--2
.
1.2.3
1.2.3
abc
000.e
abc
000.e
e10
+
000.e
abc
1e-
+
++1
abc
1.2.3
abc
1e
1e-
1ee2
.
1ee2
1e+
1e
1e+
+
1e
1.2.3
++1
-
0e
+
--2
.
abc
--2
0e
-
000.e
000.e
1.2.3
1ee2
000.e
1e-
000.e
1ee2
--2
1ee2
1e+
e10
1e+
000.e
1.2.3
--2
--2
+
1.2.3
+
+
1e-
1e+
+
abc
abc
1e-
1e
+
++1
1ee2
-
1e+
.
abc
--2
++1
1e-
--2
1e+
1e-
1.2.3
e10
--2
++1
.
--2
abc
000.e
.
+
-
1e
++1
++1
.
+
abc
.
.
0e
1e+
+
+
1e
abc
0e
1e+
--2
--2
1e-
1e-
1.2.3
1ee2
-
1ee2
-
000.e
--2
.
e10
1e
000.e
+
.
1ee2
.
-
-
-
1e+
-
e10
000.e
+
-
-
1.2.3
--2
++1
++1
1ee2
abc
1ee2
1e
.
--2
abc
--2
+
0e
1e+
1e-
-
e10
1.2.3
e10
1e-
0e
1e
0e
0e
++1
--2
1ee2
000.e
1.2.3
1e-
1e+
1e
++1
1e-
0e
+
+
1ee2
0e
000.e
e10
-
1ee2
-
e10
-
0e
e10
1.2.3
1e-
0e
1e
+
1e
abc
abc
+
1e
1e+
0e
abc
0e
1e+
0e
1e+
1.2.3
1.2.3
e10
0e
e10
1e
+
+
000.e
.
1e+
1.2.3
1e-
1e+
.
abc
.
--2
+
--2
000.e
+
-
.
1.2.3
0e
1e
0e
000.e
000.e
-
1e
1e-
1e
+
e10
1.2.3
1e-
--2
000.e
.
.
1ee2
0e
e10
000.e
e10
-
+
--2
+
--2
.
+
1ee2
e10
1ee2
0e
abc
1.2.3
1ee2
-
abc
e10
+
abc
1e+
0e
1e-
1e
1e-
-
0e
0e
-
+
abc
1e-
-
1e+
1.2.3
1ee2
++1
1e+
000.e
1e-
--2
1ee2
1e-
1e-
--2
1e-
1e-
--2
.
++1
.
e10
000.e
1e-
1e+
1e+
1.2.3
+
1e
-
1e
-
--2
++1
+
--2
-
--2
0e
1ee2
1e
1e+
1e+
abc
-
--2
1e-
+
-
abc
1e
1e
1e
+
-
-
abc
0e
++1
1.2.3
000.e
-
+
+
0e
1ee2
000.e
+
+
-
+
e10
+
1e+
1e
1.2.3
1e-
1e+
+
.
.
1e-
.
.
1ee2
--2
.
0e
0e
1e+
abc
0e
0e
1e
000.e
--2
--2
1e+
--2
-
++1
000.e
.
1.2.3
1e
1e-
0e
-
1e
1ee2
e10
.
1.2.3
++1
1.2.3
-
000.e
000.e
-
1ee2
abc
abc
1e-
.
.
000.e
1ee2
000.e
1.2.3
1e
1e
--2
1e
1.2.3
1.2.3
e10
1ee2
000.e
0e
e10
abc
++1
1ee2
1e
1e+
000.e
abc
1ee2
abc
1e-
abc
1.2.3
--2
-
1e+
1e-
e10
++1
1e
000.e
1.2.3
-
e10
++1
e10
e10
1ee2
e10
--2
e10
-
-
1ee2
--2
+
1e
++1
--2
--2
++1
0e
++1
1ee2
000.e
0e
e10
++1
++1
1.2.3
.
000.e
+
1ee2
1ee2
1ee2
-
1ee2
++1
e10
1e-
1ee2
1ee2
+
+
1.2.3
1e
.
000.e
1.2.3
+
1e+
1.2.3
++1
000.e
1e
e10
--2
1ee2
0e
+
000.e
1ee2
+
1e-
++1
abc
++1
1ee2
1e+
1e+
0e
++1
000.e
abc
1ee2
abc
e10
1ee2
abc
+
1e
.
0e
000.e
-
e10
--2
1e
1e+
1.2.3
1e
1e-
1e
abc
1e+
1.2.3
e10
1ee2
++1
+
e10
1e-
++1
-
1e-
1ee2
1.2.3
--2
++1
-
0e
.
-
1e+
--2
++1
1e-
000.e
1ee2
1e+
+
1e+
1.2.3
000.e
++1
1.2.3
++1
0e
1ee2
++1
1e-
.
1.2.3
1e
1e-
--2
abc
--2
1ee2
+
000.e
+
--2
000.e
abc
1e+
0e
1.2.3
abc
e10
1ee2
abc
-
--2
1e
-
++1
+
.
-
+
-
1e+
-
0e
0e
.
000.e
-
abc
1e-
-
1e-
+
--2
1ee2
1e-
1e-
.
0e
+
+
e10
+
1.2.3
-
.
++1
1e
abc
--2
1e+
--2
1e
000.e
-
.
1e
000.e
++1
+
1e-
abc
1e-
--2
+
1e+
1e+
0e
.
000.e
++1
1e-
1.2.3
1.2.3
abc
1ee2
1e-
1ee2
1.2.3
--2
000.e
--2
--2
1e
++1
1e-
1e
1ee2
1.2.3
1e-
1e+
abc
1ee2
1.2.3
-
1e
1e
abc
1e
1e
--2
1e
.
-
--2
.
+
abc
-
++1
-
-
-
1.2.3
abc
abc
1ee2
-
.
--2
abc
1ee2
1ee2
1e-
-
1e+
0e
abc
-
+
0e
1e+
-
1ee2
++1
abc
--2
1.2.3
1e
+
--2
abc
1e-
+
1e
0e
+
.
1ee2
1e
.
.
0e
1e+
+
1e-
1.2.3
1.2.3
.
000.e
.
1e-
1ee2
.
abc
-
1ee2
--2
.
abc
0e
000.e
+
1.2.3
1ee2
-
.
000.e
000.e
1.2.3
1e-
.
--2
1.2.3
+
000.e
1e
000.e
-
e10
+
.
1.2.3
1.2.3
1.2.3
+
1.2.3
e10
1.2.3
0e
1ee2
-
.
1.2.3
abc
++1
abc
1e-
1e
-
0e
1e
1e-
abc
0e
1.2.3
abc
++1
1e+
1ee2
1ee2
1e
+
1e-
1ee2
1.2.3
abc
000.e
0e
-
000.e
-
+
000.e
1e+
000.e
+
++1
--2
1e+
++1
1e-
1e-
-
0e
abc
++1
abc
0e
e10
-
++1
e10
1e
000.e
1ee2
abc
1e-
1e-
--2
1.2.3
e10
--2
000.e
-
--2
1e-
e10
0e
+
0e
+
abc
abc
000.e
abc
1e-
1.2.3
++1
1e+
1e-
1e+
1e+
+
1e-
1e+
e10
1e+
1e+
-
1e+
e10
+
000.e
0e
1.2.3
1e+
+
000.e
e10
--2
-
1e+
1e
+
++1
1e-
1e+
1e+
++1
-
++1
1e+
e10
1e
1e
1e-
0e
0e
1e
e10
e10
000.e
+
-
abc
.
0e
abc
1e
1e-
0e
000.e
000.e
e10
0e
1e+
--2
-
+
abc
e10
-
e10
1.2.3
000.e
1e-
1ee2
e10
1e-
-
1ee2
-
0e
-
0e
000.e
+
000.e
1e-
1.2.3
1e-
--2
1e
abc
-
1.2.3
000.e
.
++1
1ee2
e10
-
000.e
0e
--2
--2
--2
+
++1
0e
1e+
1e-
.
000.e
000.e
1ee2
1ee2
1e+
abc
e10
1ee2
+
1ee2
-
abc
0e
e10
1ee2
++1
.
++1
1e
1ee2
.
++1
1e
1e+
000.e
0e
+
abc
000.e
0e
1ee2
abc
0e
+
000.e
1e-
.
000.e
1e-
++1
1.2.3
1e-
abc
abc
--2
.
1.2.3
1e+
1e-
1ee2
1e+
e10
abc
0e
abc
--2
++1
-
1e-
e10
abc
000.e
1ee2
0e
e10
abc
++1
0e
abc
1e+
+
.
000.e
1e-
000.e
1e+
+
0e
1e+
-
1e-
1e-
000.e
e10
1.2.3
--2
1e
1e
.
.
--2
1e-
-
--2
abc
1.2.3
e10
.
1ee2
1e+
1ee2
1ee2
0e
1e-
1ee2
abc
e10
++1
1e+
-
1.2.3
.
1.2.3
.
+
--2
.
1e+
000.e
e10
1ee2
000.e
.
1ee2
+
e10
.
1.2.3
1ee2
1e+
1ee2
--2
1.2.3
-
1e+
1e-
1e+
abc
-
--2
0e
1e+
1.2.3
++1
000.e
--2
1ee2
0e
--2
0e
--2
1e+
++1
-
1e-
e10
+
1.2.3
1e-
abc
000.e
1e
1e-
0e
1e
.
000.e
--2
-
e10
1e+
.
1e+
0e
1e-
e10
abc
1.2.3
1e
+
.
--2
1ee2
-
1e-
0e
-
--2
1e+
abc
1.2.3
abc
-
abc
1.2.3
1e-
++1
000.e
abc
1e-
--2
.
.
000.e
-
1e+
1.2.3
1ee2
--2
1.2.3
.
1e
.
abc
--2
1e
1.2.3
1e+
1ee2
1e
1e
--2
abc
e10
1e+
0e
1e+
1e+
--2
++1
1ee2
--2
abc
0e
1ee2
-
-
e10
abc
1e+
.
1e
abc
+
abc
e10
000.e
1.2.3
-
--2
1e+
1e+
0e
1e+
0e
+
--2
1e-
1ee2
abc
1e+
--2
++1
+
1e+
0e
000.e
--2
1e+
1.2.3
000.e
++1
++1
0e
++1
1.2.3
abc
.
+
1e+
0e
1e-
e10
1.2.3
.
--2
1e
+
1e+
--2
1e
+
000.e
++1
--2
--2
1.2.3
--2
-
1e
1e
abc
+
0e
1.2.3
1e
1e
e10
--2
1.2.3
e10
000.e
+
abc
1e-
0e
.
.
0e
.
+
000.e
--2
1e-
++1
-
--2
e10
--2
1ee2
1e+
++1
.
000.e
1e
1e-
1.2.3
1e-
--2
1e+
0e
1e+
000.e
.
1e+
e10
1e
.
1ee2
-
--2
1ee2
e10
e10
1e-
1e
-
1e-
1ee2
000.e
e10
1e+
0e
abc
-
-
1e
000.e
1ee2
1e-
++1
abc
abc
1e+
000.e
1e
000.e
abc
-
--2
1.2.3
1e-
+
+
1e-
++1
1e+
+
1e
e10
1.2.3
abc
1.2.3
.
-
1.2.3
1e
.
1e
++1
0e
e10
1ee2
1e+
--2
1e-
0e
--2
0e
000.e
++1
+
000.e
abc
1.2.3
000.e
-
-
abc
1e-
1e-
0e
1e
000.e
.
1e-
--2
.
+
1.2.3
000.e
1e
0e
--2
1e
++1
-
0e
+
.
++1
+
1e
1e+
abc
+
--2
++1
++1
-
1e
e10
abc
1.2.3
0e
.
-
abc
.
1e+
1e
1e+
1e-
abc
abc
.
.
1ee2
000.e
-
.
1e+
1e+
--2
-
1e-
+
++1
e10
1.2.3
1e
1.2.3
0e
000.e
abc
e10
1e+
1e+
1e-
1ee2
--2
++1
0e
000.e
1e+
1e
--2
+
1e
1.2.3
1e
e10
++1
1e
000.e
e10
++1
000.e
-
+
+
1e-
0e
1ee2
1e+
1.2.3
++1
.
e10
++1
1e
abc
1e+
e10
abc
0e
++1
1ee2
1e
000.e
1e
1.2.3
1e-
1e
1ee2
1e
.
1ee2
1ee2
1e+
-
0e
e10
1e-
-
1.2.3
.
--2
abc
e10
1e
000.e
--2
1.2.3
0e
.
-
-
000.e
000.e
++1
++1
e10
++1
abc
1e
.
e10
e10
abc
0e
++1
.
1e+
--2
1e+
+
-
--2
1e
--2
+
1ee2
1ee2
e10
1.2.3
1.2.3
.
+
+
--2
-
++1
000.e
abc
--2
1.2.3
.
0e
abc
.
1.2.3
++1
1ee2
0e
0e
++1
abc
1ee2
1ee2
-
e10
+
abc
--2
0e
+
e10
abc
+
e10
1ee2
e10
++1
1e
1.2.3
.
1.2.3
++1
1e-
1e
+
e10
1ee2
abc
e10
-
-
0e
0e
++1
1ee2
e10
abc
000.e
1ee2
.
000.e
1e+
abc
000.e
0e
1e+
e10
e10
000.e
000.e
0e
1ee2
++1
abc
++1
1ee2
1e+
000.e
1e
1e-
1e-
abc
1.2.3
e10
++1
1.2.3
e10
+
0e
1e
1e-
++1
0e
000.e
--2
1.2.3
++1
abc
abc
.
1e
1ee2
1e
1e-
1.2.3
+
--2
+
000.e
abc
000.e
-
++1
.
+
.
1.2.3
0e
++1
1e-
000.e
e10
abc
.
.
+
--2
abc
.
+
000.e
+
1e
1e
1.2.3
1e
.
0e
--2
1ee2
--2
e10
0e
+
++1
.
e10
1e-
.
000.e
abc
0e
.
-
1e
-
1ee2
+
000.e
-
+
abc
1.2.3
0e
--2
+
1.2.3
1ee2
1e
0e
--2
++1
1e
++1
1.2.3
+
1ee2
1e
--2
0e
0e
++1
1.2.3
.
-
1e+
++1
1e
0e
1e-
--2
-
1e+
+
++1
++1
abc
000.e
1.2.3
1.2.3
--2
--2
1ee2
1e+
1e
000.e
1e
1e
+
1e-
1e
1.2.3
e10
1e-
e10
e10
1e-
1e-
.
1.2.3
1e
++1
000.e
1.2.3
abc
.
000.e
-
.
1e+
.
.
+
e10
-
-
--2
1e
abc
++1
1e-
++1
--2
000.e
abc
.
0e
.
+
0e
+
1.2.3
abc
e10
--2
e10
1e-
abc
1e+
.
e10
1ee2
.
.
-
0e
++1
0e
1.2.3
-
0e
-
abc
e10
.
e10
.
1.2.3
+
e10
abc
1e
000.e
++1
+
++1
--2
++1
1e-
1e
1ee2
0e
1e
e10
--2
000.e
-
1e+
1.2.3
--2
+
++1
+
1e-
0e
1ee2
1e+
-
1e+
0e
000.e
++1
1.2.3
0e
0e
1ee2
--2
0e
.
e10
1e-
--2
1e
1.2.3
--2
0e
e10
+
.
--2
000.e
.
.
--2
1e+
1.2.3
000.e
0e
1e
+
1e
++1
1e-
.
+
1ee2
--2
e10
1e-
.
1e+
e10
++1
000.e
1e+
--2
.
1.2.3
1ee2
++1
+
e10
++1
abc
abc
--2
-
.
abc
abc
1ee2
1e-
++1
1ee2
1.2.3
1e
000.e
++1
0e
000.e
1ee2
++1
1e+
abc
+
1.2.3
1.2.3
--2
+
0e
1e
1e+
1e
0e
+
.
000.e
+
e10
1e-
++1
e10
abc
1e+
e10
abc
1e-
++1
e10
.
--2
++1
1.2.3
e10
1ee2
-
-
+
abc
+
e10
1e+
-
e10
1ee2
1e
1ee2
.
++1
1e
1e-
.
abc
1e+
e10
.
++1
000.e
1.2.3
0e
-
++1
1e-
.
1.2.3
1ee2
--2
1ee2
e10
.
.
--2
+
0e
1.2.3
abc
1e
--2
-
+
1ee2
+
--2
1ee2
+
0e
abc
e10
+
0e
e10
+
1e+
1ee2
1.2.3
1e
+
1e-
abc
0e
-
--2
e10
++1
--2
.
1ee2
--2
000.e
0e
-
e10
++1
0e
-
+
000.e
0e
--2
abc
1e-
e10
-
-
1e
1.2.3
0e
1e+
-
+
0e
-
+
e10
1ee2
1e
1e+
1e-
0e
1e+
1.2.3
000.e
.
0e
1e+
+
.
abc
++1
1ee2
0e
0e
e10
-
+
--2
1ee2
000.e
0e
abc
+
+
1.2.3
1e
.
1e
e10
--2
abc
1e+
++1
-
0e
++1
+
.
.
abc
.
000.e
+
++1
.
1ee2
++1
e10
000.e
++1
abc
1.2.3
000.e
000.e
1.2.3
e10
1.2.3
1e
e10
1.2.3
abc
-
++1
abc
e10
1e
+
1e-
0e
.
0e
1.2.3
000.e
1e
1.2.3
000.e
1ee2
1e
--2
000.e
1e
000.e
0e
+
1e+
.
1ee2
++1
000.e
++1
1ee2
0e
e10
1e+
abc
-
1e-
1ee2
0e
1.2.3
.
abc
0e
1e+
1.2.3
0e
+
1ee2
-
1ee2
abc
e10
1.2.3
000.e
--2
e10
1.2.3
.
1.2.3
e10
1ee2
-
+
1ee2
0e
e10
+
e10
-
1e+
.
.
1e-
1e+
000.e
1e-
.
.
0e
-
+
abc
000.e
1e-
e10
000.e
1e+
++1
-
.
1ee2
1.2.3
--2
1e+
.
-
e10
.
1e-
1ee2
1e
abc
1ee2
--2
1e+
1.2.3
--2
.
--2
1e+
e10
.
++1
1.2.3
0e
--2
--2
e10
-
1ee2
0e
-
abc
0e
--2
1e-
1e+
1e
1e+
abc
++1
1e
1ee2
1ee2
1e-
1ee2
++1
-
1e+
1.2.3
e10
000.e
.
.
abc
e10
e10
1e
1e
1e+
1e-
--2
1e-
1e
000.e
abc
e10
1e-
1e+
1e+
1e+
.
1e+
++1
1e-
++1
000.e
000.e
000.e
1.2.3
.
1ee2
000.e
0e
abc
1e-
1e-
-
++1
--2
e10
0e
1.2.3
-
--2
.
e10
e10
abc
1e+
1ee2
0e
000.e
1e+
++1
1e
++1
1e
e10
1e-
e10
1e
--2
++1
1e
000.e
--2
++1
abc
000.e
1ee2
1e+
1e+
+
1e-
000.e
1e-
.
e10
abc
1.2.3
e10
+
1e-
1e
e10
abc
-
1e-
-
1e
1e+
1ee2
.
e10
000.e
--2
++1
1e-
e10
++1
0e
1e-
1ee2
.
abc
1e
000.e
0e
1e-
1.2.3
abc
.
--2
1e+
e10
abc
1.2.3
-
000.e
-
1.2.3
000.e
1e+
1e
1e+
+
1e+
1e-
++1
1.2.3
abc
-
--2
1e
.
000.e
.
abc
1e-
1.2.3
+
--2
1ee2
.
abc
1e+
1ee2
000.e
1ee2
1e
abc
1e+
0e
1ee2
1e+
1e+
0e
0e
e10
1.2.3
1e+
+
e10
1.2.3
.
0e
1e+
+
++1
1.2.3
--2
.
+
-
e10
++1
0e
0e
++1
abc
.
+
0e
1ee2
++1
1e
1e+
000.e
-
--2
1e-
1.2.3
1ee2
1ee2
--2
0e
.
++1
1e-
0e
0e
1.2.3
e10
abc
1.2.3
+
e10
++1
.
e10
000.e
0e
1ee2
+
0e
1e+
0e
.
+
++1
--2
1ee2
+
--2
+
1.2.3
-
1ee2
--2
-
+
0e
e10
0e
0e
000.e
+
++1
++1
0e
1e+
abc
-
1.2.3
++1
1e
1e
e10
++1
1e
.
-
--2
--2
1e-
abc
1.2.3
e10
1e+
e10
abc
1ee2
1ee2
++1
++1
abc
e10
0e
-
1e+
-
++1
abc
1ee2
000.e
e10
1e
1e-
1.2.3
000.e
1e-
1e+
1e-
0e
+
1e-
000.e
1e+
1e-
1e-
1.2.3
--2
000.e
e10
++1
0e
1e+
1e+
e10
1e
1e
abc
.
--2
000.e
--2
000.e
e10
1ee2
1e-
-
000.e
--2
1.2.3
1e
abc
+
+
1e+
+
--2
000.e
.
e10
e10
1e-
-
0e
+
1.2.3
abc
000.e
000.e
++1
+
0e
0e
000.e
1.2.3
+
1.2.3
000.e
++1
.
+
1e-
000.e
--2
+
000.e
.
+
1e+
1e-
1e+
+
+
1e+
e10
1ee2
1.2.3
e10
-
++1
+
abc
000.e
000.e
1e
1.2.3
1e
-
1e+
++1
+
1e
e10
0e
e10
000.e
e10
-
0e
1.2.3
1ee2
0e
000.e
1e-
000.e
000.e
++1
1e-
1.2.3
++1
+
1e+
0e
1e-
+
000.e
1ee2
1e
1e
e10
.
0e
abc
1e
1e
1ee2
1ee2
1e
000.e
0e
abc
++1
++1
e10
0e
1e+
--2
--2
-
abc
e10
1ee2
1e+
++1
e10
1ee2
+
1.2.3
.
1e
1e
1e+
-
-
1e-
.
.
e10
1e-
abc
e10
+
1e
1ee2
1ee2
1ee2
e10
1e+
e10
-
abc
--2
1e+
+
-
e10
1ee2
1.2.3
1ee2
1ee2
1e-
e10
--2
--2
-
0e
--2
++1
1e+
0e
000.e
++1
1ee2
-
abc
1.2.3
e10
.
1ee2
1e-
1.2.3
-
0e
1e-
1.2.3
1e-
1.2.3
-
++1
abc
0e
1.2.3
1e-
-
e10
1e+
--2
000.e
1e-
.
--2
000.e
-
abc
--2
+
000.e
abc
-
abc
-
e10
1e+
++1
1.2.3
e10
++1
1e-
1e
+
1e
1ee2
e10
1e
1e+
abc
1e
-
abc
.
--2
1e
1.2.3
-
000.e
1e+
++1
000.e
++1
000.e
000.e
--2
0e
1.2.3
++1
1ee2
1e-
-
++1
000.e
000.e
0e
000.e
.
000.e
1e-
1e-
1.2.3
--2
0e
1e+
abc
000.e
0e
000.e
e10
1e+
1.2.3
1e+
1.2.3
--2
.
1ee2
abc
0e
+
1e
+
1e
-
1e
abc
--2
.
e10
1e-
+
-
1ee2
1e
++1
1ee2
--2
+
000.e
++1
e10
+
--2
abc
000.e
1.2.3
-
000.e
abc
000.e
+
1e-
-
1e+
.
1e
1e-
--2
abc
000.e
abc
e10
1e+
1e+
1e+
1e
-
1e
1.2.3
1.2.3
+
1ee2
abc
++1
e10
000.e
++1
000.e
e10
++1
1e
.
000.e
abc
abc
e10
0e
1.2.3
abc
1.2.3
0e
1e-
++1
000.e
--2
-
--2
000.e
1e-
1e-
0e
1e-
1ee2
1e+
e10
--2
1.2.3
e10
+
1.2.3
1.2.3
e10
1e-
1e+
-
--2
-
1.2.3
1e-
abc
1ee2
1e+
1e
1e
1e-
--2
--2
1e-
--2
1ee2
0e
1.2.3
-
+
1e
e10
000.e
1e+
1.2.3
1e-
-
e10
.
--2
0e
0e
+
0e
1e+
1e+
--2
+
--2
1e+
0e
-
abc
-
1e-
1e+
1e+
abc
1e
abc
0e
1ee2
+
000.e
--2
1ee2
-
+
abc
--2
1ee2
1e+
++1
abc
1e+
0e
1e-
+
--2
0e
0e
abc
abc
abc
1e
1e-
-
e10
1ee2
-
abc
-
abc
--2
-
1.2.3
000.e
1e
.
0e
abc
e10
++1
-
0e
--2
+
1e+
000.e
1ee2
abc
1.2.3
abc
+
++1
000.e
1e+
abc
000.e
-
000.e
-
abc
abc
1e+
e10
--2
1e-
.
abc
1e-
--2
1e
+
1e+
abc
0e
0e
.
1ee2
--2
0e
.
+
1e
+
1ee2
1e+
--2
-
1e+
1e+
-
1e+
abc
.
+
1ee2
0e
e10
--2
e10
-
abc
++1
+
1ee2
0e
.
--2
1e
0e
abc
000.e
1ee2
--2
e10
000.e
+
1.2.3
.
1ee2
1e+
1e
1ee2
0e
abc
000.e
1ee2
000.e
1e
abc
--2
++1
1.2.3
.
-
1.2.3
.
--2
1e
abc
1e+
000.e
abc
++1
1e-
0e
-
.
1e+
1e+
1e-
-
+
abc
1ee2
1e-
.
.
1e+
.
-
0e
1e
++1
1e
1ee2
000.e
-
1ee2
+
.
e10
1e-
1e+
--2
1.2.3
+
1e
0e
e10
-
1e-
++1
.
0e
1.2.3
1e
e10
+
+
+
1ee2
1e
abc
e10
000.e
1.2.3
++1
1ee2
e10
1e-
1ee2
.
+
1e
--2
abc
e10
0e
+
+
++1
1.2.3
1e+
abc
-
--2
1e+
1ee2
+
1e+
+
1e-
1e+
abc
--2
1.2.3
1e
++1
.
000.e
e10
1ee2
abc
++1
-
.
+
.
0e
abc
.
e10
--2
1e-
e10
1e
1ee2
000.e
abc
0e
1.2.3
000.e
1.2.3
1e
abc
1.2.3
.
e10
1.2.3
-
000.e
000.e
+
1e-
+
+
--2
000.e
1ee2
e10
1ee2
1.2.3
000.e
1e
000.e
.
+
+
e10
1e+
1e+
1e-
1.2.3
--2
1.2.3
--2
0e
1ee2
+
1e-
0e
--2
+
+
-
1ee2
1e+
1ee2
1e
e10
abc
1e+
e10
e10
1.2.3
000.e
e10
e10
000.e
-
1ee2
-
.
abc
1e+
++1
++1
-
abc
++1
0e
1ee2
1e+
1ee2
e10
+
1.2.3
1.2.3
--2
+
+
1e+
1.2.3
+
+
1e-
.
--2
e10
++1
abc
0e
++1
1e+
.
1e-
000.e
+
1e-
1e
.
000.e
+
e10
1e
1ee2
1.2.3
++1
++1
e10
1e+
.
0e
1e
+
.
e10
.
e10
-
e10
abc
+
1e
++1
++1
1.2.3
1e+
-
abc
1ee2
-
1e
--2
e10
e10
.
.
000.e
e10
1.2.3
000.e
abc
e10
-
1e-
1ee2
+
e10
+
1e
1e+
000.e
1e-
1.2.3
e10
abc
1ee2
e10
+
1e-
abc
e10
abc
0e
--2
0e
1ee2
e10
1ee2
.
0e
.
abc
000.e
.
+
++1
+
1.2.3
+
e10
0e
0e
e10
0e
1e-
1ee2
0e
-
1.2.3
000.e
1e
+
-
+
e10
1.2.3
.
--2
1e-
000.e
e10
.
abc
1e+
1e+
0e
-
--2
1e-
.
-
abc
++1
-
0e
1.2.3
-
--2
1e
1e
-
0e
abc
1e+
++1
1e-
1ee2
e10
1e+
0e
-
+
--2
-
1.2.3
.
1ee2
1e
abc
-
-
1e
e10
e10
-
1.2.3
-
1e
1.2.3
-
abc
1ee2
--2
+
1e-
+
1e-
1ee2
1ee2
1e-
-
-
000.e
1e
++1
1e
000.e
++1
1ee2
.
000.e
1ee2
1.2.3
e10
.
000.e
-
1e+
-
-
1e-
0e
.
1ee2
1e+
e10
e10
000.e
++1
000.e
1e
-
e10
1.2.3
.
1ee2
000.e
.
.
+
++1
1.2.3
1e
++1
e10
0e
--2
+
1.2.3
0e
+
+
--2
1e
+
.
--2
abc
e10
1e+
-
+
-
++1
-
1ee2
1.2.3
--2
.
.
abc
1ee2
1.2.3
e10
1e-
--2
-
1e-
++1
000.e
0e
-
1ee2
1.2.3
1e+
.
-
1.2.3
1ee2
1e
1e
1e+
e10
1e
1e+
1ee2
1e
1.2.3
-
000.e
000.e
1e+
--2
1e+
1e+
0e
0e
abc
1ee2
1e
1ee2
1.2.3
abc
e10
.
abc
1ee2
1e-
.
++1
1.2.3
1ee2
000.e
e10
1e
-
e10
1e-
0e
1e
--2
0e
.
1e+
--2
e10
1e-
1e-
0e
-
0e
--2
1ee2
.
+
+
1ee2
abc
0e
000.e
1e-
++1
.
000.e
--2
1.2.3
--2
1.2.3
000.e
e10
abc
000.e
000.e
+
e10
000.e
1e
-
abc
1ee2
-
--2
-
1e-
0e
e10
1ee2
1.2.3
-
0e
000.e
++1
1.2.3
.
0e
0e
e10
e10
1e-
1e-
.
0e
1ee2
+
--2
1.2.3
1.2.3
+
e10
0e
++1
.
++1
abc
000.e
0e
e10
-
--2
1ee2
--2
0e
-
1.2.3
++1
e10
1ee2
1.2.3
1ee2
+
+
1e
--2
e10
0e
1e
e10
++1
-
1.2.3
--2
0e
000.e
++1
000.e
++1
000.e
.
abc
+
abc
1ee2
000.e
--2
1.2.3
--2
000.e
1.2.3
1.2.3
000.e
+
000.e
--2
1ee2
1.2.3
1.2.3
++1
1e
1e
++1
1e+
+
.
1ee2
1ee2
.
1.2.3
000.e
0e
++1
000.e
+
1ee2
0e
0e
1e+
++1
1e
+
1e
++1
+
1e-
++1
+
0e
--2
000.e
+
-
1e-
.
000.e
++1
1ee2
.
1e+
-
000.e
000.e
e10
.
--2
1e+
+
1.2.3
1.2.3
abc
+
+
abc
abc
abc
++1
1e+
000.e
1.2.3
+
0e
-
1e-
0e
-
1.2.3
1e
1.2.3
++1
1ee2
1ee2
1e+
0e
1e+
1e+
1e+
000.e
--2
1e
1ee2
000.e
1ee2
1ee2
0e
000.e
.
1e+
++1
0e
1e
1e+
++1
1e
-
++1
-
.
1e+
1ee2
1e+
.
e10
1e-
000.e
.
abc
+
1e
0e
1e
e10
-
abc
1.2.3
+
+
000.e
+
.
000.e
1e
-
1e-
-
e10
-
1e+
1.2.3
1.2.3
0e
abc
abc
000.e
.
-
abc
1e
1e+
-
abc
1ee2
++1
1e+
.
e10
e10
1e+
+
000.e
1e-
+
1.2.3
+
--2
-
1.2.3
1e+
1ee2
-
-
1e
1e
1e+
e10
abc
abc
e10
1e+
++1
1ee2
+
++1
.
-
0e
-
--2
.
e10
e10
abc
000.e
++1
1e-
0e
--2
e10
abc
1ee2
1e
1e
--2
++1
1e
-
abc
++1
1e
1e
+
1e-
1e+
1ee2
++1
.
+
+
abc
e10
1.2.3
1e
+
1e-
.
abc
1ee2
--2
--2
abc
-
+
-
1ee2
1e-
.
.
e10
-
.
--2
1ee2
+
abc
1e+
e10
e10
++1
000.e
1e-
000.e
000.e
1e+
.
e10
e10
1e
-
.
.
++1
+
+
.
0e
1e-
.
1.2.3
++1
1e+
-
1e-
1e+
1e-
+
.
1.2.3
abc
1e+
1ee2
1.2.3
-
.
1e+
e10
abc
+
1e-
e10
--2
+
.
.
1e+
1e-
1.2.3
1.2.3
abc
0e
1ee2
--2
--2
1e-
1.2.3
e10
0e
--2
1.2.3
--2
1e+
--2
1e+
+
e10
1ee2
1e-
1e+
-
1ee2
e10
.
1e
000.e
1e-
++1
1.2.3
e10
.
-
1e+
e10
000.e
-
000.e
++1
1e
1e+
abc
.
.
+
1e
++1
--2
--2
1e
+
abc
1e-
e10
1ee2
000.e
e10
.
e10
-
--2
++1
1ee2
-
+
--2
1e-
--2
e10
++1
++1
e10
0e
+
000.e
-
abc
++1
-
--2
1.2.3
1e+
1e
abc
+
--2
1e
abc
--2
1e-
0e
1ee2
-
abc
1ee2
e10
0e
abc
--2
1e
0e
e10
1e+
1e
000.e
e10
.
1.2.3
1.2.3
++1
++1
++1
e10
000.e
1e-
++1
--2
1e+
1e+
0e
000.e
1.2.3
e10
000.e
e10
0e
.
++1
1.2.3
++1
1.2.3
1.2.3
--2
e10
1e+
0e
e10
.
1e+
1e+
1e
--2
e10
-
000.e
000.e
+
1e-
abc
1e-
1e
abc
.
1.2.3
1e-
++1
++1
--2
--2
+
1ee2
.
1.2.3
1e-
1ee2
1e
000.e
1.2.3
-
1.2.3
1e-
-
+
1e-
1.2.3
abc
++1
+
abc
1e+
1ee2
e10
1ee2
1e-
1ee2
++1
.
--2
000.e
1e-
1ee2
1.2.3
1e+
1ee2
1.2.3
+
e10
e10
--2
abc
.
+
1ee2
e10
e10
1ee2
000.e
1e
1e+
000.e
1ee2
+
000.e
-
1e
++1
000.e
abc
--2
0e
.
000.e
-
000.e
1ee2
1e+
1e-
0e
abc
++1
000.e
1e+
++1
+
--2
abc
1e-
+
++1
++1
1ee2
1e-
--2
1.2.3
+
.
abc
000.e
1e
+
0e
--2
000.e
1e+
1e+
--2
--2
0e
1e
++1
-
1e
000.e
0e
0e
1e+
1e+
+
e10
1e+
000.e
1e+
--2
e10
1ee2
1ee2
++1
1e-
1ee2
1e-
++1
1e
1e
e10
-
1ee2
1ee2
e10
-
--2
e10
++1
1e-
000.e
1e-
000.e
.
1e
000.e
-
+
000.e
1e
abc
.
1ee2
-
abc
--2
1e
0e
.
1e
1e
--2
1e
1e+
1e-
e10
abc
++1
0e
1e+
1.2.3
++1
1.2.3
1e+
e10
+
.
-
-
1e+
--2
1e-
abc
0e
1.2.3
e10
e10
1e
1.2.3
++1
++1
1.2.3
+
1.2.3
1.2.3
-
abc
1e-
e10
++1
+
0e
1.2.3
1e+
1e+
1.2.3
-
000.e
1.2.3
abc
e10
1e
--2
-
+
--2
1e+
-
1e-
e10
abc
1.2.3
-
1.2.3
1.2.3
++1
--2
0e
abc
.
e10
abc
1e-
++1
0e
++1
++1
1e+
0e
--2
1ee2
1e
+
abc
000.e
-
1e-
-
abc
1ee2
1ee2
1e+
1e
1ee2
1ee2
1ee2
1e+
1e
1e-
--2
abc
000.e
++1
1ee2
abc
0e
1e
1ee2
+
e10
abc
++1
000.e
+
-
-
1e
000.e
abc
000.e
--2
.
abc
-
e10
+
1e-
-
1.2.3
1ee2
.
abc
000.e
+
-
+
1e-
1.2.3
1e+
++1
1ee2
+
1e+
1e+
1.2.3
1e-
-
0e
1e-
-
.
abc
1e
1.2.3
1.2.3
1e
++1
1ee2
++1
--2
-
1.2.3
1e+
1e+
--2
--2
1ee2
000.e
.
.
--2
1e-
e10
000.e
1e-
1e-
1.2.3
.
--2
1.2.3
--2
+
e10
.
--2
1e+
1e+
.
1ee2
1e+
0e
1e+
1e+
.
-
1e
-
1e-
1e
++1
.
000.e
++1
1.2.3
1e
1e-
+
e10
-
1e
--2
1e
abc
0e
1.2.3
1e+
1ee2
abc
1e-
+
e10
000.e
+
+
1.2.3
abc
1e+
e10
000.e
1.2.3
1ee2
1e-
1.2.3
+
.
1e+
.
e10
abc
0e
1ee2
abc
000.e
.
1ee2
--2
1e-
++1
e10
-
1ee2
1ee2
e10
1e+
1ee2
abc
1e
.
+
-
abc
.
1e-
1ee2
--2
e10
1e
--2
1e+
abc
1.2.3
.
1e-
e10
1e
++1
--2
+
.
abc
1e
0e
e10
abc
1.2.3
--2
e10
1e+
000.e
1e-
1e
0e
++1
++1
abc
+
1ee2
-
abc
1.2.3
000.e
.
e10
1e+
000.e
1e+
.
-
--2
-
1e
++1
1e-
1e-
e10
1.2.3
abc
++1
1ee2
+
1.2.3
.
000.e
e10
abc
+
0e
000.e
0e
-
--2
--2
++1
1e
.
+
1.2.3
.
.
+
.
--2
1ee2
1e-
1.2.3
.
e10
e10
1ee2
--2
+
1e+
0e
1e
abc
-
.
1ee2
1e-
1e
-
1e
1ee2
+
+
abc
++1
e10
1.2.3
1.2.3
abc
abc
1e
-
1e
000.e
e10
++1
--2
0e
abc
e10
1e
abc
1.2.3
-
++1
+
1ee2
1e
1.2.3
1e-
0e
1e+
0e
-
000.e
+
abc
1e-
1e-
.
.
1e+
000.e
1e
000.e
+
1e+
1e-
1e
0e
++1
++1
1.2.3
+
++1
0e
.
e10
--2
000.e
1e
000.e
1ee2
1e+
+
1e+
1e-
++1
+
+
abc
--2
+
1e-
1.2.3
000.e
000.e
e10
0e
0e
.
1e+
1ee2
--2
++1
-
0e
1e
-
+
1.2.3
e10
1.2.3
1.2.3
1e+
--2
++1
e10
000.e
1e-
e10
1ee2
1e
0e
000.e
--2
1e+
+
e10
++1
++1
1.2.3
e10
000.e
e10
.
.
abc
1.2.3
000.e
.
1e+
-
000.e
.
1ee2
1ee2
e10
0e
.
1ee2
-
-
0e
.
0e
-
-
000.e
++1
1.2.3
1.2.3
0e
e10
000.e
--2
.
1e-
1ee2
--2
--2
1.2.3
1ee2
000.e
1e-
abc
--2
-
--2
1.2.3
e10
1ee2
0e
.
1e-
++1
1e-
000.e
1e+
1.2.3
++1
.
-
1.2.3
000.e
1e+
1.2.3
abc
1e+
+
.
1e
++1
1ee2
++1
0e
+
--2
e10
0e
0e
--2
.
1e
1ee2
.
.
0e
0e
1e-
++1
--2
1.2.3
.
abc
0e
--2
0e
-
1e+
abc
1e-
.
000.e
1.2.3
000.e
.
e10
0e
abc
+
--2
1ee2
000.e
1.2.3
.
0e
+
+
.
.
0e
000.e
.
1ee2
1e+
000.e
abc
-
.
++1
.
+
1e-
1.2.3
000.e
+
.
-
--2
1e+
1ee2
e10
+
+
e10
-
--2
.
000.e
1e
-
e10
1.2.3
--2
+
1e
e10
+
abc
1.2.3
1.2.3
++1
1e+
e10
--2
1.2.3
1.2.3
1e-
1e
++1
1e+
++1
++1
++1
1e
-
abc
abc
+
1ee2
+
1ee2
+
-
1.2.3
1ee2
++1
1.2.3
1ee2
--2
1.2.3
--2
+
-
1.2.3
--2
000.e
abc
+
+
abc
abc
1.2.3
-
abc
abc
abc
0e
--2
1e
1ee2
000.e
e10
abc
0e
1e+
--2
-
-
0e
abc
1.2.3
--2
-
++1
0e
1ee2
++1
e10
000.e
-
.
--2
.
1.2.3
+
abc
1.2.3
+
1ee2
abc
e10
1e-
.
.
e10
000.e
1e
e10
e10
-
+
-
1e-
-
++1
0e
1e-
000.e
1ee2
1.2.3
1ee2
-
1e+
1e-
1ee2
e10
0e
++1
+
++1
0e
.
abc
1e
++1
+
0e
-
-
--2
e10
1e-
1.2.3
000.e
--2
++1
1ee2
1e-
abc
-
-
-
++1
000.e
.
+
1e+
1e+
++1
.
000.e
1e
--2
e10
--2
++1
1e
1.2.3
++1
1.2.3
000.e
e10
1.2.3
1e
.
000.e
-
++1
.
--2
+
1e+
1e-
.
1e
e10
1e
--2
000.e
1e
-
1e-
0e
e10
0e
1ee2
--2
abc
e10
000.e
000.e
1.2.3
0e
e10
0e
1e+
--2
1e-
e10
-
1.2.3
1e+
abc
--2
1e+
.
1e+
1.2.3
.
1e
++1
-
--2
+
e10
000.e
1e-
.
1.2.3
1ee2
+
1ee2
.
+
0e
0e
++1
e10
0e
1e-
--2
+
0e
1e-
--2
1e+
000.e
1e
1e+
1.2.3
1.2.3
+
1.2.3
.
--2
1e
1e
+
0e
++1
--2
000.e
1.2.3
+
--2
abc
+
-
1e-
+
1.2.3
000.e
--2
1e+
.
--2
1ee2
abc
+
abc
1e+
1ee2
0e
+
-
e10
1ee2
++1
0e
1.2.3
000.e
e10
e10
.
000.e
1e-
1e+
-
--2
e10
--2
1ee2
0e
1ee2
e10
+
--2
.
abc
0e
-
-
000.e
1e+
1e-
1e
.
1e
1.2.3
.
0e
0e
1e
abc
1.2.3
++1
1.2.3
1.2.3
1e+
abc
++1
000.e
+
1e
+
000.e
1e
1.2.3
0e
++1
1ee2
abc
1.2.3
e10
-
1e-
.
000.e
++1
1.2.3
000.e
e10
.
++1
-
1ee2
1.2.3
1ee2
e10
-
000.e
--2
000.e
1e+
1e+
abc
--2
1e
1e
abc
1e-
1e+
1.2.3
.
000.e
.
1e+
e10
0e
+
1.2.3
--2
e10
abc
1e
1e-
000.e
1ee2
1e+
-
0e
1.2.3
1e-
1e
000.e
1e-
1ee2
1e+
1ee2
1ee2
+
1.2.3
1e-
0e
++1
+
1e
+
.
1.2.3
1e+
1e+
e10
1e-
1e-
-
+
e10
1ee2
1e
0e
1.2.3
.
1e
+
1e-
1e
--2
1e+
-
++1
-
1e-
++1
++1
000.e
e10
e10
1ee2
-
1e-
.
abc
.
0e
e10
.
e10
1e-
--2
--2
++1
1e+
e10
1.2.3
-
1.2.3
1ee2
.
+
abc
--2
000.e
-
--2
+
1e-
1ee2
++1
-
-
1e
-
+
1e+
.
abc
abc
000.e
e10
.
-
000.e
++1
++1
-
000.e
1e
++1
1.2.3
.
e10
e10
1e
-
e10
.
1ee2
abc
+
abc
abc
+
1e
--2
abc
1.2.3
--2
1ee2
.
.
0e
0e
1.2.3
000.e
1.2.3
1e
1e+
1.2.3
1ee2
0e
1e+
-
1e
++1
-
abc
+
+
1e
+
+
1e+
++1
+
.
1ee2
e10
-
1e-
1ee2
1e+
++1
1ee2
e10
++1
1e
000.e
.
1e+
1ee2
.
0e
1e-
1e
0e
e10
1e+
1e+
0e
1.2.3
.
.
1e+
.
1.2.3
--2
1ee2
1.2.3
000.e
1e-
-
000.e
-
1e
0e
1.2.3
-
.
-
+
+
++1
abc
1ee2
--2
1.2.3
1e-
++1
.
1e-
--2
--2
0e
1.2.3
abc
000.e
--2
e10
--2
1e+
-
0e
1e
1ee2
0e
000.e
e10
1e+
1e
1e+
abc
1e
1e+
000.e
+
abc
-
0e
++1
-
1e
e10
000.e
abc
1ee2
+
--2
++1
1ee2
+
-
-
000.e
000.e
e10
1e
1.2.3
1.2.3
000.e
1e-
.
.
0e
0e
1e-
--2
1.2.3
-
++1
1ee2
000.e
++1
1e+
abc
1e
0e
1.2.3
1ee2
e10
0e
e10
0e
++1
++1
.
+
.
++1
-
-
1e+
+
1ee2
0e
+
-
+
++1
-
1e
1ee2
-
1ee2
++1
1e-
1e-
1.2.3
++1
000.e
++1
abc
0e
--2
1e+
e10
0e
1e
--2
--2
abc
abc
++1
+
1.2.3
+
-
0e
.
1e+
-
0e
.
++1
--2
1e+
0e
abc
1.2.3
+
.
1e
000.e
e10
abc
1.2.3
++1
.
0e
.
e10
1e-
++1
000.e
1ee2
1ee2
1.2.3
-
000.e
1e+
--2
0e
1e+
1e-
abc
1ee2
-
1e
.
e10
+
0e
--2
0e
000.e
-
000.e
++1
abc
.
--2
+
0e
1e-
abc
1e+
1.2.3
000.e
e10
1.2.3
1e
1e-
1ee2
1e
-
+
000.e
abc
-
-
1.2.3
0e
000.e
abc
1e
1.2.3
-
1.2.3
1ee2
1e-
abc
1ee2
abc
e10
abc
--2
1ee2
+
--2
e10
abc
1e
++1
-
abc
1.2.3
.
+
1e-
1e-
+
--2
++1
.
++1
1e-
1.2.3
--2
.
+
0e
.
abc
000.e
1e-
e10
abc
1e
abc
.
1.2.3
1.2.3
1e
1e+
e10
1.2.3
1e+
1ee2
1e
-
-
1ee2
1e+
1e
+
1e+
000.e
1e
1ee2
1e+
000.e
--2
e10
1ee2
.
-
abc
1e-
1e+
0e
abc
+
++1
-
++1
1e
000.e
.
++1
+
000.e
1e+
0e
0e
abc
--2
+
abc
1.2.3
1e+
0e
1.2.3
0e
000.e
-
1e+
1.2.3
--2
--2
000.e
1.2.3
--2
++1
e10
1e+
1e
0e
1e-
--2
+
1.2.3
1.2.3
1.2.3
-
1e
e10
--2
1ee2
+
1e
+
000.e
1ee2
000.e
000.e
1e
1.2.3
1ee2
1e+
1e+
1e
--2
.
e10
1ee2
1e-
abc
.
abc
1e-
.
-
1ee2
1ee2
1ee2
++1
++1
++1
abc
0e
abc
e10
0e
1e+
-
e10
1e+
1e
abc
.
0e
0e
abc
1e
-
+
--2
-
.
.
1e-
000.e
+
1e
.
1e+
1e-
-
+
000.e
1e
1e-
1e
abc
+
e10
1e+
000.e
--2
1ee2
1ee2
1ee2
0e
1ee2
.
.
+
+
1e+
1e-
1.2.3
1ee2
0e
000.e
+
e10
1.2.3
1.2.3
abc
abc
1e
e10
1.2.3
--2
++1
+
.
.
.
--2
0e
+
1ee2
e10
1ee2
0e
000.e
000.e
.
1.2.3
e10
+
abc
1e+
.
++1
-
1.2.3
0e
000.e
1ee2
1.2.3
1e-
e10
1e-
1e-
1e+
.
1e-
.
.
++1
+
e10
1e-
++1
e10
1e+
-
1ee2
1e
1ee2
--2
abc
1.2.3
1e+
e10
1ee2
0e
++1
0e
-
++1
1e-
+
-
e10
000.e
1e-
0e
1e
e10
1e+
1.2.3
1ee2
-
abc
--2
1e+
1e+
++1
-
+
1.2.3
000.e
1e+
1e
1e-
-
1e-
000.e
000.e
1e+
+
1e
++1
1ee2
1e-
e10
abc
abc
--2
1ee2
++1
-
abc
000.e
+
0e
1e-
1e-
abc
1e
.
1.2.3
1.2.3
1e
.
e10
1.2.3
1e-
abc
++1
abc
1e+
--2
1e
000.e
e10
abc
e10
1e-
--2
1e-
1e
--2
abc
abc
0e
1e
-
.
-
1.2.3
1.2.3
1e+
abc
1e+
-
1ee2
+
1e
-
e10
1e-
-
+
--2
1e+
abc
1ee2
1.2.3
1e
1e+
1.2.3
.
1ee2
-
1ee2
--2
.
1e-
abc
1ee2
--2
-
0e
1.2.3
0e
-
1e-
e10
e10
1ee2
000.e
++1
-
0e
1e
1e-
++1
1e
+
1e+
e10
0e
+
.
0e
abc
1e+
++1
1e
0e
000.e
1e
.
1.2.3
--2
1e
+
000.e
1e
0e
abc
+
--2
+
e10
++1
++1
++1
000.e
1ee2
+
-
+
1.2.3
1e
1e
1.2.3
.
e10
-
-
e10
1e-
.
0e
--2
++1
1e
1ee2
000.e
1.2.3
1ee2
e10
1e+
1e+
1ee2
+
+
--2
1ee2
-
1.2.3
abc
--2
.
1e+
1.2.3
1e
1ee2
++1
1ee2
1.2.3
abc
1.2.3
1e
--2
1ee2
0e
1e+
1ee2
1e-
abc
1ee2
++1
0e
0e
1.2.3
+
-
1e+
abc
000.e
1e-
1e
1.2.3
000.e
++1
++1
+
+
-
--2
1ee2
+
1e+
0e
1e+
1e
-
e10
++1
1.2.3
000.e
.
.
+
abc
--2
1.2.3
-
e10
1.2.3
abc
1e-
000.e
++1
+
000.e
1e+
.
++1
++1
e10
.
000.e
1e
000.e
.
abc
-
1e
1e+
1e+
e10
1e
++1
1.2.3
1e
1ee2
1e-
1ee2
1.2.3
0e
0e
0e
--2
.
1ee2
++1
--2
1e+
1e-
abc
000.e
abc
1e-
+
e10
1e
1e
1ee2
1ee2
-
+
--2
1e+
.
--2
1.2.3
000.e
++1
-
-
1e
.
1.2.3
1ee2
++1
--2
1.2.3
1e-
--2
abc
1e
-
1e-
1e
1e
--2
+
+
.
++1
1e+
1e+
1e
000.e
abc
.
-
.
1ee2
1e
.
e10
1ee2
abc
1e-
.
-
abc
1e-
abc
+
1e-
.
1e+
-
1.2.3
e10
0e
abc
1e-
+
e10
000.e
1.2.3
+
++1
1e+
abc
0e
abc
+
++1
1ee2
-
-
-
1e
++1
abc
1e-
0e
000.e
+
1.2.3
abc
--2
--2
1e
--2
1e
abc
-
e10
1.2.3
1e+
e10
.
1e-
+
e10
e10
e10
1e
1.2.3
0e
1e+
1ee2
.
--2
abc
.
--2
--2
e10
.
1e+
.
.
000.e
1e-
0e
000.e
1e-
++1
000.e
000.e
1.2.3
000.e
1.2.3
.
000.e
1e
abc
.
--2
.
1.2.3
++1
1ee2
1e
e10
000.e
1e+
+
-
1e+
0e
000.e
1.2.3
-
000.e
--2
abc
-
1.2.3
--2
1.2.3
.
0e
+
1e+
-
1e
1e-
1ee2
1e-
0e
++1
000.e
abc
--2
1.2.3
1ee2
0e
000.e
1ee2
1e-
1ee2
-
000.e
abc
+
1e
000.e
-
.
1e+
.
abc
-
000.e
0e
000.e
1e+
0e
0e
++1
1ee2
++1
-
1e+
0e
0e
1e-
0e
.
1e+
000.e
000.e
++1
.
.
--2
1.2.3
.
1e+
.
--2
-
--2
1e-
e10
+
1.2.3
+
1e
000.e
1e
abc
1e
--2
+
0e
.
++1
--2
1.2.3
0e
.
1e+
1.2.3
1e-
.
-
000.e
1ee2
.
++1
abc
e10
1.2.3
1ee2
1e+
-
+
1ee2
1ee2
+
1ee2
1e
0e
1e+
1e-
.
000.e
-
--2
1e-
1.2.3
abc
000.e
1.2.3
1e
abc
abc
1.2.3
-
1.2.3
0e
.
1e
1e+
1.2.3
1e-
1e
--2
1e
++1
1e+
1e+
abc
1.2.3
1e-
1ee2
000.e
-
--2
+
abc
1ee2
1e+
abc
1.2.3
--2
+
0e
-
-
1e-
e10
-
++1
--2
+
1e
1e
000.e
--2
000.e
-
+
--2
-
1.2.3
.
--2
+
--2
--2
abc
++1
-
1e-
1ee2
-
1ee2
++1
1e
1e+
1e-
1e
1ee2
1e-
-
1e-
1e+
1.2.3
e10
--2
++1
-
1e-
1.2.3
e10
1e
-
++1
-
++1
1.2.3
++1
.
1e+
abc
--2
1ee2
+
1e+
000.e
e10
++1
--2
e10
e10
+
e10
++1
1e
000.e
-
e10
++1
0e
0e
abc
1ee2
1ee2
1e-
1e
e10
1e-
1ee2
1e-
1.2.3
1e+
++1
++1
+
abc
++1
+
1e
1.2.3
.
++1
e10
-
1.2.3
abc
--2
--2
+
1e
1e+
++1
abc
1e-
++1
1.2.3
-
1ee2
+
1e-
++1
1.2.3
+
++1
1.2.3
-
--2
000.e
e10
1.2.3
+
1ee2
0e
1e+
1.2.3
0e
abc
abc
1e
1ee2
000.e
abc
1.2.3
1ee2
000.e
1.2.3
000.e
1.2.3
1ee2
0e
1.2.3
e10
.
+
abc
.
abc
1e
0e
1e
e10
++1
1e-
1e-
1e
++1
000.e
1.2.3
000.e
.
1.2.3
++1
000.e
1.2.3
1ee2
.
--2
e10
000.e
+
0e
++1
abc
0e
1e
1.2.3
abc
e10
1e
+
0e
+
1e
000.e
+
e10
1ee2
.
1e+
1.2.3
--2
1ee2
.
abc
e10
--2
.
+
1e-
1ee2
1ee2
000.e
-
+
1e+
000.e
+
1.2.3
e10
e10
+
++1
1e
1e-
000.e
++1
1e+
+
--2
++1
-
1e-
000.e
0e
1e-
1e-
abc
+
1.2.3
e10
++1
.
++1
1e+
1.2.3
--2
1e
abc
1e
++1
--2
e10
1ee2
.
1e
abc
0e
e10
1.2.3
-
1e+
1e
e10
--2
+
e10
e10
e10
1.2.3
1e-
+
1e+
--2
1e-
1ee2
e10
abc
.
+
abc
++1
+
.
1e
1ee2
-
1e
1ee2
1ee2
.
1ee2
1e+
e10
.
1.2.3
1e+
1ee2
e10
000.e
0e
e10
1e-
1e-
abc
000.e
++1
1.2.3
0e
+
e10
1e-
1ee2
1e+
1ee2
--2
1.2.3
+
++1
-
e10
1.2.3
-
0e
-
++1
1e
abc
--2
-
++1
++1
1e
--2
1ee2
1e+
000.e
1e
-
1e+
0e
abc
1e+
++1
000.e
1.2.3
++1
1e+
1e+
+
e10
0e
1e-
--2
e10
1e+
1.2.3
1.2.3
1ee2
1e-
1e-
1.2.3
0e
0e
abc
1.2.3
-
1e
+
1e-
000.e
1e-
1.2.3
1.2.3
+
abc
.
1ee2
1e-
abc
0e
++1
++1
1ee2
abc
++1
1ee2
e10
abc
+
-
--2
+
-
.
-
0e
1e-
1e+
1.2.3
1.2.3
++1
1e
+
e10
+
++1
000.e
000.e
000.e
1ee2
1e
-
+
abc
abc
1e-
1e
1e
1.2.3
abc
000.e
+
0e
--2
1e-
1e-
--2
e10
.
1ee2
+
0e
1.2.3
--2
++1
000.e
0e
+
+
1.2.3
--2
1e-
1e+
1.2.3
--2
+
abc
0e
1ee2
0e
-
abc
000.e
-
1e-
1e
000.e
1e+
++1
1ee2
e10
-
-
1ee2
--2
0e
1e-
.
++1
-
++1
1ee2
1e-
+
1.2.3
.
--2
--2
--2
--2
000.e
--2
000.e
-
1e
e10
--2
1e+
1ee2
0e
++1
0e
0e
e10
1ee2
1e
+
--2
++1
1e
.
--2
++1
1e+
.
--2
--2
.
1e+
1.2.3
abc
0e
++1
1e
1e+
0e
e10
-
1ee2
abc
1ee2
-
+
1.2.3
1ee2
-
abc
e10
0e
1ee2
0e
++1
1e-
e10
--2
--2
abc
1ee2
++1
.
--2
1e+
1.2.3
000.e
abc
1e-
abc
+
1e+
1e-
1e
e10
--2
abc
++1
1e
.
abc
1e-
e10
1e
1e-
1e+
++1
--2
++1
-
0e
1e+
1e
+
-
0e
++1
-
1e+
.
1e+
e10
0e
0e
abc
1e
1e-
.
-
+
+
1e-
.
.
e10
-
1e
+
000.e
e10
--2
++1
1e
0e
1e-
+
1e+
1.2.3
1e
1e-
.
1e
e10
-
--2
000.e
0e
000.e
000.e
e10
--2
.
000.e
--2
++1
--2
+
0e
1e-
abc
abc
.
.
.
1e-
000.e
000.e
0e
abc
-
1ee2
-
+
1e+
1e+
1e-
1e-
e10
++1
.
-
000.e
000.e
abc
-
000.e
--2
1e+
-
1.2.3
--2
1ee2
1ee2
000.e
e10
++1
+
1e
.
++1
e10
1e+
+
1e
1ee2
000.e
1e
1e-
1.2.3
1e
0e
e10
e10
000.e
000.e
+
1.2.3
--2
abc
+
-
000.e
.
1.2.3
1e+
1e
1e+
1e+
--2
1e+
1ee2
000.e
.
+
abc
abc
--2
1.2.3
-
1.2.3
1e
++1
1ee2
1e-
+
--2
1e+
0e
--2
++1
1e-
1e+
abc
.
abc
e10
e10
+
.
-
--2
.
-
--2
.
1e
abc
1e
e10
abc
1ee2
1ee2
000.e
e10
1.2.3
1ee2
+
1e-
.
1e+
--2
--2
0e
e10
.
1e+
+
0e
++1
++1
++1
1e
+
1.2.3
1e-
1.2.3
+
1e
e10
000.e
000.e
abc
1e-
1e
0e
e10
e10
1ee2
000.e
000.e
++1
1e-
+
1.2.3
.
1e+
0e
1e+
++1
1e
+
1e+
-
1e
1e-
1e+
.
1e
0e
1e-
1ee2
1.2.3
1e+
--2
--2
.
0e
-
++1
+
1ee2
1e+
++1
1e-
000.e
e10
0e
++1
1e+
1.2.3
1ee2
1e
000.e
.
.
1e-
0e
1e-
e10
.
e10
+
-
--2
1.2.3
+
000.e
1e+
-
--2
--2
1ee2
1e+
000.e
000.e
--2
0e
abc
abc
1.2.3
--2
1ee2
1e
1e
-
abc
.
1e-
1.2.3
abc
0e
1ee2
1e
--2
1e-
0e
1e-
1e+
+
1ee2
1e-
e10
1e-
+
0e
-
1.2.3
--2
-
1.2.3
-
1ee2
1e
000.e
000.e
1e
1e
+
1e
1e+
-
1e-
0e
1e-
+
++1
.
1e+
e10
1e+
-
.
1e
1e+
--2
++1
000.e
.
+
abc
1e-
1e
1e
1e+
.
++1
1e
+
-
e10
-
1e+
abc
1e
abc
000.e
abc
1ee2
000.e
abc
-
--2
++1
-
.
1.2.3
1e+
++1
e10
1e+
000.e
1.2.3
.
e10
abc
-
1e+
+
abc
+
1e-
+
+
1e-
000.e
0e
1e
e10
+
000.e
000.e
++1
--2
1e-
0e
++1
+
1e
1e+
0e
1e+
.
1e+
abc
000.e
++1
1e-
-
abc
.
+
--2
1e+
-
1.2.3
e10
1ee2
-
e10
+
1.2.3
--2
1e-
e10
.
+
1e-
-
+
++1
000.e
0e
--2
000.e
abc
-
abc
1e+
.
1e
.
1.2.3
1.2.3
0e
.
1.2.3
++1
1e-
+
1ee2
abc
1e
abc
.
1ee2
1e+
abc
000.e
1e+
-
e10
+
+
0e
1e
-
1e+
.
abc
0e
1e
1ee2
abc
.
.
0e
++1
1ee2
abc
-
-
abc
.
e10
1e+
--2
1e
000.e
e10
.
000.e
1e-
++1
1e
-
1ee2
++1
+
1ee2
1ee2
.
.
++1
1e+
--2
e10
-
+
--2
0e
abc
1.2.3
+
e10
1e-
1e+
++1
e10
1e
--2
1e
1ee2
1ee2
e10
e10
1.2.3
1ee2
1e+
e10
--2
e10
1.2.3
.
++1
0e
+
e10
0e
1e-
++1
1ee2
0e
1e-
0e
000.e
1e
000.e
1e
1ee2
1ee2
--2
1e+
1e
000.e
+
.
-
1e-
--2
-
--2
1ee2
abc
.
000.e
000.e
-
++1
e10
.
.
1e-
.
--2
--2
e10
1e-
1e-
1e
0e
0e
++1
0e
+
1e
1e
-
1.2.3
e10
+
-
.
1ee2
-
abc
--2
--2
1e-
1e-
1.2.3
0e
+
+
000.e
++1
1ee2
0e
1e+
++1
1ee2
+
.
0e
e10
+
+
1.2.3
0e
-
1e
++1
1e
0e
.
0e
+
--2
+
000.e
0e
1e
--2
++1
--2
++1
.
1e-
+
1.2.3
000.e
abc
+
1.2.3
1e-
++1
1e
+
abc
.
000.e
--2
++1
1.2.3
0e
.
0e
1e+
0e
e10
-
1ee2
1e-
1e
1e+
1e
1e
-
.
e10
+
1e-
0e
1e
--2
1e
--2
+
--2
1e+
.
++1
abc
1e+
000.e
1e+
0e
000.e
.
++1
1e+
-
1.2.3
--2
-
1e-
1.2.3
e10
-
e10
-
1.2.3
--2
0e
1e-
0e
000.e
000.e
--2
abc
1.2.3
1e-
--2
abc
1ee2
1ee2
1e-
.
++1
0e
1ee2
000.e
-
1.2.3
1e
1e+
++1
000.e
.
1e-
+
1.2.3
++1
1.2.3
+
1e+
.
-
1ee2
1.2.3
1e+
++1
-
1e
0e
1e-
--2
abc
1e-
.
1ee2
1e
abc
000.e
abc
--2
1.2.3
1ee2
e10
0e
1.2.3
e10
--2
000.e
++1
0e
000.e
e10
+
--2
1.2.3
e10
e10
-
.
.
abc
abc
abc
+
1e+
0e
1.2.3
++1
abc
e10
abc
0e
e10
++1
0e
1ee2
1e
+
abc
0e
1.2.3
--2
000.e
--2
0e
+
+
++1
1e-
e10
1e+
e10
1e
000.e
000.e
000.e
.
.
0e
1e+
1e
--2
1e+
e10
abc
e10
1e+
++1
abc
1e
abc
1e+
.
-
1.2.3
--2
+
1.2.3
--2
1e-
1e+
1e
++1
1e
1e+
--2
.
000.e
--2
1e-
e10
1e-
++1
1e+
0e
.
e10
+
--2
-
-
+
1e-
0e
1e-
++1
1.2.3
++1
0e
0e
1ee2
--2
1.2.3
000.e
e10
1e+
e10
e10
1.2.3
1ee2
0e
+
000.e
++1
1e
1e-
+
--2
-
0e
.
0e
e10
++1
1e+
abc
+
1e-
1.2.3
1e-
1e
1.2.3
-
.
-
000.e
e10
.
1.2.3
+
.
abc
-
++1
+
--2
abc
1ee2
1ee2
abc
1e-
+
.
1e-
e10
1e-
1.2.3
++1
.
+
1e+
abc
1e+
++1
1.2.3
abc
e10
1e
1e
0e
1ee2
1e-
1.2.3
1e-
abc
000.e
1e
000.e
1e
.
-
0e
1ee2
1e-
1ee2
000.e
1e-
000.e
1.2.3
1.2.3
abc
1.2.3
abc
.
0e
e10
abc
+
0e
+
1ee2
000.e
1ee2
1e
++1
++1
1.2.3
000.e
.
--2
1ee2
1e
0e
++1
--2
--2
++1
abc
1.2.3
-
1.2.3
000.e
++1
+
1.2.3
1e
1ee2
1.2.3
e10
abc
1e
.
0e
+
--2
-
0e
1e+
0e
1e
.
++1
1.2.3
1.2.3
1e-
.
000.e
1.2.3
.
1.2.3
abc
--2
abc
++1
e10
abc
1e+
1.2.3
-
1e
+
1e-
e10
abc
1.2.3
1e-
1ee2
-
1e
abc
1e-
--2
++1
--2
1ee2
--2
++1
1ee2
1e-
abc
1e+
1e
++1
1ee2
--2
1e-
-
1.2.3
000.e
1e+
++1
1e+
1e
1.2.3
1e
+
--2
1ee2
1e+
.
++1
abc
000.e
+
+
000.e
e10
.
-
abc
+
e10
+
000.e
1.2.3
e10
.
++1
+
1ee2
e10
1e-
000.e
1e+
++1
1.2.3
1e+
0e
0e
abc
1e+
000.e
0e
1ee2
1.2.3
1e+
abc
.
1e
000.e
++1
abc
1e
1e+
-
abc
1.2.3
+
000.e
1ee2
1e-
e10
-
1ee2
1e
1e
++1
1ee2
1.2.3
-
--2
1e-
-
1e-
abc
+
++1
+
1e+
++1
+
++1
e10
1e-
abc
++1
1e-
1e
1.2.3
.
1ee2
e10
e10
-
000.e
0e
000.e
++1
1e+
1.2.3
-
abc
abc
abc
abc
1ee2
-
1e+
++1
1e-
000.e
.
1.2.3
1.2.3
1e-
000.e
abc
-
1e-
--2
e10
0e
0e
1.2.3
.
0e
+
1ee2
.
1e+
1e
1.2.3
1e-
1ee2
-
1e+
1e+
-
e10
e10
1.2.3
-
+
1e-
--2
abc
++1
+
1e+
+
0e
e10
e10
1ee2
.
1e+
1e
abc
1e-
000.e
0e
1ee2
1.2.3
+
1ee2
1e
abc
1ee2
0e
0e
abc
.
1.2.3
++1
--2
1e
1ee2
000.e
0e
1e
.
e10
1e+
1ee2
1e+
abc
.
--2
e10
1e+
0e
1e+
0e
1ee2
-
0e
1e
1e-
+
+
000.e
++1
1e+
1e
0e
1ee2
1e+
1e
++1
.
-
1e+
0e
-
-
1e-
-
++1
1e-
abc
000.e
.
-
1ee2
--2
-
+
0e
++1
-
++1
.
1e
1ee2
+
000.e
++1
1e
--2
1.2.3
0e
0e
1e
000.e
-
++1
0e
1e-
+
1e
--2
e10
1e+
--2
.
000.e
000.e
1.2.3
e10
--2
1e-
000.e
1e-
1e
++1
.
1ee2
0e
-
1.2.3
000.e
abc
e10
1e
.
1e-
1e-
0e
000.e
1.2.3
abc
+
1e+
-
1e-
e10
e10
abc
0e
1.2.3
1.2.3
1.2.3
1ee2
+
abc
--2
--2
++1
abc
1ee2
1e
1ee2
1e
000.e
1e-
000.e
1ee2
e10
++1
--2
1e+
1e+
e10
++1
1ee2
1e
1e
abc
1e
000.e
0e
-
1e+
000.e
.
-
e10
000.e
+
abc
--2
--2
-
000.e
++1
+
+
++1
1e
-
0e
1e+
1.2.3
++1
1e-
1e
1.2.3
-
0e
.
1e-
-
1e
1e+
1.2.3
e10
++1
e10
+
--2
1ee2
000.e
1e
++1
0e
1e-
1e-
1e+
abc
0e
1e+
1e
000.e
0e
1e-
--2
1.2.3
1e
++1
1e
0e
0e
1e
-
0e
abc
abc
1.2.3
1ee2
000.e
.
1.2.3
1e-
+
1.2.3
1.2.3
.
e10
1ee2
.
e10
.
--2
--2
1.2.3
+
--2
0e
1ee2
abc
000.e
1ee2
++1
abc
1ee2
.
000.e
1e
1e-
abc
1e+
1e-
1e-
abc
1e+
e10
1e-
1ee2
000.e
1e-
1.2.3
abc
abc
abc
--2
.
abc
1e
1ee2
.
--2
1e
0e
0e
.
000.e
1e-
.
1.2.3
0e
000.e
1e-
1e+
1ee2
1e+
e10
1e-
1e+
1.2.3
1e+
--2
1e-
++1
e10
abc
0e
-
++1
1e-
e10
e10
000.e
1ee2
++1
--2
1ee2
000.e
0e
1ee2
abc
1e+
1ee2
1.2.3
abc
++1
1e-
abc
000.e
+
1.2.3
0e
1ee2
1e+
.
-
1ee2
1e-
0e
1.2.3
++1
-
+
++1
1e-
1e+
1ee2
.
e10
000.e
.
1e-
1e-
.
++1
1ee2
-
++1
000.e
1e-
++1
1.2.3
++1
0e
.
000.e
abc
000.e
e10
+
abc
0e
1e+
--2
1.2.3
.
++1
+
-
e10
000.e
+
1e+
+
-
1.2.3
1e-
-
1e
abc
1.2.3
-
e10
1ee2
++1
1e+
0e
1e+
abc
0e
1ee2
1ee2
-
-
.
000.e
.
abc
000.e
+
abc
1.2.3
++1
000.e
1e+
000.e
++1
1e
0e
1e-
.
1e+
1e
1e+
1.2.3
++1
e10
+
++1
1e+
1e-
1.2.3
+
000.e
abc
++1
+
+
e10
1e-
1e-
0e
1e
.
1e
e10
1e+
--2
+
+
000.e
1.2.3
1e-
.
abc
++1
0e
abc
1.2.3
0e
0e
++1
++1
1.2.3
1.2.3
1ee2
+
1e
1.2.3
--2
abc
--2
1ee2
+
--2
e10
1ee2
++1
e10
0e
0e
--2
000.e
e10
1e-
1ee2
++1
++1
1e+
1e
e10
1ee2
0e
e10
.
1e
abc
++1
--2
1e-
--2
abc
1e-
1e
.
++1
-
abc
1ee2
0e
1e
-
1e
1e+
abc
1.2.3
000.e
+
1ee2
-
e10
+
1e-
abc
1e+
.
--2
++1
1e+
+
++1
--2
-
000.e
.
1e
1ee2
abc
e10
e10
1e
--2
+
000.e
--2
e10
+
000.e
000.e
.
000.e
1e
000.e
+
1e
1e
0e
0e
000.e
1ee2
1e
+
--2
1e-
1e+
++1
1e+
-
-
1e+
000.e
.
0e
-
+
1.2.3
e10
e10
000.e
000.e
+
.
1e-
1e
.
abc
0e
1e+
1e+
1e+
1e+
1e+
1e
1e-
1.2.3
1e+
0e
abc
abc
.
1ee2
1e+
.
++1
1.2.3
.
1e-
1e-
--2
+
1e+
1.2.3
1ee2
abc
abc
1e-
1ee2
.
1e+
abc
+
0e
000.e
.
++1
.
0e
1e+
1ee2
.
+
1e
0e
0e
1ee2
.
e10
abc
-
--2
abc
-
abc
.
++1
+
abc
1e
++1
abc
1e-
e10
+
-
1e+
abc
-
1.2.3
1e-
000.e
1ee2
abc
0e
0e
++1
1e-
1ee2
1e-
1.2.3
000.e
1.2.3
1e+
.
++1
abc
-
abc
000.e
000.e
-
1e
abc
000.e
--2
0e
++1
+
1e+
abc
1e
+
.
0e
--2
1e+
000.e
--2
1e+
1e-
+
+
+
1e+
abc
1ee2
1e
-
1ee2
e10
+
.
++1
--2
--2
-
++1
.
++1
1ee2
1e-
++1
1ee2
000.e
0e
+
1ee2
.
1e+
abc
1e-
+
.
++1
.
--2
000.e
000.e
abc
--2
1e
--2
1e-
--2
e10
0e
++1
--2
++1
.
1e-
++1
+
.
1ee2
1e
0e
1.2.3
.
000.e
1e-
-
1e
1e
1e-
e10
1e+
-
1e-
--2
-
--2
-
.
0e
1e+
1e-
e10
abc
1e
abc
000.e
e10
1e-
-
.
0e
1e-
1e-
e10
abc
1e-
abc
1e
1e+
1e-
000.e
1ee2
++1
1e-
+
abc
e10
1ee2
+
000.e
1ee2
1e-
1e-
1e
-
-
abc
.
.
000.e
-
++1
abc
+
+
e10
0e
++1
abc
.
abc
e10
000.e
.
e10
1e
000.e
-
+
0e
0e
1e
1ee2
1e+
-
+
--2
.
1ee2
1ee2
+
1ee2
1ee2
0e
0e
e10
1e
1e
.
000.e
+
1e+
1ee2
--2
0e
++1
.
1e+
-
0e
1e+
1e-
.
1e
1e
+
e10
000.e
1e-
e10
1e+
++1
1.2.3
+
+
.
e10
1.2.3
1e+
1e-
+
000.e
1e+
1.2.3
0e
1ee2
1e-
-
1ee2
1ee2
e10
1ee2
.
-
++1
e10
abc
++1
1ee2
0e
--2
-
e10
+
1e+
1e+
abc
0e
+
++1
1e+
+
0e
--2
+
.
1e
e10
.
1e-
e10
1e+
1e
0e
abc
1e-
0e
0e
abc
1e-
++1
1.2.3
0e
0e
1e+
abc
1.2.3
1e+
+
abc
e10
1e-
1e
e10
000.e
-
1e-
000.e
1ee2
+
++1
--2
0e
.
1ee2
-
1ee2
+
abc
1.2.3
+
1.2.3
+
1e-
--2
--2
1ee2
++1
++1
+
1e
1.2.3
+
abc
1e-
0e
1e+
++1
000.e
1e+
-
-
abc
1e
+
0e
.
1ee2
-
1e-
1.2.3
--2
abc
abc
++1
1e+
1e+
1e+
1e
1ee2
1e+
+
++1
1e
++1
-
000.e
.
.
.
abc
1.2.3
000.e
++1
+
abc
1ee2
++1
1ee2
e10
000.e
1ee2
++1
++1
.
0e
1e+
--2
.
-
++1
e10
+
e10
--2
++1
e10
1ee2
abc
abc
0e
++1
+
.
abc
000.e
--2
000.e
-
000.e
000.e
-
.
1e+
.
1e+
1e-
--2
1.2.3
1e+
.
1.2.3
e10
0e
1e-
.
000.e
--2
1ee2
1e-
1e
.
-
1e-
-
1.2.3
1e
-
000.e
000.e
-
+
1e
--2
abc
1e+
0e
e10
000.e
++1
e10
-
1e+
000.e
--2
e10
1e
000.e
-
1e
1ee2
--2
1e
1.2.3
e10
abc
++1
0e
+
1e+
1e+
++1
1.2.3
abc
.
1.2.3
-
--2
0e
1.2.3
++1
1.2.3
++1
1e
1.2.3
++1
-
++1
1ee2
1.2.3
1e+
1e
++1
abc
1e
+
1e+
++1
000.e
++1
.
1ee2
1e
0e
1e-
+
0e
1e-
1e-
+
.
1ee2
++1
1ee2
1e
000.e
+
-
000.e
1e
0e
1ee2
1.2.3
abc
+
--2
1e
++1
0e
abc
0e
1e-
1e+
.
1e-
1e
1ee2
e10
000.e
1e
+
abc
++1
.
1ee2
e10
--2
e10
1e-
1e
1e
000.e
0e
abc
abc
000.e
1e+
e10
--2
--2
1e+
--2
abc
-
--2
1.2.3
0e
1.2.3
000.e
abc
000.e
++1
1ee2
.
000.e
e10
0e
.
e10
1e-
1e+
--2
--2
1ee2
-
1.2.3
1ee2
abc
1ee2
.
--2
0e
0e
1ee2
1e-
0e
0e
1ee2
0e
1ee2
1.2.3
1e
000.e
1.2.3
+
1.2.3
--2
+
000.e
1e
abc
++1
000.e
0e
000.e
1e+
.
-
1.2.3
0e
1ee2
++1
.
++1
0e
0e
--2
000.e
1e-
1ee2
0e
1e
+
1e-
0e
++1
1e-
1e+
-
1.2.3
-
+
000.e
.
1ee2
e10
e10
+
1.2.3
abc
-
1ee2
1e+
1.2.3
-
-
1.2.3
1ee2
e10
e10
1e
++1
000.e
1e
1ee2
.
.
0e
++1
1e-
abc
0e
.
-
000.e
+
.
++1
++1
+
abc
1.2.3
--2
abc
abc
000.e
000.e
+
0e
-
--2
.
-
1e+
1ee2
.
000.e
++1
1e+
--2
0e
++1
--2
abc
+
e10
0e
+
1e+
+
.
0e
.
abc
000.e
.
.
e10
1ee2
1e+
1ee2
-
abc
000.e
1e-
abc
000.e
000.e
1ee2
1ee2
abc
1.2.3
++1
1ee2
1e-
1e+
+
1.2.3
0e
000.e
1e+
1.2.3
++1
e10
1.2.3
1e+
++1
000.e
++1
-
1ee2
--2
1e+
000.e
000.e
1e
1e+
--2
.
++1
1ee2
1e+
e10
1e-
0e
1e
1.2.3
1.2.3
-
1e-
000.e
0e
+
++1
1e
1e-
1ee2
000.e
abc
-
-
1e+
-
--2
-
+
-
1ee2
abc
abc
1e
-
1e+
1e-
-
+
++1
0e
0e
--2
--2
.
+
000.e
1.2.3
++1
1e
1.2.3
--2
+
1ee2
--2
abc
abc
-
++1
000.e
e10
1ee2
++1
-
e10
abc
.
.
1e
-
000.e
.
1e
1.2.3
1.2.3
+
++1
000.e
-
1e+
abc
0e
1ee2
000.e
1.2.3
abc
1e-
1e+
abc
e10
e10
e10
--2
e10
000.e
000.e
+
1e+
0e
abc
000.e
0e
-
1ee2
1e
++1
++1
+
1.2.3
.
1ee2
++1
abc
.
++1
abc
1e+
1e+
0e
--2
1.2.3
e10
-
e10
1e-
.
++1
e10
1e-
000.e
1e-
1.2.3
--2
1.2.3
e10
0e
1e+
0e
.
0e
--2
-
e10
+
++1
1e-
++1
--2
1.2.3
+
1ee2
--2
.
1ee2
1.2.3
1e
0e
abc
1ee2
.
1e-
++1
000.e
1.2.3
.
abc
.
1e+
abc
--2
1e
-
1e-
1ee2
e10
+
1e+
1.2.3
1e-
1e-
1.2.3
000.e
-
+
1.2.3
1e
1ee2
1e
1ee2
abc
1e-
--2
.
1e
--2
.
abc
++1
1e
++1
1e-
++1
-
1e
+
1ee2
1ee2
1.2.3
1e
1.2.3
000.e
1.2.3
1.2.3
1.2.3
0e
1e+
1ee2
000.e
++1
--2
++1
e10
--2
000.e
1.2.3
1e-
000.e
e10
0e
1e+
+
1e-
1e
1e
.
1e-
-
.
0e
.
1ee2
1e-
.
1e-
1e
abc
000.e
1e+
abc
-
000.e
+
--2
++1
-
+
e10
abc
abc
1ee2
1ee2
1.2.3
-
.
--2
e10
.
++1
++1
1e
0e
1ee2
1e-
0e
++1
1.2.3
+
000.e
0e
1e+
+
.
1.2.3
-
-
e10
+
1e
1e+
-
abc
1e-
+
-
-
e10
0e
000.e
--2
++1
1ee2
abc
.
-
.
+
1ee2
0e
1ee2
1ee2
0e
+
1e
0e
1e
.
.
e10
+
1ee2
1.2.3
1e
1ee2
.
+
abc
+
1e
1e-
000.e
-
--2
0e
1ee2
1e
-
++1
1e+
1e+
e10
-
000.e
++1
-
1e-
+
1e-
+
--2
0e
1.2.3
++1
--2
e10
+
.
1e+
1e
1ee2
1.2.3
1e
+
e10
0e
1e+
1e-
.
abc
abc
1e+
1e+
-
000.e
abc
.
-
1e+
e10
--2
1ee2
0e
1e
.
--2
e10
1e
1e
000.e
--2
1e+
abc
1e+
1e+
1e
e10
1.2.3
1e+
1ee2
abc
1e
1ee2
.
0e
abc
0e
1.2.3
1e-
--2
--2
1e-
1e-
e10
1ee2
e10
abc
++1
.
-
1ee2
++1
abc
abc
000.e
-
++1
abc
e10
1e-
abc
000.e
+
e10
-
1e
abc
0e
1.2.3
1e-
1ee2
1ee2
000.e
abc
1e+
1e+
0e
1.2.3
-
1e
abc
1e+
1ee2
1e+
1e+
1e
0e
1.2.3
e10
+
abc
1.2.3
1.2.3
1e-
1e+
++1
1e+
1.2.3
++1
1ee2
1.2.3
1.2.3
000.e
000.e
000.e
0e
1e-
.
1e
.
+
1e+
-
000.e
000.e
1e+
+
++1
1e+
+
1e+
++1
-
000.e
1.2.3
1e+
1e-
1e+
1ee2
++1
0e
++1
abc
000.e
1e+
0e
.
-
1e+
1e
1e+
--2
1.2.3
e10
.
++1
000.e
1e+
1e+
1e+
1e-
-
+
++1
.
abc
.
e10
1e-
+
1e
abc
1e-
+
1e+
++1
abc
1e-
++1
-
1ee2
000.e
-
1e
1e
1e
1e
1ee2
+
1e
+
--2
1e
0e
-
1e
1e+
1.2.3
1e-
0e
abc
abc
000.e
1e-
--2
e10
.
1ee2
+
1ee2
++1
-
1ee2
.
1ee2
-
000.e
1e+
0e
1e-
++1
0e
.
abc
abc
abc
1e-
-
1e
1e+
--2
1e
1ee2
1.2.3
1e+
1ee2
0e
-
-
+
++1
abc
+
1ee2
1e+
-
abc
--2
.
1e+
++1
0e
--2
.
+
1e
--2
1e+
1e-
++1
++1
1ee2
.
1e
--2
++1
e10
e10
--2
+
0e
0e
abc
1e
e10
1e
++1
000.e
--2
--2
.
++1
++1
1e+
000.e
abc
1.2.3
1e
1ee2
abc
0e
-
1e+
--2
-
1.2.3
1ee2
.
--2
.
-
abc
-
e10
0e
1ee2
++1
.
1ee2
++1
1ee2
.
++1
1e
000.e
1e
e10
1ee2
1e+
.
--2
1e-
++1
+
e10
abc
+
e10
e10
+
.
1e
1e
-
0e
0e
0e
1e-
abc
000.e
1ee2
abc
++1
-
++1
1e
0e
.
000.e
1ee2
e10
e10
000.e
1e-
1e
++1
-
1e-
1ee2
1ee2
-
0e
.
abc
+
1.2.3
000.e
+
+
abc
1e
-
-
000.e
0e
e10
1e
--2
0e
-
1.2.3
1e-
abc
000.e
1.2.3
1.2.3
--2
1.2.3
e10
0e
--2
1ee2
1.2.3
1e
--2
--2
++1
0e
1ee2
0e
+
++1
++1
1ee2
0e
0e
1e-
--2
0e
-
1e-
.
1ee2
--2
.
.
.
0e
0e
+
1e-
1e+
++1
--2
++1
+
1e+
.
1.2.3
1e+
+
-
.
0e
1e-
1ee2
++1
000.e
.
++1
+
++1
000.e
1.2.3
000.e
abc
0e
.
1e
1.2.3
0e
1e-
1ee2
--2
000.e
abc
1e+
1e+
1e+
abc
++1
1e
e10
1.2.3
-
-
--2
.
1e-
--2
1e
.
000.e
1.2.3
+
1.2.3
++1
+
1.2.3
.
.
1e+
+
0e
000.e
1ee2
1e+
-
e10
++1
++1
1e+
+
abc
e10
abc
000.e
0e
1e+
e10
e10
+
.
++1
-
1e
.
+
-
++1
abc
+
000.e
1e-
++1
1e-
1.2.3
1e-
1e+
1e
e10
abc
.
1e+
1e-
0e
1e+
-
-
0e
1.2.3
1e
000.e
0e
1e
1e-
1.2.3
--2
--2
+
000.e
abc
000.e
++1
e10
--2
1ee2
1ee2
1e+
.
000.e
.
+
--2
+
1ee2
0e
1.2.3
e10
1e-
-
.
0e
abc
++1
-
++1
1.2.3
-
abc
1ee2
+
1ee2
abc
1e-
1e-
+
1e-
1e+
1e+
1ee2
000.e
1e-
abc
1e
1e
1e
1ee2
-
0e
--2
+
e10
1.2.3
1e
-
-
1.2.3
+
1e
1e+
1.2.3
e10
1e-
+
e10
1e-
1e+
e10
abc
++1
000.e
-
+
0e
-
--2
--2
1ee2
1e+
+
000.e
--2
abc
1e+
.
1.2.3
+
1.2.3
000.e
--2
1e
1e+
000.e
-
abc
000.e
1e-
abc
000.e
1e
1e
+
1.2.3
abc
.
++1
--2
.
1e
1.2.3
000.e
+
1e
000.e
.
+
abc
e10
-
++1
1.2.3
0e
abc
1ee2
000.e
+
1e+
1e+
1.2.3
+
1e+
1e+
1ee2
1ee2
.
.
1e-
000.e
1.2.3
1e
++1
1.2.3
++1
-
1e-
0e
1e
000.e
0e
1.2.3
+
--2
--2
+
000.e
1e+
1e+
+
abc
+
+
e10
abc
.
--2
000.e
abc
e10
.
.
++1
+
.
000.e
--2
1e-
-
1e-
++1
.
0e
1e+
-
1e+
+
1e-
.
.
1.2.3
+
000.e
1ee2
1e-
1e+
000.e
1e-
000.e
+
1.2.3
1ee2
--2
-
1e
.
0e
--2
1ee2
0e
1e
0e
1e
000.e
e10
000.e
-
abc
1ee2
000.e
++1
000.e
-
1ee2
--2
e10
000.e
abc
++1
abc
++1
-
1e
.
abc
+
+
1ee2
e10
1e-
1e-
+
abc
e10
.
0e
1e+
0e
1ee2
000.e
1ee2
++1
e10
abc
1e-
abc
++1
.
.
1e
1e
.
000.e
000.e
1.2.3
000.e
e10
++1
1e
e10
++1
-
abc
+
e10
-
1ee2
e10
1.2.3
1e+
abc
e10
0e
1e+
1e+
+
1ee2
1.2.3
abc
1e
1.2.3
.
e10
++1
.
+
000.e
-
000.e
1e
++1
.
1.2.3
++1
abc
-
e10
1.2.3
000.e
abc
e10
.
1e
+
abc
1e-
1ee2
++1
--2
0e
+
1ee2
0e
1ee2
1ee2
1.2.3
.
e10
0e
1e+
1e+
--2
e10
000.e
-
1e
-
0e
1e+
abc
++1
1ee2
-
1ee2
1.2.3
1e-
000.e
1e-
1ee2
0e
1ee2
1ee2
0e
1.2.3
e10
1e-
+
.
+
000.e
1e
.
+
--2
+
e10
1.2.3
+
+
abc
1e+
1e
--2
1e-
--2
abc
1e+
1e
--2
1e+
abc
--2
1ee2
1e
--2
1e
1e-
++1
1.2.3
1e+
1e
abc
1e-
000.e
.
e10
1e-
+
1e-
.
000.e
.
abc
1.2.3
e10
1e+
abc
e10
0e
e10
1e
1e+
1e+
abc
abc
+
--2
0e
+
-
.
abc
e10
abc
++1
000.e
+
000.e
0e
abc
1e
--2
.
1e
1e+
+
.
0e
1e-
1e+
0e
+
++1
000.e
++1
.
000.e
-
1e+
1e
abc
+
0e
e10
abc
1e-
.
1.2.3
1.2.3
1.2.3
++1
.
++1
1e+
++1
.
++1
++1
1.2.3
++1
.
000.e
-
-
1e-
++1
e10
-
000.e
++1
1.2.3
e10
0e
1ee2
++1
0e
+
1e-
--2
+
++1
1e
1.2.3
0e
++1
.
1e
abc
1e+
000.e
e10
1.2.3
000.e
1ee2
+
--2
+
--2
-
1e-
1.2.3
0e
++1
1e-
1e
--2
1e+
--2
1e-
1ee2
000.e
1e-
1e+
--2
e10
1e
++1
1e+
.
1e
1e-
0e
.
1.2.3
.
1ee2
.
-
abc
.
-
1.2.3
abc
abc
--2
--2
-
1e
1e-
000.e
000.e
++1
--2
-
1.2.3
000.e
++1
-
--2
abc
e10
1.2.3
0e
++1
abc
+
1e-
+
-
+
000.e
1e+
0e
1e-
-
1ee2
0e
1e
000.e
1.2.3
++1
e10
1e
1e+
1ee2
1e+
1e
e10
1e
++1
.
e10
abc
1e+
.
abc
+
.
1e-
abc
1ee2
-
e10
e10
.
000.e
0e
abc
1e+
1.2.3
e10
--2
+
1e-
1ee2
1e-
1ee2
1e
000.e
-
--2
1e-
1.2.3
--2
-
abc
++1
1e
1e+
++1
0e
1e
--2
1.2.3
--2
1e-
--2
1ee2
0e
++1
1e+
+
000.e
-
e10
++1
.
abc
1.2.3
0e
-
0e
0e
1e+
++1
1e
000.e
1e+
--2
1.2.3
++1
1e+
0e
1.2.3
1e
1.2.3
abc
e10
+
abc
1e
--2
1e+
1.2.3
++1
1.2.3
000.e
1e
0e
1ee2
--2
++1
+
1.2.3
0e
abc
1ee2
.
e10
--2
++1
++1
+
0e
e10
.
.
.
-
1e
1e+
-
1e
1ee2
1e
1e
++1
1e+
1.2.3
0e
abc
.
-
++1
abc
abc
1.2.3
1e+
1ee2
1e-
0e
-
1e+
0e
0e
0e
1e-
1.2.3
.
0e
1e
1e
000.e
.
++1
0e
abc
1.2.3
000.e
.
--2
++1
1ee2
e10
1e-
1ee2
1e+
000.e
+
1e-
++1
--2
--2
1e-
1e
1e-
1e+
+
0e
1e-
000.e
.
e10
--2
1.2.3
0e
1.2.3
1e
0e
1e
1ee2
1e-
.
1.2.3
1e
.
-
+
0e
1e
1.2.3
000.e
--2
abc
-
1e
1e+
abc
1e
--2
++1
1e-
++1
.
.
000.e
1e-
e10
0e
--2
1e
abc
abc
+
abc
.
1ee2
+
e10
1e+
000.e
1e-
1ee2
-
-
+
+
-
++1
1e+
1.2.3
0e
.
1.2.3
e10
+
1e+
abc
.
000.e
-
e10
-
abc
-
0e
000.e
--2
.
abc
+
abc
1e+
1e
1e
-
+
1e+
.
0e
000.e
--2
1e
--2
1e+
+
0e
-
000.e
1e-
1e-
1e-
1.2.3
-
++1
000.e
000.e
000.e
1e-
abc
-
+
--2
1.2.3
000.e
000.e
1e-
1e+
1e-
1e
++1
1e
1e+
++1
1e
1.2.3
1.2.3
1e-
e10
--2
++1
--2
1e+
1.2.3
1.2.3
e10
1e
0e
.
1e
0e
-
e10
1e+
-
++1
1e-
-
1ee2
1e-
--2
000.e
abc
1e
0e
1e-
++1
e10
e10
--2
1.2.3
1e
0e
abc
1e+
1ee2
--2
000.e
1e
000.e
1e-
++1
+
1e+
.
abc
-
-
1e-
.
.
-
1e-
1e
0e
-
1ee2
--2
.
e10
-
.
e10
1.2.3
1e+
--2
--2
e10
-
-
1.2.3
1e+
1e
+
1.2.3
.
.
.
1e
000.e
1ee2
1e
e10
abc
1e
++1
--2
1e+
abc
-
1e
-
--2
abc
1e-
++1
1e
1e-
1e-
000.e
0e
1.2.3
e10
1.2.3
1e-
+
+
1e+
1e-
--2
+
+
0e
++1
+
abc
1e-
.
0e
++1
+
1e-
+
1ee2
-
1e-
e10
+
.
1ee2
e10
+
000.e
--2
+
000.e
abc
++1
--2
e10
+
+
1e-
1e+
1e-
.
-
--2
++1
1.2.3
+
1e
1ee2
++1
.
abc
1.2.3
1ee2
abc
.
++1
0e
++1
0e
++1
-
.
++1
+
abc
1ee2
1e
0e
--2
abc
--2
abc
1.2.3
1e
1ee2
1.2.3
+
e10
1e-
1e
000.e
-
1e-
--2
000.e
+
1.2.3
-
--2
1ee2
1e
abc
1.2.3
000.e
1.2.3
1.2.3
1.2.3
++1
1e
1ee2
1e
++1
abc
1e+
abc
+
--2
000.e
000.e
--2
-
-
1.2.3
1ee2
000.e
0e
.
1e+
++1
0e
000.e
-
+
--2
-
1e-
abc
1ee2
abc
1e
-
1ee2
+
abc
1.2.3
1e-
--2
-
++1
0e
1e
0e
abc
+
000.e
1e
1ee2
0e
--2
1e
000.e
1.2.3
000.e
0e
1e+
1e+
0e
0e
0e
1ee2
--2
+
e10
000.e
0e
1e-
+
1.2.3
1ee2
.
1e-
+
.
1.2.3
000.e
0e
+
abc
1e+
abc
--2
1e+
0e
1e-
0e
000.e
abc
--2
e10
1e+
++1
.
abc
+
1e-
e10
1e
++1
e10
++1
1e-
1ee2
1e+
++1
+
++1
1e+
0e
+
++1
+
1.2.3
++1
0e
0e
000.e
+
++1
-
--2
0e
-
1.2.3
+
e10
+
1.2.3
1ee2
+
++1
1ee2
1.2.3
+
-
-
e10
e10
1.2.3
.
1e+
e10
--2
000.e
.
1e+
e10
1ee2
-
1.2.3
--2
.
+
0e
+
1.2.3
000.e
1.2.3
.
abc
e10
--2
--2
0e
--2
1.2.3
e10
000.e
1ee2
+
000.e
-
e10
--2
.
1ee2
0e
abc
000.e
1ee2
--2
000.e
.
e10
abc
1ee2
e10
-
1e
1e+
+
1e-
abc
+
e10
0e
--2
1e
000.e
++1
.
1e+
-
+
000.e
--2
1.2.3
++1
1e+
1e+
0e
e10
--2
.
000.e
1e
++1
1.2.3
e10
0e
.
--2
+
0e
1e
000.e
abc
000.e
e10
1e
1e
1e+
+
1e-
+
--2
++1
e10
.
000.e
1e
1e+
-
1e
++1
1e-
e10
1.2.3
-
1e-
++1
-
1e+
1e
1e-
0e
-
e10
abc
1e+
1.2.3
e10
-
1e+
--2
abc
.
--2
1ee2
1e-
e10
1ee2
abc
-
1.2.3
abc
--2
1e
1e
1e+
1e-
abc
1ee2
e10
1e-
1e+
--2
1e
1e
1ee2
++1
+
000.e
++1
-
+
1.2.3
.
--2
+
abc
.
1e-
-
abc
1e+
-
000.e
000.e
1e-
1.2.3
--2
1e-
1.2.3
1ee2
abc
-
abc
+
1ee2
.
.
.
+
1e
0e
0e
1.2.3
1e
+
1ee2
e10
--2
--2
1e+
1.2.3
e10
1ee2
1e+
1.2.3
000.e
++1
--2
e10
1ee2
1.2.3
1ee2
.
1ee2
abc
abc
.
000.e
0e
000.e
++1
1ee2
++1
.
1e-
1e+
e10
-
1ee2
e10
1e-
--2
1e-
.
1.2.3
e10
-
+
1ee2
1ee2
e10
abc
1.2.3
1.2.3
.
-
e10
1.2.3
1e-
1e-
-
1e+
e10
.
1e+
+
1e
abc
.
+
+
1e-
1.2.3
++1
1e+
-
++1
--2
+
.
1.2.3
1e+
0e
000.e
--2
+
1e
--2
0e
+
1e+
-
000.e
e10
.
e10
1e+
1e
abc
1e-
e10
-
.
1e+
-
--2
1e+
+
--2
1e
+
1.2.3
1.2.3
--2
--2
++1
--2
1e-
.
.
.
+
000.e
1e
abc
1ee2
+
.
1e
0e
+
1e-
.
--2
1e
-
1ee2
1e
1e+
++1
abc
000.e
++1
1ee2
-
--2
++1
.
1.2.3
1e-
1.2.3
+
1e-
.
1e
1e
+
1e-
.
1.2.3
++1
1e
1ee2
000.e
.
e10
--2
+
1ee2
1ee2
0e
1e+
-
-
1ee2
1e
abc
+
1e+
1e+
++1
+
-
1ee2
1e
+
+
000.e
e10
1ee2
0e
--2
1ee2
-
1e
++1
e10
+
abc
000.e
-
1e-
.
abc
1e+
-
1e-
--2
1e+
--2
e10
-
--2
abc
1e+
++1
--2
abc
1ee2
000.e
000.e
.
e10
1e+
e10
0e
+
1e-
-
e10
000.e
+
1e-
.
++1
++1
e10
1e-
+
e10
1ee2
1e+
.
-
0e
abc
++1
1e+
abc
++1
.
e10
000.e
1e-
++1
1e
1e
1.2.3
.
+
e10
1.2.3
1ee2
e10
1e+
abc
-
--2
1e+
1e+
-
++1
0e
1e
0e
0e
+
000.e
1.2.3
1e+
000.e
1e-
e10
1e-
1e-
0e
1e+
1e+
1.2.3
000.e
++1
1ee2
1e-
.
1e-
1e+
1e-
000.e
--2
000.e
.
-
1e-
+
-
1e+
1.2.3
1e
1e
+
000.e
000.e
1e-
.
1e-
1ee2
+
e10
e10
1ee2
.
1e+
abc
+
e10
.
--2
+
--2
1.2.3
0e
abc
.
--2
++1
1e-
-
1e+
--2
0e
0e
+
e10
+
1ee2
1e
0e
000.e
1.2.3
1e-
1e+
0e
1e+
1ee2
+
1.2.3
0e
000.e
1.2.3
1ee2
1e
0e
--2
1e+
abc
1ee2
1.2.3
1e+
1e
1.2.3
+
1ee2
1.2.3
1.2.3
+
1ee2
1ee2
--2
1e-
.
0e
1e-
1ee2
abc
1e
-
1ee2
++1
++1
000.e
e10
1e
abc
-
1e-
.
++1
0e
e10
++1
e10
-
1e
1e
000.e
abc
abc
abc
e10
abc
0e
-
000.e
e10
1e+
1e+
++1
1e+
.
e10
1e+
--2
--2
e10
1e-
000.e
1e-
1.2.3
1e-
000.e
e10
1ee2
abc
1ee2
abc
--2
1e+
-
abc
1e
+
abc
1e
.
1e-
--2
++1
1.2.3
--2
1ee2
000.e
-
0e
1e+
000.e
1.2.3
-
.
-
1.2.3
+
000.e
000.e
++1
1e+
abc
-
1e
+
1ee2
+
000.e
1e-
1ee2
1.2.3
1e
1ee2
000.e
000.e
1.2.3
e10
0e
1e
1e
--2
1e
1.2.3
0e
1e-
1ee2
1e-
0e
-
.
1.2.3
-
.
1.2.3
++1
000.e
0e
.
1ee2
--2
1ee2
1e+
1e+
++1
abc
+
1e
--2
--2
e10
-
1.2.3
1.2.3
0e
000.e
abc
1e
1e+
1e+
0e
1ee2
abc
+
000.e
1.2.3
.
e10
e10
e10
--2
+
1e+
1.2.3
abc
0e
1.2.3
+
0e
e10
++1
++1
1e-
abc
1e-
+
1e
000.e
1e-
1e
--2
1ee2
+
1.2.3
1e
1.2.3
++1
.
000.e
--2
1e-
+
+
1e-
1.2.3
e10
++1
--2
1e-
1e+
1.2.3
++1
1e-
0e
--2
000.e
-
--2
1ee2
+
-
+
1ee2
0e
000.e
e10
--2
+
0e
000.e
1.2.3
.
1e
++1
1ee2
e10
000.e
+
1e-
1e-
.
1ee2
0e
--2
+
.
-
e10
abc
++1
1.2.3
1ee2
e10
abc
--2
++1
1e-
+
0e
1e
++1
0e
1e+
1e
1ee2
0e
1e
1.2.3
abc
1e
abc
e10
-
1e
.
--2
-
1e-
1e-
abc
++1
1e
-
.
1e
abc
.
-
--2
--2
-
++1
--2
000.e
++1
000.e
++1
1e
++1
1.2.3
1e+
000.e
++1
1e-
.
1e
1ee2
1e
1ee2
++1
1ee2
abc
e10
++1
000.e
e10
0e
1e
abc
-
+
1e+
0e
1e-
1e-
.
1e-
-
1ee2
0e
1e+
1e
.
abc
1ee2
abc
000.e
.
--2
e10
.
1.2.3
.
1ee2
e10
1e
1e
1e+
1e+
1e+
1ee2
+
000.e
1e
.
.
1e-
1e
e10
1e-
0e
++1
e10
1ee2
000.e
0e
-
0e
1e-
++1
1.2.3
000.e
1e
abc
-
1e-
--2
1e+
++1
1e-
e10
1e
000.e
0e
1e+
1e-
0e
++1
1e+
000.e
+
abc
abc
-
1e+
000.e
1e-
.
--2
--2
1e-
1e-
000.e
+
abc
.
0e
1e
0e
e10
000.e
abc
1e-
1ee2
1.2.3
-
+
1.2.3
-
e10
--2
1.2.3
.
+
--2
abc
abc
1e-
1ee2
1e
e10
++1
--2
1e+
++1
1ee2
1.2.3
.
+
.
++1
++1
e10
.
000.e
-
.
-
abc
000.e
1e-
1e-
++1
+
abc
--2
1ee2
--2
000.e
0e
-
1e+
0e
e10
000.e
000.e
--2
abc
1e
0e
1.2.3
0e
abc
e10
000.e
abc
+
++1
abc
1.2.3
1e-
1e-
1ee2
++1
1e-
0e
1e+
0e
++1
1ee2
1e
1e+
-
.
000.e
1e-
e10
abc
abc
abc
1e+
-
.
1e-
1.2.3
0e
1ee2
+
1e
--2
++1
1.2.3
+
.
1e-
++1
++1
-
1ee2
1e-
e10
.
.
e10
1ee2
1e-
e10
--2
-
0e
1e-
1.2.3
e10
1e
.
e10
1.2.3
.
--2
1ee2
++1
+
1ee2
e10
-
.
abc
1e-
e10
-
.
1e+
1e
++1
.
000.e
1e-
1e+
e10
1e
1.2.3
1e-
--2
0e
0e
1e+
++1
e10
.
1e
000.e
++1
--2
000.e
++1
0e
1e+
--2
1e+
+
e10
1e-
++1
abc
--2
e10
+
000.e
1e-
+
-
1ee2
+
-
--2
+
1.2.3
1e+
1e+
--2
1e
-
000.e
-
1e-
000.e
-
abc
+
000.e
-
1ee2
1e-
-
1.2.3
.
1.2.3
.
1e
e10
e10
abc
1e+
--2
1e
1e+
-
++1
1.2.3
0e
+
000.e
1ee2
abc
1e
000.e
0e
1ee2
+
0e
++1
-
.
-
0e
1e
0e
000.e
1e
1e
1e+
abc
1e-
1ee2
1.2.3
++1
0e
abc
.
1e
-
1e
1e+
-
1e+
e10
1e+
++1
0e
1e-
+
000.e
1e-
0e
000.e
1e+
1e+
1.2.3
1e
++1
1ee2
.
1e+
1e+
++1
1e+
+
1e+
e10
1.2.3
0e
1ee2
1ee2
1e
1e
1e
+
abc
e10
0e
1ee2
e10
-
+
0e
e10
1e-
0e
--2
++1
1.2.3
e10
+
+
000.e
1e+
0e
abc
000.e
1e
-
+
e10
1e+
1e
-
1e-
1e-
1e+
0e
1e+
0e
++1
++1
1e
1e
000.e
1e+
.
e10
++1
1e-
000.e
e10
000.e
-
1e+
1.2.3
abc
1e-
++1
000.e
1e-
++1
1e-
1e
.
000.e
1e
.
0e
0e
++1
1e+
-
.
+
0e
-
1e+
++1
1.2.3
1e-
1e-
1ee2
+
1e
abc
000.e
abc
--2
abc
1e+
-
1ee2
abc
--2
e10
1e-
1e+
++1
-
abc
e10
e10
e10
1e
1ee2
-
--2
1e-
-
+
e10
1e
abc
abc
0e
e10
1.2.3
++1
abc
1ee2
-
1e+
1e-
1ee2
000.e
+
--2
1e-
--2
e10
abc
--2
+
--2
000.e
-
-
-
1e
000.e
--2
0e
-
1e-
abc
1.2.3
abc
000.e
.
++1
+
--2
-
1e
-
e10
-
--2
--2
1e+
+
++1
0e
1.2.3
abc
++1
1e-
.
-
1e+
1.2.3
1e
.
1ee2
abc
1e
.
000.e
0e
1ee2
+
1e
000.e
1ee2
1e-
000.e
abc
e10
.
.
1e+
+
++1
--2
-
++1
++1
-
++1
0e
-
1e-
0e
abc
1e
.
-
1.2.3
000.e
1ee2
0e
1e+
--2
1e+
++1
1ee2
-
abc
1e+
--2
1.2.3
0e
e10
1.2.3
1e-
1.2.3
1.2.3
1.2.3
0e
1e+
e10
abc
.
1ee2
1e+
++1
1e
1e+
0e
1e
000.e
1e+
-
000.e
1e-
000.e
1e
++1
e10
+
000.e
++1
+
1ee2
000.e
e10
1e+
1e-
1e
000.e
abc
+
.
1e+
1.2.3
000.e
000.e
0e
.
1ee2
1ee2
000.e
1e-
0e
1e+
-
000.e
.
++1
e10
abc
1e-
0e
1e
1e
1e
abc
--2
.
-
+
1e-
.
1.2.3
e10
1e
-
+
1e-
1ee2
e10
abc
.
1.2.3
+
+
--2
1e+
0e
+
abc
1e+
--2
+
0e
-
1.2.3
--2
abc
1.2.3
abc
++1
1e
-
--2
.
000.e
1e
.
+
abc
1ee2
1ee2
-
1e+
abc
e10
1e+
e10
+
0e
abc
1ee2
1e+
0e
abc
+
1ee2
1e-
-
abc
1ee2
.
.
++1
e10
-
e10
1ee2
1e+
e10
1e
+
0e
000.e
e10
.
000.e
+
1e
1e+
.
1ee2
1e
.
1e
e10
1e+
++1
--2
000.e
-
1e-
1e+
000.e
1e+
1e
000.e
-
1ee2
1e-
1e-
1e+
1e-
1ee2
1ee2
e10
+
++1
1e+
e10
1.2.3
e10
1e+
1e-
000.e
.
1e
abc
0e
++1
abc
0e
abc
1e+
1e+
e10
000.e
1e
1e+
1ee2
-
1.2.3
+
0e
-
e10
1e
0e
++1
1e+
1e+
++1
+
e10
1.2.3
-
-
++1
-
0e
1ee2
1e+
.
1e
abc
-
0e
1.2.3
1e+
000.e
+
1e+
0e
abc
0e
--2
-
-
1e-
1e
+
abc
1e-
1e+
++1
++1
000.e
+
.
e10
0e
1e+
000.e
e10
--2
+
e10
0e
+
+
++1
1.2.3
.
++1
0e
000.e
+
1ee2
1e-
--2
1e
1e
-
.
1ee2
+
1ee2
1e-
.
1e-
++1
+
.
1e-
1e
1e
+
1ee2
1ee2
1ee2
abc
0e
+
1ee2
.
1ee2
1e
0e
1e+
1ee2
--2
1e-
000.e
000.e
++1
1ee2
--2
abc
+
000.e
1ee2
abc
-
1e
1.2.3
1.2.3
.
000.e
1.2.3
+
abc
-
1ee2
0e
.
1.2.3
++1
0e
1ee2
1e-
e10
1.2.3
1ee2
e10
000.e
1e+
+
000.e
+
1e-
+
000.e
1e-
.
1e-
-
--2
1e
0e
-
++1
.
-
++1
1ee2
1e-
1ee2
++1
1.2.3
000.e
-
1e+
1e
1.2.3
-
1e-
1e
++1
0e
e10
1.2.3
--2
--2
1e+
+
--2
1e+
1e+
abc
-
++1
1e
.
e10
000.e
+
000.e
abc
e10
000.e
++1
1ee2
1e
-
1ee2
+
0e
1.2.3
abc
abc
0e
1e+
1e+
++1
1.2.3
.
1e
0e
++1
1ee2
abc
e10
--2
000.e
-
000.e
.
abc
++1
1.2.3
0e
1ee2
-
1.2.3
abc
0e
1.2.3
-
--2
.
000.e
1e+
e10
abc
--2
-
1ee2
.
e10
0e
.
-
--2
1e-
--2
++1
1e-
+
abc
++1
+
000.e
000.e
e10
1.2.3
1.2.3
-
000.e
0e
++1
0e
e10
1e+
1.2.3
0e
1e+
-
1e
++1
1e-
++1
.
1e+
e10
1e-
0e
0e
.
e10
.
--2
--2
1ee2
.
1ee2
e10
1e-
1e+
1.2.3
0e
1.2.3
--2
-
1e
1e-
+
1e
-
1e+
--2
1e
.
000.e
1e
++1
-
--2
--2
.
0e
abc
1ee2
000.e
000.e
-
1.2.3
1.2.3
1e
e10
--2
1.2.3
++1
--2
000.e
0e
-
++1
+
1ee2
abc
000.e
e10
--2
abc
1e
0e
--2
1e+
-
-
+
000.e
+
e10
.
-
.
1e+
1ee2
1ee2
++1
-
--2
000.e
+
1e+
1e
0e
1e+
-
1.2.3
-
abc
-
1e-
000.e
abc
--2
--2
000.e
--2
0e
1e+
.
abc
1e-
1.2.3
000.e
.
.
abc
++1
.
1e
1e+
1e
abc
1e
000.e
+
+
e10
++1
e10
1.2.3
--2
++1
000.e
-
+
000.e
0e
0e
abc
--2
000.e
e10
+
1e-
1e-
-
000.e
-
.
1e-
-
1ee2
1e+
abc
1.2.3
1e+
1ee2
1e-
--2
++1
1.2.3
1e+
1.2.3
-
.
1e
e10
abc
1.2.3
+
--2
0e
abc
-
e10
0e
0e
0e
.
1e-
-
1e-
.
1e+
.
-
+
--2
1ee2
--2
1.2.3
1e-
e10
0e
++1
1e-
0e
1e-
-
1e-
1e
1e-
-
--2
e10
+
-
--2
1e+
1e-
++1
+
+
.
0e
0e
-
++1
1ee2
-
1e-
000.e
1.2.3
1ee2
e10
1e+
000.e
e10
0e
1e-
.
++1
abc
1.2.3
-
1e
1e+
000.e
1ee2
-
--2
1e-
e10
e10
000.e
1e-
--2
.
1ee2
000.e
e10
+
1ee2
0e
+
1e
--2
--2
++1
1.2.3
1e-
.
1ee2
.
.
+
++1
+
--2
1e
1e
1e-
1.2.3
1ee2
1.2.3
1.2.3
000.e
--2
1e+
++1
.
abc
1.2.3
1e-
1ee2
0e
1e
000.e
abc
1.2.3
e10
e10
0e
1e+
1ee2
1ee2
++1
1.2.3
1e-
e10
1e+
+
--2
000.e
1e-
abc
1e-
abc
1ee2
1e+
1ee2
.
e10
0e
-
--2
--2
1.2.3
+
1e+
0e
--2
1e
1.2.3
1e
abc
1ee2
.
1e+
000.e
++1
000.e
abc
abc
++1
e10
e10
1e-
-
0e
.
1.2.3
1ee2
1e+
-
1ee2
+
++1
000.e
-
--2
--2
e10
-
000.e
000.e
--2
e10
1.2.3
1.2.3
abc
-
--2
1ee2
abc
-
++1
1ee2
000.e
000.e
abc
1ee2
1e
-
0e
++1
e10
1e+
000.e
1e+
1.2.3
1ee2
000.e
1e
-
000.e
1e
1e+
-
++1
--2
abc
000.e
e10
+
--2
.
1e-
+
+
1.2.3
000.e
000.e
1ee2
1e-
1e-
-
1.2.3
1ee2
1e+
--2
1ee2
1e+
e10
1e-
0e
++1
--2
1e+
1.2.3
1e
1.2.3
1.2.3
+
+
1e
.
1e-
0e
1e
1e+
0e
++1
+
000.e
1e
-
1e
0e
0e
+
--2
1.2.3
++1
-
++1
1e
000.e
000.e
-
abc
--2
--2
1ee2
1ee2
1e
e10
1e+
1e-
0e
1e+
++1
1e
-
1e+
1.2.3
+
+
.
1e
1e-
+
1e+
1e
--2
++1
++1
1e+
1ee2
1.2.3
e10
1e
1e-
abc
1e-
+
++1
--2
--2
1ee2
0e
+
+
1e-
1e-
1ee2
+
0e
++1
--2
abc
--2
-
000.e
--2
.
+
0e
1e+
-
1.2.3
.
1e+
1ee2
--2
1ee2
1e
1.2.3
1e-
+
1e+
1e+
0e
--2
0e
abc
e10
1.2.3
-
+
1e
--2
abc
--2
-
abc
++1
000.e
1e-
1e
1e+
-
1e-
0e
--2
1ee2
-
1.2.3
0e
0e
e10
1e
1ee2
--2
.
1e+
--2
-
abc
1e-
e10
++1
1.2.3
1e
1ee2
1e-
000.e
.
1e-
000.e
+
--2
+
abc
1e
.
1ee2
e10
1e+
1e-
1e-
.
1e+
1e-
0e
abc
1ee2
0e
abc
++1
0e
abc
1e
+
000.e
1ee2
++1
1e-
abc
.
1.2.3
++1
1ee2
1ee2
abc
000.e
1e
1e
1e+
1e+
abc
-
1e+
1e
e10
1e-
1ee2
e10
1e
1e
1e-
0e
.
+
0e
0e
.
++1
e10
1e-
1e-
1e
1.2.3
000.e
abc
1ee2
+
1ee2
1ee2
1e
0e
abc
abc
1e-
++1
--2
--2
e10
1e
0e
1e
1.2.3
--2
-
++1
-
--2
+
1.2.3
1.2.3
1e-
0e
.
+
1.2.3
1e-
1e+
abc
1.2.3
1e+
0e
0e
1e
abc
--2
0e
1e
e10
1e
e10
++1
abc
1e
e10
1e-
+
.
1e
0e
1.2.3
++1
1e+
1e
1e
-
-
++1
-
++1
e10
e10
1e+
.
+
1ee2
++1
0e
1e+
000.e
-
e10
.
1e
1ee2
0e
--2
e10
1ee2
--2
.
+
--2
0e
1e+
1e-
1ee2
1e
1.2.3
000.e
abc
000.e
0e
1ee2
--2
1e
1e-
0e
-
0e
1.2.3
1e
+
000.e
0e
1e
+
e10
1ee2
0e
e10
abc
+
000.e
++1
++1
1e
abc
--2
1e+
1ee2
1e+
1e-
++1
--2
--2
++1
0e
+
1e
e10
+
-
-
--2
+
abc
000.e
0e
1e-
1e
1e-
1e
+
e10
abc
1e
000.e
1e
1e+
1e
0e
000.e
0e
1ee2
1e
+
abc
+
-
1e-
.
0e
1e
abc
1e+
.
.
-
1.2.3
-
1e
1ee2
--2
-
1e+
1ee2
1e
0e
e10
-
abc
--2
.
1.2.3
0e
1e-
--2
0e
1e-
000.e
1e
000.e
1ee2
-
e10
1ee2
1e-
.
-
1.2.3
-
1e-
.
.
1.2.3
1e-
.
e10
-
0e
1e
.
+
e10
++1
1ee2
1.2.3
1e
1e
1e+
1.2.3
.
-
1e+
+
-
--2
1.2.3
abc
1e
--2
+
++1
--2
--2
-
0e
++1
1.2.3
1e+
e10
e10
1ee2
-
1e
0e
1e
0e
1e-
000.e
--2
1e-
1e+
1.2.3
-
0e
.
0e
0e
1e-
1.2.3
1e-
e10
+
e10
1e+
0e
.
+
-
1ee2
1.2.3
++1
1e+
-
++1
--2
-
000.e
000.e
abc
abc
++1
0e
1ee2
0e
1.2.3
1ee2
1ee2
0e
1ee2
.
++1
e10
.
+
--2
++1
e10
++1
1e+
1e+
abc
1e-
000.e
1.2.3
-
1e
++1
-
+
0e
e10
1e
1e-
e10
--2
+
1e+
000.e
--2
+
1e-
+
1e
1e
1.2.3
e10
--2
+
1e
++1
.
e10
.
1e+
++1
1e-
1e-
000.e
1e-
1ee2
++1
0e
1.2.3
1e+
e10
1e-
.
abc
1e+
1e
1ee2
1e-
0e
1e+
1.2.3
+
1e-
+
++1
1ee2
abc
--2
abc
-
0e
e10
+
1e+
++1
1ee2
1ee2
.
-
1e+
1e-
1ee2
abc
1.2.3
0e
1e
0e
0e
000.e
1.2.3
++1
abc
1.2.3
.
1.2.3
--2
abc
000.e
+
--2
e10
e10
e10
--2
1ee2
-
1e
e10
0e
1e-
+
1e
1e+
1e-
0e
--2
++1
1e+
1e+
--2
-
1e
++1
1e
-
-
--2
abc
-
1e
1.2.3
.
0e
.
++1
+
0e
e10
1e-
++1
-
abc
.
1.2.3
-
e10
e10
0e
.
000.e
000.e
1e+
++1
e10
+
-
1e+
.
+
-
1.2.3
--2
--2
1e-
000.e
-
0e
e10
1.2.3
--2
1ee2
000.e
+
0e
--2
.
1.2.3
1.2.3
1ee2
e10
1e
-
1e-
1ee2
++1
000.e
e10
e10
e10
000.e
1e+
0e
1e+
abc
abc
1e
abc
.
--2
1ee2
1e+
abc
000.e
e10
1ee2
--2
+
1.2.3
000.e
-
1ee2
e10
+
abc
1e-
1e+
+
0e
+
e10
000.e
++1
++1
1e
-
1.2.3
1.2.3
.
abc
1e+
1e+
--2
++1
0e
1e-
1e-
+
abc
1e
-
++1
++1
1e
1e-
1.2.3
0e
0e
1e
000.e
abc
0e
0e
1.2.3
1.2.3
1ee2
000.e
1ee2
++1
1e+
1ee2
abc
0e
++1
+
-
++1
--2
e10
1ee2
+
+
1.2.3
1.2.3
--2
e10
.
abc
abc
e10
1e-
0e
1e
+
1ee2
0e
1ee2
++1
1ee2
1e
e10
e10
++1
++1
--2
1e+
0e
--2
1e
1.2.3
000.e
1.2.3
1e+
1e+
e10
-
1.2.3
e10
++1
+
1e-
+
e10
++1
1.2.3
.
000.e
1.2.3
000.e
--2
1e-
abc
1e
0e
1e+
abc
--2
1e-
abc
abc
-
-
1e+
-
1ee2
-
1e
1e
0e
1e+
abc
e10
-
e10
1e-
e10
1ee2
0e
++1
++1
+
0e
1e
000.e
.
e10
1e+
--2
0e
.
+
000.e
+
.
1ee2
abc
1ee2
abc
1.2.3
-
abc
+
.
000.e
000.e
1e
--2
0e
++1
+
--2
1e-
1ee2
1ee2
1ee2
.
.
abc
1e
000.e
1.2.3
-
-
e10
0e
.
.
--2
abc
000.e
1e-
.
.
--2
1e-
+
1ee2
1e
000.e
+
--2
1e
abc
e10
e10
1ee2
abc
0e
000.e
1.2.3
1.2.3
0e
0e
1ee2
000.e
abc
-
1e+
e10
++1
-
1ee2
1e+
0e
++1
1e+
1ee2
abc
1.2.3
e10
1.2.3
1e
.
++1
1.2.3
1e+
1.2.3
+
0e
1e
1e
.
abc
1e+
.
1e+
.
--2
1.2.3
1ee2
abc
1e+
1.2.3
0e
1e-
0e
1e-
e10
1e+
abc
e10
--2
--2
abc
1.2.3
1e
+
1e
1e
000.e
1e-
1e-
000.e
--2
1e
1e
1.2.3
0e
+
e10
++1
e10
1e+
1ee2
1ee2
1.2.3
e10
1.2.3
000.e
+
--2
000.e
1ee2
000.e
abc
000.e
e10
1e-
0e
1e+
1e-
1e-
1e+
e10
1e+
1e+
--2
1e+
000.e
1e+
1e-
+
1.2.3
.
1e+
1e
-
1e-
1.2.3
1.2.3
0e
abc
++1
++1
e10
--2
abc
++1
++1
-
000.e
1e-
.
1e
e10
1ee2
abc
+
abc
+
1e+
1e+
--2
-
1e
-
abc
++1
0e
1e
1e-
1e-
000.e
.
1e+
-
-
0e
1e
++1
--2
1.2.3
1e-
000.e
1ee2
e10
1ee2
1e-
1ee2
+
-
++1
+
--2
++1
1ee2
abc
.
--2
000.e
1e+
1e
--2
+
+
1e+
.
1e-
--2
1e+
1e
1e+
e10
--2
1.2.3
+
-
1.2.3
1e-
--2
1.2.3
000.e
1e-
+
abc
1e
1e+
++1
1ee2
000.e
.
000.e
-
1e+
e10
++1
1e+
1ee2
1ee2
abc
++1
1ee2
+
e10
+
0e
000.e
1ee2
0e
--2
1e-
.
abc
e10
1e-
abc
0e
--2
1ee2
.
1.2.3
1e-
1e+
.
e10
1e
1e+
abc
1.2.3
1.2.3
.
1e+
++1
1.2.3
000.e
abc
1e
--2
1ee2
abc
abc
e10
1e
1ee2
1.2.3
1ee2
0e
.
abc
abc
e10
--2
+
+
1e
+
1e+
1e+
1e+
1e+
abc
abc
1e-
1e-
1e
0e
1e
000.e
1ee2
0e
+
000.e
++1
000.e
.
e10
0e
+
e10
1e
1.2.3
--2
-
000.e
1ee2
-
1ee2
++1
--2
++1
1e
.
000.e
1e-
++1
000.e
-
000.e
1e
+
1ee2
++1
.
-
-
e10
-
-
1e
1e
e10
--2
1ee2
e10
e10
.
0e
1e
1e-
--2
1.2.3
-
0e
000.e
1e+
1.2.3
1e
--2
--2
0e
abc
000.e
e10
000.e
e10
--2
-
.
1e-
++1
1e
+
1e+
++1
000.e
1e
0e
++1
+
000.e
1ee2
1ee2
-
000.e
1e+
1.2.3
1e+
++1
--2
--2
1ee2
-
e10
--2
e10
1.2.3
-
-
+
1e-
--2
1e
.
--2
1e
000.e
-
000.e
--2
.
e10
e10
--2
000.e
+
e10
+
1e
000.e
-
000.e
000.e
0e
+
1.2.3
+
+
e10
1e+
-
+
1.2.3
.
0e
1ee2
1e+
++1
0e
++1
1ee2
000.e
+
0e
+
1e
1e+
+
+
abc
-
e10
1e
1ee2
++1
1e
++1
+
.
1e+
1e+
.
1e+
1.2.3
--2
.
-
000.e
-
abc
1.2.3
.
abc
e10
abc
+
1ee2
1e+
1e
1ee2
1e
-
+
000.e
e10
000.e
1ee2
e10
++1
1ee2
++1
.
1e-
-
1ee2
1e
+
--2
abc
--2
++1
+
.
1ee2
++1
1ee2
abc
abc
0e
-
1e
1e
1.2.3
000.e
++1
0e
1ee2
1ee2
--2
1ee2
+
1.2.3
e10
abc
0e
-
0e
-
abc
.
0e
1e-
0e
1.2.3
++1
000.e
0e
.
0e
.
--2
.
1e
.
.
0e
000.e
+
000.e
++1
abc
++1
--2
1ee2
.
e10
--2
1e+
1ee2
1e-
000.e
-
1e+
000.e
1.2.3
1ee2
1e+
0e
.
0e
1e+
++1
e10
-
-
0e
1.2.3
.
1e-
1.2.3
e10
000.e
000.e
0e
++1
e10
1e+
--2
1ee2
1.2.3
.
+
1e-
.
1e
000.e
+
e10
-
1ee2
-
1.2.3
+
abc
0e
1e
1e
1e-
--2
1ee2
1.2.3
-
1.2.3
1ee2
1e
e10
+
e10
1.2.3
-
1.2.3
1e-
0e
abc
1e
-
0e
++1
+
1.2.3
1.2.3
0e
abc
-
.
1e-
--2
000.e
-
1.2.3
+
1ee2
.
0e
1ee2
+
e10
.
+
abc
-
1e+
1e
1e+
abc
1e+
0e
-
abc
1e-
e10
-
e10
e10
1e
+
+
1e
.
000.e
1.2.3
.
e10
1e+
--2
0e
1e
--2
1e
1e+
1e
000.e
.
1e+
--2
1ee2
-
1e
0e
.
e10
1e+
-
1e+
e10
-
e10
abc
1e-
abc
+
-
--2
0e
1ee2
1e
--2
1e-
1ee2
1ee2
+
abc
.
1ee2
1.2.3
1e+
1e+
.
1.2.3
e10
--2
1e
1.2.3
e10
--2
1e+
0e
e10
0e
1e
1e-
000.e
000.e
0e
1e-
0e
1e
.
+
1e+
1.2.3
1e-
1e
e10
-
e10
1ee2
1e-
1e
1e
-
1ee2
1e+
000.e
e10
1ee2
1e
1.2.3
1e-
1e-
+
abc
+
abc
1e
+
e10
1e+
-
-
1ee2
abc
1e
-
++1
-
0e
e10
++1
1e+
+
abc
1e
1ee2
--2
1ee2
.
abc
.
1e
1e+
-
1e+
.
1e+
000.e
.
1.2.3
+
.
--2
.
-
++1
1e-
000.e
1e+
++1
++1
000.e
1e
1e-
e10
1ee2
1ee2
0e
--2
abc
1e-
1.2.3
e10
1ee2
1e
1ee2
1e+
000.e
0e
1.2.3
+
0e
1.2.3
++1
e10
1e+
1e
-
abc
1ee2
e10
.
-
++1
.
abc
abc
000.e
1e-
1ee2
.
++1
1.2.3
000.e
--2
1e-
abc
.
.
--2
--2
1e
++1
1e+
1e
.
1e+
.
000.e
1e-
--2
1e
e10
e10
+
1.2.3
+
000.e
-
1e+
++1
.
000.e
abc
000.e
-
abc
abc
-
1e-
1e-
.
1ee2
+
1e
+
e10
-
000.e
abc
abc
++1
0e
1e
++1
abc
++1
0e
1ee2
e10
--2
abc
abc
-
++1
1e+
++1
e10
+
1e
e10
+
1ee2
0e
1.2.3
e10
e10
000.e
1.2.3
abc
+
abc
-
1e+
++1
++1
+
e10
-
1e+
+
1ee2
++1
.
-
1ee2
1ee2
0e
+
--2
-
000.e
e10
abc
+
1e-
1e+
1e
--2
1e+
--2
1e-
1ee2
1ee2
1ee2
1e
e10
--2
1e-
e10
000.e
1e-
--2
0e
-
--2
1e-
1.2.3
++1
abc
++1
abc
000.e
e10
.
.
1e
1.2.3
abc
1e
1e+
0e
abc
1e-
1ee2
1.2.3
.
--2
1e
0e
0e
1e-
0e
0e
1e-
1.2.3
1e
1.2.3
000.e
+
--2
1e+
.
++1
--2
1e+
+
1e-
1e+
1e+
abc
0e
1e+
000.e
abc
abc
abc
000.e
.
000.e
0e
abc
-
.
+
000.e
0e
0e
1e
.
1e-
1e
++1
-
1e
1.2.3
1e-
1e+
abc
--2
1e-
e10
000.e
+
e10
1e-
1e+
e10
1e
+
--2
--2
1ee2
1ee2
1e-
1e-
--2
.
1e+
1.2.3
++1
000.e
abc
1e
+
0e
0e
-
-
1.2.3
1ee2
1e+
e10
1ee2
1e+
1e
++1
1.2.3
1.2.3
1ee2
+
e10
abc
+
1ee2
.
.
++1
abc
1e-
1e
1e
1e+
1ee2
-
+
0e
0e
1e
1e-
-
000.e
-
1e-
1e+
1e+
1e-
-
-
1ee2
1ee2
1.2.3
.
abc
abc
++1
.
000.e
-
--2
1e
-
1e-
1ee2
0e
1e+
.
--2
1ee2
0e
1ee2
++1
0e
1.2.3
0e
-
000.e
-
+
1e-
1e
000.e
0e
1e-
0e
000.e
abc
0e
1e+
1ee2
1.2.3
+
0e
1.2.3
abc
000.e
+
1ee2
--2
0e
1e-
-
000.e
-
0e
1.2.3
abc
--2
--2
1e
1ee2
000.e
1e-
--2
1e-
1e-
e10
1e+
1e+
0e
-
1e+
.
-
+
++1
000.e
e10
abc
1e+
abc
.
-
1e
000.e
000.e
-
++1
000.e
1e
-
--2
+
--2
--2
+
--2
1e+
.
--2
1e
e10
1e-
1e
.
0e
e10
e10
e10
--2
++1
0e
+
-
0e
000.e
0e
1e+
+
e10
1e-
e10
1e+
1e
-
000.e
0e
++1
000.e
1e+
0e
1e
1e+
1e+
abc
1ee2
1ee2
--2
.
1.2.3
abc
1e+
--2
abc
1.2.3
1ee2
e10
0e
-
.
1e
1e-
++1
+
1e+
1e-
1e+
1ee2
0e
abc
--2
1e-
-
1e+
.
.
1e+
000.e
1e-
1e-
1e+
1e-
++1
++1
++1
e10
abc
e10
0e
1ee2
000.e
1e
1e
1.2.3
+
abc
0e
000.e
1.2.3
1.2.3
1e
.
-
1.2.3
-
1.2.3
0e
1e-
1e+
abc
-
000.e
1e
0e
-
e10
--2
--2
-
abc
--2
1e
abc
0e
-
++1
.
.
-
--2
1e
1.2.3
+
++1
0e
0e
1.2.3
.
abc
++1
1e
1ee2
--2
0e
.
1ee2
1e+
1e
1e
++1
1e+
1.2.3
e10
1e
1e-
1e-
.
e10
e10
0e
1.2.3
abc
1e
e10
1e
0e
.
0e
0e
0e
++1
1.2.3
e10
1e+
+
1.2.3
-
e10
1e+
e10
+
000.e
e10
1ee2
1ee2
e10
1e+
--2
.
e10
e10
+
1ee2
--2
000.e
1.2.3
000.e
abc
.
.
e10
.
1e
0e
0e
1ee2
+
+
-
1e+
0e
+
1e+
1.2.3
1e
0e
+
-
++1
.
1e-
1e-
1e+
+
000.e
++1
1e+
0e
.
-
.
++1
1ee2
1e+
0e
++1
.
-
1e+
abc
000.e
1e+
+
--2
--2
1e
++1
+
abc
++1
0e
1e+
000.e
abc
000.e
abc
abc
+
1.2.3
-
++1
1e-
abc
1ee2
abc
0e
.
-
1e-
1ee2
1e+
1.2.3
1e-
.
--2
1ee2
+
+
1.2.3
000.e
1e
--2
abc
1ee2
.
1e+
abc
000.e
0e
abc
0e
.
1e
+
1e-
1e
.
++1
1e
abc
++1
abc
1e
abc
000.e
1e
1e-
.
0e
1ee2
--2
-
abc
e10
000.e
1ee2
1.2.3
0e
0e
-
+
1ee2
-
e10
--2
++1
000.e
abc
000.e
000.e
0e
abc
1.2.3
e10
--2
.
1e-
1e
1ee2
-
1e
--2
+
000.e
1e-
abc
1e
1ee2
1ee2
0e
1ee2
1e-
1.2.3
000.e
0e
1.2.3
.
0e
-
0e
1.2.3
++1
--2
+
1e+
0e
1ee2
--2
000.e
--2
abc
.
1e+
abc
0e
1e
000.e
1e
0e
1e+
-
.
-
--2
+
++1
1.2.3
-
1.2.3
1.2.3
abc
-
0e
1e+
abc
abc
1e-
+
1e-
1e
abc
1ee2
1.2.3
0e
e10
0e
abc
abc
0e
++1
-
e10
++1
--2
-
.
1e-
--2
1e-
abc
e10
1ee2
--2
000.e
1e+
1ee2
--2
1.2.3
e10
-
--2
000.e
+
+
1e-
+
e10
1.2.3
000.e
1.2.3
1e-
1.2.3
-
e10
1e+
-
1ee2
e10
1e
.
++1
1ee2
0e
-
-
-
-
0e
-
1.2.3
1e+
abc
1.2.3
1e
e10
0e
+
1e
0e
e10
1e
1e+
--2
1e+
000.e
e10
++1
000.e
-
+
1e
abc
1ee2
+
-
1.2.3
1.2.3
1ee2
.
++1
1ee2
1e
1e
-
.
1e-
++1
-
-
--2
.
--2
++1
-
e10
e10
--2
-
.
1.2.3
-
abc
000.e
1e+
-
000.e
e10
1.2.3
abc
000.e
-
1ee2
1.2.3
++1
1.2.3
++1
1ee2
e10
1e+
1ee2
1e+
+
--2
000.e
1ee2
-
0e
-
.
1ee2
.
abc
--2
1ee2
.
-
++1
--2
1ee2
++1
--2
.
1.2.3
1e-
1ee2
1.2.3
1e+
++1
++1
abc
+
++1
000.e
1e-
+
abc
e10
abc
1e+
+
1e
e10
-
++1
-
1e-
0e
+
e10
000.e
1.2.3
1.2.3
--2
1.2.3
++1
1.2.3
-
1e+
000.e
abc
1ee2
1ee2
1.2.3
--2
e10
1e-
e10
.
+
1.2.3
1.2.3
1.2.3
--2
-
--2
e10
1e
-
1e-
1e-
1e
.
1e+
++1
1e
--2
abc
0e
1e
abc
1ee2
1e-
1e+
1e-
+
+
1e
e10
+
-
e10
000.e
000.e
1e+
-
0e
1.2.3
++1
.
1ee2
abc
1ee2
1e-
++1
abc
1ee2
.
+
000.e
++1
abc
--2
abc
+
000.e
000.e
1.2.3
.
000.e
e10
+
abc
1.2.3
e10
1e+
1e-
+
0e
abc
1.2.3
.
1e+
1e+
1.2.3
0e
--2
1ee2
e10
+
1.2.3
e10
abc
1ee2
0e
1e
1.2.3
e10
abc
1e
--2
abc
000.e
++1
000.e
e10
1e-
-
0e
1e
1e
000.e
1ee2
+
0e
abc
--2
++1
1e
++1
--2
0e
+
abc
000.e
1.2.3
abc
0e
0e
++1
abc
-
abc
-
-
++1
-
abc
1e-
1e+
.
1e+
abc
-
1e
0e
e10
000.e
000.e
1e
++1
1e+
1e
+
1e-
e10
.
1e
1ee2
+
+
.
abc
1ee2
000.e
1ee2
++1
1.2.3
1ee2
.
1e+
0e
.
1e
+
.
1ee2
--2
-
++1
1e+
000.e
1e
-
.
000.e
++1
1e+
0e
+
1e
000.e
abc
1e+
1e+
e10
--2
e10
000.e
--2
0e
+
0e
-
++1
0e
1e-
1e-
1.2.3
000.e
abc
.
1ee2
-
+
1e-
1.2.3
e10
+
e10
.
000.e
0e
.
1ee2
0e
1e
.
0e
--2
1ee2
abc
+
--2
-
--2
1e+
.
.
--2
-
1e+
abc
1e
abc
1.2.3
1e+
++1
-
1.2.3
1e+
1e
1ee2
++1
abc
1ee2
1ee2
.
000.e
1e
--2
0e
000.e
000.e
.
++1
-
++1
--2
1e+
1ee2
1e-
1e+
--2
1e
abc
.
++1
0e
--2
++1
1e+
1e
e10
e10
--2
1e-
1ee2
+
000.e
++1
1e+
+
1e-
1ee2
1e+
1.2.3
-
-
000.e
--2
1.2.3
--2
.
000.e
e10
-
e10
-
1e
0e
.
0e
e10
1e+
--2
--2
1ee2
--2
1.2.3
1e-
+
--2
e10
1e-
-
abc
000.e
1e-
1e+
abc
1ee2
1.2.3
1ee2
1e
1.2.3
1e-
-
1.2.3
-
abc
0e
1.2.3
.
1e-
1e
1e-
1.2.3
1e-
+
1e
--2
--2
1.2.3
0e
e10
1ee2
.
abc
++1
000.e
1.2.3
0e
e10
000.e
1ee2
1e+
1e
0e
--2
e10
abc
1e-
1e-
.
-
000.e
.
1e+
1ee2
abc
1e-
abc
abc
1.2.3
1e+
abc
1ee2
+
.
--2
1e+
1ee2
1e
1e
abc
1e+
.
--2
e10
1ee2
e10
--2
-
abc
++1
--2
0e
+
e10
+
e10
abc
-
1ee2
--2
-
--2
1e
-
-
1ee2
+
.
1.2.3
000.e
--2
000.e
1.2.3
-
1ee2
abc
1e+
1.2.3
0e
e10
++1
1ee2
-
0e
--2
1e
000.e
1e+
000.e
++1
--2
.
+
000.e
1e
1e+
abc
e10
++1
+
1.2.3
1e+
1ee2
++1
-
--2
0e
0e
abc
000.e
1e
+
0e
e10
000.e
1e-
1e-
1e+
.
.
-
e10
++1
0e
--2
1.2.3
1e-
.
000.e
abc
000.e
1e
0e
.
.
0e
1e+
.
1ee2
1ee2
1e-
0e
000.e
+
1e+
1e-
1e+
--2
1ee2
1.2.3
1ee2
abc
1e
--2
1ee2
1.2.3
-
+
1e-
1e-
1e
.
-
+
1e+
++1
e10
-
1ee2
1.2.3
1ee2
e10
--2
.
+
000.e
abc
000.e
-
++1
1e
--2
1.2.3
-
--2
--2
000.e
abc
+
1e-
1e-
1.2.3
--2
++1
000.e
1e+
.
1e+
e10
1e-
1e
000.e
-
+
1.2.3
1e+
++1
abc
.
--2
++1
0e
000.e
1e+
1e+
e10
-
1ee2
1ee2
1e+
1ee2
--2
+
1.2.3
.
1e
++1
.
abc
0e
000.e
abc
+
++1
1e-
abc
000.e
1.2.3
--2
.
--2
000.e
1ee2
+
1ee2
++1
1e-
0e
1.2.3
++1
000.e
1e-
1e+
1e-
+
1e-
.
--2
--2
e10
1e
abc
1.2.3
abc
++1
1e-
1e
+
abc
1e-
-
0e
abc
.
--2
1.2.3
abc
1e-
--2
-
0e
1e
++1
--2
1e
1.2.3
000.e
e10
-
1e-
1ee2
--2
.
+
e10
000.e
.
0e
1.2.3
1e
--2
e10
--2
abc
abc
++1
1e+
1e-
1e
+
000.e
++1
1e
1e+
1ee2
abc
1e-
1e+
-
e10
-
000.e
1e
1e
-
--2
e10
1e-
000.e
.
-
abc
1e-
-
e10
.
1.2.3
++1
1e
000.e
0e
000.e
-
1ee2
1ee2
1e-
1e+
1e-
0e
-
+
1ee2
abc
1e+
+
++1
1e-
.
000.e
0e
1e+
0e
-
0e
abc
1.2.3
0e
++1
.
abc
+
1e+
abc
e10
1e-
+
e10
1.2.3
1.2.3
1e-
1e+
0e
1.2.3
++1
1e
0e
1.2.3
abc
+
1e+
1.2.3
++1
.
--2
1ee2
0e
.
0e
0e
1.2.3
abc
1e
000.e
++1
000.e
1e-
1e
-
1e+
+
000.e
-
-
1e-
++1
--2
-
0e
1.2.3
abc
+
000.e
.
1e
1e
--2
e10
e10
000.e
.
1e
1e+
1e+
1.2.3
1.2.3
-
1e+
0e
1e-
1ee2
e10
000.e
+
e10
0e
.
1ee2
+
+
-
-
1.2.3
++1
1e
1e-
++1
++1
--2
e10
0e
1e+
abc
.
abc
--2
1ee2
-
+
1e-
1e-
000.e
000.e
--2
1.2.3
1e-
-
+
-
0e
1e-
+
e10
1e-
1.2.3
1.2.3
-
.
1e-
abc
e10
++1
1ee2
--2
--2
-
1ee2
++1
0e
1e+
1e
1e+
--2
1ee2
++1
+
1e+
abc
+
+
--2
+
e10
abc
1e+
1e-
-
abc
--2
--2
--2
e10
1e+
1e
1ee2
.
000.e
000.e
e10
0e
1ee2
1e
abc
abc
e10
000.e
--2
1e
++1
--2
+
abc
++1
1.2.3
e10
1.2.3
000.e
1e-
1.2.3
1ee2
.
e10
1e-
++1
++1
++1
.
0e
1e+
++1
1e-
0e
++1
abc
.
++1
1e
000.e
+
1e
1.2.3
-
000.e
++1
0e
1.2.3
1ee2
1e-
abc
1.2.3
--2
1ee2
000.e
1e
+
000.e
1e+
000.e
+
abc
1e+
+
.
0e
e10
1e
e10
1e-
1ee2
e10
1e
1.2.3
.
abc
+
1e-
0e
abc
000.e
++1
++1
1e+
1e-
1ee2
.
--2
1e
e10
1e-
1.2.3
1e
1e-
+
1e
1e-
0e
000.e
1e
.
1ee2
-
0e
1e+
abc
1e-
1e-
000.e
000.e
--2
.
.
0e
++1
abc
-
000.e
000.e
abc
e10
0e
+
0e
1ee2
abc
.
e10
1e+
1e+
1e+
.
e10
e10
1e
+
--2
000.e
000.e
+
e10
1ee2
+
1e
abc
1ee2
+
1.2.3
1.2.3
e10
-
1e+
++1
0e
0e
abc
+
-
.
1.2.3
1.2.3
e10
1.2.3
1e+
-
0e
1e+
0e
1e+
000.e
++1
e10
1.2.3
1.2.3
1e
1.2.3
000.e
1e-
1e-
1.2.3
000.e
e10
1ee2
+
1e-
-
1e
1e
0e
1ee2
++1
1e-
1.2.3
0e
--2
1e-
1e+
++1
1ee2
1e
1e-
1e-
000.e
1e
+
+
1ee2
1e+
1.2.3
000.e
1e+
.
1.2.3
1.2.3
-
++1
1e+
0e
1e-
-
1e
1ee2
e10
-
+
-
++1
.
1e
1e-
--2
1e-
1e-
.
.
1e
abc
1e-
.
1ee2
+
.
-
1ee2
+
+
e10
.
0e
abc
1ee2
0e
-
-
abc
1e+
0e
1e-
1ee2
-
abc
.
000.e
--2
1e+
1.2.3
1ee2
+
000.e
.
0e
1e+
1e
--2
.
+
1e
.
-
000.e
+
-
++1
1ee2
+
--2
1e
e10
+
0e
1e-
1e+
1e+
++1
abc
1e+
+
.
-
1.2.3
.
+
1e+
.
1ee2
1ee2
abc
++1
++1
1ee2
1e
++1
1e
000.e
e10
.
-
0e
0e
+
000.e
1.2.3
1ee2
1.2.3
0e
1e
.
abc
1.2.3
1e
1e-
--2
-
-
1ee2
1e+
-
.
e10
0e
+
+
++1
1ee2
--2
0e
abc
1ee2
abc
++1
--2
1e+
.
1e-
e10
.
1e+
--2
abc
+
+
1e
1e+
1e
1e-
1e+
.
+
e10
--2
--2
0e
abc
1e
1.2.3
++1
--2
abc
e10
1ee2
e10
+
1ee2
.
1e-
++1
1ee2
++1
1.2.3
1e
1ee2
1.2.3
1.2.3
-
--2
1e
1.2.3
000.e
-
-
1.2.3
--2
-
.
+
0e
e10
1e+
+
abc
000.e
abc
abc
--2
000.e
0e
1.2.3
1ee2
.
1e
+
1ee2
1e+
1e
1e
1e+
1e-
abc
0e
1e-
1.2.3
++1
1e+
1.2.3
1e+
e10
--2
0e
.
--2
1e
+
000.e
+
1e-
1e+
+
1.2.3
1.2.3
.
--2
+
1ee2
e10
1.2.3
000.e
--2
1e+
abc
0e
1e-
1e
abc
1e-
1ee2
++1
0e
000.e
0e
-
++1
1e+
1e
--2
-
1e+
--2
-
--2
000.e
1e
.
+
e10
000.e
.
0e
++1
0e
1.2.3
-
000.e
--2
1e
.
1e
1.2.3
1e+
+
0e
1e+
1e-
1e+
--2
abc
+
e10
-
--2
1e
0e
1.2.3
+
1ee2
1e-
1ee2
+
1.2.3
abc
-
--2
1e+
1ee2
abc
000.e
1e-
++1
1e
1ee2
1e-
++1
+
1.2.3
++1
-
abc
0e
abc
000.e
++1
0e
0e
1e+
1e
++1
1e-
1e-
--2
1.2.3
1e
++1
1e+
000.e
-
000.e
1.2.3
000.e
1e-
1ee2
abc
.
000.e
1e+
-
1e
1.2.3
1ee2
++1
.
abc
1ee2
abc
e10
1e+
1e
+
.
.
1.2.3
1e+
1e+
abc
-
1e-
1.2.3
0e
++1
1e+
1e-
--2
1e+
-
1ee2
e10
++1
++1
.
1e+
-
1ee2
1e
e10
1e
-
0e
1e
1.2.3
1e-
0e
-
1e
1e+
e10
1ee2
.
1e-
-
-
1e+
+
1.2.3
1e-
1.2.3
--2
000.e
+
000.e
e10
++1
--2
1e+
1e-
0e
.
1e
abc
1e-
-
1e+
000.e
e10
.
1.2.3
e10
--2
abc
1.2.3
-
--2
--2
.
1ee2
++1
1.2.3
1.2.3
1e-
++1
-
000.e
1e-
0e
1e-
000.e
++1
--2
1.2.3
0e
abc
++1
0e
.
e10
-
1e-
0e
--2
abc
1.2.3
1e+
0e
1ee2
++1
+
0e
abc
++1
1.2.3
000.e
1e+
1e-
.
1ee2
1e
1e-
-
+
--2
++1
1ee2
1ee2
0e
-
0e
1e-
1e-
0e
--2
++1
+
.
1e
000.e
e10
1.2.3
1.2.3
1ee2
abc
+
000.e
1.2.3
-
e10
0e
1e-
1ee2
1ee2
abc
+
1ee2
++1
.
--2
1e-
1.2.3
+
1.2.3
1e+
1e
+
0e
1e-
1e+
0e
abc
1e+
1e
+
1e
e10
--2
--2
1.2.3
1.2.3
++1
1e+
1e+
0e
1e+
.
0e
e10
1.2.3
1e+
0e
--2
--2
1e-
000.e
000.e
+
1e+
1e+
1e-
1e
1e
0e
1e+
1e+
--2
--2
0e
1ee2
1e
000.e
1.2.3
000.e
1ee2
+
0e
0e
1e
+
1e
1e+
1e+
--2
1ee2
000.e
0e
.
000.e
e10
1e+
++1
1e-
000.e
0e
+
000.e
1e-
--2
1e
0e
000.e
--2
e10
++1
e10
0e
000.e
000.e
1ee2
000.e
1e-
0e
0e
abc
1ee2
1ee2
1ee2
1.2.3
--2
--2
1e+
000.e
1e+
++1
++1
0e
000.e
000.e
--2
e10
.
1e+
1e+
abc
0e
1e+
+
000.e
-
000.e
1.2.3
e10
1e+
.
.
++1
1.2.3
1e+
--2
0e
1.2.3
abc
-
1e
0e
++1
--2
1e-
-
1.2.3
1e
1e-
1ee2
000.e
1e
1e-
1.2.3
.
1.2.3
1e-
+
abc
1e+
1e
--2
++1
--2
1e
e10
1e
abc
1.2.3
1e+
000.e
1e-
--2
1e
abc
abc
--2
+
++1
e10
.
1ee2
--2
1e+
abc
1e+
1e
abc
abc
.
1e+
1e-
000.e
-
+
+
1ee2
+
1ee2
0e
1e-
.
1e
abc
1ee2
1.2.3
--2
abc
+
1e
--2
abc
e10
++1
.
.
++1
1e-
000.e
+
abc
+
1e
abc
000.e
e10
0e
0e
000.e
0e
1e+
1e-
0e
1.2.3
abc
.
1.2.3
1e
0e
++1
e10
1e
000.e
e10
.
1ee2
1e-
abc
--2
.
1ee2
+
1e
e10
--2
1e-
1e
--2
+
.
--2
-
1e
1e+
1.2.3
--2
0e
++1
1e+
1.2.3
0e
abc
.
1e-
--2
0e
1.2.3
1e-
1e
1e+
0e
1ee2
++1
.
0e
-
1e-
1.2.3
1.2.3
1.2.3
+
000.e
1e-
.
++1
0e
1ee2
1.2.3
1e
000.e
000.e
.
1e
1ee2
e10
0e
-
--2
.
-
1e-
e10
000.e
e10
.
.
0e
abc
abc
1e+
1.2.3
1.2.3
--2
1e+
-
1.2.3
e10
--2
1ee2
1.2.3
e10
1e
1e
+
--2
1.2.3
1ee2
1e
1e-
-
0e
1.2.3
1e-
1e-
1e+
-
.
1ee2
0e
e10
+
000.e
1e
000.e
++1
.
e10
.
1.2.3
1e+
1e
1.2.3
1e+
-
+
++1
1e
abc
+
1.2.3
--2
1e-
1e
1ee2
e10
1e+
e10
e10
abc
0e
1e-
+
1ee2
+
1e
1e-
1e+
.
1ee2
e10
000.e
1e+
1e
--2
1e
1e+
++1
.
++1
e10
-
e10
.
+
abc
abc
1ee2
0e
0e
++1
.
1e-
1ee2
1.2.3
-
1e
1e+
0e
1e
1e+
+
-
1e+
++1
++1
000.e
abc
0e
1.2.3
--2
1e
0e
1ee2
1ee2
1.2.3
-
1e-
1.2.3
abc
1ee2
+
.
--2
++1
1e-
0e
+
.
1e
000.e
-
1e
+
abc
--2
+
++1
1ee2
1e+
-
-
1e-
e10
-
.
1e+
e10
+
--2
000.e
1ee2
1e
1.2.3
000.e
1ee2
.
++1
1e-
.
000.e
abc
1e
.
++1
1ee2
000.e
1.2.3
1e-
abc
++1
1ee2
1e
abc
abc
abc
--2
000.e
e10
000.e
+
0e
0e
.
1.2.3
-
.
.
.
e10
.
000.e
abc
e10
abc
1.2.3
1e
abc
1e-
1e
.
1ee2
.
abc
1e+
1e
.
e10
e10
--2
1e+
1.2.3
1e+
++1
000.e
1.2.3
1.2.3
1e-
0e
1e-
+
+
1ee2
e10
++1
--2
++1
+
1e-
0e
+
+
000.e
1e-
000.e
--2
1e-
000.e
abc
+
1e
0e
.
1e
--2
1e-
--2
1.2.3
-
e10
e10
+
+
+
1ee2
1e+
e10
1e+
.
.
1.2.3
-
0e
0e
.
1e+
abc
1e
1e
+
1e-
--2
1ee2
1e+
++1
.
+
1e
-
1.2.3
1e+
1e+
1e-
+
1.2.3
0e
1e+
1ee2
--2
-
abc
1e-
abc
0e
1e
1ee2
--2
+
1ee2
0e
1e-
.
1ee2
abc
e10
--2
++1
+
abc
1.2.3
++1
1e
.
1e
++1
1e
1ee2
++1
0e
000.e
+
1e-
000.e
000.e
1e-
000.e
1e-
1ee2
--2
++1
abc
.
abc
1ee2
1e
1e
1ee2
abc
+
+
1e-
1.2.3
000.e
1ee2
abc
1e+
+
.
1.2.3
+
1e-
000.e
1e
000.e
1e+
0e
1e-
0e
.
1e-
0e
1e
1.2.3
1e-
+
1e+
e10
1e
000.e
--2
++1
000.e
e10
-
0e
+
1e-
-
-
e10
-
1e
abc
+
.
-
1e
1.2.3
++1
1e+
--2
+
1e-
0e
+
1e
0e
+
--2
abc
0e
abc
.
0e
e10
0e
1e
+
1.2.3
-
1ee2
1e-
.
1e+
1.2.3
1e+
-
e10
-
.
abc
+
e10
abc
abc
-
000.e
1.2.3
.
+
.
1e-
1e
.
000.e
000.e
0e
+
++1
++1
-
0e
-
.
e10
0e
++1
++1
1e-
1ee2
+
1e
1e
++1
+
abc
1e+
abc
++1
0e
abc
+
++1
1e+
1e+
1ee2
1.2.3
1e+
0e
1ee2
e10
000.e
+
0e
.
--2
1ee2
e10
1ee2
.
.
-
e10
0e
++1
1e-
--2
abc
1e
e10
1e+
0e
.
1.2.3
000.e
1e
abc
000.e
+
000.e
+
1e-
1e
1e-
1ee2
--2
1e
e10
+
++1
-
1e-
++1
1ee2
abc
1ee2
-
1e+
e10
+
.
1e-
0e
1e
+
-
--2
1e+
0e
1.2.3
0e
--2
+
1e
.
0e
000.e
e10
.
1e-
0e
1e+
1e-
000.e
--2
000.e
1e+
0e
1ee2
0e
1e+
-
-
1e+
.
1.2.3
1ee2
1e-
+
1e
-
++1
1.2.3
-
+
1e-
1e-
.
000.e
++1
1e-
+
1.2.3
1.2.3
1e
1e-
0e
0e
e10
1ee2
e10
+
1.2.3
abc
e10
--2
abc
abc
++1
000.e
+
abc
1e-
abc
-
--2
+
1ee2
1e+
0e
0e
1e+
1e+
1e-
0e
e10
abc
1.2.3
.
-
.
1e-
1.2.3
abc
--2
1e
0e
0e
000.e
-
1e-
++1
1.2.3
1.2.3
abc
0e
1e
1ee2
0e
0e
-
++1
000.e
1e+
1ee2
1e+
abc
.
1.2.3
++1
0e
++1
++1
-
--2
1e+
+
abc
1e
--2
-
--2
1e-
000.e
1ee2
--2
0e
-
++1
1e-
e10
.
1.2.3
000.e
+
000.e
e10
++1
000.e
+
++1
1e-
1e
000.e
1e+
e10
-
-
1.2.3
-
1.2.3
.
1e
.
1.2.3
--2
1.2.3
000.e
abc
++1
000.e
.
1e-
.
000.e
e10
1e+
abc
1e-
0e
1.2.3
e10
1e
+
.
-
1e
abc
000.e
-
000.e
--2
++1
000.e
++1
1.2.3
1.2.3
1e+
e10
abc
1.2.3
0e
0e
1ee2
1e+
1e
-
++1
1e
e10
000.e
1e
.
.
--2
+
abc
1ee2
1e-
1e-
.
1e-
--2
+
1.2.3
1e
1e-
abc
--2
+
1e+
000.e
1e-
.
-
0e
1e
000.e
000.e
abc
0e
+
e10
000.e
1e
++1
000.e
1.2.3
1e
e10
1ee2
+
++1
1ee2
1e-
abc
e10
abc
1e-
1ee2
0e
++1
1e
1e-
--2
1ee2
abc
0e
1e+
-
+
abc
--2
1e-
1e
-
+
000.e
++1
--2
+
1.2.3
++1
000.e
0e
0e
0e
e10
1e
abc
0e
1.2.3
--2
+
abc
.
0e
1.2.3
1e+
.
.
-
.
1e
.
-
+
0e
1e+
+
e10
e10
1e+
e10
e10
--2
e10
--2
000.e
1e
0e
1e-
e10
--2
++1
1e
+
1ee2
++1
+
1e
e10
1e
000.e
1ee2
-
+
-
-
1ee2
000.e
-
++1
1.2.3
1e
--2
+
1e
1e-
-
000.e
e10
e10
1e-
1e
++1
1ee2
1ee2
1e+
e10
+
e10
abc
++1
1ee2
.
++1
1.2.3
abc
1e
e10
1e-
1ee2
000.e
1ee2
.
.
.
0e
000.e
1ee2
1.2.3
.
1.2.3
1.2.3
1e-
+
-
000.e
1ee2
e10
abc
1e-
1e
e10
0e
1e-
0e
1e-
0e
abc
1e-
abc
0e
.
--2
1.2.3
1.2.3
1.2.3
1e
--2
++1
.
1e+
-
-
000.e
1e+
abc
e10
000.e
--2
+
000.e
1e-
.
e10
abc
--2
1e-
000.e
abc
1e+
.
0e
1.2.3
1e
e10
0e
1e+
++1
1e-
0e
abc
++1
-
e10
.
000.e
--2
abc
abc
1e+
e10
e10
000.e
1e+
e10
1.2.3
+
.
1ee2
.
0e
000.e
e10
e10
1.2.3
+
1e+
1.2.3
+
1e
.
e10
0e
abc
+
0e
1e
+
1ee2
0e
1e+
1e
abc
++1
1.2.3
1ee2
000.e
1e+
e10
--2
++1
1ee2
.
000.e
.
++1
1e+
e10
e10
0e
-
1e+
1.2.3
1e
abc
++1
+
1ee2
++1
000.e
.
000.e
.
++1
1.2.3
1e
0e
abc
1ee2
-
1e
1e-
--2
0e
1.2.3
0e
1e+
+
1e-
.
++1
.
abc
1.2.3
0e
.
+
++1
1e
abc
--2
1e+
0e
.
++1
e10
0e
++1
0e
.
++1
1e-
0e
0e
1ee2
abc
1e
0e
-
1e-
--2
+
1e-
1e
++1
abc
1e
--2
000.e
1ee2
1e
+
1e
000.e
1e-
1e+
e10
.
0e
1.2.3
1e
-
abc
++1
1e
e10
1e-
1e+
0e
000.e
e10
1ee2
e10
+
++1
0e
1e
--2
++1
++1
++1
1e-
000.e
.
1e
-
-
abc
1e+
1.2.3
1.2.3
abc
1ee2
1.2.3
abc
1e-
1.2.3
+
1e-
+
1e-
abc
1e+
1e-
1ee2
000.e
--2
1ee2
-
abc
+
abc
-
+
0e
1e-
1.2.3
--2
1e-
e10
1e
++1
1ee2
+
abc
--2
++1
1ee2
0e
1e+
1ee2
--2
+
1e+
abc
-
000.e
1ee2
1.2.3
e10
++1
1ee2
0e
1ee2
--2
0e
000.e
e10
.
000.e
1e+
abc
1.2.3
1e-
1.2.3
1.2.3
++1
0e
abc
+
abc
000.e
1ee2
+
1e-
-
e10
1e
1e+
0e
1e+
e10
1ee2
++1
000.e
1ee2
0e
abc
1e-
++1
-
-
1.2.3
1e
++1
1.2.3
-
+
1ee2
.
-
1ee2
++1
1ee2
1.2.3
000.e
1.2.3
1e-
0e
000.e
abc
e10
1e
1e-
1ee2
++1
--2
--2
1e+
1ee2
000.e
1.2.3
e10
abc
000.e
-
1e-
++1
--2
1e+
1.2.3
1e-
000.e
1e
0e
0e
+
0e
1ee2
e10
1e-
1ee2
1e
1.2.3
e10
1ee2
1e+
0e
1.2.3
+
000.e
1ee2
+
abc
abc
abc
e10
e10
000.e
1e+
--2
abc
1ee2
e10
1e
0e
0e
0e
-
--2
.
1e+
abc
+
--2
e10
--2
1e-
0e
+
0e
1e
.
-
++1
000.e
++1
+
e10
1ee2
1e+
--2
--2
1.2.3
0e
1.2.3
-
--2
-
-
abc
0e
1e-
e10
000.e
.
.
1e+
abc
+
1e
abc
++1
1e
--2
000.e
e10
1.2.3
1e
++1
-
e10
1e
1e-
--2
.
e10
+
+
0e
1e-
1ee2
000.e
1e+
e10
++1
000.e
--2
abc
e10
1e
-
--2
-
1e-
++1
.
.
-
--2
0e
e10
--2
000.e
e10
1e-
abc
++1
.
1e+
++1
0e
++1
+
-
e10
1ee2
1e-
--2
1e-
.
.
--2
+
+
e10
0e
000.e
++1
++1
1e-
0e
1e-
1e-
++1
abc
0e
.
1e+
1e+
1e+
1.2.3
0e
0e
+
.
-
1e+
1e
0e
-
e10
+
-
1e-
000.e
--2
abc
1.2.3
--2
1ee2
-
--2
.
1ee2
abc
000.e
abc
000.e
1e-
e10
-
1e-
.
1.2.3
.
1e
000.e
1.2.3
1.2.3
000.e
abc
--2
abc
--2
1e-
1e
++1
0e
1e-
abc
1e+
abc
-
0e
0e
1e
+
000.e
++1
++1
+
1e+
-
-
--2
1ee2
1e+
e10
--2
000.e
1e-
.
abc
+
1.2.3
000.e
0e
+
0e
e10
-
1e+
1.2.3
++1
0e
1ee2
abc
--2
1e-
1e
++1
++1
e10
000.e
++1
0e
+
1ee2
-
--2
1e
--2
abc
1.2.3
-
1.2.3
--2
e10
++1
000.e
-
1e
1e
1e+
abc
1e+
+
abc
++1
1e
.
++1
e10
.
000.e
0e
1e-
-
1e+
e10
1e-
--2
1e-
0e
0e
--2
.
+
1e+
1.2.3
1.2.3
++1
1e
-
++1
--2
1e+
e10
1.2.3
-
++1
.
e10
.
1ee2
0e
++1
1.2.3
--2
0e
e10
1e+
000.e
+
+
1e+
1.2.3
1ee2
0e
1e+
1e
1.2.3
000.e
++1
+
1e-
.
1.2.3
0e
.
0e
--2
-
1ee2
000.e
abc
1e-
1e
1ee2
0e
+
abc
0e
0e
1e
1ee2
1e+
-
e10
1.2.3
000.e
--2
e10
0e
1.2.3
e10
1.2.3
+
e10
000.e
.
e10
+
1e-
1e-
1ee2
1e
--2
++1
++1
++1
1e+
1ee2
1.2.3
0e
abc
.
1e
++1
1e+
+
+
1ee2
000.e
abc
abc
--2
1e
+
--2
++1
abc
000.e
-
-
1e-
abc
1ee2
--2
abc
1.2.3
1.2.3
abc
++1
0e
.
--2
0e
1ee2
1e-
0e
1e+
-
--2
++1
e10
e10
e10
abc
0e
0e
abc
abc
abc
1.2.3
1.2.3
++1
1ee2
1.2.3
abc
abc
e10
-
0e
1.2.3
abc
0e
1.2.3
+
1e-
++1
1ee2
1e+
1e-
000.e
e10
-
abc
1e
1e+
0e
1e
.
e10
1e-
0e
e10
++1
1e+
--2
abc
-
1e-
1.2.3
1ee2
-
+
1ee2
++1
0e
1ee2
-
1e
-
0e
000.e
.
0e
.
--2
000.e
e10
1ee2
0e
-
.
000.e
abc
+
000.e
1e+
.
e10
1ee2
.
++1
1e
-
1.2.3
e10
1e
1ee2
.
000.e
-
++1
1e-
1e
--2
-
1e+
abc
abc
1e+
1e-
000.e
e10
1e-
1e+
abc
.
1.2.3
--2
+
1e+
-
-
+
+
1e+
1.2.3
++1
-
--2
0e
abc
++1
-
1e-
1.2.3
e10
1e+
1ee2
++1
.
1e
-
1.2.3
-
abc
1.2.3
.
+
1e-
1.2.3
.
abc
1e+
1.2.3
1.2.3
e10
+
1.2.3
1ee2
1.2.3
--2
1e+
-
++1
1e-
000.e
1e+
1ee2
e10
e10
-
+
1e-
.
--2
.
1e
000.e
1e+
e10
e10
1e-
1e
1.2.3
0e
000.e
e10
1e-
-
abc
+
-
1.2.3
1ee2
1e-
1e
1e
1e+
1e-
0e
1.2.3
e10
+
++1
-
abc
++1
.
1e+
1.2.3
1e+
1e-
abc
--2
-
abc
+
+
0e
abc
1.2.3
000.e
+
-
e10
.
1e+
++1
+
e10
1.2.3
-
abc
1e+
.
1.2.3
++1
--2
1ee2
0e
++1
++1
1.2.3
abc
--2
0e
e10
.
1e
--2
0e
++1
++1
1e
0e
.
1e+
++1
1.2.3
1ee2
e10
1ee2
++1
1ee2
0e
++1
.
e10
1ee2
--2
-
1ee2
++1
--2
1.2.3
000.e
000.e
--2
1.2.3
-
1ee2
0e
1e-
e10
1e-
1e-
-
--2
++1
+
++1
1e+
.
-
1e
1.2.3
.
0e
abc
--2
1e+
000.e
abc
++1
000.e
1e-
000.e
1e+
1e+
1e+
.
0e
++1
1e+
000.e
1e+
++1
1.2.3
000.e
1.2.3
0e
1e+
1ee2
e10
abc
1ee2
1e-
.
++1
++1
e10
abc
abc
-
1e
000.e
0e
e10
--2
1e-
+
1e+
--2
e10
--2
++1
.
1e
1.2.3
1e+
--2
1e-
1e
++1
++1
.
1e
1.2.3
1e
--2
--2
-
1e
1ee2
+
1.2.3
1e
e10
1.2.3
+
1e
1ee2
0e
1.2.3
1e
1.2.3
e10
.
abc
abc
000.e
1ee2
1ee2
-
0e
1.2.3
e10
1.2.3
-
1e+
abc
+
abc
1ee2
0e
1e
1ee2
000.e
--2
0e
1ee2
-
+
--2
0e
--2
1e-
+
++1
1.2.3
--2
-
e10
1e-
e10
1.2.3
1.2.3
1e
abc
-
1e-
abc
1e-
.
++1
0e
.
e10
++1
+
1.2.3
1.2.3
e10
1e-
1ee2
+
1e+
1e+
+
0e
1e-
1.2.3
1ee2
1e-
.
1e+
0e
1e+
1e-
e10
e10
-
e10
--2
.
1e-
++1
.
0e
1e
1.2.3
1.2.3
1e+
-
e10
1.2.3
1e+
--2
++1
abc
-
.
abc
000.e
-
1.2.3
1e+
1e-
1ee2
--2
1e+
000.e
abc
1ee2
--2
abc
abc
++1
.
+
--2
+
0e
-
1ee2
1e+
1e-
1ee2
0e
1e+
abc
1e
++1
++1
abc
1ee2
abc
0e
1e+
000.e
1e-
1ee2
1ee2
000.e
1e
abc
1ee2
000.e
++1
0e
1e+
1e+
1ee2
000.e
1e-
1e-
1e
0e
+
abc
abc
1ee2
1e-
--2
-
abc
--2
1e-
.
1e-
000.e
1e
+
1e+
e10
++1
--2
1.2.3
.
1ee2
e10
1e+
1e+
-
1e-
-
1e
1e
0e
--2
1.2.3
000.e
1e
-
+
0e
1ee2
abc
.
1e-
1e+
+
0e
e10
+
++1
+
000.e
.
++1
--2
+
-
+
1e
--2
0e
0e
1e+
1ee2
1e
1.2.3
-
1ee2
1ee2
abc
e10
.
000.e
000.e
++1
-
-
e10
e10
e10
1e
000.e
e10
+
.
-
1ee2
+
e10
--2
1e+
e10
1ee2
1e+
.
+
1e+
1e+
abc
0e
1e
000.e
1e+
0e
000.e
1e
1ee2
++1
abc
1.2.3
--2
1.2.3
e10
e10
++1
000.e
1.2.3
000.e
--2
1e-
--2
1ee2
1.2.3
000.e
.
1.2.3
1.2.3
abc
1.2.3
000.e
1ee2
abc
1e+
1e-
1ee2
1.2.3
1e+
-
+
.
000.e
-
+
.
1e
.
1e-
-
+
1e
1e+
1e
-
0e
1ee2
++1
.
1e+
-
--2
.
.
000.e
e10
1ee2
000.e
++1
.
000.e
000.e
-
+
1.2.3
+
+
1e
e10
1.2.3
1e
abc
e10
+
1ee2
0e
0e
.
abc
0e
1.2.3
0e
000.e
1.2.3
-
1ee2
000.e
1e-
1e-
000.e
1e+
0e
-
000.e
000.e
-
000.e
++1
000.e
1e
000.e
1e+
1e-
abc
abc
1e
1e+
0e
1.2.3
1ee2
1.2.3
abc
1e
1e
+
000.e
000.e
-
0e
+
-
--2
1e+
0e
1e
+
1e+
1e-
-
0e
1.2.3
1e+
1e+
1.2.3
1.2.3
+
++1
-
1e
--2
--2
.
--2
1.2.3
000.e
0e
+
0e
.
1e+
0e
++1
--2
e10
-
++1
abc
--2
1e
-
+
0e
000.e
.
1e
1e+
.
++1
000.e
abc
1ee2
1e
1e+
000.e
1ee2
+
-
.
-
1e-
1e
1e-
1e+
1e-
+
1ee2
--2
-
abc
1ee2
1.2.3
0e
000.e
+
e10
+
1ee2
1e+
e10
-
+
1e-
++1
0e
0e
+
e10
1.2.3
++1
abc
1e+
0e
abc
000.e
1e-
1e
1.2.3
--2
000.e
1e-
1ee2
1e+
1ee2
000.e
e10
0e
000.e
1e-
1e-
abc
.
1e+
+
abc
++1
++1
e10
1.2.3
1e
1e
1e
1e
0e
--2
e10
.
1e+
1e
--2
abc
abc
--2
--2
1e+
--2
e10
1ee2
--2
e10
++1
e10
1.2.3
abc
1.2.3
e10
000.e
++1
--2
0e
e10
++1
1e
.
.
0e
1e
-
1e-
1e+
1e+
--2
1ee2
e10
abc
1ee2
++1
000.e
.
-
+
000.e
e10
000.e
-
-
0e
--2
1e-
.
1e
++1
1e-
++1
1e+
+
1ee2
.
1ee2
1ee2
0e
0e
--2
abc
++1
1.2.3
.
000.e
1ee2
0e
1ee2
1e-
1.2.3
-
1e-
++1
abc
+
1e
e10
1ee2
000.e
++1
000.e
++1
1e
.
1e+
e10
abc
+
1.2.3
--2
1e
e10
1.2.3
1e
1e+
-
1ee2
abc
abc
-
1ee2
.
++1
.
.
1.2.3
e10
0e
+
-
e10
1.2.3
e10
1e
abc
--2
-
e10
e10
+
000.e
1e
-
0e
-
-
1.2.3
1ee2
++1
--2
0e
e10
e10
++1
-
+
1ee2
abc
--2
1e
++1
-
1.2.3
--2
++1
.
1.2.3
-
1e+
1.2.3
++1
1e
1.2.3
e10
.
+
+
1e+
1ee2
+
1.2.3
-
--2
1ee2
++1
abc
1e
1.2.3
+
0e
1ee2
0e
1e+
1ee2
1e
+
1.2.3
abc
.
1e
1e+
1e-
.
1ee2
1e
1e
.
0e
--2
1e+
000.e
++1
--2
000.e
1e+
--2
abc
0e
++1
0e
1ee2
1e-
1.2.3
1e+
-
000.e
abc
1e-
0e
1e
++1
+
1e+
1e+
-
1e-
1ee2
-
++1
+
1e
0e
--2
1.2.3
000.e
1e+
e10
-
0e
1e+
1e-
-
1.2.3
e10
1e+
e10
abc
1e-
abc
1ee2
0e
++1
1ee2
1e+
-
1e
1e-
1e
1e-
.
abc
.
1e
+
1.2.3
.
abc
1.2.3
++1
1e
1e-
++1
1e
+
0e
1.2.3
0e
1.2.3
++1
0e
1e+
0e
++1
+
-
1ee2
+
-
.
000.e
0e
1e-
1ee2
+
--2
0e
0e
e10
++1
-
1e-
abc
0e
.
++1
1ee2
abc
--2
0e
1.2.3
-
1e+
1e-
0e
1e+
000.e
000.e
++1
1ee2
1ee2
+
--2
--2
1e
-
--2
1e
++1
+
abc
e10
0e
+
++1
e10
-
e10
1e-
+
1.2.3
++1
.
--2
-
0e
1.2.3
1e-
e10
1e-
1ee2
+
1e
+
000.e
1ee2
0e
1e-
+
-
+
0e
1ee2
e10
1e
1.2.3
++1
000.e
+
1e+
1ee2
++1
1.2.3
1ee2
1e
1e-
0e
1e-
++1
--2
1ee2
e10
1e
000.e
1e-
.
.
1e
1e+
.
abc
.
1ee2
1e-
+
0e
1e-
1e-
e10
1e+
0e
++1
--2
++1
-
.
1e+
abc
-
1e+
++1
-
1e-
000.e
.
abc
++1
1ee2
.
abc
++1
1.2.3
+
abc
-
++1
1e
1e
+
+
e10
+
++1
1e+
1e+
+
-
0e
1ee2
1e+
1.2.3
000.e
1.2.3
--2
0e
0e
.
e10
--2
1e-
000.e
+
1ee2
1e+
1ee2
1e+
++1
0e
000.e
1e+
1.2.3
1e+
1.2.3
e10
000.e
1.2.3
abc
++1
+
1e+
+
--2
1e
1e-
-
--2
++1
++1
+
0e
1.2.3
-
--2
e10
0e
--2
1e+
abc
.
1ee2
e10
1e
1e+
1ee2
0e
e10
1e
1e+
.
+
1e
1e
-
e10
abc
++1
000.e
1e+
1e+
1e-
1e-
1ee2
+
--2
1e-
.
.
abc
++1
000.e
++1
000.e
1e-
.
++1
-
--2
0e
abc
abc
abc
1e+
1e-
1ee2
000.e
+
1ee2
1.2.3
1e
1e+
000.e
1e-
abc
+
000.e
e10
-
1e-
1e+
1e+
1e+
e10
+
abc
1ee2
abc
.
1e+
1.2.3
1e-
+
++1
0e
000.e
1ee2
1ee2
+
+
1e+
0e
-
++1
e10
1e+
-
abc
--2
1e
--2
000.e
1e-
1e+
-
1e
0e
1e
1e
+
1ee2
1.2.3
abc
abc
++1
abc
++1
1e+
1ee2
1.2.3
--2
abc
1e
1e-
0e
-
+
+
.
e10
1e
000.e
000.e
000.e
.
.
1e+
--2
1e-
abc
1e
1e-
1e
1e-
++1
.
++1
--2
1e+
abc
.
++1
1ee2
--2
.
-
++1
++1
+
+
++1
000.e
000.e
1e-
000.e
.
1e-
.
++1
-
e10
-
e10
e10
0e
1ee2
.
+
.
1e-
--2
++1
1e+
++1
1.2.3
1ee2
abc
1e+
.
1.2.3
abc
e10
1e-
abc
1e+
abc
1ee2
1.2.3
1ee2
++1
1ee2
1e+
1e
++1
1e+
1ee2
--2
e10
1e-
abc
e10
++1
000.e
++1
-
.
1ee2
++1
-
1e+
1.2.3
.
000.e
1ee2
1e-
--2
1.2.3
abc
1e+
.
.
--2
.
1ee2
1e
--2
++1
1ee2
--2
1e+
000.e
1e-
.
0e
.
e10
1e+
+
1e+
1ee2
+
1e
0e
000.e
.
0e
1e+
++1
-
++1
++1
--2
--2
1ee2
0e
1.2.3
+
+
1e+
.
1ee2
0e
++1
e10
.
.
++1
+
abc
-
--2
1.2.3
-
1e+
1.2.3
1e
-
000.e
.
1e
-
abc
1e
abc
.
1.2.3
1e
1e+
e10
.
abc
000.e
1e+
000.e
1ee2
1.2.3
000.e
--2
--2
--2
.
1e-
--2
000.e
-
-
+
+
1e-
1e-
1e+
1e+
1.2.3
--2
-
--2
1.2.3
-
e10
1e+
0e
1e-
--2
1e+
1e-
1.2.3
1e+
1e
.
0e
e10
--2
+
-
--2
--2
++1
1.2.3
--2
++1
abc
++1
abc
0e
000.e
1.2.3
1e
-
1e
-
abc
1e
1e+
1e-
1e-
.
1.2.3
1.2.3
abc
1e+
0e
-
abc
1e
1e
.
000.e
+
.
abc
abc
1ee2
++1
1e-
1e+
1e-
000.e
0e
++1
1.2.3
1.2.3
1.2.3
1.2.3
+
1.2.3
--2
1e+
1e+
abc
000.e
.
abc
0e
--2
--2
000.e
1.2.3
1.2.3
1e-
--2
-
000.e
e10
abc
--2
-
0e
000.e
1e
++1
0e
0e
.
abc
.
e10
abc
.
1.2.3
abc
1.2.3
1e+
.
1e-
e10
--2
1e
1e
1.2.3
1ee2
1.2.3
e10
0e
0e
--2
--2
++1
.
1e-
++1
abc
-
-
++1
1e-
+
1e
abc
1e+
abc
1e-
e10
+
1.2.3
1e-
--2
000.e
++1
1e-
0e
1e
+
--2
000.e
+
+
1ee2
1ee2
++1
++1
--2
abc
000.e
1e
e10
e10
++1
1e
abc
1e
-
1e-
++1
.
1.2.3
--2
+
.
.
.
.
++1
.
e10
-
1e+
000.e
0e
abc
--2
++1
000.e
1e+
000.e
.
1ee2
+
-
1.2.3
1e-
+
e10
0e
-
1ee2
1e-
1e
0e
++1
1ee2
e10
1e+
abc
1ee2
1ee2
1ee2
1.2.3
abc
e10
.
000.e
0e
1e
++1
--2
1ee2
abc
1e
1e-
1ee2
.
e10
1e+
1.2.3
1ee2
++1
1.2.3
1e
1.2.3
1e-
abc
1.2.3
1e-
1e
1ee2
1e-
.
000.e
+
000.e
1.2.3
+
1e
000.e
+
1e-
1e-
1e+
1e
0e
--2
++1
-
++1
1e+
+
e10
0e
0e
abc
1ee2
+
-
1e
e10
e10
e10
.
abc
+
-
1e
1e-
1ee2
++1
000.e
1e+
0e
.
1.2.3
1e+
1.2.3
.
abc
1ee2
+
-
0e
0e
1e
1e-
0e
000.e
000.e
e10
000.e
+
1.2.3
abc
.
1.2.3
abc
1.2.3
+
-
1ee2
abc
-
1e-
1e-
abc
e10
++1
000.e
1ee2
1ee2
1ee2
++1
e10
.
--2
1e-
e10
1e+
1e-
0e
0e
abc
+
.
1e
1e+
1e
-
--2
--2
-
abc
-
1.2.3
.
1e
000.e
+
000.e
.
+
.
e10
--2
e10
--2
-
+
e10
--2
1e
.
000.e
1.2.3
1e+
1.2.3
++1
+
+
1ee2
-
+
.
++1
1e
000.e
.
abc
000.e
abc
-
0e
1e
1ee2
-
++1
1.2.3
++1
1ee2
1.2.3
1e-
1ee2
1e+
1e
++1
1e
1e-
1e+
1e-
1.2.3
1.2.3
.
1e+
--2
--2
++1
1ee2
++1
-
--2
--2
0e
--2
.
abc
1e
1e
e10
1e-
e10
1ee2
1e+
++1
++1
1e-
1e-
+
000.e
--2
000.e
1e-
+
++1
1e
abc
000.e
1e-
0e
.
+
1.2.3
1e
1e
++1
--2
1ee2
--2
1e-
++1
++1
.
1ee2
1e-
1ee2
abc
1e-
e10
1e-
+
e10
1e
1e
000.e
++1
1.2.3
.
+
1ee2
0e
-
--2
1e+
e10
e10
-
--2
1e+
-
1e+
1.2.3
abc
+
0e
e10
-
1e-
--2
1e-
--2
1e
abc
--2
1e-
1.2.3
abc
+
+
1ee2
1ee2
1e
e10
e10
1e+
000.e
1.2.3
e10
--2
++1
1e+
.
1.2.3
e10
0e
1e+
+
1ee2
000.e
1.2.3
--2
+
-
1e-
abc
-
0e
-
.
e10
--2
+
1.2.3
.
.
1.2.3
abc
1e+
+
1e+
e10
1e-
1e-
++1
abc
1ee2
++1
1e+
-
000.e
++1
1.2.3
1ee2
abc
1ee2
abc
e10
+
0e
1e+
++1
1.2.3
-
1.2.3
.
e10
-
1e
1e+
000.e
+
000.e
1ee2
1e-
--2
.
0e
.
1ee2
1ee2
++1
1.2.3
abc
+
.
++1
1e-
abc
000.e
e10
+
1e
000.e
000.e
1e-
1e-
000.e
1.2.3
.
++1
+
1ee2
-
0e
-
--2
000.e
-
-
0e
0e
1e+
.
1ee2
e10
1.2.3
000.e
1e
e10
0e
-
1e+
1.2.3
e10
--2
++1
000.e
+
-
1ee2
.
000.e
abc
1.2.3
++1
1e
000.e
1e
1ee2
1e-
1e+
1e-
abc
1e-
.
1e-
e10
--2
--2
1ee2
000.e
++1
000.e
+
++1
1e+
e10
1.2.3
1.2.3
++1
1e
000.e
++1
000.e
+
1e
1ee2
1ee2
+
abc
1e+
000.e
++1
1ee2
1e
+
e10
-
1ee2
1e+
1e-
1ee2
1e-
1e
1e+
1e
1ee2
+
1ee2
1e
--2
1ee2
1ee2
+
abc
-
abc
0e
++1
1.2.3
1e-
1e+
-
.
000.e
1ee2
0e
000.e
abc
abc
abc
0e
--2
++1
.
-
.
0e
abc
-
-
e10
000.e
-
1.2.3
1e-
0e
000.e
-
+
1e+
1e+
++1
e10
--2
++1
1ee2
0e
++1
1.2.3
--2
--2
abc
1e-
+
++1
e10
--2
abc
-
-
--2
1ee2
1.2.3
e10
0e
0e
000.e
0e
1e-
-
.
000.e
0e
--2
--2
.
000.e
1e-
1e
-
++1
0e
000.e
+
e10
++1
++1
0e
-
0e
0e
e10
+
1ee2
++1
1e-
++1
1e
1.2.3
-
e10
--2
e10
+
1e-
++1
abc
1.2.3
.
-
-
1.2.3
abc
1ee2
1e+
1e-
000.e
-
1e-
1.2.3
0e
abc
1e+
e10
0e
+
1e+
1ee2
000.e
1.2.3
1e-
abc
0e
000.e
e10
.
e10
++1
1e-
--2
+
-
+
.
.
0e
1e-
000.e
.
-
1e-
0e
1ee2
1e-
1e-
+
1e
-
1e
+
1ee2
1e
--2
e10
++1
.
++1
1e+
e10
1ee2
1ee2
1e
1ee2
1.2.3
abc
e10
0e
1e+
.
000.e
1e-
0e
++1
000.e
+
1e-
-
--2
1ee2
e10
e10
1e
1e+
1e+
1e+
+
1ee2
1e
000.e
000.e
1ee2
1e
++1
1.2.3
--2
1.2.3
000.e
1e+
1ee2
--2
.
1e-
.
0e
+
-
1e+
--2
1e-
+
--2
+
--2
1e
.
+
1.2.3
abc
e10
1e
e10
.
1e-
1e+
e10
--2
-
1e-
0e
-
+
1e+
--2
--2
000.e
1e
--2
+
1e-
-
.
abc
1e
1ee2
abc
-
++1
-
e10
1.2.3
e10
1e+
1e-
++1
.
++1
e10
000.e
000.e
++1
-
1e+
+
1.2.3
abc
abc
.
.
++1
abc
+
1e-
1ee2
1ee2
.
1e
-
1.2.3
0e
1.2.3
abc
--2
++1
1ee2
-
1e-
-
-
000.e
1e-
0e
1.2.3
abc
0e
++1
++1
1ee2
000.e
--2
.
e10
abc
1e
1ee2
1e+
1e
1.2.3
1e-
1.2.3
-
--2
000.e
e10
1e-
++1
+
1.2.3
-
1e
0e
1e-
1.2.3
.
abc
1e-
.
1ee2
1e-
1e-
--2
1e
.
e10
1e-
.
e10
.
++1
+
+
++1
.
.
++1
1ee2
1ee2
+
1e
+
abc
abc
1ee2
abc
++1
++1
-
1.2.3
++1
abc
0e
1ee2
e10
1e-
.
000.e
1ee2
--2
e10
1ee2
.
0e
1e+
0e
000.e
++1
1ee2
1ee2
+
1e-
e10
1e-
000.e
e10
1.2.3
1e
+
1.2.3
1e+
0e
-
0e
++1
1.2.3
1e-
+
--2
.
abc
0e
++1
+
e10
1ee2
0e
abc
0e
abc
abc
+
0e
1e+
e10
+
++1
++1
000.e
--2
++1
000.e
1e-
e10
abc
1e
1ee2
.
1e+
1e
1e
1ee2
+
0e
-
1e+
1.2.3
++1
000.e
abc
--2
1.2.3
++1
1.2.3
--2
+
abc
1ee2
abc
--2
.
0e
000.e
1ee2
1e-
+
--2
1ee2
1e+
++1
--2
.
e10
1.2.3
e10
++1
.
e10
abc
000.e
++1
-
1e-
1e-
1e-
1e
000.e
1e+
1e+
0e
+
.
-
abc
1.2.3
abc
0e
000.e
+
++1
-
1e
0e
1e+
1e+
-
--2
+
++1
++1
0e
1e-
1e-
-
.
e10
0e
-
+
0e
e10
+
1e-
0e
--2
000.e
000.e
1e
1ee2
-
-
.
000.e
--2
-
1.2.3
1e
+
abc
1e
-
0e
1e-
abc
1.2.3
-
-
++1
e10
.
++1
e10
1e-
1.2.3
e10
0e
+
1.2.3
++1
1.2.3
++1
1e-
abc
++1
1e
--2
1e+
1e-
++1
--2
1e
1e
.
+
000.e
000.e
--2
0e
abc
-
1ee2
.
+
abc
+
e10
1ee2
1.2.3
e10
++1
abc
e10
-
1.2.3
+
000.e
++1
e10
1e+
1e-
e10
.
0e
1e+
1e-
--2
e10
--2
abc
++1
1.2.3
0e
0e
1e
1ee2
++1
1.2.3
e10
0e
e10
abc
1e-
000.e
abc
0e
+
abc
e10
--2
abc
--2
++1
--2
++1
1e+
1e+
1e-
e10
.
1.2.3
abc
+
abc
1e-
1e+
000.e
1ee2
++1
-
000.e
-
0e
--2
1e-
1.2.3
abc
1ee2
--2
-
.
-
-
1e
1e+
e10
1e
--2
1e
000.e
000.e
1e
.
--2
1ee2
1.2.3
e10
1e-
abc
++1
.
.
-
1e-
e10
0e
--2
abc
e10
1ee2
1e-
000.e
1e+
e10
0e
e10
1e-
+
-
1.2.3
1e+
1e+
++1
+
000.e
1e+
1.2.3
1e-
1e+
+
+
-
1e-
1e-
1e
+
e10
0e
1e+
.
1e+
1e
1e-
abc
.
1e
000.e
++1
1ee2
abc
1e+
1e-
.
.
000.e
1.2.3
000.e
1.2.3
e10
1e+
e10
++1
+
1.2.3
1ee2
+
0e
0e
1e+
1e+
++1
++1
1e-
.
abc
+
e10
-
1e-
+
.
--2
000.e
-
1e+
1.2.3
000.e
abc
--2
1e+
1.2.3
++1
+
1ee2
1e-
1.2.3
-
+
.
--2
0e
000.e
1e
e10
--2
abc
e10
.
e10
1ee2
1e
e10
1e+
000.e
+
++1
+
1.2.3
abc
1e+
1e+
.
--2
abc
1e-
0e
+
000.e
1ee2
e10
1e
-
000.e
1ee2
1e-
+
.
--2
-
+
+
-
abc
-
abc
000.e
e10
1.2.3
1e
1e+
-
1e+
0e
+
1e-
1e-
000.e
1.2.3
.
0e
0e
-
0e
+
++1
abc
1.2.3
000.e
1e-
e10
+
1e
-
1e
0e
1ee2
.
++1
000.e
-
1e+
1e+
++1
1e+
1e-
1e
.
.
+
1ee2
000.e
0e
abc
--2
abc
++1
1e-
1e
1.2.3
++1
--2
1e-
0e
++1
.
1e-
1ee2
.
1ee2
000.e
abc
+
1.2.3
++1
1e
--2
1ee2
000.e
abc
++1
0e
--2
1e+
000.e
++1
1e+
e10
1e+
0e
.
1e
000.e
+
--2
1ee2
0e
1.2.3
1e+
1e+
++1
1e-
0e
-
000.e
1ee2
1e+
000.e
.
--2
1.2.3
1ee2
.
+
1e
1ee2
1ee2
1ee2
e10
1e+
+
0e
1e-
++1
1e+
e10
+
++1
-
1e+
000.e
1e
-
++1
.
0e
1ee2
0e
1ee2
1.2.3
1ee2
++1
000.e
-
-
1e+
-
--2
.
.
-
1ee2
--2
--2
-
abc
+
1ee2
e10
1e-
1.2.3
--2
-
.
++1
.
++1
1e+
1.2.3
++1
++1
000.e
000.e
0e
1.2.3
e10
+
-
000.e
1ee2
-
0e
e10
000.e
1ee2
1ee2
--2
+
1ee2
--2
1e+
1.2.3
-
+
000.e
1e-
1e
1e+
--2
0e
1ee2
1e-
0e
--2
.
1e-
1e
1ee2
0e
--2
+
+
1e
0e
1e-
e10
-
1e-
1e-
1e
1ee2
000.e
++1
abc
1e-
+
000.e
1.2.3
--2
--2
0e
-
++1
++1
+
+
-
1e+
000.e
-
++1
++1
+
0e
++1
000.e
1ee2
1e
++1
+
-
e10
-
000.e
++1
++1
1ee2
-
1e-
.
+
--2
+
e10
e10
abc
abc
+
1.2.3
1ee2
++1
0e
1e
0e
1e+
abc
+
1e
1e+
000.e
+
1.2.3
.
1e
1e+
1.2.3
-
1.2.3
1e-
1ee2
abc
abc
+
000.e
++1
1e+
1e
.
++1
1e
e10
1ee2
000.e
1e+
1e
0e
1e
abc
++1
abc
abc
1e+
1e
1e
.
1e-
-
0e
-
e10
-
e10
1e
.
+
0e
++1
++1
1e+
++1
abc
0e
++1
e10
-
+
-
1ee2
--2
1e
-
1.2.3
-
+
000.e
--2
0e
1e-
+
1.2.3
1e+
1e
0e
0e
++1
1ee2
1e
+
1.2.3
abc
++1
1ee2
.
.
e10
1ee2
1ee2
.
.
1ee2
1ee2
--2
1e-
.
++1
++1
0e
1e+
.
++1
-
--2
000.e
1.2.3
abc
abc
-
+
1ee2
0e
1e+
000.e
1e+
.
.
1.2.3
1ee2
000.e
-
.
++1
++1
000.e
--2
1e-
--2
--2
+
000.e
1e+
0e
1e+
1.2.3
-
1e-
0e
1.2.3
--2
1e+
1e
abc
+
e10
000.e
+
1e
abc
0e
0e
+
.
+
1e
-
0e
1.2.3
1e
.
1ee2
1e-
1e
+
1ee2
1ee2
abc
-
0e
1.2.3
000.e
-
-
++1
--2
++1
++1
e10
e10
-
abc
-
abc
++1
-
1e
1e
++1
abc
++1
1e+
1.2.3
e10
0e
1e
abc
abc
1e+
0e
++1
1ee2
0e
1e-
+
e10
1ee2
1ee2
++1
++1
e10
++1
++1
0e
1.2.3
--2
1ee2
1ee2
1e+
1e-
.
+
++1
--2
1e-
.
abc
+
-
1e+
.
+
1e-
.
.
e10
-
.
-
1e+
1e-
0e
+
+
++1
1e
1e
+
-
.
0e
e10
1ee2
e10
+
1e-
-
000.e
e10
abc
1.2.3
1ee2
-
1e+
e10
0e
1e+
abc
e10
++1
000.e
1e
1ee2
1ee2
abc
000.e
1ee2
-
-
abc
+
.
0e
000.e
.
1e+
0e
1e
0e
.
1e
0e
++1
0e
1.2.3
+
1e+
1e+
1e
+
+
+
--2
++1
0e
1e+
.
000.e
000.e
--2
-
1e-
1ee2
1ee2
.
000.e
++1
1e
000.e
1e-
000.e
000.e
1e-
e10
-
++1
1ee2
.
1e
e10
.
1e+
--2
0e
0e
0e
000.e
++1
1e-
abc
0e
++1
-
1e
1e+
1.2.3
+
1e-
0e
+
.
.
--2
000.e
-
0e
++1
.
0e
1e-
0e
000.e
1ee2
1ee2
e10
abc
1ee2
1e-
1e+
1.2.3
+
1e-
000.e
1ee2
-
1e
-
000.e
1e-
1.2.3
1ee2
.
.
.
abc
e10
0e
++1
.
++1
1e
abc
e10
--2
--2
++1
1e-
0e
e10
abc
0e
+
1.2.3
000.e
0e
+
0e
1e-
1e-
1e
e10
1.2.3
000.e
.
1e
--2
1e
1e
-
-
++1
abc
1e
000.e
000.e
0e
1e-
++1
1e
1ee2
1.2.3
1e+
000.e
e10
--2
0e
000.e
--2
++1
1e
000.e
1.2.3
1e+
1e-
abc
0e
1e
1e+
.
1.2.3
e10
1e-
1e+
0e
-
1e
1.2.3
-
1e+
abc
0e
1e+
--2
1e
0e
+
-
e10
.
abc
++1
1ee2
000.e
e10
1.2.3
1ee2
000.e
.
+
000.e
++1
1.2.3
+
-
++1
1ee2
0e
-
++1
1e+
1ee2
1.2.3
-
1e-
--2
--2
1e
1ee2
.
--2
1ee2
++1
abc
.
-
+
abc
++1
--2
0e
1.2.3
++1
++1
abc
+
.
+
1e
--2
1e
+
-
1e
--2
e10
1.2.3
abc
e10
.
1ee2
-
1e
-
000.e
1e
1ee2
-
1.2.3
1ee2
1ee2
000.e
000.e
000.e
++1
1e+
--2
1e
-
1e+
1.2.3
.
000.e
e10
1ee2
1e-
0e
0e
000.e
++1
1e-
-
1ee2
1.2.3
++1
++1
1ee2
e10
abc
--2
-
1e
.
--2
--2
1e+
e10
1e
e10
1ee2
1e
1e+
0e
.
1e-
1e
abc
1ee2
1e-
-
000.e
1ee2
e10
++1
1ee2
.
+
1e+
abc
-
0e
--2
1e
1ee2
+
1.2.3
++1
-
1ee2
--2
1e-
.
1e-
+
1e
-
1e+
++1
000.e
000.e
1e-
+
--2
1e-
--2
1e-
abc
+
000.e
.
1ee2
1e-
--2
1e
e10
.
++1
abc
000.e
.
1e+
1.2.3
e10
e10
000.e
1e+
000.e
1ee2
1ee2
1e+
0e
-
abc
-
+
abc
-
000.e
1ee2
++1
.
000.e
++1
1e+
1ee2
1e-
.
.
1.2.3
-
-
-
.
1e-
abc
--2
000.e
--2
-
1.2.3
--2
1e+
--2
1e
0e
.
--2
--2
+
++1
.
000.e
++1
1.2.3
-
--2
.
1e+
1e-
+
+
.
+
1e+
0e
--2
0e
-
-
0e
.
abc
1e-
-
1.2.3
1e-
-
1e
1e-
1e
1e-
1e+
-
.
+
1ee2
--2
+
0e
1.2.3
000.e
1.2.3
--2
e10
1ee2
+
0e
0e
1.2.3
000.e
--2
e10
-
abc
+
1e+
0e
1e-
000.e
e10
++1
e10
-
e10
1.2.3
000.e
+
1e-
+
-
1ee2
1e-
++1
1ee2
e10
-
++1
1e
1e
e10
1e+
e10
1e+
++1
abc
1.2.3
000.e
1e-
000.e
++1
++1
1.2.3
-
000.e
0e
abc
1e+
abc
1e-
--2
1e+
abc
--2
e10
+
-
-
1e+
0e
000.e
.
0e
1.2.3
--2
1ee2
000.e
--2
1e+
--2
.
1e+
++1
--2
abc
000.e
e10
++1
.
1e+
1.2.3
-
+
-
-
1e
1.2.3
.
--2
1.2.3
1e-
.
1ee2
abc
.
1.2.3
1.2.3
0e
000.e
+
++1
--2
0e
-
1e-
1e+
1.2.3
--2
1e+
abc
+
1ee2
-
1.2.3
++1
e10
++1
abc
1ee2
++1
1.2.3
--2
000.e
.
abc
000.e
1e-
--2
1e
1.2.3
-
-
1e-
+
abc
.
+
1e+
-
000.e
++1
0e
1.2.3
1ee2
000.e
-
1.2.3
abc
000.e
000.e
-
abc
1ee2
0e
000.e
+
+
--2
1.2.3
e10
abc
++1
abc
abc
++1
++1
+
abc
1ee2
++1
1e+
1ee2
000.e
1.2.3
1e+
++1
.
abc
abc
++1
--2
000.e
1e+
1e
000.e
.
abc
1e
-
1.2.3
1.2.3
++1
1e
1e+
1e-
abc
+
e10
.
abc
1e+
1e-
-
1.2.3
1e+
abc
1e+
0e
1e-
1.2.3
1e
1e+
e10
1e-
+
0e
.
.
--2
1ee2
.
--2
abc
abc
-
1.2.3
1ee2
1ee2
+
.
abc
e10
1e+
1.2.3
1e
1e
e10
1e-
1e-
1.2.3
0e
0e
-
1e-
abc
e10
--2
0e
e10
abc
0e
++1
+
+
1e
000.e
--2
+
1ee2
.
abc
--2
++1
-
1e
1e
++1
.
0e
abc
abc
1.2.3
e10
1.2.3
++1
e10
1e-
.
1e-
1e+
1e-
1e
-
abc
1e+
--2
1e-
000.e
++1
000.e
000.e
e10
+
0e
+
1e+
++1
-
000.e
-
1e
1ee2
-
+
1.2.3
0e
--2
0e
++1
0e
--2
1ee2
1ee2
abc
--2
e10
--2
+
1e+
++1
1e+
0e
+
--2
1.2.3
1ee2
1e
e10
1ee2
0e
e10
1.2.3
abc
+
e10
1e-
1.2.3
0e
abc
1e
000.e
--2
.
1e
e10
.
000.e
1e
-
.
+
e10
1.2.3
-
1ee2
1.2.3
e10
1e
++1
.
1e-
.
1e-
1e
++1
1e+
1e-
abc
--2
-
e10
0e
1e-
1.2.3
.
1e-
1e-
0e
.
1e-
++1
abc
-
1e
.
0e
1e+
+
++1
abc
e10
+
e10
1e-
1.2.3
1.2.3
-
abc
.
1e+
1e
-
.
e10
1ee2
+
.
1e-
-
-
1.2.3
1e
1e-
++1
1e+
-
1e-
abc
1e+
1ee2
1ee2
0e
1e-
000.e
1e-
1e+
000.e
1e-
abc
+
++1
1e
1ee2
abc
abc
1.2.3
1e+
--2
0e
1ee2
000.e
--2
.
+
e10
000.e
e10
0e
-
-
-
0e
--2
++1
000.e
.
++1
1e
1e+
e10
1.2.3
e10
abc
0e
1e
+
000.e
e10
0e
++1
e10
abc
e10
--2
1e
e10
-
e10
1.2.3
+
000.e
++1
e10
0e
-
abc
1.2.3
e10
--2
1e-
000.e
e10
--2
1ee2
1.2.3
++1
1ee2
1.2.3
1ee2
+
.
++1
1e
1.2.3
1e+
1e-
abc
-
++1
abc
++1
-
abc
++1
000.e
.
+
+
+
0e
-
1e
++1
.
1ee2
1.2.3
+
000.e
0e
1.2.3
1ee2
--2
1e
000.e
e10
++1
1e
abc
++1
000.e
1ee2
-
++1
1.2.3
++1
--2
1e+
1e-
++1
000.e
--2
1e+
1e+
e10
--2
e10
000.e
abc
abc
1ee2
++1
abc
abc
.
0e
++1
1e
.
++1
-
1.2.3
e10
--2
--2
e10
1ee2
000.e
1e
1e+
++1
000.e
+
1e
1.2.3
e10
1e+
1.2.3
abc
1e-
-
1e-
1ee2
+
.
--2
0e
1e-
-
+
++1
0e
-
000.e
-
abc
++1
-
abc
-
1e
abc
abc
1e-
1.2.3
1e+
.
000.e
e10
-
1e
1e+
e10
0e
1.2.3
1.2.3
1e
.
0e
000.e
0e
0e
-
++1
1e-
1ee2
--2
000.e
000.e
-
000.e
+
000.e
abc
++1
000.e
++1
1e
.
1ee2
.
1ee2
1ee2
e10
1ee2
1.2.3
++1
e10
1ee2
1ee2
abc
1.2.3
000.e
1e+
000.e
++1
++1
1ee2
1e+
-
.
--2
0e
1e-
+
1.2.3
.
abc
1e-
e10
-
-
++1
++1
1e+
0e
1e+
--2
000.e
abc
1e-
000.e
000.e
1ee2
000.e
.
1e+
++1
1e+
--2
1.2.3
+
.
1e
++1
1ee2
1ee2
-
1.2.3
1e+
0e
--2
.
1e
abc
1e-
++1
1e
-
000.e
1ee2
1ee2
1e-
e10
--2
.
e10
+
-
.
1ee2
-
1e
1.2.3
1.2.3
1ee2
--2
++1
000.e
e10
abc
+
--2
1e-
0e
1.2.3
+
1e
000.e
1e
--2
1e+
1ee2
0e
++1
--2
000.e
.
1e
e10
-
000.e
000.e
+
++1
1e-
0e
0e
1ee2
1.2.3
abc
0e
1e-
1e
-
e10
-
0e
+
1e+
1e-
++1
0e
--2
--2
0e
1ee2
--2
++1
--2
0e
0e
1ee2
0e
-
+
--2
1e-
.
abc
abc
e10
0e
--2
--2
abc
--2
e10
1e-
000.e
e10
--2
.
000.e
1e+
e10
1e+
1e-
--2
1.2.3
--2
e10
1e
+
1ee2
+
e10
000.e
1e+
1.2.3
1ee2
e10
++1
abc
e10
1e+
1e
1ee2
--2
000.e
1ee2
1e
+
+
1.2.3
000.e
++1
1e+
1ee2
e10
++1
000.e
abc
e10
-
--2
0e
1e-
1e-
000.e
e10
1e+
++1
000.e
1e-
-
0e
--2
0e
.
1e-
.
1e-
e10
abc
0e
0e
.
++1
1e
0e
1.2.3
1.2.3
1.2.3
-
1ee2
abc
1.2.3
e10
e10
++1
000.e
1e+
.
000.e
1.2.3
1e+
1e
+
1e+
1e+
e10
1e+
1.2.3
1e-
++1
0e
0e
e10
1.2.3
1ee2
0e
1.2.3
abc
++1
000.e
1ee2
0e
+
abc
e10
e10
1e-
000.e
.
1e-
1.2.3
.
1e+
0e
abc
1ee2
1e-
e10
++1
abc
0e
1e
1.2.3
+
1e+
1.2.3
1e-
e10
1ee2
1e-
--2
1e
e10
1e+
-
1ee2
abc
+
--2
--2
1e+
1.2.3
abc
abc
1e+
1e+
0e
+
--2
+
.
1.2.3
1e-
1e
0e
1e+
1e+
0e
1e+
--2
+
--2
1e
1ee2
+
--2
--2
1.2.3
1e+
0e
1e
1ee2
.
1e+
.
1e+
1e+
0e
1.2.3
--2
abc
.
1ee2
--2
-
++1
000.e
1e
-
0e
+
++1
1ee2
1e
0e
.
++1
++1
1e
1e-
-
1e+
1e
++1
1e+
abc
--2
++1
000.e
+
1.2.3
1ee2
-
abc
1e
.
1e
1e
000.e
1e+
1.2.3
1.2.3
1e-
++1
1e-
1.2.3
e10
000.e
.
0e
1.2.3
0e
1e
+
0e
0e
0e
1e
000.e
1e+
--2
+
--2
abc
0e
1e
+
.
1ee2
+
1e+
abc
--2
--2
e10
+
1ee2
-
000.e
abc
1.2.3
1ee2
.
.
abc
e10
1e+
-
-
++1
+
--2
1e-
-
+
1.2.3
abc
+
1e
1e+
1e-
.
++1
1e
--2
++1
1ee2
1e
000.e
1e
abc
-
000.e
1.2.3
e10
1.2.3
000.e
e10
--2
0e
e10
1e-
e10
++1
0e
0e
-
-
1.2.3
000.e
1e-
1.2.3
1e+
--2
e10
1e
000.e
-
1e
--2
1ee2
e10
e10
0e
1ee2
+
1e-
abc
0e
+
1e
+
000.e
1e+
1ee2
000.e
--2
+
e10
1e
-
+
++1
1e
--2
1e
0e
1ee2
1e
++1
e10
+
--2
1e-
abc
1.2.3
++1
1.2.3
1e-
1e-
+
000.e
.
0e
1e
-
.
abc
1.2.3
-
0e
+
1.2.3
1e
--2
--2
abc
0e
1.2.3
++1
+
000.e
1.2.3
1ee2
--2
1e
1e-
+
1e
abc
abc
1.2.3
1e-
1e+
-
1e
.
-
++1
abc
-
0e
--2
1e-
000.e
+
++1
+
1e
-
1e-
.
abc
1ee2
--2
000.e
1e+
abc
1e+
000.e
1e-
++1
.
1e
0e
abc
--2
++1
-
++1
-
1ee2
.
1e
e10
--2
e10
abc
1e
e10
1.2.3
1.2.3
1e
1e+
1e-
000.e
1ee2
0e
-
abc
+
1e+
.
++1
1e-
-
1e
1e-
1.2.3
+
1e-
.
000.e
--2
1e+
1ee2
+
e10
1e-
1.2.3
1.2.3
--2
1.2.3
e10
1e
.
1ee2
+
0e
1ee2
--2
1.2.3
1e
--2
0e
--2
1e
--2
1e-
--2
0e
0e
.
0e
abc
+
abc
1ee2
.
--2
1e
e10
1e
1e+
e10
+
++1
abc
1.2.3
-
--2
+
1e+
++1
0e
1e+
.
.
1.2.3
1e
+
000.e
.
-
++1
1ee2
1.2.3
--2
000.e
1ee2
.
-
--2
++1
1.2.3
1e+
e10
1e
+
1e
1e-
.
000.e
.
abc
e10
--2
-
1ee2
abc
1.2.3
abc
-
1e+
+
0e
+
1e-
1ee2
1e+
.
-
1e+
1.2.3
-
+
+
+
abc
+
1e-
000.e
-
.
0e
-
1ee2
1ee2
-
-
1e-
e10
1ee2
1ee2
abc
1.2.3
000.e
1ee2
abc
1ee2
1.2.3
1ee2
++1
.
1e-
+
.
.
--2
-
+
e10
0e
.
1e
000.e
0e
--2
1e+
++1
0e
1e
e10
1.2.3
1.2.3
1e-
-
-
+
0e
abc
+
1.2.3
1.2.3
e10
0e
.
1e
1.2.3
1ee2
1e
++1
abc
++1
--2
.
0e
000.e
1e-
e10
e10
0e
abc
000.e
--2
0e
1e-
1.2.3
-
abc
-
++1
e10
-
1e-
1e-
.
1.2.3
1e-
1.2.3
0e
.
--2
000.e
1e-
+
1.2.3
.
1.2.3
+
+
abc
1e+
-
0e
++1
1ee2
1e+
e10
000.e
1ee2
1e
0e
e10
abc
0e
.
1e
-
1e+
-
.
0e
.
1e
1e
000.e
+
000.e
--2
abc
e10
-
1.2.3
.
.
000.e
1.2.3
1e+
0e
1e+
e10
++1
+
++1
0e
--2
000.e
000.e
abc
1e+
--2
++1
1e
1e-
1e+
-
1e
.
0e
1e-
+
000.e
abc
1.2.3
1.2.3
1e+
.
1e+
1ee2
1ee2
1e-
e10
1e-
-
1.2.3
0e
.
0e
-
1e+
1.2.3
--2
000.e
--2
000.e
0e
1e-
abc
1.2.3
--2
0e
.
1ee2
-
1e-
e10
1.2.3
1e
000.e
++1
1e+
-
.
.
1e
0e
abc
--2
abc
e10
.
1ee2
-
.
++1
+
1e+
+
e10
000.e
+
--2
++1
-
1e+
000.e
0e
1e
++1
e10
1e-
abc
.
.
1e
.
000.e
e10
1ee2
-
000.e
1ee2
-
-
.
000.e
000.e
e10
1.2.3
1e
--2
.
1.2.3
+
1e
1ee2
abc
++1
e10
0e
+
1e-
-
.
1e-
-
1ee2
0e
+
1.2.3
abc
-
-
+
--2
--2
e10
1e-
1.2.3
1.2.3
1.2.3
e10
000.e
1e
e10
1e
.
1.2.3
e10
1.2.3
1e-
0e
000.e
1.2.3
1e+
abc
--2
--2
.
.
1.2.3
1e
1.2.3
++1
.
1e+
abc
1ee2
1.2.3
++1
.
1.2.3
1e+
+
-
++1
1ee2
1.2.3
1e-
1.2.3
abc
1e
000.e
0e
++1
1ee2
1ee2
abc
1ee2
1.2.3
.
000.e
.
0e
1e+
e10
0e
1e+
+
-
++1
0e
1e+
1.2.3
000.e
1e-
1e+
+
e10
1e
1.2.3
-
--2
1e-
000.e
-
000.e
1.2.3
abc
1e
+
1e+
--2
1e-
1e+
0e
0e
1ee2
++1
000.e
1e+
1e
1ee2
+
1e+
e10
1e
++1
-
--2
1.2.3
-
1e
e10
+
abc
-
1e+
1e
+
1e
e10
e10
+
--2
-
++1
1e-
000.e
1ee2
0e
1.2.3
000.e
0e
+
.
-
000.e
0e
e10
1ee2
--2
-
e10
abc
1e+
+
1ee2
1ee2
1e-
+
--2
1e-
++1
0e
-
0e
.
1.2.3
1e+
1.2.3
.
1e
1ee2
.
1e
0e
--2
0e
000.e
1e-
1.2.3
1.2.3
1ee2
e10
000.e
1e
++1
--2
--2
-
1e+
abc
1ee2
e10
1e-
-
abc
--2
.
--2
.
1ee2
.
1e-
.
.
+
0e
.
--2
abc
.
+
1ee2
0e
1ee2
abc
0e
+
abc
000.e
1e+
--2
1ee2
000.e
--2
1ee2
1.2.3
.
+
--2
++1
abc
1ee2
1e
e10
1e+
+
++1
+
0e
.
1e+
+
abc
e10
+
1.2.3
--2
.
1e+
+
1.2.3
000.e
0e
.
1e-
+
1e-
.
1.2.3
1e-
1e
1e+
e10
000.e
+
1.2.3
+
e10
+
1e+
1e
1e
abc
1e-
--2
000.e
0e
--2
+
.
+
.
1.2.3
e10
++1
000.e
1ee2
abc
.
abc
+
abc
1ee2
e10
1ee2
1e-
abc
abc
000.e
000.e
0e
.
e10
1.2.3
e10
--2
+
abc
000.e
1e+
++1
1e-
1ee2
1ee2
1ee2
000.e
1e-
abc
-
1e
++1
.
.
++1
+
1e-
1.2.3
+
000.e
e10
1.2.3
+
.
--2
1e
1ee2
1ee2
++1
abc
e10
-
1e
++1
1e
1e
1.2.3
1e
1e+
1.2.3
1e+
1e
.
1.2.3
.
1.2.3
1ee2
++1
1e+
000.e
+
--2
e10
-
++1
e10
1e
0e
000.e
e10
1.2.3
abc
-
000.e
1e-
e10
e10
--2
0e
e10
1e-
-
1e+
+
1e
abc
++1
000.e
1.2.3
0e
1e-
000.e
1e-
-
.
-
000.e
0e
000.e
1e+
abc
1e+
1ee2
e10
--2
1e+
.
.
e10
-
-
1e
abc
-
1.2.3
1.2.3
1e+
e10
e10
1e-
e10
1e-
1e
abc
--2
e10
++1
1e
--2
++1
1.2.3
1e
1.2.3
1e
1.2.3
1e
0e
++1
000.e
--2
--2
+
1.2.3
1ee2
+
e10
.
-
1.2.3
-
000.e
++1
-
abc
e10
abc
1e-
+
1.2.3
1ee2
0e
-
1e+
++1
1e
0e
+
++1
abc
1.2.3
--2
000.e
e10
1e-
--2
+
abc
--2
1.2.3
e10
1ee2
1ee2
000.e
1e
e10
1ee2
1e-
++1
-
-
1.2.3
1ee2
1ee2
1ee2
1e+
0e
.
abc
0e
-
000.e
+
++1
1e-
1ee2
abc
1e-
1.2.3
.
0e
0e
e10
0e
1e+
1.2.3
.
++1
-
.
+
0e
0e
1.2.3
1e-
-
1e
1e
++1
+
0e
1e
1e-
1ee2
+
1.2.3
1e
+
1e
-
1e-
1ee2
000.e
++1
++1
1ee2
1e-
+
1e
1.2.3
1e+
abc
1ee2
1.2.3
++1
1ee2
1.2.3
1ee2
+
1ee2
abc
1.2.3
1e
abc
1e
++1
000.e
--2
e10
1e
abc
++1
1.2.3
1e-
0e
1e
+
+
1ee2
-
--2
.
e10
abc
0e
0e
e10
++1
+
e10
.
+
-
++1
e10
--2
.
--2
1.2.3
1e+
0e
000.e
1e
1e+
-
--2
1e-
1e
1.2.3
++1
0e
1.2.3
+
0e
0e
++1
.
1.2.3
1.2.3
++1
1e
-
e10
0e
abc
abc
++1
++1
.
1e
1ee2
1e+
.
-
1.2.3
000.e
.
1ee2
1e-
1.2.3
000.e
+
--2
1.2.3
-
1ee2
1ee2
1e+
1e
abc
0e
0e
++1
1ee2
000.e
e10
++1
1.2.3
1e-
.
1e-
--2
.
.
++1
--2
.
000.e
1.2.3
1ee2
0e
+
1e-
e10
1.2.3
.
--2
--2
1e-
-
.
abc
+
++1
.
++1
e10
1e-
-
1ee2
1e
1.2.3
1ee2
abc
+
+
1.2.3
000.e
000.e
.
--2
+
+
+
000.e
1.2.3
1.2.3
0e
000.e
--2
1e+
1e
1e-
--2
++1
abc
.
++1
1.2.3
--2
++1
++1
0e
++1
-
+
1.2.3
1.2.3
0e
000.e
1e+
e10
1e+
0e
++1
1ee2
0e
+
-
-
.
1e
-
-
0e
.
.
1ee2
1.2.3
+
--2
.
+
e10
+
1ee2
e10
++1
abc
++1
0e
1ee2
0e
1.2.3
1.2.3
1e-
1e+
1e+
000.e
--2
e10
-
e10
.
e10
1e+
-
1ee2
1e-
1e+
1e
1e+
1e-
abc
.
-
e10
++1
1.2.3
++1
+
-
1.2.3
--2
abc
000.e
1e-
0e
.
1e+
e10
000.e
e10
1e-
1e
1e
+
.
1e
++1
-
1ee2
--2
1e+
1e-
0e
++1
abc
-
-
1e-
-
1e
.
e10
1ee2
1.2.3
000.e
1e-
+
abc
+
-
++1
.
000.e
-
000.e
++1
++1
1e+
abc
+
1ee2
000.e
e10
++1
-
1.2.3
1e+
-
1ee2
1.2.3
1.2.3
+
1.2.3
1.2.3
.
-
--2
1e+
1e-
++1
1ee2
1.2.3
000.e
1.2.3
1.2.3
.
.
e10
abc
--2
++1
1ee2
.
--2
1e-
abc
1ee2
1e+
++1
+
1ee2
1ee2
++1
1ee2
1e
-
-
1e
e10
-
.
1.2.3
1ee2
1ee2
++1
1e+
-
--2
.
+
e10
--2
1e-
000.e
abc
1.2.3
++1
0e
e10
--2
-
.
.
1e+
000.e
abc
--2
000.e
--2
e10
e10
0e
++1
e10
--2
0e
1e-
1e+
1.2.3
1e+
1e+
--2
1e-
000.e
e10
+
0e
abc
.
1e-
++1
--2
1.2.3
.
--2
1e-
--2
0e
abc
.
abc
1.2.3
.
--2
++1
0e
1e-
e10
000.e
e10
--2
++1
e10
1.2.3
000.e
1e
abc
+
1.2.3
1e+
++1
++1
1e+
1e+
1e+
+
-
--2
.
1e+
.
0e
+
1.2.3
1ee2
--2
000.e
1e-
1e-
++1
-
.
.
1ee2
000.e
--2
--2
++1
1e
1e-
abc
0e
1ee2
1.2.3
++1
++1
abc
000.e
1e
1ee2
++1
1ee2
0e
1ee2
1e+
000.e
--2
.
++1
1.2.3
abc
1ee2
1e-
abc
000.e
1e+
1e+
--2
++1
abc
.
0e
++1
+
+
1.2.3
++1
1.2.3
.
+
e10
1ee2
1ee2
.
abc
1ee2
0e
1e
++1
+
++1
1ee2
1.2.3
--2
.
--2
.
0e
+
1e+
-
1e-
-
--2
--2
-
abc
1e
abc
1e+
0e
abc
1.2.3
.
+
1ee2
+
.
+
++1
1e+
1e-
1e+
+
1e-
++1
1e
0e
++1
1.2.3
000.e
+
1e
--2
1ee2
1e+
0e
+
1e+
abc
.
e10
000.e
+
+
1e-
abc
.
1ee2
++1
1e+
1e+
.
1ee2
--2
-
1e
.
000.e
0e
1e-
1e
1e+
1.2.3
0e
1e+
e10
++1
+
+
--2
1e+
1.2.3
1e
1ee2
abc
1ee2
1e
-
--2
1e+
000.e
-
1ee2
1e-
1ee2
.
1.2.3
abc
1e-
000.e
-
+
abc
-
0e
1e+
e10
000.e
abc
1ee2
1ee2
-
+
1.2.3
+
000.e
--2
1e-
1ee2
+
1ee2
1e-
1e-
-
1e+
++1
+
1e+
1e+
--2
++1
abc
000.e
-
1e
1e-
1ee2
1.2.3
+
abc
1.2.3
++1
1ee2
+
1ee2
.
.
1.2.3
+
000.e
+
1.2.3
1e+
e10
000.e
e10
1.2.3
1ee2
abc
abc
1e-
--2
000.e
1.2.3
abc
-
.
+
++1
1e+
.
1.2.3
1ee2
000.e
1e-
1.2.3
e10
1e+
+
-
0e
1e-
.
+
1ee2
1ee2
.
-
1e+
000.e
.
1e
1.2.3
0e
1e-
+
-
.
+
1ee2
0e
1e
1e+
++1
e10
1.2.3
000.e
1e
--2
1ee2
1e
000.e
1.2.3
000.e
1.2.3
0e
-
1.2.3
1ee2
abc
-
0e
1e+
abc
1.2.3
++1
1ee2
abc
-
.
+
--2
000.e
-
1e+
--2
--2
1ee2
1.2.3
000.e
1.2.3
-
000.e
1ee2
1ee2
1.2.3
abc
1e+
++1
1e
e10
e10
0e
1e-
1e+
.
1e
000.e
1e-
1ee2
1e+
0e
e10
0e
e10
-
1e+
1e-
.
1.2.3
abc
1.2.3
1e-
1e+
000.e
0e
.
1e+
abc
++1
1e
+
e10
1.2.3
.
1e
1.2.3
0e
1e
1.2.3
abc
--2
1ee2
--2
1.2.3
-
1e
1ee2
000.e
abc
e10
--2
1e-
.
1e-
1e-
.
000.e
000.e
+
+
e10
1.2.3
1.2.3
--2
--2
-
+
1e-
+
000.e
+
000.e
0e
1.2.3
abc
e10
1ee2
abc
--2
+
++1
.
--2
+
0e
.
000.e
e10
1e-
abc
1e-
1.2.3
abc
abc
--2
+
1e-
1.2.3
1e
-
--2
++1
abc
-
abc
0e
1e+
1e
0e
1.2.3
+
+
000.e
0e
++1
1e
.
1.2.3
000.e
1e-
++1
.
--2
1.2.3
0e
+
+
.
abc
1e+
.
--2
++1
abc
--2
e10
e10
+
000.e
0e
1.2.3
1e
000.e
++1
1e-
1e
++1
+
.
1e+
0e
++1
1e
0e
e10
++1
1e
1e
e10
--2
-
++1
1ee2
++1
.
0e
e10
.
1e+
-
--2
e10
0e
1.2.3
1e+
--2
1e-
.
++1
--2
-
+
1.2.3
1ee2
0e
.
1.2.3
+
.
1ee2
abc
abc
1ee2
1.2.3
1e+
+
e10
++1
.
+
.
e10
1e
++1
-
e10
1e+
0e
1e+
++1
1.2.3
-
+
1ee2
+
0e
1e
++1
0e
e10
1.2.3
1e-
e10
1e-
e10
++1
1ee2
++1
1e
++1
abc
e10
++1
000.e
e10
--2
0e
1e-
000.e
1e
1e-
+
-
abc
0e
--2
0e
abc
+
--2
e10
1ee2
--2
0e
e10
++1
1e+
+
1e-
-
abc
1ee2
-
--2
e10
1ee2
abc
1ee2
1ee2
0e
1e
.
1e+
++1
1.2.3
1ee2
1ee2
1.2.3
1.2.3
-
1e
1e+
--2
000.e
1e+
.
-
e10
--2
++1
++1
1e
e10
1e
000.e
000.e
000.e
abc
+
e10
1e-
-
1e-
--2
e10
+
-
1ee2
abc
e10
++1
1ee2
1ee2
1e
-
-
--2
1ee2
1e+
++1
e10
1ee2
1ee2
000.e
.
--2
--2
1ee2
+
1.2.3
1.2.3
1e
abc
1e
abc
1e
1e
e10
-
1e
abc
e10
+
abc
1.2.3
e10
1e
000.e
-
.
1e
++1
1ee2
1.2.3
1.2.3
000.e
+
000.e
abc
1ee2
e10
1.2.3
1e-
1ee2
.
-
++1
000.e
1e-
-
.
--2
-
-
.
1e-
1ee2
1e-
0e
++1
1e-
-
++1
1ee2
1.2.3
1e
1ee2
abc
000.e
+
0e
+
abc
e10
--2
++1
abc
1e+
1e-
--2
+
1.2.3
0e
e10
1.2.3
e10
1e+
+
0e
1ee2
000.e
+
1ee2
1.2.3
abc
abc
1ee2
-
0e
+
++1
000.e
--2
0e
+
e10
1e
1.2.3
000.e
abc
e10
1ee2
abc
1e+
1e+
.
-
1.2.3
e10
+
000.e
1e-
abc
000.e
.
abc
e10
abc
1e-
abc
1e-
-
1.2.3
1.2.3
--2
1ee2
1e+
000.e
+
1e
1e+
1.2.3
000.e
1e-
1ee2
e10
abc
1ee2
1e-
1e-
1ee2
1.2.3
++1
1e-
000.e
000.e
1e-
1e
abc
abc
1ee2
1e+
-
000.e
000.e
0e
abc
abc
0e
e10
++1
++1
.
1e
e10
abc
-
+
.
e10
+
1e+
1.2.3
000.e
1ee2
e10
.
e10
1e-
0e
+
1ee2
+
000.e
.
1e
abc
.
.
1e-
0e
1e-
--2
e10
-
1e-
+
+
1e-
1e+
0e
abc
1ee2
1e
--2
0e
1.2.3
+
-
1e-
--2
abc
1.2.3
.
000.e
0e
+
1.2.3
abc
-
000.e
--2
-
--2
+
+
000.e
1e
e10
000.e
1e-
1ee2
-
000.e
0e
++1
1e-
--2
abc
1e
1e
1e+
1e-
1e+
-
1e
000.e
-
1e
1.2.3
-
1e
0e
-
--2
000.e
-
-
e10
abc
++1
+
++1
abc
abc
1.2.3
1.2.3
1.2.3
abc
1e+
+
+
.
--2
abc
1e
.
++1
1e+
1e+
++1
1e
0e
abc
e10
-
-
1.2.3
abc
+
.
1e-
1e-
-
0e
+
e10
.
0e
++1
1ee2
e10
0e
++1
0e
-
1.2.3
0e
e10
1e
abc
--2
.
000.e
000.e
000.e
1e+
1e+
1e-
.
1ee2
0e
e10
+
abc
-
1e+
0e
--2
--2
1e-
1ee2
abc
1e+
-
++1
1ee2
1ee2
+
-
e10
--2
000.e
0e
e10
000.e
+
1e-
abc
.
e10
1e+
--2
1e-
-
--2
1ee2
000.e
1.2.3
1ee2
+
1e+
1.2.3
1e+
0e
++1
1e+
--2
.
1ee2
++1
e10
+
++1
1e
1e-
1e-
--2
1ee2
0e
1.2.3
1e+
0e
1e
+
1.2.3
++1
++1
1.2.3
.
0e
1e
-
1.2.3
--2
0e
1e-
000.e
0e
1e+
1.2.3
+
1e
1.2.3
000.e
1e-
e10
-
+
abc
e10
0e
1e-
abc
1e-
--2
abc
000.e
1.2.3
1e
-
1e+
1e
++1
1e
.
abc
--2
0e
+
1e+
+
000.e
0e
e10
e10
-
1e
1e-
e10
1e-
abc
1e
.
0e
1e
e10
+
000.e
1ee2
1ee2
0e
--2
1e
+
.
--2
-
+
1.2.3
1ee2
abc
--2
--2
e10
-
++1
1e-
1e-
000.e
-
abc
-
1.2.3
abc
++1
+
+
.
1e-
1e
1e
.
.
1e+
-
++1
e10
1ee2
+
1ee2
e10
1ee2
1ee2
e10
1e
e10
--2
1e+
000.e
+
1ee2
1e
++1
1ee2
1e-
1.2.3
0e
1e+
.
1e-
1.2.3
1e
-
1e-
1ee2
--2
+
1e-
+
+
0e
++1
--2
abc
1ee2
abc
-
--2
000.e
1.2.3
-
++1
1ee2
e10
1e+
-
+
0e
e10
++1
+
.
+
0e
1e
+
1e-
e10
-
e10
+
1e+
--2
1.2.3
1.2.3
000.e
abc
1e+
--2
.
--2
1.2.3
e10
1e+
abc
.
abc
.
1e
-
1e+
1e-
e10
abc
-
1.2.3
1.2.3
1e
-
++1
abc
.
1.2.3
.
1e
1ee2
--2
1e-
1e+
1ee2
1ee2
1e
0e
--2
1ee2
0e
1e
--2
abc
1ee2
000.e
1e+
+
-
1e-
1e-
++1
0e
++1
1e
abc
1e-
0e
.
.
-
e10
-
abc
1.2.3
++1
1ee2
--2
000.e
+
.
e10
1ee2
-
-
1e-
--2
abc
000.e
1.2.3
abc
0e
1e
1ee2
1e+
1ee2
0e
++1
.
0e
++1
000.e
e10
0e
0e
0e
1.2.3
1e
--2
e10
.
-
+
+
0e
000.e
1e+
e10
abc
0e
1.2.3
--2
0e
abc
.
e10
1e+
1.2.3
abc
e10
+
1e+
--2
-
1ee2
--2
000.e
+
e10
+
++1
-
0e
1e+
1.2.3
+
++1
0e
1e
abc
--2
++1
1e
000.e
1.2.3
0e
--2
1.2.3
--2
1ee2
1ee2
e10
-
1.2.3
1e+
abc
+
e10
000.e
1ee2
+
e10
.
abc
1ee2
+
1e-
--2
e10
1e-
0e
1ee2
1.2.3
1ee2
abc
-
000.e
1e+
1e-
1.2.3
-
1e+
000.e
1e
abc
1ee2
1ee2
+
++1
1e-
000.e
1e
+
e10
1e
000.e
++1
1ee2
1e
1e
1ee2
1e
1ee2
abc
--2
++1
-
1ee2
1e-
0e
++1
+
1ee2
abc
1e+
e10
+
abc
++1
++1
000.e
abc
-
.
--2
-
0e
.
-
1e-
abc
+
1e-
1e
1e
abc
++1
.
000.e
1e+
--2
000.e
++1
+
abc
000.e
000.e
1e-
--2
1e+
+
1e
1e+
--2
-
-
1ee2
000.e
--2
e10
1e-
1e+
--2
1e
1e-
e10
0e
+
000.e
000.e
1.2.3
++1
1.2.3
1ee2
--2
1ee2
1.2.3
abc
1.2.3
-
0e
--2
1ee2
abc
-
000.e
1e-
1e-
++1
000.e
1e
1e-
1.2.3
-
1e+
.
000.e
000.e
++1
-
1ee2
000.e
000.e
--2
1.2.3
+
--2
e10
abc
1e+
1e
1e+
1.2.3
1e
1e-
1e-
+
abc
1e
0e
e10
++1
000.e
--2
abc
1e+
-
1.2.3
0e
1e+
+
abc
e10
1e
000.e
1e+
e10
1e-
.
1e+
++1
+
1.2.3
.
.
1e-
000.e
0e
-
1e+
000.e
1e+
1e
.
0e
1ee2
1ee2
1e-
e10
-
1e-
000.e
-
+
e10
.
+
1.2.3
1ee2
1e+
++1
1e-
1.2.3
000.e
--2
+
1ee2
--2
abc
+
e10
++1
e10
1e
--2
.
1e-
1e+
1e+
1.2.3
1.2.3
.
--2
1.2.3
0e
abc
++1
1ee2
1.2.3
1e+
0e
1e+
1ee2
+
1ee2
1.2.3
++1
1ee2
++1
-
++1
abc
.
1ee2
1e
abc
0e
.
.
0e
1ee2
-
1e-
1e
000.e
0e
1e
000.e
e10
+
1e-
000.e
000.e
.
e10
1e-
1e-
1ee2
+
1e+
abc
1e-
+
000.e
-
1e-
1e-
1.2.3
000.e
1e-
--2
.
e10
0e
1e-
1e+
--2
000.e
.
.
1e
+
-
1e-
e10
--2
--2
1e
1e+
-
0e
++1
0e
.
--2
0e
abc
1.2.3
1e+
--2
1e-
1e-
0e
-
000.e
.
000.e
e10
-
0e
1e+
000.e
1e
.
-
1.2.3
1.2.3
1ee2
000.e
-
abc
000.e
1e
-
1ee2
e10
e10
+
1e
0e
1.2.3
1e
+
1ee2
--2
-
++1
1e+
1e-
000.e
1.2.3
0e
-
000.e
+
1e-
++1
+
1e
+
0e
0e
+
0e
e10
-
.
-
1ee2
e10
1e+
.
1ee2
1e
1e
abc
-
e10
-
1e+
1e-
1e-
-
e10
abc
+
--2
1e-
1e+
1e
0e
abc
1ee2
1e+
-
1e
1e+
0e
.
1e-
000.e
1e-
1e
1e-
1e-
1ee2
1e-
1e+
1.2.3
1e+
0e
000.e
+
++1
e10
000.e
1e
1.2.3
e10
+
1.2.3
--2
+
1e
1.2.3
--2
1e+
++1
+
--2
0e
.
0e
--2
e10
1e-
1.2.3
--2
000.e
e10
1e
1e
++1
1e
+
-
-
1e+
1ee2
1e+
1e+
--2
1e-
e10
e10
1e
abc
0e
.
1ee2
1e
1ee2
abc
1e
1e+
1e-
.
abc
1e-
1e
--2
--2
1ee2
1e
abc
000.e
1e-
-
1.2.3
1e-
++1
000.e
.
1e
--2
0e
1e+
-
--2
1ee2
-
e10
abc
1e
abc
1.2.3
1e+
+
1e+
1ee2
+
1ee2
-
1e-
-
--2
1e-
1ee2
0e
1e-
--2
0e
-
e10
.
++1
1e-
+
.
-
-
-
0e
e10
1e+
abc
1e-
.
000.e
abc
+
+
++1
1ee2
-
e10
abc
--2
1e-
0e
+
-
++1
1ee2
abc
abc
000.e
0e
1ee2
++1
++1
e10
1e+
abc
1e+
++1
e10
--2
-
e10
-
1e+
1.2.3
++1
.
-
+
++1
--2
1e+
1.2.3
abc
--2
1.2.3
e10
1e-
--2
abc
000.e
++1
1.2.3
e10
1.2.3
000.e
abc
1.2.3
1e
1e-
1e+
1e
0e
1e+
1e+
000.e
1ee2
abc
1ee2
.
e10
1e+
-
000.e
-
000.e
1ee2
1e+
1e-
-
e10
000.e
1e
-
1.2.3
++1
0e
e10
1e+
1ee2
abc
--2
--2
-
.
000.e
abc
1.2.3
1ee2
1e+
1ee2
1.2.3
--2
.
++1
000.e
1e+
1.2.3
.
e10
+
abc
.
.
1ee2
000.e
000.e
0e
-
e10
1e-
1e+
1e+
1e-
000.e
++1
0e
1ee2
e10
1e+
1e+
+
1.2.3
+
1.2.3
1ee2
1ee2
+
1.2.3
1e-
++1
1e-
0e
000.e
000.e
abc
1.2.3
e10
1e-
1e
.
-
1ee2
e10
1.2.3
abc
1.2.3
000.e
000.e
++1
-
1e
+
1e+
--2
++1
.
+
++1
e10
0e
1.2.3
abc
1e-
-
1e
--2
abc
++1
-
abc
1e
abc
1e-
+
1ee2
abc
1.2.3
e10
1e
1e+
-
000.e
e10
1e-
1ee2
e10
1e-
e10
+
000.e
--2
e10
0e
1e-
1e-
-
1.2.3
0e
0e
1ee2
--2
+
++1
1e
0e
+
000.e
-
abc
e10
+
000.e
1e-
-
.
-
1e
1e-
e10
.
--2
1e+
e10
1e
e10
1.2.3
000.e
1e+
--2
e10
1e-
1.2.3
1e
000.e
.
1ee2
e10
++1
000.e
1ee2
+
++1
abc
1.2.3
1.2.3
1e
--2
000.e
.
-
1e-
.
abc
--2
e10
-
++1
-
--2
e10
000.e
++1
.
-
1.2.3
--2
+
+
000.e
1e+
++1
+
abc
++1
++1
.
1e
++1
1e
1e-
1ee2
1.2.3
1e
000.e
abc
e10
e10
0e
1e-
1e-
.
0e
++1
1e-
-
e10
1e+
-
000.e
1e-
000.e
-
--2
e10
1e
--2
0e
1.2.3
1.2.3
1e
++1
1ee2
000.e
1e
1e-
++1
e10
abc
abc
1.2.3
+
abc
1e
.
1e+
1e-
-
abc
+
0e
abc
1e+
1.2.3
+
1ee2
-
++1
-
1e+
1.2.3
+
000.e
e10
1e-
+
1e+
--2
e10
--2
.
000.e
000.e
abc
--2
1e+
1e-
++1
000.e
1e-
000.e
+
1.2.3
.
1ee2
0e
0e
000.e
1ee2
+
0e
1e-
e10
.
000.e
1e
1e-
e10
abc
++1
1e-
1e-
--2
000.e
++1
1e
1.2.3
++1
abc
abc
e10
1e+
1e+
-
e10
0e
1e
-
1e
--2
.
.
++1
abc
-
0e
1.2.3
e10
-
1.2.3
1ee2
e10
1e-
--2
1e+
1e+
--2
.
1.2.3
-
000.e
1e-
.
1.2.3
1.2.3
0e
1e
1e-
1e+
1ee2
e10
1e+
1ee2
--2
.
1e-
-
-
+
++1
+
1e-
e10
1ee2
0e
1e
-
.
-
-
++1
1ee2
++1
0e
1ee2
1e+
.
1.2.3
1ee2
e10
1ee2
++1
1e+
-
1ee2
e10
--2
abc
abc
.
-
1e
1e+
.
--2
-
--2
000.e
1e-
1e+
e10
1e
-
-
e10
+
1ee2
1ee2
1e-
abc
1e+
0e
1.2.3
000.e
1.2.3
abc
0e
+
0e
0e
+
+
-
++1
abc
1e
000.e
1e-
1.2.3
e10
1.2.3
000.e
-
1e
+
+
1ee2
+
++1
.
e10
e10
1.2.3
++1
1e-
--2
000.e
1e-
+
.
e10
--2
-
abc
1e-
000.e
abc
--2
e10
--2
abc
.
abc
--2
0e
1e+
-
-
1e
abc
+
+
e10
e10
.
1ee2
1ee2
--2
.
-
+
e10
.
++1
--2
--2
000.e
abc
e10
abc
++1
000.e
+
000.e
0e
1ee2
-
+
.
+
1.2.3
000.e
1e-
000.e
++1
1e
1ee2
1ee2
0e
1.2.3
1.2.3
1e
e10
1e
1e+
000.e
+
1e+
-
0e
1ee2
1e
1e-
1e+
--2
000.e
1ee2
1e+
e10
000.e
++1
1e+
--2
0e
0e
--2
++1
abc
.
e10
e10
1e+
--2
.
.
e10
1e
1e-
1e-
abc
1ee2
e10
abc
--2
0e
1e-
.
+
e10
1.2.3
1ee2
--2
000.e
+
000.e
000.e
000.e
1e+
1.2.3
.
+
--2
+
.
+
abc
1ee2
1ee2
1ee2
0e
1ee2
abc
-
0e
1e-
1.2.3
1e
--2
1.2.3
abc
abc
1e+
.
1e
.
+
+
++1
++1
-
0e
e10
+
1e+
.
abc
1e
e10
++1
000.e
+
abc
1e
e10
1ee2
e10
1ee2
abc
++1
1e+
1e+
++1
1e
+
abc
0e
-
.
--2
1e+
++1
1e-
1e+
++1
--2
1e-
1ee2
--2
-
1e-
--2
1e+
+
1e
e10
-
000.e
e10
--2
0e
+
++1
e10
1e-
++1
1ee2
abc
+
-
1e+
1ee2
000.e
++1
1e+
1.2.3
1ee2
abc
1ee2
1.2.3
1.2.3
1.2.3
1e
1e
.
000.e
abc
1e
000.e
0e
0e
1e+
1e+
0e
e10
+
1.2.3
1e+
1.2.3
1e
++1
abc
.
1e
1e
+
000.e
1e+
abc
1.2.3
--2
-
-
1e+
abc
abc
0e
1.2.3
000.e
0e
000.e
1e
++1
++1
+
e10
e10
--2
+
1ee2
1.2.3
++1
.
+
e10
1e+
1e-
0e
1e+
+
e10
e10
abc
+
1e
1e
--2
1e-
000.e
1ee2
--2
+
.
1e+
abc
1ee2
.
.
+
1e+
e10
++1
+
-
1e-
.
1e+
--2
+
abc
abc
++1
--2
000.e
-
-
-
1e
1e-
--2
++1
abc
0e
1e+
1e-
e10
1e-
1e+
1e+
1e-
++1
1e-
.
e10
000.e
1.2.3
--2
-
.
.
--2
0e
e10
000.e
1e-
000.e
+
++1
1e-
1e+
1ee2
1ee2
+
++1
+
++1
0e
1e+
-
0e
0e
--2
1e
1ee2
000.e
-
abc
--2
1.2.3
+
e10
.
++1
abc
0e
0e
-
+
1e
0e
abc
1.2.3
.
--2
1e
.
+
abc
+
000.e
-
1.2.3
.
1e+
+
000.e
1e
+
++1
-
-
1e+
.
000.e
1e-
-
1.2.3
1e
1ee2
e10
--2
e10
1e+
1ee2
1e-
1e+
.
+
0e
-
+
0e
1e
1e-
+
1e
--2
-
abc
e10
-
++1
+
-
e10
abc
000.e
e10
000.e
000.e
000.e
0e
1.2.3
e10
.
1e
-
-
e10
1e+
abc
--2
0e
1e+
1.2.3
000.e
.
1ee2
1e
--2
1e
.
e10
1e
0e
+
e10
1e+
1e
e10
1e-
0e
1e+
000.e
e10
1e+
0e
1.2.3
1e-
e10
1e+
1.2.3
0e
000.e
+
.
1.2.3
abc
+
1ee2
0e
1.2.3
abc
0e
--2
abc
000.e
abc
--2
1e-
--2
abc
1ee2
1e+
abc
+
+
e10
.
0e
0e
--2
.
1e
abc
1e+
++1
0e
++1
1ee2
000.e
1.2.3
1e-
--2
--2
+
1ee2
1ee2
abc
e10
1e-
abc
1e
1e
1e-
000.e
--2
000.e
1.2.3
1ee2
.
--2
000.e
++1
e10
1ee2
1e
.
000.e
000.e
+
e10
1.2.3
0e
1.2.3
1.2.3
1ee2
-
0e
0e
-
abc
--2
-
e10
1ee2
1ee2
0e
.
1e
1e
1e-
0e
1.2.3
1ee2
1.2.3
000.e
0e
1ee2
0e
1ee2
1e-
e10
1e
1e-
000.e
1e+
++1
1e-
000.e
000.e
++1
0e
.
-
+
1.2.3
1e+
-
0e
-
1e+
1.2.3
-
1e+
0e
0e
0e
e10
+
+
+
0e
1ee2
0e
+
.
1ee2
1e-
1.2.3
1e+
0e
1e-
++1
-
1e+
1e-
abc
000.e
.
1ee2
1e
.
e10
1e
000.e
1e
1e
1e
1.2.3
e10
1e+
--2
1.2.3
1ee2
--2
abc
1e-
0e
.
++1
--2
1e+
1e-
1e
0e
1e
000.e
.
1e-
-
0e
1ee2
1ee2
0e
++1
.
e10
e10
0e
+
--2
0e
1e
.
-
-
+
1ee2
1e-
-
1e+
++1
000.e
0e
+
1e
e10
++1
000.e
.
+
.
--2
e10
abc
0e
000.e
+
+
e10
1.2.3
++1
1e+
1ee2
--2
1e-
1e+
0e
++1
1e+
++1
e10
+
1e
e10
1e
-
1ee2
1.2.3
1e
0e
1e
000.e
+
0e
0e
-
1e+
-
.
-
000.e
e10
000.e
1.2.3
1ee2
--2
1ee2
1ee2
1e+
-
e10
-
0e
++1
e10
e10
1.2.3
-
1.2.3
+
+
-
1e+
000.e
-
+
0e
++1
1.2.3
1.2.3
++1
e10
1e-
1e-
1.2.3
--2
1e+
.
-
+
+
1.2.3
1e-
1e-
0e
1ee2
0e
abc
.
e10
e10
-
abc
1ee2
++1
1e-
.
000.e
-
.
-
1.2.3
1e+
abc
1.2.3
0e
-
+
e10
--2
0e
abc
abc
1ee2
1e-
0e
1ee2
1ee2
--2
--2
1e
0e
+
-
1e-
1ee2
--2
+
-
++1
1e+
1e-
1ee2
--2
e10
1.2.3
++1
000.e
.
e10
1e+
1.2.3
++1
abc
1.2.3
1e-
abc
1e
0e
e10
-
-
+
1e+
1e+
1e
-
1e+
1ee2
1e-
.
1e
-
1.2.3
abc
.
0e
-
1.2.3
++1
.
1e
1e-
000.e
-
e10
++1
+
0e
1e+
.
e10
++1
1.2.3
000.e
++1
e10
.
abc
abc
++1
1e
1e-
1ee2
1.2.3
--2
1e-
1e
1.2.3
-
1ee2
.
++1
++1
1e+
+
+
1.2.3
abc
1e
1e
+
1e-
000.e
++1
0e
1e
1e-
0e
+
e10
1e-
abc
1.2.3
000.e
++1
-
--2
+
0e
--2
1.2.3
+
abc
--2
+
+
e10
1e
0e
000.e
e10
0e
e10
--2
1e+
1.2.3
++1
0e
000.e
++1
+
abc
1e
--2
0e
--2
.
000.e
abc
.
1e+
+
1e-
e10
e10
++1
000.e
1e+
0e
0e
1ee2
1e+
1ee2
1e+
1.2.3
1e-
1e-
1e
1e
+
0e
1e-
abc
--2
1e
+
--2
1e-
000.e
-
1ee2
-
.
000.e
1.2.3
000.e
abc
1e-
-
1ee2
++1
-
+
1.2.3
1.2.3
e10
0e
0e
1e
e10
abc
+
1e+
1ee2
.
1e-
1.2.3
000.e
1e+
+
--2
0e
.
1e-
.
1e-
-
1e-
++1
e10
++1
abc
0e
+
1e+
+
-
1e
.
1e+
000.e
--2
1e+
1.2.3
+
.
++1
+
1e+
1ee2
1.2.3
1ee2
--2
+
++1
++1
-
1e
1e+
1e-
abc
+
e10
.
-
1e-
++1
1e
000.e
000.e
e10
0e
1e+
1e
1.2.3
1.2.3
1e-
-
-
abc
-
.
1e+
e10
0e
++1
e10
.
--2
000.e
.
e10
1e-
1e-
1e
--2
abc
1e+
000.e
1.2.3
0e
e10
1e
e10
+
abc
.
1e-
--2
1e-
1ee2
+
-
abc
e10
--2
0e
abc
-
++1
1e+
1.2.3
.
1e-
.
0e
--2
0e
1e+
-
000.e
abc
000.e
-
--2
--2
e10
.
.
--2
-
++1
1e+
--2
1e+
000.e
1e
1e
.
+
.
e10
1e+
1e
1ee2
++1
1e+
+
--2
1e
abc
abc
000.e
0e
-
abc
++1
1.2.3
000.e
0e
1ee2
+
-
1e
--2
-
e10
--2
--2
e10
1e
1ee2
e10
--2
.
-
e10
--2
1.2.3
0e
.
--2
++1
000.e
e10
1e
abc
--2
1e-
++1
e10
abc
+
+
1e
000.e
0e
.
+
1e
1e+
1ee2
1e
e10
.
0e
-
e10
0e
-
e10
e10
1.2.3
++1
1e-
1.2.3
0e
0e
abc
++1
1.2.3
-
1.2.3
1e-
++1
1.2.3
1e+
1ee2
--2
e10
1e+
1ee2
+
abc
-
1ee2
1e
.
e10
.
1e+
1e-
.
e10
-
.
1ee2
++1
abc
-
e10
1.2.3
1e-
0e
--2
e10
e10
e10
000.e
1e-
abc
-
abc
+
1.2.3
.
--2
1e
1e-
abc
-
--2
1e-
-
+
1e+
-
1ee2
.
1e+
000.e
.
0e
1e+
--2
1e-
abc
--2
+
1e
.
++1
--2
1.2.3
000.e
1e-
abc
e10
1.2.3
1e
000.e
1.2.3
e10
0e
abc
--2
1e+
.
1e-
1ee2
000.e
1ee2
1.2.3
1ee2
1e+
1e
0e
1e-
1e-
1e-
.
-
-
1.2.3
-
1ee2
+
0e
0e
-
.
--2
1e+
000.e
--2
--2
abc
+
1e+
+
+
1e
abc
e10
1e+
1.2.3
--2
-
1ee2
e10
1ee2
1e
1e
000.e
.
++1
--2
++1
1e+
1e+
-
1.2.3
+
1e-
1.2.3
++1
0e
++1
1e+
1.2.3
1e
1ee2
1e-
1e+
-
1e
000.e
-
abc
0e
1e
1.2.3
e10
-
e10
.
0e
+
1e+
1e
--2
1e-
1.2.3
0e
++1
+
+
1e
-
1e
1.2.3
0e
000.e
--2
1.2.3
++1
000.e
e10
1e-
1ee2
1ee2
+
abc
1e+
--2
1e
+
--2
1e
.
-
1ee2
e10
-
000.e
1e-
1e+
1e+
-
000.e
.
+
e10
.
.
++1
++1
e10
abc
++1
.
-
1ee2
--2
1e+
.
1e-
1e-
.
--2
.
1.2.3
1e
1ee2
-
-
++1
1.2.3
1e
.
.
0e
--2
1.2.3
000.e
000.e
1ee2
1e
+
1.2.3
1ee2
1ee2
0e
++1
1e-
e10
++1
0e
1e
1e+
1e+
1ee2
0e
abc
--2
1ee2
1.2.3
0e
--2
1ee2
0e
1e-
1e+
abc
abc
.
++1
1e
1e-
.
++1
0e
1.2.3
000.e
0e
1e+
1.2.3
000.e
1e-
--2
e10
-
000.e
.
e10
abc
0e
abc
000.e
++1
++1
1.2.3
+
1e+
1e
1e+
-
abc
--2
1e
1ee2
-
000.e
1e
-
-
--2
1ee2
1.2.3
e10
000.e
1e
+
000.e
1ee2
1.2.3
++1
-
1e
++1
-
abc
1.2.3
1e
++1
+
000.e
.
000.e
-
-
1e
000.e
+
1e-
1ee2
abc
e10
-
-
000.e
000.e
++1
0e
e10
1e-
-
1e-
++1
1e-
--2
1e-
--2
1e+
-
000.e
0e
+
000.e
1e
1ee2
000.e
1e+
++1
1e+
000.e
.
0e
1e+
+
-
1e-
e10
--2
0e
0e
000.e
1e-
000.e
+
abc
1.2.3
--2
+
1.2.3
+
1ee2
000.e
1e
1ee2
++1
++1
abc
1ee2
++1
e10
1e+
abc
++1
1e
.
.
000.e
+
000.e
--2
1e-
e10
abc
+
+
1e-
-
1e+
1ee2
0e
++1
1e
1ee2
1e+
1e+
0e
000.e
1e+
++1
000.e
++1
++1
+
1e-
-
1.2.3
1.2.3
-
.
1e+
1e+
0e
1e-
1.2.3
+
000.e
1e
.
1e-
+
1e
e10
0e
.
abc
1.2.3
000.e
1e+
.
000.e
+
.
000.e
++1
.
1e-
--2
++1
1.2.3
1e+
1e-
1e+
1e+
--2
.
1ee2
+
++1
e10
1e-
--2
1e
1ee2
1e-
000.e
1.2.3
1e-
1e
++1
e10
0e
0e
000.e
-
1.2.3
abc
1e
1e+
.
abc
--2
+
1e+
1ee2
abc
--2
+
+
1ee2
1e
+
--2
abc
+
1e
--2
1ee2
000.e
1e-
--2
++1
++1
0e
1e
1.2.3
--2
1e
1e
0e
1ee2
.
0e
1ee2
+
e10
e10
1.2.3
000.e
1ee2
.
1e
0e
000.e
e10
++1
1e-
+
e10
1ee2
1e+
1ee2
1ee2
--2
--2
abc
1e
1e-
1ee2
.
1e-
++1
.
+
+
1ee2
++1
1.2.3
1.2.3
-
1e-
1.2.3
e10
0e
e10
1.2.3
000.e
--2
1ee2
1e+
.
e10
0e
000.e
.
abc
1e-
abc
+
1e+
++1
-
1.2.3
1e
e10
abc
1e-
.
.
.
0e
1e-
1e+
1ee2
++1
000.e
-
000.e
1e-
.
+
000.e
0e
0e
e10
++1
1ee2
1e+
+
000.e
.
--2
-
e10
1e-
-
1ee2
+
e10
++1
+
e10
000.e
+
--2
e10
e10
1ee2
++1
1e-
--2
abc
000.e
0e
-
000.e
-
-
1e
.
1.2.3
1e+
++1
.
-
0e
1e+
0e
+
1e-
.
--2
1ee2
++1
1.2.3
e10
000.e
1e+
--2
1e+
1ee2
--2
.
000.e
1ee2
abc
++1
--2
1.2.3
1e+
1ee2
1e-
000.e
-
1ee2
0e
abc
0e
e10
e10
abc
1e+
1e
1e-
000.e
--2
--2
1ee2
abc
1ee2
.
e10
++1
1e
+
1ee2
++1
-
abc
++1
.
abc
abc
.
1.2.3
1.2.3
.
++1
000.e
1e+
0e
1e
++1
1e-
.
abc
.
1.2.3
-
+
1e+
000.e
e10
++1
1ee2
1e+
.
0e
1.2.3
-
1ee2
0e
1ee2
+
--2
1e-
1e-
1e+
.
1.2.3
-
+
1ee2
.
--2
++1
1e
1ee2
abc
++1
1.2.3
1.2.3
abc
1e+
-
--2
-
+
1e-
0e
.
1e
-
1e-
e10
++1
1.2.3
e10
1ee2
1e
+
--2
.
-
1e-
1ee2
0e
1.2.3
1.2.3
1ee2
abc
1e+
1e+
abc
0e
++1
1e
1e
+
0e
abc
1ee2
e10
0e
1e+
1e
+
e10
1e+
-
1.2.3
.
1.2.3
-
++1
--2
--2
1ee2
-
000.e
abc
+
1ee2
e10
e10
e10
abc
000.e
1e+
1e
+
1.2.3
1e-
1e
1e+
1e
1ee2
1ee2
abc
1e-
1ee2
000.e
--2
.
1e+
e10
1ee2
++1
000.e
e10
++1
000.e
e10
abc
abc
e10
.
.
1e-
+
1.2.3
abc
1ee2
+
-
000.e
000.e
1e-
-
++1
1.2.3
.
+
+
0e
+
1.2.3
1e+
-
.
abc
1ee2
abc
+
1.2.3
1ee2
e10
++1
0e
1e-
-
+
1e-
abc
1ee2
e10
abc
1.2.3
++1
-
--2
--2
.
1e-
1e-
abc
1ee2
1.2.3
0e
1e+
--2
000.e
1e
1e
.
1.2.3
e10
.
e10
1e
1e
--2
-
.
1e+
++1
e10
e10
1ee2
000.e
1.2.3
abc
+
1ee2
--2
abc
1.2.3
1e
.
-
1.2.3
--2
000.e
-
+
1e+
000.e
+
1.2.3
1e
1e
-
abc
1e+
e10
-
1e+
1e-
+
abc
0e
1.2.3
1e-
--2
.
1.2.3
1.2.3
0e
++1
1e-
e10
1ee2
1.2.3
++1
1.2.3
1ee2
0e
abc
1e+
1ee2
abc
abc
--2
0e
.
1e-
.
--2
++1
--2
1ee2
++1
e10
abc
-
0e
+
++1
1.2.3
1e
1.2.3
.
-
-
1e+
000.e
++1
abc
1e+
--2
1.2.3
e10
abc
1e+
+
abc
1.2.3
--2
-
e10
000.e
1e
--2
1ee2
e10
.
1e
++1
e10
++1
1e+
000.e
1e+
--2
e10
.
0e
--2
0e
1.2.3
e10
1e+
.
+
++1
abc
1e
0e
1e
1e+
.
+
1e+
++1
1e-
1ee2
.
1e+
1ee2
1.2.3
0e
000.e
1.2.3
000.e
abc
1e+
1.2.3
++1
000.e
1.2.3
1ee2
-
abc
1e-
1e+
0e
000.e
--2
++1
abc
-
1e+
1.2.3
+
0e
-
--2
1ee2
1e+
e10
abc
+
abc
--2
1.2.3
1ee2
++1
.
1e-
1e
.
++1
1.2.3
abc
--2
1e+
-
e10
1.2.3
1e-
1e
1e+
1ee2
abc
0e
1e
1ee2
e10
1.2.3
1e-
1e-
e10
.
+
.
+
e10
0e
1.2.3
.
+
+
-
1e
1ee2
1e
1ee2
abc
0e
1e
abc
--2
.
+
abc
++1
-
1ee2
000.e
000.e
.
+
1.2.3
1e
abc
1.2.3
1e+
++1
e10
.
1e-
1ee2
1e-
.
e10
1e+
++1
+
1e
++1
--2
--2
1ee2
1ee2
abc
1ee2
000.e
1ee2
1e
1e-
1.2.3
1e+
e10
abc
--2
1e
1.2.3
-
+
-
1e
abc
-
-
1.2.3
e10
e10
1e+
1e
-
.
1e-
abc
.
1e
000.e
0e
-
abc
0e
0e
--2
-
++1
1ee2
-
++1
1e
+
1ee2
++1
0e
1e+
abc
++1
1.2.3
1ee2
1ee2
abc
0e
1ee2
0e
1.2.3
1e+
1ee2
.
1e+
000.e
1e+
++1
++1
+
++1
0e
.
000.e
e10
1e-
1.2.3
+
--2
0e
-
1ee2
+
1ee2
1.2.3
++1
--2
000.e
1e-
1e-
1e
1e+
e10
+
1.2.3
0e
abc
1.2.3
-
.
1e+
.
-
++1
1ee2
0e
.
1e-
.
e10
+
1.2.3
1e+
abc
1e-
000.e
abc
-
.
1.2.3
1e+
0e
1e
1e+
+
1e
abc
1e
++1
1e-
++1
1.2.3
0e
++1
++1
.
1e-
1e+
1e
1e+
1e
1ee2
abc
+
1ee2
abc
1e+
1.2.3
000.e
1e-
1ee2
+
1.2.3
-
1e-
0e
-
0e
0e
1e+
1e-
+
1e-
1e
1ee2
--2
-
.
1e
1.2.3
-
abc
e10
++1
.
abc
++1
--2
--2
000.e
-
000.e
000.e
000.e
++1
1e-
abc
1e
--2
+
1ee2
abc
.
1e
++1
-
.
e10
e10
1e-
1e
0e
1e+
e10
-
++1
--2
+
1.2.3
1e-
1e+
--2
abc
++1
1e-
1e
.
abc
-
abc
abc
000.e
0e
1e-
++1
abc
1e
e10
++1
e10
1.2.3
1e-
1e-
-
1e-
0e
e10
1ee2
--2
1e-
++1
e10
+
1ee2
1e+
1e
e10
1.2.3
--2
0e
e10
1e-
-
000.e
-
1.2.3
1ee2
000.e
--2
1e+
1e-
1e+
1e-
e10
e10
1e
1e+
1.2.3
-
1.2.3
e10
1.2.3
-
abc
++1
1.2.3
0e
000.e
++1
1e
1.2.3
.
1e
e10
0e
1ee2
--2
-
.
.
+
abc
1.2.3
1ee2
1e+
1e-
.
1e+
++1
e10
e10
1ee2
1.2.3
++1
++1
--2
1e-
1e+
1e-
+
++1
1e-
-
1ee2
1e
.
0e
1.2.3
1e-
e10
++1
1ee2
1e+
000.e
1e+
+
++1
1ee2
1.2.3
1ee2
+
e10
1.2.3
e10
.
1e-
-
--2
+
++1
.
++1
-
++1
++1
.
+
e10
0e
1e-
1e-
1.2.3
+
1.2.3
1e
1e+
+
000.e
0e
.
++1
++1
--2
1e
e10
--2
1e+
1.2.3
1ee2
abc
1e
1e
1e
1e-
-
0e
.
-
0e
0e
1e-
1e+
1ee2
-
+
1e-
1ee2
1e
e10
++1
1.2.3
1e+
1ee2
-
000.e
1ee2
1e
1ee2
--2
1e-
0e
++1
1e
1ee2
abc
000.e
000.e
1ee2
+
+
+
e10
1e
++1
1e+
--2
000.e
--2
1e+
.
--2
1e
++1
e10
1e+
1e+
1ee2
++1
1ee2
+
+
1ee2
--2
abc
abc
000.e
++1
--2
-
000.e
1e+
+
.
-
.
000.e
.
-
0e
-
1e-
++1
--2
-
e10
000.e
--2
1.2.3
++1
abc
1ee2
0e
1e+
1e-
1.2.3
1e-
1e
++1
abc
1e-
000.e
000.e
1e+
1ee2
--2
e10
--2
1e-
.
++1
000.e
1.2.3
000.e
abc
-
+
e10
1.2.3
+
000.e
abc
1ee2
000.e
+
-
0e
1.2.3
-
1ee2
+
abc
0e
abc
1e+
--2
1e+
000.e
1e+
++1
1ee2
e10
-
1e
--2
+
--2
--2
abc
000.e
-
1e-
1ee2
000.e
++1
-
1ee2
e10
1e+
abc
--2
1e-
--2
1.2.3
1ee2
e10
e10
+
000.e
1e
1e
abc
.
abc
1e
.
0e
1ee2
e10
000.e
000.e
.
0e
+
abc
++1
000.e
.
1e+
1e
-
.
abc
e10
1ee2
1e
-
1.2.3
++1
1.2.3
--2
0e
000.e
+
000.e
--2
abc
.
1.2.3
0e
1ee2
--2
1.2.3
+
e10
.
1ee2
+
000.e
e10
1e
0e
e10
1e-
1.2.3
.
--2
+
abc
.
1e+
abc
1e-
0e
+
-
1ee2
1e+
.
abc
1.2.3
000.e
0e
abc
0e
1ee2
0e
1e-
000.e
abc
--2
0e
--2
abc
1e
1e+
-
1e+
+
1e+
.
1ee2
1e
1e
1ee2
1.2.3
++1
1e+
+
.
--2
000.e
1e+
1e+
000.e
1e
.
abc
-
--2
++1
abc
+
1e+
e10
1e-
1e
1e-
abc
--2
++1
1ee2
abc
e10
1e-
.
000.e
++1
.
1e+
1.2.3
1.2.3
e10
e10
.
-
.
0e
1ee2
++1
-
1ee2
0e
1e+
000.e
000.e
++1
abc
+
0e
-
1e+
1e+
e10
abc
--2
--2
1e
1.2.3
1e+
++1
--2
e10
1.2.3
abc
1e-
+
1e
1e
--2
1.2.3
--2
++1
0e
--2
abc
++1
1.2.3
-
abc
0e
++1
e10
e10
+
0e
0e
abc
1.2.3
+
+
1ee2
0e
1e
1ee2
++1
-
--2
e10
1e
abc
abc
-
1.2.3
1ee2
e10
++1
e10
e10
000.e
000.e
e10
+
1e-
++1
--2
--2
+
0e
1.2.3
++1
1ee2
1e+
++1
0e
1e+
.
.
1ee2
1ee2
1e
--2
0e
1.2.3
abc
1.2.3
1e
++1
1e-
000.e
.
1.2.3
1e
1.2.3
.
++1
++1
1e-
abc
1e
1e-
1e-
1ee2
++1
e10
1.2.3
000.e
--2
-
1e-
1e+
e10
1ee2
1e+
--2
.
e10
e10
1ee2
-
1e-
--2
1e+
--2
--2
0e
1e+
1ee2
+
e10
1e
--2
-
abc
--2
.
-
++1
++1
1e+
000.e
.
-
abc
1.2.3
1.2.3
abc
--2
1e+
--2
1ee2
1e-
0e
000.e
--2
++1
1ee2
e10
++1
.
e10
e10
-
e10
000.e
+
1.2.3
1e-
1e+
0e
--2
+
-
1e+
++1
-
1e-
-
abc
1ee2
++1
1.2.3
1e-
+
e10
++1
1ee2
1e+
1e+
0e
abc
1e
abc
.
1e
1e-
++1
.
1ee2
0e
1.2.3
++1
+
--2
--2
e10
1e+
1e+
-
0e
-
++1
+
1ee2
1e+
e10
++1
.
abc
1e
abc
1e
1e-
1e+
000.e
000.e
1ee2
abc
+
1ee2
--2
0e
+
++1
.
1ee2
++1
e10
1.2.3
++1
1e
1ee2
.
-
.
1e-
1e+
1e-
--2
e10
1e
1e+
--2
abc
1e
e10
.
abc
+
1e+
e10
1ee2
abc
e10
0e
.
000.e
abc
1.2.3
1e
1e+
1.2.3
1.2.3
000.e
++1
.
--2
+
--2
abc
.
--2
1ee2
000.e
0e
0e
1.2.3
0e
++1
1e
1ee2
-
1.2.3
1.2.3
++1
--2
1e+
.
--2
abc
abc
1ee2
1.2.3
e10
--2
1e+
1ee2
--2
1.2.3
000.e
--2
1.2.3
-
1.2.3
abc
000.e
1ee2
.
000.e
++1
1ee2
1ee2
1e-
1e
+
e10
1e+
.
+
1e+
+
1e
-
e10
-
abc
-
+
1e-
1ee2
+
.
1e
--2
0e
.
0e
-
0e
000.e
1e+
0e
1.2.3
--2
++1
1.2.3
--2
000.e
0e
1e
1e-
.
abc
1e
0e
0e
e10
000.e
abc
000.e
1e+
0e
1e+
.
0e
++1
1.2.3
1e-
abc
1e
1ee2
000.e
.
++1
000.e
+
000.e
e10
0e
.
1e+
++1
1e
.
1e
1e-
--2
1e-
000.e
1ee2
1e-
1e
1e+
1e+
-
abc
--2
1.2.3
--2
1e-
000.e
1ee2
--2
e10
000.e
-
1e+
0e
1e-
.
1e-
.
000.e
-
1e
abc
1e
0e
abc
abc
.
1e-
1e
e10
000.e
1e-
1.2.3
1ee2
1e
1ee2
.
1e-
.
1ee2
1e
0e
1e-
1e-
000.e
e10
abc
0e
1e
e10
000.e
1.2.3
1e-
.
1e+
-
1.2.3
e10
-
1e+
abc
000.e
++1
e10
0e
abc
1e+
1e+
1ee2
+
0e
++1
++1
1.2.3
0e
++1
abc
.
abc
1e-
+
-
000.e
1e
abc
abc
1e-
1ee2
abc
0e
1e+
1ee2
+
abc
++1
000.e
1.2.3
000.e
0e
1e-
0e
+
1e+
-
e10
1ee2
1ee2
++1
1e-
++1
e10
1.2.3
0e
.
1ee2
1e
1ee2
1e+
1ee2
-
abc
1e-
abc
000.e
+
+
000.e
1e+
1.2.3
.
1ee2
000.e
1e
-
1ee2
1e
1ee2
1e-
abc
++1
++1
1e-
1e
++1
e10
.
e10
+
+
1ee2
0e
000.e
--2
1e+
1e-
0e
+
1.2.3
1ee2
.
abc
0e
1.2.3
0e
--2
000.e
-
++1
--2
1e-
1ee2
++1
1e
000.e
000.e
1ee2
0e
--2
000.e
abc
1.2.3
1.2.3
e10
e10
++1
1e+
1e-
--2
1e-
1e
1ee2
e10
++1
.
e10
.
++1
+
1ee2
++1
0e
1.2.3
-
.
0e
000.e
1e-
1e-
-
000.e
1e-
1ee2
0e
.
-
1e+
-
+
.
-
000.e
--2
.
+
1e+
1.2.3
abc
++1
.
000.e
++1
--2
000.e
1ee2
e10
1e
000.e
1e
1e+
000.e
1.2.3
0e
1e
+
-
1.2.3
++1
--2
.
0e
1ee2
.
.
-
1ee2
000.e
000.e
abc
1e-
+
1e-
abc
e10
1ee2
1.2.3
1.2.3
1ee2
.
--2
0e
1.2.3
e10
1ee2
000.e
0e
abc
1ee2
+
.
0e
1e+
e10
1.2.3
.
e10
abc
0e
abc
000.e
+
e10
1e+
1e
0e
1.2.3
-
.
abc
.
-
abc
abc
000.e
e10
abc
-
000.e
000.e
++1
++1
0e
e10
1ee2
--2
1e
--2
1e
abc
--2
++1
e10
--2
1ee2
e10
000.e
0e
.
000.e
++1
1e
-
0e
-
1.2.3
--2
+
1e
1.2.3
.
e10
0e
1.2.3
.
abc
e10
--2
++1
1.2.3
1ee2
1.2.3
1.2.3
e10
e10
++1
-
.
.
--2
abc
-
1e
abc
abc
1e+
1.2.3
1e-
abc
abc
e10
abc
.
1ee2
1e+
--2
--2
1.2.3
1e+
1.2.3
++1
1.2.3
1e-
+
0e
+
1ee2
--2
abc
1e
-
e10
1ee2
1e-
1e+
1ee2
000.e
.
1e-
-
1e-
abc
.
.
1ee2
-
--2
e10
1.2.3
--2
-
++1
1ee2
e10
+
1ee2
000.e
0e
abc
1ee2
0e
e10
1e
1e
1e-
.
1.2.3
1e-
000.e
e10
-
abc
1e+
-
-
abc
000.e
1e-
.
0e
1e-
-
1.2.3
1e-
.
000.e
abc
1e-
abc
.
1e
++1
1e
e10
e10
000.e
1e
1e
1e+
-
+
1e-
abc
1e+
.
++1
1e-
1e+
.
abc
1e
1.2.3
000.e
1e-
-
++1
1e+
1e-
e10
++1
1.2.3
0e
abc
1e-
e10
++1
-
000.e
--2
abc
1e-
1e+
.
++1
1e
000.e
1e+
+
-
1ee2
1e-
abc
0e
--2
1.2.3
1e+
.
.
+
abc
-
1.2.3
+
.
0e
--2
+
.
++1
.
abc
1e+
+
000.e
++1
-
++1
-
e10
abc
--2
1ee2
0e
e10
0e
abc
1e
1e+
--2
1e+
abc
1.2.3
++1
e10
1.2.3
e10
1.2.3
0e
1ee2
abc
1e
1e+
1ee2
1ee2
--2
1e
1.2.3
1e+
1.2.3
1ee2
1e-
000.e
1e
1e-
1e-
1e-
1ee2
1e-
000.e
++1
++1
-
++1
1e
+
++1
0e
1e
0e
1e-
+
abc
e10
++1
-
++1
1ee2
.
1e
000.e
++1
e10
e10
abc
1e
-
.
0e
.
-
-
1e
.
1ee2
+
abc
1e-
000.e
+
++1
1.2.3
1e+
1.2.3
++1
1.2.3
--2
e10
+
-
abc
1e+
++1
1ee2
++1
1.2.3
++1
.
1ee2
+
1e+
.
++1
000.e
-
--2
+
0e
0e
1e-
1.2.3
0e
1.2.3
1ee2
e10
abc
0e
abc
-
1e
+
1e
.
1ee2
1e-
-
1.2.3
abc
e10
++1
1ee2
1e-
.
1.2.3
e10
0e
1e
--2
0e
1.2.3
1e
1.2.3
-
000.e
0e
++1
e10
0e
1e-
e10
abc
000.e
++1
1.2.3
1e+
abc
1.2.3
1e+
1e-
1ee2
.
.
--2
1.2.3
+
1e
000.e
e10
-
++1
1e-
1.2.3
.
0e
abc
0e
-
1.2.3
1e-
-
++1
1e+
abc
1e
1ee2
+
+
-
.
000.e
1ee2
--2
-
0e
1ee2
0e
1e
-
1e-
+
1e
.
1.2.3
abc
0e
abc
e10
0e
1.2.3
++1
1e
e10
++1
--2
--2
1e-
--2
e10
++1
.
.
+
++1
0e
000.e
1e
1e+
1.2.3
e10
0e
0e
0e
1e+
--2
1ee2
1.2.3
e10
0e
1e+
+
1e
1.2.3
+
+
e10
1ee2
1e
1e
abc
+
0e
1e
-
--2
1ee2
1.2.3
.
++1
.
abc
-
e10
e10
-
1ee2
.
++1
-
.
1e+
-
-
.
0e
e10
0e
++1
1e-
1e
1.2.3
1e-
1ee2
1e
.
--2
1e+
-
1ee2
-
-
abc
1.2.3
+
+
1ee2
--2
1ee2
abc
e10
e10
e10
e10
0e
--2
1e+
.
++1
--2
000.e
1e-
e10
1e-
1.2.3
+
1.2.3
1ee2
++1
+
1e-
1e-
000.e
--2
1ee2
1e
1e+
1e
e10
1e
.
+
abc
1ee2
1e+
1.2.3
1ee2
abc
--2
0e
.
.
abc
.
abc
abc
.
abc
1e
1ee2
1.2.3
abc
1ee2
.
e10
1e+
1.2.3
0e
1.2.3
1.2.3
0e
+
0e
1e-
.
++1
+
1ee2
--2
1e+
1e
e10
++1
-
1.2.3
1.2.3
e10
1e+
abc
+
+
++1
1e+
1e
-
+
.
0e
1e
0e
--2
0e
000.e
1.2.3
e10
1e
1ee2
1e
1ee2
++1
-
-
1e-
1e
0e
e10
.
e10
.
.
++1
e10
+
1e-
1e
++1
1ee2
-
000.e
1e+
e10
1e-
1ee2
+
0e
1e
++1
e10
.
abc
1e+
-
1e+
-
++1
+
1e
-
1e-
1.2.3
--2
abc
1e
1e+
-
e10
000.e
1e+
.
--2
1ee2
000.e
1.2.3
-
+
1e+
-
1ee2
1ee2
-
1.2.3
abc
0e
1e+
abc
.
+
1e-
1e+
1e-
000.e
++1
1ee2
abc
0e
--2
.
1e
++1
e10
--2
000.e
--2
1e+
0e
1e+
-
abc
e10
1e+
000.e
1e-
000.e
000.e
0e
abc
.
1ee2
000.e
1e-
.
1e
1ee2
.
-
1ee2
.
1ee2
1e+
+
0e
++1
1e
1e-
e10
--2
+
e10
.
000.e
--2
1.2.3
--2
1e-
0e
1e
++1
0e
.
-
0e
+
000.e
--2
1ee2
-
1e
1e+
1e-
abc
++1
+
1e-
1e
1e+
1e+
0e
e10
abc
0e
--2
-
1e
1e
1ee2
--2
-
-
000.e
++1
.
--2
abc
1e-
--2
1e+
abc
-
-
abc
1.2.3
0e
1e
1ee2
+
000.e
1e+
-
+
e10
+
+
abc
1e+
.
1e+
1e-
1e-
000.e
.
0e
abc
+
.
--2
1e+
1e
1e
000.e
e10
--2
1.2.3
++1
1.2.3
abc
1ee2
.
.
-
1ee2
000.e
-
+
1e-
--2
.
++1
1e
.
+
000.e
--2
1e
1e
abc
1ee2
--2
e10
0e
0e
1e
1.2.3
.
--2
+
1ee2
.
000.e
abc
++1
abc
1.2.3
e10
e10
1e
+
--2
--2
000.e
e10
abc
-
1e+
.
+
0e
1ee2
e10
1e
000.e
1.2.3
1ee2
e10
--2
+
++1
1ee2
1e
e10
1e+
1e
--2
--2
+
0e
+
1e
+
abc
0e
.
1e-
1e+
1ee2
--2
1e
1e
000.e
++1
1.2.3
+
+
--2
abc
1e
--2
000.e
-
1e+
e10
.
0e
e10
1e
0e
e10
e10
abc
000.e
.
++1
+
1ee2
1e
--2
1e
e10
1e
e10
-
1ee2
abc
+
e10
.
1.2.3
1e
--2
1ee2
1e-
-
abc
1e-
--2
--2
1e
e10
-
.
e10
-
1e
1e
1ee2
--2
+
-
++1
-
.
--2
1e+
1e
--2
abc
1e-
1ee2
1e
1e+
1e
abc
-
1e
+
1e+
.
1e
1.2.3
1.2.3
1ee2
.
--2
--2
0e
-
0e
1ee2
1e+
++1
.
.
1e-
abc
1ee2
e10
.
++1
1e+
+
-
1e-
+
e10
++1
000.e
++1
1e-
1e
000.e
1.2.3
000.e
+
1ee2
1ee2
e10
1.2.3
-
1.2.3
0e
e10
+
1e
abc
1e+
e10
0e
e10
++1
1.2.3
--2
1ee2
000.e
1e
--2
000.e
.
1.2.3
++1
.
1e-
0e
1e-
1e-
1e+
e10
1e-
+
--2
0e
1e-
1ee2
1e
abc
e10
abc
+
+
.
-
1e
1e
1e-
1e+
1.2.3
1e+
-
.
abc
.
1e
1e
+
1e+
1e
0e
--2
-
1e-
000.e
-
++1
1e
-
.
++1
1.2.3
1e-
1ee2
1e+
1e
.
--2
--2
1ee2
--2
1ee2
000.e
1ee2
-
--2
1e+
--2
.
1e-
+
1.2.3
1e
e10
1e-
--2
0e
0e
1e-
e10
1.2.3
1e-
++1
-
000.e
1.2.3
.
++1
1ee2
000.e
abc
0e
abc
-
000.e
.
1ee2
+
1e-
-
1e+
1ee2
-
1.2.3
.
.
++1
1e
.
1e-
1ee2
1e-
+
1e-
1e
000.e
1e+
000.e
+
1e+
-
000.e
1e-
1.2.3
e10
000.e
1e-
0e
000.e
++1
--2
e10
++1
e10
1ee2
abc
1ee2
-
1ee2
1e
1.2.3
0e
1ee2
e10
-
+
++1
e10
1e
abc
e10
1ee2
1e+
1e-
+
++1
0e
0e
-
0e
1e-
000.e
+
1ee2
1.2.3
1ee2
000.e
1e-
1e+
1e-
1.2.3
++1
-
1e
0e
1ee2
1e
0e
1e
e10
+
++1
1ee2
-
+
-
e10
000.e
0e
000.e
1ee2
-
e10
1.2.3
.
1e-
1.2.3
-
-
--2
--2
1ee2
1e+
--2
000.e
abc
1e+
1ee2
e10
1.2.3
.
1e+
.
++1
1e+
abc
-
1.2.3
0e
+
.
1e
000.e
1e
++1
-
abc
1.2.3
1e-
.
1e
.
e10
--2
1e
1e-
.
abc
1e
1e
++1
1ee2
1.2.3
+
-
.
-
1e-
0e
1e-
000.e
.
.
+
1.2.3
000.e
.
1ee2
.
.
1ee2
-
000.e
1e
1e
0e
1ee2
1e
1e
1ee2
++1
000.e
++1
1.2.3
1.2.3
1e+
++1
abc
e10
e10
-
.
e10
e10
e10
1.2.3
0e
1e
1e
1.2.3
.
e10
1.2.3
1e-
e10
1e-
--2
1e+
1e-
0e
--2
1e
abc
1e-
.
1e+
1e+
.
e10
--2
1e-
--2
1e
+
--2
1ee2
1e-
++1
1ee2
e10
0e
e10
000.e
++1
.
--2
1e-
1e+
.
000.e
--2
1ee2
++1
abc
--2
--2
1e+
+
1ee2
+
--2
1.2.3
000.e
1ee2
++1
abc
1e-
.
abc
.
abc
.
+
000.e
1e
abc
++1
1e+
1e
abc
0e
1ee2
e10
++1
abc
abc
--2
1.2.3
1.2.3
-
000.e
e10
1ee2
1ee2
--2
1.2.3
+
++1
0e
1e
-
abc
++1
--2
.
--2
e10
1ee2
e10
.
--2
0e
000.e
--2
++1
--2
000.e
--2
abc
000.e
++1
1.2.3
abc
+
0e
1e+
1ee2
0e
1e
abc
1.2.3
000.e
--2
abc
1e-
1ee2
++1
000.e
--2
-
++1
.
1e-
1e
000.e
.
-
-
e10
e10
--2
abc
1e+
1e+
1.2.3
.
1ee2
000.e
0e
1e+
.
++1
1e+
.
1.2.3
++1
+
++1
1e
1e-
++1
1e+
abc
0e
1e
++1
000.e
+
+
1.2.3
1ee2
-
+
1e+
.
1.2.3
1e
1e-
++1
abc
0e
+
1e
-
000.e
1e
+
.
1e+
abc
000.e
-
++1
0e
000.e
1e+
1ee2
1e+
1ee2
.
.
++1
1ee2
0e
--2
+
1e-
abc
0e
+
++1
1ee2
.
.
++1
abc
e10
.
1e+
1ee2
0e
e10
-
--2
+
++1
--2
000.e
1ee2
1e+
1.2.3
1ee2
1ee2
1.2.3
000.e
1ee2
++1
abc
+
+
1e
e10
1e-
0e
+
-
e10
000.e
0e
1e
1ee2
--2
1e
abc
1e-
abc
-
000.e
1e+
1.2.3
1e-
--2
0e
--2
1e-
1e-
.
0e
0e
1.2.3
1e
abc
-
1e
1.2.3
.
--2
1e-
e10
+
0e
000.e
1e+
0e
1e+
.
1e
1.2.3
1e-
000.e
e10
++1
+
--2
-
1e-
.
1e
++1
1e
--2
-
e10
1e
1ee2
.
+
000.e
-
1e-
1e-
000.e
--2
1e
e10
++1
000.e
1e+
1ee2
+
1e
1e+
1.2.3
0e
1e
1e+
-
++1
++1
1e
++1
e10
1.2.3
++1
--2
abc
1ee2
1ee2
1e-
1e+
--2
1e+
1e
e10
1e
0e
0e
1e
+
1e+
0e
1e+
1e+
-
e10
+
e10
-
+
+
-
000.e
1e
000.e
000.e
0e
++1
1e-
1e-
0e
1ee2
e10
1.2.3
1.2.3
000.e
000.e
-
0e
1e-
--2
.
1.2.3
1ee2
1e
-
++1
000.e
1e-
1e
e10
--2
0e
--2
--2
abc
++1
+
--2
000.e
1e-
0e
1.2.3
+
e10
000.e
1e
e10
000.e
1ee2
+
-
.
0e
-
-
0e
000.e
1e-
++1
1e
++1
1.2.3
1.2.3
++1
1e+
e10
000.e
1e
000.e
--2
1.2.3
1.2.3
--2
-
+
1e
.
+
1e
1.2.3
abc
1.2.3
1.2.3
.
+
e10
1e+
1ee2
e10
0e
abc
e10
0e
e10
++1
+
1ee2
+
1e+
.
000.e
1e
1e-
1ee2
e10
++1
+
abc
--2
e10
++1
0e
1e-
1ee2
1e+
-
000.e
1e+
e10
abc
1e+
1e+
1e+
1e-
.
000.e
1ee2
000.e
-
000.e
0e
1.2.3
1.2.3
.
++1
0e
1.2.3
--2
-
e10
--2
e10
.
000.e
-
.
1.2.3
000.e
0e
--2
+
.
.
1e+
--2
e10
1e-
+
1.2.3
++1
1ee2
+
-
1e
1e+
-
0e
-
--2
e10
.
1e-
-
0e
-
1.2.3
1e+
0e
--2
1e
abc
abc
e10
1e+
+
--2
e10
000.e
+
--2
-
1e+
-
++1
e10
1ee2
-
1e+
1.2.3
-
0e
++1
++1
1e-
1ee2
0e
1ee2
1.2.3
.
1e
0e
0e
--2
.
++1
--2
0e
+
1e-
1ee2
.
e10
++1
000.e
1e+
0e
.
1e+
0e
0e
000.e
abc
--2
--2
1e
abc
e10
1e+
000.e
--2
1e-
1e
-
--2
1e
1e
++1
--2
0e
++1
000.e
000.e
1e
000.e
1e+
000.e
0e
1.2.3
+
1e-
abc
1e-
abc
1e+
abc
1e-
++1
e10
+
0e
000.e
0e
1e-
1e+
1e-
1e
--2
abc
000.e
1e
.
1e+
1.2.3
0e
e10
0e
++1
.
--2
1ee2
000.e
000.e
000.e
000.e
1e
abc
1ee2
1ee2
1e+
0e
1ee2
1e
-
.
0e
--2
000.e
.
1e-
++1
1e+
1e
0e
abc
--2
--2
++1
000.e
0e
abc
e10
abc
.
1e+
-
.
1e+
1e-
1e-
abc
--2
1.2.3
--2
.
-
abc
0e
--2
abc
-
1e-
--2
1e-
++1
--2
1e
-
1e-
0e
1e+
1e+
1e+
1e
1.2.3
abc
000.e
.
0e
+
1ee2
1ee2
1e-
--2
abc
e10
abc
abc
+
1ee2
1.2.3
1e
000.e
1e-
1ee2
1e
e10
-
abc
.
.
abc
0e
1e-
--2
.
000.e
1ee2
abc
--2
1.2.3
+
.
1e-
++1
-
000.e
.
1.2.3
000.e
++1
e10
0e
--2
.
-
1e
1e
000.e
-
1.2.3
1e
--2
1e
.
1ee2
0e
e10
e10
0e
.
0e
abc
1ee2
++1
1e+
++1
e10
0e
0e
1e-
1ee2
+
1e-
e10
+
1.2.3
1e
1e
--2
1e
1ee2
0e
1ee2
e10
-
++1
abc
1e+
abc
+
++1
000.e
1e
.
1e
0e
-
abc
.
1e
1e+
1e
--2
--2
+
1.2.3
1ee2
-
.
+
.
1e+
1.2.3
1e+
000.e
0e
0e
0e
1e
++1
000.e
-
1e+
1e-
+
1e-
0e
000.e
000.e
e10
--2
0e
-
1e-
+
abc
1ee2
--2
abc
1.2.3
++1
0e
1.2.3
.
1.2.3
++1
++1
+
1e
0e
1e
1e+
0e
1e+
+
--2
0e
+
-
1.2.3
1e-
++1
-
--2
000.e
+
-
+
1.2.3
1ee2
.
1ee2
1e-
++1
-
e10
0e
+
--2
1e
1.2.3
abc
++1
1.2.3
+
+
e10
--2
1e
++1
--2
++1
e10
000.e
1e-
1e+
abc
+
--2
0e
-
0e
abc
++1
1e-
0e
000.e
1e-
abc
1.2.3
0e
1e
000.e
--2
1ee2
000.e
0e
-
0e
abc
abc
++1
-
-
abc
--2
1.2.3
0e
1.2.3
1e
1e-
000.e
0e
1e+
1ee2
.
--2
1ee2
1ee2
e10
000.e
1.2.3
0e
+
abc
++1
000.e
0e
1.2.3
.
++1
0e
1.2.3
0e
000.e
000.e
abc
1e
1e+
1e-
--2
1e-
--2
1e
e10
1e-
1.2.3
abc
e10
1e
e10
000.e
--2
1e
-
e10
--2
1.2.3
0e
e10
abc
000.e
-
0e
++1
1ee2
1e
--2
--2
e10
++1
.
1e-
0e
--2
0e
+
1e
e10
++1
1e+
000.e
1ee2
1e-
e10
1ee2
-
000.e
.
1.2.3
1e-
1e
1e+
e10
1.2.3
1ee2
1.2.3
1ee2
++1
-
1ee2
1ee2
-
1.2.3
1e-
0e
e10
-
-
000.e
++1
0e
-
++1
-
-
+
--2
0e
e10
1.2.3
--2
1e
.
e10
e10
-
000.e
0e
1e
abc
1e
--2
1ee2
1e+
1e
.
e10
abc
+
1e-
--2
1e
000.e
abc
abc
1e
++1
1e
abc
-
--2
e10
1ee2
+
1.2.3
000.e
++1
abc
0e
1e-
-
1e
1e+
1ee2
1e
1ee2
1.2.3
--2
0e
-
-
abc
1.2.3
000.e
1e
1e+
000.e
1e-
abc
+
1.2.3
.
1.2.3
1.2.3
1e-
0e
0e
1.2.3
0e
.
-
+
e10
1e-
--2
+
.
000.e
abc
++1
1ee2
-
e10
.
+
1e+
000.e
e10
1e-
1e
1e-
++1
--2
1e+
0e
e10
-
1e-
0e
000.e
.
abc
1e-
--2
1ee2
+
.
1e-
.
e10
1e
+
1e
e10
000.e
1ee2
++1
1e+
1ee2
--2
--2
1.2.3
.
abc
1ee2
1e
+
1ee2
+
1e
--2
000.e
.
abc
1.2.3
1e-
-
1.2.3
1e-
-
0e
e10
000.e
000.e
1.2.3
1e
000.e
1.2.3
+
++1
1e+
.
1e+
--2
-
.
--2
.
1e-
--2
++1
1ee2
1ee2
-
++1
000.e
1e+
1.2.3
0e
1e-
abc
-
e10
abc
+
1.2.3
+
1e
e10
1ee2
+
000.e
abc
1.2.3
1.2.3
0e
0e
1e
1ee2
e10
1e+
.
.
1e
++1
1.2.3
abc
e10
-
1.2.3
.
abc
-
1e+
1e+
0e
--2
1e+
++1
000.e
--2
+
-
1e
1e-
e10
1e-
000.e
1.2.3
1e
--2
1ee2
1e+
000.e
1e-
-
--2
++1
++1
1.2.3
0e
+
1e-
--2
000.e
--2
1e
1.2.3
1e+
1ee2
+
1ee2
1e-
1ee2
++1
1e
1ee2
+
-
++1
++1
1e+
1e-
1e-
1e-
1e+
0e
1ee2
e10
1e
--2
1e
1ee2
+
1.2.3
++1
000.e
1ee2
1e-
--2
-
000.e
++1
+
1e-
++1
.
e10
1e
0e
1e+
++1
-
1e
0e
1.2.3
1.2.3
++1
1ee2
.
1e
1e
0e
.
++1
++1
+
1ee2
e10
e10
1e-
--2
1e
000.e
000.e
--2
e10
+
1e+
++1
1e-
--2
000.e
000.e
+
1e-
1e
1ee2
abc
+
+
1.2.3
+
1ee2
1e-
1e
e10
-
1e
++1
1e+
-
1ee2
e10
1e-
1e+
-
e10
1e
+
1e+
+
0e
1e-
1e
abc
000.e
e10
000.e
1e
1e
0e
-
++1
++1
+
1e
1e+
1e-
++1
0e
++1
1e
1ee2
abc
--2
1ee2
000.e
+
abc
-
0e
e10
+
1ee2
1.2.3
e10
0e
1e
abc
++1
1e+
1e
1e
0e
1e
abc
+
1e
1e
abc
-
++1
e10
--2
000.e
1ee2
1.2.3
++1
-
abc
1.2.3
0e
1e-
1e-
+
-
1e
--2
1e-
000.e
1e+
abc
e10
1e-
0e
0e
--2
--2
+
000.e
1ee2
0e
1e-
abc
1.2.3
.
1e-
1e-
-
e10
1e-
1e+
1e+
.
e10
-
1e
1ee2
1.2.3
000.e
e10
-
.
.
.
1e+
++1
e10
1e-
1ee2
1e-
e10
++1
--2
.
1ee2
1e
--2
1e
1e
1e-
1e-
e10
+
++1
0e
1.2.3
1.2.3
1ee2
+
1e-
1e
1e
.
e10
1e-
--2
000.e
1ee2
1e+
1e+
1e+
++1
1.2.3
1e+
1e+
1e+
-
0e
--2
e10
.
1ee2
1e-
-
1.2.3
0e
--2
1e+
1ee2
1ee2
1e
1e-
1.2.3
++1
+
0e
1ee2
1.2.3
--2
1e+
--2
+
1e
+
1ee2
1e+
1ee2
1e-
--2
+
-
1e+
++1
1e-
1e+
++1
--2
1.2.3
abc
000.e
.
000.e
1e+
--2
000.e
.
.
1ee2
-
1e+
1e-
abc
000.e
1e-
0e
.
000.e
000.e
.
1ee2
--2
e10
1e
.
abc
--2
000.e
1e
000.e
+
000.e
000.e
abc
1ee2
++1
1ee2
abc
+
-
1.2.3
1e+
+
e10
1ee2
0e
1e+
1e+
.
.
abc
-
--2
++1
--2
abc
1ee2
-
0e
abc
.
.
1e-
++1
.
1e+
1.2.3
1e
+
1e
1ee2
1.2.3
++1
.
+
abc
abc
1.2.3
--2
0e
+
1.2.3
1e+
0e
abc
.
000.e
.
abc
e10
1e
1e
1e-
++1
.
1.2.3
1e-
1.2.3
abc
1e+
1e
1ee2
.
1e+
1ee2
1e+
+
1.2.3
0e
000.e
e10
1.2.3
1e
-
1e-
0e
1e+
e10
0e
1.2.3
1e-
0e
e10
e10
--2
1ee2
000.e
000.e
-
000.e
0e
1e-
000.e
1e
--2
1.2.3
+
-
+
e10
000.e
1e-
+
000.e
+
1e+
+
1e
-
000.e
-
1.2.3
1.2.3
1e-
-
1e-
.
--2
1e
-
1.2.3
1e
--2
.
++1
000.e
e10
1ee2
1ee2
e10
++1
1e-
0e
e10
1e-
1e+
000.e
+
1e-
.
e10
1e
++1
1e-
++1
1e-
--2
1.2.3
+
-
--2
e10
e10
1e-
1e-
-
0e
.
1e+
++1
1e
0e
1e
--2
0e
0e
abc
abc
--2
-
1ee2
.
.
abc
--2
abc
1e-
1ee2
000.e
--2
000.e
1e
++1
0e
-
1ee2
-
+
0e
000.e
.
--2
1e+
000.e
e10
abc
.
1.2.3
-
abc
1e
-
1e+
+
abc
1ee2
1e
0e
-
abc
1.2.3
1ee2
--2
abc
abc
e10
-
+
000.e
1ee2
+
++1
0e
000.e
1e
abc
1.2.3
.
1e
+
-
abc
e10
.
-
-
000.e
--2
1e+
000.e
-
1e+
0e
++1
1e+
+
+
-
1e
0e
000.e
-
abc
++1
0e
1e
1e-
1e-
000.e
e10
-
e10
1e
1e+
abc
.
++1
.
1ee2
1.2.3
abc
1e+
000.e
1e-
abc
-
1ee2
.
abc
e10
-
--2
1e+
-
1.2.3
1.2.3
-
1.2.3
000.e
--2
.
abc
1.2.3
1e
-
abc
abc
1e-
1.2.3
1ee2
0e
1e+
000.e
1.2.3
000.e
1e
-
1.2.3
000.e
1e-
++1
-
1e-
1e+
1e
1e+
1e-
--2
1e-
+
+
1e-
1.2.3
1e+
abc
-
1e
+
.
+
1e+
-
++1
0e
--2
abc
1e
1e+
0e
.
-
1e-
000.e
+
+
1e+
0e
1e+
1e+
1e
1e+
000.e
--2
1e+
1e
abc
--2
1e
e10
++1
.
1e
.
++1
1.2.3
abc
++1
abc
abc
e10
++1
1e
1.2.3
-
-
abc
++1
1e
--2
1ee2
1e-
--2
abc
++1
000.e
--2
.
e10
1e+
1e-
1e+
e10
1.2.3
e10
+
--2
.
1ee2
++1
.
1e+
abc
-
+
1e+
--2
--2
e10
1e
0e
++1
-
1ee2
1e-
1e
1e
+
abc
1ee2
1e-
abc
--2
-
-
000.e
++1
-
-
000.e
++1
1e
--2
--2
--2
1ee2
0e
1.2.3
-
000.e
--2
+
--2
1e-
++1
.
abc
1.2.3
000.e
-
+
-
--2
abc
-
abc
+
1e-
--2
1e
000.e
e10
000.e
1ee2
--2
1e-
abc
0e
000.e
1e
0e
-
e10
1e+
1e
--2
--2
1e+
e10
.
000.e
++1
--2
0e
-
--2
1e+
.
.
1e+
1.2.3
1e
e10
-
-
1.2.3
000.e
.
.
1ee2
1.2.3
++1
1e-
1.2.3
--2
--2
000.e
abc
.
1e
1e+
000.e
--2
1e
1.2.3
-
1.2.3
--2
+
--2
1e-
000.e
+
0e
1e+
e10
+
1e+
1e+
e10
0e
1.2.3
1e-
-
1e+
1e-
++1
.
1ee2
--2
++1
.
0e
1.2.3
.
1ee2
0e
1.2.3
1e-
+
1e+
1e+
e10
1.2.3
e10
1e-
+
1e-
1ee2
1e+
abc
000.e
abc
1e+
1e-
1e+
0e
.
1.2.3
1.2.3
1e
--2
--2
abc
e10
1e
+
-
+
1e
0e
1ee2
abc
1e-
1ee2
0e
1e-
1ee2
abc
.
000.e
+
abc
0e
++1
000.e
1ee2
1ee2
abc
.
e10
1ee2
000.e
+
1e+
1.2.3
--2
abc
--2
1ee2
1.2.3
e10
1e
e10
e10
abc
1.2.3
0e
1e
+
.
0e
1.2.3
.
1e+
abc
.
-
000.e
1ee2
e10
1ee2
0e
1e
1e-
1e+
-
.
1e+
abc
-
1e+
1ee2
000.e
1e
--2
-
1e
.
1.2.3
abc
1e+
1e+
0e
1e+
--2
++1
e10
-
0e
abc
+
1e+
.
1e+
e10
000.e
e10
e10
abc
1ee2
1e+
1ee2
1ee2
--2
1ee2
+
+
.
e10
--2
1e
0e
1e-
.
+
1.2.3
--2
-
0e
.
1.2.3
1ee2
.
1ee2
--2
e10
abc
.
.
abc
abc
1e-
000.e
abc
1ee2
-
1e-
1.2.3
1ee2
1e-
1ee2
000.e
++1
1e+
++1
000.e
1e
0e
.
+
.
1ee2
abc
+
-
e10
000.e
000.e
e10
1ee2
abc
-
1ee2
.
e10
++1
1.2.3
-
000.e
-
+
++1
+
--2
abc
1e-
-
000.e
+
++1
+
++1
++1
+
1e-
1.2.3
++1
e10
+
1e
1ee2
1ee2
--2
.
000.e
1.2.3
1.2.3
1e
1e
1e+
-
1e+
0e
.
--2
e10
1e
abc
-
0e
-
000.e
+
0e
--2
.
--2
1e-
0e
1e
1.2.3
++1
++1
1ee2
1.2.3
0e
--2
1ee2
000.e
e10
1e-
.
000.e
1e-
-
1.2.3
1ee2
e10
.
0e
1.2.3
1e-
0e
1e
0e
.
1e
e10
1e-
abc
0e
--2
1e
--2
0e
0e
e10
-
0e
0e
1e
1e
1ee2
1e+
000.e
1ee2
++1
e10
+
+
.
e10
000.e
+
1ee2
000.e
-
1ee2
+
abc
1.2.3
--2
1.2.3
0e
.
-
000.e
e10
.
000.e
e10
1e-
.
1.2.3
1e-
.
1ee2
1ee2
--2
.
++1
1.2.3
abc
++1
++1
0e
--2
+
abc
1ee2
1e+
-
abc
--2
1e
abc
000.e
1e-
abc
1e
+
++1
e10
++1
abc
++1
1e+
0e
1e-
+
++1
1e-
000.e
++1
1e-
1e-
.
+
1e
0e
1e-
1ee2
.
1ee2
abc
.
abc
-
++1
abc
0e
0e
1e
++1
1e+
.
abc
.
-
1.2.3
1ee2
1e-
000.e
1.2.3
.
0e
+
-
--2
-
1e
000.e
+
--2
1e
000.e
1e
000.e
.
+
-
--2
1e
+
--2
1e
abc
0e
-
e10
0e
0e
1e-
--2
++1
e10
1e+
.
1e+
+
e10
000.e
.
abc
1.2.3
-
1ee2
1ee2
.
1e-
-
.
1ee2
.
abc
--2
-
e10
abc
+
0e
1e+
1e
1.2.3
1.2.3
+
.
.
++1
-
0e
1ee2
1e-
.
0e
.
1ee2
.
1.2.3
abc
1.2.3
1.2.3
1e
-
--2
1e-
--2
1e
1e+
1.2.3
-
000.e
1e
.
--2
++1
1e+
e10
+
abc
0e
+
1e+
--2
e10
-
+
-
abc
1e
++1
-
e10
1.2.3
++1
0e
1e-
1e-
-
1e+
abc
.
1ee2
1e+
+
abc
1e
1.2.3
0e
+
-
.
1e+
000.e
++1
+
1e-
e10
-
abc
1e-
e10
1.2.3
+
-
1e
0e
++1
++1
1e
0e
--2
abc
1e
1e+
1e
1ee2
-
+
1ee2
--2
1.2.3
+
1ee2
1e
.
1e-
.
1e+
1ee2
0e
abc
000.e
++1
+
1e+
1ee2
e10
-
.
1e-
.
abc
1e
abc
+
.
000.e
+
1e+
1ee2
abc
e10
--2
1e-
--2
0e
000.e
1e-
1e+
1ee2
1ee2
1ee2
1e-
--2
000.e
abc
1.2.3
1ee2
-
+
++1
e10
.
abc
+
1e
-
1ee2
--2
-
e10
000.e
-
000.e
e10
1.2.3
--2
1.2.3
1ee2
abc
1e
1e+
-
1ee2
e10
000.e
.
+
-
1.2.3
abc
1.2.3
1ee2
abc
++1
1ee2
1.2.3
1ee2
0e
-
000.e
1.2.3
1.2.3
1e+
--2
000.e
+
1e-
+
--2
+
-
++1
1.2.3
--2
1e-
+
++1
+
-
+
000.e
000.e
+
.
1e+
++1
1e
1ee2
000.e
+
abc
1e
1.2.3
e10
++1
1e-
--2
-
1e+
+
-
1e+
0e
000.e
1e+
000.e
.
--2
.
1.2.3
e10
1e+
abc
-
1.2.3
1.2.3
abc
1ee2
0e
1ee2
0e
e10
--2
000.e
-
000.e
+
1e+
-
1e+
1e
+
1e+
e10
1ee2
1ee2
000.e
0e
0e
1e
e10
1ee2
1e
000.e
--2
1e
-
1e-
++1
-
0e
1.2.3
1e
.
++1
1e-
1e
abc
1ee2
1ee2
abc
e10
+
++1
.
1e+
-
+
--2
1e-
+
abc
-
0e
+
e10
1e+
-
--2
+
0e
abc
1e
abc
++1
.
0e
1e+
++1
1e+
1ee2
1ee2
++1
abc
1ee2
0e
0e
0e
+
--2
--2
-
1e-
000.e
-
--2
1e
000.e
1e+
1e+
1e+
+
--2
0e
1e-
1e+
1e-
1ee2
++1
abc
1e+
-
1e
1e-
1e-
++1
.
--2
abc
0e
--2
000.e
0e
1e+
1ee2
++1
++1
-
-
abc
abc
1e
.
1e
1e+
1e
--2
000.e
1e
abc
1e-
+
0e
--2
-
++1
+
--2
1e+
+
1ee2
e10
000.e
1e
0e
1e
-
-
1e
000.e
1e
1e
1.2.3
1ee2
1e+
.
1e+
000.e
1e+
-
--2
1e+
0e
1e-
++1
++1
1e-
1.2.3
1e+
e10
0e
1.2.3
+
000.e
1e
1e+
1e-
e10
0e
--2
000.e
1e+
--2
1ee2
1.2.3
-
.
.
000.e
+
--2
++1
.
.
+
abc
+
1e
1e+
abc
1e-
1e-
1ee2
1e
1ee2
abc
-
abc
1.2.3
e10
000.e
e10
1.2.3
1e-
--2
1e
000.e
1.2.3
abc
1ee2
.
1e
1.2.3
1ee2
1.2.3
1e-
1.2.3
0e
+
1e+
1e+
000.e
.
-
abc
1e+
1e
++1
000.e
1.2.3
1e-
1ee2
1ee2
.
000.e
+
e10
abc
0e
1.2.3
1e
++1
--2
1e-
--2
--2
abc
--2
--2
abc
+
1.2.3
000.e
-
e10
-
0e
1e+
abc
1.2.3
.
0e
abc
1.2.3
000.e
000.e
0e
000.e
000.e
1.2.3
1.2.3
1e
+
+
1e-
+
++1
-
1.2.3
1e-
0e
++1
1.2.3
1.2.3
e10
000.e
1e+
++1
++1
-
1.2.3
abc
-
.
1.2.3
1ee2
abc
0e
0e
0e
++1
1e
0e
1e+
1e
abc
1e-
1e-
1e+
1e
e10
.
++1
--2
-
1e+
--2
+
++1
1e-
+
0e
1e-
++1
1.2.3
.
1e
+
.
e10
1ee2
-
--2
--2
-
-
1.2.3
abc
--2
1e
.
e10
1e
-
.
1e-
.
1e
abc
+
-
1.2.3
.
.
1e+
0e
1e
e10
000.e
1e-
+
abc
.
++1
1e-
0e
--2
1.2.3
e10
e10
1.2.3
1ee2
++1
+
1ee2
1e-
1ee2
e10
--2
1e+
--2
+
++1
1e-
--2
1e-
1e
1ee2
.
1e+
abc
1.2.3
--2
1e-
.
e10
1e+
.
000.e
000.e
1e+
0e
1.2.3
.
--2
0e
-
1.2.3
1e
1e
+
.
.
.
1e-
000.e
abc
-
abc
+
1.2.3
0e
-
1ee2
1e
.
-
.
1e-
1e-
++1
1e
000.e
-
000.e
.
1.2.3
1e+
1e+
1ee2
+
1e-
1e+
++1
e10
+
1.2.3
-
abc
1e
1ee2
e10
++1
1ee2
1e+
e10
1.2.3
0e
1ee2
.
000.e
.
1e
1e+
0e
1e-
0e
+
abc
.
0e
--2
abc
.
+
1e
1e
-
++1
1e
000.e
0e
1ee2
1e-
1ee2
0e
.
++1
1e
--2
1.2.3
1e+
.
000.e
1ee2
+
e10
abc
++1
.
--2
0e
--2
+
.
.
abc
.
+
000.e
--2
1ee2
1.2.3
.
-
1.2.3
++1
.
+
1e-
1e+
1.2.3
1ee2
+
+
e10
0e
000.e
1.2.3
-
+
++1
.
abc
abc
.
0e
1ee2
--2
1e
0e
1.2.3
--2
--2
+
--2
abc
000.e
-
1ee2
-
e10
1e+
1e
abc
abc
1e-
1e+
++1
1e-
1e-
.
1ee2
0e
1e-
.
0e
000.e
--2
--2
1ee2
-
1e+
.
1e+
.
++1
000.e
--2
0e
000.e
1e
++1
000.e
1e
abc
e10
1e
.
1e
+
000.e
1e-
1ee2
1e+
1e-
1e
--2
000.e
1e+
1e
++1
1.2.3
1.2.3
.
-
0e
+
1.2.3
--2
++1
--2
1e
1e
1e-
-
0e
1ee2
1e+
abc
abc
1e
0e
.
000.e
1e-
1.2.3
+
abc
.
--2
-
-
++1
abc
1e+
1.2.3
1e
000.e
--2
e10
abc
000.e
1ee2
0e
-
+
1e+
-
1.2.3
1e
1e+
--2
e10
1.2.3
1e+
.
+
--2
abc
1e
++1
1e+
--2
.
abc
--2
1ee2
1e+
-
-
e10
abc
0e
abc
--2
1e
--2
++1
--2
.
0e
+
abc
1.2.3
1e+
1e-
--2
.
1ee2
1e
-
1e+
e10
1e+
e10
++1
1ee2
000.e
e10
1e-
1e-
1e+
.
.
abc
-
000.e
--2
abc
1e
000.e
e10
1e-
-
1e
1e
+
--2
1e
-
abc
0e
1ee2
000.e
1ee2
1e+
1e+
.
1.2.3
-
abc
.
e10
0e
e10
++1
--2
1e+
+
1.2.3
e10
++1
1e+
.
+
e10
000.e
--2
1e-
.
++1
+
--2
.
1e+
1e
e10
.
1.2.3
000.e
1e-
0e
0e
-
000.e
0e
e10
1e+
e10
+
1.2.3
--2
1e+
++1
1e
abc
--2
abc
0e
abc
1.2.3
1.2.3
1.2.3
e10
.
-
1e+
1e+
--2
0e
abc
000.e
1e+
+
1e
1e
1e
1e
-
0e
1e-
+
000.e
1e-
--2
1.2.3
1e
++1
-
1e-
1e
1.2.3
1ee2
++1
1.2.3
++1
.
abc
--2
1e+
.
1e-
1e
1.2.3
--2
0e
--2
++1
1.2.3
--2
1e+
1e
1e-
+
1.2.3
+
--2
1e
1e+
abc
1.2.3
000.e
1e-
e10
.
+
0e
0e
-
--2
1e-
+
-
++1
1ee2
1e+
.
1e
0e
+
1e
.
1e-
0e
-
1ee2
++1
-
000.e
1e-
000.e
1e
1e-
1e+
1ee2
abc
e10
1ee2
000.e
0e
1.2.3
1e+
e10
.
000.e
++1
1e+
1e+
1e+
abc
1e
--2
+
--2
000.e
0e
--2
e10
.
abc
1e-
1e+
-
000.e
abc
1.2.3
e10
-
.
abc
--2
1.2.3
++1
1ee2
000.e
-
000.e
+
--2
abc
0e
.
000.e
+
1ee2
1e
1e+
1e-
1.2.3
++1
e10
++1
abc
1.2.3
0e
-
1.2.3
1ee2
abc
e10
1ee2
1e+
-
e10
1e+
1e-
.
1e
1ee2
000.e
-
--2
000.e
+
++1
1.2.3
++1
1e-
1.2.3
1e
0e
.
-
000.e
+
000.e
1.2.3
1.2.3
1.2.3
e10
e10
1e-
0e
1e
e10
0e
1e
.
.
1e-
1e+
++1
0e
++1
--2
1e+
.
1e+
1e-
+
--2
1e-
1e-
1ee2
-
1ee2
-
-
1e+
1e-
1e+
1ee2
e10
++1
++1
1ee2
+
e10
1ee2
1e+
1e
0e
-
e10
1ee2
0e
.
--2
000.e
++1
--2
1e
1e+
abc
000.e
1.2.3
++1
e10
--2
e10
000.e
1e
++1
1.2.3
--2
--2
.
abc
-
1e-
0e
e10
e10
--2
1e
+
-
0e
--2
abc
--2
0e
1e+
000.e
1ee2
1ee2
e10
abc
0e
1.2.3
-
1ee2
--2
--2
1e+
1e+
.
1e+
0e
1ee2
-
1e-
1ee2
000.e
+
abc
+
--2
1ee2
1e+
0e
-
000.e
abc
++1
++1
0e
1ee2
.
1e+
e10
.
1e+
.
--2
000.e
++1
.
--2
.
-
++1
1e
000.e
1e+
e10
1e
1ee2
000.e
1e-
1ee2
+
000.e
++1
1.2.3
1ee2
1e-
++1
1e+
.
.
e10
+
000.e
+
++1
+
1e
1ee2
1.2.3
1e
1e+
+
++1
000.e
1e
++1
abc
1e
e10
e10
--2
1e-
-
1e+
.
1.2.3
0e
1e
++1
1e
+
000.e
-
1.2.3
000.e
1.2.3
0e
1e-
e10
000.e
-
abc
1e-
--2
-
1ee2
abc
0e
1ee2
1e
1.2.3
abc
-
-
abc
1e+
abc
1e+
1ee2
--2
-
1e
e10
++1
1ee2
1e
-
1ee2
1e+
.
1.2.3
abc
1e+
.
++1
+
1.2.3
1ee2
+
.
1e-
+
++1
1e-
abc
1.2.3
1.2.3
-
e10
e10
1e
.
--2
1ee2
000.e
++1
1ee2
e10
+
.
e10
abc
1.2.3
1ee2
++1
1ee2
abc
abc
1e
1e-
1e
0e
1e
000.e
+
-
--2
abc
.
++1
+
abc
++1
+
1.2.3
1e+
0e
1e+
1ee2
abc
abc
abc
-
000.e
000.e
abc
--2
+
000.e
1e
1.2.3
e10
abc
abc
1e
1e+
-
1.2.3
000.e
1ee2
1e
++1
0e
abc
.
.
--2
1e
--2
000.e
1e-
000.e
.
e10
++1
000.e
000.e
0e
1e+
abc
+
++1
000.e
1.2.3
-
--2
+
++1
+
1ee2
1e+
1e+
++1
0e
1e-
--2
000.e
1e-
e10
000.e
1.2.3
-
0e
1e
0e
000.e
-
1e-
+
0e
1.2.3
1ee2
1ee2
0e
++1
1e+
+
+
1e
e10
1e+
--2
abc
1.2.3
++1
000.e
+
000.e
1e
1e-
--2
+
1e-
1ee2
1.2.3
+
-
.
abc
1ee2
1ee2
+
-
0e
1e+
+
1e-
1.2.3
000.e
.
--2
1ee2
1ee2
0e
+
+
--2
1e+
abc
.
--2
0e
0e
+
1e
--2
1ee2
+
000.e
.
-
1e-
1.2.3
--2
+
e10
e10
1e
1e+
++1
e10
abc
abc
++1
abc
1e
1e
abc
+
e10
1e
+
+
++1
+
.
-
++1
0e
++1
e10
1e-
+
.
1e+
abc
++1
--2
++1
1e
1ee2
1e+
e10
.
1e
0e
1e
+
1ee2
1.2.3
abc
1ee2
--2
000.e
1e-
1e-
1e-
1e+
--2
.
0e
e10
++1
1e-
.
++1
.
--2
000.e
1ee2
abc
.
.
1e+
0e
e10
1ee2
+
1e
0e
1e-
abc
1e-
--2
+
0e
1.2.3
1e
.
1e-
--2
1e
++1
1e
abc
++1
++1
++1
-
000.e
++1
1e-
0e
1e+
++1
+
000.e
e10
000.e
1e+
000.e
0e
1e
1e-
1e
e10
1e
1e
e10
.
0e
++1
000.e
+
0e
e10
1e-
1.2.3
1e+
0e
000.e
1ee2
1e
0e
++1
.
+
e10
000.e
000.e
++1
e10
1e-
1e
1e-
1e-
.
abc
.
1ee2
-
.
+
-
e10
000.e
++1
abc
1e
-
000.e
1.2.3
++1
1e+
1.2.3
++1
1e
1ee2
abc
1ee2
1e-
1ee2
1.2.3
1ee2
e10
abc
abc
abc
1e-
e10
1e
abc
1e
.
.
abc
1e
1.2.3
-
+
-
e10
-
1e+
1e
--2
++1
+
.
abc
1e
e10
abc
-
0e
+
--2
0e
000.e
1ee2
--2
0e
000.e
0e
-
1e+
-
1e+
abc
abc
e10
e10
+
+
1ee2
1.2.3
1.2.3
1.2.3
++1
1.2.3
-
+
000.e
1e-
abc
abc
1e
1e
e10
e10
000.e
--2
1e
000.e
e10
1e+
e10
abc
1e+
abc
e10
-
0e
+
1e-
.
000.e
1e
e10
1ee2
++1
1.2.3
abc
.
000.e
1.2.3
1.2.3
.
++1
1ee2
000.e
e10
0e
1e-
abc
e10
e10
--2
++1
--2
1e+
000.e
++1
+
+
1e-
1ee2
++1
1e+
1ee2
-
++1
+
1.2.3
0e
abc
1ee2
0e
000.e
1.2.3
1e-
1e+
1.2.3
+
abc
1ee2
1.2.3
e10
++1
abc
1ee2
1e
1e+
.
1e
e10
1e+
1ee2
1e
-
abc
e10
1ee2
--2
1e
1e
-
0e
1e-
1e+
1.2.3
1e-
abc
000.e
abc
.
1e+
0e
000.e
abc
-
-
000.e
++1
.
0e
1.2.3
+
1e-
0e
e10
1e+
-
0e
.
1e-
++1
abc
e10
--2
1e-
++1
0e
.
--2
1.2.3
1e-
--2
.
1e
000.e
-
abc
e10
e10
abc
+
-
1e+
++1
e10
e10
0e
abc
1ee2
0e
e10
abc
1.2.3
+
1e-
1.2.3
1e+
abc
e10
000.e
1e-
1e+
++1
1e-
e10
0e
1e+
abc
.
-
.
+
1e+
abc
1e
1.2.3
1.2.3
e10
1.2.3
+
1e-
1ee2
1e-
000.e
0e
1e
abc
000.e
1e
e10
000.e
.
000.e
1.2.3
1e+
1ee2
1e
0e
+
abc
1.2.3
e10
1ee2
1e-
.
1e
++1
.
1e
1e+
1e+
1ee2
1e-
1.2.3
1e+
0e
++1
++1
1e
1e-
--2
++1
0e
1ee2
--2
1e+
e10
1ee2
000.e
-
+
e10
1ee2
--2
1e-
0e
1e
000.e
1.2.3
-
0e
-
1e+
1.2.3
1e+
1e
e10
--2
000.e
1e
--2
000.e
++1
-
e10
000.e
0e
.
-
++1
0e
1.2.3
-
e10
abc
1e+
000.e
.
+
.
-
++1
1.2.3
++1
1.2.3
1e+
1.2.3
.
1.2.3
+
++1
+
000.e
0e
abc
0e
.
-
+
e10
--2
abc
e10
0e
-
1e+
1ee2
0e
000.e
e10
1e-
.
0e
+
-
1ee2
1e-
1.2.3
1.2.3
1e
1ee2
abc
1e
0e
1.2.3
1e-
--2
e10
++1
+
e10
--2
1e-
1e+
0e
-
-
1.2.3
1e
1e-
--2
1.2.3
1e+
-
--2
e10
1e+
.
1e-
000.e
1e-
1e-
--2
++1
++1
.
--2
1ee2
e10
+
--2
1e
+
000.e
0e
1e
--2
000.e
1e-
--2
++1
1e+
abc
++1
-
abc
1ee2
1.2.3
++1
1e
1e+
++1
.
+
1e+
+
1ee2
000.e
abc
000.e
1e-
0e
+
+
++1
1e+
++1
0e
.
+
.
--2
1e-
0e
+
1ee2
abc
1e+
0e
000.e
.
000.e
000.e
1e+
1e-
0e
++1
e10
1.2.3
1e-
abc
1ee2
0e
+
-
1e+
.
abc
0e
1e+
abc
0e
1ee2
.
--2
1ee2
1.2.3
.
--2
+
000.e
000.e
abc
--2
000.e
--2
+
000.e
1e+
1e-
000.e
e10
+
+
++1
.
--2
++1
0e
e10
1.2.3
.
e10
e10
1.2.3
e10
e10
1e
.
.
+
1.2.3
1e
--2
abc
--2
000.e
.
1e
--2
--2
+
abc
-
1ee2
1.2.3
1ee2
abc
+
1.2.3
+
1.2.3
e10
1.2.3
--2
-
000.e
--2
--2
1e+
1e+
1e-
.
abc
abc
1e+
000.e
abc
abc
1e-
++1
abc
000.e
0e
1e-
++1
.
0e
e10
-
--2
1ee2
++1
1e+
000.e
1.2.3
+
++1
.
e10
1ee2
0e
1.2.3
000.e
0e
1e+
1e-
+
e10
1e
1e-
e10
-
e10
-
++1
-
e10
+
.
--2
+
0e
1e
0e
000.e
-
abc
000.e
1e
0e
-
e10
.
.
--2
1.2.3
0e
0e
1e
0e
1ee2
0e
-
-
abc
+
1.2.3
1.2.3
1.2.3
0e
-
-
+
abc
000.e
1.2.3
-
1e+
.
000.e
1ee2
--2
1ee2
++1
1e
0e
0e
-
1e-
1e
1ee2
-
.
1e+
1e
1e+
--2
1.2.3
1e-
.
.
abc
--2
.
+
1e-
++1
1ee2
1e-
000.e
--2
1ee2
1e-
+
++1
1.2.3
1.2.3
.
0e
++1
1.2.3
1e+
abc
1e+
0e
1e+
0e
0e
--2
1ee2
+
1e
1e+
0e
1.2.3
abc
1e+
-
1e-
++1
+
.
000.e
--2
0e
+
--2
1e
1e+
+
000.e
+
1ee2
1ee2
0e
1e+
--2
-
1e+
1e+
1e+
.
--2
1e-
1.2.3
1e-
+
.
1e+
1e
1e
1e+
1e-
1e+
1.2.3
1e+
.
-
1.2.3
000.e
--2
1e-
1e-
1e
0e
+
--2
++1
--2
--2
+
000.e
abc
1ee2
000.e
0e
--2
+
1e-
.
1e-
abc
.
000.e
+
000.e
+
++1
--2
1e
+
1e+
1e
000.e
0e
1e+
.
++1
abc
1.2.3
1e
++1
-
1ee2
+
e10
-
1e-
--2
1e-
abc
-
e10
-
++1
1ee2
1ee2
+
1e+
abc
.
1e
.
1ee2
1ee2
e10
.
e10
000.e
000.e
.
abc
-
1.2.3
--2
.
e10
e10
000.e
1e-
1e+
1e
1e-
1e-
--2
000.e
0e
-
-
0e
1ee2
1.2.3
--2
e10
1e
.
1ee2
--2
abc
1ee2
1ee2
1.2.3
+
1ee2
1e-
abc
.
abc
abc
000.e
e10
--2
1.2.3
-
1ee2
e10
1e+
1e
+
e10
1e-
000.e
1.2.3
--2
-
1e
1e-
.
--2
1e+
abc
abc
1ee2
1.2.3
1ee2
1.2.3
1e+
1e-
1e-
1ee2
.
abc
++1
000.e
1e-
e10
+
1e-
-
-
000.e
1e-
+
abc
e10
-
--2
++1
1e+
1e+
+
1ee2
1.2.3
--2
.
+
1e
1ee2
0e
1ee2
1e+
+
.
1e
1e
1.2.3
1e
1.2.3
-
0e
0e
e10
--2
-
++1
1e-
1e-
abc
1e
1e
1e-
++1
1.2.3
e10
+
0e
abc
1e+
+
.
1e-
--2
1ee2
e10
1.2.3
1e-
++1
-
0e
1ee2
e10
+
++1
abc
+
1e
abc
.
000.e
++1
000.e
1.2.3
0e
.
++1
-
.
--2
1.2.3
0e
+
+
1e+
+
-
.
e10
e10
abc
1ee2
1.2.3
1e-
abc
+
1ee2
-
abc
1e
000.e
0e
1e+
1e
1e+
1e
1.2.3
1.2.3
-
--2
1e+
1e+
1e-
1.2.3
+
-
+
--2
1ee2
+
0e
e10
1ee2
e10
.
++1
++1
1e
0e
+
--2
1ee2
1ee2
000.e
++1
1ee2
1e+
1.2.3
-
.
.
+
+
-
-
1e+
000.e
+
0e
000.e
-
1e
1e
1e+
1e-
0e
--2
000.e
1e-
-
+
e10
.
e10
-
--2
e10
+
1e-
0e
1e+
e10
.
1ee2
--2
-
-
--2
+
1e+
1e
1ee2
1e+
.
1e+
abc
-
+
abc
000.e
1.2.3
1ee2
abc
--2
1e+
abc
-
1.2.3
1e
1e+
000.e
1e
+
++1
+
1.2.3
abc
e10
000.e
1ee2
.
1e+
-
1e-
e10
1e-
e10
--2
+
+
1e+
0e
--2
abc
.
-
--2
1.2.3
-
1e
000.e
--2
--2
1ee2
++1
1.2.3
1e-
--2
1e-
++1
1.2.3
0e
--2
1.2.3
e10
1e
-
1.2.3
1e
1e+
abc
--2
-
1ee2
1e-
000.e
1e-
--2
.
1e-
1e+
.
e10
e10
1e+
1e-
--2
--2
000.e
+
-
000.e
e10
++1
1e+
1.2.3
++1
1.2.3
000.e
e10
+
+
abc
000.e
1e-
0e
0e
0e
.
++1
1e+
.
+
1ee2
000.e
+
e10
--2
--2
1e
.
+
000.e
1.2.3
++1
e10
1e
++1
000.e
1e-
.
e10
000.e
1.2.3
1e
1.2.3
abc
1e+
1e-
+
.
e10
1e+
1e+
000.e
-
--2
1.2.3
e10
1.2.3
--2
000.e
0e
+
abc
1e+
1e-
+
000.e
--2
e10
1ee2
.
1.2.3
abc
.
+
1e-
1e
e10
1ee2
.
++1
++1
000.e
1ee2
--2
1.2.3
1e
++1
abc
--2
e10
000.e
1e
++1
0e
0e
1ee2
++1
.
++1
.
1.2.3
1ee2
0e
--2
000.e
000.e
+
++1
+
--2
1.2.3
-
1ee2
+
e10
000.e
1e+
1e
--2
1.2.3
+
1e-
e10
e10
000.e
--2
1e
1.2.3
--2
++1
.
0e
1e
0e
1.2.3
1e-
1.2.3
e10
1e+
1e-
1.2.3
1ee2
++1
000.e
+
1e
-
1.2.3
1e-
++1
abc
000.e
000.e
-
1ee2
1e
0e
abc
000.e
--2
1e
0e
-
1.2.3
1e+
e10
1.2.3
1e-
000.e
--2
e10
e10
e10
.
abc
1e-
1e-
0e
1.2.3
1e-
-
abc
--2
+
abc
1e+
e10
.
1e-
1e+
-
abc
1ee2
-
1.2.3
1.2.3
1e+
0e
abc
1e+
1e+
1.2.3
1e
1.2.3
++1
+
.
--2
1e-
1ee2
+
++1
-
-
.
abc
1.2.3
1e+
.
1e
1.2.3
e10
1e+
1e
000.e
0e
e10
1e
1.2.3
1.2.3
.
abc
e10
-
1e+
000.e
000.e
.
--2
++1
000.e
1ee2
--2
abc
1.2.3
1ee2
-
e10
0e
1e-
++1
e10
abc
1e+
-
-
abc
1ee2
abc
-
000.e
abc
.
1e+
-
000.e
000.e
1e
.
-
1e-
0e
0e
-
000.e
-
--2
+
--2
1.2.3
.
e10
1e-
1e-
+
1ee2
+
abc
1ee2
.
1e+
.
+
-
abc
+
-
000.e
e10
--2
+
.
1e+
.
+
1e-
+
0e
abc
-
1e-
1ee2
--2
e10
1ee2
abc
1e-
e10
+
.
++1
1.2.3
abc
1e-
1.2.3
1e
+
--2
1.2.3
abc
000.e
+
1e
.
abc
++1
1.2.3
1e-
++1
+
-
1e
0e
1e
++1
1e
1e
000.e
abc
-
e10
000.e
1e
1e-
1ee2
000.e
++1
1ee2
1e
+
+
e10
++1
.
1e
1.2.3
1e-
e10
1e-
1.2.3
-
++1
000.e
e10
1ee2
-
e10
--2
000.e
000.e
1.2.3
-
abc
1e+
e10
1e+
e10
000.e
000.e
e10
+
-
000.e
0e
1.2.3
-
000.e
0e
--2
--2
1ee2
0e
+
0e
+
1e
1e-
++1
-
1e-
.
abc
+
1e-
1e
1e-
+
1e-
1e
1e-
1e+
1.2.3
abc
1e-
1e
1e
000.e
-
1e
000.e
--2
+
.
1ee2
1e-
+
++1
1e+
-
0e
1e
0e
1e-
abc
1ee2
-
-
000.e
+
1.2.3
abc
e10
++1
e10
--2
-
abc
.
1e+
000.e
0e
1e
--2
000.e
++1
1e
1ee2
000.e
1e-
1e+
--2
e10
1e-
0e
+
+
1e-
abc
0e
1e
e10
abc
--2
1ee2
1e
--2
abc
1.2.3
0e
+
1.2.3
1e-
1.2.3
--2
e10
1.2.3
1ee2
e10
1e
1e
0e
abc
--2
1e
+
1e
1e+
e10
-
1e
0e
--2
000.e
1ee2
1.2.3
1e
1.2.3
1e+
0e
000.e
1ee2
.
+
++1
1.2.3
1e+
++1
1.2.3
1e
++1
.
1e-
1e-
++1
+
abc
0e
0e
1e+
.
e10
.
-
e10
000.e
1e
.
++1
1.2.3
1e-
-
abc
-
1ee2
0e
1e+
--2
1e+
1ee2
1e+
1e
1e+
e10
++1
+
1e-
0e
e10
1e+
.
e10
000.e
+
1ee2
000.e
.
1e-
+
1e+
++1
e10
000.e
000.e
000.e
abc
1ee2
000.e
1e+
+
1.2.3
.
000.e
++1
e10
e10
000.e
abc
0e
abc
000.e
.
abc
.
000.e
1.2.3
++1
1.2.3
000.e
+
1e-
-
.
++1
+
++1
--2
0e
1e+
1e+
e10
+
-
++1
1e+
e10
+
0e
1e-
--2
1.2.3
abc
1e-
1e+
+
1ee2
1ee2
+
1e+
1e-
e10
abc
000.e
000.e
000.e
1e-
1ee2
0e
e10
1e-
-
1e+
1ee2
1ee2
abc
0e
1e-
1e-
+
abc
++1
++1
.
1e
--2
abc
abc
1ee2
1e+
1.2.3
1.2.3
1.2.3
1e-
1e
1ee2
0e
1e
1e-
000.e
000.e
1.2.3
1ee2
--2
++1
.
++1
.
0e
1e-
++1
1ee2
--2
-
--2
0e
1e-
1e-
.
1.2.3
e10
++1
e10
+
000.e
.
.
1e-
1e+
1.2.3
1e-
e10
+
1e-
000.e
1ee2
000.e
1e
1e-
0e
++1
-
1e-
1.2.3
1.2.3
1e+
1e-
e10
e10
++1
0e
.
1e+
-
1e-
-
abc
--2
0e
--2
.
000.e
000.e
1e-
000.e
++1
1ee2
0e
1.2.3
+
1.2.3
0e
++1
abc
1e
1e+
--2
1ee2
1.2.3
1e-
-
--2
+
e10
abc
1e-
++1
1e+
e10
1e-
1ee2
0e
0e
1.2.3
abc
1e-
++1
1e+
++1
1.2.3
++1
++1
000.e
abc
000.e
1.2.3
1.2.3
+
abc
000.e
+
1.2.3
0e
+
1.2.3
abc
+
1ee2
1e
--2
1e
abc
+
000.e
--2
1e-
0e
++1
1ee2
e10
.
1e
000.e
.
abc
1e+
e10
000.e
1e
-
.
e10
1e
+
1e
.
000.e
abc
--2
--2
1e+
--2
e10
++1
1.2.3
000.e
++1
1ee2
abc
-
-
1e-
0e
0e
-
0e
e10
.
1e-
000.e
1.2.3
000.e
abc
0e
abc
--2
0e
0e
abc
+
abc
0e
000.e
1ee2
000.e
+
--2
++1
000.e
0e
0e
--2
0e
1e
e10
1e-
0e
0e
-
abc
--2
000.e
+
000.e
++1
.
.
abc
abc
+
-
--2
1ee2
e10
-
000.e
000.e
e10
e10
.
0e
abc
1.2.3
1e-
1ee2
+
1ee2
1ee2
1ee2
0e
1ee2
1ee2
++1
-
++1
--2
++1
1e
--2
--2
-
1e
+
1ee2
abc
1e
--2
1e+
++1
e10
++1
e10
-
000.e
0e
e10
e10
0e
0e
e10
0e
1.2.3
++1
++1
1.2.3
--2
--2
1e-
--2
+
++1
1.2.3
1e+
abc
000.e
1e-
1ee2
0e
--2
-
000.e
1ee2
1e+
+
--2
1ee2
-
1ee2
1e-
1e-
e10
--2
1.2.3
000.e
1.2.3
e10
-
++1
e10
1e
.
.
.
++1
1e+
000.e
++1
1.2.3
1e-
--2
0e
--2
1e+
e10
+
000.e
++1
1ee2
000.e
1e+
++1
1e+
1e+
1e
abc
--2
000.e
1e
+
-
000.e
+
1e
0e
1ee2
.
1ee2
1e
000.e
e10
++1
+
1e-
1ee2
1e
000.e
--2
1.2.3
0e
abc
e10
.
0e
-
1ee2
abc
1e-
+
--2
1e-
--2
++1
1.2.3
0e
1e
e10
e10
0e
.
1.2.3
1e
++1
e10
.
1.2.3
1e+
1e+
e10
++1
1.2.3
000.e
--2
--2
1.2.3
.
1e
-
.
1ee2
1e-
.
++1
1e-
1e+
1e
--2
++1
.
000.e
.
1e-
1ee2
1ee2
1e
0e
-
1e
+
-
--2
1e
0e
++1
++1
abc
abc
+
1e
1e-
abc
1.2.3
--2
--2
--2
1e
--2
1e-
1ee2
abc
++1
1e+
-
0e
000.e
1e+
++1
1e-
1e
-
1.2.3
1e+
1e-
000.e
0e
--2
-
+
1.2.3
1e+
1.2.3
1e-
1e-
000.e
++1
1.2.3
++1
.
++1
1e+
000.e
--2
1.2.3
1.2.3
+
1ee2
1.2.3
abc
1ee2
+
1e-
000.e
1.2.3
--2
.
1e-
1e-
abc
1e-
--2
1e
0e
1.2.3
1e+
000.e
1e-
1e-
0e
1e-
e10
000.e
0e
abc
--2
000.e
1e
1e+
1ee2
1e+
.
e10
1.2.3
-
1ee2
1ee2
1e
-
000.e
.
1ee2
1e-
1e+
1.2.3
1.2.3
+
1.2.3
1ee2
++1
1e+
1.2.3
+
+
1e+
1e
0e
0e
--2
e10
abc
1.2.3
0e
-
1.2.3
000.e
1e-
1e+
1e+
--2
.
.
++1
000.e
++1
0e
e10
0e
0e
1e+
1e+
1.2.3
+
--2
--2
++1
e10
.
1e+
abc
1ee2
1.2.3
++1
abc
abc
1e+
000.e
1e
.
-
.
1.2.3
--2
+
e10
1.2.3
1ee2
++1
1e
0e
1.2.3
abc
.
abc
1e
0e
++1
++1
e10
1e+
1.2.3
--2
1ee2
.
1e-
+
++1
0e
+
1ee2
--2
1e
--2
+
1e-
1e-
abc
0e
.
e10
1e-
e10
0e
abc
000.e
++1
e10
--2
1e-
1e-
++1
1e+
1e-
1ee2
++1
1e+
e10
1e-
.
-
1e+
1e
1.2.3
1.2.3
+
000.e
-
1e
-
--2
.
--2
000.e
1e-
1e-
000.e
0e
1e
.
1e
000.e
1ee2
abc
1ee2
000.e
0e
+
000.e
--2
++1
1e
+
1.2.3
abc
1e-
e10
1e+
--2
abc
.
-
1e-
1ee2
1e
000.e
1.2.3
e10
1.2.3
0e
0e
.
000.e
--2
1e-
-
+
1e
abc
e10
1e
1ee2
1e
--2
abc
-
e10
1e+
1e+
abc
-
--2
--2
000.e
--2
.
1.2.3
1ee2
abc
+
000.e
000.e
1e+
.
1e+
-
1e+
abc
.
--2
--2
1.2.3
+
e10
++1
-
e10
abc
+
1e+
abc
-
1ee2
e10
++1
1e+
+
0e
e10
-
1.2.3
000.e
1e+
.
-
000.e
-
000.e
+
1.2.3
000.e
0e
abc
.
1ee2
0e
000.e
-
1ee2
--2
1.2.3
0e
+
1e+
e10
1e+
e10
++1
1e-
1e-
e10
abc
000.e
+
1e-
0e
000.e
--2
+
--2
.
--2
-
1e
1e+
abc
0e
1.2.3
++1
abc
--2
0e
0e
--2
000.e
1.2.3
1ee2
--2
1.2.3
1e-
e10
0e
++1
+
1ee2
1.2.3
1e+
++1
000.e
1e+
1ee2
1.2.3
abc
abc
abc
+
1ee2
1e+
1e
abc
+
1ee2
1.2.3
--2
++1
000.e
+
1e
abc
e10
1.2.3
+
1e
1.2.3
-
000.e
abc
.
e10
e10
000.e
abc
+
1e
e10
-
e10
0e
-
1.2.3
-
1ee2
1ee2
0e
e10
1e+
+
++1
1ee2
e10
e10
1e
1e
0e
e10
1e+
++1
1e-
-
--2
1e
000.e
-
1e-
1.2.3
+
++1
1e
1ee2
.
abc
1e+
1e+
++1
abc
e10
0e
abc
.
-
1.2.3
1ee2
0e
1.2.3
abc
--2
1e-
0e
1e
+
e10
.
e10
++1
1ee2
++1
abc
e10
0e
+
000.e
1e-
1ee2
0e
+
-
++1
1ee2
abc
000.e
1e
++1
++1
++1
1e
+
0e
-
--2
1e+
1ee2
abc
++1
e10
0e
1e-
1e
1e-
+
1.2.3
1.2.3
1e
--2
++1
e10
0e
000.e
1e
1e+
0e
1ee2
1ee2
e10
000.e
1e-
-
-
000.e
++1
0e
e10
1ee2
1ee2
abc
1e+
1.2.3
--2
1e-
1e+
000.e
e10
abc
000.e
e10
1e-
1e+
+
++1
+
--2
1e+
0e
+
+
-
1ee2
0e
000.e
--2
000.e
1e-
0e
-
1e-
1e
1e
+
0e
1e
--2
++1
--2
1.2.3
000.e
1e
1.2.3
1e+
1.2.3
1.2.3
1e+
++1
1e
++1
.
1e-
1ee2
0e
0e
1e+
1ee2
1ee2
1.2.3
.
abc
++1
1.2.3
1.2.3
0e
1e
000.e
1.2.3
1e
1e+
--2
abc
.
++1
1e
e10
0e
+
abc
1e+
000.e
--2
-
--2
1ee2
0e
000.e
1e
000.e
0e
+
1ee2
abc
1ee2
1e
+
0e
--2
1ee2
e10
1e+
abc
+
1.2.3
+
1e
000.e
000.e
-
abc
e10
abc
1ee2
0e
1e
++1
-
e10
000.e
1.2.3
+
0e
abc
--2
1e
1e+
1ee2
0e
++1
e10
1ee2
+
-
1e
1e-
.
.
--2
000.e
++1
0e
0e
1.2.3
.
0e
-
000.e
-
1ee2
-
--2
1ee2
++1
--2
1.2.3
1ee2
.
-
1.2.3
--2
0e
-
1e-
-
0e
abc
-
1ee2
+
0e
+
++1
.
e10
.
e10
1e
1.2.3
1e
e10
1e+
+
abc
1e+
0e
000.e
e10
1.2.3
++1
e10
-
--2
1.2.3
+
+
1e
000.e
1ee2
e10
1e
abc
e10
.
1ee2
++1
.
1.2.3
+
000.e
1e-
e10
+
--2
1.2.3
1.2.3
000.e
e10
1.2.3
e10
1e-
1e+
1e
e10
1e+
-
000.e
e10
1ee2
e10
1e
abc
000.e
1e+
1ee2
0e
-
000.e
1e
000.e
000.e
000.e
1ee2
e10
1e
0e
+
0e
.
1e
1e+
000.e
++1
-
.
--2
1.2.3
--2
+
000.e
--2
e10
1.2.3
000.e
abc
1e
1ee2
++1
-
1e-
1.2.3
1e-
1e
1ee2
1.2.3
--2
--2
--2
abc
++1
1e-
abc
-
abc
abc
e10
0e
abc
1ee2
.
abc
abc
++1
++1
0e
1e+
0e
1e+
1ee2
abc
0e
+
+
000.e
--2
1e+
+
abc
1.2.3
++1
.
1e
--2
000.e
abc
1e+
+
++1
--2
0e
-
1.2.3
1e-
1ee2
.
+
--2
e10
abc
000.e
--2
1e
+
e10
0e
--2
--2
1.2.3
1ee2
+
.
.
1e-
+
1e+
000.e
0e
-
1ee2
1e-
--2
000.e
++1
+
0e
+
1.2.3
000.e
e10
e10
1.2.3
++1
-
0e
.
e10
+
-
1e
++1
abc
1e
++1
1.2.3
0e
1e+
++1
e10
++1
1e
0e
+
1ee2
--2
abc
e10
000.e
-
-
0e
1e+
1ee2
000.e
++1
1e+
000.e
1ee2
1e+
abc
abc
1ee2
0e
+
1e+
1.2.3
++1
+
0e
--2
1e+
0e
0e
1e
1e+
1.2.3
-
000.e
e10
.
++1
++1
++1
-
.
+
1e-
++1
.
++1
000.e
1.2.3
000.e
++1
1ee2
1e
1e-
e10
e10
1.2.3
abc
e10
1ee2
1e-
1e-
-
1e
++1
0e
e10
abc
1e-
+
000.e
.
-
1ee2
1e-
1e
000.e
000.e
++1
000.e
1.2.3
1e
abc
0e
+
abc
1.2.3
abc
.
1e
1ee2
1ee2
++1
000.e
--2
1ee2
++1
+
1e+
1.2.3
1.2.3
0e
0e
e10
000.e
0e
--2
.
000.e
abc
e10
++1
000.e
0e
+
+
abc
++1
1ee2
000.e
0e
++1
1e
e10
1ee2
1ee2
++1
1ee2
1ee2
1e
0e
-
+
1e-
-
1e-
0e
.
e10
1.2.3
++1
.
e10
000.e
abc
++1
0e
1e-
1e+
1.2.3
0e
+
e10
--2
e10
0e
1.2.3
1e
1.2.3
0e
-
-
1e+
1e-
++1
+
1.2.3
+
e10
000.e
1ee2
.
1e+
e10
1e+
.
1e-
+
000.e
++1
1e-
1e
+
.
--2
+
--2
1e
000.e
e10
.
--2
.
1e-
-
.
.
--2
1.2.3
1e-
e10
1e-
-
abc
e10
000.e
1e+
0e
-
1ee2
--2
1ee2
.
1e-
++1
abc
-
abc
-
abc
1.2.3
.
e10
++1
e10
1e
1e-
++1
1ee2
abc
1e-
1e+
000.e
++1
abc
+
000.e
abc
1ee2
-
1e
.
1e
1.2.3
++1
abc
++1
++1
0e
000.e
e10
1ee2
e10
000.e
.
1e
1.2.3
abc
e10
0e
1ee2
abc
.
0e
.
--2
0e
1e
1.2.3
1.2.3
-
e10
abc
1e+
abc
1e
e10
1e-
abc
--2
+
1e+
--2
1e-
000.e
-
-
+
1e+
+
000.e
++1
.
1e+
0e
0e
1e
000.e
0e
e10
1ee2
0e
-
1ee2
++1
-
+
0e
-
1.2.3
--2
1e-
000.e
-
abc
0e
1e-
+
++1
+
000.e
abc
.
++1
e10
000.e
.
1e+
.
.
++1
--2
++1
1.2.3
e10
++1
0e
.
+
abc
+
--2
1ee2
1.2.3
1.2.3
0e
1e
.
.
+
1ee2
++1
.
1e+
e10
+
1e+
000.e
1ee2
000.e
abc
+
++1
000.e
.
--2
1e
abc
1.2.3
e10
1ee2
1e-
0e
--2
-
1e+
0e
1.2.3
abc
1ee2
abc
1e
--2
1.2.3
1e+
1e+
-
+
-
1ee2
.
+
.
0e
++1
1e
000.e
-
e10
-
1e-
1e-
++1
++1
000.e
1e+
1ee2
abc
-
+
abc
e10
1e
-
0e
++1
abc
000.e
e10
1.2.3
1.2.3
.
1e-
1e-
1e
++1
1ee2
000.e
--2
+
1.2.3
1ee2
e10
e10
++1
1e+
abc
-
-
++1
+
1.2.3
000.e
e10
000.e
abc
-
1e
-
.
e10
++1
000.e
1e
++1
1.2.3
1.2.3
.
000.e
1ee2
abc
--2
abc
-
0e
abc
e10
1ee2
1e+
.
1ee2
.
-
abc
-
abc
1e-
000.e
0e
1e+
e10
-
--2
1e+
1e+
1e
abc
1e-
1e-
0e
1e-
1e-
.
-
e10
000.e
1e+
.
1e-
1ee2
0e
abc
+
0e
-
.
-
1ee2
-
1ee2
1e
--2
+
e10
1e
000.e
000.e
e10
1e
+
000.e
1e
+
++1
-
abc
1e
-
1e-
+
000.e
+
++1
0e
0e
1ee2
000.e
+
++1
1e+
abc
.
1e
1e
1ee2
.
+
0e
+
1e
1.2.3
e10
000.e
1.2.3
--2
-
--2
++1
1e+
1e
1e-
000.e
1e+
1ee2
1e
e10
000.e
--2
0e
000.e
++1
0e
0e
++1
.
+
abc
1e
1.2.3
e10
++1
e10
1.2.3
1e-
1e-
e10
1e+
-
+
1e+
0e
0e
1e-
1e+
1ee2
1e
.
0e
--2
+
1e+
++1
--2
e10
abc
++1
1.2.3
1e+
1e+
000.e
1ee2
1ee2
000.e
0e
1ee2
++1
1ee2
0e
1.2.3
1e+
-
1e-
1e
000.e
e10
0e
+
000.e
++1
1e+
1.2.3
1ee2
e10
++1
-
++1
1ee2
e10
--2
1e+
e10
1.2.3
e10
abc
1e+
1e+
+
++1
abc
.
1ee2
-
e10
+
--2
1e-
e10
e10
.
e10
++1
+
0e
1e
1.2.3
-
--2
1e+
++1
.
--2
0e
1ee2
1e+
1.2.3
1e-
e10
000.e
--2
.
.
1ee2
abc
-
.
.
++1
0e
abc
-
abc
--2
1.2.3
1e
.
e10
+
1ee2
.
.
1e+
1.2.3
1.2.3
1e-
1e+
e10
1e-
.
+
abc
000.e
1ee2
-
++1
abc
abc
e10
1e+
0e
000.e
1ee2
0e
abc
1e
1.2.3
-
1e+
+
.
1ee2
1.2.3
abc
1e-
--2
1e-
1e
000.e
1e
--2
abc
.
--2
1e+
1ee2
1e+
1ee2
--2
++1
++1
--2
+
-
+
1e
1.2.3
000.e
e10
-
000.e
1.2.3
1e
1.2.3
000.e
1.2.3
0e
000.e
++1
1ee2
1e
--2
-
1e+
+
++1
1e
abc
1e+
1e+
e10
++1
1.2.3
1e-
000.e
0e
--2
1ee2
-
0e
--2
++1
--2
e10
--2
--2
+
abc
abc
1.2.3
+
1e+
000.e
1.2.3
000.e
000.e
.
e10
.
++1
0e
--2
1e+
1e
1e
+
++1
--2
0e
--2
++1
.
.
1e+
--2
1e
1.2.3
1e+
1e+
1.2.3
abc
1e
000.e
--2
1ee2
--2
--2
e10
000.e
abc
1e
--2
+
1e+
.
1e-
1ee2
++1
1e-
1.2.3
1ee2
++1
1e
e10
-
1ee2
--2
-
0e
+
e10
++1
.
--2
e10
e10
-
++1
abc
.
1ee2
0e
1e
+
++1
-
000.e
1e
e10
1e
--2
1e-
1e-
e10
+
--2
1.2.3
1e+
0e
abc
-
++1
000.e
e10
1.2.3
1ee2
1e+
1e-
+
-
-
+
--2
1e-
--2
e10
1.2.3
0e
.
1e+
0e
1e
abc
-
--2
0e
000.e
1e
+
-
1e+
--2
abc
-
abc
e10
1e+
-
e10
--2
1e+
000.e
++1
+
1ee2
--2
0e
e10
1e+
abc
000.e
1e+
+
1e+
abc
e10
-
.
1e+
1.2.3
1.2.3
000.e
1ee2
e10
.
.
e10
++1
.
1e-
e10
++1
1e-
+
--2
1ee2
0e
0e
+
1e-
1e+
.
1e+
++1
.
1e-
1.2.3
+
e10
1ee2
.
1.2.3
abc
.
1e-
abc
1e+
1e+
++1
-
e10
.
.
1ee2
.
abc
abc
000.e
1e+
1ee2
abc
1e-
000.e
1e+
1e
+
1e
--2
abc
.
+
++1
--2
--2
0e
-
1e+
1e+
e10
000.e
abc
000.e
1e+
--2
1e-
1.2.3
e10
1.2.3
1ee2
1e+
--2
1e-
++1
1.2.3
1ee2
0e
1ee2
1.2.3
-
0e
.
1e+
000.e
1e
000.e
000.e
1e+
+
abc
1.2.3
.
+
++1
+
1e
--2
abc
++1
1.2.3
1ee2
1e+
0e
--2
1.2.3
1ee2
1e-
1e
000.e
abc
++1
1e
1e-
1e-
++1
0e
000.e
+
1e+
e10
1ee2
++1
1e+
.
1e-
1ee2
e10
--2
--2
+
abc
--2
1e
-
++1
e10
0e
++1
1ee2
e10
++1
1e-
1e-
abc
1e
1ee2
1e
1e
0e
--2
++1
.
1.2.3
1e+
e10
++1
-
++1
1ee2
--2
1e
e10
+
1.2.3
+
+
.
1.2.3
0e
1ee2
1.2.3
0e
++1
.
0e
+
abc
e10
0e
e10
000.e
+
.
1.2.3
1ee2
--2
abc
++1
.
+
1e
1.2.3
1e
--2
1e+
+
-
0e
e10
1ee2
0e
1.2.3
0e
1e-
++1
1e
1e
-
1.2.3
-
++1
+
e10
1e+
1.2.3
+
1ee2
abc
++1
1e-
1e
--2
1e+
++1
1e-
1e+
+
++1
0e
.
++1
1e+
1e
1e
1.2.3
1.2.3
e10
1e-
++1
.
.
abc
--2
-
0e
1e-
000.e
--2
abc
1.2.3
1.2.3
e10
000.e
e10
e10
abc
000.e
1e+
1e-
1e-
--2
0e
.
1e+
-
1ee2
1e-
++1
abc
0e
++1
1e-
1e+
1e+
++1
000.e
1e-
+
0e
000.e
++1
e10
1e
e10
1ee2
1.2.3
e10
e10
0e
000.e
.
e10
1e-
1ee2
000.e
1ee2
1e
abc
0e
0e
e10
++1
1e+
1e+
0e
1.2.3
+
000.e
-
1e
.
++1
0e
1e-
1e-
1e-
++1
1e+
e10
e10
1ee2
-
+
1ee2
+
1.2.3
-
--2
--2
-
1.2.3
.
0e
--2
-
.
++1
e10
+
000.e
1.2.3
1e
1e
1e
+
1e-
000.e
--2
-
1e-
abc
-
-
0e
1e
1e-
1ee2
e10
e10
e10
-
0e
1e+
++1
++1
1e-
+
--2
.
++1
1ee2
++1
000.e
1e
000.e
abc
+
1.2.3
+
1e+
1e+
+
e10
e10
1ee2
-
1e+
++1
--2
++1
abc
-
1ee2
e10
0e
-
.
0e
1e+
e10
-
0e
.
+
1e
++1
0e
--2
++1
1.2.3
--2
1.2.3
1e
.
1e+
1ee2
000.e
1e-
+
abc
.
+
1e-
1e
abc
1e+
e10
+
1ee2
+
1e+
+
--2
--2
1ee2
1.2.3
000.e
e10
--2
1e-
e10
1e
1e+
abc
1.2.3
.
e10
1ee2
-
e10
1e-
1ee2
-
1e
1.2.3
1ee2
--2
1.2.3
0e
.
0e
1e-
1e-
1ee2
-
+
+
-
-
--2
--2
abc
1ee2
e10
1ee2
+
.
1ee2
1e
--2
000.e
000.e
1ee2
0e
++1
1.2.3
1ee2
.
.
1ee2
1ee2
1e-
1e
1e+
0e
000.e
1e-
0e
+
1.2.3
++1
.
1e+
1ee2
000.e
abc
1ee2
1e-
1e
1e
1e-
000.e
++1
1e-
1e-
1e+
.
abc
000.e
++1
000.e
000.e
-
abc
.
000.e
000.e
++1
1e+
0e
1ee2
1.2.3
++1
000.e
1.2.3
.
+
0e
0e
+
0e
1ee2
++1
000.e
.
--2
000.e
1ee2
+
--2
--2
.
1e
1e+
abc
1ee2
++1
1e-
1e+
abc
1.2.3
1ee2
1ee2
abc
1.2.3
0e
++1
000.e
1e-
000.e
1.2.3
--2
-
++1
1e+
.
++1
e10
1.2.3
-
1e+
000.e
abc
e10
1e
1e-
1e
1e
--2
0e
1e-
1e+
1e
e10
0e
1e
1e-
1e+
++1
.
0e
1e-
1.2.3
1e
1e-
.
.
.
1e-
1e
1e
+
000.e
--2
e10
.
.
--2
000.e
-
.
1e-
-
+
abc
0e
0e
1e-
000.e
.
+
e10
0e
1e
abc
--2
1e+
.
e10
.
000.e
abc
0e
+
1e-
0e
+
1e
1.2.3
1ee2
-
0e
1e-
000.e
1e-
++1
e10
++1
+
1.2.3
++1
++1
abc
abc
e10
+
1e+
0e
1ee2
1e+
1e
abc
000.e
++1
0e
-
1.2.3
1e
++1
1e
1e+
+
1e-
.
000.e
-
-
abc
e10
e10
1e+
0e
+
1e+
0e
1e
.
e10
.
++1
++1
1ee2
000.e
--2
.
abc
1e
-
e10
-
-
.
1e+
1ee2
.
.
e10
e10
--2
abc
1e
1e-
abc
-
.
+
000.e
1e+
000.e
0e
1.2.3
abc
--2
e10
1e
.
e10
000.e
1ee2
+
e10
++1
1ee2
e10
1ee2
000.e
-
1ee2
abc
1e+
--2
0e
.
+
1e
-
1e
1e-
1ee2
e10
+
e10
-
.
1e-
1.2.3
++1
--2
0e
1.2.3
e10
--2
1e+
1e-
1e+
++1
1e
abc
-
1.2.3
e10
abc
-
1e-
++1
0e
1e
1ee2
1.2.3
1ee2
1e
e10
1ee2
0e
--2
0e
e10
++1
--2
++1
1e
++1
--2
abc
.
++1
0e
1e+
e10
e10
abc
--2
.
1e-
1ee2
-
1.2.3
++1
.
1e-
0e
++1
-
1.2.3
0e
1.2.3
.
1.2.3
-
+
-
.
--2
+
1.2.3
++1
--2
000.e
1.2.3
1e+
1e-
-
1ee2
.
-
abc
1e-
000.e
++1
1e
-
--2
1e
-
1ee2
1.2.3
1.2.3
000.e
+
1e+
1e
abc
-
1e
abc
abc
+
.
1ee2
1e+
-
1e+
-
1e+
e10
1e+
1e+
000.e
++1
++1
abc
1e-
--2
abc
.
abc
++1
++1
++1
+
.
-
e10
000.e
.
1e-
1ee2
e10
000.e
0e
.
e10
1e-
1e-
++1
+
++1
-
000.e
1e-
abc
--2
+
.
e10
.
1e-
1e
+
1e
+
.
e10
1e
abc
1e-
000.e
e10
.
0e
+
1.2.3
1.2.3
1.2.3
+
-
1ee2
+
1e
1.2.3
+
++1
abc
e10
-
--2
1e+
abc
1e
++1
1e
1e
-
e10
0e
+
1ee2
0e
++1
1e-
--2
abc
abc
e10
1.2.3
--2
+
000.e
++1
1.2.3
++1
.
--2
1.2.3
1e+
1e
1.2.3
-
+
1.2.3
1e-
e10
+
abc
1e
+
.
1e-
+
-
1e
1.2.3
-
1e
e10
1e
.
000.e
1e+
1e
+
-
-
0e
--2
+
0e
++1
e10
-
1ee2
--2
1ee2
-
1.2.3
-
0e
0e
.
+
+
.
1e
--2
1e
1e-
000.e
1.2.3
++1
1.2.3
000.e
1ee2
-
e10
0e
abc
++1
1e+
e10
abc
0e
-
abc
000.e
1ee2
-
+
1e
e10
abc
1e+
.
1e+
+
+
--2
1.2.3
+
1.2.3
++1
abc
+
e10
0e
0e
1e-
+
-
1e+
1e-
0e
1.2.3
0e
1ee2
abc
abc
+
abc
1e
000.e
1e+
1e
1e
abc
1.2.3
e10
1e+
-
e10
1ee2
.
+
e10
1e-
1e
000.e
000.e
1e-
1e-
0e
1.2.3
abc
+
1e+
1e+
0e
-
+
++1
1e
-
1e-
++1
1e
1ee2
1e
.
+
++1
e10
++1
1ee2
1e-
.
1e+
.
0e
++1
-
000.e
1.2.3
+
abc
1e+
e10
1.2.3
abc
abc
.
0e
000.e
.
1ee2
1e
e10
--2
1e
-
.
abc
+
000.e
0e
1.2.3
0e
1e-
1e
1e+
--2
1e-
1.2.3
e10
1.2.3
0e
1ee2
-
1e
e10
1e-
.
.
-
-
+
e10
1e+
1.2.3
+
--2
.
1e
1ee2
e10
.
000.e
e10
0e
1e-
1e-
0e
000.e
++1
000.e
1e
0e
abc
1e
1e-
000.e
e10
000.e
abc
1e+
abc
--2
+
abc
1.2.3
+
e10
+
000.e
abc
1e-
++1
1ee2
+
.
-
1e-
1e-
++1
+
--2
0e
1ee2
+
1e
1.2.3
1e
+
000.e
1e
.
++1
1e+
0e
e10
1e+
abc
abc
0e
1e-
1.2.3
1e
000.e
1.2.3
1.2.3
1ee2
1e-
000.e
abc
--2
0e
1.2.3
-
--2
-
1e-
--2
+
1.2.3
0e
++1
0e
--2
.
.
1e-
1e-
abc
1e-
1e-
1ee2
+
1.2.3
0e
1.2.3
1ee2
+
e10
1ee2
--2
1.2.3
1.2.3
1.2.3
1ee2
1e+
+
e10
1.2.3
000.e
abc
1ee2
0e
abc
1e+
0e
1e-
e10
1e+
abc
1e
-
1e-
e10
1e-
1ee2
1.2.3
+
000.e
e10
--2
1e-
abc
1ee2
e10
1.2.3
-
1ee2
1.2.3
.
-
+
1.2.3
1.2.3
.
+
1e+
+
000.e
abc
--2
e10
-
1e-
1.2.3
000.e
1e-
0e
1e+
--2
1e-
+
-
-
++1
0e
1e-
+
1e+
.
1e-
abc
0e
1ee2
-
abc
e10
abc
1.2.3
1.2.3
e10
0e
1e+
1e+
1ee2
--2
1e+
1e+
1ee2
000.e
abc
e10
1e
1e-
1e-
+
abc
1e
abc
1.2.3
000.e
-
--2
--2
0e
e10
1e+
-
.
.
-
1.2.3
-
abc
1e+
-
.
1e-
-
e10
--2
e10
e10
1.2.3
.
1e+
1e-
1ee2
--2
1e
++1
1e-
1e
000.e
0e
e10
abc
1e
++1
++1
--2
000.e
+
1ee2
++1
000.e
1e
1e
000.e
e10
++1
+
1.2.3
-
1e
e10
--2
0e
1ee2
++1
e10
1e+
-
1e
1e-
abc
000.e
+
+
--2
.
000.e
000.e
+
000.e
+
1e+
.
e10
-
1ee2
.
++1
1ee2
1e+
1e
1e
-
abc
abc
abc
-
-
1.2.3
++1
-
++1
e10
.
abc
abc
0e
1ee2
1e-
1.2.3
e10
1e-
0e
1e+
e10
+
.
-
0e
--2
1.2.3
1e+
+
abc
1ee2
1e+
1e
1ee2
.
++1
1e+
1e
++1
+
+
.
--2
1ee2
+
.
++1
0e
+
--2
1e
1e+
-
1e-
000.e
abc
1ee2
1e+
000.e
abc
++1
1e-
1.2.3
.
--2
1ee2
.
1e
abc
1.2.3
e10
abc
++1
1e-
++1
1e+
abc
1.2.3
1ee2
0e
1ee2
000.e
1e-
1.2.3
abc
.
1ee2
1e+
abc
.
1ee2
000.e
1e
--2
1e
-
1.2.3
+
1ee2
-
1e
abc
abc
+
1e+
1e-
e10
1e
1e+
0e
1e+
abc
1ee2
1ee2
abc
-
1ee2
-
0e
1.2.3
000.e
.
abc
--2
--2
1e
1.2.3
+
++1
++1
abc
1.2.3
.
e10
++1
+
1.2.3
1ee2
1e-
+
000.e
--2
000.e
1e+
.
1e-
abc
e10
e10
1e+
++1
000.e
+
+
1e
+
-
1e-
0e
.
1e-
++1
1e+
.
--2
000.e
abc
-
+
+
1e+
000.e
-
0e
++1
e10
abc
+
--2
1ee2
.
1.2.3
1e+
1e+
1e+
1ee2
1e
.
000.e
1ee2
e10
1ee2
++1
1ee2
000.e
-
+
++1
++1
1ee2
0e
-
0e
++1
abc
000.e
0e
0e
--2
abc
1ee2
--2
1e-
1e
1e+
abc
0e
--2
abc
1.2.3
+
-
.
1ee2
0e
1e
1ee2
000.e
0e
++1
1e
1e-
++1
.
+
abc
++1
abc
1e-
abc
-
-
--2
1e-
abc
000.e
--2
e10
1e+
1e
abc
1e-
1.2.3
--2
1ee2
e10
000.e
.
1e+
000.e
000.e
abc
.
.
1e
+
1.2.3
000.e
1.2.3
--2
.
e10
000.e
abc
-
-
.
-
1e
.
1.2.3
1e-
+
000.e
1ee2
abc
+
abc
1ee2
1ee2
0e
1.2.3
-
1ee2
0e
++1
1e-
abc
1e-
1e
+
0e
000.e
1ee2
1e
++1
++1
1e
.
e10
-
.
000.e
1e-
+
++1
.
abc
+
-
++1
1e
+
1ee2
--2
.
1e+
1e
1.2.3
1e+
-
--2
1ee2
++1
1.2.3
0e
+
++1
1e
--2
--2
1e
0e
.
abc
1.2.3
-
e10
1e+
0e
++1
1e
1e-
abc
1e-
+
++1
-
1ee2
1e
1.2.3
e10
--2
abc
1.2.3
abc
000.e
--2
-
1.2.3
1e+
1e-
1ee2
1ee2
-
--2
1e
-
1ee2
0e
-
000.e
e10
000.e
1ee2
000.e
.
.
+
+
1e-
1e+
e10
000.e
abc
--2
--2
1e-
+
1e+
+
e10
--2
1.2.3
+
.
e10
e10
1e+
e10
1e+
++1
abc
1e+
-
abc
.
abc
+
1e
1e+
-
1e-
-
++1
.
+
000.e
-
1ee2
000.e
1.2.3
e10
e10
0e
1e+
abc
.
0e
0e
e10
1e+
-
++1
1.2.3
.
1.2.3
abc
0e
++1
-
--2
000.e
000.e
-
e10
1e-
1e+
.
--2
1.2.3
--2
abc
1ee2
0e
000.e
-
0e
+
000.e
000.e
+
abc
1e
0e
0e
1e
.
0e
000.e
++1
.
++1
0e
+
1e
000.e
abc
++1
++1
abc
--2
abc
1ee2
1e+
1.2.3
1e-
+
1.2.3
0e
1e-
--2
-
-
.
1.2.3
abc
1e-
--2
--2
e10
-
000.e
0e
0e
1e
1e-
1e
-
1e-
1ee2
1ee2
+
.
1e+
++1
1e
1e+
1ee2
.
e10
.
e10
1e-
.
abc
+
++1
1e+
+
.
--2
abc
1e-
1.2.3
-
1e+
e10
1e+
.
1e+
1e
1e
.
1.2.3
1.2.3
-
1e
abc
1.2.3
000.e
e10
1e
.
.
000.e
1e+
abc
e10
e10
1e+
1e+
e10
abc
1.2.3
0e
1.2.3
.
0e
++1
000.e
000.e
1.2.3
--2
--2
++1
1e-
+
.
1e+
-
000.e
1e-
-
.
--2
++1
.
++1
1e+
1ee2
1ee2
.
1e-
e10
1e
.
000.e
abc
1e+
1e-
-
+
abc
abc
--2
.
++1
1e-
1e-
++1
0e
e10
1ee2
-
++1
-
--2
abc
++1
+
000.e
1ee2
1ee2
1.2.3
++1
abc
1.2.3
000.e
1.2.3
abc
0e
abc
.
e10
000.e
++1
1e+
0e
0e
1.2.3
1e-
++1
e10
1e
1ee2
1.2.3
e10
.
++1
000.e
++1
1ee2
1e-
-
0e
0e
1e-
000.e
0e
+
0e
e10
1e+
1e+
+
1.2.3
1.2.3
-
1e
e10
.
000.e
1.2.3
.
-
1e-
0e
0e
1e
++1
000.e
++1
e10
-
1e
1e
abc
0e
.
0e
e10
1ee2
-
e10
1.2.3
1e-
.
+
1ee2
0e
0e
+
++1
1.2.3
.
1e-
e10
1.2.3
1ee2
abc
.
1e-
1ee2
1e+
0e
1ee2
abc
--2
1ee2
.
e10
--2
000.e
.
000.e
.
1.2.3
abc
++1
.
1ee2
abc
0e
000.e
e10
-
1e-
abc
++1
+
++1
1e
1e+
1.2.3
e10
++1
-
abc
0e
1e
1e
0e
-
000.e
+
--2
-
--2
+
1e+
+
1ee2
0e
0e
--2
0e
abc
0e
abc
0e
+
.
1.2.3
--2
+
1e-
++1
--2
1.2.3
1e
+
1.2.3
--2
+
000.e
1.2.3
e10
1e-
abc
.
1.2.3
++1
1e+
-
-
0e
1ee2
1ee2
-
-
-
1ee2
0e
1ee2
1e+
1.2.3
.
e10
000.e
000.e
0e
0e
++1
e10
+
1.2.3
1e
e10
-
e10
1.2.3
+
--2
1.2.3
-
e10
0e
000.e
.
0e
1e
0e
1e+
000.e
-
-
-
1e-
1e+
.
--2
++1
-
abc
+
0e
+
1e+
++1
1e-
1e-
0e
abc
1.2.3
--2
abc
--2
--2
1e
1.2.3
1ee2
1ee2
abc
abc
0e
0e
1e
e10
-
+
1e
1.2.3
1e-
--2
e10
0e
1e
0e
1.2.3
0e
.
0e
1e
0e
abc
.
e10
0e
--2
1e+
1e+
-
e10
000.e
+
1e-
-
abc
--2
abc
000.e
-
1ee2
-
1.2.3
--2
++1
+
abc
1e+
+
1ee2
++1
-
++1
e10
abc
1e
1e+
--2
1e
1e+
0e
e10
-
++1
1.2.3
-
++1
1.2.3
1e+
.
e10
1e+
1e
1e
+
+
--2
1ee2
1ee2
1.2.3
1e-
-
--2
1e+
e10
e10
--2
1e+
1e+
1e-
abc
0e
0e
1e-
000.e
.
1.2.3
abc
-
-
-
abc
e10
+
--2
1.2.3
-
1e-
+
e10
e10
1.2.3
0e
++1
--2
.
abc
1e
1e+
-
-
1e
+
abc
1e+
.
1e+
+
abc
.
--2
0e
-
0e
e10
1ee2
0e
--2
1e
1e-
abc
000.e
1.2.3
-
1e-
1e
1e
--2
000.e
--2
-
1e
0e
1.2.3
1e-
1e+
0e
--2
1e+
-
1e+
++1
-
0e
1ee2
0e
1.2.3
-
1e
1ee2
++1
1e
000.e
+
-
0e
abc
1ee2
+
abc
e10
000.e
0e
000.e
1e
1.2.3
-
+
+
1e+
1e
abc
1.2.3
e10
0e
1e+
.
000.e
0e
1.2.3
.
--2
000.e
abc
1e-
-
abc
e10
000.e
1e+
abc
++1
1e
1ee2
abc
1e
.
1e-
000.e
1ee2
0e
--2
+
1.2.3
-
0e
0e
000.e
0e
++1
--2
1e-
1.2.3
1ee2
++1
abc
e10
-
.
.
1e
--2
.
e10
.
1ee2
1e+
e10
.
++1
e10
1ee2
-
abc
1ee2
000.e
1e
.
1e
1e
0e
abc
1.2.3
1.2.3
0e
.
1ee2
000.e
0e
1e
abc
1ee2
--2
0e
--2
000.e
1.2.3
000.e
1e+
0e
1e+
1ee2
1e+
1e+
.
+
.
1e+
1e-
e10
abc
-
.
-
0e
000.e
e10
1e-
--2
1e
--2
1e-
--2
-
e10
abc
--2
1.2.3
1e+
1.2.3
0e
0e
e10
abc
1e
e10
1.2.3
000.e
-
+
1e+
000.e
1e+
.
1e-
0e
-
+
abc
+
-
e10
1.2.3
000.e
e10
1e+
abc
1e+
1e+
1.2.3
1ee2
1e+
--2
1ee2
1.2.3
--2
1e
+
e10
+
-
000.e
1e+
e10
.
-
0e
1e
--2
--2
+
abc
1ee2
1ee2
-
1e-
1ee2
--2
1e
1e-
-
0e
.
1e+
1e-
1e+
1e+
0e
.
+
+
0e
-
e10
-
1e+
++1
000.e
.
e10
1.2.3
1e+
1e-
1e+
-
0e
1ee2
1e-
1.2.3
abc
.
1e+
1.2.3
0e
1.2.3
1.2.3
1e+
1e-
--2
+
1ee2
1.2.3
.
+
1e-
1e
++1
1ee2
-
1e-
abc
--2
abc
e10
++1
000.e
e10
1e
++1
1ee2
e10
1e-
000.e
000.e
1e
1e+
--2
1.2.3
+
000.e
1e-
000.e
1e
--2
+
e10
1e-
1e-
e10
1e+
e10
-
e10
++1
1e
.
0e
abc
-
1e-
e10
1e
1e
1ee2
000.e
1e+
1e-
1.2.3
1e+
1ee2
000.e
abc
1e-
.
1e
++1
000.e
1.2.3
1e
++1
--2
0e
1e+
1e
abc
++1
1ee2
1e+
++1
1e
++1
1e+
.
0e
1e
1e-
1ee2
++1
1e-
--2
1.2.3
1.2.3
.
1ee2
1ee2
1e-
++1
-
1ee2
1e
0e
0e
000.e
000.e
-
e10
+
1e-
1e
.
+
.
1e+
e10
1e+
-
.
0e
1.2.3
1ee2
000.e
1e
+
e10
+
0e
+
abc
abc
000.e
1ee2
++1
1e+
-
abc
1e-
1e+
0e
--2
0e
-
+
1e+
1ee2
--2
.
++1
1.2.3
1e-
--2
e10
abc
1e-
1.2.3
-
1e-
1e+
.
1e
+
e10
1ee2
000.e
--2
e10
-
1e
abc
++1
abc
.
1e
+
1e-
1.2.3
000.e
000.e
1.2.3
+
--2
1e
-
++1
+
1e-
abc
+
--2
1e-
1e
.
++1
000.e
--2
1.2.3
+
--2
1ee2
1e-
1e+
e10
1e+
1e-
abc
1e-
e10
1e
1e-
--2
1e
0e
+
--2
--2
e10
++1
1e
-
0e
++1
++1
-
1.2.3
1e+
1e
1.2.3
.
1ee2
+
1.2.3
000.e
-
1.2.3
+
.
1.2.3
1.2.3
+
1e+
-
1e-
abc
1e-
abc
1e
0e
1e-
++1
--2
e10
abc
e10
000.e
e10
abc
.
1e
-
e10
1e-
+
.
1e+
000.e
1e
1e-
0e
1.2.3
--2
1e+
.
000.e
--2
abc
--2
000.e
e10
.
++1
1e
1e+
e10
1e
-
abc
1.2.3
e10
1.2.3
000.e
-
e10
e10
1e-
0e
1e
++1
++1
-
1e
1e-
--2
1e-
1e+
1ee2
+
1e+
--2
abc
1e
1e-
1.2.3
0e
++1
-
1e-
.
1e
1e
abc
.
.
e10
++1
000.e
-
.
000.e
-
1e+
1e-
++1
0e
1e
-
1.2.3
1.2.3
-
-
-
abc
1e-
1ee2
--2
+
1e-
1ee2
000.e
1e+
000.e
1e+
.
+
1e-
1ee2
1e
1e
1e-
--2
1.2.3
.
+
1e
000.e
++1
1e+
++1
++1
-
.
+
1ee2
++1
.
1e
++1
.
1e-
--2
1e+
1.2.3
--2
-
--2
--2
1.2.3
--2
.
1e+
0e
-
abc
0e
+
1e+
1e-
++1
000.e
--2
1.2.3
1e
--2
000.e
+
e10
1e+
000.e
000.e
1e+
+
000.e
1e
+
abc
0e
1e+
1e+
abc
1ee2
+
1e+
-
1.2.3
000.e
1ee2
1e
1ee2
abc
--2
-
abc
000.e
1ee2
1e+
000.e
+
++1
++1
++1
+
e10
-
1ee2
-
000.e
--2
000.e
000.e
0e
1e-
++1
1e-
.
abc
1e-
++1
++1
e10
1e+
abc
000.e
1e
1ee2
1e
--2
000.e
1e-
abc
+
.
++1
+
1ee2
+
++1
0e
1ee2
1e+
++1
1e+
000.e
0e
+
1e
--2
e10
0e
1e-
--2
abc
abc
1.2.3
.
1e-
-
1ee2
1.2.3
+
-
1.2.3
0e
1.2.3
1.2.3
1.2.3
-
-
+
1ee2
-
-
1ee2
1e
.
--2
.
++1
e10
.
abc
1ee2
1e
++1
.
--2
-
.
e10
abc
++1
1e-
--2
1ee2
++1
1e
1e+
e10
-
--2
e10
1e-
+
--2
++1
1ee2
1ee2
1e+
0e
1.2.3
1e-
1.2.3
-
+
1.2.3
abc
e10
-
0e
1.2.3
0e
1.2.3
.
--2
+
.
1ee2
0e
1e
abc
e10
000.e
+
e10
0e
1e-
1ee2
-
abc
1ee2
++1
1e
e10
1e+
abc
1e
-
abc
abc
++1
--2
.
000.e
000.e
1e+
0e
1e
1ee2
e10
0e
++1
e10
1.2.3
1.2.3
e10
0e
1e-
1.2.3
--2
-
000.e
abc
0e
abc
1e-
1e-
1e+
000.e
0e
-
1e-
e10
1e
1.2.3
abc
.
.
-
1e-
1e+
-
abc
1e
1e+
abc
0e
+
.
1e
.
1e+
-
+
+
e10
1ee2
-
++1
000.e
1e+
1ee2
1.2.3
1e-
.
e10
1ee2
e10
abc
1e-
1e-
0e
-
000.e
1ee2
1.2.3
1.2.3
++1
1e
1e
1ee2
1e+
abc
.
1e+
1e-
+
000.e
1e
1.2.3
000.e
1ee2
-
abc
1e+
1e
--2
++1
0e
1e
1e-
abc
abc
1e
.
+
000.e
+
-
1ee2
1ee2
-
e10
1.2.3
1e-
1e
1.2.3
1ee2
1e+
000.e
1e+
abc
0e
e10
1ee2
++1
e10
--2
0e
.
1e+
1e+
000.e
1e-
e10
e10
++1
-
1e+
.
0e
1.2.3
++1
000.e
-
1.2.3
1e
--2
.
1ee2
1e
1.2.3
-
0e
+
e10
++1
1e-
+
.
1.2.3
.
.
1e+
000.e
1.2.3
+
-
e10
.
++1
1ee2
+
000.e
1ee2
e10
1e+
.
-
abc
000.e
1e-
e10
++1
++1
1e-
.
e10
+
000.e
1e-
1e
-
-
1ee2
-
1e+
1e+
1e-
e10
1.2.3
1e-
1e+
1e
++1
1e+
1e-
1e-
e10
.
+
1ee2
1ee2
1e+
e10
.
e10
-
.
1.2.3
1e+
0e
000.e
.
+
1e-
1e-
abc
--2
1ee2
-
+
1e
0e
000.e
1e
0e
--2
.
1e+
-
.
1e+
1e-
e10
+
e10
1.2.3
e10
.
1ee2
e10
-
abc
-
1e-
.
.
-
.
+
e10
0e
1ee2
.
000.e
--2
+
000.e
1e-
1.2.3
0e
++1
--2
-
1e-
1e+
0e
.
1ee2
1e+
000.e
e10
+
1ee2
e10
0e
abc
abc
1e+
0e
1ee2
--2
1.2.3
--2
000.e
1e-
0e
1e
e10
1.2.3
abc
1.2.3
++1
abc
abc
--2
000.e
0e
1ee2
.
e10
1e+
++1
1e+
e10
000.e
.
000.e
1.2.3
1.2.3
1ee2
1e+
1e+
e10
1ee2
.
1e
+
1e
1e-
1e-
1e+
1e+
1.2.3
--2
1.2.3
1ee2
1e-
--2
--2
--2
1e+
0e
1ee2
+
e10
1ee2
1.2.3
+
1e
e10
+
1e+
-
1e-
e10
0e
abc
--2
1e+
+
000.e
e10
1e-
e10
+
--2
000.e
0e
1e-
+
0e
1e-
.
+
.
1ee2
000.e
1ee2
000.e
1e
abc
1e+
1e
0e
-
abc
+
--2
0e
1ee2
1e+
abc
++1
1ee2
abc
1.2.3
-
e10
1e+
1.2.3
1.2.3
1ee2
-
1.2.3
000.e
.
0e
e10
1e
e10
.
1e-
abc
--2
1e-
++1
--2
-
1e-
1e-
abc
--2
abc
abc
-
0e
++1
-
--2
1e+
e10
1e-
+
0e
--2
1.2.3
1e+
1.2.3
e10
+
abc
.
-
1.2.3
abc
--2
+
abc
0e
abc
1.2.3
1ee2
000.e
000.e
.
1e-
++1
e10
000.e
--2
-
-
1.2.3
-
1e
.
--2
1e+
e10
1e
1e+
e10
++1
.
000.e
--2
1ee2
--2
1e
1.2.3
++1
e10
1ee2
1ee2
1.2.3
abc
1e
000.e
--2
e10
1e+
1e+
++1
e10
1ee2
1ee2
e10
1.2.3
e10
1e
1e+
++1
000.e
--2
1e
e10
++1
abc
abc
1e-
000.e
1e
000.e
++1
++1
1e-
1ee2
1e+
--2
1e
1e
0e
-
000.e
+
e10
1ee2
0e
+
e10
1ee2
+
e10
e10
1ee2
e10
000.e
abc
1e
+
1ee2
1e+
1ee2
0e
1e
000.e
1e-
++1
1e+
0e
+
000.e
+
0e
+
1e+
--2
1ee2
1ee2
+
.
+
e10
--2
++1
-
0e
1e-
.
abc
.
1ee2
1e+
--2
+
0e
1e-
0e
--2
1ee2
000.e
1e-
--2
++1
-
.
-
1e
0e
e10
000.e
abc
.
1.2.3
+
1.2.3
.
abc
.
.
000.e
+
1ee2
abc
1e-
e10
e10
1e-
000.e
+
1e-
-
e10
e10
1e+
0e
1ee2
1ee2
1e+
1e-
--2
+
1ee2
1e-
1e-
-
e10
1ee2
1e-
0e
1e+
++1
1ee2
1e
1ee2
1ee2
abc
.
000.e
-
.
1e
abc
.
1e-
e10
-
1.2.3
+
1e
++1
+
++1
1e
.
0e
0e
0e
1e-
1e-
--2
1ee2
000.e
000.e
0e
e10
.
abc
-
1e+
--2
e10
000.e
+
+
1e+
1.2.3
1e+
1e-
e10
1ee2
1ee2
-
1.2.3
.
0e
--2
1e
+
1e
1e
--2
1e
-
1.2.3
e10
abc
e10
1e+
1ee2
1e
000.e
--2
.
0e
000.e
1.2.3
+
0e
1e+
-
e10
--2
abc
1e+
0e
0e
+
e10
1e
000.e
1.2.3
1ee2
1e
abc
+
abc
1e-
1e-
--2
1e-
+
e10
1.2.3
+
--2
1e
--2
1e+
abc
000.e
.
abc
-
+
+
1e+
1e-
1e-
000.e
1.2.3
.
abc
++1
1ee2
-
1.2.3
1e
abc
--2
1e+
e10
0e
--2
-
--2
+
1e-
-
1e
1e
++1
0e
-
1e-
e10
e10
++1
1.2.3
0e
1e
.
+
000.e
1.2.3
1e+
000.e
000.e
-
000.e
1e-
abc
1.2.3
abc
-
1ee2
.
1.2.3
++1
000.e
++1
1ee2
-
-
1ee2
0e
1.2.3
--2
e10
abc
1e+
-
1e
1.2.3
1.2.3
0e
++1
e10
+
++1
1.2.3
1e
.
++1
.
+
1.2.3
.
0e
000.e
1.2.3
+
++1
000.e
abc
1.2.3
000.e
--2
0e
-
1e+
+
abc
.
1.2.3
1e
-
--2
1.2.3
e10
1.2.3
0e
1.2.3
e10
000.e
.
e10
1e-
abc
.
1e-
0e
abc
1ee2
1.2.3
-
--2
.
1e+
1.2.3
-
e10
0e
e10
1ee2
0e
abc
1ee2
abc
1e
000.e
--2
000.e
-
000.e
abc
1.2.3
1e
--2
1e-
+
--2
1e
e10
1e-
abc
.
++1
-
e10
-
abc
1e-
+
1ee2
-
abc
1e-
-
e10
0e
--2
e10
e10
1e-
0e
e10
--2
1e+
abc
abc
000.e
000.e
.
1e+
abc
1e+
++1
1.2.3
+
+
++1
--2
+
1ee2
000.e
1e-
1e+
1e
-
.
1e
1e-
1ee2
0e
1.2.3
0e
000.e
+
-
1e+
+
e10
e10
1e+
.
--2
.
abc
1e
1e
--2
1ee2
e10
+
000.e
e10
1e-
+
-
--2
--2
000.e
e10
e10
abc
1e-
1e
1e
e10
--2
e10
++1
1.2.3
1ee2
1e
++1
-
1ee2
+
e10
abc
1e
--2
1e+
+
1e+
abc
abc
.
000.e
.
abc
1ee2
1e
1e
0e
abc
abc
0e
1e-
abc
1e
.
e10
1e-
e10
abc
+
e10
abc
0e
-
++1
-
+
--2
+
+
1ee2
000.e
.
e10
1ee2
++1
0e
e10
abc
.
++1
000.e
1e+
.
abc
++1
+
++1
--2
1e
1e-
000.e
++1
0e
1ee2
1e
1e
0e
1.2.3
1e+
1.2.3
1ee2
1e+
000.e
+
e10
1e
1e+
+
+
.
-
1e-
1e
--2
e10
1e
1.2.3
+
1.2.3
0e
000.e
1e
-
+
-
e10
.
1e
000.e
1.2.3
1e-
++1
000.e
abc
abc
1ee2
1.2.3
000.e
-
.
-
-
1.2.3
000.e
1.2.3
0e
000.e
-
0e
++1
1e
-
++1
--2
.
abc
1ee2
e10
e10
0e
1e+
.
1e
abc
--2
1.2.3
abc
.
.
1e+
abc
e10
-
1e
--2
1ee2
-
e10
--2
+
++1
1.2.3
e10
000.e
1e+
+
1e-
1.2.3
1e-
1e
1e+
abc
1e
-
1e+
-
+
1e-
0e
e10
1e+
1e+
000.e
-
--2
e10
--2
.
000.e
.
1e
--2
+
+
abc
1.2.3
1.2.3
e10
++1
--2
0e
000.e
++1
.
e10
1ee2
1ee2
1e+
1e-
e10
e10
abc
++1
000.e
1e-
1.2.3
1e
0e
1e
1e
abc
1e
-
abc
000.e
e10
.
--2
000.e
-
000.e
.
1.2.3
1.2.3
1.2.3
1e+
1e
1e-
1e
1e-
-
e10
1e-
abc
1e-
-
1ee2
1e-
-
1e-
1.2.3
1e+
000.e
e10
000.e
--2
e10
++1
e10
1.2.3
1.2.3
-
++1
000.e
1e-
000.e
000.e
+
+
000.e
0e
e10
000.e
1e
1e+
0e
1e+
0e
abc
--2
++1
-
.
1ee2
abc
.
abc
abc
000.e
--2
1e+
abc
0e
0e
1e
1e-
1ee2
--2
1e-
++1
+
-
-
1e-
000.e
000.e
1.2.3
1ee2
0e
.
-
abc
+
++1
1ee2
1e+
000.e
--2
e10
e10
1e
+
e10
0e
.
1ee2
e10
000.e
1ee2
.
+
.
1ee2
1.2.3
0e
0e
++1
1e
+
1e
1e-
e10
abc
1e-
abc
.
1e
+
++1
+
000.e
0e
++1
0e
.
+
1.2.3
1.2.3
-
1e
-
1ee2
e10
000.e
1e-
1e+
-
1e+
1e-
abc
1e-
++1
1e+
-
abc
1ee2
e10
1e-
000.e
-
1e-
+
000.e
-
e10
1ee2
1ee2
+
abc
1e+
1e+
1e+
-
1.2.3
1e+
--2
0e
abc
1e+
+
-
1e+
1e+
000.e
--2
0e
1ee2
-
+
1e+
e10
--2
e10
1e-
0e
.
1ee2
abc
abc
1e-
+
+
1e+
1.2.3
-
1.2.3
1.2.3
1.2.3
e10
abc
-
abc
e10
1ee2
1.2.3
1e
1.2.3
--2
1ee2
1e+
1e-
--2
1ee2
++1
+
-
1e
1e
1e-
1e
1e+
.
++1
++1
0e
0e
1e
+
0e
1e
e10
e10
e10
1e-
1e+
0e
1e-
--2
--2
abc
e10
abc
0e
.
0e
-
-
+
1ee2
1e-
0e
1e
--2
++1
000.e
-
1e
e10
1.2.3
.
+
1e+
1e
1.2.3
abc
0e
.
.
abc
1.2.3
1.2.3
++1
--2
0e
-
1ee2
abc
+
++1
1ee2
e10
1.2.3
0e
1e+
0e
--2
0e
0e
-
.
1e
--2
abc
0e
1ee2
1e-
1.2.3
1e+
0e
+
1e+
-
abc
000.e
-
1e
-
000.e
abc
.
1e+
abc
1ee2
1.2.3
1.2.3
1e+
.
1.2.3
abc
1e
e10
++1
1ee2
+
--2
1e-
++1
1e-
abc
0e
1ee2
abc
--2
1e
1e
.
++1
1.2.3
+
1.2.3
abc
1ee2
abc
e10
--2
1e+
1ee2
--2
000.e
000.e
1e-
1.2.3
000.e
1e
1e-
-
+
1e+
1e
1.2.3
1e+
+
-
0e
--2
0e
1e-
1e+
1e+
+
++1
abc
.
.
+
1.2.3
abc
1e-
000.e
1.2.3
--2
0e
1ee2
1ee2
.
1e-
000.e
.
.
1.2.3
abc
1e-
.
abc
abc
++1
0e
++1
--2
e10
1e-
e10
-
0e
-
-
1e-
1.2.3
1e-
000.e
++1
1ee2
1ee2
1.2.3
--2
e10
.
abc
++1
++1
0e
.
1e+
e10
0e
1ee2
1e+
--2
+
000.e
e10
--2
1e-
1e
1ee2
+
1e-
1e+
e10
000.e
.
++1
e10
1e
--2
++1
++1
1ee2
1e-
0e
1ee2
1e-
1ee2
1e-
0e
0e
1e
++1
1e+
++1
.
000.e
1.2.3
-
++1
abc
1.2.3
1ee2
1ee2
-
1.2.3
abc
1e
000.e
000.e
++1
1.2.3
1.2.3
abc
1e-
+
1e
+
1e+
1.2.3
-
abc
1e
0e
++1
1.2.3
0e
1e-
1.2.3
+
--2
.
1.2.3
+
-
1e+
1ee2
1e
abc
.
abc
1e-
0e
1ee2
-
abc
++1
--2
1ee2
1e+
abc
++1
--2
1ee2
.
1.2.3
1ee2
1.2.3
1ee2
+
1ee2
-
abc
--2
e10
+
.
1e-
-
1e-
0e
0e
+
--2
e10
1.2.3
1e+
1e-
0e
-
abc
0e
abc
--2
1.2.3
++1
1ee2
1e
1e-
000.e
e10
000.e
-
1.2.3
++1
1e
-
.
.
+
1.2.3
++1
1e-
abc
000.e
0e
.
1.2.3
1e+
--2
abc
1ee2
+
+
1e+
-
abc
--2
abc
.
1e-
+
0e
++1
-
--2
e10
++1
abc
1e-
++1
-
--2
0e
1ee2
++1
-
++1
+
--2
e10
1.2.3
.
000.e
--2
-
1e
1e
e10
1e
+
1e
+
e10
1e
-
1.2.3
++1
.
--2
-
.
1ee2
.
e10
1e
--2
e10
+
1e
--2
1e-
++1
1e+
0e
.
000.e
1e
1e
e10
1.2.3
e10
1e+
.
.
000.e
--2
-
+
0e
-
+
000.e
e10
-
--2
1e
1ee2
000.e
1e
++1
1e-
1e
1e-
++1
--2
1.2.3
1.2.3
e10
1e-
++1
1e-
abc
abc
+
1e+
+
1e-
0e
1e-
-
+
1e-
.
--2
--2
1e
--2
++1
1ee2
1e-
1e-
1e
1ee2
+
1e-
1e+
--2
1e+
e10
1e-
1e-
-
abc
1e
+
++1
1ee2
1ee2
1ee2
.
1e
1.2.3
e10
.
000.e
1ee2
1e
+
000.e
++1
1.2.3
-
1.2.3
000.e
1e+
1e
1e
e10
0e
abc
abc
++1
e10
000.e
1e
1e
--2
1ee2
+
++1
e10
1ee2
e10
abc
.
0e
1ee2
000.e
1.2.3
++1
1.2.3
000.e
1e
+
++1
abc
--2
abc
0e
++1
-
1ee2
e10
1e+
+
++1
1ee2
+
--2
.
abc
abc
--2
++1
1e
1ee2
1e
e10
--2
000.e
1.2.3
e10
.
.
e10
--2
+
abc
1.2.3
1e+
1e
1.2.3
--2
000.e
+
1.2.3
000.e
1e-
000.e
1.2.3
1e+
.
+
1e
abc
1e-
.
++1
+
.
+
0e
1e-
-
+
++1
1e+
-
--2
1e+
1ee2
++1
1ee2
1ee2
-
1ee2
e10
000.e
e10
1e+
+
1e
e10
++1
1ee2
abc
++1
++1
abc
1e
1e-
000.e
1ee2
1ee2
000.e
000.e
1e
--2
000.e
.
.
1e-
-
+
1e+
1ee2
e10
+
0e
1ee2
.
1e+
.
1.2.3
000.e
--2
000.e
0e
-
1e+
--2
e10
1e-
+
abc
1e
000.e
+
--2
0e
1ee2
abc
0e
.
e10
--2
1e+
1e-
1ee2
1.2.3
000.e
abc
1.2.3
e10
e10
1e-
++1
1.2.3
1.2.3
+
1e-
+
++1
0e
.
1e+
+
+
1e+
1e
e10
e10
1e-
+
.
1e-
++1
1e-
1e+
-
e10
1.2.3
abc
1.2.3
.
1e-
1e-
1.2.3
000.e
1e-
-
0e
1e
0e
--2
1e
1e+
--2
.
++1
.
1.2.3
0e
1ee2
--2
abc
1e-
1e+
1e-
abc
0e
1e
--2
1e+
0e
1e
+
++1
1e-
++1
1e
000.e
--2
-
000.e
000.e
e10
e10
1e+
000.e
000.e
abc
1e-
1e+
++1
1ee2
1e
--2
.
1.2.3
0e
++1
--2
1e-
1e+
1e-
1.2.3
1ee2
--2
--2
000.e
1e+
+
++1
0e
1e+
-
1e+
1e+
.
++1
1e
1e-
000.e
1e+
1ee2
--2
0e
000.e
1e+
1e+
--2
--2
-
1e
abc
-
1ee2
e10
000.e
-
++1
.
0e
000.e
1.2.3
-
e10
1e-
++1
1e+
1ee2
++1
+
+
0e
1e-
e10
--2
1.2.3
.
1e
1.2.3
1.2.3
1.2.3
++1
+
0e
1e-
1e
-
1e-
abc
abc
1e
1e
1.2.3
abc
1.2.3
1e-
1.2.3
-
1e+
+
1.2.3
e10
.
1ee2
--2
000.e
1e-
1.2.3
abc
--2
e10
-
0e
1.2.3
0e
000.e
1e+
1.2.3
--2
1e-
1ee2
0e
++1
.
+
.
--2
.
1e+
1.2.3
1e
.
1e-
e10
--2
--2
+
-
0e
.
1e-
abc
--2
.
1e
0e
-
.
000.e
e10
+
1ee2
000.e
--2
.
.
.
1ee2
-
e10
e10
1.2.3
.
-
.
--2
--2
++1
abc
++1
e10
+
1.2.3
-
+
1ee2
1e+
0e
--2
1e
abc
1e
-
+
0e
1ee2
--2
0e
abc
000.e
1e+
abc
1ee2
++1
1e-
1e-
1e-
abc
abc
--2
--2
1e+
--2
1e-
0e
++1
--2
--2
-
1e-
-
--2
1e+
1ee2
e10
1ee2
-
1ee2
1.2.3
0e
000.e
++1
1ee2
+
-
abc
--2
abc
0e
.
1e
-
abc
1e-
+
1e+
-
0e
000.e
e10
1e+
.
1ee2
0e
abc
000.e
1ee2
1ee2
1e+
-
1.2.3
+
.
000.e
1.2.3
1e
+
--2
0e
--2
abc
000.e
1e
000.e
1e-
1e
0e
-
0e
1.2.3
e10
-
+
1e-
1e-
1e-
1ee2
000.e
1ee2
000.e
1e+
+
1e
1.2.3
000.e
0e
1ee2
1e
1ee2
+
000.e
1.2.3
++1
.
.
+
1.2.3
1.2.3
+
.
1e+
1ee2
1.2.3
.
1.2.3
--2
+
abc
000.e
abc
e10
e10
1ee2
--2
1ee2
000.e
.
1e
-
1e-
1e+
e10
e10
1e
.
.
.
++1
0e
1e-
1ee2
--2
abc
.
0e
1e
abc
+
++1
-
1e-
-
0e
0e
1ee2
--2
1.2.3
1.2.3
1.2.3
1e-
1.2.3
++1
.
1e-
1e
000.e
1e
1e+
-
e10
e10
1.2.3
+
000.e
.
e10
--2
e10
++1
.
abc
1e-
1.2.3
++1
1e-
.
1e-
1ee2
0e
1e-
abc
000.e
abc
1e+
1e+
.
e10
000.e
1.2.3
1e+
abc
--2
0e
.
++1
.
-
0e
1e-
e10
1e
e10
++1
1e+
-
++1
000.e
1ee2
0e
1ee2
abc
1e
0e
-
0e
abc
abc
1e
1ee2
1ee2
.
-
1e-
0e
0e
-
e10
0e
0e
++1
e10
+
1e
1.2.3
1e-
abc
1e-
--2
++1
e10
1e
1e-
-
-
1e
0e
++1
1.2.3
+
e10
e10
1ee2
abc
1e
-
--2
1e-
.
--2
1e+
e10
++1
0e
1e+
1e-
+
+
1e
--2
--2
-
++1
1e+
1ee2
1ee2
1.2.3
1ee2
000.e
0e
-
+
1ee2
1.2.3
000.e
abc
e10
0e
000.e
--2
1e+
1e+
.
.
-
.
++1
1e-
1e-
1e
.
1e
000.e
1e-
1e-
.
++1
-
1e
1e
1e-
.
+
1.2.3
0e
.
000.e
-
1ee2
+
1e
1ee2
000.e
1e
+
++1
1e-
1ee2
abc
-
++1
.
+
-
1ee2
0e
1e+
.
000.e
-
+
++1
1e+
000.e
000.e
000.e
abc
1e
e10
++1
++1
.
000.e
++1
1e+
abc
--2
-
1.2.3
000.e
abc
0e
0e
1e
1e+
--2
1ee2
++1
1ee2
000.e
1ee2
0e
0e
.
.
1e
.
000.e
1ee2
0e
1e-
000.e
e10
e10
000.e
e10
0e
+
+
000.e
--2
1e-
1ee2
abc
+
1ee2
1ee2
000.e
++1
1e
1ee2
--2
1ee2
1e+
1e
.
--2
000.e
0e
++1
++1
-
0e
0e
--2
++1
-
1.2.3
abc
.
+
000.e
1e
+
000.e
e10
-
--2
-
++1
.
000.e
--2
e10
abc
.
1e
000.e
--2
--2
e10
0e
abc
++1
-
1ee2
e10
1e-
e10
1.2.3
+
.
++1
e10
1e+
.
1e-
--2
1.2.3
000.e
000.e
0e
1e
000.e
-
1ee2
0e
1e-
000.e
0e
++1
.
+
1e-
1e
1e+
--2
+
1e+
+
.
+
1e-
+
abc
e10
+
abc
1e+
1.2.3
1ee2
1e
--2
1.2.3
1.2.3
+
abc
-
1ee2
+
0e
e10
1e+
1e-
1e-
e10
1e-
1.2.3
1e-
e10
++1
0e
+
abc
1ee2
1e+
000.e
-
.
--2
1e-
e10
1e
++1
000.e
000.e
1e+
--2
1e-
1e
1.2.3
abc
1.2.3
0e
1e
0e
abc
0e
1e
000.e
+
e10
1e+
1e
0e
0e
++1
abc
.
1.2.3
++1
1e
abc
-
1ee2
000.e
1e-
1e+
1e-
.
abc
-
000.e
1ee2
-
++1
abc
e10
1e
1ee2
+
abc
0e
0e
1.2.3
++1
1e
1.2.3
-
1e+
++1
.
1e
-
-
0e
-
--2
000.e
e10
1e
1e+
0e
1ee2
1ee2
+
abc
-
++1
000.e
1e
e10
1.2.3
--2
-
1e
0e
1e
1e-
.
-
1e
1e-
1e-
1e-
000.e
1.2.3
++1
1e
1e-
1e
--2
+
abc
1e-
.
1.2.3
.
1.2.3
abc
1ee2
.
1ee2
-
abc
++1
1ee2
-
1e-
abc
--2
.
000.e
.
--2
e10
abc
0e
e10
1e
1e-
-
000.e
abc
000.e
1e+
1e-
1e+
1e
+
1e+
-
1e+
000.e
1e+
1ee2
1e
abc
1.2.3
e10
e10
e10
e10
1ee2
abc
e10
1e+
.
--2
.
1e+
abc
++1
.
1e-
1.2.3
0e
--2
1.2.3
1.2.3
1e+
1e
1ee2
0e
1e
1.2.3
0e
--2
1e
.
-
+
1e+
e10
0e
+
1ee2
+
1ee2
1e+
1e+
+
e10
-
1.2.3
1.2.3
0e
e10
e10
--2
--2
0e
+
1e-
1e-
++1
e10
--2
.
++1
1.2.3
abc
0e
++1
1e
abc
1ee2
++1
1e-
e10
--2
1e+
.
+
.
e10
1e+
1.2.3
e10
++1
1e+
1ee2
1.2.3
++1
--2
+
0e
-
.
1ee2
1e
+
1e+
1e
1e+
1e-
0e
1.2.3
++1
-
abc
abc
1e+
.
000.e
--2
1e
+
.
++1
abc
1.2.3
1e
000.e
++1
-
+
-
.
000.e
1ee2
1e-
0e
.
abc
e10
000.e
000.e
abc
0e
abc
e10
1ee2
e10
1ee2
-
++1
e10
+
1.2.3
000.e
+
-
e10
000.e
--2
.
abc
1e+
1e-
+
0e
1e+
0e
abc
1e-
.
0e
abc
1e-
1ee2
1.2.3
abc
e10
.
-
e10
1.2.3
1ee2
1e-
abc
1e
.
000.e
1e+
1e
1e-
1e+
1e+
++1
0e
--2
e10
1e
e10
--2
000.e
-
1e
1e
0e
1e
1e+
+
0e
1ee2
+
1e-
++1
1e-
++1
1ee2
1e-
1e
--2
+
+
1e+
+
++1
abc
.
000.e
.
1.2.3
abc
.
e10
1.2.3
1.2.3
--2
--2
1e+
0e
1e-
1e+
1ee2
1e
1ee2
+
.
0e
abc
1ee2
1e
1.2.3
1e
e10
1e
e10
1e-
.
abc
-
+
--2
++1
1e
1e+
000.e
abc
e10
1e-
abc
1e
1e+
.
-
1.2.3
000.e
1e-
0e
000.e
e10
1ee2
++1
e10
1ee2
.
1e+
000.e
1e
1.2.3
1e+
0e
1ee2
0e
-
0e
1e
1.2.3
1.2.3
1e-
-
1e-
-
1.2.3
.
0e
1.2.3
+
.
0e
-
+
0e
--2
1.2.3
1e-
.
+
+
1e-
0e
-
1e+
--2
1.2.3
--2
e10
.
1e-
++1
0e
1e-
e10
e10
++1
0e
abc
1e+
abc
1e
.
000.e
1.2.3
.
1ee2
--2
1ee2
1e
--2
--2
e10
--2
.
1e+
.
1ee2
--2
--2
-
1e-
abc
.
+
--2
1ee2
000.e
1e-
000.e
e10
1ee2
1e+
000.e
1e-
1e-
--2
1e+
1e
++1
abc
-
000.e
1e+
1ee2
e10
e10
1e-
1e
1.2.3
.
0e
1e+
000.e
+
-
1e-
--2
0e
e10
0e
--2
--2
1.2.3
-
-
.
+
e10
+
e10
.
1e-
.
1.2.3
--2
000.e
000.e
+
abc
+
1e+
--2
abc
+
-
-
1e-
e10
-
abc
.
1e+
.
e10
1e
1e-
1e-
-
1e+
++1
0e
1e
-
-
1.2.3
--2
1e-
1e+
abc
--2
1e
-
-
abc
1.2.3
--2
000.e
1e+
1e+
abc
-
1e-
000.e
+
.
.
.
+
1.2.3
-
1e+
1e-
1.2.3
1.2.3
1ee2
1e-
1e-
0e
1ee2
1ee2
-
-
+
000.e
1ee2
1e+
1e+
--2
1ee2
+
1e-
1e-
.
+
--2
e10
1e-
++1
0e
1.2.3
e10
1e-
--2
abc
1e+
1e-
1ee2
.
1.2.3
1e
.
0e
000.e
1ee2
++1
--2
++1
e10
--2
1ee2
+
abc
.
e10
1e+
abc
1ee2
0e
++1
-
0e
abc
-
1ee2
1ee2
abc
++1
0e
-
1e+
-
1e-
1e-
--2
1e-
0e
-
000.e
0e
1ee2
+
1.2.3
e10
1e
abc
000.e
abc
.
+
++1
e10
1ee2
000.e
000.e
0e
000.e
1ee2
++1
e10
-
000.e
1.2.3
--2
++1
1e-
0e
+
1.2.3
--2
.
1e-
abc
--2
--2
++1
+
.
e10
+
000.e
1e
1.2.3
.
.
1.2.3
+
--2
+
++1
0e
1e+
abc
000.e
e10
1ee2
1e
1e
++1
e10
000.e
abc
1e+
1e+
--2
abc
1.2.3
++1
1e+
-
.
+
1e-
.
1.2.3
.
1.2.3
1ee2
1e+
1ee2
-
0e
1e
abc
0e
abc
1.2.3
1e-
-
abc
-
.
++1
1e-
0e
1.2.3
e10
000.e
++1
1ee2
1e-
1e-
0e
0e
1e
1e+
--2
000.e
1.2.3
1e+
++1
0e
0e
++1
abc
1e-
0e
1.2.3
1.2.3
.
abc
1ee2
abc
++1
1e
1e-
e10
1.2.3
--2
1e
1ee2
000.e
1e+
e10
000.e
abc
+
abc
e10
1ee2
e10
1e
--2
000.e
0e
1e-
1e+
.
--2
++1
--2
e10
--2
1e
1.2.3
-
abc
1ee2
1e+
1e+
1e+
1e-
1e+
.
1ee2
1e
000.e
-
1e+
1e
1e
1e-
1e-
abc
+
1e+
1e+
--2
000.e
e10
abc
.
1e
0e
1e-
1e+
000.e
0e
abc
.
000.e
1e-
1ee2
1e+
1ee2
0e
1.2.3
1ee2
--2
++1
1e-
e10
abc
1e-
abc
1e
e10
+
1ee2
0e
0e
++1
0e
.
++1
1ee2
++1
0e
abc
000.e
1e+
000.e
1e+
0e
--2
1e+
1ee2
1e+
1.2.3
1e
1ee2
1.2.3
1e+
1ee2
+
1.2.3
1e
-
000.e
++1
1e
.
--2
+
e10
+
1e
abc
0e
.
.
-
000.e
e10
e10
0e
1e
e10
abc
-
.
++1
0e
1.2.3
1e+
1.2.3
-
1e
1.2.3
1ee2
1e-
e10
1ee2
--2
++1
abc
1ee2
.
1ee2
abc
0e
1.2.3
-
000.e
+
1e
+
1ee2
1e-
--2
+
--2
-
1e-
0e
1e-
000.e
abc
0e
-
e10
--2
1.2.3
++1
1e
abc
1e+
1e+
1e
e10
1.2.3
--2
1ee2
--2
1.2.3
1.2.3
1e
e10
+
-
1e-
e10
abc
++1
1e
1ee2
1ee2
++1
1e
++1
.
.
e10
1e
e10
1e
--2
0e
0e
1e+
000.e
-
++1
1e-
000.e
.
1.2.3
1e-
-
000.e
--2
0e
abc
1e+
++1
1.2.3
1ee2
+
1e
--2
1ee2
.
+
+
++1
++1
e10
-
++1
1e+
++1
-
000.e
abc
e10
000.e
e10
+
+
e10
-
abc
++1
1e+
1e-
000.e
000.e
--2
e10
000.e
e10
e10
1ee2
1e+
1.2.3
1e-
abc
1e+
+
0e
000.e
.
1e+
.
abc
++1
1ee2
1e
+
000.e
++1
--2
-
++1
-
e10
000.e
1e
0e
abc
0e
1e+
--2
000.e
--2
1e-
+
0e
-
1e+
++1
e10
abc
+
--2
1e
1e
+
.
1e-
.
1e+
1.2.3
0e
1e
1e
abc
1.2.3
abc
0e
abc
1e
e10
1ee2
1ee2
++1
1.2.3
+
1e+
.
1e-
1ee2
.
.
0e
++1
abc
+
++1
++1
1ee2
1ee2
1ee2
++1
1e-
e10
.
0e
--2
1ee2
e10
1.2.3
1e+
++1
++1
-
1.2.3
1.2.3
0e
1.2.3
1e
000.e
1e-
1e+
1e
.
e10
1.2.3
1.2.3
1e
000.e
1e-
1e
1e
1e
e10
1.2.3
1ee2
1e+
--2
1ee2
1e
-
1.2.3
1e-
000.e
.
.
1e-
--2
0e
-
0e
.
abc
++1
+
1e-
--2
1e+
1.2.3
+
1ee2
abc
000.e
-
0e
1e
++1
0e
.
e10
+
--2
000.e
1ee2
1e-
1e-
.
+
++1
1e
e10
1.2.3
1ee2
+
+
1.2.3
1.2.3
+
1e
-
e10
0e
000.e
1e
-
1.2.3
.
++1
--2
+
1e+
++1
1e
1e
abc
1ee2
1.2.3
1e
000.e
e10
000.e
e10
++1
++1
1e+
1ee2
1.2.3
1ee2
0e
e10
++1
1.2.3
0e
1.2.3
1ee2
e10
e10
abc
+
1ee2
e10
--2
1.2.3
-
1e+
-
1e+
abc
1e
1e+
0e
abc
abc
+
-
1.2.3
1ee2
000.e
--2
1ee2
+
000.e
--2
++1
1e+
1e+
000.e
000.e
000.e
000.e
1.2.3
abc
-
0e
1e
+
--2
--2
.
0e
0e
0e
--2
+
1e-
1.2.3
+
-
1.2.3
--2
000.e
0e
e10
0e
1e
++1
e10
.
1e-
--2
.
abc
-
abc
1e+
1ee2
--2
++1
abc
000.e
1e-
.
e10
1ee2
.
--2
.
000.e
1e-
++1
1e+
1e+
1ee2
1e+
--2
1e-
++1
-
0e
--2
++1
.
1e+
.
--2
1e+
e10
1.2.3
1ee2
1ee2
++1
abc
abc
e10
1e
000.e
1e
+
1e-
000.e
++1
abc
1e
--2
1e-
.
1e
1e-
.
--2
1e+
1ee2
-
abc
000.e
1e
1ee2
++1
1e-
++1
1.2.3
+
1e+
1e+
--2
e10
1ee2
-
1e+
--2
0e
1.2.3
1e-
1e+
1ee2
1e
--2
--2
1ee2
+
++1
1e+
+
000.e
1ee2
abc
1ee2
1e+
++1
--2
1e-
e10
abc
1e+
1.2.3
1ee2
+
1e
1e+
abc
1e
1e-
.
.
+
1ee2
--2
1e
+
+
++1
1e-
1e-
0e
-
0e
++1
1ee2
.
--2
0e
--2
++1
++1
abc
.
--2
1.2.3
+
.
000.e
0e
1ee2
.
1.2.3
+
+
+
++1
1e
++1
abc
1e
1e-
1e
0e
--2
--2
1ee2
--2
000.e
1e
--2
--2
e10
.
1e
1.2.3
1.2.3
1e+
000.e
-
++1
1.2.3
0e
0e
1e-
1.2.3
1ee2
0e
abc
1ee2
1e+
1.2.3
++1
1e-
1.2.3
-
1e+
1.2.3
-
1.2.3
1ee2
1.2.3
1e
++1
--2
.
abc
000.e
1e
000.e
1e+
+
1e+
1e
e10
1e
1e-
1ee2
1e
0e
1.2.3
1e+
1ee2
1.2.3
+
1ee2
1.2.3
e10
+
1e-
1e+
.
-
1ee2
0e
1ee2
1e+
1e+
.
1ee2
--2
1.2.3
.
e10
.
.
e10
1ee2
1e+
-
1ee2
.
1.2.3
1ee2
1e-
++1
+
0e
1.2.3
+
0e
1e+
.
0e
1e-
000.e
1e
.
1ee2
0e
0e
--2
1.2.3
1e-
++1
000.e
1e
1.2.3
0e
+
1.2.3
0e
0e
1e+
++1
.
--2
.
1e+
.
0e
1e
abc
+
1e
1.2.3
e10
++1
1e
000.e
1ee2
1e-
.
--2
1ee2
1e+
1e
1.2.3
++1
1e
abc
0e
1e+
1e-
+
0e
++1
1e+
0e
1e-
+
1e-
e10
000.e
1e+
+
.
1e+
1.2.3
.
1e-
1e
++1
e10
1e+
1ee2
.
1ee2
1.2.3
+
1e-
+
000.e
e10
e10
1.2.3
abc
--2
1e
0e
e10
.
1e
1ee2
000.e
e10
-
0e
++1
--2
1e-
e10
1e-
1.2.3
1.2.3
abc
++1
1ee2
++1
1.2.3
1e
1e-
1e+
e10
0e
1e
1e
1e+
1e+
1ee2
abc
++1
0e
1e+
++1
++1
-
e10
1.2.3
1e-
1.2.3
0e
abc
000.e
.
e10
0e
e10
1ee2
000.e
0e
++1
1.2.3
1e
0e
abc
++1
1.2.3
1e-
1e
1e-
+
abc
1e-
++1
1e+
1e
1.2.3
000.e
e10
abc
+
000.e
1.2.3
000.e
abc
1e
1ee2
1e-
0e
1e
1e
1.2.3
1e-
000.e
1.2.3
++1
+
1.2.3
.
e10
1.2.3
e10
1e+
1e-
0e
1.2.3
0e
1.2.3
e10
++1
1ee2
1e+
-
--2
1.2.3
++1
0e
1ee2
.
1e
000.e
1ee2
1.2.3
1e+
+
+
-
--2
0e
0e
+
--2
1e+
+
1e+
-
-
1e
0e
0e
e10
000.e
-
-
++1
abc
1e-
+
-
.
1e
1.2.3
+
abc
1.2.3
1.2.3
e10
0e
1e+
.
e10
1e+
abc
000.e
1e-
000.e
1.2.3
1ee2
e10
1e-
0e
1e
1.2.3
-
-
1e-
-
--2
1ee2
+
1e+
1e-
--2
1e+
0e
+
--2
-
1e-
e10
1e-
+
1ee2
1.2.3
.
1ee2
-
+
0e
--2
1e
.
.
.
-
abc
++1
abc
++1
.
e10
++1
000.e
+
0e
1e
-
1ee2
1.2.3
--2
abc
1e+
+
1.2.3
+
1.2.3
0e
.
++1
+
1e+
+
1ee2
-
1e-
1ee2
-
1e-
abc
e10
.
1ee2
1e-
--2
000.e
++1
000.e
1e-
+
--2
1e+
--2
1ee2
++1
++1
1e+
e10
e10
-
++1
e10
000.e
+
1e+
e10
e10
++1
++1
1e+
abc
000.e
--2
1ee2
0e
1ee2
1e
1e
--2
++1
-
1e-
-
1.2.3
+
1e
0e
-
-
--2
+
e10
1e-
+
+
1e-
.
+
-
000.e
1e-
+
1.2.3
e10
+
.
e10
1e-
0e
-
000.e
abc
.
000.e
1.2.3
.
1ee2
++1
000.e
++1
++1
1e+
--2
+
.
--2
1e+
1ee2
1e+
1.2.3
--2
--2
1.2.3
1e+
1ee2
000.e
1ee2
000.e
000.e
1e
1e+
.
--2
1e+
++1
1e-
--2
+
1ee2
1.2.3
000.e
-
1e-
1e+
0e
1e+
1e-
000.e
1ee2
1e+
+
e10
1ee2
0e
1e+
1e+
++1
abc
1e+
--2
1.2.3
000.e
+
1.2.3
000.e
000.e
abc
000.e
.
1e-
1.2.3
.
1.2.3
0e
.
++1
1ee2
000.e
0e
1.2.3
e10
++1
++1
+
0e
abc
1e
++1
+
0e
-
e10
abc
--2
-
000.e
000.e
--2
.
000.e
1.2.3
e10
+
e10
abc
e10
e10
++1
1e
1e-
000.e
000.e
abc
--2
++1
1e
1e-
0e
abc
+
--2
e10
--2
1e
1e+
e10
-
1e-
000.e
+
0e
--2
+
--2
1e
+
.
1e
1.2.3
1e-
1e-
.
++1
+
.
1ee2
--2
1ee2
000.e
+
e10
1.2.3
+
+
e10
1e+
++1
e10
+
e10
000.e
abc
-
1.2.3
e10
--2
1e-
+
1e+
000.e
1.2.3
.
.
1e
abc
--2
1ee2
e10
+
-
1e+
abc
e10
000.e
000.e
1ee2
1ee2
0e
e10
.
-
--2
000.e
1e+
1ee2
1.2.3
e10
1ee2
abc
0e
0e
000.e
0e
1.2.3
0e
1ee2
1e-
++1
1.2.3
.
000.e
1.2.3
0e
1ee2
abc
-
1.2.3
1e
1e+
++1
abc
1ee2
-
000.e
e10
.
1ee2
1.2.3
--2
0e
1e+
0e
abc
1.2.3
+
1ee2
+
1e
1e-
abc
e10
+
1.2.3
--2
1e
abc
-
++1
1e
1e-
abc
abc
++1
1.2.3
e10
0e
abc
1e
1ee2
.
1e
+
1.2.3
e10
abc
1.2.3
--2
1.2.3
.
+
+
000.e
e10
1.2.3
+
e10
abc
++1
--2
1e
e10
.
000.e
1ee2
++1
abc
1.2.3
--2
000.e
1e+
1e-
+
1ee2
1e
abc
0e
--2
e10
abc
1ee2
abc
-
e10
1e
+
+
000.e
1e
1.2.3
1ee2
e10
000.e
e10
0e
++1
0e
e10
.
--2
+
-
1e
.
1.2.3
--2
--2
-
e10
.
abc
.
+
e10
1.2.3
-
1ee2
1e
0e
abc
1e
--2
1e
+
1e+
.
1ee2
-
1.2.3
.
1e+
e10
1ee2
--2
e10
0e
0e
0e
-
+
++1
.
1ee2
++1
.
e10
1e+
+
1e
.
1e+
1ee2
abc
--2
abc
0e
e10
1e+
1e-
0e
1.2.3
abc
e10
.
0e
1e-
e10
--2
--2
--2
1ee2
1e-
0e
0e
000.e
0e
1ee2
abc
e10
+
--2
000.e
0e
+
1e+
1e-
.
-
--2
1ee2
1.2.3
+
0e
1e+
1.2.3
.
--2
1e
--2
1.2.3
1e
1e
1ee2
1e
1.2.3
1.2.3
+
--2
.
1ee2
000.e
+
--2
1.2.3
+
1.2.3
1.2.3
abc
1ee2
-
1ee2
1e+
0e
++1
1e-
1e
1e
1e-
+
1e-
abc
1e-
1e-
1e+
+
e10
++1
.
--2
1e+
abc
000.e
-
+
-
0e
1.2.3
1ee2
e10
-
.
-
1.2.3
000.e
e10
abc
1e
abc
++1
1e-
.
e10
1e-
++1
+
1e+
1e-
+
1ee2
--2
--2
1e-
1.2.3
1ee2
++1
1e-
1e
1e
e10
000.e
+
-
e10
++1
1ee2
1ee2
++1
000.e
1.2.3
--2
abc
abc
++1
1.2.3
--2
1.2.3
1ee2
+
.
--2
.
1ee2
0e
.
+
1ee2
-
1.2.3
abc
+
1ee2
1e-
0e
1e-
0e
+
--2
1e-
1e-
--2
e10
1e+
0e
000.e
++1
1e+
1ee2
abc
0e
1e+
1.2.3
abc
e10
-
000.e
1e
.
+
+
--2
e10
1ee2
0e
0e
0e
abc
0e
-
1e+
1ee2
-
abc
000.e
.
1e+
0e
e10
-
0e
000.e
0e
1e+
--2
1e+
1e
--2
++1
.
+
1e
+
.
abc
abc
-
--2
--2
.
++1
1e
1e
++1
--2
e10
1e-
1e-
1.2.3
+
--2
-
1e-
1.2.3
--2
1e+
1.2.3
.
e10
1.2.3
1ee2
1e-
e10
0e
e10
.
1e-
1ee2
++1
abc
e10
+
-
-
1ee2
000.e
1e
1e
1e
1.2.3
1e
1ee2
0e
1e-
-
0e
1.2.3
-
1e-
e10
1e-
1e+
-
e10
abc
1e
--2
1ee2
.
1e-
++1
--2
1ee2
+
abc
.
1ee2
.
--2
.
+
.
1.2.3
1e+
abc
e10
0e
+
1e
+
1e-
e10
1e+
-
1e
0e
--2
1e
--2
-
.
e10
-
--2
--2
-
1e+
abc
-
1e
+
1e
+
1.2.3
--2
e10
abc
++1
000.e
--2
++1
1.2.3
--2
1e+
.
1.2.3
-
000.e
1ee2
e10
++1
+
1.2.3
abc
abc
1e-
e10
abc
.
e10
abc
-
000.e
1.2.3
abc
1e-
0e
0e
abc
++1
1e
0e
1e-
-
000.e
1e+
.
abc
1ee2
000.e
1e
-
--2
++1
000.e
-
1e+
.
0e
e10
0e
0e
abc
1.2.3
abc
1ee2
000.e
000.e
1.2.3
1e-
abc
1e+
e10
+
--2
abc
0e
abc
.
abc
000.e
0e
e10
e10
e10
e10
1e
1e
e10
1e+
1e+
1e-
+
+
-
abc
++1
1e-
000.e
1ee2
0e
+
+
0e
1.2.3
1e-
.
1ee2
000.e
1e
e10
1e+
++1
1e
1.2.3
+
++1
++1
-
1e
e10
--2
e10
e10
e10
1e
e10
++1
++1
-
1ee2
+
1e-
1.2.3
1ee2
000.e
0e
e10
1e+
0e
0e
e10
1e
1e-
1e-
1ee2
+
1ee2
abc
++1
+
1e
+
1ee2
++1
0e
1.2.3
e10
1e-
--2
1e+
1e-
.
1e
000.e
1.2.3
1e+
++1
1.2.3
1.2.3
1ee2
1e
1e-
-
0e
.
1e-
++1
1.2.3
+
000.e
abc
-
+
000.e
1e
.
+
+
abc
1ee2
++1
000.e
0e
1e
abc
1ee2
1ee2
.
++1
-
1e-
1e+
1e
+
abc
++1
1e-
1ee2
++1
1e+
1e-
1ee2
e10
abc
++1
--2
abc
1e
-
1e+
000.e
e10
1ee2
+
.
0e
--2
abc
1e+
+
abc
000.e
-
-
000.e
.
1e+
1e+
--2
1.2.3
+
e10
e10
1e+
1.2.3
.
000.e
1e-
0e
000.e
000.e
1e+
1e
000.e
1e
1e+
1e+
1.2.3
1ee2
0e
0e
1.2.3
1e
1e
1e+
-
abc
000.e
000.e
++1
e10
+
abc
.
1e
1ee2
.
1e
1.2.3
0e
-
0e
1e
abc
1e+
--2
1.2.3
1e-
.
1e
1.2.3
++1
1.2.3
1e+
1e+
000.e
1e+
e10
1e
abc
abc
0e
0e
-
+
1e
1ee2
000.e
1.2.3
--2
e10
++1
.
.
abc
1.2.3
1ee2
-
1e-
+
1e+
1e+
abc
1e
1ee2
-
e10
++1
--2
1.2.3
1ee2
0e
-
1e
0e
1.2.3
--2
.
--2
1e-
.
1ee2
++1
1e+
.
1e+
1e+
1e
1.2.3
1.2.3
abc
--2
.
--2
1e+
-
1ee2
1e
e10
--2
1e
++1
e10
.
1ee2
--2
1.2.3
++1
+
-
1e-
e10
1e
1e
000.e
.
1ee2
000.e
000.e
+
1e+
000.e
.
.
000.e
abc
+
1e-
1e
-
++1
abc
-
1.2.3
abc
1ee2
1.2.3
0e
1e
.
1e
0e
.
.
e10
1e
+
1e+
.
-
.
1e+
abc
--2
0e
000.e
1.2.3
-
e10
1e
000.e
0e
000.e
++1
e10
+
1ee2
+
1e-
+
+
++1
-
-
0e
e10
000.e
-
--2
0e
000.e
1ee2
.
0e
1e+
1e-
++1
1e+
-
000.e
abc
abc
000.e
1ee2
abc
1e
++1
--2
-
--2
.
1ee2
0e
1e
000.e
1e-
.
1.2.3
0e
--2
.
000.e
1ee2
.
1.2.3
1e-
--2
1e+
1e
e10
1e
--2
e10
1e-
-
++1
1ee2
abc
000.e
000.e
-
-
1e+
e10
.
000.e
0e
abc
-
1.2.3
-
1e-
1e-
1e+
1e-
e10
1e-
000.e
++1
000.e
1e-
000.e
--2
1.2.3
+
e10
0e
1e
1e+
e10
-
+
1ee2
1e
--2
-
+
e10
1.2.3
-
--2
-
000.e
abc
0e
0e
++1
+
--2
e10
1e
1e+
-
0e
-
-
0e
-
1e-
1e-
-
e10
1e+
1ee2
-
++1
abc
-
-
abc
1.2.3
1.2.3
--2
abc
1e+
0e
1e
0e
1e
0e
1ee2
1.2.3
.
++1
.
0e
.
-
1.2.3
1.2.3
0e
.
--2
1ee2
++1
e10
abc
1e+
1e-
+
+
-
0e
.
--2
--2
1.2.3
1e+
+
1e
1e
1e-
-
1.2.3
1.2.3
+
0e
1.2.3
+
++1
+
abc
0e
e10
000.e
1e-
1e
1e
1e+
1e
abc
1.2.3
+
000.e
1e
0e
1.2.3
0e
000.e
++1
1.2.3
1ee2
000.e
1e
000.e
abc
-
--2
abc
1e-
000.e
1e-
0e
+
e10
+
--2
1.2.3
1ee2
-
++1
1e-
+
abc
1e
e10
1e+
1ee2
000.e
1e
1e-
.
.
++1
--2
1e-
.
000.e
1ee2
1ee2
--2
--2
1e+
1ee2
+
abc
e10
-
+
e10
0e
-
1ee2
1ee2
1e+
e10
1e-
.
1e-
1e
++1
++1
.
1ee2
1.2.3
abc
++1
abc
e10
.
0e
1e+
1.2.3
abc
--2
e10
++1
1e-
-
1ee2
1ee2
--2
+
++1
-
abc
e10
1e
1ee2
-
++1
+
0e
e10
.
abc
1.2.3
++1
1ee2
e10
1e-
1ee2
1e
.
++1
++1
1.2.3
1.2.3
.
++1
1e-
--2
--2
1ee2
--2
1.2.3
1e
1e
0e
000.e
0e
1e+
1e
0e
e10
1ee2
1e+
-
+
abc
abc
abc
000.e
1ee2
abc
+
+
1ee2
1.2.3
.
1e-
000.e
++1
1e-
++1
abc
e10
++1
--2
.
1e
1e
--2
-
.
+
1ee2
1ee2
000.e
1e+
1ee2
1ee2
-
+
.
1ee2
e10
1.2.3
abc
1.2.3
1ee2
1e-
++1
1e-
.
--2
1ee2
e10
0e
++1
abc
e10
+
.
+
--2
1.2.3
1e+
.
--2
1e
0e
e10
--2
.
++1
0e
0e
+
e10
abc
+
e10
-
+
000.e
+
1e+
1e+
0e
1ee2
--2
1e
1e+
--2
1.2.3
-
1e-
1e-
000.e
1ee2
1e
1e-
-
++1
--2
-
0e
1ee2
1e+
-
000.e
e10
abc
e10
++1
e10
+
1ee2
+
1ee2
000.e
1ee2
-
1e-
abc
abc
+
--2
0e
-
+
++1
.
+
1.2.3
1e+
1ee2
-
-
--2
1.2.3
1ee2
1e+
e10
e10
1e-
+
-
++1
0e
000.e
1e+
abc
000.e
1ee2
0e
--2
+
--2
1ee2
1e-
1e
.
e10
1e+
1e
+
1.2.3
1ee2
+
000.e
1e-
e10
1e
1ee2
--2
e10
1e
1e-
.
--2
1ee2
1ee2
abc
+
--2
1ee2
1ee2
0e
000.e
1ee2
1e+
++1
e10
1e-
.
1ee2
-
1.2.3
1e+
1e
1ee2
.
-
abc
--2
1e+
.
1ee2
--2
000.e
e10
1e+
e10
.
1ee2
abc
e10
1e-
1.2.3
0e
.
1.2.3
1e+
1e
1ee2
1.2.3
1ee2
1e
abc
1ee2
+
-
e10
abc
abc
1e-
+
--2
1e
-
--2
1.2.3
+
1e+
++1
1e
abc
.
1.2.3
-
.
0e
.
1e
1e+
1e+
1.2.3
e10
--2
1e-
abc
++1
1.2.3
1e-
++1
+
1.2.3
+
1e
-
abc
--2
+
000.e
1e+
1e-
1e-
1ee2
0e
++1
-
e10
1ee2
+
1e+
abc
1ee2
1e
abc
.
0e
1.2.3
abc
-
1ee2
++1
--2
++1
abc
e10
.
1.2.3
1e+
--2
1e
1e
abc
000.e
--2
+
e10
0e
.
e10
.
000.e
+
0e
1.2.3
abc
e10
1e-
.
0e
abc
-
0e
1ee2
0e
1.2.3
1e+
-
1.2.3
.
++1
abc
abc
1ee2
e10
1e-
++1
-
++1
-
+
.
-
1e-
-
-
++1
1.2.3
000.e
++1
++1
1e-
--2
--2
1e
.
1e-
.
.
000.e
+
-
1.2.3
1ee2
1e
000.e
1e
1ee2
abc
1e
1ee2
--2
1e-
abc
e10
1.2.3
1e+
1e-
1e-
--2
-
abc
1.2.3
1e
++1
e10
0e
0e
+
0e
abc
.
-
.
.
1ee2
1.2.3
1e-
0e
1.2.3
1.2.3
-
abc
1e+
000.e
-
-
--2
0e
-
0e
1e
abc
--2
--2
0e
1e+
abc
1ee2
+
1e-
--2
-
+
--2
e10
1e+
1e+
0e
+
--2
1.2.3
++1
000.e
0e
abc
1e
-
+
abc
+
-
1ee2
1e+
.
000.e
abc
--2
e10
1e
1e
1e
1ee2
1e+
1e-
--2
e10
abc
abc
0e
.
1.2.3
--2
--2
1e
1ee2
1.2.3
+
000.e
++1
e10
abc
1ee2
1.2.3
1e-
000.e
e10
1.2.3
000.e
1e+
-
abc
1ee2
000.e
0e
abc
--2
000.e
1e
1e+
++1
1e-
1.2.3
e10
-
1e+
1ee2
1e
abc
0e
1ee2
e10
1e+
abc
1e+
+
1e-
+
000.e
1.2.3
e10
abc
e10
+
000.e
abc
000.e
000.e
abc
1e+
1.2.3
1ee2
abc
++1
000.e
-
--2
--2
0e
1.2.3
e10
e10
1e+
1.2.3
1e-
--2
1e-
--2
++1
1e-
-
0e
.
1e+
1ee2
abc
-
0e
1.2.3
000.e
.
+
--2
1e-
000.e
1e+
0e
1e+
1e
000.e
-
--2
--2
.
++1
1e
abc
abc
+
e10
--2
1e
1.2.3
++1
++1
000.e
abc
1e
e10
1e
.
000.e
1.2.3
--2
1e
1e
e10
++1
000.e
e10
.
abc
++1
1ee2
1e+
1.2.3
++1
1e+
+
--2
1e-
1e-
1e-
1e
1.2.3
abc
1ee2
e10
++1
1.2.3
1ee2
abc
abc
1e-
.
.
e10
000.e
++1
000.e
1e
++1
.
--2
+
.
1ee2
1e+
1e+
e10
1e+
1e+
1e-
+
0e
1.2.3
1e
-
1ee2
.
0e
e10
0e
1.2.3
.
--2
1e
-
1.2.3
abc
1e
+
+
1.2.3
abc
-
++1
abc
000.e
-
0e
1ee2
1e
+
1ee2
++1
1e
-
000.e
1e
e10
1.2.3
000.e
1ee2
e10
e10
+
1ee2
1e+
++1
--2
1.2.3
1e
+
.
+
.
-
0e
1ee2
1ee2
0e
1e-
+
1ee2
abc
1.2.3
++1
0e
0e
++1
000.e
+
1e-
e10
--2
++1
1e
000.e
1e-
000.e
1e-
-
1e-
1e-
.
++1
abc
-
.
1e-
000.e
1ee2
--2
+
+
1ee2
--2
+
abc
000.e
-
+
000.e
e10
1.2.3
1ee2
-
1e
.
1ee2
0e
+
abc
--2
000.e
1e+
1e-
.
.
1e-
abc
000.e
1e
abc
+
abc
0e
1.2.3
1e-
0e
--2
abc
-
000.e
1e-
1e-
--2
1e
-
+
000.e
.
e10
0e
000.e
abc
e10
e10
++1
1e-
1e+
000.e
0e
++1
-
--2
1ee2
e10
0e
0e
.
e10
+
1e+
000.e
000.e
1e
.
--2
--2
1e
e10
.
--2
.
.
000.e
++1
1e+
1ee2
0e
1e
abc
+
e10
000.e
++1
++1
1ee2
abc
-
000.e
++1
1e
1e
0e
1.2.3
000.e
-
1.2.3
000.e
1e
+
1e+
1e
1ee2
1e
+
++1
1e-
--2
--2
++1
++1
++1
abc
1e-
e10
1.2.3
000.e
e10
0e
1e
1.2.3
++1
1e+
abc
+
++1
1ee2
1.2.3
e10
e10
1e-
0e
000.e
e10
++1
1ee2
1ee2
-
1.2.3
1e+
1e-
1e
abc
1.2.3
+
++1
-
e10
abc
.
abc
0e
--2
abc
.
e10
abc
1ee2
+
.
abc
0e
1e
e10
1e+
e10
e10
1ee2
abc
1e
0e
1e-
1e-
1e
0e
000.e
abc
1.2.3
.
0e
abc
+
1.2.3
-
++1
e10
+
abc
1ee2
1ee2
++1
1e
1e-
.
000.e
-
1e+
abc
1ee2
.
1ee2
++1
1ee2
1e+
1e-
abc
abc
0e
.
1e-
0e
.
abc
--2
1e-
+
000.e
000.e
1ee2
++1
1e-
1e-
1e-
abc
1e+
-
+
-
1ee2
.
000.e
1ee2
1e+
000.e
abc
1e-
1e-
1e+
1e+
1e
e10
0e
--2
1.2.3
+
++1
000.e
.
e10
1e
.
+
1e
000.e
000.e
--2
1e-
0e
1.2.3
e10
++1
1ee2
000.e
0e
1e
-
e10
1.2.3
++1
e10
1ee2
1e
1.2.3
++1
++1
1e
1e+
+
-
000.e
1e-
-
1.2.3
-
-
0e
1ee2
0e
.
++1
1.2.3
-
1ee2
.
e10
abc
++1
0e
1e-
1e-
-
-
000.e
.
1ee2
1e
++1
1.2.3
abc
1ee2
abc
++1
000.e
1e+
++1
--2
--2
1e-
1ee2
1e+
1e-
abc
000.e
abc
1ee2
1e-
000.e
0e
--2
000.e
++1
+
--2
000.e
0e
1e+
+
--2
000.e
0e
+
1e
1e-
000.e
.
++1
+
++1
0e
000.e
abc
0e
--2
.
000.e
1ee2
1ee2
+
--2
abc
--2
+
1e-
.
1e
0e
1.2.3
1e
000.e
0e
--2
1e-
.
e10
abc
+
e10
+
1.2.3
1.2.3
--2
0e
000.e
1e+
1e-
.
++1
e10
e10
1e-
1e
+
e10
-
000.e
000.e
--2
1e+
--2
.
1ee2
1e-
1e
++1
-
000.e
0e
1.2.3
-
000.e
.
.
--2
.
-
--2
1.2.3
1e
1ee2
++1
+
1.2.3
--2
1ee2
+
0e
-
1e
+
1.2.3
1e
--2
1e-
.
--2
1ee2
.
1e
0e
1e-
1e-
e10
000.e
++1
1e-
-
0e
1ee2
000.e
000.e
1e-
--2
000.e
1ee2
-
1e-
++1
0e
0e
--2
+
++1
1e-
--2
000.e
1e+
1ee2
e10
1ee2
-
+
1ee2
1ee2
1e
.
++1
--2
000.e
000.e
1e
abc
1e+
++1
1ee2
1ee2
1e+
++1
1e
1e+
0e
1e
1e+
1e-
1e-
++1
000.e
abc
1e
1e-
.
000.e
.
e10
--2
0e
1.2.3
1.2.3
1e-
++1
0e
+
-
0e
1e-
0e
e10
1e
1e-
1e-
+
abc
e10
-
.
.
e10
1e-
1.2.3
+
1.2.3
-
+
e10
1ee2
.
-
++1
0e
+
1e
++1
abc
++1
--2
1e-
abc
000.e
.
.
.
1.2.3
.
+
e10
+
--2
+
--2
1.2.3
000.e
abc
abc
1e-
+
e10
e10
1e
1e+
1ee2
--2
1.2.3
--2
e10
1.2.3
.
-
e10
--2
++1
++1
1.2.3
1e-
e10
e10
--2
1ee2
e10
abc
1e+
-
1e
e10
--2
1.2.3
e10
e10
1e+
e10
abc
1e+
abc
0e
abc
+
-
++1
1e
1e
1e+
--2
++1
0e
++1
+
000.e
1e
+
--2
1e
e10
+
000.e
-
0e
1e-
++1
0e
000.e
+
1ee2
0e
+
++1
1e
++1
1.2.3
.
.
000.e
++1
e10
++1
0e
--2
1ee2
1ee2
1e
1e-
1ee2
1e
-
1e-
0e
0e
abc
1e+
1ee2
1e
0e
--2
abc
1e
e10
1e-
1e+
1e+
1.2.3
1.2.3
e10
0e
1ee2
.
1e+
1.2.3
1e+
.
--2
1e+
000.e
1e-
-
1e+
--2
.
1e
-
1e+
abc
1ee2
+
e10
abc
000.e
1e
1e
1ee2
+
.
1.2.3
.
0e
0e
abc
abc
1e+
-
1e+
000.e
1.2.3
1e
000.e
000.e
1e
1e-
1.2.3
--2
.
e10
--2
000.e
--2
.
1.2.3
e10
0e
abc
1.2.3
0e
000.e
0e
0e
++1
1.2.3
abc
1.2.3
000.e
e10
--2
0e
1e+
e10
1.2.3
e10
0e
000.e
0e
1ee2
1.2.3
abc
-
-
1e
1ee2
+
+
1.2.3
1ee2
--2
-
000.e
1ee2
-
0e
000.e
.
-
abc
+
++1
1e
000.e
+
abc
1ee2
-
1.2.3
abc
.
1e-
1e-
1.2.3
-
1e+
1ee2
--2
--2
000.e
000.e
000.e
1e
1e
1.2.3
1e-
+
--2
1ee2
--2
1.2.3
+
++1
abc
1ee2
000.e
1.2.3
-
++1
1.2.3
1e+
++1
--2
-
--2
1e-
++1
0e
1.2.3
1e-
1ee2
e10
1.2.3
000.e
1e-
000.e
1e
1ee2
e10
1ee2
-
+
1.2.3
1.2.3
1e+
-
+
1e+
1e-
+
0e
+
++1
1.2.3
-
abc
0e
1e-
abc
1.2.3
abc
000.e
1e+
1e+
1e-
1e+
1ee2
+
--2
e10
000.e
000.e
+
.
1e+
e10
1e
.
e10
1ee2
e10
1.2.3
1e+
1ee2
0e
000.e
++1
--2
-
-
abc
--2
1ee2
+
1e+
.
0e
--2
++1
1e-
abc
+
abc
+
e10
1.2.3
e10
.
000.e
0e
1e+
1ee2
e10
0e
--2
1e
.
e10
++1
1e
++1
1e+
0e
1e
+
+
0e
1ee2
++1
e10
--2
1e
++1
+
++1
1e
1e
-
1e-
0e
000.e
1e
++1
++1
e10
1e-
e10
+
1e-
abc
--2
000.e
e10
-
++1
0e
1e+
.
1ee2
1ee2
++1
++1
000.e
+
--2
--2
abc
++1
1.2.3
e10
000.e
1.2.3
1e
1.2.3
1e-
0e
.
0e
++1
-
-
-
000.e
abc
abc
1ee2
++1
1e+
0e
--2
abc
++1
e10
++1
1e
000.e
1e+
1e
0e
e10
.
1.2.3
1e+
-
-
1e-
.
0e
--2
000.e
000.e
e10
++1
-
++1
1e+
1e
-
0e
1ee2
1e+
1.2.3
1e+
1ee2
--2
.
1.2.3
++1
e10
0e
000.e
--2
1.2.3
1e+
0e
++1
.
0e
000.e
--2
--2
-
e10
+
e10
--2
1e+
0e
e10
0e
+
000.e
1e+
+
1ee2
+
1ee2
0e
-
1ee2
--2
1e
--2
--2
-
1e-
1ee2
+
0e
1ee2
000.e
++1
-
-
-
+
.
1e+
-
1.2.3
000.e
1e
1e-
1e
e10
-
.
1ee2
abc
++1
1e-
0e
abc
abc
e10
--2
++1
0e
0e
--2
abc
.
0e
1e
-
1e-
1e-
abc
-
1e+
1ee2
--2
--2
1e+
1.2.3
0e
1.2.3
.
1ee2
e10
000.e
abc
e10
1e-
000.e
-
-
--2
.
1e+
abc
000.e
0e
0e
1e
abc
+
1e
.
0e
-
000.e
+
000.e
1e-
1e
--2
0e
1e+
1ee2
1ee2
1e
1e
000.e
++1
1e
1e
1e-
1e-
1e+
1.2.3
--2
++1
000.e
1e+
000.e
1e-
1e+
1e
1e-
e10
--2
1e
e10
1e+
000.e
++1
-
e10
1e
1e
e10
abc
1e+
abc
++1
1.2.3
1e-
1e
++1
--2
--2
1e
--2
-
abc
1.2.3
e10
.
--2
1.2.3
--2
1e
000.e
abc
1e-
0e
++1
0e
--2
e10
.
e10
-
1.2.3
0e
+
abc
+
1ee2
1e-
1ee2
1e-
.
.
1e
.
e10
++1
.
e10
--2
.
000.e
-
000.e
-
1.2.3
++1
1e+
000.e
.
1e-
.
--2
1ee2
+
--2
--2
1e-
-
-
1e-
abc
--2
e10
++1
-
+
1e-
.
1e+
abc
e10
e10
e10
1e
--2
.
+
.
1.2.3
1e-
1e-
.
e10
0e
000.e
-
e10
--2
e10
1.2.3
1.2.3
1e-
abc
-
1e-
++1
.
1.2.3
1.2.3
1ee2
1ee2
1.2.3
1e
1.2.3
1ee2
1e
--2
-
1e-
1e
1e+
1.2.3
++1
0e
abc
+
--2
e10
e10
-
e10
1e+
1ee2
--2
1e+
1.2.3
+
1e+
++1
000.e
--2
000.e
1e-
0e
abc
.
1e
++1
--2
000.e
1e+
1e+
000.e
1e
1.2.3
1e-
+
-
1e
1e
abc
1e
e10
1ee2
1e-
1.2.3
--2
e10
0e
e10
1e-
1ee2
1e
1e
e10
++1
abc
000.e
1ee2
--2
abc
-
1e+
1e+
1e-
e10
1e-
+
1e+
+
+
1.2.3
0e
--2
0e
.
1ee2
--2
+
1e
.
--2
0e
.
1ee2
+
1e-
1e+
000.e
1e-
1e-
1ee2
e10
1ee2
1e-
e10
+
.
-
000.e
1ee2
1e+
0e
abc
1e+
.
-
1ee2
0e
abc
.
--2
1ee2
-
--2
++1
-
+
000.e
++1
+
000.e
0e
e10
000.e
000.e
+
-
1e
0e
1e-
e10
-
--2
+
.
1ee2
.
--2
abc
1e-
1ee2
1e-
1.2.3
.
1e
.
0e
0e
000.e
e10
abc
-
1ee2
-
1e+
1e+
e10
000.e
1e-
000.e
--2
1e+
abc
1.2.3
1e+
.
1e
1.2.3
+
+
000.e
0e
+
--2
.
1ee2
1e
1e
1e
1e-
0e
1e-
+
-
1.2.3
1e+
1.2.3
++1
+
1e
1.2.3
1e-
-
--2
0e
1e+
1e+
e10
0e
0e
e10
1ee2
1e+
-
1ee2
-
0e
1e+
0e
1e-
1e+
++1
1.2.3
.
++1
1.2.3
1e+
1ee2
1e
1e+
abc
1e
e10
1.2.3
++1
-
1.2.3
000.e
1ee2
0e
000.e
.
e10
1e-
0e
1.2.3
abc
--2
--2
-
000.e
e10
1.2.3
1.2.3
.
++1
-
1e-
1.2.3
--2
++1
1e+
.
abc
1e+
1.2.3
0e
+
1.2.3
1e
--2
1e-
--2
.
1.2.3
--2
++1
000.e
--2
--2
+
abc
-
-
1e-
1e-
-
+
000.e
1ee2
+
1ee2
1e-
+
abc
--2
1e
abc
.
--2
0e
++1
-
1ee2
1e+
e10
1e+
0e
1.2.3
0e
-
1e+
1e+
1e-
1e-
+
1ee2
1e-
-
--2
e10
+
1e
1e
0e
e10
1e-
+
1e
.
e10
1e+
1ee2
1e-
++1
.
0e
0e
abc
1e+
1ee2
.
+
++1
-
1e-
000.e
1e+
++1
1e
1e+
000.e
1e-
1e+
1ee2
1.2.3
1ee2
--2
e10
0e
abc
--2
abc
++1
-
1e
1e
--2
++1
000.e
1.2.3
e10
e10
e10
1e+
1e+
.
--2
1e
1e-
--2
--2
1e+
++1
1e+
1.2.3
-
1.2.3
1e
0e
1e
1e
0e
0e
.
--2
1e
1.2.3
++1
0e
e10
abc
1e-
--2
1e+
0e
abc
0e
1e+
1e-
abc
abc
-
1e-
++1
1e-
1ee2
-
.
--2
0e
1e-
1e
1.2.3
1.2.3
++1
1e
abc
1ee2
000.e
1e
1e
1ee2
--2
.
.
-
1e-
1e+
000.e
abc
1ee2
1ee2
++1
e10
+
abc
000.e
1.2.3
abc
1e-
e10
.
-
1e-
1ee2
000.e
++1
++1
++1
000.e
-
1ee2
.
1ee2
1e
1.2.3
000.e
abc
1e-
1.2.3
-
e10
1e
+
1e-
1.2.3
++1
000.e
abc
1e+
+
e10
e10
e10
e10
1e-
--2
0e
abc
e10
1e+
.
1e+
1e
1ee2
000.e
--2
-
-
000.e
abc
1e-
abc
000.e
0e
++1
1e
1.2.3
abc
--2
--2
1e
000.e
--2
-
-
e10
e10
--2
e10
1e+
1.2.3
1.2.3
.
-
++1
-
--2
0e
1.2.3
abc
--2
1e
0e
1ee2
1e
abc
1e+
1e-
+
.
1ee2
++1
000.e
000.e
1e
1e+
1e-
1e
1e-
1ee2
1e+
abc
1e+
abc
0e
1ee2
e10
1.2.3
0e
1e+
.
1e+
e10
1e+
++1
0e
000.e
1ee2
0e
-
+
1.2.3
0e
++1
1ee2
.
0e
-
+
1e-
1e+
1e-
+
0e
1e-
--2
1e-
e10
-
1.2.3
1e
--2
--2
--2
-
000.e
0e
-
++1
1e-
.
1.2.3
1.2.3
1e-
+
1ee2
abc
1e+
000.e
-
+
1ee2
1e-
.
1e
1e+
1e
1e-
000.e
.
--2
+
1ee2
1e
++1
++1
+
-
1e
1e+
+
0e
++1
1e
0e
++1
1e
--2
--2
1.2.3
1e
1e
0e
1.2.3
abc
1ee2
abc
abc
1e
0e
.
.
0e
0e
0e
e10
1.2.3
000.e
-
000.e
++1
1e
abc
.
abc
--2
--2
-
000.e
.
0e
abc
1ee2
1e+
000.e
e10
1e-
1ee2
1e
1e+
e10
1ee2
--2
++1
--2
1e
-
1e-
000.e
-
000.e
1e-
+
++1
e10
1e
-
.
1ee2
0e
e10
0e
1ee2
1e+
1.2.3
+
-
--2
1.2.3
e10
abc
abc
--2
1e-
--2
-
1e
+
1e-
+
000.e
++1
-
000.e
-
1.2.3
0e
+
-
++1
.
1e
++1
1.2.3
+
.
e10
-
1e+
+
++1
.
--2
1.2.3
--2
--2
1ee2
.
++1
-
e10
.
000.e
e10
1.2.3
1e+
0e
1ee2
1e-
--2
000.e
.
1.2.3
0e
+
abc
--2
abc
+
0e
1.2.3
1e
--2
.
-
--2
abc
--2
.
abc
000.e
1e+
.
1ee2
e10
abc
--2
.
e10
abc
--2
abc
e10
000.e
e10
-
+
000.e
1e-
-
.
1.2.3
1e-
1e
-
1ee2
e10
-
0e
-
-
1.2.3
0e
0e
+
++1
1e
1e
0e
-
000.e
1e-
.
+
1e+
--2
++1
++1
1e-
1e-
1ee2
1.2.3
++1
e10
--2
0e
--2
--2
+
-
1ee2
abc
000.e
1.2.3
1.2.3
e10
1e
.
1e+
1e+
.
.
1e
0e
-
--2
1e
1ee2
e10
+
--2
e10
1.2.3
abc
abc
e10
0e
1e-
+
++1
1.2.3
-
++1
1e+
-
e10
000.e
--2
1e+
1e+
++1
abc
1e
e10
++1
1e-
000.e
++1
1e
--2
+
+
1e+
abc
+
-
0e
1.2.3
0e
1ee2
000.e
1.2.3
1e-
+
000.e
1e-
1e-
1.2.3
.
1e-
abc
0e
abc
1e-
+
abc
1ee2
abc
--2
abc
1.2.3
0e
--2
++1
e10
1.2.3
abc
1e
.
0e
.
000.e
1ee2
000.e
+
+
0e
1e-
1e-
1e+
1ee2
1e
1e+
++1
abc
-
1e
1e+
000.e
1.2.3
-
0e
1.2.3
1.2.3
1ee2
+
1e-
1ee2
+
abc
.
+
+
e10
++1
1.2.3
0e
abc
-
1ee2
abc
000.e
abc
-
abc
.
-
1e
0e
--2
+
-
.
++1
1.2.3
1e
1.2.3
0e
1e+
1e
0e
.
1e
.
1ee2
--2
1e
0e
1e
--2
1.2.3
0e
-
-
.
-
.
e10
1e
e10
1e-
-
.
1.2.3
000.e
++1
++1
1.2.3
1e-
1.2.3
-
-
1e+
+
1ee2
.
1e+
1ee2
1ee2
.
1.2.3
++1
abc
--2
1ee2
-
1.2.3
-
++1
-
1e
--2
1.2.3
+
1ee2
-
1e-
++1
1ee2
abc
000.e
abc
1e+
000.e
e10
.
+
e10
-
1ee2
-
1.2.3
.
++1
-
--2
e10
0e
1ee2
1e-
1ee2
--2
++1
.
1e
1.2.3
++1
.
000.e
1ee2
1e-
e10
--2
1e+
0e
1.2.3
.
1.2.3
1e-
abc
abc
1ee2
000.e
0e
abc
abc
1e
1.2.3
+
+
abc
abc
e10
1ee2
1e-
000.e
1e+
abc
++1
000.e
1ee2
1e
+
1ee2
--2
abc
+
e10
1ee2
1.2.3
000.e
1e-
1ee2
1e
.
1e-
.
++1
1.2.3
0e
1.2.3
+
abc
1ee2
0e
0e
0e
--2
+
0e
0e
1e
1.2.3
1e+
1e+
-
1ee2
1e-
0e
0e
-
-
-
e10
000.e
1e+
1.2.3
1.2.3
1ee2
++1
0e
abc
++1
1ee2
1ee2
1e-
000.e
1ee2
1e
--2
+
.
abc
1e+
1ee2
1e+
1e-
000.e
++1
0e
-
0e
.
-
abc
1e+
+
.
e10
-
0e
e10
1e-
.
+
--2
abc
1.2.3
1e
1e
1e
0e
1e+
++1
1ee2
-
1e+
--2
1ee2
+
1e
--2
+
1e-
++1
1e+
e10
-
1.2.3
0e
1e
++1
1e
e10
1.2.3
.
--2
--2
1e+
.
1.2.3
-
1e
1ee2
000.e
1ee2
--2
.
0e
e10
1ee2
1ee2
1e
1e-
1e+
-
1e+
abc
1e
1.2.3
++1
1e
-
.
.
1e-
-
abc
+
1e
1e-
1e
0e
-
--2
++1
1e-
-
abc
.
000.e
1ee2
1e+
1e+
+
+
1ee2
++1
1ee2
--2
.
1e+
1e-
.
1e
1ee2
e10
++1
+
0e
1e
+
1e+
++1
+
1e
0e
+
1e+
1ee2
--2
1ee2
000.e
+
.
1e
e10
.
++1
abc
1.2.3
.
.
e10
e10
--2
abc
1ee2
-
--2
-
1e
e10
1.2.3
000.e
+
1ee2
e10
1e-
abc
0e
1e-
.
e10
0e
1e
--2
e10
--2
abc
.
1ee2
1e-
000.e
--2
1ee2
--2
--2
e10
abc
1e
abc
1.2.3
-
+
1ee2
--2
1ee2
++1
e10
++1
1e-
++1
e10
abc
0e
++1
--2
-
e10
--2
-
1e
1e+
.
0e
.
.
1ee2
1e-
.
--2
0e
0e
1e-
++1
1e
1e-
+
++1
.
1e
000.e
+
+
+
1e+
1.2.3
1e-
e10
e10
-
1e+
++1
000.e
+
000.e
+
++1
e10
+
1ee2
1e
.
.
.
-
+
0e
0e
+
1e
e10
-
1e+
000.e
1.2.3
0e
--2
.
--2
0e
-
++1
0e
1e
1.2.3
0e
1ee2
e10
e10
1.2.3
-
abc
.
1e-
000.e
1e
e10
+
0e
1.2.3
1.2.3
abc
abc
1e+
e10
--2
++1
1e-
1e
1e
1.2.3
000.e
--2
-
-
1e-
.
000.e
000.e
1e+
1e
-
1e
1ee2
.
--2
--2
000.e
1e
-
1e
++1
+
1e
1e-
1.2.3
++1
1.2.3
.
.
1e-
++1
+
1e+
--2
1.2.3
1e
000.e
e10
e10
1ee2
1e
.
0e
1.2.3
1e
e10
000.e
1e-
e10
1ee2
1ee2
000.e
-
abc
000.e
+
--2
1ee2
-
++1
--2
.
1.2.3
1e-
+
1.2.3
0e
0e
1e
-
abc
1e+
+
e10
abc
000.e
++1
e10
1e+
+
000.e
1.2.3
--2
--2
+
1ee2
abc
1e-
-
e10
.
abc
1.2.3
-
1e
--2
e10
e10
0e
+
1e
1ee2
+
--2
0e
e10
0e
e10
--2
e10
-
1e
1e+
1e-
000.e
.
000.e
e10
.
0e
000.e
.
1e-
1ee2
1e-
.
000.e
0e
1e
1e
--2
1e-
1e-
+
0e
1ee2
1.2.3
.
000.e
1e
-
1e
1ee2
abc
+
++1
1ee2
e10
.
1e+
1e
1e+
+
1e-
+
abc
1e
e10
1e-
-
1ee2
0e
1ee2
000.e
1ee2
000.e
-
.
1e
1ee2
-
-
e10
1ee2
1e-
+
abc
1e-
e10
+
e10
e10
--2
1e
.
-
1e+
000.e
000.e
1e+
0e
+
++1
000.e
e10
abc
0e
1e+
--2
.
--2
1e
--2
+
0e
+
0e
--2
000.e
abc
--2
abc
1ee2
1e-
abc
1e
1ee2
abc
1ee2
e10
1e-
1e-
1.2.3
1e+
1e-
abc
e10
0e
1.2.3
1ee2
-
000.e
1e
000.e
e10
1e-
-
+
e10
e10
1.2.3
1.2.3
1e
1.2.3
1e
--2
1e
-
000.e
-
--2
.
+
000.e
--2
++1
.
+
-
1e
0e
1e
abc
--2
1e
+
1ee2
0e
e10
1e-
000.e
000.e
000.e
1e-
++1
1e-
-
+
abc
--2
--2
--2
000.e
1e-
e10
abc
--2
1e-
1e+
-
1e-
0e
1.2.3
abc
1.2.3
+
-
++1
1e-
1e+
1e
.
e10
.
--2
1.2.3
e10
1ee2
abc
1e
abc
e10
+
1ee2
e10
--2
0e
e10
1e
--2
1e-
1e
abc
--2
.
1e+
.
1.2.3
1e-
1ee2
+
1ee2
e10
1e
++1
+
+
e10
1e+
1.2.3
1e-
1e-
1e
abc
--2
++1
-
abc
abc
e10
000.e
000.e
-
-
e10
++1
-
000.e
1e+
1e+
0e
--2
++1
000.e
--2
--2
e10
1e-
e10
.
0e
.
1ee2
1ee2
+
abc
0e
1e+
.
1e-
abc
--2
-
.
.
++1
.
++1
-
000.e
0e
e10
e10
-
-
1.2.3
++1
1e-
-
1e-
1e+
.
abc
--2
abc
1ee2
1.2.3
1.2.3
1.2.3
--2
000.e
1e+
1e+
abc
1e+
1ee2
1e
-
1e-
000.e
++1
+
0e
abc
--2
e10
000.e
++1
++1
--2
1.2.3
0e
1ee2
1e
1.2.3
+
--2
e10
1e-
+
1e
1.2.3
1e
--2
--2
000.e
e10
--2
0e
--2
000.e
-
++1
1e+
1e+
e10
1e
++1
.
+
.
-
+
+
++1
1.2.3
abc
000.e
++1
1e
++1
++1
-
--2
1ee2
.
0e
.
1e-
1.2.3
++1
.
--2
e10
-
0e
abc
1ee2
1e-
--2
1e+
1e
++1
.
0e
0e
1e+
+
1.2.3
1.2.3
--2
e10
0e
.
abc
1e-
+
+
abc
e10
.
1e+
e10
1ee2
++1
++1
abc
--2
--2
--2
1e
1.2.3
1e
1.2.3
-
--2
1e
1ee2
1e
1e-
0e
1e
--2
.
000.e
+
1e+
1.2.3
-
++1
0e
000.e
+
e10
0e
1e
+
.
1e
1ee2
e10
1e-
.
.
++1
abc
000.e
abc
1e+
1.2.3
e10
1e-
.
1.2.3
+
-
1e
--2
0e
--2
1ee2
1.2.3
000.e
+
abc
0e
+
1e+
-
-
+
0e
1e
--2
e10
e10
e10
0e
.
++1
1e
.
--2
++1
0e
+
.
abc
--2
+
e10
e10
.
1ee2
--2
1e
abc
++1
1e+
1e+
++1
e10
0e
1e-
--2
+
-
1e-
000.e
++1
abc
1ee2
1.2.3
1e+
e10
+
0e
-
.
--2
1e
1e
+
1e
.
.
1.2.3
--2
1ee2
1.2.3
1e
.
--2
1ee2
-
1ee2
000.e
abc
0e
.
.
1e+
.
abc
+
1e+
1e
+
-
0e
000.e
++1
1e
1e+
--2
++1
1.2.3
+
+
000.e
-
-
.
000.e
0e
+
++1
-
1e-
000.e
.
abc
++1
-
1ee2
abc
1e+
1e-
0e
1e-
000.e
1e-
1e
0e
000.e
abc
.
--2
1.2.3
000.e
1e+
++1
--2
0e
--2
1ee2
1ee2
0e
1ee2
000.e
+
--2
1e
1e
1e-
0e
1e-
+
000.e
--2
1e+
1e-
1e
+
1e
1e-
+
abc
-
-
--2
1e+
abc
.
000.e
-
abc
abc
000.e
1ee2
1e-
++1
--2
abc
1e+
.
--2
1e-
000.e
++1
--2
+
abc
0e
.
1.2.3
.
+
--2
+
0e
e10
1.2.3
0e
--2
1.2.3
+
--2
--2
000.e
1e-
abc
++1
0e
++1
++1
1e-
1e+
1e+
1e-
1e+
+
1e-
--2
.
abc
abc
e10
1e+
+
1e+
1e+
000.e
1.2.3
1.2.3
++1
0e
-
1e
1e
1e
0e
1.2.3
+
--2
abc
000.e
e10
+
e10
1e+
abc
1.2.3
e10
+
1e+
-
1e-
e10
++1
.
-
1.2.3
+
abc
-
+
e10
.
1e+
1e
-
-
1ee2
+
--2
+
1e+
1e-
e10
1ee2
1.2.3
++1
1e-
-
1e+
1e
1.2.3
1e+
--2
++1
1e+
+
e10
--2
++1
++1
1e-
1.2.3
000.e
1e-
1e-
000.e
abc
1e
-
1ee2
1e+
0e
++1
1e
1e
.
0e
1e-
e10
000.e
1e-
1.2.3
000.e
1ee2
e10
0e
1e-
e10
--2
.
-
+
++1
1.2.3
1e
1.2.3
+
abc
++1
1.2.3
++1
1ee2
+
1.2.3
1ee2
1e
e10
abc
-
1ee2
-
1e+
+
-
+
abc
++1
-
abc
--2
--2
+
1e
1e
.
-
++1
-
+
abc
--2
1ee2
1.2.3
1.2.3
1e
.
1e+
abc
.
e10
-
1.2.3
abc
1ee2
1e
+
.
-
.
0e
.
1ee2
1e+
+
1.2.3
-
1e+
abc
abc
++1
1ee2
1ee2
1.2.3
1ee2
1e-
1e-
abc
0e
.
e10
--2
.
0e
.
+
1e+
1e
0e
+
1ee2
++1
++1
+
1.2.3
1e+
+
1e+
--2
abc
.
-
1.2.3
1e-
-
1e
++1
000.e
abc
1ee2
1.2.3
1.2.3
-
1e+
-
1e+
1ee2
1e+
++1
e10
1e
1.2.3
--2
+
++1
000.e
-
1.2.3
.
0e
++1
1e-
1e
1ee2
1ee2
1.2.3
1e+
1e-
.
abc
e10
000.e
0e
0e
e10
--2
000.e
1ee2
1e-
0e
000.e
abc
1e
++1
000.e
.
++1
1ee2
.
1e+
1e-
+
+
1ee2
1e
000.e
1e-
1e-
1e+
1e-
1e
--2
000.e
++1
-
.
1.2.3
0e
-
-
-
--2
e10
1e+
000.e
+
1e
-
-
abc
1e+
e10
000.e
000.e
1.2.3
1e
000.e
.
abc
--2
1ee2
-
+
1e
000.e
++1
000.e
000.e
1.2.3
++1
+
1.2.3
000.e
.
-
1e-
1.2.3
+
1e+
1.2.3
+
e10
1e-
+
e10
0e
.
++1
000.e
.
1e-
1ee2
-
++1
1ee2
++1
1e
+
1ee2
++1
1e
++1
1ee2
e10
e10
abc
+
abc
.
1e-
1e
++1
1e+
++1
--2
0e
1.2.3
1.2.3
abc
--2
++1
0e
abc
1e-
-
++1
.
1e+
e10
abc
.
e10
1e-
++1
+
--2
1e+
++1
++1
1ee2
+
.
1ee2
++1
1e+
++1
1e+
000.e
e10
--2
1ee2
1.2.3
1e+
+
1.2.3
.
--2
1e
-
e10
1.2.3
1e+
1e
--2
1e
1.2.3
++1
1e+
-
1e
--2
1e+
+
+
+
000.e
++1
abc
--2
1e-
1e-
000.e
e10
1e
+
--2
000.e
1e+
++1
1e+
abc
1e-
.
--2
0e
1ee2
1.2.3
+
.
++1
++1
-
--2
0e
-
+
0e
1.2.3
000.e
1.2.3
abc
1e-
-
+
--2
++1
000.e
e10
0e
1e
1e
.
1e+
1ee2
1e
1e
e10
1e
1e-
1.2.3
abc
-
1e
1e+
1.2.3
abc
000.e
000.e
--2
+
e10
1.2.3
-
--2
1e
0e
000.e
-
e10
1ee2
1ee2
1e+
+
-
abc
1e-
1e+
abc
000.e
1e-
0e
--2
000.e
1e-
1.2.3
1e
.
1.2.3
+
--2
-
-
abc
--2
1e+
abc
0e
--2
1e+
0e
1e-
abc
+
++1
++1
1e+
abc
+
e10
1.2.3
1ee2
+
e10
1e
1.2.3
e10
abc
--2
e10
1e+
e10
.
1e+
1e-
abc
++1
.
e10
+
0e
.
1e-
1e
1ee2
1ee2
--2
1ee2
.
1.2.3
abc
e10
1e
1e+
1e+
1ee2
++1
0e
1e+
-
0e
1.2.3
000.e
0e
++1
1e
abc
++1
+
--2
e10
++1
1.2.3
1e-
+
abc
.
000.e
e10
abc
e10
abc
abc
+
000.e
1.2.3
1e
e10
-
0e
1ee2
0e
1e
-
0e
1ee2
1e-
.
1ee2
1e-
1e+
000.e
abc
1ee2
000.e
e10
e10
+
--2
0e
1ee2
1ee2
++1
++1
1e-
1.2.3
-
1ee2
1.2.3
++1
abc
--2
+
0e
--2
1e+
1.2.3
1ee2
1e-
++1
1e
1ee2
1e+
e10
abc
1.2.3
-
e10
1e
.
0e
0e
abc
0e
000.e
1ee2
--2
-
1ee2
1e
1e
0e
0e
1.2.3
--2
1e-
0e
e10
-
e10
.
000.e
1.2.3
--2
e10
1ee2
++1
-
1ee2
1e-
1e
e10
++1
-
1e
1e-
0e
+
1e+
1e+
+
000.e
000.e
0e
0e
0e
1e
e10
1e-
0e
e10
++1
++1
.
--2
1.2.3
e10
abc
-
--2
1ee2
1ee2
1e
1ee2
1e
000.e
abc
1ee2
000.e
++1
1ee2
1e+
000.e
1e-
++1
--2
.
e10
1ee2
1ee2
1e-
.
--2
+
+
++1
+
0e
000.e
++1
--2
-
1e+
abc
1e-
0e
+
e10
0e
abc
e10
-
++1
+
-
e10
000.e
1e-
1.2.3
-
1e-
+
1e
1e+
1ee2
0e
1e-
abc
1.2.3
1e
1e-
.
abc
+
1e-
.
1e+
+
1e+
+
1e-
--2
e10
-
000.e
+
++1
1e+
1ee2
0e
.
000.e
.
1ee2
--2
0e
000.e
.
abc
1e+
1.2.3
--2
1e
1.2.3
abc
1e
++1
abc
1e+
1.2.3
1ee2
1e
1ee2
1e-
0e
1e-
abc
.
e10
-
1e
1ee2
abc
-
++1
-
++1
1ee2
1e
1ee2
e10
abc
000.e
+
.
1e
e10
1e
.
000.e
-
000.e
1e
.
--2
e10
abc
e10
1.2.3
abc
-
--2
000.e
1ee2
+
000.e
--2
1e+
--2
--2
1e
+
1e-
1ee2
abc
000.e
000.e
.
++1
1.2.3
e10
000.e
1e
000.e
abc
1ee2
0e
.
1ee2
e10
abc
-
+
.
.
-
1.2.3
1.2.3
1e-
e10
1e-
1e+
000.e
1e-
--2
--2
abc
000.e
1ee2
0e
e10
--2
+
-
1e-
+
1e
1e
e10
++1
--2
1.2.3
e10
1e+
1ee2
1ee2
000.e
1e
abc
-
++1
1e-
-
-
1.2.3
1e-
-
1.2.3
1e+
1e+
e10
1e
1e+
.
-
000.e
++1
000.e
000.e
--2
--2
000.e
e10
.
.
1e+
.
-
1e-
1e-
1ee2
.
abc
abc
abc
+
0e
++1
++1
++1
.
+
e10
000.e
0e
--2
--2
0e
1.2.3
abc
1e+
-
000.e
000.e
1e
1.2.3
+
1.2.3
1e-
++1
1.2.3
e10
e10
0e
--2
1e+
abc
0e
1ee2
abc
1.2.3
1e+
1.2.3
--2
++1
abc
1ee2
1e-
1ee2
0e
1.2.3
0e
000.e
1.2.3
.
.
+
000.e
000.e
000.e
1e
e10
000.e
e10
0e
1e+
--2
--2
1.2.3
+
.
1ee2
1.2.3
.
1e+
1e+
000.e
--2
++1
-
1e+
e10
1ee2
1e
+
1.2.3
1e+
1ee2
1e-
0e
000.e
1e+
1e
1e+
1e
+
-
1e
-
1e+
0e
--2
1ee2
+
++1
++1
-
+
1.2.3
e10
1e-
--2
++1
--2
0e
1e-
1.2.3
0e
000.e
--2
-
000.e
++1
000.e
0e
0e
1e-
1.2.3
++1
1ee2
1.2.3
1e-
.
0e
1e-
++1
+
1e+
--2
--2
1e+
1e-
000.e
e10
1e
abc
+
1e+
+
000.e
1e+
1e
++1
1.2.3
abc
1ee2
1.2.3
000.e
-
000.e
.
1.2.3
1.2.3
abc
000.e
+
1e
1e-
e10
++1
e10
1e
+
--2
1e+
.
000.e
abc
+
1ee2
1ee2
abc
+
abc
1.2.3
.
1e+
+
0e
1.2.3
1e-
1e+
0e
--2
1e-
1e
e10
1ee2
000.e
1e+
--2
000.e
--2
1e+
1e
1e+
0e
--2
1e+
e10
++1
0e
e10
--2
1e
1e+
1e+
1ee2
.
--2
1ee2
1e
1.2.3
--2
1ee2
000.e
abc
000.e
1ee2
e10
1ee2
-
1ee2
0e
1e
abc
+
++1
abc
e10
1.2.3
.
1e
1e
.
--2
1.2.3
1.2.3
000.e
0e
abc
+
abc
--2
e10
000.e
1.2.3
1e+
++1
1.2.3
000.e
1e
000.e
.
-
-
abc
-
1.2.3
1e+
1e-
.
+
++1
.
.
--2
1.2.3
0e
abc
abc
1ee2
0e
+
1ee2
abc
.
+
-
0e
e10
000.e
++1
+
1e
.
abc
1e
1e-
1ee2
abc
1e+
e10
e10
1e-
1e-
1ee2
-
abc
1e+
1e
1e-
-
-
abc
1e
1e
e10
1e-
.
-
.
0e
+
e10
-
1.2.3
1e+
-
--2
abc
1.2.3
+
++1
e10
1e-
1e+
--2
abc
1e+
000.e
++1
.
+
0e
0e
+
1ee2
+
000.e
1e
-
++1
.
++1
-
abc
000.e
1e+
abc
--2
++1
1e-
--2
.
1e-
0e
+
1.2.3
-
1ee2
-
1e
1e-
1e-
.
abc
1e
.
e10
1ee2
1.2.3
+
++1
1.2.3
++1
-
0e
e10
abc
1e
1e-
.
.
000.e
+
1.2.3
1e-
000.e
1ee2
++1
abc
e10
--2
e10
1.2.3
000.e
1.2.3
1e+
0e
1e
1.2.3
1e-
.
+
+
0e
1e-
abc
e10
abc
e10
abc
e10
1ee2
.
1e+
-
1.2.3
1e+
.
0e
abc
--2
1.2.3
1e
000.e
e10
-
+
e10
1ee2
0e
+
-
0e
abc
+
e10
-
.
0e
++1
0e
000.e
0e
e10
1e+
1e+
+
000.e
1e
abc
0e
1e+
1e
-
1ee2
.
1e+
+
1ee2
1e
1ee2
-
1e-
1e
1e-
1ee2
-
++1
1.2.3
--2
++1
1e+
++1
--2
e10
0e
abc
1e
1e-
abc
--2
1ee2
1ee2
+
0e
++1
--2
1e
++1
1e
1ee2
-
1ee2
--2
1e+
-
++1
1e-
000.e
1ee2
1.2.3
abc
0e
000.e
1.2.3
.
1.2.3
++1
-
e10
--2
--2
1e+
000.e
abc
1e+
+
000.e
1e
1e-
e10
000.e
1e-
-
1e-
1e
--2
.
1e
1e
1e-
1e+
1.2.3
.
1e+
+
--2
1e+
.
-
1e-
--2
1.2.3
++1
1e+
1ee2
1.2.3
-
0e
abc
.
+
.
+
1e-
abc
1.2.3
e10
-
000.e
--2
1e
000.e
000.e
abc
1e
-
1e+
abc
abc
1e+
1e
1e
++1
1e
-
+
000.e
+
1e+
1e-
1ee2
+
000.e
e10
+
000.e
-
.
abc
1ee2
1e+
1ee2
-
+
000.e
000.e
1e
1.2.3
--2
e10
e10
1e-
0e
++1
1e
1ee2
0e
e10
1e
abc
000.e
0e
1.2.3
1e+
++1
1e
0e
000.e
1e
000.e
0e
000.e
--2
.
.
000.e
1e+
e10
1.2.3
abc
1e
1e
1.2.3
0e
0e
1e+
0e
.
1e
++1
+
++1
1ee2
abc
0e
-
-
1ee2
1.2.3
abc
0e
1.2.3
000.e
+
++1
++1
--2
1e
.
.
1.2.3
--2
000.e
1e+
abc
.
1e-
abc
1e+
1ee2
1e+
1.2.3
e10
1ee2
--2
000.e
1e-
+
1.2.3
.
.
1e-
1e-
1e-
0e
-
1e+
++1
0e
++1
e10
1e
+
--2
-
1.2.3
1.2.3
1ee2
1.2.3
+
0e
+
1e
1e
abc
e10
000.e
1e+
1e-
--2
+
000.e
1ee2
--2
--2
1.2.3
++1
+
1ee2
++1
-
e10
-
+
-
e10
1e-
+
1.2.3
1e-
e10
+
.
1e
0e
000.e
1ee2
1e+
-
1e+
abc
abc
1.2.3
1ee2
-
.
e10
-
e10
++1
1.2.3
1.2.3
1ee2
-
abc
abc
1e+
abc
0e
-
000.e
--2
1e+
e10
e10
+
+
0e
0e
0e
e10
e10
000.e
1e+
1e+
1e+
1e+
abc
abc
abc
0e
000.e
++1
1e+
1.2.3
000.e
000.e
1e-
1e+
0e
000.e
++1
++1
1e-
--2
1e
1e-
1e+
1e-
1.2.3
1.2.3
++1
1ee2
000.e
e10
.
-
-
-
.
.
abc
1e-
.
1e-
0e
1e-
e10
0e
1e-
.
0e
1ee2
1e-
--2
000.e
0e
+
1e+
+
+
--2
+
1e+
1.2.3
abc
1ee2
0e
1e
000.e
+
1e-
1ee2
1e+
1ee2
1e-
e10
-
e10
++1
1ee2
1.2.3
1.2.3
abc
++1
1ee2
1e+
++1
+
abc
000.e
+
-
000.e
1.2.3
.
.
abc
abc
e10
--2
1ee2
+
1e
+
1.2.3
1ee2
1.2.3
1e+
1e-
--2
abc
e10
+
abc
-
e10
1ee2
--2
1.2.3
+
--2
1.2.3
.
e10
1ee2
++1
1e
abc
--2
abc
e10
++1
1e+
000.e
++1
+
000.e
1e
1e+
-
1e+
0e
1.2.3
e10
abc
--2
1e
abc
-
1.2.3
++1
+
+
-
1e-
--2
--2
1e
1ee2
1e-
1e-
++1
1e+
abc
000.e
--2
-
1e+
-
000.e
--2
1e-
+
+
0e
abc
.
abc
1e
000.e
1ee2
1e+
1e-
++1
-
1e
0e
++1
++1
0e
0e
1ee2
1ee2
1e
1ee2
+
1.2.3
1e
++1
e10
e10
000.e
-
--2
1ee2
000.e
abc
1.2.3
.
1e
e10
1ee2
0e
000.e
1e
+
-
1e+
1e+
000.e
0e
.
1.2.3
1e-
1e-
--2
++1
.
-
1e
-
.
abc
-
-
++1
1e-
e10
abc
+
e10
-
e10
1e+
1e+
1e
++1
000.e
e10
000.e
1e+
+
0e
abc
e10
++1
1.2.3
++1
e10
1e-
1.2.3
0e
e10
0e
1.2.3
000.e
++1
--2
1e+
e10
1e+
1.2.3
++1
+
1.2.3
1.2.3
1e-
1ee2
000.e
000.e
.
abc
--2
++1
1ee2
000.e
1ee2
0e
1e-
e10
e10
--2
+
e10
0e
+
+
.
e10
1e-
-
--2
.
1ee2
+
--2
e10
1e+
abc
1e
+
1e
000.e
1e-
-
+
1.2.3
1e-
--2
e10
+
abc
1e+
-
0e
-
1e-
++1
+
+
++1
abc
0e
.
++1
+
1e-
abc
0e
e10
+
000.e
.
e10
1e+
abc
e10
0e
--2
e10
-
1ee2
1ee2
-
000.e
-
000.e
e10
-
+
.
1e+
.
+
000.e
abc
--2
+
--2
1e
e10
1e
000.e
1.2.3
000.e
.
-
1e-
abc
1ee2
--2
.
--2
1e-
e10
1.2.3
1ee2
e10
1e-
1e
000.e
+
--2
1e
1ee2
0e
1.2.3
000.e
1ee2
1e+
.
1e
1e+
-
1e
1ee2
1e+
abc
1e
1e-
abc
1.2.3
.
e10
1.2.3
.
1e-
0e
1.2.3
1e
e10
+
1.2.3
++1
1ee2
1e
0e
1.2.3
-
-
e10
--2
1e
1ee2
1e
.
-
.
1.2.3
e10
++1
1.2.3
e10
0e
1.2.3
1.2.3
1e+
+
1e+
0e
+
++1
-
--2
-
e10
1e-
1.2.3
abc
.
abc
0e
+
-
+
0e
1e-
1.2.3
+
--2
000.e
0e
.
1.2.3
1.2.3
1e-
1e
.
000.e
1e+
e10
1e-
--2
abc
0e
e10
1ee2
e10
1e
1ee2
1e-
++1
000.e
+
++1
1ee2
1ee2
0e
1ee2
1e-
1e
1e-
1e-
+
0e
0e
e10
++1
1e
1e+
000.e
abc
1e-
1e-
e10
1e+
+
.
++1
+
1e
0e
++1
.
abc
1e
--2
1.2.3
-
000.e
0e
1e-
1e-
e10
1.2.3
e10
+
1ee2
1e+
1e-
1e
+
1e+
abc
000.e
.
0e
--2
abc
+
1.2.3
e10
++1
1ee2
--2
1e
1.2.3
++1
.
-
1e
--2
-
000.e
--2
-
--2
++1
1e
.
++1
0e
0e
++1
.
.
e10
1e-
1ee2
.
1e-
000.e
1e-
1ee2
+
1e+
1ee2
1e-
-
++1
e10
1e
1.2.3
1e+
abc
.
+
1e
.
--2
1e
-
000.e
1ee2
1e
0e
1e-
000.e
+
1e-
1e-
-
+
1.2.3
abc
1e-
++1
1e
1e
1ee2
1ee2
000.e
++1
000.e
+
1e
1e
abc
0e
0e
1.2.3
1.2.3
0e
e10
0e
--2
1e
+
1.2.3
1e+
e10
.
1e
++1
1e+
1ee2
abc
1.2.3
+
000.e
+
1e
++1
--2
0e
000.e
abc
.
-
000.e
-
++1
0e
1ee2
1e+
abc
1e
abc
-
e10
0e
--2
1ee2
e10
1ee2
e10
+
-
.
.
1e-
abc
0e
--2
e10
000.e
1e+
++1
e10
1ee2
1e
1.2.3
1e
abc
1e-
++1
--2
1e+
1ee2
1e+
--2
.
e10
1e+
1ee2
1e-
1e-
1ee2
e10
e10
1e
+
000.e
0e
++1
1e-
e10
1.2.3
1e+
1.2.3
1ee2
1e+
++1
++1
1e-
1e+
1e+
0e
--2
1ee2
e10
1ee2
-
--2
1e+
1ee2
abc
-
+
abc
++1
0e
++1
++1
.
.
1.2.3
1e+
1e-
0e
-
++1
--2
-
000.e
1.2.3
+
1e-
1e+
-
--2
e10
e10
-
--2
--2
1e-
000.e
1ee2
1e+
1e-
0e
+
1.2.3
1ee2
1e+
--2
e10
1e-
1e-
1e-
1.2.3
-
1e+
-
1e-
1.2.3
.
000.e
1e-
--2
1e-
abc
000.e
++1
.
1ee2
++1
1e-
++1
0e
--2
1e-
++1
e10
-
e10
--2
1.2.3
e10
-
1.2.3
1e-
-
.
1e
.
1e-
.
1ee2
.
+
e10
1ee2
000.e
000.e
+
1e+
++1
abc
-
1e-
1ee2
e10
1e-
abc
1.2.3
+
1ee2
1e+
--2
+
++1
++1
abc
1e-
1e
1e
1e-
++1
000.e
1e
--2
e10
abc
abc
1e-
--2
1e+
1.2.3
--2
abc
.
+
1ee2
000.e
e10
--2
-
1e-
1e
--2
1ee2
1e-
1.2.3
1.2.3
1.2.3
-
000.e
0e
0e
e10
1e+
-
+
++1
0e
1e-
e10
+
.
e10
--2
e10
1ee2
1e
--2
-
1ee2
1e
e10
++1
e10
1e
1ee2
1.2.3
0e
++1
--2
1.2.3
1e+
--2
++1
abc
1.2.3
000.e
.
1.2.3
1e
--2
--2
++1
1ee2
-
000.e
1e
abc
++1
1ee2
++1
1ee2
1.2.3
++1
1e-
000.e
000.e
1ee2
0e
1.2.3
1e-
abc
e10
abc
0e
000.e
1e+
1e+
++1
1e-
1e
++1
1e-
abc
++1
1ee2
abc
+
e10
--2
-
e10
--2
.
-
000.e
-
1.2.3
--2
abc
1e+
1e+
000.e
0e
1e
--2
1ee2
++1
e10
1.2.3
-
e10
--2
++1
++1
-
1e+
abc
0e
1ee2
1ee2
1e
000.e
e10
abc
e10
.
++1
000.e
1.2.3
000.e
e10
1e-
++1
.
1.2.3
0e
1ee2
abc
000.e
1ee2
--2
--2
-
+
0e
1ee2
e10
1ee2
+
.
abc
1ee2
000.e
e10
.
++1
++1
1e-
1.2.3
1e-
1e-
1e+
--2
0e
1e-
0e
0e
.
1e-
1ee2
1e-
1ee2
--2
++1
0e
1ee2
abc
++1
0e
1e
1e-
0e
e10
abc
.
1.2.3
-
.
1e
+
+
abc
1e-
+
--2
1e-
1e
-
1e+
1ee2
++1
.
e10
.
1e-
1e-
0e
1e+
0e
e10
e10
++1
1.2.3
++1
abc
.
1e
1ee2
000.e
abc
e10
1.2.3
abc
1e-
abc
1e
+
+
.
-
e10
++1
+
1.2.3
000.e
1.2.3
1ee2
0e
.
0e
1e-
1.2.3
1e+
+
1e+
.
-
1e-
abc
-
--2
1e-
1e
1ee2
1e+
-
abc
1e-
--2
.
1.2.3
abc
1e-
1e
0e
000.e
1e
-
-
0e
e10
1e
1e
abc
1e-
-
000.e
000.e
--2
000.e
1e+
1e-
++1
1.2.3
+
++1
000.e
abc
1.2.3
-
e10
1ee2
++1
--2
0e
e10
000.e
0e
1e-
1ee2
1e
+
e10
--2
1.2.3
1e+
1e-
1e
-
-
+
1ee2
e10
.
0e
1e
1e+
1ee2
000.e
++1
1.2.3
++1
abc
1ee2
abc
000.e
-
++1
++1
000.e
-
--2
0e
1.2.3
000.e
e10
1e+
-
--2
++1
1.2.3
1e
1e-
000.e
-
++1
1.2.3
++1
+
++1
000.e
.
+
++1
e10
e10
1e
--2
1e+
1.2.3
1ee2
--2
--2
-
+
1e+
.
1e+
1.2.3
1e+
1e+
abc
abc
1ee2
1e-
e10
++1
000.e
e10
--2
abc
1e+
--2
++1
abc
1e-
e10
000.e
1ee2
1e
++1
0e
+
1.2.3
--2
1e-
0e
abc
1e
++1
000.e
e10
1e-
+
1e
0e
1e-
e10
-
1e
--2
1.2.3
1ee2
1e-
1e-
abc
1e+
++1
000.e
1ee2
e10
1e
1.2.3
0e
000.e
0e
0e
1e
1e
-
--2
abc
e10
1e-
++1
1e
+
1e+
.
0e
.
++1
1e-
1ee2
e10
0e
1e
1.2.3
e10
1.2.3
++1
++1
abc
+
+
1.2.3
1.2.3
1ee2
000.e
1e-
+
000.e
--2
+
abc
1e-
.
1e
abc
0e
1e-
-
0e
0e
+
1ee2
1e-
-
++1
--2
1e-
++1
abc
--2
1ee2
1e
++1
0e
e10
000.e
.
000.e
-
000.e
e10
+
+
1ee2
abc
1ee2
1.2.3
e10
1ee2
1e-
0e
000.e
000.e
e10
1ee2
+
1ee2
-
1ee2
1ee2
abc
1e
-
.
-
-
+
+
.
abc
abc
0e
1.2.3
1ee2
1e
1.2.3
1.2.3
1.2.3
abc
.
+
.
1.2.3
1.2.3
1ee2
1e
0e
1e+
--2
abc
1e
1.2.3
1e
1e
-
1ee2
0e
-
0e
.
1e+
1ee2
++1
--2
0e
000.e
1ee2
++1
+
--2
1.2.3
--2
000.e
--2
abc
1ee2
0e
++1
-
-
-
-
1ee2
abc
-
e10
--2
e10
1.2.3
.
--2
1e+
1e-
.
1e
.
--2
+
1e+
1e-
++1
--2
-
.
e10
+
1e
1e+
++1
1e-
e10
0e
++1
1e+
--2
-
+
++1
1e
1e+
1.2.3
000.e
--2
e10
.
--2
--2
e10
.
0e
1.2.3
+
1e+
++1
1e
1ee2
++1
1e-
--2
0e
--2
++1
.
abc
1e
1e-
1.2.3
.
-
1ee2
0e
0e
.
1e
-
0e
1ee2
.
.
-
-
abc
++1
++1
000.e
1e
1e+
0e
1e+
0e
1e-
1e-
e10
+
1.2.3
abc
-
1e+
--2
-
0e
abc
abc
000.e
-
+
--2
1ee2
+
+
++1
1ee2
++1
e10
1.2.3
000.e
--2
1e
1e
-
1ee2
1e-
0e
1e-
1.2.3
1e
1e+
+
1.2.3
abc
abc
1e
1ee2
.
-
0e
1e+
+
1e
-
+
1e
++1
.
.
--2
-
1e+
0e
++1
abc
-
1ee2
0e
0e
1e
1e-
--2
-
1e
1.2.3
e10
1e
--2
000.e
abc
e10
e10
-
000.e
1ee2
000.e
.
--2
abc
.
1e-
++1
.
++1
1e
e10
1.2.3
1e+
e10
1e+
1.2.3
+
abc
abc
.
1.2.3
-
1e-
abc
+
1ee2
++1
0e
-
.
0e
1e-
+
1ee2
1e
1e
0e
1e+
--2
000.e
abc
++1
+
e10
e10
++1
1e-
0e
1e+
e10
1e-
0e
0e
1ee2
-
1e+
0e
1ee2
+
1e+
1ee2
1ee2
abc
0e
-
-
e10
0e
++1
--2
+
1e
++1
1e+
--2
0e
000.e
1e
0e
1.2.3
1e-
e10
++1
1e
1ee2
1e
0e
1e+
1.2.3
1e-
000.e
1e
e10
abc
e10
000.e
e10
1e-
1e
1.2.3
abc
000.e
000.e
++1
1e-
abc
1ee2
0e
000.e
--2
1e-
abc
+
1e-
1e
+
e10
.
--2
abc
-
--2
000.e
-
++1
++1
000.e
e10
1ee2
.
--2
--2
000.e
+
1ee2
0e
000.e
e10
1e-
e10
1e-
-
++1
abc
1e
+
1e
e10
0e
1e+
1ee2
-
0e
1.2.3
++1
000.e
1ee2
-
1e
.
1e
0e
1ee2
--2
e10
1e-
1.2.3
+
0e
1e
0e
1e-
1.2.3
000.e
++1
.
e10
1.2.3
.
++1
--2
1.2.3
1e-
1e
1e-
000.e
abc
1e
abc
abc
1ee2
--2
--2
000.e
+
1e+
0e
e10
.
e10
1ee2
-
1e
+
+
000.e
--2
1e-
1e+
abc
1ee2
0e
1e+
1e
+
1.2.3
++1
1e-
+
+
++1
.
-
000.e
1ee2
-
1e-
1ee2
1e+
+
1e-
0e
-
--2
0e
0e
.
1ee2
+
abc
++1
abc
0e
abc
abc
1.2.3
e10
+
--2
1e
.
1ee2
1e+
--2
1e+
+
-
.
+
-
0e
1ee2
--2
0e
e10
.
--2
--2
+
abc
1e+
.
--2
000.e
1e-
abc
1e-
1e
1e-
--2
1.2.3
1e+
++1
.
+
1.2.3
.
--2
000.e
-
e10
e10
++1
0e
-
1ee2
.
1ee2
+
1ee2
--2
e10
+
+
1ee2
+
.
++1
1e+
.
1e
1e-
1e+
000.e
1e-
.
1e-
++1
--2
+
++1
1ee2
1.2.3
++1
e10
1e-
1.2.3
000.e
0e
1e-
e10
e10
1.2.3
1ee2
.
--2
0e
-
1e
.
1e+
+
1ee2
1e+
000.e
1e+
-
abc
1e
e10
-
1ee2
++1
1e+
.
.
+
1.2.3
1e
1e
-
0e
1ee2
.
1e
+
++1
000.e
1e+
++1
1e-
1.2.3
abc
0e
++1
1.2.3
1e
-
1e
1e+
e10
000.e
abc
.
e10
abc
--2
-
++1
++1
1e-
1.2.3
1e+
abc
000.e
+
--2
--2
1.2.3
abc
0e
++1
1e-
-
e10
+
1ee2
abc
++1
1.2.3
1ee2
1e+
+
e10
000.e
1e
--2
1.2.3
1e
--2
1e-
1e+
+
--2
-
.
-
e10
1e+
e10
abc
e10
-
abc
0e
e10
--2
000.e
000.e
-
000.e
+
1ee2
1e
1e+
--2
++1
e10
.
1.2.3
1e-
.
000.e
abc
abc
1e-
000.e
000.e
e10
--2
1.2.3
1e-
e10
++1
1e+
1e-
1e-
0e
-
0e
1e
.
000.e
1.2.3
-
abc
++1
1e+
1e
--2
1e+
--2
1.2.3
abc
1ee2
e10
0e
e10
+
e10
.
1.2.3
-
abc
1ee2
1e-
1e+
e10
1e-
abc
++1
1e+
e10
-
--2
0e
0e
0e
abc
1e
1.2.3
e10
abc
1e-
1.2.3
e10
1ee2
abc
1e
1e+
.
.
+
abc
1ee2
1ee2
--2
abc
000.e
1e+
0e
++1
1e-
.
-
1e+
1e+
++1
.
+
+
.
e10
--2
000.e
000.e
+
0e
abc
+
0e
.
1ee2
abc
abc
.
1e
000.e
000.e
1ee2
++1
0e
1e
-
-
abc
++1
000.e
e10
abc
e10
+
1e
abc
1.2.3
1e+
--2
1e+
1.2.3
--2
000.e
-
abc
1e+
e10
--2
+
-
1ee2
1.2.3
-
1e
1.2.3
--2
1e
abc
++1
0e
000.e
--2
++1
++1
0e
1e
1e
1e
1e
--2
1e
--2
abc
000.e
1ee2
abc
1e
+
++1
1ee2
1e
abc
abc
+
--2
000.e
.
e10
+
e10
1e-
1e-
-
1.2.3
-
-
1ee2
-
abc
--2
+
--2
1e
+
-
++1
1ee2
-
e10
1e-
-
+
.
-
1.2.3
0e
abc
1e-
1e
--2
e10
-
.
1e
1e-
1ee2
0e
1e-
0e
1e+
--2
e10
000.e
e10
e10
+
000.e
1.2.3
+
0e
abc
--2
1.2.3
--2
000.e
1e+
1e+
1e-
0e
++1
abc
1e-
1e-
abc
.
1e-
1e
.
1e
--2
1ee2
e10
abc
--2
1ee2
+
1e-
1ee2
-
e10
0e
000.e
+
1e-
.
abc
-
--2
1e+
.
.
000.e
1e+
-
++1
.
+
1e+
abc
.
1e
1e
+
1e
.
0e
.
1ee2
1e
++1
abc
-
1e
0e
000.e
0e
000.e
-
+
abc
.
1e
-
++1
.
-
0e
--2
1e-
++1
++1
+
1e
1e
abc
0e
1e
1ee2
1e-
1e
--2
.
.
0e
1e
++1
000.e
000.e
-
1ee2
1e
1e+
1e-
abc
0e
-
0e
0e
1e+
abc
1.2.3
1.2.3
1ee2
1e
000.e
e10
--2
1ee2
1e+
abc
000.e
1e
abc
+
1ee2
1e-
++1
000.e
+
++1
1ee2
abc
1ee2
1.2.3
1e-
.
1e
-
e10
--2
--2
e10
0e
abc
++1
000.e
1.2.3
1.2.3
--2
0e
1ee2
+
++1
--2
+
0e
--2
-
1ee2
1e+
.
abc
++1
--2
abc
.
abc
1.2.3
++1
abc
.
1.2.3
--2
++1
1e+
+
.
--2
e10
1.2.3
000.e
0e
000.e
+
1ee2
1e-
0e
--2
0e
1ee2
1e-
0e
1e-
000.e
1.2.3
1ee2
.
abc
000.e
-
1e-
0e
1e+
abc
-
--2
+
1ee2
e10
-
.
1e-
.
1e
.
1e-
++1
+
1e+
abc
abc
+
0e
--2
1ee2
1.2.3
abc
abc
0e
1e-
--2
abc
.
1.2.3
1e+
1ee2
1e+
1ee2
+
1e
e10
1e-
--2
++1
e10
++1
1e-
1e
+
++1
0e
abc
1e-
1.2.3
1e-
000.e
1e+
1.2.3
abc
1e+
++1
-
--2
-
1.2.3
-
000.e
++1
0e
000.e
e10
-
1e
000.e
000.e
abc
000.e
.
1ee2
.
1ee2
+
1e-
+
1ee2
.
+
++1
1e
-
abc
--2
-
abc
-
1e-
+
000.e
1ee2
000.e
--2
1e+
e10
e10
1e+
++1
--2
abc
+
1e+
0e
.
e10
1.2.3
1e
++1
1e-
1.2.3
0e
+
1e
e10
000.e
++1
0e
.
abc
1e+
+
0e
0e
.
++1
++1
1e
e10
1ee2
1e+
000.e
e10
--2
+
1e-
--2
1ee2
e10
-
e10
1e-
-
1ee2
1e-
1e-
-
.
++1
--2
--2
.
1e
1.2.3
abc
1e-
++1
e10
e10
1ee2
+
abc
1.2.3
0e
000.e
-
--2
1ee2
1.2.3
+
1.2.3
-
.
+
1ee2
+
1e
0e
1e+
1ee2
1e-
1e-
1e
1e-
-
1ee2
0e
1e-
-
++1
0e
.
-
++1
0e
1e-
+
0e
0e
++1
000.e
.
1e+
++1
1ee2
1e
.
e10
1e
1e+
1.2.3
abc
.
0e
1ee2
000.e
1e-
abc
++1
1ee2
1e+
0e
e10
-
1e
000.e
1ee2
000.e
0e
--2
-
000.e
1ee2
1e
1e+
1ee2
--2
0e
1.2.3
1ee2
0e
+
++1
e10
--2
1e
1.2.3
++1
++1
1e-
.
+
-
000.e
+
-
--2
1e
1e+
1e
++1
e10
e10
0e
1.2.3
1e-
+
1e+
++1
1e+
1.2.3
.
+
1e-
e10
0e
abc
+
1e-
1e-
abc
1e+
e10
e10
000.e
--2
1e-
+
abc
+
--2
++1
++1
e10
abc
e10
++1
-
1e
--2
0e
+
++1
--2
000.e
1.2.3
e10
.
000.e
+
--2
--2
1e
-
000.e
000.e
1e+
1e
0e
1.2.3
000.e
++1
000.e
++1
+
1.2.3
abc
.
1e
+
e10
.
+
--2
1e-
1e
0e
+
0e
0e
+
.
++1
--2
--2
abc
0e
1e-
++1
1ee2
-
.
1.2.3
++1
-
000.e
1ee2
1e
1ee2
000.e
0e
1ee2
--2
1.2.3
1e+
abc
++1
1.2.3
1e+
1e+
1ee2
0e
++1
.
1e+
1ee2
abc
0e
1e
1e+
1e-
1e-
1.2.3
000.e
e10
--2
+
1ee2
1e
abc
-
abc
1.2.3
e10
1e-
1e
1e-
abc
1e+
1e-
.
000.e
abc
++1
--2
e10
1e
1e
--2
1.2.3
000.e
1e
.
1ee2
--2
0e
-
.
.
+
--2
1ee2
1e
1e+
1e+
e10
++1
+
1.2.3
1.2.3
1e
0e
0e
+
--2
1e
--2
1.2.3
1e+
++1
0e
-
1e-
++1
1.2.3
-
+
e10
1e
000.e
1e
1e-
1e+
0e
.
0e
abc
++1
.
abc
++1
1e+
-
abc
.
++1
0e
1e
e10
abc
1e+
1e-
1.2.3
1.2.3
+
1ee2
abc
1e+
1ee2
1.2.3
1e-
1e+
--2
--2
1ee2
-
+
1e-
000.e
1ee2
--2
-
1.2.3
-
.
--2
--2
.
1.2.3
-
+
+
abc
abc
1e-
1ee2
.
1e-
abc
1e+
1e
abc
1ee2
1.2.3
1.2.3
abc
000.e
abc
1e+
1e
-
e10
000.e
0e
e10
0e
abc
e10
1e
.
1e-
+
.
+
1e
e10
--2
++1
.
1e-
+
abc
1e-
abc
-
1e-
1e-
+
1e+
++1
++1
1ee2
e10
.
0e
++1
++1
abc
1e-
1e-
++1
+
.
0e
.
1e-
.
e10
+
-
1e
1ee2
000.e
++1
1ee2
--2
-
--2
1ee2
1e-
1e
+
000.e
1e
++1
1e
1ee2
-
1e+
1e
1ee2
000.e
abc
abc
1.2.3
++1
1e
1e+
1ee2
1e+
0e
e10
1e
-
-
++1
--2
abc
++1
1e-
1.2.3
e10
.
-
1ee2
-
1e+
1ee2
000.e
1e+
--2
1e-
1ee2
++1
1ee2
1e+
0e
--2
1e-
000.e
+
.
1e
-
--2
1ee2
1e+
e10
+
1.2.3
e10
abc
000.e
abc
0e
--2
1e
abc
1ee2
0e
1e-
1.2.3
abc
1ee2
-
1e-
+
1.2.3
.
+
000.e
000.e
1e-
e10
--2
.
+
1e
abc
abc
1e+
0e
--2
.
--2
1e-
.
1e+
++1
.
1ee2
0e
1.2.3
+
--2
1e
-
e10
abc
+
1e+
++1
++1
.
e10
1.2.3
1ee2
1e
++1
++1
abc
abc
0e
1e
1e+
--2
e10
abc
1.2.3
000.e
1e
0e
0e
1e-
1e+
abc
+
1ee2
1e-
1e+
1.2.3
abc
000.e
--2
1e
abc
--2
1e
0e
0e
.
-
1e
000.e
1e+
--2
1ee2
++1
1e+
0e
000.e
e10
.
1.2.3
0e
000.e
.
0e
000.e
.
.
abc
++1
0e
++1
1e
e10
+
000.e
1e-
1e
++1
abc
--2
000.e
000.e
000.e
1.2.3
1ee2
1e+
1e-
1.2.3
1ee2
1ee2
e10
1e+
1e-
1.2.3
0e
1e-
e10
+
1e+
1e+
1e-
1e+
+
1e
0e
--2
1ee2
.
1e+
--2
000.e
e10
+
1ee2
1.2.3
1e-
1e+
+
1e
1ee2
abc
e10
-
1e+
++1
1ee2
e10
1e-
1e-
1ee2
000.e
+
000.e
1ee2
1.2.3
.
+
+
++1
1.2.3
--2
+
000.e
1e-
1e-
+
000.e
+
1e+
--2
-
++1
1e-
1e
1.2.3
-
abc
1e+
++1
abc
1e+
+
.
++1
++1
--2
1e
abc
-
--2
1ee2
0e
0e
e10
--2
-
--2
-
1e+
1e-
1ee2
1e
+
-
.
1e
0e
000.e
--2
e10
.
abc
0e
1ee2
0e
1e
++1
.
1e
-
1ee2
0e
+
1ee2
e10
1e+
--2
000.e
++1
++1
+
e10
e10
++1
--2
+
abc
--2
1.2.3
0e
1e
1e+
0e
+
-
abc
000.e
++1
.
abc
0e
+
e10
abc
1e
.
1e+
1e-
1e-
+
000.e
e10
000.e
--2
+
.
1e+
-
--2
1.2.3
1ee2
1.2.3
+
.
1.2.3
000.e
+
abc
0e
1ee2
1e+
-
-
1e-
--2
0e
1e+
1.2.3
+
1e+
++1
--2
.
++1
++1
1e-
0e
abc
1ee2
+
-
e10
e10
e10
abc
000.e
-
0e
1e
-
++1
.
--2
.
e10
--2
e10
e10
1e-
e10
1.2.3
0e
0e
1e+
1e+
0e
++1
1e+
abc
000.e
1e-
.
-
1.2.3
--2
+
+
abc
1.2.3
++1
++1
1e+
1e-
e10
1ee2
1.2.3
--2
.
abc
--2
1.2.3
000.e
1ee2
abc
e10
-
--2
+
abc
1.2.3
1.2.3
0e
1.2.3
.
1.2.3
1e+
+
e10
--2
1e
1e
--2
+
++1
1e
1ee2
-
++1
1e-
+
--2
000.e
--2
000.e
1.2.3
0e
+
000.e
000.e
1e
--2
0e
1ee2
-
1ee2
++1
+
000.e
--2
1e+
1e-
-
1e-
1e+
++1
abc
1ee2
1.2.3
-
1ee2
+
++1
000.e
abc
--2
+
.
--2
000.e
abc
--2
--2
1e+
0e
++1
000.e
1.2.3
e10
0e
++1
1.2.3
0e
-
0e
1e+
++1
-
1e
+
000.e
abc
1ee2
1e-
1e
abc
--2
1ee2
e10
1e-
1e-
+
1.2.3
1ee2
+
-
1ee2
+
.
--2
1e-
++1
.
--2
0e
0e
abc
1e-
.
000.e
.
1ee2
0e
-
1.2.3
1e-
+
-
abc
abc
--2
++1
1e
1e+
+
1.2.3
1e-
e10
1e-
.
abc
000.e
1e+
1e
1e+
--2
-
1ee2
abc
--2
1.2.3
++1
1.2.3
abc
+
0e
+
.
.
--2
000.e
e10
1e-
++1
1ee2
1e+
-
++1
000.e
1.2.3
1.2.3
1.2.3
1e+
1.2.3
1e
1.2.3
1e+
0e
1ee2
0e
+
1.2.3
1e-
-
.
+
0e
abc
1ee2
++1
1.2.3
0e
1e+
-
+
--2
--2
++1
.
+
1.2.3
abc
--2
e10
1.2.3
000.e
1ee2
abc
1e-
--2
1e
+
0e
1e+
abc
--2
1.2.3
-
1.2.3
0e
1e+
e10
e10
0e
-
1ee2
++1
0e
--2
++1
abc
++1
++1
000.e
1e+
0e
0e
abc
1ee2
e10
000.e
+
000.e
1ee2
--2
++1
abc
+
abc
0e
1.2.3
1e-
000.e
1e
-
.
-
.
--2
.
1ee2
e10
1e-
++1
e10
-
e10
-
1.2.3
1ee2
e10
1.2.3
1.2.3
abc
1e-
1e
1ee2
1e-
000.e
1e
e10
--2
--2
0e
--2
++1
e10
0e
e10
.
--2
+
e10
1e+
1ee2
e10
1e
--2
.
+
e10
1.2.3
1.2.3
1ee2
e10
1e-
-
1e+
1e+
1e-
+
1e+
1e+
.
1ee2
1e
.
e10
-
1.2.3
0e
1e-
--2
-
1e-
--2
1e-
abc
1ee2
1ee2
1e
1e
1e
-
.
+
1e+
1e-
1e-
1.2.3
++1
1e
000.e
1.2.3
0e
1e
+
-
+
.
e10
000.e
1.2.3
1e
++1
+
e10
1ee2
1e
1.2.3
000.e
abc
1e+
-
1e-
e10
1e
0e
e10
+
++1
1e-
abc
+
1e+
1e
e10
1.2.3
.
0e
1e+
1.2.3
abc
.
+
1e
+
1e
1.2.3
+
e10
-
.
-
0e
abc
1.2.3
000.e
1e+
1ee2
1ee2
++1
+
+
--2
1e
++1
1.2.3
+
++1
.
abc
1e-
.
++1
-
000.e
1ee2
abc
000.e
1ee2
1ee2
abc
-
1ee2
abc
e10
1e-
.
-
1.2.3
++1
.
1e-
-
-
1e+
000.e
.
1.2.3
-
e10
1e+
.
+
1.2.3
1ee2
+
1ee2
1e+
abc
1e
000.e
000.e
000.e
--2
+
++1
e10
1e+
000.e
e10
1e+
1ee2
-
1e
1e+
1.2.3
e10
+
000.e
1.2.3
1e+
-
0e
000.e
000.e
.
--2
1ee2
1ee2
1e-
0e
0e
.
1.2.3
+
1ee2
000.e
--2
1e+
1e
000.e
1ee2
+
-
-
--2
1ee2
1e
0e
e10
+
++1
--2
-
.
1e-
1e+
e10
1e+
.
++1
++1
.
1e+
--2
0e
0e
abc
--2
.
e10
1e
1.2.3
--2
1.2.3
0e
1.2.3
0e
++1
1.2.3
.
--2
1ee2
++1
0e
e10
e10
1e+
1e-
e10
-
abc
1e+
+
000.e
+
0e
1e
.
abc
--2
+
1e-
1e+
000.e
1e
1e
++1
+
1e
-
1ee2
1e
0e
+
000.e
1e-
abc
abc
.
1ee2
--2
1.2.3
.
0e
++1
1e+
--2
.
abc
1e
1.2.3
1e
e10
0e
abc
1e
1ee2
-
+
++1
abc
.
-
+
+
+
1e
-
e10
abc
1.2.3
--2
--2
1ee2
abc
++1
1e+
+
1ee2
++1
++1
e10
.
1ee2
1ee2
1.2.3
1ee2
1e
.
e10
-
-
1.2.3
1e+
.
.
e10
e10
1.2.3
e10
--2
1e-
++1
1.2.3
0e
000.e
1e
++1
000.e
++1
1e-
-
1e-
1e-
e10
0e
--2
.
abc
1.2.3
e10
000.e
++1
abc
-
e10
000.e
-
1.2.3
.
1ee2
1e
-
+
0e
1e+
+
1e
e10
+
000.e
.
++1
1e-
e10
+
1e+
1e-
.
e10
1.2.3
1.2.3
1ee2
++1
+
0e
000.e
1e
+
e10
--2
0e
0e
1e-
1e+
000.e
1e+
1e
.
abc
+
0e
--2
--2
1e-
-
1e+
-
e10
--2
--2
1e-
--2
--2
1e+
0e
--2
-
1e
e10
1.2.3
1e
000.e
+
1e
0e
1.2.3
+
1e
--2
1e-
-
abc
0e
1ee2
++1
0e
1e+
000.e
abc
0e
1ee2
+
++1
1e
1e
++1
1.2.3
1e-
++1
1ee2
1.2.3
1.2.3
1.2.3
--2
1e
--2
-
1e-
++1
0e
++1
1e
000.e
-
++1
abc
--2
1e
--2
1e-
.
-
000.e
0e
1e
000.e
000.e
abc
+
-
e10
1.2.3
000.e
e10
1ee2
1e+
+
+
++1
1ee2
.
1e
++1
--2
1e-
1e-
e10
1e
+
e10
0e
1e
1e-
.
000.e
1e+
0e
.
+
.
1e-
1e-
++1
.
.
--2
1e+
000.e
++1
e10
++1
e10
1.2.3
1e
1.2.3
++1
.
1.2.3
0e
--2
--2
abc
++1
++1
e10
000.e
+
1.2.3
1.2.3
e10
1.2.3
-
1e
e10
1.2.3
+
+
0e
e10
1e-
++1
1e
e10
000.e
++1
1e+
0e
1e-
--2
1.2.3
--2
-
++1
1e
-
1e
--2
abc
++1
.
1e
+
000.e
+
abc
--2
--2
--2
1e-
abc
000.e
1.2.3
+
1ee2
000.e
.
abc
1.2.3
e10
.
1e
--2
000.e
1e
1.2.3
1e+
++1
1e-
1e+
abc
0e
--2
1e-
1e
-
-
.
abc
abc
0e
1.2.3
.
++1
+
abc
1e
abc
1e
--2
1e
--2
+
e10
.
+
abc
+
+
.
+
e10
1.2.3
1e-
1e+
-
1e-
+
+
abc
1ee2
1.2.3
000.e
.
0e
0e
1e+
0e
1.2.3
1e+
1.2.3
++1
--2
++1
.
++1
1.2.3
000.e
--2
--2
-
+
+
.
.
1ee2
1e-
.
1e-
+
++1
1e
000.e
-
-
1e+
000.e
--2
e10
1e
1e+
abc
000.e
+
--2
--2
+
--2
++1
+
000.e
++1
1e
e10
++1
-
1e-
--2
1e-
1.2.3
.
--2
abc
abc
1e-
--2
e10
.
abc
0e
1e-
1.2.3
++1
1e
abc
0e
++1
--2
-
++1
++1
+
.
--2
--2
1e+
+
1e
-
1e-
-
abc
++1
1e
1e-
--2
++1
.
abc
-
1e
1e-
1e-
1e
1e
1.2.3
1e
.
--2
abc
.
0e
e10
++1
1e-
--2
1e-
e10
-
abc
abc
1ee2
.
+
-
0e
++1
1.2.3
.
abc
-
1e+
1ee2
--2
-
-
++1
-
000.e
--2
abc
++1
1e-
1.2.3
1e+
1.2.3
1.2.3
-
+
1e-
abc
1e-
e10
e10
1.2.3
.
1e-
+
.
++1
abc
+
1ee2
000.e
-
--2
--2
1e+
-
000.e
abc
000.e
1e
1e+
1ee2
0e
1ee2
0e
0e
e10
e10
++1
000.e
++1
-
.
1e+
1.2.3
e10
++1
e10
+
e10
1e+
1ee2
1ee2
.
000.e
1e+
.
e10
1e
1ee2
abc
--2
1e
1.2.3
++1
--2
1e-
++1
1e+
--2
1e-
++1
1ee2
--2
1e-
1e+
e10
1.2.3
0e
++1
--2
1.2.3
000.e
-
--2
+
1e-
0e
--2
1.2.3
.
e10
1e+
++1
1e+
e10
+
1e-
000.e
e10
.
.
--2
--2
0e
0e
-
1.2.3
-
e10
-
1e+
e10
1ee2
-
e10
e10
1e+
-
0e
0e
1ee2
1.2.3
abc
++1
e10
1e+
abc
--2
--2
0e
abc
1e-
1e-
000.e
.
0e
1e-
000.e
0e
1ee2
.
1.2.3
-
++1
000.e
--2
0e
1ee2
1e
000.e
-
abc
1e+
++1
1.2.3
e10
1e
--2
000.e
1e+
++1
1e+
.
1ee2
1e-
1e+
-
-
1.2.3
1.2.3
-
e10
1e+
1e
0e
e10
+
abc
-
--2
abc
abc
000.e
1e-
000.e
000.e
e10
abc
0e
1.2.3
.
000.e
+
1e-
.
0e
1.2.3
abc
1ee2
1.2.3
1e+
++1
1e-
e10
-
1ee2
1e
abc
+
1e-
000.e
1e-
+
abc
0e
1ee2
abc
.
.
e10
1.2.3
--2
1e+
.
++1
e10
+
abc
e10
0e
1e
1.2.3
0e
1.2.3
-
1ee2
e10
1ee2
1e
--2
.
--2
-
++1
0e
1e
1ee2
0e
1e+
++1
1ee2
.
-
1e+
-
++1
+
abc
abc
++1
e10
1e-
-
1.2.3
1e
+
0e
-
1e+
.
--2
1ee2
+
1.2.3
e10
+
1e+
1.2.3
abc
0e
--2
1.2.3
abc
000.e
1e
+
++1
1e+
.
1.2.3
.
1e+
e10
1e-
abc
+
e10
1e
0e
abc
-
-
.
e10
1ee2
0e
1e-
1e-
abc
1e-
0e
.
+
1e
1e-
+
abc
+
++1
.
1e+
++1
1e-
1ee2
1.2.3
0e
++1
+
0e
1.2.3
++1
-
++1
1e
-
000.e
+
0e
abc
0e
+
e10
--2
e10
e10
e10
abc
.
1ee2
.
-
-
000.e
++1
1e-
++1
-
1e
1e
000.e
1ee2
000.e
++1
--2
++1
++1
abc
+
-
.
0e
1e+
1e
++1
1ee2
++1
1e
--2
1e-
1.2.3
1ee2
1e
1e
000.e
1e+
1e-
1e
abc
000.e
1ee2
++1
1e+
000.e
--2
1e-
1e-
1e+
.
1e-
+
e10
1e
1e+
000.e
--2
--2
1e-
++1
++1
1e-
++1
1e
--2
1.2.3
+
000.e
abc
+
1e-
abc
000.e
e10
-
1e+
0e
++1
1e
++1
abc
abc
-
++1
1e-
1e+
.
--2
-
000.e
-
1e-
000.e
-
abc
.
--2
+
-
1e+
1.2.3
1ee2
.
1e+
0e
-
e10
-
1e
++1
e10
1.2.3
.
--2
0e
.
abc
1.2.3
abc
1ee2
1.2.3
abc
--2
abc
.
++1
1ee2
000.e
.
1e-
e10
1e+
-
1e+
000.e
1ee2
--2
1e+
0e
++1
--2
.
++1
1.2.3
1ee2
1e
--2
e10
--2
0e
1e+
000.e
0e
000.e
0e
+
.
000.e
1e
1e+
1ee2
1e
-
000.e
abc
+
0e
1e
+
++1
-
+
e10
0e
abc
0e
1.2.3
1e-
abc
.
1ee2
+
--2
abc
-
-
e10
1e+
0e
-
1ee2
.
++1
0e
+
1e+
1e
000.e
++1
1ee2
e10
1e-
1e+
1e
+
0e
1.2.3
1e+
0e
1e-
1.2.3
1.2.3
.
1e-
++1
.
e10
1e+
0e
.
+
-
.
1ee2
1.2.3
.
1e-
1.2.3
.
000.e
-
-
1e
1.2.3
-
1e
1e+
--2
1.2.3
++1
1e-
--2
1ee2
1e
1e-
1e-
1ee2
abc
abc
1e-
1.2.3
--2
1e+
1e-
1e-
0e
+
abc
++1
e10
1ee2
++1
e10
0e
1.2.3
1.2.3
1e-
1e+
1ee2
.
abc
1.2.3
1e
e10
000.e
1e
+
+
0e
0e
0e
1ee2
1e+
000.e
1ee2
1.2.3
1e
--2
0e
++1
1e+
1e-
abc
--2
0e
1ee2
0e
e10
1ee2
++1
-
1e+
1e-
--2
1e
0e
1.2.3
++1
0e
1ee2
-
+
.
1.2.3
++1
+
1e+
1e-
.
1.2.3
1ee2
1e
0e
.
1e
1e
1e+
--2
0e
000.e
1.2.3
+
1ee2
e10
1e-
abc
++1
++1
000.e
-
--2
--2
1e+
.
0e
e10
1e
1e+
1e
1e-
++1
--2
1e
-
e10
1e+
+
abc
--2
e10
e10
1e-
e10
000.e
0e
1e
-
.
0e
1ee2
-
0e
1.2.3
e10
1.2.3
++1
1.2.3
++1
1e
1e-
1e
-
.
abc
abc
abc
-
++1
000.e
-
+
++1
+
.
1e
1e+
1e
000.e
e10
--2
1.2.3
1ee2
--2
abc
-
.
000.e
abc
+
1ee2
e10
1ee2
1ee2
000.e
e10
.
--2
++1
1.2.3
.
-
0e
1e-
0e
1e+
000.e
--2
1e-
.
e10
abc
e10
.
0e
abc
1ee2
000.e
1e+
++1
1e
--2
++1
-
--2
+
--2
000.e
e10
1e+
1e-
abc
1e
1e-
--2
e10
.
abc
++1
1.2.3
1ee2
.
-
abc
1e-
000.e
--2
1e-
-
000.e
abc
--2
000.e
1.2.3
1e+
e10
.
1.2.3
000.e
+
-
--2
+
1e+
--2
000.e
1e+
e10
1ee2
1.2.3
1ee2
1e-
1e-
--2
++1
abc
--2
1e
1e-
0e
0e
-
1e
+
0e
--2
0e
++1
000.e
++1
e10
+
0e
1.2.3
000.e
1.2.3
1e-
+
1e+
1e+
1ee2
0e
1e-
abc
-
0e
1.2.3
-
.
++1
1e
1ee2
--2
1ee2
++1
abc
+
++1
1e-
-
1e-
--2
.
1e-
+
1e+
.
.
1e
-
1ee2
abc
--2
++1
000.e
1.2.3
1ee2
000.e
+
.
--2
000.e
abc
-
--2
1e
1e+
-
1e-
abc
e10
1e-
1e+
e10
1e+
e10
--2
1e
--2
++1
--2
1e-
1.2.3
-
e10
-
++1
1e+
000.e
++1
++1
e10
abc
1e-
e10
1e+
-
1ee2
1e
-
.
abc
.
abc
1e+
++1
1e+
000.e
0e
-
++1
e10
1ee2
--2
.
+
e10
000.e
e10
e10
e10
1e
1ee2
1e
1ee2
1e
++1
--2
1e-
+
+
+
1e
000.e
+
1.2.3
1ee2
.
-
1e
000.e
1e
--2
1e+
abc
1ee2
1.2.3
1e
e10
1e+
+
+
e10
e10
--2
++1
1e-
++1
++1
1e
++1
1e+
1e+
abc
-
1e-
-
1e-
0e
.
e10
++1
1.2.3
--2
1.2.3
abc
1.2.3
0e
1ee2
e10
+
1e
1e+
e10
--2
1ee2
abc
.
e10
1ee2
0e
000.e
1ee2
e10
-
0e
e10
1ee2
e10
000.e
0e
1e+
1e-
.
1e
0e
1e+
1e
++1
-
0e
0e
1.2.3
1.2.3
.
.
+
1e
000.e
1.2.3
1.2.3
++1
1e+
1e-
1e+
1ee2
1.2.3
--2
++1
1e+
-
1.2.3
000.e
1ee2
.
1ee2
1e+
0e
--2
--2
000.e
-
-
abc
++1
abc
+
1e+
++1
abc
0e
1e-
1e-
1ee2
-
1.2.3
0e
1e-
e10
1e+
1.2.3
0e
1e+
+
1e-
abc
+
0e
++1
1.2.3
1e
abc
000.e
1ee2
1e+
.
1e
abc
000.e
1e+
e10
1e-
1e+
e10
1e
1ee2
1ee2
++1
-
e10
.
++1
abc
e10
-
--2
1.2.3
-
+
1e
e10
-
--2
-
1e+
1e
++1
--2
1e
e10
1.2.3
0e
0e
abc
--2
1ee2
1e+
--2
1e
1e-
1ee2
1e
000.e
0e
--2
.
++1
1e
1e-
1e+
1e+
-
1e-
1.2.3
1e-
1e
000.e
e10
0e
1.2.3
.
000.e
0e
1e
e10
++1
1e-
1ee2
++1
1ee2
0e
.
1e+
++1
--2
e10
+
0e
.
000.e
+
abc
1ee2
.
0e
--2
1e-
1.2.3
+
0e
.
.
1ee2
1.2.3
e10
1.2.3
++1
0e
1ee2
+
0e
e10
1e+
1ee2
++1
1.2.3
1e
1e
++1
0e
abc
.
e10
-
1e-
0e
1e-
1e-
1e-
000.e
000.e
++1
1e+
++1
e10
1.2.3
1e
1.2.3
e10
1ee2
0e
.
1e-
+
1ee2
--2
1ee2
1e
-
-
0e
+
000.e
++1
++1
1e+
.
.
+
+
1e+
--2
1ee2
+
abc
e10
1e-
++1
++1
abc
1e
e10
.
.
abc
1.2.3
1e+
000.e
1e-
e10
1e-
e10
0e
abc
.
000.e
1e-
000.e
.
1e-
--2
1e
+
abc
1e-
1ee2
++1
abc
1e-
++1
000.e
1e+
e10
1e+
000.e
+
e10
e10
--2
1.2.3
++1
1e-
1e-
000.e
1e-
--2
-
+
1ee2
1e+
1.2.3
1.2.3
abc
+
+
-
-
1.2.3
0e
1ee2
-
1e+
.
--2
--2
1e-
1e-
1ee2
0e
-
--2
e10
1.2.3
1ee2
1e+
1e
++1
++1
abc
0e
1e
000.e
-
1e+
0e
1e+
e10
1e-
0e
1ee2
1e-
.
-
1e-
--2
--2
e10
e10
1ee2
--2
abc
--2
++1
-
1e+
0e
000.e
e10
.
++1
e10
-
+
0e
++1
000.e
1.2.3
1e
1ee2
-
--2
++1
+
++1
-
1e-
abc
1.2.3
1e+
e10
1.2.3
++1
e10
000.e
000.e
1.2.3
e10
++1
--2
1.2.3
1e
+
000.e
0e
1e+
1e+
0e
e10
1ee2
1e+
.
1e
.
+
1ee2
1e-
.
.
e10
1e+
abc
1e
0e
1e-
-
abc
1ee2
++1
abc
+
000.e
++1
--2
+
1e
000.e
1e-
1e-
0e
1e-
000.e
1ee2
abc
--2
abc
1e-
1.2.3
1e-
++1
.
1e
+
1e
.
+
0e
1e-
000.e
.
e10
1e+
abc
1ee2
1e+
e10
abc
000.e
1.2.3
-
e10
-
.
-
1e+
+
0e
1.2.3
-
1.2.3
e10
abc
.
000.e
--2
1e+
abc
0e
0e
1ee2
1e-
1e-
1e+
abc
++1
.
1.2.3
-
1e
1.2.3
+
-
-
1e-
-
0e
--2
0e
1.2.3
000.e
1ee2
1e+
-
.
0e
+
1e
1ee2
1e
000.e
e10
1e+
1e+
--2
1e+
000.e
-
abc
abc
1e-
1e
abc
+
1.2.3
1.2.3
1.2.3
1e
e10
--2
.
0e
1e+
1e
--2
0e
abc
.
abc
1.2.3
+
--2
1e
1e-
.
+
++1
1e
+
e10
1.2.3
1ee2
e10
0e
1e
-
-
000.e
000.e
1e-
1.2.3
1e+
-
+
-
0e
1e-
--2
1e-
1e-
1e+
1ee2
e10
000.e
++1
abc
1e
1e+
-
-
1ee2
abc
0e
.
1ee2
1.2.3
1ee2
e10
1e+
1e
++1
000.e
e10
abc
1e+
000.e
0e
+
++1
.
000.e
1.2.3
1e-
1e-
0e
abc
000.e
abc
--2
1e-
-
abc
-
1.2.3
0e
-
.
1ee2
--2
0e
1e
1ee2
1e
++1
0e
0e
0e
1e-
1e+
-
1e
1ee2
.
1ee2
1e-
.
abc
--2
1e
-
e10
1e
1e+
-
0e
1e+
1ee2
.
1e
1.2.3
++1
--2
1e-
abc
+
000.e
--2
e10
000.e
.
-
1e
000.e
1e
++1
1ee2
0e
1ee2
1.2.3
1e
+
++1
1.2.3
-
-
abc
0e
1ee2
.
+
0e
1e+
1e
++1
0e
.
++1
+
1.2.3
1.2.3
++1
-
1.2.3
1e-
1.2.3
--2
1.2.3
1ee2
1e+
+
abc
0e
1.2.3
++1
.
1e+
0e
++1
+
++1
e10
1e-
abc
1e
++1
1e+
+
-
1e
1e
-
1e
++1
1e+
1e-
++1
-
1e+
1e-
000.e
.
.
1e
0e
abc
0e
0e
1e+
abc
+
0e
000.e
-
-
1e+
1e+
0e
1e
abc
1e
abc
+
++1
e10
1e-
++1
1.2.3
--2
+
abc
1e+
++1
++1
1e+
++1
0e
++1
1e-
e10
+
000.e
1e-
e10
0e
e10
1e-
--2
1e-
1e
1.2.3
1e-
0e
1ee2
000.e
1.2.3
1e
abc
1.2.3
++1
--2
1e+
1ee2
+
+
000.e
+
abc
1ee2
0e
.
abc
0e
.
.
0e
1e
1ee2
+
-
e10
abc
e10
--2
1ee2
-
1e
+
-
++1
-
e10
--2
1.2.3
1e-
abc
0e
1e+
1e+
e10
abc
abc
1e+
.
0e
1e
1ee2
--2
e10
1ee2
1ee2
1e
000.e
+
.
+
--2
1e-
1ee2
.
1e
--2
1.2.3
--2
000.e
.
+
+
.
1ee2
000.e
1ee2
1.2.3
--2
++1
abc
0e
--2
1e+
-
1ee2
1.2.3
1e
e10
1e-
abc
1e+
-
1ee2
abc
1e-
e10
1e-
1e-
abc
1e-
.
e10
-
1ee2
+
abc
+
+
--2
e10
--2
1e+
0e
1e+
.
0e
1ee2
0e
1.2.3
1e-
--2
1e
--2
1ee2
abc
1e-
++1
abc
abc
abc
1ee2
.
1.2.3
1e
0e
0e
.
+
000.e
1ee2
+
+
--2
1ee2
++1
e10
.
1e+
000.e
e10
1ee2
.
1e-
+
0e
1e-
+
abc
.
1e
abc
+
.
-
1e
abc
0e
++1
0e
--2
.
1e-
--2
e10
1ee2
+
+
++1
abc
++1
++1
1e-
++1
1e-
1e+
1e+
0e
1ee2
1e+
1ee2
1e
e10
1e-
-
1ee2
000.e
000.e
1e-
-
.
1.2.3
0e
e10
+
1e+
0e
abc
-
000.e
1e-
.
.
-
.
+
.
e10
1ee2
1ee2
+
abc
+
1.2.3
-
1ee2
000.e
1.2.3
000.e
.
++1
1e-
000.e
1e-
1e+
++1
++1
--2
000.e
1e
e10
1e-
.
-
1e-
e10
-
000.e
1e
.
0e
--2
-
1.2.3
++1
.
--2
--2
e10
e10
+
-
+
0e
abc
0e
+
1.2.3
abc
-
1e
1e-
.
.
0e
-
.
abc
++1
1e-
000.e
+
0e
000.e
0e
--2
1e-
1e-
abc
1ee2
1e
+
abc
000.e
1ee2
1e
1e-
1.2.3
++1
.
-
1e
1e+
e10
1e+
--2
+
1e
++1
--2
abc
000.e
1e-
--2
1ee2
abc
--2
--2
e10
0e
1e-
e10
+
.
1e+
e10
++1
-
++1
1e+
1ee2
1ee2
1.2.3
1e
1e
1e+
1e+
1ee2
+
.
++1
+
e10
abc
1e
--2
--2
000.e
e10
1ee2
1ee2
1e
1e+
1.2.3
1.2.3
e10
e10
++1
abc
1e+
--2
1e-
e10
1e
+
1e
-
000.e
++1
1e+
++1
--2
abc
0e
++1
1ee2
0e
1ee2
1.2.3
1ee2
000.e
1e-
++1
++1
0e
e10
1.2.3
1e
e10
1ee2
--2
000.e
1e+
e10
1ee2
1e+
000.e
-
000.e
++1
+
.
--2
1e
1e
.
1.2.3
1e+
+
0e
--2
abc
.
-
-
.
1e+
++1
1e+
-
1ee2
1e-
1e+
abc
1ee2
1e
++1
.
1e-
e10
+
.
-
1e-
--2
1ee2
++1
1e
e10
1e-
--2
1ee2
1ee2
-
e10
1ee2
0e
+
++1
1e-
1ee2
000.e
1ee2
-
-
1.2.3
.
1e+
1ee2
e10
.
+
-
abc
1e+
--2
.
1ee2
--2
abc
-
++1
+
0e
1ee2
0e
1e+
.
+
++1
1e-
e10
+
++1
1e+
++1
e10
1.2.3
-
1e
.
0e
+
1ee2
e10
--2
0e
000.e
+
.
1e-
++1
abc
-
e10
.
1e+
000.e
0e
1e+
++1
--2
e10
000.e
++1
-
1e-
1e+
.
.
1e-
+
--2
--2
0e
-
1.2.3
1e
abc
1ee2
1.2.3
abc
abc
0e
1e-
.
-
0e
1ee2
1ee2
-
1e+
e10
--2
1e
+
abc
0e
000.e
e10
abc
.
e10
1.2.3
1.2.3
.
-
1e+
+
abc
+
+
.
++1
-
1e
1e+
++1
1.2.3
abc
0e
+
abc
1.2.3
++1
+
abc
e10
--2
-
+
-
++1
1e
--2
1e-
1.2.3
-
1e
1e-
+
abc
1.2.3
.
1ee2
1.2.3
000.e
+
1ee2
000.e
1.2.3
1e+
1ee2
1e-
1ee2
1.2.3
1e-
0e
-
0e
-
1ee2
.
--2
--2
1e+
000.e
--2
abc
0e
1e
.
--2
1.2.3
+
e10
abc
0e
--2
++1
0e
1e
e10
1e+
1e+
--2
1ee2
--2
1e
000.e
.
1e+
000.e
0e
0e
1e+
000.e
000.e
e10
0e
1ee2
000.e
+
1e+
1e-
1ee2
abc
1e+
+
+
000.e
--2
.
e10
abc
e10
1.2.3
1ee2
0e
1e+
++1
e10
e10
000.e
++1
1.2.3
e10
1e
1e-
000.e
+
e10
1ee2
1ee2
000.e
1ee2
1e+
000.e
--2
1.2.3
abc
0e
1e-
1e-
1e
1ee2
abc
++1
abc
-
-
--2
1e-
+
--2
1ee2
.
1e-
000.e
1e+
+
1e+
1e
e10
+
.
.
++1
-
1.2.3
1.2.3
++1
+
1ee2
++1
-
+
000.e
000.e
.
000.e
--2
+
1e
.
+
0e
1e
1e+
--2
000.e
1e-
+
++1
e10
-
1e-
000.e
0e
0e
++1
0e
0e
0e
++1
1e+
--2
.
1e-
+
1ee2
e10
000.e
1.2.3
++1
1.2.3
1e-
+
-
0e
abc
-
1ee2
--2
1e+
1.2.3
0e
000.e
+
0e
1e
1e-
000.e
e10
abc
0e
1ee2
1e+
+
-
e10
--2
++1
0e
abc
1e+
++1
000.e
+
1ee2
000.e
.
abc
e10
1e-
--2
e10
1e
.
1ee2
0e
-
--2
abc
1.2.3
++1
0e
000.e
+
-
--2
abc
1e-
0e
1e-
000.e
1ee2
1ee2
1e-
1e
1ee2
1.2.3
000.e
+
1e+
1e+
abc
e10
.
abc
+
1e+
1e
000.e
1ee2
abc
-
.
abc
1.2.3
--2
abc
+
0e
++1
1.2.3
1.2.3
000.e
000.e
1.2.3
0e
abc
1e
e10
--2
-
+
1ee2
-
1e+
1ee2
+
.
.
1e-
.
++1
++1
.
abc
1e-
1e
--2
++1
-
e10
-
1ee2
000.e
++1
e10
abc
e10
-
e10
1e
0e
+
1e
1.2.3
1.2.3
.
--2
-
e10
.
+
1ee2
1e-
000.e
++1
1e-
1.2.3
1ee2
--2
1.2.3
1e
abc
1ee2
abc
abc
abc
-
-
000.e
000.e
-
1e-
.
abc
++1
1e+
-
-
0e
0e
.
1e
000.e
++1
+
+
+
+
+
+
000.e
-
1.2.3
1e
.
1.2.3
.
--2
abc
1e-
e10
--2
0e
1ee2
0e
1e
-
1ee2
--2
0e
1.2.3
-
0e
.
--2
1.2.3
000.e
e10
0e
--2
1e
1.2.3
1e
1e+
000.e
1e-
abc
1e+
000.e
e10
1e+
000.e
1e+
0e
0e
abc
1e
+
-
0e
1e-
-
.
0e
-
1e+
1e+
1e
1ee2
000.e
1e
.
+
e10
1e+
e10
1e
-
+
.
+
++1
000.e
abc
-
1e+
1.2.3
.
1e
+
1e
1e+
1e
1e
-
1.2.3
.
abc
0e
abc
--2
e10
abc
.
--2
-
.
1e
1e
1e
.
1.2.3
000.e
.
+
-
1ee2
1e-
000.e
1e+
++1
.
+
1e
1.2.3
.
1ee2
1e
+
abc
0e
1ee2
0e
1e+
1ee2
1e
.
1e-
++1
-
1e
+
-
abc
abc
1e+
1e-
1ee2
0e
000.e
++1
1.2.3
.
.
1ee2
--2
0e
e10
-
1e+
+
e10
abc
1e
000.e
000.e
e10
--2
1ee2
+
1.2.3
000.e
1.2.3
+
+
-
1e+
e10
1ee2
-
1e-
abc
-
-
1e+
++1
1ee2
1e+
000.e
000.e
1e-
1ee2
1e
0e
++1
1e-
1e-
abc
1.2.3
000.e
e10
++1
1ee2
1e+
1e-
1e-
++1
1.2.3
1e
++1
abc
--2
--2
1ee2
++1
1e+
.
++1
++1
abc
0e
+
+
--2
e10
abc
1e
-
+
0e
abc
1e-
+
0e
1e+
.
+
1.2.3
+
1ee2
1e
++1
--2
+
1.2.3
0e
+
0e
.
1e
e10
--2
-
1e-
1e+
1e-
abc
+
1ee2
1e
+
0e
1e-
++1
1e
abc
++1
1e
1e+
1ee2
-
-
0e
++1
e10
1e+
1e
0e
-
+
+
++1
.
+
1.2.3
.
1e
1e+
-
++1
1e
1.2.3
-
-
1e
abc
-
+
1e
000.e
abc
abc
000.e
0e
1e+
0e
1e
0e
abc
--2
1e
1e
.
.
.
abc
0e
+
0e
--2
000.e
-
+
1e
1.2.3
+
++1
0e
0e
0e
1ee2
1.2.3
000.e
.
.
.
-
abc
++1
++1
e10
e10
1.2.3
e10
++1
++1
--2
1e
abc
abc
0e
1ee2
1e
++1
000.e
1.2.3
000.e
1e-
0e
e10
000.e
abc
1ee2
1e
1e+
-
0e
abc
000.e
e10
+
1.2.3
abc
1e-
000.e
1.2.3
1.2.3
1e+
-
++1
000.e
000.e
abc
+
0e
1e-
.
-
1e
.
1.2.3
0e
1e+
1e
1e-
1ee2
e10
e10
++1
-
+
e10
++1
1e-
--2
abc
1e+
1.2.3
.
e10
1.2.3
1e-
-
1e+
000.e
e10
1e+
1e-
-
1e+
1e-
0e
000.e
1e+
+
++1
0e
abc
+
++1
0e
0e
1e
1e
000.e
1e
0e
1e
000.e
--2
e10
.
-
000.e
--2
000.e
e10
1e+
-
1ee2
1.2.3
e10
0e
e10
e10
1e-
abc
abc
1e+
1ee2
1.2.3
abc
1e-
-
e10
+
abc
1e+
1e+
abc
++1
e10
.
000.e
--2
--2
1ee2
--2
1e+
+
1e-
abc
abc
abc
1ee2
1.2.3
000.e
abc
.
+
1e
1.2.3
-
1.2.3
1e+
+
++1
1e-
abc
1e-
1ee2
1.2.3
abc
+
1e
1ee2
000.e
abc
--2
1e
--2
1e-
1e-
1e+
0e
000.e
abc
1e
++1
1.2.3
1e+
e10
++1
1e+
1e
+
000.e
1.2.3
.
1.2.3
-
000.e
1e-
000.e
1e+
0e
000.e
e10
1e+
--2
++1
1e-
.
0e
--2
0e
++1
1e
--2
1e+
-
0e
--2
-
0e
1e+
0e
1e+
abc
+
1e-
.
0e
1.2.3
000.e
1e-
1.2.3
abc
000.e
abc
0e
e10
1e+
--2
1e+
000.e
-
-
1e
000.e
-
1e-
.
000.e
1e-
.
000.e
0e
000.e
000.e
++1
--2
0e
.
-
-
--2
e10
++1
1ee2
-
1ee2
1.2.3
+
1e
+
++1
--2
-
1.2.3
e10
abc
1e-
e10
000.e
e10
--2
1e
-
000.e
+
-
.
--2
+
1e-
+
000.e
e10
++1
0e
1.2.3
1e+
1ee2
--2
1e+
1e+
+
1e
+
abc
.
+
+
e10
-
1e+
+
1.2.3
abc
e10
-
abc
e10
abc
.
+
0e
++1
--2
-
++1
-
0e
0e
++1
-
0e
000.e
.
1e
1e
1e+
000.e
e10
-
--2
e10
.
++1
-
1e-
1e+
1e+
-
1ee2
1.2.3
+
1e-
1e
-
1e-
e10
--2
1e
1ee2
1e-
++1
1e-
-
1e+
-
1.2.3
1ee2
abc
e10
1.2.3
--2
e10
-
1.2.3
--2
1e+
e10
.
1e-
++1
1e
.
++1
++1
e10
000.e
1.2.3
abc
000.e
--2
1e-
0e
-
1e
1e+
0e
e10
1ee2
1e
000.e
000.e
1e-
.
1e+
++1
1e-
abc
1e+
++1
1e+
abc
0e
1.2.3
--2
--2
1e
1ee2
1e-
0e
1e-
0e
++1
abc
--2
.
e10
.
-
abc
1ee2
1ee2
abc
000.e
abc
.
-
1e-
1.2.3
1.2.3
1e-
.
1e+
--2
--2
1e-
+
++1
1.2.3
1ee2
1.2.3
-
-
--2
1.2.3
--2
0e
e10
1.2.3
1e-
000.e
1ee2
0e
-
+
e10
000.e
++1
1.2.3
0e
+
1e+
-
e10
000.e
000.e
-
++1
1e
++1
e10
1e-
1e+
0e
e10
1e-
++1
000.e
0e
abc
1e+
1e
-
1.2.3
1e-
1e+
1e+
-
-
-
1e
1ee2
1.2.3
1ee2
.
000.e
1e
0e
1e+
-
.
-
--2
1e-
1ee2
1e-
0e
000.e
1.2.3
0e
--2
-
+
1e
1.2.3
000.e
.
1e+
+
1e
abc
+
++1
0e
-
.
+
000.e
1e-
.
--2
+
1ee2
1ee2
--2
1ee2
1ee2
+
.
-
+
1ee2
--2
1e-
0e
1e
+
-
1e-
000.e
+
0e
abc
+
1e-
0e
1ee2
1ee2
1ee2
1e
--2
-
1e+
.
000.e
++1
+
+
000.e
0e
1e+
1e-
abc
.
abc
1e-
-
000.e
.
-
1ee2
-
abc
000.e
--2
1e-
++1
++1
1e+
abc
1e
1.2.3
000.e
1e-
0e
1e+
--2
000.e
e10
.
000.e
e10
e10
+
.
.
0e
1e+
--2
abc
0e
1e-
++1
.
0e
0e
-
e10
-
1e
000.e
.
1.2.3
1e
000.e
e10
0e
1ee2
000.e
-
++1
.
++1
1e-
1e
.
+
1e-
--2
000.e
1e-
-
0e
1ee2
++1
1.2.3
1e+
000.e
1e-
e10
1e+
.
e10
1.2.3
abc
-
++1
--2
0e
abc
++1
.
-
000.e
abc
1e+
1e-
abc
1e+
1.2.3
+
-
1e+
.
1.2.3
1.2.3
+
1ee2
++1
abc
--2
++1
.
1e-
1.2.3
abc
++1
.
++1
000.e
+
-
+
000.e
-
000.e
abc
abc
e10
1e+
+
-
000.e
1.2.3
abc
.
++1
+
++1
-
1.2.3
1e-
-
abc
000.e
1e-
1e-
-
abc
++1
.
e10
1.2.3
-
.
e10
+
++1
1e-
++1
1ee2
1e+
1.2.3
.
++1
-
--2
+
000.e
.
1e+
--2
abc
-
1e-
0e
-
000.e
1e+
1e
1e-
-
--2
abc
++1
++1
abc
1e+
+
1e
1e
1.2.3
0e
--2
--2
.
1ee2
.
1ee2
1.2.3
--2
.
--2
.
1ee2
1e+
-
000.e
+
1.2.3
e10
+
1e-
0e
1e+
1ee2
abc
++1
-
-
000.e
++1
e10
1ee2
++1
0e
.
1e+
1e+
0e
+
.
+
000.e
++1
000.e
1e-
e10
e10
1ee2
--2
+
000.e
e10
1e-
+
-
+
1ee2
0e
1e+
.
abc
e10
1e
.
1.2.3
1.2.3
1e-
-
0e
1ee2
abc
abc
abc
1ee2
1ee2
.
e10
000.e
1.2.3
+
e10
-
.
000.e
+
1e+
+
++1
1.2.3
.
-
1ee2
0e
000.e
.
++1
abc
1e+
1e
abc
-
-
0e
1e-
1ee2
1ee2
abc
000.e
1ee2
+
-
-
1e+
e10
+
e10
1ee2
0e
++1
1e-
1ee2
abc
000.e
1.2.3
1e-
1e+
0e
000.e
1ee2
1e+
1.2.3
000.e
--2
+
.
1e-
--2
+
1e+
abc
1e-
++1
0e
1e+
e10
1ee2
.
abc
1e-
0e
1e
000.e
.
e10
++1
1e
1e
1e-
.
1e+
0e
e10
e10
--2
e10
1.2.3
1.2.3
e10
1.2.3
1ee2
.
abc
e10
+
e10
++1
++1
abc
0e
1.2.3
1.2.3
e10
++1
+
0e
000.e
1e+
1ee2
1e+
1.2.3
0e
000.e
++1
1e-
1e+
1e-
-
-
.
0e
1e
abc
000.e
1e-
.
1e-
1.2.3
0e
000.e
abc
abc
abc
--2
-
1e-
abc
abc
abc
-
--2
1e+
-
++1
-
1ee2
1ee2
000.e
-
abc
1.2.3
1e+
.
1e-
1e+
000.e
+
abc
1e-
1e-
e10
e10
0e
.
0e
++1
1e
1e+
1e
1e+
000.e
0e
1e+
abc
abc
++1
0e
abc
e10
--2
1e-
abc
000.e
++1
++1
++1
.
-
1.2.3
0e
++1
--2
000.e
.
e10
1e+
--2
+
1ee2
1.2.3
++1
++1
.
e10
000.e
000.e
1.2.3
0e
1e
1e+
--2
1e+
1.2.3
abc
1e+
e10
--2
-
1.2.3
++1
000.e
0e
abc
+
-
1.2.3
.
000.e
1e+
1e+
1e+
1e-
++1
.
0e
1e+
1e
1e
++1
1e
1e
1.2.3
++1
-
1e-
1e+
000.e
--2
abc
abc
000.e
1e+
abc
abc
e10
-
1e-
1e
1e-
++1
abc
e10
0e
-
abc
1.2.3
1e
+
abc
++1
e10
1.2.3
1.2.3
000.e
abc
-
-
abc
-
1e+
1e
1e+
abc
1e
--2
.
.
1.2.3
0e
e10
1e+
++1
000.e
1ee2
-
000.e
1e
000.e
++1
e10
-
e10
e10
++1
0e
1e-
1.2.3
1.2.3
++1
-
--2
1.2.3
0e
000.e
e10
+
--2
1ee2
--2
1e
1e-
0e
e10
-
000.e
1e-
++1
e10
-
1e
1.2.3
++1
1e-
--2
.
000.e
--2
abc
000.e
+
++1
++1
-
abc
.
1e-
000.e
++1
000.e
abc
1ee2
1e+
1e
0e
1ee2
1e+
000.e
abc
1e+
0e
--2
--2
++1
.
++1
1ee2
+
1ee2
1e+
1ee2
abc
0e
000.e
.
+
1e-
abc
e10
1.2.3
-
1e+
1e
000.e
1e+
--2
000.e
abc
-
0e
abc
000.e
1ee2
-
0e
1ee2
++1
1e
abc
+
-
.
abc
.
1ee2
1e-
1ee2
++1
+
+
++1
-
e10
1ee2
.
.
000.e
1e+
++1
+
-
--2
1e
-
000.e
++1
abc
.
1e-
abc
1.2.3
.
0e
000.e
1ee2
1ee2
1e+
--2
1ee2
abc
1e-
1e-
1ee2
-
0e
1e+
abc
000.e
1e-
+
e10
abc
1.2.3
1e
000.e
++1
--2
000.e
000.e
abc
1ee2
1ee2
000.e
--2
+
+
+
+
1ee2
1.2.3
e10
++1
.
--2
.
.
++1
000.e
-
0e
0e
000.e
+
1e
--2
1e-
e10
.
++1
e10
1e
e10
.
1e+
1e
-
1ee2
1e-
+
abc
+
e10
1e+
1.2.3
++1
1e
--2
1.2.3
0e
1e-
e10
-
++1
abc
0e
abc
abc
1ee2
abc
--2
1.2.3
-
+
1e+
1.2.3
e10
abc
1.2.3
+
+
1e
abc
1.2.3
0e
1ee2
1e
++1
abc
1e-
++1
+
-
.
1e-
0e
0e
.
+
1.2.3
+
1e-
0e
.
+
++1
1e+
1.2.3
++1
1e+
1e-
++1
1ee2
e10
1ee2
.
e10
1ee2
++1
--2
000.e
1.2.3
1e+
0e
--2
1ee2
1.2.3
000.e
0e
1ee2
+
.
1e
abc
--2
1e-
000.e
0e
e10
++1
++1
0e
++1
abc
1e+
0e
+
+
++1
abc
--2
.
0e
1e-
1.2.3
-
-
++1
+
000.e
+
1e+
1e-
-
0e
--2
1ee2
--2
.
1e+
++1
0e
0e
+
0e
+
000.e
++1
1.2.3
1e+
.
1e
++1
e10
+
000.e
.
abc
++1
-
-
+
++1
1ee2
1e
abc
1.2.3
1.2.3
.
--2
--2
e10
.
0e
.
-
1e
-
abc
1e+
.
abc
000.e
1.2.3
abc
-
0e
1ee2
abc
000.e
1.2.3
e10
000.e
1ee2
e10
abc
e10
1e
++1
++1
000.e
abc
000.e
1e
0e
+
-
++1
1e-
++1
1ee2
1e
.
1e
--2
1e-
+
.
.
1e+
e10
.
--2
e10
1e-
1e+
0e
1ee2
000.e
1ee2
000.e
abc
e10
.
+
1ee2
1e+
abc
--2
1.2.3
++1
-
1e
000.e
e10
--2
0e
-
++1
1e-
+
abc
.
++1
000.e
1.2.3
--2
e10
0e
e10
1e
1ee2
abc
++1
1e-
.
.
1ee2
1e+
+
abc
--2
1.2.3
1e-
++1
000.e
0e
abc
--2
0e
0e
1e
1ee2
0e
+
1e-
1e-
++1
e10
abc
1e+
++1
1.2.3
1ee2
1e
1e
1.2.3
e10
1e+
abc
.
--2
1.2.3
--2
1ee2
1e-
0e
1e-
-
-
1.2.3
abc
abc
1ee2
++1
1.2.3
abc
e10
1ee2
1ee2
1ee2
1e
000.e
1ee2
-
0e
abc
0e
1.2.3
1e
1.2.3
0e
1.2.3
1e
1ee2
1.2.3
1ee2
1e-
e10
000.e
1e-
.
000.e
0e
abc
--2
e10
1e-
e10
000.e
abc
1e-
++1
+
-
+
0e
0e
--2
0e
-
1e-
1.2.3
-
abc
000.e
--2
.
-
1e
1ee2
1ee2
++1
--2
e10
e10
1e-
+
+
0e
0e
abc
++1
1e+
1ee2
-
++1
1ee2
-
1e
-
e10
1e+
-
000.e
1e-
++1
--2
++1
000.e
-
0e
--2
++1
--2
.
0e
+
-
++1
.
abc
000.e
1.2.3
abc
1e-
+
1e+
000.e
.
--2
1.2.3
000.e
1.2.3
1e
1e-
e10
.
.
e10
0e
+
abc
1e
-
abc
-
000.e
0e
1e
1e-
1e+
abc
1e
0e
abc
++1
-
++1
1e
1ee2
++1
--2
000.e
1.2.3
000.e
1e-
1e
+
1e-
--2
1e
+
1.2.3
++1
1e-
1e
1.2.3
e10
000.e
1e-
1e-
1.2.3
1.2.3
+
1e-
e10
abc
--2
.
e10
.
.
e10
e10
000.e
++1
abc
0e
1ee2
-
++1
+
1e
e10
000.e
abc
1e+
abc
0e
1e+
1.2.3
1e
.
e10
-
1e+
.
-
0e
1e-
abc
e10
.
0e
1.2.3
1e+
1.2.3
-
1ee2
1e
1e
.
1.2.3
0e
--2
1ee2
1.2.3
1e
.
abc
1e+
++1
1ee2
1.2.3
abc
0e
-
-
1e-
++1
1e+
1e
1e-
++1
1e+
.
0e
+
0e
1.2.3
-
1e-
0e
000.e
0e
-
--2
e10
e10
-
0e
-
.
1e+
1e-
1ee2
-
+
0e
++1
++1
000.e
1e+
.
1e-
1e-
1.2.3
e10
1ee2
-
000.e
1ee2
000.e
++1
abc
1ee2
1e
+
1e+
-
1e-
1e-
abc
1e-
abc
1.2.3
+
000.e
--2
--2
1e-
abc
1e+
1e+
--2
++1
+
-
1.2.3
1e
abc
1e+
.
1e+
1ee2
1e+
1e
.
-
--2
abc
1e
1e
1ee2
--2
000.e
1e
abc
000.e
+
--2
++1
1ee2
1ee2
+
e10
0e
1.2.3
abc
1e-
0e
--2
1ee2
--2
e10
-
000.e
++1
1ee2
1.2.3
++1
1e+
-
abc
000.e
1ee2
1e
.
.
000.e
1e
000.e
++1
.
--2
1ee2
.
1e+
abc
1.2.3
.
-
000.e
.
1.2.3
e10
abc
+
abc
1.2.3
1e+
--2
--2
e10
++1
1.2.3
1e+
e10
+
1ee2
--2
0e
.
1ee2
abc
e10
e10
1e+
++1
1e
1e
1e-
++1
e10
++1
1.2.3
1e+
.
0e
1e+
++1
000.e
1e
.
000.e
-
--2
-
0e
1e-
1ee2
1e
++1
000.e
abc
1e+
+
000.e
-
1ee2
++1
.
abc
000.e
000.e
0e
e10
1e-
1.2.3
1e
0e
1e+
000.e
1e
+
000.e
1.2.3
1ee2
-
+
abc
+
-
0e
000.e
-
0e
--2
+
abc
+
abc
e10
1ee2
000.e
1e
1.2.3
++1
1e
1e-
e10
1ee2
-
1.2.3
+
1e-
1ee2
++1
0e
abc
1ee2
1ee2
1e+
-
--2
++1
-
--2
1e+
abc
1.2.3
++1
1e+
--2
1.2.3
0e
-
e10
1.2.3
1e+
1.2.3
e10
1e
1e+
1e-
0e
.
e10
1.2.3
1e+
000.e
1.2.3
-
.
-
1ee2
000.e
+
1e-
+
e10
1e
++1
abc
1.2.3
abc
1e
+
++1
0e
1e+
--2
+
1ee2
abc
0e
1e
.
1e-
--2
--2
0e
1e+
-
1e-
abc
--2
-
++1
1.2.3
1e-
1e+
1.2.3
1ee2
+
1e+
--2
1e-
1e
--2
000.e
1e-
-
++1
1e-
.
000.e
0e
1ee2
++1
1e+
--2
--2
--2
e10
1e+
0e
0e
1.2.3
000.e
--2
1e
1ee2
abc
0e
.
abc
++1
-
abc
1e
0e
++1
e10
1e+
1e-
+
--2
1.2.3
.
e10
abc
0e
1e+
--2
1ee2
-
1e
0e
1e+
0e
0e
1e-
abc
++1
.
--2
1e
1e+
1e-
e10
abc
0e
1e+
+
1ee2
-
0e
.
--2
1ee2
++1
000.e
1e
1.2.3
abc
+
1e+
-
--2
1ee2
--2
1e-
0e
1e+
+
000.e
++1
-
+
1e+
++1
+
abc
.
1e+
abc
1e-
++1
000.e
--2
--2
--2
--2
--2
1e+
000.e
000.e
--2
+
1e
1e
++1
0e
abc
-
0e
1e-
1e-
++1
000.e
1e-
e10
1ee2
1e-
1.2.3
1e
--2
--2
-
0e
0e
-
1e
1.2.3
abc
+
e10
.
1ee2
1e
+
.
1e
1e
-
-
1e-
-
1e
1e-
e10
000.e
1e+
+
e10
+
.
.
1e-
1ee2
1ee2
.
-
0e
+
+
-
1.2.3
.
abc
1.2.3
+
.
.
0e
1e
+
1e
+
000.e
+
000.e
+
1e-
++1
1e+
1e-
1e-
0e
.
0e
1e+
1.2.3
1.2.3
1e
1e-
1e
++1
1e-
.
++1
-
++1
e10
000.e
+
+
+
1e+
.
++1
1ee2
e10
--2
e10
--2
1.2.3
+
-
-
e10
++1
.
e10
1e+
1e+
--2
000.e
e10
.
1e+
1e-
000.e
e10
abc
0e
1e+
0e
1e-
.
.
e10
e10
1e+
-
1e
000.e
1e
1e
1e+
++1
1.2.3
.
++1
+
++1
-
1.2.3
1ee2
000.e
0e
abc
e10
1.2.3
1e+
000.e
--2
1e
1e+
+
1e+
e10
1ee2
-
1ee2
++1
1e-
000.e
-
000.e
.
-
-
1e-
e10
.
1e-
++1
1.2.3
--2
1e
1ee2
--2
000.e
1e+
1.2.3
+
-
1e
e10
abc
-
.
1e-
--2
-
1e+
1e
1e
1.2.3
000.e
0e
1ee2
0e
abc
+
+
++1
1e+
0e
.
1e-
1e+
++1
+
-
.
000.e
+
++1
0e
-
abc
1ee2
1.2.3
1ee2
0e
abc
1ee2
+
+
1.2.3
++1
++1
0e
1e
--2
-
1e
1.2.3
1e-
.
0e
1ee2
+
--2
e10
1e+
000.e
1.2.3
1e-
1.2.3
1e-
0e
e10
1e-
abc
abc
1.2.3
1e+
abc
abc
1e
1e+
++1
1ee2
1e+
1e-
1e-
.
abc
1e+
000.e
1e
abc
.
-
1e-
.
.
1ee2
0e
--2
1e
-
1e
1e-
1e-
-
.
1e-
000.e
--2
1e
1ee2
e10
-
++1
1e-
000.e
++1
++1
000.e
e10
abc
.
0e
1e-
1e
1e
1.2.3
.
1e
abc
1.2.3
1e-
1e
.
.
1.2.3
1e
++1
1e-
1e
--2
+
1.2.3
1e
++1
1e-
abc
1e-
000.e
0e
1e+
-
1ee2
1ee2
++1
.
1e-
abc
0e
000.e
0e
1ee2
1e+
++1
1e-
abc
abc
.
1e
-
+
1e-
--2
abc
1ee2
-
+
000.e
1e+
e10
1e
+
.
000.e
1e-
1e
000.e
+
e10
++1
0e
0e
+
+
1ee2
0e
++1
1e
--2
.
--2
e10
1ee2
000.e
--2
1e
000.e
--2
--2
++1
000.e
0e
1.2.3
1e-
000.e
1e-
--2
+
++1
1.2.3
-
1e+
e10
1e+
1e-
+
1e
0e
+
1ee2
+
1e
.
1ee2
-
-
e10
1.2.3
000.e
.
1e
1.2.3
1.2.3
1.2.3
1ee2
1e+
e10
0e
1.2.3
1.2.3
abc
0e
1.2.3
e10
0e
+
++1
0e
1ee2
--2
1.2.3
-
-
-
1e+
0e
.
+
--2
.
--2
1ee2
1.2.3
0e
++1
e10
e10
+
1e-
1e-
--2
1e-
abc
++1
0e
e10
--2
1e+
.
e10
0e
1e
0e
1ee2
.
abc
.
--2
e10
e10
.
1.2.3
1e
+
.
.
1e-
1e-
0e
-
1e
1e
abc
.
1ee2
1.2.3
+
1ee2
+
1e-
--2
1.2.3
1ee2
1e-
1e+
e10
0e
1.2.3
abc
+
0e
0e
1.2.3
.
1.2.3
--2
-
++1
1e
++1
abc
000.e
-
e10
1e
0e
000.e
e10
1e+
1.2.3
0e
1e-
1e+
000.e
-
0e
abc
e10
0e
1e-
0e
--2
e10
1e
--2
1e-
1e+
0e
1e-
1e+
1.2.3
1e-
abc
1e
e10
+
--2
+
e10
-
1e
1e-
-
-
--2
++1
.
abc
-
1ee2
-
e10
abc
1e+
.
000.e
+
e10
-
-
e10
--2
abc
--2
+
-
1ee2
1e
1ee2
e10
1e-
1ee2
.
0e
1.2.3
.
abc
1e
--2
1e+
0e
--2
1ee2
1.2.3
1e+
1ee2
abc
-
000.e
0e
+
--2
e10
.
1.2.3
e10
.
-
-
1e-
.
-
e10
1.2.3
0e
abc
1.2.3
.
1e-
1e-
1.2.3
1ee2
abc
-
+
e10
0e
1ee2
1e
1e+
1.2.3
000.e
-
e10
1.2.3
abc
abc
-
0e
e10
1e+
1e-
1ee2
1.2.3
abc
1ee2
1e
++1
1e-
e10
1e+
--2
0e
1ee2
1e+
1ee2
1e-
--2
++1
e10
-
1e+
-
1ee2
e10
1e-
-
+
000.e
1e
0e
1e+
+
abc
0e
e10
-
+
1.2.3
1ee2
1e+
abc
1e+
.
e10
++1
000.e
1e+
+
.
-
e10
abc
e10
e10
++1
abc
+
--2
++1
-
.
1e
--2
0e
--2
+
++1
abc
.
++1
1e-
abc
--2
1.2.3
1ee2
000.e
0e
--2
1e+
1e-
1e
1.2.3
1ee2
1e
e10
1ee2
e10
1e+
1e+
000.e
abc
+
-
000.e
1ee2
1ee2
1e+
1e+
1e
+
-
++1
1e+
++1
1e
++1
abc
--2
1e
1e
1e-
1e-
-
abc
1e
1.2.3
-
.
1e+
.
1e-
.
++1
++1
000.e
--2
1.2.3
1e
1e-
000.e
1ee2
e10
0e
1ee2
1e
--2
1e
000.e
--2
.
.
000.e
-
1e+
e10
-
e10
1e+
1ee2
0e
e10
e10
1ee2
1.2.3
1e+
--2
abc
1e+
.
000.e
1e
abc
--2
-
0e
++1
abc
1ee2
+
e10
-
1e-
++1
000.e
e10
++1
++1
1e+
1ee2
1ee2
1ee2
1.2.3
abc
1e+
.
++1
--2
.
++1
-
--2
0e
abc
0e
1ee2
1e+
--2
1e-
1e+
--2
1e-
e10
+
1e
+
-
000.e
1.2.3
1ee2
1e+
-
--2
--2
1e-
-
++1
000.e
-
++1
1.2.3
000.e
1e+
1e
1e+
e10
+
++1
abc
1.2.3
000.e
-
1e+
1.2.3
1e-
-
1e+
++1
1e+
1.2.3
++1
e10
+
++1
+
000.e
e10
-
000.e
000.e
1.2.3
1e
1e-
000.e
--2
e10
000.e
0e
1e+
0e
1e
++1
000.e
.
.
1e-
1.2.3
1e-
-
1e+
e10
e10
--2
e10
1e+
1ee2
.
1e-
--2
1e+
1ee2
0e
1e-
1e
1e+
++1
0e
--2
1ee2
1ee2
1e
1e-
++1
1e+
0e
1.2.3
1.2.3
-
abc
1e
-
++1
--2
-
1.2.3
-
1e-
000.e
--2
abc
1ee2
++1
++1
+
++1
1ee2
1e
--2
e10
.
0e
--2
abc
+
.
abc
-
abc
-
+
++1
+
000.e
abc
1e
abc
1e-
+
1ee2
1.2.3
e10
1e
000.e
1e
1e
1.2.3
0e
0e
1e+
++1
1e
e10
1e+
+
.
--2
000.e
e10
e10
--2
1.2.3
1ee2
-
e10
1e
.
-
1e+
--2
1.2.3
0e
1e-
1.2.3
-
e10
-
000.e
e10
+
.
1e-
.
e10
0e
abc
1ee2
abc
abc
1e
1e-
1ee2
000.e
0e
1.2.3
1e+
000.e
0e
000.e
e10
0e
-
1e+
e10
++1
-
.
++1
1e
1e+
--2
abc
abc
++1
1e
.
1e-
1ee2
+
1e
0e
1e-
.
000.e
e10
.
+
1e
1.2.3
+
000.e
1ee2
.
abc
1e
-
-
1.2.3
000.e
++1
--2
e10
0e
1e-
++1
1e
1.2.3
++1
.
+
.
1e
1e
1e
000.e
0e
1e
+
e10
abc
1e-
1e-
1.2.3
++1
e10
1e-
abc
1.2.3
0e
.
e10
++1
+
e10
abc
1e-
e10
+
1e
000.e
1e-
-
1e
abc
+
1e+
1ee2
abc
-
1ee2
1.2.3
e10
++1
1e
1e+
abc
1ee2
--2
+
--2
1e+
0e
1e
1ee2
abc
1e
.
+
000.e
0e
-
0e
.
000.e
1.2.3
1e-
000.e
000.e
--2
000.e
1ee2
abc
1e-
abc
.
1.2.3
--2
1e-
.
++1
e10
++1
1e+
000.e
.
000.e
0e
e10
e10
-
abc
--2
abc
--2
+
1e+
000.e
1.2.3
abc
+
++1
1ee2
1e+
.
1e+
.
0e
.
-
1e-
000.e
1e+
1e+
0e
0e
000.e
++1
-
0e
--2
0e
--2
000.e
.
0e
.
1ee2
e10
e10
000.e
1.2.3
.
1.2.3
1e
1e+
1ee2
1.2.3
-
1e+
-
.
1ee2
1e-
.
1e-
+
1e+
++1
e10
e10
000.e
++1
.
+
1.2.3
--2
1.2.3
1e-
.
1ee2
--2
0e
1e
+
+
1ee2
.
.
1e
++1
++1
000.e
--2
1ee2
+
--2
++1
e10
+
1e
-
e10
1e
-
1ee2
+
.
1e
.
abc
1.2.3
0e
1e+
--2
.
-
1.2.3
1e+
000.e
1e
1e-
.
1e
1e+
1e
+
--2
1ee2
1ee2
1ee2
--2
+
.
+
1e+
1e-
0e
1e+
e10
-
abc
+
+
1.2.3
.
1ee2
1e+
1e-
1e-
000.e
+
-
+
++1
-
000.e
1e
e10
e10
++1
e10
abc
+
+
000.e
1e-
+
000.e
-
.
abc
+
0e
e10
1e+
--2
1ee2
1.2.3
abc
1e+
000.e
1ee2
--2
abc
0e
1e+
.
abc
1e+
1.2.3
e10
++1
1e
1e-
1e+
-
0e
1e
000.e
--2
1e
++1
abc
0e
000.e
1e
++1
abc
++1
++1
--2
++1
+
1e
e10
+
1e-
000.e
1e-
1e+
1ee2
1e-
abc
000.e
e10
++1
1.2.3
--2
+
000.e
1.2.3
0e
abc
1ee2
abc
e10
-
0e
0e
-
1ee2
1e
1e
-
0e
abc
1.2.3
1ee2
e10
0e
1.2.3
000.e
000.e
+
1ee2
+
++1
--2
1e+
1e-
abc
-
1e+
--2
-
e10
e10
1e
-
.
1e+
.
1.2.3
1e
0e
1e-
0e
.
1.2.3
1e-
1e+
0e
abc
1e-
e10
e10
.
1e-
abc
1.2.3
1e+
1ee2
--2
--2
000.e
.
1ee2
1ee2
1e+
-
1e+
0e
++1
1e-
e10
1e-
-
1.2.3
++1
++1
-
1e
.
000.e
-
abc
0e
0e
--2
++1
000.e
1.2.3
1e-
-
--2
1.2.3
--2
+
1e-
++1
0e
abc
1.2.3
-
000.e
1e-
000.e
1e
abc
1e+
+
.
-
1ee2
e10
+
0e
+
1e
--2
1e+
1e+
1e-
e10
-
++1
000.e
000.e
.
1ee2
-
1e-
0e
++1
+
1.2.3
.
1ee2
1e
--2
e10
++1
1e
000.e
1.2.3
++1
000.e
+
1ee2
000.e
0e
e10
--2
1ee2
000.e
1ee2
++1
abc
abc
1.2.3
1e
.
abc
-
+
000.e
1e+
.
e10
.
e10
abc
000.e
1e
1.2.3
++1
0e
1ee2
1e+
+
.
000.e
-
abc
000.e
1ee2
+
.
000.e
+
+
++1
1e
1e+
+
000.e
1e-
abc
+
e10
1e+
e10
1e
1e-
.
000.e
--2
1e+
e10
0e
1.2.3
1.2.3
1.2.3
1e+
1e-
1.2.3
1e+
1.2.3
1e-
000.e
-
e10
1e
0e
1e+
1ee2
abc
1e+
000.e
1ee2
0e
+
abc
e10
-
1e
e10
1e-
++1
0e
--2
1e-
.
1e
000.e
+
++1
abc
+
-
+
.
1ee2
--2
+
++1
1e-
1ee2
1ee2
1e-
0e
1ee2
e10
e10
1ee2
-
000.e
0e
1ee2
++1
++1
--2
1e+
1e-
1ee2
e10
1ee2
0e
1ee2
1e
1.2.3
abc
abc
-
1.2.3
++1
e10
++1
0e
abc
.
++1
1.2.3
000.e
1e-
.
e10
abc
1e
.
1ee2
1e-
abc
+
+
.
e10
1e
.
1e
-
++1
e10
.
-
1ee2
1ee2
+
1e
abc
.
0e
e10
1.2.3
1e-
0e
+
+
--2
++1
000.e
abc
+
1e
000.e
.
e10
000.e
1.2.3
000.e
1.2.3
-
1e
1e+
000.e
000.e
1ee2
e10
000.e
1.2.3
--2
--2
000.e
abc
--2
1ee2
-
+
--2
+
abc
.
1e
000.e
--2
-
++1
1e+
-
1ee2
0e
+
.
1e
1ee2
abc
-
+
-
e10
.
+
+
--2
.
1e+
000.e
e10
-
--2
1ee2
-
1ee2
1.2.3
+
1ee2
1.2.3
++1
++1
++1
1.2.3
1.2.3
--2
.
0e
0e
0e
000.e
000.e
-
1ee2
1ee2
++1
1.2.3
000.e
1.2.3
-
1e
++1
e10
1e-
1e-
+
abc
-
abc
++1
1.2.3
-
1e+
1ee2
1e+
1e-
++1
-
-
--2
++1
e10
000.e
-
-
--2
-
1e+
0e
000.e
.
1.2.3
+
e10
--2
abc
1e-
.
++1
.
--2
1e+
1.2.3
++1
e10
1e-
--2
1.2.3
++1
--2
1e-
0e
000.e
abc
1e-
1ee2
-
1ee2
1e+
1e-
000.e
abc
.
--2
-
1e
1e
000.e
++1
--2
1e
0e
++1
++1
++1
-
1e+
0e
1e
0e
e10
+
.
.
--2
e10
000.e
000.e
abc
abc
1e-
.
e10
-
000.e
abc
0e
1e-
e10
0e
--2
1ee2
--2
--2
1e-
abc
-
1.2.3
.
1.2.3
1e+
1ee2
1e
++1
abc
1e+
1e+
+
1e
++1
1e
--2
.
+
1.2.3
abc
1.2.3
1e+
0e
+
0e
abc
1e-
1.2.3
+
1e+
1ee2
1e-
e10
1e+
++1
000.e
1e
1e+
1e-
1ee2
.
1ee2
--2
.
--2
0e
--2
1e-
+
-
--2
+
0e
0e
1e+
1e+
0e
1e-
-
-
0e
1e
1e-
000.e
abc
--2
.
-
e10
++1
-
1.2.3
-
abc
.
000.e
1e
--2
1.2.3
1ee2
e10
--2
1e+
-
1e
.
1.2.3
e10
+
+
--2
--2
1e-
1.2.3
abc
000.e
0e
000.e
1e
+
+
1e+
1e-
--2
000.e
1.2.3
1ee2
.
++1
e10
1ee2
-
1ee2
1.2.3
--2
1e
++1
--2
1.2.3
000.e
1e+
1e
++1
-
0e
--2
1e+
e10
1ee2
000.e
0e
abc
000.e
abc
1ee2
1.2.3
e10
1ee2
1.2.3
--2
1e+
-
0e
.
1e
++1
1.2.3
1e
1e
1e-
0e
-
0e
+
abc
.
0e
1e+
--2
1e+
1e+
0e
1e+
1.2.3
e10
abc
1e
1ee2
+
-
1e
e10
abc
e10
1.2.3
1.2.3
1e
abc
+
abc
e10
abc
0e
--2
1e
+
1e+
000.e
000.e
1e+
1ee2
1e
.
1e+
000.e
++1
--2
e10
abc
++1
--2
+
1e-
++1
1ee2
000.e
1e+
1.2.3
1e-
1.2.3
.
--2
-
abc
+
1.2.3
1e
1.2.3
-
++1
+
.
abc
abc
1e
-
.
.
1e-
++1
1e-
-
1e-
++1
1e-
1.2.3
e10
1ee2
.
e10
e10
-
-
-
1ee2
abc
1e
1e+
0e
000.e
abc
e10
abc
abc
1e
abc
.
abc
abc
e10
1e-
++1
.
--2
+
1e-
1e+
1e+
0e
abc
000.e
1.2.3
1e
abc
000.e
-
-
1e+
++1
--2
1e-
abc
1.2.3
e10
1e+
0e
++1
.
abc
1e+
1e+
1e-
0e
0e
+
-
1e
1e
abc
1e+
1.2.3
--2
1e-
1e+
++1
000.e
--2
1e-
abc
++1
++1
1ee2
abc
.
1.2.3
1e-
1e-
abc
e10
1e
.
1e+
.
.
0e
--2
-
1e
1.2.3
1ee2
++1
.
-
.
1e-
0e
.
1.2.3
-
e10
1e
++1
+
1e+
++1
-
1e+
1ee2
-
1ee2
000.e
+
+
++1
1e+
1e
e10
.
1e
1.2.3
1.2.3
--2
e10
+
1e-
.
1ee2
-
1e+
1ee2
0e
e10
1e+
-
1ee2
1ee2
++1
++1
-
--2
1.2.3
000.e
0e
--2
1e
1e+
.
1e-
1e-
1e+
1e+
000.e
1e
abc
1e+
--2
1e+
abc
1.2.3
e10
000.e
e10
++1
0e
.
0e
1e-
0e
--2
--2
1e+
1.2.3
.
abc
-
-
1e
1e
1e
-
++1
e10
1e
1ee2
++1
000.e
abc
1ee2
+
1.2.3
1e
1e
1.2.3
1ee2
1e
0e
000.e
e10
--2
abc
abc
1e+
1.2.3
abc
1.2.3
abc
000.e
e10
-
++1
1.2.3
e10
+
abc
0e
1.2.3
.
1e
1e-
1e-
+
+
e10
++1
0e
0e
1.2.3
abc
.
0e
1e-
++1
1e
--2
1.2.3
++1
1e
+
1e
1ee2
abc
++1
1e+
++1
e10
+
1e+
++1
000.e
.
1ee2
-
.
abc
++1
1e
1e-
abc
e10
+
000.e
--2
1.2.3
1.2.3
-
000.e
1e
1e+
1e-
abc
--2
0e
.
0e
abc
abc
abc
1e
-
-
1ee2
e10
1e
1e+
1e
+
1e
++1
++1
000.e
--2
-
1e-
-
1.2.3
+
+
000.e
+
1e+
abc
1e
+
+
e10
0e
.
0e
--2
1e+
e10
++1
+
0e
0e
++1
++1
1.2.3
1.2.3
000.e
1e+
1.2.3
++1
1e-
abc
1e-
.
1e
000.e
1.2.3
0e
abc
1e-
++1
0e
abc
1e
1.2.3
-
.
--2
1.2.3
++1
0e
000.e
++1
1e
abc
+
1e
abc
--2
1ee2
000.e
0e
1e
0e
1e
+
0e
-
1e
000.e
.
1.2.3
++1
-
1e+
-
1e+
1.2.3
++1
1e-
--2
0e
--2
-
1ee2
abc
1e
0e
+
--2
.
++1
1e-
-
1.2.3
0e
++1
-
.
1ee2
000.e
+
1e
1ee2
-
1.2.3
-
1e
0e
-
1.2.3
++1
1ee2
abc
1e-
1e+
1ee2
1e+
1e
1ee2
-
1e-
000.e
000.e
-
1e-
1e+
+
0e
--2
000.e
+
1ee2
0e
1ee2
1e-
++1
e10
1.2.3
0e
.
++1
-
abc
++1
1e-
1.2.3
--2
1ee2
000.e
1.2.3
.
1e-
0e
abc
0e
1e-
1e
++1
+
1e
1.2.3
1.2.3
--2
e10
abc
1e-
1.2.3
1.2.3
1e
-
1e
++1
++1
0e
.
1e
-
1e
.
-
e10
++1
1.2.3
1e+
1e+
abc
1ee2
abc
.
1e
+
1e-
1e+
abc
++1
-
+
1e-
0e
.
1ee2
1ee2
e10
1ee2
.
0e
1e-
0e
000.e
1e-
abc
0e
++1
1ee2
+
++1
1e+
++1
++1
--2
--2
e10
-
0e
abc
1e
+
1ee2
--2
--2
abc
1.2.3
0e
abc
0e
--2
-
--2
e10
000.e
1e-
1.2.3
++1
0e
1.2.3
1ee2
e10
.
e10
0e
1e+
--2
e10
.
--2
1e+
000.e
e10
1ee2
000.e
1.2.3
-
0e
+
e10
1.2.3
1e-
1ee2
--2
abc
--2
1e-
0e
--2
abc
.
1.2.3
1e
0e
++1
-
--2
+
--2
1e
+
1.2.3
+
1e-
+
1e-
e10
-
1.2.3
1e+
1e-
0e
1e-
1ee2
0e
++1
1e
1ee2
-
0e
1.2.3
000.e
++1
-
--2
1e+
0e
+
.
-
1ee2
-
1e-
0e
0e
abc
--2
e10
1ee2
--2
1e+
1ee2
000.e
abc
abc
1ee2
1ee2
1e+
1e-
++1
1e-
+
++1
-
1e
1ee2
++1
e10
-
1e+
e10
++1
e10
1ee2
1e+
1ee2
.
1.2.3
-
e10
1ee2
000.e
000.e
1.2.3
1e-
0e
000.e
1e-
1e-
e10
.
1.2.3
1e
-
1e
+
++1
e10
.
000.e
1e-
+
1.2.3
.
++1
1e+
1.2.3
--2
.
1e-
-
1.2.3
+
-
e10
1e
1e-
1e
-
1e
abc
+
1e+
+
e10
1.2.3
1e-
1.2.3
++1
++1
1e-
1ee2
0e
1ee2
-
000.e
++1
000.e
1ee2
000.e
+
0e
-
+
1.2.3
0e
--2
-
e10
0e
1e+
e10
e10
1e
e10
1e+
0e
000.e
1e-
+
e10
abc
abc
++1
1e+
+
.
-
++1
abc
-
+
1ee2
+
--2
--2
0e
+
-
e10
-
1e+
.
1e+
1ee2
--2
1ee2
--2
abc
--2
000.e
--2
1e+
1ee2
1.2.3
++1
--2
1ee2
000.e
1ee2
e10
1e+
1e
000.e
1e
1e-
1e
.
0e
++1
000.e
e10
1e-
1e
e10
000.e
++1
e10
.
1e-
1e-
.
e10
+
0e
1e
1e-
000.e
1e-
++1
0e
1e
0e
++1
abc
1e-
+
--2
000.e
+
.
1ee2
-
000.e
e10
-
--2
1e
1e+
abc
1.2.3
000.e
+
1ee2
1.2.3
e10
--2
1e-
abc
abc
1e
000.e
1.2.3
1e+
e10
+
.
1.2.3
abc
++1
-
e10
-
-
1.2.3
1e
.
abc
1ee2
++1
000.e
1ee2
++1
.
-
-
1e
+
--2
++1
+
.
1.2.3
1ee2
++1
-
0e
1e+
+
++1
+
+
abc
abc
e10
++1
e10
1e+
1e
1e
-
1e
1e-
--2
+
--2
--2
abc
e10
abc
1e
+
.
.
1.2.3
-
.
+
0e
1ee2
000.e
1.2.3
000.e
++1
1e
1.2.3
.
0e
--2
1e+
.
--2
1ee2
0e
1e+
1.2.3
000.e
1.2.3
+
0e
.
000.e
0e
e10
.
1ee2
000.e
+
.
-
e10
000.e
-
.
1.2.3
--2
000.e
--2
1ee2
1e
e10
-
-
0e
.
000.e
-
1ee2
.
--2
1.2.3
-
1e+
--2
abc
--2
abc
1e
abc
.
1e-
-
1.2.3
1e-
0e
1.2.3
1.2.3
1e-
-
-
000.e
000.e
1e
++1
e10
000.e
0e
0e
1e+
000.e
e10
+
--2
--2
1e
.
1e
+
--2
1e+
000.e
abc
++1
++1
-
+
0e
.
0e
000.e
0e
-
-
--2
e10
.
e10
1e
e10
.
000.e
000.e
000.e
1ee2
1e
++1
1e
abc
1ee2
1e-
e10
e10
.
1.2.3
abc
abc
1.2.3
1e
1e+
1e-
.
1e+
.
1.2.3
0e
.
e10
-
1e
++1
.
.
000.e
abc
--2
0e
+
1ee2
++1
000.e
--2
1ee2
.
1e+
1e-
e10
e10
-
1e+
++1
.
++1
+
1ee2
000.e
000.e
0e
-
1e+
-
.
1e+
000.e
0e
1e-
1e
-
1e-
+
1.2.3
+
0e
+
000.e
-
0e
--2
--2
++1
.
000.e
0e
0e
--2
1e
e10
--2
1ee2
0e
1e
1ee2
abc
abc
abc
++1
1.2.3
--2
1ee2
++1
++1
1e+
000.e
0e
--2
0e
++1
abc
abc
--2
-
1ee2
++1
1ee2
1e+
.
++1
000.e
++1
--2
000.e
+
-
000.e
abc
e10
000.e
1e
--2
+
e10
+
000.e
.
000.e
1.2.3
1e
e10
.
1.2.3
++1
1e+
1e-
--2
++1
abc
e10
abc
--2
0e
1e
e10
000.e
++1
1e+
-
.
e10
1.2.3
0e
++1
e10
++1
abc
.
--2
1e-
abc
.
0e
1e+
000.e
0e
000.e
1e
e10
.
.
1e
1.2.3
+
-
1e+
1e
1ee2
0e
abc
1ee2
e10
--2
+
e10
.
0e
.
+
+
abc
1.2.3
1e
.
--2
e10
1e-
1ee2
1e+
.
--2
1e
-
0e
e10
0e
+
abc
1ee2
1.2.3
abc
1e-
1ee2
1e-
1e+
+
++1
1.2.3
--2
1ee2
+
1e+
1.2.3
e10
1e
.
-
++1
-
1.2.3
1e-
000.e
--2
1.2.3
++1
1e-
1.2.3
+
-
000.e
1.2.3
+
e10
0e
++1
1e+
1e+
.
1e-
abc
1.2.3
1e-
abc
--2
1e-
-
e10
+
abc
.
.
abc
e10
e10
e10
1e
1e+
0e
0e
1.2.3
++1
1ee2
1.2.3
1e-
--2
0e
-
1.2.3
0e
.
.
++1
--2
1.2.3
1e+
abc
--2
1ee2
-
1e-
++1
++1
1e+
000.e
++1
1e+
e10
--2
-
1ee2
0e
1ee2
0e
++1
abc
e10
1.2.3
--2
+
0e
1e-
0e
abc
1e-
1e+
++1
1e-
1e-
1ee2
1e-
++1
0e
0e
1ee2
1ee2
e10
1e
000.e
1e+
0e
000.e
++1
-
--2
1e
-
000.e
000.e
+
e10
1.2.3
0e
+
1e+
000.e
0e
--2
1e
0e
0e
+
1ee2
e10
1ee2
+
abc
1ee2
++1
e10
1e
abc
0e
1e-
1.2.3
1e
++1
1e+
-
--2
++1
1.2.3
1e+
abc
--2
e10
1e
e10
++1
0e
1ee2
++1
1.2.3
1e
1e-
e10
1e+
0e
1ee2
1.2.3
.
++1
1e+
--2
1e
.
0e
abc
1ee2
0e
1.2.3
1e+
+
0e
.
--2
1.2.3
+
++1
abc
1e+
1ee2
0e
0e
--2
1e-
.
1.2.3
1e
0e
0e
000.e
++1
1ee2
1e
0e
.
0e
-
000.e
1e+
e10
-
1e-
-
--2
1e-
1.2.3
--2
--2
--2
1ee2
000.e
abc
1e
abc
1.2.3
--2
+
1e-
.
e10
0e
1e-
1e+
++1
1e-
.
000.e
1e+
1e+
--2
1.2.3
+
0e
--2
.
-
.
++1
e10
000.e
1e
++1
1ee2
000.e
1e
.
.
.
e10
1.2.3
--2
e10
0e
+
e10
-
++1
abc
0e
abc
0e
0e
+
1e-
1.2.3
1ee2
-
1.2.3
000.e
+
abc
+
++1
+
1e
.
abc
+
0e
+
-
abc
e10
0e
++1
++1
1ee2
1e
--2
++1
1e-
1ee2
--2
1.2.3
abc
++1
000.e
0e
++1
.
1e
1.2.3
+
1e+
-
+
0e
1e-
1ee2
-
1e+
0e
1e-
1e
-
0e
1e-
.
+
0e
1e-
1e+
0e
1ee2
+
e10
+
-
0e
++1
abc
-
--2
1.2.3
--2
e10
.
.
+
1e+
1e-
1.2.3
0e
.
abc
.
--2
+
+
0e
--2
abc
1e
-
--2
++1
1ee2
.
+
e10
-
abc
.
1e-
000.e
1ee2
0e
+
1e
1e
e10
1e-
0e
.
e10
1e
1e
+
1ee2
+
+
+
0e
1.2.3
-
1e
1e+
1e-
.
1e+
++1
1e+
1e
e10
1e
000.e
--2
1ee2
abc
++1
1e+
--2
.
0e
e10
e10
1.2.3
.
000.e
1.2.3
e10
1.2.3
000.e
+
+
.
abc
1e
0e
abc
e10
1e-
1e-
e10
--2
-
-
0e
+
e10
e10
++1
-
++1
--2
1ee2
1.2.3
e10
1e-
1.2.3
1.2.3
--2
-
-
1ee2
abc
--2
1.2.3
1.2.3
1ee2
++1
-
1e
1.2.3
1.2.3
--2
++1
+
0e
-
1ee2
++1
1e
++1
1e-
.
.
1ee2
++1
1.2.3
abc
1e
1e+
abc
1ee2
abc
000.e
1e+
0e
++1
1e
++1
1e+
e10
1e-
1e+
1e-
abc
+
-
1e
++1
1e-
1ee2
1.2.3
++1
--2
+
0e
.
0e
000.e
--2
0e
-
000.e
abc
1e-
+
abc
1e
abc
e10
--2
--2
1e+
-
+
000.e
+
-
e10
++1
1ee2
+
--2
e10
--2
000.e
1ee2
1e+
1ee2
000.e
++1
1.2.3
++1
1.2.3
1ee2
.
e10
1e-
0e
1e-
0e
abc
1e+
0e
-
+
0e
1e
++1
1ee2
.
1.2.3
1e-
e10
+
1e-
000.e
1ee2
000.e
-
abc
1ee2
1e+
++1
0e
+
--2
++1
--2
+
-
1e-
1e
-
++1
abc
0e
1e-
1e-
-
+
e10
--2
1.2.3
-
abc
0e
000.e
1e
abc
--2
+
1e+
e10
1e
.
000.e
1e+
-
1e-
-
++1
1e-
+
abc
.
1e+
0e
++1
1e+
e10
1ee2
++1
+
000.e
1ee2
+
--2
1e+
1.2.3
1e-
.
abc
.
1e+
-
+
.
e10
--2
000.e
e10
000.e
1e-
1e+
1e
abc
+
1e+
1e
-
--2
-
-
e10
-
0e
+
-
000.e
1.2.3
abc
++1
1.2.3
000.e
1ee2
+
1ee2
0e
++1
0e
1e+
1e
1ee2
1e-
000.e
0e
--2
--2
abc
-
e10
1.2.3
-
1e
1e-
1e
e10
1ee2
1.2.3
1ee2
1.2.3
1e-
1.2.3
1ee2
1e-
1ee2
.
-
1ee2
abc
+
--2
1e+
.
abc
1e
0e
.
abc
++1
abc
1.2.3
1ee2
0e
000.e
abc
000.e
1e
++1
+
--2
abc
1.2.3
++1
1e
--2
1e
e10
000.e
e10
e10
-
0e
1e
1e-
abc
-
--2
1e-
1e
--2
1ee2
++1
1e+
-
--2
abc
1.2.3
+
1e+
.
+
.
0e
abc
e10
1.2.3
1e+
1e-
000.e
++1
++1
0e
000.e
1ee2
1e
000.e
1e-
+
.
1e+
+
--2
1ee2
+
--2
.
--2
1e-
++1
e10
.
++1
1e
1.2.3
1e+
++1
1e-
0e
1e
-
.
.
+
abc
++1
--2
1ee2
0e
0e
1.2.3
+
+
1ee2
.
1.2.3
--2
--2
+
--2
1e+
1ee2
1e
--2
--2
1ee2
1e
1.2.3
.
.
1e
++1
+
1e
1e-
.
0e
++1
1e
+
-
+
1e
+
abc
1e+
0e
1ee2
-
1.2.3
1e
-
-
.
.
1e-
abc
-
e10
1.2.3
1.2.3
1e
-
abc
1e-
1e
1e+
--2
1ee2
e10
0e
.
.
1e+
000.e
abc
+
+
0e
abc
1ee2
abc
0e
1.2.3
+
1ee2
+
0e
1e+
1ee2
1e+
000.e
.
--2
1e+
1e+
e10
.
1ee2
000.e
.
1e+
0e
--2
1e-
++1
--2
--2
1.2.3
1e
.
000.e
++1
--2
1.2.3
.
--2
--2
0e
1e+
++1
1.2.3
1ee2
++1
1e
1e
1.2.3
.
e10
e10
.
+
1.2.3
e10
0e
abc
--2
-
.
++1
1.2.3
000.e
000.e
--2
1e+
e10
1e-
e10
.
--2
1.2.3
e10
0e
0e
000.e
000.e
1e-
--2
abc
1ee2
0e
1e+
.
000.e
.
++1
+
e10
.
1e+
1ee2
1.2.3
+
.
+
-
1e-
0e
0e
1ee2
000.e
-
abc
1ee2
1.2.3
++1
1e
-
++1
000.e
1e
e10
1e+
--2
1e-
1ee2
+
++1
++1
.
1e+
1e
1e
e10
0e
e10
.
+
1ee2
++1
e10
1.2.3
1ee2
1.2.3
--2
0e
abc
1e-
++1
1e-
abc
1e+
1e+
e10
--2
e10
1e+
e10
--2
++1
1e
1e+
0e
1e+
0e
+
0e
1e
e10
1.2.3
--2
e10
-
1e+
+
1ee2
0e
+
1.2.3
--2
1.2.3
1ee2
1e+
abc
000.e
1ee2
-
1.2.3
1e-
1ee2
+
++1
--2
0e
.
abc
1ee2
+
1ee2
+
.
1ee2
-
0e
1e
--2
1.2.3
1e
0e
+
e10
0e
++1
abc
1.2.3
1.2.3
--2
1e-
0e
++1
0e
0e
000.e
-
1e
0e
1e-
1ee2
++1
+
--2
e10
-
1e-
e10
0e
e10
1ee2
e10
000.e
abc
-
abc
-
1e+
0e
-
000.e
1e+
++1
000.e
1e-
1ee2
++1
1.2.3
0e
1e-
1ee2
1.2.3
000.e
+
-
.
.
1e-
.
1ee2
1ee2
1e+
e10
+
-
0e
1e
1e-
.
++1
1e
1e+
++1
000.e
1e+
1e-
000.e
1e
1ee2
--2
e10
1.2.3
1e+
++1
--2
1e
e10
0e
.
.
0e
+
++1
000.e
abc
.
0e
000.e
1ee2
0e
+
1ee2
1e+
000.e
1e+
000.e
1e-
+
1e
e10
000.e
1.2.3
000.e
--2
1e-
1e+
.
1e+
000.e
1.2.3
1e
1e
000.e
e10
000.e
0e
1e-
0e
.
000.e
++1
1.2.3
0e
1ee2
1ee2
e10
abc
-
1e-
000.e
1.2.3
0e
e10
abc
-
++1
0e
1e+
0e
-
abc
1e
abc
1e+
1e-
--2
abc
1.2.3
++1
abc
+
-
0e
000.e
+
1ee2
0e
.
++1
e10
--2
0e
e10
1e
1e
++1
abc
e10
++1
+
.
1e-
1e
000.e
++1
000.e
++1
--2
++1
1.2.3
.
--2
+
e10
--2
1e
1e+
1.2.3
abc
.
1.2.3
+
000.e
1e+
1e-
-
0e
-
1.2.3
abc
abc
1e+
abc
--2
1ee2
+
1e
--2
1.2.3
1e+
abc
++1
1ee2
++1
e10
1e+
.
1e+
1.2.3
.
+
0e
++1
1e
1.2.3
1.2.3
1ee2
1e+
1.2.3
000.e
abc
1.2.3
0e
1e
000.e
000.e
000.e
+
1ee2
1ee2
.
1.2.3
1e+
++1
-
-
++1
0e
1e
1e
--2
1e
--2
1ee2
-
abc
--2
1e-
++1
1e
0e
e10
1e+
+
.
1e
+
--2
--2
1e+
+
-
1e+
000.e
1ee2
1ee2
1e
1e-
1ee2
0e
--2
000.e
1ee2
0e
abc
0e
1.2.3
abc
+
1e+
.
1e+
0e
abc
1e
--2
abc
1e+
--2
000.e
abc
-
1e-
000.e
1.2.3
1e
.
1e-
.
1ee2
1e-
--2
++1
1ee2
--2
++1
--2
.
--2
.
--2
1e-
-
+
000.e
1e
++1
0e
000.e
-
1e-
1e
1ee2
abc
.
abc
--2
abc
.
1e+
+
-
1e+
0e
000.e
.
-
--2
000.e
-
1e
000.e
+
.
.
1e+
-
1e-
1e+
-
1ee2
abc
.
e10
1e
e10
--2
++1
++1
1e-
-
abc
--2
+
1e+
1ee2
1.2.3
e10
0e
--2
1ee2
0e
+
1ee2
.
--2
000.e
0e
1.2.3
1ee2
--2
e10
--2
-
.
-
-
1ee2
1e-
+
000.e
--2
-
.
--2
+
e10
++1
.
1e-
.
-
++1
++1
.
1e+
abc
1e-
000.e
1ee2
1ee2
000.e
--2
++1
+
e10
0e
++1
1.2.3
e10
-
abc
++1
1.2.3
1e
0e
+
.
-
1.2.3
abc
.
1ee2
0e
e10
1e
1e-
--2
+
1ee2
++1
.
e10
1e+
--2
1.2.3
0e
000.e
+
000.e
--2
abc
e10
1e+
-
--2
1.2.3
--2
1ee2
-
0e
--2
1ee2
.
1e
1.2.3
++1
1ee2
--2
1e+
.
abc
1e-
1.2.3
e10
0e
1ee2
1ee2
+
0e
abc
1ee2
.
+
--2
+
abc
1ee2
abc
1e
1e
abc
1ee2
1e-
1e-
1e-
0e
+
1ee2
0e
1e-
--2
abc
++1
1ee2
e10
-
1e+
e10
+
--2
1ee2
++1
1ee2
+
1e+
1.2.3
.
000.e
000.e
--2
--2
+
1.2.3
1ee2
1e
1e+
1e+
1e+
e10
1ee2
000.e
0e
0e
1e+
000.e
-
abc
-
1e-
abc
0e
--2
1e-
e10
1e-
e10
1ee2
abc
abc
000.e
000.e
1e
000.e
-
1.2.3
++1
--2
000.e
e10
abc
e10
++1
abc
1e
--2
1ee2
-
0e
++1
++1
1e+
+
1ee2
1e+
+
0e
1e-
e10
-
1e
1.2.3
++1
0e
+
1e
abc
1e+
e10
000.e
1ee2
.
0e
+
1e+
000.e
1e+
+
e10
1ee2
+
--2
abc
0e
e10
1ee2
++1
1e+
++1
--2
-
e10
e10
e10
1e+
.
0e
000.e
1ee2
+
1e-
1ee2
0e
1.2.3
e10
++1
++1
1e
--2
--2
0e
1e+
000.e
+
-
+
1e-
e10
1e
.
1e+
++1
--2
1ee2
abc
0e
.
e10
+
1e
1e+
++1
0e
1e+
--2
1e
1e-
--2
.
1e-
000.e
--2
-
++1
1e+
.
1ee2
1ee2
1e+
1e-
+
1e-
++1
1e
1.2.3
++1
+
1e-
+
.
1.2.3
++1
000.e
1e
1ee2
1e
++1
0e
+
e10
1ee2
e10
+
+
0e
1e
0e
.
.
1e-
--2
e10
--2
e10
0e
--2
1.2.3
--2
1.2.3
1e-
e10
++1
1.2.3
000.e
1.2.3
1e+
000.e
0e
000.e
1.2.3
1e-
1ee2
.
++1
abc
--2
0e
1ee2
1e+
abc
.
++1
abc
0e
-
0e
1e-
0e
abc
++1
0e
abc
.
1ee2
++1
1e+
+
0e
1e+
1ee2
0e
.
++1
abc
e10
1e-
.
1.2.3
+
1ee2
.
1ee2
1.2.3
1e-
abc
+
1e+
+
1e-
abc
1e+
1e-
abc
e10
.
--2
1e
000.e
1e
1ee2
0e
1e-
1e+
e10
-
--2
--2
0e
++1
e10
abc
1e
1e
++1
+
e10
--2
+
++1
++1
1.2.3
1.2.3
1e+
++1
0e
1.2.3
--2
e10
1e+
1ee2
1.2.3
0e
000.e
++1
1e+
1e-
-
+
000.e
.
e10
.
--2
+
0e
1ee2
abc
++1
1e-
e10
1ee2
000.e
e10
1e
000.e
.
.
e10
-
e10
++1
--2
1ee2
-
000.e
abc
1e
++1
1.2.3
1ee2
1e
abc
0e
1e+
++1
+
1.2.3
0e
--2
1ee2
abc
++1
000.e
-
-
1e-
+
1e+
.
1e
e10
000.e
--2
+
000.e
0e
.
--2
1.2.3
1.2.3
e10
1e-
0e
.
1ee2
.
++1
+
e10
++1
1e-
.
1e-
.
1.2.3
1ee2
1e
--2
++1
0e
--2
1e
1e
e10
1e-
1e+
abc
++1
0e
++1
0e
.
1ee2
abc
1e
0e
-
-
-
.
1e+
0e
-
1e-
1e-
.
1ee2
0e
--2
abc
.
++1
1ee2
-
++1
.
1.2.3
++1
0e
0e
+
0e
.
000.e
++1
1.2.3
1e+
+
--2
+
+
.
--2
1ee2
abc
1e
1e
+
1e+
1e-
1e-
-
.
++1
000.e
.
1.2.3
abc
0e
++1
000.e
1e
1e+
e10
1e+
e10
--2
.
1e-
.
--2
-
+
+
-
1ee2
000.e
--2
--2
1e
e10
.
1e+
000.e
0e
1e-
--2
++1
e10
-
1.2.3
1ee2
0e
e10
000.e
1ee2
000.e
1e+
1ee2
1e
1e
1e
1e+
-
e10
+
0e
1e-
1e-
1e+
abc
1e
000.e
++1
+
+
.
+
1.2.3
1e+
++1
000.e
1ee2
--2
+
000.e
000.e
e10
++1
-
1e+
.
.
+
1.2.3
.
abc
--2
.
e10
++1
e10
000.e
1e
1.2.3
++1
-
.
--2
--2
1ee2
+
++1
+
1.2.3
1ee2
--2
-
1e+
1e
abc
000.e
++1
++1
1e-
--2
0e
0e
1e-
.
0e
e10
1e-
0e
abc
-
--2
.
--2
+
1e
.
abc
1.2.3
000.e
1e-
1ee2
--2
1e
1ee2
++1
--2
0e
.
--2
0e
000.e
0e
e10
1.2.3
0e
++1
++1
--2
e10
abc
1e+
1e
0e
.
1e+
1e+
e10
--2
000.e
0e
abc
1e
e10
1e
1e
abc
0e
+
++1
-
abc
000.e
-
1e-
1ee2
000.e
1e
abc
-
.
1e+
++1
+
1e-
-
e10
-
1e
000.e
1.2.3
1.2.3
1e-
1.2.3
0e
-
1ee2
1.2.3
+
abc
000.e
--2
--2
abc
abc
+
0e
--2
--2
1e
1e+
1.2.3
--2
.
1e
0e
1e+
1e+
1.2.3
000.e
.
1e
e10
abc
1ee2
e10
.
1e
.
.
++1
1e-
abc
0e
abc
e10
0e
.
+
000.e
000.e
.
1ee2
abc
e10
--2
1ee2
--2
000.e
+
1.2.3
1e
abc
++1
e10
.
++1
0e
1.2.3
1ee2
1.2.3
0e
000.e
.
0e
1ee2
-
000.e
1.2.3
++1
1.2.3
1e+
.
000.e
1.2.3
1e-
-
1e+
000.e
e10
abc
000.e
1e
abc
e10
++1
-
1ee2
1e-
1ee2
--2
e10
1.2.3
1ee2
+
abc
e10
+
--2
1ee2
1e-
1ee2
-
e10
1e-
e10
000.e
1.2.3
0e
1.2.3
e10
abc
+
0e
-
-
1e
1e-
0e
000.e
1e
abc
.
+
1e
-
1e
1.2.3
1e+
e10
-
1e-
1e+
0e
1e
++1
abc
.
--2
e10
--2
-
1e-
+
1.2.3
1e
abc
1.2.3
++1
abc
1ee2
1.2.3
e10
1.2.3
0e
1e
1e-
abc
+
++1
1ee2
-
1e-
0e
1e+
e10
000.e
1e
+
--2
-
+
1e+
1.2.3
++1
000.e
e10
1e
0e
1e
abc
1e
.
+
000.e
1.2.3
1ee2
1e+
--2
1.2.3
e10
1ee2
1e+
.
1e+
--2
e10
.
+
1e-
0e
1e
.
++1
1.2.3
1.2.3
1e+
1e
++1
-
++1
++1
e10
++1
+
000.e
0e
++1
1ee2
000.e
1ee2
--2
1e
1e
e10
--2
1e
1ee2
+
-
.
1e
.
0e
0e
0e
1e-
0e
-
e10
000.e
1ee2
1e-
abc
--2
e10
1e
1.2.3
000.e
1e-
1.2.3
++1
+
000.e
abc
1e
.
+
++1
-
1e+
000.e
e10
+
1e
1e
1ee2
-
--2
abc
+
1.2.3
1e
1ee2
abc
1e-
1.2.3
0e
e10
-
0e
1e-
-
000.e
0e
1e+
1ee2
-
+
0e
1ee2
1e-
.
0e
000.e
1e+
1e-
1ee2
--2
e10
e10
--2
.
1.2.3
1.2.3
--2
--2
-
1ee2
+
--2
-
1e+
1ee2
1.2.3
-
.
0e
++1
abc
1e+
0e
1.2.3
1.2.3
.
++1
1e+
+
1e
1e+
1ee2
-
abc
++1
abc
--2
0e
--2
1e-
1ee2
--2
.
000.e
+
++1
+
1e+
.
1ee2
--2
000.e
0e
-
1e+
1e+
-
1e+
--2
++1
1.2.3
++1
1ee2
++1
000.e
--2
1e
1e+
000.e
1ee2
1e+
--2
0e
++1
+
--2
-
.
abc
000.e
000.e
.
+
000.e
0e
1e-
1ee2
000.e
1.2.3
1e
e10
++1
e10
1.2.3
.
1e+
1e-
+
1e+
1.2.3
1.2.3
abc
0e
+
-
000.e
e10
000.e
-
1e+
1.2.3
e10
1e+
-
1ee2
.
1e
1e
1e-
abc
++1
abc
000.e
.
+
1.2.3
+
1.2.3
++1
1ee2
-
1e+
1.2.3
1e
000.e
.
--2
e10
--2
.
--2
000.e
1e
abc
1.2.3
-
1e+
1e+
+
--2
1e-
1e
.
0e
+
-
1ee2
1e-
1ee2
+
1.2.3
abc
+
abc
e10
1ee2
1e
++1
1e
1e
1e+
--2
.
abc
1e-
000.e
1e-
.
1e+
1e
0e
0e
+
++1
--2
1e+
+
1e
e10
abc
-
++1
000.e
e10
000.e
000.e
000.e
1e+
1.2.3
1e-
1ee2
1.2.3
+
+
--2
1.2.3
abc
-
0e
1ee2
.
.
1e-
++1
1e
1ee2
e10
0e
1e+
abc
000.e
+
000.e
1ee2
+
.
.
e10
.
1e-
000.e
1e-
1ee2
1.2.3
-
.
--2
-
1e
000.e
1.2.3
++1
.
1e-
++1
-
1e
++1
abc
--2
1e
1.2.3
1e+
000.e
1e-
-
1e+
--2
--2
1.2.3
-
000.e
1e
e10
+
++1
000.e
1e
1e-
1ee2
e10
1.2.3
1e+
.
e10
1e+
--2
.
++1
--2
-
0e
.
1e+
+
0e
-
abc
1ee2
e10
1ee2
--2
e10
0e
--2
e10
1e-
abc
-
+
000.e
0e
--2
0e
abc
1e-
--2
0e
abc
000.e
000.e
1ee2
0e
1e-
abc
e10
-
1e+
.
-
1e+
-
0e
--2
000.e
e10
1.2.3
1e+
1e+
1e
1e+
+
0e
1e
--2
1e+
1e+
000.e
0e
1.2.3
1ee2
1e+
1e-
abc
1.2.3
e10
1e+
--2
000.e
+
1.2.3
abc
++1
abc
0e
+
1.2.3
abc
abc
.
+
e10
--2
1e-
1.2.3
--2
.
e10
1e-
++1
0e
0e
-
0e
.
1ee2
+
0e
+
+
++1
1e
++1
++1
++1
-
abc
+
1e-
.
-
--2
+
abc
.
1ee2
1e
1e
1e
++1
1.2.3
--2
1e
1.2.3
++1
0e
1e-
--2
-
--2
1ee2
1ee2
1e-
e10
0e
++1
1ee2
abc
--2
1e
1ee2
abc
1e
++1
1ee2
abc
.
1ee2
+
1ee2
abc
+
--2
++1
000.e
+
1.2.3
1e
abc
--2
-
--2
abc
1e
1ee2
1e
.
1ee2
1ee2
+
1.2.3
1ee2
1e
.
0e
0e
1.2.3
000.e
++1
abc
+
.
+
1e-
--2
abc
--2
1e
000.e
1e-
1ee2
0e
1e-
1e
0e
.
1e
000.e
e10
e10
e10
1ee2
++1
000.e
1.2.3
++1
--2
000.e
1e
-
1e+
0e
abc
-
e10
.
000.e
1ee2
abc
abc
0e
1ee2
.
000.e
1e
000.e
+
+
1e
1.2.3
1e-
.
++1
abc
.
e10
1ee2
e10
000.e
e10
000.e
.
1ee2
e10
0e
-
1e
1e+
+
000.e
000.e
e10
1ee2
1.2.3
1e-
abc
1e+
0e
1ee2
1e
++1
1.2.3
1e+
+
+
1ee2
.
000.e
1e-
1e
.
.
e10
1e-
0e
0e
.
1.2.3
e10
++1
-
+
e10
abc
0e
1e
1.2.3
0e
e10
1.2.3
1ee2
1.2.3
-
--2
000.e
e10
1e-
1e+
1e-
-
000.e
e10
000.e
1.2.3
1e
abc
abc
e10
1e
--2
1e+
1e
0e
-
-
-
e10
-
000.e
1.2.3
1ee2
1e+
-
-
1.2.3
0e
1.2.3
-
abc
1ee2
000.e
000.e
1e+
abc
-
000.e
1.2.3
++1
-
1.2.3
--2
--2
1ee2
+
e10
abc
++1
000.e
+
--2
1e+
e10
++1
1e+
abc
e10
1e
+
++1
0e
++1
.
--2
abc
1e-
.
--2
-
-
1e-
abc
abc
1e+
0e
000.e
++1
1ee2
.
.
e10
e10
.
1e
1e+
+
.
abc
1e
0e
-
.
abc
--2
1ee2
0e
--2
e10
0e
1e
1e-
+
000.e
--2
++1
0e
--2
++1
abc
abc
abc
1e+
1e-
e10
e10
.
1e
++1
1e+
000.e
e10
+
e10
0e
abc
1e
1e-
0e
e10
e10
-
1e
1e-
.
1ee2
+
0e
1ee2
1ee2
++1
e10
-
.
e10
++1
abc
+
1.2.3
abc
--2
.
1.2.3
e10
1e-
+
000.e
000.e
abc
1e+
abc
++1
1ee2
.
.
1.2.3
000.e
0e
+
1ee2
1.2.3
1e+
0e
1ee2
000.e
000.e
1e
000.e
1e
1ee2
--2
e10
1e+
0e
-
--2
--2
1.2.3
+
1e-
abc
1e-
e10
.
1e
000.e
++1
+
-
abc
1e+
+
.
0e
--2
e10
e10
1e
1e+
+
000.e
e10
-
e10
--2
-
1e-
.
000.e
000.e
-
0e
+
--2
abc
+
1e+
e10
e10
000.e
abc
000.e
1e
1.2.3
0e
-
0e
++1
.
0e
.
--2
0e
.
1e-
.
-
1.2.3
-
0e
abc
.
0e
1.2.3
++1
e10
-
e10
1e
1ee2
.
++1
0e
+
++1
+
++1
1e-
+
.
1.2.3
1e
--2
++1
++1
1.2.3
abc
1e
1e-
++1
--2
e10
--2
1e-
e10
-
++1
0e
+
.
1e+
1.2.3
000.e
0e
+
.
e10
0e
1e+
++1
1.2.3
--2
-
1e+
000.e
1.2.3
1e
1.2.3
abc
1e-
-
-
-
000.e
1.2.3
abc
++1
+
.
1e+
1e+
++1
++1
1.2.3
-
--2
abc
1e+
-
1e-
1e
abc
++1
++1
e10
e10
abc
1e-
1e+
0e
0e
000.e
+
++1
abc
+
abc
.
abc
--2
1ee2
1ee2
1e
abc
e10
1.2.3
1e-
000.e
000.e
e10
1e
1.2.3
1ee2
1ee2
+
e10
e10
e10
+
1e-
1ee2
e10
-
.
--2
1e+
1e+
e10
1ee2
1e-
1.2.3
++1
.
--2
1e
1.2.3
1e
1e+
--2
1.2.3
-
1e-
++1
1ee2
e10
.
++1
1e+
1ee2
abc
1e
+
1e-
1.2.3
000.e
.
.
1e-
0e
.
-
1e-
1e
abc
0e
.
+
1e-
000.e
0e
+
1e+
000.e
0e
0e
000.e
++1
e10
1ee2
+
++1
.
000.e
-
1e-
--2
1.2.3
++1
--2
000.e
-
++1
+
0e
.
0e
000.e
.
-
000.e
abc
1e+
1e
1ee2
abc
000.e
0e
1.2.3
e10
1e+
1.2.3
0e
1e
1e
1e+
1ee2
e10
1e
0e
abc
1ee2
++1
1e
1e+
1ee2
1ee2
--2
1ee2
.
1e-
1e
1e
+
0e
abc
--2
++1
1e+
+
1e
1e+
1e+
0e
-
1e
abc
1e
e10
1.2.3
-
.
1e-
0e
+
-
000.e
1.2.3
-
.
0e
1ee2
1.2.3
1e+
1.2.3
.
1e-
--2
.
.
abc
.
1ee2
e10
++1
1e-
1e-
e10
--2
1e+
1e-
abc
000.e
e10
1e
e10
++1
+
0e
+
1.2.3
1e+
e10
000.e
abc
.
-
-
-
1e-
1e-
.
0e
--2
abc
++1
000.e
0e
1.2.3
+
-
000.e
e10
1e
000.e
1.2.3
e10
--2
-
+
1ee2
1e+
abc
--2
1e+
0e
abc
1e
1e
1e-
--2
+
0e
e10
000.e
1e
abc
0e
-
1e+
-
--2
e10
e10
1e+
+
1ee2
1.2.3
.
+
++1
1ee2
000.e
e10
1ee2
--2
1e-
1ee2
1e
000.e
abc
+
e10
--2
+
abc
abc
+
1e-
1e
e10
000.e
abc
+
--2
-
e10
+
1.2.3
-
--2
e10
.
000.e
abc
++1
++1
.
++1
1e
.
1ee2
e10
1ee2
++1
--2
1e+
e10
-
-
-
-
1e-
1e
1e+
.
+
1ee2
abc
1.2.3
1e+
1e-
+
1e-
1ee2
1e+
++1
1e
1e-
1ee2
0e
1.2.3
1.2.3
++1
-
1ee2
e10
1e
e10
1e-
000.e
1ee2
.
--2
000.e
1e+
+
1ee2
0e
1e-
-
1.2.3
1e+
abc
1.2.3
++1
1.2.3
000.e
1e
0e
+
.
abc
1e-
+
abc
1e+
0e
e10
1e-
0e
-
.
--2
.
1ee2
000.e
1e-
0e
1ee2
.
abc
1e-
000.e
.
000.e
abc
+
.
1e+
--2
+
abc
1e+
.
1.2.3
+
++1
1e-
+
000.e
000.e
abc
1ee2
--2
++1
abc
1e
e10
abc
-
abc
e10
1.2.3
0e
0e
000.e
abc
1ee2
1.2.3
+
++1
.
1e-
.
1e-
--2
+
0e
0e
1ee2
000.e
e10
1.2.3
1ee2
abc
e10
1ee2
1e
1ee2
1e-
1e+
++1
abc
e10
-
-
1e-
1e+
1e+
1ee2
000.e
.
++1
000.e
1e-
abc
.
.
++1
+
1e+
--2
e10
0e
e10
000.e
abc
1e-
1e
000.e
000.e
+
--2
1e-
+
-
1e
.
1e+
-
1.2.3
000.e
+
+
++1
+
0e
1ee2
1e+
--2
1e
1ee2
1e
abc
-
000.e
+
0e
-
1e
abc
1e
--2
+
.
abc
1e-
.
abc
0e
e10
1.2.3
abc
-
1.2.3
e10
-
-
000.e
++1
0e
0e
1ee2
-
1ee2
1ee2
.
+
--2
1.2.3
+
000.e
abc
e10
--2
1e-
-
0e
-
1e
-
1e
000.e
abc
1e+
0e
.
1ee2
+
1e-
000.e
++1
.
1ee2
abc
1e+
.
1e-
++1
1ee2
1ee2
1ee2
.
abc
1e-
abc
1e+
1e-
1e-
1e-
-
++1
abc
--2
.
+
+
-
+
--2
-
--2
1e+
-
e10
e10
--2
1e+
abc
++1
1e
0e
1.2.3
1e-
e10
++1
-
+
abc
+
e10
1e
++1
1e
1e+
++1
--2
++1
++1
abc
1.2.3
++1
000.e
1.2.3
1e
1ee2
-
-
1e+
1e-
000.e
e10
1e-
+
1e
000.e
1ee2
1ee2
--2
-
000.e
1e+
+
+
1e+
.
1e
+
1ee2
1ee2
0e
-
1e+
e10
-
0e
1e+
000.e
1e
1e
.
-
0e
.
1.2.3
1e-
++1
1e+
0e
-
1e-
1e+
0e
abc
1e+
-
1ee2
+
1e
abc
e10
-
-
1.2.3
++1
0e
-
1.2.3
--2
e10
e10
--2
e10
-
1e
++1
.
++1
.
++1
.
1e-
e10
abc
000.e
1e-
1e-
0e
1e+
1e-
1.2.3
e10
++1
1e
e10
1e-
.
0e
abc
e10
1e
abc
abc
-
000.e
.
e10
1e+
1.2.3
1e+
e10
1.2.3
1ee2
e10
.
++1
1e-
-
1ee2
1.2.3
e10
abc
+
1e-
abc
.
0e
1.2.3
++1
1e-
0e
1e+
0e
1e-
1e-
++1
--2
abc
abc
.
++1
--2
--2
1e
1e
e10
1e+
1.2.3
1e+
1.2.3
1e-
1ee2
+
+
-
1e+
-
++1
abc
+
1e-
1ee2
000.e
000.e
.
e10
1ee2
1e+
1e+
++1
000.e
1ee2
1e
.
-
1e
abc
0e
+
1.2.3
--2
000.e
-
--2
abc
1e
++1
--2
1.2.3
+
.
++1
.
1ee2
1e
abc
000.e
++1
--2
000.e
000.e
.
000.e
0e
--2
--2
0e
--2
.
1e+
1.2.3
1ee2
000.e
1.2.3
1e-
abc
1ee2
1ee2
e10
++1
1ee2
1.2.3
e10
1ee2
1.2.3
1ee2
e10
0e
1e-
.
abc
1e-
1.2.3
+
e10
abc
1e-
++1
++1
1e-
1e+
e10
1.2.3
1ee2
1e+
1.2.3
1ee2
1e+
--2
e10
000.e
0e
abc
abc
--2
e10
-
1e+
000.e
abc
-
e10
1e-
--2
e10
+
e10
1ee2
-
1e
-
--2
1e-
1e
1ee2
000.e
++1
000.e
++1
--2
-
++1
-
1e-
1e
1.2.3
++1
000.e
1ee2
1e+
++1
0e
.
0e
1ee2
+
.
1e+
1ee2
-
000.e
1.2.3
++1
0e
1e-
1e+
++1
-
1e
1e+
1ee2
--2
1.2.3
++1
.
000.e
1.2.3
.
++1
1e
++1
1e+
1ee2
e10
000.e
0e
1e-
000.e
--2
-
000.e
1e
0e
1e
1e+
+
+
1e+
1e-
e10
-
.
+
000.e
++1
--2
0e
0e
1e-
++1
-
0e
e10
000.e
abc
e10
.
+
e10
1e
000.e
0e
abc
1e-
abc
--2
.
.
++1
000.e
++1
abc
.
+
1e
1e-
-
++1
1e
0e
++1
1.2.3
1e
--2
000.e
+
1e-
000.e
1e-
--2
abc
-
.
1e+
1e
000.e
1e+
1.2.3
1e-
+
+
0e
1ee2
e10
1.2.3
1.2.3
e10
1.2.3
abc
+
1e-
++1
0e
1ee2
++1
1e+
1ee2
++1
1e-
e10
abc
e10
1.2.3
1ee2
1ee2
1ee2
1e-
abc
-
0e
-
1ee2
1e
1e-
++1
1e+
abc
0e
1e-
1e+
--2
1e-
1e+
.
.
1e-
--2
abc
1e
1e
++1
-
000.e
e10
+
++1
000.e
-
.
.
+
-
abc
+
e10
e10
1e+
0e
.
--2
1e+
++1
1.2.3
000.e
1ee2
0e
1.2.3
1ee2
1e
abc
1e
1e
--2
1e
1.2.3
1ee2
e10
1ee2
+
abc
abc
1e-
000.e
1e
.
1e
.
-
.
.
++1
.
1.2.3
abc
++1
+
1e+
.
++1
-
1e+
1.2.3
0e
++1
+
1e+
1e-
--2
000.e
+
000.e
abc
1e
.
-
+
+
1e+
+
e10
.
1ee2
.
-
1e-
--2
1.2.3
000.e
1e
0e
1e
1e+
+
1e
-
+
+
1e+
1e-
1e+
++1
e10
1ee2
abc
0e
-
1e-
1e+
+
1e-
-
000.e
e10
.
000.e
abc
1e
abc
000.e
1e+
1ee2
-
+
--2
1e-
.
0e
000.e
--2
0e
1.2.3
0e
1ee2
1.2.3
0e
1ee2
1e+
abc
000.e
0e
+
e10
1ee2
0e
0e
--2
1.2.3
1e-
++1
abc
1ee2
0e
1.2.3
1e-
-
--2
-
1e
1e+
abc
1e
e10
1e-
1e
1e
000.e
1.2.3
-
1e-
1e-
1e
e10
-
--2
+
-
1ee2
e10
000.e
++1
1e-
1e+
+
1.2.3
--2
--2
000.e
-
abc
.
1e+
.
1e-
1e
1ee2
-
+
e10
abc
e10
--2
1.2.3
.
1.2.3
1ee2
1e+
1e+
1e
--2
1e+
++1
1e
000.e
1e-
+
1.2.3
--2
1e
0e
+
1.2.3
1ee2
--2
1e+
+
abc
1ee2
+
1e+
1e+
1.2.3
+
1ee2
e10
--2
1.2.3
abc
1ee2
1e
--2
1.2.3
1e
--2
-
000.e
++1
0e
e10
e10
.
-
000.e
1.2.3
0e
1e
000.e
--2
-
.
--2
1e-
0e
.
-
+
1.2.3
-
-
-
1.2.3
1e+
-
++1
1.2.3
1e
1e
0e
1e+
1e+
0e
1e-
abc
0e
0e
e10
000.e
-
0e
abc
++1
++1
1.2.3
e10
1e+
e10
1e+
++1
1.2.3
1e-
++1
1ee2
1ee2
e10
e10
+
+
+
0e
--2
1e
-
--2
e10
0e
1e-
1e
--2
+
e10
e10
1e+
.
0e
.
000.e
+
--2
--2
--2
abc
abc
-
.
000.e
-
1e+
++1
1e-
1.2.3
0e
++1
--2
e10
1ee2
e10
--2
++1
1e+
1e-
+
++1
1ee2
1.2.3
-
.
--2
.
.
1.2.3
1e
abc
++1
1ee2
1e
++1
1e
--2
000.e
000.e
1ee2
--2
e10
+
++1
+
--2
--2
+
++1
000.e
000.e
1e-
1ee2
1e+
.
-
1.2.3
.
abc
.
e10
-
1e+
--2
--2
1.2.3
000.e
.
1e-
--2
-
1e-
1e
1e+
1e
-
1e+
1e
1e-
1ee2
.
1.2.3
1e+
+
1e-
000.e
000.e
1ee2
0e
1ee2
--2
1e+
--2
-
abc
000.e
1.2.3
e10
abc
1e
0e
1e
1ee2
-
++1
++1
++1
.
000.e
1ee2
1ee2
000.e
++1
0e
0e
abc
1e
++1
-
1.2.3
0e
.
--2
1.2.3
.
.
1ee2
e10
+
000.e
--2
1ee2
.
--2
1.2.3
1e
000.e
.
000.e
.
000.e
e10
1e+
1e+
e10
1e
1e-
e10
000.e
+
-
1.2.3
1.2.3
1.2.3
1e-
0e
-
--2
--2
+
1e+
abc
-
+
abc
1e
e10
1e+
000.e
1e+
--2
e10
--2
1ee2
1e-
abc
++1
+
0e
1e-
1e+
abc
+
1e+
1e-
0e
000.e
--2
+
-
.
1.2.3
abc
-
1ee2
1ee2
1e-
1e
e10
1e-
-
000.e
++1
0e
--2
+
1ee2
1e
.
1e
0e
++1
1e
.
++1
-
++1
e10
--2
-
++1
000.e
1ee2
1ee2
++1
1e-
e10
000.e
++1
-
--2
0e
1e+
0e
1e+
1ee2
1e-
1e+
-
1e+
abc
.
1ee2
abc
000.e
1e+
1.2.3
--2
1e+
+
++1
+
-
+
0e
++1
--2
1.2.3
abc
+
.
++1
1e+
1ee2
e10
abc
--2
1e
1e+
1ee2
000.e
-
1.2.3
1.2.3
abc
-
+
.
abc
.
++1
e10
000.e
0e
abc
1e
-
--2
e10
1e
++1
1.2.3
abc
-
abc
1e
1ee2
1e
abc
e10
1.2.3
1e-
abc
-
e10
0e
1e+
1e+
1.2.3
--2
+
1e
e10
1e-
e10
--2
+
-
-
1e
-
++1
1e+
1e+
+
1e-
1.2.3
abc
1.2.3
-
e10
1.2.3
+
abc
1ee2
++1
1.2.3
1e-
++1
1e
.
1e-
000.e
e10
-
0e
1e-
1e
-
-
1ee2
e10
.
1.2.3
1.2.3
e10
abc
1.2.3
.
1ee2
--2
1.2.3
1e
1e+
e10
--2
1ee2
abc
abc
e10
abc
-
e10
000.e
--2
-
abc
-
--2
0e
1.2.3
.
e10
000.e
000.e
1e
1e
1e+
1e+
+
0e
e10
e10
.
-
1e-
+
1e+
+
+
1e+
1e
-
e10
++1
1ee2
+
1e-
1e
++1
1ee2
.
.
1.2.3
e10
1ee2
000.e
++1
abc
-
+
0e
abc
1ee2
++1
1e-
0e
1e-
1e+
1e
1.2.3
--2
++1
++1
e10
1ee2
1e
+
e10
abc
000.e
1e+
0e
.
.
1ee2
.
--2
1e-
1e+
1ee2
1ee2
1e
--2
0e
.
1e+
1ee2
++1
abc
1ee2
1e
1e-
-
1e
000.e
--2
+
000.e
e10
1ee2
+
++1
1e
0e
1e+
1e
++1
.
-
-
++1
1.2.3
+
abc
000.e
1.2.3
++1
1e
e10
1.2.3
.
000.e
+
1e
1e
1ee2
0e
0e
1e+
.
.
--2
1e+
1ee2
1ee2
0e
-
1e+
0e
1e+
e10
1e-
1e
--2
--2
.
e10
0e
1e-
1ee2
0e
.
000.e
abc
-
1e+
abc
0e
000.e
.
000.e
abc
++1
++1
1e
0e
.
--2
1e-
1e+
1ee2
0e
+
-
1ee2
+
--2
1e
1ee2
000.e
1e
1e-
-
0e
1.2.3
-
1ee2
0e
1e+
1.2.3
000.e
e10
1ee2
+
e10
000.e
1e+
1ee2
++1
-
+
e10
abc
abc
1e+
1.2.3
e10
1e
000.e
1.2.3
0e
.
++1
.
000.e
+
000.e
1e
1e+
1e+
+
1.2.3
++1
+
1e+
-
1e
1e+
abc
-
e10
000.e
-
000.e
-
++1
+
++1
1ee2
1.2.3
+
++1
1ee2
+
+
-
.
1.2.3
e10
000.e
++1
1e+
1e
++1
+
1ee2
abc
0e
--2
1e
1ee2
--2
abc
++1
-
--2
1e+
e10
0e
+
000.e
e10
1.2.3
1ee2
++1
1e
1ee2
--2
.
1.2.3
-
1.2.3
1ee2
+
--2
-
++1
abc
1e+
.
-
abc
.
1e
abc
abc
-
000.e
1ee2
1.2.3
0e
--2
1.2.3
e10
-
1e+
+
.
abc
e10
1ee2
1e-
1e+
1e-
1.2.3
.
1e+
-
000.e
0e
1.2.3
1e+
.
.
+
1e
1e
-
--2
e10
1e-
+
++1
1e
abc
e10
000.e
-
1e
1ee2
--2
1.2.3
.
1ee2
-
000.e
+
1e-
+
1ee2
-
.
--2
1ee2
1e
1e-
000.e
1e+
1e-
--2
1ee2
++1
1ee2
-
0e
1ee2
1.2.3
1.2.3
1e
-
e10
000.e
.
1ee2
0e
1ee2
.
1.2.3
abc
000.e
0e
1e
1e+
++1
abc
1ee2
1e-
++1
1.2.3
1e
abc
1e+
++1
1e-
.
1e+
0e
.
--2
000.e
0e
e10
abc
0e
++1
1.2.3
1e
000.e
1e-
--2
000.e
.
-
+
1e
1e+
0e
e10
--2
0e
+
-
--2
-
1.2.3
1ee2
abc
0e
-
+
1.2.3
1e-
--2
000.e
abc
0e
1e+
.
000.e
1ee2
abc
-
0e
000.e
++1
--2
1e
000.e
1e
1e-
.
-
--2
e10
1ee2
000.e
-
++1
++1
.
1ee2
000.e
--2
0e
-
++1
1.2.3
--2
--2
e10
1e+
000.e
--2
1.2.3
1.2.3
++1
000.e
-
abc
1.2.3
.
++1
abc
1e-
-
1e-
1e+
1.2.3
0e
1ee2
1e
-
0e
-
+
.
1ee2
.
1e
1.2.3
1e+
1e+
-
1e+
-
.
-
+
e10
--2
1e+
1e-
--2
--2
1.2.3
e10
1.2.3
1e+
1e-
--2
-
1ee2
1ee2
1e+
++1
1.2.3
.
+
1ee2
e10
1e
1ee2
1ee2
1.2.3
++1
1e-
--2
1ee2
-
++1
1ee2
.
1e+
000.e
.
1.2.3
1.2.3
1e+
0e
1e+
0e
1.2.3
1.2.3
0e
0e
e10
.
1e+
.
+
abc
++1
1e+
abc
0e
+
e10
1ee2
.
0e
1.2.3
1ee2
e10
-
e10
000.e
--2
e10
++1
0e
1e
abc
1e
1e
+
e10
1.2.3
e10
-
e10
-
abc
-
+
++1
+
1e-
1ee2
e10
--2
++1
--2
0e
1ee2
e10
e10
+
++1
+
+
++1
.
1ee2
1e+
1e-
1e
-
1.2.3
abc
000.e
--2
1.2.3
0e
--2
1.2.3
abc
++1
e10
abc
1e+
e10
0e
1e
000.e
1.2.3
0e
1.2.3
abc
abc
+
abc
000.e
-
0e
-
abc
--2
1e-
0e
0e
.
abc
.
000.e
++1
+
abc
.
0e
abc
1e
--2
--2
000.e
.
--2
-
1ee2
++1
000.e
1.2.3
1e+
--2
.
-
000.e
e10
abc
++1
--2
1e
--2
1ee2
0e
abc
--2
.
1e
1e
1e
abc
++1
-
-
.
1e+
1e-
1e
1.2.3
-
e10
1e+
1ee2
e10
abc
.
abc
1e+
0e
1ee2
0e
000.e
1e-
+
1ee2
1ee2
1e
000.e
1e+
e10
++1
0e
1.2.3
1e
0e
++1
1e
1ee2
1e
000.e
--2
1e-
e10
1e+
--2
1ee2
-
+
0e
-
1.2.3
1ee2
1e-
0e
++1
1e-
abc
000.e
000.e
.
e10
--2
+
0e
.
0e
1e+
e10
1.2.3
1e+
000.e
000.e
abc
++1
abc
.
1e
1e
1ee2
1e
1e+
+
e10
--2
1e+
-
-
++1
1ee2
.
1.2.3
1e
1.2.3
+
1e
000.e
abc
000.e
1.2.3
000.e
0e
++1
++1
0e
000.e
abc
+
1ee2
000.e
1e
e10
++1
+
000.e
.
++1
+
1ee2
000.e
abc
--2
000.e
1e-
--2
1ee2
.
++1
+
--2
1.2.3
000.e
1ee2
--2
--2
e10
1.2.3
abc
1.2.3
+
1.2.3
0e
-
.
abc
0e
1e+
1e
000.e
.
++1
--2
-
abc
abc
1ee2
+
-
1ee2
e10
.
0e
1e+
000.e
000.e
-
++1
000.e
1e
abc
+
++1
0e
abc
0e
e10
.
--2
1e
.
--2
--2
000.e
e10
-
-
.
-
1e+
1e-
1e+
1e
.
+
1.2.3
+
--2
1e
0e
++1
-
+
1e
0e
.
+
abc
1e+
1e-
.
1e-
1e
--2
1.2.3
++1
-
e10
1e-
1.2.3
+
abc
000.e
0e
--2
-
.
++1
1e-
++1
1e+
++1
-
000.e
1ee2
1e-
1ee2
1ee2
+
.
e10
1ee2
.
1.2.3
1e
.
1e-
1.2.3
1.2.3
--2
1ee2
1e
-
--2
1e+
1ee2
1e
1e+
abc
1ee2
000.e
abc
-
+
+
1e
.
.
.
--2
1.2.3
1e-
000.e
1e
-
--2
1e+
000.e
--2
.
1ee2
0e
1e-
000.e
000.e
1e
1e
0e
1.2.3
1.2.3
1ee2
abc
1e
++1
1e+
1e
abc
++1
+
000.e
1e
-
+
.
1e
1e-
1ee2
++1
1e
++1
abc
1e
1e+
1.2.3
1.2.3
--2
abc
1ee2
1e+
1e+
1.2.3
0e
000.e
++1
--2
--2
1e
--2
++1
e10
e10
000.e
++1
++1
--2
1e+
1e+
--2
0e
1e
0e
1ee2
.
000.e
.
-
1e
-
1ee2
e10
1e
000.e
.
--2
+
1e+
1e+
0e
1e+
.
000.e
1e
1e+
+
1ee2
0e
1e+
abc
1e
1ee2
000.e
--2
1ee2
e10
1.2.3
+
++1
--2
000.e
000.e
1e-
.
--2
1e+
1e
abc
+
e10
1e
1e+
000.e
1e-
abc
.
000.e
1.2.3
0e
0e
-
.
1ee2
1.2.3
1e-
-
e10
1.2.3
000.e
1e
.
1.2.3
.
1.2.3
000.e
+
e10
1ee2
--2
0e
1ee2
1ee2
1e+
e10
.
.
++1
1e-
0e
++1
+
1e+
0e
1e+
.
-
1e-
1e
000.e
1ee2
1e+
++1
abc
1.2.3
--2
+
1e+
1ee2
.
++1
--2
+
--2
+
1e
e10
-
0e
++1
e10
-
0e
-
+
abc
e10
1ee2
000.e
--2
1e
--2
++1
++1
+
+
+
+
+
1e
-
1e-
+
0e
000.e
1.2.3
e10
1e+
++1
0e
1.2.3
0e
abc
1e
abc
--2
0e
1e-
.
000.e
abc
1e-
abc
1e-
.
1.2.3
0e
++1
1ee2
abc
+
e10
1e
.
+
1ee2
1e
e10
1e-
++1
000.e
1e
--2
1e-
1e-
0e
1e-
-
+
-
++1
1e
1e
1.2.3
1e
--2
abc
e10
-
-
1e
1ee2
.
++1
e10
1e
.
1e
abc
0e
0e
--2
.
+
e10
1ee2
1e
++1
abc
+
000.e
0e
1e
1ee2
1e+
1.2.3
++1
0e
1e-
1.2.3
1e
abc
.
1e
e10
1.2.3
+
.
1ee2
-
1ee2
--2
1e+
1ee2
++1
e10
-
abc
abc
++1
1e-
.
+
1.2.3
1e
1e
+
++1
-
--2
1e-
000.e
e10
.
.
1e-
e10
.
1e-
1ee2
000.e
.
.
1ee2
1e
--2
+
--2
1e
-
000.e
-
++1
000.e
-
--2
1e-
+
abc
.
1.2.3
abc
1ee2
1e-
1e+
1.2.3
1e+
1ee2
+
1e
e10
e10
+
0e
1e
abc
1e+
000.e
+
+
-
--2
+
000.e
1e
000.e
1e
1e+
1.2.3
.
0e
000.e
e10
1.2.3
abc
+
--2
++1
--2
++1
+
1.2.3
1.2.3
1e
1e+
.
1ee2
++1
--2
e10
1.2.3
e10
1.2.3
1e-
+
1e+
-
1.2.3
1ee2
1e-
1.2.3
1.2.3
1ee2
--2
e10
-
.
1e-
0e
-
1e+
1e+
.
1e+
e10
0e
-
--2
+
--2
e10
++1
1e
000.e
e10
.
--2
1e
1ee2
-
1e-
1.2.3
.
.
0e
++1
1e
.
1e-
-
.
1ee2
abc
abc
0e
+
1e+
0e
0e
0e
--2
000.e
.
1e+
++1
-
0e
000.e
000.e
1e+
++1
1ee2
1ee2
1e-
1e
.
1e-
e10
abc
e10
1e+
1e
1e
e10
1e
abc
000.e
1e+
+
1ee2
1ee2
abc
1e+
1.2.3
1ee2
1e-
abc
+
000.e
++1
+
000.e
1e-
1e-
1.2.3
1e+
abc
e10
0e
000.e
--2
.
0e
.
--2
1e-
0e
-
e10
1e-
1.2.3
1ee2
0e
--2
1.2.3
0e
1e
1e+
e10
1ee2
e10
1e-
0e
0e
000.e
--2
1.2.3
abc
1e
0e
000.e
abc
000.e
1ee2
000.e
--2
e10
+
0e
1ee2
++1
+
+
1ee2
++1
.
1e+
.
++1
-
abc
0e
--2
1ee2
0e
e10
1e+
000.e
.
--2
abc
0e
1e+
++1
--2
-
.
+
++1
++1
1e-
1e+
+
.
1.2.3
++1
1e
1e
0e
.
1e+
1ee2
0e
-
-
000.e
++1
1e
1e-
--2
-
1e-
e10
+
.
.
1e+
--2
+
1e-
1.2.3
1e
abc
+
e10
abc
.
abc
1e
1e+
--2
--2
abc
1ee2
1e-
1e
1e
++1
--2
1ee2
1e+
1e
1e+
1e+
+
abc
1.2.3
++1
--2
1e-
+
-
e10
1e-
abc
1e+
0e
e10
+
e10
1ee2
1e-
abc
-
1e
.
1e-
abc
1e+
.
e10
0e
--2
1e
1.2.3
1e
000.e
1ee2
++1
++1
abc
e10
1e-
1e+
1ee2
.
0e
1e-
-
.
abc
1e+
-
1e
+
1.2.3
+
1e-
1.2.3
e10
e10
1e
0e
1e+
1ee2
+
abc
000.e
1e+
abc
000.e
1e-
000.e
1.2.3
1e
abc
0e
--2
1e+
abc
--2
--2
--2
++1
1e+
0e
-
1ee2
0e
e10
abc
e10
e10
++1
000.e
000.e
1e
1e+
1.2.3
1e
1ee2
1e+
1e-
++1
1.2.3
-
0e
0e
1e+
1e+
--2
abc
abc
1e-
abc
1.2.3
1e-
--2
1e+
0e
1e
abc
.
-
-
+
1ee2
.
abc
.
abc
0e
--2
--2
1e
1ee2
abc
++1
1e+
-
-
.
e10
000.e
1e+
+
1.2.3
.
1e
1e-
1e
abc
1.2.3
1ee2
++1
1.2.3
000.e
++1
1e+
e10
1ee2
-
-
1ee2
1e
1e
e10
1e
1.2.3
-
1e-
e10
.
--2
--2
--2
1e+
--2
0e
1e
1e+
--2
abc
++1
1e+
1e+
1.2.3
abc
-
000.e
1.2.3
--2
1e-
abc
000.e
e10
1e
abc
.
1e+
++1
000.e
1ee2
000.e
--2
1.2.3
abc
-
1e-
e10
1.2.3
e10
+
+
1e
1ee2
1e-
1ee2
1.2.3
1e
.
0e
-
1e
1e-
abc
1ee2
abc
000.e
1.2.3
1e-
1ee2
1.2.3
-
1e
0e
0e
abc
0e
0e
--2
1.2.3
abc
1ee2
000.e
+
000.e
e10
1ee2
1e+
e10
--2
1e
1e
.
000.e
abc
abc
1.2.3
000.e
1e+
1e
-
e10
1e-
1.2.3
1ee2
000.e
000.e
0e
--2
000.e
1.2.3
1e-
000.e
.
.
-
abc
1e+
+
++1
e10
++1
++1
e10
++1
1e+
1.2.3
-
++1
000.e
abc
1e
1e
++1
1ee2
e10
-
000.e
1.2.3
++1
--2
.
000.e
e10
1.2.3
abc
e10
abc
e10
1.2.3
1ee2
1ee2
-
--2
1.2.3
+
000.e
.
-
+
++1
--2
-
0e
1e-
1e+
1e-
+
e10
1e+
1.2.3
e10
abc
++1
1e-
1e-
1e
1.2.3
abc
e10
e10
1e-
e10
1e
1e-
1e
1e-
abc
1.2.3
abc
e10
1e
0e
1e
abc
-
e10
+
1ee2
1e
1e+
++1
1e+
1e+
1e-
+
e10
.
1.2.3
e10
1ee2
.
1e
-
+
0e
abc
--2
0e
1e
++1
1e-
1ee2
-
000.e
abc
000.e
000.e
.
e10
1e+
1e
abc
.
+
.
abc
e10
1e
1e+
+
1e+
1e-
1e
.
1ee2
+
e10
1e-
abc
abc
1e+
e10
1.2.3
e10
1ee2
1e
-
abc
1e+
e10
1e-
0e
1e-
abc
0e
-
++1
1e+
++1
++1
++1
--2
+
++1
e10
1e-
-
1.2.3
000.e
++1
1e-
e10
1e
abc
abc
1e
abc
+
+
-
++1
-
abc
1e+
e10
.
1e+
.
1e+
1e
1e-
++1
e10
.
1e+
1e+
1.2.3
1.2.3
--2
000.e
1e
1.2.3
e10
e10
.
1ee2
1e+
1ee2
e10
1e+
000.e
1ee2
1e+
1.2.3
--2
.
0e
abc
-
000.e
-
1e
1ee2
000.e
1e+
+
-
1.2.3
1.2.3
abc
e10
1e
-
0e
.
0e
1ee2
++1
abc
abc
+
e10
000.e
1e+
--2
1ee2
++1
--2
--2
0e
0e
.
1.2.3
0e
1e+
++1
1e
1e+
1e-
--2
-
-
000.e
1e
1.2.3
--2
1e-
1e
--2
0e
--2
1e+
000.e
.
000.e
abc
++1
1e+
1.2.3
1e
1e
1.2.3
++1
-
1.2.3
0e
--2
++1
e10
-
0e
1.2.3
e10
1.2.3
1ee2
1e
0e
abc
1e
abc
1.2.3
0e
0e
--2
1ee2
000.e
0e
-
e10
--2
.
e10
e10
1ee2
-
--2
e10
1e+
--2
1e+
-
000.e
1e
.
e10
+
+
1.2.3
abc
1.2.3
1e-
1e-
.
++1
1ee2
000.e
1e+
.
1e
e10
0e
-
1.2.3
1e+
e10
000.e
.
1e-
.
1.2.3
1e
e10
1ee2
1ee2
++1
0e
--2
0e
1.2.3
++1
1e+
e10
abc
1ee2
+
e10
1e
-
++1
++1
1e
abc
1ee2
1e
--2
abc
1ee2
e10
++1
1ee2
0e
1ee2
1e
+
.
1.2.3
--2
--2
1e
0e
++1
-
1e+
e10
0e
abc
--2
+
1e-
-
++1
1ee2
0e
000.e
0e
1.2.3
1e-
-
.
1e
e10
0e
1.2.3
e10
1.2.3
1e-
-
1e
abc
1e
++1
e10
1.2.3
--2
0e
1.2.3
1e-
0e
-
abc
1e+
1.2.3
0e
0e
0e
000.e
1e
+
000.e
000.e
abc
1e+
-
1e
-
1.2.3
--2
++1
-
000.e
1.2.3
abc
1e-
abc
-
++1
1.2.3
1e+
000.e
++1
1.2.3
1.2.3
1.2.3
1e-
e10
e10
0e
.
0e
e10
1.2.3
--2
--2
+
000.e
1.2.3
0e
+
+
-
e10
--2
1.2.3
-
--2
1ee2
--2
1e
--2
1e+
1e-
-
1ee2
.
0e
++1
+
1e-
1e-
abc
abc
abc
0e
1.2.3
000.e
-
+
+
0e
1e
.
1.2.3
000.e
1.2.3
-
++1
++1
-
000.e
+
.
--2
--2
1e+
1e+
1.2.3
1e
1e
000.e
1e+
1e-
1.2.3
-
1e
0e
.
++1
1ee2
--2
.
1.2.3
--2
1e-
1e-
e10
++1
000.e
e10
000.e
1e+
+
abc
+
--2
abc
0e
1e+
-
.
1e+
1e-
--2
abc
e10
--2
1.2.3
+
000.e
000.e
e10
--2
1e-
+
-
e10
0e
-
1e
1ee2
+
1e
000.e
1e+
1ee2
.
1.2.3
--2
abc
-
abc
0e
.
abc
.
1e
1e-
-
+
+
++1
0e
.
0e
1ee2
++1
1ee2
1e+
1e
.
abc
000.e
.
1e+
1ee2
1e+
-
0e
1.2.3
1e
.
0e
e10
e10
000.e
000.e
abc
abc
--2
0e
1e-
000.e
1e
.
.
1.2.3
1e
-
1e-
+
0e
1e-
--2
1.2.3
1ee2
+
e10
--2
-
1ee2
0e
0e
0e
abc
-
.
0e
0e
abc
.
+
.
1e
1e
abc
e10
++1
-
--2
abc
.
1.2.3
--2
--2
1.2.3
1e
+
e10
0e
.
--2
+
.
000.e
--2
0e
1e-
-
--2
.
1e+
1.2.3
.
abc
++1
--2
--2
--2
--2
1e+
1e-
-
0e
1ee2
++1
-
-
1e-
1ee2
+
e10
abc
+
++1
++1
1ee2
++1
1e+
1e+
1e+
e10
1.2.3
++1
1e
1.2.3
000.e
--2
0e
0e
0e
1e-
0e
1ee2
e10
-
1.2.3
.
1e+
1e-
1ee2
--2
abc
--2
--2
0e
1.2.3
1e+
1e
++1
1e-
0e
1e-
+
1e+
+
--2
-
.
+
+
+
+
1.2.3
000.e
++1
1e+
1ee2
1e
1e+
.
1e+
1ee2
e10
e10
1e-
.
1e
0e
000.e
1.2.3
--2
abc
0e
1ee2
1e-
1ee2
--2
.
000.e
--2
abc
-
1.2.3
++1
1.2.3
1.2.3
1e-
1.2.3
0e
-
1e
1e
000.e
--2
-
1.2.3
.
1ee2
.
1e
abc
--2
.
1e+
0e
+
e10
1e
+
+
+
1e
abc
+
1e-
0e
1e+
abc
1.2.3
-
1e+
1ee2
e10
++1
1e+
000.e
abc
--2
++1
--2
1e
-
++1
1ee2
1e+
1e-
.
++1
1.2.3
abc
.
-
1.2.3
--2
e10
e10
1e+
+
-
0e
1e+
1e-
abc
++1
1e-
1e-
-
e10
1e+
+
1.2.3
1ee2
1.2.3
1e-
1e+
1e-
--2
e10
0e
abc
--2
1e+
+
1.2.3
1ee2
-
.
000.e
abc
--2
1e+
e10
abc
1e+
1e
--2
1ee2
1e-
1ee2
0e
1.2.3
-
e10
.
1e-
.
1e
1e
000.e
1e-
1e-
0e
abc
000.e
+
.
1ee2
++1
e10
1e+
+
1ee2
000.e
e10
--2
abc
.
1e+
1ee2
1e+
++1
1e
e10
-
e10
abc
abc
e10
.
.
1e-
abc
e10
1ee2
0e
-
1e-
e10
e10
1.2.3
1e
1e-
1e-
-
-
+
1e-
1.2.3
-
.
1e+
1.2.3
1e+
abc
1e-
+
-
.
--2
abc
e10
1e
1.2.3
0e
+
e10
1e+
000.e
e10
--2
1e+
1ee2
1ee2
--2
-
1.2.3
.
1.2.3
-
1ee2
1e
000.e
-
.
1e
++1
1ee2
++1
1e
-
1.2.3
-
1e-
-
1ee2
.
1e+
++1
1e
-
abc
--2
1ee2
0e
++1
1ee2
--2
.
.
000.e
+
++1
1e+
1.2.3
0e
000.e
1ee2
+
1ee2
0e
1.2.3
1e
0e
.
0e
000.e
.
+
1e-
1ee2
--2
1e
++1
++1
1e+
000.e
-
1e
+
.
0e
++1
1e
1e
1e
000.e
1ee2
1ee2
000.e
000.e
1.2.3
--2
e10
0e
-
.
-
1.2.3
abc
1e
000.e
000.e
+
0e
1e
0e
abc
1.2.3
e10
1e+
1e
000.e
1.2.3
e10
e10
0e
e10
--2
1e+
1e+
abc
-
000.e
1.2.3
1e
++1
abc
++1
0e
abc
abc
1e
1.2.3
1ee2
--2
1ee2
000.e
.
abc
1.2.3
0e
000.e
1e
--2
1e-
.
-
.
000.e
-
000.e
-
abc
1e+
++1
0e
1e+
1ee2
1e
++1
e10
+
1e+
-
1e+
1e-
1ee2
1ee2
0e
-
-
++1
--2
1.2.3
1.2.3
++1
1e-
e10
1e-
e10
+
0e
++1
+
000.e
0e
1.2.3
++1
+
1ee2
++1
000.e
1.2.3
e10
1e-
abc
.
++1
+
1e
000.e
++1
.
000.e
1e-
1e-
1e
e10
+
1e+
0e
1e
000.e
+
1e+
1ee2
1ee2
-
abc
1e+
+
.
0e
1e+
e10
+
-
000.e
e10
e10
1ee2
e10
1e-
1e+
-
-
+
1.2.3
.
abc
0e
1e
++1
.
1e+
--2
--2
++1
1e-
1.2.3
-
0e
++1
--2
--2
++1
1e+
--2
1e+
000.e
1.2.3
--2
--2
+
++1
abc
1e
+
.
abc
1e+
000.e
1e-
abc
+
1e-
1e+
1e-
1e-
1e
1e-
.
1e
--2
++1
0e
1e-
--2
abc
.
.
abc
1ee2
1ee2
0e
1.2.3
0e
--2
--2
000.e
1e+
1e+
+
.
--2
+
+
-
1e-
--2
0e
1.2.3
e10
1e
1.2.3
.
e10
+
1e+
e10
--2
abc
e10
--2
-
abc
.
abc
abc
0e
e10
1.2.3
1ee2
.
0e
1.2.3
--2
1e+
-
++1
1e
++1
1.2.3
000.e
-
1ee2
1e-
0e
--2
e10
++1
1ee2
e10
+
0e
1e+
-
1e-
0e
++1
1e
1.2.3
1ee2
--2
abc
1ee2
1e-
1e
--2
abc
--2
1e+
1e-
1.2.3
1e-
++1
1e-
.
+
1e-
e10
abc
0e
1e
1e+
.
1e
++1
abc
0e
1e
abc
++1
1.2.3
1.2.3
1ee2
1e+
1.2.3
0e
+
1ee2
.
abc
0e
1e+
1e
++1
+
++1
1e-
abc
++1
--2
++1
1.2.3
+
e10
e10
abc
-
1e-
e10
+
1e-
-
1e+
++1
++1
1.2.3
--2
--2
1ee2
.
-
000.e
++1
.
abc
000.e
++1
++1
000.e
+
000.e
++1
+
e10
+
000.e
0e
--2
abc
1e
1ee2
e10
1e
1ee2
1e+
0e
1e-
-
abc
+
+
.
1ee2
0e
1e-
+
1e+
+
--2
-
-
000.e
1e+
abc
e10
1e
1ee2
1e+
+
++1
.
++1
+
0e
.
1ee2
.
-
.
000.e
++1
++1
000.e
000.e
++1
0e
--2
++1
e10
.
-
+
0e
.
abc
+
1ee2
+
-
000.e
-
++1
1.2.3
++1
abc
++1
e10
1.2.3
1ee2
+
-
0e
1e-
1e
000.e
1e-
1e
0e
.
1e-
000.e
abc
--2
1.2.3
0e
abc
1e+
abc
-
+
+
0e
000.e
+
+
e10
.
+
1e+
+
0e
e10
1e
1e
.
abc
1e+
--2
000.e
1.2.3
000.e
1e-
000.e
000.e
1e
1ee2
000.e
.
abc
--2
e10
1ee2
1e+
abc
abc
1.2.3
abc
.
1e+
e10
000.e
.
000.e
-
+
+
000.e
abc
1e+
abc
.
1ee2
1e+
000.e
1.2.3
e10
.
1.2.3
1e+
1ee2
e10
e10
-
.
1.2.3
1e
e10
000.e
1.2.3
1e-
.
1.2.3
e10
1.2.3
+
abc
+
abc
1e
e10
1e
++1
--2
1ee2
0e
000.e
+
000.e
1e+
1.2.3
1e
1e
--2
+
1.2.3
abc
++1
.
1.2.3
+
.
--2
-
1e
1ee2
1.2.3
-
1ee2
abc
++1
000.e
1e+
000.e
000.e
0e
1.2.3
e10
1ee2
--2
1e
abc
1e-
++1
e10
-
1.2.3
000.e
0e
1ee2
1e-
1e
000.e
1.2.3
1ee2
abc
1.2.3
e10
.
1ee2
1.2.3
++1
0e
0e
1e+
000.e
+
e10
++1
000.e
1e
abc
1e-
+
--2
e10
e10
1e
abc
1e-
1ee2
+
abc
e10
+
abc
++1
abc
1ee2
-
1ee2
000.e
1e-
000.e
abc
1ee2
0e
1e-
000.e
e10
1e+
1ee2
1e+
0e
1ee2
-
+
++1
1e+
-
000.e
1.2.3
e10
000.e
1.2.3
+
1e+
000.e
0e
1.2.3
1e+
e10
1e
1.2.3
1e
1.2.3
++1
1ee2
.
1ee2
1e+
-
e10
1ee2
+
1.2.3
1e+
1e
+
000.e
++1
1.2.3
e10
1ee2
-
1e
++1
abc
1.2.3
.
-
000.e
abc
000.e
.
+
+
1e-
1ee2
-
.
1e
-
1e+
1ee2
0e
1ee2
--2
.
e10
1ee2
--2
+
-
0e
1ee2
1e+
1e
+
++1
.
--2
000.e
--2
++1
.
1e+
-
abc
--2
e10
1ee2
--2
-
abc
0e
1e-
1ee2
1.2.3
+
000.e
.
++1
000.e
++1
e10
1e
1e-
1e+
0e
000.e
.
1e
000.e
+
1e-
++1
1e
1e-
1e+
++1
++1
+
--2
+
e10
1.2.3
.
1e
e10
+
0e
1e+
1ee2
1e+
1ee2
e10
e10
abc
abc
.
1e+
abc
1.2.3
1e+
.
+
000.e
1ee2
1e
--2
1e-
+
0e
e10
-
1.2.3
.
-
000.e
1e
--2
++1
++1
+
+
-
1.2.3
.
000.e
abc
++1
1e
-
1.2.3
1e
1e+
abc
.
--2
.
++1
.
-
1ee2
+
1e+
1.2.3
e10
1e+
+
+
000.e
1e-
++1
e10
.
1e
++1
000.e
e10
--2
abc
000.e
0e
-
1.2.3
0e
1e
1e
--2
++1
1e-
1e+
.
1e
+
0e
1ee2
1e-
1e-
000.e
1e+
+
e10
.
.
e10
+
++1
1e+
++1
000.e
--2
abc
1.2.3
1.2.3
.
1e-
++1
+
.
0e
1ee2
--2
1e
-
.
1ee2
e10
1ee2
1e
-
1e+
1ee2
1e
1.2.3
1e
--2
0e
-
-
1e-
abc
--2
1e+
++1
0e
1e
abc
++1
e10
1e+
--2
e10
0e
--2
.
--2
1e
--2
1e
+
0e
0e
abc
0e
1e
1ee2
1ee2
1e+
0e
1.2.3
-
1ee2
+
abc
--2
e10
.
abc
++1
++1
++1
000.e
e10
--2
1ee2
-
.
-
.
+
e10
000.e
1.2.3
1e+
1e+
.
1e
1e+
1.2.3
1.2.3
.
abc
1e+
.
abc
1ee2
0e
abc
e10
1e-
1.2.3
++1
1ee2
e10
1e-
1e
0e
0e
1e
0e
0e
--2
1e
abc
--2
+
+
1e+
++1
1.2.3
++1
.
1ee2
--2
1ee2
abc
-
1ee2
1ee2
++1
1ee2
+
1e+
000.e
e10
000.e
1.2.3
1e+
1e+
+
1e-
0e
+
1.2.3
abc
1.2.3
--2
e10
1e-
000.e
e10
+
++1
--2
++1
-
+
1ee2
--2
000.e
--2
--2
0e
1e
++1
++1
abc
1e-
abc
-
000.e
-
.
0e
++1
.
-
abc
+
1.2.3
0e
1.2.3
--2
+
1e
.
.
abc
0e
1e
1e-
000.e
1ee2
--2
e10
000.e
++1
-
++1
1ee2
-
abc
--2
1.2.3
+
+
.
1e+
000.e
--2
1.2.3
0e
0e
1e
-
1ee2
1ee2
++1
0e
000.e
1e-
++1
--2
1ee2
1e+
+
.
0e
+
-
1e
+
abc
--2
e10
-
1e
e10
1e
1e+
--2
+
1e
000.e
1ee2
0e
abc
1.2.3
+
+
+
1e+
--2
1e-
-
1e-
.
++1
++1
000.e
1ee2
-
e10
+
+
-
--2
abc
0e
1ee2
--2
1e+
++1
e10
+
1e-
1ee2
+
.
.
-
1ee2
++1
--2
abc
.
0e
1e-
++1
.
--2
-
abc
-
1ee2
-
0e
1ee2
1e+
++1
000.e
1ee2
--2
+
1e
1.2.3
+
1e+
0e
-
-
-
--2
0e
1.2.3
000.e
++1
++1
+
1e-
-
1e
1.2.3
1e
-
1e+
1e-
++1
1e
+
000.e
1e-
e10
1e
.
0e
e10
0e
e10
.
e10
1.2.3
-
++1
.
1e-
1ee2
1e+
1.2.3
1.2.3
.
--2
abc
-
1e-
1e-
+
1e+
1.2.3
1e
+
abc
1e
--2
e10
abc
e10
1e
1e+
1e
0e
.
1e
1.2.3
0e
000.e
++1
.
1e-
1e
000.e
++1
0e
0e
.
1e-
e10
1e+
1.2.3
000.e
e10
1e+
1e
.
.
0e
1e-
++1
-
1e+
1ee2
++1
1.2.3
+
1e
1e
.
--2
abc
--2
.
abc
1e+
000.e
abc
0e
-
1e-
1e+
000.e
-
1e-
1e
1e+
abc
1e-
000.e
0e
1e-
+
1e
000.e
abc
abc
1e+
++1
1.2.3
1e-
.
-
0e
000.e
1e+
e10
1e
000.e
-
1.2.3
++1
-
1e
-
1e
.
0e
0e
1.2.3
.
1e+
000.e
+
.
0e
1e-
-
0e
.
+
1ee2
--2
0e
1ee2
1e
++1
.
1e+
1e+
--2
1ee2
abc
000.e
1e+
1e
1.2.3
1e+
000.e
1e-
000.e
1e
--2
+
000.e
1e
1e-
1e
+
+
0e
1e+
.
abc
+
-
abc
000.e
.
-
1e
0e
1e+
000.e
1e
--2
0e
e10
--2
1e+
1e
1e+
-
000.e
1e
000.e
.
1.2.3
1e
1ee2
e10
000.e
1e
1e
e10
0e
.
-
--2
000.e
1ee2
abc
1e+
0e
0e
1e
e10
0e
.
-
abc
1e
0e
1e
000.e
++1
1e
abc
1e
1e-
0e
-
1e+
1e+
++1
++1
e10
+
e10
.
0e
e10
1.2.3
-
e10
+
1e-
.
e10
1e+
1.2.3
++1
1e-
000.e
1e-
1ee2
e10
-
abc
0e
abc
1e+
1e-
1e+
1e
1e
abc
1ee2
abc
-
1e
--2
abc
--2
e10
1e
0e
0e
1e+
0e
abc
1ee2
1e
--2
1e
-
1ee2
abc
-
.
e10
1e
.
1ee2
--2
++1
e10
1e
1e-
abc
.
1.2.3
abc
++1
+
1ee2
.
000.e
++1
1e
1e
+
0e
e10
.
e10
0e
000.e
1ee2
1e
--2
-
--2
++1
000.e
1ee2
1e+
+
++1
000.e
1ee2
+
.
1e+
1.2.3
0e
abc
+
+
000.e
0e
.
1e-
--2
e10
1ee2
000.e
abc
1e-
1e+
abc
0e
1e
.
++1
1.2.3
0e
1e+
1e-
+
e10
1e
1.2.3
.
--2
++1
+
e10
1ee2
+
abc
abc
.
--2
1.2.3
--2
1ee2
-
+
+
1e
++1
1ee2
1.2.3
000.e
1.2.3
0e
e10
000.e
1ee2
e10
0e
1e
+
.
+
++1
++1
1e+
+
e10
.
1e
-
1.2.3
++1
1.2.3
--2
abc
--2
1e+
+
0e
1e-
e10
--2
.
1e+
1ee2
1.2.3
000.e
1.2.3
0e
000.e
1ee2
1ee2
abc
.
0e
1.2.3
1e+
++1
1ee2
1e+
+
++1
1e
0e
++1
1ee2
e10
1.2.3
1e
-
1e+
1.2.3
.
+
abc
0e
-
1e
1.2.3
1e
-
1e-
e10
0e
1.2.3
e10
-
1.2.3
.
.
abc
0e
1e+
++1
0e
1e
+
-
abc
1.2.3
--2
1.2.3
0e
e10
++1
.
e10
.
0e
e10
--2
1e+
e10
--2
-
1e+
e10
1e-
0e
--2
1e+
--2
1ee2
1e-
1e
1e
1e+
+
+
1e-
e10
+
0e
++1
++1
+
.
1e+
1e-
0e
0e
-
1e
1e
0e
e10
1.2.3
-
abc
abc
1e
--2
abc
-
+
++1
1e+
1e+
1.2.3
1e
1.2.3
1e+
.
1.2.3
+
1e+
1ee2
1ee2
-
0e
1.2.3
1e
.
1e
1e
1e
-
e10
1.2.3
000.e
000.e
.
abc
000.e
e10
1ee2
1e-
+
+
000.e
1ee2
.
++1
abc
0e
0e
abc
000.e
--2
.
000.e
1e+
++1
1e+
abc
e10
1e-
e10
-
-
1e
+
0e
e10
e10
abc
000.e
1ee2
++1
--2
-
1e-
+
000.e
.
1e+
000.e
1ee2
++1
+
1e+
0e
1e-
+
abc
1ee2
000.e
1e+
1.2.3
e10
1.2.3
--2
abc
1e+
+
e10
1e
1e
abc
e10
.
-
abc
0e
-
1ee2
--2
--2
abc
0e
1.2.3
--2
abc
0e
e10
++1
-
1.2.3
--2
++1
1.2.3
1e+
1.2.3
-
++1
1.2.3
abc
1.2.3
000.e
e10
1ee2
0e
1e
0e
--2
+
1e
1.2.3
1.2.3
1ee2
-
--2
0e
+
000.e
000.e
e10
000.e
1e
1.2.3
++1
1e+
-
-
1e+
1ee2
+
1e-
1e
++1
0e
abc
++1
1ee2
--2
e10
+
1ee2
abc
1e-
++1
1.2.3
++1
0e
+
1e+
-
-
1.2.3
1e+
1e
e10
000.e
1e-
0e
1e+
++1
0e
e10
e10
1.2.3
1ee2
e10
1ee2
abc
.
+
000.e
abc
+
1e
1.2.3
e10
0e
0e
++1
--2
1ee2
abc
1e+
e10
1e-
++1
000.e
abc
1ee2
1.2.3
.
+
++1
1e-
+
1.2.3
e10
1e
1e-
1e+
000.e
+
--2
++1
-
000.e
1e+
abc
e10
e10
abc
1e-
+
-
1ee2
+
1ee2
++1
e10
0e
0e
++1
e10
e10
0e
000.e
abc
1.2.3
000.e
1e+
--2
000.e
1.2.3
1e-
--2
1e
1e
1ee2
-
1ee2
e10
+
1ee2
--2
1.2.3
+
000.e
abc
000.e
+
1e-
.
e10
abc
1.2.3
0e
.
1e+
1e
000.e
1e
1ee2
1.2.3
0e
e10
abc
.
1ee2
000.e
1e+
abc
-
1e-
0e
+
e10
-
1e
1ee2
1e
+
000.e
-
1e+
1e-
--2
1ee2
0e
1e+
1e+
1e+
1.2.3
abc
++1
1e+
1e
e10
1.2.3
++1
abc
1e+
-
000.e
-
1e
000.e
1e
000.e
-
0e
++1
+
e10
000.e
0e
abc
1.2.3
abc
1.2.3
abc
.
-
--2
1ee2
1e
abc
1ee2
1e
--2
+
++1
--2
-
1e+
e10
1ee2
.
e10
1e+
abc
+
abc
1ee2
e10
1ee2
+
--2
-
1e
+
e10
1ee2
1e+
-
-
1e-
0e
1e
1e+
abc
1e+
-
--2
1e-
+
.
e10
.
+
1e-
.
+
1.2.3
1.2.3
1ee2
--2
+
1e-
-
-
1e+
--2
--2
--2
+
+
1e+
1e
e10
1e+
-
1e
1.2.3
+
e10
0e
+
++1
++1
1e
1e-
1e+
-
.
+
e10
1e+
1.2.3
abc
0e
--2
+
1ee2
1e
0e
1e+
++1
1.2.3
000.e
-
+
1e-
1ee2
+
1e
++1
-
+
000.e
0e
1.2.3
000.e
e10
1e-
+
1e+
0e
e10
-
-
1e+
1e-
1e
0e
--2
e10
0e
1e-
.
+
e10
abc
1e-
0e
1e
0e
+
abc
-
1e+
abc
abc
-
--2
-
1e
-
1ee2
-
-
1.2.3
1e
.
e10
1e-
e10
abc
1e
.
0e
1.2.3
e10
--2
1ee2
1e
000.e
1e
0e
1ee2
abc
abc
++1
-
1ee2
1.2.3
.
e10
1e+
abc
--2
.
1e-
1e-
abc
000.e
000.e
--2
.
abc
000.e
abc
1e
1.2.3
.
+
0e
1.2.3
1e
++1
0e
1e+
-
-
--2
e10
0e
1e-
1e-
e10
++1
+
1ee2
.
1.2.3
+
1ee2
0e
.
0e
-
+
e10
0e
+
++1
e10
1e
.
1ee2
.
000.e
1e
1e-
1.2.3
-
-
1e
1e
.
1e+
e10
1.2.3
e10
0e
-
-
1ee2
+
1e
1.2.3
e10
++1
1.2.3
1e
e10
1e-
1e+
1e
abc
1.2.3
.
000.e
1ee2
1.2.3
1e-
abc
+
1e-
++1
+
1e
1ee2
1ee2
1e+
++1
0e
1e
1ee2
1e-
+
-
1e
.
000.e
0e
e10
-
1e-
-
--2
+
1e
1e-
--2
0e
+
1ee2
++1
--2
.
abc
--2
+
.
-
0e
++1
e10
--2
1e
0e
1e
1e
++1
1ee2
1.2.3
e10
++1
1ee2
.
++1
abc
0e
000.e
0e
+
0e
-
1.2.3
1e+
-
.
0e
000.e
+
000.e
++1
1.2.3
1ee2
++1
+
000.e
.
++1
+
-
1e-
0e
.
-
1e
e10
000.e
.
0e
abc
e10
1e
+
1ee2
1.2.3
1e-
e10
1e-
.
1ee2
1e+
1ee2
+
000.e
e10
1ee2
1e+
1e
++1
1ee2
1.2.3
++1
.
000.e
1e+
1e-
abc
abc
1e-
-
abc
e10
-
1e
1e+
.
.
1.2.3
++1
-
1e+
abc
++1
-
e10
--2
--2
++1
.
000.e
e10
e10
1ee2
+
1e+
1e
--2
--2
1ee2
1ee2
+
1.2.3
000.e
++1
1e-
000.e
000.e
-
1e+
1.2.3
1e-
++1
000.e
++1
e10
.
abc
0e
++1
1e
1e-
+
e10
-
000.e
1e-
1e
1e
000.e
0e
1e
1ee2
0e
1.2.3
-
--2
.
1e-
-
abc
abc
+
000.e
.
e10
1e
-
1e
1.2.3
abc
++1
abc
000.e
1ee2
000.e
.
--2
.
0e
1e+
+
e10
1e-
1ee2
++1
0e
+
000.e
+
000.e
--2
++1
--2
abc
abc
1e+
++1
1.2.3
000.e
abc
--2
+
++1
.
-
1.2.3
1.2.3
0e
-
-
-
++1
+
-
1e-
+
+
000.e
0e
e10
e10
+
--2
++1
1e
1ee2
0e
e10
1e+
++1
1e-
-
+
--2
.
+
abc
1e+
1ee2
1ee2
++1
1e-
-
1.2.3
++1
+
-
1.2.3
0e
1e+
e10
e10
e10
000.e
+
1e-
+
0e
1e+
1e-
abc
+
.
0e
0e
1e-
0e
--2
1e
-
e10
0e
+
.
abc
++1
++1
+
1ee2
1e-
abc
+
e10
--2
++1
1ee2
1e-
1e+
1e+
-
1.2.3
e10
1ee2
--2
000.e
e10
1.2.3
1ee2
++1
e10
000.e
0e
1ee2
e10
1e
++1
-
e10
.
++1
e10
e10
--2
+
abc
1e+
--2
0e
0e
e10
0e
abc
-
1e
1e-
+
1e
.
abc
--2
--2
++1
++1
0e
000.e
000.e
1.2.3
1e+
1ee2
1e+
1e-
0e
000.e
0e
1e
000.e
e10
1e-
1e
abc
000.e
--2
e10
000.e
000.e
1e-
abc
++1
0e
000.e
-
.
1e-
.
000.e
1e
0e
1.2.3
000.e
1ee2
000.e
1ee2
.
+
--2
1e-
abc
-
e10
000.e
--2
1e+
.
.
000.e
e10
000.e
.
0e
-
1.2.3
+
1e
.
1e-
1ee2
1ee2
1e-
1e+
--2
+
--2
1.2.3
.
1ee2
-
0e
0e
1e-
0e
+
abc
000.e
abc
abc
-
1e+
1.2.3
+
1e-
--2
-
--2
++1
1e
.
--2
0e
1ee2
000.e
1ee2
1ee2
000.e
000.e
1ee2
1ee2
1ee2
000.e
000.e
++1
1e
-
+
++1
1e+
1.2.3
++1
1.2.3
1e+
1e-
-
--2
abc
0e
1e+
++1
0e
++1
--2
.
-
+
.
e10
--2
+
000.e
1e
++1
1e
1ee2
--2
e10
++1
--2
.
1e+
1e
+
.
-
++1
+
1e-
.
1.2.3
0e
1e-
e10
abc
1e
1e-
e10
-
e10
-
1e-
1e
000.e
1ee2
1.2.3
1.2.3
1e
++1
abc
-
1ee2
-
abc
1e
000.e
1ee2
++1
+
+
-
1e
-
e10
0e
e10
1e-
-
1e-
1ee2
1e
++1
+
1e+
1ee2
1e+
abc
1e-
000.e
1.2.3
e10
.
000.e
1ee2
--2
000.e
1.2.3
+
e10
1e
--2
0e
+
1e-
1.2.3
--2
e10
++1
1e+
1e+
1e-
0e
abc
abc
abc
++1
1e-
1e+
1e
-
1.2.3
1e-
+
1ee2
1ee2
++1
--2
--2
0e
++1
1e
1e+
1e+
1e-
++1
0e
-
1e
1e-
1e-
+
0e
000.e
.
-
1ee2
1e
+
+
++1
1e-
-
1e
1e-
000.e
-
1e-
1.2.3
1ee2
--2
-
000.e
0e
1ee2
e10
1e-
++1
--2
1e-
.
1e
.
-
--2
1ee2
e10
1.2.3
0e
000.e
--2
.
1e+
1e+
000.e
-
.
0e
000.e
++1
++1
1.2.3
1e
+
--2
-
000.e
e10
0e
1e
1e
e10
1e-
1e+
0e
e10
0e
-
e10
000.e
-
--2
+
1.2.3
--2
1e-
++1
.
--2
-
1e+
000.e
1e-
000.e
0e
e10
0e
1e+
1e-
-
-
000.e
0e
1.2.3
--2
--2
abc
.
1ee2
.
+
1e
+
-
+
-
.
1e-
-
1e-
e10
e10
1e
1e-
000.e
.
--2
-
000.e
--2
1.2.3
++1
--2
+
1ee2
++1
0e
1e-
0e
abc
abc
abc
000.e
+
+
.
e10
1e+
1ee2
+
000.e
e10
1e
-
abc
1ee2
1.2.3
000.e
--2
000.e
abc
000.e
-
abc
0e
+
1e+
1e
000.e
0e
0e
--2
++1
abc
e10
--2
0e
1e
1e
--2
-
abc
.
.
1e+
e10
1ee2
1e
1e
+
--2
.
e10
abc
1e+
--2
.
-
1.2.3
1.2.3
000.e
0e
-
++1
.
++1
000.e
--2
abc
0e
-
e10
++1
+
abc
1e
-
--2
e10
--2
++1
++1
-
1ee2
++1
1e
.
abc
1ee2
000.e
++1
+
0e
1e-
1.2.3
1e-
-
0e
++1
1e
++1
+
abc
1e-
++1
+
000.e
0e
1e
0e
.
--2
abc
000.e
abc
0e
1e
1e
.
1e
000.e
.
e10
000.e
-
1e-
1e+
1e+
1ee2
.
-
1ee2
1e+
.
++1
1e-
0e
+
1e
1e+
0e
+
.
0e
1ee2
-
1e-
1e+
e10
1ee2
000.e
0e
000.e
1e
0e
e10
1e
1e
-
--2
1e-
1ee2
000.e
000.e
1e+
-
000.e
0e
1e
0e
1e-
e10
++1
0e
-
1ee2
abc
++1
1.2.3
--2
1e
abc
000.e
-
--2
1.2.3
1e
--2
e10
+
+
.
+
++1
++1
abc
1ee2
+
-
0e
-
1ee2
--2
e10
--2
1.2.3
0e
1e
1e-
1.2.3
1.2.3
0e
abc
1e-
++1
1e+
+
--2
1e-
e10
e10
1e-
1ee2
--2
e10
1.2.3
-
-
+
--2
1.2.3
1e+
0e
e10
--2
+
1e+
1e-
--2
--2
+
0e
1.2.3
--2
e10
++1
0e
++1
abc
.
1ee2
1ee2
+
1e+
1.2.3
-
.
abc
++1
e10
0e
1e-
+
0e
--2
abc
1e
1ee2
.
+
1.2.3
abc
--2
--2
000.e
--2
++1
1.2.3
--2
1e-
1e-
1e
.
.
000.e
1ee2
--2
++1
abc
abc
abc
+
+
1ee2
1e
--2
1e
1e-
e10
1e
-
1e+
e10
0e
1e+
000.e
1e+
0e
1ee2
.
+
.
.
1e+
-
000.e
e10
.
000.e
+
-
1e
e10
.
-
0e
1.2.3
+
1e-
e10
1.2.3
--2
1ee2
0e
1ee2
1.2.3
++1
-
1.2.3
abc
1e+
e10
0e
1e+
abc
-
+
abc
1e
++1
++1
-
--2
.
e10
1e
1e+
.
--2
abc
abc
1e
0e
1e+
1.2.3
--2
1e-
1ee2
+
+
1.2.3
1ee2
000.e
e10
1.2.3
++1
abc
abc
-
abc
1e
+
1e+
--2
1e-
-
1e-
abc
000.e
1e-
.
++1
000.e
e10
1e-
e10
abc
++1
++1
.
abc
.
e10
+
1e+
0e
000.e
1e+
++1
1.2.3
++1
.
++1
e10
.
+
000.e
1e
1.2.3
0e
.
1ee2
000.e
abc
000.e
e10
-
e10
1e+
e10
000.e
++1
1e-
++1
abc
0e
1.2.3
1e+
abc
e10
++1
-
1e+
++1
+
1e-
1e+
abc
0e
e10
abc
1e
.
-
0e
1e-
abc
1.2.3
1e-
-
0e
.
1e
abc
+
1ee2
1e+
1e
1e+
++1
+
1e
++1
1ee2
-
.
1e
++1
abc
-
000.e
1e
000.e
1ee2
000.e
e10
.
1ee2
1ee2
e10
+
1.2.3
+
-
0e
.
abc
1e+
++1
++1
0e
--2
1ee2
1e
abc
.
1e-
1ee2
-
1e+
0e
.
++1
-
abc
1e
--2
abc
e10
-
+
--2
1ee2
1ee2
1e
1e+
.
000.e
1e
++1
abc
--2
1.2.3
000.e
1ee2
++1
abc
abc
e10
++1
.
1e
abc
1e+
--2
abc
1e+
0e
--2
1e+
1e-
.
+
1e-
abc
1.2.3
abc
e10
000.e
1.2.3
-
--2
000.e
--2
1e
1.2.3
1e
0e
abc
e10
1ee2
000.e
++1
+
-
++1
1.2.3
1e
000.e
.
1e
1ee2
1ee2
-
1ee2
-
++1
abc
1e
1ee2
1ee2
-
e10
1e-
1e-
000.e
1e
--2
-
1.2.3
1e+
1ee2
000.e
1ee2
1e+
+
abc
.
.
--2
0e
+
1.2.3
abc
1e+
++1
000.e
0e
--2
1.2.3
1e-
1ee2
1e
-
+
abc
e10
000.e
1.2.3
+
.
e10
1e-
e10
++1
1.2.3
abc
1.2.3
--2
.
1ee2
--2
+
1e-
+
.
1ee2
e10
abc
+
--2
abc
0e
1e+
1e
abc
0e
1e-
++1
++1
1ee2
1ee2
e10
-
++1
--2
000.e
0e
1ee2
000.e
0e
1.2.3
abc
abc
--2
1e+
.
++1
--2
1e+
1e-
abc
1e
1e
--2
.
abc
e10
e10
++1
1e+
+
1.2.3
+
1e-
--2
+
1e-
-
1ee2
.
1e+
abc
1ee2
+
1e+
++1
--2
abc
-
-
1ee2
+
1e+
-
1e+
e10
1e+
000.e
1e
.
0e
abc
000.e
000.e
0e
--2
-
000.e
1ee2
0e
+
1e+
--2
0e
0e
e10
abc
1e
-
000.e
+
++1
++1
abc
1e
+
++1
+
1.2.3
-
--2
-
000.e
000.e
e10
++1
.
-
e10
1e+
000.e
1e+
.
e10
1e
++1
1e+
1.2.3
1.2.3
1e-
1.2.3
e10
1e
abc
1ee2
.
++1
-
e10
0e
--2
.
000.e
abc
1ee2
1e-
0e
--2
-
++1
1e
++1
++1
++1
1.2.3
1ee2
0e
+
.
abc
0e
.
e10
--2
abc
1.2.3
1e-
-
1ee2
-
1e+
1e
1e
1e
abc
+
000.e
1ee2
0e
--2
e10
0e
-
--2
abc
e10
+
e10
.
-
+
1.2.3
000.e
e10
-
1e
1e-
1.2.3
1e-
0e
0e
1e
0e
.
-
abc
1e-
--2
1e+
1e-
1e+
1e+
abc
e10
+
000.e
e10
-
+
1ee2
+
1e
1.2.3
1e-
++1
1.2.3
0e
e10
--2
abc
1e+
.
1e+
++1
1e+
-
--2
1ee2
1e
-
+
-
+
-
+
+
++1
1e-
0e
0e
1ee2
.
1ee2
1e
1e+
1ee2
1e-
-
--2
1e
-
1e+
--2
1e-
--2
1.2.3
1e-
1e
1e+
1ee2
1e+
-
abc
1e-
++1
0e
1e+
000.e
1ee2
1.2.3
e10
abc
++1
--2
.
0e
1e+
1e+
e10
000.e
1.2.3
1e+
+
1e+
1e
-
.
000.e
abc
000.e
1ee2
e10
-
+
1e-
1e
1e-
++1
1e+
+
--2
abc
1e
1.2.3
1ee2
abc
+
+
+
000.e
++1
e10
--2
--2
1e+
e10
-
--2
.
000.e
abc
1ee2
0e
abc
1e-
e10
++1
1e
1ee2
abc
.
-
--2
abc
1e-
+
--2
0e
.
1e
e10
e10
--2
e10
abc
1e-
+
++1
0e
.
1e-
++1
.
000.e
e10
1.2.3
+
abc
++1
abc
+
e10
-
1.2.3
abc
.
1ee2
1.2.3
abc
000.e
1e
++1
1e+
--2
0e
.
1e
+
.
1ee2
1.2.3
0e
000.e
1e+
e10
-
1e
.
e10
abc
abc
+
1e-
000.e
.
+
--2
-
1e
1e+
++1
0e
1e-
1.2.3
.
1e
--2
abc
e10
1.2.3
1e-
0e
1ee2
1e
1e-
++1
e10
e10
0e
+
000.e
1e+
-
e10
+
000.e
1e
1e
1e
1e+
1e+
-
-
1e
+
1e
1.2.3
1.2.3
1ee2
1ee2
+
+
1.2.3
abc
1ee2
++1
.
--2
1.2.3
++1
e10
abc
1.2.3
.
--2
1e+
+
e10
000.e
++1
1e
0e
--2
1e+
--2
1e+
++1
000.e
1e+
.
abc
.
.
1ee2
+
e10
1e-
000.e
1ee2
000.e
1e-
.
1.2.3
.
.
.
1e
1e-
--2
1e-
abc
++1
e10
e10
-
1e-
--2
++1
.
++1
0e
e10
--2
+
1e+
-
1ee2
++1
0e
++1
e10
0e
1e
--2
1e+
1e+
1e-
e10
.
1e+
abc
--2
++1
000.e
1e+
+
e10
--2
1e
e10
++1
1e-
e10
1.2.3
-
1e-
1ee2
-
-
++1
e10
e10
1ee2
1.2.3
1.2.3
+
1e
--2
+
1.2.3
abc
abc
1ee2
--2
e10
0e
e10
1ee2
0e
1e
000.e
1e+
-
1e
000.e
1e
1e+
++1
-
abc
1.2.3
++1
++1
1e-
1e
++1
0e
1.2.3
.
.
1e+
-
1e
++1
abc
-
-
--2
-
0e
+
+
1e-
1e+
--2
000.e
abc
1.2.3
e10
1e-
1e
000.e
1e-
1e-
abc
-
1ee2
e10
0e
000.e
--2
1ee2
--2
1e-
e10
-
1e
.
1ee2
e10
+
--2
abc
--2
0e
1e-
1e
abc
.
abc
++1
1.2.3
1e
--2
1e-
0e
--2
abc
1.2.3
.
1e+
1.2.3
1e-
0e
abc
++1
abc
1ee2
1e
0e
1.2.3
000.e
e10
000.e
++1
++1
1ee2
000.e
1e-
0e
+
abc
.
000.e
++1
+
000.e
1ee2
0e
e10
--2
1ee2
.
+
1e
0e
000.e
e10
e10
1e-
+
e10
--2
.
1.2.3
abc
++1
1ee2
1.2.3
e10
--2
1.2.3
1e-
e10
1ee2
++1
1ee2
--2
.
e10
1e-
abc
--2
1e
--2
--2
++1
+
000.e
+
1ee2
e10
1e
e10
.
1ee2
1e
0e
1e
0e
.
0e
1e-
abc
.
1ee2
1e
--2
1.2.3
++1
e10
1e+
1e+
.
000.e
-
--2
1ee2
e10
--2
1ee2
+
1e
abc
-
abc
e10
1e+
-
1e-
0e
1ee2
+
0e
.
000.e
1e
1.2.3
1ee2
1e+
1e+
+
0e
1ee2
1e
-
+
e10
1ee2
-
000.e
0e
1.2.3
+
1e
e10
++1
1ee2
1e-
1.2.3
000.e
+
.
1.2.3
1e
--2
0e
1ee2
.
1e-
.
000.e
000.e
1e+
0e
.
1e-
+
1.2.3
1ee2
--2
+
++1
abc
-
000.e
++1
1ee2
1e
.
1ee2
++1
e10
.
++1
000.e
--2
1e
1ee2
.
.
1ee2
.
1e
1e-
--2
--2
+
-
1.2.3
0e
++1
1e+
0e
1e-
1.2.3
1ee2
1.2.3
abc
+
e10
1ee2
.
+
1.2.3
abc
e10
1e
1e+
+
000.e
+
1.2.3
1.2.3
1ee2
1e+
000.e
.
1ee2
1e
abc
1e+
1e-
abc
1.2.3
1e
--2
0e
000.e
-
1ee2
abc
1ee2
1e-
1e-
.
000.e
e10
abc
000.e
.
++1
0e
+
abc
e10
1e+
++1
.
++1
--2
1e+
000.e
1e+
+
.
e10
000.e
1ee2
1.2.3
.
abc
abc
--2
1e+
e10
1e
1e
1.2.3
--2
1ee2
--2
--2
1ee2
1ee2
++1
.
abc
.
1e
0e
++1
1ee2
1.2.3
e10
abc
0e
000.e
1e
1ee2
-
1.2.3
--2
1e-
0e
1e-
000.e
1e
1e-
1e+
--2
000.e
-
1e-
000.e
1e-
1.2.3
++1
++1
1e+
-
1ee2
--2
--2
1e
1.2.3
abc
--2
1e+
000.e
1e-
+
abc
0e
000.e
1e
--2
000.e
0e
0e
e10
++1
e10
-
1e-
.
000.e
++1
1.2.3
+
e10
0e
1e
1.2.3
-
1e-
000.e
+
0e
+
abc
1e-
1e
-
.
++1
1.2.3
.
.
000.e
+
0e
.
1e+
-
1e+
1e
1e-
000.e
--2
0e
0e
0e
1.2.3
1e-
1e+
--2
1e+
++1
.
1ee2
1e+
000.e
1e-
--2
1e
0e
--2
1e+
1.2.3
1.2.3
--2
000.e
--2
abc
+
1ee2
000.e
1ee2
000.e
--2
000.e
++1
000.e
000.e
1e-
0e
++1
-
1e
0e
1.2.3
1e-
0e
1.2.3
--2
--2
abc
++1
.
0e
abc
1ee2
1e+
0e
1ee2
abc
1.2.3
-
0e
1e
-
e10
-
+
1e-
0e
++1
abc
--2
-
--2
abc
0e
000.e
abc
abc
+
++1
-
000.e
1ee2
1ee2
1.2.3
-
abc
+
1e+
++1
000.e
abc
++1
+
-
000.e
1e+
--2
++1
1e+
0e
-
-
000.e
.
1e-
-
1.2.3
e10
0e
1.2.3
--2
1e
1e-
+
1e+
1.2.3
1e+
-
++1
-
abc
1e+
.
1e-
1e-
++1
++1
1.2.3
+
1e
1e-
abc
1e
+
1ee2
1ee2
e10
+
1.2.3
--2
000.e
1e+
e10
--2
1e-
1ee2
000.e
-
.
++1
1e
abc
1.2.3
+
1e-
0e
abc
--2
000.e
1.2.3
000.e
1e-
1ee2
1e
0e
000.e
1e
0e
1ee2
--2
-
1.2.3
-
000.e
++1
1e+
1ee2
1e+
1e-
--2
1e-
abc
--2
--2
000.e
++1
1e
++1
1e-
+
.
1e-
.
1.2.3
-
.
+
e10
-
1e-
1.2.3
--2
1e+
1e-
1.2.3
1e-
1e
--2
1e+
1e+
0e
1e
0e
+
1e
1e-
1.2.3
1.2.3
+
++1
1e+
-
1ee2
1.2.3
++1
e10
1ee2
0e
1e-
0e
0e
000.e
000.e
1e
0e
abc
e10
.
1ee2
e10
e10
1e+
1e-
abc
1.2.3
e10
1e-
0e
000.e
1e-
++1
0e
--2
e10
1e
.
+
1e+
000.e
000.e
1.2.3
abc
abc
1e
--2
1.2.3
e10
0e
0e
++1
1ee2
.
e10
e10
.
-
abc
-
-
1e-
000.e
-
e10
000.e
--2
000.e
1e-
+
+
.
1.2.3
e10
.
1ee2
.
abc
0e
1e+
0e
abc
e10
.
.
1ee2
--2
abc
.
++1
1e
1e-
1e
1e
+
e10
1e+
1e
1e+
++1
--2
1e-
000.e
.
1ee2
--2
+
1e
abc
.
+
++1
+
++1
000.e
1ee2
1e+
.
1e+
1ee2
1.2.3
1e
0e
1ee2
0e
++1
--2
1e+
0e
abc
1e+
+
++1
++1
++1
1e+
--2
0e
1e-
e10
1e
abc
1e
--2
0e
+
abc
1.2.3
1ee2
0e
000.e
1ee2
abc
+
1ee2
1ee2
000.e
0e
0e
.
-
-
.
0e
1e
--2
--2
1.2.3
1ee2
1e-
e10
1ee2
--2
1e-
.
1e
e10
0e
1ee2
1e+
--2
1e+
.
--2
--2
-
-
-
abc
--2
000.e
e10
1e+
1e
.
e10
1e-
--2
++1
e10
abc
e10
e10
++1
-
1e+
1e+
000.e
0e
1ee2
1e+
0e
e10
1ee2
+
-
+
1e
000.e
+
1.2.3
1e+
.
1.2.3
e10
.
abc
1e+
1e-
1.2.3
1e-
1.2.3
1e
-
+
1e+
0e
abc
000.e
000.e
1e-
++1
1ee2
000.e
--2
--2
1ee2
--2
--2
1ee2
1.2.3
000.e
000.e
000.e
1e-
e10
+
1ee2
-
000.e
.
1e-
1ee2
1e+
--2
abc
abc
1.2.3
-
1ee2
-
e10
1e+
+
1.2.3
1e
e10
1e-
1e-
.
1.2.3
e10
+
++1
1e
abc
-
+
1e
1e
e10
1e+
--2
0e
1e
--2
+
1ee2
e10
1e+
000.e
++1
1e+
--2
++1
+
1.2.3
--2
e10
.
1e
+
abc
1e+
++1
1.2.3
1e-
+
-
++1
000.e
0e
000.e
++1
--2
e10
abc
--2
-
1.2.3
--2
.
1e+
--2
abc
+
0e
1e
1e
e10
1e-
1.2.3
e10
abc
+
.
1.2.3
000.e
-
e10
+
+
.
abc
++1
e10
-
e10
+
e10
000.e
1e-
++1
0e
--2
-
1e
.
1e
1.2.3
--2
1ee2
1e-
++1
++1
abc
.
1ee2
.
1e-
000.e
--2
1e
e10
1.2.3
abc
1ee2
1e-
++1
000.e
1ee2
++1
1e-
1e-
+
.
++1
0e
1e-
1.2.3
e10
.
0e
++1
1.2.3
1e+
++1
000.e
++1
1.2.3
++1
--2
1e+
1ee2
+
.
.
++1
++1
0e
-
++1
--2
1e-
000.e
1ee2
e10
++1
abc
--2
-
1e-
1e
e10
.
++1
1e
abc
+
++1
1ee2
1e-
1.2.3
abc
0e
1ee2
1e+
1e
--2
1e+
+
0e
1e
1e+
1e
--2
1ee2
-
000.e
+
1e
1e-
1e+
--2
-
--2
++1
e10
-
--2
1e
--2
++1
1e-
--2
1e
abc
000.e
1e+
-
1e
++1
1ee2
-
1e
0e
0e
++1
++1
+
1ee2
1ee2
1ee2
+
--2
1e-
1e
++1
+
000.e
1e+
000.e
1.2.3
000.e
+
e10
.
-
-
-
abc
1ee2
1e+
1.2.3
0e
abc
000.e
abc
-
1ee2
1ee2
000.e
+
.
.
abc
.
1ee2
000.e
1e-
1ee2
.
1e
1ee2
-
-
abc
+
1e-
1e
1ee2
0e
1.2.3
-
.
.
e10
e10
1e+
abc
0e
+
e10
1.2.3
--2
+
++1
1.2.3
000.e
abc
-
-
1.2.3
0e
--2
-
.
0e
.
+
abc
1.2.3
1e
+
-
1e-
1e-
1ee2
.
000.e
abc
e10
--2
1e+
1ee2
1.2.3
.
-
1.2.3
--2
1e+
.
1e-
--2
1e
e10
1.2.3
--2
000.e
1.2.3
.
e10
1e
-
1.2.3
e10
000.e
1e+
1e-
++1
1e-
1e
1.2.3
000.e
-
1e+
++1
--2
+
1e-
1ee2
.
abc
e10
-
++1
000.e
1.2.3
-
1e+
++1
000.e
.
1.2.3
e10
0e
000.e
-
1ee2
--2
1ee2
-
.
-
--2
e10
1.2.3
.
1e-
000.e
e10
.
e10
1e-
.
+
abc
++1
0e
1e-
+
1.2.3
1ee2
1ee2
1e
1.2.3
1e+
1ee2
e10
-
.
1e
1e+
++1
--2
1e-
000.e
000.e
1ee2
000.e
1e+
1e-
abc
1e
1ee2
1e
1.2.3
1e+
1e-
.
1e+
000.e
++1
000.e
++1
000.e
-
1e-
1e
++1
+
1e+
000.e
abc
1e+
.
e10
.
++1
.
--2
e10
+
--2
0e
abc
1e
--2
1e-
++1
1e
e10
.
-
1.2.3
.
000.e
1.2.3
.
1ee2
1.2.3
000.e
abc
1e
++1
0e
1.2.3
1e+
1ee2
0e
-
++1
--2
+
1e+
0e
1e+
1e-
+
.
.
1ee2
--2
+
--2
-
0e
-
abc
--2
1ee2
000.e
abc
000.e
--2
--2
++1
++1
+
1e+
e10
abc
000.e
0e
0e
1e
1.2.3
+
abc
000.e
000.e
++1
.
+
-
e10
++1
.
1e
++1
1.2.3
abc
1ee2
+
abc
1e
abc
.
+
1e-
abc
e10
1.2.3
000.e
1e
0e
1.2.3
1e-
1e+
1e
1e+
1ee2
0e
1e-
++1
1ee2
1e+
000.e
1e
abc
++1
1e-
0e
1e
e10
--2
1ee2
1e+
++1
--2
1e
++1
.
abc
1e-
++1
+
1e+
e10
+
.
0e
e10
--2
+
abc
1ee2
1e+
abc
000.e
-
1e-
000.e
+
++1
1.2.3
-
1e
1ee2
1ee2
1ee2
abc
1e
0e
--2
1e+
e10
--2
-
0e
1e+
.
--2
e10
1ee2
0e
++1
1e+
0e
-
1e-
1.2.3
abc
1e-
--2
1ee2
--2
++1
++1
1ee2
++1
0e
1e
abc
++1
1e+
0e
-
0e
1e
1.2.3
1.2.3
e10
+
1e+
000.e
1.2.3
0e
abc
1ee2
0e
--2
000.e
000.e
000.e
.
abc
1e-
1ee2
-
.
abc
1e-
0e
1e-
1e
1e-
-
1e+
000.e
.
abc
000.e
1e-
1ee2
-
0e
e10
-
.
000.e
1e
++1
000.e
1e
1e
1ee2
000.e
+
++1
1e
abc
1e-
1ee2
1.2.3
abc
000.e
1ee2
abc
-
0e
1ee2
000.e
++1
1ee2
0e
++1
1e
abc
abc
--2
-
1e-
--2
abc
+
+
--2
++1
e10
.
1e-
1.2.3
1ee2
.
+
abc
1e
-
1ee2
+
++1
0e
0e
1.2.3
.
1ee2
1e-
e10
++1
abc
1e+
e10
1e-
1.2.3
0e
+
1e+
0e
.
abc
+
1ee2
-
abc
.
--2
1e+
1.2.3
e10
--2
+
.
e10
000.e
0e
000.e
-
0e
000.e
1e+
1e
1e-
1e
1e+
abc
e10
e10
e10
0e
e10
++1
000.e
0e
--2
.
+
1e-
.
1e-
000.e
.
-
1e-
1e+
1e+
e10
abc
+
1ee2
1e
000.e
++1
++1
abc
0e
--2
+
0e
1ee2
++1
1ee2
-
abc
.
1e+
1e+
1e+
000.e
1ee2
0e
abc
e10
1ee2
.
e10
--2
+
abc
++1
000.e
e10
1ee2
--2
+
000.e
abc
-
-
e10
0e
000.e
.
--2
+
1ee2
++1
.
1.2.3
1e-
e10
1ee2
abc
0e
abc
1e-
abc
+
--2
1.2.3
1ee2
++1
1e+
+
e10
e10
1e-
++1
1e-
1e+
.
1e
.
--2
000.e
0e
1e+
.
000.e
.
abc
1e
1e-
--2
.
1e-
++1
--2
1e-
0e
++1
1e
1ee2
--2
--2
1e+
--2
abc
1.2.3
--2
+
-
.
--2
--2
abc
1e-
e10
e10
0e
1ee2
1.2.3
++1
1e
0e
e10
1ee2
000.e
000.e
1e
--2
--2
-
0e
1e-
abc
.
++1
1e
+
1e+
+
0e
++1
1.2.3
1e
e10
e10
--2
e10
1ee2
++1
e10
1.2.3
--2
abc
--2
1ee2
+
--2
0e
1e
1ee2
e10
++1
1e+
-
++1
000.e
--2
0e
+
1ee2
0e
.
--2
-
0e
++1
0e
.
1ee2
-
e10
e10
--2
0e
1e+
000.e
+
++1
++1
-
abc
1e
1e-
++1
1e-
--2
--2
--2
1e+
.
1e+
abc
+
1e+
++1
-
++1
1e-
+
000.e
e10
e10
1e+
000.e
-
1.2.3
000.e
1e+
--2
.
1e-
abc
000.e
++1
1e+
0e
.
1ee2
.
+
--2
+
-
abc
.
--2
1ee2
.
000.e
000.e
--2
0e
+
.
1.2.3
1e
-
++1
1ee2
0e
.
+
.
--2
--2
1.2.3
1e
0e
+
-
1e
.
1e-
-
+
000.e
1e-
0e
++1
1e-
abc
0e
1ee2
0e
++1
++1
000.e
000.e
1e-
1ee2
1.2.3
0e
+
++1
e10
000.e
++1
1ee2
1.2.3
1.2.3
0e
-
e10
1e-
e10
--2
1e-
1e+
abc
1e
1e+
0e
e10
e10
000.e
++1
e10
1ee2
abc
.
000.e
abc
+
++1
1e-
1e-
-
1ee2
1e-
++1
000.e
-
0e
1e
0e
--2
0e
1e+
e10
1e+
e10
.
1.2.3
+
000.e
--2
.
.
0e
++1
++1
1e+
1e
.
+
e10
1.2.3
1.2.3
0e
1e-
0e
+
1ee2
-
1.2.3
1e
0e
-
1e+
.
000.e
1.2.3
1e-
1e+
1e
++1
abc
-
1e+
1e
1e+
.
000.e
1ee2
1ee2
1.2.3
++1
e10
++1
000.e
1e-
1e
-
-
abc
.
-
.
-
000.e
1e
1e
--2
1ee2
1.2.3
abc
-
.
++1
1e
e10
1e
0e
1e+
--2
--2
000.e
abc
--2
abc
e10
+
1e
+
1ee2
000.e
0e
0e
+
1ee2
+
1e-
+
1e+
-
1ee2
.
1.2.3
abc
0e
000.e
.
abc
000.e
+
++1
1e-
e10
1ee2
1e
.
abc
1e+
abc
1e+
1.2.3
000.e
1e+
abc
-
-
+
.
0e
1e-
abc
0e
e10
--2
abc
000.e
1.2.3
.
++1
0e
.
1e+
1ee2
1.2.3
e10
++1
1.2.3
1ee2
1e+
1e
abc
0e
0e
1e+
abc
1e
+
1ee2
+
.
1e-
1e
++1
1.2.3
-
1.2.3
abc
1e
-
+
000.e
--2
--2
1e
1e-
1ee2
0e
e10
1.2.3
1ee2
+
1ee2
1e+
0e
-
+
.
.
1e-
1e+
++1
--2
000.e
1ee2
--2
000.e
0e
000.e
0e
.
000.e
.
000.e
+
1e+
1ee2
1ee2
1e
abc
--2
.
-
1.2.3
e10
000.e
0e
0e
--2
--2
1ee2
1e+
0e
.
1.2.3
--2
1e+
1e-
e10
1.2.3
1.2.3
.
.
0e
+
.
1e-
.
1e
0e
+
1e+
1e
0e
0e
1.2.3
.
1e+
000.e
0e
.
1.2.3
abc
1ee2
--2
+
.
.
1e+
0e
1.2.3
-
1ee2
++1
1e+
.
000.e
++1
++1
e10
.
-
+
++1
1ee2
+
1e
e10
000.e
000.e
--2
abc
1e-
.
++1
++1
++1
1.2.3
000.e
0e
000.e
e10
abc
--2
e10
+
1e
1.2.3
+
e10
1e+
++1
1e
0e
1.2.3
1.2.3
000.e
1.2.3
1e
e10
.
abc
-
1e
--2
1e
1e
-
1e-
+
1ee2
-
1e
000.e
++1
+
000.e
1ee2
+
+
1e-
1.2.3
1e+
++1
1e
-
++1
+
000.e
e10
1e
-
+
1.2.3
+
abc
1ee2
abc
1.2.3
1e
+
1e+
--2
+
++1
0e
+
1e+
000.e
1e
abc
1e
1e
+
1ee2
1.2.3
--2
--2
-
1ee2
--2
000.e
000.e
e10
--2
-
e10
1ee2
1e
--2
abc
0e
+
0e
-
.
1.2.3
+
-
1e+
1ee2
e10
000.e
1e+
1e
--2
++1
.
1ee2
000.e
1e
1e
--2
0e
1e-
--2
++1
++1
1e
.
0e
abc
0e
--2
.
1ee2
abc
+
+
++1
.
1ee2
000.e
1e+
abc
.
1e
1ee2
--2
-
000.e
000.e
1e
++1
000.e
1.2.3
+
+
+
1e+
1e
1.2.3
--2
1e+
0e
000.e
.
--2
+
1e-
0e
++1
abc
000.e
++1
000.e
.
1.2.3
+
.
e10
abc
.
000.e
-
e10
abc
0e
0e
--2
+
--2
1e-
--2
1ee2
abc
1e-
1e+
-
1e-
abc
0e
000.e
.
abc
e10
e10
1ee2
.
abc
0e
000.e
++1
1ee2
.
--2
+
1ee2
e10
--2
1e-
000.e
1.2.3
e10
.
.
.
++1
0e
.
--2
e10
--2
--2
.
e10
1ee2
-
1e-
1e+
.
1e-
000.e
e10
++1
-
+
1e-
e10
--2
1e+
--2
-
+
1.2.3
1.2.3
1ee2
000.e
1e+
1e-
--2
abc
-
e10
1ee2
++1
+
abc
-
000.e
.
.
+
+
-
1.2.3
0e
.
-
000.e
--2
1.2.3
.
1e+
1e
1e-
++1
e10
abc
1e-
1.2.3
.
abc
1.2.3
1e
+
-
1e
1.2.3
--2
1.2.3
1ee2
--2
1ee2
1e+
.
000.e
+
1e+
0e
e10
1.2.3
000.e
-
++1
+
--2
-
--2
e10
.
1ee2
1e
1e
0e
000.e
000.e
1ee2
e10
0e
e10
++1
e10
1e
1e-
000.e
0e
000.e
--2
-
.
++1
1ee2
1e+
-
0e
++1
.
1e-
1ee2
0e
abc
--2
1ee2
1.2.3
1e-
abc
000.e
-
0e
1.2.3
.
1e+
000.e
+
--2
-
1e-
++1
1e-
-
1e-
--2
1e
--2
1ee2
e10
++1
.
abc
abc
0e
.
--2
1e-
1ee2
1.2.3
1e
1.2.3
1.2.3
1.2.3
000.e
0e
1ee2
--2
1e
+
e10
-
1e-
e10
+
.
1ee2
1.2.3
.
-
+
+
abc
1e
-
1.2.3
-
1ee2
--2
abc
--2
-
000.e
e10
-
abc
0e
abc
0e
1e+
e10
e10
abc
--2
1.2.3
+
0e
abc
1e-
1e-
1e
--2
1.2.3
1e
000.e
1e
e10
0e
0e
.
0e
000.e
.
++1
--2
-
-
abc
1e-
++1
+
-
++1
++1
1e-
1ee2
0e
++1
0e
1ee2
000.e
e10
1.2.3
1ee2
++1
+
1e-
1e
--2
.
1e+
0e
000.e
.
e10
abc
++1
1e
0e
abc
--2
1e+
e10
+
+
1ee2
1e+
000.e
1ee2
.
1.2.3
1e-
1e-
1.2.3
++1
.
e10
e10
0e
1e+
--2
.
0e
.
-
+
--2
e10
000.e
1e-
1ee2
+
abc
--2
000.e
-
1e
abc
000.e
++1
1e
1e-
0e
++1
1e-
1ee2
000.e
1e
+
0e
abc
abc
.
1e+
+
1ee2
1.2.3
e10
1e
1e+
000.e
1ee2
1ee2
1.2.3
--2
++1
abc
1.2.3
1e-
0e
000.e
1e-
e10
+
0e
1e
-
.
0e
000.e
+
1e-
1e
1.2.3
1.2.3
0e
000.e
.
--2
1e-
1ee2
0e
+
1.2.3
e10
.
1e
-
++1
.
abc
1e-
1ee2
.
1e-
e10
+
1ee2
abc
1e
--2
+
e10
e10
1.2.3
-
abc
abc
.
1.2.3
abc
--2
1ee2
1ee2
+
.
1e-
abc
000.e
+
1.2.3
1e-
e10
000.e
--2
0e
.
+
000.e
1e-
e10
-
1e+
000.e
.
e10
1.2.3
.
0e
e10
.
1ee2
1e-
++1
e10
1.2.3
e10
1e-
+
-
++1
+
1e-
abc
+
++1
abc
0e
.
1e+
1e-
1e+
++1
e10
+
1.2.3
-
++1
1e+
e10
1e-
e10
.
--2
-
1.2.3
0e
e10
+
1ee2
-
-
+
1e
0e
1ee2
0e
--2
+
1e-
abc
000.e
--2
abc
e10
1e-
1ee2
-
abc
1.2.3
.
1e-
-
e10
.
1e+
++1
--2
-
++1
1ee2
--2
000.e
1ee2
+
000.e
1e+
.
0e
--2
e10
--2
000.e
++1
-
1e
1e+
0e
1e-
1e
1e
1e+
abc
.
1.2.3
.
000.e
abc
++1
--2
--2
--2
++1
1e-
--2
.
0e
1e+
.
.
.
1e-
--2
1e+
1e
1e+
-
abc
--2
1ee2
1e-
abc
1e-
1.2.3
++1
1.2.3
abc
1e+
e10
1.2.3
++1
1e+
1e-
.
-
1.2.3
1.2.3
+
1e-
000.e
abc
1e+
0e
e10
e10
1e
-
++1
--2
.
.
1.2.3
e10
.
e10
1e+
abc
1e-
e10
000.e
--2
-
1e
1e
1e+
1e+
.
1ee2
.
1e-
1ee2
1e
abc
1ee2
1e+
1e
++1
1e-
-
++1
1e
0e
.
abc
0e
1.2.3
1ee2
000.e
abc
1e+
0e
1e-
--2
1e+
++1
1.2.3
-
1ee2
1e
1ee2
e10
1.2.3
e10
1e+
1e+
+
+
.
1e
1e-
e10
1e-
--2
.
1.2.3
++1
-
1e+
--2
1e-
1.2.3
e10
++1
000.e
++1
.
++1
abc
1e
-
1e
1e-
1.2.3
-
abc
000.e
0e
abc
--2
1e
-
1e+
0e
--2
e10
.
1ee2
-
0e
abc
1e
1e+
e10
++1
1ee2
abc
1e+
--2
1.2.3
1.2.3
+
+
1ee2
--2
-
-
.
++1
.
000.e
0e
.
e10
000.e
1e+
000.e
--2
+
--2
--2
1e+
+
.
abc
--2
e10
abc
1ee2
+
+
0e
1e+
0e
1e
++1
1e+
1e-
1ee2
1.2.3
1.2.3
e10
e10
0e
--2
+
++1
-
--2
+
abc
1e
e10
-
1e
.
abc
e10
1e+
--2
e10
1e-
1.2.3
1e+
000.e
000.e
1ee2
0e
--2
1ee2
e10
--2
++1
1ee2
1ee2
e10
0e
-
1.2.3
-
1ee2
1e-
-
1e+
abc
-
.
1e-
1ee2
0e
+
1e
-
1e-
1ee2
.
-
abc
1e+
--2
e10
.
++1
--2
.
1e+
1.2.3
0e
000.e
1ee2
abc
1e-
abc
1e+
000.e
--2
e10
1ee2
++1
abc
e10
++1
++1
1e
--2
++1
.
e10
1e
1ee2
000.e
000.e
1e-
1ee2
1.2.3
e10
1e
1.2.3
1e
1e+
0e
e10
-
e10
abc
+
.
1ee2
1.2.3
abc
.
000.e
-
1e+
1ee2
1e
.
e10
1ee2
1e
0e
1e
000.e
-
0e
1e-
1e
1e+
++1
e10
-
e10
0e
+
abc
+
1ee2
+
e10
1.2.3
++1
--2
-
1e-
e10
--2
.
1ee2
1.2.3
000.e
1ee2
--2
1ee2
+
1e+
1e-
e10
1e-
++1
1ee2
1ee2
1e
abc
1e
++1
1ee2
1e+
1e
e10
1e-
abc
1e+
1e
1e+
++1
+
-
--2
1e
--2
e10
1e-
0e
000.e
abc
e10
1e+
+
++1
1e+
1ee2
++1
abc
e10
.
-
.
000.e
--2
e10
1.2.3
1e-
.
-
1ee2
e10
1e
.
1.2.3
--2
000.e
.
1e
e10
1e
1e-
000.e
--2
1e
1e-
1.2.3
.
1e+
1.2.3
++1
-
e10
000.e
abc
++1
abc
abc
1e+
1.2.3
1e-
1e
000.e
1ee2
1e+
++1
abc
1e-
.
1e
1e+
+
1e
.
++1
1e-
abc
1e
1ee2
1e-
.
+
-
.
1e
1e+
1e-
++1
e10
-
0e
++1
+
000.e
1e-
1e
1e
1e+
1e-
abc
1e+
0e
.
000.e
0e
1e+
0e
1e-
1ee2
000.e
+
e10
++1
-
+
.
1e+
1e+
1e-
1e+
1e+
1e+
e10
+
1e-
1e-
1.2.3
1ee2
1e
1.2.3
0e
++1
e10
1e-
000.e
abc
1ee2
-
++1
1ee2
1ee2
0e
1e+
-
-
000.e
1e+
+
1e
000.e
000.e
-
1ee2
abc
0e
1.2.3
--2
1e
1e
e10
0e
1.2.3
1e
e10
.
--2
1e+
1e-
.
1ee2
+
.
.
e10
000.e
--2
--2
abc
abc
+
.
000.e
e10
0e
1.2.3
0e
abc
+
-
000.e
1e+
1ee2
000.e
e10
-
000.e
+
--2
abc
1e-
0e
0e
+
000.e
0e
0e
1ee2
e10
++1
1e+
1e-
1ee2
1e-
1.2.3
e10
--2
1e
.
--2
+
1e-
1ee2
e10
000.e
1e
--2
1e-
1.2.3
+
1.2.3
-
000.e
1.2.3
++1
1e-
1e
+
abc
1e
1e+
-
e10
abc
1.2.3
1.2.3
1ee2
1ee2
++1
1e-
1e
000.e
e10
1e-
+
e10
000.e
1.2.3
.
1e-
--2
-
1ee2
-
1.2.3
1ee2
1e
e10
1e-
1e+
abc
1.2.3
-
-
1ee2
1e+
0e
1e+
+
000.e
1.2.3
.
--2
1ee2
1e-
abc
000.e
1ee2
1e+
++1
+
1e+
1e
.
1e-
0e
0e
.
+
abc
.
1e-
.
000.e
e10
+
1e
0e
e10
abc
e10
abc
000.e
++1
-
-
0e
.
+
e10
-
1e+
e10
1.2.3
000.e
.
1e+
0e
1ee2
.
1e+
000.e
+
.
1e
1e+
abc
1e
-
+
1e
e10
1.2.3
1e
e10
1ee2
0e
.
1e+
1ee2
1.2.3
.
1ee2
abc
000.e
1e-
-
1e-
abc
0e
--2
--2
.
--2
abc
abc
--2
1e-
++1
1e+
abc
1e
0e
++1
1e
-
1e+
1ee2
1ee2
++1
0e
.
1e-
+
--2
1ee2
++1
+
0e
0e
0e
1e-
+
0e
1e
1e-
1e+
--2
--2
++1
1.2.3
1e-
++1
e10
1.2.3
+
--2
1e-
000.e
1e
.
1ee2
1e-
--2
1e-
1ee2
1ee2
abc
1e
1e-
.
000.e
+
++1
++1
.
abc
.
1e-
abc
.
--2
0e
++1
1e+
+
1e-
abc
0e
.
++1
e10
0e
1e
abc
+
1e+
abc
1e
e10
1e+
-
++1
.
e10
+
0e
000.e
--2
abc
+
--2
1e-
+
1.2.3
1e-
000.e
0e
0e
--2
1ee2
++1
1.2.3
.
1e-
1e-
1e
000.e
1e-
1.2.3
000.e
1e-
.
0e
1e-
1e
1.2.3
+
1ee2
1e-
e10
0e
e10
.
1e+
1e-
.
++1
abc
1.2.3
1e+
1.2.3
1e
--2
++1
1e-
abc
++1
1e
-
-
.
abc
--2
abc
-
--2
.
1.2.3
1.2.3
1ee2
e10
1e-
0e
1ee2
000.e
+
e10
+
--2
0e
-
1e+
1e
000.e
--2
--2
e10
1.2.3
1e-
1e-
--2
.
1e+
+
.
1e+
--2
0e
-
+
000.e
e10
1e
000.e
1e-
abc
abc
.
1.2.3
-
0e
.
1.2.3
.
000.e
+
e10
1e+
1e-
0e
+
e10
e10
1.2.3
++1
.
1e+
++1
1.2.3
+
-
e10
++1
1e
++1
e10
++1
1e+
1ee2
abc
abc
abc
1e+
e10
000.e
0e
--2
0e
abc
1.2.3
+
0e
1e+
.
000.e
1.2.3
1e+
-
e10
--2
0e
1e+
000.e
1e-
++1
abc
++1
.
--2
000.e
-
++1
0e
++1
1e+
1e-
1e
-
abc
+
.
1e
+
1e+
000.e
--2
+
-
++1
1e-
1ee2
1e+
000.e
++1
0e
0e
abc
e10
++1
.
--2
+
abc
1ee2
1e+
+
e10
0e
abc
.
.
+
--2
--2
-
-
+
1e
e10
abc
1.2.3
1e-
-
-
+
0e
000.e
1e-
1e-
+
e10
+
1ee2
1e+
--2
1e
1e-
1e+
1e+
abc
1e-
--2
--2
1e+
-
1ee2
abc
+
abc
1e
-
1.2.3
++1
1e
+
+
1e-
0e
1.2.3
--2
e10
1ee2
1ee2
-
1e+
1.2.3
--2
1.2.3
--2
000.e
1ee2
.
1e
-
1ee2
abc
++1
++1
1.2.3
.
0e
+
e10
000.e
e10
1.2.3
-
1.2.3
1e+
1e-
e10
abc
abc
0e
1e
000.e
-
1ee2
abc
e10
1.2.3
0e
1e
000.e
++1
1e
1ee2
--2
1e-
000.e
1ee2
0e
.
1e+
1.2.3
1e
1.2.3
1.2.3
1e-
e10
1.2.3
1ee2
1e-
-
e10
0e
1e-
1e+
+
-
abc
0e
-
0e
--2
--2
1ee2
1ee2
e10
000.e
+
+
.
abc
0e
1.2.3
1e+
1e
-
1e+
+
--2
1ee2
.
.
000.e
+
1e
+
-
1.2.3
--2
0e
abc
.
++1
0e
++1
.
1e
000.e
1e+
1e-
000.e
.
0e
e10
1ee2
0e
+
.
.
--2
1e-
++1
1ee2
.
abc
+
+
1ee2
.
0e
++1
--2
1ee2
++1
1.2.3
e10
--2
000.e
.
1e-
0e
0e
1e
++1
000.e
1e-
1ee2
1ee2
1ee2
1.2.3
+
abc
abc
.
1e
-
1ee2
1.2.3
1.2.3
1e
1ee2
abc
++1
e10
.
--2
e10
000.e
0e
e10
++1
1e
++1
e10
.
e10
1.2.3
1e-
1ee2
0e
--2
+
1e-
e10
--2
.
++1
-
1e-
1ee2
.
e10
1e
+
-
-
abc
1ee2
abc
e10
-
1.2.3
--2
+
1.2.3
--2
--2
--2
1e
abc
1.2.3
0e
1ee2
e10
-
1e+
1ee2
1e-
1e
abc
1e-
1.2.3
0e
++1
-
++1
e10
1e
+
-
--2
0e
1e-
.
.
1e-
--2
1.2.3
abc
1e
1ee2
1ee2
1e-
0e
1e-
-
1ee2
e10
+
1e+
+
1.2.3
1ee2
000.e
++1
.
1e+
1e
1e-
1ee2
1e
++1
1e
1e-
.
++1
e10
+
.
.
++1
1e
1.2.3
+
abc
1.2.3
-
-
1ee2
1e-
--2
1e
1e
1e-
1e
--2
000.e
1e-
e10
--2
++1
1e+
1e-
1e
1e+
++1
0e
+
1e+
1.2.3
.
++1
1e
000.e
--2
1e+
1e
--2
e10
-
1ee2
000.e
1e+
1e-
1e+
-
--2
1ee2
1e+
1.2.3
-
1.2.3
1.2.3
-
1e
+
0e
+
000.e
0e
e10
1e-
1e
1.2.3
1.2.3
-
e10
abc
+
--2
--2
1.2.3
1e+
.
000.e
1.2.3
1e+
1ee2
+
1e-
1.2.3
1.2.3
1e+
abc
.
1e
000.e
.
-
+
abc
++1
.
++1
1e+
-
.
e10
-
1e+
--2
--2
1.2.3
abc
e10
e10
1.2.3
--2
++1
++1
+
e10
1e+
000.e
0e
1e-
e10
+
1e
1.2.3
e10
abc
++1
1.2.3
-
+
0e
+
000.e
000.e
.
1ee2
.
1.2.3
000.e
++1
abc
+
+
abc
1e
e10
1e+
1e-
0e
.
1e+
1.2.3
1e+
++1
1ee2
1e+
1.2.3
abc
++1
.
0e
000.e
0e
1e
1.2.3
0e
-
.
1e
1e+
--2
1e
--2
1e+
1e
abc
abc
+
1ee2
000.e
++1
abc
+
1.2.3
000.e
1e-
e10
-
1e+
1e+
1e
000.e
abc
0e
abc
-
+
1.2.3
1.2.3
1e+
--2
1e
1ee2
1ee2
000.e
1e+
1ee2
++1
1e
abc
1e+
1.2.3
1e-
1e
1e-
000.e
abc
abc
1e
.
--2
1.2.3
.
1e
000.e
.
abc
-
e10
abc
1.2.3
abc
-
.
000.e
abc
000.e
1.2.3
1ee2
000.e
e10
1ee2
--2
+
e10
1.2.3
e10
000.e
1.2.3
1e+
-
-
1e
-
000.e
1e-
+
1e-
--2
1ee2
1.2.3
1e-
1e
1e-
.
e10
+
+
abc
1e+
--2
1e-
abc
000.e
-
1.2.3
1.2.3
1e-
--2
++1
1e+
1e
-
-
e10
e10
000.e
000.e
.
--2
1e-
--2
.
+
1e+
1e+
1.2.3
.
1e-
e10
1ee2
1e-
abc
0e
.
000.e
--2
.
abc
1e
+
1e
1e
1e
0e
.
+
0e
.
1e
++1
0e
-
1e-
0e
+
abc
-
1e+
1ee2
1e
abc
1e
+
.
1e+
1e
1ee2
1e+
abc
++1
1ee2
abc
1ee2
1ee2
1.2.3
abc
++1
000.e
1e+
1e-
++1
+
+
.
--2
1e-
1ee2
0e
--2
0e
-
abc
abc
abc
000.e
0e
1e-
1e+
e10
++1
1e-
1ee2
++1
000.e
.
abc
e10
1e
.
--2
--2
000.e
1e-
1e+
-
1e+
abc
1e-
e10
++1
abc
1e-
++1
1ee2
.
e10
abc
0e
+
-
1ee2
000.e
++1
-
1e+
--2
000.e
0e
1e+
e10
e10
+
-
1e-
-
abc
1.2.3
+
1ee2
1.2.3
e10
0e
+
++1
1.2.3
000.e
0e
1ee2
000.e
+
1e-
-
0e
000.e
1e
1.2.3
1e
.
-
abc
++1
abc
1.2.3
1e+
--2
.
1e
--2
+
1e+
e10
1e+
+
1e-
000.e
++1
1e+
e10
-
1e+
abc
+
1e
000.e
abc
000.e
++1
-
1.2.3
1.2.3
1e
1.2.3
1.2.3
-
-
1e-
abc
1ee2
--2
0e
1ee2
e10
.
0e
1e+
1e+
abc
1e-
1.2.3
.
.
abc
000.e
1ee2
+
--2
--2
-
+
++1
1ee2
-
--2
.
0e
+
++1
1ee2
1e
000.e
1ee2
+
-
1e+
abc
1e-
++1
1.2.3
e10
++1
0e
0e
e10
1ee2
0e
--2
0e
--2
0e
++1
-
0e
e10
1e-
--2
abc
1.2.3
+
.
e10
--2
.
1e-
+
0e
1e-
1e-
abc
1e-
--2
1e-
.
+
1e+
1e
++1
--2
0e
000.e
000.e
1ee2
e10
abc
1ee2
e10
-
1e
1ee2
1e+
0e
abc
1e-
1.2.3
+
abc
1e+
0e
++1
000.e
--2
1.2.3
-
1e+
++1
1e+
1.2.3
abc
1e-
e10
1e-
1e
--2
.
1.2.3
e10
+
1e
1e-
-
+
1e-
abc
--2
-
0e
-
e10
-
.
abc
1e+
1e
++1
1e
1e-
--2
000.e
e10
abc
1.2.3
--2
e10
0e
1.2.3
+
--2
--2
+
0e
+
abc
--2
++1
++1
1ee2
1.2.3
1.2.3
--2
+
1ee2
+
1e
000.e
0e
1e-
0e
000.e
1ee2
1e+
--2
e10
abc
1.2.3
0e
1e
000.e
0e
-
+
e10
1.2.3
-
++1
--2
e10
--2
-
.
1ee2
1ee2
.
-
1.2.3
e10
-
e10
.
abc
e10
--2
1e-
1e+
+
1e
1e-
e10
0e
abc
+
--2
1e
abc
1e
000.e
000.e
-
.
000.e
1e-
abc
e10
1e
--2
--2
-
1ee2
0e
abc
-
1e
--2
++1
--2
1e-
--2
1e-
1e+
1ee2
-
e10
0e
+
1e-
1.2.3
0e
1e
-
1e+
1.2.3
.
1e+
abc
1e
0e
e10
++1
--2
abc
1e+
++1
1e+
1e-
1e-
++1
1.2.3
1e-
--2
000.e
e10
1e
1e-
000.e
abc
++1
+
1e+
-
.
1e
--2
+
+
0e
1.2.3
1e+
--2
1ee2
1.2.3
1e+
-
abc
1e-
0e
abc
000.e
0e
1e
--2
--2
1.2.3
--2
1ee2
1.2.3
1.2.3
1ee2
1.2.3
000.e
1ee2
e10
abc
e10
e10
1ee2
1.2.3
0e
abc
0e
1.2.3
1.2.3
1ee2
.
abc
1e+
1e+
++1
1e+
.
abc
abc
++1
1ee2
1.2.3
0e
000.e
1e+
000.e
-
+
e10
e10
1e-
--2
1ee2
0e
1ee2
1e-
0e
++1
1ee2
abc
abc
++1
1e-
--2
1e-
1e
1e+
-
1e
1e+
abc
e10
-
e10
.
++1
e10
1ee2
1e+
0e
1e-
1e-
++1
1e-
0e
0e
.
e10
1.2.3
0e
000.e
1e+
000.e
.
--2
+
abc
1e
--2
1.2.3
abc
e10
+
000.e
1ee2
++1
e10
1e-
1e+
abc
1.2.3
1.2.3
-
--2
abc
--2
abc
1e-
abc
.
--2
1.2.3
.
++1
--2
1e
0e
++1
++1
1e+
1.2.3
++1
+
1ee2
.
--2
1e+
abc
-
-
1e+
000.e
000.e
--2
1e
--2
1ee2
1e+
1.2.3
e10
+
-
1e+
1e-
abc
1e-
1e
+
1e+
-
1e
1.2.3
1e+
+
--2
1ee2
1e+
1ee2
-
1e-
000.e
1.2.3
1.2.3
.
1e
+
--2
--2
1ee2
--2
-
1e-
abc
000.e
--2
-
--2
e10
-
-
000.e
++1
--2
.
0e
--2
1.2.3
0e
1e
0e
+
e10
-
000.e
000.e
-
1.2.3
++1
1e-
abc
0e
e10
000.e
-
abc
-
1e+
1ee2
abc
-
1e
++1
0e
++1
1e-
-
1e+
1e-
+
++1
1e-
--2
0e
1e
e10
1e-
abc
1ee2
e10
1ee2
1ee2
1e+
.
abc
1e-
1e
abc
1e+
0e
--2
--2
abc
1e
e10
.
-
.
0e
1e+
+
1e-
+
0e
abc
--2
--2
1.2.3
1e-
+
abc
1e+
000.e
-
e10
e10
1e+
.
.
0e
--2
1e
+
1.2.3
1ee2
++1
-
++1
1e
1e+
1ee2
0e
1.2.3
e10
e10
1ee2
+
1e-
++1
1.2.3
1e-
.
.
e10
1e-
-
1e+
+
-
+
e10
-
e10
1.2.3
1ee2
1ee2
--2
1e-
-
++1
++1
-
.
000.e
.
++1
000.e
000.e
+
1e
0e
e10
e10
1e+
1.2.3
e10
-
--2
1ee2
1e-
000.e
.
e10
1e+
1ee2
000.e
--2
1ee2
e10
1.2.3
++1
e10
0e
1e
1.2.3
1e-
1e
.
++1
+
0e
e10
e10
1e-
e10
abc
+
++1
1e+
0e
abc
1.2.3
1e
000.e
+
1e
1.2.3
abc
abc
+
0e
1e
1e-
1e-
.
e10
e10
1e+
.
e10
1ee2
+
.
000.e
1e-
.
--2
+
1e
1.2.3
abc
1.2.3
1ee2
++1
.
1ee2
.
1ee2
1.2.3
e10
abc
abc
000.e
--2
e10
1ee2
abc
1e
-
0e
++1
1e
--2
1e-
+
1e+
1e+
1e
1e-
000.e
1e-
--2
-
1ee2
1e+
1e
--2
1e-
e10
.
--2
1e+
1ee2
1e+
1.2.3
1ee2
000.e
1e
+
--2
1e+
1e
1e-
+
abc
1ee2
000.e
abc
--2
e10
e10
.
000.e
0e
abc
-
++1
1.2.3
++1
1e-
+
-
.
abc
abc
0e
000.e
.
1e-
0e
1.2.3
1ee2
0e
1ee2
.
1ee2
e10
.
e10
1e
-
+
--2
+
-
-
1ee2
--2
+
+
1e-
--2
1e
e10
.
+
abc
1ee2
e10
000.e
0e
.
1e-
+
++1
-
-
+
1e-
abc
-
+
0e
e10
-
1ee2
+
e10
1e
1e-
1e
--2
--2
1e
1e
1.2.3
1e
++1
1.2.3
0e
1e
e10
1ee2
1ee2
abc
.
1e+
1.2.3
e10
1.2.3
e10
1ee2
1e+
0e
1e+
1ee2
+
0e
++1
1ee2
1e+
1e-
e10
-
1e+
++1
1e
.
++1
1.2.3
.
++1
abc
0e
1e-
1e
e10
++1
1.2.3
--2
+
1e
--2
++1
--2
1.2.3
1.2.3
++1
e10
abc
abc
1e-
abc
1e-
1e
1e
e10
+
1e
e10
1e-
++1
e10
++1
1.2.3
-
1e
++1
0e
0e
1e-
000.e
1e
1ee2
0e
abc
abc
1ee2
1ee2
1.2.3
0e
--2
.
++1
1ee2
.
1.2.3
000.e
1e
abc
-
1e
-
+
000.e
1e+
e10
0e
000.e
e10
1e-
-
abc
1.2.3
abc
abc
e10
1e-
-
--2
++1
.
abc
1.2.3
+
.
0e
000.e
1.2.3
000.e
e10
1e
+
1e+
1ee2
--2
--2
e10
1.2.3
1.2.3
-
++1
1e-
.
abc
--2
abc
abc
1ee2
1e
1ee2
++1
1e
abc
--2
.
1ee2
0e
1ee2
0e
e10
1.2.3
-
.
1e
-
000.e
1e+
1e
.
1e+
1ee2
.
1e
--2
e10
1e-
000.e
.
1.2.3
++1
1e+
--2
+
+
0e
000.e
.
1e-
1e-
1.2.3
.
0e
1e+
-
000.e
1e
e10
e10
000.e
--2
1e-
e10
abc
0e
1e+
.
--2
+
1ee2
.
-
1.2.3
1.2.3
1.2.3
abc
1e+
--2
1e+
e10
++1
++1
1e-
abc
-
e10
1ee2
1e+
.
--2
000.e
+
++1
1.2.3
.
++1
.
.
1ee2
.
1e-
1e-
1ee2
0e
.
1.2.3
.
000.e
1e+
.
0e
e10
abc
000.e
+
0e
1e-
+
e10
+
-
0e
1e+
1ee2
-
.
1e
abc
0e
--2
1ee2
.
abc
.
+
+
1.2.3
abc
++1
e10
++1
-
+
+
0e
.
.
1ee2
1.2.3
++1
1e
--2
abc
1e-
-
1ee2
abc
1e-
+
e10
1e+
000.e
-
++1
1ee2
++1
1e+
abc
1ee2
1ee2
+
1e+
1e-
1.2.3
1e+
0e
+
0e
1e-
000.e
abc
--2
-
000.e
+
0e
++1
1e-
1e
e10
1e+
--2
abc
000.e
1ee2
-
1e
e10
--2
--2
1e-
1e-
-
1.2.3
.
+
1.2.3
++1
++1
0e
1e+
1ee2
0e
0e
000.e
e10
--2
1ee2
e10
1.2.3
-
e10
1.2.3
++1
e10
1e
1e-
-
1e-
+
1.2.3
abc
+
1ee2
1e
1e
1.2.3
0e
1e
0e
abc
++1
1e-
1ee2
1ee2
000.e
-
0e
1ee2
1e+
++1
1e
--2
1ee2
1ee2
-
1e
++1
1e-
1ee2
abc
.
--2
000.e
000.e
++1
.
1e+
abc
+
000.e
000.e
++1
1e+
1e+
1.2.3
--2
abc
.
1.2.3
1e
1ee2
.
+
-
1e-
.
-
e10
-
1e-
1e+
-
++1
++1
++1
abc
1e
abc
abc
abc
abc
1e+
abc
1e
+
1e+
-
.
0e
1e
+
.
1e
000.e
1e-
1.2.3
++1
abc
1e+
0e
1e+
1ee2
1e-
--2
-
++1
1ee2
--2
1e-
1e
0e
1ee2
+
--2
abc
--2
abc
e10
--2
++1
.
++1
000.e
000.e
e10
1.2.3
e10
-
1e-
e10
--2
++1
++1
-
1.2.3
--2
1e
abc
1.2.3
1e
+
1.2.3
-
1e
--2
abc
000.e
1.2.3
1e-
1ee2
0e
--2
.
--2
--2
e10
--2
--2
+
++1
+
1e-
000.e
1e+
abc
--2
1.2.3
--2
1e-
--2
+
abc
++1
0e
-
--2
++1
.
000.e
1.2.3
e10
1.2.3
+
0e
.
-
000.e
e10
.
--2
++1
1ee2
abc
abc
++1
1ee2
++1
--2
++1
e10
1ee2
1e-
+
abc
--2
++1
--2
++1
++1
000.e
abc
1e-
+
1e
1.2.3
++1
--2
1e
.
abc
abc
abc
.
e10
1e+
e10
abc
1ee2
+
++1
--2
1e+
.
-
0e
000.e
1e+
.
++1
1e+
1.2.3
1e
e10
--2
-
1e-
--2
0e
--2
.
1e
000.e
000.e
--2
-
--2
++1
1e+
1ee2
.
abc
.
1e-
0e
1e
+
000.e
1e-
abc
000.e
++1
1ee2
.
++1
1e-
0e
1e
1e-
+
1e+
1.2.3
1e
1.2.3
1e+
1ee2
1e+
e10
+
.
-
1e
1ee2
++1
1e+
1e+
000.e
--2
abc
abc
+
++1
0e
1e-
0e
1e-
++1
abc
e10
--2
1ee2
1e-
abc
1.2.3
abc
1ee2
-
000.e
1e+
e10
++1
0e
.
1e
1e+
+
1e+
.
0e
abc
1e-
abc
+
1.2.3
-
++1
.
abc
.
1.2.3
1e-
-
++1
1e-
0e
+
1e-
0e
000.e
-
--2
.
--2
1ee2
000.e
+
1e
--2
000.e
++1
1.2.3
1e-
.
1e+
1e+
e10
0e
++1
abc
1.2.3
0e
1e-
--2
.
0e
0e
e10
abc
.
1e
--2
+
--2
1.2.3
e10
1e
abc
+
000.e
-
0e
000.e
1e
1.2.3
+
1e
1e+
--2
1ee2
++1
1e-
--2
++1
-
abc
+
e10
1e+
e10
1.2.3
.
1.2.3
.
++1
1e+
000.e
1e+
1e
abc
+
abc
1e
1e
0e
abc
1e+
.
1.2.3
1e-
1e-
1e-
1.2.3
abc
0e
0e
1.2.3
1.2.3
+
1e+
1ee2
1ee2
1e-
++1
1e
abc
++1
1e+
++1
1e-
++1
1e-
abc
1e+
+
0e
1ee2
1e
1e+
1e-
0e
000.e
.
1.2.3
--2
1.2.3
0e
-
++1
1e
++1
000.e
1.2.3
0e
--2
1ee2
1.2.3
+
1.2.3
+
-
1e
000.e
1.2.3
++1
--2
1e+
1e
-
1e
1e+
+
+
++1
-
000.e
0e
1e-
1.2.3
+
++1
1e+
-
-
e10
1e+
1e
0e
++1
abc
-
1e
--2
e10
000.e
+
1.2.3
-
e10
1.2.3
0e
e10
+
1e-
abc
000.e
++1
+
++1
-
1.2.3
1e
1e
++1
1.2.3
.
1e+
e10
1.2.3
1ee2
-
--2
e10
1.2.3
1e
1e
--2
++1
-
000.e
1ee2
000.e
e10
-
--2
++1
-
1e-
e10
1e-
e10
1ee2
++1
e10
++1
000.e
1e-
0e
-
1.2.3
1e+
1.2.3
1e+
-
1e-
1.2.3
000.e
1e-
0e
0e
--2
-
0e
1e+
1ee2
1e+
--2
1ee2
++1
1e
--2
e10
.
1.2.3
0e
1ee2
-
.
++1
+
000.e
1e-
.
1e+
1e+
1e+
abc
0e
abc
1.2.3
000.e
1ee2
1.2.3
1e+
.
e10
+
.
000.e
abc
1e+
+
000.e
abc
++1
--2
1ee2
000.e
-
++1
000.e
.
.
1e+
1e-
1ee2
1e+
1e+
000.e
1ee2
++1
--2
000.e
000.e
0e
1e-
1ee2
000.e
1.2.3
1ee2
++1
--2
-
--2
+
--2
1e
0e
++1
e10
.
1e
1e+
1e+
0e
1e+
1e
-
++1
1e
1.2.3
1e-
abc
++1
--2
++1
1ee2
1e+
1e-
abc
1.2.3
e10
1e+
0e
++1
000.e
000.e
000.e
+
+
000.e
--2
1ee2
1ee2
0e
-
1ee2
1e
1e
-
+
1e-
+
abc
abc
1e+
-
e10
0e
+
1e+
1e
-
0e
--2
000.e
1e
e10
1e+
++1
-
--2
1.2.3
1e+
++1
0e
1e+
1.2.3
--2
000.e
1e-
1e
1ee2
e10
.
++1
0e
1ee2
+
1.2.3
1.2.3
1ee2
e10
000.e
0e
+
000.e
--2
abc
1ee2
1.2.3
abc
++1
1e+
1e-
-
1e
--2
abc
1e
1.2.3
1e-
1ee2
+
.
1e-
.
--2
000.e
+
1e+
e10
.
--2
-
++1
-
000.e
.
000.e
.
e10
1.2.3
0e
1e+
+
1.2.3
1e
-
++1
++1
abc
++1
0e
e10
1ee2
+
e10
abc
+
-
1ee2
--2
1e+
e10
1.2.3
1e+
--2
0e
-
1e
+
--2
--2
1e
e10
1e-
.
+
.
1ee2
000.e
0e
1e-
.
+
+
1e-
abc
--2
1ee2
+
1.2.3
000.e
.
abc
1ee2
1e
.
.
.
1ee2
1.2.3
1e
+
1e
0e
1e+
.
000.e
+
0e
abc
abc
1e-
000.e
++1
0e
1.2.3
-
1ee2
.
0e
1.2.3
1e+
++1
--2
1e-
abc
--2
1e+
-
++1
+
.
000.e
--2
--2
1e+
1ee2
abc
e10
1e
++1
--2
--2
0e
1e-
--2
000.e
1e-
0e
1e-
--2
-
--2
1e+
1e
1.2.3
--2
++1
-
0e
1e-
.
+
++1
1e
1e
+
+
+
1e-
000.e
abc
1e+
++1
1e
1e+
e10
.
+
1e+
000.e
1e
000.e
1ee2
--2
.
--2
--2
1e-
.
++1
+
0e
000.e
--2
1e
0e
1e+
+
1e-
1e-
0e
1.2.3
0e
0e
1ee2
1e
-
1e+
abc
1e-
++1
abc
1e
++1
000.e
1ee2
+
e10
0e
000.e
1.2.3
--2
1e-
1ee2
--2
.
1e
abc
++1
1e-
+
1e-
0e
1e+
abc
.
abc
1e
000.e
--2
000.e
1.2.3
1e-
abc
+
.
1e-
1e
.
000.e
++1
-
1ee2
e10
abc
abc
0e
1ee2
-
1.2.3
e10
e10
1e+
+
.
0e
e10
1e
++1
-
e10
--2
abc
--2
1.2.3
1e+
abc
1e+
abc
1e-
+
e10
--2
1.2.3
.
--2
.
e10
1e+
1e-
1.2.3
.
1e-
0e
.
1e
1e+
000.e
1e-
.
1e-
-
1e-
1e+
000.e
e10
1e
1.2.3
0e
+
.
1.2.3
abc
e10
++1
-
1e-
--2
+
1ee2
1ee2
-
0e
000.e
1ee2
--2
abc
e10
abc
1.2.3
++1
+
abc
.
0e
e10
abc
1e+
000.e
+
--2
++1
1ee2
-
--2
.
e10
000.e
1ee2
e10
++1
1e
1e+
1ee2
1.2.3
e10
1ee2
1e-
.
0e
1e+
1e+
-
1e
1ee2
-
1ee2
1e-
1e-
-
++1
1.2.3
1.2.3
1e-
.
--2
1ee2
1e-
abc
0e
e10
0e
++1
--2
++1
1e
++1
abc
--2
1ee2
abc
1e+
-
1e-
abc
000.e
0e
+
--2
1e-
e10
.
1.2.3
++1
1ee2
abc
+
1e
.
-
1e-
+
000.e
0e
1ee2
1e
.
1ee2
1e
+
++1
1e
++1
1ee2
000.e
1.2.3
.
1ee2
1e-
1e+
1.2.3
++1
0e
0e
1.2.3
1e-
1.2.3
1e+
+
+
1e+
.
++1
+
++1
e10
1.2.3
-
1e-
0e
abc
1ee2
+
--2
0e
1.2.3
1.2.3
e10
-
1.2.3
++1
1.2.3
1e-
1e+
0e
abc
-
.
+
1.2.3
1e
1.2.3
1.2.3
-
-
1e+
1ee2
000.e
1e
0e
e10
-
abc
1.2.3
abc
1e-
1.2.3
000.e
abc
--2
+
++1
+
1e+
0e
1.2.3
0e
1e+
1.2.3
.
-
++1
.
abc
+
+
000.e
++1
1ee2
1e+
0e
1ee2
1e-
-
0e
1e-
e10
1e-
abc
000.e
1.2.3
0e
000.e
1ee2
++1
000.e
1e-
+
-
e10
.
0e
1.2.3
1ee2
abc
1e+
0e
e10
1ee2
-
--2
++1
.
1e+
1ee2
000.e
abc
0e
1.2.3
+
e10
1e
-
1e-
000.e
1ee2
000.e
--2
1ee2
e10
1e-
-
e10
-
1ee2
e10
e10
1e
1e
1ee2
++1
1e+
--2
1.2.3
1e+
1.2.3
0e
abc
+
--2
.
.
0e
.
-
+
.
abc
1ee2
1e-
1.2.3
1e+
+
1e+
1e
1e
1e-
000.e
-
1e-
1ee2
1e+
1e+
1e
1.2.3
1e
--2
+
abc
+
++1
1.2.3
1e+
abc
.
--2
+
0e
-
1e-
++1
1e-
-
-
abc
1e+
1ee2
1e+
e10
e10
1.2.3
1e+
1e-
1.2.3
000.e
000.e
-
--2
+
.
abc
--2
1e
--2
1ee2
++1
+
1e+
1e
1ee2
0e
1.2.3
.
000.e
-
++1
abc
1e
1.2.3
abc
1e-
1e+
1e
000.e
-
+
000.e
1e
1.2.3
1ee2
1e-
000.e
1.2.3
000.e
++1
000.e
1ee2
.
+
+
++1
-
.
1.2.3
.
.
--2
e10
1e-
000.e
.
1ee2
e10
1.2.3
1.2.3
abc
1e+
+
.
abc
1e-
+
1ee2
.
000.e
--2
1.2.3
1e-
1ee2
abc
1e-
e10
000.e
-
abc
1.2.3
1ee2
1e
1e+
-
0e
abc
000.e
1.2.3
000.e
-
-
1e-
-
-
.
++1
-
e10
--2
e10
1e-
--2
1e
1e
1e-
.
-
1ee2
abc
abc
1e-
1e+
1e+
1e
++1
000.e
000.e
0e
++1
1e-
++1
+
1e+
000.e
abc
.
--2
1e-
1ee2
1ee2
1e+
1ee2
000.e
--2
abc
1e-
1e+
1e
abc
abc
abc
--2
.
1.2.3
.
1ee2
.
++1
1e+
1ee2
1ee2
1e-
1.2.3
++1
--2
-
1e-
--2
-
.
000.e
+
1ee2
-
e10
++1
++1
1e
abc
e10
1.2.3
000.e
--2
e10
.
.
e10
abc
-
e10
1e
-
--2
--2
++1
0e
1e+
1.2.3
+
--2
1e+
e10
000.e
1e+
1ee2
000.e
+
1e-
abc
--2
e10
abc
--2
1e
1e-
0e
+
-
1.2.3
.
e10
-
-
++1
1e
--2
--2
1e+
1.2.3
-
--2
0e
--2
1.2.3
++1
--2
++1
000.e
abc
1e
+
e10
0e
.
0e
1e
1e-
abc
+
1.2.3
+
+
000.e
-
++1
--2
1e-
+
1ee2
--2
+
1.2.3
1ee2
-
e10
1.2.3
+
0e
+
e10
1e+
--2
e10
1ee2
abc
abc
+
1e+
abc
+
0e
1e
000.e
+
1e-
1e+
.
--2
--2
.
+
1e+
abc
.
abc
1e+
abc
-
abc
abc
+
.
e10
abc
.
++1
.
--2
1e
abc
++1
abc
++1
1e-
--2
1.2.3
1e
++1
1.2.3
e10
1e+
abc
1e-
1ee2
+
--2
.
1e
1e-
+
abc
1e-
1e+
1e
1e
e10
1e-
1e
-
-
1e+
-
-
.
000.e
1e+
+
0e
1e
1.2.3
.
1ee2
1e+
1.2.3
000.e
1ee2
+
++1
1ee2
1ee2
e10
e10
--2
0e
-
++1
1e
1e+
++1
1e+
--2
abc
1e-
--2
--2
+
1e-
1.2.3
000.e
e10
.
000.e
1.2.3
--2
++1
+
e10
+
000.e
000.e
abc
-
0e
1ee2
.
1e
1ee2
1e
000.e
1ee2
1e-
0e
0e
abc
1ee2
+
-
abc
e10
1ee2
1e
000.e
-
e10
1.2.3
-
0e
abc
.
--2
1e+
.
1ee2
--2
1.2.3
1ee2
abc
.
1.2.3
1ee2
-
++1
0e
1e+
1e
--2
.
1e
+
1e+
1e-
1e
1e
+
--2
.
0e
1ee2
++1
1e
-
-
1e+
0e
e10
.
+
1e
--2
--2
1.2.3
000.e
000.e
--2
000.e
1ee2
++1
e10
1ee2
--2
e10
++1
--2
+
1e
0e
0e
1ee2
1e+
e10
+
1.2.3
+
e10
1.2.3
--2
.
abc
.
+
-
1e+
000.e
+
--2
.
e10
abc
1e-
abc
-
++1
1.2.3
000.e
1e
1ee2
.
++1
-
e10
.
1ee2
0e
1e-
.
1.2.3
.
1e
e10
1e-
++1
++1
+
-
0e
--2
1e+
1e+
1e
-
1.2.3
1e
0e
e10
abc
1e-
1ee2
1ee2
-
1e+
0e
1e
++1
--2
+
++1
1e-
1.2.3
++1
0e
1e
--2
1ee2
--2
1.2.3
--2
--2
.
1e+
1ee2
-
1e+
abc
--2
-
++1
-
++1
000.e
1e-
+
1.2.3
+
1e-
++1
1.2.3
1e
++1
abc
abc
-
1e+
+
1e+
1e
.
000.e
0e
e10
+
000.e
abc
+
-
1e+
0e
e10
--2
.
++1
1e-
1e-
1ee2
.
1.2.3
++1
0e
1e+
++1
--2
+
1.2.3
1ee2
++1
.
1e
1e+
-
1e-
1e
e10
-
1e+
1.2.3
e10
000.e
000.e
1e
1.2.3
-
-
1e+
abc
0e
abc
abc
.
e10
++1
1e
1.2.3
abc
000.e
-
0e
000.e
1e
000.e
000.e
1e
1ee2
e10
000.e
1e+
.
1.2.3
abc
1e-
1e
-
-
.
e10
.
abc
1.2.3
0e
0e
++1
++1
1ee2
e10
--2
+
--2
-
0e
--2
-
e10
--2
-
1e
.
.
1ee2
-
++1
-
e10
e10
++1
1e
1ee2
++1
++1
1e+
e10
1ee2
1ee2
1e
++1
1e-
--2
000.e
++1
--2
abc
++1
-
--2
1e
000.e
0e
e10
1e-
1e
0e
--2
1e+
1e
e10
1e+
0e
+
-
.
000.e
1e+
+
-
+
1ee2
-
e10
000.e
000.e
1.2.3
1.2.3
1.2.3
--2
000.e
1e+
.
1e+
0e
1ee2
.
1e
--2
0e
000.e
.
1e-
1e
.
++1
+
.
1e-
abc
000.e
000.e
1.2.3
abc
1e-
000.e
1e-
0e
1e
1e+
--2
--2
abc
0e
-
0e
-
1ee2
e10
1e
0e
1ee2
-
0e
--2
1e
.
--2
++1
000.e
0e
e10
-
e10
-
1e+
++1
.
1e+
1e+
000.e
1e+
+
1e+
+
-
1ee2
+
1e-
--2
abc
.
-
000.e
1e
0e
.
0e
++1
0e
abc
e10
000.e
1e+
+
+
1e+
1e-
-
-
0e
1e-
e10
--2
0e
1ee2
1e+
000.e
--2
1e-
abc
.
1e
1.2.3
abc
+
1ee2
-
--2
abc
e10
000.e
--2
1e-
e10
1e
1e
000.e
abc
1e+
1e+
1ee2
++1
000.e
.
.
abc
0e
000.e
1e+
1e-
1ee2
1e+
.
-
1.2.3
000.e
.
-
1.2.3
++1
1e-
++1
1ee2
1ee2
1e
abc
0e
-
1e+
000.e
++1
++1
1e
1e-
1e+
1e+
1ee2
0e
1e
-
.
1.2.3
--2
1e-
e10
000.e
--2
abc
1.2.3
abc
0e
1e+
1e-
000.e
1.2.3
-
e10
abc
1e+
1.2.3
000.e
1e+
-
1e
-
-
+
++1
1.2.3
e10
1e+
1e-
.
1e-
1.2.3
--2
1e-
++1
1ee2
1e-
abc
1e+
-
1.2.3
.
1e+
1.2.3
0e
abc
1e
--2
--2
++1
abc
+
e10
0e
++1
1.2.3
1.2.3
+
1ee2
0e
1ee2
e10
1e
abc
1.2.3
+
1e+
e10
--2
1e
++1
.
1.2.3
++1
-
000.e
1.2.3
1e-
1e-
.
abc
1e
+
.
000.e
e10
abc
1e
1ee2
abc
1e-
0e
1ee2
e10
1e
000.e
1e-
--2
1.2.3
1.2.3
--2
1e-
e10
+
+
++1
1.2.3
abc
000.e
.
1e+
+
e10
1ee2
--2
--2
1ee2
.
e10
abc
1ee2
.
--2
.
abc
0e
1e-
abc
000.e
1e+
-
000.e
0e
+
abc
++1
1e+
1e+
1.2.3
0e
-
e10
1e
1e-
--2
e10
0e
1ee2
--2
1e-
1e
+
0e
++1
1e-
--2
1ee2
-
1.2.3
1e+
e10
e10
0e
1ee2
-
++1
000.e
--2
+
abc
1e
1e
++1
1e+
e10
-
--2
000.e
000.e
++1
.
--2
.
1ee2
.
1ee2
0e
1e-
.
-
.
--2
++1
1e+
--2
0e
--2
000.e
abc
abc
000.e
+
1e
-
1e
++1
--2
0e
-
+
1.2.3
1e
e10
1.2.3
e10
1e-
.
1ee2
++1
+
--2
1ee2
-
000.e
1ee2
0e
1.2.3
000.e
e10
1e
1e-
++1
abc
abc
++1
000.e
e10
-
+
-
++1
1.2.3
abc
-
++1
1e+
+
1.2.3
1e-
++1
1e+
abc
1e
1e-
abc
0e
--2
1.2.3
.
.
.
+
+
+
1.2.3
abc
abc
abc
0e
.
+
000.e
1e+
1e+
.
++1
.
--2
1ee2
-
1e
1e-
1e
-
e10
++1
1.2.3
1e
--2
--2
000.e
abc
.
e10
1ee2
1e+
0e
0e
+
0e
abc
1.2.3
.
.
++1
.
1e-
0e
000.e
000.e
1e-
1ee2
.
000.e
1e-
-
1.2.3
1e
1e
000.e
0e
1e
1.2.3
abc
1ee2
e10
abc
1ee2
000.e
e10
-
1e+
e10
-
--2
++1
1e
1e
0e
1e+
+
000.e
+
++1
1ee2
.
e10
abc
1ee2
++1
+
e10
000.e
000.e
1ee2
1ee2
1ee2
1ee2
1e+
abc
000.e
1.2.3
1e-
1ee2
-
1e
-
1.2.3
abc
000.e
abc
-
000.e
1ee2
1e
000.e
+
1.2.3
--2
000.e
--2
000.e
-
000.e
abc
.
--2
0e
1.2.3
e10
e10
.
+
1e
1e-
0e
.
1.2.3
abc
--2
abc
1ee2
abc
+
--2
0e
1e-
1.2.3
+
e10
--2
1e+
1.2.3
1e-
-
1ee2
000.e
1e
-
000.e
e10
1.2.3
.
.
1ee2
000.e
1e
1ee2
++1
--2
++1
abc
++1
+
++1
1ee2
e10
1e+
++1
1e+
0e
1.2.3
-
--2
1e+
0e
e10
abc
+
1.2.3
abc
000.e
--2
1e-
1e-
+
abc
1e
1ee2
1e+
0e
1e-
++1
0e
+
1e
++1
.
1e+
1ee2
1ee2
0e
.
1e-
--2
-
.
++1
1e+
1e+
-
+
+
1e
.
e10
1.2.3
abc
.
1ee2
--2
+
1e+
.
000.e
1ee2
+
0e
-
0e
-
-
1ee2
1e+
-
1e-
000.e
1e+
1.2.3
1e
1e
.
1e
+
--2
000.e
--2
.
abc
abc
1.2.3
.
1e
1e+
1e+
1e
.
0e
-
.
000.e
1ee2
1e-
1e
e10
1ee2
--2
000.e
--2
abc
abc
1e
++1
++1
++1
1.2.3
000.e
++1
1e-
1.2.3
1e
1.2.3
1ee2
0e
-
--2
-
++1
--2
1.2.3
000.e
--2
e10
0e
.
1e+
-
.
1.2.3
1e-
1ee2
++1
++1
0e
+
+
1.2.3
--2
000.e
1e-
--2
++1
abc
1.2.3
1e
1ee2
1.2.3
-
1e+
.
1ee2
1e
0e
e10
+
-
1.2.3
0e
1e
--2
+
--2
.
e10
0e
1.2.3
+
++1
-
--2
1e
e10
1e+
+
+
--2
+
1e-
1e-
abc
1e
++1
1ee2
++1
0e
++1
1e-
--2
0e
1e-
0e
--2
000.e
1.2.3
+
1e+
1ee2
1e+
1ee2
000.e
e10
abc
1e
--2
1e+
e10
1e
-
e10
1e-
1.2.3
1e-
abc
000.e
+
+
++1
e10
1ee2
++1
1.2.3
+
--2
000.e
1e-
+
-
++1
1.2.3
1ee2
1.2.3
-
1e-
.
1ee2
--2
e10
e10
1.2.3
1e+
.
+
e10
++1
.
--2
1e+
1e
+
.
+
.
.
--2
1ee2
.
abc
-
1e-
1e-
0e
1e+
000.e
.
1e+
000.e
abc
e10
1e+
000.e
.
++1
e10
.
-
1.2.3
e10
1e-
--2
1e+
0e
-
-
0e
e10
000.e
+
1e+
abc
1e+
1e+
.
--2
.
0e
1.2.3
1e+
--2
1ee2
0e
abc
1e+
1e+
1.2.3
e10
1e
1.2.3
e10
1ee2
--2
--2
1e-
1e+
000.e
000.e
0e
1ee2
abc
000.e
1e
++1
1e-
e10
1.2.3
1e-
1.2.3
abc
--2
+
1.2.3
000.e
--2
1.2.3
1ee2
1ee2
abc
1e
++1
-
1e-
000.e
1.2.3
abc
1e+
--2
000.e
--2
1e
++1
--2
.
.
1e-
0e
-
1e-
1e
1e+
+
1ee2
1.2.3
000.e
+
1e+
+
1ee2
+
0e
1.2.3
000.e
e10
1ee2
1e+
-
1e
e10
abc
0e
1e+
abc
.
-
-
1e
--2
000.e
1.2.3
0e
1e+
+
1e-
++1
1ee2
1ee2
1e-
++1
e10
0e
.
--2
+
1.2.3
++1
1.2.3
.
1e+
1e
++1
-
-
abc
1e-
1ee2
000.e
.
-
000.e
0e
1e+
-
0e
1.2.3
e10
1ee2
.
1ee2
1.2.3
+
1e-
.
abc
+
1.2.3
1e
+
abc
000.e
++1
abc
+
--2
1ee2
++1
--2
-
000.e
--2
1e-
+
-
1.2.3
1e
0e
.
000.e
++1
1e
e10
000.e
e10
1e
abc
000.e
+
+
abc
1ee2
abc
e10
1e-
.
++1
.
.
1e+
--2
++1
0e
+
e10
.
e10
0e
1ee2
1.2.3
0e
0e
+
1.2.3
.
-
.
1e-
.
-
1e
-
1e-
0e
1e-
1e+
1e+
1e-
e10
1e+
--2
0e
1e
--2
1e+
+
abc
1e+
+
1.2.3
1ee2
abc
--2
1e+
.
.
1.2.3
e10
e10
1.2.3
+
1.2.3
1e-
1e-
1e-
000.e
0e
++1
.
1e-
.
0e
.
.
0e
0e
1e-
1.2.3
--2
-
e10
+
abc
++1
abc
.
+
1e
-
1ee2
e10
1e
.
1e-
abc
1e
1ee2
abc
.
1e+
1.2.3
1e
000.e
000.e
000.e
1e-
0e
e10
0e
1.2.3
--2
1ee2
+
-
1e-
1ee2
1e-
abc
1e
--2
1e
1e-
--2
1e-
1e-
1.2.3
1e+
abc
0e
1.2.3
1ee2
1.2.3
e10
abc
1ee2
1e+
1ee2
--2
e10
000.e
abc
-
+
++1
1.2.3
1.2.3
1e-
abc
e10
abc
1e+
+
abc
000.e
.
--2
1.2.3
++1
.
--2
1.2.3
--2
1e+
+
1e+
1e
--2
.
-
++1
1e
--2
1e
000.e
+
1e-
1ee2
1.2.3
abc
1e
1e
+
++1
000.e
1ee2
1ee2
.
++1
-
++1
-
e10
e10
000.e
++1
.
0e
+
1ee2
++1
1e-
1e+
0e
1e-
abc
1e-
1.2.3
1ee2
--2
1.2.3
e10
1e
1e-
1.2.3
+
++1
.
e10
--2
1ee2
++1
1ee2
+
1ee2
abc
000.e
1ee2
1.2.3
1e+
000.e
0e
1e+
1e
++1
e10
abc
.
+
.
e10
-
1ee2
1ee2
1e-
1e-
e10
-
.
--2
1ee2
-
1.2.3
abc
-
-
abc
abc
abc
1e
--2
000.e
1e
000.e
++1
0e
e10
++1
++1
e10
000.e
+
000.e
e10
++1
1e
e10
-
-
abc
1ee2
1ee2
1e+
+
--2
0e
--2
++1
++1
abc
1ee2
1.2.3
1.2.3
++1
1.2.3
000.e
1e+
1.2.3
e10
.
1.2.3
1e+
0e
++1
e10
1e-
1.2.3
abc
.
--2
1ee2
000.e
-
--2
abc
1.2.3
1e-
000.e
-
-
+
abc
-
abc
e10
e10
1ee2
.
abc
--2
--2
000.e
e10
abc
1e-
1e
--2
abc
+
1e
1e-
e10
1e+
+
1.2.3
-
.
0e
e10
++1
-
1e-
++1
--2
0e
--2
++1
1e
1ee2
e10
+
abc
1e-
-
.
1e+
++1
1.2.3
1e-
1e+
abc
000.e
1.2.3
+
1ee2
000.e
abc
-
000.e
000.e
1.2.3
e10
abc
--2
1ee2
+
++1
1.2.3
-
abc
+
abc
++1
1e
abc
+
-
++1
e10
--2
e10
000.e
1.2.3
000.e
--2
1e
++1
1e+
1.2.3
1.2.3
-
--2
abc
1e
1e+
+
1ee2
1.2.3
.
1.2.3
++1
-
0e
1e
1.2.3
++1
1e-
000.e
.
1e+
++1
e10
1.2.3
+
+
1e-
+
1e-
1ee2
++1
1e-
000.e
-
abc
1e+
e10
1ee2
1e
+
1e+
1.2.3
000.e
-
1ee2
-
0e
e10
1e-
-
--2
++1
++1
e10
1e-
-
1e+
e10
abc
1e+
1e+
-
1ee2
++1
000.e
e10
1e+
++1
+
abc
+
+
.
0e
1.2.3
++1
--2
-
1e+
abc
0e
++1
e10
.
0e
++1
1e
1e+
.
e10
000.e
++1
1e-
++1
1e-
--2
abc
e10
+
000.e
1e
1e-
+
1e-
1e
--2
e10
000.e
++1
e10
0e
abc
1e+
1e
1ee2
abc
1e+
000.e
000.e
.
0e
1.2.3
+
000.e
.
1ee2
1ee2
++1
0e
1e
1e
.
++1
1e+
+
000.e
0e
1e
+
+
+
1e+
000.e
1e-
000.e
--2
+
1e-
1.2.3
++1
1e+
-
1e
1ee2
+
1.2.3
1e+
.
1ee2
++1
+
abc
abc
1.2.3
-
1e
1.2.3
--2
--2
1e-
.
000.e
-
1ee2
--2
-
-
--2
--2
+
abc
abc
++1
+
1e-
.
0e
abc
1e
e10
.
abc
e10
++1
e10
000.e
abc
abc
0e
-
0e
+
1ee2
1.2.3
1e
++1
1.2.3
1e-
--2
1e-
.
000.e
1ee2
1e
0e
000.e
++1
1ee2
+
e10
1e
abc
1e
e10
000.e
e10
-
0e
000.e
.
0e
++1
e10
0e
1.2.3
1e
--2
000.e
++1
+
1.2.3
-
e10
1e
abc
.
e10
++1
000.e
1.2.3
1.2.3
e10
1e-
1e
0e
1e
--2
0e
e10
abc
1e+
1.2.3
--2
1e+
e10
1e+
1e
++1
1e+
1.2.3
e10
000.e
1e-
1e+
1e+
1.2.3
1e-
+
1e
1.2.3
e10
e10
1e
1e
+
0e
1.2.3
.
e10
++1
-
.
1.2.3
abc
e10
--2
-
++1
++1
.
1e
0e
++1
-
.
e10
++1
1e-
-
000.e
1e
000.e
0e
+
1ee2
+
1ee2
1e-
++1
000.e
--2
++1
++1
1e+
1e-
1ee2
+
0e
0e
.
.
1ee2
1e-
1e-
++1
e10
++1
1ee2
0e
1e-
-
+
.
1e
1e+
+
1e+
000.e
.
000.e
1e+
1ee2
1e-
1.2.3
--2
1e
abc
000.e
abc
1e+
1e-
abc
1e
1e+
000.e
.
abc
1e-
.
.
+
e10
+
--2
-
1.2.3
1.2.3
++1
0e
1.2.3
++1
+
1.2.3
--2
0e
+
1ee2
000.e
1e-
1e
-
1e+
1e
0e
++1
abc
-
.
1e-
-
1ee2
+
e10
e10
abc
abc
-
+
e10
++1
1.2.3
.
++1
000.e
.
++1
1ee2
--2
1e-
1e
--2
.
++1
++1
-
1e+
e10
0e
1e-
1e-
1ee2
abc
e10
0e
.
-
+
e10
e10
1.2.3
--2
+
--2
abc
0e
++1
1e+
.
+
1e
000.e
abc
--2
abc
0e
1e
1e+
000.e
0e
1e-
e10
+
--2
++1
--2
-
abc
1e-
+
1.2.3
0e
-
-
abc
1e+
++1
1e
1ee2
abc
1ee2
1e
1e
.
0e
1e
1e
1e
1e
+
-
.
++1
-
--2
0e
000.e
++1
--2
1ee2
--2
1ee2
--2
--2
.
.
000.e
+
++1
1ee2
++1
1e-
abc
+
1ee2
-
-
-
1e
--2
+
++1
000.e
-
abc
000.e
1e
.
+
1e+
0e
.
000.e
0e
--2
0e
1e
--2
1.2.3
000.e
1e-
1e
0e
+
1e
1ee2
000.e
0e
e10
1e+
1ee2
++1
abc
+
1.2.3
+
e10
0e
1ee2
1e-
abc
000.e
000.e
abc
abc
++1
1.2.3
000.e
.
000.e
++1
1ee2
abc
abc
1e+
0e
1e+
abc
+
abc
+
1e-
1.2.3
1.2.3
e10
1.2.3
abc
1e
e10
000.e
0e
1e-
1.2.3
1ee2
1.2.3
000.e
1e+
--2
0e
000.e
000.e
.
1ee2
1.2.3
1e
1.2.3
1.2.3
+
--2
e10
abc
-
1e+
abc
1e+
1.2.3
1e-
abc
++1
+
-
1.2.3
-
1.2.3
1e-
000.e
1ee2
1e
000.e
++1
-
000.e
--2
0e
e10
++1
--2
++1
-
++1
1e+
++1
1e+
-
000.e
++1
++1
000.e
++1
.
--2
--2
abc
e10
1e
e10
1ee2
000.e
1.2.3
abc
1e
+
-
--2
--2
1ee2
.
abc
-
--2
e10
-
1ee2
--2
++1
e10
++1
1ee2
e10
++1
+
1.2.3
1.2.3
++1
1e
1e+
1e+
e10
1e-
-
.
1ee2
+
-
1e-
-
.
--2
1e-
e10
1ee2
+
1e
+
1e+
--2
1e
.
-
e10
++1
0e
0e
e10
++1
--2
1e+
++1
1ee2
e10
+
1ee2
e10
000.e
1e-
+
1.2.3
1.2.3
1e+
0e
.
000.e
1e-
000.e
1e
++1
+
.
1ee2
.
.
1e-
1ee2
0e
1e+
++1
.
1ee2
1e-
--2
--2
abc
0e
1e+
1e-
+
000.e
000.e
1e
1e+
-
abc
1ee2
e10
1e
1ee2
+
1.2.3
.
1e+
--2
1e-
--2
.
e10
+
1e+
1e
1e
-
--2
1.2.3
+
-
0e
0e
--2
1e
1e+
1.2.3
1ee2
1e
-
e10
1e
000.e
abc
.
abc
.
1e+
-
1e-
0e
1e+
0e
1e
+
+
+
1e
000.e
1e-
abc
++1
0e
1.2.3
--2
1e-
+
1e-
1.2.3
0e
--2
++1
abc
1e
1.2.3
1e+
+
+
--2
--2
1e
1e+
abc
1e+
1e-
1.2.3
e10
1e-
e10
1e-
0e
abc
1e-
abc
000.e
1e+
++1
-
.
abc
.
0e
0e
1e
--2
0e
000.e
1e-
abc
1.2.3
++1
000.e
1ee2
.
1ee2
1e+
--2
.
++1
1e+
0e
e10
1e-
+
0e
000.e
.
--2
000.e
-
1ee2
++1
--2
++1
1e
++1
1e-
++1
abc
e10
++1
.
-
-
1.2.3
1e
000.e
--2
++1
1ee2
1e
+
0e
-
--2
1e
1ee2
1ee2
-
1e-
abc
1.2.3
++1
1.2.3
abc
0e
+
abc
1.2.3
++1
-
abc
+
++1
+
000.e
-
1e
abc
e10
1e
000.e
abc
1e-
.
1e
++1
+
0e
-
--2
abc
000.e
1e
e10
-
.
-
-
1e-
e10
1e-
e10
abc
0e
.
1e+
1ee2
++1
+
++1
-
abc
1ee2
++1
1ee2
000.e
-
1.2.3
abc
1.2.3
1e
0e
1ee2
--2
++1
1e-
e10
0e
-
+
1e
++1
.
e10
1e-
--2
e10
++1
+
e10
--2
1.2.3
e10
-
abc
1e+
abc
1e
1e+
++1
000.e
1ee2
++1
1e-
1e+
--2
1e+
1ee2
e10
abc
-
abc
1e+
++1
++1
.
1e
1ee2
0e
0e
abc
-
000.e
1e-
--2
000.e
0e
1ee2
000.e
++1
1e-
e10
0e
.
000.e
0e
1.2.3
0e
+
++1
.
+
1ee2
000.e
++1
1.2.3
000.e
.
0e
e10
-
++1
1ee2
abc
1e
1e-
1e+
--2
1e-
1ee2
+
-
-
abc
-
++1
+
+
-
1.2.3
1.2.3
--2
e10
abc
abc
abc
e10
+
1e+
1.2.3
1.2.3
1e-
0e
1e+
e10
+
e10
000.e
000.e
0e
e10
1e
0e
1.2.3
1e-
1e
e10
.
0e
0e
1.2.3
.
e10
1e-
+
+
1ee2
1ee2
0e
1e+
e10
1ee2
.
1e
e10
-
1e
000.e
--2
1e-
1e+
.
++1
abc
000.e
000.e
0e
1e+
1.2.3
0e
++1
1.2.3
1ee2
1e-
1ee2
1e+
+
+
++1
0e
abc
1e-
-
.
.
000.e
1.2.3
+
0e
--2
e10
.
1ee2
1.2.3
+
1e-
abc
000.e
1e+
1e-
1ee2
-
1e-
e10
1e-
1e
abc
1e-
.
1e-
.
abc
1.2.3
1e
.
1e
+
.
+
abc
1.2.3
--2
1e
1ee2
1ee2
abc
abc
-
++1
1e
1e-
-
--2
0e
1e-
1e
1e-
e10
1e-
000.e
1e+
--2
1e+
+
1e
000.e
1.2.3
1e
e10
++1
++1
000.e
++1
000.e
1.2.3
++1
0e
1.2.3
000.e
abc
1ee2
.
1.2.3
.
-
-
+
1e+
1e+
000.e
000.e
0e
e10
1.2.3
1e-
1.2.3
1ee2
++1
e10
++1
+
e10
.
++1
+
-
+
1ee2
1e+
--2
1e+
--2
1.2.3
.
e10
-
.
+
abc
1.2.3
1e
e10
--2
--2
-
abc
1.2.3
1ee2
1ee2
abc
.
1ee2
1e
e10
0e
1e-
1.2.3
1e+
e10
0e
abc
abc
0e
1e-
1e+
abc
1ee2
1e
1ee2
e10
-
1e
--2
1e
.
--2
abc
1e+
-
1ee2
1e-
-
1e-
1e+
1e-
0e
+
1e-
1ee2
-
000.e
1ee2
-
1ee2
++1
0e
abc
.
abc
abc
e10
0e
+
0e
000.e
1.2.3
1e+
--2
0e
000.e
000.e
+
+
1e+
++1
abc
e10
+
1.2.3
++1
1ee2
.
+
+
+
+
abc
-
1e
1e+
1e+
0e
abc
-
000.e
0e
--2
+
1.2.3
+
++1
-
1.2.3
--2
1.2.3
--2
1e
abc
--2
++1
1ee2
1ee2
000.e
-
--2
1ee2
1e
abc
+
1e-
--2
++1
1e+
1e-
++1
abc
++1
.
1e-
000.e
1e+
++1
1e
.
-
1ee2
1e-
--2
.
+
-
1e+
1e-
1e
++1
1e-
+
.
.
abc
1.2.3
1.2.3
1e
1e-
1ee2
1ee2
1.2.3
abc
0e
000.e
e10
1e
000.e
1e-
abc
+
000.e
.
0e
-
abc
--2
1.2.3
-
0e
1e-
1e+
1.2.3
1ee2
1ee2
.
++1
-
e10
abc
e10
1.2.3
1e
e10
000.e
e10
.
.
0e
--2
1ee2
1e
000.e
1.2.3
++1
++1
++1
1ee2
1e
1e-
--2
000.e
1e+
++1
abc
1ee2
++1
0e
1.2.3
+
1ee2
1ee2
--2
e10
-
0e
1e-
0e
1e-
0e
++1
++1
0e
1.2.3
+
000.e
++1
1e+
.
--2
1ee2
.
abc
.
1e
e10
abc
.
000.e
.
000.e
.
1e-
abc
--2
--2
1.2.3
e10
e10
+
0e
.
+
+
000.e
000.e
1.2.3
++1
1e-
000.e
000.e
--2
000.e
000.e
1e-
.
1ee2
abc
abc
++1
000.e
1.2.3
abc
e10
e10
.
e10
e10
-
-
abc
000.e
000.e
1.2.3
1e
1ee2
1e-
0e
++1
1.2.3
000.e
++1
1e+
e10
+
++1
000.e
1ee2
1ee2
++1
1e
--2
1.2.3
abc
--2
1e+
1e+
++1
--2
+
e10
1ee2
000.e
++1
.
1e+
1e+
0e
1ee2
000.e
000.e
1.2.3
-
e10
1ee2
1ee2
--2
abc
++1
e10
e10
1ee2
--2
1.2.3
--2
0e
000.e
1e+
e10
.
abc
++1
.
1e
e10
1e-
1e
abc
1e-
0e
++1
000.e
1.2.3
1e+
1ee2
1e-
-
000.e
1.2.3
.
1e
abc
1e-
.
+
1e+
1e
.
e10
1ee2
e10
-
000.e
abc
1e
000.e
1.2.3
abc
abc
000.e
1ee2
abc
1.2.3
000.e
abc
e10
1e
1.2.3
1e
1e
000.e
1e-
1e-
+
1e-
.
.
0e
1.2.3
1e-
1.2.3
++1
000.e
abc
0e
1e
1e
--2
000.e
0e
e10
--2
abc
1e+
--2
000.e
e10
abc
000.e
1e+
.
++1
--2
1e
1.2.3
0e
0e
+
abc
--2
e10
.
--2
-
+
1ee2
--2
1e
0e
abc
0e
1e-
abc
.
1.2.3
1e+
1e+
1e
-
e10
+
0e
-
0e
+
-
abc
-
1e
0e
000.e
+
--2
e10
+
0e
abc
--2
e10
1e
1e
--2
1ee2
abc
--2
1.2.3
1e-
1e-
1.2.3
1e
0e
1e-
.
++1
abc
-
--2
++1
1e-
1e+
1.2.3
-
++1
.
1e+
e10
abc
1.2.3
1.2.3
000.e
e10
000.e
1e
000.e
abc
000.e
++1
+
-
e10
1e-
+
e10
.
0e
1.2.3
-
++1
1ee2
1.2.3
-
1.2.3
.
1.2.3
e10
+
--2
--2
1e+
+
1e-
abc
1e
abc
1.2.3
++1
1ee2
0e
1.2.3
+
1ee2
--2
000.e
.
1.2.3
-
++1
-
e10
--2
1e
1ee2
1ee2
-
1.2.3
1ee2
1ee2
1e+
1ee2
++1
--2
0e
1ee2
000.e
000.e
000.e
1ee2
1e-
-
+
.
1e
1ee2
++1
1e-
++1
1ee2
e10
.
--2
1e-
0e
1ee2
e10
1ee2
-
++1
0e
--2
--2
--2
-
1e-
-
abc
e10
-
0e
1.2.3
e10
1e+
-
e10
++1
--2
1e+
0e
--2
+
000.e
000.e
000.e
1e
+
e10
1e-
1e+
0e
++1
0e
1.2.3
+
.
1.2.3
e10
1e+
++1
++1
1e+
1ee2
.
.
+
1e
.
1e
-
++1
1e+
000.e
1ee2
1.2.3
e10
1e-
1e+
1.2.3
1e+
000.e
+
.
e10
.
+
1e+
000.e
-
1e-
000.e
++1
-
1e
1e-
.
+
e10
1ee2
--2
0e
1e-
1ee2
-
1ee2
000.e
.
0e
1e-
0e
-
abc
1e+
1e+
abc
000.e
1e-
1e-
1e+
abc
1.2.3
.
1.2.3
abc
--2
--2
--2
e10
1ee2
++1
e10
000.e
abc
.
.
1.2.3
1e
-
1e+
000.e
1ee2
1ee2
+
000.e
1e+
1e-
-
1e-
1ee2
.
e10
1ee2
1e+
++1
++1
0e
0e
++1
0e
000.e
e10
+
--2
1ee2
0e
++1
1e-
1.2.3
000.e
.
abc
e10
1e
1e+
1.2.3
-
++1
000.e
1e-
1.2.3
1e
1e+
1e
0e
e10
e10
--2
000.e
1ee2
++1
+
++1
1e+
e10
+
-
0e
1.2.3
e10
1.2.3
1.2.3
e10
--2
1.2.3
+
e10
abc
000.e
e10
1ee2
--2
0e
1.2.3
000.e
0e
1ee2
++1
abc
1.2.3
1e
+
+
++1
0e
e10
1e-
--2
abc
++1
.
.
0e
000.e
0e
000.e
.
-
.
1e
1e
e10
1e
1.2.3
.
+
1e+
e10
--2
--2
abc
1e-
e10
--2
1.2.3
++1
e10
.
1e+
--2
+
000.e
1e
1e+
1e-
1e
1.2.3
.
0e
1ee2
--2
.
1.2.3
++1
-
1e+
++1
e10
0e
e10
.
--2
000.e
--2
-
++1
1e
1e+
e10
1ee2
+
1e
+
000.e
e10
+
1.2.3
--2
000.e
1.2.3
1e-
--2
1e-
.
-
1ee2
+
1.2.3
++1
1e-
1e
000.e
000.e
.
1e
1e
1e
1ee2
-
abc
--2
e10
.
abc
1ee2
1.2.3
0e
1ee2
1e-
1e+
+
++1
--2
abc
1ee2
+
-
-
.
e10
0e
1ee2
.
e10
1e
e10
-
e10
000.e
--2
1e-
--2
abc
1e-
++1
1ee2
++1
0e
e10
1e-
e10
1e+
-
-
e10
1.2.3
1ee2
abc
1e-
1e+
+
000.e
abc
1e
e10
1e-
000.e
+
0e
e10
1e+
abc
+
--2
0e
0e
.
000.e
.
1e-
1ee2
1e
++1
1e
1e+
1.2.3
1.2.3
-
000.e
000.e
++1
e10
abc
0e
--2
-
1e
0e
000.e
--2
+
.
++1
1e+
e10
0e
1.2.3
.
+
1e+
++1
0e
--2
+
1e-
000.e
-
1e+
+
.
.
1e+
.
+
1e
-
000.e
1ee2
0e
000.e
++1
+
-
000.e
1ee2
1e
+
1e-
--2
000.e
1.2.3
++1
1ee2
000.e
000.e
1e-
--2
abc
0e
1e+
000.e
-
e10
000.e
1e+
abc
1ee2
1.2.3
1e+
1e+
000.e
1e-
000.e
abc
000.e
e10
1e
abc
.
000.e
.
1.2.3
-
1.2.3
1e-
1e
-
1e-
1.2.3
++1
0e
0e
1e-
1ee2
--2
--2
1.2.3
.
1e+
1e-
.
000.e
.
1e
1.2.3
0e
000.e
1.2.3
abc
1.2.3
1e+
++1
0e
abc
1e-
000.e
000.e
000.e
000.e
0e
--2
1.2.3
1ee2
1e-
.
.
1ee2
abc
1e-
++1
1e
1e-
1.2.3
1e-
1e+
++1
.
1ee2
1e
--2
e10
1e+
e10
--2
.
+
1e+
++1
1e+
1e-
1e-
1ee2
1e+
1e
e10
-
1.2.3
--2
abc
e10
1ee2
--2
+
++1
-
abc
1e
1e-
abc
e10
--2
1e+
000.e
.
1ee2
++1
1.2.3
+
1e
++1
--2
1e-
1e
1ee2
1e+
e10
000.e
0e
--2
+
+
1e-
abc
1e
.
1ee2
.
++1
1e+
1e+
1e-
+
abc
e10
-
e10
1ee2
e10
--2
1e+
abc
abc
e10
-
000.e
1e
1.2.3
--2
++1
--2
--2
0e
1ee2
.
--2
1ee2
1ee2
1ee2
e10
--2
-
+
.
1e
-
abc
-
1e+
1e
1e+
+
abc
1e-
1.2.3
1.2.3
++1
+
1e+
1e-
1e-
1e-
1e-
000.e
1ee2
1.2.3
1e
--2
1e-
1ee2
000.e
--2
1e-
e10
-
-
1e+
++1
000.e
.
1ee2
1e+
abc
0e
1e
++1
++1
1e-
++1
++1
1e+
abc
1e-
-
1e+
1.2.3
1e+
+
.
--2
1e
+
1e+
++1
1.2.3
+
0e
1ee2
++1
abc
abc
1e-
1e-
000.e
e10
abc
e10
++1
e10
0e
1e+
1e
0e
1ee2
1e+
1e-
+
1e+
1e-
1ee2
1ee2
++1
e10
--2
e10
.
1ee2
--2
1e-
abc
.
1ee2
1e-
1e
1.2.3
0e
0e
e10
--2
e10
-
1.2.3
1e+
e10
-
1e-
.
+
1e-
1e+
000.e
.
000.e
++1
1e-
--2
+
-
.
1.2.3
0e
-
0e
1e
0e
000.e
1e-
e10
0e
1e+
-
+
1e+
1e
+
--2
-
abc
e10
.
1e+
1ee2
++1
1e-
1e-
-
-
1e
abc
.
++1
--2
000.e
1e
-
0e
1e
-
1e-
1.2.3
1ee2
1e
0e
000.e
e10
1e+
-
1e-
abc
0e
--2
++1
abc
.
1.2.3
-
0e
1e+
e10
0e
--2
abc
1ee2
--2
1e
1.2.3
1e-
.
abc
++1
-
+
1.2.3
1e+
++1
-
.
000.e
1e+
0e
1e+
1.2.3
e10
--2
-
++1
-
.
.
0e
1.2.3
1ee2
+
000.e
1ee2
abc
1e+
1.2.3
1e
1e
1e+
1e
e10
000.e
abc
abc
1.2.3
1.2.3
1e+
1ee2
1.2.3
1e-
e10
++1
1e
1e+
000.e
1ee2
++1
1.2.3
0e
0e
e10
++1
-
000.e
.
--2
1e
--2
e10
1e+
e10
++1
1ee2
++1
-
+
000.e
1e+
000.e
.
-
++1
+
1e-
-
abc
abc
1e-
abc
1ee2
++1
1e
000.e
1ee2
.
-
--2
000.e
1ee2
1e+
1e
abc
1e-
-
1ee2
--2
0e
abc
1e-
-
1ee2
.
0e
++1
--2
e10
e10
+
1e-
+
e10
--2
1e
1e+
+
1.2.3
1ee2
e10
0e
1ee2
-
1ee2
1e-
1e
++1
--2
abc
000.e
1.2.3
.
1.2.3
0e
0e
.
000.e
0e
1ee2
000.e
abc
+
1ee2
abc
--2
1.2.3
abc
e10
1ee2
--2
1e
e10
abc
abc
e10
1e-
1e+
0e
+
--2
++1
1e-
.
++1
-
e10
abc
1e+
.
.
abc
-
1ee2
+
1e-
.
+
--2
1e+
-
e10
abc
abc
.
0e
.
e10
1ee2
1e
1e+
1ee2
++1
0e
1ee2
+
1e-
1e
.
1e-
1e-
++1
1.2.3
1.2.3
+
e10
1e
.
1e-
--2
--2
1.2.3
1.2.3
000.e
abc
-
--2
0e
e10
1e-
-
1e
+
+
e10
1e
++1
.
e10
abc
1.2.3
+
1.2.3
-
--2
.
1.2.3
1.2.3
1e-
+
0e
000.e
1ee2
.
1.2.3
++1
1.2.3
1e+
0e
+
0e
--2
1ee2
0e
--2
.
1ee2
1e
1.2.3
.
1ee2
1e-
-
e10
-
1.2.3
++1
1ee2
abc
abc
1e
1e-
++1
1ee2
1e
1.2.3
e10
000.e
1e-
1.2.3
--2
1.2.3
1e-
e10
e10
.
1.2.3
e10
--2
--2
e10
abc
1e-
000.e
1e-
+
1e+
.
1e-
e10
-
.
.
abc
1.2.3
+
.
1e+
1e
.
1e
000.e
++1
0e
.
.
000.e
1e+
0e
abc
--2
e10
1e
abc
000.e
-
++1
1e
--2
++1
1e
--2
0e
e10
-
1e
+
0e
1e
1e
++1
e10
000.e
+
1e
0e
e10
0e
1e
1e+
1e
abc
1e+
1ee2
1e-
abc
abc
1ee2
abc
.
1e
++1
1e
1e-
000.e
1.2.3
--2
.
000.e
+
--2
000.e
1.2.3
.
e10
abc
000.e
-
abc
-
1e+
--2
-
0e
abc
0e
1e
0e
1ee2
--2
abc
1.2.3
abc
.
0e
1e
1e-
--2
1e+
abc
1ee2
1e-
abc
1e
abc
0e
abc
000.e
1e
000.e
e10
e10
.
-
1e
+
0e
1e-
++1
0e
+
000.e
e10
e10
1e-
1.2.3
++1
.
.
000.e
0e
000.e
e10
++1
+
0e
+
e10
--2
e10
e10
1e
abc
.
1e+
.
e10
abc
1e
++1
0e
--2
0e
--2
++1
+
0e
1.2.3
abc
1ee2
000.e
1e
1e
abc
-
abc
1ee2
--2
e10
1e
abc
.
+
e10
.
-
.
abc
1e-
-
0e
-
e10
0e
++1
1ee2
+
1e+
0e
0e
e10
1ee2
++1
0e
1e
1e
.
0e
.
e10
-
1e+
1e
1ee2
1e
1e+
000.e
e10
.
000.e
000.e
1e+
1e
-
1e-
++1
-
.
1ee2
1ee2
000.e
1.2.3
abc
000.e
--2
abc
1e
1e+
1e+
1e-
--2
1e
1e+
000.e
e10
1.2.3
e10
1e
1ee2
1.2.3
1e-
000.e
--2
-
1ee2
1e+
1e+
0e
1ee2
+
000.e
--2
0e
1.2.3
1ee2
1e-
abc
1e
1e-
e10
-
-
.
000.e
0e
+
e10
+
000.e
1ee2
-
++1
++1
1e
-
-
--2
1.2.3
1ee2
0e
.
1.2.3
1ee2
abc
000.e
.
--2
1ee2
e10
1e-
1ee2
000.e
1ee2
e10
--2
000.e
abc
--2
-
e10
abc
1.2.3
--2
1e
e10
-
0e
000.e
0e
1e-
abc
.
++1
-
abc
0e
.
1e+
1ee2
-
1e+
-
1ee2
1.2.3
++1
1e+
0e
1ee2
.
0e
++1
e10
-
abc
abc
1e+
1ee2
-
000.e
.
abc
1e-
++1
++1
0e
--2
--2
1e
0e
1e+
-
0e
0e
.
-
1ee2
1.2.3
-
.
1e
++1
000.e
1e
--2
1ee2
000.e
1ee2
1.2.3
.
.
1.2.3
.
+
-
-
--2
++1
--2
abc
-
.
1ee2
abc
1.2.3
--2
000.e
.
++1
1.2.3
1e
--2
0e
0e
abc
+
1.2.3
1.2.3
1e
1e-
1.2.3
1e+
e10
--2
1ee2
1e
1e+
-
1e+
0e
0e
1e
+
e10
1e-
1e
1e+
e10
+
0e
++1
000.e
+
++1
-
--2
000.e
1e-
1ee2
abc
-
1.2.3
++1
000.e
-
-
000.e
--2
1ee2
1e+
e10
1.2.3
1.2.3
1e
e10
1e
1.2.3
+
1e
1ee2
1e+
++1
++1
000.e
0e
1e
0e
1e
+
++1
abc
1e
1ee2
-
1ee2
1.2.3
0e
1.2.3
000.e
0e
1.2.3
1e+
++1
000.e
1ee2
1e+
--2
e10
0e
--2
1e+
++1
1e+
+
1.2.3
--2
0e
.
000.e
abc
.
abc
--2
--2
000.e
1.2.3
1e-
--2
000.e
0e
.
1e+
1e-
1e+
-
0e
e10
+
.
1ee2
0e
--2
-
1e+
abc
1e
.
1.2.3
1e+
1.2.3
++1
1e+
--2
1.2.3
1e-
++1
1.2.3
000.e
0e
.
1.2.3
.
abc
0e
1.2.3
1.2.3
0e
000.e
--2
-
1e
0e
abc
-
0e
000.e
0e
--2
-
1e-
1e-
0e
0e
1e-
++1
+
1e-
0e
abc
.
1e
1e
000.e
1e
0e
++1
1.2.3
--2
1.2.3
1e
1e+
++1
000.e
--2
+
1ee2
--2
1e
1e+
1e
++1
abc
1ee2
1.2.3
000.e
000.e
1.2.3
1e
.
+
-
--2
0e
1e
000.e
1ee2
abc
.
1.2.3
1e-
000.e
1.2.3
1.2.3
.
-
0e
.
0e
0e
1.2.3
1.2.3
abc
++1
--2
1.2.3
1.2.3
++1
1e
1.2.3
++1
1e
1e-
abc
1.2.3
1e-
1ee2
1e-
+
e10
1.2.3
e10
1e-
abc
1e-
--2
1ee2
0e
1ee2
000.e
e10
000.e
.
1.2.3
.
e10
e10
+
.
+
--2
1.2.3
--2
1.2.3
1e+
0e
1e
1ee2
abc
++1
1.2.3
e10
--2
+
.
-
1ee2
000.e
1ee2
+
1.2.3
--2
1e
e10
1.2.3
.
--2
000.e
-
1e+
+
1.2.3
1.2.3
1e-
abc
+
1e-
.
++1
1e-
-
--2
+
+
1.2.3
000.e
1e-
1.2.3
e10
1e-
abc
1ee2
abc
1ee2
abc
--2
-
1.2.3
++1
e10
--2
1ee2
1e
1e+
.
--2
.
0e
0e
1e
abc
000.e
1e
1ee2
0e
000.e
+
abc
1e+
1ee2
abc
+
++1
1e+
1ee2
1e+
-
abc
1.2.3
1e
.
1e
+
abc
000.e
-
1.2.3
1ee2
--2
+
0e
1e+
e10
1e+
--2
1ee2
+
1e
-
-
abc
+
1e
1e+
1e+
0e
.
1.2.3
1ee2
1e
++1
1e+
.
1e-
.
1.2.3
1.2.3
++1
abc
000.e
e10
000.e
+
1e-
abc
.
000.e
1e
.
.
1e+
1e-
abc
e10
1ee2
-
000.e
1e-
abc
-
1e-
+
-
e10
e10
.
+
1e+
000.e
000.e
++1
++1
++1
e10
e10
1e
--2
0e
e10
--2
--2
1ee2
e10
++1
1e-
++1
--2
1e
1e+
1e-
1e
.
0e
--2
0e
1ee2
000.e
1e-
-
abc
1e+
1ee2
abc
0e
.
1e
--2
1e-
abc
abc
++1
+
000.e
-
+
1e-
e10
1e
+
.
--2
1e-
e10
+
++1
1e-
1e-
000.e
0e
abc
000.e
000.e
000.e
1e-
000.e
+
--2
0e
000.e
0e
-
1e
1.2.3
abc
abc
.
000.e
1e-
.
++1
000.e
.
e10
--2
--2
+
000.e
+
1e
1ee2
000.e
1ee2
0e
1ee2
--2
-
e10
+
1e-
-
1e-
1.2.3
+
e10
1e-
-
0e
000.e
1e-
1ee2
e10
-
.
abc
--2
-
abc
.
abc
1e-
.
+
+
1e+
e10
1e
-
-
-
1e
abc
--2
1e-
1e+
1.2.3
1e-
0e
--2
1e+
1.2.3
++1
1.2.3
--2
0e
1e-
-
1ee2
1e-
--2
++1
000.e
--2
000.e
-
++1
-
.
0e
.
e10
--2
1.2.3
--2
1.2.3
000.e
++1
e10
000.e
.
0e
-
1.2.3
abc
0e
--2
0e
abc
1e+
1.2.3
e10
1e-
1e-
1e-
1e+
++1
.
1.2.3
abc
1ee2
--2
1e-
.
+
-
++1
++1
++1
1ee2
1ee2
++1
abc
1ee2
--2
++1
0e
abc
1e+
--2
+
1e-
abc
1ee2
1ee2
1e+
1e+
+
1e
1.2.3
.
0e
+
e10
1.2.3
-
1e+
1ee2
1e-
abc
000.e
abc
e10
abc
000.e
e10
0e
1e
1e+
+
-
1e
000.e
1e+
1ee2
1ee2
1e-
e10
000.e
-
1.2.3
+
+
0e
e10
1e-
1e
-
1.2.3
e10
abc
1e-
1e-
1ee2
1e-
000.e
1e-
-
--2
0e
000.e
1e
abc
.
--2
000.e
.
++1
.
abc
1ee2
1.2.3
000.e
++1
+
e10
-
1.2.3
++1
1e+
1e+
e10
000.e
e10
1ee2
1e-
0e
+
1ee2
.
1ee2
++1
1e+
1e
1.2.3
1e+
1e+
e10
abc
0e
000.e
1e+
.
abc
abc
+
--2
1e
.
e10
e10
--2
+
+
.
1e
0e
1e-
.
-
1e-
1ee2
1.2.3
--2
.
-
1ee2
abc
-
1ee2
++1
1.2.3
1ee2
1ee2
-
.
+
abc
000.e
+
1e-
.
.
1e-
--2
1.2.3
1e-
-
-
.
1e-
e10
1ee2
e10
1e-
1e-
000.e
e10
000.e
000.e
.
abc
++1
0e
-
+
1.2.3
0e
1e
0e
0e
000.e
--2
1ee2
++1
--2
1e
0e
1e-
abc
1e-
.
1e+
--2
++1
.
++1
-
1e+
000.e
1ee2
--2
1e+
1e-
1e-
+
e10
1e+
1e+
000.e
-
1ee2
1e-
+
1e+
1e+
e10
abc
+
1.2.3
1e+
1ee2
1e
0e
0e
0e
1ee2
abc
+
0e
1e-
++1
0e
1ee2
1e+
abc
1e
1e-
-
abc
1.2.3
1ee2
--2
0e
+
000.e
000.e
+
1e-
.
++1
--2
000.e
1ee2
000.e
.
e10
-
000.e
1e-
000.e
-
1e
e10
1e
1e+
++1
0e
1e-
000.e
+
0e
1e+
1ee2
+
abc
-
e10
1ee2
0e
1e
1e+
1ee2
abc
+
000.e
e10
1e-
0e
.
-
1e+
0e
++1
1e
-
1e-
0e
1.2.3
1ee2
1e+
-
++1
-
abc
+
0e
1ee2
1.2.3
0e
1e-
000.e
.
1e
1.2.3
1.2.3
.
e10
1e+
+
1e
.
1e+
1e-
++1
1e
.
abc
e10
.
--2
-
000.e
-
e10
-
.
+
1e-
++1
000.e
1ee2
.
+
0e
000.e
++1
1e
abc
1ee2
abc
+
1.2.3
+
--2
1ee2
e10
.
000.e
abc
e10
0e
1.2.3
000.e
+
0e
0e
+
1.2.3
1e
+
--2
++1
++1
1e-
1e-
0e
1.2.3
--2
000.e
000.e
--2
-
1e
abc
abc
1.2.3
--2
-
--2
.
++1
1.2.3
.
.
--2
0e
1e+
-
1e
1e+
000.e
1.2.3
000.e
1ee2
++1
1e+
-
abc
0e
0e
1e-
--2
++1
1e-
1e-
0e
+
1ee2
.
1.2.3
0e
000.e
000.e
--2
1e-
abc
000.e
+
-
1e+
1ee2
e10
1.2.3
1e
e10
1e
1e-
1e-
1e+
--2
e10
1e+
1ee2
+
0e
0e
+
.
1e-
abc
+
e10
++1
+
abc
abc
+
+
1e+
abc
1.2.3
1e
0e
0e
1e-
1e
1e+
++1
1e
.
abc
1e
000.e
abc
000.e
1.2.3
1.2.3
abc
-
e10
.
abc
e10
0e
e10
0e
abc
1e-
abc
-
+
1ee2
-
.
.
e10
-
+
000.e
1.2.3
abc
-
+
1e-
+
++1
.
+
.
abc
1e
1ee2
++1
abc
e10
.
1e+
1.2.3
.
1e
++1
0e
1e
.
000.e
0e
--2
-
0e
1e
1.2.3
.
.
--2
--2
+
1e-
0e
1e-
1e
1.2.3
e10
++1
1ee2
1ee2
1.2.3
e10
1ee2
abc
--2
1e+
1.2.3
e10
1e
1.2.3
+
1e
1ee2
.
1e
1e-
++1
e10
0e
++1
000.e
1e-
-
--2
++1
.
1ee2
.
1e
--2
1.2.3
.
+
e10
.
--2
1ee2
1e-
e10
+
1e-
1e+
e10
0e
abc
+
1e+
1e
e10
1ee2
1e+
0e
1e-
1ee2
.
1e-
0e
abc
++1
++1
e10
0e
1e-
--2
0e
-
0e
0e
-
0e
-
0e
++1
1ee2
0e
abc
1ee2
1.2.3
abc
.
+
1.2.3
1e
.
1e+
000.e
abc
1ee2
000.e
1ee2
abc
++1
++1
1.2.3
abc
e10
000.e
--2
0e
-
1.2.3
++1
1e-
0e
1.2.3
000.e
+
1ee2
0e
1ee2
1.2.3
1e-
1.2.3
1.2.3
-
abc
1e
e10
abc
abc
++1
000.e
1.2.3
1e
--2
1e
1.2.3
0e
1e-
+
1e-
1e-
++1
000.e
000.e
abc
e10
1e
1ee2
1.2.3
-
-
+
1e-
1e
++1
-
0e
e10
+
1e
e10
--2
abc
1e-
abc
0e
abc
1e-
1e+
000.e
--2
.
1e-
+
0e
1e
abc
1.2.3
--2
e10
+
-
-
1ee2
e10
--2
abc
1.2.3
1.2.3
000.e
++1
0e
-
-
1e+
1ee2
0e
e10
000.e
1.2.3
.
--2
e10
1e
1e+
.
-
--2
1ee2
+
1.2.3
1ee2
000.e
1e-
000.e
1e+
1ee2
e10
1e+
e10
1e+
000.e
1e
abc
1ee2
-
++1
1.2.3
--2
1ee2
-
e10
1e-
abc
000.e
-
1e-
e10
e10
.
1.2.3
abc
.
.
--2
000.e
1e+
1e+
abc
0e
.
1e-
e10
--2
0e
e10
e10
1ee2
-
abc
-
1.2.3
1ee2
1.2.3
1e
0e
abc
-
.
1.2.3
1e-
1e-
.
-
1ee2
--2
1e-
abc
000.e
++1
1e+
+
0e
++1
abc
0e
e10
1ee2
--2
--2
1.2.3
1.2.3
0e
-
1e
0e
1ee2
1e+
-
e10
-
abc
.
1ee2
1e
++1
000.e
+
abc
abc
1e-
1e
-
e10
e10
.
1ee2
1e-
0e
1e+
--2
++1
-
--2
e10
+
-
++1
abc
++1
.
1ee2
abc
000.e
--2
1e
-
1e-
1e+
000.e
1e
-
-
1e+
1ee2
e10
++1
-
1ee2
000.e
0e
--2
1e-
1e-
-
1e-
0e
++1
1e-
1e
--2
0e
--2
1e-
+
abc
-
1e-
+
1e
--2
+
1ee2
.
abc
abc
++1
e10
++1
0e
1ee2
1e+
-
0e
--2
abc
000.e
-
000.e
0e
++1
.
1e
e10
1e
e10
abc
e10
-
e10
1e-
e10
--2
++1
1e-
.
1e-
+
--2
0e
+
++1
e10
--2
+
abc
1e
.
0e
+
1e
-
e10
--2
1ee2
1e
1e
1ee2
0e
1e
e10
.
1.2.3
++1
1e
+
.
--2
.
e10
--2
0e
--2
0e
1.2.3
0e
++1
.
1ee2
1e+
--2
e10
.
1ee2
1.2.3
-
e10
1ee2
1e-
abc
-
+
++1
-
1ee2
abc
e10
1e+
e10
.
1.2.3
-
1e+
000.e
e10
1.2.3
0e
1e+
--2
++1
1.2.3
++1
1e
1e+
000.e
1e+
1e
++1
000.e
0e
++1
+
abc
1ee2
e10
+
e10
0e
.
e10
1e
000.e
1e
1e
000.e
e10
1e+
1e
+
0e
-
++1
.
1.2.3
1.2.3
e10
1e-
abc
+
++1
abc
000.e
abc
1e
.
--2
1ee2
--2
++1
.
--2
e10
1e+
1e+
1e+
++1
+
abc
+
-
0e
++1
1e+
e10
1e
1.2.3
1e+
--2
abc
.
abc
-
+
.
1ee2
1e-
-
1e
1e+
abc
abc
1e+
++1
.
000.e
0e
+
1e
000.e
1e
e10
1e-
1e-
1e-
--2
+
.
1e-
0e
1e-
1e-
0e
1.2.3
1e
abc
000.e
1e-
+
++1
-
1.2.3
000.e
1ee2
1e+
.
0e
1e-
+
-
abc
+
.
+
--2
1ee2
1ee2
1ee2
1.2.3
.
1.2.3
++1
0e
-
1ee2
abc
1e
1e-
abc
.
1ee2
--2
1ee2
abc
--2
1e-
0e
000.e
1ee2
1ee2
000.e
+
++1
1e-
e10
-
+
1.2.3
++1
1ee2
1.2.3
++1
-
e10
.
e10
--2
+
1e-
1e
1ee2
1ee2
1ee2
1e
1e
+
1.2.3
0e
0e
abc
-
1e+
1ee2
1ee2
1e+
.
1e
1e
1e
1e
.
1.2.3
000.e
abc
1e
000.e
1e+
-
e10
1.2.3
e10
1e+
abc
0e
++1
0e
000.e
abc
+
+
000.e
--2
e10
+
1e+
-
0e
1ee2
abc
++1
1ee2
1e+
1e-
1ee2
+
--2
1e-
000.e
1.2.3
abc
+
1ee2
--2
--2
-
-
++1
+
1e+
000.e
.
1e+
000.e
000.e
abc
-
1e
.
abc
e10
-
0e
1e
e10
0e
--2
1ee2
-
--2
1ee2
1e
--2
1e+
1e-
-
1e-
-
-
-
++1
000.e
++1
1.2.3
1e-
--2
000.e
1e
--2
e10
.
++1
1ee2
1.2.3
--2
+
0e
+
1e+
1e+
+
-
1e
+
1e-
1e
0e
--2
e10
1e+
0e
.
1ee2
e10
0e
000.e
+
--2
1e
--2
-
0e
1e+
1e+
1ee2
1e+
1ee2
.
.
1.2.3
1e+
1e+
++1
1e+
.
-
-
++1
--2
e10
abc
000.e
1e-
-
0e
+
e10
--2
1.2.3
--2
000.e
.
+
1e+
-
-
e10
1.2.3
1.2.3
1ee2
e10
++1
-
1e
e10
1e-
-
000.e
e10
1ee2
.
1e
e10
1.2.3
++1
1.2.3
000.e
1e-
0e
e10
1ee2
-
1e
+
1e
--2
1.2.3
1e+
000.e
.
e10
1ee2
.
.
e10
--2
1.2.3
-
0e
1.2.3
000.e
+
+
--2
.
e10
000.e
1e
-
1e-
++1
1e-
1e
--2
1e+
+
0e
--2
.
++1
-
++1
1e
e10
--2
1e
-
e10
1e
+
1ee2
1.2.3
--2
1ee2
--2
0e
1e
000.e
1e
000.e
-
000.e
1e+
1e+
abc
++1
+
+
.
e10
1ee2
1ee2
abc
1ee2
++1
000.e
000.e
+
0e
000.e
.
0e
1e
.
++1
0e
++1
1e
1e-
1ee2
+
-
1.2.3
++1
1.2.3
.
1e+
++1
1e+
1e+
e10
1.2.3
1e
--2
000.e
+
000.e
-
1ee2
+
++1
+
--2
1e
1.2.3
1.2.3
0e
1e-
000.e
--2
e10
e10
1.2.3
1.2.3
1e-
1ee2
1ee2
e10
000.e
1e-
000.e
+
1e-
1ee2
-
-
-
1e
1ee2
abc
e10
000.e
0e
++1
e10
1e+
-
-
--2
-
.
1e+
++1
.
1e+
1ee2
.
1ee2
--2
++1
.
1e+
1e
1e
abc
1e-
1e-
1e
++1
1.2.3
0e
000.e
1e-
.
e10
.
000.e
1e
1.2.3
0e
1e-
1.2.3
+
++1
1e+
--2
1e
000.e
1e
1ee2
1e
-
--2
1ee2
1e
abc
1.2.3
1ee2
0e
1e+
000.e
0e
+
.
abc
000.e
1e
000.e
0e
+
-
+
-
000.e
1e
--2
e10
1e
.
+
++1
abc
e10
1ee2
0e
1e-
1.2.3
.
-
1e-
abc
1ee2
1e+
0e
+
1e+
1e-
--2
--2
1e+
1.2.3
1.2.3
1ee2
1e+
-
++1
1.2.3
-
1e+
+
abc
+
0e
--2
1e+
-
-
-
++1
-
-
abc
-
0e
000.e
000.e
000.e
-
+
000.e
--2
000.e
-
++1
1e
0e
abc
--2
000.e
--2
e10
0e
-
-
000.e
+
-
0e
1e-
000.e
0e
1.2.3
0e
--2
++1
1e+
++1
e10
1ee2
1.2.3
1e+
+
+
1ee2
1e
1ee2
e10
1.2.3
1ee2
e10
1e-
1ee2
+
0e
000.e
++1
++1
e10
1e-
+
1ee2
+
--2
1.2.3
--2
+
000.e
000.e
++1
++1
++1
e10
e10
000.e
1e+
.
1ee2
1.2.3
e10
1e
-
++1
1e
.
000.e
--2
000.e
e10
+
abc
1e+
e10
-
abc
++1
+
1e
-
++1
-
e10
+
abc
1ee2
1e-
1e+
++1
1e
.
abc
1e-
1.2.3
1ee2
1e-
1ee2
1e
abc
+
abc
1.2.3
1e
1e+
1e-
000.e
--2
e10
.
000.e
000.e
0e
0e
e10
1e+
1e
++1
+
1ee2
++1
.
.
e10
1e-
++1
++1
1e-
1e-
+
e10
000.e
-
+
++1
++1
1e-
1.2.3
+
e10
1ee2
0e
1.2.3
1.2.3
abc
.
-
++1
.
1ee2
-
-
.
1e-
e10
.
0e
1e+
1e-
.
-
.
1e
1e+
e10
000.e
1e
+
+
0e
--2
0e
++1
e10
1e+
-
0e
+
000.e
+
++1
1.2.3
++1
1e-
e10
abc
+
++1
1ee2
0e
1e+
000.e
+
--2
000.e
.
1e+
1ee2
1e+
abc
0e
--2
1.2.3
+
1ee2
1e+
1e
1e
abc
000.e
+
++1
.
000.e
e10
0e
1e+
1e
0e
1e
1ee2
1e
1.2.3
000.e
++1
e10
abc
1ee2
0e
++1
1ee2
+
++1
1.2.3
abc
1ee2
-
0e
1.2.3
e10
1e+
1ee2
1e+
000.e
1ee2
++1
1e
000.e
++1
0e
+
--2
1e-
.
+
1.2.3
-
--2
abc
e10
++1
1e
++1
.
e10
1e
1.2.3
1e
0e
e10
1e
0e
+
--2
0e
000.e
1ee2
+
1.2.3
--2
1.2.3
abc
++1
1ee2
e10
.
.
1e+
1e-
1.2.3
-
1ee2
-
1e-
--2
.
1e-
1ee2
--2
abc
1e-
--2
1.2.3
1e-
--2
--2
1e-
1ee2
.
e10
1e
0e
1e
0e
1e-
e10
++1
++1
abc
--2
0e
1e-
-
1.2.3
++1
--2
abc
-
e10
--2
1ee2
.
000.e
1e
.
000.e
+
abc
++1
--2
e10
--2
.
1e+
.
-
1e-
1ee2
0e
1e
1ee2
.
0e
abc
1e-
0e
000.e
1e
++1
+
--2
1.2.3
1e+
1e-
1e
-
1e
1e+
0e
.
0e
+
1ee2
1e-
.
.
+
+
++1
e10
000.e
++1
1ee2
1e
1e-
-
1e+
1e+
-
--2
1e-
000.e
1e+
+
++1
-
1.2.3
--2
1e+
1e
1e+
-
1e
1.2.3
1.2.3
.
e10
000.e
--2
abc
abc
.
-
000.e
--2
000.e
000.e
e10
1e-
1ee2
abc
abc
1e-
000.e
1e+
--2
1e+
1e-
1e
0e
0e
1e
--2
1e+
e10
abc
abc
1e+
1ee2
1e+
000.e
1e-
abc
1ee2
-
1e+
-
000.e
abc
--2
++1
1.2.3
e10
1ee2
abc
+
1e
.
e10
abc
1ee2
e10
1e
++1
1e
--2
++1
1e-
1e+
++1
0e
1.2.3
0e
1e+
e10
1ee2
1e-
1e-
+
.
1e
.
1.2.3
++1
+
++1
1.2.3
+
1e+
1ee2
1.2.3
000.e
-
++1
--2
++1
1.2.3
1e+
e10
.
abc
--2
1e-
000.e
--2
1ee2
-
1e-
1e
1ee2
1ee2
1e
000.e
e10
.
e10
1e
.
++1
1e+
++1
000.e
0e
abc
++1
+
1e
-
--2
--2
--2
--2
1.2.3
--2
+
0e
000.e
0e
.
.
abc
1ee2
0e
1e
++1
.
1e
000.e
--2
.
1e
1e-
abc
1ee2
.
1.2.3
1.2.3
abc
-
++1
e10
1e
-
abc
.
--2
1.2.3
0e
++1
1ee2
1e-
1e
-
1.2.3
1ee2
1.2.3
abc
1.2.3
abc
+
.
1e
--2
0e
1e
1e
1e
1e
1e-
+
.
++1
+
1ee2
+
++1
1.2.3
1e-
+
1e-
abc
1.2.3
1ee2
1ee2
++1
+
--2
1ee2
1e
1e-
1.2.3
1ee2
0e
+
e10
1ee2
0e
e10
1.2.3
--2
e10
--2
++1
1e+
000.e
1e+
1ee2
+
1e-
1e
--2
1e-
-
1e-
+
-
.
1e-
+
e10
abc
1e
1e-
000.e
+
.
1e+
1e-
0e
1.2.3
--2
++1
++1
1ee2
abc
0e
1e+
abc
1.2.3
1ee2
1e+
e10
000.e
++1
abc
--2
e10
1e
e10
.
+
--2
abc
+
e10
--2
1ee2
-
000.e
000.e
e10
1e
-
-
000.e
++1
--2
000.e
++1
e10
e10
1ee2
1e-
++1
e10
000.e
1e-
-
+
--2
--2
abc
1e+
++1
.
--2
-
1e-
1e
1e
abc
1ee2
-
++1
--2
+
-
-
+
000.e
1e+
abc
000.e
-
e10
1ee2
1e-
1e
+
+
0e
e10
+
-
-
-
1e
000.e
1e
+
1.2.3
e10
0e
000.e
1e-
1.2.3
-
1e
000.e
1e+
.
000.e
1e
1e+
1.2.3
1ee2
1e-
--2
000.e
++1
+
1e-
-
1e
-
abc
000.e
+
.
.
.
+
1ee2
--2
abc
1e+
000.e
.
1.2.3
+
1ee2
.
000.e
++1
e10
1ee2
+
e10
000.e
1ee2
0e
0e
abc
e10
abc
1e+
-
abc
-
1e+
0e
1e-
-
++1
1e+
1e-
--2
+
-
--2
+
1e-
--2
1.2.3
e10
.
.
1ee2
000.e
abc
1e-
e10
1e-
.
1.2.3
.
0e
1e-
0e
000.e
-
1e+
++1
.
+
-
1e-
.
1e+
+
e10
1e-
e10
1ee2
.
1e+
+
++1
1e
1e
1ee2
1.2.3
++1
1e+
1e-
1e+
++1
-
1.2.3
1ee2
-
+
+
000.e
1e-
1e-
--2
1ee2
1e+
+
1e
+
0e
e10
1e+
1e
e10
1e+
000.e
e10
e10
1.2.3
1.2.3
1.2.3
000.e
-
+
0e
000.e
000.e
e10
1ee2
--2
e10
1e+
++1
000.e
1e+
--2
abc
-
++1
0e
--2
++1
1ee2
1ee2
++1
e10
000.e
1ee2
1e+
abc
abc
.
1e
-
1e+
000.e
e10
e10
1.2.3
++1
-
1e-
e10
+
+
--2
--2
--2
--2
--2
++1
1.2.3
1.2.3
1e+
1e
++1
1e+
-
1ee2
1e+
--2
1.2.3
1.2.3
abc
+
1e-
--2
-
abc
1.2.3
1.2.3
-
1e
-
1ee2
0e
1e
1ee2
1e
e10
+
--2
e10
0e
abc
.
++1
-
abc
++1
.
1ee2
+
abc
-
1e
e10
1ee2
0e
abc
++1
.
-
1ee2
000.e
1e+
1e-
abc
--2
++1
1ee2
0e
1.2.3
1ee2
1ee2
.
--2
1.2.3
e10
+
-
--2
++1
0e
abc
abc
1e+
1ee2
1e+
1.2.3
+
1e-
1.2.3
++1
1.2.3
1e-
-
-
++1
.
.
+
0e
0e
++1
-
1e+
++1
0e
+
1e+
e10
000.e
1ee2
1ee2
-
1.2.3
--2
++1
e10
000.e
1ee2
1e+
++1
abc
abc
000.e
+
e10
.
0e
e10
++1
000.e
0e
0e
--2
abc
abc
-
.
1e
.
1e+
e10
000.e
1e
--2
1e
.
++1
.
1.2.3
1e+
1.2.3
1ee2
--2
+
.
000.e
++1
1.2.3
e10
1ee2
.
.
1e+
1e-
abc
1ee2
1.2.3
abc
1e-
++1
1e+
1e-
++1
.
abc
1ee2
0e
1e+
--2
000.e
0e
0e
e10
1e
1e-
e10
-
1e
-
-
-
0e
e10
e10
000.e
1e+
1e
--2
abc
e10
e10
0e
+
1e+
1e-
++1
0e
abc
000.e
++1
abc
1e
1e
--2
0e
abc
0e
1e
1e
1e+
1e+
.
1e
-
.
--2
1ee2
-
--2
.
e10
1ee2
1e+
1.2.3
--2
1ee2
1e+
+
e10
+
abc
+
1e
0e
0e
000.e
1.2.3
000.e
++1
000.e
1e+
+
1.2.3
+
e10
+
abc
1.2.3
e10
1ee2
-
1.2.3
1e-
1e+
000.e
0e
1e+
1.2.3
++1
e10
e10
.
abc
--2
.
-
--2
++1
0e
++1
+
000.e
-
.
++1
+
1.2.3
1e+
1ee2
+
e10
1e
1e-
1e+
+
0e
1e+
1.2.3
1e+
abc
.
1ee2
000.e
++1
1ee2
.
abc
1e
1ee2
++1
1e-
-
--2
++1
1ee2
abc
+
1e+
e10
1ee2
1e+
0e
1.2.3
+
-
abc
1e
-
0e
1ee2
++1
abc
-
--2
1.2.3
--2
000.e
000.e
1e
000.e
+
--2
++1
e10
1e+
1ee2
1e-
1e-
1e-
--2
1e
000.e
e10
.
e10
1.2.3
-
--2
0e
++1
000.e
1e+
1e
1e+
1.2.3
1.2.3
1e+
++1
1.2.3
++1
1e+
.
000.e
++1
1e+
e10
1e+
1e-
1e-
1e+
+
.
-
0e
-
1e-
--2
--2
e10
1e
1e+
.
-
1e-
e10
++1
--2
.
1.2.3
0e
1e+
++1
1e+
1e+
1.2.3
1ee2
-
1e
+
++1
-
.
000.e
--2
.
000.e
+
+
1.2.3
1ee2
1ee2
000.e
-
000.e
1e+
1e+
.
.
--2
+
0e
abc
000.e
1e-
++1
++1
1ee2
1ee2
abc
abc
0e
-
-
000.e
--2
abc
--2
abc
e10
1e
1ee2
-
-
1e-
0e
-
e10
+
000.e
++1
++1
+
.
1e+
1e-
1.2.3
--2
++1
1ee2
+
++1
--2
1.2.3
1.2.3
1.2.3
1e+
+
1e-
--2
.
.
.
abc
1e
abc
1ee2
1e-
1e
.
abc
1e-
0e
e10
-
1e+
1e+
1e+
000.e
++1
-
000.e
1e+
+
1.2.3
1e+
1ee2
1e-
+
1e+
e10
0e
0e
0e
000.e
--2
++1
1e+
000.e
0e
.
1ee2
1.2.3
++1
e10
e10
++1
--2
abc
1e-
000.e
1e
0e
e10
++1
000.e
1e+
1e-
0e
--2
-
1e-
--2
abc
.
-
abc
1e
1.2.3
0e
1.2.3
abc
1e
--2
1e+
1e
.
e10
1e+
e10
1.2.3
+
1ee2
++1
.
e10
0e
abc
--2
+
0e
1e
abc
1ee2
0e
1e-
1.2.3
+
--2
1e+
e10
++1
1.2.3
--2
000.e
1e
abc
0e
1e+
+
-
1.2.3
--2
0e
.
+
++1
-
0e
++1
e10
0e
1e-
e10
1e-
1e+
1e
-
++1
1ee2
+
--2
1.2.3
+
1e-
1e-
1e-
-
1ee2
000.e
abc
+
abc
+
0e
--2
++1
-
.
-
abc
1ee2
1ee2
0e
1e
1e-
000.e
-
1.2.3
--2
+
1e-
abc
1ee2
e10
0e
0e
+
1ee2
0e
1e
1.2.3
1e
++1
abc
abc
1e-
+
1e-
1e
1e-
e10
--2
e10
1e
e10
1ee2
1.2.3
1e-
abc
1e
e10
1e+
000.e
1e+
abc
++1
+
000.e
1e+
abc
++1
0e
1.2.3
1e-
1e+
1e+
0e
1.2.3
--2
1e+
e10
1ee2
1e
-
--2
1ee2
abc
1ee2
1ee2
--2
1.2.3
0e
1e+
abc
abc
--2
--2
e10
000.e
1e
1ee2
--2
1e-
1e-
.
0e
.
e10
1.2.3
-
.
1e
1e-
+
.
-
1ee2
0e
--2
e10
1.2.3
1e-
1e
e10
0e
.
++1
e10
000.e
1.2.3
-
e10
-
1.2.3
--2
-
-
+
+
-
1.2.3
-
++1
1e
1e
--2
0e
1e
1e-
-
0e
-
-
-
1e
e10
+
abc
0e
++1
++1
1e-
+
++1
abc
--2
1e-
1.2.3
1e+
++1
e10
-
1e
.
.
e10
1e+
000.e
abc
--2
--2
.
--2
1e-
++1
1e-
0e
abc
1e
1ee2
000.e
abc
+
1e-
++1
0e
1e
--2
abc
1e+
1e
++1
.
.
abc
--2
1.2.3
.
abc
-
1ee2
000.e
--2
++1
--2
1e+
1ee2
0e
++1
0e
+
-
++1
e10
+
1ee2
1ee2
++1
.
abc
1e-
000.e
000.e
-
1e
abc
1e-
--2
++1
-
1ee2
000.e
--2
-
1e+
1e-
1.2.3
1.2.3
--2
++1
0e
1ee2
abc
1e-
--2
e10
1e+
+
000.e
--2
+
.
1.2.3
+
+
++1
--2
1e+
+
1e-
++1
-
.
1e+
.
1e
1e
.
++1
1e+
++1
1e
-
1e-
1ee2
1.2.3
--2
-
1e
0e
-
1.2.3
abc
1.2.3
1e+
0e
++1
000.e
-
e10
0e
1e
e10
+
+
e10
000.e
1e+
1e-
1.2.3
1ee2
1.2.3
0e
++1
-
1.2.3
++1
1e
-
1ee2
1e+
e10
++1
+
000.e
0e
1e
-
1e+
1e-
e10
1ee2
1e+
abc
.
000.e
.
1e+
-
1ee2
0e
000.e
000.e
e10
-
e10
-
.
1.2.3
000.e
0e
.
0e
0e
-
1e+
--2
1e
1.2.3
0e
++1
000.e
1e+
e10
1e
1.2.3
1ee2
++1
-
1e+
-
1.2.3
abc
+
000.e
.
1ee2
abc
--2
0e
+
abc
0e
abc
abc
++1
++1
--2
1ee2
-
1e
++1
1e+
0e
1e-
++1
1e-
1.2.3
1.2.3
1.2.3
e10
1.2.3
1ee2
1e
1.2.3
+
.
++1
--2
+
000.e
e10
0e
1ee2
1.2.3
abc
000.e
1e
.
--2
1e-
0e
0e
e10
e10
1e-
0e
++1
--2
e10
--2
-
.
1e-
1e
e10
1.2.3
1.2.3
e10
1e+
+
1e+
1e-
1ee2
.
000.e
--2
1e
--2
.
.
e10
1e-
--2
++1
1e
.
--2
1e
-
000.e
1ee2
--2
abc
--2
1ee2
++1
1.2.3
1e-
000.e
+
0e
000.e
+
++1
1.2.3
abc
--2
1ee2
1e
1ee2
++1
--2
1ee2
1e-
000.e
000.e
1.2.3
1e
-
abc
1ee2
abc
++1
1e
abc
-
1e+
0e
abc
1.2.3
-
-
000.e
.
.
.
000.e
-
++1
1e
-
1e
1e
1.2.3
1e
1.2.3
0e
1e+
1e
1e+
++1
000.e
0e
000.e
1e
1e+
0e
e10
++1
++1
000.e
1.2.3
e10
1e-
+
1ee2
+
000.e
--2
1e+
0e
1e
0e
1.2.3
--2
1.2.3
1e
+
0e
1e
1e+
.
e10
--2
0e
0e
0e
e10
1e-
1.2.3
1e
1.2.3
.
1e+
1ee2
++1
0e
.
1ee2
abc
-
abc
+
--2
abc
-
++1
000.e
1e
abc
1.2.3
1e+
--2
++1
0e
0e
++1
000.e
1ee2
++1
1.2.3
1e-
1e+
1.2.3
000.e
1ee2
-
1e
1e
1e-
++1
--2
++1
.
0e
1e+
e10
-
--2
+
.
000.e
0e
++1
0e
1e-
--2
1e-
000.e
000.e
++1
1e
0e
--2
+
--2
1e-
.
0e
1e+
000.e
-
++1
1e+
1e-
+
1.2.3
++1
0e
+
1e+
++1
-
abc
0e
-
++1
--2
-
000.e
++1
+
0e
-
.
0e
.
0e
1.2.3
1.2.3
1ee2
abc
+
-
1.2.3
.
++1
1.2.3
.
.
000.e
e10
--2
.
1e+
1.2.3
++1
1ee2
1e+
abc
1e+
1.2.3
1e+
1e
e10
e10
-
--2
1e-
.
1ee2
0e
1e
+
1e+
1e-
.
1e
+
--2
1e-
+
1e+
1ee2
++1
1e-
1.2.3
--2
1.2.3
1ee2
e10
1e+
1e-
e10
abc
000.e
1.2.3
abc
abc
1.2.3
-
1e
--2
1e+
1ee2
++1
+
+
0e
e10
e10
0e
1.2.3
1ee2
+
000.e
--2
--2
e10
+
0e
1ee2
abc
1e+
e10
0e
e10
1.2.3
+
+
--2
++1
1ee2
--2
1e+
1e
0e
1e-
abc
1e-
000.e
--2
abc
1e-
-
abc
1e+
000.e
0e
1ee2
-
1e+
--2
1ee2
0e
1e+
--2
0e
-
0e
--2
1.2.3
1e+
--2
-
1ee2
abc
-
1e-
1e-
.
abc
-
e10
000.e
1e-
e10
-
1ee2
1.2.3
1.2.3
1ee2
0e
--2
--2
-
000.e
1e
.
1.2.3
--2
1ee2
000.e
-
0e
+
.
1ee2
e10
1e+
-
e10
+
++1
000.e
1e+
-
000.e
000.e
+
0e
0e
0e
1.2.3
+
-
e10
+
+
0e
1e-
1.2.3
--2
e10
1ee2
abc
1e
0e
abc
1e-
1.2.3
000.e
0e
-
abc
++1
--2
0e
e10
1.2.3
000.e
1e-
0e
+
1e-
1ee2
++1
1e-
0e
1ee2
e10
1e
1e
0e
-
1e+
-
--2
+
--2
-
e10
-
e10
+
e10
--2
1ee2
1.2.3
1.2.3
--2
+
--2
1.2.3
-
+
1e+
1e+
1e-
000.e
-
abc
000.e
000.e
1e+
1ee2
1e-
0e
000.e
1e+
1e
1ee2
1ee2
0e
1ee2
-
0e
++1
1e
+
0e
1e
1e
.
1.2.3
1e-
e10
--2
--2
--2
1e+
1ee2
-
+
0e
--2
1e
1ee2
abc
1e-
1.2.3
-
000.e
000.e
abc
.
-
--2
--2
1e
1e+
abc
--2
e10
+
-
+
1e
1e-
.
--2
++1
1ee2
e10
abc
1e-
1.2.3
1ee2
1ee2
0e
-
e10
1e
abc
1e+
1e
e10
abc
e10
000.e
--2
+
1ee2
0e
++1
--2
e10
--2
0e
abc
1e-
abc
1e+
--2
--2
++1
000.e
e10
1e+
1e
abc
e10
1ee2
.
abc
1.2.3
-
++1
-
1e+
1e+
++1
++1
1e-
.
++1
1ee2
1e-
1e-
--2
0e
1.2.3
--2
1.2.3
1e
1e+
1ee2
.
e10
abc
abc
abc
-
.
1.2.3
e10
1e-
+
1e
1e
-
0e
e10
1e
1ee2
1ee2
++1
000.e
1e-
1e-
1e+
000.e
1e+
1e
++1
1e-
1.2.3
++1
+
000.e
0e
0e
1ee2
e10
e10
++1
--2
000.e
1.2.3
0e
e10
0e
++1
-
1ee2
0e
1ee2
e10
-
++1
abc
abc
+
+
0e
e10
++1
++1
abc
1.2.3
-
1e
-
+
0e
1.2.3
1e+
1.2.3
0e
--2
0e
1.2.3
1e
0e
000.e
e10
1e
.
1.2.3
000.e
e10
abc
1e-
1ee2
e10
++1
e10
.
e10
1ee2
000.e
1.2.3
0e
1e+
000.e
1.2.3
-
1e-
1e
1e-
++1
e10
0e
e10
--2
1e-
1e
+
--2
1.2.3
1ee2
0e
abc
1.2.3
000.e
--2
.
1ee2
1e+
-
1.2.3
0e
abc
0e
-
--2
1.2.3
abc
1e-
++1
e10
+
1ee2
abc
0e
+
--2
1e
1e-
0e
abc
0e
1.2.3
abc
1e+
-
--2
-
1e-
1ee2
000.e
-
1ee2
.
--2
1ee2
000.e
0e
1e-
1e-
1.2.3
-
1e
1ee2
1e
1ee2
+
1e
++1
-
0e
1e+
1e-
.
1e+
e10
1.2.3
e10
+
1.2.3
abc
000.e
000.e
--2
1e+
.
1.2.3
1ee2
e10
000.e
e10
1e
1e-
+
e10
1ee2
--2
--2
1e+
--2
++1
++1
abc
1e
1.2.3
++1
-
.
0e
1e-
e10
0e
+
e10
1.2.3
000.e
000.e
1e+
1e
1e
1ee2
1ee2
++1
1e+
abc
1e
++1
abc
1ee2
.
.
--2
abc
1.2.3
1e-
1e
.
--2
1e
1e
1e+
--2
1e
1e+
1e-
abc
+
1e+
1e+
++1
000.e
1e
1e-
1e
+
1ee2
-
1e-
abc
+
.
.
0e
++1
000.e
.
--2
1e+
0e
abc
1e+
0e
.
--2
000.e
1ee2
1e+
.
1e-
++1
0e
1e+
e10
+
.
1.2.3
-
--2
1e-
++1
1ee2
1e
-
000.e
000.e
1ee2
.
abc
1ee2
1ee2
1ee2
0e
--2
.
1e+
1e-
000.e
++1
1e
000.e
++1
--2
1.2.3
1.2.3
0e
++1
1ee2
.
0e
++1
+
-
1e-
e10
+
0e
1ee2
--2
.
+
000.e
.
abc
e10
++1
1e+
.
--2
1e-
1ee2
.
--2
1.2.3
--2
1e-
1e
000.e
++1
e10
++1
1ee2
1e
e10
000.e
1e
.
1e
-
000.e
-
abc
0e
1e+
1.2.3
1.2.3
1e-
1e
+
000.e
1e
000.e
0e
e10
.
1e
++1
1e
-
1e+
.
++1
abc
1e+
000.e
1.2.3
0e
0e
0e
1ee2
1ee2
abc
1e-
abc
1e+
--2
abc
1.2.3
1e
abc
+
++1
.
+
1ee2
1e+
1e
.
1e
abc
abc
1ee2
e10
e10
0e
abc
1e
1e-
1e
+
1e
--2
+
+
e10
-
--2
1e
-
1.2.3
+
000.e
1.2.3
1e
.
1e
--2
+
1e-
++1
abc
e10
--2
1e+
e10
1ee2
abc
e10
1ee2
1ee2
abc
e10
-
1e-
1e+
1e-
1ee2
+
1e
0e
1ee2
.
e10
-
1e
abc
+
++1
1e+
1e+
1.2.3
1e-
1ee2
0e
000.e
1.2.3
1ee2
000.e
0e
--2
--2
+
1e+
abc
++1
.
0e
0e
1e-
--2
1e
e10
0e
--2
000.e
++1
-
1e-
+
1e+
1e+
abc
abc
e10
1e+
1ee2
0e
+
1e+
1e
1e-
1.2.3
1e-
1.2.3
1ee2
1ee2
0e
000.e
000.e
1.2.3
abc
1e+
e10
e10
e10
-
000.e
000.e
1e+
1e+
1.2.3
++1
1ee2
.
+
.
1e+
1e+
1ee2
0e
-
1.2.3
--2
000.e
000.e
1ee2
-
1ee2
e10
1.2.3
e10
--2
-
0e
abc
++1
+
.
1.2.3
e10
0e
e10
1.2.3
1e+
1e
-
1e+
.
++1
1e-
.
+
+
0e
++1
--2
1e
++1
--2
1e-
0e
.
0e
1e+
1e-
1e-
1e+
--2
1ee2
1ee2
1e
-
abc
++1
abc
1e
.
1e
000.e
--2
e10
-
--2
++1
1e-
+
1e
--2
1.2.3
abc
1e-
+
e10
e10
--2
1.2.3
1e-
000.e
0e
000.e
++1
1ee2
000.e
-
1e+
--2
+
1ee2
000.e
+
1e
1e
1e
1.2.3
abc
abc
abc
1e+
.
.
1ee2
000.e
1.2.3
--2
1e+
1e-
--2
++1
.
++1
1e-
1e+
.
1e+
.
1.2.3
1.2.3
1e
1e+
1e
1.2.3
.
1.2.3
++1
+
1e+
1e
--2
+
1e
+
1e
--2
1e-
0e
1e
0e
0e
1e
.
--2
+
0e
+
abc
++1
0e
0e
1e-
000.e
1e-
.
--2
++1
1e
++1
++1
1ee2
1ee2
++1
-
e10
.
1ee2
abc
-
1.2.3
1e-
abc
++1
1e-
abc
+
0e
0e
+
000.e
1e+
1e+
.
000.e
.
000.e
-
+
1e-
0e
000.e
e10
1e+
.
-
1e-
abc
-
+
1.2.3
1e
000.e
1e-
0e
1e
1e+
++1
++1
000.e
--2
++1
-
1e-
+
0e
1ee2
++1
1e-
1.2.3
--2
++1
1ee2
--2
1.2.3
+
1e
+
1e+
.
000.e
1e
--2
1ee2
e10
1e+
1e+
1e-
--2
-
--2
+
-
1e-
1e+
.
1.2.3
1.2.3
1.2.3
abc
0e
1e+
abc
abc
1e
1e+
1ee2
e10
+
.
1e+
000.e
+
000.e
e10
abc
--2
+
1e+
0e
1e
abc
1.2.3
000.e
++1
.
--2
e10
++1
+
+
abc
1e+
000.e
1e-
1ee2
1e+
++1
1ee2
e10
-
-
1e+
-
e10
0e
.
1e
abc
1e+
000.e
.
abc
+
1.2.3
e10
++1
1ee2
1e+
1e
abc
1e+
1e
e10
1e+
1e+
e10
000.e
1ee2
e10
1ee2
.
000.e
e10
1.2.3
abc
1e-
1.2.3
0e
+
0e
0e
1e-
abc
1e-
0e
1e
-
1e-
+
.
0e
--2
1ee2
1e
e10
0e
000.e
+
0e
0e
+
1e+
1ee2
++1
++1
.
+
-
--2
--2
1e+
+
+
1e
+
0e
000.e
1.2.3
abc
1e-
0e
+
1ee2
1e
e10
1.2.3
0e
1e+
++1
1e+
.
+
1e
1e+
e10
1e-
++1
e10
000.e
1ee2
.
000.e
++1
1e
e10
+
--2
1e
1e+
000.e
0e
0e
000.e
1e+
000.e
e10
+
1e-
1e+
--2
-
++1
1ee2
abc
1e
000.e
1ee2
000.e
--2
-
++1
e10
--2
000.e
++1
abc
abc
1e+
1e-
1e+
1ee2
abc
1e+
0e
+
e10
abc
1e-
--2
1ee2
0e
e10
000.e
1e-
1e
1e-
++1
++1
e10
1e
.
abc
1e+
e10
1ee2
abc
e10
--2
--2
+
.
1ee2
abc
1ee2
--2
0e
1e-
1e
000.e
1e
e10
0e
++1
1e+
abc
.
0e
0e
+
1ee2
1.2.3
0e
.
1.2.3
1e-
-
1e+
0e
-
1e
1e-
1e
000.e
+
-
1.2.3
-
1ee2
1e-
--2
1e-
.
1e-
1e+
abc
.
000.e
1e-
--2
1e
--2
++1
1e+
0e
0e
e10
abc
1e+
-
000.e
+
1e
-
e10
++1
++1
+
abc
abc
.
1e
+
000.e
++1
.
.
000.e
+
0e
--2
--2
++1
000.e
1e
0e
-
+
1e+
-
1e-
1.2.3
abc
1ee2
++1
1ee2
++1
1ee2
1ee2
--2
e10
1.2.3
1e
++1
0e
-
1.2.3
++1
000.e
--2
000.e
0e
abc
abc
-
.
1e
--2
.
1e-
-
0e
1e+
1ee2
0e
0e
.
+
000.e
1ee2
1e+
+
abc
--2
e10
.
++1
--2
1ee2
1e
1e+
-
++1
1e
+
++1
1e-
0e
++1
.
abc
000.e
1.2.3
e10
1ee2
0e
-
1e+
1.2.3
++1
1ee2
1e
+
.
0e
+
1e+
1ee2
-
+
e10
1e
000.e
1e
1e+
1e
-
++1
1ee2
e10
+
-
++1
.
++1
+
1e-
e10
1e
1.2.3
--2
+
1e+
+
abc
--2
.
++1
1.2.3
+
.
--2
0e
1e+
abc
abc
1e
++1
+
abc
000.e
1.2.3
1ee2
++1
1ee2
+
000.e
1e+
++1
e10
1.2.3
0e
e10
1ee2
-
1e+
+
000.e
abc
e10
1ee2
e10
-
.
+
1e+
.
1e+
abc
1.2.3
-
000.e
000.e
+
++1
1e+
1.2.3
1.2.3
abc
0e
e10
++1
1ee2
.
1e
--2
e10
.
-
e10
--2
1e
0e
1e-
1e
1.2.3
0e
abc
+
.
1.2.3
.
abc
1e+
1e+
000.e
1e+
1.2.3
++1
000.e
1.2.3
000.e
1.2.3
1.2.3
++1
000.e
1e+
e10
000.e
1ee2
1e
0e
e10
1.2.3
1e+
-
.
1.2.3
000.e
000.e
1ee2
1e+
--2
1e
1e+
--2
0e
000.e
1e+
--2
0e
abc
1e
0e
1ee2
e10
.
0e
1e+
1e-
abc
.
--2
000.e
-
+
0e
1.2.3
--2
1e-
1ee2
0e
++1
1.2.3
1e-
000.e
1ee2
.
1ee2
e10
abc
1e+
++1
--2
e10
.
++1
e10
1.2.3
-
-
-
e10
000.e
000.e
1e-
-
abc
-
0e
0e
0e
1ee2
1e+
--2
e10
+
e10
abc
--2
--2
1e-
abc
+
abc
1e+
1e+
abc
++1
++1
.
1e-
1ee2
1e
1ee2
++1
--2
0e
+
000.e
1ee2
++1
000.e
1ee2
1e
1e
++1
1ee2
1.2.3
000.e
1.2.3
0e
.
000.e
+
++1
--2
000.e
++1
.
1e-
000.e
+
000.e
+
--2
abc
+
0e
++1
e10
000.e
1e
000.e
1e
0e
0e
--2
1e
--2
1ee2
++1
e10
abc
+
-
-
e10
abc
++1
e10
000.e
1e-
+
1e+
000.e
1e+
1e-
1ee2
+
abc
++1
++1
+
-
-
e10
abc
1e
+
1e
-
e10
-
++1
1e
+
.
--2
-
0e
1e+
1.2.3
++1
++1
1e
1e+
000.e
-
e10
++1
e10
--2
-
.
000.e
-
1e+
1e
0e
1ee2
000.e
.
+
000.e
1e-
000.e
+
.
-
000.e
1.2.3
+
e10
1ee2
000.e
0e
++1
1ee2
--2
.
1.2.3
+
.
1e-
-
0e
.
abc
1e-
0e
++1
.
000.e
1.2.3
--2
e10
abc
1e
1.2.3
.
--2
e10
1.2.3
0e
000.e
.
000.e
+
+
1e
1.2.3
1e-
++1
1e+
0e
1e-
-
+
1ee2
1e
1e
0e
++1
abc
-
abc
000.e
e10
1e
1e
-
000.e
-
1ee2
++1
1e
1e-
1e+
000.e
e10
1e+
e10
0e
++1
1e+
000.e
.
1ee2
1e-
++1
1e+
0e
0e
--2
0e
1e-
abc
abc
--2
.
-
++1
0e
--2
0e
+
1e
1.2.3
--2
++1
1e+
1e-
1e
++1
1e-
++1
1e
-
.
1e-
++1
e10
1e-
1e+
+
1.2.3
-
1ee2
.
.
1e
+
000.e
--2
+
1e+
1ee2
e10
1e
-
0e
--2
+
-
1e-
+
000.e
1ee2
.
1.2.3
+
1ee2
1e-
1e
--2
e10
.
000.e
0e
--2
-
.
1e+
e10
1ee2
.
1e-
1e+
1.2.3
1ee2
e10
1e+
abc
--2
--2
+
1e-
++1
0e
.
+
000.e
0e
-
1.2.3
000.e
e10
1e-
0e
1e+
+
1e
.
++1
e10
1.2.3
-
--2
--2
1e+
--2
abc
000.e
1.2.3
1e+
+
1e+
-
--2
1.2.3
-
1.2.3
1e-
1e-
-
e10
e10
1ee2
+
+
1e-
1.2.3
1ee2
abc
000.e
abc
-
+
000.e
e10
0e
0e
1e+
1ee2
abc
1e
000.e
1ee2
0e
--2
0e
-
1.2.3
+
1e
+
1ee2
abc
1ee2
1e-
.
0e
.
000.e
e10
--2
abc
1e-
abc
000.e
.
e10
000.e
e10
1e+
1e+
1e-
e10
1ee2
--2
e10
--2
1ee2
-
1e+
++1
1e-
1e-
1e-
1e
++1
e10
++1
-
000.e
1e+
1.2.3
1e-
--2
1e
0e
1.2.3
-
1e-
1e
0e
0e
1ee2
+
1ee2
abc
000.e
++1
000.e
1ee2
.
1ee2
e10
-
1e+
000.e
--2
1.2.3
e10
+
.
abc
--2
++1
1.2.3
1e-
1.2.3
--2
--2
1e
++1
abc
0e
0e
++1
1e
1e
1e
1.2.3
1e
e10
1ee2
+
++1
1e
--2
e10
1e
abc
0e
abc
1ee2
abc
1e+
++1
++1
000.e
000.e
000.e
e10
1ee2
1e+
e10
++1
1e+
--2
1e
1e-
++1
-
e10
.
++1
+
--2
1e-
1ee2
1.2.3
--2
++1
1e
1ee2
0e
abc
.
++1
1e-
1ee2
--2
+
-
+
1ee2
abc
.
000.e
000.e
e10
abc
++1
+
1.2.3
1.2.3
++1
1e+
++1
1e
1ee2
000.e
e10
1.2.3
1e+
abc
-
--2
abc
1e
000.e
abc
1e+
.
1.2.3
1e
1e
1ee2
1e
1.2.3
--2
++1
1ee2
++1
1e-
e10
.
--2
-
.
1e
.
000.e
-
+
abc
+
1.2.3
1e+
1.2.3
000.e
++1
--2
1e+
-
+
abc
-
e10
1e+
0e
--2
abc
e10
abc
1e-
e10
++1
-
e10
e10
1e
+
abc
1e+
1.2.3
1e+
1e+
abc
1e+
abc
1e+
1e+
1e-
1e
1e+
000.e
1e-
++1
--2
1e+
+
1e+
000.e
000.e
000.e
1e+
.
-
0e
--2
++1
--2
000.e
1.2.3
+
+
-
abc
+
1ee2
.
0e
1ee2
1e
-
1e
000.e
-
1e-
000.e
-
.
1ee2
1e+
1e+
-
-
1e
1ee2
1e-
--2
.
--2
--2
+
1e+
0e
abc
1e-
1.2.3
1ee2
.
+
-
1e
abc
000.e
000.e
+
--2
-
0e
0e
--2
e10
abc
++1
1.2.3
1e+
0e
1ee2
-
--2
1e+
1.2.3
1e+
1ee2
0e
-
1.2.3
--2
e10
abc
--2
1e-
1e+
e10
+
e10
1.2.3
.
1e-
--2
--2
1e-
abc
e10
1e
abc
.
0e
--2
abc
1.2.3
0e
0e
+
1e+
1.2.3
1e-
1.2.3
1e-
1e+
1.2.3
1ee2
-
0e
1e-
abc
1.2.3
abc
0e
-
-
abc
1e-
1ee2
1e
++1
+
.
abc
-
abc
+
--2
-
.
000.e
1e-
1e
1e
1.2.3
1ee2
1.2.3
1e
--2
1e-
1ee2
1e+
1e-
e10
1ee2
.
e10
abc
e10
.
.
-
++1
1.2.3
1ee2
.
0e
1e+
1.2.3
1e-
1e-
1e-
e10
.
+
1e+
0e
1e
abc
++1
1.2.3
-
-
0e
abc
1e+
1ee2
1ee2
1.2.3
1e-
1.2.3
1e+
000.e
1.2.3
++1
1ee2
.
0e
1e-
e10
1e
abc
1ee2
abc
--2
--2
0e
+
.
e10
000.e
abc
+
e10
1e-
1ee2
--2
1.2.3
1ee2
e10
e10
.
.
1e-
1e-
-
000.e
e10
1.2.3
000.e
.
--2
+
+
0e
000.e
e10
.
+
.
e10
abc
1.2.3
e10
--2
1e
abc
.
++1
1e+
.
1e-
0e
1ee2
e10
1e+
1e-
e10
1ee2
.
e10
e10
abc
++1
-
.
-
1e
1e-
1.2.3
1e
000.e
abc
-
+
++1
--2
1e+
--2
1e-
1ee2
1ee2
1e
1ee2
000.e
1.2.3
--2
0e
++1
.
--2
1e-
1ee2
abc
000.e
1ee2
.
.
--2
1e+
-
1e-
--2
-
1e
1.2.3
1ee2
1e
+
++1
abc
000.e
1e
+
e10
1e+
.
0e
1e-
1e
e10
++1
1e-
000.e
.
1e
++1
++1
000.e
++1
1e
000.e
1e-
+
.
+
1e+
1ee2
0e
--2
++1
1ee2
--2
.
000.e
1ee2
1e-
1ee2
.
1.2.3
1ee2
0e
1e+
.
1ee2
++1
1ee2
1e+
000.e
1e+
e10
1.2.3
+
1ee2
1ee2
e10
.
1e+
++1
1e
1.2.3
+
.
+
-
-
1e-
-
-
1e-
1.2.3
abc
000.e
1e+
-
000.e
0e
000.e
1e
e10
e10
1e-
1.2.3
1e
-
abc
--2
1e-
1e+
1ee2
1.2.3
1e
+
1.2.3
--2
0e
e10
000.e
++1
1e-
1e+
0e
1e-
++1
abc
000.e
abc
+
1e
1e
-
000.e
++1
1ee2
++1
1e-
0e
1.2.3
e10
1.2.3
e10
0e
000.e
++1
--2
+
1.2.3
-
e10
0e
1ee2
1e
--2
000.e
1.2.3
--2
-
+
-
e10
1e-
++1
000.e
--2
1.2.3
++1
++1
1e
000.e
1.2.3
+
1e
0e
000.e
1e-
++1
1.2.3
++1
e10
e10
abc
--2
+
1.2.3
1.2.3
1e+
000.e
.
1e+
000.e
-
1ee2
1e+
+
+
abc
000.e
++1
1e
000.e
--2
1e
1ee2
e10
1e
abc
--2
1e-
1e+
e10
1e+
-
e10
--2
.
1e+
1.2.3
e10
-
000.e
1e+
++1
-
e10
1.2.3
1e-
abc
++1
1.2.3
abc
1.2.3
0e
1.2.3
1e-
++1
0e
000.e
.
+
.
1e-
1e
1ee2
000.e
1e+
0e
+
-
1e+
+
0e
abc
e10
++1
000.e
++1
abc
0e
abc
e10
1e
+
++1
abc
--2
abc
+
0e
++1
0e
000.e
000.e
++1
abc
e10
1.2.3
e10
1e+
++1
1ee2
1.2.3
+
-
--2
--2
0e
-
--2
--2
e10
-
1.2.3
.
1e
e10
1e
++1
1e-
1e
1ee2
-
1e+
.
-
-
1e-
1e
1ee2
+
000.e
1e-
abc
--2
000.e
e10
e10
-
+
0e
000.e
1ee2
1ee2
-
1ee2
++1
1e+
1ee2
0e
1e-
e10
0e
abc
1ee2
1e-
--2
1ee2
++1
0e
1.2.3
1e-
1.2.3
+
e10
--2
++1
e10
0e
+
1e
++1
e10
+
--2
++1
+
.
0e
+
1e-
000.e
.
abc
--2
000.e
1e
-
1ee2
1ee2
e10
abc
000.e
e10
.
1e
-
abc
1.2.3
++1
abc
++1
1e
+
+
1e
1e-
--2
abc
1e+
.
1e-
1e+
++1
000.e
1e-
1ee2
abc
1e+
-
e10
000.e
-
++1
000.e
1e+
.
++1
1ee2
abc
.
0e
0e
abc
e10
1e-
0e
000.e
+
1ee2
1.2.3
000.e
1.2.3
++1
1e+
abc
1e
--2
1e
1ee2
e10
++1
-
1.2.3
1ee2
-
0e
0e
--2
+
--2
++1
1.2.3
abc
.
0e
1e-
000.e
1.2.3
e10
1.2.3
-
.
++1
--2
++1
abc
abc
1e+
abc
1e-
1.2.3
--2
1e+
abc
1e-
.
--2
000.e
1ee2
e10
0e
--2
--2
.
abc
.
1.2.3
-
--2
1ee2
1.2.3
.
--2
1e
-
abc
e10
1e-
1e
-
1e+
1.2.3
-
e10
1.2.3
++1
++1
.
1ee2
1e
-
--2
1e-
1ee2
e10
1e
0e
0e
1e-
abc
--2
e10
1ee2
e10
1e
0e
1ee2
1e-
1ee2
++1
e10
++1
0e
e10
abc
++1
-
e10
1.2.3
000.e
1.2.3
.
1.2.3
000.e
000.e
1e+
.
abc
+
+
1.2.3
abc
e10
-
1ee2
1.2.3
1e
1e
000.e
1e+
000.e
.
+
.
++1
1e-
1e+
1.2.3
1e+
1e-
1e
1.2.3
1ee2
e10
++1
1e-
1.2.3
e10
--2
++1
1e-
000.e
--2
++1
+
1ee2
000.e
000.e
abc
000.e
-
000.e
e10
-
+
e10
1ee2
1.2.3
1e
1e+
0e
1e
abc
1.2.3
+
e10
--2
+
e10
1ee2
.
1e
e10
abc
--2
+
1e+
1e+
1ee2
+
abc
-
1e-
.
0e
-
000.e
-
.
1e+
.
0e
000.e
-
1.2.3
e10
-
1.2.3
--2
+
1.2.3
1ee2
+
1e-
1e-
1e+
1.2.3
1ee2
1e+
--2
e10
abc
1e
1ee2
--2
1ee2
e10
++1
1.2.3
-
abc
0e
0e
1ee2
1e-
0e
+
1.2.3
++1
0e
--2
1e-
0e
0e
0e
1e-
++1
++1
1e-
abc
--2
.
++1
1.2.3
--2
1e-
.
-
1e
++1
0e
1.2.3
0e
++1
000.e
1ee2
e10
0e
1e+
1ee2
1ee2
1.2.3
++1
1e-
0e
e10
+
1e
0e
000.e
++1
+
-
1ee2
-
++1
abc
.
e10
--2
.
1e-
+
000.e
e10
.
+
1.2.3
--2
1ee2
.
.
1e
1e
--2
1e
1e
.
++1
--2
1e-
.
--2
--2
1e
+
e10
.
+
000.e
abc
+
1e
--2
1e
abc
-
e10
1e+
0e
e10
abc
.
0e
.
1.2.3
++1
+
-
0e
0e
1ee2
.
+
e10
.
--2
abc
e10
000.e
--2
--2
--2
1e+
000.e
--2
.
1ee2
0e
+
+
e10
e10
abc
++1
+
-
+
1e
1e-
abc
--2
++1
++1
1e-
0e
1ee2
abc
000.e
1e
++1
.
++1
--2
+
e10
-
-
-
++1
1e
1e+
-
1e
++1
1.2.3
abc
abc
1e
0e
abc
abc
.
-
++1
0e
0e
e10
1.2.3
000.e
1e-
abc
abc
e10
-
--2
1.2.3
abc
1e+
++1
1ee2
.
1e
0e
1.2.3
0e
+
+
0e
1e-
1e+
-
++1
--2
1e+
000.e
000.e
1e
+
e10
-
1.2.3
-
++1
1.2.3
+
1.2.3
000.e
0e
+
1e-
1e+
1ee2
1e
+
1e+
1e-
1e
+
1e
1e-
e10
1.2.3
0e
1e-
000.e
0e
1.2.3
0e
-
--2
--2
-
1.2.3
1.2.3
.
000.e
+
1e-
--2
0e
1.2.3
000.e
--2
.
abc
1ee2
1ee2
abc
.
0e
1ee2
+
0e
++1
abc
1ee2
+
1e
+
0e
e10
1ee2
.
1ee2
1e
+
--2
000.e
abc
-
e10
e10
+
.
0e
abc
1ee2
-
-
1e
1e
-
1.2.3
.
1e+
1e-
0e
+
1e-
+
0e
1e
1ee2
1.2.3
1ee2
.
.
1e-
+
000.e
.
1e+
0e
1e+
1ee2
-
.
.
0e
++1
000.e
e10
+
0e
000.e
e10
1e
1e
1e
1.2.3
1e
1e+
--2
e10
-
e10
1ee2
e10
e10
000.e
abc
e10
++1
000.e
+
1ee2
.
.
0e
0e
1.2.3
--2
1e+
++1
abc
abc
1e
abc
+
+
1e+
1e+
+
--2
1ee2
1.2.3
e10
1ee2
1.2.3
abc
1e
+
--2
1e+
1.2.3
--2
1e
1e+
e10
0e
.
--2
1e
.
1e
000.e
--2
e10
-
.
+
1e-
0e
1.2.3
.
--2
++1
.
--2
+
+
.
+
abc
abc
++1
1ee2
1.2.3
1e+
1e+
0e
1e-
++1
0e
e10
--2
1e-
1.2.3
1ee2
-
0e
e10
1e+
1e
0e
+
000.e
+
--2
.
0e
--2
.
1.2.3
1ee2
--2
1e+
1e+
1e+
+
000.e
e10
.
+
1ee2
1e-
e10
--2
++1
+
0e
1ee2
--2
0e
abc
e10
--2
-
000.e
000.e
0e
0e
000.e
+
-
e10
1e+
++1
1.2.3
1e
1e-
1e+
1e-
abc
000.e
--2
1ee2
0e
1ee2
1e-
1.2.3
1e-
.
e10
000.e
e10
1e+
1e
abc
++1
+
1e
1e
1e-
1e-
1ee2
-
e10
1ee2
e10
++1
.
+
0e
1e
abc
1e
0e
--2
1ee2
+
0e
1ee2
1e-
+
1e+
1.2.3
++1
e10
000.e
0e
1.2.3
1.2.3
--2
1e
-
000.e
--2
abc
e10
1e-
1e-
--2
1.2.3
-
--2
0e
abc
1e-
1e-
1e
1.2.3
1e+
+
+
0e
--2
0e
1e+
abc
--2
1e
0e
0e
1e-
1e+
1e-
1e-
+
+
1e
1ee2
1.2.3
e10
--2
1e
.
1.2.3
--2
--2
e10
1e+
1.2.3
1.2.3
1ee2
e10
+
000.e
1e+
1e
000.e
0e
abc
1e-
.
0e
-
1e-
+
1e+
.
1e-
1e+
1e-
.
1e+
abc
+
1e+
--2
--2
1ee2
+
-
1e
+
1.2.3
--2
0e
1.2.3
+
--2
.
.
e10
1.2.3
1e
++1
0e
--2
1.2.3
1e-
++1
1ee2
000.e
-
--2
+
+
1e-
++1
+
abc
1e
1ee2
1e
-
--2
--2
+
++1
.
1ee2
1.2.3
1e
1e
-
abc
1e
1.2.3
1.2.3
1e
abc
+
abc
++1
-
-
-
1e
1ee2
.
000.e
-
1e
.
+
1.2.3
000.e
.
1e-
++1
abc
+
.
1.2.3
1ee2
0e
++1
1ee2
-
0e
+
1.2.3
000.e
1.2.3
abc
000.e
1e
++1
-
000.e
--2
0e
000.e
1.2.3
0e
0e
++1
--2
0e
-
--2
++1
abc
000.e
e10
1e
abc
0e
1ee2
.
0e
abc
++1
-
++1
1e+
--2
++1
1.2.3
1ee2
1e
--2
1e-
1.2.3
000.e
1ee2
1e+
000.e
1.2.3
--2
000.e
abc
000.e
.
--2
e10
++1
--2
1.2.3
0e
abc
e10
abc
abc
0e
000.e
-
1.2.3
000.e
1ee2
e10
1ee2
1e
0e
000.e
1e
1e-
-
-
1e
1ee2
abc
++1
+
-
++1
1e-
--2
1e+
1e-
0e
1ee2
++1
1e-
000.e
abc
1.2.3
++1
--2
++1
e10
++1
-
1e+
1ee2
--2
-
1e-
-
abc
1.2.3
1e+
++1
000.e
1ee2
-
1e+
1e
abc
1ee2
--2
1ee2
+
e10
++1
.
1ee2
1.2.3
abc
e10
-
abc
++1
1e+
0e
1e-
abc
0e
1.2.3
1e
000.e
1ee2
+
+
1ee2
-
++1
0e
0e
abc
1e+
1e-
1e-
+
1e
e10
-
++1
.
--2
000.e
1ee2
1e
.
e10
.
1.2.3
000.e
--2
.
-
1e+
1e+
1e-
1e+
1ee2
++1
-
abc
e10
1ee2
++1
--2
+
1e+
-
abc
1e+
++1
.
++1
.
abc
--2
+
e10
1ee2
abc
1e+
+
1e+
1.2.3
+
1e+
1e
--2
-
.
1e
+
1ee2
1ee2
.
1ee2
e10
--2
++1
000.e
-
+
1.2.3
1e
++1
e10
abc
1.2.3
abc
000.e
+
1e-
1e
000.e
000.e
0e
--2
-
1e-
.
abc
--2
1e-
--2
e10
--2
1.2.3
000.e
1.2.3
-
000.e
1e-
e10
1e-
.
1e+
-
++1
1.2.3
.
000.e
++1
1e
++1
abc
-
000.e
-
.
abc
1ee2
+
1e-
abc
1e-
1e
1.2.3
1e-
-
.
1e+
e10
1.2.3
1.2.3
1.2.3
+
1e
++1
1ee2
0e
e10
1.2.3
1ee2
0e
--2
abc
1.2.3
--2
.
-
--2
--2
.
++1
000.e
1ee2
0e
++1
-
1e+
1ee2
1e
0e
+
++1
++1
++1
1ee2
-
1ee2
1.2.3
e10
0e
e10
0e
--2
0e
1e
abc
1e-
-
abc
0e
1e+
-
e10
0e
abc
000.e
1e-
1ee2
--2
--2
1ee2
000.e
1e-
000.e
e10
1.2.3
1e-
.
e10
1ee2
+
1e
+
+
1e+
abc
++1
1e
1e
1.2.3
--2
abc
++1
e10
.
e10
e10
1e+
1e
--2
+
e10
-
1e
0e
0e
e10
1e+
0e
1ee2
000.e
abc
000.e
-
++1
1e+
e10
-
1ee2
000.e
1.2.3
1ee2
1ee2
0e
1.2.3
0e
1e+
.
abc
1e-
0e
1.2.3
1e-
000.e
1e+
1ee2
.
1e-
+
1.2.3
1e+
e10
1.2.3
-
1ee2
++1
+
1e-
1ee2
1e
0e
1.2.3
1ee2
e10
.
1ee2
e10
e10
1e
1e+
abc
1e
++1
--2
0e
++1
1e-
1.2.3
abc
1e-
++1
0e
1.2.3
-
1e+
1.2.3
+
1ee2
abc
abc
e10
.
000.e
+
++1
.
--2
--2
1ee2
+
++1
abc
1ee2
1e
-
abc
e10
abc
000.e
0e
--2
1e+
1e
1e
1e
.
+
-
-
.
abc
000.e
1ee2
-
++1
--2
1e+
1e+
1ee2
1e-
+
1ee2
abc
--2
000.e
000.e
000.e
1ee2
0e
000.e
1e+
.
1.2.3
1e+
1ee2
+
0e
++1
1.2.3
e10
--2
++1
--2
abc
-
--2
+
000.e
++1
1e-
+
++1
1e+
000.e
abc
1e
++1
1e-
1ee2
--2
e10
++1
1ee2
1ee2
--2
+
0e
-
e10
--2
-
1e
1e-
-
e10
000.e
+
+
+
e10
1.2.3
1e+
--2
1e
1e
-
.
+
abc
1e-
1ee2
1e+
1ee2
.
1e-
e10
1ee2
000.e
1e
.
-
++1
000.e
e10
1ee2
e10
1ee2
abc
000.e
1e+
++1
1.2.3
e10
abc
+
++1
1.2.3
--2
1ee2
abc
1e-
0e
000.e
abc
1e+
++1
-
--2
000.e
+
1e
++1
1e+
.
1e+
abc
abc
e10
+
e10
0e
-
1ee2
e10
e10
000.e
+
abc
1ee2
e10
0e
++1
1e-
1e+
1e+
e10
+
.
1e
1e+
1e+
1e
1e-
1ee2
--2
-
--2
1e
1ee2
.
1e-
1e
e10
++1
000.e
1e-
.
1e+
0e
+
1e-
e10
-
1ee2
0e
abc
1e-
1.2.3
abc
000.e
.
1.2.3
1ee2
1e-
abc
-
+
000.e
1e+
--2
-
1.2.3
--2
0e
1e-
1e+
-
+
e10
-
e10
1e
-
0e
-
1e-
1e
1e
--2
000.e
0e
abc
1e+
1e
1e-
--2
abc
++1
++1
+
e10
1ee2
-
+
1e+
000.e
1e
e10
1ee2
1e-
000.e
abc
--2
++1
abc
--2
1ee2
+
--2
1e
1e+
1e-
abc
1e+
+
+
1e-
1.2.3
1e+
++1
1.2.3
0e
.
000.e
e10
0e
000.e
1.2.3
1e-
1e-
000.e
+
0e
+
abc
--2
++1
0e
.
1e-
000.e
1e-
1e+
++1
1e-
000.e
e10
1.2.3
1.2.3
abc
e10
.
.
-
1e-
.
--2
1ee2
1e-
abc
1ee2
++1
++1
1.2.3
--2
e10
1e-
.
1e+
++1
--2
--2
--2
-
--2
0e
1ee2
.
1e+
.
1e+
abc
e10
abc
1ee2
0e
++1
--2
-
000.e
1e+
0e
1e-
1.2.3
++1
1.2.3
++1
1e
.
1e-
000.e
0e
abc
.
1e
++1
abc
1e-
e10
1e-
+
1e-
0e
abc
1e
000.e
-
1e
1.2.3
1e
1e
1e-
1e-
1ee2
.
+
-
-
++1
1e+
abc
--2
++1
1e-
.
abc
1e
000.e
abc
1e+
e10
.
1e-
1.2.3
1ee2
--2
1.2.3
000.e
e10
1.2.3
-
.
++1
e10
.
e10
+
1ee2
0e
-
-
abc
+
1.2.3
e10
abc
++1
+
+
1e
+
1e+
1.2.3
000.e
000.e
--2
1ee2
abc
+
1ee2
--2
-
.
000.e
1.2.3
.
-
0e
1e-
1e-
--2
0e
1e-
-
1e
+
--2
+
+
0e
+
1e+
000.e
+
0e
-
1e-
+
000.e
abc
1e
1e+
000.e
1e
++1
e10
.
000.e
0e
e10
1e
e10
abc
++1
--2
1ee2
1e
e10
++1
e10
e10
++1
1e
++1
1ee2
e10
0e
.
1.2.3
++1
--2
1ee2
1.2.3
--2
1e-
1ee2
+
1e-
1.2.3
-
.
+
.
.
0e
++1
--2
++1
+
e10
1e
1e-
000.e
1ee2
.
1e-
.
1.2.3
0e
+
--2
1e+
1e
1e
abc
1e-
0e
0e
000.e
-
--2
1e
0e
1e
1e-
000.e
e10
1e-
1ee2
1e+
e10
000.e
1.2.3
abc
+
1e-
e10
e10
e10
1e-
1ee2
1e+
.
-
000.e
000.e
1.2.3
1e-
abc
1e-
1.2.3
0e
++1
+
+
e10
1e+
1ee2
000.e
000.e
0e
abc
e10
0e
0e
1e-
1.2.3
1e-
1e-
e10
1ee2
.
1e+
+
1e-
--2
1ee2
1e+
1e+
1.2.3
1ee2
1e-
000.e
0e
1e
.
1ee2
e10
++1
.
-
000.e
--2
++1
+
.
0e
0e
.
1e+
1ee2
000.e
1.2.3
--2
abc
1e
e10
0e
1.2.3
1e+
-
e10
1ee2
-
1e-
1e
++1
e10
1e+
++1
1e+
-
000.e
000.e
.
abc
1.2.3
0e
1.2.3
-
-
1.2.3
0e
1e-
.
-
+
--2
000.e
++1
1e-
000.e
1e-
000.e
--2
1ee2
1e-
++1
abc
abc
+
--2
-
1e
1e+
1e
1e
1ee2
1e+
1.2.3
e10
.
0e
++1
000.e
0e
--2
000.e
--2
1ee2
1e+
1e
0e
abc
1e
e10
1e+
1e
000.e
.
1e+
1e-
e10
1e+
000.e
000.e
abc
++1
1e-
1ee2
0e
abc
++1
1e
1e+
1e
1e-
++1
0e
1e+
1.2.3
e10
000.e
1.2.3
0e
1.2.3
+
abc
1e
1ee2
1e
0e
abc
+
-
abc
--2
1.2.3
1ee2
1.2.3
-
abc
1e+
++1
000.e
.
e10
abc
1ee2
1.2.3
000.e
000.e
1e+
1ee2
1e+
e10
++1
+
1e-
1e+
1ee2
--2
1e
1ee2
1.2.3
1e+
1.2.3
1e
1.2.3
0e
1ee2
e10
++1
abc
1.2.3
.
1e-
.
1.2.3
000.e
e10
1e+
abc
1.2.3
000.e
.
1e+
++1
1.2.3
000.e
1ee2
000.e
1.2.3
++1
e10
1e-
1e-
1e-
1e+
1e+
.
-
0e
-
1e
++1
abc
e10
++1
1e+
1e+
1e
1e
0e
+
1.2.3
0e
abc
+
e10
--2
0e
1ee2
-
--2
1e+
+
1e
0e
-
+
--2
--2
.
1e
1e
000.e
-
1ee2
1.2.3
+
1ee2
-
1e-
0e
1ee2
abc
++1
--2
1.2.3
1e
.
0e
e10
0e
abc
000.e
1e+
-
1e-
1e
1ee2
+
abc
+
.
000.e
0e
1e+
e10
000.e
abc
+
1ee2
+
e10
.
0e
.
000.e
1e+
1e-
-
abc
++1
1ee2
1ee2
abc
e10
abc
1e+
1e-
++1
1e
e10
.
0e
1.2.3
1ee2
1ee2
+
1ee2
1e
1e-
-
.
-
1e-
++1
--2
1e-
1.2.3
000.e
1e-
000.e
1e+
1e
000.e
0e
1e
--2
abc
.
1ee2
e10
1e-
0e
000.e
.
-
++1
e10
1e
-
e10
000.e
+
1e-
1ee2
1e-
-
abc
abc
+
1e+
abc
1ee2
.
1e+
--2
1e-
000.e
-
e10
1ee2
000.e
-
+
000.e
-
1e-
-
abc
--2
.
e10
1e-
1e
1e
.
++1
1e-
e10
++1
++1
e10
--2
1.2.3
1e
--2
1e+
abc
1.2.3
-
000.e
1.2.3
-
1e
e10
1e
1ee2
++1
0e
0e
1e-
1e
-
1.2.3
.
1e
1e
--2
abc
1e+
-
000.e
abc
e10
1e
1.2.3
+
abc
abc
0e
e10
+
+
1.2.3
-
000.e
+
1.2.3
e10
--2
+
+
000.e
1ee2
1ee2
.
++1
abc
1e
.
1e
.
-
e10
1e
0e
-
1e-
--2
1e+
0e
--2
1e
1e
e10
e10
e10
abc
--2
++1
000.e
000.e
1ee2
--2
.
1ee2
+
e10
0e
e10
0e
0e
+
1e+
1.2.3
1.2.3
1e+
+
abc
1e
1.2.3
e10
e10
+
.
1ee2
abc
+
0e
+
1e
e10
.
abc
1e-
+
1e+
e10
1.2.3
1.2.3
e10
+
1e-
-
1.2.3
--2
0e
000.e
-
--2
.
++1
000.e
1e+
-
abc
1e-
1e-
000.e
1e+
--2
000.e
+
1e+
+
++1
1e
1ee2
0e
0e
1ee2
+
--2
1ee2
1e
1ee2
1.2.3
--2
abc
0e
1.2.3
e10
++1
-
1ee2
1e-
e10
1e
000.e
1.2.3
.
1.2.3
1e-
abc
1.2.3
++1
abc
abc
1ee2
++1
--2
--2
+
000.e
1e+
abc
1e
e10
1e-
1ee2
1.2.3
++1
+
1.2.3
--2
.
1ee2
+
.
1e-
+
1ee2
1ee2
0e
1e
--2
.
1e
0e
1e
0e
000.e
0e
-
+
e10
-
+
1e
+
000.e
0e
--2
--2
1.2.3
.
++1
1ee2
--2
000.e
1e
1ee2
1e
1e
abc
++1
.
000.e
1.2.3
-
1e+
0e
1e-
++1
1.2.3
0e
0e
abc
--2
1.2.3
1e-
+
1e+
+
+
1ee2
0e
1e
1ee2
--2
1e+
0e
1e
.
1e
1e-
abc
1e-
1ee2
.
abc
0e
1ee2
1e-
1e-
0e
e10
-
1.2.3
1e
.
1e-
++1
1e-
1e
1e
000.e
++1
1.2.3
-
e10
+
1e+
1.2.3
.
+
1.2.3
000.e
++1
1e
1ee2
000.e
-
1e
1e
abc
++1
+
1ee2
++1
1e+
0e
abc
1e+
--2
1e-
000.e
1e
-
++1
++1
++1
1e-
1.2.3
1.2.3
--2
e10
1e+
--2
e10
--2
1e+
1e-
--2
1ee2
1ee2
-
++1
1.2.3
0e
1e+
++1
1e+
.
1.2.3
abc
1e+
000.e
e10
1e-
e10
1ee2
--2
+
++1
1.2.3
--2
000.e
--2
++1
1e+
+
1.2.3
-
.
--2
000.e
.
000.e
1e-
abc
++1
++1
+
1e
1e+
1e
-
1e-
1e+
000.e
1.2.3
1e-
1e-
-
--2
.
e10
--2
1.2.3
1e-
1.2.3
1e+
.
1e-
.
1ee2
abc
++1
--2
1ee2
1e-
e10
1ee2
-
1e+
++1
e10
.
.
0e
1e-
.
0e
1ee2
+
--2
1e-
++1
-
-
1e-
1.2.3
-
1e+
000.e
0e
++1
0e
1.2.3
1e+
+
+
1e+
000.e
--2
000.e
abc
1e+
0e
1e-
+
1e+
++1
++1
+
e10
0e
+
1e
++1
abc
000.e
1e
0e
++1
+
1e+
1e+
.
1ee2
abc
000.e
.
abc
-
+
000.e
1ee2
1.2.3
0e
000.e
1ee2
1e
1e+
1.2.3
0e
e10
1.2.3
1ee2
1e-
0e
abc
1ee2
-
1e-
1.2.3
-
e10
e10
000.e
1.2.3
.
.
e10
abc
++1
1e+
1.2.3
0e
e10
1e+
e10
+
0e
abc
.
++1
.
e10
1e-
0e
1e
abc
000.e
++1
-
1ee2
1ee2
1.2.3
--2
++1
--2
abc
abc
000.e
+
000.e
++1
1e-
1.2.3
1ee2
1e
1e+
-
1.2.3
abc
.
.
.
.
--2
1e+
e10
1e+
1.2.3
abc
1e
++1
1e+
++1
1e
1ee2
1e-
1e+
+
000.e
++1
-
1e
0e
-
1e+
abc
1e+
e10
1e
.
000.e
-
1.2.3
0e
abc
1e-
-
abc
1e+
1e+
1e-
-
1e
1.2.3
1e+
1e
000.e
1e-
abc
.
e10
-
--2
abc
1ee2
1e-
0e
+
-
1ee2
1ee2
abc
-
1e-
+
1e-
1e-
1.2.3
.
--2
1ee2
abc
1e+
0e
1e
++1
1.2.3
1ee2
-
.
+
1.2.3
e10
1.2.3
1ee2
abc
-
0e
.
1e
--2
000.e
0e
1e
1ee2
1ee2
000.e
1e
-
000.e
1ee2
1.2.3
1e+
.
1ee2
1ee2
1e
1e+
+
e10
+
++1
e10
1e
+
abc
abc
1ee2
-
1e-
1e-
1.2.3
1.2.3
-
-
000.e
abc
+
--2
1e
1e-
1e-
1ee2
.
1e+
1e
1e
1.2.3
1ee2
--2
1e
1ee2
0e
e10
abc
1.2.3
.
+
1e-
1ee2
+
abc
-
1e-
0e
+
abc
000.e
++1
--2
1.2.3
1ee2
1e-
abc
000.e
abc
1e
1e+
1e-
e10
000.e
.
.
abc
++1
e10
1e-
-
000.e
1e
0e
1e+
0e
-
0e
1e+
1ee2
1e+
+
000.e
++1
000.e
1e
1e
.
1ee2
1e-
++1
000.e
1.2.3
1ee2
1e+
++1
abc
++1
abc
1e-
1e+
0e
0e
--2
++1
-
abc
0e
1ee2
1e+
-
1e
1e-
1e-
1.2.3
1.2.3
1ee2
++1
e10
--2
-
e10
++1
.
1e+
abc
-
1ee2
1.2.3
++1
1ee2
-
1.2.3
abc
1e
1e+
000.e
1e-
-
abc
--2
1e+
-
1e-
1e-
abc
.
1e+
e10
1e+
abc
abc
1ee2
1e
1e+
--2
-
++1
1.2.3
++1
1ee2
1.2.3
++1
-
0e
+
1.2.3
1ee2
-
--2
e10
000.e
1.2.3
1.2.3
+
.
0e
000.e
e10
+
0e
+
+
1e-
abc
000.e
1e
+
e10
++1
1e+
--2
-
e10
-
-
1.2.3
-
abc
1.2.3
+
-
0e
--2
1e+
abc
1e
1.2.3
1.2.3
1.2.3
1e-
+
e10
1.2.3
-
1e+
-
1ee2
000.e
+
0e
--2
1.2.3
++1
1ee2
abc
--2
1e+
++1
++1
abc
--2
000.e
--2
-
1.2.3
1e-
+
abc
1.2.3
+
-
++1
+
.
+
0e
0e
000.e
1ee2
1.2.3
1e-
.
.
++1
1e+
1.2.3
+
e10
e10
1e-
0e
1.2.3
1e+
1ee2
1.2.3
0e
-
+
-
-
++1
1e+
1e
1e
e10
0e
1.2.3
--2
-
.
abc
-
abc
1e
--2
abc
++1
1e
++1
++1
++1
abc
1e+
000.e
+
.
+
--2
000.e
++1
+
+
-
000.e
1e-
-
--2
000.e
--2
1e+
0e
+
+
1ee2
abc
0e
000.e
.
e10
++1
--2
1e+
.
1.2.3
1e-
--2
0e
e10
1.2.3
--2
1ee2
1.2.3
1.2.3
1.2.3
.
1.2.3
1.2.3
++1
+
1ee2
+
-
000.e
1e+
.
1e
e10
0e
-
-
000.e
++1
1e+
+
0e
1e
000.e
--2
1e
1e-
++1
0e
-
+
1e
.
--2
abc
1e
1e
1.2.3
1.2.3
000.e
e10
1.2.3
1e+
.
1ee2
000.e
0e
.
++1
1.2.3
1e-
0e
000.e
--2
0e
--2
.
abc
.
abc
1e-
+
0e
1e+
++1
e10
--2
-
-
++1
abc
e10
+
1ee2
1e
.
0e
0e
-
--2
1.2.3
+
.
1e-
e10
1e+
e10
-
000.e
1e-
.
++1
1e-
++1
++1
e10
1.2.3
1e+
-
1e
1.2.3
.
1ee2
1e+
+
--2
.
+
1.2.3
000.e
e10
1e-
000.e
abc
++1
1e
e10
abc
1e-
1e+
e10
1ee2
1e+
--2
++1
-
1e+
++1
1.2.3
+
0e
1ee2
--2
1ee2
1e-
0e
.
1ee2
-
000.e
1e+
e10
abc
1.2.3
1ee2
abc
++1
1e-
0e
+
++1
abc
-
1e
000.e
-
--2
abc
abc
-
.
-
1e+
0e
1e-
1e+
1e+
000.e
0e
e10
++1
1ee2
--2
++1
1.2.3
000.e
+
000.e
abc
0e
1e
-
--2
1e
0e
1e
1ee2
+
-
abc
0e
1e
e10
1.2.3
1e-
1e+
1e
1e+
++1
1.2.3
1ee2
1e+
abc
0e
.
-
0e
1.2.3
++1
000.e
1e
-
++1
0e
1e+
++1
0e
--2
1e+
abc
+
1e
-
1.2.3
-
++1
.
-
abc
1.2.3
1e
--2
000.e
000.e
+
1e
.
1e-
0e
1ee2
++1
1.2.3
000.e
-
1e
1e-
000.e
000.e
-
e10
++1
-
1ee2
1e
0e
abc
000.e
0e
++1
000.e
e10
+
1e+
1ee2
1e-
000.e
-
1ee2
000.e
+
1.2.3
--2
1e+
1e+
--2
1ee2
0e
1e+
--2
.
e10
++1
0e
1e+
.
e10
+
000.e
1e+
--2
abc
1e-
-
+
e10
.
1ee2
000.e
abc
abc
0e
abc
000.e
1e+
--2
1ee2
1e+
+
0e
1e+
1e+
.
1ee2
1e-
1e
000.e
1ee2
1.2.3
.
.
-
1.2.3
1.2.3
++1
--2
1.2.3
1e-
0e
.
-
+
1e+
1e
e10
1e+
000.e
1e
abc
--2
1e
--2
1e
1e-
++1
--2
1.2.3
e10
000.e
000.e
1e
1ee2
+
abc
+
e10
++1
.
-
.
e10
e10
0e
1e-
++1
abc
1e
++1
000.e
e10
1e
+
1e
1.2.3
.
-
+
1e
0e
abc
1ee2
+
abc
1e+
1ee2
1.2.3
-
++1
e10
1e
++1
++1
1e-
1e-
++1
-
1.2.3
+
++1
-
0e
+
--2
1.2.3
1e-
+
.
-
1ee2
e10
1e+
+
1.2.3
1e
.
-
++1
+
-
abc
+
0e
1ee2
-
0e
1.2.3
--2
e10
abc
1e-
+
++1
000.e
++1
-
1e+
000.e
1e
1.2.3
abc
000.e
1e-
1.2.3
1ee2
++1
abc
000.e
+
1ee2
.
.
000.e
--2
1e-
1e-
abc
1e+
1e-
0e
-
1e
-
--2
+
.
--2
abc
abc
1e+
abc
1ee2
.
abc
1e-
000.e
1e
abc
1e
1e-
1ee2
1ee2
1.2.3
1e-
+
-
1e
1ee2
abc
+
+
.
e10
1.2.3
.
1e
-
1ee2
1e+
0e
1e+
e10
1.2.3
1.2.3
1e
e10
++1
1e+
000.e
e10
+
000.e
e10
-
1ee2
.
1.2.3
--2
1e-
+
1e-
abc
1e
++1
abc
abc
1ee2
1ee2
000.e
.
1.2.3
0e
+
abc
.
+
1e+
--2
000.e
000.e
1e-
--2
--2
1e+
000.e
abc
1e+
.
--2
000.e
++1
1e-
e10
0e
1e+
++1
e10
--2
+
000.e
1e-
abc
1.2.3
1e
000.e
1ee2
000.e
+
1e-
1.2.3
--2
--2
.
--2
e10
abc
--2
abc
1e+
1e
1e-
000.e
--2
0e
++1
1e+
0e
--2
000.e
1e-
e10
-
-
e10
1e-
1e-
0e
--2
.
--2
000.e
1e
1ee2
1e+
e10
1e-
+
+
-
abc
1ee2
1ee2
e10
-
e10
1.2.3
1.2.3
--2
1ee2
+
1e+
1ee2
1.2.3
--2
+
++1
1ee2
--2
--2
.
e10
e10
1.2.3
e10
+
.
++1
abc
--2
1.2.3
+
+
.
1.2.3
e10
1ee2
++1
.
--2
+
1.2.3
abc
.
abc
0e
1.2.3
000.e
1e-
1.2.3
1e+
1ee2
0e
abc
++1
1e-
+
1ee2
--2
+
++1
1ee2
+
0e
1e
+
1e-
-
+
1e-
++1
abc
1e-
0e
1e-
000.e
000.e
0e
1e-
1.2.3
1.2.3
1e+
e10
000.e
1ee2
1e+
--2
1ee2
++1
1e+
e10
1ee2
.
+
-
-
--2
1.2.3
-
.
1ee2
1e+
--2
1e
e10
.
000.e
1e
000.e
+
abc
++1
+
--2
abc
0e
1ee2
--2
-
abc
1e+
e10
e10
e10
1e+
0e
.
000.e
1ee2
1e+
-
-
1e-
+
-
-
--2
abc
1ee2
e10
1ee2
abc
1.2.3
1e+
e10
000.e
1e+
--2
1e+
1.2.3
1ee2
++1
.
e10
++1
--2
1e-
1e-
++1
1ee2
1e+
000.e
1.2.3
000.e
e10
.
--2
1ee2
-
000.e
000.e
.
+
1e-
.
1e+
1.2.3
0e
1.2.3
1e
000.e
-
1e-
000.e
1e
1.2.3
0e
e10
1ee2
-
abc
1e-
1e-
++1
000.e
--2
e10
+
0e
1.2.3
-
1e
abc
1ee2
+
abc
-
.
1e+
++1
-
1ee2
.
1e+
e10
-
e10
.
++1
-
e10
1e-
+
++1
abc
000.e
1e-
e10
1ee2
1e
.
0e
e10
0e
0e
0e
abc
.
1e
abc
e10
++1
1e
.
.
1e
1e+
e10
1e-
e10
1e-
e10
1.2.3
.
000.e
1ee2
abc
--2
e10
000.e
e10
++1
1e
++1
abc
++1
e10
+
1e
abc
1e-
1e
000.e
000.e
1e+
1ee2
++1
1ee2
1e+
-
+
000.e
.
+
000.e
1ee2
e10
-
-
1e+
000.e
+
+
1.2.3
--2
--2
-
++1
000.e
--2
0e
e10
++1
e10
1e
-
e10
0e
abc
++1
0e
++1
abc
1e-
1e+
.
--2
-
1e
1e+
-
0e
++1
1ee2
-
000.e
1.2.3
1.2.3
.
.
1.2.3
000.e
1e+
++1
1ee2
+
--2
000.e
abc
--2
1.2.3
+
0e
1e
abc
++1
-
-
0e
-
-
++1
-
--2
1e-
+
--2
0e
1e+
--2
1e-
e10
.
--2
1.2.3
1e+
+
000.e
e10
-
1.2.3
.
1ee2
1e-
--2
1e+
++1
abc
1e+
0e
1.2.3
1e
++1
e10
1e
+
abc
1e
0e
+
0e
+
1ee2
1e
1.2.3
1e-
e10
1.2.3
1ee2
1.2.3
+
1ee2
1e-
+
.
1e
1.2.3
.
-
e10
-
1ee2
1e
+
-
--2
.
1.2.3
++1
1e
1e
0e
1e
abc
1ee2
0e
--2
e10
000.e
000.e
1e-
.
1e-
abc
1e-
-
-
e10
--2
1e+
e10
--2
1e
1e-
1.2.3
-
abc
000.e
e10
++1
abc
-
1.2.3
1e-
+
1ee2
1ee2
1.2.3
1e
++1
1.2.3
0e
e10
1.2.3
1e
1e+
++1
0e
e10
1e+
abc
++1
e10
1e-
+
-
abc
0e
000.e
+
1e+
e10
1ee2
1e-
e10
0e
--2
000.e
.
--2
0e
1e+
1e+
1e+
++1
1e-
000.e
e10
1e-
0e
--2
--2
1ee2
1e
1e
e10
1e
-
++1
+
++1
1e-
1e-
--2
1e
e10
1e
++1
1e-
.
000.e
.
abc
+
1e
1e+
0e
abc
0e
000.e
000.e
e10
abc
.
1e
1e
.
++1
1ee2
1ee2
+
e10
++1
.
1e
1e-
1e
1ee2
1e
1e+
.
1e+
1ee2
1.2.3
+
-
1ee2
.
1.2.3
+
++1
1ee2
1ee2
-
e10
-
1.2.3
--2
e10
1e-
e10
.
1e
--2
000.e
0e
--2
--2
1.2.3
++1
1ee2
1.2.3
0e
1.2.3
1ee2
-
1e+
1ee2
000.e
.
abc
1e+
++1
1ee2
++1
++1
000.e
.
e10
.
-
1e+
--2
1e+
1e-
0e
e10
1e+
1e+
1e
++1
000.e
1e-
++1
000.e
1e+
000.e
++1
1e-
++1
.
1e-
0e
1e
e10
000.e
1e
1ee2
1e
1ee2
abc
+
0e
abc
--2
000.e
++1
1e
--2
1ee2
1e-
0e
1.2.3
1e
1.2.3
1e+
e10
000.e
000.e
1e+
+
+
e10
.
1.2.3
1e-
0e
1e+
e10
+
e10
1.2.3
1.2.3
+
1e+
++1
1.2.3
++1
-
1e-
0e
000.e
0e
--2
--2
-
000.e
--2
1e+
e10
000.e
abc
1e+
-
e10
.
.
-
e10
1ee2
1e+
1ee2
0e
--2
e10
abc
1e+
+
1e+
000.e
1e+
.
000.e
-
--2
e10
--2
+
1.2.3
++1
+
++1
.
.
-
.
-
-
abc
+
++1
1ee2
1ee2
1.2.3
e10
1ee2
1e-
1.2.3
000.e
1.2.3
1.2.3
-
.
1e
1ee2
0e
abc
abc
e10
+
1e
+
++1
1e-
1e-
1ee2
--2
1ee2
.
1ee2
e10
000.e
1e
1ee2
1e+
.
.
--2
++1
1.2.3
--2
+
1e
+
--2
e10
e10
1.2.3
++1
1e
-
1ee2
0e
0e
.
.
1ee2
0e
1.2.3
--2
1.2.3
+
1e
abc
1.2.3
1e+
+
+
1e
+
abc
1.2.3
0e
e10
e10
--2
1.2.3
1ee2
1e
abc
1ee2
++1
++1
1e-
0e
.
1e+
000.e
+
1ee2
0e
1e+
++1
1e+
1ee2
1e+
000.e
-
.
+
1e
-
++1
000.e
++1
000.e
-
++1
1e
--2
-
0e
1e+
1ee2
--2
1e
1e-
1.2.3
0e
1ee2
.
1e+
+
+
+
1.2.3
0e
1.2.3
--2
++1
e10
0e
1ee2
1ee2
e10
++1
++1
--2
++1
+
-
1ee2
e10
0e
1e+
abc
--2
e10
1e-
--2
++1
1ee2
0e
+
.
.
0e
--2
abc
-
abc
abc
1ee2
1ee2
e10
-
0e
e10
abc
0e
.
1.2.3
abc
abc
1ee2
e10
.
.
-
e10
--2
1ee2
0e
+
+
1e
.
1.2.3
--2
1e
abc
0e
0e
++1
1e-
1ee2
--2
abc
.
000.e
--2
1.2.3
++1
abc
-
e10
abc
1e+
--2
1.2.3
+
--2
1e
000.e
--2
1e
.
--2
e10
.
000.e
000.e
1e
1.2.3
abc
1e-
1e-
0e
abc
1ee2
1e+
1e
000.e
1.2.3
e10
1e
1e+
1e+
1e
0e
000.e
e10
++1
1.2.3
1ee2
abc
1.2.3
0e
0e
abc
-
1e-
--2
1e
0e
1e-
1e
--2
1ee2
0e
1e+
+
1e+
1e+
1e
000.e
1.2.3
1.2.3
+
000.e
abc
1e
--2
.
-
+
0e
000.e
e10
-
1e+
000.e
--2
1e+
abc
1e-
--2
1e-
++1
.
++1
e10
1e-
.
.
1e+
-
-
1ee2
.
e10
1e
1.2.3
e10
--2
-
1.2.3
1e+
+
abc
--2
1ee2
e10
1e-
+
1e+
1e-
1e
1.2.3
000.e
abc
e10
1ee2
1e-
1e+
1e-
1e
1e+
++1
.
+
abc
1e+
1.2.3
1ee2
abc
.
e10
1e-
.
--2
--2
1e
abc
-
++1
1e+
abc
1e+
.
+
1ee2
000.e
1e+
0e
--2
1ee2
1e+
1e+
000.e
-
abc
++1
++1
++1
.
.
0e
-
1e-
0e
-
1e-
-
1e-
++1
0e
1.2.3
1.2.3
1e-
1.2.3
1e-
1e+
1e-
0e
.
.
1e-
e10
abc
1ee2
+
1ee2
--2
.
1.2.3
.
000.e
1ee2
1e-
000.e
--2
1ee2
1e-
1e
abc
000.e
0e
1.2.3
+
.
1e+
1e-
abc
+
--2
1e
-
abc
0e
abc
0e
1e
++1
1.2.3
1e-
+
--2
1.2.3
++1
e10
0e
1ee2
1ee2
abc
+
000.e
--2
abc
-
--2
abc
-
-
.
1e
1e+
000.e
1e
1.2.3
1.2.3
abc
0e
-
-
abc
.
--2
1ee2
abc
--2
1e+
0e
1e
.
abc
++1
-
e10
1.2.3
abc
.
-
1.2.3
+
1e-
000.e
1.2.3
1e+
+
1e
abc
e10
.
1e
1ee2
++1
1.2.3
0e
++1
1e+
++1
1.2.3
abc
1e+
1ee2
1ee2
abc
.
1ee2
+
abc
1.2.3
-
1e+
1.2.3
--2
--2
-
0e
1e-
1ee2
-
+
1ee2
e10
.
1e
0e
.
abc
+
abc
000.e
1e
1e-
-
000.e
++1
1e
1e-
.
.
-
e10
--2
--2
--2
000.e
1.2.3
++1
e10
e10
.
0e
e10
1.2.3
++1
0e
0e
e10
1e-
abc
abc
1e+
abc
-
1.2.3
+
1ee2
.
abc
.
e10
1e
1e+
1e
--2
0e
--2
1e
1e+
0e
.
++1
++1
1e+
+
--2
000.e
1ee2
1e+
1ee2
1e+
-
1.2.3
1e-
+
e10
-
abc
1e-
000.e
1.2.3
1ee2
1e-
--2
e10
++1
--2
1ee2
1e-
0e
+
e10
1ee2
--2
1ee2
e10
1ee2
1e+
+
1e+
+
e10
1e+
--2
++1
1e+
.
000.e
e10
0e
-
++1
1e-
.
1e
e10
1e+
abc
abc
abc
1e
1ee2
--2
+
-
e10
1e
1e
1ee2
abc
1.2.3
000.e
000.e
-
+
.
1e-
1e-
abc
1e-
++1
++1
1e-
1e
1e
+
+
1e
e10
1e-
--2
abc
e10
1.2.3
+
-
1ee2
1e-
+
-
1e+
1e-
000.e
+
0e
1e
1e-
0e
e10
.
abc
--2
1.2.3
1.2.3
-
000.e
-
-
.
-
1e+
abc
++1
abc
e10
1e
1ee2
.
abc
1ee2
e10
1ee2
++1
abc
abc
++1
1ee2
1.2.3
++1
1e
1.2.3
++1
--2
+
0e
+
e10
--2
-
000.e
abc
000.e
--2
0e
1e+
abc
e10
1.2.3
++1
abc
1ee2
abc
+
1e+
++1
1.2.3
000.e
++1
abc
1.2.3
1e-
1e-
.
1ee2
+
++1
0e
++1
+
+
1e-
e10
1e+
1ee2
++1
++1
1e+
1e-
1e
-
1.2.3
.
1e+
e10
-
000.e
+
1ee2
000.e
1e+
1ee2
+
1ee2
1e-
+
.
-
--2
abc
1e-
-
-
.
-
1.2.3
1e-
.
1e
1e-
e10
1e+
+
000.e
-
.
1e
-
0e
0e
.
.
-
++1
1e+
0e
.
-
000.e
.
.
.
--2
0e
-
e10
+
+
--2
1.2.3
+
abc
1e-
.
1e
e10
+
1e-
-
--2
1e
1.2.3
.
abc
+
000.e
1e+
-
000.e
+
++1
++1
0e
e10
++1
1e
1ee2
e10
e10
000.e
--2
1.2.3
+
000.e
+
.
1ee2
1.2.3
1e
1.2.3
++1
000.e
1e+
-
0e
1e-
0e
++1
1.2.3
000.e
1e-
1e
1e-
1e-
+
1.2.3
1ee2
1ee2
1e+
0e
000.e
1ee2
.
0e
++1
e10
e10
1ee2
1.2.3
-
abc
.
1e
e10
-
++1
0e
abc
1ee2
1e-
000.e
0e
+
000.e
+
1e-
1e-
-
+
--2
++1
++1
1e-
1ee2
1e-
000.e
000.e
abc
1.2.3
1.2.3
e10
1e-
1.2.3
e10
abc
+
-
1e
1.2.3
e10
--2
abc
abc
abc
+
1.2.3
abc
abc
--2
-
0e
.
1.2.3
1e+
000.e
abc
1ee2
--2
1e-
++1
1ee2
1e
1e+
-
000.e
1e
--2
++1
1e+
000.e
-
0e
000.e
-
1e-
1.2.3
0e
.
--2
1e
abc
+
abc
e10
1.2.3
++1
000.e
+
-
1.2.3
1e+
000.e
.
000.e
1.2.3
.
1e
1.2.3
1ee2
1.2.3
1e
1e-
000.e
0e
+
1ee2
1.2.3
1e
1e-
1.2.3
0e
1ee2
000.e
1e+
0e
e10
1e
-
-
--2
1ee2
+
1e+
++1
abc
1.2.3
++1
+
e10
abc
++1
1e+
1.2.3
1e+
abc
1e-
e10
abc
1ee2
1e+
e10
-
-
--2
1e+
1e
+
1e
e10
--2
+
1ee2
1e-
+
1.2.3
1e+
1ee2
abc
000.e
++1
1ee2
-
1e-
--2
++1
0e
++1
++1
--2
1.2.3
e10
abc
0e
.
0e
+
1e+
1e+
000.e
e10
+
000.e
++1
--2
abc
e10
1e-
-
1e
e10
1.2.3
1.2.3
.
1.2.3
e10
1e
e10
0e
1ee2
0e
e10
1.2.3
1e+
-
1ee2
--2
++1
000.e
1e+
.
1e
++1
0e
-
1.2.3
.
000.e
+
abc
0e
--2
1e
1e
1e
++1
-
-
abc
++1
++1
1e+
0e
abc
000.e
--2
1.2.3
1e
.
+
e10
e10
abc
000.e
1.2.3
000.e
--2
1e-
--2
--2
--2
0e
-
+
--2
--2
1.2.3
+
e10
1ee2
1ee2
1ee2
1e
1e+
e10
abc
1e
0e
+
1e
0e
1e-
.
.
1.2.3
--2
++1
++1
000.e
1e+
+
0e
1e+
e10
.
e10
--2
e10
1e+
-
0e
+
1e
-
1ee2
--2
++1
1.2.3
e10
1ee2
-
-
e10
1e
1e
++1
1.2.3
000.e
+
000.e
--2
1e+
+
0e
1ee2
1e
-
e10
0e
abc
1ee2
1e+
--2
1ee2
--2
+
000.e
e10
+
1e
+
1e
1.2.3
--2
0e
1ee2
++1
--2
++1
+
0e
0e
abc
1.2.3
e10
.
1.2.3
-
1.2.3
+
1ee2
+
abc
abc
.
1e+
abc
1e
++1
+
1e-
0e
1.2.3
1.2.3
000.e
1ee2
1e+
-
e10
000.e
--2
1e-
--2
e10
++1
1e+
1.2.3
abc
1e
++1
1e
0e
--2
--2
.
1.2.3
-
1ee2
--2
e10
000.e
.
1e
1e-
--2
e10
abc
-
++1
abc
1.2.3
-
1.2.3
0e
1e+
++1
e10
.
1e+
1e-
e10
e10
000.e
--2
+
e10
.
--2
1e
1e-
1ee2
--2
+
000.e
1e+
.
1e+
--2
--2
000.e
e10
0e
0e
e10
000.e
1e-
1e
1e+
-
++1
+
-
1e-
.
1e+
000.e
000.e
+
1ee2
.
1e
1ee2
.
+
++1
+
1.2.3
1e-
.
e10
--2
.
000.e
000.e
0e
000.e
-
+
+
++1
e10
++1
000.e
+
1ee2
abc
+
1ee2
000.e
+
e10
--2
-
+
-
--2
1e-
.
abc
-
1e-
1e-
000.e
.
1e+
+
.
1e+
1e-
+
0e
--2
abc
1.2.3
0e
0e
abc
.
++1
1ee2
.
e10
+
.
abc
-
0e
1ee2
.
-
1.2.3
.
1ee2
abc
1e
e10
.
.
0e
0e
1e-
e10
++1
++1
-
0e
.
1ee2
e10
--2
.
++1
--2
1e+
1ee2
--2
++1
0e
-
1e
--2
abc
1.2.3
+
+
1e-
000.e
e10
e10
e10
1e-
0e
--2
1e-
abc
-
.
000.e
1e
1ee2
-
+
--2
++1
000.e
e10
.
1e+
1.2.3
000.e
++1
000.e
--2
1.2.3
1e+
.
000.e
--2
++1
abc
1e+
0e
1ee2
.
e10
0e
e10
1e
1e+
e10
abc
abc
1.2.3
1e-
.
-
1ee2
1ee2
abc
1e-
000.e
-
-
1.2.3
0e
1.2.3
000.e
+
1e
1e+
1e-
1ee2
1e-
+
e10
.
++1
e10
0e
e10
000.e
+
1e+
1.2.3
+
++1
-
1.2.3
abc
1ee2
1e
.
1ee2
++1
-
-
e10
.
000.e
e10
1.2.3
0e
0e
+
1e-
.
1e-
-
0e
+
1e+
e10
++1
1e+
1e+
1e-
000.e
000.e
e10
+
1e
--2
0e
1.2.3
1ee2
--2
e10
000.e
000.e
000.e
1e-
-
1e
1.2.3
++1
++1
+
+
e10
-
.
1e+
000.e
++1
1ee2
e10
1e
1e
-
+
abc
1ee2
abc
000.e
--2
++1
--2
0e
abc
abc
-
-
abc
1e+
1ee2
000.e
1.2.3
+
.
1e
000.e
1e
0e
e10
--2
abc
1.2.3
0e
0e
1e
--2
--2
.
0e
--2
-
1ee2
e10
1e-
0e
1ee2
e10
000.e
abc
.
1ee2
0e
-
--2
0e
0e
1e-
1e-
.
1ee2
++1
1e+
000.e
--2
++1
000.e
+
1e-
abc
e10
+
1e-
--2
000.e
-
e10
++1
1e+
1e
1ee2
1ee2
+
abc
000.e
000.e
1e
+
1e
1e-
1.2.3
--2
.
abc
1e+
1ee2
1e+
-
1e+
1.2.3
1e+
0e
000.e
+
++1
1.2.3
1e
e10
1.2.3
--2
1ee2
--2
1.2.3
1e
e10
1e-
--2
++1
1e-
1e+
.
1e-
-
1e-
000.e
-
1e-
-
.
1e+
.
abc
1e-
--2
0e
1.2.3
--2
++1
1e-
e10
.
.
e10
e10
1e
1.2.3
1.2.3
0e
1.2.3
1ee2
.
++1
abc
-
++1
--2
-
1.2.3
1e+
1.2.3
e10
1.2.3
+
++1
1e+
--2
-
1ee2
++1
-
+
-
-
1e+
.
1ee2
1e
1ee2
e10
1.2.3
-
1e+
1.2.3
1e-
abc
-
abc
1.2.3
000.e
1.2.3
+
++1
1.2.3
abc
-
.
--2
1e
1e
1.2.3
1ee2
1.2.3
--2
1e
000.e
+
1e
1.2.3
++1
1.2.3
abc
e10
++1
1e+
1e
-
1e+
-
1ee2
1e+
-
1e+
1.2.3
--2
++1
+
--2
1ee2
000.e
-
1e-
--2
+
-
1e
.
+
++1
1ee2
1.2.3
000.e
000.e
1e+
0e
++1
1e-
1ee2
1.2.3
1e-
-
++1
1e
-
e10
000.e
1e
.
e10
1e-
e10
1e
abc
--2
1e
e10
000.e
1e
--2
000.e
1e
0e
++1
.
.
1.2.3
+
e10
+
1e-
abc
-
0e
1ee2
0e
e10
--2
000.e
-
++1
--2
++1
1.2.3
abc
e10
--2
0e
--2
.
+
++1
1e
--2
0e
1e+
1.2.3
1e
--2
1e-
+
abc
1e
000.e
++1
0e
--2
1e-
1e+
000.e
0e
.
1e+
++1
1e+
1ee2
++1
1ee2
1.2.3
000.e
1ee2
e10
0e
0e
e10
--2
1ee2
++1
1.2.3
abc
++1
000.e
1e-
1.2.3
1.2.3
+
e10
e10
e10
1ee2
.
1e-
1.2.3
1.2.3
.
1ee2
0e
1e+
-
1e+
0e
1ee2
000.e
-
e10
++1
e10
-
0e
1e
1e-
+
.
.
1.2.3
1.2.3
+
.
1.2.3
.
-
0e
abc
1e+
1ee2
abc
e10
e10
1e+
1e
1ee2
++1
-
.
--2
000.e
--2
000.e
abc
--2
-
++1
1ee2
1.2.3
abc
1e-
e10
1e-
e10
1.2.3
1ee2
-
--2
0e
1e+
-
0e
++1
abc
1e-
1.2.3
++1
e10
abc
000.e
-
1e-
++1
1ee2
-
1ee2
0e
000.e
1ee2
e10
abc
.
0e
+
000.e
1ee2
--2
--2
000.e
1e
--2
1.2.3
++1
0e
1e-
1e-
--2
++1
+
0e
1e-
++1
++1
1.2.3
000.e
+
1e+
--2
1ee2
1.2.3
e10
1.2.3
-
abc
000.e
++1
1e-
1.2.3
000.e
-
+
.
1e
abc
1e+
0e
abc
0e
1.2.3
abc
1.2.3
1e
--2
.
abc
1ee2
1ee2
000.e
+
e10
1e
1.2.3
abc
.
1ee2
.
++1
1.2.3
1e+
0e
++1
1e+
++1
+
.
1ee2
1e+
e10
+
1.2.3
1e
abc
1e-
-
0e
.
1e-
abc
--2
000.e
++1
.
e10
000.e
0e
000.e
1.2.3
1e+
--2
1e+
-
-
e10
e10
++1
abc
000.e
1e+
--2
0e
e10
1ee2
-
1.2.3
-
abc
.
0e
+
1.2.3
+
--2
e10
abc
1.2.3
abc
++1
1e+
abc
1.2.3
1ee2
1.2.3
0e
1.2.3
1e-
1e-
-
--2
--2
1.2.3
1e-
-
--2
-
++1
+
1e
abc
.
1.2.3
000.e
+
--2
--2
abc
1ee2
abc
-
1ee2
1.2.3
-
--2
1e-
1.2.3
1.2.3
.
++1
000.e
1.2.3
abc
1e
0e
1e
--2
--2
++1
.
1e
abc
1.2.3
++1
000.e
1.2.3
1e
e10
1ee2
+
1e-
000.e
e10
.
+
1e+
-
1ee2
++1
--2
++1
e10
.
--2
+
1.2.3
abc
.
e10
0e
.
1.2.3
000.e
1.2.3
--2
--2
-
000.e
1e+
1e
1e
e10
1e+
1ee2
++1
1e+
++1
1e+
.
abc
--2
abc
abc
000.e
e10
1.2.3
++1
0e
0e
-
1e-
-
abc
++1
--2
++1
1.2.3
1e+
1.2.3
+
1.2.3
1e-
1ee2
1.2.3
abc
1e-
-
000.e
--2
1.2.3
1e-
e10
0e
.
0e
000.e
1e+
1ee2
-
1ee2
++1
1e+
0e
e10
1e+
.
+
1e-
++1
+
000.e
0e
1ee2
--2
1ee2
++1
1.2.3
abc
1ee2
--2
1ee2
0e
1e
--2
1e
-
-
.
abc
000.e
-
e10
.
+
1e+
000.e
--2
++1
+
.
.
000.e
1ee2
++1
-
-
++1
000.e
1e-
-
1ee2
-
1e+
1ee2
000.e
--2
++1
-
1e-
1.2.3
1e
000.e
1.2.3
abc
+
000.e
e10
1e
000.e
++1
++1
-
0e
.
e10
-
--2
-
-
e10
++1
0e
--2
000.e
+
-
e10
000.e
+
++1
.
e10
1e
.
1.2.3
++1
-
000.e
1e-
0e
+
--2
1e-
e10
1.2.3
abc
+
-
0e
1e
-
0e
000.e
.
1e
1e+
-
++1
1e+
000.e
-
000.e
1e+
-
1e
-
1ee2
0e
000.e
1ee2
-
1ee2
abc
++1
++1
1.2.3
0e
1e-
1e-
000.e
1e
1.2.3
1ee2
1e-
1e-
1e
1.2.3
1.2.3
000.e
1e-
1.2.3
--2
--2
1ee2
.
1ee2
1ee2
0e
1.2.3
0e
1e-
1.2.3
abc
--2
1.2.3
e10
1ee2
0e
0e
1e-
000.e
e10
1e+
1e-
1e+
abc
e10
1e
1e-
1ee2
000.e
000.e
abc
000.e
.
1ee2
1e
1ee2
1ee2
++1
1e-
1e-
1e-
++1
1e-
--2
1ee2
1e-
0e
-
-
--2
1e+
1e-
000.e
-
0e
1e+
e10
+
1.2.3
-
1e-
000.e
abc
e10
1e-
0e
1ee2
1e
+
--2
.
+
abc
0e
--2
--2
e10
e10
1e-
1.2.3
0e
1e-
+
1ee2
1e-
e10
000.e
1e
abc
.
++1
e10
1e
1ee2
0e
1e-
++1
0e
+
+
1e+
abc
++1
.
--2
-
0e
0e
000.e
1e
1.2.3
-
1e-
0e
1ee2
.
1e
1e+
1.2.3
1e
.
1ee2
++1
000.e
++1
--2
abc
++1
.
-
-
0e
0e
++1
++1
.
++1
-
1.2.3
abc
000.e
abc
--2
abc
1ee2
-
++1
e10
1e-
1e-
0e
000.e
e10
000.e
1e-
e10
++1
--2
-
0e
++1
e10
1e-
.
++1
000.e
-
1.2.3
1ee2
e10
-
e10
1e+
.
++1
1ee2
--2
0e
-
1e
000.e
000.e
1e-
1e+
++1
1e-
abc
1e
0e
0e
1e+
1e+
1.2.3
-
1e+
--2
1e+
abc
+
000.e
abc
000.e
1.2.3
++1
--2
1e+
000.e
.
1ee2
1ee2
-
.
1e
0e
000.e
-
.
abc
1ee2
1e-
abc
--2
1e
0e
++1
1e
1e-
-
1ee2
--2
-
1e-
0e
0e
1e
1e+
0e
.
+
--2
000.e
--2
++1
.
000.e
e10
+
1e
+
000.e
.
1e-
1e+
abc
.
1ee2
+
e10
000.e
0e
.
1e
e10
-
abc
1e+
.
-
1e-
+
0e
1e+
--2
0e
000.e
.
abc
.
1ee2
-
--2
1e
--2
e10
1.2.3
++1
+
+
1ee2
000.e
1ee2
1.2.3
-
++1
1e
1e-
-
--2
1e
1ee2
1.2.3
--2
1e-
0e
1e
e10
1e-
+
+
1.2.3
000.e
1.2.3
e10
++1
1e-
1.2.3
1e
e10
1e+
++1
1e+
++1
1ee2
1e
000.e
e10
--2
1.2.3
1e
-
+
e10
000.e
+
1.2.3
0e
e10
1e-
.
--2
e10
000.e
.
-
1.2.3
+
1e-
1.2.3
1.2.3
.
--2
1e+
1e-
.
0e
e10
000.e
1e-
.
-
+
1e-
-
--2
0e
1e+
1ee2
0e
1e
1e-
.
000.e
000.e
++1
.
+
-
.
--2
++1
1ee2
000.e
abc
--2
1.2.3
1e+
--2
abc
.
1ee2
1.2.3
0e
.
abc
++1
++1
000.e
.
.
e10
000.e
++1
+
-
1e-
1e
e10
1ee2
-
e10
+
++1
1e
++1
1e
1e+
+
1ee2
abc
1e+
1ee2
e10
--2
1e
1e
0e
1ee2
1ee2
abc
.
1e-
000.e
abc
000.e
1ee2
1.2.3
0e
0e
1e+
++1
000.e
e10
1e+
0e
++1
e10
1ee2
000.e
++1
e10
1e+
++1
000.e
0e
.
1e
--2
+
1.2.3
++1
-
--2
1e
1ee2
1e-
1ee2
1e+
+
000.e
--2
--2
000.e
000.e
+
1ee2
++1
+
-
1e+
-
1ee2
--2
.
1e-
.
1.2.3
.
--2
0e
-
0e
++1
+
1e-
+
1e+
000.e
abc
.
--2
--2
1e
1e
+
abc
1.2.3
abc
0e
1e
++1
-
--2
1.2.3
1e+
0e
++1
1e
1e+
1.2.3
abc
1e-
abc
1e-
0e
abc
1e
1e+
--2
+
++1
000.e
--2
0e
1e
1ee2
--2
1e
0e
0e
1e+
abc
1e+
+
e10
++1
1ee2
0e
+
1e-
abc
1e+
++1
1e
abc
--2
abc
e10
000.e
0e
1ee2
0e
1e
++1
++1
1.2.3
1e+
++1
1.2.3
000.e
e10
000.e
e10
-
abc
-
e10
0e
1ee2
1e+
1e
1ee2
1e-
--2
1e
-
+
e10
+
--2
0e
-
+
.
1.2.3
0e
1e
1e+
1ee2
--2
.
e10
+
.
0e
--2
1.2.3
000.e
1ee2
1ee2
+
1e
e10
1e
++1
-
1e+
000.e
-
1.2.3
1e+
1e+
+
+
0e
.
++1
--2
--2
1ee2
1e+
1ee2
abc
+
0e
1.2.3
1e+
--2
e10
--2
++1
1e+
1e+
-
-
1ee2
1.2.3
.
e10
1.2.3
0e
1.2.3
--2
e10
1e+
e10
--2
e10
1e-
+
1e
1e-
++1
.
000.e
+
abc
1e-
++1
1e+
--2
++1
1e-
1e+
1ee2
++1
-
.
--2
++1
+
1e+
e10
1e+
.
1ee2
--2
1e+
.
e10
-
.
1e-
1ee2
1ee2
1.2.3
1.2.3
1e
-
abc
e10
1e-
.
++1
--2
0e
1.2.3
1e+
-
1e
000.e
1ee2
1e
0e
1e-
000.e
1e-
.
1e+
e10
000.e
000.e
1ee2
000.e
0e
1e
000.e
1e-
-
1ee2
+
1e+
1e-
+
1e
abc
1e
1e-
--2
000.e
+
.
1.2.3
1e-
1.2.3
1e+
1ee2
.
++1
0e
+
+
1e-
++1
+
000.e
e10
+
.
e10
+
1.2.3
abc
--2
+
1e
-
1ee2
1e-
-
1ee2
1e+
.
1e+
--2
0e
++1
000.e
abc
0e
++1
.
e10
1ee2
++1
--2
abc
1e
e10
--2
000.e
abc
1e+
+
++1
+
.
++1
abc
.
1e-
000.e
.
1.2.3
abc
abc
-
+
0e
--2
-
1e-
0e
1e
1ee2
e10
1e+
1e
--2
000.e
1.2.3
1e-
000.e
1ee2
0e
-
0e
--2
-
--2
1e-
e10
000.e
000.e
1e-
.
e10
.
1.2.3
e10
1.2.3
+
--2
+
1e-
--2
--2
--2
0e
abc
++1
+
abc
--2
0e
--2
.
++1
--2
++1
1e
++1
++1
++1
1e+
0e
+
-
0e
abc
.
0e
1ee2
--2
.
.
1ee2
0e
1e-
abc
0e
1.2.3
000.e
+
1e
.
-
--2
+
0e
abc
.
000.e
1ee2
000.e
+
1e
++1
++1
0e
1e
-
1e+
.
1e
abc
1e
.
-
1e
.
+
--2
1e+
e10
.
1e+
1e-
1e+
1e-
0e
1e-
abc
000.e
0e
--2
e10
1ee2
abc
++1
abc
e10
1e
1ee2
++1
++1
0e
+
+
1e
--2
-
0e
1ee2
abc
1e-
1e+
e10
.
1e-
--2
1e-
1e+
-
+
abc
--2
1e
++1
1ee2
000.e
1e+
--2
e10
1e-
.
.
.
0e
-
--2
--2
0e
abc
.
++1
1ee2
e10
1e+
abc
e10
--2
-
1e+
0e
++1
1ee2
000.e
1.2.3
1e
abc
1e
0e
--2
abc
+
e10
000.e
0e
-
1e+
1.2.3
000.e
.
--2
++1
++1
++1
0e
++1
abc
abc
--2
1.2.3
++1
abc
0e
0e
-
1e
0e
1e
1e+
++1
1.2.3
abc
+
abc
abc
000.e
1e
e10
0e
+
1e+
1e
+
1e+
-
0e
0e
+
.
1e+
.
+
1.2.3
+
--2
0e
.
000.e
1e+
1ee2
-
+
0e
1e+
1e-
e10
1ee2
1e
1e+
++1
1.2.3
.
--2
abc
.
+
1e
++1
e10
++1
--2
1e+
-
1ee2
abc
0e
1e-
-
.
1e
e10
1e-
.
-
1ee2
000.e
1e-
1.2.3
++1
+
0e
1ee2
abc
1ee2
-
1.2.3
--2
++1
1e
.
000.e
e10
0e
abc
e10
e10
1e-
000.e
1e-
1e-
++1
000.e
1ee2
1.2.3
.
1e+
-
0e
0e
1e-
--2
1.2.3
1ee2
abc
1ee2
1e
1e+
+
1ee2
0e
-
1ee2
.
--2
abc
1.2.3
+
--2
++1
+
--2
1ee2
1ee2
+
1ee2
1e
1.2.3
000.e
.
1e
1.2.3
1e
--2
abc
.
1.2.3
1e-
+
1.2.3
.
1e-
.
--2
0e
.
1e-
--2
1e
e10
+
000.e
e10
0e
0e
000.e
+
1e+
e10
e10
1e-
.
e10
1.2.3
++1
.
1e+
--2
0e
-
++1
0e
+
+
1e-
0e
e10
e10
abc
1ee2
1e-
1e
e10
+
1e+
e10
e10
1ee2
++1
-
abc
.
++1
1.2.3
.
++1
1ee2
-
1ee2
1e+
1e-
1.2.3
1e+
.
0e
abc
--2
abc
-
--2
-
+
-
1e
-
++1
abc
.
1e+
.
1e+
--2
.
abc
.
1.2.3
++1
e10
1e-
abc
++1
e10
--2
1ee2
.
-
000.e
++1
++1
++1
1e+
--2
++1
+
000.e
1e-
-
1e
0e
0e
1e-
1e+
1e-
.
1e+
1ee2
++1
1e+
1.2.3
++1
+
++1
1ee2
1e
--2
+
--2
1e
-
1.2.3
000.e
-
-
e10
1ee2
-
.
.
1e-
1.2.3
1.2.3
1e-
1e+
.
-
1.2.3
e10
1ee2
+
-
+
1e-
-
++1
1ee2
0e
-
.
0e
1.2.3
0e
-
1e
e10
1.2.3
+
++1
e10
000.e
1e
e10
--2
++1
000.e
++1
1e+
.
1ee2
.
--2
1.2.3
1e
.
e10
--2
1e+
1ee2
1.2.3
-
--2
1.2.3
--2
abc
.
1ee2
1e-
1e-
1.2.3
1e-
1e+
1.2.3
abc
e10
0e
1e+
000.e
-
++1
1e-
1e+
1ee2
1e+
++1
0e
--2
abc
1ee2
1e-
1e-
1.2.3
1.2.3
-
0e
0e
1e-
--2
000.e
1ee2
abc
0e
--2
1.2.3
1.2.3
1ee2
1.2.3
--2
++1
1.2.3
++1
1.2.3
1e-
1e-
1ee2
1e-
0e
++1
-
abc
1ee2
1.2.3
1e
1e+
1.2.3
e10
e10
e10
-
1e-
+
0e
-
-
1e-
++1
.
1e-
-
1ee2
000.e
1e
1e-
1e-
-
1ee2
.
+
1ee2
abc
abc
0e
.
1e-
1.2.3
-
0e
-
-
1e-
1e+
1e
1e
--2
e10
1e-
0e
++1
abc
1e+
e10
1e-
++1
1e+
-
++1
.
e10
1.2.3
+
++1
1e+
1e+
-
+
abc
1e
-
1e
000.e
1ee2
--2
+
--2
1e-
++1
1e-
.
++1
e10
.
-
abc
1.2.3
000.e
1e-
000.e
1e
1e
--2
+
+
-
.
abc
+
0e
1e+
-
e10
1e
--2
1e-
1ee2
1e
1e-
1ee2
++1
1e+
--2
1e+
1e+
1e+
1ee2
++1
abc
+
1.2.3
+
1e+
e10
1e+
0e
1.2.3
.
++1
--2
e10
000.e
1e-
1e+
1.2.3
1ee2
--2
000.e
++1
-
1e+
+
++1
++1
000.e
0e
0e
1.2.3
--2
abc
e10
0e
abc
1ee2
++1
e10
1.2.3
+
1e-
e10
0e
000.e
+
abc
1.2.3
1e-
1e
++1
.
abc
.
++1
-
.
++1
1e-
--2
1.2.3
1ee2
.
++1
0e
1e+
1.2.3
0e
0e
1e+
+
abc
++1
.
abc
1e
+
0e
000.e
1e-
-
1e
0e
.
1.2.3
e10
0e
0e
abc
++1
1ee2
000.e
e10
1ee2
--2
1e+
abc
0e
+
0e
e10
--2
1e
--2
e10
e10
1e
-
1e-
++1
+
1.2.3
.
++1
1e+
1ee2
.
-
1e+
-
1e-
1ee2
0e
1e
1.2.3
000.e
++1
--2
+
--2
.
1.2.3
--2
++1
1e+
1e-
.
0e
--2
e10
-
++1
1e+
000.e
e10
+
1e
--2
++1
abc
1e-
1e
1e+
abc
-
abc
1e-
0e
abc
1e
1ee2
.
--2
1e+
1ee2
1e
.
1e
.
+
1e
000.e
++1
+
000.e
-
+
1.2.3
000.e
1ee2
1e
e10
1e-
-
000.e
0e
1e-
1ee2
1e
1e-
0e
+
+
++1
e10
-
-
1e
.
+
1ee2
1e+
.
1ee2
--2
1e-
1e-
0e
+
000.e
e10
1e-
-
--2
-
-
.
1ee2
-
1e+
1e
+
1e
1.2.3
+
1.2.3
1e-
000.e
000.e
+
+
-
-
e10
-
--2
1e
1ee2
1e+
1e
e10
.
++1
++1
1e+
000.e
1ee2
000.e
1e+
-
-
1e+
.
1e
1e+
++1
000.e
1e-
1e-
000.e
abc
--2
.
abc
e10
--2
+
+
1e-
-
1e
--2
1e
1.2.3
1e-
1e+
1e+
++1
++1
0e
e10
1e-
+
-
1e
0e
1e-
1e+
0e
1ee2
1ee2
1e+
1e
000.e
++1
--2
.
e10
000.e
-
+
1e
++1
e10
1e-
-
-
--2
--2
.
000.e
1.2.3
000.e
.
.
--2
--2
.
1ee2
0e
--2
1e-
--2
0e
1e-
.
--2
+
.
1.2.3
++1
+
1.2.3
-
000.e
0e
--2
1e-
000.e
1e
e10
1e-
1e+
1.2.3
e10
000.e
000.e
++1
0e
++1
.
abc
0e
e10
1ee2
.
-
000.e
+
000.e
--2
-
1e-
.
++1
000.e
.
-
1e
e10
0e
++1
1ee2
1e-
--2
-
1ee2
e10
+
--2
.
1ee2
e10
1.2.3
1ee2
++1
+
abc
0e
000.e
1e+
1e-
1e+
-
--2
0e
1.2.3
--2
+
++1
--2
abc
1e-
abc
000.e
.
++1
0e
--2
-
+
000.e
1ee2
--2
++1
abc
.
1e-
.
0e
1e
1.2.3
1ee2
1e
.
abc
e10
.
-
1.2.3
1ee2
1ee2
--2
1e-
++1
abc
1e+
.
1ee2
e10
000.e
1.2.3
1e+
+
1.2.3
e10
1ee2
e10
1.2.3
0e
--2
++1
1ee2
e10
1e-
+
.
+
0e
++1
abc
1e
.
+
1e
1ee2
1.2.3
-
+
1ee2
abc
000.e
++1
.
++1
000.e
1.2.3
.
--2
abc
1.2.3
+
-
1.2.3
.
1e-
e10
1e
1ee2
1.2.3
--2
0e
+
1e
--2
.
+
-
1ee2
1e+
-
++1
++1
1e+
-
e10
1e+
abc
e10
abc
1.2.3
0e
.
000.e
-
.
0e
--2
1.2.3
.
.
1e
e10
-
-
abc
0e
1ee2
1e+
+
1.2.3
1e+
1ee2
abc
--2
1e-
1.2.3
++1
e10
e10
1e+
000.e
1e+
e10
++1
1e+
--2
--2
abc
1e-
000.e
1e+
1e+
000.e
0e
+
1e+
+
-
1.2.3
abc
e10
abc
abc
000.e
1e
-
000.e
000.e
.
1ee2
abc
abc
1ee2
000.e
000.e
000.e
e10
.
1e+
++1
1e-
1e-
0e
.
--2
--2
.
1e+
1e-
1e
++1
1e+
+
1.2.3
--2
1e
000.e
+
0e
000.e
.
0e
1e+
++1
1.2.3
1e+
abc
1ee2
1e
1e-
1.2.3
0e
1.2.3
1.2.3
0e
+
e10
--2
+
000.e
.
1.2.3
000.e
.
--2
-
--2
1e
1ee2
1.2.3
0e
abc
1ee2
0e
1e
+
e10
1.2.3
1e+
1e
1e+
1e-
abc
++1
1.2.3
--2
1e
--2
000.e
--2
1e-
abc
1ee2
1ee2
--2
1e
--2
1e+
1ee2
1.2.3
++1
++1
000.e
++1
-
1e-
.
1e
+
1e-
++1
-
1e
1ee2
abc
1ee2
000.e
abc
1.2.3
000.e
--2
1e+
1.2.3
-
abc
000.e
abc
-
.
1e
1.2.3
1ee2
1e
1e+
--2
.
--2
1e-
1ee2
--2
e10
1.2.3
1e-
1e-
000.e
1.2.3
.
1e+
+
++1
.
++1
e10
1ee2
1.2.3
.
1e-
1.2.3
.
1.2.3
++1
.
e10
--2
1e+
.
abc
0e
1ee2
e10
1e-
1e+
++1
1e+
.
1.2.3
--2
.
0e
0e
++1
1e+
1.2.3
abc
1.2.3
000.e
--2
1.2.3
++1
++1
1e
1e-
++1
1.2.3
-
000.e
-
abc
1e-
1ee2
.
1ee2
abc
.
--2
000.e
+
e10
+
++1
abc
1e-
1e
+
0e
1e+
+
000.e
abc
+
1e+
.
.
1e+
1e
000.e
1ee2
1ee2
--2
.
e10
1e+
e10
1e-
000.e
1ee2
1.2.3
1e-
-
1e-
1e-
1e
1e-
1e+
abc
+
1e-
+
abc
1ee2
.
abc
0e
1e
1.2.3
1e-
++1
1e+
e10
--2
--2
1.2.3
.
+
1ee2
0e
e10
1e-
+
--2
e10
abc
abc
0e
e10
.
000.e
--2
e10
--2
++1
000.e
++1
--2
0e
+
0e
e10
-
1e+
--2
++1
1e
1e-
1e+
e10
-
1.2.3
000.e
.
+
1e+
1ee2
--2
++1
e10
1e-
1e
1ee2
0e
e10
++1
1e+
e10
1.2.3
1ee2
0e
1.2.3
1ee2
++1
e10
abc
1e+
e10
++1
1ee2
+
000.e
1ee2
++1
++1
++1
--2
1e
-
0e
e10
++1
1.2.3
--2
1.2.3
1e-
1ee2
.
e10
1e-
++1
e10
1e-
e10
abc
++1
1e-
1e-
abc
1ee2
0e
0e
1.2.3
1e-
+
.
+
abc
1ee2
+
0e
--2
1ee2
++1
-
+
+
abc
1e-
+
000.e
abc
+
e10
abc
--2
--2
1ee2
++1
+
+
1.2.3
-
++1
++1
+
0e
+
1.2.3
abc
+
--2
1.2.3
e10
abc
e10
.
1.2.3
e10
000.e
000.e
1e-
.
--2
1.2.3
abc
+
--2
1ee2
abc
--2
1e+
1e
abc
1ee2
0e
000.e
1e+
000.e
1e+
000.e
1e-
++1
1e-
1e-
000.e
0e
1.2.3
1e
1e-
++1
abc
+
++1
1e-
1ee2
1.2.3
.
--2
1ee2
1e
--2
1e+
1e
1ee2
.
e10
+
++1
1e-
abc
++1
1e-
e10
+
000.e
000.e
1e+
abc
1e
e10
.
1e-
1e-
000.e
0e
-
-
+
-
--2
1.2.3
1e
1.2.3
--2
0e
abc
+
++1
+
000.e
1e
000.e
-
e10
--2
1.2.3
--2
+
abc
0e
.
--2
1ee2
1e-
.
e10
1e
1ee2
++1
e10
--2
.
1e
e10
abc
abc
0e
e10
--2
1.2.3
1e-
-
000.e
--2
1e-
abc
1e
1e+
1ee2
+
++1
++1
abc
1e-
1e
++1
e10
1e
1.2.3
-
++1
abc
1e-
1ee2
e10
.
.
1e+
+
.
+
--2
++1
1.2.3
-
abc
.
1e+
-
1e
0e
.
-
1e
1.2.3
+
e10
abc
1e
-
.
.
e10
1e+
++1
1ee2
1e+
--2
0e
1e
1ee2
000.e
000.e
++1
+
1e
+
000.e
e10
--2
1e+
1e+
1e+
.
1.2.3
.
++1
.
1ee2
++1
1ee2
-
000.e
--2
1e
1e+
++1
1e-
0e
+
1e
1ee2
e10
1.2.3
e10
abc
1ee2
.
-
1e-
abc
0e
++1
--2
+
-
+
1.2.3
1e-
1e-
--2
e10
000.e
--2
0e
000.e
-
1e-
0e
1e+
.
0e
1e
1ee2
0e
1e
abc
1e
e10
e10
000.e
1ee2
1e+
1.2.3
1e
0e
1ee2
+
0e
abc
e10
1e+
000.e
1e-
abc
+
1e
abc
-
-
1ee2
1e-
0e
++1
000.e
-
1e+
000.e
1.2.3
0e
000.e
1ee2
000.e
1e
1e+
+
1e+
++1
1.2.3
.
000.e
1e+
++1
e10
1ee2
abc
++1
1.2.3
abc
.
1.2.3
+
+
e10
1.2.3
.
--2
.
1ee2
1.2.3
abc
000.e
+
1.2.3
1e
1e+
abc
--2
1.2.3
e10
1e+
+
1.2.3
0e
++1
.
.
++1
1e+
1e-
0e
0e
abc
++1
-
0e
abc
.
0e
0e
.
-
1.2.3
1e-
0e
e10
+
-
1e
1e
e10
abc
.
++1
abc
000.e
abc
-
abc
.
000.e
--2
1e-
-
1e
--2
1e+
++1
++1
1e
000.e
--2
--2
1.2.3
abc
1e-
0e
000.e
+
--2
abc
1e+
1e
1e
.
.
e10
-
-
000.e
--2
.
--2
0e
-
--2
.
e10
1e
e10
1e+
1e+
abc
1.2.3
++1
1.2.3
++1
000.e
1e-
0e
e10
-
1ee2
--2
000.e
e10
1ee2
1.2.3
abc
-
abc
000.e
+
0e
-
1e+
++1
e10
++1
1e-
1.2.3
++1
e10
abc
1e+
000.e
1e-
abc
--2
-
--2
1e+
1e+
e10
-
1ee2
000.e
1.2.3
0e
0e
e10
e10
++1
0e
1e+
1e
1ee2
e10
1ee2
1e+
-
0e
-
0e
-
0e
e10
1e-
1e-
e10
++1
--2
1e
1ee2
++1
0e
1e+
000.e
abc
0e
1ee2
--2
abc
0e
abc
+
1.2.3
-
0e
000.e
.
1.2.3
1e-
1ee2
e10
1.2.3
--2
1e-
+
-
0e
--2
e10
++1
++1
--2
-
+
++1
e10
-
e10
000.e
+
e10
-
+
+
abc
1e+
+
++1
--2
0e
++1
++1
e10
+
--2
000.e
1e
.
++1
++1
--2
e10
0e
000.e
--2
0e
-
1e+
e10
1.2.3
1.2.3
+
1ee2
.
--2
1e-
1ee2
000.e
++1
1e-
.
1e
e10
e10
abc
000.e
abc
1.2.3
1e-
e10
abc
1e-
1.2.3
.
1.2.3
1e+
-
-
e10
0e
1e
1.2.3
abc
+
0e
.
--2
1.2.3
e10
+
000.e
1e+
0e
.
+
1e+
+
1e
++1
1e
++1
0e
1.2.3
.
++1
1e+
000.e
e10
.
1e+
1e-
-
1ee2
0e
1.2.3
1.2.3
--2
1e+
+
1e-
abc
1ee2
--2
0e
1.2.3
1ee2
1ee2
0e
abc
1.2.3
e10
1e-
1e+
1e-
1e+
000.e
1e-
0e
abc
1e+
1ee2
1e
++1
--2
--2
+
-
abc
--2
1.2.3
++1
+
--2
+
000.e
1e+
.
abc
1e
-
1e
.
0e
000.e
++1
++1
0e
000.e
000.e
+
0e
++1
0e
000.e
1e+
e10
e10
1e-
0e
++1
e10
1.2.3
1e
1e+
-
0e
+
+
1.2.3
000.e
abc
abc
abc
--2
++1
++1
0e
+
.
1e+
1.2.3
1e-
abc
-
000.e
0e
1e-
1e+
.
1ee2
1ee2
1e+
1e
abc
+
++1
-
1.2.3
--2
-
.
1e
1ee2
1.2.3
1e
+
-
++1
1e
1e+
0e
1e-
+
++1
000.e
0e
abc
1e
000.e
abc
1e-
.
1e
-
1.2.3
+
1e
-
--2
1e
++1
e10
1e-
--2
.
abc
1e-
1e+
++1
1e+
0e
+
1e+
--2
000.e
+
++1
1e+
abc
1e-
1.2.3
1e-
000.e
e10
1.2.3
abc
1.2.3
0e
1e+
+
1.2.3
.
0e
1.2.3
000.e
1ee2
++1
+
1ee2
.
e10
000.e
e10
0e
1e-
-
--2
.
+
abc
.
1e+
1e+
1.2.3
--2
--2
1e+
e10
-
e10
--2
0e
000.e
-
e10
1e+
+
.
000.e
1ee2
1e-
1e
+
++1
1e-
.
1ee2
0e
--2
++1
1e
-
1e+
-
000.e
1e+
1e-
1e-
-
+
1ee2
1e+
1e-
1ee2
-
1ee2
000.e
1ee2
+
-
-
1e+
1e-
1ee2
1.2.3
1e-
+
abc
++1
1e
abc
-
-
-
.
1e+
-
e10
1ee2
1e+
+
1.2.3
--2
1ee2
--2
1e-
1e
.
000.e
1e+
1ee2
++1
1.2.3
+
.
1.2.3
000.e
0e
--2
0e
abc
1e
-
1.2.3
++1
1e+
0e
1.2.3
e10
++1
000.e
++1
1ee2
.
1.2.3
e10
0e
1e-
1e-
abc
1e+
+
1e
1e-
-
1e-
abc
1ee2
0e
1ee2
000.e
1e
+
1.2.3
1e+
1e
1.2.3
1e-
000.e
1ee2
+
000.e
000.e
.
-
000.e
--2
abc
-
0e
abc
1e
1.2.3
1.2.3
e10
abc
-
++1
1e+
1e+
1e-
1e
++1
++1
1e
1ee2
1ee2
1e-
1ee2
.
1ee2
+
1e
1e-
1e
--2
0e
.
e10
--2
+
++1
000.e
1e-
e10
-
+
++1
.
1e-
.
0e
+
1.2.3
--2
1e-
abc
1e
.
+
++1
.
1.2.3
1e+
-
0e
.
++1
-
0e
+
000.e
000.e
1.2.3
1e-
1ee2
1e-
1e
1e
1ee2
.
+
1e-
000.e
1e+
1e
1e+
1e+
1e-
1e+
1ee2
e10
+
1e
000.e
.
1e+
.
+
1e-
++1
1e-
1e
++1
000.e
1.2.3
--2
1e
.
.
1e
1.2.3
abc
1e
+
abc
--2
--2
e10
--2
.
.
1e+
1e-
0e
1ee2
0e
1e
e10
1e
--2
1.2.3
0e
000.e
1ee2
abc
-
++1
abc
000.e
1e+
1e+
++1
000.e
1ee2
1ee2
++1
--2
--2
1.2.3
1e-
++1
000.e
+
e10
+
++1
abc
0e
-
1ee2
++1
abc
000.e
.
+
1e-
--2
1ee2
abc
1ee2
0e
1e+
000.e
000.e
e10
1e-
1ee2
--2
++1
0e
000.e
1e
abc
1e-
1e+
+
0e
1e
--2
0e
1ee2
abc
+
1.2.3
e10
.
000.e
-
1.2.3
1e
1ee2
++1
.
0e
.
1e+
e10
1.2.3
++1
abc
++1
1e+
-
+
1e+
1e-
+
0e
abc
-
e10
abc
abc
abc
1.2.3
1e-
1e-
000.e
abc
e10
1e-
1.2.3
--2
1e
++1
+
1e-
++1
abc
0e
0e
1e
1e-
000.e
.
++1
abc
--2
1e+
1e+
e10
e10
.
-
1e
+
abc
1.2.3
1e-
1ee2
1e+
1e-
1.2.3
1e-
--2
1e-
1e+
000.e
1e-
0e
++1
.
--2
e10
abc
1e
1ee2
.
1e-
1e
e10
+
1e-
1e-
++1
-
++1
abc
++1
0e
000.e
++1
000.e
000.e
1.2.3
0e
0e
1.2.3
1ee2
++1
0e
1ee2
e10
1e
--2
abc
.
-
1e
++1
1ee2
000.e
1ee2
000.e
--2
1e-
1e+
1ee2
++1
1e
--2
1ee2
0e
.
1.2.3
1e+
1e+
1e-
1e-
.
++1
000.e
-
1e-
0e
--2
.
0e
e10
0e
1e-
1e+
1e+
abc
000.e
abc
1.2.3
0e
+
000.e
000.e
1ee2
1ee2
1e-
1e+
1e+
abc
--2
e10
1ee2
000.e
1.2.3
0e
1.2.3
++1
++1
000.e
1e
-
-
abc
++1
+
++1
.
++1
0e
-
-
1e
++1
.
++1
.
.
1.2.3
--2
1e
0e
1.2.3
0e
++1
e10
abc
0e
1e
-
1e+
000.e
++1
.
-
1e
e10
-
+
000.e
0e
1e
1ee2
0e
-
1e-
1ee2
1e+
1e+
--2
--2
.
e10
++1
1e-
1ee2
--2
1e
e10
-
0e
1e+
.
--2
.
1e-
1e+
000.e
000.e
1ee2
+
++1
000.e
e10
e10
e10
1e+
++1
+
1ee2
-
1ee2
+
.
1ee2
1e-
.
1ee2
+
++1
abc
++1
.
000.e
000.e
e10
1ee2
+
0e
1e-
1e-
000.e
-
abc
++1
1e
1e+
1ee2
+
000.e
.
+
1e+
1e-
1.2.3
e10
abc
-
1e+
+
1ee2
1.2.3
abc
++1
1e
e10
1e-
e10
1.2.3
1e
++1
1e
1ee2
0e
abc
abc
1e-
1e+
1ee2
1.2.3
+
1.2.3
++1
1ee2
+
1.2.3
1e+
e10
-
--2
-
-
--2
-
e10
1.2.3
.
1.2.3
000.e
1ee2
1.2.3
1e-
++1
000.e
1e-
+
--2
-
1e
0e
++1
0e
1ee2
+
+
1e-
-
.
1e-
0e
+
++1
++1
0e
0e
0e
+
.
1.2.3
1e-
.
+
0e
abc
--2
1e-
-
++1
.
1e-
1e
1e+
--2
000.e
1.2.3
.
1e+
++1
0e
1e+
0e
1e-
1.2.3
1ee2
--2
++1
000.e
0e
abc
1e-
1e
++1
++1
1ee2
+
1e+
1.2.3
1.2.3
++1
1e-
--2
1ee2
+
000.e
--2
1ee2
000.e
++1
--2
1ee2
-
1ee2
.
1e
+
+
000.e
.
1e-
000.e
.
1e
1ee2
1e+
1ee2
-
++1
abc
e10
--2
000.e
1ee2
1e
1e+
1e+
0e
1e
--2
abc
abc
.
1.2.3
e10
e10
1e+
e10
+
.
1e-
1e-
++1
+
abc
1ee2
abc
1e+
++1
1e-
++1
1e
abc
0e
-
0e
1ee2
-
1ee2
1e-
1.2.3
000.e
.
1.2.3
.
1e+
--2
1ee2
++1
000.e
0e
--2
0e
000.e
e10
e10
1.2.3
1.2.3
e10
--2
1e-
1e+
abc
1ee2
.
abc
0e
+
abc
+
1e-
1e-
1e-
1.2.3
1.2.3
++1
1e-
1e
e10
.
++1
1e-
1.2.3
1e-
abc
.
1.2.3
1e
e10
0e
+
.
1e-
1ee2
1ee2
1e+
0e
1e+
1ee2
1e
1e-
.
1.2.3
1e
-
1e-
1.2.3
-
1e
-
1e-
.
-
1.2.3
1e+
-
+
.
e10
0e
e10
.
--2
.
abc
e10
.
--2
1.2.3
1e-
-
000.e
0e
1.2.3
-
1ee2
1e+
-
.
1e-
1ee2
+
.
.
--2
++1
0e
1.2.3
++1
1ee2
000.e
1e+
000.e
+
0e
.
e10
abc
.
0e
0e
0e
1e
1e-
0e
abc
1e-
+
--2
e10
+
0e
000.e
e10
1e+
1ee2
.
000.e
1e+
abc
-
000.e
.
-
1e
1ee2
1e
--2
1ee2
000.e
1ee2
000.e
000.e
++1
abc
++1
1ee2
0e
++1
1.2.3
1e+
.
0e
.
1e-
1e+
-
1.2.3
+
1e
++1
1e
1ee2
++1
0e
--2
0e
e10
000.e
--2
1e+
1ee2
e10
+
--2
1e+
+
1e-
0e
-
0e
+
1.2.3
1ee2
--2
1e-
abc
-
.
1ee2
+
+
1.2.3
1e
1e
+
e10
abc
.
1e-
++1
--2
e10
1.2.3
-
1.2.3
abc
e10
e10
1ee2
0e
1e
+
1e+
0e
e10
.
1e-
e10
--2
--2
.
0e
1ee2
-
++1
1e-
.
1ee2
.
000.e
++1
1e
1e-
-
e10
++1
0e
--2
1e
++1
++1
0e
1e+
1.2.3
e10
e10
1.2.3
1ee2
--2
000.e
1ee2
000.e
1e
++1
.
000.e
1e-
1.2.3
1e+
.
000.e
abc
abc
.
--2
1e-
-
1.2.3
abc
1ee2
+
e10
--2
e10
--2
.
1e-
1.2.3
1ee2
1e-
-
e10
-
1.2.3
1e+
1ee2
1e
000.e
1e-
++1
0e
0e
abc
.
0e
0e
1e-
.
+
e10
1.2.3
++1
1e
.
1e-
1.2.3
1ee2
000.e
abc
abc
++1
.
0e
abc
.
e10
1.2.3
0e
+
-
.
e10
--2
.
1e+
-
1e+
1ee2
0e
1e-
--2
000.e
--2
++1
.
0e
1e-
--2
1ee2
abc
1e
000.e
.
1e
000.e
1ee2
1e-
--2
-
-
.
+
-
1.2.3
++1
e10
1.2.3
0e
.
e10
1.2.3
1ee2
--2
1e
.
0e
--2
1ee2
1e-
1e
abc
1e-
1e+
abc
1ee2
1e+
--2
--2
.
1e
abc
+
0e
1e
e10
+
1e+
+
1e
abc
0e
1e+
1.2.3
-
1e+
+
.
0e
1e+
+
--2
1e-
000.e
1.2.3
.
e10
000.e
000.e
1ee2
e10
abc
0e
--2
-
0e
-
0e
.
+
abc
1e-
1e-
1.2.3
--2
1ee2
000.e
+
1.2.3
000.e
1e
000.e
++1
-
--2
1.2.3
1e
0e
--2
1ee2
-
0e
1e+
abc
++1
-
--2
1e-
0e
1.2.3
1e-
e10
.
--2
+
1e-
+
1e+
1e-
1e
++1
abc
000.e
+
+
-
1e+
1e-
1e-
e10
+
1e-
1e+
1e
.
0e
000.e
e10
1e
+
.
--2
e10
1ee2
.
.
-
0e
1.2.3
000.e
1ee2
1ee2
+
e10
1e+
e10
+
1e-
1e-
1e-
e10
1e
+
000.e
1e+
1.2.3
1e
0e
1.2.3
e10
1ee2
0e
+
++1
1e+
e10
++1
1e-
0e
abc
1ee2
e10
1e+
++1
.
--2
1.2.3
-
++1
1ee2
e10
1e
0e
++1
e10
1e+
1e
1e+
e10
+
1.2.3
+
-
000.e
1.2.3
abc
++1
1e+
--2
++1
1e-
0e
+
e10
1.2.3
++1
e10
000.e
000.e
1e-
1e-
1e+
++1
1.2.3
1ee2
0e
1e-
++1
1.2.3
++1
1e+
0e
-
1e+
1e+
1e-
1ee2
1e+
+
1e
abc
.
1e+
1ee2
000.e
1e-
abc
1e
1ee2
abc
e10
1e-
++1
1.2.3
000.e
0e
--2
000.e
1e+
e10
-
1e-
1e
-
1e+
1.2.3
1e
-
1ee2
1.2.3
.
0e
.
abc
000.e
1.2.3
--2
.
000.e
+
e10
000.e
-
1.2.3
0e
1.2.3
1e
0e
1e+
0e
000.e
e10
1e
--2
abc
1ee2
.
-
0e
000.e
1e
++1
-
e10
++1
1ee2
-
1e
-
1e
abc
1e
+
1e-
++1
1e
000.e
1.2.3
++1
--2
-
e10
0e
++1
1e
1e-
.
0e
1.2.3
1e-
1e-
--2
1e
1e
0e
1e
++1
+
1ee2
1ee2
++1
+
000.e
++1
.
+
-
1e
e10
e10
0e
1e-
++1
+
e10
--2
-
000.e
1ee2
1.2.3
e10
1.2.3
1e
000.e
1e+
abc
e10
e10
.
000.e
1e+
1e+
1e
abc
++1
--2
1e
000.e
abc
.
1ee2
e10
000.e
-
1e-
+
000.e
1e-
-
.
--2
1e
--2
abc
0e
000.e
1.2.3
000.e
+
-
1.2.3
e10
000.e
abc
-
000.e
+
e10
1e-
1e-
-
--2
0e
+
-
000.e
abc
1e+
e10
+
1e
e10
1e
0e
0e
.
1e-
.
1e
-
-
.
1e+
e10
0e
e10
1ee2
--2
1e-
e10
--2
1.2.3
1ee2
++1
--2
1e+
1e-
.
0e
e10
-
++1
abc
abc
.
1e-
1e
1e
e10
000.e
000.e
++1
-
0e
1e
.
1e+
1.2.3
000.e
.
.
1.2.3
1ee2
++1
abc
1e+
e10
000.e
1ee2
+
+
1e-
000.e
abc
--2
1.2.3
--2
.
e10
1e+
0e
1ee2
1e-
-
1.2.3
--2
--2
000.e
++1
abc
+
1e-
1.2.3
1e-
-
abc
000.e
e10
1ee2
e10
000.e
1ee2
+
abc
1e+
1.2.3
.
1.2.3
-
1e
1e
--2
-
--2
0e
000.e
1e
1e+
e10
1e
e10
e10
1e-
1e-
1e
abc
abc
++1
--2
1ee2
--2
000.e
e10
000.e
++1
e10
+
1e
1ee2
-
.
1ee2
e10
.
1e-
000.e
++1
-
+
1e
1.2.3
++1
+
+
1ee2
1ee2
1e+
1e-
1e-
0e
1e
1ee2
abc
e10
1e-
1e-
1.2.3
1e
000.e
1e-
1.2.3
1.2.3
1.2.3
000.e
--2
1e-
1e-
1.2.3
1e
--2
++1
++1
1e+
1e
+
e10
1.2.3
++1
+
0e
.
000.e
+
-
1e+
-
1.2.3
1ee2
1e
--2
e10
--2
--2
1e+
1e-
1e-
+
++1
e10
1ee2
++1
000.e
1.2.3
++1
++1
-
--2
0e
.
1e-
abc
+
0e
000.e
1ee2
abc
1.2.3
++1
1e+
000.e
--2
1.2.3
000.e
1e
000.e
abc
0e
1e-
1.2.3
0e
--2
0e
+
abc
1e-
++1
++1
.
1e
1e
000.e
1e+
0e
-
1e-
.
000.e
-
--2
+
000.e
1ee2
.
0e
++1
0e
0e
0e
1.2.3
abc
1e-
e10
1e-
1e
1e+
+
abc
1e
0e
e10
abc
-
1ee2
0e
e10
+
1e+
000.e
++1
++1
000.e
1e
++1
abc
abc
-
--2
++1
1e-
1e
1.2.3
--2
000.e
0e
1e
+
.
+
0e
+
1e-
.
e10
0e
1e-
000.e
--2
1e+
1e+
e10
0e
.
1e-
1e
1e+
1e-
+
-
.
abc
.
0e
0e
+
-
1ee2
-
--2
--2
--2
+
--2
1e+
1ee2
abc
abc
1ee2
e10
--2
1e+
-
1e
000.e
-
1e+
1ee2
.
1e-
-
1.2.3
--2
0e
e10
000.e
e10
1e+
1e-
1e+
+
.
1e-
e10
1.2.3
.
1e+
1e-
abc
+
1e
.
000.e
1.2.3
1.2.3
1e
++1
000.e
1e-
++1
++1
.
1e+
000.e
0e
--2
1e+
abc
+
1.2.3
1.2.3
++1
abc
0e
.
1e-
1e-
--2
-
--2
1ee2
1e-
000.e
1e
1e+
1e-
+
++1
1.2.3
1e
++1
1e+
+
abc
1e+
--2
1e
1ee2
1ee2
1ee2
1.2.3
--2
1e+
++1
++1
1e+
000.e
000.e
0e
++1
++1
1e-
-
000.e
1e
1.2.3
1e+
1e+
1ee2
++1
++1
000.e
1e
.
e10
-
000.e
1ee2
-
++1
0e
-
++1
.
-
1.2.3
++1
.
1.2.3
.
1e+
1e-
1e-
abc
+
+
++1
000.e
1e+
0e
abc
+
0e
0e
abc
1e+
1.2.3
+
0e
-
+
1e+
1e
1.2.3
000.e
1ee2
++1
0e
1.2.3
1.2.3
++1
1ee2
000.e
+
1e+
e10
1.2.3
1e
e10
1ee2
e10
1e-
++1
1e
1e
0e
0e
+
1e+
e10
1ee2
1ee2
0e
0e
++1
+
abc
-
-
1e-
1.2.3
1e
000.e
000.e
1e-
++1
e10
+
1e+
1e-
1e
.
-
-
-
+
0e
1e+
1e-
e10
1e+
abc
e10
++1
.
0e
1e-
-
1e+
1.2.3
1.2.3
1.2.3
e10
.
1ee2
1e-
abc
1e-
000.e
+
abc
1ee2
1e
1e+
--2
1ee2
-
1e-
++1
1.2.3
000.e
abc
1.2.3
0e
+
.
+
-
-
-
-
abc
1.2.3
-
1ee2
1.2.3
.
1ee2
000.e
1ee2
1e+
abc
000.e
1ee2
++1
abc
.
1e
1.2.3
1e
1e
1e-
abc
1e
-
1e+
1e-
--2
e10
0e
e10
-
--2
-
1e+
1e+
1e-
abc
1e
1e-
++1
+
1e+
--2
1.2.3
abc
1.2.3
+
1.2.3
000.e
e10
-
000.e
000.e
.
1e-
1e-
1e-
-
1e+
++1
-
--2
e10
-
+
e10
e10
--2
1e
+
0e
1e+
1e+
+
1e+
000.e
000.e
+
++1
.
1ee2
1ee2
000.e
1e
.
1ee2
1e-
000.e
.
0e
000.e
1ee2
e10
0e
1ee2
1.2.3
1ee2
000.e
1e-
--2
1ee2
.
1.2.3
abc
1e-
abc
1e+
1.2.3
-
e10
++1
1e+
e10
0e
000.e
1e-
--2
1e-
0e
-
abc
--2
++1
.
000.e
-
+
+
++1
abc
1ee2
e10
.
000.e
+
0e
1e-
.
1e-
abc
1e-
000.e
--2
--2
1.2.3
abc
0e
-
1e+
+
0e
++1
1e-
1.2.3
--2
1ee2
--2
.
0e
abc
0e
1e+
--2
--2
e10
-
1e-
0e
++1
0e
--2
--2
--2
-
--2
.
1e
0e
1e-
000.e
1e
-
--2
abc
000.e
.
++1
abc
--2
--2
e10
1e
.
1.2.3
e10
1.2.3
1e
0e
abc
e10
abc
000.e
+
.
000.e
1e+
1e
.
1ee2
0e
1ee2
.
1.2.3
+
000.e
1.2.3
1e+
e10
--2
e10
1e
.
1e
-
1.2.3
--2
1e+
1e+
1e+
000.e
1e+
-
1e
1ee2
++1
abc
-
1ee2
++1
1.2.3
--2
e10
.
e10
--2
e10
1.2.3
1e+
1.2.3
1e-
e10
.
0e
-
000.e
0e
1e+
++1
1ee2
1.2.3
1e+
.
++1
1e+
1ee2
000.e
e10
-
000.e
++1
1e
e10
1e-
--2
.
0e
1e
--2
000.e
.
+
1.2.3
0e
1e-
1e
0e
--2
1e-
1.2.3
1e
e10
--2
1.2.3
+
000.e
0e
000.e
--2
abc
+
--2
0e
.
++1
000.e
1e
+
abc
1e
1ee2
1e
abc
abc
abc
1e+
1e-
1e
1.2.3
++1
0e
++1
+
1ee2
1.2.3
1e-
e10
.
1ee2
++1
--2
e10
1e-
1e
1.2.3
.
+
+
1.2.3
.
1ee2
.
-
1e+
1e+
000.e
1.2.3
1e+
e10
-
1e-
+
1e
1e-
1e
000.e
+
abc
e10
1ee2
1.2.3
1e+
abc
000.e
1e-
1ee2
000.e
000.e
-
000.e
0e
++1
-
000.e
++1
1.2.3
0e
++1
++1
1e+
000.e
--2
e10
1.2.3
000.e
1.2.3
+
+
--2
1.2.3
++1
+
1ee2
e10
0e
abc
e10
abc
000.e
+
1.2.3
000.e
0e
1e+
e10
1e+
.
++1
1e-
1e+
1.2.3
+
1.2.3
1e
++1
.
--2
e10
1e-
abc
1e
+
++1
1.2.3
-
1e
1e
1ee2
e10
000.e
1.2.3
-
0e
e10
++1
1e+
++1
+
1ee2
000.e
1.2.3
0e
1e-
.
abc
0e
abc
1e
.
1ee2
0e
000.e
.
0e
1.2.3
+
--2
0e
1e+
1ee2
1ee2
+
e10
0e
+
abc
1.2.3
.
1.2.3
1e+
.
1e+
e10
++1
.
abc
++1
0e
0e
1e
--2
000.e
abc
e10
e10
abc
--2
-
000.e
1e-
+
0e
abc
--2
1ee2
++1
1ee2
--2
+
1e-
1e-
.
++1
0e
++1
.
e10
.
1e
e10
1e-
1ee2
000.e
0e
-
e10
++1
1ee2
000.e
e10
0e
++1
1e
1ee2
1.2.3
1ee2
1e+
e10
++1
1e
000.e
--2
1e-
1e
.
.
+
abc
1e+
1e-
-
+
e10
1e-
1e
1ee2
1e
++1
1e
1ee2
+
--2
1e-
000.e
1e+
1e-
0e
+
1.2.3
1.2.3
--2
abc
abc
1e
-
1ee2
1e
-
-
--2
-
-
1e+
0e
0e
e10
--2
000.e
++1
1.2.3
++1
0e
1e
--2
1ee2
.
1e-
0e
++1
1e-
1e
--2
e10
1ee2
1e
1e
1.2.3
1e
0e
-
000.e
000.e
1e-
1e
1e-
1.2.3
1e
1ee2
++1
1.2.3
1e
.
1e
000.e
0e
abc
1ee2
.
1ee2
1ee2
.
000.e
-
1e+
0e
--2
1.2.3
-
1ee2
e10
-
-
0e
0e
e10
-
e10
-
++1
1e
e10
000.e
1ee2
1ee2
abc
1e-
.
++1
1e+
-
++1
1e-
-
abc
.
0e
1e
000.e
1e
1e+
1e
e10
++1
1e-
0e
abc
.
.
1ee2
++1
1e+
1e
1e
1e+
1.2.3
--2
.
--2
1e-
0e
0e
.
+
abc
1e+
1e
1e
000.e
e10
000.e
e10
1.2.3
+
1e
1.2.3
+
000.e
--2
+
++1
--2
1e+
++1
1.2.3
1e+
1e+
1ee2
abc
1e+
+
-
1e-
--2
--2
--2
e10
--2
0e
-
1.2.3
1e+
0e
++1
1e
+
1e-
1ee2
e10
1.2.3
e10
-
+
.
--2
0e
++1
+
.
+
1e-
1ee2
-
e10
1ee2
1e+
000.e
1.2.3
.
000.e
000.e
1e-
1ee2
1e
000.e
0e
0e
.
000.e
1e-
1ee2
abc
abc
1e+
e10
++1
1.2.3
000.e
++1
e10
1e
1ee2
0e
1e-
abc
000.e
e10
1e-
-
1e
000.e
.
--2
1e-
.
1.2.3
000.e
abc
1e-
++1
.
++1
1e+
1e-
--2
+
abc
++1
1e-
1.2.3
1e
+
1e-
000.e
.
1.2.3
--2
++1
1e
1e-
.
1e-
000.e
1e+
0e
000.e
--2
abc
e10
1e-
++1
--2
1e
1ee2
++1
1.2.3
1e+
.
1e-
+
000.e
1ee2
.
.
++1
abc
1e-
abc
--2
1e
e10
+
1e
abc
0e
000.e
e10
e10
1e
1ee2
1e
abc
--2
0e
--2
--2
1.2.3
1e
1e
-
1ee2
000.e
1ee2
e10
.
+
abc
--2
1e+
1ee2
--2
0e
abc
1e+
abc
.
e10
.
e10
1e
+
1e+
e10
.
1e-
1.2.3
-
1e
1ee2
abc
1.2.3
--2
0e
--2
1e+
0e
1e
--2
1.2.3
0e
0e
1e+
1e
1e-
1e-
e10
000.e
1.2.3
++1
abc
e10
1e+
--2
1e
e10
.
1ee2
1ee2
1e
-
000.e
-
+
000.e
1.2.3
1e+
1ee2
1e
0e
1e-
1e
1.2.3
1ee2
1e-
++1
1.2.3
--2
--2
.
e10
.
000.e
1e+
--2
1e
.
1.2.3
++1
+
+
1e
-
1e
++1
e10
000.e
1.2.3
0e
1e-
abc
.
abc
--2
0e
--2
1e
e10
++1
.
+
--2
000.e
e10
--2
-
1e
++1
1e+
--2
--2
.
000.e
1ee2
+
+
0e
-
++1
1e
1ee2
1.2.3
abc
1ee2
-
abc
1e
1.2.3
1ee2
1e+
.
1e+
.
1.2.3
-
1.2.3
1e+
1.2.3
e10
0e
abc
++1
1e+
1e
1ee2
1e+
1ee2
1e
000.e
000.e
++1
e10
1e+
e10
abc
+
1ee2
abc
--2
1.2.3
++1
abc
1e
abc
1e
--2
1e+
1e-
1ee2
++1
1e+
1ee2
e10
-
++1
0e
0e
1e
000.e
e10
1.2.3
-
abc
1e
.
1ee2
abc
abc
000.e
1ee2
e10
--2
e10
+
1e+
1e+
0e
1e
e10
--2
--2
+
1.2.3
+
--2
1ee2
1e+
1e-
--2
.
e10
abc
-
0e
--2
0e
0e
--2
-
000.e
++1
1ee2
--2
1e
000.e
-
1e+
.
1.2.3
1.2.3
000.e
1e-
-
0e
1.2.3
++1
000.e
1e+
1ee2
000.e
--2
1e+
000.e
--2
+
.
.
-
+
-
1ee2
1.2.3
+
000.e
1e+
1e+
1e
1e-
1.2.3
0e
1e+
000.e
e10
1e+
+
-
1e
1e-
1e+
--2
.
1ee2
0e
0e
1e
000.e
-
--2
e10
1e+
1ee2
-
e10
1e-
.
1ee2
--2
--2
1ee2
000.e
1ee2
1e-
0e
1ee2
-
1ee2
0e
+
0e
1e+
e10
e10
1e+
++1
1ee2
1e+
-
000.e
-
1e
1.2.3
1e-
1e-
e10
000.e
1ee2
000.e
1.2.3
1.2.3
1e-
1ee2
1.2.3
1e-
+
++1
1e+
1e-
0e
e10
1.2.3
-
+
1.2.3
1e+
++1
1ee2
000.e
.
1.2.3
-
1.2.3
+
000.e
-
0e
000.e
--2
000.e
++1
abc
e10
0e
1e+
1.2.3
1e+
--2
1e
1ee2
--2
e10
e10
1e
abc
e10
--2
+
abc
+
0e
0e
1ee2
abc
1e-
1e
1ee2
1.2.3
abc
000.e
1ee2
1e-
1e
0e
1ee2
1ee2
1ee2
+
1ee2
.
-
.
1.2.3
--2
1e-
0e
1.2.3
1e-
+
0e
abc
-
abc
1e
1.2.3
0e
000.e
1.2.3
000.e
+
000.e
--2
e10
e10
1e-
1ee2
1e+
1e+
--2
1e
0e
++1
1e+
1e+
abc
1e
+
++1
1e-
.
-
0e
1.2.3
1e-
000.e
abc
1e
+
1.2.3
++1
1.2.3
1e
1e-
0e
++1
000.e
1ee2
--2
e10
--2
000.e
1e-
1ee2
1e-
.
000.e
1e-
1.2.3
-
1e-
0e
e10
-
1e+
1.2.3
abc
.
-
++1
e10
--2
.
1e-
000.e
000.e
.
1ee2
.
-
000.e
1e-
-
+
abc
000.e
abc
++1
1e
++1
1.2.3
.
abc
1e
++1
000.e
000.e
++1
1e+
++1
--2
.
000.e
1e+
-
1ee2
+
1ee2
++1
-
000.e
+
.
e10
0e
e10
++1
abc
1e+
1e+
e10
1e+
1e
+
--2
+
e10
e10
1.2.3
1e+
e10
1.2.3
e10
.
1ee2
0e
.
0e
-
abc
e10
1ee2
000.e
1ee2
000.e
e10
1ee2
++1
0e
--2
000.e
1e+
000.e
1.2.3
1e
abc
--2
1.2.3
1ee2
-
0e
1.2.3
++1
+
1e+
.
+
abc
1e+
1e-
+
++1
1e+
++1
000.e
1.2.3
e10
1e-
-
1e
abc
1ee2
abc
-
0e
+
++1
1.2.3
1e
1e+
e10
0e
1e+
1e-
1e+
-
1e
0e
1ee2
1ee2
--2
abc
--2
0e
1e-
0e
1.2.3
1ee2
000.e
-
e10
.
.
1e
1e-
1e+
abc
e10
1ee2
000.e
-
--2
e10
000.e
++1
+
++1
+
abc
1e
0e
0e
--2
abc
0e
1e-
++1
abc
-
0e
-
++1
1.2.3
e10
000.e
.
0e
+
e10
-
-
1e
1e
e10
0e
1ee2
1e
000.e
.
e10
+
+
0e
1ee2
abc
e10
1e+
1.2.3
e10
--2
0e
abc
1ee2
000.e
1e-
--2
.
1.2.3
.
++1
abc
1e
1.2.3
1e
abc
000.e
1.2.3
1ee2
1e+
-
.
000.e
-
0e
1e-
++1
abc
1e-
++1
1ee2
+
1e-
1.2.3
000.e
0e
+
000.e
abc
abc
1ee2
--2
+
1ee2
.
0e
1ee2
-
1e
1.2.3
abc
1.2.3
++1
1e+
1ee2
abc
+
1e-
-
000.e
+
e10
abc
++1
-
+
-
1e-
000.e
0e
1ee2
abc
++1
--2
1e-
1e
1ee2
abc
0e
-
1ee2
-
1e
1.2.3
++1
0e
1ee2
1e
1e-
1ee2
0e
000.e
1ee2
--2
000.e
1ee2
+
1e
1e+
e10
0e
1e-
1ee2
1e-
1e
abc
000.e
1e-
1ee2
000.e
++1
e10
-
000.e
1e-
.
abc
0e
.
1e+
abc
1e
1e+
++1
--2
abc
1e-
--2
0e
++1
+
1.2.3
+
abc
.
e10
1.2.3
++1
--2
+
1ee2
1ee2
1e+
.
abc
-
000.e
++1
1.2.3
.
1e-
.
.
++1
++1
1e
.
1e
1e+
1e+
000.e
--2
1e
0e
+
--2
000.e
1e+
1.2.3
+
+
1e
--2
1e+
--2
+
1e
++1
000.e
1e+
1.2.3
--2
++1
000.e
--2
1ee2
0e
+
abc
++1
.
1.2.3
1e+
-
1e+
-
.
1e-
000.e
1ee2
.
1e
abc
1ee2
1e
-
0e
e10
--2
abc
++1
++1
1e
-
abc
e10
e10
000.e
++1
1ee2
1e+
--2
0e
0e
.
1.2.3
1ee2
--2
++1
e10
1e-
e10
000.e
+
1.2.3
++1
++1
--2
0e
+
1ee2
++1
--2
abc
1.2.3
++1
1e
abc
1e
-
abc
1e-
--2
1e-
+
++1
e10
--2
.
+
++1
-
1.2.3
+
1e+
.
++1
000.e
0e
++1
000.e
.
abc
000.e
+
0e
+
0e
000.e
++1
1ee2
--2
+
++1
e10
--2
-
+
1e
1e-
0e
1e-
++1
+
++1
e10
000.e
1e
abc
1ee2
1e+
+
1e+
-
+
-
1e-
1e-
000.e
e10
++1
0e
--2
1.2.3
abc
000.e
1e
+
1.2.3
++1
.
abc
e10
0e
1e+
1e
1e
-
1.2.3
-
000.e
1.2.3
1e-
++1
+
--2
1e-
e10
1.2.3
++1
0e
1e
.
e10
1ee2
000.e
1e-
e10
abc
1.2.3
1ee2
0e
1ee2
.
1e
1.2.3
1e+
-
++1
--2
0e
+
1e
000.e
+
0e
1e+
1e-
1e+
.
1.2.3
++1
1e
abc
1.2.3
++1
abc
1e+
1e-
1e
1e+
1ee2
1e+
.
000.e
000.e
000.e
1ee2
000.e
-
1.2.3
000.e
1e-
.
--2
1ee2
1.2.3
1.2.3
.
-
.
++1
000.e
1.2.3
1ee2
1e+
.
++1
1ee2
+
+
1.2.3
1e-
-
abc
.
1e
++1
-
000.e
.
e10
+
1e
0e
-
1e
1ee2
1ee2
e10
.
+
++1
000.e
000.e
abc
000.e
1ee2
1.2.3
1e
.
abc
-
abc
abc
e10
--2
1.2.3
++1
e10
++1
abc
1e
+
1.2.3
1e+
1.2.3
0e
1e+
1e
+
1ee2
++1
1e+
.
+
--2
1e+
1.2.3
++1
0e
000.e
0e
1.2.3
1.2.3
abc
+
--2
-
1e+
1ee2
000.e
1e-
1.2.3
abc
-
.
e10
.
.
-
000.e
1e-
-
1.2.3
-
1ee2
1ee2
++1
1e+
++1
1e
abc
+
e10
abc
e10
+
0e
-
--2
abc
1e
000.e
000.e
abc
-
1.2.3
000.e
000.e
0e
-
1.2.3
e10
1e-
1ee2
abc
1.2.3
1ee2
1e
+
--2
++1
--2
.
0e
.
.
1e+
1.2.3
-
0e
0e
-
1ee2
+
0e
.
.
1ee2
000.e
1ee2
1e+
-
1e+
1e-
-
1ee2
000.e
++1
+
-
-
1e+
0e
0e
1.2.3
e10
-
1ee2
1e
1e
1e-
e10
e10
--2
1e
++1
-
-
1.2.3
1.2.3
1e+
000.e
++1
1e+
abc
1e+
1ee2
abc
1e
+
.
1e
--2
-
1.2.3
abc
abc
000.e
1ee2
e10
abc
++1
1e
++1
++1
000.e
0e
+
0e
1.2.3
0e
1e-
1.2.3
1e-
abc
1.2.3
-
--2
--2
1ee2
-
+
abc
1e+
++1
000.e
-
1e+
1e+
000.e
1e-
-
abc
1.2.3
++1
--2
1ee2
1e-
1e+
1ee2
+
e10
+
1e-
1.2.3
abc
.
++1
1e-
++1
000.e
e10
1e
abc
000.e
1.2.3
1e+
1e-
+
000.e
000.e
1e+
1e
1ee2
++1
++1
++1
000.e
abc
-
.
e10
e10
-
0e
1e-
1ee2
++1
0e
1e+
0e
1e-
0e
.
-
+
e10
1e-
++1
1.2.3
-
--2
.
1e-
--2
-
1.2.3
1e
+
0e
+
1e-
1e-
.
-
000.e
1e
1e+
1e+
abc
+
1ee2
0e
0e
000.e
1e-
++1
--2
0e
1ee2
e10
-
1e
--2
--2
--2
1ee2
000.e
1e
1.2.3
1e
1e-
+
1e-
-
e10
0e
abc
0e
1.2.3
abc
--2
--2
++1
1e-
1.2.3
1ee2
abc
1e
++1
+
1e-
1.2.3
1e+
--2
-
+
.
1ee2
1ee2
--2
abc
+
1.2.3
1.2.3
1e+
+
+
.
.
1.2.3
-
-
--2
abc
++1
abc
1e
-
-
-
abc
--2
1e+
1ee2
1e-
1e-
-
--2
+
0e
-
1e-
.
000.e
+
abc
.
000.e
++1
-
abc
1e+
--2
-
1.2.3
1e-
.
.
000.e
--2
1e
1e
1e
abc
-
0e
1.2.3
0e
0e
--2
+
-
1e-
1e
+
1e-
1e-
1e+
000.e
1e-
abc
e10
1.2.3
.
1e
++1
1e
000.e
e10
1.2.3
1e+
1e+
0e
000.e
--2
-
1e
.
1e+
1e
e10
1.2.3
--2
1ee2
.
.
e10
++1
1e+
000.e
000.e
.
0e
.
1e+
1ee2
0e
-
++1
e10
000.e
1e-
abc
.
1.2.3
000.e
++1
e10
.
abc
000.e
1e+
1.2.3
0e
-
0e
0e
0e
1e
1e-
++1
1e+
.
+
1ee2
+
+
++1
1e
1e-
1.2.3
1.2.3
1e-
.
1ee2
000.e
--2
000.e
1e
.
.
0e
--2
0e
0e
--2
1e+
1e
abc
+
1e
1e-
++1
++1
abc
0e
0e
-
++1
1e
1e
1e-
e10
1e+
1e-
++1
e10
abc
1ee2
1e+
1ee2
-
0e
1ee2
.
+
.
e10
1.2.3
e10
abc
+
abc
-
.
0e
1e
1e-
-
0e
-
e10
1e
-
000.e
++1
1e
++1
0e
--2
1e
--2
e10
e10
1e+
e10
000.e
++1
abc
1e+
.
.
1.2.3
e10
1e
1e
.
000.e
e10
1e+
-
-
+
e10
+
.
1ee2
-
++1
-
1.2.3
++1
++1
1.2.3
abc
++1
+
+
--2
000.e
.
++1
1ee2
1e-
1.2.3
+
abc
+
e10
e10
1ee2
.
++1
1.2.3
.
++1
+
1e-
000.e
++1
1e
0e
1e
1e-
e10
1e
--2
abc
+
abc
--2
.
-
000.e
e10
--2
e10
abc
-
1ee2
++1
.
e10
.
1e+
++1
.
1e-
1e+
abc
.
--2
--2
1e-
000.e
.
--2
--2
abc
++1
abc
++1
abc
1e
-
000.e
e10
1e+
1e
1ee2
--2
.
0e
abc
0e
+
0e
.
1e
++1
1ee2
0e
.
-
.
--2
++1
++1
1e
1ee2
+
1e
1e
1e+
1ee2
0e
1ee2
1.2.3
--2
1e-
abc
e10
e10
abc
1ee2
-
0e
1.2.3
--2
++1
-
1.2.3
1e+
++1
000.e
-
1e+
--2
.
--2
1ee2
.
1e+
e10
+
e10
1.2.3
1e-
e10
1e+
0e
1.2.3
-
+
1ee2
--2
1ee2
0e
+
1.2.3
1e-
+
--2
000.e
+
-
++1
0e
1ee2
1.2.3
++1
--2
1e-
0e
1e
.
.
1e-
000.e
-
++1
1e-
e10
1e
abc
++1
1ee2
++1
0e
-
++1
+
1ee2
000.e
-
++1
+
1e
0e
0e
1e
-
1e+
.
--2
.
+
-
e10
000.e
.
.
1e+
++1
-
--2
e10
+
abc
+
1ee2
+
0e
--2
++1
000.e
++1
abc
abc
0e
1ee2
1ee2
--2
1e+
-
e10
e10
000.e
1e
1e-
000.e
--2
000.e
0e
abc
abc
1.2.3
1ee2
abc
+
000.e
-
000.e
-
1e-
0e
abc
1e-
1ee2
000.e
000.e
1e
000.e
1e+
1.2.3
1e
1e
1e
--2
-
-
1e-
0e
1ee2
+
-
1e-
1e+
1e
1e-
abc
0e
abc
1.2.3
1.2.3
1ee2
1e+
abc
1e-
--2
--2
++1
1e-
0e
1ee2
1ee2
1e
1e+
1e-
1e
1e+
+
1.2.3
1e
abc
-
1e-
-
.
-
e10
e10
0e
++1
0e
1e+
.
abc
1ee2
-
-
000.e
000.e
abc
1.2.3
-
0e
1e+
000.e
1e-
000.e
abc
+
e10
1.2.3
0e
-
-
1e-
.
1e
000.e
e10
000.e
-
+
1.2.3
1ee2
0e
.
1e
1e
000.e
.
+
1e+
e10
1e
1e
1e
+
-
1e+
.
1e+
e10
.
-
+
--2
1e-
1ee2
abc
+
+
1e-
1e-
+
1.2.3
--2
1.2.3
1ee2
1.2.3
1e
1e
++1
e10
0e
.
.
0e
000.e
1ee2
1e+
0e
abc
000.e
abc
1e
-
abc
1e+
000.e
abc
1e-
--2
0e
--2
1ee2
+
1e
e10
1e+
1.2.3
.
0e
abc
1ee2
--2
-
1ee2
1e
+
1e+
1e+
000.e
+
-
--2
1e-
+
1e+
.
-
++1
0e
abc
000.e
1ee2
000.e
1e-
1e
+
0e
000.e
1ee2
+
1e
000.e
1e-
.
1.2.3
e10
1.2.3
--2
000.e
1.2.3
--2
0e
++1
++1
1e
0e
1ee2
1e
0e
abc
abc
abc
--2
++1
0e
--2
abc
++1
abc
abc
1e
-
1.2.3
1e+
e10
1.2.3
e10
1e
1e
e10
1e
0e
000.e
1e-
1e-
1.2.3
1e-
0e
--2
1e+
++1
abc
--2
1e
1.2.3
000.e
.
e10
++1
--2
1.2.3
1e+
+
000.e
.
e10
0e
--2
-
--2
.
1.2.3
1e
1ee2
000.e
++1
++1
1ee2
1.2.3
-
1e+
-
1e-
-
abc
1e+
-
--2
1e-
--2
-
abc
++1
1e
1.2.3
++1
1ee2
1e
+
1e+
1e+
-
.
--2
0e
1e-
1e-
.
abc
++1
--2
e10
++1
0e
.
-
1e-
1ee2
1e
1.2.3
000.e
--2
1e-
++1
e10
--2
+
1.2.3
0e
-
1ee2
-
+
1e
-
1ee2
000.e
000.e
+
-
1e-
+
1e-
abc
0e
1ee2
000.e
abc
abc
+
0e
1e+
+
++1
1ee2
1e+
000.e
++1
1e-
abc
abc
.
1ee2
0e
e10
1e-
1e
1ee2
1e-
1e
0e
1ee2
abc
--2
1ee2
+
-
1e
0e
1e+
000.e
abc
1ee2
-
+
0e
-
-
.
-
abc
000.e
abc
0e
--2
--2
1e+
1e+
abc
+
+
-
1e+
-
1e
abc
1.2.3
-
1e
1.2.3
++1
++1
1ee2
++1
1.2.3
1ee2
e10
e10
1e-
-
+
1e+
1ee2
1e
--2
0e
1e
e10
e10
--2
.
--2
++1
1e
1e+
1.2.3
1.2.3
++1
++1
1ee2
1ee2
abc
++1
e10
1ee2
0e
-
.
.
0e
--2
--2
--2
000.e
+
1e+
1e-
0e
--2
+
1e-
1ee2
1e-
1.2.3
.
0e
1ee2
++1
++1
--2
-
1e
1.2.3
0e
1e+
1ee2
+
1e-
0e
1ee2
++1
--2
1.2.3
.
++1
1.2.3
1e+
.
-
1e-
e10
000.e
1e+
1ee2
-
1e+
1e-
abc
1e
-
1e
1.2.3
000.e
1ee2
abc
000.e
.
e10
-
.
.
1e+
1e-
e10
.
e10
1e
-
0e
000.e
1e
1e-
1e+
abc
e10
e10
abc
+
0e
1.2.3
1e+
1e
1.2.3
abc
000.e
0e
e10
000.e
1.2.3
0e
0e
--2
000.e
1.2.3
-
e10
1e
1ee2
++1
1.2.3
e10
abc
0e
abc
000.e
-
1.2.3
--2
+
1e
++1
000.e
abc
.
.
abc
1.2.3
e10
abc
0e
1e
1e-
0e
1ee2
-
e10
1e-
1ee2
1e-
-
1ee2
1e
e10
--2
++1
--2
1.2.3
++1
.
-
1e-
+
1.2.3
--2
1e-
0e
abc
++1
--2
000.e
++1
.
1e
-
1e+
--2
abc
++1
+
1e-
.
++1
1e
++1
++1
.
++1
.
1ee2
0e
1e+
0e
++1
1e-
1ee2
000.e
1e+
1e
--2
++1
1.2.3
+
-
.
+
e10
e10
1ee2
1ee2
abc
1.2.3
abc
1.2.3
e10
000.e
+
+
-
+
++1
1.2.3
.
1e+
1e
++1
1e
.
-
e10
+
1ee2
abc
abc
-
e10
--2
1ee2
.
-
1e+
1e+
0e
1e-
++1
0e
++1
abc
+
e10
--2
1e+
+
1e+
+
0e
0e
-
1ee2
e10
0e
000.e
1e
abc
1.2.3
abc
abc
+
1e-
.
abc
0e
1e-
.
0e
-
++1
0e
abc
+
1ee2
0e
0e
e10
000.e
-
++1
1.2.3
1.2.3
1e+
000.e
+
--2
e10
abc
1.2.3
000.e
1e-
--2
1e-
++1
1ee2
abc
1e
1ee2
+
+
++1
1.2.3
1.2.3
+
abc
-
000.e
1e+
.
1e+
-
++1
--2
.
1e-
abc
0e
abc
e10
000.e
e10
+
.
--2
1.2.3
1e-
e10
++1
1e-
e10
1e+
abc
0e
++1
e10
.
+
abc
.
+
1e
000.e
--2
-
1.2.3
1.2.3
+
1e-
1e
-
1e
1.2.3
+
1e+
1e
1.2.3
-
abc
e10
1ee2
1e-
1.2.3
.
1e
1.2.3
1e-
--2
1.2.3
e10
-
1e-
e10
1e+
1.2.3
1e-
1.2.3
000.e
++1
0e
1ee2
0e
e10
++1
1e+
--2
-
+
1.2.3
000.e
1e
abc
1.2.3
e10
abc
-
--2
1.2.3
1e-
++1
-
1e+
1ee2
--2
1e-
1e+
+
000.e
--2
1.2.3
1e
--2
.
e10
+
1e
0e
--2
1e
-
1ee2
--2
++1
++1
+
+
1e+
-
e10
e10
.
e10
+
1ee2
abc
000.e
1ee2
1e
1ee2
-
abc
+
--2
1.2.3
000.e
abc
1e
e10
0e
000.e
-
1e
.
--2
e10
000.e
1e
abc
000.e
.
++1
.
e10
1e-
-
++1
000.e
e10
.
1e
1.2.3
+
000.e
1e-
1e-
--2
.
+
+
abc
1e
++1
e10
1e
--2
000.e
1ee2
1e+
++1
1e+
1.2.3
1ee2
1e+
000.e
0e
abc
1e
++1
0e
1e+
.
++1
1e-
--2
.
1.2.3
e10
e10
1e
++1
1e
++1
000.e
++1
-
++1
1e
1e
1.2.3
1e
abc
++1
--2
1e-
.
.
000.e
1e+
e10
--2
1.2.3
-
.
--2
1e+
1.2.3
1ee2
abc
.
1e-
1e
0e
--2
e10
1e
e10
--2
abc
1e-
1e+
e10
+
1.2.3
1e
++1
.
1ee2
1.2.3
.
-
1e-
e10
0e
-
1e-
.
0e
--2
1.2.3
0e
1e+
--2
0e
1e+
-
1e+
1ee2
abc
abc
abc
+
++1
000.e
++1
000.e
1ee2
0e
1.2.3
++1
++1
-
1e+
+
1ee2
1.2.3
--2
-
+
000.e
1.2.3
000.e
--2
.
000.e
1.2.3
0e
1.2.3
1.2.3
0e
e10
.
1e+
000.e
e10
e10
.
.
0e
e10
--2
1e+
1e
++1
1e
000.e
1ee2
1e
--2
+
0e
-
0e
++1
.
000.e
++1
--2
0e
.
000.e
++1
--2
000.e
-
.
1e-
1ee2
1ee2
.
1e+
--2
+
.
1.2.3
1.2.3
1ee2
abc
1e-
abc
-
.
--2
-
++1
1.2.3
++1
++1
--2
000.e
++1
abc
1e+
++1
1ee2
0e
0e
++1
1e+
--2
+
++1
1ee2
1ee2
+
1e+
1.2.3
--2
1e-
1ee2
e10
-
e10
-
abc
-
+
.
1ee2
-
1.2.3
-
abc
-
abc
e10
1ee2
1e+
-
1e-
1.2.3
1e-
1ee2
1e-
1.2.3
++1
+
1e-
1ee2
+
0e
+
e10
++1
1e-
1ee2
abc
1e
--2
1ee2
e10
e10
1e+
--2
+
1e
e10
1ee2
abc
abc
000.e
abc
-
+
0e
+
e10
--2
1.2.3
+
.
e10
e10
1e
000.e
1.2.3
.
abc
+
abc
-
1e-
e10
--2
-
1e
1e+
000.e
1e+
abc
++1
0e
1ee2
++1
1e-
000.e
abc
0e
e10
abc
1ee2
1e-
++1
-
+
1ee2
0e
1e-
--2
1.2.3
-
++1
1e+
.
e10
e10
abc
--2
1e+
--2
000.e
1e-
1ee2
-
0e
000.e
.
1ee2
0e
++1
1ee2
++1
++1
1e
-
1e-
--2
.
0e
abc
--2
000.e
1.2.3
1e
000.e
0e
e10
++1
1e+
abc
1e+
1e-
.
000.e
e10
abc
1.2.3
1e
1e-
.
1e+
+
1ee2
-
--2
1e
1.2.3
0e
abc
1e-
.
-
abc
++1
000.e
-
1ee2
1ee2
--2
-
0e
000.e
abc
1e
--2
1ee2
1e
0e
000.e
0e
1e+
1e
1.2.3
1e-
+
++1
-
1ee2
e10
e10
1.2.3
-
0e
1.2.3
+
abc
abc
1ee2
e10
--2
--2
e10
e10
abc
1e+
000.e
--2
+
0e
e10
1e
1.2.3
-
000.e
e10
0e
++1
-
-
e10
e10
abc
0e
1e-
abc
1.2.3
1e+
1ee2
--2
abc
0e
e10
1e+
--2
+
-
1e-
1ee2
.
.
1ee2
0e
abc
-
-
e10
e10
1e+
.
1ee2
000.e
1e
-
1e+
.
1e+
1e+
e10
-
1.2.3
-
000.e
1ee2
--2
++1
0e
-
1e
000.e
+
0e
0e
1e+
1.2.3
0e
--2
1ee2
++1
--2
++1
++1
0e
0e
1e
1e-
++1
0e
.
abc
++1
1.2.3
1ee2
0e
.
0e
1ee2
abc
1e+
+
1e
1e
.
1.2.3
1e-
1.2.3
+
1e+
abc
000.e
1ee2
abc
--2
-
++1
-
abc
1e+
1e-
--2
e10
1e-
abc
1e
++1
-
1.2.3
000.e
-
.
-
1e
0e
++1
e10
0e
-
abc
1e-
1e
1ee2
1.2.3
1ee2
1e
000.e
++1
1e-
1e
abc
-
+
1ee2
1e-
000.e
1ee2
+
-
e10
0e
--2
+
-
000.e
1ee2
1e
1.2.3
1.2.3
1e-
++1
1e+
abc
1e+
000.e
1e-
e10
abc
1e
1e+
1e+
.
0e
1e
abc
+
1e
1ee2
0e
--2
1ee2
+
e10
+
1ee2
.
e10
1e-
++1
++1
.
1e
1e
1e
1.2.3
1e+
.
1e-
.
.
--2
e10
+
+
1ee2
abc
1.2.3
e10
-
-
+
+
++1
000.e
--2
.
++1
.
-
1e-
++1
1e-
1.2.3
1e+
+
1e+
0e
abc
e10
1e-
.
.
++1
1e+
1e-
-
--2
1.2.3
e10
1e-
abc
abc
000.e
e10
--2
++1
++1
.
1e+
0e
1e+
abc
0e
0e
.
1.2.3
e10
-
+
0e
++1
-
.
e10
1ee2
abc
1e-
1e-
000.e
000.e
abc
.
e10
e10
1e-
1ee2
1e-
1ee2
1e+
-
0e
0e
1e-
--2
1e-
--2
-
0e
-
1e+
000.e
e10
1ee2
1e+
-
1e
1e+
0e
e10
0e
e10
abc
.
1e
abc
++1
++1
abc
.
1e
1e+
1e+
1.2.3
0e
1e-
1e
-
000.e
1e+
+
1e-
000.e
--2
--2
1e
--2
1e+
1e+
e10
0e
.
++1
000.e
+
e10
++1
--2
1e+
+
1ee2
000.e
.
1e-
1e-
0e
1e-
000.e
1e+
1e-
1e-
e10
0e
-
1e
-
1e+
-
0e
000.e
1e-
abc
1e-
++1
1e+
+
1ee2
.
1e
0e
1.2.3
e10
1e
-
000.e
+
1e+
1e-
1e
1ee2
e10
-
000.e
1.2.3
.
1.2.3
000.e
--2
1e+
1e+
-
000.e
000.e
0e
++1
--2
1e
--2
1e+
+
0e
1e-
-
--2
e10
--2
1ee2
.
000.e
1ee2
000.e
e10
abc
e10
e10
1ee2
1e
--2
0e
000.e
1e+
000.e
-
1ee2
1e+
1e+
0e
1.2.3
1e-
1ee2
++1
+
++1
1e+
1e-
.
000.e
000.e
abc
+
-
1e+
000.e
abc
e10
+
-
.
--2
1e
--2
0e
abc
-
1ee2
.
++1
+
000.e
1e
+
+
1e
000.e
-
--2
--2
0e
--2
000.e
.
.
--2
1e-
--2
e10
1ee2
1e+
1e-
1e+
1e
1.2.3
1e
e10
abc
1ee2
1.2.3
1ee2
0e
0e
.
+
--2
+
1e
1e+
e10
1e
++1
-
1e+
1ee2
abc
1ee2
1e+
1ee2
--2
1ee2
--2
+
1e-
abc
abc
1e
++1
++1
abc
-
.
1e-
1e
1.2.3
0e
0e
.
1e+
1e+
+
1e+
e10
0e
abc
1e+
1e-
+
1ee2
abc
1e-
1e
e10
abc
1e-
e10
++1
.
1e
++1
--2
e10
e10
1.2.3
000.e
1ee2
1e
e10
--2
.
abc
1.2.3
1e+
1e+
1.2.3
abc
1e
0e
.
abc
-
1e-
0e
--2
1ee2
1e
1e-
.
0e
--2
e10
e10
1ee2
++1
0e
-
--2
1e-
0e
+
++1
++1
--2
1e+
1e
e10
abc
1e-
1e-
1e
000.e
+
abc
0e
+
e10
abc
-
1.2.3
++1
1.2.3
.
1e+
--2
1e+
1e
++1
1e+
1e+
--2
1ee2
1.2.3
e10
.
+
1e
++1
++1
abc
1e-
0e
1e+
abc
1e-
-
-
1e
.
+
1.2.3
e10
1e-
-
1.2.3
1ee2
--2
1.2.3
1e
abc
1e-
000.e
000.e
abc
+
1.2.3
1e
.
1ee2
1e-
1ee2
-
1e-
1ee2
1e
1.2.3
abc
+
-
++1
-
1ee2
0e
-
1e-
.
1.2.3
1.2.3
0e
1e+
+
.
1.2.3
0e
--2
+
000.e
1e-
000.e
-
1e+
--2
abc
000.e
++1
000.e
--2
++1
1e-
1ee2
+
-
abc
1ee2
.
abc
1e
1.2.3
.
+
.
+
++1
-
1e+
1e+
1.2.3
1e+
1e-
1e+
+
1ee2
0e
1ee2
0e
1e-
++1
++1
++1
-
1.2.3
1ee2
1e+
++1
abc
000.e
1e+
000.e
1.2.3
--2
abc
--2
--2
+
abc
000.e
-
++1
+
e10
000.e
1e+
++1
000.e
e10
1e-
0e
000.e
1ee2
abc
1e-
-
abc
--2
.
1.2.3
1.2.3
-
1e
1ee2
e10
abc
1e-
1e-
abc
1e
1e
abc
e10
e10
e10
1.2.3
.
1e+
++1
e10
.
1ee2
1e-
000.e
abc
1.2.3
1.2.3
--2
1.2.3
-
e10
++1
-
1e
1.2.3
abc
1.2.3
000.e
.
abc
1.2.3
1ee2
-
000.e
0e
1e+
000.e
+
000.e
0e
1.2.3
--2
--2
0e
1e-
++1
1e
0e
.
.
++1
1e
+
1ee2
1.2.3
e10
abc
1.2.3
1ee2
1e-
+
++1
0e
.
000.e
--2
abc
++1
1.2.3
+
1e
+
e10
000.e
-
1e
1ee2
.
+
1e+
++1
++1
1e+
1e
--2
abc
++1
e10
1ee2
abc
++1
1e-
0e
0e
abc
++1
000.e
.
--2
1e-
+
-
++1
1e
+
0e
1ee2
+
e10
+
--2
.
1e
1e
--2
.
-
0e
1e
.
000.e
+
--2
abc
000.e
1e
1ee2
+
+
000.e
1e+
+
++1
e10
++1
--2
1e-
+
0e
.
e10
--2
1e-
1.2.3
1ee2
+
abc
+
-
.
.
e10
--2
0e
++1
--2
1.2.3
1e-
e10
1e+
1e-
1e
1ee2
--2
1.2.3
e10
.
++1
++1
-
+
000.e
.
1ee2
.
+
1ee2
abc
.
-
++1
1.2.3
.
++1
abc
1e+
1e+
1.2.3
000.e
e10
000.e
1e
++1
1e
abc
abc
1ee2
-
000.e
000.e
1e-
--2
1.2.3
--2
1e-
.
--2
abc
.
1e-
1e-
++1
1e+
1e+
--2
0e
000.e
1e+
++1
-
1e+
++1
--2
1e+
1e-
000.e
1e+
--2
1e-
1e
++1
++1
++1
--2
.
1e+
+
000.e
1e+
--2
0e
abc
abc
abc
+
1e+
e10
1e
0e
++1
e10
000.e
1e-
0e
+
e10
++1
--2
1.2.3
1ee2
1e+
e10
--2
1.2.3
1ee2
1e+
1.2.3
1e
++1
1e+
000.e
-
000.e
.
000.e
-
000.e
abc
1e
1.2.3
.
--2
0e
1ee2
+
0e
+
1.2.3
.
1.2.3
-
1e-
+
000.e
+
000.e
1e-
1.2.3
1e+
.
1.2.3
.
1e-
1.2.3
-
1e-
1e-
1.2.3
--2
++1
-
1.2.3
1e
1ee2
1e+
-
e10
1e-
.
1e
1e
.
.
e10
+
1ee2
0e
0e
1e+
-
0e
--2
1ee2
1e-
e10
abc
000.e
+
000.e
--2
.
abc
-
1.2.3
0e
e10
-
000.e
1ee2
abc
000.e
1ee2
++1
abc
1e
-
.
000.e
e10
1ee2
-
1.2.3
-
--2
0e
.
000.e
+
1e+
1e-
+
abc
.
.
1e
--2
-
abc
1e+
1e
000.e
1ee2
++1
abc
1e-
1e-
1ee2
.
0e
e10
.
1e-
abc
.
0e
-
0e
1e
e10
1ee2
.
1ee2
1ee2
0e
++1
.
1e
1e+
e10
-
e10
1ee2
1e
1e
000.e
1e+
.
1e+
1e+
1ee2
000.e
e10
.
.
e10
e10
--2
e10
+
1e+
1e
1e+
1.2.3
1ee2
1e+
++1
--2
++1
1ee2
1.2.3
-
.
abc
e10
000.e
1.2.3
abc
--2
+
1e-
1e
0e
+
000.e
--2
0e
.
1e
.
++1
-
-
e10
-
1.2.3
1e
--2
-
000.e
e10
1ee2
1ee2
++1
abc
e10
1.2.3
-
--2
1e+
1e-
++1
.
1ee2
1e+
1ee2
1ee2
1.2.3
--2
1ee2
--2
-
.
.
-
1e
1e
.
000.e
1e+
1e+
000.e
000.e
1.2.3
1ee2
000.e
1e+
1ee2
--2
e10
1.2.3
-
--2
1e-
0e
e10
1e
.
-
1e-
+
1e-
0e
abc
-
1e-
1e-
+
++1
.
1ee2
000.e
1e
1.2.3
1e
1e+
0e
000.e
e10
+
.
--2
+
1e
000.e
1e-
--2
000.e
1ee2
1e+
abc
+
1e-
0e
.
e10
+
++1
000.e
+
++1
1.2.3
--2
.
1e-
1ee2
abc
+
000.e
1e-
1.2.3
1e+
--2
+
+
-
1e-
++1
1ee2
-
1e-
.
1e-
1e+
+
--2
0e
-
1e+
--2
0e
-
0e
1e
e10
++1
0e
++1
000.e
+
e10
000.e
0e
++1
abc
1.2.3
1e
--2
1e
0e
000.e
1e+
-
++1
1.2.3
-
abc
++1
abc
.
1e-
1e-
.
000.e
1.2.3
e10
1e+
++1
000.e
+
-
.
++1
.
000.e
1e
abc
1.2.3
000.e
1e
000.e
1e+
1.2.3
1e-
-
abc
1e-
1ee2
1ee2
000.e
e10
1.2.3
1e-
-
0e
--2
1.2.3
-
1e-
abc
.
1e
++1
abc
.
+
1e-
1e
e10
-
1.2.3
++1
0e
0e
000.e
1e-
1e-
+
1e-
1.2.3
e10
e10
abc
e10
1e
1e+
000.e
--2
1e
1.2.3
1e-
1e-
--2
1ee2
-
0e
-
.
1e+
-
1ee2
abc
+
-
+
1e+
abc
++1
abc
.
0e
1e-
1e-
000.e
1e-
1e
1e
.
abc
abc
1.2.3
-
.
0e
.
--2
1e
0e
0e
1e
1e-
+
1e+
e10
1.2.3
--2
1.2.3
1e-
+
1ee2
e10
+
0e
1e+
abc
1ee2
0e
1e
0e
000.e
1.2.3
0e
1e-
.
+
abc
--2
1.2.3
1ee2
abc
abc
1e-
1e-
1e+
+
1ee2
--2
+
1.2.3
++1
1e-
1ee2
0e
e10
++1
e10
0e
+
e10
1.2.3
+
1ee2
1.2.3
000.e
000.e
--2
1ee2
+
-
1e-
.
++1
e10
1e
.
000.e
1e-
1ee2
1.2.3
.
.
e10
+
--2
--2
1e
1e+
1e-
0e
000.e
e10
000.e
e10
1e+
+
.
000.e
abc
1.2.3
1e-
0e
1.2.3
-
1.2.3
1e
-
1.2.3
1e+
000.e
abc
000.e
e10
-
++1
.
+
1e-
-
000.e
+
1e+
0e
-
1e+
+
++1
1.2.3
1ee2
.
-
0e
abc
.
1e+
000.e
1e-
1.2.3
1.2.3
1.2.3
1e-
1ee2
+
e10
000.e
1e
1ee2
.
000.e
0e
+
abc
1e-
1.2.3
+
1e-
-
1e
e10
-
1e
--2
.
--2
1.2.3
-
abc
abc
+
+
000.e
++1
+
1.2.3
e10
1e+
1.2.3
1e
.
.
--2
++1
1e-
1ee2
-
0e
0e
abc
-
abc
1e
000.e
0e
abc
1e-
--2
abc
1ee2
000.e
1e+
1e-
1.2.3
-
e10
0e
1ee2
e10
1e
e10
--2
1e-
1e
--2
-
1e+
++1
+
1e-
1ee2
e10
--2
1.2.3
-
1ee2
1e-
1e-
1e-
1e
-
1ee2
--2
-
--2
e10
1e+
1e
e10
+
000.e
--2
e10
1e-
0e
abc
0e
1e+
1e+
1e+
-
--2
1e-
1ee2
+
1e-
abc
e10
--2
1e-
1ee2
e10
000.e
000.e
++1
.
0e
abc
abc
1e
1ee2
++1
1ee2
000.e
abc
e10
+
--2
1.2.3
1e-
.
0e
.
1.2.3
000.e
--2
.
000.e
-
abc
1e+
-
e10
1ee2
.
abc
1e-
0e
1.2.3
abc
.
+
1e+
1e-
1.2.3
.
e10
1e
1e-
-
.
--2
--2
1ee2
-
1e-
++1
1.2.3
1e-
1e
1e
.
-
+
0e
1e
e10
1.2.3
1e
abc
.
1e+
.
0e
--2
000.e
1e
abc
--2
e10
--2
0e
1e+
.
1e-
+
000.e
1e
1e
--2
abc
1e
--2
abc
-
000.e
1.2.3
0e
000.e
1.2.3
0e
1.2.3
0e
--2
000.e
++1
+
0e
1ee2
+
--2
+
.
1e+
--2
abc
-
-
++1
+
1.2.3
+
1e
1e
1.2.3
++1
1ee2
1e+
e10
abc
1e
+
1e
++1
abc
1e
1ee2
1.2.3
1e-
1e
e10
1e-
1ee2
1e
1ee2
1e+
--2
1e+
1e+
1.2.3
.
-
e10
.
1e-
1ee2
1e-
+
.
abc
1.2.3
.
+
0e
abc
1ee2
000.e
.
++1
000.e
1e
abc
0e
++1
0e
e10
.
-
+
1e+
-
-
1ee2
1e
0e
++1
0e
-
.
1e+
1e+
1ee2
1ee2
.
-
1e
1ee2
1.2.3
0e
e10
+
+
.
1ee2
+
1ee2
1e-
abc
1ee2
1ee2
1.2.3
000.e
++1
1ee2
1e-
1e+
.
--2
++1
--2
0e
abc
abc
000.e
.
--2
+
0e
1ee2
-
--2
1ee2
1ee2
0e
1e-
++1
1.2.3
.
000.e
--2
1ee2
1e
1e+
abc
--2
1e+
0e
1e
-
++1
++1
0e
000.e
000.e
1e-
+
000.e
1ee2
1e+
0e
1ee2
--2
1.2.3
--2
--2
+
1e+
abc
1e+
0e
1e-
1.2.3
--2
0e
--2
e10
1e+
1.2.3
1e+
1e-
1e
e10
1e-
+
++1
000.e
.
1.2.3
1e+
1e-
--2
1ee2
++1
1e
-
e10
--2
.
+
1ee2
1ee2
++1
abc
1e
1e
0e
e10
0e
abc
abc
000.e
1e
1e
-
-
000.e
abc
+
1.2.3
1ee2
abc
--2
1e
0e
abc
0e
1e
++1
1e+
000.e
000.e
.
1e-
1.2.3
.
1e+
abc
+
--2
1e-
abc
abc
1e
1e+
0e
1e-
++1
1e+
e10
0e
1e+
e10
--2
1e+
0e
+
--2
+
000.e
abc
1e+
abc
1e-
++1
1e
1ee2
.
.
+
000.e
++1
1e
--2
1ee2
.
e10
++1
1ee2
+
--2
e10
++1
0e
000.e
000.e
1e+
1e+
1e+
1.2.3
1.2.3
.
e10
-
--2
1e+
0e
1e-
+
1e+
0e
.
1e
abc
1ee2
abc
1.2.3
000.e
1e-
--2
1e
+
1ee2
--2
+
+
++1
--2
-
+
000.e
abc
0e
0e
000.e
abc
abc
1e-
1e-
-
1e
--2
abc
abc
--2
.
.
000.e
-
1e
--2
0e
++1
1e+
1.2.3
1.2.3
++1
1e
e10
-
e10
1e-
1e-
0e
1e
++1
0e
1ee2
abc
+
1ee2
abc
abc
0e
.
--2
1e-
++1
0e
1.2.3
--2
abc
1e-
++1
e10
1e-
.
.
000.e
1e-
-
1e
-
1ee2
0e
0e
--2
1e
1.2.3
1e-
1ee2
e10
1ee2
1e-
++1
1e
1e-
000.e
abc
000.e
0e
1e+
1e-
+
--2
+
1e+
abc
1e-
000.e
1.2.3
-
1.2.3
1.2.3
--2
.
000.e
--2
++1
.
1.2.3
.
1e-
000.e
-
1.2.3
000.e
++1
+
abc
e10
--2
.
abc
1e+
+
--2
1e
1ee2
+
e10
--2
1.2.3
--2
1ee2
--2
1ee2
1e-
1e-
abc
++1
e10
.
++1
0e
1e
1e
1e-
1e-
--2
1e
.
e10
+
-
--2
.
-
--2
1e+
000.e
++1
1e
1ee2
abc
abc
1ee2
1e+
1e-
000.e
--2
abc
1.2.3
1e-
1ee2
000.e
abc
000.e
--2
1.2.3
1e
1.2.3
+
abc
1.2.3
1e
0e
e10
-
1e+
1.2.3
abc
1e
abc
abc
1ee2
.
1e-
1e+
1e
1.2.3
abc
000.e
1ee2
++1
++1
-
e10
abc
000.e
e10
e10
1e
.
1e+
+
1e+
0e
1e-
1e
++1
--2
1e+
abc
0e
e10
1ee2
e10
e10
--2
e10
1.2.3
+
1e-
--2
+
abc
++1
e10
1e-
1e
--2
0e
1e+
+
e10
1e+
1e-
000.e
1e
--2
1e+
1ee2
abc
++1
000.e
1e-
000.e
1e+
1e+
1.2.3
1.2.3
000.e
1.2.3
1e
++1
.
-
1e-
1.2.3
0e
1e+
1ee2
0e
1e+
-
1.2.3
++1
1e+
1.2.3
e10
1e+
--2
+
abc
++1
++1
abc
000.e
+
1ee2
+
-
abc
--2
000.e
abc
000.e
.
-
000.e
+
1e-
1ee2
1.2.3
0e
e10
1e
1e
++1
abc
1e
0e
abc
0e
1e-
1e-
000.e
--2
.
abc
1.2.3
++1
e10
++1
1e+
1e
1ee2
abc
1e
1ee2
1e+
++1
e10
+
1ee2
1ee2
+
1ee2
1.2.3
1ee2
0e
1.2.3
e10
.
000.e
++1
abc
1e+
1ee2
-
1e
1.2.3
+
.
1e+
++1
1e-
1.2.3
1e-
1ee2
1e+
.
1e
1ee2
--2
abc
1e-
1ee2
1e-
-
-
0e
1.2.3
.
--2
e10
1e
1.2.3
1e
-
-
--2
-
1.2.3
0e
1ee2
.
1e-
-
++1
abc
--2
0e
1ee2
++1
000.e
.
+
+
1e
1e+
1e
.
0e
abc
.
000.e
1ee2
++1
e10
000.e
1e-
+
-
0e
1ee2
1e-
1e
--2
e10
+
abc
1ee2
++1
--2
1ee2
1ee2
+
-
0e
1ee2
abc
++1
000.e
1e
1e-
1ee2
1e+
e10
000.e
1e-
++1
000.e
.
-
000.e
e10
--2
1.2.3
.
-
-
+
.
000.e
++1
e10
0e
++1
0e
.
.
abc
e10
++1
abc
.
1e
1ee2
.
1e-
0e
1.2.3
e10
1e-
1ee2
++1
1e
+
1e+
1e
1e
0e
1e+
1e+
1e-
+
e10
e10
e10
1e-
1e
e10
.
1e+
-
000.e
0e
.
+
-
1e-
e10
--2
+
.
+
abc
abc
abc
.
0e
abc
e10
++1
.
+
abc
abc
e10
0e
1e
0e
+
1e+
++1
000.e
1ee2
--2
++1
abc
e10
0e
-
1ee2
000.e
000.e
.
abc
1e
0e
000.e
++1
e10
1ee2
1e
-
--2
1e+
--2
000.e
1e-
abc
+
1e
0e
000.e
--2
.
++1
0e
1.2.3
--2
000.e
--2
abc
1e
000.e
1e+
-
1e+
++1
000.e
e10
1e
1e
.
1e+
++1
0e
e10
-
1ee2
-
1e
0e
--2
++1
.
1e-
e10
1e-
000.e
1e+
1e
1e+
e10
1.2.3
--2
.
1.2.3
1e+
--2
1e
--2
1e+
e10
1e
+
e10
.
+
1.2.3
.
.
--2
--2
--2
.
1e+
0e
1e-
000.e
e10
.
.
+
-
--2
1ee2
-
0e
1e
--2
.
0e
++1
--2
-
1e
+
.
1.2.3
e10
1e
1.2.3
1ee2
.
e10
abc
+
1e
1e
--2
++1
--2
-
1e-
1e
1e+
0e
--2
1ee2
0e
1.2.3
.
-
++1
1e
1e-
1e-
0e
000.e
.
1e
1e+
1e+
1e
e10
000.e
1e-
1e-
+
+
--2
-
1e
1ee2
+
1ee2
1ee2
000.e
--2
1e-
abc
.
1e
1.2.3
1e-
1e-
1.2.3
-
++1
+
1e+
+
1.2.3
-
++1
.
1.2.3
--2
1e-
000.e
.
e10
0e
e10
-
-
1e+
1ee2
1e-
.
.
1e+
1e+
-
+
-
+
1e-
e10
--2
000.e
1e+
1ee2
1.2.3
1e
abc
1e
--2
-
1e
--2
1e
1e-
1e-
abc
++1
000.e
000.e
1e+
-
.
++1
1ee2
.
1e+
--2
0e
++1
1e+
.
000.e
+
-
.
e10
0e
++1
1e
e10
1e+
1e-
1ee2
--2
+
abc
abc
1.2.3
--2
e10
--2
1.2.3
++1
--2
--2
1.2.3
abc
000.e
1e-
+
--2
-
0e
1ee2
0e
1ee2
1e-
abc
1ee2
1e+
0e
abc
abc
+
e10
1e
--2
abc
1e
abc
1ee2
000.e
--2
000.e
.
e10
.
e10
1e+
-
1e
++1
++1
1ee2
++1
0e
1.2.3
--2
+
++1
+
.
1.2.3
000.e
1e
1e-
+
++1
++1
1.2.3
1e-
+
0e
1ee2
.
1ee2
1.2.3
++1
+
0e
abc
--2
-
000.e
e10
++1
1ee2
0e
e10
abc
--2
--2
1e-
1ee2
000.e
-
1ee2
--2
000.e
000.e
1.2.3
e10
e10
000.e
0e
.
1e
-
1ee2
000.e
+
1ee2
0e
1e
.
abc
e10
000.e
--2
-
1e
1e-
1e
.
e10
+
+
++1
-
1.2.3
--2
1e+
abc
--2
--2
1ee2
--2
abc
1e-
000.e
--2
0e
++1
1e
1ee2
1e+
1e+
0e
000.e
1ee2
abc
1ee2
1e-
.
1.2.3
abc
1.2.3
1.2.3
-
1e
.
1e-
000.e
1ee2
-
000.e
--2
000.e
1.2.3
1.2.3
1e
1e+
1e
abc
.
-
-
-
e10
--2
1e+
1e-
0e
1ee2
1e-
abc
1ee2
.
1e+
0e
+
abc
.
1.2.3
0e
000.e
-
1e+
e10
++1
-
1.2.3
1e+
1.2.3
++1
e10
abc
000.e
++1
++1
abc
++1
1.2.3
000.e
-
++1
0e
1.2.3
++1
1e
1ee2
000.e
.
+
-
++1
++1
-
1e
1e
--2
0e
abc
1e-
0e
1e-
--2
abc
1ee2
-
++1
1e
e10
.
+
-
1e-
1e
abc
0e
.
1.2.3
1e+
1ee2
1e
e10
e10
-
1e
1e
1ee2
abc
e10
1e
1e
e10
0e
1e-
0e
--2
-
1.2.3
1e-
1e
1e-
e10
000.e
1ee2
e10
+
--2
.
abc
++1
000.e
e10
--2
1.2.3
-
abc
0e
1e
abc
.
1e
e10
+
1e
abc
1e-
1.2.3
1ee2
000.e
+
000.e
-
abc
1e
0e
1e
-
1ee2
e10
1ee2
1e+
1e
1e-
.
-
+
1e
.
0e
1ee2
1e-
1ee2
abc
-
++1
1.2.3
-
1.2.3
1e+
-
+
0e
+
1e
abc
+
.
-
0e
abc
0e
1ee2
+
000.e
0e
e10
abc
--2
1e
abc
-
1e
1e+
.
1ee2
1ee2
000.e
+
.
++1
abc
+
1.2.3
++1
+
.
1ee2
0e
-
abc
++1
0e
1e+
+
1e+
1ee2
++1
1e-
1.2.3
1e+
1e+
1e+
1e
++1
.
.
++1
e10
1e+
1e
0e
.
1e
1.2.3
++1
1ee2
1.2.3
1e-
1.2.3
0e
--2
+
1ee2
abc
--2
000.e
0e
1e-
--2
1.2.3
+
1e-
1e-
-
1ee2
000.e
0e
e10
1ee2
e10
1.2.3
+
1e+
1e-
.
.
000.e
0e
1.2.3
.
1ee2
1.2.3
.
1.2.3
000.e
1e-
--2
++1
1.2.3
e10
1e+
0e
1.2.3
1ee2
1e-
000.e
abc
++1
000.e
1e-
.
1ee2
-
1.2.3
-
e10
abc
e10
1e+
1e
--2
++1
abc
++1
e10
.
e10
++1
-
e10
++1
1e
0e
++1
+
1ee2
++1
++1
0e
1e+
++1
+
0e
++1
1e-
.
+
+
+
-
000.e
1e+
0e
000.e
--2
e10
abc
-
000.e
1e
0e
abc
1e-
1e-
1e+
0e
-
0e
000.e
0e
1.2.3
1.2.3
.
+
1e
++1
0e
e10
-
.
-
1ee2
--2
1e
0e
1ee2
000.e
--2
.
++1
1e-
1.2.3
1e
-
-
e10
.
-
-
1e-
1e+
.
1.2.3
1e+
--2
abc
e10
.
--2
1e+
0e
1.2.3
++1
e10
e10
abc
abc
++1
--2
--2
1e+
0e
-
++1
000.e
-
1e-
.
-
e10
.
1e+
--2
1e-
.
1ee2
1e+
000.e
e10
000.e
--2
++1
-
000.e
1e+
1.2.3
--2
+
000.e
1.2.3
-
abc
++1
1e-
.
1e+
.
+
000.e
--2
0e
000.e
+
1e
++1
++1
-
-
1.2.3
-
++1
1e-
0e
++1
1e+
1e
.
0e
1e
--2
++1
abc
0e
+
1.2.3
abc
1.2.3
.
e10
abc
+
++1
1e-
++1
+
1ee2
1ee2
e10
e10
--2
0e
1e-
1e+
e10
e10
1e+
++1
000.e
0e
e10
1ee2
-
1e-
1e-
e10
.
++1
1e+
000.e
1e
.
1e+
0e
0e
-
1e
1e-
.
-
1e
++1
1.2.3
1e
1.2.3
++1
1ee2
1.2.3
e10
0e
--2
000.e
e10
1ee2
0e
++1
1e-
000.e
000.e
e10
abc
++1
1e
e10
1e
abc
+
.
1e
--2
+
1e+
1e-
1e
000.e
0e
0e
1ee2
.
--2
-
1e-
1.2.3
1e
1e
1.2.3
+
1e+
e10
-
0e
1e+
abc
-
++1
-
--2
000.e
+
.
1e-
+
1e
1.2.3
1e-
1e-
1.2.3
++1
0e
000.e
1.2.3
1e-
--2
e10
1.2.3
e10
1ee2
--2
1e+
000.e
1e
1e-
000.e
1.2.3
e10
1e+
.
000.e
0e
+
-
0e
1e
1e-
1e-
1e+
.
1e
--2
1e
1ee2
1e+
1e-
000.e
abc
++1
--2
000.e
abc
1.2.3
1e
+
-
1e-
--2
++1
0e
0e
--2
.
1e+
+
++1
000.e
++1
e10
++1
.
1e
.
e10
1.2.3
-
1e+
+
000.e
-
1e-
000.e
e10
1e+
abc
1.2.3
1.2.3
-
+
000.e
1.2.3
--2
1e
-
1e
-
0e
-
+
.
++1
1e
++1
1e+
1ee2
0e
--2
++1
e10
1ee2
+
--2
abc
--2
000.e
e10
abc
1e-
1e+
--2
e10
abc
1ee2
000.e
000.e
0e
.
e10
1e+
.
e10
.
++1
1ee2
+
1e
0e
000.e
1e-
0e
.
1ee2
e10
++1
1ee2
0e
-
000.e
--2
-
1e-
++1
1ee2
1e+
000.e
++1
0e
abc
.
1ee2
e10
-
abc
.
1.2.3
1e+
-
000.e
0e
--2
000.e
.
1e-
1e
--2
+
000.e
abc
1e
1ee2
1e-
+
1e-
1e+
--2
abc
0e
000.e
--2
--2
0e
1.2.3
-
1e
1e+
++1
abc
--2
-
abc
-
1e
1.2.3
1e-
--2
-
abc
000.e
-
-
1e+
e10
1e-
++1
1.2.3
++1
1e
1e+
0e
+
1e
.
000.e
1e-
1.2.3
0e
--2
1.2.3
1e-
1e+
abc
abc
000.e
--2
1.2.3
++1
.
abc
1e
++1
0e
1e-
abc
--2
1.2.3
000.e
.
+
+
++1
.
1.2.3
1.2.3
0e
e10
--2
1.2.3
+
000.e
abc
1e
++1
1e-
--2
000.e
1e-
.
1e-
+
++1
--2
-
1e+
000.e
0e
1e
abc
--2
++1
1e+
++1
1.2.3
1.2.3
1ee2
1e+
1.2.3
+
1e
1e-
1.2.3
0e
.
-
--2
e10
-
++1
+
--2
abc
e10
+
.
-
000.e
1e-
1e
e10
1e
--2
000.e
.
+
1ee2
1e
000.e
0e
+
1e
.
e10
abc
1e
.
0e
.
++1
.
++1
1e+
1.2.3
+
.
--2
000.e
1e+
1e+
e10
1e+
.
e10
++1
--2
--2
+
++1
0e
0e
+
++1
--2
--2
1e
1.2.3
1.2.3
-
1e+
1ee2
1e
-
1.2.3
-
-
1e+
+
e10
1e+
1e-
e10
000.e
1e-
abc
e10
0e
-
-
1e+
e10
-
1e+
-
-
1e+
.
-
1e+
.
1.2.3
-
0e
e10
1e-
.
000.e
1ee2
1e
abc
1ee2
+
e10
++1
1ee2
0e
1.2.3
e10
0e
1.2.3
.
e10
++1
0e
1.2.3
--2
1.2.3
1e-
.
1e-
abc
1e-
abc
000.e
++1
+
--2
abc
1e
1e+
000.e
1e+
1.2.3
abc
0e
.
1e
++1
1.2.3
1e+
0e
e10
-
+
0e
1e-
-
1e-
1.2.3
1e+
1e
0e
1e+
000.e
abc
1e
+
1e-
1ee2
1ee2
abc
1e-
1.2.3
000.e
000.e
++1
--2
--2
.
0e
abc
e10
000.e
+
abc
1e+
1e-
abc
1ee2
.
1e
-
0e
-
--2
1ee2
1e+
e10
1e-
1.2.3
1e+
--2
.
--2
abc
1e-
1ee2
1.2.3
+
.
1.2.3
1e
1.2.3
000.e
.
1e-
abc
0e
--2
+
1.2.3
1e
1e
.
++1
e10
0e
.
1e-
e10
1ee2
+
e10
abc
e10
e10
--2
+
--2
1.2.3
abc
1ee2
1e+
-
0e
abc
1.2.3
1.2.3
--2
abc
1e+
1e+
--2
000.e
0e
-
1ee2
1.2.3
.
++1
+
0e
1e+
--2
1ee2
e10
1ee2
0e
.
1e+
1.2.3
.
1e-
1.2.3
1.2.3
e10
-
1.2.3
1.2.3
0e
--2
-
++1
++1
000.e
1ee2
++1
e10
abc
e10
.
1e-
1ee2
e10
000.e
abc
1e-
+
1e+
0e
1e
abc
abc
1.2.3
+
++1
1e
e10
+
0e
abc
000.e
+
--2
.
1.2.3
.
1ee2
1e-
e10
.
1e-
+
1.2.3
e10
abc
abc
1.2.3
1e+
.
--2
-
1.2.3
-
e10
.
000.e
.
1e-
1e
1e
e10
-
e10
1.2.3
0e
1.2.3
1e+
1e
1e+
+
000.e
--2
1.2.3
1ee2
1e-
.
0e
1e+
.
-
-
+
1e-
--2
.
++1
+
1e-
-
-
++1
0e
-
000.e
+
+
+
-
+
1ee2
e10
++1
0e
--2
1.2.3
abc
-
++1
abc
--2
000.e
+
1e
1e
1e-
1ee2
1ee2
0e
abc
1e-
abc
1ee2
1e-
.
0e
1e-
--2
000.e
+
.
1e-
1e+
e10
1ee2
-
1e+
e10
e10
1e
e10
.
1e+
e10
1.2.3
++1
1e
1ee2
abc
1ee2
1e+
1e+
++1
0e
+
1e+
1.2.3
abc
1e
-
-
1e
.
1.2.3
--2
--2
1e
++1
abc
1e
1e+
abc
e10
--2
--2
1ee2
000.e
1e-
-
--2
1e
e10
1e-
--2
+
1e+
--2
1e+
000.e
1.2.3
1e
abc
1e-
0e
1e+
1ee2
++1
000.e
.
--2
1e+
1e+
++1
1e+
+
e10
abc
.
+
-
1.2.3
++1
++1
0e
+
-
000.e
1.2.3
e10
000.e
+
1ee2
abc
000.e
abc
--2
1ee2
0e
1ee2
1e+
1e-
+
1e-
+
1e
-
++1
+
1ee2
1ee2
++1
1ee2
1e
abc
.
1e+
.
e10
+
1.2.3
0e
1.2.3
.
abc
1ee2
1.2.3
++1
1.2.3
++1
+
.
1e-
+
+
0e
e10
++1
--2
0e
.
++1
-
--2
1.2.3
++1
1e-
1e+
1e-
+
1e
000.e
abc
1e+
0e
.
1.2.3
++1
--2
.
1e
0e
0e
+
--2
+
0e
0e
1e+
.
+
1e-
1e-
1e+
++1
--2
e10
e10
--2
1e-
0e
abc
1e-
-
1ee2
1e-
e10
abc
abc
1e
000.e
0e
000.e
e10
0e
0e
+
--2
+
1e
+
++1
+
e10
e10
++1
++1
.
1e
e10
1ee2
1e
1e
0e
000.e
-
1e
.
1.2.3
1ee2
--2
e10
--2
1.2.3
000.e
1e
++1
-
e10
1e+
.
+
0e
++1
-
1e+
-
0e
1.2.3
abc
abc
e10
000.e
++1
.
1ee2
--2
1e
1.2.3
1ee2
0e
1e
++1
-
e10
.
e10
1ee2
-
+
e10
1e-
-
++1
++1
1e
1ee2
abc
1.2.3
--2
1.2.3
1e
0e
1.2.3
000.e
abc
1e-
+
--2
++1
000.e
+
1.2.3
0e
1.2.3
1ee2
--2
1.2.3
0e
1e-
1.2.3
e10
abc
1.2.3
1e-
1e
1.2.3
--2
1e-
1.2.3
000.e
1e+
1e
++1
++1
1e
1e-
-
1e-
+
1e-
0e
++1
abc
1e+
0e
abc
-
1e-
--2
0e
0e
-
--2
abc
1e
1e+
0e
1ee2
--2
.
000.e
--2
1e-
-
+
1e
1.2.3
++1
++1
-
1ee2
1e
0e
e10
1e
1e
1e+
e10
.
+
abc
000.e
000.e
e10
1.2.3
1.2.3
e10
1ee2
0e
1e-
1ee2
1e-
+
++1
1e-
1e-
e10
1e-
0e
1.2.3
.
--2
.
1e+
1e
--2
0e
1e
1e+
0e
+
000.e
.
1e-
e10
1e+
abc
1e-
0e
1e-
1ee2
abc
-
1e-
1e+
++1
+
++1
--2
e10
++1
1e+
++1
1e
+
000.e
1e+
0e
.
0e
++1
000.e
1ee2
e10
000.e
1ee2
.
1e-
e10
1e-
1e-
e10
1e+
-
++1
000.e
e10
++1
0e
1.2.3
1ee2
--2
++1
e10
+
--2
1.2.3
.
1e
-
000.e
--2
1ee2
1e+
.
+
e10
1.2.3
0e
+
abc
-
.
1ee2
++1
000.e
abc
1ee2
000.e
1e-
1.2.3
1e
1e-
1e
-
-
--2
e10
+
1ee2
1e+
1ee2
-
++1
1e-
+
1e-
1.2.3
-
1ee2
1ee2
1e
0e
1.2.3
+
1e-
1e
-
000.e
e10
e10
+
--2
++1
1e
0e
1ee2
000.e
1ee2
000.e
0e
000.e
e10
abc
--2
e10
+
000.e
--2
1e
--2
000.e
--2
-
1e
1ee2
++1
-
abc
1.2.3
+
0e
+
000.e
1e-
.
1e-
.
abc
1.2.3
1e+
++1
e10
0e
0e
+
-
+
abc
e10
-
--2
-
.
e10
1.2.3
e10
-
-
1.2.3
1e+
--2
++1
--2
000.e
e10
--2
e10
1e
1.2.3
1e
++1
1e
0e
+
+
++1
1e-
++1
0e
--2
-
e10
000.e
1e-
+
abc
1ee2
1e-
--2
abc
1e-
++1
.
1e+
000.e
1e+
-
++1
++1
1e-
abc
1e-
1ee2
1.2.3
1e-
1ee2
.
1ee2
0e
1e+
e10
1e-
.
--2
1e-
1e-
abc
1.2.3
.
++1
abc
1ee2
+
+
+
+
1e
1.2.3
1e-
+
000.e
abc
--2
1e-
++1
++1
--2
1.2.3
--2
1e+
--2
000.e
.
+
1e-
-
+
1e
1ee2
--2
+
1ee2
-
--2
1e
+
000.e
000.e
abc
1e-
.
1e
-
++1
e10
1ee2
1e-
000.e
--2
e10
1e-
e10
++1
000.e
e10
1e
1.2.3
000.e
--2
1e
0e
1e
1e+
000.e
1e
.
++1
--2
1e
.
++1
.
-
1e
1e
1e
--2
0e
1.2.3
1ee2
--2
1e-
000.e
1ee2
--2
1.2.3
+
1e-
-
.
1e-
e10
.
1e-
1e-
1e
--2
1e-
000.e
1e-
-
000.e
-
-
1ee2
1e
0e
.
1e+
1e-
1e-
000.e
--2
1ee2
1e
1e
1.2.3
1e+
e10
1e
1e+
e10
--2
000.e
1e-
1ee2
++1
.
1e+
1e
.
1e-
abc
abc
--2
1ee2
e10
1.2.3
.
1e
e10
0e
-
++1
--2
++1
0e
-
abc
000.e
abc
e10
000.e
+
1e
1e-
1.2.3
0e
1e
1ee2
0e
0e
+
abc
1e-
1e
1e
abc
-
0e
e10
1.2.3
++1
abc
000.e
1e+
1e
++1
1e-
++1
1.2.3
0e
-
abc
1e-
.
1ee2
1e
e10
e10
.
e10
0e
-
1ee2
e10
-
e10
.
--2
--2
1e-
+
1e+
--2
1.2.3
abc
1e
0e
1e
-
0e
000.e
+
-
--2
000.e
1ee2
1ee2
++1
1ee2
1ee2
1e+
--2
1ee2
1e
abc
e10
-
abc
1ee2
.
+
000.e
000.e
000.e
-
1.2.3
1e
e10
e10
1.2.3
1e+
abc
--2
1.2.3
1e+
1ee2
+
-
1e
abc
1ee2
--2
1.2.3
e10
++1
1e
000.e
.
000.e
1ee2
abc
-
.
.
1e+
+
e10
-
++1
--2
.
1e-
e10
-
.
-
++1
000.e
.
000.e
0e
1e-
-
-
1e
+
1.2.3
abc
-
1.2.3
1e+
1ee2
.
0e
e10
000.e
1e-
++1
0e
1e-
e10
1ee2
1e
e10
++1
0e
1.2.3
000.e
abc
+
1.2.3
.
.
1e-
1e
1ee2
1ee2
1ee2
1.2.3
abc
++1
1.2.3
1e
abc
+
1e+
1e
1e
e10
.
000.e
000.e
--2
1e
1e-
0e
1e+
--2
1e+
1ee2
1e-
1e-
000.e
000.e
1e+
e10
+
1.2.3
1e-
000.e
-
.
-
1e
-
abc
+
-
-
1.2.3
+
000.e
--2
e10
000.e
.
1e
-
1.2.3
--2
1e+
1e-
000.e
abc
1.2.3
000.e
000.e
.
e10
--2
1e+
+
000.e
1e
1ee2
1e+
.
-
.
--2
1e-
0e
1e
1.2.3
.
abc
1e
++1
1ee2
e10
1ee2
+
1e
-
0e
abc
0e
abc
.
abc
+
1e-
e10
0e
1.2.3
000.e
++1
000.e
e10
--2
-
.
+
+
++1
0e
1e
e10
e10
abc
1e
0e
abc
abc
1e+
1e-
+
-
.
-
1e+
1.2.3
0e
0e
1e+
1.2.3
.
1e+
+
0e
1e+
.
.
1e
abc
1e
abc
0e
abc
e10
000.e
1e
1.2.3
++1
++1
1ee2
1e+
e10
0e
.
1ee2
1e
1.2.3
abc
1e
+
e10
++1
e10
e10
000.e
000.e
-
++1
abc
0e
e10
--2
1e+
1ee2
1.2.3
+
1e-
e10
++1
0e
.
.
1e-
0e
1e-
1.2.3
1e
e10
.
000.e
-
0e
1.2.3
1e
++1
++1
1e+
000.e
000.e
1.2.3
1ee2
++1
abc
1e
1.2.3
0e
1e
.
e10
-
abc
-
+
1e+
0e
++1
1e-
++1
abc
1.2.3
1e+
000.e
--2
0e
1e-
1e+
++1
.
++1
1e+
--2
.
1ee2
--2
000.e
1e+
0e
-
1e-
1e-
1e+
+
000.e
e10
-
.
1e+
+
.
1ee2
e10
++1
.
1ee2
e10
abc
000.e
1e-
1ee2
++1
1e-
0e
000.e
1e-
e10
-
1ee2
1.2.3
1.2.3
.
++1
++1
1.2.3
e10
.
+
1e+
1.2.3
abc
abc
1.2.3
e10
++1
000.e
1e-
1e+
0e
++1
.
-
0e
-
.
-
0e
1ee2
0e
1e+
.
1e+
--2
.
+
1ee2
000.e
1ee2
abc
1e+
1.2.3
abc
1ee2
1e+
--2
1.2.3
-
1e
++1
e10
000.e
abc
0e
--2
1ee2
--2
--2
1e+
e10
+
--2
0e
++1
1e
1e+
1ee2
-
1e
000.e
1e+
0e
1.2.3
+
1ee2
abc
1e+
e10
e10
-
1e-
1e+
0e
1e-
0e
++1
.
1e
++1
++1
000.e
++1
0e
++1
+
++1
1ee2
1.2.3
1e-
.
0e
+
1ee2
1e
-
0e
1e+
1e-
-
1e+
e10
-
1.2.3
--2
0e
++1
++1
.
1e-
++1
1e
+
000.e
1e+
0e
.
++1
abc
abc
000.e
1e-
+
1e+
1e+
1.2.3
-
1e-
1e-
1.2.3
++1
0e
1.2.3
0e
1e+
+
1.2.3
1.2.3
e10
abc
1e-
++1
abc
+
.
++1
1ee2
1ee2
abc
--2
-
000.e
0e
1ee2
1.2.3
0e
1.2.3
1e
--2
1e+
000.e
1e-
1e-
.
1e+
abc
1e-
-
1e
e10
+
+
abc
1e
.
+
1e-
1.2.3
000.e
1.2.3
++1
0e
.
1ee2
.
1e
+
abc
+
000.e
1e
e10
.
++1
-
1e-
++1
-
1.2.3
abc
000.e
+
1e-
.
--2
e10
--2
-
.
1e+
-
1e-
1e-
1e+
0e
.
++1
.
e10
abc
1.2.3
0e
1.2.3
1e+
-
000.e
0e
+
1ee2
1e-
e10
-
e10
+
0e
e10
--2
++1
.
.
1e-
0e
1e-
0e
.
0e
1e
-
abc
++1
0e
--2
1e
--2
0e
--2
e10
+
e10
++1
--2
0e
000.e
1e+
-
1e
0e
e10
1e
+
1e-
1.2.3
1ee2
e10
-
000.e
1.2.3
--2
--2
--2
1e
1e-
+
.
0e
++1
1ee2
1e
1e
1e-
++1
-
1ee2
1ee2
1e
-
++1
1e
1e
1.2.3
1e
--2
++1
-
--2
+
000.e
1e-
+
1.2.3
1.2.3
e10
+
1.2.3
--2
1.2.3
1ee2
++1
-
1e-
0e
++1
e10
abc
-
1e+
e10
abc
.
.
++1
1.2.3
1.2.3
1e-
1ee2
1e
000.e
abc
.
--2
+
e10
++1
--2
++1
1e
e10
1.2.3
++1
1ee2
+
1e-
e10
++1
.
+
.
++1
000.e
1ee2
e10
1ee2
000.e
e10
1ee2
--2
1ee2
1e
.
1e
--2
++1
-
1ee2
--2
1ee2
1e-
1.2.3
1e
--2
e10
++1
1e
++1
0e
000.e
.
1e-
--2
1e+
++1
1e+
.
1.2.3
1e-
abc
1e
1e+
--2
1e+
000.e
-
abc
1e+
1e
--2
1e
1e
++1
1e
000.e
+
--2
--2
.
1e+
e10
++1
abc
--2
++1
1e
--2
.
e10
abc
++1
1.2.3
--2
1ee2
0e
+
1e-
+
1e-
1e
--2
.
abc
000.e
abc
1ee2
000.e
--2
.
1e
.
abc
.
e10
0e
-
000.e
1e
1e
abc
+
+
1.2.3
1e-
000.e
1ee2
--2
0e
1e
1e
1e+
1e+
abc
1e
1.2.3
-
1e
++1
0e
+
000.e
1.2.3
-
1e
1.2.3
000.e
abc
1e-
--2
0e
e10
abc
1e
.
0e
1.2.3
1.2.3
abc
1e
1.2.3
1e
1e+
-
1ee2
1e-
++1
0e
1e-
000.e
abc
e10
000.e
--2
+
1ee2
-
.
e10
abc
.
+
1e+
++1
1ee2
1e-
.
-
0e
.
1e+
-
1e-
1e-
e10
000.e
1.2.3
1e
1e-
1ee2
1e-
1e
.
1ee2
abc
1ee2
++1
1.2.3
1e-
1e
abc
++1
--2
abc
--2
1e-
.
.
1e
1ee2
-
1e
1e
1e+
abc
-
0e
++1
--2
-
+
1ee2
e10
e10
1.2.3
1e
-
+
1.2.3
1e
1.2.3
1ee2
1e-
1.2.3
1e-
1e-
e10
0e
1e-
.
1.2.3
++1
--2
+
--2
1e+
1ee2
e10
1e-
++1
1e
-
1e-
000.e
1e-
++1
e10
++1
-
1e-
1.2.3
0e
e10
1e-
1.2.3
1e
1e+
000.e
-
++1
0e
+
1e
--2
1.2.3
1.2.3
1e-
-
000.e
1e+
.
000.e
1e+
000.e
0e
0e
.
0e
1ee2
+
0e
000.e
e10
e10
++1
1e
0e
1e
1e
abc
1e-
--2
-
1ee2
e10
e10
1e-
1e-
1e
1.2.3
1e+
-
1e
1.2.3
abc
1e+
+
--2
0e
1ee2
1e
1e-
000.e
.
1e-
abc
000.e
000.e
--2
1e
1.2.3
000.e
0e
-
e10
++1
abc
0e
1ee2
1ee2
abc
1ee2
000.e
000.e
.
1e+
1.2.3
1ee2
1ee2
1e
++1
--2
1e+
abc
abc
1e
abc
--2
000.e
1e-
e10
.
000.e
e10
1e-
0e
1.2.3
1e-
e10
1e
++1
1ee2
.
1e-
1.2.3
-
1e
e10
abc
e10
e10
1ee2
abc
++1
abc
-
000.e
.
abc
1e-
1.2.3
1ee2
0e
1ee2
000.e
1e-
1e+
000.e
e10
000.e
1.2.3
.
.
+
1e
++1
+
++1
-
--2
++1
++1
e10
1.2.3
1ee2
++1
1e+
abc
1e
+
.
1e
e10
+
000.e
.
e10
.
000.e
--2
abc
0e
abc
1ee2
1e
++1
1ee2
e10
1.2.3
+
++1
+
abc
--2
1e+
.
abc
0e
000.e
abc
e10
--2
1e+
e10
e10
abc
e10
.
0e
--2
1e+
1ee2
abc
e10
abc
-
e10
e10
--2
--2
-
--2
1.2.3
e10
000.e
1.2.3
-
000.e
-
1e
.
-
abc
1e+
.
1e-
1ee2
--2
1e
1e+
1.2.3
--2
--2
1ee2
0e
e10
-
--2
1e+
1.2.3
1e
000.e
1.2.3
-
1e-
1ee2
-
000.e
abc
--2
.
000.e
1e
1e+
1e-
+
--2
abc
abc
.
000.e
-
0e
abc
+
1.2.3
1e-
abc
0e
abc
1e+
1e-
0e
e10
.
--2
1ee2
abc
000.e
000.e
1.2.3
++1
1e+
000.e
1ee2
.
1.2.3
--2
1e
1.2.3
e10
000.e
abc
1e+
1ee2
1e+
1e-
1ee2
.
--2
1.2.3
1e
1e-
000.e
++1
abc
1e
1e
abc
--2
-
1ee2
1e+
1e-
abc
1e-
.
e10
e10
--2
-
1e+
--2
000.e
abc
1e+
1e+
.
1ee2
1e+
e10
++1
--2
1ee2
--2
1.2.3
1e+
abc
1e+
1e+
--2
++1
+
1e
abc
1.2.3
++1
1e+
+
.
+
.
1e
abc
000.e
--2
000.e
+
1e-
1e+
--2
1.2.3
.
+
++1
1e-
1ee2
0e
.
0e
000.e
abc
+
1e-
1e
+
1e-
.
1.2.3
.
1.2.3
abc
-
+
++1
.
1ee2
1.2.3
-
1e
1e
000.e
0e
1.2.3
+
1e
000.e
--2
--2
1e+
000.e
0e
1ee2
000.e
1e+
1e
+
1e
1e+
1.2.3
0e
abc
1e-
.
1e-
1ee2
abc
1e+
0e
1e
--2
++1
1e
.
1e-
1e
0e
1e-
000.e
1e-
1ee2
+
1e+
e10
000.e
1e-
+
e10
+
1e
--2
1e-
-
1e+
--2
1.2.3
000.e
+
1ee2
abc
1.2.3
++1
-
1e+
++1
1.2.3
.
++1
000.e
1e-
1.2.3
++1
e10
.
abc
+
e10
000.e
abc
1e-
1ee2
1e-
abc
abc
1e-
+
000.e
--2
abc
1e+
++1
1.2.3
1ee2
--2
1e
e10
1e-
000.e
0e
--2
1.2.3
1ee2
abc
1ee2
1.2.3
++1
0e
000.e
e10
e10
++1
.
1e
.
++1
.
000.e
1e
1e-
0e
000.e
1e-
0e
0e
+
0e
abc
abc
1e+
-
.
1e+
1.2.3
1e
++1
000.e
1.2.3
++1
0e
1e-
1e+
-
1.2.3
1e+
-
1e+
.
++1
abc
1e
1ee2
+
1ee2
000.e
-
1e
1e-
.
--2
e10
--2
+
1ee2
abc
0e
1e-
e10
.
++1
000.e
0e
1ee2
.
-
1e+
abc
--2
++1
+
1e+
++1
+
1.2.3
abc
1e
1e+
1.2.3
-
++1
0e
++1
1ee2
1ee2
--2
1e-
--2
++1
1e+
--2
e10
0e
--2
e10
.
1e-
000.e
1.2.3
e10
0e
1e+
+
000.e
abc
0e
-
+
000.e
1e
+
.
1e
-
abc
++1
1ee2
1ee2
-
000.e
--2
--2
1e+
1e
1e+
1ee2
1e
-
-
--2
1e-
0e
000.e
1ee2
e10
-
--2
1e-
1e-
1ee2
--2
000.e
1.2.3
-
++1
1.2.3
abc
-
++1
1e-
1e-
++1
1.2.3
abc
e10
000.e
-
000.e
1e
1.2.3
1e-
-
1.2.3
1e+
1e+
+
0e
e10
1e-
+
0e
-
+
000.e
+
.
1e-
1ee2
000.e
abc
1.2.3
+
0e
0e
1.2.3
e10
++1
1e+
e10
-
e10
000.e
abc
000.e
1.2.3
abc
1.2.3
+
0e
1e+
0e
0e
++1
--2
e10
--2
1e+
++1
--2
000.e
1e-
000.e
e10
1.2.3
1e+
1.2.3
0e
1e+
1ee2
.
1e-
1e+
1e
000.e
0e
1e-
1e-
1e-
+
1e
000.e
1.2.3
0e
1e
--2
+
++1
1e-
e10
.
abc
1.2.3
-
++1
e10
+
++1
++1
0e
1e-
.
abc
-
0e
++1
-
000.e
+
abc
1e+
1e-
e10
1e
1e
++1
1.2.3
--2
000.e
++1
+
1ee2
1e+
abc
--2
.
+
+
1e-
++1
0e
1.2.3
1e
1ee2
--2
0e
1e
1e
0e
abc
++1
--2
1ee2
0e
1e
1ee2
1e
+
+
.
1.2.3
++1
+
1e-
0e
.
abc
++1
1e-
+
e10
1ee2
-
+
1e-
e10
0e
1ee2
-
e10
++1
abc
+
1e+
1e-
--2
++1
+
-
1e+
1ee2
++1
.
1ee2
abc
1.2.3
--2
0e
e10
0e
1e+
+
1e-
e10
1e
1e
.
+
-
000.e
1ee2
0e
abc
0e
e10
1e
++1
+
0e
1.2.3
.
1e-
000.e
++1
--2
++1
1ee2
abc
1e
1e
-
-
1e+
0e
1ee2
0e
000.e
--2
abc
1ee2
1ee2
-
1e
--2
++1
e10
+
.
1ee2
.
1e
1e+
+
--2
abc
000.e
e10
+
1ee2
000.e
++1
1e-
abc
0e
1e+
1e
000.e
1e
--2
e10
1e+
1ee2
0e
++1
--2
1.2.3
-
+
--2
0e
--2
1ee2
0e
1e+
000.e
1e
000.e
1e-
1e+
000.e
e10
1e-
1e+
1e-
1e-
abc
e10
.
1e-
1e+
--2
+
abc
abc
.
1e
0e
000.e
.
+
1ee2
-
.
0e
1ee2
+
e10
1e+
e10
e10
1.2.3
e10
.
1e+
++1
.
-
1e-
e10
abc
1ee2
0e
.
++1
000.e
1e+
--2
1e-
--2
.
e10
.
1e-
--2
+
e10
1e+
-
0e
1.2.3
-
-
--2
+
++1
+
1e-
1e
1e
--2
e10
0e
e10
++1
1e-
++1
-
0e
+
1e-
++1
1e-
1ee2
1.2.3
-
+
e10
1ee2
-
abc
.
abc
0e
-
1.2.3
--2
-
++1
1e+
1e
000.e
1ee2
000.e
0e
e10
000.e
.
0e
-
0e
1e+
--2
000.e
e10
abc
1.2.3
1e
--2
000.e
0e
1e-
0e
1e+
-
0e
++1
abc
000.e
+
--2
1e-
abc
1e+
1ee2
abc
--2
1e
1e-
1.2.3
++1
1e
--2
abc
1ee2
-
1e+
++1
1e+
1e-
1e-
0e
1e
000.e
abc
++1
-
abc
.
e10
++1
-
abc
1e+
1.2.3
+
+
1ee2
.
.
1e-
+
--2
.
++1
0e
e10
1ee2
1ee2
0e
e10
1e
abc
1e+
--2
++1
-
1e
1e
+
e10
1ee2
1e-
++1
--2
1e
1.2.3
1e
+
--2
+
1e+
1e-
1.2.3
++1
1e
abc
--2
e10
.
abc
+
1e+
1e
--2
1e
abc
1ee2
.
e10
000.e
0e
e10
1ee2
1e
e10
--2
.
1.2.3
+
--2
.
1ee2
.
1e
1.2.3
1e-
abc
1e-
1e+
abc
1e
1ee2
e10
++1
1e-
1ee2
000.e
e10
1e+
1e-
1e
0e
-
--2
e10
1e+
1e-
1e-
-
e10
1e
000.e
++1
--2
000.e
--2
1ee2
1e
0e
1e-
1e
1ee2
++1
-
1e
1e-
1ee2
abc
1ee2
.
abc
.
1.2.3
--2
1ee2
.
e10
1.2.3
-
+
+
abc
1.2.3
1ee2
0e
0e
1e-
1ee2
.
1e-
1e-
1ee2
1e+
1e-
--2
++1
.
000.e
abc
e10
.
1.2.3
+
.
1e-
-
1e-
.
1ee2
000.e
+
-
e10
+
1e
000.e
e10
-
--2
1.2.3
1e+
1e+
1e
0e
1e+
1ee2
1.2.3
1e-
e10
1e+
abc
1e+
1e+
.
1ee2
1ee2
0e
+
.
+
--2
000.e
1ee2
1.2.3
abc
1e
0e
abc
1e
1e+
1ee2
1ee2
-
1.2.3
--2
+
0e
abc
1e+
.
-
.
1e-
abc
1e-
abc
1.2.3
+
-
.
1ee2
e10
1.2.3
1e
--2
e10
++1
++1
--2
1ee2
+
.
--2
000.e
.
000.e
--2
-
1e
-
0e
.
1ee2
1e+
1.2.3
0e
1e-
1.2.3
1.2.3
.
e10
1ee2
1e+
1ee2
e10
--2
-
1e+
+
--2
1e-
000.e
1ee2
1e+
e10
0e
.
--2
0e
abc
++1
--2
000.e
++1
1.2.3
0e
+
1e
.
--2
000.e
1ee2
1e-
1ee2
1ee2
+
1e+
000.e
1.2.3
++1
abc
1ee2
1ee2
1.2.3
e10
1.2.3
e10
1.2.3
.
1e+
+
abc
++1
++1
++1
-
1e-
1e+
000.e
1e
000.e
000.e
++1
--2
1ee2
1e+
--2
abc
1e
--2
1ee2
abc
abc
+
1ee2
1.2.3
++1
1ee2
-
abc
000.e
1e+
1e-
e10
abc
e10
000.e
0e
--2
1e
1e+
--2
--2
1.2.3
-
e10
000.e
1e
1e-
+
-
000.e
--2
abc
1ee2
+
1e
000.e
--2
1e-
0e
-
.
1ee2
--2
abc
1ee2
+
.
+
.
1e+
1e-
1ee2
abc
1ee2
e10
0e
+
--2
+
1.2.3
.
++1
++1
abc
.
abc
.
0e
0e
1e
1.2.3
e10
1e
1e-
1.2.3
--2
1e+
0e
--2
1.2.3
0e
1.2.3
-
1ee2
.
1.2.3
+
+
-
abc
.
e10
1e
+
--2
1e+
++1
1.2.3
0e
+
+
.
--2
e10
1e+
0e
1e+
0e
+
1e
1.2.3
abc
1e
0e
-
1ee2
++1
1e+
0e
++1
-
++1
1e+
e10
000.e
0e
+
1e
1e
000.e
1.2.3
++1
e10
-
+
1e
1e+
.
--2
1e+
000.e
--2
--2
++1
+
1e-
++1
1.2.3
1.2.3
1e
1e
1e
abc
-
+
1e+
1.2.3
1e
abc
1e
-
0e
e10
-
1ee2
0e
--2
1e
--2
1.2.3
1e
1e+
++1
.
0e
++1
+
+
-
-
0e
1.2.3
000.e
+
e10
e10
1e
1.2.3
000.e
--2
1e-
-
1e
1e+
000.e
1.2.3
abc
e10
0e
1e-
1e+
+
1.2.3
abc
abc
++1
e10
1e-
1e-
abc
-
+
++1
1e
+
1e
1e-
++1
000.e
-
1e-
.
e10
1e+
-
0e
e10
1e
1e
e10
1ee2
000.e
e10
000.e
1ee2
1e-
1e-
1e
++1
--2
.
+
1.2.3
++1
+
1e
e10
1.2.3
--2
abc
1ee2
.
.
e10
abc
.
1ee2
.
1e
0e
++1
1ee2
--2
e10
abc
1e-
000.e
e10
++1
000.e
abc
++1
1e-
-
1e-
0e
e10
1ee2
0e
0e
--2
1e
.
000.e
1ee2
++1
abc
0e
-
e10
1e-
--2
-
1ee2
1e-
.
e10
1e+
000.e
abc
1e-
-
1e-
000.e
++1
1e+
1ee2
1e-
--2
0e
1ee2
abc
abc
.
0e
abc
++1
e10
abc
e10
0e
1.2.3
.
abc
e10
1.2.3
e10
-
0e
+
1e+
+
1.2.3
1ee2
+
000.e
-
.
000.e
.
++1
--2
++1
1e-
1e-
1ee2
1e-
1ee2
e10
-
0e
+
0e
1e
+
abc
1e
+
0e
1e-
abc
--2
1e
+
+
1.2.3
--2
0e
-
0e
-
++1
000.e
1e
1e+
.
1ee2
1e+
1ee2
0e
.
-
1e+
e10
1e
.
1e
1e+
++1
++1
0e
1e
abc
e10
1ee2
+
.
000.e
1e-
1e
--2
--2
1e+
e10
++1
++1
-
1ee2
abc
+
1e
000.e
1e
1.2.3
1e
+
1e
000.e
0e
1e-
--2
-
++1
++1
0e
.
-
1ee2
e10
0e
1.2.3
1e-
++1
0e
-
-
e10
.
1e
1e-
e10
1ee2
1e
1e+
+
1e-
1ee2
1ee2
0e
000.e
1ee2
--2
0e
abc
1e-
1e
0e
++1
e10
1ee2
+
-
.
1ee2
000.e
++1
1e
1.2.3
1e+
1e
0e
e10
+
1.2.3
0e
1e-
+
0e
++1
e10
e10
+
1ee2
abc
-
1ee2
1ee2
-
1e+
abc
-
--2
abc
abc
1e
++1
.
+
.
1ee2
1e+
++1
--2
1.2.3
1.2.3
0e
+
--2
0e
++1
abc
.
--2
abc
1e
++1
.
abc
1e-
abc
-
1e-
1e+
1e-
1e-
1.2.3
-
000.e
1e-
-
e10
abc
000.e
1e+
1e+
++1
1e+
.
-
1e
-
1e-
++1
1ee2
000.e
1ee2
.
-
--2
abc
--2
1.2.3
1ee2
abc
-
abc
abc
-
1e+
1e
e10
1e+
1.2.3
--2
0e
.
-
.
1e
1e+
000.e
++1
0e
abc
++1
1e+
++1
abc
1e+
0e
0e
-
+
1e-
e10
++1
1e-
000.e
1e
++1
+
1e+
.
--2
000.e
1e
-
1.2.3
000.e
1e+
000.e
abc
-
abc
000.e
1e
--2
+
1e+
++1
+
1e+
abc
1ee2
abc
1e
e10
+
1.2.3
1ee2
--2
+
+
1e
+
-
abc
000.e
1.2.3
abc
1e-
1.2.3
abc
1ee2
1ee2
e10
1e+
1e-
-
++1
1.2.3
+
1e+
1.2.3
1e
++1
++1
--2
-
-
--2
000.e
1e-
.
1e
-
+
+
e10
1ee2
000.e
++1
1e
--2
++1
1.2.3
+
++1
1e+
e10
--2
+
-
abc
++1
1e-
000.e
1ee2
++1
1.2.3
++1
abc
+
+
e10
1e
-
+
1ee2
e10
abc
1e-
0e
++1
e10
--2
e10
-
0e
1e
-
1ee2
1e+
1e-
1ee2
-
+
.
1ee2
1e-
-
1e
1ee2
0e
000.e
abc
1.2.3
+
1.2.3
e10
-
abc
++1
1e
1e+
+
-
1.2.3
-
000.e
000.e
1e-
e10
1ee2
1e+
0e
1e-
.
1e
+
1e
-
1e-
000.e
1.2.3
--2
+
1e
000.e
1e-
1ee2
+
1e-
e10
1ee2
0e
-
1e+
1.2.3
1e-
-
1ee2
0e
e10
.
-
000.e
++1
.
1e-
1ee2
1e-
1.2.3
1e-
+
+
.
0e
1e+
1e
000.e
1e-
.
--2
1.2.3
1e+
++1
e10
.
e10
1e-
1.2.3
1.2.3
++1
0e
0e
1.2.3
--2
0e
+
.
1e+
e10
1e
e10
1e
1e
.
++1
abc
abc
1e-
1e-
e10
000.e
e10
e10
abc
++1
+
.
abc
1.2.3
000.e
e10
1e
.
+
--2
1e+
1e
++1
++1
+
.
.
1.2.3
--2
e10
0e
1ee2
1ee2
.
-
abc
--2
1e+
000.e
1e-
1.2.3
1e
+
++1
1ee2
1.2.3
000.e
e10
.
0e
++1
1e
e10
1e-
e10
abc
000.e
e10
abc
1ee2
1.2.3
1e+
--2
1e+
000.e
.
.
++1
000.e
1.2.3
1e
0e
++1
+
0e
1e
000.e
e10
-
.
1e+
abc
0e
1.2.3
000.e
0e
abc
1.2.3
-
abc
e10
-
.
-
++1
+
.
0e
abc
-
--2
-
abc
0e
1e-
abc
1e-
++1
.
1ee2
1ee2
--2
1e+
abc
+
.
abc
000.e
1ee2
--2
1ee2
1ee2
1.2.3
e10
.
.
1.2.3
1.2.3
e10
+
.
0e
-
1e-
e10
-
.
1.2.3
+
abc
abc
+
1e
.
--2
+
-
--2
0e
1e-
.
1e-
++1
1ee2
000.e
-
1e+
1e-
1.2.3
0e
++1
0e
000.e
0e
1e-
1e+
++1
.
e10
1ee2
.
1e+
e10
1e-
1.2.3
1ee2
1ee2
1.2.3
000.e
1ee2
000.e
1e-
1ee2
e10
1e-
.
+
-
000.e
000.e
1e
1e-
1e
-
000.e
-
000.e
--2
000.e
1.2.3
abc
1ee2
1ee2
1ee2
--2
.
1.2.3
0e
1e-
e10
1.2.3
++1
1ee2
1e-
.
1.2.3
000.e
0e
1.2.3
1ee2
1e
1e
--2
++1
1e+
+
e10
-
1e
0e
++1
e10
1e-
abc
++1
1e+
000.e
+
abc
1e-
1e
1e
e10
1e
000.e
++1
1.2.3
1e
1ee2
1.2.3
1e-
1e
1.2.3
0e
-
1ee2
--2
+
++1
e10
1ee2
0e
1e-
000.e
-
000.e
1ee2
1.2.3
+
1e+
000.e
.
1ee2
+
1e-
++1
1.2.3
e10
+
1e
0e
-
1e+
+
1e-
000.e
+
++1
+
1e+
1e+
0e
1e+
1ee2
abc
-
1e
+
1.2.3
1e+
e10
1e
1e
1e
.
1e-
1e
--2
e10
1ee2
1e
0e
000.e
abc
1e+
.
1e-
--2
000.e
1e+
--2
1e+
--2
1e
000.e
--2
++1
abc
1.2.3
1ee2
++1
-
.
0e
0e
-
abc
0e
1ee2
+
.
-
1e-
1e+
++1
+
--2
++1
-
++1
0e
-
0e
1ee2
.
++1
1e+
+
.
++1
--2
1e+
1e-
abc
abc
1ee2
1e-
1e-
-
+
000.e
.
.
--2
1.2.3
+
abc
1e+
1ee2
1.2.3
1ee2
1e+
1ee2
e10
1e+
--2
-
1e+
e10
000.e
1e+
000.e
e10
1e
--2
1.2.3
1e-
--2
000.e
.
++1
1e-
.
-
abc
1e-
1ee2
0e
.
e10
e10
e10
abc
-
++1
++1
000.e
1.2.3
1.2.3
.
1.2.3
e10
e10
1.2.3
-
1ee2
000.e
.
--2
+
000.e
.
.
1e-
abc
+
.
1.2.3
1e
e10
-
abc
1e-
e10
.
+
abc
1e-
++1
-
-
-
-
-
1e+
-
1e-
++1
+
-
-
abc
0e
1e-
1e
abc
1e
1e
000.e
--2
1e-
--2
abc
--2
+
--2
+
1e
1ee2
1e-
1.2.3
1.2.3
1e-
++1
1e+
1e-
1ee2
0e
1.2.3
0e
1e
abc
000.e
1e
abc
.
1e-
abc
1ee2
1.2.3
000.e
1e+
+
+
abc
000.e
-
1ee2
0e
1ee2
1e-
--2
0e
+
--2
+
1e+
+
000.e
1.2.3
--2
1.2.3
1e+
abc
1.2.3
1e-
abc
1e
.
--2
abc
1.2.3
+
+
1e+
1e+
1ee2
0e
1e
+
0e
-
1e
+
+
+
abc
1e
++1
e10
1e
1ee2
--2
1e-
-
1.2.3
+
.
--2
.
1ee2
1e+
000.e
1.2.3
e10
.
1e-
1ee2
0e
.
--2
++1
0e
1e-
000.e
1e+
++1
1e+
1ee2
1e-
abc
1.2.3
1e-
.
1ee2
++1
1ee2
000.e
+
1ee2
1e-
1ee2
0e
1e-
e10
abc
--2
abc
-
+
++1
abc
+
0e
1e-
1.2.3
++1
1ee2
1e+
1.2.3
.
1e
+
0e
+
+
1e-
1ee2
--2
abc
++1
abc
000.e
e10
.
000.e
1ee2
1e-
1.2.3
+
.
1e-
abc
e10
000.e
1ee2
+
1ee2
1ee2
.
++1
1e+
abc
1e+
-
abc
000.e
+
000.e
--2
-
+
.
+
1.2.3
.
.
1e
-
-
abc
--2
abc
++1
1.2.3
-
1e+
+
000.e
+
--2
.
e10
abc
1ee2
1ee2
000.e
e10
+
0e
abc
1.2.3
e10
--2
1e-
--2
+
e10
++1
e10
--2
1e+
1e+
++1
1.2.3
1.2.3
--2
0e
+
++1
--2
++1
-
1e+
1e-
0e
1e-
++1
1.2.3
1.2.3
abc
-
++1
1ee2
++1
e10
abc
-
1e
1ee2
1ee2
1e
000.e
1e-
+
0e
e10
.
+
0e
-
--2
1.2.3
1e+
e10
1e+
++1
1e-
0e
e10
e10
-
e10
-
-
e10
000.e
0e
++1
1.2.3
1e+
1e
+
.
-
0e
++1
1e+
000.e
--2
1.2.3
1.2.3
e10
1e+
abc
1.2.3
+
1e-
+
1ee2
abc
++1
e10
0e
++1
1e+
000.e
1ee2
1e
.
000.e
1ee2
1e-
++1
1.2.3
000.e
++1
1.2.3
1ee2
--2
1e
1e-
1e+
-
1e
1.2.3
1.2.3
1e-
++1
.
1.2.3
+
1e-
-
++1
--2
abc
1e+
1e
1.2.3
--2
1ee2
1e
1ee2
e10
1.2.3
+
1ee2
1e
1.2.3
1.2.3
-
1e-
--2
-
-
1.2.3
0e
000.e
--2
000.e
1ee2
1e
1e-
+
.
1e
abc
1ee2
.
1ee2
+
+
e10
0e
1ee2
1e
e10
abc
0e
1e+
e10
1e-
abc
1ee2
+
-
1e
1e-
++1
abc
1.2.3
1e
0e
++1
1ee2
1.2.3
+
1e-
++1
.
++1
e10
1ee2
--2
abc
1.2.3
0e
+
000.e
1e+
1e
-
e10
0e
000.e
1e-
e10
e10
e10
0e
+
1e-
1e
abc
1.2.3
1e+
abc
++1
+
++1
1e-
1e+
.
000.e
1ee2
1.2.3
abc
0e
--2
+
-
++1
e10
1e-
+
1.2.3
0e
e10
++1
1.2.3
.
abc
++1
000.e
1.2.3
--2
0e
abc
-
1e+
1.2.3
++1
.
0e
--2
.
1ee2
abc
--2
1e
e10
0e
abc
--2
-
000.e
-
++1
000.e
0e
1e
1.2.3
++1
0e
0e
1.2.3
--2
--2
-
0e
e10
000.e
+
1ee2
e10
e10
--2
1e-
abc
0e
1e+
--2
--2
++1
000.e
1ee2
1e-
.
.
-
1ee2
abc
e10
1e
1e-
-
.
.
abc
+
1e+
000.e
1e+
++1
1e+
1e+
.
--2
abc
+
1e+
1e-
1e+
1e-
--2
1e
000.e
1e-
0e
abc
e10
--2
1e-
abc
1e+
1.2.3
1e-
1.2.3
abc
0e
-
-
1e-
1e-
e10
e10
1e-
000.e
-
+
+
1e
-
1e+
1.2.3
1ee2
1e
abc
1e-
--2
--2
abc
1e
0e
.
1e-
++1
1e+
e10
e10
0e
.
+
e10
e10
1e
--2
abc
1e
--2
--2
.
--2
++1
0e
+
+
-
1e
.
1ee2
--2
e10
1e+
000.e
e10
0e
-
1.2.3
1e+
abc
-
1e
1e
++1
+
1e+
+
1e-
000.e
0e
1e+
-
1.2.3
1ee2
abc
1e-
1e
.
1e
1e-
e10
1.2.3
.
--2
-
--2
-
1e
0e
--2
1ee2
--2
000.e
abc
-
1e+
abc
abc
000.e
1e
1ee2
000.e
1e
0e
abc
e10
1e+
1ee2
1e
1e
1.2.3
1ee2
e10
1ee2
000.e
.
-
0e
1e+
e10
abc
0e
1e-
.
++1
1.2.3
1e+
1e+
1.2.3
+
.
-
++1
000.e
--2
1.2.3
+
1e+
1e
++1
1e-
.
abc
--2
1e
-
1ee2
1e
1.2.3
1.2.3
1ee2
1.2.3
abc
1e
+
1e
1ee2
1e-
--2
+
1e
--2
--2
1ee2
--2
000.e
-
.
e10
abc
--2
000.e
1e+
000.e
++1
1e+
++1
++1
--2
++1
-
000.e
++1
0e
e10
1e-
1.2.3
.
1.2.3
1ee2
++1
--2
1e-
++1
1.2.3
--2
1ee2
1e
abc
--2
abc
1.2.3
++1
1e+
1ee2
1e-
1ee2
++1
0e
+
1.2.3
1ee2
-
+
0e
.
0e
000.e
0e
+
+
0e
abc
e10
.
1e
++1
.
++1
1e
1ee2
1.2.3
e10
abc
e10
.
1ee2
abc
1e
000.e
+
1e
-
e10
--2
+
1ee2
--2
+
abc
-
+
1e-
1e
000.e
--2
e10
1ee2
+
1e+
1e-
+
0e
1.2.3
e10
0e
--2
.
0e
e10
1e
e10
1e
abc
.
1.2.3
1e+
++1
000.e
e10
0e
.
++1
++1
1ee2
-
e10
1.2.3
1e
--2
1e
abc
0e
.
--2
abc
--2
--2
000.e
1ee2
1e-
1ee2
1e
abc
1ee2
1.2.3
++1
1e-
e10
++1
1e-
000.e
abc
1e
1e
000.e
1e-
1ee2
1e-
0e
+
000.e
0e
1e-
-
1ee2
-
000.e
1e
0e
++1
1ee2
+
1e
e10
.
1e+
1ee2
1ee2
e10
+
1e
abc
1.2.3
--2
+
+
1e+
-
++1
abc
abc
abc
1.2.3
.
1e
--2
abc
1ee2
1.2.3
000.e
000.e
000.e
-
1e+
1e-
.
--2
e10
.
--2
1e+
+
.
++1
++1
++1
++1
1e
000.e
+
e10
1.2.3
1e
1ee2
1e-
e10
1e+
abc
.
-
e10
+
abc
e10
1e
e10
1ee2
1ee2
-
+
1e+
abc
abc
1e-
--2
--2
e10
--2
1.2.3
.
1.2.3
--2
e10
000.e
1e
+
++1
.
000.e
++1
e10
+
+
abc
e10
1ee2
1.2.3
1e-
abc
abc
1e+
--2
++1
-
+
000.e
++1
1e
.
abc
abc
.
1.2.3
1.2.3
-
-
1e
-
e10
000.e
--2
1ee2
1e-
--2
1ee2
e10
0e
1e+
1e+
.
1e-
-
+
.
.
.
1ee2
000.e
1ee2
e10
e10
++1
1e
++1
+
+
1e
0e
1e
--2
abc
000.e
0e
1e
1e+
.
-
1e
.
e10
1.2.3
e10
1e
abc
000.e
abc
-
1e+
0e
1e-
1e+
000.e
1.2.3
1e+
e10
+
1ee2
000.e
0e
1e
.
1e
e10
++1
1ee2
-
abc
1e-
.
1ee2
1e-
++1
1e-
-
1e+
++1
1e-
1ee2
-
--2
++1
e10
+
--2
++1
1e+
0e
.
e10
++1
--2
000.e
.
+
e10
1e
--2
1e
0e
1ee2
+
1.2.3
+
abc
1ee2
-
++1
+
0e
e10
1e-
++1
abc
abc
1.2.3
.
1ee2
1.2.3
.
1e+
.
1e+
abc
1e
000.e
abc
abc
000.e
0e
1ee2
1.2.3
1.2.3
+
--2
1e
e10
0e
0e
-
.
0e
0e
-
++1
e10
e10
0e
.
1e+
++1
1ee2
abc
1e
+
+
1.2.3
.
1ee2
--2
000.e
1ee2
1e-
++1
1e
0e
1e-
abc
--2
+
000.e
1.2.3
++1
000.e
abc
abc
000.e
0e
e10
1e-
e10
1e
1e
abc
1e-
1ee2
1ee2
1ee2
0e
1e+
1e-
1e+
abc
++1
+
e10
--2
0e
.
--2
++1
--2
abc
+
--2
1e+
1.2.3
++1
+
1ee2
1e+
1e+
abc
1ee2
000.e
1e-
--2
1ee2
1.2.3
abc
1ee2
1ee2
-
0e
000.e
.
000.e
abc
0e
000.e
-
abc
+
1.2.3
000.e
1ee2
+
0e
abc
1.2.3
1e-
1e
1ee2
-
1.2.3
--2
000.e
1e+
-
1e-
abc
000.e
-
-
-
.
-
1e+
++1
1e
e10
e10
abc
1e-
+
1e
000.e
-
1ee2
e10
e10
1ee2
000.e
1.2.3
+
1e+
.
1e+
++1
1ee2
.
1e-
1e-
1.2.3
1e+
0e
-
0e
1e+
1ee2
1.2.3
abc
+
1e-
1ee2
0e
.
--2
.
000.e
++1
-
--2
1.2.3
0e
1.2.3
--2
000.e
1ee2
1.2.3
--2
1e+
+
1e
1e
+
e10
-
+
1ee2
1e-
1e+
--2
1ee2
1.2.3
1e+
1e-
.
1.2.3
1e
1e-
1e-
++1
1.2.3
1e+
abc
--2
1e-
000.e
++1
1.2.3
-
1.2.3
+
1e
000.e
1.2.3
1e-
.
1e+
abc
1e+
abc
1.2.3
1e+
1e-
000.e
.
1e-
000.e
.
1e
+
1ee2
abc
--2
0e
+
1.2.3
1e+
-
e10
-
1e
1e
1.2.3
1ee2
1ee2
-
1.2.3
.
1ee2
1e+
e10
1e
1e
1ee2
1.2.3
1e
++1
--2
-
e10
1ee2
1.2.3
1.2.3
--2
1e+
.
e10
++1
abc
abc
++1
--2
000.e
++1
000.e
1e+
++1
e10
1.2.3
000.e
000.e
1e+
e10
abc
1ee2
1.2.3
1e
.
1e+
000.e
--2
1ee2
000.e
e10
.
--2
1.2.3
+
000.e
-
1e-
000.e
1ee2
abc
+
000.e
--2
++1
1.2.3
000.e
--2
1ee2
1e+
1e+
0e
++1
1e
1ee2
++1
1.2.3
++1
000.e
1.2.3
--2
e10
1.2.3
0e
0e
1e
.
1.2.3
000.e
.
.
-
abc
1e
000.e
abc
1e
1e-
1.2.3
e10
e10
abc
0e
000.e
000.e
--2
abc
--2
1.2.3
--2
1e
1e+
000.e
-
1e-
1e
+
000.e
1ee2
.
--2
0e
++1
--2
1e
abc
++1
e10
000.e
abc
-
1e+
000.e
e10
+
-
abc
1e+
++1
1.2.3
1e+
abc
-
+
-
0e
1ee2
1e+
e10
+
e10
+
.
1e+
+
1.2.3
+
--2
1e-
1.2.3
-
1e+
abc
.
--2
1e+
-
0e
000.e
000.e
++1
1e
+
++1
1e+
1e
++1
0e
1e
abc
1e-
abc
1.2.3
.
1.2.3
1ee2
.
--2
abc
1ee2
++1
--2
1e
abc
+
1e+
--2
1.2.3
1e+
e10
.
1e-
abc
1e+
--2
0e
1.2.3
0e
1ee2
1e
0e
1e
000.e
-
e10
+
-
-
1.2.3
1.2.3
e10
e10
.
+
-
--2
1.2.3
000.e
.
--2
--2
0e
e10
-
1e+
++1
1.2.3
1e
-
abc
-
1ee2
000.e
1ee2
abc
1ee2
1e
1e
0e
1e-
abc
1e
1e-
1e
1e+
1ee2
1e-
1e-
1e-
e10
1e+
1e-
1e-
000.e
0e
1.2.3
1ee2
--2
e10
1.2.3
0e
+
e10
.
1.2.3
+
1ee2
1e-
1e
--2
1e
e10
1e
1.2.3
.
0e
.
++1
000.e
1e
0e
--2
abc
1e-
++1
e10
--2
++1
abc
1e-
1e
1.2.3
1ee2
-
.
1e
e10
0e
000.e
1e
--2
--2
000.e
+
1e-
1e
1e
+
1.2.3
--2
abc
1ee2
1e-
000.e
1.2.3
abc
1e
++1
++1
-
1e-
e10
1e
abc
1.2.3
-
abc
--2
1e+
e10
++1
1e-
1e+
1e-
1ee2
1e
--2
abc
1e+
--2
+
1ee2
--2
--2
1e+
++1
1e+
1.2.3
1e-
.
+
1.2.3
--2
-
1.2.3
--2
1e+
abc
0e
abc
1e-
1e+
-
1ee2
1e-
1e+
1e+
1ee2
1ee2
1e+
-
e10
--2
-
1e-
000.e
1e
0e
abc
1e+
+
1.2.3
++1
1e-
1ee2
+
0e
1e
--2
1ee2
1e+
-
1e-
1.2.3
-
1.2.3
0e
+
--2
1e+
+
.
--2
+
--2
.
-
1.2.3
++1
+
1e
1e
1e+
abc
e10
e10
1.2.3
0e
+
1ee2
-
.
.
.
1.2.3
1e
1.2.3
1e-
+
abc
e10
1e
1e-
++1
1.2.3
1e+
1.2.3
--2
1e-
0e
--2
1e+
abc
1e
1e+
1.2.3
1e+
1e-
++1
1.2.3
1ee2
000.e
++1
-
abc
--2
1e+
-
1e+
1e+
1e+
1.2.3
-
1ee2
abc
.
-
abc
0e
.
1e+
1e-
.
e10
1e+
--2
1e+
1e+
1ee2
1ee2
abc
1e
e10
1ee2
1.2.3
-
+
000.e
-
++1
1e+
000.e
1e+
+
1ee2
1e-
000.e
1.2.3
-
000.e
-
0e
++1
1e-
1e+
1e+
1ee2
--2
+
1e+
+
1ee2
--2
e10
1e-
0e
1ee2
0e
1e
1e+
-
0e
.
000.e
+
000.e
-
abc
1.2.3
0e
000.e
+
1.2.3
abc
e10
e10
1e
1.2.3
e10
1e-
1e+
1e+
1ee2
--2
e10
000.e
++1
abc
+
--2
-
abc
000.e
0e
.
--2
+
++1
1e+
-
1e
abc
1ee2
1e+
abc
1.2.3
1e
--2
.
.
.
1ee2
+
1ee2
1e
1e
1e-
+
++1
1e
1e
1e-
.
abc
1ee2
1e
1.2.3
abc
abc
0e
abc
e10
--2
0e
++1
0e
1e+
++1
.
1e+
abc
++1
1e+
abc
.
1.2.3
1e
++1
-
+
0e
0e
1e+
abc
.
1e
e10
000.e
000.e
.
-
.
abc
-
--2
1.2.3
1.2.3
1ee2
+
--2
++1
1e+
1e
--2
++1
--2
++1
+
0e
0e
--2
e10
1e
1e+
1e+
1ee2
1e
1e-
++1
abc
1e+
1ee2
abc
0e
0e
1e-
1e-
++1
--2
1ee2
1e
1e-
1ee2
1e+
abc
1.2.3
e10
+
1e
1e+
e10
000.e
abc
0e
1e-
000.e
.
0e
0e
000.e
1.2.3
000.e
abc
--2
1e
abc
.
1e
1ee2
+
abc
.
1e+
000.e
--2
1e
.
abc
abc
++1
++1
1ee2
--2
1e-
1e+
1e+
1e
e10
0e
1e+
1e-
+
-
1.2.3
1e+
1e+
+
1e-
1ee2
1.2.3
e10
1e-
1ee2
1e-
e10
abc
+
e10
.
1e
e10
1ee2
--2
1e+
1e+
1ee2
1e+
-
+
++1
.
+
.
1ee2
abc
1ee2
abc
.
0e
1e
0e
1.2.3
0e
.
abc
1ee2
+
1e
-
1.2.3
1e-
+
e10
e10
-
1ee2
1e+
1.2.3
abc
e10
e10
1e+
.
--2
abc
++1
000.e
+
1ee2
000.e
++1
e10
1e
1.2.3
1e
1ee2
+
+
0e
1ee2
.
1ee2
0e
1ee2
.
e10
e10
1e+
1.2.3
++1
000.e
1e-
0e
1e-
+
1e+
1.2.3
1e+
1e+
1e+
1.2.3
+
000.e
--2
+
++1
++1
1ee2
-
0e
1.2.3
1e
++1
1.2.3
e10
000.e
1ee2
e10
.
000.e
1ee2
++1
--2
1ee2
1.2.3
.
e10
000.e
0e
abc
1ee2
1ee2
0e
e10
+
1e-
1e+
e10
1ee2
.
--2
000.e
000.e
1e+
1ee2
000.e
+
abc
-
000.e
1e+
1e-
abc
-
++1
000.e
--2
1e+
1e
1e+
0e
1e
++1
000.e
++1
-
1e+
++1
1.2.3
0e
abc
abc
1e+
abc
++1
000.e
--2
-
1e+
--2
+
.
-
1e-
0e
000.e
1e+
e10
-
1ee2
-
abc
--2
--2
1.2.3
-
1e
1.2.3
e10
abc
0e
1e
abc
1e
++1
+
abc
--2
0e
-
-
0e
1.2.3
.
1e+
++1
--2
1e-
0e
--2
000.e
1e-
000.e
0e
000.e
1ee2
1e+
e10
-
1e-
e10
.
0e
-
1e
1.2.3
--2
1ee2
000.e
+
1.2.3
--2
.
1e+
1e
1.2.3
.
e10
-
e10
+
1e-
0e
1e+
000.e
++1
0e
1ee2
+
1e-
+
-
1e+
1e
++1
1e+
e10
1ee2
1e+
abc
--2
-
1ee2
1e+
abc
+
1ee2
abc
000.e
abc
++1
000.e
000.e
+
0e
1ee2
1e
--2
0e
+
1e-
000.e
1e
++1
1e
abc
000.e
--2
1.2.3
000.e
abc
000.e
1e-
.
--2
0e
-
-
+
1e
++1
0e
0e
++1
++1
1e+
1e+
1.2.3
--2
+
1e-
e10
1.2.3
++1
1e
++1
++1
1e-
abc
++1
1ee2
1e+
000.e
abc
e10
0e
1e-
1e+
1ee2
++1
.
+
1.2.3
1e+
1e+
.
++1
1e+
1e+
0e
abc
-
+
0e
abc
abc
000.e
abc
1e-
-
--2
1.2.3
e10
000.e
1e
0e
abc
+
+
0e
0e
1ee2
+
++1
1ee2
+
1e-
000.e
.
+
0e
000.e
1e
1e+
1e-
1e-
+
1e+
.
1e+
-
+
1e+
1.2.3
--2
+
0e
1.2.3
000.e
1e+
000.e
000.e
-
1e-
1.2.3
abc
abc
abc
1e+
--2
--2
0e
--2
-
e10
0e
+
1.2.3
+
1ee2
000.e
abc
1.2.3
1e-
++1
0e
1e+
000.e
+
abc
0e
--2
e10
--2
1e+
abc
-
--2
e10
1e
0e
e10
1.2.3
--2
000.e
.
1.2.3
+
0e
1e-
1ee2
1.2.3
1.2.3
e10
1.2.3
1e-
abc
++1
abc
1ee2
1ee2
--2
1ee2
1.2.3
+
1ee2
e10
1e
-
++1
1e-
1.2.3
1e-
0e
0e
1e+
++1
++1
1e-
1e
--2
abc
1.2.3
-
1e-
1e-
1.2.3
000.e
1.2.3
1.2.3
1e
0e
+
abc
-
-
1e+
1ee2
1.2.3
e10
000.e
1ee2
0e
-
1e
000.e
000.e
-
+
1e
abc
abc
++1
1e-
e10
000.e
+
1.2.3
abc
--2
1e-
++1
1.2.3
+
abc
+
1e
+
1e+
1e-
1.2.3
-
1.2.3
1e
1e
+
1e
.
1e-
1e+
1e
1e
e10
abc
-
--2
-
+
.
-
-
.
--2
e10
+
++1
0e
1e
e10
1e
000.e
1e
1ee2
1e+
0e
+
-
1e
.
1e
0e
1e
1e+
1e-
1e
1e+
1e+
1e+
1e
-
+
-
1.2.3
1e+
--2
.
1.2.3
++1
++1
-
.
000.e
--2
++1
+
1e-
.
1.2.3
1e-
++1
0e
+
1e-
++1
1.2.3
--2
1e+
e10
1e
1.2.3
-
1e
1e
e10
abc
1e-
0e
.
000.e
1e-
abc
1ee2
000.e
e10
000.e
000.e
1e
1e+
1e-
abc
1e
1e-
++1
0e
1e+
.
1e+
000.e
1e-
1.2.3
1e-
.
000.e
000.e
++1
1e+
1.2.3
0e
1e+
1.2.3
.
-
0e
0e
abc
-
++1
abc
abc
e10
--2
1e-
abc
1e
1e+
1e-
abc
.
1.2.3
+
+
.
+
e10
0e
1.2.3
e10
abc
+
++1
abc
1ee2
-
e10
--2
1ee2
e10
1e
1e+
1e-
1e-
e10
.
+
--2
+
0e
++1
000.e
1.2.3
++1
000.e
0e
1.2.3
1e
000.e
000.e
++1
1e+
1e-
000.e
--2
.
+
--2
abc
1.2.3
1e
1e-
1ee2
.
-
+
1e
1e-
e10
abc
1.2.3
1e
1ee2
.
-
0e
-
1ee2
-
-
-
1ee2
1e-
0e
abc
abc
++1
0e
1.2.3
.
1e+
++1
1e+
++1
--2
1e
-
++1
0e
++1
--2
.
1e
e10
1e-
000.e
1.2.3
000.e
1e+
--2
abc
e10
--2
abc
-
++1
1e+
1e
1e
abc
1e
1e
0e
1ee2
0e
1ee2
1e+
abc
e10
1.2.3
1e
000.e
-
000.e
1e-
1e
1ee2
.
+
.
e10
e10
abc
+
++1
0e
1.2.3
1e-
++1
-
abc
0e
--2
1.2.3
e10
000.e
1e-
1e-
++1
e10
abc
1ee2
0e
++1
1e+
1.2.3
e10
e10
1e
-
.
0e
-
abc
000.e
1e-
--2
abc
1.2.3
+
-
1ee2
0e
.
e10
000.e
1.2.3
000.e
.
+
1e+
+
0e
+
1e+
1e-
000.e
1e
abc
0e
.
+
.
e10
abc
abc
1e
0e
1.2.3
.
1e
-
0e
++1
-
++1
.
1ee2
e10
--2
1.2.3
-
1ee2
000.e
-
+
000.e
-
000.e
1ee2
1e+
.
abc
+
1e-
--2
.
-
.
-
0e
abc
1e
000.e
0e
-
abc
.
--2
.
+
1ee2
000.e
++1
1ee2
--2
1.2.3
000.e
0e
000.e
1e+
.
1.2.3
1.2.3
-
e10
1e
--2
0e
+
-
1.2.3
1.2.3
+
1e+
--2
1.2.3
-
+
1e-
-
--2
1.2.3
000.e
1e
1.2.3
++1
000.e
0e
+
--2
.
1ee2
0e
--2
1ee2
e10
abc
000.e
1ee2
-
.
--2
++1
1e-
.
1e+
1.2.3
1e
+
1e+
1.2.3
e10
--2
--2
-
1e+
-
.
1e+
0e
1e
1.2.3
000.e
1ee2
--2
abc
1e+
1e
+
--2
1e-
1.2.3
.
1e-
1e
0e
--2
1e
abc
1e-
abc
--2
1e
--2
1e
.
e10
1e-
1e+
1.2.3
+
1e
abc
0e
0e
abc
-
1e+
--2
1ee2
-
1.2.3
1e+
0e
abc
+
1e
1e+
+
+
abc
0e
1ee2
1e+
-
1e
000.e
e10
1.2.3
.
1e-
000.e
++1
1.2.3
.
0e
1e
1e+
e10
++1
-
1e-
1e
0e
abc
--2
1.2.3
abc
e10
1ee2
000.e
.
1e
0e
e10
.
+
000.e
1e+
--2
+
++1
++1
.
1ee2
abc
abc
1e-
1ee2
++1
1ee2
-
1e+
.
1e
++1
e10
--2
-
--2
1ee2
1e-
+
000.e
-
1e-
e10
1ee2
0e
--2
++1
++1
++1
--2
abc
++1
1e
+
.
0e
1ee2
+
e10
1ee2
1e-
1e
--2
1ee2
-
abc
000.e
++1
+
-
++1
-
-
--2
1e-
.
++1
+
1.2.3
0e
-
1ee2
abc
--2
1e+
000.e
1e+
.
.
abc
1e
.
000.e
1e
+
abc
++1
abc
000.e
000.e
1e+
--2
+
e10
-
--2
-
1e
-
+
abc
-
1e-
1e
1e-
1e
++1
000.e
-
-
1ee2
0e
.
--2
+
1e+
1.2.3
--2
1ee2
++1
1.2.3
e10
e10
abc
--2
abc
++1
1e
1e+
000.e
++1
1e-
--2
1e+
1.2.3
+
--2
.
-
++1
0e
1e-
1.2.3
1e+
000.e
0e
.
++1
1e
1e-
-
000.e
.
1ee2
-
+
e10
-
1e
e10
-
000.e
++1
1ee2
000.e
1ee2
1e-
e10
000.e
1e
1e+
-
abc
1.2.3
--2
--2
1e-
-
e10
1.2.3
1ee2
0e
000.e
000.e
--2
.
-
e10
++1
1e-
--2
--2
1.2.3
0e
1e+
1e
++1
1e+
.
1.2.3
e10
1ee2
1e
++1
1e+
1ee2
1ee2
++1
1e+
000.e
1ee2
000.e
abc
++1
-
-
+
1e+
+
e10
1.2.3
000.e
000.e
--2
1.2.3
1ee2
1.2.3
abc
--2
1e
1e-
+
abc
1ee2
1ee2
000.e
0e
0e
000.e
1.2.3
0e
-
1e-
1ee2
++1
1e
1.2.3
1e-
1.2.3
1ee2
1e
000.e
e10
1ee2
1e-
1e-
1ee2
000.e
e10
.
1e+
e10
1ee2
--2
1e+
++1
1ee2
1e-
-
1ee2
++1
1e-
--2
0e
1e+
+
1e
1e
1ee2
1e
abc
+
.
000.e
+
++1
--2
0e
--2
0e
1e
1.2.3
+
1.2.3
1e+
1.2.3
++1
-
1ee2
1.2.3
+
abc
000.e
e10
0e
1e
000.e
1.2.3
000.e
1.2.3
1e
1e
.
.
.
+
+
1.2.3
++1
--2
1ee2
.
1ee2
++1
--2
1e
++1
000.e
-
0e
000.e
1ee2
-
--2
1e+
.
1e-
1e+
e10
+
++1
-
0e
++1
+
0e
1ee2
000.e
1.2.3
1ee2
.
abc
++1
1.2.3
0e
+
1e+
1ee2
--2
-
1e+
++1
1e+
++1
--2
000.e
1e
--2
++1
e10
0e
0e
abc
000.e
1e+
1e-
--2
++1
1e
0e
1.2.3
+
1.2.3
1ee2
e10
--2
000.e
000.e
1.2.3
1.2.3
.
abc
1e+
++1
1e+
1e+
000.e
+
1e+
--2
--2
1ee2
1e-
abc
1e
++1
0e
++1
++1
e10
++1
+
1ee2
1e
abc
--2
.
1ee2
1e+
1ee2
--2
1ee2
--2
--2
1.2.3
+
1ee2
1e
-
000.e
0e
e10
000.e
1e-
-
000.e
.
1e-
e10
0e
++1
1e-
++1
abc
1ee2
000.e
0e
--2
+
.
++1
--2
+
++1
1e
1e
0e
--2
1.2.3
abc
1e+
++1
.
.
1e-
+
000.e
1e+
+
1.2.3
1e-
.
-
1e+
000.e
-
--2
1e-
e10
abc
1e
abc
0e
--2
1e
1.2.3
0e
e10
1.2.3
++1
1ee2
1e
+
1e-
.
+
1e
e10
++1
000.e
1ee2
1e-
++1
1ee2
1e
0e
-
++1
abc
1e+
1e-
1.2.3
1e+
000.e
.
1e-
1e+
.
e10
abc
e10
1.2.3
1e
-
+
0e
--2
1ee2
1e-
1.2.3
e10
1ee2
1.2.3
1.2.3
1.2.3
1ee2
1e-
1.2.3
+
--2
1e-
.
++1
0e
e10
--2
1e
000.e
1e
000.e
++1
++1
0e
1e-
.
1.2.3
000.e
.
1e+
1e
1.2.3
++1
1e-
abc
e10
e10
000.e
+
1e
++1
+
--2
-
1e-
-
1e+
1e-
1e-
--2
1e
++1
000.e
000.e
+
1.2.3
-
000.e
abc
-
000.e
.
1.2.3
e10
--2
e10
1ee2
1e
1e
1ee2
.
1ee2
1e+
1e+
1e+
000.e
1e+
1.2.3
abc
-
0e
1e-
1ee2
1ee2
abc
1e
0e
1e+
0e
1ee2
abc
1.2.3
1ee2
e10
1e+
.
1e
1ee2
000.e
--2
1e-
+
1e+
1.2.3
1.2.3
000.e
1.2.3
++1
++1
abc
+
+
1e+
--2
1.2.3
0e
e10
e10
e10
e10
1ee2
000.e
.
1.2.3
++1
1e-
+
1e-
1ee2
1e
1ee2
e10
-
abc
e10
++1
1ee2
--2
1e+
--2
--2
+
0e
abc
+
1.2.3
abc
e10
000.e
1e
--2
e10
1e-
--2
+
++1
++1
--2
1e+
++1
.
+
1.2.3
.
.
++1
1ee2
1ee2
-
1e
000.e
--2
e10
1e-
+
.
0e
1e
++1
--2
+
abc
1ee2
--2
1e-
+
+
000.e
1e-
++1
.
++1
+
1e+
++1
--2
e10
1.2.3
++1
1e
--2
e10
--2
abc
abc
+
--2
-
-
1e-
000.e
000.e
1.2.3
000.e
1ee2
000.e
.
000.e
1ee2
0e
e10
000.e
1e-
1e+
-
0e
0e
-
1e-
1e+
--2
-
1e
abc
000.e
1.2.3
++1
-
--2
1e-
+
1e+
1.2.3
-
.
1e-
--2
0e
.
++1
1e+
e10
.
+
-
1.2.3
abc
--2
+
++1
000.e
1e-
1e+
1ee2
1e
1.2.3
000.e
0e
1.2.3
1e
1.2.3
.
000.e
abc
1.2.3
1ee2
++1
1e
1ee2
1.2.3
.
.
e10
+
1e-
e10
+
+
1e
1e
1e
+
+
abc
1e+
1e+
1ee2
0e
++1
--2
000.e
1e+
000.e
000.e
1.2.3
e10
e10
1e
.
1e+
.
1e+
--2
++1
-
1ee2
-
abc
0e
--2
1ee2
0e
1ee2
-
+
000.e
-
e10
++1
.
0e
1.2.3
-
1e+
--2
1.2.3
1e
+
1e
1ee2
-
0e
1ee2
+
1ee2
1e
abc
e10
-
--2
--2
000.e
1e
1e+
abc
--2
e10
e10
1e-
000.e
++1
++1
0e
1e+
1e
1.2.3
++1
1.2.3
1.2.3
1e-
--2
-
-
--2
+
0e
abc
1ee2
+
abc
e10
1e
1e+
--2
++1
--2
1ee2
++1
1e+
-
1e
-
1e+
0e
abc
0e
abc
abc
0e
.
1e-
1e+
1ee2
abc
+
1ee2
++1
++1
1e
e10
1ee2
1.2.3
1e+
e10
e10
0e
e10
1e+
++1
1e+
-
.
--2
.
1ee2
1e+
-
.
1.2.3
e10
1.2.3
1e
+
0e
--2
1ee2
000.e
1e+
--2
0e
.
e10
1ee2
1e-
++1
1.2.3
++1
+
abc
-
1ee2
000.e
--2
++1
++1
++1
++1
0e
--2
0e
1ee2
e10
e10
+
1e-
abc
abc
0e
0e
1.2.3
abc
+
1ee2
1e
++1
1e+
1e
+
1e
++1
++1
+
1.2.3
e10
e10
1e-
1.2.3
e10
--2
1e
1e
e10
++1
-
1e-
-
1e+
1.2.3
.
1ee2
e10
--2
abc
++1
.
.
+
++1
--2
1e
--2
1ee2
000.e
--2
--2
+
-
000.e
000.e
000.e
abc
+
1e
1e+
e10
-
1.2.3
.
abc
.
1.2.3
0e
1ee2
1e-
abc
1e
++1
000.e
e10
-
e10
++1
1e
e10
0e
--2
1ee2
000.e
1e
.
.
+
1.2.3
1.2.3
0e
1e
-
1e+
e10
1ee2
abc
0e
0e
abc
--2
--2
+
--2
--2
abc
-
0e
.
1e
1.2.3
1e-
abc
e10
.
--2
1e-
000.e
+
000.e
000.e
0e
1e
0e
1ee2
abc
++1
++1
e10
.
++1
e10
1e-
1e-
0e
-
++1
0e
1ee2
1e+
+
.
1ee2
1e-
++1
1e+
1ee2
+
++1
abc
1e+
1e+
0e
1.2.3
1ee2
1e+
1ee2
1.2.3
1e
1e+
++1
-
++1
e10
abc
1e
1e+
+
++1
+
1e+
1ee2
1.2.3
.
1e
0e
000.e
1e+
1ee2
+
1e-
1e-
0e
000.e
.
000.e
-
--2
1.2.3
0e
1.2.3
1.2.3
1ee2
-
e10
e10
1.2.3
1e
--2
1e-
1e-
1e-
1e-
--2
1e+
000.e
++1
-
.
++1
+
1.2.3
1e-
abc
0e
e10
1.2.3
e10
e10
0e
++1
1e-
1e
1e
1e+
abc
-
1e+
--2
++1
1e+
1e-
1e+
-
1e
0e
000.e
000.e
0e
000.e
.
0e
+
1.2.3
1e-
.
++1
e10
abc
++1
abc
++1
1e-
1ee2
1ee2
e10
-
000.e
.
1ee2
-
+
1.2.3
1e
1ee2
000.e
1e+
1ee2
000.e
e10
+
.
000.e
-
-
1e
abc
++1
e10
1e
+
1e-
1e
000.e
0e
1e
abc
1e+
1ee2
1e-
++1
+
++1
+
000.e
0e
1.2.3
000.e
-
abc
000.e
--2
-
1.2.3
+
-
000.e
000.e
0e
1e
+
e10
e10
++1
abc
1.2.3
abc
+
e10
1e-
1e
1.2.3
1e-
+
abc
--2
--2
1e-
000.e
1ee2
1e
1ee2
000.e
++1
++1
.
+
.
+
1.2.3
-
1e-
1ee2
--2
.
abc
abc
1e
-
000.e
-
abc
1e-
1.2.3
1e-
1e+
1e
-
e10
1.2.3
e10
-
0e
e10
abc
--2
-
+
e10
1e
--2
0e
e10
-
+
1e+
--2
--2
0e
1.2.3
1ee2
0e
1ee2
1e
1ee2
++1
1e+
0e
--2
.
e10
e10
1e
000.e
abc
1e-
++1
--2
1.2.3
e10
1e-
1ee2
1.2.3
000.e
--2
--2
1e+
--2
.
0e
abc
0e
1.2.3
++1
++1
1e
+
1e-
1ee2
.
abc
.
++1
++1
+
++1
1.2.3
0e
1.2.3
1ee2
0e
1.2.3
abc
1e
abc
-
-
e10
1e-
++1
.
abc
1e
1e-
000.e
-
0e
.
abc
+
1ee2
.
000.e
+
1e
1e-
.
1e-
++1
1e-
1.2.3
.
000.e
++1
--2
0e
abc
1ee2
e10
0e
1e+
e10
--2
-
.
++1
-
1e-
1ee2
.
0e
abc
1e+
1e
000.e
++1
000.e
--2
e10
.
1.2.3
1e-
-
++1
.
0e
.
1.2.3
.
1e+
+
1ee2
0e
1ee2
.
0e
1ee2
1e+
abc
+
-
+
1.2.3
1.2.3
--2
-
abc
1e+
0e
-
+
0e
1e+
1e+
+
++1
0e
abc
e10
abc
--2
++1
+
abc
-
e10
.
.
.
0e
e10
1e+
++1
+
000.e
e10
1e+
1e
1e-
0e
e10
000.e
1e-
e10
0e
0e
--2
abc
--2
1e-
--2
.
++1
.
1e+
-
1e
1e+
.
1e-
--2
++1
.
+
-
e10
000.e
++1
000.e
1.2.3
1e+
abc
000.e
0e
1.2.3
000.e
abc
1e
e10
.
0e
-
--2
--2
0e
0e
+
++1
.
-
e10
--2
1e-
++1
e10
e10
abc
-
1ee2
.
e10
abc
e10
.
--2
abc
e10
1.2.3
e10
.
abc
1ee2
--2
++1
1e
e10
1e+
000.e
0e
e10
--2
1e
+
++1
000.e
1e
000.e
1ee2
1e
000.e
abc
1ee2
1e
.
e10
0e
000.e
+
+
.
--2
e10
++1
1.2.3
1.2.3
1e-
1e-
1e-
e10
1.2.3
e10
1.2.3
0e
000.e
1ee2
000.e
-
++1
1e-
1e-
1.2.3
++1
1e-
--2
.
e10
1ee2
-
--2
.
e10
1e-
000.e
1e
.
e10
-
abc
++1
0e
--2
0e
--2
+
0e
abc
1e+
1ee2
-
++1
+
0e
1.2.3
1.2.3
++1
1e-
-
1.2.3
0e
1ee2
-
.
1e-
abc
++1
1e-
1e-
1e+
e10
1.2.3
--2
1.2.3
1ee2
+
1e
0e
e10
1e+
++1
+
1.2.3
-
++1
e10
1e
0e
1e-
0e
.
e10
abc
000.e
1ee2
--2
0e
1e+
1.2.3
--2
++1
1.2.3
+
e10
1e+
e10
.
+
.
e10
.
1e+
abc
-
++1
-
++1
1e-
1e+
1ee2
abc
++1
e10
0e
abc
1.2.3
.
++1
--2
1e+
1e+
-
1e-
1e+
.
-
1e
000.e
e10
1ee2
abc
1e+
++1
1ee2
1e+
--2
1e
--2
1ee2
0e
+
+
0e
e10
--2
1.2.3
1e-
1ee2
1ee2
+
.
1e-
1.2.3
1ee2
--2
e10
abc
1e-
--2
.
0e
e10
+
1e+
-
+
1ee2
0e
-
1ee2
1e-
abc
-
.
1.2.3
-
.
abc
1.2.3
1e+
000.e
--2
1.2.3
1e-
+
abc
abc
1e+
abc
.
--2
+
1.2.3
+
1ee2
.
+
+
.
1e
1e+
0e
.
1e
abc
1e-
+
++1
.
1e
++1
+
1e-
e10
1.2.3
++1
+
abc
0e
e10
1.2.3
--2
abc
e10
.
1e+
--2
0e
1e-
1e-
+
abc
abc
--2
1e+
abc
0e
-
abc
000.e
+
1ee2
1e
1e+
0e
--2
-
++1
abc
abc
1e-
.
--2
1e+
1e-
1e+
1e
--2
e10
1e+
1e-
.
.
++1
+
e10
.
abc
1e
e10
1e-
e10
1e
1e+
1.2.3
1e+
000.e
-
-
abc
000.e
1.2.3
1e
1e+
0e
-
--2
1e-
1e-
1.2.3
-
1e+
1e-
-
+
.
1e+
1e
000.e
000.e
++1
.
1e+
1.2.3
1ee2
.
1e+
1ee2
000.e
-
0e
.
abc
0e
-
1e+
1e-
+
--2
1e-
-
000.e
--2
e10
1ee2
1e
1e+
1e
0e
1.2.3
-
--2
0e
.
++1
1e-
abc
+
++1
1.2.3
1e
.
000.e
0e
.
.
1.2.3
abc
1ee2
e10
abc
1ee2
++1
1e
0e
+
000.e
e10
000.e
0e
+
1ee2
1ee2
1ee2
.
1e
0e
1e-
+
abc
000.e
1e-
-
+
1e
-
1.2.3
.
e10
1e-
000.e
000.e
abc
000.e
--2
abc
0e
000.e
1e-
+
e10
000.e
+
1ee2
+
1e-
++1
--2
1e+
abc
++1
.
--2
.
-
1e-
1e
+
1e+
1e-
.
1.2.3
+
1ee2
-
1e-
1e-
+
1e
++1
1.2.3
1e
--2
++1
1.2.3
++1
+
0e
.
1e
1e+
--2
abc
-
1.2.3
1e+
1e-
--2
abc
1e+
1e+
--2
000.e
1e-
abc
--2
.
--2
0e
--2
0e
1e-
1e+
+
abc
1ee2
abc
1e
abc
+
1e-
abc
1ee2
-
1e-
--2
000.e
+
-
1e-
0e
-
.
abc
000.e
1ee2
-
-
1ee2
1e
1ee2
1e+
-
abc
1e-
000.e
1e+
000.e
1e
000.e
--2
1e-
1.2.3
1e-
000.e
0e
.
--2
abc
1e+
--2
1e+
1ee2
--2
abc
++1
1e-
++1
++1
abc
e10
1.2.3
+
1e-
-
++1
.
+
abc
1.2.3
0e
1e
1e
+
++1
1ee2
-
e10
--2
0e
1e-
--2
.
.
--2
1.2.3
++1
.
--2
1e-
+
--2
e10
e10
1e
+
0e
++1
--2
++1
0e
0e
1.2.3
+
000.e
e10
e10
-
1e
1ee2
-
-
.
abc
1ee2
1ee2
1ee2
abc
abc
1.2.3
++1
0e
e10
e10
1e
++1
abc
+
1e
-
++1
e10
e10
1e+
-
1ee2
1e
e10
-
000.e
++1
000.e
++1
0e
1e
+
+
++1
abc
++1
-
1.2.3
++1
-
0e
+
1ee2
1e
1e+
++1
1e+
0e
abc
abc
-
+
-
000.e
abc
1ee2
1e
++1
+
e10
.
+
1.2.3
1e-
+
000.e
abc
1ee2
--2
e10
.
000.e
++1
1e
+
-
e10
1ee2
1ee2
abc
1e-
000.e
.
.
abc
1e
1e-
1e+
abc
abc
--2
.
abc
000.e
0e
.
--2
000.e
e10
1e+
--2
--2
1e+
0e
++1
+
1e
1.2.3
abc
-
-
+
000.e
.
1e+
++1
0e
1.2.3
0e
1e+
000.e
1e
000.e
1e-
e10
++1
++1
0e
e10
1ee2
+
0e
0e
1.2.3
1ee2
++1
--2
.
000.e
1e+
--2
1e
.
1e
+
e10
1ee2
1ee2
+
--2
1e+
1e-
--2
--2
abc
abc
--2
+
1ee2
abc
--2
-
1.2.3
1.2.3
1ee2
0e
1ee2
1e
1e
++1
+
--2
++1
abc
--2
++1
abc
000.e
0e
abc
+
1.2.3
+
1e-
1e
e10
1e+
000.e
000.e
--2
.
.
1e
1e
++1
1e
1e+
++1
e10
000.e
1e-
-
+
1.2.3
+
1e
abc
1ee2
1.2.3
1ee2
1ee2
++1
0e
0e
1.2.3
+
1ee2
-
0e
--2
1e+
1e
1ee2
abc
1.2.3
++1
0e
abc
0e
-
e10
e10
++1
1ee2
e10
.
1ee2
--2
--2
1e-
000.e
1e+
++1
000.e
000.e
1e
--2
++1
e10
-
abc
1e
1e-
++1
1ee2
1e
1e+
1.2.3
1e
000.e
1ee2
1e
1e+
--2
1e+
1e
e10
1e-
+
--2
abc
1e-
1e
e10
1ee2
--2
--2
000.e
+
e10
1e
1ee2
000.e
1.2.3
+
.
+
1e
1e-
e10
1.2.3
abc
--2
abc
000.e
e10
-
1.2.3
000.e
0e
1e+
000.e
1.2.3
1e-
abc
abc
1ee2
-
abc
1.2.3
1.2.3
0e
-
1e-
.
+
e10
+
+
e10
+
abc
abc
1e+
++1
1e
abc
1e+
abc
+
--2
0e
++1
0e
1e-
1e-
++1
++1
1e
--2
++1
+
1e
++1
-
000.e
1e+
++1
+
1e+
--2
+
abc
1ee2
-
1.2.3
1.2.3
1e+
1e+
e10
1e-
1e-
1e-
1e+
++1
+
1e+
--2
1e
.
e10
++1
1ee2
1ee2
1e+
1ee2
000.e
--2
000.e
++1
1ee2
abc
1e+
++1
.
1ee2
0e
-
e10
000.e
1e+
-
0e
1e-
1e-
abc
.
+
0e
++1
-
1e+
1e
1.2.3
1e
abc
0e
1e+
e10
+
e10
e10
++1
-
0e
-
abc
1e
1ee2
1e+
1e+
1.2.3
++1
1ee2
1ee2
--2
-
+
1e+
1ee2
0e
000.e
-
1.2.3
--2
+
e10
1.2.3
++1
abc
++1
1e
+
1.2.3
0e
+
++1
.
++1
.
1e-
.
1.2.3
.
1e+
1.2.3
abc
1e+
1e+
1ee2
1.2.3
--2
0e
e10
1e-
1e+
--2
+
++1
++1
++1
+
000.e
1e
+
-
e10
1ee2
1e+
--2
--2
0e
e10
--2
+
.
e10
++1
-
1ee2
1ee2
e10
0e
1ee2
1.2.3
0e
1ee2
abc
-
1e+
-
e10
++1
-
1.2.3
+
1e
+
++1
-
e10
000.e
1ee2
000.e
000.e
.
e10
1e-
--2
.
e10
-
abc
1ee2
+
--2
--2
000.e
--2
1e
1e-
--2
1e+
--2
abc
1e
--2
1.2.3
--2
-
1ee2
abc
0e
--2
1ee2
++1
abc
1ee2
--2
1ee2
1e+
.
--2
1e-
.
000.e
+
++1
abc
abc
1ee2
0e
--2
0e
1e+
1.2.3
1e+
abc
abc
++1
1ee2
.
000.e
abc
1.2.3
1e
abc
e10
+
1ee2
abc
--2
000.e
1e
.
1e-
abc
1e
1.2.3
e10
000.e
1e-
.
++1
1.2.3
-
1ee2
-
e10
++1
1e-
1e
000.e
--2
000.e
+
1e
-
000.e
000.e
1e
.
1.2.3
++1
abc
0e
+
1e+
+
-
1.2.3
-
1.2.3
-
1e+
1ee2
.
-
1e-
.
1.2.3
1e+
e10
abc
--2
++1
+
+
1e-
abc
1e
.
1e-
e10
e10
000.e
000.e
-
--2
0e
abc
1e
1ee2
1ee2
--2
1e+
e10
0e
-
1.2.3
000.e
e10
0e
.
0e
+
0e
1.2.3
1e-
.
abc
1.2.3
1.2.3
1e+
000.e
1e
.
--2
1e-
000.e
+
1e+
000.e
000.e
0e
.
1e+
abc
-
000.e
+
0e
0e
.
1e+
.
000.e
000.e
abc
1e+
--2
.
++1
1.2.3
+
1e-
000.e
abc
000.e
++1
1e+
1e+
0e
0e
abc
abc
abc
--2
++1
.
.
1e-
1e
++1
1e-
+
e10
1e-
e10
1ee2
-
.
-
1ee2
1e+
-
+
0e
--2
++1
e10
--2
-
1e
1e
1e+
-
-
e10
--2
1e+
1e-
++1
-
.
1e
.
e10
1e-
e10
1e+
1ee2
1.2.3
000.e
0e
abc
1.2.3
-
1e+
++1
e10
.
+
1e-
-
000.e
1ee2
000.e
-
1.2.3
--2
.
000.e
1ee2
abc
1e+
1e+
e10
-
abc
e10
000.e
1e
+
1e
abc
0e
e10
-
-
.
+
1e
1.2.3
000.e
1e+
1e
1e-
1ee2
e10
++1
--2
000.e
1ee2
1.2.3
+
abc
e10
+
-
1e+
0e
1ee2
1ee2
e10
e10
++1
e10
--2
1e
1e-
1.2.3
+
000.e
1e-
e10
0e
e10
++1
1e+
.
e10
e10
1e
++1
+
1e+
e10
e10
1ee2
0e
+
-
1e-
000.e
--2
1e
--2
+
000.e
1.2.3
.
1e+
000.e
e10
++1
1e
e10
+
0e
1e-
000.e
1e-
--2
e10
+
--2
1.2.3
abc
000.e
0e
e10
abc
--2
0e
1ee2
1e+
.
e10
++1
1e+
e10
1ee2
1e-
1.2.3
1e+
+
-
1e+
1e+
1e+
-
000.e
++1
+
0e
--2
1e+
-
--2
.
-
1e+
1e-
1.2.3
+
0e
1ee2
e10
--2
1e+
1e-
-
e10
1e
1e
000.e
abc
000.e
1e+
abc
.
.
1e-
000.e
1e
e10
0e
1e
-
abc
.
+
--2
1e+
1e-
+
+
.
1e-
1e+
.
++1
1e+
abc
abc
1e-
1e+
++1
--2
1.2.3
1e
-
-
e10
000.e
1e-
000.e
-
++1
-
1ee2
0e
--2
1ee2
0e
+
1e+
--2
++1
e10
--2
1e-
+
--2
e10
000.e
1e
e10
++1
--2
1e
1ee2
1ee2
e10
e10
++1
000.e
1.2.3
+
1.2.3
1e+
-
1e
++1
++1
-
0e
1e-
--2
.
1e-
1ee2
.
1.2.3
1e+
++1
1e+
-
1.2.3
1e+
++1
1e+
1e
--2
++1
000.e
.
1e-
++1
1e+
1e
0e
abc
+
1e
++1
1.2.3
1.2.3
-
1ee2
1.2.3
1e
++1
++1
1e-
1e-
--2
e10
--2
1ee2
--2
++1
e10
abc
-
1e
e10
--2
000.e
-
--2
1.2.3
e10
1.2.3
e10
1e-
1ee2
1ee2
1e
1e-
--2
abc
1ee2
1.2.3
1e
1e
.
1.2.3
+
1e-
.
000.e
abc
.
++1
1e
1e
--2
0e
e10
.
1.2.3
000.e
1.2.3
-
1ee2
++1
abc
1ee2
1e+
1e
.
++1
e10
000.e
e10
.
+
abc
0e
++1
1ee2
1.2.3
.
1e-
e10
+
1ee2
0e
abc
1ee2
1ee2
1e+
+
++1
0e
000.e
000.e
1e+
1.2.3
++1
1e+
000.e
--2
1.2.3
-
1e+
1e
abc
1e+
++1
1.2.3
.
1ee2
000.e
-
0e
1e-
.
e10
--2
1e
-
1.2.3
1e
--2
++1
1.2.3
1e
1e-
--2
++1
000.e
1ee2
1e
++1
1e
--2
abc
abc
+
e10
++1
+
0e
0e
+
.
++1
abc
-
0e
++1
e10
+
--2
abc
abc
1.2.3
1.2.3
.
++1
--2
++1
1ee2
1e-
1e+
1e
1.2.3
++1
+
abc
1e
1e+
1e-
1e
0e
1ee2
000.e
1e-
abc
-
0e
1.2.3
.
.
1e
1e
1e+
abc
1e-
0e
1e-
--2
--2
1ee2
0e
+
000.e
e10
1e-
+
+
1ee2
-
++1
1ee2
--2
000.e
000.e
abc
1e
++1
++1
+
e10
1e+
1ee2
1e
--2
++1
1e-
1e+
0e
++1
1e
+
1ee2
.
1ee2
--2
.
1e+
1e+
1.2.3
1ee2
1e
1.2.3
1.2.3
abc
-
++1
1.2.3
000.e
000.e
+
1e-
1.2.3
+
1e
1ee2
1.2.3
e10
1.2.3
++1
++1
1e+
1ee2
+
1ee2
1e+
-
-
000.e
+
1e-
-
0e
.
+
1e-
+
1e-
e10
+
+
1e+
++1
1e-
+
000.e
000.e
1e
000.e
0e
++1
e10
-
1e-
-
abc
+
1.2.3
1e+
e10
++1
.
1e-
1e+
0e
abc
++1
++1
--2
1ee2
1e+
++1
--2
0e
e10
1.2.3
e10
0e
++1
abc
1e
000.e
000.e
.
000.e
abc
.
1e-
1e
1e
1.2.3
.
--2
++1
1.2.3
++1
1e-
++1
+
abc
e10
--2
1e
.
1e-
e10
1ee2
++1
--2
abc
1e
abc
+
1ee2
1ee2
-
.
1e-
000.e
1e+
000.e
0e
000.e
000.e
+
e10
1ee2
.
1e
0e
0e
1e
-
1.2.3
000.e
.
+
abc
1.2.3
++1
.
1e
1e
0e
.
-
.
++1
e10
1.2.3
e10
0e
-
abc
1ee2
1e-
--2
1e+
0e
+
1ee2
++1
abc
--2
+
.
e10
++1
1e+
1ee2
.
1e-
1e+
+
1.2.3
-
abc
e10
-
+
.
1.2.3
abc
e10
000.e
1e+
1e+
e10
--2
++1
--2
0e
-
-
1e+
1e
1.2.3
000.e
1ee2
abc
.
+
1ee2
1ee2
0e
000.e
1ee2
0e
+
--2
1.2.3
--2
1e
1e+
1.2.3
+
1e
abc
000.e
++1
abc
1e-
-
1e-
abc
1e-
e10
e10
--2
.
1ee2
1e+
-
1ee2
abc
1ee2
000.e
-
e10
++1
e10
1.2.3
abc
+
1ee2
1e-
1e
-
000.e
1e+
1ee2
1e+
1.2.3
abc
1.2.3
--2
-
1.2.3
000.e
+
e10
++1
1e+
000.e
+
--2
-
1e-
abc
1.2.3
e10
e10
1e
.
1e-
1ee2
--2
1.2.3
++1
.
1ee2
.
1e+
e10
1e-
.
1e+
++1
1e
abc
--2
++1
000.e
++1
--2
1e-
000.e
1ee2
1ee2
++1
.
1ee2
1e
+
.
++1
--2
abc
.
1e+
++1
e10
--2
1e
++1
000.e
1.2.3
+
0e
0e
--2
1e
0e
000.e
1e+
000.e
abc
1ee2
1e+
1ee2
1.2.3
--2
1.2.3
1.2.3
--2
--2
1.2.3
-
0e
1ee2
1e+
0e
+
000.e
e10
1e+
1e
1e+
e10
1e-
++1
+
--2
+
1e-
1e+
000.e
1.2.3
e10
+
1e+
1e+
.
000.e
1e-
+
++1
.
.
.
1ee2
--2
0e
e10
1ee2
-
000.e
--2
1ee2
abc
1ee2
1e
+
++1
--2
1ee2
+
++1
-
abc
1e+
1e+
1e+
0e
-
-
1.2.3
--2
1e+
1ee2
--2
--2
1.2.3
0e
abc
0e
-
--2
1ee2
--2
1e
++1
+
.
e10
--2
.
.
e10
.
e10
1e
0e
abc
1e
.
e10
+
000.e
1e-
1e
-
+
e10
1e
.
1e+
abc
-
0e
1e+
1e-
1.2.3
e10
+
1.2.3
++1
e10
1ee2
000.e
0e
.
.
1e-
--2
e10
1e-
++1
1e
1e+
.
e10
000.e
+
++1
1.2.3
0e
1ee2
e10
++1
.
1e+
1e
1.2.3
1e-
e10
000.e
.
1e
0e
1e+
abc
e10
+
000.e
.
abc
-
.
+
+
+
1.2.3
-
1e+
++1
++1
1e+
e10
+
1e-
0e
1e+
0e
.
1ee2
1e+
e10
+
0e
1e-
1e-
1.2.3
0e
e10
000.e
.
--2
e10
1ee2
++1
+
1ee2
1.2.3
1e-
+
++1
++1
0e
1e
--2
++1
1e+
1e+
1e-
000.e
1e-
.
abc
0e
1e-
--2
1ee2
1e+
1e+
1e
000.e
0e
1ee2
-
0e
abc
e10
1ee2
1ee2
.
.
0e
++1
--2
e10
-
++1
1e
1e-
000.e
e10
000.e
+
1ee2
abc
--2
0e
--2
e10
1.2.3
e10
+
1.2.3
.
+
--2
--2
++1
1e+
1e-
.
-
e10
0e
++1
1e-
e10
1e-
1.2.3
++1
e10
--2
+
.
--2
000.e
1e+
1.2.3
1e
1e
e10
1.2.3
1.2.3
1e+
abc
--2
-
+
0e
.
-
.
++1
000.e
++1
1e+
1e+
.
++1
++1
1.2.3
1.2.3
abc
++1
1ee2
++1
000.e
+
--2
1e
.
1.2.3
++1
1e
1e+
+
e10
1e+
e10
000.e
++1
.
+
1e+
1e
-
000.e
-
1e
+
e10
--2
1e+
1e+
++1
-
1e+
--2
1ee2
--2
1.2.3
0e
1e+
1e
abc
000.e
--2
0e
000.e
0e
1e
1e-
++1
++1
e10
++1
--2
--2
e10
++1
++1
0e
+
++1
abc
--2
1e-
000.e
abc
--2
1ee2
+
++1
--2
+
+
0e
e10
e10
1e-
1e
abc
--2
.
+
abc
1e
0e
abc
0e
0e
.
1e
+
1.2.3
.
-
++1
.
-
--2
-
++1
e10
+
abc
.
000.e
1e+
1e+
1e+
+
-
.
1.2.3
-
++1
0e
.
1.2.3
1.2.3
abc
1e
e10
-
++1
0e
abc
0e
1e-
abc
1e
1e-
.
1e
abc
++1
abc
1e-
1.2.3
+
++1
+
++1
1e-
.
-
abc
--2
abc
1e
--2
1e
0e
e10
1e
--2
--2
000.e
1e-
1e-
1e
e10
-
1ee2
1e
e10
1e+
++1
1e+
1e
abc
e10
+
+
+
1e
1e-
1e-
--2
.
abc
.
-
000.e
abc
abc
e10
--2
1ee2
000.e
1e-
e10
1e+
1ee2
1e
e10
0e
1e+
--2
000.e
1e
1e
1e
1e
++1
abc
000.e
0e
1ee2
000.e
1e+
0e
000.e
abc
1e
-
abc
++1
1e
++1
-
--2
e10
1e+
+
1e-
--2
.
1ee2
000.e
1.2.3
abc
-
++1
1e+
1e
1e-
1.2.3
1e
1e+
e10
1e-
e10
e10
.
0e
++1
1e
1e
e10
000.e
1.2.3
.
1ee2
-
.
0e
.
000.e
+
e10
1e-
1e-
1ee2
abc
--2
1.2.3
1e+
1.2.3
++1
0e
1.2.3
000.e
1ee2
-
.
--2
-
1.2.3
1e+
--2
0e
1ee2
.
++1
1ee2
1e-
.
++1
.
.
1e
1.2.3
000.e
1ee2
+
e10
1e-
-
1ee2
1e-
000.e
++1
-
-
++1
abc
1ee2
1.2.3
++1
1ee2
++1
e10
abc
-
e10
.
1ee2
1e+
000.e
--2
000.e
--2
abc
+
++1
+
abc
+
abc
1e
1e+
.
++1
e10
0e
abc
-
000.e
-
1e-
1e
abc
+
--2
1ee2
e10
000.e
--2
0e
1e-
.
1e+
1ee2
.
1e
1e-
1e+
+
0e
1e+
1ee2
e10
1e
++1
1e-
-
.
++1
+
+
1.2.3
1e
++1
++1
.
1e-
000.e
.
1ee2
+
000.e
000.e
+
000.e
0e
1e+
++1
++1
1e
e10
.
++1
-
1e
1ee2
abc
1.2.3
abc
abc
+
++1
1ee2
+
000.e
abc
.
.
000.e
1ee2
1e
1e
--2
-
--2
-
1e+
++1
1.2.3
--2
abc
-
0e
1e+
++1
0e
-
1ee2
1e-
.
0e
abc
++1
+
--2
--2
1e+
000.e
-
++1
.
e10
--2
1e+
000.e
e10
1e
.
abc
1.2.3
++1
abc
+
1e+
1e+
1ee2
1e+
0e
1e
++1
++1
.
1ee2
1e+
1e
-
abc
abc
1e+
abc
000.e
000.e
abc
e10
.
+
1e
000.e
++1
1ee2
1e+
--2
1e-
+
.
1e
0e
++1
1ee2
1.2.3
+
1e+
0e
000.e
1e+
abc
1.2.3
++1
1ee2
++1
-
--2
-
+
-
++1
1.2.3
e10
abc
e10
1e
1e-
1.2.3
e10
.
1e-
+
++1
+
1.2.3
-
.
-
abc
1ee2
-
000.e
.
abc
1ee2
+
1e
abc
000.e
-
1ee2
e10
++1
1e-
--2
1e
000.e
e10
--2
1ee2
+
000.e
000.e
-
-
1e
++1
e10
abc
1e
1e
000.e
1e-
1.2.3
1e-
e10
-
e10
1ee2
e10
1ee2
1e
1e
++1
1.2.3
e10
+
++1
1e
abc
.
++1
1ee2
e10
--2
1.2.3
e10
e10
1.2.3
1e
abc
1e+
--2
1e-
.
1e+
1e
abc
1e-
0e
1ee2
1.2.3
0e
.
-
1e-
+
--2
0e
1.2.3
1.2.3
abc
--2
1e
1e
--2
1.2.3
000.e
-
0e
--2
1e-
1.2.3
.
+
1.2.3
1.2.3
1.2.3
1e+
000.e
1ee2
.
--2
++1
0e
e10
++1
0e
1e
1e
+
0e
++1
-
000.e
abc
.
++1
1.2.3
0e
+
1ee2
1.2.3
+
e10
-
1.2.3
-
1ee2
abc
1e-
+
.
++1
abc
++1
1ee2
abc
e10
000.e
1ee2
--2
000.e
--2
1e+
-
+
abc
0e
1.2.3
1.2.3
1e
+
--2
1e
e10
e10
000.e
.
-
+
e10
1.2.3
1e-
000.e
1.2.3
e10
-
000.e
+
.
1.2.3
1e+
abc
1e
0e
1.2.3
-
000.e
++1
abc
000.e
1e
0e
.
--2
++1
1e+
1e
1e
++1
0e
0e
1e
-
+
.
--2
+
+
-
.
e10
abc
+
1e
0e
1e
abc
1e
1e+
--2
1ee2
1.2.3
1e+
000.e
.
000.e
++1
-
1ee2
1ee2
1e+
1ee2
1ee2
--2
++1
.
000.e
abc
000.e
1ee2
1e-
--2
--2
-
++1
1e+
++1
++1
e10
++1
e10
1ee2
1.2.3
abc
0e
1e-
+
1e-
1e+
-
1e+
abc
e10
0e
1e-
-
000.e
++1
0e
0e
1ee2
1ee2
1ee2
1ee2
1ee2
+
1ee2
1ee2
0e
000.e
1e+
abc
+
0e
.
1e-
000.e
1e
1.2.3
.
1e-
++1
1e+
1.2.3
1e
1.2.3
e10
1e+
.
abc
1ee2
.
-
1.2.3
1.2.3
000.e
1ee2
.
.
1e+
--2
1e+
e10
+
++1
1.2.3
1e-
.
-
1ee2
e10
1.2.3
++1
0e
-
1e
1e-
1e-
.
.
e10
++1
000.e
.
0e
+
.
+
1e-
1e
000.e
1e
1.2.3
1.2.3
1e+
1ee2
++1
.
1.2.3
0e
+
+
0e
e10
e10
.
1e-
abc
e10
1e+
1e
1e
1e
1ee2
--2
000.e
--2
1ee2
-
+
++1
abc
1e
-
1.2.3
-
1e-
.
000.e
++1
-
1e-
1ee2
1.2.3
abc
abc
e10
+
.
+
1e+
.
0e
1ee2
1e-
1e
.
.
++1
1e
1e-
-
abc
000.e
--2
0e
e10
1e-
1e-
1e-
0e
abc
abc
-
000.e
.
.
1e-
1e+
-
1e-
000.e
1e+
1.2.3
+
.
1e-
000.e
1e-
-
1.2.3
e10
abc
1.2.3
+
1e-
abc
--2
++1
-
1e-
--2
0e
1e-
abc
++1
1e-
e10
000.e
.
.
abc
.
1e-
.
++1
0e
abc
e10
.
++1
000.e
1e
--2
e10
1.2.3
e10
.
1.2.3
1e-
1e
e10
abc
abc
+
--2
1e-
.
+
+
.
1ee2
+
--2
1.2.3
e10
++1
1e-
1.2.3
1ee2
--2
.
1e
--2
1e
1e-
+
1e+
.
1e-
1ee2
++1
1e-
+
1e-
.
1.2.3
1ee2
1e-
e10
--2
1e+
abc
1e
.
1.2.3
1e+
abc
e10
e10
1.2.3
1e-
000.e
0e
abc
1e+
--2
000.e
abc
e10
1ee2
1e
000.e
1e-
0e
++1
0e
+
0e
1e-
abc
abc
--2
1ee2
.
1.2.3
000.e
+
-
abc
1e-
++1
+
++1
1e-
000.e
abc
+
+
.
000.e
1.2.3
+
0e
1.2.3
1e-
-
1e
+
.
0e
--2
1e-
1.2.3
1e+
1.2.3
1ee2
-
1.2.3
1e+
1e+
e10
1e
1ee2
1e+
-
e10
1e
+
0e
++1
e10
e10
--2
++1
++1
+
1e-
--2
1.2.3
++1
abc
++1
1e-
1e+
1.2.3
+
e10
e10
0e
+
+
1.2.3
000.e
1e+
.
000.e
1e-
-
-
1e+
000.e
1ee2
.
.
1e-
1ee2
1e-
--2
-
.
1e
--2
-
.
e10
e10
1.2.3
+
000.e
.
.
1ee2
.
abc
e10
1e+
e10
++1
1e
--2
0e
.
000.e
1e+
+
.
++1
1ee2
1e
e10
e10
--2
1e-
--2
--2
e10
--2
1e+
--2
+
++1
1e-
1e
1e
+
abc
1e+
-
.
1.2.3
--2
+
+
1ee2
1e-
0e
1.2.3
abc
0e
1ee2
-
+
1.2.3
e10
++1
abc
1e
abc
1e-
--2
e10
abc
000.e
e10
0e
abc
++1
e10
0e
0e
1e
1ee2
1ee2
.
e10
e10
-
++1
.
e10
--2
1e-
++1
.
e10
--2
++1
e10
++1
000.e
.
.
000.e
0e
abc
1e
000.e
1e+
0e
0e
1e-
--2
0e
1e+
--2
1ee2
0e
abc
+
1e-
abc
e10
.
1e
1.2.3
-
0e
abc
.
1e
1e+
e10
-
1e-
-
abc
++1
-
0e
++1
.
--2
+
e10
abc
+
-
1ee2
e10
.
.
abc
1e
e10
abc
1e+
abc
1e-
1.2.3
--2
.
1e
e10
+
++1
--2
1e
+
1e-
abc
1.2.3
abc
1.2.3
1e+
e10
+
-
1ee2
1e-
1e+
1e
+
+
--2
e10
1ee2
abc
.
abc
+
abc
1e
1e-
.
0e
e10
.
1.2.3
1.2.3
1e-
1.2.3
--2
abc
++1
1.2.3
1e
-
000.e
1e+
e10
1.2.3
1e
1e+
.
abc
-
1e-
1e-
+
0e
++1
++1
1e
++1
++1
e10
1.2.3
abc
e10
--2
000.e
1e
1e-
1ee2
e10
-
1ee2
++1
1e-
1ee2
.
1e
000.e
0e
1.2.3
+
1ee2
1e-
1e+
.
--2
abc
.
1e-
1e+
e10
abc
e10
000.e
abc
000.e
1e+
0e
000.e
1e+
1e+
0e
000.e
--2
.
--2
++1
1e+
-
.
0e
e10
e10
++1
1e-
000.e
1e+
abc
--2
1e+
--2
abc
1e
1e+
.
-
1e+
abc
1e+
0e
++1
e10
0e
1.2.3
.
1.2.3
0e
++1
+
+
.
++1
-
000.e
1e-
e10
1.2.3
000.e
abc
++1
1.2.3
.
++1
--2
-
1.2.3
1e-
1ee2
1e-
abc
--2
++1
++1
e10
0e
0e
1ee2
-
+
abc
1.2.3
-
.
.
++1
.
++1
+
abc
1e-
--2
1e-
+
1e
1e
1.2.3
1.2.3
0e
++1
--2
1ee2
++1
0e
.
++1
abc
-
++1
1e
1e
1e+
-
1e
e10
1ee2
+
+
e10
1.2.3
++1
1.2.3
1.2.3
--2
+
++1
++1
++1
++1
1e
abc
0e
.
1.2.3
1.2.3
e10
1e+
--2
-
1e
.
1ee2
1.2.3
++1
1e+
++1
abc
++1
1e+
+
000.e
1e+
e10
+
e10
abc
.
e10
-
1.2.3
1ee2
.
--2
0e
abc
-
--2
1e
1.2.3
+
1e
abc
000.e
e10
--2
+
.
++1
0e
abc
-
abc
1.2.3
1ee2
000.e
.
000.e
.
+
1e
000.e
1e-
abc
+
0e
abc
1ee2
0e
--2
-
1e
+
--2
0e
++1
-
.
000.e
1e
e10
-
1ee2
--2
0e
1e+
+
+
e10
1e
1ee2
1ee2
1e+
1e+
1e+
++1
-
1.2.3
0e
abc
1ee2
e10
.
.
-
000.e
000.e
++1
1e
.
--2
--2
0e
1e+
abc
1e
++1
--2
000.e
1e
000.e
000.e
0e
000.e
abc
000.e
1e-
1e+
+
1ee2
1e
1e-
.
abc
--2
1e
-
0e
--2
1.2.3
1e
000.e
.
.
abc
+
1.2.3
++1
abc
1e-
1e-
0e
1e
0e
1e+
1.2.3
+
+
.
1e+
++1
-
1e+
-
+
e10
000.e
1e
1.2.3
e10
000.e
e10
e10
++1
abc
.
1e+
abc
.
1e+
.
0e
1ee2
--2
abc
1e
1.2.3
1ee2
1e-
.
abc
0e
1e+
1e
000.e
1e
-
+
0e
1e-
0e
--2
.
+
-
e10
abc
1.2.3
1ee2
0e
1ee2
.
e10
000.e
1ee2
1e+
1e+
.
e10
0e
++1
1ee2
1ee2
1e+
abc
.
+
++1
000.e
1e+
+
++1
1.2.3
+
1e+
000.e
1ee2
--2
+
0e
-
1.2.3
abc
1e+
++1
1.2.3
e10
abc
1ee2
++1
+
.
1.2.3
1e-
abc
1e-
++1
e10
e10
0e
+
1e-
abc
.
--2
000.e
1e+
0e
1e
1e+
--2
abc
1e-
+
1ee2
1ee2
1ee2
+
1.2.3
0e
1ee2
1ee2
000.e
-
1.2.3
--2
1ee2
+
.
.
000.e
--2
.
e10
1e
1ee2
++1
0e
++1
1e
1.2.3
+
1ee2
1e-
1.2.3
--2
1ee2
++1
1e+
1ee2
-
.
1e
1e
1ee2
e10
000.e
abc
1e-
e10
000.e
+
+
0e
1ee2
--2
1e+
1e-
abc
1.2.3
-
1e-
.
1e
0e
e10
.
1e+
1e
1e+
1e-
abc
1e
1e+
0e
1e-
-
1e-
e10
abc
.
000.e
++1
++1
-
1e-
e10
.
1ee2
++1
0e
1e+
1e
1e-
-
e10
.
0e
--2
1e+
++1
.
1e
+
1e
--2
1e-
0e
1.2.3
1.2.3
++1
--2
e10
1e+
e10
1.2.3
1e-
--2
-
++1
e10
1.2.3
-
-
.
000.e
e10
1e
000.e
0e
1.2.3
0e
e10
++1
++1
1e
e10
+
e10
1ee2
abc
1ee2
1e
-
0e
.
--2
0e
1e
1e+
++1
1e+
1.2.3
++1
.
+
0e
abc
000.e
++1
.
++1
1e
1.2.3
1.2.3
.
000.e
-
.
1e-
-
abc
1ee2
1.2.3
+
1ee2
1e-
.
1e
+
e10
000.e
+
-
1.2.3
1e
1ee2
0e
--2
1e
1ee2
000.e
++1
1ee2
abc
+
1.2.3
e10
1e+
e10
1.2.3
e10
--2
+
e10
0e
000.e
1e+
e10
abc
-
++1
0e
1e
abc
-
1ee2
e10
+
e10
e10
1e
--2
1ee2
0e
++1
1e-
1e-
--2
.
+
-
e10
+
000.e
+
1e-
1e-
0e
--2
-
1.2.3
000.e
++1
--2
-
0e
1e+
1e
+
1ee2
-
+
1e-
.
++1
e10
0e
++1
000.e
+
1e
+
0e
0e
.
++1
e10
--2
-
.
.
1e+
1e+
0e
1e+
-
1.2.3
++1
--2
1e
-
.
-
1ee2
1.2.3
1ee2
++1
.
1e-
0e
-
abc
--2
e10
.
-
1ee2
1e
000.e
--2
++1
++1
0e
1e+
abc
.
1e-
1ee2
1e+
--2
0e
+
1e-
1e+
0e
1e
-
++1
1e+
+
+
+
--2
--2
--2
.
0e
1e
--2
++1
1.2.3
1.2.3
+
abc
.
e10
1e
.
--2
.
-
0e
abc
-
-
+
1e
abc
e10
-
1e
abc
.
1e
1.2.3
000.e
abc
1e
abc
0e
-
1e+
1e-
1e
1.2.3
--2
1.2.3
e10
+
1e-
abc
--2
e10
000.e
0e
--2
0e
1e+
0e
1e
000.e
--2
--2
e10
abc
1.2.3
1e+
1e
0e
1ee2
0e
e10
++1
-
0e
0e
1e
1e
e10
1e-
1e
+
++1
+
1e
--2
0e
.
+
e10
1e-
.
+
1.2.3
1e+
e10
1.2.3
--2
.
1e
e10
000.e
--2
abc
1e
-
+
-
1e
.
++1
1.2.3
e10
abc
abc
+
1e+
-
-
+
1ee2
1.2.3
.
-
++1
000.e
1e-
000.e
1e-
+
.
abc
+
1e-
1e-
0e
+
1e
1e+
1.2.3
abc
--2
1e+
1ee2
+
1ee2
1e-
1e-
abc
e10
1ee2
abc
0e
-
000.e
1e+
1.2.3
1ee2
+
.
1.2.3
.
1e
1e-
-
abc
000.e
+
+
e10
abc
e10
+
1ee2
1e+
000.e
abc
++1
1e
1ee2
0e
--2
1e
--2
e10
1e
1ee2
.
1e+
1e+
--2
abc
1e+
0e
0e
1e-
--2
.
0e
-
--2
000.e
1e
++1
000.e
--2
1ee2
1e
.
+
++1
e10
.
1e
abc
--2
1e
--2
++1
+
1ee2
++1
.
000.e
1e-
000.e
1ee2
e10
-
.
1.2.3
1.2.3
1e-
.
1e-
0e
--2
1ee2
+
1ee2
1e
1.2.3
0e
+
1.2.3
1e-
000.e
1e+
1e+
.
--2
e10
1e+
.
1ee2
1e
1e+
1e-
1.2.3
0e
e10
+
1e-
1e-
1ee2
abc
.
1.2.3
e10
0e
1ee2
0e
e10
1e-
++1
-
++1
-
-
1e+
1.2.3
e10
+
1.2.3
1ee2
+
000.e
1e
000.e
e10
000.e
--2
1e-
.
1e+
.
+
.
+
0e
--2
e10
-
0e
++1
1e
1.2.3
1e+
0e
1e
1e+
--2
.
++1
.
0e
+
1.2.3
1.2.3
1ee2
000.e
1.2.3
abc
-
1.2.3
.
0e
-
1ee2
e10
1ee2
.
--2
+
1ee2
1e
abc
abc
abc
-
1e+
+
000.e
1e+
0e
+
0e
000.e
+
1e+
-
-
+
.
.
++1
1e-
-
1e-
e10
000.e
1e+
+
++1
1ee2
1e-
-
1ee2
000.e
.
1e
0e
0e
--2
1ee2
abc
1e
000.e
++1
1.2.3
0e
.
++1
0e
e10
000.e
0e
abc
--2
1ee2
abc
.
+
1e
+
1e
abc
.
++1
--2
000.e
abc
--2
1e-
000.e
--2
.
--2
1ee2
0e
0e
1.2.3
1ee2
e10
-
e10
++1
1e+
abc
000.e
1.2.3
.
0e
--2
1ee2
+
-
1e+
000.e
e10
1.2.3
1e+
e10
e10
000.e
abc
--2
1.2.3
++1
1.2.3
e10
++1
1e-
1e-
--2
.
abc
.
1ee2
e10
abc
++1
+
1e+
0e
.
.
000.e
1.2.3
-
++1
000.e
++1
++1
-
1.2.3
+
1.2.3
--2
-
-
abc
1e+
+
1e+
-
1e
.
0e
abc
1ee2
+
e10
1e+
000.e
1e-
.
e10
1e-
1e+
+
1e+
--2
e10
000.e
1e+
1e
+
abc
abc
000.e
-
--2
-
1.2.3
abc
1.2.3
--2
.
0e
--2
++1
abc
-
1e+
1e-
1e
e10
++1
++1
000.e
.
-
000.e
000.e
-
0e
--2
1ee2
1.2.3
--2
e10
abc
abc
000.e
1e-
1ee2
++1
1.2.3
+
++1
abc
1.2.3
1e-
1e-
--2
-
0e
abc
.
e10
1e+
0e
++1
000.e
1.2.3
0e
1ee2
1e-
.
++1
1e+
-
.
-
--2
e10
1e
000.e
+
000.e
.
--2
1.2.3
e10
1e
+
++1
1e-
.
+
--2
.
--2
--2
0e
e10
++1
++1
1.2.3
0e
.
1e+
.
1e
1e
e10
+
0e
++1
0e
1e
000.e
1e
000.e
1e+
abc
.
1e-
abc
+
1.2.3
++1
++1
++1
1e
++1
1ee2
--2
--2
1.2.3
.
1e+
1e-
1e+
1e-
abc
--2
1ee2
1ee2
0e
+
1.2.3
1ee2
1ee2
.
+
--2
0e
000.e
000.e
1e-
1e-
1e-
e10
+
0e
++1
abc
1e-
0e
abc
e10
.
abc
e10
1e+
-
1e-
--2
e10
abc
1ee2
1ee2
000.e
0e
e10
1e-
1e-
000.e
1e
abc
1e+
1e+
.
+
1e
1e-
1e
1ee2
000.e
-
1.2.3
.
1e+
1e
abc
abc
--2
+
1.2.3
-
000.e
--2
++1
1ee2
1e+
--2
0e
1ee2
1e+
+
.
1ee2
1e-
1e-
-
1e-
1e
000.e
1ee2
.
1ee2
1ee2
1e
1.2.3
000.e
000.e
-
--2
1e+
1.2.3
.
000.e
1.2.3
++1
-
+
1e
++1
e10
000.e
1ee2
e10
.
.
000.e
e10
-
.
1e-
1e+
1e-
000.e
0e
0e
1.2.3
1e-
1ee2
1e-
1e
000.e
-
.
1ee2
--2
000.e
-
++1
--2
+
--2
--2
000.e
000.e
1e+
1e
1ee2
+
000.e
++1
--2
000.e
000.e
1.2.3
1.2.3
e10
1ee2
0e
+
++1
1e+
1.2.3
.
000.e
1e-
--2
-
1e
0e
0e
abc
-
.
abc
.
000.e
e10
1.2.3
--2
0e
e10
1e
--2
1e-
.
abc
1e+
.
1e-
--2
1e
000.e
0e
--2
e10
0e
-
abc
1e
1e
abc
+
-
abc
1ee2
+
+
.
000.e
abc
++1
1e
1ee2
0e
abc
abc
e10
e10
e10
1.2.3
1e
--2
1e+
1e+
1e+
0e
1e-
e10
e10
1.2.3
--2
1ee2
1ee2
+
-
++1
1.2.3
--2
--2
abc
1e-
++1
-
-
abc
1e
-
1e-
+
1ee2
++1
1ee2
e10
1ee2
.
1e+
++1
1ee2
abc
--2
.
000.e
abc
-
1.2.3
1e+
+
++1
000.e
1e
1.2.3
abc
1e-
1.2.3
1.2.3
000.e
++1
+
1.2.3
e10
++1
--2
000.e
0e
++1
.
1e
-
e10
000.e
+
1e-
+
1e+
1e
1e
++1
1.2.3
-
1e-
1e+
1ee2
1.2.3
0e
1e
abc
1e
1ee2
1e-
000.e
1.2.3
1e
1e+
--2
1ee2
.
000.e
1e-
+
--2
1e
0e
000.e
1e+
+
abc
1ee2
1ee2
abc
1ee2
1ee2
+
1e
-
abc
0e
++1
++1
1e-
+
0e
e10
000.e
1e-
+
+
1e
1e+
1ee2
1e
+
--2
abc
1ee2
++1
1e+
.
e10
1e
1e-
.
1e+
+
1.2.3
--2
1.2.3
abc
1e-
--2
1.2.3
1ee2
1e+
1e
1e+
1ee2
1e+
1e+
1e+
1e+
000.e
.
-
1.2.3
000.e
1e
1e+
1ee2
+
1ee2
000.e
1e+
000.e
1.2.3
0e
000.e
1.2.3
1.2.3
1e-
e10
++1
abc
000.e
1ee2
1ee2
--2
.
0e
+
000.e
.
1e+
1ee2
abc
--2
1e-
0e
000.e
++1
0e
+
--2
1ee2
0e
1ee2
000.e
-
1e+
++1
1e
abc
1e
1e+
1e
.
-
1.2.3
1e
0e
-
1e
1e-
++1
1.2.3
abc
1e-
1e+
abc
1e+
++1
1e-
1e
1.2.3
-
000.e
++1
1ee2
1e+
++1
0e
abc
--2
e10
-
1e
0e
+
000.e
1.2.3
e10
-
e10
1e-
000.e
0e
1ee2
++1
1ee2
+
0e
abc
1.2.3
0e
-
++1
1e-
1e+
1ee2
+
1e-
1ee2
1e+
e10
+
-
0e
0e
1ee2
e10
1e
abc
.
1.2.3
1e+
++1
.
abc
++1
.
1e-
1e
--2
1e+
1e+
1e
1e-
1e-
000.e
1.2.3
abc
e10
e10
1ee2
-
1e-
1ee2
+
+
1e+
-
abc
1ee2
1e
abc
.
000.e
000.e
1.2.3
.
--2
abc
1e+
++1
000.e
1e
-
e10
e10
e10
e10
.
+
abc
1.2.3
--2
1e
000.e
e10
1e-
abc
0e
1e
1e
1ee2
1.2.3
abc
abc
1ee2
.
+
abc
1e-
-
+
+
+
1e
1ee2
000.e
1e+
--2
++1
-
1.2.3
+
1e
1e+
000.e
1e
e10
abc
.
.
e10
1ee2
1e-
e10
1e+
abc
e10
.
1e-
000.e
--2
.
e10
1ee2
+
1e-
1e+
abc
1ee2
1e
.
1e-
--2
.
-
0e
abc
abc
0e
abc
1e+
1e+
1e+
1.2.3
--2
0e
1ee2
e10
-
0e
1e-
1ee2
000.e
1e
-
1e+
000.e
-
1.2.3
-
1e
0e
000.e
0e
+
000.e
1.2.3
1e
++1
e10
abc
++1
.
.
--2
1e+
e10
1e+
+
000.e
1ee2
e10
e10
000.e
++1
e10
-
abc
000.e
000.e
e10
e10
1e-
1.2.3
000.e
.
1e-
1ee2
++1
1e
000.e
.
1e-
-
e10
000.e
1e
abc
+
+
--2
1ee2
000.e
-
0e
0e
0e
abc
0e
abc
1ee2
.
-
1e+
+
1e+
.
-
1ee2
000.e
e10
+
--2
1e-
1e+
0e
000.e
abc
-
0e
1.2.3
1e-
-
+
1e+
e10
1e+
--2
000.e
+
0e
e10
++1
++1
--2
-
000.e
1ee2
-
+
-
1e
000.e
1e
1e
--2
.
abc
0e
abc
1.2.3
1e+
000.e
.
1.2.3
abc
1e+
+
1.2.3
1ee2
abc
1ee2
++1
1e
abc
1e+
abc
1ee2
1ee2
1ee2
abc
000.e
1ee2
1ee2
.
+
-
1e-
1e+
abc
1.2.3
1.2.3
1e+
.
1ee2
.
--2
1e
000.e
1e+
.
.
1e+
0e
1ee2
+
0e
--2
1e
1e+
++1
1e
++1
1.2.3
++1
-
.
.
++1
1ee2
1e-
1e-
1ee2
.
++1
.
1.2.3
-
+
000.e
0e
-
0e
+
.
000.e
1e+
1ee2
.
-
abc
--2
e10
e10
--2
1e
++1
1.2.3
1e
+
.
1e+
0e
000.e
e10
1.2.3
1ee2
000.e
+
1e
++1
++1
1e-
1.2.3
abc
0e
0e
--2
--2
000.e
0e
++1
++1
1e-
abc
--2
+
1e+
--2
1e-
000.e
0e
000.e
++1
+
abc
1e-
e10
.
1.2.3
--2
1e-
-
e10
abc
1e
+
1e
1e
1e+
e10
1ee2
1ee2
++1
e10
1e-
abc
000.e
.
++1
+
1e+
1e+
.
+
+
+
1e-
abc
.
++1
++1
000.e
0e
abc
000.e
000.e
--2
--2
0e
.
0e
--2
0e
1e
e10
++1
++1
+
abc
1e
+
000.e
e10
000.e
1e
.
e10
1e+
1ee2
abc
0e
--2
e10
.
-
++1
1e-
000.e
1ee2
1e
.
1e+
+
1e-
1e-
1e
1ee2
--2
e10
--2
000.e
0e
1e-
1e
1e-
-
1e-
1e
.
++1
e10
.
++1
1ee2
1e+
abc
1e+
--2
e10
000.e
1ee2
000.e
1.2.3
1e-
1ee2
e10
1ee2
1.2.3
1.2.3
1ee2
++1
1e-
abc
--2
1e
+
abc
1ee2
1e-
0e
.
abc
e10
.
000.e
abc
1e+
.
--2
--2
+
+
1ee2
-
--2
e10
000.e
--2
1e+
+
--2
.
--2
000.e
++1
e10
1e-
000.e
-
0e
e10
-
1e
1e
abc
1ee2
+
--2
1ee2
1e-
1e
000.e
0e
++1
1ee2
1ee2
e10
++1
1e
abc
1ee2
000.e
++1
--2
+
1e
--2
--2
0e
+
e10
.
1ee2
-
1e
-
0e
1e-
--2
1e-
1e+
-
abc
e10
000.e
1e-
++1
1ee2
1e-
1e+
1.2.3
-
+
-
000.e
--2
0e
1e
1e-
1.2.3
0e
0e
e10
+
--2
++1
1e
-
.
.
000.e
-
1e
000.e
.
.
abc
e10
1e
e10
1e+
e10
1.2.3
--2
+
++1
++1
1.2.3
++1
+
-
++1
1ee2
++1
abc
1e
e10
--2
1ee2
--2
1e+
000.e
000.e
+
abc
++1
1.2.3
.
+
1.2.3
0e
+
.
-
1e+
1ee2
1ee2
1e-
1e+
1e+
-
1.2.3
1ee2
abc
--2
0e
.
++1
+
1e-
1e+
+
000.e
1.2.3
e10
abc
--2
--2
abc
--2
1e
+
--2
000.e
--2
--2
--2
-
1e
++1
1ee2
1.2.3
1ee2
1e+
1e+
1.2.3
-
0e
000.e
-
1e+
-
+
-
-
.
1e+
-
abc
1e
1ee2
abc
-
--2
1e-
1e-
.
abc
1e
+
abc
+
+
abc
e10
.
+
1e-
e10
abc
1e-
1e-
abc
000.e
1.2.3
.
1e
.
e10
0e
.
000.e
1e+
-
++1
+
1e
1.2.3
.
1.2.3
1e+
1e+
+
1e+
.
1.2.3
000.e
--2
-
0e
0e
000.e
--2
1e-
1ee2
1e-
1e-
+
-
1e
1ee2
abc
++1
++1
+
000.e
e10
1e+
.
000.e
--2
++1
0e
++1
1e+
e10
0e
1e
1.2.3
000.e
0e
1e+
1.2.3
1ee2
--2
0e
000.e
+
.
1ee2
1e+
0e
1e
++1
1.2.3
1e-
1ee2
1e
e10
000.e
0e
+
000.e
000.e
++1
++1
1ee2
1e
+
.
-
1e-
0e
1e-
1e+
+
+
++1
1e
1e+
0e
000.e
-
1e-
--2
.
1e
1ee2
+
1e-
--2
.
-
1e+
1.2.3
abc
1.2.3
1e+
1.2.3
-
1e+
.
-
.
1e
abc
abc
-
++1
.
e10
-
e10
1e
-
-
e10
e10
e10
-
e10
abc
0e
1e
1e+
000.e
000.e
-
1e-
000.e
1e
.
+
1ee2
-
0e
.
1ee2
-
e10
1ee2
1e
1ee2
++1
000.e
.
0e
+
1.2.3
e10
e10
1ee2
abc
abc
0e
1e+
e10
abc
e10
1e+
1e
0e
abc
++1
1e+
+
++1
1e-
000.e
0e
+
1e+
0e
++1
-
-
1e+
e10
--2
++1
1ee2
abc
+
+
-
++1
0e
++1
1e-
+
1ee2
.
--2
0e
1ee2
abc
0e
1e+
1.2.3
abc
1e-
-
.
0e
000.e
1ee2
-
e10
-
.
e10
.
1e+
1e+
-
+
--2
1e
1e+
1e+
1e
.
1e+
--2
+
--2
1e-
1e+
++1
0e
abc
-
0e
1.2.3
++1
--2
-
0e
0e
--2
1e+
000.e
+
0e
++1
1ee2
000.e
000.e
1ee2
e10
+
1e
1e
1ee2
0e
e10
e10
1e-
-
e10
+
1e+
1e-
+
.
1e-
1e+
1e-
1.2.3
1ee2
1e+
1.2.3
+
-
1e
--2
abc
1.2.3
000.e
.
1e-
-
--2
.
1ee2
.
1e-
-
++1
-
+
1.2.3
++1
000.e
1e+
++1
1ee2
++1
.
000.e
1ee2
--2
.
000.e
1e
++1
--2
++1
.
+
0e
abc
0e
--2
--2
1.2.3
1ee2
e10
++1
0e
1e-
1e+
1e-
1.2.3
1ee2
++1
1e
.
--2
e10
--2
-
.
1e+
.
+
1e-
0e
1e
0e
-
--2
.
--2
abc
1e-
0e
+
000.e
0e
++1
abc
1.2.3
e10
-
1e
++1
-
abc
1e
+
e10
+
1ee2
0e
000.e
1e
++1
1e+
+
1e-
1e-
--2
1e-
1e+
1.2.3
1.2.3
1e
+
0e
++1
--2
abc
1.2.3
e10
1ee2
+
-
1e
1e-
0e
1ee2
--2
.
000.e
1e+
++1
1e-
++1
++1
000.e
0e
-
1.2.3
1e+
+
1e+
1e
.
000.e
0e
1e-
-
++1
e10
++1
1ee2
1.2.3
1e+
--2
1e
--2
1e+
abc
+
--2
abc
1.2.3
+
0e
000.e
000.e
abc
+
.
.
1e
000.e
1e
abc
-
++1
e10
0e
--2
+
e10
.
-
000.e
-
-
abc
1e+
0e
++1
abc
-
0e
1e-
0e
1.2.3
1.2.3
.
1e-
--2
abc
1ee2
1ee2
000.e
1e
+
1e+
.
++1
1e-
1e-
000.e
0e
1e-
-
+
1ee2
1ee2
.
0e
+
0e
1e
abc
1e-
1ee2
0e
1e
1e
--2
.
1e+
+
1.2.3
e10
+
+
abc
-
-
e10
1e
000.e
000.e
1e
1e-
abc
e10
abc
--2
.
e10
1e
1e-
1e+
000.e
000.e
--2
0e
0e
1e+
1e+
e10
--2
++1
++1
1e+
1e-
-
++1
000.e
1e-
1e
-
1e-
++1
+
e10
--2
1.2.3
1e+
1e+
1e-
+
.
1e+
0e
--2
1e+
++1
1e-
1.2.3
abc
1.2.3
.
1e+
++1
abc
1.2.3
.
1e
1e-
abc
1e
1e+
++1
++1
.
+
abc
1e
000.e
abc
0e
1ee2
1e
1ee2
abc
-
.
1e
-
000.e
000.e
1ee2
1.2.3
+
--2
abc
000.e
1.2.3
e10
1e+
++1
.
0e
e10
1e+
1.2.3
+
e10
000.e
000.e
1e+
0e
0e
0e
+
1.2.3
1.2.3
1ee2
1e
1.2.3
--2
-
+
1e
e10
++1
++1
1.2.3
abc
abc
abc
1e+
000.e
1e-
-
abc
1e-
+
1e+
--2
1e
000.e
1e
1.2.3
1ee2
++1
++1
1e
0e
1.2.3
1ee2
1e+
--2
abc
-
e10
+
1e+
abc
1ee2
1e
0e
1.2.3
1ee2
e10
abc
1e
1.2.3
0e
.
1e-
++1
.
1ee2
e10
1e
1e-
1e
++1
0e
-
abc
1e+
1e+
-
1e
e10
.
e10
+
abc
-
++1
1.2.3
1ee2
1.2.3
0e
1ee2
++1
--2
1.2.3
000.e
-
1e+
1e+
-
abc
.
000.e
1.2.3
1e+
++1
1ee2
--2
000.e
000.e
++1
--2
.
--2
1e
+
++1
.
000.e
1e
000.e
1ee2
+
1.2.3
1ee2
e10
-
e10
000.e
1.2.3
.
abc
1e+
abc
--2
1ee2
000.e
000.e
1e+
1e
.
1ee2
1e-
1e
--2
0e
0e
0e
0e
.
1.2.3
1e
abc
--2
--2
e10
000.e
abc
e10
+
+
++1
.
abc
1ee2
++1
1e-
abc
--2
-
--2
1e-
-
.
0e
1e+
1e+
1e
0e
abc
1ee2
e10
1ee2
1.2.3
1e+
.
1e+
--2
1e-
1e+
abc
1e+
1e
1e
000.e
++1
e10
.
1ee2
+
1e
abc
1.2.3
e10
000.e
1ee2
0e
1.2.3
+
0e
e10
abc
--2
e10
-
1ee2
.
-
--2
-
-
e10
0e
0e
1e
--2
0e
1e+
000.e
.
1.2.3
-
1e-
1e-
0e
1e-
.
1e
0e
e10
1e
1e+
1e+
1e+
e10
++1
0e
1.2.3
1.2.3
--2
abc
1e-
000.e
1e-
1e
abc
1e+
1e-
.
+
1e-
1e-
1.2.3
+
++1
--2
0e
1.2.3
000.e
++1
abc
+
1e-
1ee2
1e
1ee2
--2
000.e
1.2.3
1e-
e10
--2
1e-
1ee2
++1
-
1.2.3
1e+
1.2.3
1.2.3
abc
-
++1
-
+
1ee2
1e+
1.2.3
1.2.3
.
1e
++1
1.2.3
+
abc
.
--2
.
e10
1.2.3
abc
0e
1e-
0e
1ee2
--2
1e+
1e+
1e+
+
e10
1.2.3
e10
e10
1e-
0e
1.2.3
1e-
1e+
--2
abc
++1
-
1e
e10
1e
1e
1e-
++1
-
++1
e10
+
+
1e-
1e+
abc
1.2.3
+
1.2.3
e10
1e
0e
.
1e
0e
abc
-
1e-
e10
e10
1e+
0e
000.e
+
abc
0e
e10
abc
1e-
000.e
+
1e-
1e+
++1
.
1e
-
0e
1.2.3
.
0e
++1
.
++1
1ee2
.
-
1.2.3
1ee2
1.2.3
1.2.3
.
++1
1ee2
--2
1ee2
1ee2
++1
1e-
1.2.3
1e
1.2.3
-
1ee2
--2
++1
0e
1.2.3
e10
1.2.3
--2
++1
abc
abc
1e
1ee2
0e
000.e
++1
1e
1e+
1e-
e10
abc
++1
--2
--2
1e
abc
000.e
abc
--2
1e
1.2.3
++1
0e
1e+
1e-
+
.
1ee2
1e-
000.e
+
1.2.3
1e-
1e-
.
1e-
000.e
abc
-
1ee2
1e+
0e
++1
000.e
e10
++1
1ee2
+
-
1.2.3
-
0e
000.e
000.e
0e
+
abc
1ee2
1.2.3
1e+
++1
++1
abc
1ee2
+
++1
+
1e+
000.e
1ee2
0e
abc
+
000.e
e10
-
.
1e-
1e+
e10
1.2.3
abc
+
++1
1.2.3
+
e10
1.2.3
++1
1e-
.
1.2.3
e10
++1
1ee2
1e
1.2.3
e10
+
1e-
1e-
.
.
1e
1ee2
e10
0e
1e
e10
1e
++1
1.2.3
+
e10
000.e
1.2.3
--2
000.e
+
1e+
abc
e10
1e-
1e
1.2.3
e10
--2
++1
e10
e10
1e-
.
+
++1
-
0e
0e
-
+
0e
000.e
abc
0e
1.2.3
1e+
1e+
.
1.2.3
++1
000.e
1ee2
1.2.3
-
1e-
-
--2
+
1e-
-
++1
1.2.3
1e+
-
+
-
-
0e
abc
-
++1
1e
+
abc
abc
e10
e10
++1
-
+
1.2.3
++1
1ee2
+
1e+
++1
++1
1.2.3
-
1.2.3
--2
1e+
1e
1ee2
abc
e10
0e
1ee2
0e
e10
1e-
1.2.3
1e-
0e
0e
0e
1e
.
-
abc
1ee2
1ee2
e10
+
1ee2
1e-
000.e
.
-
++1
-
+
1e-
e10
1.2.3
.
--2
+
1e
1e-
1e
1e+
000.e
e10
e10
--2
1e
000.e
+
--2
1e+
-
e10
1ee2
0e
-
1.2.3
000.e
1ee2
++1
1.2.3
1e+
1.2.3
1ee2
000.e
-
0e
e10
1.2.3
+
++1
0e
1e+
--2
.
--2
1e-
-
.
0e
1e
0e
000.e
-
abc
0e
+
-
1.2.3
-
1e
0e
1e
1e+
1e
.
1.2.3
.
e10
0e
1ee2
++1
1e+
000.e
0e
1e+
000.e
1e
000.e
1e-
1ee2
0e
1ee2
1.2.3
abc
--2
1e+
1e+
-
-
++1
.
1.2.3
e10
1e-
++1
+
1ee2
+
-
1ee2
e10
abc
1e+
000.e
1.2.3
000.e
e10
1ee2
.
1e-
1e-
1e-
1ee2
1e-
1.2.3
1e+
000.e
+
000.e
abc
1e
000.e
1e-
-
1.2.3
+
000.e
1ee2
1ee2
000.e
0e
1.2.3
1.2.3
.
000.e
-
1.2.3
.
0e
1.2.3
-
1.2.3
1e
--2
1e
000.e
1e
1e
0e
.
000.e
++1
+
0e
e10
abc
1e+
000.e
e10
.
--2
--2
1e+
++1
abc
0e
1ee2
++1
1e
1ee2
+
--2
-
abc
1e+
1.2.3
e10
++1
++1
1e+
+
-
e10
abc
1e+
--2
-
1ee2
1.2.3
1ee2
+
--2
--2
0e
1e
0e
++1
-
abc
-
-
1e
.
+
1ee2
0e
e10
++1
1ee2
abc
1e+
1ee2
++1
+
++1
.
1ee2
e10
--2
1.2.3
-
000.e
e10
1.2.3
0e
1.2.3
e10
1ee2
abc
--2
.
1e+
+
1ee2
000.e
e10
1.2.3
1e+
1e
000.e
.
abc
1e
1e-
abc
1e
.
++1
++1
1e
e10
1e-
++1
--2
1e
e10
.
1e-
e10
--2
abc
+
-
1e
1.2.3
++1
1ee2
+
1e+
1.2.3
+
1.2.3
abc
0e
0e
1ee2
1e
0e
+
1.2.3
1e+
1e+
abc
1ee2
0e
+
1e+
abc
-
1e-
1.2.3
abc
1.2.3
++1
++1
.
1e-
abc
1e-
1e
--2
.
000.e
abc
.
--2
1e
-
--2
++1
0e
+
e10
1ee2
000.e
e10
--2
1.2.3
.
1.2.3
abc
1.2.3
.
e10
1e+
--2
1e-
1e-
-
1e-
0e
+
++1
1e-
-
1e-
1e+
abc
1e-
000.e
++1
0e
++1
1e+
+
000.e
.
++1
0e
1e+
++1
1ee2
1ee2
+
abc
1.2.3
1.2.3
abc
0e
000.e
.
++1
1e
1ee2
--2
000.e
1ee2
1e+
0e
1.2.3
000.e
+
0e
.
+
1e+
+
e10
000.e
0e
++1
1ee2
1e
1e+
--2
1e+
-
1ee2
1e-
1e-
1e+
000.e
1.2.3
0e
++1
1e-
abc
e10
e10
1e-
000.e
1e-
+
--2
-
abc
0e
1.2.3
1e
1.2.3
--2
++1
abc
++1
1e
-
.
1.2.3
abc
++1
e10
1e+
++1
++1
1ee2
1e+
-
e10
000.e
abc
1e+
abc
000.e
0e
abc
e10
++1
.
e10
.
1e-
1ee2
1e
--2
e10
++1
++1
1e
abc
1e+
000.e
1e+
1ee2
1e-
.
1.2.3
--2
abc
1.2.3
1e
1ee2
000.e
000.e
1e+
abc
0e
--2
--2
-
+
1e+
000.e
e10
e10
e10
1e+
1ee2
1e-
e10
0e
1e
0e
-
0e
0e
1e+
++1
0e
.
.
+
1e+
1e-
+
abc
1.2.3
-
1.2.3
.
000.e
++1
0e
++1
1ee2
0e
--2
e10
.
1e
000.e
e10
++1
e10
1e-
--2
1e
abc
1e
--2
0e
abc
-
1e-
000.e
000.e
abc
1.2.3
e10
000.e
-
+
-
1e-
-
1e+
-
1e-
0e
1ee2
000.e
1e
--2
1ee2
000.e
1.2.3
+
000.e
e10
1.2.3
-
1e-
1e-
000.e
--2
.
1e+
0e
1.2.3
--2
.
1e+
.
+
1e
000.e
1e+
++1
1ee2
1e+
e10
1.2.3
+
abc
1ee2
.
000.e
++1
1e+
0e
++1
e10
abc
--2
1e
--2
1e-
1e+
1e-
abc
1e+
1e+
-
1ee2
.
--2
1e
--2
1ee2
+
-
1ee2
--2
1ee2
++1
1ee2
1.2.3
1.2.3
+
abc
.
++1
000.e
000.e
abc
-
++1
1e
1.2.3
1e+
++1
.
e10
000.e
1e+
.
1e-
--2
1ee2
1e-
1ee2
++1
1e+
e10
++1
+
e10
+
1e
.
1.2.3
--2
e10
e10
abc
1.2.3
abc
1e-
--2
1.2.3
1e+
.
1e-
1e+
+
++1
e10
+
1.2.3
-
000.e
0e
+
++1
1.2.3
++1
++1
abc
-
e10
++1
1e+
1.2.3
++1
e10
1ee2
e10
++1
e10
0e
.
1e+
abc
+
--2
.
+
000.e
1.2.3
--2
1e-
e10
1e
1ee2
1.2.3
+
--2
1e+
e10
1.2.3
+
1e
1e+
--2
+
1.2.3
0e
abc
e10
1.2.3
000.e
+
1ee2
e10
1.2.3
abc
-
-
000.e
abc
000.e
0e
e10
+
1e
-
000.e
e10
--2
--2
++1
1ee2
++1
++1
.
1e+
--2
1e
++1
1e
+
1e
1e
++1
1e
.
0e
1ee2
1.2.3
1e
1e+
1e
-
-
--2
1.2.3
000.e
1e+
0e
.
abc
1e
-
1e-
+
+
-
000.e
1.2.3
abc
-
0e
+
1ee2
+
1ee2
++1
1e+
1ee2
1e-
+
e10
1e
000.e
0e
000.e
1e
0e
.
++1
e10
1e
1ee2
1e-
.
1ee2
0e
.
1e
e10
1e-
++1
-
1ee2
abc
e10
abc
1ee2
1ee2
-
--2
.
1e
+
000.e
abc
-
--2
0e
0e
e10
.
+
1e
++1
abc
1.2.3
abc
1.2.3
++1
--2
+
1e
--2
1ee2
abc
0e
1e
abc
000.e
1e+
.
1.2.3
abc
abc
000.e
++1
-
.
1ee2
0e
1ee2
abc
e10
1ee2
1.2.3
-
0e
.
1ee2
-
0e
--2
-
1.2.3
1ee2
1e-
0e
abc
0e
abc
1e-
abc
--2
1e
--2
.
+
0e
1e+
1ee2
1e-
.
++1
--2
1e-
--2
--2
000.e
0e
1ee2
000.e
++1
1e+
.
000.e
--2
.
+
1ee2
1e
1ee2
1ee2
1ee2
1e
abc
0e
1ee2
+
abc
++1
--2
000.e
++1
++1
000.e
1e+
0e
1e+
1ee2
1ee2
+
++1
abc
1e-
1e
.
1e-
000.e
1ee2
1.2.3
0e
1e
1e
1e-
1e-
--2
1e
1e+
e10
abc
1.2.3
0e
abc
1ee2
-
0e
1e+
000.e
1e+
--2
.
abc
++1
1e+
e10
e10
.
++1
--2
+
e10
--2
e10
-
000.e
++1
1ee2
1e+
0e
1e
1e
e10
1e
1e
0e
abc
1e
1.2.3
000.e
.
--2
1e+
1ee2
e10
1.2.3
.
--2
--2
++1
abc
0e
000.e
000.e
1e
--2
-
1e-
1e-
0e
1e-
000.e
+
000.e
0e
--2
--2
0e
000.e
000.e
1ee2
+
000.e
1e
1ee2
-
1e-
0e
.
1ee2
--2
1e
0e
-
.
1e+
1e+
1ee2
--2
0e
1ee2
000.e
++1
0e
--2
1e
1e+
1e
+
1e
1e+
1e+
1e+
abc
+
000.e
.
+
000.e
1e+
e10
0e
abc
1e
1e
1.2.3
-
1e-
abc
0e
1e+
-
--2
e10
+
.
++1
--2
1e+
1e
-
abc
1e+
000.e
000.e
+
1.2.3
e10
e10
-
1e
1ee2
1ee2
1e
--2
abc
++1
+
000.e
000.e
e10
1.2.3
e10
000.e
--2
1.2.3
++1
abc
-
1ee2
1.2.3
+
1ee2
e10
-
.
+
--2
1e+
0e
1e
++1
--2
-
++1
.
1e
1e+
+
--2
--2
++1
e10
.
0e
1ee2
000.e
abc
-
--2
0e
1e+
0e
e10
0e
0e
1ee2
1.2.3
1ee2
0e
1e-
1ee2
+
000.e
abc
000.e
1ee2
1e-
++1
1ee2
1e+
--2
--2
e10
.
1ee2
1ee2
1e+
e10
-
.
.
--2
++1
1e+
1ee2
1e
000.e
0e
1.2.3
1e-
.
1e+
abc
++1
+
--2
1e-
000.e
000.e
000.e
1e
-
000.e
+
1e+
1e+
0e
1e-
abc
-
e10
000.e
.
000.e
0e
++1
--2
1e
abc
++1
0e
000.e
1ee2
000.e
e10
e10
.
-
+
1e
1e
e10
abc
++1
1e-
1e-
+
1e
1.2.3
0e
000.e
1e-
abc
0e
1e+
1e-
1.2.3
1ee2
++1
abc
1ee2
1ee2
.
1.2.3
e10
++1
1e+
000.e
++1
++1
0e
e10
1e-
1e+
1e
1.2.3
1e
000.e
0e
1e
0e
1.2.3
1.2.3
0e
abc
1e
--2
-
++1
--2
++1
1e+
1e
000.e
-
1e
abc
1e-
1e
1.2.3
1.2.3
abc
+
1e+
1e-
1ee2
1e
--2
+
1ee2
.
1.2.3
0e
e10
1e
000.e
+
1e-
e10
1.2.3
e10
-
-
++1
000.e
1e
0e
1e+
1e+
-
+
abc
000.e
+
e10
1e-
-
1ee2
.
.
000.e
1ee2
1.2.3
abc
++1
0e
++1
abc
1.2.3
0e
1.2.3
.
0e
++1
abc
1.2.3
1e
1.2.3
.
.
1.2.3
.
1.2.3
1.2.3
.
e10
000.e
--2
1e-
000.e
-
1e
-
+
e10
--2
000.e
abc
1e-
.
-
-
++1
e10
1e+
1e-
++1
0e
1e
000.e
e10
1e+
1ee2
1e
.
--2
1ee2
-
000.e
1e+
1.2.3
1e+
-
++1
0e
abc
--2
+
.
1e+
1ee2
abc
--2
abc
1e
.
abc
e10
-
++1
--2
abc
e10
--2
+
1.2.3
1ee2
.
1e+
e10
+
1ee2
abc
0e
000.e
+
e10
000.e
+
+
++1
--2
e10
+
+
1e
0e
-
.
1e-
abc
--2
1ee2
1e-
--2
-
0e
1.2.3
000.e
0e
1ee2
000.e
1e
000.e
-
abc
e10
1.2.3
--2
abc
1.2.3
000.e
1e
1.2.3
e10
1e+
abc
1ee2
e10
000.e
--2
-
e10
1e+
++1
000.e
-
abc
abc
1e+
0e
.
e10
1.2.3
abc
.
000.e
e10
+
000.e
1.2.3
1ee2
e10
1e
1.2.3
1e-
000.e
--2
.
1e
1ee2
1e+
+
0e
++1
+
.
abc
0e
1.2.3
1.2.3
1e-
1ee2
+
-
++1
1ee2
0e
1e+
000.e
0e
1e-
e10
1e+
000.e
++1
1e+
1e+
abc
1.2.3
1ee2
-
abc
0e
-
1e-
++1
+
000.e
.
.
1.2.3
0e
.
1e+
1e
1e+
1e-
1e-
+
1e-
000.e
--2
-
1e-
e10
1e-
1ee2
1e
1e
1e-
++1
--2
0e
1.2.3
e10
1e-
--2
1e
++1
e10
000.e
0e
abc
e10
--2
1e-
--2
1e
abc
++1
abc
.
1ee2
0e
-
000.e
-
1ee2
1.2.3
--2
1e
--2
0e
0e
1e+
1.2.3
000.e
1e+
000.e
1ee2
000.e
++1
1e
1ee2
+
.
1e+
1.2.3
1e
.
1e+
0e
1ee2
e10
1.2.3
+
1e
1e+
1e
000.e
0e
1ee2
+
1e+
1e-
.
000.e
abc
e10
.
000.e
+
abc
1.2.3
abc
000.e
+
--2
1e+
0e
0e
abc
1ee2
abc
1.2.3
+
1e-
abc
1e-
.
0e
1e+
1e
-
.
0e
--2
abc
e10
abc
0e
1e-
+
--2
0e
0e
1e
000.e
++1
1e-
-
--2
e10
1e+
e10
+
1e
1e-
1ee2
.
-
++1
--2
1e
-
--2
1e-
abc
e10
1e-
1ee2
+
1.2.3
e10
++1
1e+
1ee2
abc
e10
1e+
1e+
e10
-
+
1ee2
-
1e
e10
0e
1.2.3
e10
0e
000.e
+
1e+
1e+
abc
1e-
.
++1
++1
1.2.3
-
1ee2
--2
0e
1e
1.2.3
.
1ee2
1e+
abc
abc
-
.
-
0e
1e-
1ee2
1e
1e-
++1
.
abc
1e
0e
abc
1.2.3
0e
1.2.3
1e-
1ee2
abc
e10
+
0e
1e-
abc
-
1e-
.
000.e
1ee2
1e-
+
--2
1e+
1e-
1e
1e-
1e+
1ee2
e10
0e
--2
++1
000.e
+
1e
1ee2
--2
1e+
--2
.
1ee2
1e+
+
1e
1e-
e10
1.2.3
e10
0e
1.2.3
0e
e10
.
1e+
1.2.3
000.e
.
+
1e
1ee2
000.e
abc
--2
0e
+
--2
--2
1e+
1e+
000.e
1e-
1e-
1e
1e+
0e
abc
+
0e
-
1e-
1e-
++1
000.e
1ee2
1e+
++1
0e
1ee2
1ee2
1.2.3
1ee2
1.2.3
abc
0e
1e
1e
1e
--2
1e+
0e
+
.
1e+
1e+
e10
1.2.3
1e+
abc
.
000.e
1e+
000.e
1ee2
++1
1e+
1e
--2
+
0e
++1
.
--2
1ee2
e10
1e-
000.e
1ee2
1e
1e
1e
-
1ee2
-
.
000.e
-
1e+
+
1e+
++1
-
abc
1e-
e10
++1
1e+
e10
++1
1e
++1
1ee2
000.e
abc
1e+
-
000.e
-
1.2.3
+
.
++1
.
1e+
-
000.e
--2
--2
++1
1e
0e
1e+
.
000.e
000.e
+
1.2.3
1e+
.
+
++1
1e+
1e-
-
1ee2
.
++1
e10
abc
--2
1e
-
abc
e10
1e
1e+
1e-
1.2.3
+
--2
1e+
e10
e10
1e
1e+
++1
--2
++1
--2
0e
1ee2
-
1.2.3
e10
e10
.
+
++1
--2
--2
0e
1.2.3
0e
-
1e-
e10
++1
.
1e-
1e
+
1e-
+
+
+
1e
1e-
.
abc
--2
.
+
.
1.2.3
1ee2
+
1e-
-
+
1e+
e10
000.e
1e-
0e
0e
++1
+
1e
++1
--2
0e
--2
--2
abc
.
1ee2
1ee2
.
.
1.2.3
0e
++1
abc
000.e
000.e
1e+
1.2.3
1ee2
--2
1e-
1e
1ee2
1ee2
-
--2
0e
1e
0e
1.2.3
0e
abc
++1
1ee2
e10
000.e
+
++1
--2
.
e10
1.2.3
--2
-
000.e
abc
-
1e
abc
+
++1
000.e
abc
1e-
e10
.
0e
1e+
--2
0e
.
1ee2
++1
0e
.
+
000.e
1e
1ee2
e10
0e
++1
--2
-
.
abc
1.2.3
1e
+
.
1e
1.2.3
1ee2
1ee2
1e+
-
1e
e10
.
+
1ee2
++1
++1
1.2.3
-
e10
--2
e10
+
+
-
+
000.e
1e+
-
000.e
--2
0e
1ee2
--2
1.2.3
1ee2
+
++1
-
e10
-
-
e10
1.2.3
1ee2
--2
e10
1ee2
++1
000.e
e10
++1
.
1.2.3
--2
000.e
abc
-
-
++1
1.2.3
1e+
++1
1.2.3
-
.
.
abc
000.e
.
1e
1.2.3
-
000.e
000.e
+
0e
1ee2
++1
+
1e-
-
-
--2
-
1ee2
1e+
000.e
+
1.2.3
++1
e10
1ee2
.
.
abc
++1
000.e
-
--2
1e
1e
abc
e10
+
1ee2
000.e
0e
1e-
1.2.3
--2
+
-
.
e10
.
1e+
++1
+
e10
1e
+
1ee2
++1
1ee2
.
1e
e10
000.e
.
-
--2
--2
1e+
+
e10
--2
abc
1e-
1e-
1e+
--2
1e-
000.e
--2
abc
1e+
abc
1e
1e
+
1e-
1e+
000.e
abc
++1
.
++1
1e
1.2.3
1e
1.2.3
1.2.3
+
++1
--2
+
1e
1e+
.
-
000.e
abc
e10
1.2.3
1e+
0e
--2
1e-
-
e10
.
1e+
abc
abc
abc
1e+
0e
1e-
000.e
1.2.3
1e
1ee2
000.e
000.e
.
1e+
0e
1e
+
.
1e
1ee2
.
000.e
e10
1e
0e
0e
e10
++1
000.e
--2
1ee2
.
1e-
1ee2
1e-
-
e10
1e
abc
e10
1.2.3
1.2.3
.
1.2.3
.
0e
0e
-
1ee2
1e
0e
-
1e-
-
-
.
1e+
1e+
1.2.3
++1
+
1e-
-
abc
abc
1e+
.
abc
++1
000.e
-
--2
1e-
++1
abc
1ee2
000.e
.
.
0e
0e
1ee2
+
--2
e10
-
e10
1e-
1e-
1.2.3
000.e
--2
1e
0e
e10
1e-
-
abc
1.2.3
abc
1e-
abc
000.e
e10
1ee2
--2
++1
+
1.2.3
0e
e10
.
1e
abc
.
e10
.
1e+
+
1e-
e10
--2
++1
0e
-
-
abc
1e
++1
++1
1ee2
1e+
abc
1e-
--2
000.e
-
--2
000.e
000.e
e10
+
-
1e
-
+
1e-
+
--2
1ee2
--2
e10
++1
1.2.3
1ee2
1e-
000.e
e10
-
++1
--2
--2
0e
1ee2
++1
1e-
e10
--2
-
+
+
-
++1
1.2.3
++1
++1
1e+
abc
000.e
--2
+
+
e10
1e-
000.e
++1
+
++1
+
1e
1ee2
1.2.3
000.e
--2
000.e
+
--2
+
1e-
1e+
e10
1ee2
e10
0e
000.e
.
1e-
+
.
1e
e10
000.e
1e-
-
1.2.3
abc
1ee2
--2
1e
.
1e-
1e
1e
-
++1
+
000.e
1e-
1ee2
1e
abc
++1
.
1e+
--2
--2
.
+
--2
+
+
1e+
0e
.
--2
e10
1e+
abc
1e-
1e-
e10
000.e
abc
.
1.2.3
-
-
1e+
1e+
abc
1ee2
1ee2
++1
+
1.2.3
++1
000.e
-
1e-
1ee2
1ee2
-
abc
1e+
abc
1ee2
-
1e+
1ee2
++1
1.2.3
1e+
000.e
.
1ee2
e10
-
e10
1ee2
++1
.
e10
e10
1ee2
.
1e+
-
1e
-
000.e
1e
++1
abc
e10
1e
e10
e10
1e+
1.2.3
000.e
1.2.3
0e
1e
+
1e
0e
e10
000.e
abc
.
000.e
1e
1e+
1.2.3
-
1e
-
1e
1e+
abc
e10
1e-
abc
0e
+
1e+
.
1e+
1ee2
--2
e10
abc
++1
1e-
1e
1e-
+
e10
-
-
++1
1ee2
++1
--2
1ee2
1e+
1e
e10
1e-
1.2.3
-
abc
1ee2
-
1ee2
+
1ee2
1e-
-
0e
000.e
1ee2
+
+
1e
1ee2
-
-
0e
--2
1.2.3
0e
abc
++1
1e+
.
+
0e
1e+
+
1e+
+
000.e
1e-
0e
1e-
000.e
1ee2
e10
++1
-
1ee2
1e+
1e-
000.e
1.2.3
.
++1
abc
abc
e10
--2
1e-
abc
-
abc
-
+
++1
-
--2
e10
1ee2
1e+
0e
++1
-
++1
.
000.e
1e
++1
+
1.2.3
1e
1e
.
0e
--2
0e
.
.
.
1e+
e10
1.2.3
1e+
1ee2
++1
000.e
1e
1.2.3
1ee2
1e
000.e
+
000.e
1.2.3
abc
-
e10
abc
0e
+
abc
000.e
1ee2
++1
--2
1ee2
1e-
--2
-
-
++1
abc
++1
000.e
--2
1.2.3
.
1e+
.
1e+
1.2.3
--2
e10
--2
000.e
+
1ee2
.
e10
-
1e
+
++1
1.2.3
1ee2
++1
1.2.3
++1
+
1ee2
0e
1e+
1e+
-
1.2.3
000.e
000.e
1e+
0e
000.e
++1
0e
e10
abc
1ee2
000.e
000.e
++1
1e+
++1
1e
1.2.3
1e+
000.e
abc
.
1e
0e
1e+
000.e
+
1e
1ee2
-
0e
1e
1e-
0e
1e
1e+
-
1e-
1e-
1.2.3
abc
1e-
1e+
1e
+
--2
1e
1e-
0e
1e
--2
+
1ee2
-
1.2.3
--2
1e
.
--2
1e
1ee2
abc
.
1e+
1ee2
1e
+
000.e
.
+
1e-
-
000.e
1.2.3
1e
000.e
1.2.3
+
1e
1.2.3
1e+
++1
++1
1e+
.
++1
--2
1e-
1.2.3
.
1e-
000.e
--2
1e+
1.2.3
1ee2
1.2.3
1e-
--2
1e
e10
1.2.3
e10
e10
1e+
0e
1ee2
1ee2
1e-
abc
+
+
1e-
0e
000.e
abc
+
e10
1e-
abc
+
0e
.
1ee2
-
.
1e
1e
0e
1ee2
000.e
-
++1
.
++1
0e
0e
e10
-
0e
-
000.e
1.2.3
e10
.
0e
.
1e-
1e+
000.e
abc
1e
.
++1
++1
0e
abc
1e-
++1
--2
1e+
1.2.3
-
e10
1e-
++1
e10
000.e
1e+
1e
1.2.3
abc
-
++1
1ee2
.
1ee2
+
.
-
.
.
++1
1e-
.
1e+
-
--2
--2
0e
1e-
+
0e
.
--2
++1
1.2.3
000.e
1ee2
+
-
e10
--2
1.2.3
abc
0e
.
.
1ee2
+
000.e
e10
abc
abc
abc
1.2.3
--2
-
abc
.
1.2.3
1.2.3
0e
--2
1e
+
++1
000.e
--2
abc
1e+
1e
0e
1e+
+
000.e
--2
1e+
e10
+
1e-
1e-
--2
--2
1e+
1ee2
--2
-
000.e
1e+
0e
+
.
-
--2
-
1ee2
1e
++1
1ee2
1e+
1.2.3
e10
1.2.3
1ee2
--2
-
.
0e
000.e
-
++1
-
1e+
.
000.e
1e
1e-
--2
1ee2
1.2.3
-
.
.
++1
1ee2
abc
1.2.3
abc
--2
e10
abc
abc
+
1e-
e10
.
--2
1e-
1e
1ee2
+
e10
e10
000.e
+
1.2.3
1e-
1ee2
0e
--2
abc
abc
1ee2
000.e
1e+
1e+
-
1e-
000.e
--2
-
1ee2
1e-
1.2.3
000.e
e10
1e+
000.e
.
e10
1e-
1.2.3
e10
.
+
1ee2
abc
1e+
1e
1.2.3
.
e10
1e+
+
.
1ee2
-
1e-
1e+
1.2.3
0e
e10
1e-
abc
1.2.3
+
000.e
--2
1e
.
0e
1e
1e-
++1
1e
1e-
+
--2
1e
1ee2
e10
.
1e-
+
0e
--2
1ee2
++1
+
.
1e-
1e-
++1
1e
1e
1e-
1e-
000.e
-
0e
1.2.3
1.2.3
+
000.e
--2
1ee2
000.e
0e
1ee2
.
abc
--2
1e
1e-
+
1ee2
--2
000.e
++1
abc
.
000.e
1e
.
-
1e
1.2.3
.
.
000.e
--2
--2
+
1ee2
000.e
--2
-
+
1.2.3
++1
1ee2
1ee2
1e
1.2.3
1e-
1e-
0e
0e
abc
1e+
1e
1e
1e-
.
abc
1e
0e
.
0e
abc
1.2.3
--2
1e-
000.e
-
1e
-
1.2.3
++1
0e
1e+
1.2.3
1e
.
-
1.2.3
e10
000.e
abc
-
1e+
--2
-
--2
--2
1e
1e-
1e
++1
1.2.3
abc
1.2.3
++1
++1
1e-
abc
abc
--2
000.e
.
1e+
+
000.e
0e
abc
.
1e
1e+
-
-
0e
1e
1e+
++1
--2
abc
--2
1.2.3
1ee2
1e+
abc
1ee2
+
1e
.
1ee2
-
--2
1ee2
++1
0e
1e-
++1
1e+
abc
1ee2
1e+
.
++1
000.e
abc
++1
1e
1e+
0e
1e+
e10
.
1e+
1.2.3
++1
e10
1.2.3
000.e
000.e
1e+
+
1e
0e
e10
1e+
1.2.3
abc
++1
--2
+
1ee2
abc
-
1ee2
+
000.e
1e
1e
1ee2
0e
0e
abc
.
1e-
+
e10
000.e
0e
1.2.3
1e-
1e-
+
000.e
++1
e10
1e+
1e+
abc
1.2.3
-
.
1.2.3
e10
--2
--2
1ee2
+
1e-
+
1ee2
.
.
abc
000.e
+
1e
--2
1e+
1e
1e
+
0e
000.e
.
1ee2
1.2.3
--2
1e+
-
000.e
1e
1.2.3
+
1e-
000.e
++1
1e-
.
++1
.
1e-
1e-
+
.
+
-
1.2.3
.
++1
++1
1ee2
1e-
1.2.3
1ee2
.
000.e
.
1e
++1
e10
1e
0e
-
1e-
000.e
0e
1.2.3
1e+
0e
000.e
1e
--2
e10
e10
1e
-
1e+
+
1.2.3
1e-
++1
e10
-
abc
000.e
1e
+
--2
1e-
1e
1.2.3
1e+
e10
+
e10
1e-
e10
0e
.
000.e
.
.
--2
+
-
1e+
++1
1e-
e10
-
+
1ee2
e10
++1
-
1e
abc
1e
e10
e10
1.2.3
1.2.3
0e
-
1ee2
1e+
1ee2
++1
1ee2
++1
--2
000.e
--2
1e
+
++1
1.2.3
--2
1e-
1ee2
++1
1.2.3
1e-
1.2.3
1e
.
0e
.
abc
.
1e
000.e
++1
++1
e10
1.2.3
.
000.e
1ee2
.
1e+
1e-
1.2.3
++1
--2
1e+
1e
000.e
1.2.3
1e
--2
--2
+
1e-
.
000.e
1e-
--2
0e
++1
e10
1.2.3
1e
1ee2
+
--2
1e+
abc
e10
1.2.3
000.e
--2
-
--2
1e-
1.2.3
e10
--2
000.e
000.e
--2
-
--2
e10
+
1e
-
000.e
+
1e
0e
--2
abc
0e
1e
1e+
-
1e+
0e
++1
--2
000.e
1e
e10
1ee2
1.2.3
e10
1ee2
.
e10
000.e
0e
e10
++1
abc
abc
-
1e
1e+
++1
++1
--2
1e
.
1e-
+
1e
++1
1.2.3
++1
+
1e-
000.e
1e+
1e
++1
e10
1.2.3
000.e
abc
.
1e
abc
0e
++1
-
1e
e10
++1
-
+
abc
1ee2
.
000.e
abc
1e+
--2
.
000.e
0e
.
1.2.3
0e
+
1e
.
--2
1e-
1ee2
000.e
abc
1e-
++1
abc
-
000.e
--2
++1
+
1e+
+
1e
1e+
1e
-
1e-
abc
-
1e+
1.2.3
1ee2
1e+
1ee2
1e+
000.e
+
0e
abc
-
1e-
+
1e
-
1e-
1e
+
.
1e+
--2
1ee2
+
--2
.
+
.
0e
1e
+
0e
e10
-
000.e
-
1e+
1ee2
++1
--2
abc
.
000.e
-
0e
1ee2
1e-
1.2.3
e10
1.2.3
++1
+
000.e
1e+
1.2.3
1e
abc
0e
--2
1e+
1.2.3
.
.
000.e
.
1e-
++1
1e
e10
0e
e10
--2
.
--2
abc
0e
abc
++1
1ee2
1ee2
+
abc
1ee2
0e
1e+
1e-
000.e
++1
1e
000.e
.
abc
--2
000.e
1e-
1ee2
.
1e+
++1
-
+
0e
--2
-
1e-
1.2.3
abc
-
1e+
--2
1e+
abc
+
0e
1.2.3
0e
abc
1.2.3
--2
1ee2
000.e
1ee2
000.e
.
e10
1e-
--2
1ee2
0e
1ee2
1ee2
0e
++1
1e+
+
.
++1
1ee2
1e
e10
1e
++1
++1
1e+
e10
1e-
+
e10
1ee2
-
-
1e-
1ee2
-
1.2.3
1e+
+
+
.
1e
1.2.3
1.2.3
1ee2
--2
.
e10
1.2.3
++1
.
abc
0e
1e+
-
1e+
abc
abc
-
1e+
0e
--2
1.2.3
1ee2
1e+
1e-
--2
1e-
-
1ee2
.
+
000.e
0e
1e
1ee2
1.2.3
--2
1e-
1e+
1.2.3
0e
1e+
-
-
0e
++1
0e
+
1ee2
1e+
e10
.
1e
e10
1.2.3
1e
1e
0e
.
0e
--2
.
000.e
0e
1e-
+
1e+
abc
.
abc
++1
e10
1e
--2
000.e
1e
1e-
abc
1.2.3
1e+
+
0e
--2
abc
abc
1ee2
1.2.3
e10
1e+
abc
+
--2
--2
++1
--2
-
+
.
.
1e
.
+
e10
000.e
1e
1ee2
000.e
e10
1ee2
1.2.3
-
++1
abc
1e
1e+
0e
000.e
-
0e
000.e
1.2.3
--2
+
++1
++1
1e-
1.2.3
+
1.2.3
1e+
--2
abc
-
1e
+
1e
-
abc
-
1e+
--2
e10
+
1ee2
1e+
1ee2
1e-
abc
+
1e
--2
1e-
abc
1.2.3
1e
1.2.3
abc
--2
1e
.
1e
abc
1e-
e10
1ee2
.
000.e
1e-
+
--2
1ee2
.
++1
+
1ee2
e10
++1
.
++1
.
0e
e10
e10
+
++1
1.2.3
++1
000.e
.
e10
abc
1ee2
1e
e10
1e
abc
-
1e-
0e
1.2.3
1.2.3
--2
1.2.3
1ee2
1e
-
1ee2
000.e
0e
-
++1
-
+
+
e10
000.e
-
1e+
.
1e
-
++1
abc
0e
1e+
1.2.3
abc
.
abc
+
.
1.2.3
1e
+
++1
1e
1e
-
+
1e
1e
+
1e-
000.e
000.e
0e
0e
e10
-
1e-
1e
1e-
+
000.e
abc
++1
abc
1e
++1
1e
1ee2
-
1e+
1.2.3
-
1e
1e
abc
1.2.3
.
e10
-
1e
1.2.3
e10
1e-
-
abc
0e
e10
.
--2
+
0e
-
1e-
-
e10
1.2.3
--2
1ee2
.
.
000.e
1e-
e10
++1
1ee2
1e+
e10
0e
1e+
++1
++1
1e-
--2
1.2.3
1e+
0e
1e+
1e+
--2
1e-
++1
++1
+
0e
--2
1e-
+
1ee2
e10
1e+
.
1e-
1e+
--2
abc
.
.
1e
e10
1e
-
--2
--2
000.e
1.2.3
1ee2
+
e10
1.2.3
++1
1e+
abc
1e+
e10
-
1e
--2
1e-
1ee2
0e
1e-
1e
000.e
e10
e10
++1
++1
0e
-
1.2.3
e10
1e
1e+
-
000.e
abc
.
0e
++1
.
1e-
.
1ee2
1e-
1e
1.2.3
abc
1e-
.
-
-
-
000.e
--2
++1
1ee2
.
1e-
++1
1e
-
++1
++1
1e-
1e+
0e
000.e
1e-
--2
--2
1ee2
abc
1e+
.
1ee2
.
.
+
1ee2
+
e10
-
--2
1e+
abc
1e
1.2.3
+
-
+
000.e
+
0e
+
1ee2
e10
.
++1
1.2.3
abc
--2
+
e10
1e+
000.e
1.2.3
1.2.3
1.2.3
0e
+
+
.
0e
1e+
1.2.3
.
++1
0e
1.2.3
++1
--2
1e
-
000.e
-
000.e
1ee2
-
1.2.3
1e+
0e
e10
abc
abc
1.2.3
1e-
-
e10
.
--2
1e+
1e-
000.e
0e
1e+
1e-
abc
+
1e
1e
+
1e
++1
+
0e
e10
e10
000.e
1.2.3
.
+
.
--2
e10
1e+
1.2.3
1e+
1e
0e
abc
1e-
+
0e
000.e
abc
-
000.e
1e
--2
1e
1e-
1e
.
1.2.3
abc
0e
e10
+
e10
1.2.3
1e
1e+
-
1e-
000.e
-
++1
1e
1e+
+
0e
000.e
1e
1e+
++1
++1
abc
000.e
1e
abc
1e
++1
++1
abc
abc
1.2.3
1ee2
--2
1.2.3
1e+
1e-
e10
.
1e
-
000.e
1.2.3
000.e
-
1.2.3
.
--2
1e
0e
abc
abc
1e
0e
-
000.e
.
1e
-
0e
0e
e10
1ee2
1e+
0e
000.e
e10
1e-
e10
abc
abc
abc
.
1.2.3
.
1e+
+
++1
abc
1e+
0e
1.2.3
++1
++1
1ee2
000.e
000.e
.
1.2.3
000.e
-
++1
abc
000.e
abc
000.e
1e+
++1
e10
1ee2
e10
1e+
+
+
1e
1e
1.2.3
1.2.3
000.e
1e+
.
.
1e-
000.e
1e-
000.e
abc
+
.
.
++1
1.2.3
--2
1.2.3
+
0e
.
1e-
1e-
000.e
1ee2
++1
1e+
++1
--2
.
+
e10
1ee2
abc
1ee2
1ee2
1e
000.e
1e+
1e
abc
++1
1e+
-
--2
abc
abc
abc
++1
.
+
1ee2
1e-
abc
.
0e
1.2.3
abc
1e-
1e
1e-
--2
abc
1e
e10
0e
++1
.
1e-
0e
1e+
+
.
++1
.
1e+
1ee2
1.2.3
e10
1e-
1e-
000.e
+
1ee2
0e
abc
abc
1ee2
+
1e
1e-
1e
e10
1e+
--2
0e
1e
--2
1e
1.2.3
1ee2
--2
1ee2
1.2.3
+
abc
1ee2
+
.
1.2.3
++1
++1
1e
1e+
abc
1e+
++1
abc
e10
1e-
0e
0e
1.2.3
+
-
0e
e10
0e
.
1e-
abc
--2
1e
e10
e10
+
e10
1ee2
abc
1e-
--2
++1
0e
--2
++1
1e+
1ee2
++1
000.e
e10
1e-
1e+
.
e10
abc
e10
1.2.3
1e
1e
1e
.
.
-
--2
1e
000.e
.
--2
1e-
000.e
1e-
000.e
++1
1e
.
abc
abc
abc
e10
1e
1ee2
1e-
++1
1e+
--2
.
1e+
-
-
.
+
++1
+
.
1e
abc
1.2.3
1.2.3
1e
+
1e
abc
.
abc
abc
1e-
1e+
--2
1e-
000.e
+
+
abc
1.2.3
0e
1ee2
1e-
0e
++1
1e+
e10
000.e
1e+
-
1e
e10
.
abc
-
++1
1ee2
+
0e
+
1.2.3
abc
.
1e
++1
++1
1e
abc
abc
+
1e-
1e-
1e
1e-
--2
-
--2
1e-
1e-
++1
.
0e
1ee2
++1
1e+
-
1e
1ee2
000.e
abc
++1
1e-
1.2.3
1ee2
1.2.3
1.2.3
++1
-
-
e10
1e-
--2
000.e
abc
abc
e10
++1
1e+
abc
1.2.3
000.e
e10
-
000.e
e10
-
1.2.3
-
1e
+
--2
abc
abc
e10
1ee2
1e+
e10
+
000.e
0e
+
1e
abc
abc
000.e
1ee2
1e-
1ee2
1e
--2
++1
+
1ee2
0e
e10
++1
000.e
1.2.3
1.2.3
000.e
--2
1ee2
.
1e-
1e
1ee2
e10
000.e
--2
abc
e10
1.2.3
--2
1e+
1e
000.e
.
1e
.
abc
++1
--2
--2
-
-
1ee2
1ee2
-
abc
e10
e10
1e
++1
0e
000.e
1.2.3
0e
-
abc
1.2.3
0e
1.2.3
0e
1.2.3
e10
++1
e10
e10
1e-
+
.
0e
1ee2
e10
1ee2
.
.
++1
1ee2
1e-
000.e
1e-
0e
--2
1ee2
-
++1
1e-
1ee2
1ee2
000.e
.
-
000.e
1e+
0e
abc
0e
e10
0e
1.2.3
0e
1e-
+
1ee2
e10
1e-
e10
e10
1.2.3
++1
abc
--2
abc
+
1.2.3
000.e
0e
1e
1e+
-
e10
--2
e10
e10
1e
+
--2
1ee2
abc
000.e
abc
1e
0e
abc
1e
++1
.
0e
0e
0e
+
abc
abc
1ee2
abc
1e-
1e-
000.e
000.e
e10
abc
1e+
000.e
e10
000.e
1e-
1.2.3
+
.
-
abc
abc
1e
+
++1
--2
abc
000.e
1.2.3
.
1ee2
1.2.3
--2
1e-
-
000.e
1.2.3
1ee2
e10
1e-
1.2.3
1e
abc
e10
+
abc
e10
1ee2
1ee2
abc
0e
abc
1e+
1e-
.
1ee2
abc
e10
-
0e
++1
000.e
1ee2
e10
++1
1e+
1e
e10
+
0e
.
000.e
000.e
-
000.e
.
1e-
1.2.3
--2
e10
-
1.2.3
--2
.
0e
abc
000.e
000.e
++1
1.2.3
1e+
-
1e+
-
+
++1
1e-
e10
0e
e10
+
1e+
+
.
+
.
e10
0e
1e-
1e
000.e
-
0e
0e
1e+
1.2.3
0e
1e-
--2
000.e
1e
.
.
1e+
1e
+
--2
++1
--2
1.2.3
000.e
abc
1e
1.2.3
-
--2
++1
--2
1.2.3
--2
000.e
+
--2
e10
1e
1e
1.2.3
e10
abc
++1
-
e10
e10
000.e
-
0e
--2
abc
+
0e
0e
e10
e10
.
.
1e-
1ee2
--2
++1
.
1e-
--2
e10
0e
abc
+
0e
1ee2
1e+
0e
.
1e+
0e
1.2.3
++1
1e
+
abc
1ee2
1e
1.2.3
1ee2
.
abc
1e
--2
1.2.3
--2
1.2.3
.
1.2.3
++1
--2
1e-
abc
abc
.
0e
abc
.
1e
1ee2
000.e
1e+
1.2.3
++1
1e-
--2
--2
++1
000.e
1.2.3
0e
1e+
1e+
+
++1
+
+
0e
1e
0e
000.e
1.2.3
1e-
-
--2
1ee2
1e+
1e+
1.2.3
e10
--2
+
0e
1.2.3
++1
1e-
.
--2
--2
0e
-
.
e10
-
1e
e10
000.e
1ee2
1e-
000.e
1ee2
1e-
0e
000.e
e10
.
.
--2
+
1.2.3
1.2.3
abc
1e
++1
+
0e
0e
abc
1e+
1e
0e
.
+
0e
1ee2
1e-
1e+
--2
abc
+
1e
0e
+
+
abc
1e
1.2.3
+
+
1e+
1e+
++1
1e+
1e-
000.e
1e
1.2.3
--2
e10
--2
1e+
++1
1e-
1e-
.
1ee2
1ee2
000.e
.
.
1e-
+
--2
.
1ee2
1ee2
--2
1ee2
++1
++1
1e+
abc
abc
1ee2
--2
1ee2
1ee2
1e+
1ee2
.
--2
000.e
1ee2
abc
1.2.3
abc
++1
++1
abc
1.2.3
1.2.3
1e+
abc
0e
1e+
abc
1ee2
1e
1e-
+
0e
--2
e10
1e-
++1
1ee2
.
.
-
1ee2
1e
abc
1e+
+
e10
abc
1ee2
abc
0e
.
1e
1.2.3
-
+
0e
e10
1e-
1e
++1
000.e
0e
1e-
--2
+
0e
e10
--2
1e+
+
0e
1e
000.e
--2
+
1e+
.
1e
0e
.
000.e
1ee2
1e
++1
1e
+
.
1.2.3
--2
+
1e-
1e-
++1
0e
++1
000.e
1e
abc
++1
-
++1
+
1.2.3
1e
0e
1ee2
+
+
0e
.
1e-
+
1ee2
1e+
0e
-
1e
1e-
0e
+
e10
1.2.3
abc
-
-
e10
1e+
000.e
abc
.
e10
-
000.e
000.e
++1
1e-
+
-
-
1.2.3
.
0e
1.2.3
++1
abc
000.e
1.2.3
++1
e10
.
abc
abc
1e
++1
+
e10
000.e
+
0e
000.e
--2
0e
000.e
1e-
1.2.3
1.2.3
--2
+
abc
-
1ee2
-
0e
+
1.2.3
-
1.2.3
1e+
+
+
1ee2
e10
0e
++1
+
1e-
000.e
+
-
-
1ee2
000.e
1ee2
.
abc
0e
1ee2
1e+
e10
1e+
e10
-
.
abc
1e-
1e
-
1e-
-
000.e
1e+
1e-
1e
abc
1ee2
++1
000.e
e10
++1
+
1.2.3
--2
e10
+
e10
1.2.3
+
1.2.3
1e-
000.e
1e-
.
e10
1e+
1e-
1.2.3
1.2.3
-
0e
000.e
-
1.2.3
-
000.e
1e
abc
-
000.e
0e
0e
000.e
--2
-
abc
1e+
1ee2
1ee2
e10
+
1.2.3
1e-
1.2.3
-
1e+
000.e
1e-
1e-
1.2.3
.
1e+
++1
.
0e
1e-
-
1ee2
1e+
++1
--2
1.2.3
1e
abc
1ee2
abc
1e
e10
.
1ee2
+
1.2.3
++1
+
e10
--2
000.e
1e+
.
1ee2
1e-
+
1ee2
-
.
0e
1e
-
1ee2
--2
e10
1.2.3
.
1e+
1e
abc
0e
.
000.e
1ee2
++1
-
0e
1.2.3
1ee2
.
--2
--2
--2
++1
1.2.3
++1
-
e10
abc
000.e
.
1ee2
1e-
e10
1e+
1.2.3
1e+
++1
e10
--2
.
+
++1
abc
1.2.3
.
+
1.2.3
-
1ee2
0e
abc
1e
0e
-
0e
abc
1e-
-
.
abc
1e-
1e+
++1
-
.
-
--2
000.e
e10
000.e
1e
-
1e+
.
000.e
abc
0e
++1
1e-
1e-
--2
abc
e10
e10
000.e
1e-
1.2.3
+
abc
+
1ee2
1e+
0e
1ee2
0e
1e
.
1e-
1.2.3
.
1e+
1.2.3
1ee2
1e-
abc
1e+
1.2.3
.
--2
+
1.2.3
++1
1.2.3
000.e
.
1ee2
abc
1e-
1e
.
e10
000.e
e10
.
e10
1e+
abc
1e
1.2.3
000.e
.
+
1e+
.
++1
abc
.
0e
1e-
abc
1ee2
1.2.3
abc
++1
0e
1e-
++1
.
abc
1e
--2
000.e
-
1e
abc
1e-
1e-
e10
-
1ee2
--2
000.e
+
000.e
-
++1
1e-
1ee2
+
1e+
1e-
0e
.
0e
000.e
000.e
++1
1e+
0e
e10
.
000.e
000.e
1ee2
+
abc
0e
abc
1e-
1e
--2
e10
1ee2
1.2.3
e10
-
--2
000.e
++1
1e+
0e
abc
0e
.
--2
000.e
abc
1e-
e10
-
1e+
+
000.e
000.e
0e
.
e10
1.2.3
-
-
000.e
1e+
.
+
+
--2
--2
--2
0e
-
.
abc
++1
+
e10
.
1e
1e-
1e
abc
-
-
1.2.3
1e+
000.e
.
1ee2
e10
0e
++1
e10
1ee2
1e-
--2
++1
0e
++1
1e+
.
1e-
-
-
+
1e-
000.e
+
.
.
000.e
1e+
1.2.3
1e-
000.e
0e
++1
1.2.3
e10
1e+
1e-
-
--2
abc
0e
1e+
-
1.2.3
1e-
e10
--2
e10
--2
e10
--2
1ee2
0e
1.2.3
000.e
-
1e-
000.e
1ee2
000.e
000.e
1e+
1.2.3
1e-
e10
1e-
--2
-
1ee2
1ee2
000.e
++1
0e
1.2.3
1e+
++1
1ee2
+
e10
1.2.3
000.e
0e
abc
e10
+
000.e
1ee2
.
1.2.3
1ee2
0e
1e
1ee2
1e-
1ee2
1e
e10
1e
1e-
0e
000.e
000.e
1e-
+
+
0e
0e
1e
.
1e+
1.2.3
000.e
1e+
1.2.3
e10
-
.
+
1ee2
+
e10
e10
000.e
000.e
.
++1
1e-
++1
1ee2
.
000.e
--2
.
.
1e
+
e10
.
1e
--2
+
000.e
1.2.3
e10
--2
1e+
000.e
abc
.
++1
--2
1.2.3
-
1e-
1e
++1
+
e10
1e
1e-
--2
.
abc
1e+
++1
+
++1
--2
1e+
1ee2
1e+
1e-
0e
.
1.2.3
1e-
1e+
1e
1e+
abc
--2
1e-
1.2.3
.
-
1e-
.
--2
abc
1e-
-
.
1ee2
1ee2
1e+
1.2.3
-
abc
++1
1e-
++1
1e+
1e+
+
1e
.
1ee2
abc
e10
.
1.2.3
.
abc
1e+
1e-
1e+
.
+
-
000.e
e10
1e
++1
000.e
1e-
1.2.3
1e-
abc
.
e10
1e
e10
1e-
abc
1.2.3
--2
1e+
--2
1e
+
++1
++1
abc
--2
++1
1.2.3
1ee2
-
e10
--2
++1
1e-
e10
abc
1.2.3
+
++1
000.e
.
1e
.
abc
-
+
-
000.e
000.e
e10
++1
++1
000.e
1e+
+
1e+
1ee2
-
++1
+
1e+
e10
+
--2
--2
--2
++1
1e-
1ee2
+
1e
1e
000.e
1e
1e
++1
++1
++1
--2
1e
1e+
1ee2
++1
1e+
1e+
1ee2
0e
1e+
++1
1e+
--2
++1
1e
abc
1e
.
1e-
+
000.e
+
++1
1e
++1
--2
1.2.3
0e
-
.
--2
000.e
++1
0e
-
--2
+
000.e
+
1ee2
1e
000.e
e10
e10
-
1ee2
++1
1ee2
.
1e
1e
1ee2
++1
+
1e
++1
++1
e10
-
+
abc
.
0e
0e
1e+
1e
--2
+
1.2.3
.
e10
-
+
e10
000.e
--2
000.e
1.2.3
0e
1e
1.2.3
1ee2
-
-
++1
1e+
1ee2
1.2.3
++1
000.e
+
1e
1.2.3
abc
1ee2
e10
1e-
1e+
1e+
1e+
0e
++1
1e
++1
++1
1.2.3
1.2.3
1e-
1.2.3
1.2.3
-
1e
1.2.3
+
--2
.
+
--2
1e-
+
000.e
1e+
1.2.3
e10
e10
++1
1e-
abc
--2
1e
1e+
1e+
-
1e
-
1e-
0e
-
e10
1.2.3
1e
1e+
000.e
1.2.3
--2
+
+
1e
abc
1e
-
abc
1.2.3
1e
0e
1e
-
1.2.3
+
e10
1e
000.e
+
abc
++1
1e
e10
e10
1e+
000.e
1.2.3
1e
.
--2
1e-
++1
1e
1e-
++1
1e-
+
1e
++1
abc
-
0e
1e+
1.2.3
1ee2
abc
000.e
1e-
.
abc
.
e10
-
+
--2
--2
1e-
000.e
e10
1ee2
++1
1e-
.
+
.
000.e
e10
1e-
1ee2
0e
1.2.3
1.2.3
++1
.
e10
1e-
1e
.
0e
1e-
1ee2
1e-
0e
1e+
1ee2
1e
0e
1ee2
1e+
000.e
++1
000.e
e10
++1
abc
0e
1e-
1e-
abc
1ee2
e10
1e
1.2.3
abc
-
0e
++1
+
-
++1
--2
+
--2
000.e
+
+
1e
--2
abc
000.e
1e
++1
1.2.3
e10
e10
000.e
1.2.3
000.e
1e+
++1
abc
++1
1e+
1.2.3
-
1e-
0e
1ee2
.
1e+
abc
1ee2
1ee2
+
1e-
1e-
++1
0e
1e-
abc
1e
1e
1ee2
000.e
1e+
-
+
1.2.3
abc
-
1.2.3
e10
1ee2
0e
-
abc
+
1.2.3
++1
1e-
1e
abc
0e
--2
e10
abc
.
1ee2
1e-
1e
e10
abc
1ee2
0e
-
-
1ee2
+
000.e
1.2.3
1ee2
--2
++1
1e+
000.e
-
--2
1.2.3
--2
1e+
1ee2
+
++1
1.2.3
-
1e
+
+
1e+
1ee2
+
1ee2
1e-
1e-
0e
1ee2
000.e
1ee2
000.e
-
1e+
1ee2
e10
e10
1e-
--2
1ee2
1e-
1e
1.2.3
1e
e10
e10
1e+
000.e
abc
+
0e
abc
1.2.3
++1
++1
1ee2
1ee2
e10
000.e
1e+
0e
++1
0e
e10
abc
++1
.
1ee2
1e
1.2.3
abc
--2
+
0e
abc
000.e
1e
000.e
1.2.3
e10
1.2.3
+
.
--2
1e+
0e
1ee2
-
--2
1ee2
+
000.e
-
e10
1e-
1e-
1e-
0e
e10
.
--2
e10
-
++1
++1
1e
1ee2
--2
1.2.3
000.e
-
++1
.
1e+
.
1e-
1e+
0e
1e-
1ee2
e10
000.e
-
.
-
1e
.
1e
.
0e
1e
+
1e-
0e
000.e
+
000.e
abc
.
.
.
abc
1ee2
+
--2
1.2.3
1ee2
0e
1e-
++1
.
+
1e-
-
000.e
e10
--2
.
1e-
abc
-
1e
0e
abc
++1
-
000.e
--2
+
0e
.
1e+
000.e
abc
1e+
+
1e-
1e
+
-
e10
000.e
--2
000.e
-
e10
-
0e
1e+
++1
++1
1e
--2
-
000.e
1ee2
-
1.2.3
1e-
0e
++1
abc
1e+
.
1e+
000.e
.
e10
000.e
abc
0e
+
1ee2
e10
1.2.3
abc
1.2.3
+
++1
--2
-
1e+
1ee2
abc
e10
e10
.
000.e
e10
000.e
++1
1e-
++1
1ee2
.
1.2.3
1e-
abc
++1
--2
++1
--2
0e
abc
1e+
++1
1.2.3
+
-
1ee2
abc
1e-
1ee2
000.e
-
.
1ee2
.
--2
1ee2
1e-
-
0e
-
0e
++1
1.2.3
1.2.3
-
-
--2
1ee2
1.2.3
--2
.
0e
.
1e+
1.2.3
1ee2
e10
0e
000.e
1e-
1.2.3
1ee2
0e
1e+
1e-
000.e
--2
1e+
+
1ee2
0e
-
-
e10
1e-
0e
--2
1.2.3
e10
1e+
++1
1e
-
--2
++1
+
-
++1
abc
.
.
++1
-
.
1e-
1e+
++1
0e
1e+
1.2.3
-
++1
-
1e+
++1
1.2.3
0e
1ee2
0e
0e
e10
000.e
1ee2
0e
--2
--2
1e
--2
000.e
.
1ee2
.
--2
e10
1e-
-
1e-
+
1.2.3
--2
++1
--2
1e
1ee2
++1
1e
e10
1e
--2
e10
1e
1ee2
000.e
000.e
abc
000.e
1e-
++1
1e-
000.e
000.e
1e
1.2.3
1ee2
1e-
e10
--2
abc
1e-
1e
-
000.e
+
1e+
1ee2
e10
+
++1
1.2.3
1.2.3
1.2.3
abc
1e
1.2.3
000.e
abc
e10
1e
1.2.3
+
1ee2
+
--2
.
1e+
1.2.3
1e-
000.e
+
0e
-
0e
--2
1e
1e
1e
1ee2
--2
000.e
0e
abc
1.2.3
1ee2
1e+
1e-
000.e
1e
--2
abc
++1
000.e
++1
-
1e
000.e
1e
++1
1e
1e+
1.2.3
-
0e
abc
.
.
--2
000.e
--2
0e
1ee2
abc
.
1e+
+
1e
1e+
.
1ee2
e10
1e+
.
1e-
1e-
1ee2
++1
.
1e+
.
1e+
1ee2
000.e
1ee2
1.2.3
000.e
1e+
+
1e+
-
1e
abc
1ee2
-
1ee2
1e-
0e
++1
1ee2
0e
abc
0e
-
1e
abc
1ee2
0e
1e
000.e
1.2.3
abc
++1
-
abc
++1
1e+
1e-
++1
1e+
--2
0e
+
1e
++1
.
++1
e10
+
0e
abc
1ee2
abc
1e-
--2
1ee2
++1
000.e
++1
++1
e10
e10
0e
abc
abc
abc
1e+
--2
+
--2
1e+
-
0e
1.2.3
abc
++1
e10
.
1ee2
.
1e+
1e+
1e-
1ee2
e10
0e
abc
.
--2
000.e
1e-
1e
.
--2
e10
1e
.
.
1.2.3
--2
000.e
abc
0e
1ee2
-
1e+
1ee2
1e
1e
-
-
1ee2
1e-
--2
0e
000.e
+
1.2.3
abc
1e-
1e-
1e-
1ee2
+
1e+
1e-
+
0e
1e+
.
+
++1
000.e
+
1ee2
0e
0e
abc
e10
-
--2
.
.
++1
-
000.e
1e-
000.e
--2
0e
0e
abc
1ee2
+
-
e10
0e
1.2.3
+
e10
++1
1e
++1
1e+
1ee2
1e-
-
1e-
000.e
1e-
1ee2
1ee2
1.2.3
000.e
1ee2
e10
1e
0e
abc
+
++1
--2
1e+
--2
e10
0e
++1
1ee2
1e-
e10
++1
1.2.3
1e
1.2.3
1.2.3
++1
0e
0e
000.e
1.2.3
e10
+
+
++1
.
1e-
--2
.
000.e
1.2.3
--2
1.2.3
+
000.e
+
++1
-
0e
e10
+
abc
++1
1e-
0e
+
++1
-
-
0e
abc
.
+
e10
1e+
abc
000.e
abc
abc
0e
+
0e
1e-
+
1e+
e10
1e
+
0e
abc
+
+
.
abc
--2
e10
--2
e10
0e
1e
.
000.e
1e
++1
abc
1e-
+
1e-
+
+
1e
1e+
+
1e
.
.
1e-
--2
1ee2
1e
1.2.3
000.e
1.2.3
1e-
000.e
1.2.3
e10
0e
++1
1.2.3
1e+
--2
1ee2
1e-
-
1e-
e10
1e+
0e
1.2.3
000.e
-
1e-
--2
+
000.e
000.e
000.e
1ee2
--2
++1
+
1e
-
1e-
abc
+
1ee2
1e+
++1
1ee2
1e-
000.e
-
0e
1.2.3
e10
0e
-
1ee2
+
000.e
1ee2
0e
1e+
--2
--2
1.2.3
1ee2
++1
.
0e
abc
-
1e
++1
0e
abc
1e
000.e
0e
1e-
1e+
+
--2
.
0e
1e+
1.2.3
1e-
0e
000.e
e10
+
1e-
+
1ee2
+
1ee2
000.e
-
0e
1e-
.
abc
1e+
--2
1e+
.
1.2.3
abc
e10
++1
0e
000.e
--2
000.e
abc
1e+
--2
.
1e
++1
+
-
e10
1ee2
++1
000.e
--2
abc
1e-
1ee2
1.2.3
1.2.3
1e+
.
.
1e
1e+
abc
1e-
abc
+
--2
1ee2
1.2.3
0e
1e-
1.2.3
1ee2
0e
e10
.
e10
1e+
-
1.2.3
-
-
1e
++1
0e
-
1e-
+
abc
1e
+
1e
1e
000.e
1e+
1.2.3
0e
-
000.e
--2
000.e
-
1.2.3
1.2.3
0e
-
++1
000.e
-
1e-
000.e
.
.
0e
1e-
abc
0e
.
--2
1e-
-
++1
1e+
1.2.3
0e
1e-
000.e
1ee2
1e
abc
-
.
1e
0e
abc
1.2.3
--2
1ee2
e10
+
1ee2
000.e
-
+
.
0e
-
1e
1e+
.
000.e
--2
e10
1ee2
-
-
0e
1ee2
0e
+
1.2.3
abc
--2
1ee2
+
1e
e10
1e-
--2
++1
++1
+
1.2.3
1e
1ee2
0e
1e+
--2
000.e
abc
1.2.3
+
e10
1e+
e10
000.e
-
000.e
1e
e10
1ee2
1e-
+
e10
-
e10
1e
abc
.
abc
1e+
abc
++1
1e+
abc
++1
1.2.3
1e-
++1
.
1ee2
1ee2
.
abc
000.e
++1
--2
1e-
abc
e10
--2
1e
.
+
1e-
1e-
.
000.e
++1
--2
1e+
1ee2
1e+
1e-
.
-
-
000.e
--2
.
abc
++1
.
--2
.
-
++1
+
+
.
0e
+
e10
.
0e
000.e
e10
0e
+
abc
1ee2
-
1ee2
000.e
abc
000.e
++1
+
0e
0e
abc
000.e
1e-
e10
1.2.3
1.2.3
1e-
0e
1ee2
1e-
.
1e
.
1.2.3
1.2.3
e10
-
++1
000.e
.
1e-
1e-
1e
1e-
.
.
0e
--2
--2
1.2.3
1e
.
1e
e10
--2
-
1.2.3
+
-
.
1e+
1e+
000.e
e10
.
--2
-
e10
1e
000.e
++1
000.e
000.e
0e
e10
+
-
--2
0e
++1
.
e10
++1
+
abc
e10
-
-
1e
-
-
1e+
1ee2
e10
1.2.3
-
.
abc
--2
e10
--2
++1
abc
+
.
e10
e10
e10
000.e
1ee2
1ee2
0e
e10
1e
+
abc
.
000.e
1.2.3
.
1e
1e-
abc
1e-
000.e
1e
+
1e+
.
1ee2
0e
1.2.3
000.e
0e
e10
1.2.3
++1
1e
1e-
1ee2
1.2.3
abc
1ee2
1.2.3
e10
e10
1e
1e
-
1e-
--2
abc
1e+
1e+
abc
--2
--2
1.2.3
--2
1e-
.
abc
1e+
000.e
1e
000.e
1ee2
+
++1
--2
.
--2
-
000.e
1ee2
1.2.3
abc
--2
--2
1e
1.2.3
++1
0e
.
.
-
1ee2
000.e
--2
+
++1
1e-
1ee2
-
--2
abc
1.2.3
e10
000.e
++1
e10
1e-
e10
1ee2
1e+
+
.
-
1.2.3
0e
1e-
+
1e-
++1
--2
1.2.3
abc
e10
-
1e-
1ee2
+
++1
000.e
1.2.3
1e-
0e
++1
1e-
-
.
000.e
1.2.3
abc
1.2.3
1e
.
000.e
1.2.3
1e+
+
1e
000.e
1e-
.
1e
0e
--2
1.2.3
000.e
1ee2
--2
e10
++1
000.e
1e+
1.2.3
000.e
++1
--2
abc
000.e
1.2.3
1e+
e10
1e-
1ee2
0e
+
--2
1e-
-
-
1e
1ee2
.
000.e
-
+
e10
+
abc
000.e
.
.
++1
000.e
abc
--2
-
1ee2
-
-
+
0e
1ee2
.
.
+
1e+
--2
.
--2
0e
++1
abc
000.e
-
--2
e10
-
1e+
--2
1e+
1.2.3
000.e
0e
e10
+
abc
1.2.3
+
000.e
1e-
+
000.e
++1
000.e
1e
+
+
1e-
--2
1e+
1.2.3
++1
1ee2
++1
1e-
abc
000.e
e10
1e-
1e+
1.2.3
1e
1e
1ee2
.
++1
+
e10
++1
1ee2
e10
1e+
abc
e10
--2
1e
e10
-
000.e
.
abc
1.2.3
1e-
e10
--2
000.e
-
0e
.
1.2.3
-
-
abc
abc
abc
+
1e+
1.2.3
--2
.
-
1e-
1ee2
-
--2
abc
000.e
1e
-
abc
e10
1e
-
1e
1e
abc
e10
1ee2
.
1e-
-
++1
e10
1ee2
+
1ee2
1e+
000.e
-
1e-
-
1e
0e
1.2.3
abc
abc
1e-
--2
-
000.e
0e
e10
1e-
1e
1ee2
.
++1
1ee2
abc
+
abc
0e
1e-
-
-
++1
1e-
1ee2
1e-
++1
000.e
abc
--2
e10
.
1.2.3
-
-
1e-
-
000.e
1e
0e
+
+
.
1e+
-
0e
-
1e+
e10
1e-
abc
1e
.
-
1e
1.2.3
-
1ee2
e10
1e-
++1
0e
1e-
1e-
1e
1e-
abc
e10
-
1ee2
++1
1ee2
1.2.3
++1
1ee2
1e+
-
+
e10
1e-
-
+
abc
1ee2
.
1.2.3
--2
1.2.3
++1
++1
-
0e
+
-
--2
1e
1e
000.e
abc
1.2.3
e10
000.e
.
1ee2
++1
1e+
--2
1e-
0e
-
0e
1ee2
1ee2
1ee2
0e
1e
--2
++1
++1
.
++1
--2
1ee2
e10
0e
0e
0e
000.e
000.e
1ee2
+
++1
000.e
000.e
--2
1e+
1e-
1ee2
-
-
1e+
++1
1e+
--2
.
1e-
0e
1e-
000.e
--2
000.e
1e+
1e+
000.e
000.e
0e
1e-
1ee2
1e
-
++1
-
.
1e+
1ee2
1e+
--2
--2
.
000.e
1e+
abc
.
.
-
++1
0e
-
0e
++1
e10
1e+
--2
1.2.3
0e
--2
--2
+
0e
1e-
1ee2
-
+
1e-
1e
000.e
+
1e-
.
abc
0e
1e-
abc
1e
abc
-
1e-
+
.
abc
1ee2
0e
1e
1.2.3
abc
.
e10
000.e
++1
000.e
000.e
.
++1
++1
abc
0e
1e+
1e
e10
000.e
1.2.3
1.2.3
1.2.3
.
1e+
abc
1ee2
0e
-
000.e
1.2.3
000.e
1e-
1e-
+
-
.
--2
000.e
.
1e
e10
1e+
1ee2
1e-
.
-
1e+
1.2.3
.
1e+
-
1ee2
1ee2
-
abc
1ee2
1e
++1
++1
1.2.3
++1
1ee2
.
++1
.
1.2.3
000.e
-
0e
+
abc
+
1e+
--2
+
e10
--2
1e-
1e-
1e-
abc
1e-
e10
1.2.3
--2
0e
1ee2
1.2.3
1ee2
++1
1e+
-
1.2.3
1.2.3
e10
1e+
-
1e
-
1e-
1e+
.
-
.
++1
1e+
--2
+
1e-
++1
+
1ee2
000.e
1e+
++1
000.e
.
0e
e10
1e-
000.e
1e-
+
1ee2
1ee2
+
1e-
abc
+
e10
1ee2
1.2.3
0e
1ee2
abc
-
1e+
1ee2
-
1ee2
1e+
abc
0e
1e-
1e
+
000.e
++1
--2
--2
--2
-
++1
1e
1ee2
.
1e
abc
++1
--2
1e+
1.2.3
abc
abc
++1
1e
1ee2
1e+
000.e
.
1e+
1.2.3
e10
1e
1e+
++1
1ee2
e10
1.2.3
abc
000.e
-
-
++1
1e-
.
+
1.2.3
e10
1e-
abc
1e-
+
1ee2
+
e10
abc
-
.
.
++1
0e
0e
--2
+
e10
1ee2
1e+
000.e
--2
1e+
1.2.3
+
1ee2
++1
1e+
-
1.2.3
1.2.3
0e
--2
-
--2
++1
--2
1.2.3
--2
0e
1e
1e-
0e
.
1e
1e-
e10
--2
0e
1ee2
1e+
1e+
++1
abc
0e
1ee2
1e-
1e+
e10
--2
abc
-
++1
1e-
+
e10
.
000.e
+
0e
1e-
1e
e10
.
000.e
1e-
abc
1ee2
1e-
1e-
0e
+
++1
++1
1.2.3
--2
++1
abc
--2
.
+
1e
1e-
1ee2
0e
++1
1e
000.e
1e
000.e
1e+
1.2.3
abc
--2
e10
1e-
--2
-
000.e
-
-
-
000.e
000.e
abc
1e
+
abc
1.2.3
1e
.
000.e
-
1e
1ee2
--2
e10
-
e10
1e-
1ee2
1e
+
1e+
1ee2
+
1e-
1e
e10
.
0e
-
1e
0e
-
1.2.3
.
000.e
1e+
1e-
1e+
abc
1e+
1e-
++1
1.2.3
000.e
--2
abc
1e-
0e
1e-
1.2.3
1e+
++1
e10
1ee2
1ee2
000.e
1e
abc
+
1ee2
e10
1ee2
--2
.
e10
.
1e+
++1
0e
+
+
1ee2
++1
--2
abc
-
--2
+
000.e
--2
0e
1e-
++1
.
abc
0e
000.e
1.2.3
e10
000.e
+
1.2.3
.
1e
1e
e10
1e+
1ee2
0e
-
000.e
--2
.
++1
abc
1e+
abc
.
+
abc
.
.
1ee2
1e+
1ee2
1ee2
1e+
--2
1ee2
.
0e
000.e
-
abc
--2
1ee2
1e-
1.2.3
+
1.2.3
.
+
abc
-
++1
-
.
1e
e10
-
.
--2
+
-
1e
1e-
1.2.3
++1
1ee2
--2
.
-
1e
++1
e10
abc
+
1e-
e10
e10
1e
++1
1e-
abc
1e-
++1
1e
1e+
1e
++1
1ee2
-
1.2.3
abc
1.2.3
1e
++1
1ee2
e10
--2
1e-
+
1e+
+
-
e10
1e
1e+
000.e
abc
000.e
1e-
1.2.3
000.e
-
abc
.
1.2.3
1e+
.
1e+
e10
1e
+
1e+
0e
--2
000.e
1.2.3
1ee2
1e-
000.e
++1
abc
++1
++1
--2
abc
.
.
1e-
000.e
++1
1e+
1.2.3
0e
++1
000.e
1e+
-
0e
0e
1e
1e-
++1
1ee2
--2
++1
++1
1.2.3
1.2.3
1e
e10
++1
--2
0e
abc
000.e
1e-
++1
.
abc
0e
1.2.3
.
1e+
0e
1ee2
+
1e+
-
1e
1ee2
1e-
1.2.3
abc
1e+
1e+
1e-
1e+
1e
1e+
--2
++1
1.2.3
1.2.3
1e-
++1
1ee2
1e+
000.e
1e
++1
1e-
abc
1ee2
.
--2
.
1e+
--2
e10
++1
1e
++1
0e
-
1ee2
1ee2
000.e
-
e10
e10
e10
++1
++1
e10
e10
1e+
1.2.3
.
1e+
abc
0e
1e-
++1
1e+
e10
0e
1ee2
1.2.3
+
1e-
.
1ee2
e10
1e+
0e
.
000.e
+
0e
000.e
+
1e
1.2.3
1e
000.e
000.e
1e+
--2
1e-
1e-
--2
-
1e
1e
1e+
+
1e+
1e
abc
abc
0e
000.e
1.2.3
.
1.2.3
--2
++1
.
1e-
1ee2
-
e10
+
++1
++1
1e-
--2
1.2.3
--2
1e
--2
1e
1e
1.2.3
1e
+
abc
1e-
1.2.3
++1
1e
1e+
e10
-
++1
1e+
abc
1e+
++1
1e+
-
1.2.3
1e
1e
-
+
-
000.e
000.e
e10
e10
-
1e
1e+
abc
-
.
abc
+
-
.
+
1e
+
1e-
e10
--2
000.e
1e-
1e+
++1
++1
1e
0e
1.2.3
1e+
1.2.3
+
++1
-
1e+
1e
--2
-
-
.
++1
1e
0e
.
++1
1.2.3
0e
.
1e-
+
abc
1e-
000.e
1ee2
-
1e-
++1
1e+
++1
++1
0e
.
1ee2
abc
1e
-
-
1e-
++1
.
1e-
e10
abc
+
000.e
1e
abc
1e
abc
1ee2
e10
1e-
-
1.2.3
abc
1e
0e
++1
+
abc
0e
1e+
1e-
abc
abc
-
-
--2
+
1ee2
1e
.
e10
abc
1e+
abc
1e-
-
000.e
1ee2
1e+
1e-
--2
0e
e10
1e-
-
abc
--2
.
1.2.3
1e-
.
1.2.3
1.2.3
+
e10
1ee2
++1
1ee2
.
++1
1e+
1e+
++1
1e-
0e
000.e
e10
1.2.3
1e-
1e-
0e
+
++1
1e+
0e
+
1ee2
1e+
+
--2
abc
1e
1e
abc
+
1e+
1.2.3
1.2.3
0e
0e
-
1.2.3
-
0e
1ee2
1e
.
000.e
1e
1.2.3
e10
--2
1e-
000.e
1ee2
000.e
-
1.2.3
1ee2
--2
.
e10
1.2.3
+
+
--2
-
000.e
000.e
1e
+
1.2.3
e10
--2
e10
--2
-
++1
+
+
1e+
-
-
--2
1ee2
1e+
1e-
++1
abc
0e
--2
1e-
1e-
1ee2
1.2.3
000.e
0e
.
1ee2
abc
0e
1.2.3
abc
1.2.3
1e+
.
-
--2
.
1e
+
0e
-
1e+
000.e
1ee2
1e+
1e-
000.e
1.2.3
-
abc
e10
-
+
++1
++1
1e
++1
1.2.3
-
--2
+
1e
1.2.3
1e-
1e+
1.2.3
1.2.3
-
0e
000.e
--2
--2
1ee2
0e
-
-
1e+
-
.
abc
1e-
1e
0e
1ee2
abc
.
1e-
1e+
e10
.
1e-
--2
-
1.2.3
0e
e10
.
1e
-
++1
1e+
e10
0e
000.e
-
1ee2
0e
1e+
++1
e10
1ee2
e10
1e-
1.2.3
0e
.
++1
e10
1e
abc
+
1e
1e-
0e
abc
abc
++1
--2
.
1e-
e10
++1
--2
0e
--2
e10
++1
abc
000.e
-
--2
abc
000.e
--2
.
000.e
1e-
.
1ee2
1e+
000.e
0e
1e+
1e+
e10
+
1e
1e-
--2
0e
+
e10
-
++1
e10
abc
1e+
++1
1e+
abc
000.e
0e
-
1ee2
1.2.3
++1
1ee2
1e
.
abc
abc
abc
1e+
1.2.3
1.2.3
1ee2
1e-
-
1e
1ee2
abc
.
1e+
1e
abc
1e-
++1
1e-
-
-
-
abc
--2
000.e
++1
1e
-
1ee2
1e-
1.2.3
--2
0e
1e+
0e
+
1ee2
e10
000.e
+
0e
++1
-
1e-
1.2.3
1e
--2
1e+
-
++1
-
.
0e
1e+
1.2.3
+
000.e
-
-
++1
1.2.3
1e
--2
++1
+
1e
0e
--2
0e
0e
1.2.3
-
1e-
1e-
1ee2
++1
-
+
1e
--2
+
1.2.3
++1
1e-
0e
1ee2
1e+
e10
1.2.3
0e
--2
1e-
e10
-
000.e
1.2.3
e10
--2
++1
1e-
000.e
--2
1e+
--2
-
000.e
--2
1ee2
1e-
1e
--2
1e+
+
++1
-
abc
-
0e
e10
1e-
+
1ee2
1e+
1e+
+
+
+
0e
++1
.
1e
1e
1e-
++1
e10
1e
1e
1.2.3
.
e10
e10
e10
1e+
1e+
e10
--2
1e+
1ee2
1e
-
++1
--2
000.e
1e
1ee2
1e+
--2
+
000.e
1e
-
abc
1.2.3
++1
1.2.3
1e+
1.2.3
1.2.3
1e
.
--2
--2
1e
1e-
1ee2
000.e
-
1e+
--2
.
1.2.3
++1
e10
000.e
1e+
1ee2
e10
e10
1.2.3
000.e
1.2.3
1ee2
--2
+
++1
1e
abc
1.2.3
000.e
e10
+
0e
.
1ee2
0e
++1
1e+
1e
--2
e10
1ee2
1e+
-
.
1e
0e
++1
1e+
000.e
000.e
0e
--2
1.2.3
++1
1ee2
-
000.e
abc
1e-
e10
1e+
--2
000.e
000.e
1e-
abc
1e
1ee2
000.e
0e
0e
1e+
.
++1
-
1e+
1e-
1.2.3
1e
1ee2
000.e
1ee2
-
1e+
-
1.2.3
1ee2
0e
1ee2
.
1e
.
1e
.
-
e10
1e-
1ee2
+
0e
1e
1e+
++1
++1
--2
-
1e+
1e
000.e
e10
0e
--2
+
000.e
+
e10
1ee2
+
1e
1e
0e
1e-
--2
e10
1ee2
.
0e
++1
--2
++1
1e
1e
++1
abc
.
1e
1.2.3
000.e
1e
+
0e
e10
-
-
e10
++1
1ee2
+
1.2.3
-
1e+
.
+
.
0e
1e-
1e+
-
.
-
1e+
1e
000.e
0e
-
abc
000.e
0e
1ee2
abc
1e-
++1
abc
1e+
1e+
1ee2
1.2.3
abc
0e
000.e
0e
1ee2
-
--2
1e+
abc
1.2.3
-
-
1ee2
1.2.3
+
1e+
.
1e+
.
0e
1e-
1e+
e10
1.2.3
--2
-
+
-
000.e
++1
-
1e+
--2
e10
000.e
-
1e+
.
1ee2
000.e
+
000.e
1e+
1e-
1.2.3
+
1e-
abc
--2
1e+
1.2.3
.
0e
+
1ee2
--2
-
--2
000.e
1.2.3
++1
++1
.
1.2.3
abc
1ee2
++1
abc
1ee2
1e+
abc
1e+
--2
1e
-
--2
abc
+
+
+
abc
-
1e-
0e
e10
1e+
.
1e-
abc
1e-
.
-
000.e
0e
0e
abc
abc
.
-
000.e
000.e
-
abc
0e
e10
-
0e
000.e
1e
1e
1e-
1e+
0e
.
+
000.e
0e
1e+
000.e
+
+
0e
1.2.3
++1
-
1e-
1e
++1
000.e
1e-
abc
1.2.3
1ee2
-
1e-
0e
1.2.3
1ee2
1e-
1e+
1e-
1ee2
1e-
--2
-
1e-
1.2.3
-
1e
--2
1e
1e+
e10
-
-
-
1e-
e10
++1
000.e
e10
+
1.2.3
abc
++1
0e
-
1e
e10
.
+
++1
-
000.e
000.e
1e
1e+
e10
1ee2
++1
0e
--2
++1
1e-
-
++1
e10
1e-
1e-
.
1e+
1ee2
--2
-
abc
abc
e10
1.2.3
1.2.3
+
000.e
1e
++1
000.e
1e
e10
.
e10
1.2.3
1.2.3
1.2.3
0e
1e
++1
0e
abc
0e
--2
++1
+
000.e
1e
1.2.3
++1
++1
++1
000.e
--2
++1
.
e10
1e-
.
1e-
-
abc
++1
-
+
--2
e10
-
abc
1e+
abc
e10
++1
1e
+
000.e
1.2.3
1e
000.e
--2
-
.
1ee2
1e
+
000.e
1e
abc
1e+
.
1ee2
1.2.3
1e-
1ee2
+
--2
0e
+
0e
1.2.3
abc
000.e
-
1e+
.
000.e
1ee2
1ee2
1e-
e10
--2
1ee2
1ee2
0e
+
.
1e-
+
-
000.e
000.e
+
--2
1.2.3
-
+
++1
abc
1e+
1ee2
++1
.
abc
abc
1e+
--2
1e+
--2
0e
1e-
-
-
1ee2
abc
0e
1e-
-
abc
+
e10
.
1e+
+
1e
e10
1.2.3
1e-
1e+
1ee2
++1
1.2.3
1e+
1e
.
++1
1e+
1e+
1e-
--2
-
e10
1.2.3
e10
abc
abc
1ee2
000.e
e10
e10
e10
1.2.3
e10
1e
0e
000.e
-
1e-
0e
000.e
abc
+
+
1e-
000.e
1ee2
abc
1.2.3
+
--2
1e
1ee2
--2
++1
.
abc
e10
1.2.3
e10
+
e10
--2
1e+
0e
++1
abc
1e
1ee2
1e-
abc
abc
0e
0e
+
.
--2
1e+
--2
1e
--2
1ee2
e10
1ee2
-
1e
1e+
000.e
0e
abc
+
-
0e
++1
++1
000.e
1e
--2
++1
1e
e10
.
1ee2
1e-
-
000.e
+
+
000.e
abc
1ee2
1.2.3
-
1e-
+
0e
abc
1.2.3
-
.
1e+
0e
1ee2
--2
0e
1.2.3
1e-
+
.
1ee2
e10
0e
--2
0e
1.2.3
1e+
1ee2
abc
000.e
-
abc
.
.
++1
1e+
1e-
000.e
-
000.e
000.e
+
+
1e-
1e
++1
1e-
-
+
e10
1.2.3
.
-
1.2.3
++1
1e+
+
.
0e
1.2.3
000.e
1ee2
+
+
0e
++1
0e
1e
+
1e-
1e-
--2
++1
1e
+
1.2.3
e10
-
--2
1e-
+
1.2.3
-
1e-
abc
+
abc
1e+
1e+
abc
.
1e
-
e10
e10
1e-
1e-
000.e
1e-
++1
0e
0e
.
--2
0e
e10
1e+
--2
+
+
e10
1e+
0e
++1
1e
abc
++1
1.2.3
+
-
000.e
++1
1e-
e10
000.e
1e
abc
1e
1e+
1.2.3
1e+
--2
++1
1ee2
--2
000.e
0e
1ee2
1e+
.
-
.
1e
0e
e10
e10
-
++1
--2
-
-
abc
1e+
1ee2
1ee2
abc
0e
e10
0e
1e
-
1e-
1e-
--2
--2
1e-
1e
000.e
000.e
.
1e+
000.e
1ee2
+
++1
e10
000.e
--2
.
e10
000.e
abc
++1
1e+
abc
0e
1.2.3
.
1e
+
0e
1ee2
--2
+
-
1e+
1e+
1ee2
abc
+
000.e
++1
1.2.3
1.2.3
.
0e
1e-
abc
1.2.3
0e
e10
1ee2
1e+
1e+
abc
--2
e10
1ee2
1.2.3
1.2.3
abc
.
1e+
1e-
1.2.3
abc
1e-
++1
e10
1.2.3
++1
+
+
+
+
--2
--2
0e
1.2.3
.
0e
1e
--2
+
0e
++1
-
0e
++1
1e+
1e+
--2
1ee2
1e-
+
1e-
1ee2
1.2.3
.
e10
+
1.2.3
abc
1e-
0e
000.e
1e-
abc
0e
1e+
000.e
1e
0e
1ee2
-
1e+
000.e
1e
-
0e
1e
1e
--2
1ee2
--2
1e
e10
--2
1ee2
1ee2
e10
1e-
1e
.
abc
0e
0e
abc
000.e
.
1e-
.
e10
1e
--2
0e
1e
1e
1e
-
000.e
e10
--2
++1
-
1e+
0e
++1
e10
--2
0e
1e-
1.2.3
1ee2
0e
--2
.
1ee2
--2
1e-
+
1e+
.
1e
+
e10
1.2.3
e10
000.e
++1
abc
1.2.3
--2
--2
++1
1e
--2
+
1ee2
abc
1.2.3
1.2.3
1ee2
+
1e-
abc
0e
0e
++1
e10
0e
000.e
.
--2
abc
1e-
--2
000.e
000.e
e10
000.e
1e
1e+
-
000.e
e10
++1
1e-
++1
+
1ee2
1ee2
1e-
++1
1e-
0e
0e
1e-
--2
000.e
000.e
--2
1e-
000.e
1e+
++1
000.e
.
e10
1.2.3
--2
000.e
1ee2
.
000.e
++1
+
1e+
e10
0e
--2
1e-
-
+
000.e
1e+
abc
1.2.3
+
.
1ee2
abc
--2
e10
1e+
1e+
+
++1
1e
--2
++1
1e-
0e
1e+
000.e
e10
1ee2
-
000.e
0e
1.2.3
+
1e
0e
1e+
--2
e10
1e-
1.2.3
.
0e
0e
--2
.
++1
e10
+
-
1.2.3
1ee2
1ee2
0e
abc
1.2.3
1ee2
--2
0e
--2
abc
1e+
++1
--2
1e-
-
1e+
.
000.e
e10
abc
+
1e
e10
--2
000.e
e10
1.2.3
-
1e-
1e-
--2
1.2.3
+
-
1e+
1.2.3
--2
--2
+
++1
1e+
000.e
1.2.3
abc
1e-
1e
0e
1e+
+
1e+
1ee2
.
--2
1ee2
--2
1e
-
0e
000.e
1.2.3
000.e
1.2.3
-
.
1e
-
-
1e
1ee2
1e
1.2.3
1ee2
.
0e
++1
0e
1e-
abc
1.2.3
-
+
e10
1ee2
++1
-
++1
--2
abc
+
.
0e
1e+
e10
--2
++1
1e+
1e+
-
++1
1.2.3
1e+
--2
1ee2
-
--2
abc
abc
1e
1e-
++1
--2
-
+
1ee2
1e
++1
.
1e
e10
1ee2
e10
++1
1.2.3
abc
000.e
abc
1e-
1e+
--2
1ee2
0e
.
-
e10
1e+
--2
++1
-
1e+
--2
.
++1
1e
--2
1.2.3
.
1e
0e
++1
1e
1.2.3
.
1e-
e10
e10
1e+
000.e
.
abc
1e
1ee2
abc
abc
-
+
e10
1ee2
e10
.
abc
abc
++1
--2
+
+
1.2.3
--2
-
1e-
0e
000.e
1e-
1ee2
0e
++1
1ee2
0e
1ee2
1e-
000.e
.
++1
+
-
1e-
1.2.3
e10
.
+
1e+
--2
1.2.3
e10
1e+
.
0e
1e+
1e-
-
1e-
+
1ee2
000.e
+
.
1.2.3
.
0e
1e+
1ee2
abc
1e-
1e-
.
1ee2
+
.
1e-
--2
1e
0e
1e-
-
000.e
1e+
1e-
+
1e
1ee2
-
1e-
e10
1ee2
--2
1e+
1e-
1ee2
e10
e10
-
1e-
1ee2
1.2.3
000.e
1.2.3
1e-
1e+
++1
abc
1ee2
1ee2
1.2.3
+
e10
0e
.
--2
e10
1e+
1ee2
1e+
e10
000.e
1.2.3
0e
abc
-
-
e10
-
++1
0e
1ee2
1ee2
0e
e10
+
++1
.
e10
.
0e
1.2.3
1e-
1e+
1ee2
1e
+
++1
1e-
abc
1ee2
1e
+
--2
--2
1e
+
.
1e-
e10
.
--2
000.e
1.2.3
1e+
000.e
1.2.3
abc
+
-
abc
1.2.3
000.e
000.e
-
1e+
-
000.e
abc
--2
0e
1.2.3
.
000.e
1e-
1.2.3
1ee2
1e
++1
-
--2
.
.
.
.
0e
-
1e-
.
1e+
1ee2
--2
1e
1e+
+
.
+
--2
+
++1
abc
++1
0e
000.e
++1
000.e
000.e
000.e
000.e
+
000.e
1ee2
++1
1e
+
--2
++1
++1
--2
-
e10
1e+
++1
000.e
-
1e-
000.e
1e
++1
+
.
1e
0e
1.2.3
1ee2
abc
.
+
--2
0e
0e
-
000.e
++1
1e
1ee2
.
e10
--2
e10
1e+
++1
1ee2
++1
.
.
0e
.
1e+
--2
++1
-
abc
1e
++1
abc
abc
1.2.3
0e
1.2.3
e10
-
1.2.3
--2
e10
1e
--2
1e-
1.2.3
abc
++1
++1
.
1ee2
--2
1ee2
000.e
--2
++1
-
+
+
000.e
+
+
-
1e+
++1
000.e
1.2.3
-
.
1e+
.
-
++1
000.e
abc
1ee2
0e
1.2.3
+
+
1e+
1e
e10
abc
1e
++1
++1
000.e
1ee2
+
1e
-
+
-
++1
1.2.3
1e
++1
1ee2
abc
-
1ee2
abc
--2
-
+
1e
--2
e10
1.2.3
0e
++1
1e-
1ee2
.
++1
1e-
--2
1e+
++1
e10
+
.
--2
abc
--2
+
+
abc
1e
1e+
e10
++1
1e+
1e-
-
1.2.3
0e
1ee2
000.e
1ee2
++1
-
+
1e+
e10
.
1e+
-
0e
+
--2
+
1.2.3
000.e
abc
1e+
--2
1e+
--2
-
0e
1e
0e
1e+
++1
1ee2
+
.
.
1e-
-
.
000.e
1e
1e+
1e
.
1e
.
abc
.
1ee2
.
++1
+
0e
0e
1e
+
--2
e10
0e
1.2.3
1ee2
1e+
1ee2
++1
1ee2
++1
-
1e-
1ee2
--2
-
-
--2
-
+
++1
1e-
-
1ee2
e10
000.e
0e
--2
++1
000.e
1e
--2
1.2.3
1e+
--2
1e-
1ee2
.
1ee2
1e+
1e+
--2
1e+
.
--2
1ee2
1e
--2
1e-
0e
-
+
++1
1.2.3
++1
000.e
000.e
1e
-
+
+
++1
1e-
abc
.
.
--2
1e-
1.2.3
000.e
+
+
++1
0e
1.2.3
0e
.
-
1e-
-
abc
000.e
.
0e
1e-
++1
-
.
000.e
++1
abc
-
--2
.
e10
000.e
1.2.3
1ee2
1e
000.e
-
-
abc
1e-
e10
1e-
abc
abc
.
1e
0e
000.e
0e
000.e
000.e
abc
1e+
abc
abc
abc
1ee2
1e+
1.2.3
1e-
-
++1
++1
0e
--2
1e-
1ee2
+
1e
1ee2
1e-
000.e
0e
0e
.
++1
+
000.e
e10
1e
--2
e10
1e+
1ee2
++1
++1
.
1e-
+
1e
-
1e+
1e-
--2
1e
1e
abc
1e+
abc
000.e
1e+
0e
.
e10
++1
1e-
-
.
1.2.3
1e+
1e-
1e+
abc
--2
-
1e+
000.e
+
1e+
1e
e10
+
e10
1e
0e
+
e10
1e
000.e
1e
+
1.2.3
1e-
abc
+
000.e
--2
e10
+
abc
1ee2
0e
+
1e
000.e
1e
+
++1
1.2.3
-
abc
1ee2
--2
-
e10
.
--2
+
-
+
--2
1e
.
-
+
++1
0e
1ee2
--2
1e-
1e+
.
0e
1ee2
++1
1ee2
0e
abc
abc
000.e
1ee2
--2
+
--2
e10
1.2.3
.
++1
+
0e
+
1e-
1ee2
--2
--2
0e
-
1.2.3
1e-
000.e
1e
1.2.3
+
0e
e10
0e
1ee2
1ee2
1e
e10
1.2.3
1e
++1
+
.
0e
++1
000.e
1e-
1e-
0e
1e-
+
0e
1.2.3
1e-
++1
1ee2
1e+
000.e
0e
1.2.3
++1
1e
++1
1e-
-
+
++1
++1
.
-
e10
1e+
1e-
1e-
1e
1ee2
--2
000.e
++1
1e-
1ee2
1e
--2
1e-
1e-
1e+
000.e
1e+
e10
1e-
1e-
.
+
abc
-
e10
000.e
1e+
abc
1e-
e10
1e-
++1
++1
1.2.3
1e
abc
++1
1e-
1e-
000.e
+
000.e
1e-
abc
+
1e+
1e-
--2
1e-
--2
--2
+
--2
1e+
1e+
.
abc
+
e10
.
-
.
1e-
e10
0e
0e
-
.
1.2.3
e10
abc
-
0e
1e
1e+
1.2.3
1ee2
1.2.3
0e
0e
000.e
000.e
.
e10
+
000.e
--2
1.2.3
+
1ee2
.
1e
1e-
1.2.3
000.e
1ee2
1e
000.e
1e-
1e
+
abc
1e-
++1
1e
1.2.3
e10
1ee2
-
abc
0e
.
1.2.3
e10
0e
1e+
.
000.e
1.2.3
1e-
e10
abc
1ee2
-
+
.
1ee2
++1
.
abc
abc
e10
-
-
-
000.e
++1
0e
abc
1e+
--2
+
-
1e
000.e
1.2.3
abc
+
abc
++1
1e+
.
0e
.
1.2.3
1e-
0e
0e
abc
++1
0e
1ee2
--2
+
1.2.3
1e-
--2
1e+
--2
0e
000.e
1e-
--2
1e
-
--2
1ee2
1ee2
000.e
-
++1
1e-
+
1.2.3
e10
1e+
000.e
++1
.
++1
1ee2
e10
++1
1.2.3
abc
1e+
1.2.3
e10
+
--2
e10
1.2.3
.
000.e
1ee2
+
abc
-
000.e
1e+
1ee2
1e
e10
-
1e+
++1
--2
1e+
--2
1ee2
e10
.
abc
1e+
.
e10
--2
.
-
1e-
e10
abc
e10
e10
1.2.3
000.e
--2
.
1e-
000.e
e10
.
-
000.e
++1
--2
1ee2
1.2.3
1.2.3
0e
.
-
abc
++1
+
++1
1e-
0e
abc
1e+
--2
0e
abc
abc
e10
abc
-
1.2.3
1ee2
1e+
1.2.3
1e
0e
1e-
000.e
e10
abc
1ee2
abc
1ee2
++1
000.e
000.e
-
1e
1e-
-
000.e
1e+
++1
0e
abc
1.2.3
+
0e
1e-
1e+
1ee2
e10
abc
+
1.2.3
abc
--2
000.e
--2
abc
++1
.
--2
.
1e+
--2
1.2.3
+
++1
1.2.3
1e-
1ee2
.
1e+
1e-
-
000.e
000.e
.
1e+
abc
.
0e
000.e
abc
0e
+
1e+
--2
-
0e
e10
-
1e-
1e
0e
1.2.3
1.2.3
.
e10
1e
-
000.e
1e+
0e
000.e
-
.
--2
++1
--2
-
000.e
1.2.3
1e
e10
0e
1e+
1.2.3
e10
--2
--2
-
1e-
1.2.3
1e-
1e
1.2.3
--2
+
-
0e
1.2.3
++1
0e
1ee2
++1
1.2.3
.
1e+
1ee2
1e+
.
1e+
1e-
1e+
1.2.3
0e
++1
e10
abc
++1
e10
+
-
1.2.3
--2
000.e
abc
1ee2
-
abc
1e
000.e
abc
e10
.
1ee2
abc
-
--2
1e+
-
abc
000.e
1e+
e10
e10
1.2.3
0e
1e
+
1ee2
.
0e
.
0e
e10
+
0e
+
1e+
1e-
+
--2
1e+
0e
abc
1e
.
e10
abc
.
1ee2
-
--2
++1
000.e
++1
1.2.3
000.e
1e-
1ee2
0e
.
+
1e
abc
e10
1e-
.
e10
0e
e10
--2
1e-
abc
e10
abc
1e+
++1
1ee2
e10
1e
abc
1e
--2
1e+
1.2.3
1e+
-
1.2.3
+
++1
++1
0e
++1
0e
--2
1e-
abc
0e
+
1ee2
1ee2
--2
++1
000.e
-
0e
1e+
++1
1e
--2
1e-
e10
1.2.3
+
.
000.e
1.2.3
+
abc
--2
1e-
0e
1.2.3
e10
.
1e-
.
000.e
1ee2
e10
e10
1e-
abc
000.e
++1
-
e10
++1
++1
+
-
abc
000.e
-
1e+
0e
abc
abc
1e+
1e
0e
1.2.3
1e+
1.2.3
abc
++1
+
abc
1e
1e
abc
1e
++1
.
-
1e-
000.e
1ee2
1e+
.
abc
0e
++1
-
-
--2
1ee2
-
1.2.3
-
1ee2
.
.
--2
1e
1e
e10
0e
1e
--2
1.2.3
+
.
1e
1e
1e-
1.2.3
abc
1e
+
1ee2
++1
1ee2
-
1e-
-
000.e
abc
1e+
1e
-
1ee2
-
1ee2
e10
0e
e10
1e
0e
+
abc
1e+
1e-
1e-
1e
.
1e+
+
1e-
1e
+
--2
+
000.e
1e+
-
1ee2
.
--2
+
1.2.3
.
1.2.3
.
000.e
++1
--2
.
e10
--2
.
0e
0e
1e-
-
-
1e-
++1
1e
1e
+
1e-
1ee2
1ee2
0e
.
1e
e10
1e
e10
+
1e
++1
0e
1e+
abc
0e
1.2.3
1e
-
.
1e+
--2
1ee2
-
000.e
e10
1.2.3
abc
000.e
abc
++1
000.e
1.2.3
000.e
0e
+
000.e
++1
1e-
0e
1e-
--2
abc
0e
1e-
0e
-
abc
++1
++1
0e
000.e
--2
++1
1e-
.
1e-
0e
+
e10
-
.
1e-
+
1.2.3
1ee2
-
++1
e10
-
abc
+
1.2.3
+
1.2.3
1e
.
+
abc
abc
.
-
1e-
--2
e10
1ee2
1e+
1.2.3
0e
1e-
1e
1ee2
-
1e-
000.e
1e
.
1ee2
1.2.3
.
000.e
1e+
++1
1e-
abc
1e-
1ee2
1e+
1ee2
.
++1
1.2.3
1ee2
.
abc
--2
++1
-
-
1e+
1e+
0e
+
000.e
1ee2
-
-
1e-
--2
abc
1e
1.2.3
000.e
+
1e
++1
1.2.3
.
e10
0e
1e-
1.2.3
1e+
1e+
e10
+
1e+
000.e
--2
1e-
-
e10
.
1e-
1.2.3
+
000.e
.
1e
0e
.
e10
-
e10
1e+
--2
++1
+
1e+
.
++1
abc
1e+
0e
--2
--2
e10
+
--2
--2
1e
1ee2
abc
+
000.e
e10
1.2.3
abc
0e
++1
1e-
-
0e
e10
1ee2
0e
1e-
0e
+
.
++1
--2
1e+
++1
++1
1e
+
++1
0e
1e+
0e
1e+
-
e10
++1
1e
--2
1e-
000.e
1ee2
abc
1e-
.
e10
1e+
++1
1.2.3
1e-
abc
1ee2
.
1.2.3
1ee2
1e+
+
1ee2
abc
abc
abc
1ee2
000.e
1e
abc
++1
1ee2
0e
.
.
--2
1ee2
.
1.2.3
1e+
1e
-
1e-
++1
--2
abc
1e+
1e
1ee2
1.2.3
.
-
0e
abc
1e-
++1
1.2.3
1.2.3
1e
000.e
e10
e10
e10
abc
1ee2
++1
1.2.3
-
+
000.e
++1
0e
.
1e
++1
1e-
++1
1ee2
e10
e10
--2
-
1e-
+
-
1e+
-
++1
+
1ee2
1e
.
1e+
-
--2
1.2.3
1.2.3
++1
1.2.3
1ee2
++1
+
+
1e-
1e+
000.e
.
--2
e10
1ee2
1ee2
1.2.3
+
000.e
++1
1e+
e10
1e
1.2.3
1e+
1e+
-
abc
e10
e10
1.2.3
-
1e+
1.2.3
+
++1
1e
1e
--2
1.2.3
1e
.
-
e10
--2
--2
--2
--2
-
+
e10
--2
1e-
.
1e+
+
1e
+
1e
1ee2
1e
1e
1e+
--2
abc
e10
--2
1.2.3
+
0e
e10
abc
1e-
--2
abc
1ee2
1ee2
1ee2
.
+
1e
--2
1e
1e+
1e-
1ee2
--2
1e-
.
+
e10
1e
1e-
000.e
1e+
000.e
1e+
1e-
abc
+
1e+
-
1ee2
1e+
++1
-
000.e
abc
abc
000.e
1.2.3
000.e
.
-
1.2.3
-
--2
0e
abc
++1
+
1e+
+
--2
+
1e+
1e-
1e
1.2.3
1ee2
+
1e-
.
.
e10
1.2.3
++1
1e+
1.2.3
--2
.
1ee2
+
0e
1ee2
abc
e10
.
1.2.3
.
--2
0e
++1
+
0e
--2
abc
1e-
1.2.3
1e
-
-
abc
-
--2
abc
1e+
0e
-
1ee2
1e+
--2
0e
-
+
+
1.2.3
1e
1e
000.e
e10
1e-
000.e
1e
.
--2
--2
000.e
1ee2
-
1e
1ee2
1e-
1e+
1e+
++1
1e+
+
1e-
1e+
1e-
1ee2
1e
+
++1
1.2.3
.
e10
e10
1.2.3
1ee2
abc
000.e
-
.
.
e10
1e+
1e+
1e
+
1e
.
--2
-
1e
--2
000.e
-
.
++1
e10
e10
+
000.e
000.e
1e
0e
-
000.e
.
++1
1e-
1.2.3
1ee2
1e-
+
+
++1
1e-
e10
e10
--2
0e
1e
--2
++1
e10
1.2.3
+
--2
++1
-
1e
--2
1e-
--2
1ee2
1e
000.e
e10
-
000.e
e10
1e
1e-
1e-
0e
--2
-
1e+
1.2.3
+
0e
1ee2
e10
1e
1.2.3
--2
1.2.3
.
0e
1e+
1.2.3
0e
--2
e10
+
.
--2
0e
1.2.3
1ee2
1e
000.e
1ee2
0e
1e+
+
1e-
--2
abc
-
+
--2
1e+
--2
1.2.3
-
--2
0e
1e+
e10
--2
0e
1.2.3
0e
1.2.3
1.2.3
1e+
1e+
1.2.3
++1
1ee2
abc
1e
e10
1.2.3
abc
abc
1.2.3
abc
+
.
+
+
++1
0e
.
.
1e+
0e
1.2.3
.
1e-
.
abc
--2
0e
1e
abc
1ee2
1e+
1.2.3
+
e10
.
1e
0e
e10
e10
1e
1e
1.2.3
-
000.e
1e-
0e
abc
.
++1
++1
1.2.3
abc
000.e
0e
+
--2
1e-
1e
000.e
1.2.3
++1
+
1e+
--2
1e+
++1
000.e
e10
+
e10
+
e10
--2
-
1e
000.e
1e
-
1e
--2
000.e
1.2.3
--2
abc
0e
--2
.
0e
1e-
1.2.3
1e-
1.2.3
000.e
1e+
0e
1e+
--2
1ee2
1.2.3
0e
--2
++1
1ee2
e10
1ee2
000.e
+
000.e
++1
e10
abc
1ee2
e10
--2
1e
1e
1ee2
+
abc
1e+
1e
0e
+
1ee2
000.e
--2
1e-
1.2.3
1e-
abc
.
1.2.3
+
1e+
1e-
+
1ee2
++1
abc
1e-
000.e
1.2.3
1ee2
abc
.
1e-
-
1e+
.
abc
--2
++1
.
000.e
1.2.3
--2
1e-
-
e10
1.2.3
-
1ee2
0e
++1
1ee2
--2
1.2.3
+
000.e
1.2.3
1e-
1e-
1e
1.2.3
1e
.
++1
-
+
0e
000.e
000.e
1ee2
-
0e
1e+
1e
++1
1e-
1e
1e
++1
--2
000.e
1e-
abc
1e
.
1e+
0e
1e
0e
--2
000.e
0e
++1
--2
000.e
000.e
++1
-
1.2.3
abc
.
1ee2
1e
+
abc
.
e10
.
+
1ee2
000.e
e10
1e-
++1
1.2.3
1e-
--2
--2
1e
1e-
1e-
000.e
.
000.e
-
1e
1e
e10
e10
++1
1e+
e10
e10
000.e
1e-
.
e10
--2
.
0e
.
-
1ee2
1e+
+
0e
1ee2
1e-
0e
e10
abc
1e
1e+
++1
.
+
1e-
e10
--2
e10
1ee2
--2
000.e
1e-
.
-
.
000.e
--2
1e-
.
000.e
1.2.3
-
-
.
000.e
1e-
0e
1.2.3
++1
--2
1.2.3
1e+
1e
abc
--2
+
1ee2
++1
1e+
.
1e
--2
+
++1
1.2.3
abc
0e
abc
1e+
000.e
1ee2
abc
e10
000.e
++1
abc
+
1e
1.2.3
1e+
1ee2
e10
+
0e
1e+
1ee2
abc
1e-
e10
e10
-
1e-
abc
000.e
1ee2
000.e
000.e
1.2.3
000.e
1.2.3
1.2.3
abc
.
+
1e
abc
+
1.2.3
abc
0e
.
--2
1ee2
1ee2
.
+
+
000.e
.
.
1e+
++1
+
1e-
1ee2
0e
1e+
+
e10
1.2.3
-
1e+
0e
000.e
1ee2
.
1e+
e10
e10
1e+
1e
+
1e-
1ee2
++1
1ee2
+
1e+
1e+
1e
e10
0e
e10
--2
1e
.
.
1e+
1e
0e
1e
1e
1.2.3
1e-
1.2.3
--2
+
1e
++1
-
+
++1
++1
1ee2
.
1ee2
0e
.
1ee2
1e+
1e
1e+
1e+
-
000.e
1e-
1e
.
.
0e
000.e
--2
000.e
1.2.3
1e
1e+
1ee2
1e+
.
abc
1ee2
.
.
000.e
--2
-
e10
+
.
++1
++1
1e+
-
1ee2
1e+
0e
++1
1ee2
1e+
++1
.
1e+
abc
1e-
.
--2
1e+
+
+
e10
1.2.3
1e+
e10
000.e
1e+
e10
.
000.e
000.e
1e+
-
1ee2
+
0e
-
abc
abc
--2
1.2.3
1e-
-
1e+
1e
+
e10
1e
e10
e10
1e
1e
+
+
1e
+
.
abc
1ee2
e10
1.2.3
++1
1e-
000.e
e10
1e
1ee2
+
abc
++1
++1
++1
1e-
abc
1ee2
-
1ee2
1e-
1ee2
.
--2
.
1e-
--2
.
1ee2
++1
0e
1e
--2
1e
+
1e+
.
1e-
++1
--2
+
+
1e
abc
e10
-
1ee2
-
++1
--2
.
--2
1e+
1e-
1ee2
abc
1.2.3
-
e10
++1
1e+
.
1e-
abc
0e
1ee2
1.2.3
.
1ee2
1e+
.
0e
000.e
000.e
1ee2
.
--2
1e+
+
.
1e
000.e
e10
1e-
1e+
-
+
0e
1.2.3
000.e
1e
1.2.3
1e
1ee2
0e
0e
-
++1
++1
1.2.3
++1
000.e
++1
000.e
1e-
.
0e
1e
1e+
-
++1
+
e10
1ee2
1ee2
1e-
1ee2
-
1e-
abc
1ee2
1e+
--2
000.e
-
e10
1e
++1
abc
0e
1e-
1e
1.2.3
1e+
.
+
e10
e10
-
.
+
0e
-
.
1e-
1e+
000.e
0e
1e+
000.e
+
abc
-
e10
e10
abc
+
--2
1.2.3
000.e
+
.
000.e
+
1e-
000.e
++1
1e+
1e
-
1e-
1e
0e
abc
++1
+
1.2.3
abc
--2
1e-
000.e
e10
.
e10
e10
1e-
0e
e10
0e
+
+
1.2.3
-
1e
--2
1e
1ee2
1e
++1
abc
1.2.3
1e-
1e+
-
.
0e
1ee2
1ee2
-
000.e
1e-
1ee2
.
000.e
--2
1e-
++1
1.2.3
1ee2
1e+
.
1e-
000.e
1e+
abc
1e+
0e
+
abc
000.e
1.2.3
1e-
1e-
--2
+
1e-
1e-
+
abc
1e
.
e10
abc
1.2.3
000.e
.
++1
--2
e10
000.e
0e
--2
-
1e-
1e+
1ee2
--2
000.e
-
000.e
1e
1.2.3
abc
1.2.3
+
.
1.2.3
++1
e10
--2
-
--2
--2
-
e10
+
++1
--2
--2
-
.
.
abc
e10
0e
.
abc
-
1ee2
1e+
1e
+
+
++1
1.2.3
0e
000.e
000.e
+
1.2.3
0e
1ee2
-
-
abc
1.2.3
--2
.
-
--2
++1
-
e10
1e+
1ee2
+
1ee2
++1
e10
abc
1e
+
--2
.
1e+
abc
abc
.
0e
++1
+
-
1e-
--2
1ee2
e10
1e
.
e10
1.2.3
1e
1e-
1.2.3
000.e
1e
1e+
e10
--2
0e
abc
abc
000.e
.
1e+
+
1e
1.2.3
1e-
+
1e-
++1
000.e
++1
1.2.3
0e
+
1ee2
1.2.3
++1
1e
000.e
1e
1ee2
-
1ee2
++1
+
1.2.3
0e
0e
-
1ee2
1ee2
1ee2
e10
000.e
1e
1ee2
-
++1
0e
1e+
abc
--2
0e
1e-
e10
--2
+
.
1.2.3
1e
1ee2
-
0e
1.2.3
--2
1e
abc
1e+
1e-
1e+
-
1.2.3
1e+
0e
1e
1ee2
.
.
+
1e-
--2
000.e
++1
e10
1e-
-
1.2.3
0e
++1
-
++1
1.2.3
1ee2
abc
+
1e
1.2.3
1e-
000.e
000.e
000.e
-
1e-
000.e
0e
-
1e
+
-
++1
1e+
1.2.3
000.e
+
1e-
+
0e
1e-
.
+
000.e
e10
.
abc
1e-
1e-
-
1ee2
+
--2
0e
.
.
.
1e-
--2
--2
--2
++1
++1
000.e
1.2.3
0e
+
1e+
++1
1e+
-
1e+
abc
++1
.
+
abc
0e
abc
e10
--2
000.e
1ee2
e10
1e-
.
--2
000.e
e10
-
e10
000.e
1ee2
--2
e10
++1
1.2.3
0e
1e+
1.2.3
--2
1e
e10
1.2.3
1.2.3
000.e
e10
++1
--2
0e
++1
-
1e-
0e
++1
abc
000.e
1.2.3
1.2.3
0e
--2
1.2.3
1e-
+
--2
e10
-
e10
-
1ee2
1e+
1ee2
1.2.3
--2
1.2.3
1e
-
1e
1e
-
1e
1e+
1e+
0e
1e+
000.e
1.2.3
1.2.3
1ee2
++1
1e-
abc
000.e
++1
1e
1e+
-
1e
++1
000.e
1e+
abc
.
abc
-
++1
0e
.
+
0e
0e
000.e
-
abc
++1
0e
--2
--2
+
1e
000.e
000.e
abc
.
1e
abc
1e-
-
+
++1
1e+
000.e
.
+
abc
0e
-
abc
1ee2
+
++1
abc
1e+
e10
1ee2
-
++1
1.2.3
1e+
abc
0e
++1
abc
1e
+
e10
e10
1.2.3
.
000.e
+
++1
1e+
1e+
1.2.3
1e-
000.e
.
1e-
e10
+
e10
000.e
0e
1ee2
abc
0e
1e-
.
+
--2
1e+
abc
e10
000.e
.
1e
.
.
1.2.3
1e+
0e
+
000.e
1e
e10
1e+
e10
1e
++1
--2
--2
++1
abc
e10
1e-
+
--2
+
.
-
--2
0e
1ee2
abc
.
1e+
000.e
1e+
.
1e
1e
--2
abc
1e
+
0e
.
000.e
.
++1
++1
e10
-
000.e
+
1e-
++1
1ee2
1ee2
000.e
e10
1ee2
0e
--2
abc
-
-
e10
1e-
abc
-
000.e
1e-
++1
-
e10
.
--2
000.e
1ee2
1e-
1.2.3
++1
++1
++1
--2
1e-
1e-
0e
e10
-
1e+
++1
0e
000.e
000.e
--2
.
1.2.3
.
-
--2
000.e
1e-
000.e
abc
000.e
1ee2
-
1ee2
1ee2
1ee2
0e
abc
--2
--2
1e-
.
1ee2
0e
abc
1e
1e
++1
0e
0e
--2
1e
1e
abc
1e-
1e+
++1
abc
+
1.2.3
--2
+
e10
abc
1e
1e+
1e+
1.2.3
+
abc
abc
1e-
1.2.3
abc
+
1e+
0e
1.2.3
0e
000.e
e10
1e
abc
++1
1e
--2
+
+
000.e
0e
1e-
.
1ee2
-
000.e
1e
0e
abc
-
000.e
+
1e
+
000.e
e10
++1
+
1.2.3
1e+
1e-
1ee2
1ee2
.
1e
0e
1.2.3
+
000.e
0e
++1
1e-
++1
1e+
1e+
.
+
+
000.e
e10
-
+
1e+
1e-
+
-
0e
.
--2
--2
1e+
0e
1e+
+
000.e
abc
1.2.3
abc
1e-
1e-
1e
1e
1e-
e10
-
+
1e
+
0e
000.e
-
+
1e
-
1e-
+
1e
1e+
0e
--2
1e
1ee2
1.2.3
1e-
abc
--2
1e
1e-
+
1e-
1e
1ee2
1e
+
1e-
000.e
0e
1ee2
-
+
--2
1.2.3
abc
--2
1ee2
1e+
1e
+
1ee2
+
1e
--2
.
e10
1e-
1e
1ee2
1e+
1.2.3
1.2.3
1ee2
1ee2
0e
1e-
000.e
1e-
abc
1ee2
+
1e+
--2
1e-
1ee2
1.2.3
1.2.3
1e-
e10
1.2.3
1.2.3
+
abc
abc
1e-
.
1e-
1e-
0e
0e
1e-
++1
1e+
abc
e10
1e+
0e
1ee2
--2
000.e
1.2.3
1e-
.
1.2.3
1e+
1.2.3
1e-
000.e
000.e
1e+
+
000.e
1ee2
1e-
1ee2
1.2.3
e10
abc
-
1e
abc
1.2.3
.
1e+
abc
000.e
1ee2
1e+
e10
+
abc
.
1e
1.2.3
1e-
-
1e+
0e
1e
1e-
1e-
abc
000.e
abc
--2
1e+
1.2.3
--2
++1
.
--2
000.e
1e
--2
+
--2
0e
--2
abc
-
1ee2
.
--2
-
0e
abc
0e
1e
1.2.3
0e
.
1.2.3
--2
-
-
1e-
--2
0e
+
1ee2
++1
abc
+
+
1e
--2
1.2.3
0e
1.2.3
abc
.
--2
1e+
+
abc
1e-
++1
1e
1ee2
000.e
++1
++1
+
+
000.e
1e-
1e-
0e
1e
abc
000.e
+
1e-
--2
1e
000.e
-
+
1ee2
e10
e10
.
1ee2
-
1ee2
+
1e
1e
-
1e-
1e
--2
1e+
+
--2
1e+
1e-
abc
++1
++1
++1
--2
-
1.2.3
.
abc
abc
1.2.3
1.2.3
0e
0e
--2
1ee2
e10
1ee2
.
+
abc
1e+
--2
+
abc
-
.
abc
--2
1e+
--2
--2
.
1.2.3
1.2.3
--2
.
.
0e
1.2.3
+
1.2.3
1e+
1e+
000.e
abc
-
000.e
++1
1e-
1e-
-
1ee2
1ee2
e10
-
+
1e+
.
++1
000.e
++1
0e
000.e
e10
1ee2
1ee2
++1
0e
e10
1e-
--2
1.2.3
e10
++1
abc
1.2.3
.
++1
1.2.3
1.2.3
1.2.3
1.2.3
++1
+
e10
--2
abc
+
000.e
abc
abc
000.e
abc
abc
--2
1.2.3
1e+
1.2.3
1.2.3
+
--2
1.2.3
.
1.2.3
1.2.3
+
--2
++1
1e
++1
abc
e10
000.e
0e
--2
1e
--2
0e
-
+
0e
+
1e-
++1
0e
--2
1ee2
1ee2
1e+
1e-
1e-
1.2.3
1e-
1e+
++1
+
0e
.
abc
+
1e
1.2.3
000.e
1e+
1e-
-
1e-
-
e10
0e
1e-
--2
0e
--2
--2
.
1.2.3
1ee2
1.2.3
1.2.3
-
e10
1e
-
1.2.3
e10
-
-
1ee2
1.2.3
1e+
1e
++1
++1
1e-
--2
1.2.3
1.2.3
1e
+
.
000.e
1e+
++1
--2
e10
1ee2
--2
abc
0e
1.2.3
e10
1e
000.e
.
1e-
e10
++1
1e+
000.e
1e
0e
0e
abc
e10
.
abc
0e
e10
1e-
+
1.2.3
1e-
.
.
1.2.3
000.e
0e
1e+
--2
-
1e
--2
1e+
000.e
1e+
1e+
000.e
-
.
-
0e
abc
0e
0e
1e+
++1
0e
++1
++1
0e
-
1.2.3
++1
abc
--2
1.2.3
++1
1e+
1e+
--2
1e-
.
1e-
1e
--2
-
1e-
-
000.e
.
1e
e10
1e-
1e-
abc
abc
.
e10
abc
1ee2
1.2.3
+
--2
1.2.3
.
1e-
1e+
1ee2
.
++1
000.e
1e-
1.2.3
000.e
1e+
-
1e
000.e
1.2.3
--2
1e
1ee2
0e
.
.
abc
--2
-
1ee2
.
1e+
.
++1
1.2.3
1ee2
.
1e
1e
e10
abc
000.e
0e
1e
.
abc
-
1e-
1ee2
000.e
.
.
1e
1ee2
000.e
+
--2
0e
-
0e
e10
000.e
abc
abc
1e-
1e-
-
1e-
e10
1.2.3
000.e
1e-
1e
--2
1ee2
+
-
++1
1ee2
abc
e10
0e
abc
000.e
e10
+
000.e
0e
1.2.3
1e-
++1
+
++1
-
1e-
+
++1
+
1.2.3
1ee2
abc
1e+
-
000.e
000.e
1ee2
+
000.e
e10
++1
1ee2
abc
.
0e
1ee2
.
1.2.3
abc
000.e
0e
-
1ee2
--2
++1
1e-
1e+
1ee2
1e-
1.2.3
0e
0e
1ee2
1e+
.
1e
abc
+
0e
e10
abc
0e
1e+
+
e10
.
--2
1e
000.e
-
abc
abc
-
1e-
++1
1e+
--2
1.2.3
e10
abc
1e-
1ee2
1e+
++1
++1
1ee2
+
1e
.
++1
++1
1e+
++1
000.e
1e-
++1
1.2.3
1e
++1
1e-
+
1.2.3
--2
--2
e10
1e-
--2
abc
000.e
000.e
--2
0e
.
-
e10
000.e
0e
.
0e
1e
.
--2
000.e
000.e
0e
abc
1e
1.2.3
1ee2
1ee2
0e
1e-
1e
e10
e10
1.2.3
+
1e
1e
abc
1e+
++1
++1
1e-
e10
abc
abc
1e+
1e
0e
abc
abc
1.2.3
++1
e10
1.2.3
000.e
e10
--2
0e
--2
-
++1
1e
0e
1e
--2
e10
1.2.3
1e+
1e+
-
+
+
++1
+
++1
1e+
++1
1ee2
+
--2
.
+
+
++1
abc
e10
+
000.e
e10
000.e
0e
++1
1.2.3
1ee2
1e-
1e-
0e
+
1e
1e+
000.e
+
--2
+
--2
-
000.e
--2
.
000.e
abc
1ee2
1e
+
1e
++1
1e-
1e-
e10
-
1.2.3
e10
-
--2
e10
e10
1e+
000.e
1.2.3
1.2.3
000.e
abc
1e-
abc
1ee2
.
1e-
abc
000.e
0e
1.2.3
++1
e10
1e
.
1.2.3
1e+
000.e
1e+
e10
+
abc
1ee2
1e+
1e-
1ee2
1.2.3
-
1e
1e+
e10
000.e
++1
-
0e
1ee2
1ee2
1e
e10
1e-
abc
+
1.2.3
1ee2
1e+
--2
++1
-
--2
1e+
1ee2
0e
-
+
1e
--2
e10
1.2.3
1ee2
0e
++1
0e
1e
1e-
-
--2
1ee2
1ee2
0e
1e-
1e-
0e
-
.
1e+
1e+
.
.
000.e
1e-
1.2.3
e10
1.2.3
0e
1e-
1e-
1e+
-
-
1ee2
1e
+
1e
000.e
+
.
1ee2
0e
+
1ee2
-
++1
e10
.
1ee2
-
++1
-
1e+
1e-
1ee2
++1
e10
0e
1.2.3
1.2.3
1e+
1e+
.
0e
.
000.e
-
000.e
1e+
++1
abc
++1
+
000.e
-
1e
1ee2
1.2.3
--2
--2
1e-
+
--2
1e
+
1e
e10
000.e
--2
+
++1
1ee2
1e-
e10
1.2.3
0e
+
0e
1e-
e10
e10
++1
1e-
abc
.
++1
1e-
.
-
+
1e+
1e+
1ee2
e10
000.e
1e+
+
++1
e10
1.2.3
1ee2
-
1e-
++1
e10
+
0e
1ee2
-
--2
0e
-
++1
000.e
1e+
e10
-
1ee2
000.e
1ee2
1e+
+
1ee2
1e+
1e+
1ee2
+
1e-
0e
0e
000.e
1e-
1e
1.2.3
--2
-
.
1.2.3
abc
0e
-
1e-
1e+
1.2.3
1ee2
abc
1e-
1ee2
000.e
1.2.3
e10
abc
1e-
1ee2
0e
1e+
--2
1e+
1.2.3
1ee2
-
1.2.3
1e-
1e
.
1e
e10
1.2.3
0e
1e-
++1
.
1e+
1e
--2
1e+
000.e
-
1e
abc
abc
-
0e
1e+
e10
1e
+
e10
1ee2
-
e10
--2
abc
1e+
1e
1e+
e10
1.2.3
1e-
-
1e-
1.2.3
.
1ee2
1e
1.2.3
++1
1ee2
000.e
0e
1e+
.
1.2.3
-
1.2.3
++1
1e-
1e-
1e+
e10
abc
1e+
.
1e+
000.e
+
1e+
1ee2
.
--2
0e
1e-
1e-
abc
000.e
++1
-
1e-
.
-
1e-
+
1e+
--2
1e+
1e-
1e
1e
1.2.3
1e+
0e
e10
1e-
--2
1e
1e+
0e
-
++1
1ee2
+
abc
1e+
abc
1ee2
-
000.e
--2
+
1ee2
.
e10
++1
e10
.
.
++1
1e+
0e
000.e
-
.
--2
1e-
0e
0e
.
+
++1
0e
1e
1ee2
.
+
-
000.e
1ee2
000.e
000.e
1ee2
1e-
1e-
0e
+
++1
+
1.2.3
e10
+
-
1ee2
1e
e10
1.2.3
++1
1ee2
1e
1e
0e
-
-
abc
abc
--2
000.e
1ee2
e10
1ee2
000.e
000.e
+
e10
1.2.3
1e
1ee2
1ee2
--2
1e+
000.e
.
+
-
1e+
-
--2
1e+
+
e10
--2
.
-
abc
+
++1
1.2.3
1ee2
1ee2
abc
+
-
e10
000.e
1ee2
000.e
+
.
+
0e
1e-
+
1e+
1e-
1.2.3
1.2.3
e10
++1
--2
1ee2
e10
.
1.2.3
1e-
1.2.3
1e-
1.2.3
-
--2
000.e
0e
abc
0e
++1
-
.
000.e
e10
--2
abc
++1
1.2.3
+
+
.
1e+
abc
+
.
1e+
1ee2
1.2.3
abc
000.e
++1
abc
-
1ee2
1e-
1e
1e+
e10
1e
++1
1e+
.
--2
1.2.3
1.2.3
abc
e10
1e-
--2
1e-
-
-
1ee2
++1
abc
1e-
1ee2
1e
1ee2
-
abc
--2
e10
1ee2
1e+
1e
-
e10
.
1.2.3
e10
1ee2
1ee2
1e+
--2
--2
1e+
1e-
1e-
1.2.3
abc
--2
abc
--2
0e
0e
1e+
0e
abc
0e
abc
1.2.3
1e-
--2
1.2.3
e10
0e
.
.
1e-
1e+
1ee2
-
.
.
1.2.3
1e+
-
1.2.3
abc
++1
1e+
000.e
.
++1
abc
1e
abc
--2
1e+
1ee2
1ee2
1e+
.
0e
--2
--2
1e+
1e+
1e
e10
1e
1e-
1e-
.
.
+
+
1ee2
-
++1
+
abc
--2
000.e
+
abc
000.e
1.2.3
1e
.
+
e10
.
1e-
abc
++1
0e
0e
0e
-
1e-
1e+
-
000.e
1e
0e
0e
abc
abc
--2
abc
1e
0e
0e
1e-
--2
1e+
abc
000.e
1ee2
1e-
000.e
++1
1e
000.e
000.e
000.e
e10
--2
+
abc
e10
--2
--2
1ee2
000.e
.
1.2.3
-
-
e10
000.e
--2
.
1e
.
000.e
1ee2
++1
1e-
abc
1e-
-
+
000.e
1ee2
++1
1e
1e+
+
e10
.
1e+
--2
+
e10
abc
-
abc
+
.
e10
--2
0e
1e-
.
0e
++1
-
0e
++1
1e
+
000.e
abc
1e
abc
-
+
1.2.3
1.2.3
e10
1ee2
0e
1e
++1
000.e
.
1.2.3
1.2.3
-
1.2.3
1e-
1e
-
--2
000.e
1e-
abc
+
1e+
1e+
++1
1e-
1.2.3
-
++1
1ee2
-
1e
abc
0e
+
abc
1ee2
-
--2
1e+
++1
+
-
1.2.3
-
1e+
1e
.
1ee2
+
1e+
e10
1e+
+
1e
1.2.3
-
000.e
.
1e
--2
-
1ee2
1e
1e-
abc
000.e
++1
1e-
e10
1e
1e
1e
1.2.3
1e
+
abc
0e
++1
0e
++1
+
--2
e10
abc
1e-
-
-
1.2.3
--2
1e
1.2.3
0e
abc
abc
--2
.
.
--2
abc
e10
abc
abc
1ee2
1e+
0e
1ee2
000.e
.
--2
1e
e10
1e
++1
1.2.3
1e-
-
abc
1ee2
-
--2
1e-
0e
++1
0e
--2
+
+
0e
.
+
1.2.3
000.e
1ee2
1e-
1e
1.2.3
++1
.
e10
1e+
+
1e
1ee2
1e+
1e
abc
.
1e+
--2
+
1e+
1e
-
abc
000.e
1ee2
.
--2
-
.
1.2.3
++1
1e+
--2
++1
e10
1e-
e10
.
+
e10
1ee2
1.2.3
1e
++1
1.2.3
--2
e10
1ee2
-
++1
1ee2
0e
-
1e
000.e
1e
.
1e+
++1
e10
1e
-
abc
000.e
abc
1e
000.e
e10
-
--2
000.e
-
-
+
1ee2
1e-
--2
+
+
abc
0e
000.e
1e+
++1
-
1ee2
1ee2
1e
abc
1.2.3
1.2.3
0e
--2
-
000.e
.
1e-
1e
000.e
+
1e
1e+
e10
+
++1
+
e10
++1
000.e
-
1e
000.e
1e-
1e+
.
1ee2
abc
1ee2
1.2.3
abc
--2
000.e
1e
e10
.
+
1e
1ee2
1e
000.e
e10
0e
.
0e
e10
+
e10
1.2.3
1.2.3
1e+
.
0e
e10
--2
0e
+
1e
1e+
1e+
0e
-
-
1e-
1ee2
++1
1e+
0e
1e+
+
000.e
1e
++1
1.2.3
+
1e
1e+
000.e
1.2.3
1e-
1e
1e
0e
+
000.e
--2
1e-
e10
++1
1e-
1.2.3
1e+
0e
0e
1ee2
-
abc
000.e
1ee2
-
-
.
0e
1e-
--2
++1
.
--2
000.e
000.e
1.2.3
1ee2
1e-
1ee2
e10
000.e
1e-
0e
-
1.2.3
000.e
1e
000.e
1.2.3
.
0e
+
.
.
--2
0e
--2
abc
abc
0e
000.e
.
++1
1e+
++1
1e-
abc
1e
+
+
--2
0e
e10
0e
-
000.e
0e
000.e
0e
1e-
1e
1e
--2
+
1.2.3
++1
abc
+
0e
abc
-
1.2.3
--2
++1
1.2.3
1e
1e+
-
1e-
1ee2
1.2.3
1e-
--2
.
.
000.e
000.e
1e
+
e10
0e
e10
0e
000.e
1ee2
000.e
1.2.3
-
+
1ee2
e10
1e-
1.2.3
1e
1ee2
+
--2
-
0e
000.e
1ee2
1e
1e+
abc
1e-
1.2.3
1e+
1ee2
0e
1e-
000.e
000.e
1e+
-
0e
e10
1e
0e
1e-
--2
000.e
e10
.
+
e10
1e-
1e
1ee2
0e
1e-
1.2.3
-
e10
--2
1e
.
+
1e-
abc
--2
++1
1e-
.
++1
0e
1e
1.2.3
1ee2
1e+
--2
0e
e10
--2
abc
1e-
0e
abc
0e
abc
+
-
++1
++1
+
1ee2
1e+
.
1e-
++1
e10
++1
--2
.
1e+
000.e
+
000.e
1ee2
1e
1e+
000.e
1e-
--2
1e-
000.e
1e+
--2
1e
.
e10
1e-
abc
e10
.
.
000.e
1ee2
e10
1e
-
1e
000.e
1e-
++1
-
++1
+
1e+
1.2.3
1e
e10
1.2.3
abc
1.2.3
.
1e+
1ee2
1ee2
.
abc
1e
1e+
0e
1e+
.
1e+
1e+
1ee2
1e+
abc
-
++1
abc
0e
.
e10
1e+
1e+
e10
-
++1
--2
+
--2
++1
1e+
1ee2
1e-
.
1e
1e+
1e+
0e
1e-
000.e
000.e
000.e
0e
1ee2
+
1e
000.e
.
--2
1e-
1e+
1e
+
--2
.
--2
000.e
abc
--2
--2
-
.
1ee2
1.2.3
1ee2
e10
1ee2
1e
.
1e-
--2
1e
abc
000.e
1e+
1e
+
abc
1ee2
abc
0e
0e
1e-
1e
1e+
1ee2
1ee2
-
1e-
e10
--2
--2
+
1e-
000.e
1.2.3
1e+
0e
abc
1e-
0e
.
1.2.3
1e
e10
--2
abc
1.2.3
1e
1.2.3
1e+
1.2.3
e10
-
e10
000.e
0e
0e
+
+
1e+
++1
.
1ee2
0e
e10
++1
.
1e-
+
++1
abc
+
abc
abc
--2
.
.
+
000.e
-
e10
1e+
.
0e
0e
0e
+
0e
+
0e
abc
0e
1.2.3
-
000.e
.
1e
0e
1e
.
0e
1e+
1e+
+
++1
+
+
abc
++1
000.e
000.e
-
1e-
1e-
1.2.3
--2
.
++1
1ee2
.
1ee2
--2
1e
e10
1e-
000.e
000.e
abc
e10
1e-
abc
+
--2
1ee2
+
1.2.3
1e
++1
000.e
--2
1e-
--2
1ee2
1e+
+
+
1e-
++1
-
1e-
1e
e10
-
+
-
+
1e-
0e
.
1.2.3
000.e
+
e10
.
-
1e+
abc
.
1e-
1ee2
e10
e10
.
-
+
++1
0e
1.2.3
1e
1.2.3
+
1e-
+
1e+
1e+
+
e10
1e
+
000.e
-
-
1.2.3
.
1ee2
+
1.2.3
abc
-
+
1ee2
1e+
1e-
.
-
.
abc
000.e
000.e
++1
e10
1.2.3
.
abc
1ee2
1e-
1ee2
1ee2
e10
1e+
++1
++1
1ee2
1.2.3
0e
1e-
--2
-
1e+
--2
1e-
.
abc
-
1.2.3
1ee2
++1
1e+
1ee2
-
1e
-
-
1.2.3
.
000.e
1e
1e-
abc
-
--2
--2
-
000.e
.
+
1e
1e-
e10
-
1.2.3
e10
abc
1.2.3
--2
-
1e-
1.2.3
1e+
1ee2
e10
e10
1e
-
.
--2
abc
-
1e
1ee2
++1
0e
e10
++1
-
0e
000.e
abc
0e
0e
0e
++1
0e
1.2.3
1ee2
1e+
++1
.
1e
++1
-
abc
1e
.
e10
.
1e-
--2
+
--2
--2
+
.
+
--2
++1
1e
1e
.
1e
-
+
1e
1e
--2
1e+
1e+
1e+
.
--2
++1
e10
1e-
1e
--2
1e+
1ee2
+
1ee2
++1
abc
abc
-
.
++1
1e
0e
000.e
+
1.2.3
+
1e+
+
+
abc
1.2.3
abc
e10
1ee2
000.e
++1
000.e
000.e
1.2.3
000.e
+
e10
1e
0e
1.2.3
--2
1e-
1e+
1e+
1e-
1ee2
.
1ee2
1ee2
1ee2
1.2.3
+
0e
0e
000.e
-
-
.
0e
-
e10
1e
e10
000.e
++1
abc
1.2.3
0e
1e
000.e
1ee2
abc
1ee2
e10
--2
-
++1
1e-
abc
0e
abc
--2
e10
++1
.
1.2.3
-
000.e
000.e
1.2.3
++1
++1
1.2.3
++1
.
1e
.
1e+
1e
0e
--2
-
000.e
.
1.2.3
1.2.3
1ee2
0e
000.e
000.e
1e-
0e
e10
0e
1e-
e10
+
1.2.3
1ee2
1ee2
1e+
1e-
1e-
1e+
0e
.
000.e
0e
000.e
++1
1e-
1ee2
000.e
+
1ee2
++1
1e-
1.2.3
1e-
-
0e
+
000.e
e10
1e+
abc
-
1e
000.e
+
1.2.3
.
1ee2
++1
1ee2
1e+
1e-
000.e
-
++1
++1
0e
++1
1e+
1e-
000.e
abc
0e
e10
++1
000.e
1e+
e10
+
0e
1e-
1ee2
e10
1e
-
000.e
++1
-
++1
1ee2
1e+
-
1ee2
1e+
-
1e-
++1
.
++1
1e-
e10
--2
-
1.2.3
e10
+
000.e
1e+
1.2.3
abc
+
1e-
-
++1
000.e
1e-
abc
-
1e
1e-
.
abc
--2
0e
1e+
0e
1e-
+
1.2.3
1.2.3
--2
--2
0e
-
000.e
1.2.3
1ee2
1e+
1ee2
1.2.3
++1
e10
.
--2
++1
.
.
1e
abc
.
1.2.3
+
1ee2
++1
abc
1e-
0e
e10
e10
e10
1ee2
--2
-
1ee2
1e
--2
1e
++1
+
abc
0e
1.2.3
--2
.
1e
+
e10
0e
000.e
.
1e
+
0e
e10
000.e
.
abc
000.e
1ee2
--2
abc
1e+
-
++1
000.e
abc
0e
1e
abc
abc
--2
+
-
1e-
1ee2
1e-
000.e
+
000.e
0e
.
1ee2
000.e
1ee2
1e-
1e+
1ee2
--2
--2
1e+
1ee2
1e+
1.2.3
++1
--2
000.e
1e-
1e-
1.2.3
1.2.3
000.e
1ee2
e10
1ee2
--2
+
0e
1e-
+
000.e
1e
abc
+
+
0e
--2
--2
1e
1.2.3
--2
abc
abc
000.e
++1
+
1ee2
1ee2
000.e
.
+
000.e
++1
1.2.3
abc
000.e
e10
000.e
0e
++1
.
1e
+
++1
1e+
0e
e10
1.2.3
0e
1e
-
--2
--2
000.e
-
000.e
--2
0e
e10
.
++1
--2
1e-
1e+
000.e
.
+
1e+
1e-
1.2.3
e10
e10
abc
++1
-
abc
.
1e+
1e-
1ee2
--2
000.e
1e
--2
000.e
0e
1e+
1e+
0e
1e+
.
-
1e-
1e-
1.2.3
abc
0e
-
++1
+
1e
++1
1e+
1ee2
000.e
-
e10
+
.
+
.
.
.
.
abc
e10
.
1.2.3
1e
e10
-
1e+
--2
-
--2
1e+
1.2.3
++1
0e
000.e
.
1ee2
1e
--2
abc
.
.
abc
.
000.e
++1
e10
000.e
1e+
e10
1e-
0e
0e
1ee2
abc
000.e
1.2.3
1e-
1e
+
.
1e
0e
1.2.3
000.e
000.e
0e
0e
1ee2
abc
--2
e10
+
++1
.
1.2.3
abc
1ee2
-
e10
1e-
1e
++1
abc
000.e
1e-
1e
-
0e
-
-
0e
e10
+
-
+
1e-
1.2.3
1ee2
1e+
1e
000.e
1e
e10
1e-
000.e
0e
000.e
1.2.3
1e-
1e
+
-
-
1e
1e
1.2.3
--2
1e-
0e
--2
++1
.
e10
e10
1ee2
abc
1e+
1e
--2
1e+
++1
1e-
--2
1e-
.
0e
+
e10
+
1e+
++1
1ee2
1e+
1e-
abc
1ee2
1ee2
000.e
-
++1
.
-
1ee2
1e+
abc
0e
--2
e10
1e+
++1
0e
000.e
--2
1ee2
e10
-
1ee2
++1
000.e
-
1e
1ee2
abc
--2
0e
e10
1e
++1
+
1ee2
000.e
1ee2
--2
++1
.
1ee2
1e+
++1
-
1.2.3
000.e
000.e
-
abc
1ee2
.
--2
1e+
+
-
+
++1
1ee2
abc
abc
abc
abc
.
000.e
-
1ee2
abc
0e
abc
1.2.3
e10
1.2.3
abc
-
1ee2
++1
0e
1e
1e
e10
1.2.3
++1
abc
000.e
abc
e10
abc
abc
abc
1ee2
abc
+
1ee2
abc
1e+
++1
-
1e
.
1ee2
1.2.3
1.2.3
0e
1e
1e+
1.2.3
1e+
0e
-
1e-
++1
1e+
1e+
.
abc
abc
-
++1
--2
000.e
1ee2
-
.
.
1e-
1e-
--2
abc
--2
++1
++1
1ee2
--2
1e-
1e
1e
1e
1ee2
1.2.3
e10
1e
0e
000.e
++1
1e+
0e
1e
e10
+
+
0e
1e-
1.2.3
1e
++1
1e+
+
1ee2
000.e
1e+
1ee2
-
1e+
+
1ee2
1e-
0e
.
abc
--2
1.2.3
abc
.
1e
1ee2
e10
1ee2
abc
1.2.3
--2
--2
1e
000.e
1.2.3
+
--2
--2
--2
1e
1e
1ee2
--2
1e+
1ee2
++1
000.e
1e+
+
+
-
0e
1e+
++1
1e+
-
000.e
e10
1e
.
++1
abc
++1
.
abc
1ee2
1e-
.
1.2.3
e10
000.e
000.e
1.2.3
1e-
1e
--2
000.e
++1
000.e
--2
abc
+
abc
000.e
+
1ee2
1ee2
000.e
-
.
e10
e10
1ee2
0e
1.2.3
++1
--2
1ee2
1ee2
+
1e+
++1
e10
++1
--2
1e-
1e-
.
1e
1ee2
1e+
1.2.3
.
-
1.2.3
0e
.
+
1e
1e+
1e+
.
1e+
1ee2
+
0e
.
.
1.2.3
e10
++1
++1
1e+
000.e
+
000.e
000.e
000.e
1ee2
abc
.
.
1e
.
0e
--2
e10
e10
-
1.2.3
++1
1e-
+
e10
abc
abc
1.2.3
.
-
++1
000.e
+
e10
++1
000.e
e10
1e-
1.2.3
e10
1e+
++1
+
++1
1ee2
1e
1.2.3
+
1e
1ee2
--2
1e+
-
000.e
+
1.2.3
e10
1e-
1e-
.
e10
1e+
0e
-
e10
1e+
e10
1e
e10
+
000.e
1e+
--2
++1
.
1.2.3
1e
1e
1ee2
+
-
1ee2
abc
-
abc
1e
000.e
--2
1e+
1e+
.
e10
++1
.
abc
000.e
000.e
1e
abc
+
--2
abc
1.2.3
1e-
+
e10
-
000.e
++1
.
e10
1ee2
-
1ee2
+
+
0e
1e
1.2.3
+
1e+
1e
1ee2
e10
--2
1e+
000.e
1e
1e+
1ee2
1e+
1e-
1e+
--2
1ee2
abc
000.e
0e
0e
1e
1e+
e10
1ee2
0e
1e-
.
1e-
+
e10
-
1ee2
1e+
000.e
++1
1ee2
abc
1.2.3
1ee2
++1
1e+
0e
-
--2
1e+
1ee2
1.2.3
0e
+
++1
1.2.3
1ee2
1.2.3
1e+
e10
e10
1.2.3
++1
000.e
0e
e10
+
1e
-
--2
.
e10
+
-
e10
++1
++1
e10
e10
1.2.3
1.2.3
--2
000.e
abc
1.2.3
1ee2
++1
1e-
1e-
abc
1ee2
1e-
++1
1e
abc
0e
++1
1ee2
e10
e10
-
1e
1e+
abc
--2
.
.
1e-
0e
+
.
--2
e10
1.2.3
1.2.3
1.2.3
++1
0e
--2
abc
.
abc
1.2.3
1e+
-
0e
--2
1.2.3
000.e
1e-
1e-
000.e
e10
1e-
abc
-
1.2.3
-
-
+
abc
abc
1e-
e10
1e+
+
abc
e10
1e-
1ee2
1e
1.2.3
++1
1e
++1
.
1e
1e-
++1
1e+
1e+
.
.
1e+
1ee2
1.2.3
.
++1
1.2.3
+
-
1.2.3
-
.
++1
1e
--2
-
1e
-
1ee2
+
.
1ee2
abc
+
e10
0e
1.2.3
--2
1.2.3
1e+
1e
1.2.3
1e
000.e
1e
+
1.2.3
--2
e10
1e+
1e+
-
1ee2
-
1e+
1e
1e+
-
+
-
000.e
1e
-
1e-
000.e
abc
++1
++1
++1
++1
1.2.3
++1
e10
abc
+
--2
+
000.e
--2
1e+
1e+
-
1e-
1.2.3
1.2.3
++1
1e+
e10
1.2.3
++1
1.2.3
abc
-
abc
1e
abc
000.e
1.2.3
e10
1.2.3
--2
e10
1e-
0e
.
0e
1e
000.e
-
--2
0e
000.e
1ee2
1.2.3
1e
abc
.
1e
1e+
1ee2
1ee2
++1
+
1ee2
e10
+
1ee2
1.2.3
.
0e
abc
1e-
000.e
1e+
++1
1e+
1e
.
1e-
+
+
-
1.2.3
++1
1e-
-
e10
--2
1e
1.2.3
000.e
1e+
abc
0e
++1
0e
-
1e
1e
++1
--2
e10
1ee2
--2
1e
-
1.2.3
--2
1.2.3
abc
++1
abc
000.e
000.e
abc
000.e
1e-
1e+
1.2.3
1e-
-
1e-
1.2.3
e10
.
abc
1ee2
1.2.3
--2
0e
1e+
1e-
1ee2
0e
1.2.3
abc
.
-
-
1e+
000.e
abc
++1
1ee2
-
0e
e10
.
0e
000.e
0e
1.2.3
1e-
abc
1.2.3
.
e10
1e-
0e
1e-
000.e
1e+
1e+
1.2.3
1ee2
000.e
1.2.3
1e
1.2.3
-
++1
1e+
1e+
abc
1e-
0e
-
+
e10
1e-
.
1.2.3
1e
.
1ee2
1e+
1e+
+
.
++1
.
1.2.3
0e
1e+
abc
--2
1e
abc
++1
1.2.3
1e-
--2
000.e
--2
1e-
e10
000.e
1e+
1e
++1
0e
+
1.2.3
1e
0e
1ee2
e10
+
1ee2
000.e
1.2.3
++1
--2
1e-
--2
1e+
-
1e+
1ee2
000.e
0e
.
1.2.3
abc
.
e10
1e
0e
+
000.e
-
1ee2
1e+
0e
abc
1e+
--2
1.2.3
1e+
.
++1
1.2.3
1e-
0e
1e
e10
++1
1e
-
abc
++1
++1
+
1e
+
000.e
-
+
000.e
1ee2
++1
1.2.3
e10
1ee2
1.2.3
e10
1e
1.2.3
1e-
e10
000.e
--2
--2
e10
.
1.2.3
1e
1.2.3
.
000.e
e10
1e
abc
1e
e10
1ee2
1.2.3
1e+
1.2.3
1e+
1e
e10
000.e
++1
1ee2
0e
1e
-
++1
-
+
1e-
1ee2
1.2.3
000.e
++1
abc
++1
.
+
.
1.2.3
1e
1e+
-
+
000.e
.
.
--2
-
+
1.2.3
000.e
1e-
+
e10
1e+
0e
abc
--2
.
1ee2
+
e10
++1
1e
-
1e+
--2
1.2.3
+
+
1.2.3
+
1e-
1e+
000.e
000.e
--2
1e-
1e+
e10
e10
--2
1.2.3
1e-
+
++1
abc
1e+
--2
1e
+
+
1.2.3
1ee2
1ee2
e10
1e-
1e-
000.e
.
1e+
0e
000.e
1.2.3
--2
--2
-
+
e10
++1
abc
1ee2
1.2.3
1e+
1e
.
++1
-
1e
e10
000.e
1e
e10
1e
.
e10
0e
1e-
.
0e
1e-
--2
1.2.3
1e-
e10
+
+
--2
1ee2
1ee2
.
e10
.
-
1e-
1.2.3
1e
.
1ee2
1e
e10
1.2.3
000.e
--2
++1
1e-
1e+
1e
e10
--2
1ee2
.
--2
++1
000.e
1e-
1e-
1e+
abc
++1
--2
1.2.3
1ee2
1.2.3
e10
1e-
++1
e10
+
e10
1e
1ee2
1e-
--2
abc
++1
+
1e-
1.2.3
1e
.
e10
++1
0e
.
-
++1
.
-
1e
1.2.3
--2
--2
1e+
+
1ee2
1.2.3
abc
.
1e-
+
0e
1.2.3
1ee2
0e
0e
1ee2
0e
1.2.3
e10
abc
1e+
1.2.3
0e
--2
++1
1e+
1e+
1e-
--2
-
--2
--2
1.2.3
+
e10
1e-
0e
1e+
e10
++1
1ee2
+
++1
0e
--2
abc
1ee2
000.e
e10
1e+
1ee2
abc
1e
+
1ee2
1e-
1e-
+
1ee2
1ee2
+
1e+
.
+
1ee2
1.2.3
--2
--2
+
-
1e
1.2.3
++1
000.e
e10
0e
1.2.3
000.e
--2
1e+
++1
e10
0e
abc
1e
e10
++1
+
-
1.2.3
1.2.3
-
--2
++1
0e
++1
++1
-
1ee2
-
--2
1e-
1e
-
1e+
++1
abc
0e
1e+
++1
-
1e-
.
abc
--2
1.2.3
--2
1.2.3
.
abc
0e
1e+
abc
e10
1e-
1ee2
-
1ee2
.
1e-
1.2.3
1e
.
abc
1e-
.
e10
1e
++1
.
1e-
.
e10
1ee2
++1
0e
.
.
+
1.2.3
-
1.2.3
000.e
1e
.
.
--2
.
1.2.3
.
1e+
+
++1
-
++1
.
+
1e
1ee2
abc
--2
1e-
e10
1e
1e
-
1e-
e10
1e+
1.2.3
.
1e-
1e-
+
-
1e-
-
-
-
1e+
e10
1e+
e10
.
1e
1ee2
1e
e10
++1
1e-
1e
1e
1e+
e10
-
abc
e10
1.2.3
.
1e
1e-
1.2.3
1e-
++1
1e+
++1
.
-
++1
abc
--2
.
1ee2
-
--2
1e-
abc
+
+
000.e
1e+
1e+
0e
--2
000.e
1e+
1.2.3
--2
0e
1ee2
1e-
0e
++1
000.e
.
--2
1ee2
+
1e-
+
1.2.3
e10
1e+
1e+
abc
1.2.3
1ee2
-
000.e
-
1.2.3
++1
.
000.e
000.e
1e-
0e
1e+
.
.
+
1e
++1
--2
+
e10
1.2.3
000.e
-
++1
e10
.
000.e
-
abc
.
.
1e+
-
-
0e
+
000.e
+
.
++1
1e-
++1
000.e
-
000.e
++1
1e+
1e+
1e-
-
-
.
0e
000.e
--2
1e
--2
1.2.3
1e-
e10
1e
1ee2
1.2.3
1e
+
1e
1.2.3
++1
abc
1e+
--2
1e-
1.2.3
abc
1e
1ee2
abc
+
+
--2
0e
++1
abc
1ee2
1e+
++1
++1
1e+
1ee2
++1
++1
1e
0e
--2
000.e
abc
-
0e
abc
e10
.
1ee2
0e
1e+
1e+
1ee2
1.2.3
e10
000.e
1e-
+
++1
1e+
abc
abc
--2
--2
.
1e-
1.2.3
--2
000.e
1e+
.
1e
--2
1.2.3
-
000.e
abc
-
.
1ee2
-
000.e
abc
1e+
1e+
0e
e10
0e
++1
0e
+
abc
+
1.2.3
--2
1ee2
-
+
e10
--2
000.e
0e
1.2.3
0e
1e-
+
1ee2
+
000.e
.
1e
000.e
000.e
abc
+
+
0e
1e-
-
1e
-
++1
1e
1.2.3
1.2.3
e10
1.2.3
--2
1e
0e
000.e
1e-
.
1.2.3
abc
1e-
1e
1ee2
++1
1e-
+
1e
.
++1
.
-
1ee2
+
1e+
1e+
+
000.e
1.2.3
--2
.
--2
.
-
1.2.3
-
1e-
-
1ee2
1e-
--2
abc
.
000.e
--2
000.e
++1
++1
++1
1e-
.
1e
0e
1ee2
000.e
-
-
1e
1e
.
+
.
.
1e-
+
e10
--2
1.2.3
000.e
++1
0e
++1
+
--2
.
abc
1ee2
1e-
1e+
1ee2
-
--2
-
-
.
abc
--2
abc
1e
e10
++1
-
1e-
1ee2
0e
000.e
++1
1e+
abc
1ee2
--2
++1
++1
abc
abc
000.e
1e+
+
1e
.
1ee2
1e
++1
1e
1e+
0e
1e
1.2.3
++1
.
e10
1e-
e10
1.2.3
1ee2
-
1ee2
-
1e-
.
1.2.3
e10
-
.
1e-
0e
abc
e10
1ee2
1.2.3
--2
abc
.
.
000.e
-
.
000.e
.
1ee2
.
+
1e+
0e
-
1e-
e10
.
000.e
1e-
abc
000.e
1ee2
++1
-
1e+
1.2.3
++1
0e
1.2.3
--2
1.2.3
.
1e
++1
.
1e+
1ee2
1e
1e+
0e
e10
e10
.
++1
--2
0e
000.e
--2
-
1ee2
.
1ee2
000.e
1.2.3
e10
000.e
0e
000.e
1.2.3
+
1e+
++1
.
abc
1ee2
-
0e
.
1.2.3
.
++1
e10
1e-
+
1e-
1ee2
1e
0e
000.e
++1
1e+
1e+
1.2.3
0e
e10
1ee2
abc
--2
++1
0e
1ee2
abc
1ee2
1e
1e-
abc
e10
e10
++1
1ee2
000.e
0e
1ee2
.
1e-
000.e
1e
-
1e-
1e+
-
1e-
++1
1e+
+
--2
abc
1e-
1e+
0e
.
0e
1.2.3
+
0e
1e-
++1
1e
1.2.3
000.e
1e+
1ee2
1e-
1e-
.
abc
000.e
1ee2
1.2.3
abc
1e
1e
++1
+
abc
1ee2
1e
1ee2
1e-
.
e10
1.2.3
+
.
.
+
e10
.
000.e
1.2.3
++1
+
+
++1
e10
1e
+
1e
1ee2
0e
.
1e+
.
abc
000.e
--2
1e
1e-
1ee2
1ee2
++1
1e+
000.e
+
abc
.
abc
+
.
0e
--2
e10
++1
0e
+
1ee2
1e
1ee2
--2
.
.
--2
abc
0e
0e
1.2.3
1e+
1.2.3
1e
e10
000.e
1e
abc
1ee2
1e+
e10
++1
++1
0e
.
1.2.3
1e+
1e
1e+
e10
1ee2
++1
abc
++1
1.2.3
0e
1e
0e
1ee2
1e+
1ee2
++1
000.e
+
++1
abc
000.e
.
1ee2
1e+
.
--2
1e+
0e
--2
1e-
e10
e10
+
--2
0e
1ee2
0e
e10
1.2.3
++1
1e-
+
-
1ee2
1e+
abc
1e+
.
--2
--2
1e+
.
1e+
0e
abc
-
1e
1e+
+
1e+
e10
0e
0e
e10
1.2.3
e10
1e+
000.e
1ee2
000.e
1ee2
-
abc
1e+
1ee2
1e-
1e-
.
e10
++1
--2
e10
1e+
++1
.
0e
+
1e
1e
++1
e10
1e+
1e-
abc
0e
000.e
1e
.
1e
1e-
1.2.3
1e+
0e
.
++1
e10
--2
--2
1.2.3
e10
--2
abc
abc
0e
abc
1e+
+
1ee2
1e
1e+
0e
-
1e
0e
1ee2
000.e
abc
1ee2
1ee2
e10
+
e10
abc
++1
-
-
-
1e-
e10
1e-
--2
abc
++1
e10
+
1ee2
-
0e
1e-
0e
e10
0e
+
0e
-
e10
e10
--2
abc
000.e
0e
e10
--2
1e-
+
+
e10
++1
000.e
e10
0e
1e
abc
0e
++1
.
1e
.
1ee2
1e-
1ee2
000.e
1e
1e-
.
000.e
1e-
1e-
000.e
1.2.3
0e
e10
abc
1e-
--2
abc
1.2.3
1.2.3
1ee2
-
.
1e-
000.e
0e
.
--2
1ee2
+
1e
1e
++1
1e
0e
1.2.3
e10
-
1e+
1e
--2
abc
1ee2
1ee2
000.e
++1
0e
1ee2
1ee2
0e
1ee2
0e
000.e
000.e
abc
e10
-
e10
0e
abc
1e+
--2
e10
1.2.3
++1
.
abc
1e+
1ee2
++1
e10
1e+
000.e
e10
1e
1e-
--2
abc
++1
--2
-
000.e
000.e
-
0e
-
+
1e+
--2
.
1e-
++1
0e
000.e
0e
--2
1ee2
1ee2
.
000.e
e10
1.2.3
1e+
abc
++1
abc
++1
1.2.3
++1
++1
abc
1e-
1e-
1ee2
e10
-
000.e
1.2.3
000.e
e10
++1
1ee2
0e
.
1e-
--2
abc
abc
.
abc
e10
1ee2
000.e
--2
1e+
+
abc
1e-
1e
1e-
0e
e10
000.e
1e
1e-
1ee2
+
1.2.3
-
--2
--2
1e-
--2
+
0e
1e+
1e+
--2
+
1ee2
++1
-
1ee2
abc
.
1e-
1e
0e
--2
.
1e-
+
--2
1e
abc
-
1e
-
.
e10
1.2.3
-
1ee2
0e
abc
1e+
abc
1e
.
1e+
e10
0e
1e
1e
e10
abc
1e+
1ee2
1ee2
abc
1e
1e-
+
+
--2
1ee2
1.2.3
0e
++1
++1
1e-
1e
+
1e
1.2.3
1e
+
--2
1ee2
--2
.
0e
+
1e
--2
.
.
1e
1e-
--2
1e-
--2
1e+
1e
1e+
1.2.3
++1
000.e
e10
e10
1.2.3
000.e
1e-
e10
000.e
1ee2
++1
1e
1ee2
000.e
abc
1ee2
1ee2
1e+
+
0e
--2
e10
abc
1ee2
0e
0e
1e
--2
.
1ee2
--2
1.2.3
.
-
1e-
++1
1.2.3
0e
1e-
.
000.e
--2
1ee2
000.e
1e-
1e+
e10
1e-
1ee2
++1
1e-
1.2.3
--2
1.2.3
--2
1ee2
++1
1e-
.
-
1e
1e-
+
1e
1e
1e-
+
e10
-
1e+
1e
e10
-
1e+
e10
000.e
-
1ee2
1e-
.
000.e
0e
--2
0e
000.e
000.e
-
++1
+
1.2.3
abc
.
-
abc
1.2.3
1e+
1ee2
000.e
++1
-
1e+
e10
1e
1.2.3
1e
--2
1e-
e10
e10
++1
1.2.3
1e-
1ee2
1e
+
1e-
.
1e
0e
1e
1ee2
1ee2
000.e
1ee2
0e
e10
0e
-
--2
1e
0e
++1
0e
abc
000.e
.
abc
-
1.2.3
-
+
1e
1.2.3
1e-
--2
0e
1ee2
000.e
1e
abc
++1
1ee2
1ee2
000.e
1e
abc
0e
.
1ee2
abc
1e
-
e10
1e
++1
1ee2
000.e
1e-
1e
e10
.
+
1e-
1.2.3
1e+
1ee2
000.e
1e
.
0e
1e-
.
.
+
++1
+
+
1e+
+
--2
1ee2
++1
1ee2
+
1ee2
1e-
--2
--2
000.e
1.2.3
.
1e
1e+
-
0e
abc
-
0e
--2
++1
e10
-
0e
1ee2
1e
--2
abc
1ee2
1e-
1e+
1.2.3
1ee2
1e-
e10
abc
1.2.3
000.e
1e
abc
e10
-
--2
++1
e10
--2
1e-
--2
+
1e+
1e-
0e
1.2.3
e10
000.e
1e
++1
.
+
--2
+
--2
1e-
++1
1.2.3
++1
e10
1e
1ee2
1ee2
1e-
1e+
1.2.3
e10
++1
1e+
.
0e
0e
--2
.
abc
++1
1e+
1e
1.2.3
--2
--2
--2
1e
1e-
abc
e10
0e
--2
-
1e+
1.2.3
1e+
+
abc
000.e
1e
1.2.3
000.e
++1
000.e
.
--2
1e
++1
1e-
1e-
0e
1e
1e+
abc
0e
.
000.e
--2
1e+
+
1ee2
abc
.
--2
1.2.3
-
.
e10
--2
--2
1ee2
.
+
--2
--2
++1
+
+
.
-
+
e10
1e
e10
e10
e10
1e-
1e-
0e
1.2.3
+
1e-
1ee2
abc
--2
1e+
--2
+
--2
1e+
abc
1e
1ee2
e10
e10
1ee2
+
++1
-
.
e10
1.2.3
--2
1.2.3
+
e10
-
1.2.3
-
+
000.e
abc
1.2.3
.
+
1ee2
e10
1ee2
-
+
0e
.
-
000.e
1.2.3
1.2.3
0e
.
.
1.2.3
0e
++1
e10
-
000.e
1.2.3
+
1ee2
.
e10
1e+
+
+
1e+
1e
e10
000.e
e10
--2
1.2.3
-
--2
++1
--2
1e+
000.e
abc
+
-
000.e
-
1e
-
-
-
e10
1e-
1e
abc
1.2.3
000.e
e10
-
1.2.3
1e+
e10
000.e
1e+
1ee2
1e
--2
++1
1e
abc
1e
.
1e-
1.2.3
1e+
1e+
.
1e-
abc
-
000.e
0e
--2
000.e
1ee2
abc
1ee2
abc
e10
1e
000.e
e10
1e
0e
1ee2
1e+
--2
0e
e10
-
1.2.3
+
+
1e
+
++1
1e+
1ee2
1ee2
-
.
0e
.
.
000.e
1e-
000.e
1e
+
1.2.3
e10
e10
.
1.2.3
e10
--2
++1
abc
e10
.
1.2.3
000.e
.
0e
0e
.
abc
0e
.
e10
-
+
0e
000.e
++1
++1
1e+
.
abc
1e+
1ee2
0e
abc
++1
1e-
000.e
abc
.
+
1ee2
1ee2
1e
.
000.e
1ee2
1ee2
000.e
.
1e+
++1
000.e
abc
e10
1e+
000.e
abc
0e
1e+
1e+
++1
1e+
-
000.e
.
-
0e
1e-
1ee2
1e-
-
1ee2
+
1e+
++1
000.e
-
--2
1.2.3
1.2.3
++1
+
abc
1ee2
0e
.
--2
1e
1ee2
-
++1
0e
1e-
+
1e-
1e+
1.2.3
000.e
+
.
1e+
.
0e
000.e
1e-
000.e
1.2.3
000.e
1ee2
abc
000.e
e10
1e
000.e
1e+
1e+
1e
--2
000.e
0e
-
1e
-
000.e
1ee2
0e
-
.
+
1e
1e-
.
++1
1ee2
e10
1ee2
e10
--2
1e+
--2
+
abc
1.2.3
1e+
1.2.3
1e
1e-
1.2.3
+
abc
1e-
0e
1e+
000.e
1.2.3
.
000.e
1e+
--2
abc
0e
e10
++1
++1
1ee2
1e-
++1
-
0e
abc
1e
++1
1e+
1e-
1ee2
1.2.3
e10
1e
1ee2
abc
abc
e10
++1
000.e
1e-
--2
000.e
1e-
000.e
.
1e+
+
1.2.3
1ee2
--2
++1
+
-
.
1ee2
++1
1e-
-
1e+
e10
1e-
--2
.
000.e
-
abc
1ee2
1e+
1.2.3
-
.
abc
--2
1ee2
e10
.
--2
.
+
1.2.3
1.2.3
1e
+
abc
1e+
.
-
-
.
1.2.3
0e
-
-
+
000.e
++1
1e
.
.
--2
++1
000.e
abc
++1
1e-
.
+
0e
0e
+
1ee2
1e
-
abc
--2
1.2.3
0e
1ee2
abc
1ee2
1ee2
-
+
e10
+
--2
1e
-
++1
1e-
1e-
0e
++1
--2
0e
1e+
1.2.3
+
--2
1e
e10
1e+
abc
++1
+
1ee2
1e-
+
1e+
abc
abc
.
1e-
--2
.
abc
++1
1e-
1.2.3
1e+
1e-
1.2.3
1.2.3
1e
--2
0e
0e
1e+
e10
--2
000.e
++1
1ee2
abc
1ee2
.
1e+
+
0e
1.2.3
000.e
e10
abc
--2
.
1ee2
abc
1e+
+
--2
0e
1e-
++1
1e-
.
++1
abc
e10
1e+
++1
1e-
1ee2
1.2.3
1ee2
-
1e+
1ee2
1e-
000.e
+
1e
e10
++1
1e+
0e
0e
1e+
1e+
e10
.
.
-
1ee2
-
abc
abc
.
1e
1ee2
1.2.3
0e
-
.
+
1e-
1e+
1e+
1ee2
+
.
1e
--2
1e
1ee2
--2
1e+
1.2.3
++1
+
1.2.3
000.e
1ee2
1.2.3
1e-
1.2.3
1e-
0e
e10
1e+
--2
-
1e
abc
++1
-
++1
1e+
1e
--2
1e-
.
e10
.
+
e10
+
.
--2
--2
0e
000.e
abc
abc
--2
1.2.3
++1
-
0e
--2
--2
1e
1.2.3
000.e
+
++1
1e
abc
1ee2
1e
e10
--2
--2
1e
1.2.3
abc
abc
1.2.3
0e
-
0e
1e-
0e
abc
1ee2
abc
e10
1e+
0e
000.e
1e
1e
.
--2
1e
1.2.3
++1
++1
+
+
0e
1e-
1.2.3
0e
+
.
1ee2
-
000.e
1e+
--2
++1
1e+
000.e
1e-
1.2.3
-
.
abc
000.e
1.2.3
--2
1e+
--2
1e+
1.2.3
1e+
abc
.
1e
e10
.
--2
000.e
1ee2
1e+
1.2.3
1e
1e+
e10
1ee2
e10
1e
++1
e10
--2
--2
0e
000.e
1e-
1e+
-
0e
.
.
+
-
--2
++1
0e
abc
+
+
-
-
abc
++1
abc
--2
abc
+
abc
1.2.3
000.e
1e-
000.e
-
.
1e
1.2.3
1e-
0e
-
++1
.
1e
000.e
-
+
1e-
1e
0e
1.2.3
e10
-
1e-
--2
abc
1e+
1e+
.
1e-
0e
-
abc
abc
--2
0e
1e-
1e+
1e+
0e
-
000.e
+
.
-
e10
++1
-
++1
0e
1e+
1.2.3
000.e
+
.
1e
1ee2
+
--2
e10
1ee2
abc
+
.
1e+
0e
1e-
-
abc
+
1ee2
1ee2
abc
1e-
1e+
++1
1e-
-
1e+
+
--2
--2
1e+
1e
1e-
1e-
1e-
--2
1e
1e-
abc
1e
++1
1ee2
1e-
.
1e-
1e+
1e+
1e
1ee2
.
e10
abc
abc
e10
1ee2
1.2.3
--2
+
1e-
1.2.3
--2
1.2.3
.
-
.
+
+
1ee2
.
0e
000.e
++1
abc
-
--2
e10
e10
1.2.3
-
+
1ee2
1e+
.
--2
1.2.3
1ee2
000.e
++1
1e
1e-
.
e10
-
abc
1e-
1e-
+
+
1.2.3
++1
1e-
-
abc
1.2.3
1ee2
1.2.3
1ee2
-
000.e
1e
1e+
-
1.2.3
+
000.e
-
.
+
000.e
-
1e+
+
.
1e-
--2
+
1.2.3
1e+
1e-
.
1e-
1e-
+
e10
1.2.3
1e
+
+
1.2.3
000.e
1e
1.2.3
1.2.3
abc
1e+
000.e
1e+
1ee2
1.2.3
-
1e+
000.e
1ee2
--2
000.e
1e-
1ee2
abc
1e
1.2.3
.
.
+
000.e
000.e
000.e
1e-
1ee2
--2
0e
1e-
1e
1e-
abc
abc
1e-
.
1.2.3
++1
1e
+
-
1e+
1e+
1e
0e
-
0e
1e
--2
.
1ee2
++1
-
+
000.e
1e-
++1
.
.
+
--2
++1
000.e
--2
+
abc
1e
0e
--2
1.2.3
e10
1ee2
1.2.3
1e+
abc
+
++1
.
000.e
-
0e
e10
1e
1e
e10
++1
1e
--2
-
0e
1ee2
1e-
1.2.3
1ee2
1e-
++1
1e+
--2
abc
1ee2
--2
1e+
1e-
--2
-
1e+
1ee2
1ee2
0e
1e-
1e+
.
000.e
++1
--2
abc
0e
1e-
000.e
1e+
1e+
++1
1.2.3
1ee2
0e
1e-
--2
.
1e
0e
--2
000.e
e10
000.e
000.e
abc
abc
++1
0e
1e+
1e-
1.2.3
1e-
1e
1ee2
1e-
1.2.3
++1
1.2.3
.
1e+
--2
+
+
0e
000.e
1e
1.2.3
1e-
--2
000.e
e10
.
++1
.
1ee2
000.e
.
-
000.e
1e-
1e
-
--2
-
1e-
1ee2
1e-
-
+
1.2.3
.
000.e
1ee2
1e-
e10
1e
-
++1
-
1e
1ee2
1e
0e
-
1e+
e10
--2
.
--2
1.2.3
abc
-
+
1e
1e
1ee2
++1
0e
--2
++1
1ee2
1ee2
1e-
e10
++1
+
.
.
1ee2
e10
abc
--2
--2
1.2.3
abc
000.e
000.e
-
++1
000.e
--2
+
1.2.3
1ee2
.
1e
1e+
.
0e
.
+
1e
1e
.
1e+
.
abc
0e
+
1.2.3
-
1.2.3
1e-
0e
abc
-
000.e
1.2.3
1e+
--2
1e+
e10
000.e
000.e
--2
.
-
1e+
1ee2
000.e
1e+
1ee2
++1
++1
1e-
1e-
.
0e
1ee2
1ee2
1e-
1.2.3
1e
-
1e
--2
e10
+
--2
-
1e-
.
1.2.3
-
.
+
+
1e+
0e
+
++1
-
.
+
abc
1.2.3
000.e
-
-
1e+
1ee2
--2
e10
e10
abc
e10
-
-
000.e
.
.
++1
1ee2
.
1.2.3
0e
000.e
.
1ee2
1e
++1
abc
--2
.
-
000.e
e10
0e
abc
+
abc
--2
1e+
1e
1e+
.
--2
e10
--2
++1
1e
0e
1e
e10
.
1ee2
abc
1e+
1e
1e
000.e
1.2.3
.
+
0e
.
abc
.
.
++1
1e
1.2.3
000.e
--2
--2
abc
--2
--2
+
0e
0e
.
000.e
--2
-
--2
--2
1.2.3
.
-
abc
1.2.3
-
++1
--2
1e
.
0e
--2
e10
.
0e
000.e
+
1e-
1ee2
000.e
1e+
+
e10
1e+
++1
1e+
1e+
1e+
abc
1ee2
1e+
abc
++1
1ee2
1ee2
000.e
+
+
0e
--2
0e
++1
1e+
1.2.3
--2
++1
e10
0e
abc
.
.
.
1e+
--2
1e+
1e-
e10
++1
000.e
.
++1
.
1ee2
-
0e
1.2.3
1ee2
0e
+
000.e
0e
1ee2
1e-
++1
000.e
000.e
--2
abc
1e
abc
e10
1e-
e10
1e
0e
000.e
0e
1e
abc
1e-
0e
1.2.3
-
1e+
--2
1.2.3
1e+
1e
--2
1e
1e+
000.e
0e
+
+
0e
abc
--2
1.2.3
-
e10
++1
1e-
abc
0e
-
abc
0e
e10
+
000.e
1e
-
--2
1ee2
1.2.3
1e
e10
-
1e-
++1
.
.
1.2.3
1e-
+
1.2.3
-
.
-
0e
-
1e-
++1
1.2.3
1e
1e+
.
e10
0e
1e
.
1e+
e10
1.2.3
1ee2
e10
0e
e10
1e+
1e+
1.2.3
++1
1ee2
000.e
-
--2
1e+
.
1.2.3
+
1ee2
--2
++1
-
0e
--2
e10
1e
1e
--2
000.e
++1
1e-
-
0e
.
1e
1e-
++1
1e-
.
0e
+
1e
1e-
1.2.3
1e-
000.e
1e
000.e
1e
++1
--2
1e+
1e
1e-
-
1e-
.
+
-
-
1e-
+
0e
++1
1.2.3
--2
.
.
000.e
--2
e10
abc
.
.
0e
.
1e
1e
-
1.2.3
+
--2
+
-
.
-
abc
1e+
.
1e+
1e
-
1e-
++1
1e-
000.e
0e
--2
e10
000.e
e10
--2
++1
1ee2
++1
--2
0e
0e
abc
++1
000.e
-
1ee2
0e
1.2.3
1e-
0e
.
1ee2
.
1.2.3
1e+
000.e
1e-
000.e
-
++1
++1
.
abc
000.e
++1
++1
abc
1ee2
abc
000.e
++1
1.2.3
e10
1.2.3
000.e
--2
e10
+
--2
-
1e
.
e10
--2
.
.
abc
+
1e-
+
1.2.3
1e-
e10
0e
+
-
abc
0e
-
abc
+
0e
1e+
1e+
0e
abc
.
+
.
1e-
-
-
-
1e+
000.e
.
.
1e+
+
e10
abc
abc
1e-
1.2.3
1ee2
.
--2
++1
.
++1
000.e
+
0e
e10
1e-
1e-
1.2.3
1.2.3
1e-
1e-
-
.
1.2.3
1e
0e
abc
--2
0e
1ee2
1.2.3
.
e10
-
e10
+
000.e
1e
-
1e+
.
1e+
0e
000.e
e10
-
1e
1e
1e
++1
++1
.
1e
+
000.e
-
000.e
abc
e10
+
1ee2
1.2.3
e10
1e+
1e+
1.2.3
0e
++1
abc
000.e
000.e
abc
1e+
++1
1e
-
+
-
1ee2
e10
0e
1e-
000.e
1e
e10
abc
0e
1e
.
1e+
0e
+
1e-
1e
1e+
0e
-
-
1.2.3
+
e10
000.e
e10
--2
+
1e+
++1
-
+
1e
1e
-
++1
--2
.
.
--2
+
1ee2
0e
.
+
++1
.
1ee2
1ee2
-
.
e10
1e-
e10
.
0e
++1
e10
000.e
e10
0e
-
1.2.3
--2
.
abc
1e+
++1
1e-
1e
0e
+
e10
1e
abc
--2
-
+
e10
1ee2
e10
1ee2
0e
1e-
-
1ee2
1.2.3
--2
++1
1.2.3
1.2.3
1e
.
abc
1e-
1ee2
000.e
000.e
abc
1.2.3
--2
abc
1e+
1e+
+
e10
1e+
1ee2
1.2.3
1ee2
--2
1.2.3
++1
1e+
.
e10
.
1e
1ee2
1e-
--2
+
1ee2
000.e
0e
1e+
-
.
-
.
-
000.e
1ee2
000.e
-
1ee2
+
.
e10
+
e10
0e
-
000.e
1e-
.
-
-
abc
e10
1e
1ee2
1ee2
1.2.3
1.2.3
--2
1e+
0e
1ee2
1e+
1e+
0e
--2
.
--2
.
-
++1
1e
1e+
.
.
000.e
.
.
1e-
abc
1e-
+
.
+
+
000.e
++1
e10
+
++1
-
abc
++1
+
1e-
++1
+
--2
.
-
+
000.e
1.2.3
000.e
1e+
--2
e10
000.e
e10
1ee2
abc
1.2.3
0e
++1
--2
++1
0e
abc
1ee2
1.2.3
1.2.3
1e+
+
1ee2
-
1e+
abc
1e
1.2.3
0e
000.e
0e
1ee2
.
1.2.3
-
++1
1ee2
000.e
000.e
.
0e
+
1e+
+
1e
++1
1ee2
000.e
1ee2
-
-
1e+
--2
+
1e-
1e-
0e
e10
e10
1.2.3
1.2.3
-
1e-
e10
000.e
000.e
1e
abc
+
-
e10
0e
1.2.3
abc
abc
abc
-
1ee2
0e
abc
1e-
--2
-
1e+
.
1e+
e10
++1
1e-
abc
1ee2
-
1ee2
000.e
1e+
1.2.3
.
e10
--2
abc
1e
--2
1e+
1e
0e
+
.
e10
1e-
1e
++1
--2
+
1.2.3
--2
1e
+
--2
-
++1
0e
++1
.
000.e
0e
+
-
1e-
-
-
000.e
+
--2
abc
-
1.2.3
e10
000.e
+
+
+
abc
1e+
1e+
e10
1.2.3
+
1e+
-
.
--2
.
0e
.
1e+
--2
+
-
1.2.3
0e
000.e
1e
--2
++1
1e
+
-
1.2.3
e10
1.2.3
0e
0e
--2
1.2.3
1e+
++1
1.2.3
1e+
1e+
1.2.3
++1
1.2.3
1ee2
abc
+
1e
000.e
.
000.e
0e
1.2.3
+
.
1ee2
-
abc
abc
1e
e10
--2
++1
1e
+
--2
-
000.e
0e
1e-
1e+
-
abc
1e-
1ee2
-
+
-
1e
1e+
--2
0e
--2
++1
000.e
1ee2
--2
abc
1ee2
+
1e-
0e
.
-
++1
abc
000.e
abc
-
1ee2
0e
000.e
1e
1ee2
000.e
000.e
e10
--2
+
1e-
1ee2
--2
e10
1e-
0e
0e
e10
1e
1.2.3
++1
e10
e10
e10
++1
++1
-
.
-
++1
abc
1e-
1e
1ee2
++1
-
abc
++1
1ee2
++1
1.2.3
abc
.
000.e
0e
++1
1e+
-
1.2.3
e10
0e
++1
1e
+
1e-
+
+
++1
0e
1.2.3
1e+
abc
+
.
000.e
++1
abc
1.2.3
-
0e
1ee2
1e-
e10
--2
abc
abc
1e+
0e
1e-
+
e10
000.e
000.e
.
1e-
abc
1e-
1ee2
.
++1
1.2.3
000.e
1ee2
++1
+
1ee2
abc
abc
000.e
000.e
++1
+
1e+
0e
1e
+
--2
abc
1.2.3
e10
1e-
000.e
1ee2
1.2.3
++1
+
1e
abc
+
abc
.
1e+
+
1ee2
1e-
1e-
1e+
000.e
1e
1e
1e+
0e
0e
++1
e10
0e
-
000.e
0e
abc
e10
0e
1.2.3
+
000.e
1e+
+
abc
000.e
.
1ee2
1ee2
0e
abc
+
0e
1e-
+
--2
000.e
1ee2
e10
.
000.e
1e+
1.2.3
.
e10
1ee2
1e
1e+
++1
1e+
e10
000.e
1.2.3
0e
1e+
0e
abc
e10
1ee2
e10
1ee2
+
e10
.
+
1.2.3
000.e
abc
1e
--2
1e-
000.e
1.2.3
abc
abc
-
--2
000.e
1e
1e
000.e
1e+
-
++1
e10
1.2.3
1e
0e
1.2.3
1e+
1e-
1ee2
--2
1e
1.2.3
1e
e10
1ee2
+
.
1e+
1e-
1e
+
abc
++1
1e+
1e-
+
e10
1.2.3
000.e
1e
.
1.2.3
000.e
++1
++1
++1
1e-
1e
.
-
e10
0e
-
000.e
000.e
1e
abc
+
.
1e
.
.
1e+
000.e
1e+
e10
e10
e10
--2
000.e
+
abc
++1
0e
abc
1.2.3
1e+
++1
1e
000.e
+
0e
abc
abc
--2
-
--2
1e-
.
1e
--2
++1
--2
0e
1ee2
0e
++1
1e+
abc
-
.
+
1.2.3
0e
abc
1e+
e10
1.2.3
1e
.
e10
1ee2
e10
-
000.e
0e
1e
-
e10
1.2.3
1e-
e10
+
abc
++1
-
1e+
1.2.3
1e+
--2
e10
1.2.3
0e
++1
+
abc
--2
1ee2
-
1e+
1e-
abc
+
1e-
.
000.e
1e
e10
1e
+
++1
1.2.3
0e
--2
abc
++1
-
1.2.3
-
1e-
-
1e+
+
-
1e-
.
1e-
e10
+
1e
1.2.3
1e-
0e
1ee2
++1
e10
--2
-
000.e
+
-
.
1ee2
+
-
.
1e-
1e
1e+
+
.
+
abc
1.2.3
+
1.2.3
--2
1e+
.
.
1e-
1e
1e
0e
1e+
000.e
+
-
.
abc
1ee2
1e-
000.e
abc
1ee2
0e
1e+
1e
000.e
+
++1
1e
-
+
0e
e10
1e
1.2.3
1e+
.
0e
1e
1e-
1e-
e10
.
1e-
1e
1e
1e-
1e+
--2
e10
.
1e-
++1
1e
--2
++1
abc
1ee2
.
1e-
1.2.3
-
0e
1e-
e10
e10
1e-
0e
+
000.e
1e+
abc
+
++1
0e
1ee2
+
1.2.3
1.2.3
000.e
1.2.3
e10
1e-
1e
000.e
1ee2
000.e
1e+
e10
abc
e10
-
-
.
+
1e-
abc
abc
--2
000.e
+
1.2.3
+
.
--2
--2
1.2.3
1e
0e
1e+
0e
-
.
abc
000.e
0e
abc
abc
000.e
.
1e-
abc
0e
e10
+
1.2.3
000.e
++1
0e
1e
1e
++1
e10
1ee2
--2
abc
-
1ee2
1e+
++1
e10
1e
1.2.3
+
abc
1e
1ee2
e10
abc
e10
++1
1e
0e
e10
0e
-
-
-
.
.
000.e
abc
1e-
--2
1e+
abc
.
-
1e+
1.2.3
1e-
.
-
1ee2
abc
+
--2
1e+
1e+
1e
++1
1.2.3
1e
e10
1e+
1ee2
--2
.
1e
-
1e
000.e
0e
1e+
1e-
++1
0e
1ee2
--2
1e+
1e
1ee2
0e
1e+
++1
abc
.
000.e
0e
1e+
1e
++1
-
1e
1ee2
e10
1e
+
1.2.3
-
abc
-
1ee2
1e
1.2.3
.
++1
000.e
.
1e+
1e+
--2
000.e
--2
abc
+
--2
000.e
++1
abc
1e
1e
1e+
e10
1.2.3
1e
000.e
--2
1e+
1e-
--2
+
e10
+
1.2.3
0e
1e+
1e+
000.e
000.e
e10
1ee2
+
1e-
000.e
000.e
-
-
1ee2
000.e
+
-
1e
e10
+
e10
0e
0e
-
e10
1ee2
1.2.3
1e+
abc
++1
1e+
--2
++1
1ee2
+
abc
0e
-
++1
000.e
000.e
+
1.2.3
0e
000.e
abc
++1
-
--2
+
1e
-
++1
000.e
abc
-
.
1.2.3
e10
1.2.3
1.2.3
-
0e
++1
1e
1e-
e10
abc
e10
1e
abc
0e
--2
-
1e-
1.2.3
1e
1e+
0e
1.2.3
--2
--2
0e
+
1.2.3
-
1e-
e10
.
e10
1e+
1e+
+
+
000.e
000.e
1.2.3
-
++1
1e
1ee2
1ee2
1ee2
1e
1e-
1ee2
000.e
-
+
1e+
-
-
1ee2
.
abc
0e
+
e10
0e
1e-
1ee2
1e-
1e+
000.e
-
1ee2
--2
1e
+
abc
++1
1ee2
1.2.3
+
abc
1e-
1ee2
1e+
e10
.
++1
+
-
000.e
1e+
1e-
1e
++1
--2
1ee2
e10
1e-
-
e10
1.2.3
.
1ee2
e10
1ee2
1ee2
1e
--2
++1
++1
1.2.3
0e
+
1e+
1e
e10
0e
1e+
-
abc
000.e
1.2.3
+
1.2.3
1e
-
1e
e10
1.2.3
1ee2
e10
000.e
+
+
--2
1.2.3
.
1ee2
1e-
000.e
0e
000.e
e10
.
0e
.
1e+
++1
+
1e-
1e+
1ee2
abc
0e
+
1ee2
1.2.3
--2
1e+
+
++1
+
abc
1e
1ee2
000.e
.
--2
0e
+
e10
++1
1.2.3
+
1e
000.e
1e-
000.e
++1
--2
-
++1
++1
.
++1
1.2.3
-
1e-
1e+
-
1e
abc
1e
1e-
0e
e10
000.e
+
1.2.3
+
1e-
000.e
000.e
e10
0e
1e-
000.e
1e+
+
1e+
0e
-
--2
0e
1e-
1e-
.
--2
1e-
e10
e10
--2
1e
-
1e-
--2
1ee2
1e+
0e
1e+
1e-
e10
+
+
1e+
.
0e
1ee2
0e
1e+
e10
+
1.2.3
1e-
1.2.3
.
e10
1e+
1e+
-
++1
1e-
1ee2
.
1e+
1e+
1e
-
1ee2
0e
abc
1e+
0e
-
1e+
000.e
0e
--2
++1
0e
1.2.3
++1
+
++1
++1
1ee2
1e-
1ee2
1.2.3
1ee2
1e
1.2.3
1.2.3
0e
+
.
1ee2
abc
1.2.3
1e
--2
.
1.2.3
++1
1.2.3
1e
1.2.3
abc
abc
--2
+
--2
-
1e
+
+
--2
0e
1e+
1ee2
e10
1e+
++1
abc
1ee2
.
0e
--2
1e+
++1
-
1e+
1.2.3
++1
abc
000.e
1e
.
1e-
0e
1ee2
1e-
000.e
1e
1e-
abc
.
1ee2
++1
e10
1e-
-
000.e
e10
abc
0e
1e-
0e
--2
+
-
abc
e10
1.2.3
.
-
++1
1.2.3
0e
1e-
abc
1e-
e10
e10
.
++1
1ee2
.
++1
--2
+
-
0e
+
1e-
e10
abc
-
+
abc
1e
++1
0e
1ee2
000.e
1ee2
+
1e
1ee2
e10
-
1.2.3
+
abc
1e
-
1ee2
1.2.3
--2
0e
1e+
++1
--2
0e
-
1e-
-
++1
1e
+
+
e10
++1
--2
1.2.3
-
1ee2
1e+
1e
1e+
+
+
1e-
1e+
000.e
--2
abc
.
1ee2
000.e
1e+
1e
-
.
1e
--2
1e+
+
abc
1.2.3
1.2.3
0e
--2
0e
--2
+
-
1e+
.
e10
e10
--2
abc
abc
++1
-
e10
-
abc
abc
1ee2
++1
000.e
000.e
1e
-
000.e
1ee2
1.2.3
--2
.
1e
.
abc
1e+
abc
.
.
0e
e10
000.e
e10
1e-
1e+
1e
000.e
e10
1e+
0e
abc
--2
+
0e
-
1ee2
e10
abc
-
1e+
1e
++1
1ee2
abc
000.e
abc
1.2.3
+
-
1e-
1e+
e10
e10
000.e
1e-
.
1.2.3
e10
-
0e
+
1e-
++1
000.e
++1
1e
abc
e10
--2
0e
1e+
--2
1e
--2
1e
-
+
abc
0e
e10
abc
1e-
1e-
--2
1.2.3
1e+
1e+
000.e
.
0e
e10
000.e
abc
+
abc
e10
abc
e10
0e
000.e
abc
-
abc
--2
1e
abc
0e
+
e10
.
1e+
1ee2
--2
0e
1e-
--2
++1
+
1e
1ee2
1e-
.
--2
+
-
abc
--2
0e
e10
--2
++1
e10
--2
--2
1e-
.
abc
++1
1e-
-
++1
1.2.3
+
.
-
0e
-
1e-
--2
++1
1e-
0e
0e
1e+
1ee2
000.e
1e+
1ee2
1e+
+
000.e
++1
++1
0e
+
--2
abc
1ee2
++1
-
--2
.
0e
++1
+
1.2.3
e10
1e
--2
e10
-
1e-
--2
--2
1e+
abc
.
e10
++1
--2
1.2.3
1e
abc
+
+
1e+
1e+
+
+
--2
0e
.
1ee2
--2
--2
+
1e
1e-
1e
e10
e10
abc
--2
000.e
1e+
0e
1e+
e10
.
e10
1.2.3
1e
000.e
1e-
++1
.
--2
000.e
+
--2
--2
e10
--2
1.2.3
1e-
1ee2
++1
abc
000.e
+
e10
1ee2
0e
1e-
.
abc
000.e
1e+
000.e
++1
1.2.3
e10
1ee2
--2
0e
0e
1e
++1
e10
abc
1ee2
-
0e
e10
1e
e10
1ee2
1e
1ee2
1ee2
000.e
e10
1e+
abc
+
+
1ee2
++1
-
1e
-
1e
.
000.e
000.e
-
abc
e10
1e+
+
1.2.3
++1
1e
+
--2
1e-
1e+
+
1.2.3
1e-
1e
1ee2
++1
1e+
1e+
000.e
1.2.3
1e
abc
1e
1e-
1e+
.
abc
e10
--2
abc
0e
1e
-
1e-
++1
--2
1ee2
++1
e10
abc
0e
++1
1ee2
-
++1
1e
1e
0e
++1
1e
--2
1e+
+
1e+
000.e
0e
abc
0e
0e
0e
e10
1.2.3
abc
1e
1e
1.2.3
1e
abc
000.e
abc
1e
++1
1e-
0e
1ee2
0e
1ee2
e10
abc
abc
000.e
+
e10
000.e
1e
1e
+
1e+
e10
1e-
000.e
--2
1e-
+
000.e
1.2.3
1e
++1
1e+
++1
+
++1
1e-
-
+
1.2.3
++1
-
1e
e10
-
-
1.2.3
000.e
abc
.
-
1.2.3
abc
1e
e10
1e+
+
1e-
1e+
-
1ee2
1ee2
1e
1e
0e
1e+
000.e
1e
0e
1e
1e+
++1
-
0e
0e
-
0e
000.e
0e
1e-
abc
-
e10
+
e10
--2
abc
0e
.
000.e
1e
++1
000.e
e10
e10
0e
abc
abc
1.2.3
++1
+
abc
e10
1e+
--2
0e
e10
1e-
1e+
+
000.e
--2
e10
--2
--2
1e-
.
++1
--2
++1
-
-
1e+
.
e10
1e-
++1
-
-
1e-
abc
--2
abc
000.e
++1
1e-
.
1.2.3
1.2.3
000.e
000.e
1e+
-
.
1.2.3
-
.
0e
1e-
1ee2
1ee2
abc
1e+
.
1e
000.e
--2
000.e
+
++1
1ee2
-
.
--2
.
000.e
1.2.3
1ee2
0e
++1
abc
abc
abc
0e
000.e
1e+
1ee2
+
e10
+
++1
.
--2
000.e
abc
e10
1e
1.2.3
000.e
000.e
1e
-
abc
1e
1ee2
0e
++1
1ee2
1e+
1e+
-
1e+
1.2.3
abc
0e
000.e
1ee2
e10
1.2.3
--2
1ee2
0e
++1
.
1e+
1e+
1.2.3
0e
1ee2
--2
--2
1.2.3
1e-
-
1e-
-
abc
000.e
1e
1.2.3
1e
+
1e+
++1
1e+
+
--2
000.e
+
1e+
1ee2
1e-
1e+
1.2.3
000.e
e10
+
abc
e10
000.e
1.2.3
--2
0e
1e-
1e-
--2
1e-
+
++1
1.2.3
++1
1e-
0e
abc
000.e
1e-
abc
1e
+
-
1e+
e10
+
1e+
--2
-
1e
-
0e
++1
++1
--2
1e
abc
--2
1e-
abc
+
--2
1e+
1ee2
1e
+
+
abc
++1
000.e
1e
++1
1ee2
+
1.2.3
1e-
1e
abc
.
000.e
1.2.3
1e+
1ee2
--2
1ee2
1e+
1.2.3
1.2.3
1e
1.2.3
1.2.3
+
++1
++1
+
1e
e10
abc
1e
.
e10
abc
++1
.
.
1e+
1e-
e10
0e
--2
1e
++1
1.2.3
.
-
abc
1e
.
1e+
0e
1e+
e10
abc
.
+
--2
1.2.3
000.e
1e
1e-
0e
1e-
-
1e-
1.2.3
-
.
.
1.2.3
0e
+
1.2.3
e10
1e
0e
1e
1e
1e
1e
abc
1e-
abc
000.e
1e+
1ee2
0e
1ee2
1.2.3
0e
1e
+
1e-
1e-
-
+
1e+
abc
1.2.3
1ee2
1e
++1
1e+
e10
--2
000.e
1ee2
0e
--2
abc
abc
--2
000.e
1e-
--2
-
++1
1e-
0e
1.2.3
-
e10
.
1.2.3
1e
1ee2
1.2.3
1e-
abc
1.2.3
0e
.
1.2.3
.
.
1e
1e
-
e10
1e+
.
-
1e+
1e
1e
1e-
--2
--2
e10
1e
+
0e
1ee2
1.2.3
-
1e-
1e
1e-
.
abc
1e-
1e+
abc
-
--2
abc
abc
1.2.3
abc
+
1e
1e-
1.2.3
1e-
--2
1e-
-
++1
1.2.3
++1
e10
1e
e10
1e
e10
1e
1e+
++1
abc
+
1e+
1e+
abc
1e+
abc
000.e
1ee2
1ee2
1e-
.
--2
+
++1
1e+
1e+
1ee2
0e
000.e
.
1ee2
000.e
1e-
1e+
+
000.e
++1
+
1e-
1ee2
1e+
000.e
.
+
1e
1ee2
0e
000.e
+
1ee2
.
1e-
e10
1e-
0e
1e+
-
1ee2
1.2.3
000.e
-
1e
1e-
1e+
0e
-
+
abc
1.2.3
-
000.e
.
1e-
1e
000.e
abc
++1
++1
1e-
1ee2
1.2.3
000.e
0e
0e
abc
1e-
1e+
.
abc
+
+
1e
000.e
1e-
1e+
-
1ee2
.
1ee2
1e-
abc
1e-
000.e
1e-
-
.
.
1.2.3
1e
1e
1ee2
0e
--2
0e
0e
000.e
-
abc
-
1e
1e
1e
1ee2
.
abc
.
e10
--2
abc
1.2.3
-
e10
1e+
e10
1e+
-
1e+
-
--2
0e
++1
000.e
++1
--2
--2
.
0e
.
1.2.3
++1
1.2.3
-
.
++1
abc
1e-
-
-
.
1e
abc
++1
1e+
+
+
e10
++1
e10
1ee2
0e
.
1ee2
1.2.3
+
.
+
000.e
++1
1e
1.2.3
1e-
1ee2
+
++1
1e+
.
1ee2
e10
e10
1e
1e
--2
e10
1ee2
1.2.3
1ee2
abc
-
-
abc
000.e
-
e10
1e
+
000.e
abc
--2
000.e
-
1e+
1e
000.e
1e+
++1
++1
000.e
0e
0e
000.e
1.2.3
e10
+
--2
1e+
-
0e
1e
-
1ee2
1e
1e
.
0e
1e
--2
1e+
1.2.3
.
e10
+
+
e10
e10
1.2.3
000.e
+
1e-
--2
1e-
000.e
1e+
1e-
1.2.3
1e+
e10
000.e
1e+
000.e
1e
-
e10
+
0e
0e
e10
000.e
--2
-
++1
-
000.e
-
000.e
.
abc
e10
1.2.3
1.2.3
++1
+
+
1e-
+
1e-
abc
e10
1e+
-
.
1e+
e10
++1
0e
1e
--2
abc
1.2.3
-
000.e
0e
1e-
.
1e+
1e-
abc
000.e
++1
1e+
+
abc
1e-
1.2.3
1.2.3
e10
.
--2
++1
++1
abc
1e+
000.e
0e
e10
e10
1.2.3
.
-
--2
1ee2
1ee2
--2
1e
1e
--2
--2
1e
-
++1
.
1ee2
1e
abc
1.2.3
--2
1.2.3
1e+
1.2.3
abc
0e
++1
000.e
0e
abc
1e
++1
1e+
.
--2
0e
000.e
1e
--2
abc
e10
abc
1e+
abc
+
1.2.3
1e+
++1
--2
++1
0e
1ee2
1.2.3
.
-
.
0e
-
--2
1e
1.2.3
1.2.3
1.2.3
1e+
000.e
+
--2
1e
.
1ee2
abc
e10
0e
000.e
1e-
000.e
--2
e10
0e
1ee2
.
1e-
++1
e10
++1
1e+
1e-
--2
-
--2
1e+
1ee2
.
1e+
1e-
1ee2
++1
1e+
000.e
1e-
1e
.
1ee2
000.e
000.e
0e
-
1ee2
000.e
000.e
1ee2
e10
e10
++1
1e
+
000.e
.
1e+
.
++1
+
++1
1.2.3
1ee2
1e
1e
1ee2
++1
++1
1e
1e
1e+
-
abc
1ee2
1e-
000.e
000.e
abc
0e
1e+
++1
-
.
--2
000.e
--2
++1
e10
0e
e10
1ee2
+
0e
1.2.3
.
1e-
1ee2
-
e10
1e-
-
0e
1e+
1e-
1e
1ee2
abc
-
-
+
1.2.3
000.e
1e
000.e
e10
1e
abc
.
.
1e-
++1
++1
++1
e10
1e-
000.e
--2
-
++1
1e+
000.e
abc
1e
1.2.3
.
--2
abc
.
1e-
abc
0e
1e-
.
1.2.3
000.e
1e
.
1e-
1e-
--2
-
1ee2
-
.
1e
--2
++1
-
e10
+
-
.
1e+
1e
-
000.e
000.e
1ee2
++1
1e-
1e+
abc
1e+
e10
--2
abc
1ee2
abc
e10
1ee2
000.e
0e
e10
.
e10
1.2.3
++1
000.e
+
1ee2
1ee2
--2
e10
-
1e
1e+
+
++1
+
+
000.e
1ee2
1e
.
+
1ee2
1e
1e-
0e
1.2.3
1e+
1ee2
1e-
000.e
+
--2
--2
1e
abc
e10
1ee2
--2
--2
0e
1ee2
+
1e
+
+
000.e
e10
abc
1e+
+
e10
.
0e
+
e10
--2
+
0e
1e+
abc
.
-
1e
1e-
e10
.
1e
1e+
.
1ee2
++1
-
abc
1e
1.2.3
abc
1e
1e-
--2
++1
1ee2
+
1ee2
e10
+
abc
0e
0e
1ee2
000.e
1ee2
.
1ee2
abc
1ee2
abc
1e-
+
1.2.3
1e-
++1
1.2.3
abc
1ee2
1ee2
+
000.e
1ee2
1e-
1e+
1.2.3
000.e
+
1e
000.e
-
--2
1e+
.
++1
1.2.3
1e-
--2
000.e
abc
0e
1.2.3
1e-
1ee2
1ee2
abc
1e
++1
-
--2
000.e
--2
0e
.
.
abc
abc
e10
.
-
+
+
+
--2
.
000.e
+
++1
-
0e
.
abc
0e
1e-
1.2.3
-
e10
++1
.
--2
0e
e10
+
1e+
abc
.
e10
e10
000.e
--2
1e
--2
1.2.3
e10
1.2.3
1e+
1ee2
+
.
1e+
++1
000.e
.
1.2.3
1.2.3
.
-
1.2.3
1e+
++1
1e-
000.e
1e+
+
e10
+
abc
abc
abc
-
-
+
1e-
e10
-
0e
1ee2
1e-
1e
0e
-
1e-
000.e
--2
+
abc
1e
000.e
000.e
--2
000.e
.
1e+
e10
abc
.
+
1e
000.e
abc
e10
++1
--2
000.e
.
+
-
0e
e10
0e
e10
--2
--2
abc
.
1.2.3
0e
.
1e+
+
1ee2
++1
1e
++1
1e-
e10
.
000.e
1e+
0e
+
1ee2
1.2.3
1e+
1e+
1e+
-
++1
++1
.
--2
.
--2
--2
.
--2
e10
1ee2
1e-
-
1e-
1ee2
+
.
e10
0e
-
--2
1.2.3
0e
1.2.3
0e
1.2.3
1e+
+
+
++1
1e-
e10
abc
1e+
1e
+
0e
1e
-
1e
1e
000.e
+
1e+
1ee2
0e
+
abc
.
++1
000.e
e10
abc
1.2.3
--2
1e
+
--2
1e-
1e
000.e
1ee2
e10
e10
--2
++1
000.e
1e+
--2
-
000.e
0e
1e+
1e+
e10
abc
abc
1ee2
1e+
000.e
+
1e
+
--2
abc
000.e
++1
-
++1
1e+
abc
+
-
0e
--2
1e
1e
abc
1e
+
e10
++1
abc
1e-
abc
--2
1.2.3
++1
000.e
--2
1e-
000.e
000.e
0e
000.e
000.e
1ee2
-
1.2.3
1e+
1ee2
-
1.2.3
1e
+
1e
0e
000.e
000.e
++1
000.e
--2
1e+
--2
1e-
000.e
1e-
0e
1ee2
1.2.3
1e-
--2
e10
000.e
000.e
000.e
abc
0e
000.e
1ee2
1e-
--2
1.2.3
0e
abc
.
000.e
e10
-
++1
e10
.
1e-
1e+
000.e
1e-
--2
1ee2
--2
-
++1
.
.
+
1ee2
1e+
1ee2
e10
1e-
++1
--2
1e-
++1
0e
e10
1ee2
.
.
.
1ee2
--2
+
1ee2
1ee2
e10
abc
e10
abc
.
++1
0e
e10
000.e
0e
1e+
1e-
1ee2
1e
1ee2
abc
1e-
+
-
1e
++1
1ee2
1.2.3
abc
--2
0e
1e-
1ee2
++1
--2
1ee2
1ee2
0e
e10
abc
.
1.2.3
++1
1e
1e+
1e
e10
abc
1.2.3
1e-
++1
1e+
abc
1e-
000.e
--2
-
1e-
+
1e-
--2
abc
000.e
.
1.2.3
--2
abc
1e
-
0e
+
--2
1.2.3
e10
0e
e10
0e
1.2.3
--2
+
++1
e10
+
1e-
.
-
1e+
1e+
e10
--2
000.e
-
.
1ee2
abc
1e-
1e+
000.e
000.e
000.e
0e
-
e10
1e-
1ee2
e10
000.e
++1
000.e
1ee2
+
e10
1e
1e-
-
1ee2
1.2.3
1e
.
--2
1ee2
1ee2
.
-
abc
-
-
000.e
1.2.3
--2
1e
+
-
1e
-
1e-
abc
1e-
--2
000.e
1e
0e
.
-
e10
+
1e-
.
000.e
-
1e
1e
abc
abc
000.e
abc
000.e
1ee2
1e
+
1e+
1e
1.2.3
000.e
0e
0e
1.2.3
000.e
++1
1.2.3
++1
1e-
--2
0e
abc
e10
1e+
000.e
1e+
-
1e-
1.2.3
1e
1.2.3
+
abc
--2
0e
1e-
abc
1e
++1
000.e
000.e
.
e10
1ee2
1e+
--2
+
e10
1e-
1ee2
1.2.3
++1
abc
++1
-
.
++1
1e
0e
000.e
000.e
0e
0e
1e+
abc
--2
1e-
1e
0e
1.2.3
1e-
0e
abc
1e-
1ee2
1e
1e-
--2
0e
++1
-
++1
abc
+
--2
--2
.
1e
0e
-
1e-
1ee2
+
1e+
0e
1e
1e+
1.2.3
-
1e
1.2.3
+
-
0e
.
1e
000.e
0e
1ee2
1e-
e10
1e
1ee2
abc
abc
-
000.e
000.e
e10
abc
1.2.3
1e-
-
1.2.3
++1
.
abc
e10
1e
1.2.3
000.e
e10
1e-
0e
+
1e+
1ee2
e10
000.e
000.e
1e
1e
000.e
e10
1e-
1ee2
1.2.3
e10
1e-
1.2.3
000.e
++1
++1
++1
1e
1e-
--2
1e-
000.e
++1
1e
1e+
++1
.
1ee2
1e
1e+
1e
e10
000.e
1ee2
000.e
++1
0e
++1
1.2.3
1e+
1ee2
-
++1
abc
1e-
1ee2
1ee2
--2
+
1e+
1e+
--2
++1
+
.
+
--2
0e
1e+
+
e10
1e+
1e-
e10
e10
+
.
-
1.2.3
--2
0e
++1
0e
0e
e10
-
1.2.3
1e
.
.
1.2.3
.
++1
1e
1e+
1.2.3
-
0e
abc
--2
+
--2
++1
abc
000.e
-
+
1ee2
abc
+
abc
1ee2
1ee2
1e-
0e
abc
1.2.3
+
0e
1e
abc
1e-
++1
1e
0e
-
+
1ee2
.
e10
1ee2
+
abc
0e
1.2.3
-
1ee2
.
1ee2
1.2.3
1e
1ee2
1e-
+
1.2.3
1e
1e+
1e-
1ee2
+
1e-
1e+
1e-
-
.
1ee2
1ee2
-
+
++1
1e
1e+
.
000.e
0e
000.e
+
-
+
--2
000.e
000.e
-
e10
1e+
-
--2
-
1e-
0e
-
0e
000.e
1.2.3
1.2.3
1ee2
-
e10
1e
1ee2
1e-
1e
0e
1.2.3
1e-
0e
-
--2
000.e
--2
1.2.3
1e-
0e
1e
abc
--2
++1
1.2.3
+
1e-
1e-
-
e10
1.2.3
1e
-
1.2.3
++1
000.e
000.e
-
+
e10
1e-
abc
000.e
-
1e-
0e
1e-
1e-
1.2.3
+
-
1e+
0e
1.2.3
abc
1e+
+
1e-
1e+
--2
e10
--2
.
abc
--2
e10
1e-
abc
0e
000.e
0e
1ee2
1ee2
0e
0e
1.2.3
0e
1e
1ee2
1e
000.e
e10
abc
1e-
++1
++1
e10
++1
++1
0e
.
1e+
1.2.3
1ee2
++1
++1
1e
.
1e
--2
000.e
-
0e
e10
1.2.3
--2
--2
-
0e
1e
1ee2
++1
abc
-
--2
++1
+
0e
0e
1.2.3
e10
--2
abc
1e
+
+
1e
1.2.3
1e+
-
--2
.
1e+
1e-
1e-
+
0e
1e-
000.e
000.e
+
e10
-
++1
--2
000.e
1.2.3
e10
1e-
1e+
.
1e+
000.e
000.e
1e
--2
1e-
000.e
000.e
--2
-
1e
--2
-
++1
1e+
.
1ee2
1.2.3
0e
e10
1e+
1e
++1
0e
000.e
1e-
.
1e+
0e
000.e
0e
e10
abc
1.2.3
1e-
1e-
+
1e
+
1ee2
1ee2
++1
1e+
1e+
1ee2
1.2.3
+
-
++1
1e-
1e-
000.e
.
-
--2
-
++1
e10
.
1.2.3
.
+
000.e
+
--2
e10
-
1e-
abc
.
-
-
1ee2
abc
.
1.2.3
abc
1ee2
1ee2
1e
-
.
--2
1e-
1e+
++1
--2
000.e
1.2.3
abc
0e
+
1.2.3
+
1ee2
--2
1ee2
1.2.3
.
1.2.3
-
+
abc
0e
.
1ee2
1e-
1.2.3
1e+
+
.
1e
1ee2
1.2.3
-
e10
-
1e-
.
++1
--2
abc
1e+
1ee2
e10
.
abc
.
0e
e10
1.2.3
e10
+
1e+
1e+
.
1e
++1
--2
-
0e
+
1e+
1e+
e10
1ee2
+
-
0e
.
1e+
0e
1e+
.
0e
1e
++1
e10
1.2.3
--2
.
1e
-
.
-
1e
--2
1e+
1.2.3
0e
1e-
abc
1e
.
1e-
000.e
1e
000.e
1e+
-
000.e
1ee2
1.2.3
-
e10
1.2.3
000.e
1e
1e+
e10
e10
1e+
1ee2
-
-
1ee2
1.2.3
0e
1ee2
+
1e+
-
e10
1.2.3
+
+
1.2.3
-
abc
.
1e+
000.e
0e
--2
1e+
-
1e
1e
.
++1
1e+
1e+
--2
-
1e+
e10
e10
.
+
++1
.
1ee2
1.2.3
-
1ee2
e10
+
e10
--2
1e+
--2
0e
+
abc
-
1e-
++1
0e
++1
0e
--2
1e-
+
1e-
1.2.3
1ee2
0e
0e
.
1e
-
+
0e
--2
000.e
1ee2
--2
--2
1e-
1.2.3
-
.
e10
0e
--2
+
1e-
1e+
.
1ee2
abc
-
000.e
1e
1ee2
1e+
1e+
-
--2
e10
++1
1ee2
1.2.3
++1
++1
-
++1
+
1e
1e-
0e
.
.
abc
0e
-
abc
++1
e10
1.2.3
1e-
1e
--2
1e
+
--2
000.e
1ee2
1e-
1ee2
000.e
abc
abc
--2
-
++1
abc
1e-
1ee2
1e-
abc
1.2.3
-
++1
1e
1e+
0e
-
1ee2
1ee2
1e
1e+
abc
++1
--2
e10
++1
1e
000.e
.
+
1.2.3
-
e10
+
abc
abc
--2
e10
abc
++1
.
1.2.3
-
1e
1e
1.2.3
1ee2
++1
--2
1ee2
.
000.e
1e
1ee2
1.2.3
+
1.2.3
-
e10
000.e
000.e
e10
1.2.3
0e
e10
1.2.3
e10
1e-
1e-
1e+
1e-
-
abc
--2
++1
--2
1e-
1e
0e
1ee2
.
+
1e
e10
.
1e
+
1e
.
abc
++1
-
000.e
++1
++1
.
e10
1.2.3
1e+
+
1ee2
1.2.3
0e
--2
e10
abc
000.e
++1
1e
abc
+
1ee2
++1
1e-
--2
1.2.3
0e
e10
1e
000.e
1e-
1.2.3
1e
1e
abc
--2
1e-
-
1e
abc
1.2.3
++1
1e
abc
.
++1
1ee2
abc
++1
1e+
0e
1e+
e10
-
++1
++1
1e
1e+
abc
1.2.3
abc
1e
1e-
e10
-
1e+
1e+
1ee2
1e-
1e
000.e
1e
e10
0e
.
e10
+
++1
.
abc
000.e
000.e
--2
e10
+
1.2.3
e10
1e-
1ee2
0e
000.e
-
1ee2
-
1ee2
0e
1e+
1e-
000.e
+
000.e
.
e10
e10
1e+
1e-
1e+
.
000.e
1e-
+
--2
000.e
1.2.3
-
.
1.2.3
1e
1e
1e+
0e
1e+
1.2.3
e10
1.2.3
-
1ee2
1e
1e
+
1.2.3
1e-
000.e
1ee2
.
000.e
e10
+
000.e
-
1.2.3
1e
1ee2
000.e
0e
1e+
.
--2
1e+
1e
--2
abc
abc
--2
1e+
000.e
1e+
1e+
e10
1.2.3
1.2.3
1ee2
1e
1.2.3
000.e
.
.
1ee2
1.2.3
++1
-
1ee2
-
1ee2
+
+
1ee2
1e-
1e-
abc
0e
--2
+
--2
1e-
1e-
1e
1.2.3
-
1.2.3
0e
1ee2
abc
--2
e10
.
1.2.3
1e-
1e
000.e
000.e
000.e
e10
-
1ee2
1e-
1e+
abc
1.2.3
1e+
++1
1e+
1e-
-
e10
1e
-
++1
--2
0e
-
--2
++1
1e
0e
1e
1.2.3
+
-
000.e
0e
e10
+
1e
-
1e-
1e
--2
+
000.e
--2
1ee2
000.e
.
-
1e+
1.2.3
1e+
--2
.
1e-
abc
1e+
.
1.2.3
1e-
-
e10
e10
0e
+
abc
+
+
.
1.2.3
1ee2
abc
0e
abc
+
000.e
-
+
--2
1e
1.2.3
+
--2
--2
.
+
1e-
abc
0e
++1
000.e
1.2.3
e10
abc
+
1e
-
-
000.e
+
1ee2
1e-
.
1e+
0e
1.2.3
--2
0e
0e
0e
abc
1.2.3
abc
+
1e+
--2
+
1.2.3
1e+
--2
000.e
e10
.
1.2.3
000.e
1e-
e10
e10
1e
1e
abc
1.2.3
1e
e10
1e
1e-
e10
abc
--2
1.2.3
1ee2
+
1.2.3
1e+
++1
0e
e10
1ee2
1.2.3
--2
+
000.e
e10
e10
abc
--2
1ee2
-
1e
-
1e-
abc
1ee2
++1
000.e
1e-
e10
1e-
000.e
.
1e
000.e
abc
abc
-
+
1e-
-
-
e10
1e-
1e+
--2
1e-
e10
1e+
1.2.3
1e
-
000.e
-
1e
e10
1ee2
abc
000.e
1.2.3
-
-
0e
1.2.3
1.2.3
e10
1.2.3
1e-
++1
1e
1.2.3
++1
++1
abc
+
++1
1e
1e+
1.2.3
e10
1e+
1ee2
++1
e10
-
1ee2
000.e
1e
abc
1e+
e10
1e-
+
++1
abc
1.2.3
abc
1e
++1
++1
.
e10
1ee2
abc
1e-
-
-
-
e10
.
1e
1e
--2
1e+
1.2.3
++1
--2
abc
1e
abc
1e
e10
1e-
e10
.
+
+
--2
-
abc
++1
--2
1e+
1e+
++1
1.2.3
abc
-
1e-
-
1ee2
1e
1.2.3
.
--2
.
++1
1e+
1e
1e-
-
1e
+
0e
1e+
1.2.3
1e
-
1e
+
000.e
1.2.3
.
--2
1e
abc
0e
1.2.3
-
000.e
1e
000.e
0e
0e
1ee2
++1
.
1ee2
000.e
abc
1.2.3
.
++1
1.2.3
abc
+
1.2.3
1e
1ee2
--2
abc
.
abc
1e+
e10
1e+
e10
1e+
1e+
000.e
1.2.3
.
+
1ee2
1ee2
000.e
0e
1.2.3
1.2.3
+
--2
--2
--2
--2
--2
+
1ee2
--2
.
0e
1e
0e
+
1.2.3
.
000.e
-
1.2.3
1e
+
.
-
000.e
0e
000.e
1e+
+
.
abc
+
0e
1e-
1e
1e
1.2.3
--2
.
+
1e-
1e+
000.e
.
.
++1
0e
0e
e10
e10
1.2.3
1.2.3
abc
+
0e
--2
abc
e10
1.2.3
1ee2
e10
1ee2
000.e
--2
++1
1.2.3
1e
e10
1e-
abc
++1
1ee2
.
abc
1e-
e10
.
000.e
1e+
1e+
+
--2
1e+
1.2.3
e10
++1
++1
abc
++1
--2
1e+
1.2.3
1ee2
.
++1
.
--2
--2
.
+
1e+
--2
+
1e
e10
1e+
1ee2
abc
1e
1e+
.
abc
1ee2
.
0e
1.2.3
++1
000.e
++1
abc
000.e
1e
0e
abc
-
--2
-
1.2.3
1e-
1ee2
1e+
abc
0e
-
++1
abc
1ee2
abc
-
.
000.e
-
1.2.3
1e
0e
1e
1e
1.2.3
1ee2
++1
e10
1e
+
abc
1.2.3
abc
000.e
abc
1.2.3
e10
1e+
1.2.3
1e-
1e
--2
000.e
e10
1e
0e
0e
000.e
000.e
+
e10
e10
1.2.3
1ee2
-
.
1ee2
abc
1.2.3
000.e
abc
--2
--2
e10
abc
+
abc
e10
000.e
1e-
abc
0e
-
abc
.
1e+
1e-
+
1e-
abc
--2
1e+
0e
1e-
++1
abc
.
abc
++1
abc
1e+
1.2.3
abc
1.2.3
0e
1e+
e10
--2
--2
0e
abc
e10
--2
++1
1.2.3
000.e
1ee2
1ee2
1e+
+
abc
1.2.3
1e+
0e
-
1e+
1e
1.2.3
000.e
1.2.3
abc
1e
0e
1ee2
1e-
1e+
--2
--2
.
0e
1e+
0e
abc
1e
1ee2
000.e
000.e
--2
abc
1.2.3
000.e
1ee2
000.e
abc
0e
.
0e
0e
abc
e10
1e
1e+
1ee2
0e
1e+
e10
+
.
++1
-
e10
e10
.
1e-
-
+
.
++1
1.2.3
e10
++1
.
1.2.3
-
0e
.
abc
abc
++1
++1
++1
1e-
1e+
-
abc
.
000.e
1e-
+
000.e
1e-
+
-
1ee2
1e+
1e-
e10
abc
1e+
--2
++1
1e-
--2
1e+
abc
000.e
0e
1e
1e-
-
-
--2
000.e
1ee2
+
--2
1ee2
--2
e10
1e
1e
.
1e
1ee2
1e
.
-
+
1e+
1.2.3
.
+
1e+
0e
.
1.2.3
1e+
1e
0e
e10
1e+
abc
abc
000.e
000.e
1e+
1.2.3
1e-
-
1e-
e10
e10
+
e10
abc
e10
000.e
abc
--2
1e
1.2.3
0e
-
0e
1ee2
++1
000.e
000.e
1ee2
-
.
000.e
0e
1.2.3
1e-
-
abc
--2
1e
1e
1e
0e
+
000.e
++1
e10
1e-
1e
000.e
++1
000.e
1e+
-
1e-
e10
.
--2
000.e
1e+
1ee2
.
000.e
000.e
-
1ee2
++1
-
++1
.
0e
.
1e+
0e
1e
1.2.3
.
++1
1.2.3
1e
--2
abc
-
000.e
.
++1
0e
1ee2
abc
+
1.2.3
0e
++1
1e+
000.e
1e-
+
abc
--2
e10
1e+
1.2.3
000.e
1e+
.
.
000.e
--2
1ee2
e10
000.e
1e-
000.e
0e
1e
e10
1e+
e10
1e+
0e
++1
1e-
e10
-
1e
++1
+
1e
0e
--2
1e
abc
1e
e10
1e-
1.2.3
000.e
1e-
1e-
1e-
+
000.e
.
abc
1ee2
++1
0e
.
--2
--2
+
000.e
e10
1.2.3
e10
abc
-
--2
1.2.3
abc
e10
++1
0e
-
1e
e10
-
0e
0e
--2
+
1ee2
000.e
1e
e10
000.e
++1
1e+
abc
000.e
1ee2
1ee2
1e+
1ee2
1e+
--2
abc
.
+
-
1ee2
++1
1e
e10
+
--2
1e+
e10
--2
1ee2
.
1.2.3
e10
.
e10
0e
1e-
1.2.3
000.e
0e
1.2.3
1ee2
000.e
1e+
000.e
--2
e10
1e
+
+
1e-
000.e
abc
.
abc
.
--2
-
+
+
0e
000.e
1e
abc
1e+
1e-
000.e
+
1ee2
++1
abc
1e-
1e
--2
000.e
--2
1e
1.2.3
1ee2
abc
1e-
000.e
1ee2
abc
abc
1e
1.2.3
++1
0e
-
1e-
--2
-
1e+
--2
.
-
--2
1e
.
e10
000.e
1e+
e10
+
.
0e
0e
+
e10
++1
1e-
-
000.e
+
1.2.3
0e
.
0e
1.2.3
1e-
1e+
.
e10
abc
0e
e10
+
000.e
1ee2
1e+
1.2.3
1e
1ee2
1e-
.
1e-
1.2.3
.
--2
1e-
1.2.3
0e
0e
--2
1e
++1
1e-
.
e10
1e-
-
0e
.
0e
+
-
-
1e
0e
+
1e
1ee2
-
1e+
1e
1e+
1e+
e10
1ee2
+
--2
e10
abc
1.2.3
abc
1e-
0e
0e
1ee2
000.e
--2
+
1e+
1e+
e10
1e
1ee2
++1
1e-
000.e
1e+
1.2.3
-
1e
1e
abc
1e
++1
1ee2
++1
0e
.
000.e
--2
000.e
000.e
000.e
000.e
0e
abc
--2
1e
abc
1.2.3
+
000.e
1.2.3
1e+
1e
1.2.3
1.2.3
++1
0e
+
+
e10
++1
1e+
+
000.e
1e-
1e
.
-
1ee2
-
1e-
.
1ee2
++1
000.e
--2
0e
0e
e10
++1
--2
1e
++1
abc
1e+
1ee2
1e-
.
++1
--2
++1
+
000.e
1e+
0e
-
abc
0e
e10
-
+
1e-
1e+
abc
++1
1e
1ee2
0e
000.e
+
--2
000.e
abc
1e
--2
+
000.e
++1
-
--2
000.e
+
1ee2
+
1.2.3
-
--2
.
1ee2
++1
1e+
.
1e
1e-
0e
0e
--2
1e-
1e-
--2
-
--2
1ee2
1e-
1e+
1.2.3
1e+
abc
1e
e10
0e
1.2.3
+
0e
.
--2
1e+
e10
e10
0e
1e-
--2
1.2.3
1.2.3
1e-
abc
+
--2
1.2.3
.
abc
1e
--2
1.2.3
--2
000.e
1.2.3
-
1e
000.e
0e
-
1e
++1
++1
--2
1e-
++1
+
.
1e+
000.e
+
+
--2
1.2.3
000.e
1e-
1.2.3
1ee2
1e+
1e
--2
-
e10
1e
+
e10
0e
1e+
1ee2
1.2.3
abc
1e-
--2
--2
000.e
--2
++1
++1
--2
1e
.
+
abc
1e
++1
.
++1
++1
.
abc
abc
000.e
1e+
e10
abc
--2
1e-
1.2.3
1e-
-
-
--2
++1
-
1.2.3
-
000.e
++1
000.e
1e-
0e
1e+
-
1ee2
++1
-
abc
1.2.3
abc
1.2.3
+
--2
000.e
1e+
abc
1e
e10
+
+
000.e
++1
e10
abc
1e+
1e-
++1
e10
0e
000.e
+
+
1e-
1ee2
1e-
1e
0e
--2
abc
--2
--2
000.e
1ee2
e10
-
1e-
0e
1ee2
+
--2
1.2.3
0e
1e
0e
e10
--2
1ee2
0e
0e
1e-
-
.
-
.
++1
0e
1e
abc
--2
abc
1e-
abc
-
.
++1
1e+
000.e
e10
1e+
1e-
1e+
abc
.
1e-
1e+
-
0e
+
000.e
1e-
.
+
1.2.3
++1
e10
1.2.3
++1
1.2.3
1e+
+
1ee2
000.e
000.e
1e
0e
abc
.
1e+
.
1e
1.2.3
000.e
1ee2
-
000.e
1ee2
0e
.
1e+
1.2.3
++1
1.2.3
0e
1e+
0e
0e
0e
000.e
1e
1e
+
--2
abc
1e-
e10
-
1e+
+
+
-
1e
.
1e+
0e
1.2.3
++1
++1
abc
000.e
-
000.e
--2
0e
1ee2
-
++1
1.2.3
--2
0e
000.e
1e-
++1
e10
+
000.e
++1
+
++1
1e-
-
--2
1e
000.e
++1
abc
1ee2
1ee2
1.2.3
++1
1e-
1.2.3
1e
1ee2
e10
++1
1e-
000.e
000.e
1e-
1e
1ee2
1.2.3
000.e
1e+
1e+
0e
0e
0e
000.e
--2
abc
-
1e+
1ee2
000.e
1e
e10
++1
--2
.
1.2.3
-
1ee2
abc
1e+
.
1.2.3
+
--2
++1
1ee2
1e
-
++1
--2
abc
-
1ee2
000.e
0e
0e
--2
e10
+
1e-
.
1e-
0e
e10
.
000.e
0e
.
0e
000.e
e10
-
+
abc
1e+
-
+
-
1e
e10
e10
e10
1.2.3
.
+
-
000.e
0e
1.2.3
1.2.3
1e-
1e
1e
1e+
e10
1e-
0e
1ee2
0e
1.2.3
000.e
1e-
.
-
000.e
1ee2
--2
-
1e
000.e
e10
++1
000.e
-
000.e
1e
1e-
--2
0e
1ee2
+
1.2.3
1e
+
1.2.3
1e
1ee2
.
000.e
1e
1e+
000.e
abc
.
1ee2
0e
1e+
--2
++1
--2
++1
+
--2
0e
-
1e+
--2
1e
0e
0e
1e
-
+
1e
000.e
++1
1e
1e
000.e
000.e
++1
++1
1ee2
e10
-
--2
abc
+
0e
1ee2
+
--2
1.2.3
000.e
-
+
1e+
1e+
1e-
000.e
e10
abc
.
1e+
1.2.3
e10
1e-
.
e10
+
e10
e10
000.e
++1
+
1e
1.2.3
1e
1e-
.
1.2.3
++1
1e
1e
1e
0e
--2
1.2.3
abc
000.e
--2
.
abc
0e
1e-
abc
--2
++1
-
1e-
+
1e+
1e+
1e-
abc
1e-
++1
000.e
abc
000.e
1e-
.
-
e10
000.e
1.2.3
1e-
000.e
abc
1ee2
1e
-
1.2.3
abc
1e
0e
000.e
+
abc
abc
1e
--2
1e+
.
1ee2
-
-
-
1ee2
000.e
abc
1e+
000.e
000.e
e10
--2
0e
1ee2
1e-
+
+
--2
0e
++1
-
e10
1e-
000.e
+
1ee2
++1
abc
.
--2
1.2.3
1ee2
1e+
abc
1e-
000.e
++1
--2
e10
-
0e
1e+
+
.
1.2.3
++1
1.2.3
1e-
0e
1e-
0e
1e
0e
0e
abc
abc
1e+
abc
1e-
.
+
--2
1e-
0e
1.2.3
1e
000.e
1e+
1e+
.
000.e
abc
1ee2
1e
1ee2
e10
.
e10
e10
.
1e-
000.e
.
1e+
1e-
abc
+
-
++1
-
++1
1e+
1.2.3
1e
1e-
1e-
.
1ee2
1ee2
1.2.3
abc
e10
abc
1e-
-
.
1.2.3
000.e
1ee2
-
++1
000.e
-
000.e
e10
1ee2
abc
abc
0e
000.e
++1
000.e
1e+
abc
1.2.3
1e+
.
-
abc
1.2.3
1e+
.
++1
1e
1e-
.
1ee2
1.2.3
+
.
.
1e+
1e+
++1
1e
--2
1e+
e10
++1
abc
1e-
1e-
e10
.
abc
1e-
--2
+
.
1e-
e10
1e-
.
000.e
1e
--2
--2
e10
0e
000.e
-
1e
.
-
1e-
000.e
1e-
000.e
.
1e-
1e-
-
1.2.3
+
.
0e
1.2.3
e10
++1
++1
1e-
0e
++1
e10
+
1e-
000.e
000.e
.
1e
+
.
1e
+
1ee2
e10
000.e
--2
000.e
--2
--2
1e+
1e-
++1
++1
1e-
--2
.
e10
e10
1e
1e-
1e
000.e
abc
-
+
000.e
1e-
+
e10
1e
e10
1e-
0e
1.2.3
1ee2
1e
1e
000.e
--2
-
000.e
1e
1ee2
--2
+
abc
e10
+
000.e
1e-
.
1.2.3
1e+
1e+
1e-
1ee2
-
e10
1e
1.2.3
--2
abc
1e-
1e
+
-
1e
1ee2
.
1e-
000.e
--2
-
abc
1e+
+
0e
e10
0e
e10
1e
--2
-
1e+
1ee2
1e-
000.e
-
abc
++1
000.e
e10
++1
e10
abc
1e
--2
1e+
abc
--2
1ee2
1.2.3
1ee2
e10
++1
1.2.3
.
++1
1e
e10
000.e
-
1e
0e
1.2.3
1.2.3
e10
000.e
1.2.3
1e
++1
000.e
0e
1ee2
1ee2
0e
abc
--2
1ee2
--2
--2
1e-
1e
1e-
000.e
.
--2
1e-
1e-
1.2.3
1e+
abc
0e
abc
.
.
-
abc
abc
1.2.3
1.2.3
+
abc
1e
1e
--2
e10
e10
1ee2
e10
1ee2
--2
-
1e+
1ee2
1e-
-
e10
000.e
1e
e10
1e
1.2.3
+
abc
1e+
1e-
abc
++1
abc
1e+
--2
1e+
1ee2
e10
000.e
1.2.3
++1
0e
--2
.
++1
1e+
1.2.3
0e
1.2.3
e10
e10
abc
000.e
e10
abc
.
1.2.3
--2
1e
1e-
1.2.3
000.e
0e
e10
-
e10
0e
++1
1e-
0e
++1
-
++1
.
1ee2
--2
++1
0e
1.2.3
-
1.2.3
++1
.
1e+
.
1ee2
1.2.3
1.2.3
.
.
e10
-
1e-
abc
0e
1e
abc
++1
e10
--2
1ee2
1e
1ee2
+
-
0e
1ee2
0e
.
000.e
1e+
+
++1
1e
e10
1e
1ee2
000.e
000.e
000.e
++1
1e
1e+
++1
000.e
1ee2
1ee2
1e-
1e-
0e
000.e
--2
+
1e+
0e
--2
1ee2
1e+
.
1e-
+
0e
0e
abc
-
--2
1e-
.
0e
++1
1e-
--2
1e
++1
0e
-
1.2.3
1ee2
--2
abc
++1
abc
abc
0e
1e-
1.2.3
-
1.2.3
1e
1e-
abc
000.e
++1
+
-
abc
-
1e-
++1
.
0e
-
1e-
-
1e
++1
000.e
abc
--2
1.2.3
1e-
++1
+
1e+
-
.
e10
1e+
e10
1.2.3
000.e
0e
--2
--2
1ee2
0e
-
--2
1e+
1e-
1e
e10
.
.
1ee2
abc
.
e10
+
000.e
1e-
1.2.3
1e+
1e+
1ee2
e10
+
-
+
.
e10
++1
1e
++1
.
1e+
1ee2
1e+
1.2.3
e10
e10
++1
1ee2
1ee2
1e-
abc
--2
++1
.
-
1e-
0e
e10
e10
000.e
1.2.3
++1
--2
abc
.
1e
0e
++1
1e
0e
1ee2
1.2.3
.
.
0e
--2
+
abc
.
+
-
1e+
++1
++1
000.e
-
1ee2
1e
abc
1e+
.
1ee2
--2
abc
abc
+
-
1e-
1ee2
1e
000.e
--2
e10
.
1e+
-
1e-
1e-
.
--2
-
.
++1
.
.
e10
1e-
1.2.3
-
000.e
1e
1e-
++1
1e
abc
.
1e
0e
000.e
1e+
e10
++1
.
0e
1e+
abc
--2
abc
e10
-
1e-
1e-
000.e
-
0e
+
0e
1e-
1e+
0e
1e
e10
e10
1e
1.2.3
1ee2
1e-
000.e
++1
1e+
++1
1e
--2
e10
--2
0e
++1
1ee2
-
1e
abc
1ee2
.
1.2.3
abc
+
1e-
++1
1e+
abc
++1
1e-
1e
1e+
1e+
--2
++1
1e-
000.e
--2
1ee2
--2
1e
+
--2
1e+
abc
1e
000.e
1.2.3
1.2.3
1e+
1ee2
+
0e
1e+
++1
+
abc
1.2.3
++1
1e
1e-
e10
1.2.3
1e-
1e-
1ee2
1.2.3
0e
000.e
-
abc
++1
1.2.3
1.2.3
0e
--2
1e-
+
0e
1.2.3
0e
abc
1e-
abc
-
1e
.
0e
1e+
+
++1
1ee2
-
1e
000.e
0e
1e
-
++1
++1
1e+
0e
1e-
e10
000.e
1e+
000.e
1e-
1e
--2
1e+
1e+
000.e
.
1ee2
1e+
1e-
0e
abc
.
++1
-
1.2.3
1e+
+
abc
000.e
000.e
e10
abc
1e
1e+
1e
-
-
000.e
1ee2
++1
+
e10
++1
+
1e
--2
+
.
--2
1ee2
1e+
1.2.3
1.2.3
0e
1e-
+
abc
1ee2
--2
++1
1e
1e-
--2
1e+
1e
000.e
++1
1.2.3
1ee2
1ee2
abc
--2
1ee2
++1
e10
abc
1.2.3
abc
.
0e
1e-
--2
++1
--2
1.2.3
-
++1
0e
--2
++1
1e-
1e-
++1
abc
abc
--2
000.e
.
1e
0e
0e
-
-
+
e10
1.2.3
1e+
abc
1e+
1e+
+
0e
+
0e
e10
.
1e+
1ee2
1e-
.
1e-
abc
1.2.3
.
abc
--2
++1
abc
1e
.
1e+
e10
e10
000.e
++1
1e-
1e
1e+
0e
.
1ee2
1.2.3
--2
e10
1ee2
0e
.
.
0e
--2
000.e
000.e
--2
1e-
000.e
1ee2
+
++1
1.2.3
000.e
1ee2
000.e
-
++1
--2
000.e
+
1e+
e10
000.e
-
abc
++1
000.e
000.e
e10
1ee2
1.2.3
1.2.3
000.e
+
1.2.3
-
--2
1e+
0e
1e+
1.2.3
--2
1e
abc
-
1e-
1e+
0e
1.2.3
--2
abc
1.2.3
000.e
++1
1.2.3
+
e10
e10
.
000.e
--2
1ee2
.
1e
0e
1e
1e
1e
000.e
1e+
0e
0e
1ee2
+
++1
000.e
1e
1.2.3
1e-
--2
e10
1ee2
1.2.3
.
000.e
abc
1.2.3
1e+
1.2.3
1e-
--2
+
000.e
e10
.
1e
000.e
--2
+
+
1.2.3
000.e
-
--2
0e
1.2.3
0e
++1
1e-
.
.
1.2.3
e10
--2
0e
.
abc
1e-
1ee2
1e-
e10
1e+
.
1e-
000.e
1.2.3
++1
1ee2
1.2.3
.
1e+
-
abc
e10
.
1e
000.e
1ee2
1e
000.e
1ee2
1e+
1ee2
1.2.3
++1
e10
1e+
1e-
+
-
e10
000.e
-
1e-
000.e
+
1e
1ee2
-
000.e
1ee2
1e+
++1
000.e
1ee2
e10
+
-
0e
+
1e
abc
++1
1ee2
-
1e
+
0e
1ee2
1ee2
++1
1ee2
000.e
0e
1.2.3
--2
e10
e10
0e
1e+
e10
.
.
--2
1e+
-
1e
++1
1e-
1e+
1.2.3
abc
-
1.2.3
abc
000.e
1e
abc
1ee2
abc
1.2.3
1e-
--2
--2
++1
abc
.
-
1e-
+
-
1e
+
e10
abc
abc
1.2.3
--2
1e
e10
000.e
1e
0e
1e-
1e
0e
--2
.
-
.
e10
.
000.e
abc
1.2.3
-
.
000.e
1e
-
+
1.2.3
--2
1ee2
1e
000.e
1e
0e
--2
e10
--2
1e-
abc
.
.
1ee2
0e
0e
1.2.3
abc
abc
1e-
e10
1.2.3
-
1e-
1ee2
e10
--2
1e-
1e
0e
1ee2
+
-
--2
++1
1e+
--2
--2
1e+
.
1ee2
000.e
1.2.3
1.2.3
-
0e
1ee2
-
+
++1
000.e
e10
1ee2
++1
1ee2
.
.
.
--2
1ee2
1.2.3
.
1e
--2
+
e10
-
1.2.3
++1
1.2.3
0e
-
1e+
1ee2
abc
--2
++1
--2
.
+
1e+
0e
1.2.3
+
1ee2
000.e
1e
.
1.2.3
1e
--2
--2
-
000.e
--2
-
-
++1
1e+
abc
++1
1ee2
000.e
e10
+
1e+
-
abc
e10
+
++1
1e+
abc
0e
.
-
1e
000.e
1e+
++1
000.e
e10
++1
e10
1e-
-
+
+
000.e
1ee2
--2
1e+
++1
++1
+
1e-
--2
1e+
000.e
--2
1.2.3
1ee2
1e+
-
1ee2
1ee2
1e-
1ee2
1e+
--2
-
000.e
.
1.2.3
0e
000.e
++1
1.2.3
e10
abc
0e
0e
1ee2
+
e10
0e
e10
--2
1e
000.e
+
0e
++1
--2
1ee2
1e-
e10
1e-
.
1ee2
--2
+
++1
1ee2
e10
abc
+
1e
000.e
000.e
1e
--2
1e
1e+
abc
1e
e10
.
+
-
.
1ee2
++1
--2
1e
++1
.
0e
1.2.3
--2
.
++1
++1
1.2.3
e10
e10
0e
+
000.e
abc
1e
.
-
e10
e10
0e
1e
++1
+
++1
1e
1ee2
1e
0e
1ee2
1e-
1e-
1e+
0e
++1
1ee2
--2
e10
.
1ee2
++1
abc
1e
1.2.3
1e
1ee2
-
1.2.3
-
1e-
1.2.3
+
e10
0e
1e
abc
000.e
1ee2
e10
abc
1e
-
1e
+
1.2.3
1.2.3
1.2.3
0e
1e-
--2
0e
+
1e
1e+
1ee2
000.e
--2
-
1ee2
++1
1e
++1
1e
000.e
++1
.
+
+
1e+
-
e10
-
0e
1.2.3
1e
+
-
abc
--2
e10
-
++1
1ee2
1ee2
1e+
-
0e
1e+
1.2.3
e10
1ee2
0e
000.e
-
1e
1e-
-
e10
000.e
1ee2
--2
++1
0e
-
1.2.3
--2
1.2.3
1.2.3
-
.
.
--2
.
1.2.3
--2
1.2.3
1e-
1ee2
1.2.3
1e-
-
--2
abc
-
1e
0e
1e-
1ee2
abc
+
1e+
1e
++1
1ee2
1e
000.e
0e
000.e
-
.
--2
--2
++1
1.2.3
++1
.
+
1e
000.e
000.e
1.2.3
abc
1e-
.
--2
++1
1e-
0e
1e-
1e-
1e+
.
000.e
--2
1e-
e10
+
.
.
000.e
000.e
1e
1e-
000.e
1ee2
e10
+
000.e
1e
abc
e10
e10
-
++1
0e
000.e
000.e
+
0e
1.2.3
--2
1e-
e10
0e
000.e
1e+
1e-
000.e
-
.
+
0e
e10
e10
1e+
000.e
-
++1
.
abc
abc
1ee2
e10
000.e
1e-
abc
++1
e10
++1
++1
abc
1ee2
1.2.3
1ee2
1e+
000.e
1ee2
.
1e-
000.e
e10
-
1.2.3
1e-
--2
+
e10
abc
+
+
e10
000.e
0e
1ee2
1e-
1e+
--2
+
+
-
1e-
1.2.3
1e
1ee2
1ee2
abc
+
.
000.e
1e+
1e-
.
+
-
1ee2
0e
.
e10
1e+
-
+
e10
e10
++1
abc
1ee2
+
abc
1e
000.e
1ee2
-
0e
+
++1
0e
1e-
1ee2
1e
1.2.3
0e
--2
1e+
abc
000.e
++1
1e+
1.2.3
++1
+
--2
1.2.3
1e+
0e
-
1e+
+
++1
e10
-
.
000.e
1.2.3
0e
0e
1e-
e10
-
--2
--2
1e-
0e
--2
1e+
e10
+
-
-
1.2.3
-
++1
e10
+
1.2.3
+
.
+
e10
0e
e10
+
1e+
1e-
1e-
1e-
1ee2
abc
e10
1.2.3
000.e
-
--2
abc
e10
1.2.3
--2
1e+
++1
1.2.3
e10
0e
abc
+
1.2.3
000.e
+
e10
0e
-
1ee2
1e+
0e
000.e
++1
++1
1.2.3
.
1e
e10
1ee2
1e
+
++1
-
.
0e
1e+
abc
000.e
1.2.3
.
1e+
++1
.
++1
-
e10
++1
1.2.3
+
abc
++1
1.2.3
1ee2
1ee2
+
1e
1e+
+
1e
000.e
0e
++1
1e-
1e+
--2
+
e10
.
1e-
.
abc
-
+
0e
.
1.2.3
.
++1
-
-
1e
.
--2
1ee2
1e
1e
++1
0e
1ee2
1.2.3
0e
.
--2
000.e
1ee2
000.e
1e+
1e+
1e
1e+
1e-
000.e
+
1e
.
1ee2
++1
abc
++1
e10
--2
1ee2
-
++1
0e
abc
+
1ee2
0e
+
++1
1ee2
.
e10
1ee2
++1
+
abc
1e-
0e
+
e10
abc
1e+
e10
1.2.3
000.e
--2
abc
1ee2
1e
e10
-
abc
abc
-
+
abc
--2
1ee2
1e
.
1.2.3
0e
++1
1e+
1e+
abc
abc
.
000.e
--2
.
1e+
1ee2
abc
000.e
+
1e+
1.2.3
1.2.3
++1
0e
1e+
1e-
000.e
0e
1.2.3
1e-
1ee2
-
0e
e10
0e
--2
-
++1
++1
--2
--2
1ee2
1e-
+
+
e10
--2
++1
abc
e10
--2
++1
e10
-
--2
0e
1e-
1e-
0e
++1
+
e10
++1
abc
abc
abc
--2
--2
++1
-
++1
1e+
++1
abc
000.e
++1
+
--2
e10
e10
--2
1e+
abc
0e
-
abc
++1
1.2.3
--2
abc
--2
1.2.3
+
1.2.3
abc
1e
e10
e10
++1
1e-
1e-
000.e
0e
-
1.2.3
.
abc
abc
000.e
1e
000.e
1e-
e10
abc
1ee2
+
--2
1e
abc
0e
1ee2
+
0e
0e
0e
++1
1ee2
1e
0e
-
0e
abc
1.2.3
++1
1ee2
abc
abc
e10
.
+
0e
--2
0e
abc
.
+
-
1.2.3
1.2.3
e10
1.2.3
--2
+
1e+
++1
abc
+
++1
-
1e
1ee2
++1
1.2.3
e10
1ee2
+
++1
000.e
.
1ee2
.
1ee2
--2
+
-
abc
1e
1ee2
000.e
000.e
1e-
++1
1ee2
1e+
-
1e+
--2
e10
000.e
+
e10
1e
.
1.2.3
1.2.3
abc
000.e
1e
+
-
+
e10
++1
1e+
.
.
.
1.2.3
1e+
--2
--2
+
abc
1e-
000.e
1ee2
1e
0e
+
1.2.3
e10
-
--2
1ee2
1e
.
-
e10
-
--2
abc
e10
.
1ee2
000.e
abc
1ee2
0e
1ee2
--2
000.e
.
0e
e10
1.2.3
1e
.
1.2.3
1e-
000.e
1ee2
1e-
abc
1e+
++1
++1
e10
0e
1e+
e10
e10
1.2.3
1e-
000.e
1e+
1e+
.
1ee2
.
--2
1e-
++1
000.e
abc
-
1e-
--2
1e-
abc
+
.
0e
e10
1e
-
1ee2
.
+
-
1e-
1ee2
-
abc
1e+
1ee2
abc
--2
1ee2
+
000.e
1.2.3
000.e
000.e
1ee2
++1
e10
1.2.3
0e
1e-
-
1e+
000.e
1.2.3
1e-
1.2.3
1e-
1e-
1e-
+
1e+
1.2.3
abc
-
--2
1e-
.
.
1e+
-
-
1e-
e10
e10
.
0e
1.2.3
1e
1e
.
++1
--2
-
abc
1.2.3
+
-
e10
1e+
1e
1e+
000.e
--2
000.e
-
-
000.e
+
-
e10
--2
++1
000.e
+
1ee2
-
000.e
1e-
++1
1e
abc
1ee2
0e
000.e
--2
1e+
.
1e+
-
abc
1.2.3
abc
-
1.2.3
-
0e
000.e
--2
+
1e
abc
1ee2
-
1e
e10
--2
1.2.3
1e+
1e+
1e
-
1ee2
1e+
0e
e10
1e-
.
000.e
1e+
++1
.
1e
1.2.3
--2
1e+
+
1ee2
abc
1ee2
--2
.
--2
--2
1ee2
1.2.3
e10
++1
1ee2
.
0e
1e-
abc
1e+
000.e
--2
1e
1e
000.e
1e
1e-
1e
000.e
--2
++1
++1
0e
-
abc
.
e10
1.2.3
1.2.3
+
1e
1ee2
000.e
--2
--2
1e+
0e
1e-
--2
.
+
000.e
0e
+
1ee2
1e-
+
++1
++1
+
000.e
1ee2
0e
+
abc
0e
abc
-
0e
0e
++1
.
--2
0e
0e
-
.
-
--2
+
1.2.3
abc
000.e
+
.
abc
1e+
++1
0e
1.2.3
1e-
000.e
++1
-
-
e10
.
--2
--2
-
1ee2
1e
.
1e-
.
000.e
0e
-
1ee2
1ee2
--2
1.2.3
++1
--2
000.e
.
.
1e
000.e
1e-
e10
-
1e-
++1
-
--2
++1
1e
000.e
--2
1ee2
1e-
1e-
--2
++1
.
-
1ee2
e10
1.2.3
1.2.3
.
++1
1e+
1e-
e10
abc
1e
-
1e
1e-
1e+
1e-
-
+
--2
1ee2
1ee2
e10
-
1e+
1.2.3
000.e
-
1ee2
1e
000.e
1e-
--2
-
1e-
000.e
1ee2
1.2.3
.
++1
abc
1e
.
+
1e+
-
-
--2
000.e
--2
1ee2
000.e
.
++1
1.2.3
++1
1ee2
abc
0e
e10
+
1e+
1e
.
.
000.e
1.2.3
1.2.3
+
1.2.3
0e
--2
1ee2
1ee2
1e+
0e
-
1e-
.
1e
1e+
abc
1e
e10
e10
1e
e10
1e+
1e
--2
e10
--2
abc
++1
+
abc
-
e10
1e-
1ee2
++1
0e
--2
1e+
e10
0e
--2
-
1ee2
e10
1.2.3
-
abc
.
1e
.
+
abc
-
000.e
000.e
0e
e10
1.2.3
.
1e-
1ee2
-
.
abc
--2
000.e
e10
e10
1ee2
1.2.3
.
1e-
000.e
1e+
1ee2
--2
1e
--2
+
.
1ee2
1e-
000.e
--2
1e-
+
1e-
e10
1e
e10
abc
e10
1ee2
.
abc
-
1ee2
1e
e10
+
1e+
0e
--2
--2
++1
1.2.3
--2
.
+
1.2.3
-
1e+
-
e10
1.2.3
1ee2
--2
1ee2
1e+
1e-
.
-
.
++1
1.2.3
000.e
1.2.3
e10
e10
.
e10
.
abc
--2
+
1.2.3
-
e10
000.e
e10
e10
1e+
++1
abc
++1
--2
-
1.2.3
000.e
1ee2
++1
--2
1ee2
abc
1e-
--2
.
abc
-
e10
0e
.
abc
e10
++1
-
0e
1e+
-
abc
e10
0e
1e-
e10
abc
abc
1e+
+
1e+
1e-
1ee2
+
-
000.e
1e
--2
++1
--2
.
1e
1e
-
000.e
+
abc
.
-
0e
1ee2
e10
+
1e-
000.e
1e+
-
e10
.
--2
++1
0e
-
-
000.e
000.e
-
+
1e
0e
+
1.2.3
1.2.3
1e+
1ee2
1e-
abc
+
000.e
++1
1ee2
1ee2
+
000.e
1.2.3
e10
++1
1e-
1ee2
1e
-
e10
1.2.3
++1
0e
1e-
-
1.2.3
--2
-
.
000.e
1e
1e
++1
000.e
1e-
abc
1ee2
000.e
e10
1ee2
.
++1
e10
-
1e+
+
+
.
1.2.3
1e+
000.e
1e
1e-
1e-
1ee2
e10
.
1e-
abc
1.2.3
1e-
1e-
1.2.3
1e+
1.2.3
abc
1e-
000.e
.
000.e
abc
1e
000.e
+
000.e
++1
1ee2
1ee2
+
++1
+
abc
++1
1e+
++1
-
+
000.e
+
1e-
1e+
++1
1ee2
-
1e+
e10
.
1e
0e
1.2.3
1ee2
1e-
.
.
000.e
1e-
1ee2
-
+
1e
.
1e+
0e
000.e
abc
1e
1.2.3
000.e
+
-
1ee2
000.e
e10
1e
++1
--2
++1
.
e10
abc
1ee2
e10
1.2.3
--2
1ee2
+
.
1.2.3
abc
abc
+
000.e
000.e
1.2.3
e10
++1
1.2.3
++1
abc
1ee2
1e-
-
.
1e-
--2
1e+
1.2.3
1ee2
0e
1e-
++1
++1
abc
1.2.3
++1
++1
1e
++1
1e+
1e+
abc
000.e
1.2.3
0e
+
1e
.
abc
1e
--2
++1
-
--2
000.e
-
1ee2
1.2.3
++1
--2
e10
abc
abc
-
--2
1e+
1.2.3
1e
0e
000.e
abc
-
0e
abc
++1
+
1e-
++1
1.2.3
e10
-
-
1e-
1e-
0e
.
+
.
.
1.2.3
--2
e10
--2
1e-
0e
-
.
1e-
+
1.2.3
e10
000.e
.
1.2.3
-
e10
+
+
000.e
--2
+
1ee2
1e
1e
++1
1e-
1e+
000.e
abc
1e+
++1
1e
0e
.
+
abc
1e-
0e
1e+
000.e
0e
1e-
++1
--2
.
1e-
1e-
e10
1.2.3
000.e
0e
++1
1e-
1e
1e-
--2
1e-
1e
+
1e+
1.2.3
0e
0e
-
+
abc
1.2.3
.
1ee2
1.2.3
+
1ee2
000.e
1.2.3
+
+
-
+
0e
--2
-
1e+
--2
1e-
abc
.
+
.
--2
.
000.e
-
000.e
1e+
-
--2
1e-
.
0e
--2
.
000.e
000.e
1.2.3
0e
e10
+
1e-
e10
000.e
--2
1e-
1e+
1e
++1
++1
1e+
-
-
1e-
1ee2
000.e
1e-
1e-
.
1e+
+
1e+
abc
000.e
e10
.
1.2.3
1.2.3
abc
0e
1e
abc
e10
000.e
abc
--2
1e
0e
.
--2
1e-
1e
1.2.3
0e
++1
1e-
abc
abc
0e
e10
1ee2
e10
--2
1e
1e+
--2
0e
1e-
+
+
1e-
-
000.e
000.e
1ee2
0e
e10
--2
.
0e
1e
0e
0e
+
e10
1e
1e+
1.2.3
1ee2
e10
+
--2
++1
1e
abc
.
1e+
-
+
1.2.3
+
.
-
++1
.
e10
e10
+
0e
e10
e10
.
0e
-
1ee2
--2
+
1e+
1e
-
1e
e10
.
1e
--2
0e
-
0e
1ee2
0e
1e
.
e10
1ee2
.
++1
1e
1ee2
1e-
0e
-
++1
++1
1e+
.
.
000.e
1e+
1e
1e
000.e
--2
1e+
1e+
abc
e10
++1
+
+
++1
++1
++1
--2
--2
++1
1e-
000.e
-
1ee2
1ee2
0e
++1
1.2.3
.
++1
1e-
.
000.e
-
++1
e10
.
1.2.3
1ee2
abc
1e+
1e+
--2
1ee2
1.2.3
e10
--2
1e
e10
-
+
1e
++1
1.2.3
.
1.2.3
--2
abc
++1
1.2.3
0e
1.2.3
--2
-
1.2.3
.
-
1.2.3
0e
1e
1.2.3
.
e10
+
+
0e
-
1e+
1e+
.
1.2.3
000.e
-
e10
0e
abc
e10
1.2.3
--2
1e-
1e+
1ee2
--2
--2
1e+
--2
1ee2
0e
000.e
abc
1.2.3
1e-
1e+
0e
+
.
1.2.3
000.e
-
--2
1.2.3
++1
+
e10
+
e10
1ee2
1e+
000.e
e10
1e
++1
1e-
-
+
+
+
++1
1e-
1e-
1e-
1e
0e
1e-
-
+
+
1e-
++1
1ee2
--2
e10
1e-
abc
1.2.3
1.2.3
-
0e
1ee2
++1
+
1.2.3
1e-
000.e
1ee2
-
abc
.
1e+
000.e
e10
1e+
abc
++1
1.2.3
0e
1e+
--2
+
-
++1
1e
-
1.2.3
1e
1e+
e10
1e+
1ee2
-
1e+
abc
abc
1.2.3
1e+
--2
0e
-
abc
1e-
-
1e-
0e
.
++1
-
0e
1.2.3
1e-
1ee2
abc
+
1ee2
1ee2
--2
0e
-
+
1ee2
0e
e10
1e
+
1.2.3
1e-
1e
1e+
1e
++1
+
--2
1.2.3
abc
1ee2
1e+
1ee2
++1
--2
0e
--2
++1
-
000.e
0e
1.2.3
1e
e10
abc
000.e
+
abc
abc
1e
.
e10
1e
000.e
1.2.3
+
.
+
1e
0e
--2
e10
1e
abc
1.2.3
+
-
-
abc
1ee2
1e-
++1
--2
++1
1ee2
abc
-
abc
000.e
-
++1
e10
++1
-
-
0e
000.e
1ee2
1.2.3
1e
+
1e+
1e-
1e-
0e
1e-
--2
+
++1
0e
000.e
1e
-
--2
1.2.3
-
++1
e10
1e
e10
.
1ee2
1e+
1e
++1
-
1e
++1
0e
1ee2
abc
1ee2
abc
0e
1.2.3
e10
++1
1e
0e
1.2.3
abc
1e-
1e-
000.e
+
1e+
1e+
1.2.3
1e
++1
0e
.
1e-
++1
+
1e
1e
1e
++1
0e
+
-
1e
000.e
++1
abc
+
e10
+
-
1e
000.e
e10
1e+
1e
+
-
abc
--2
000.e
+
.
1.2.3
.
1e
abc
0e
1e+
1e+
abc
abc
--2
--2
1.2.3
1e-
1e
.
e10
.
1.2.3
-
1.2.3
1.2.3
-
-
--2
abc
1e
+
1e
1e
1.2.3
000.e
.
1e+
1e
1.2.3
++1
-
--2
1e-
--2
1.2.3
1e-
0e
1ee2
1e-
e10
.
+
1.2.3
.
1e
+
1.2.3
abc
1ee2
-
1e+
000.e
--2
abc
.
.
e10
1e-
-
1.2.3
1ee2
--2
e10
1ee2
e10
1e-
1e+
000.e
0e
1e
++1
++1
1e
1.2.3
1e+
-
--2
--2
0e
-
1.2.3
1.2.3
-
e10
.
.
abc
000.e
++1
abc
e10
.
.
000.e
1.2.3
++1
1e-
0e
1.2.3
1e+
0e
.
abc
++1
0e
e10
0e
.
1.2.3
0e
+
--2
1e-
0e
.
++1
++1
-
-
+
e10
abc
e10
0e
.
1ee2
1.2.3
.
-
1e
-
e10
1e+
-
.
1e+
e10
+
0e
1e-
000.e
e10
1e
1.2.3
0e
abc
1e+
abc
.
abc
1e-
abc
1ee2
.
000.e
abc
0e
--2
0e
1e
abc
e10
1.2.3
e10
1.2.3
1ee2
1e
1e+
1ee2
1e+
+
0e
1ee2
-
1e
--2
abc
--2
1e-
+
+
abc
1ee2
1e-
-
++1
-
1e+
1e
abc
-
1.2.3
1e+
000.e
1ee2
e10
1ee2
++1
++1
1ee2
1e
--2
1ee2
000.e
e10
-
1.2.3
--2
--2
.
1e-
0e
1e
1e-
abc
-
e10
.
.
+
abc
+
.
1e
+
abc
000.e
1e+
1e+
abc
1e+
1e
.
0e
e10
e10
1e+
abc
++1
abc
1e+
1.2.3
abc
1e-
++1
--2
e10
1e
abc
1e+
1ee2
1e+
0e
-
.
000.e
.
++1
abc
1e+
e10
1e+
++1
1e
++1
0e
1e-
++1
1e
1ee2
-
--2
e10
++1
1e
e10
1.2.3
1.2.3
1e
.
abc
++1
1.2.3
1ee2
0e
-
+
-
1ee2
-
000.e
++1
1e+
000.e
++1
--2
0e
e10
abc
1e-
abc
++1
000.e
1e-
e10
.
.
+
0e
0e
-
.
1e
.
1.2.3
.
1e-
e10
+
1ee2
++1
1ee2
-
1e
abc
1e
1ee2
--2
-
+
abc
1e-
--2
1.2.3
+
1e+
-
000.e
e10
1.2.3
000.e
abc
e10
1e
1e+
++1
e10
000.e
++1
0e
.
1e-
.
1e+
abc
abc
.
1e+
--2
-
1e
1e-
1ee2
--2
1e+
abc
1ee2
000.e
++1
-
000.e
-
0e
++1
000.e
+
1e-
e10
-
1e
1.2.3
--2
abc
000.e
++1
++1
abc
++1
1e+
-
abc
1ee2
1e+
1e+
1.2.3
1e
1ee2
0e
1e-
1e
++1
--2
1e+
abc
++1
+
.
1e-
0e
++1
1.2.3
1e
++1
++1
1ee2
1e
abc
++1
+
1e
000.e
abc
1e
.
1ee2
1ee2
+
-
++1
000.e
.
1e-
e10
e10
++1
abc
1.2.3
+
++1
1e-
1e
1e+
000.e
1e+
1e
abc
000.e
1ee2
1ee2
1ee2
++1
1ee2
0e
1ee2
+
abc
++1
-
abc
1ee2
-
.
--2
.
1e
+
abc
++1
1e
1e
1e
1e-
+
1ee2
1e+
0e
1.2.3
1.2.3
e10
e10
.
1.2.3
1e-
e10
1e+
-
1ee2
++1
1e+
e10
1ee2
--2
1.2.3
++1
1e-
0e
1.2.3
-
--2
1e+
1e
0e
1e+
1e
abc
1e+
000.e
000.e
+
1.2.3
--2
e10
0e
--2
0e
0e
e10
.
1ee2
1.2.3
+
1e-
e10
e10
.
1e-
1.2.3
0e
1e
1ee2
abc
000.e
--2
-
.
+
e10
e10
.
+
1e-
1e-
+
1e-
abc
++1
abc
--2
e10
abc
e10
abc
000.e
+
1e-
abc
abc
e10
1e+
abc
1e+
1ee2
1ee2
1e+
.
+
++1
1ee2
-
1e-
-
.
-
1ee2
abc
000.e
0e
000.e
+
e10
.
1e+
1e
1e+
0e
1ee2
000.e
000.e
000.e
1e-
-
.
1ee2
1.2.3
--2
--2
--2
++1
++1
1e-
000.e
1ee2
0e
1e-
000.e
1.2.3
-
--2
abc
++1
.
e10
1e
+
000.e
++1
++1
1.2.3
.
--2
+
.
1e
000.e
e10
1ee2
.
-
1ee2
1e-
+
000.e
0e
.
++1
1.2.3
0e
1e+
1e
0e
e10
--2
e10
+
1e+
e10
++1
1.2.3
++1
e10
000.e
1e-
-
1ee2
abc
+
.
1ee2
0e
++1
+
-
e10
-
1e
--2
+
.
1e-
1.2.3
1ee2
e10
--2
1e+
abc
1ee2
--2
e10
1ee2
0e
000.e
1e-
.
e10
1.2.3
1e
1e
000.e
1.2.3
0e
1.2.3
abc
1ee2
1e
.
1e
++1
1e+
0e
e10
.
.
1e
-
abc
1e+
--2
--2
1e-
1.2.3
.
+
1e+
1e
000.e
--2
+
1e
1e-
000.e
0e
.
1e-
1e
e10
abc
.
e10
1e+
1.2.3
abc
1.2.3
abc
1ee2
000.e
000.e
+
1e-
1e+
-
-
0e
000.e
1e
+
000.e
1e
1e+
-
000.e
abc
abc
+
1ee2
000.e
1e
-
1.2.3
1.2.3
1ee2
++1
1ee2
0e
++1
1.2.3
e10
0e
1e-
1e-
+
000.e
1e
-
--2
000.e
e10
1e-
0e
000.e
1.2.3
--2
--2
++1
1e-
1e
abc
--2
.
1ee2
1ee2
+
abc
.
1e+
--2
-
--2
1.2.3
1e-
1.2.3
1e-
1e+
e10
-
abc
--2
000.e
e10
1ee2
0e
abc
1.2.3
++1
000.e
1e+
1.2.3
.
1e-
--2
e10
e10
1e
--2
-
abc
1ee2
--2
1e+
--2
1e
.
1ee2
++1
1e-
000.e
1.2.3
000.e
abc
1e
abc
000.e
1ee2
-
1e-
abc
+
+
++1
+
abc
-
1e-
1ee2
+
1.2.3
-
--2
++1
e10
1.2.3
abc
e10
++1
abc
000.e
.
0e
e10
+
000.e
1ee2
++1
1e+
1.2.3
e10
e10
1.2.3
1.2.3
1e+
+
1e+
1e+
+
+
--2
--2
1.2.3
1ee2
1e+
1ee2
+
e10
0e
000.e
0e
e10
1ee2
.
1e+
+
1e
+
-
abc
1e-
+
e10
1.2.3
-
1ee2
1.2.3
+
000.e
++1
000.e
1e-
000.e
.
1e
--2
e10
1ee2
1.2.3
++1
000.e
--2
++1
-
1e-
+
1e-
0e
++1
.
1.2.3
1.2.3
1e-
1e
1e+
e10
000.e
0e
abc
1e+
+
e10
1e
-
--2
--2
e10
1e-
abc
000.e
1e
1e+
1ee2
000.e
1ee2
-
0e
1ee2
1e+
-
-
1e+
1e
+
+
+
0e
1.2.3
0e
e10
000.e
1ee2
1ee2
e10
-
.
++1
e10
1e-
1e-
e10
++1
1e-
0e
-
+
e10
.
abc
1e-
000.e
1e-
--2
++1
1.2.3
e10
--2
1e+
0e
1e-
0e
++1
e10
abc
1e
1e-
1e+
+
1.2.3
e10
-
.
abc
1ee2
0e
1e-
++1
+
000.e
--2
-
+
+
++1
1e
-
0e
1e-
1ee2
1e+
1ee2
1.2.3
e10
-
1.2.3
+
1e-
.
--2
.
0e
.
e10
0e
1.2.3
.
--2
000.e
++1
+
1.2.3
.
1e
++1
.
-
+
abc
1e
abc
.
-
--2
1.2.3
0e
--2
e10
+
000.e
1.2.3
1ee2
000.e
--2
1.2.3
0e
000.e
000.e
0e
e10
0e
1ee2
000.e
1ee2
++1
e10
--2
.
-
+
1e
1e+
000.e
1e+
-
e10
000.e
abc
1e
++1
000.e
1.2.3
0e
000.e
-
+
-
++1
.
++1
+
1e
e10
+
++1
1ee2
++1
1.2.3
e10
e10
--2
000.e
-
1.2.3
++1
1.2.3
+
000.e
1e
000.e
++1
abc
000.e
+
++1
++1
1e
e10
1e+
1.2.3
--2
0e
e10
-
++1
-
1.2.3
abc
1e+
e10
1.2.3
.
1.2.3
--2
+
+
-
1ee2
abc
.
.
000.e
.
1.2.3
.
0e
1e-
0e
1e
e10
1e
1ee2
1e
1.2.3
1ee2
.
1ee2
000.e
0e
e10
abc
1e-
1e-
1e-
+
1e
.
1e-
e10
1ee2
1ee2
-
0e
1ee2
+
e10
1.2.3
1e+
1e-
1e+
1ee2
++1
0e
e10
1e
1e
0e
000.e
000.e
1e
000.e
1.2.3
e10
1.2.3
e10
1e
+
1e
000.e
000.e
1e
1.2.3
+
abc
++1
1ee2
.
abc
1.2.3
--2
e10
+
000.e
1ee2
1ee2
-
--2
1e
1e-
1ee2
1.2.3
000.e
1ee2
--2
.
.
1e
--2
e10
++1
abc
abc
++1
--2
--2
1e-
1e-
--2
+
++1
e10
++1
abc
000.e
1.2.3
.
1e-
1e-
0e
+
1e-
1.2.3
1.2.3
1e-
000.e
1e-
e10
1e-
1e
+
1ee2
000.e
000.e
1.2.3
1e
-
1e
+
--2
--2
-
0e
1e-
1.2.3
.
+
-
++1
0e
--2
1e
0e
.
1e
1e+
.
000.e
+
1e
-
0e
000.e
.
0e
0e
1e-
++1
1ee2
++1
++1
--2
1e
1ee2
abc
000.e
++1
e10
++1
1e+
1e
abc
000.e
1ee2
1e+
-
abc
abc
-
1e
abc
--2
1ee2
-
0e
.
e10
--2
++1
++1
1e-
1e+
1e+
000.e
000.e
--2
.
0e
1e+
0e
--2
1e
1.2.3
0e
1.2.3
1e
++1
1.2.3
000.e
.
+
.
000.e
000.e
++1
++1
1e-
abc
e10
++1
1ee2
--2
+
abc
--2
1ee2
1ee2
1e-
++1
.
abc
0e
1e
++1
e10
.
++1
1e
1e
abc
e10
e10
1ee2
1e
+
0e
e10
++1
1e+
abc
e10
-
1e-
abc
.
1ee2
.
0e
1e+
+
1e+
1e-
1.2.3
--2
1e
1e
e10
1e
abc
1e+
+
.
1e+
--2
++1
--2
000.e
1.2.3
abc
--2
--2
--2
.
++1
1ee2
0e
--2
abc
e10
1.2.3
.
1e+
--2
0e
abc
+
--2
1.2.3
.
000.e
-
++1
0e
0e
-
1e-
-
1.2.3
1e-
000.e
1ee2
-
1ee2
++1
++1
e10
1e+
0e
1e-
000.e
0e
-
1e+
abc
-
1e
1e-
0e
000.e
e10
--2
.
--2
++1
e10
+
--2
e10
0e
+
1e
1e-
1e
1e-
e10
1.2.3
000.e
++1
1e-
++1
1e
1e-
abc
e10
-
1ee2
-
000.e
.
000.e
+
1e-
1e+
+
abc
1e-
1e+
++1
++1
1.2.3
0e
e10
1e
.
1e
.
000.e
abc
000.e
0e
1ee2
++1
abc
000.e
+
1e+
1e-
1.2.3
0e
.
0e
abc
000.e
1ee2
1e
e10
1ee2
1e-
abc
e10
1e
1e
1e-
1.2.3
+
+
1e+
0e
1e
.
0e
1e
0e
.
1e+
0e
1e
-
0e
1e+
e10
++1
e10
0e
+
0e
-
++1
000.e
.
1ee2
+
++1
--2
0e
-
000.e
-
1e+
++1
1ee2
+
1.2.3
+
+
+
0e
-
0e
1.2.3
--2
-
-
-
1ee2
1e+
1.2.3
e10
-
1.2.3
1ee2
1ee2
000.e
++1
1e+
.
1e+
1ee2
--2
1e+
+
e10
1.2.3
abc
e10
.
1e+
0e
.
abc
1e
0e
.
abc
e10
e10
000.e
1.2.3
abc
.
e10
000.e
--2
.
1ee2
0e
1e
000.e
1ee2
--2
--2
-
1ee2
abc
.
1e+
000.e
abc
1e
1.2.3
1e+
1ee2
1e
+
.
-
0e
1e
e10
-
--2
1ee2
1ee2
+
e10
++1
e10
--2
000.e
.
e10
+
1ee2
1e
000.e
.
1e-
1e+
1e
abc
1e
abc
.
abc
--2
1e
e10
--2
1ee2
000.e
1ee2
1e
1e+
1e+
1.2.3
0e
1.2.3
++1
+
0e
--2
1e+
1ee2
.
.
1.2.3
1e+
--2
000.e
1.2.3
abc
abc
1e
-
1ee2
-
--2
000.e
e10
abc
++1
1.2.3
1e+
e10
.
++1
e10
++1
000.e
000.e
++1
1e+
1ee2
--2
1e-
1e+
-
.
1ee2
1ee2
e10
-
1ee2
000.e
+
+
+
-
1.2.3
.
1e
--2
++1
-
1ee2
1.2.3
.
.
000.e
abc
1.2.3
1e
.
++1
1e
0e
1.2.3
1ee2
000.e
--2
.
--2
1e
+
e10
0e
+
.
e10
.
+
1.2.3
e10
abc
1e+
1e+
1.2.3
--2
1e-
+
1.2.3
e10
000.e
e10
.
1e+
0e
1e+
++1
e10
1e+
1.2.3
1e+
1.2.3
0e
1e+
+
-
000.e
1e+
1ee2
1e
1e+
000.e
-
abc
+
.
--2
-
abc
1e-
0e
1e-
abc
--2
+
e10
1.2.3
1ee2
++1
0e
-
-
1e+
1e-
abc
e10
-
1e
1e-
0e
++1
+
1.2.3
0e
1.2.3
1.2.3
++1
+
1e+
++1
1ee2
.
--2
000.e
abc
--2
1ee2
e10
1e+
000.e
.
1e+
++1
1ee2
+
1e
-
--2
1ee2
1e+
0e
1e
1e+
1ee2
.
000.e
1ee2
++1
1e+
.
1e+
1e-
1.2.3
1e-
++1
1.2.3
+
000.e
1e-
000.e
++1
1e-
000.e
.
0e
++1
abc
1e-
1ee2
1e-
++1
++1
1e
1.2.3
.
.
e10
1ee2
0e
++1
1ee2
+
000.e
+
+
1.2.3
000.e
1ee2
.
1.2.3
1ee2
0e
e10
0e
++1
-
-
1e-
000.e
.
++1
1ee2
1e-
1.2.3
1e+
1e
0e
0e
+
e10
1ee2
1e+
++1
+
.
++1
--2
--2
1ee2
+
1e
1e
1e-
.
--2
++1
1e+
000.e
1ee2
1ee2
1.2.3
1.2.3
-
-
1ee2
0e
1e-
abc
000.e
000.e
.
--2
-
.
1.2.3
--2
-
1ee2
-
.
1.2.3
000.e
++1
++1
1e-
1ee2
.
0e
-
1.2.3
000.e
1ee2
1.2.3
1ee2
e10
1e
1e
abc
++1
0e
1ee2
1e-
000.e
1e+
1ee2
1.2.3
abc
.
-
-
--2
1e+
--2
1ee2
--2
e10
-
--2
+
--2
e10
.
1ee2
1.2.3
abc
e10
0e
1e+
1e
-
.
+
1e-
1ee2
e10
++1
.
1e+
-
abc
.
1.2.3
0e
1ee2
1.2.3
+
abc
-
1e-
abc
+
1ee2
e10
0e
0e
--2
1e-
++1
1ee2
1e
000.e
1e
abc
.
1ee2
++1
--2
1ee2
0e
1e-
+
1e
abc
-
1ee2
1e+
1e
1e-
1e
--2
.
1.2.3
+
1e+
++1
+
--2
000.e
++1
e10
abc
++1
-
+
.
1.2.3
.
1e
1ee2
e10
000.e
-
.
.
1e
1e+
1e
0e
abc
+
0e
1e+
e10
1e+
e10
1.2.3
-
--2
1e
++1
1e+
abc
000.e
1e+
1ee2
1ee2
--2
1e
.
.
1e-
.
0e
000.e
000.e
1e-
000.e
1.2.3
.
000.e
+
-
.
e10
.
1ee2
-
-
e10
.
1e-
1e+
--2
1e
e10
-
1e-
-
-
0e
1.2.3
.
.
1e+
e10
.
.
--2
.
e10
1e-
abc
--2
1ee2
1e-
1.2.3
1.2.3
1ee2
--2
1e+
--2
++1
abc
++1
abc
abc
000.e
1.2.3
000.e
1e-
.
--2
1ee2
+
--2
e10
--2
1e
1e
e10
0e
000.e
1.2.3
-
e10
1.2.3
.
+
000.e
0e
1ee2
1e
1.2.3
0e
1e-
1e
++1
1e
000.e
.
1.2.3
1ee2
1e+
1.2.3
+
-
1e+
--2
1.2.3
1e+
++1
e10
abc
abc
abc
e10
1e-
abc
--2
-
.
-
1e-
.
abc
.
.
000.e
1e
1e-
1.2.3
1e-
++1
e10
1e+
1.2.3
1e-
--2
1ee2
++1
--2
1e+
-
.
-
.
1e+
.
1e-
1ee2
1e
+
1.2.3
0e
1ee2
abc
++1
e10
-
000.e
abc
1ee2
+
++1
.
.
.
0e
-
000.e
e10
0e
0e
1ee2
1ee2
e10
--2
e10
1e-
1.2.3
1.2.3
-
++1
1ee2
abc
1.2.3
1e+
1e-
--2
++1
1.2.3
e10
0e
+
++1
1ee2
1e-
0e
1e
1ee2
0e
1ee2
.
1e+
e10
+
1e+
--2
.
0e
1ee2
1ee2
-
-
1.2.3
1ee2
1e+
e10
1e+
1.2.3
1.2.3
000.e
1ee2
.
.
e10
000.e
--2
e10
abc
e10
1ee2
1ee2
--2
1.2.3
e10
1ee2
-
000.e
0e
+
0e
1e-
1e+
++1
-
abc
abc
1e-
1e
e10
-
e10
abc
1ee2
++1
1e
-
abc
+
.
1ee2
--2
1ee2
1e
1e
1ee2
.
1e-
.
0e
-
e10
0e
+
1e+
1e
1e-
+
1e-
1.2.3
1ee2
0e
1e-
++1
-
000.e
abc
+
1e
++1
0e
--2
--2
1ee2
--2
-
+
-
abc
1e+
1e-
e10
000.e
.
.
1e+
e10
e10
1e+
1e+
abc
e10
-
++1
++1
000.e
0e
--2
--2
1e+
0e
1e-
1e
++1
e10
++1
1e-
.
abc
0e
000.e
+
+
abc
abc
1e
0e
1e-
+
1ee2
+
1ee2
1e+
.
-
1ee2
1ee2
1e
-
abc
++1
.
.
+
1.2.3
000.e
1.2.3
1e
--2
++1
1.2.3
1e-
1.2.3
+
1e+
e10
0e
1e-
1ee2
0e
1e
000.e
1e-
+
++1
1e-
+
-
.
++1
e10
-
0e
.
1e+
1e+
1e-
1e-
e10
000.e
++1
0e
--2
.
1e+
1e-
e10
.
1.2.3
-
1e
-
0e
1e-
e10
-
.
++1
1.2.3
abc
+
-
--2
+
0e
1ee2
+
--2
+
+
0e
1e+
++1
abc
1e+
abc
1e
1e-
e10
.
0e
-
.
1ee2
e10
1ee2
-
1e-
0e
1.2.3
+
1ee2
-
000.e
-
1e
1ee2
abc
0e
1ee2
1e-
+
-
1.2.3
1e-
+
abc
1e-
-
+
+
--2
+
1ee2
--2
++1
1e
--2
1.2.3
1.2.3
1ee2
0e
1e+
000.e
++1
++1
e10
1e-
e10
1e
e10
--2
1ee2
--2
-
-
000.e
1e
1e
1.2.3
+
1ee2
000.e
1e-
--2
1.2.3
1e-
1e-
1e+
-
1.2.3
1e
e10
1.2.3
000.e
1ee2
000.e
+
+
1e+
0e
0e
-
++1
abc
1e-
1ee2
abc
1e
e10
000.e
1e+
0e
000.e
.
1.2.3
1ee2
+
000.e
1e+
000.e
1.2.3
1e+
e10
++1
abc
.
++1
.
abc
++1
e10
abc
+
+
000.e
1e
0e
++1
0e
1e-
e10
--2
1e+
000.e
1ee2
+
1ee2
--2
1ee2
e10
000.e
1e
1.2.3
--2
.
0e
1ee2
000.e
000.e
1ee2
++1
+
+
000.e
1e+
+
abc
-
1ee2
1ee2
1e-
0e
.
--2
--2
abc
0e
abc
e10
++1
1e
0e
1e-
1.2.3
++1
0e
1e+
++1
e10
1.2.3
-
--2
1e+
+
1.2.3
abc
1.2.3
++1
e10
-
1e
+
e10
1ee2
abc
1e+
1.2.3
1e-
1.2.3
++1
1e
1e+
1e-
1ee2
++1
1ee2
1e
1e
1e-
-
e10
0e
-
000.e
0e
abc
abc
--2
0e
1e+
++1
+
e10
e10
+
000.e
-
1e+
1e+
.
1ee2
abc
e10
0e
-
+
+
1e
1e+
1e-
0e
+
1e-
0e
1e+
000.e
1e
1e
1ee2
e10
--2
.
--2
1.2.3
.
1e+
1.2.3
000.e
--2
+
1.2.3
abc
-
1ee2
--2
0e
1e-
1e
1e
-
1e+
e10
-
000.e
1e+
000.e
abc
1e-
1.2.3
0e
abc
0e
abc
1e
--2
abc
--2
000.e
-
+
++1
-
++1
0e
abc
.
1e+
--2
1ee2
++1
1e-
1.2.3
abc
--2
1ee2
--2
1e+
000.e
1e-
1e
1e+
abc
1ee2
1.2.3
-
000.e
-
0e
abc
1e+
0e
1e+
++1
0e
e10
1e
.
e10
+
1e
0e
1e-
1.2.3
-
abc
-
-
++1
000.e
1e
1.2.3
e10
1e-
1e-
0e
000.e
1.2.3
1ee2
1.2.3
1e
+
.
0e
1.2.3
1.2.3
1e-
--2
++1
++1
-
-
+
--2
1.2.3
1e+
e10
1e-
000.e
1.2.3
1e
1ee2
e10
abc
.
1e
abc
0e
++1
--2
000.e
1ee2
000.e
+
1ee2
000.e
1e-
.
0e
000.e
000.e
1ee2
++1
000.e
1ee2
abc
1e+
000.e
--2
1ee2
1e+
1.2.3
--2
1e
1e-
1e-
+
1.2.3
1.2.3
+
0e
1.2.3
0e
1ee2
1e+
1e+
e10
+
-
+
1e-
000.e
--2
e10
000.e
1ee2
+
.
000.e
0e
1e
e10
1e
0e
++1
++1
1e-
1e+
e10
1.2.3
+
1.2.3
.
1e
000.e
1e+
-
.
1e
1e
abc
e10
1e
1e
.
1e
--2
++1
-
--2
e10
+
0e
1e-
--2
e10
abc
000.e
abc
1e
000.e
++1
--2
000.e
1ee2
-
1ee2
1.2.3
0e
+
++1
1e
1.2.3
abc
0e
1e
++1
+
1e+
0e
.
abc
--2
1e+
+
1e+
++1
1e+
-
abc
1e-
e10
.
.
.
abc
1e+
1.2.3
-
+
0e
--2
0e
1e+
e10
e10
abc
1e+
e10
1e+
0e
1e-
e10
1ee2
abc
++1
1.2.3
1e
1ee2
000.e
e10
--2
+
1ee2
1e
1.2.3
000.e
1e+
1ee2
-
000.e
1e+
++1
1ee2
1ee2
--2
1ee2
1e
000.e
--2
abc
1.2.3
++1
.
1e+
000.e
1e
e10
e10
1e-
1.2.3
1e
-
1e
0e
1e
++1
1ee2
+
1e-
-
1ee2
.
0e
1ee2
++1
-
1ee2
++1
++1
000.e
000.e
abc
.
1e+
000.e
--2
1ee2
0e
0e
1e+
.
1.2.3
0e
++1
.
--2
+
1e-
000.e
1e
--2
1e+
1e
abc
1.2.3
e10
e10
000.e
-
--2
--2
000.e
1e
1ee2
-
.
--2
1.2.3
+
1.2.3
0e
1e
abc
++1
e10
1ee2
++1
1e
abc
000.e
1e-
1.2.3
++1
1e+
1.2.3
1e-
1e-
+
1e+
1.2.3
1.2.3
1.2.3
1e-
++1
1ee2
--2
1.2.3
--2
++1
.
1ee2
.
abc
1e
--2
1e
1.2.3
1e+
++1
1e-
++1
abc
1.2.3
1.2.3
-
0e
1e+
-
abc
0e
abc
1e
1e
1ee2
1e-
e10
0e
0e
e10
1e
++1
000.e
++1
0e
1.2.3
1e-
e10
1.2.3
abc
1ee2
000.e
.
+
1e+
1e+
abc
1ee2
1.2.3
0e
-
1ee2
1e-
+
++1
1e+
.
000.e
e10
+
1e-
0e
1e
0e
1e+
--2
++1
1e+
+
1.2.3
000.e
1ee2
1e-
e10
--2
+
1ee2
1e
+
-
--2
--2
--2
-
abc
000.e
1e
1e+
1e+
+
1e-
0e
e10
++1
1ee2
000.e
1ee2
1ee2
++1
1ee2
1e
++1
e10
-
0e
0e
1e
1e+
1.2.3
+
000.e
1.2.3
1.2.3
000.e
1e
++1
++1
e10
1e+
1e+
abc
e10
e10
1ee2
1e-
000.e
+
++1
abc
000.e
abc
0e
e10
--2
-
--2
.
--2
1ee2
+
1e+
-
1e-
1e
1e+
1e
1e
--2
1e-
1e+
000.e
1.2.3
0e
abc
+
+
1e
1e+
abc
1ee2
1.2.3
--2
+
--2
e10
1e+
1.2.3
000.e
1e-
000.e
1ee2
+
1e-
1e-
-
.
-
--2
--2
-
000.e
-
abc
.
1e+
1e+
+
+
1e
+
++1
+
1e
-
1e+
1.2.3
1ee2
000.e
1ee2
++1
000.e
000.e
.
1e
--2
1e
abc
-
1e+
--2
.
000.e
abc
000.e
1.2.3
0e
1.2.3
++1
0e
.
++1
0e
000.e
1e-
abc
+
1ee2
+
000.e
++1
+
.
1e-
++1
0e
1e
000.e
abc
+
1e+
-
abc
-
.
0e
1ee2
abc
+
1e
1.2.3
.
abc
+
--2
abc
+
.
-
++1
--2
abc
abc
1ee2
0e
1e+
abc
--2
abc
1ee2
0e
1ee2
1.2.3
0e
1e
-
abc
1e+
1e-
.
-
++1
abc
0e
--2
1e+
-
abc
+
abc
++1
e10
1.2.3
1ee2
abc
-
1e-
.
e10
-
1e+
1ee2
++1
++1
.
000.e
+
e10
abc
-
1e
.
1e+
-
+
e10
+
.
1e
1e
--2
1ee2
1e-
1e
--2
++1
1ee2
1e
1ee2
1e
+
-
1e-
1e-
abc
+
1.2.3
-
0e
0e
++1
-
0e
1e+
1e
e10
1e-
1e+
1.2.3
+
0e
1e
000.e
abc
e10
--2
.
e10
abc
++1
abc
++1
000.e
.
+
--2
.
0e
000.e
++1
--2
1e-
.
e10
1e-
1e-
abc
000.e
+
0e
+
--2
000.e
1e+
e10
e10
.
1e
--2
-
++1
0e
-
.
e10
0e
e10
.
abc
++1
1.2.3
abc
0e
.
0e
e10
000.e
1e+
+
-
abc
.
-
1e-
abc
1e-
000.e
1e-
1e-
1e
1e
1e+
.
.
1.2.3
abc
000.e
++1
1e+
1ee2
1e+
1e+
+
++1
000.e
.
0e
000.e
1.2.3
0e
--2
++1
1e-
1e-
1e+
1ee2
1.2.3
--2
.
1e-
1e
abc
+
--2
1e+
+
-
+
+
.
e10
.
++1
1.2.3
1e+
--2
1ee2
+
.
--2
1ee2
++1
abc
1e-
1.2.3
1ee2
-
0e
abc
000.e
1e
e10
1e-
1e
-
--2
0e
1.2.3
1e
-
+
.
1ee2
0e
abc
.
0e
--2
++1
--2
0e
++1
0e
.
000.e
--2
1e
+
.
e10
.
1e-
0e
e10
000.e
++1
0e
++1
+
e10
-
1e+
-
--2
++1
1e-
+
+
--2
1e-
-
++1
1e
-
1.2.3
1e+
e10
--2
--2
e10
1ee2
.
1e+
1ee2
0e
1.2.3
1e+
++1
1.2.3
abc
000.e
abc
abc
1ee2
-
1.2.3
0e
abc
1.2.3
e10
000.e
abc
1e-
.
--2
++1
.
.
0e
1e+
.
1e-
1.2.3
1ee2
--2
--2
0e
1ee2
000.e
abc
abc
000.e
e10
+
-
1.2.3
1e
1e
+
000.e
1.2.3
1e-
0e
1ee2
1e-
1.2.3
1.2.3
-
-
1e-
+
1e
.
--2
1e+
+
1e-
000.e
1ee2
1e-
+
1.2.3
000.e
++1
1ee2
++1
1ee2
.
0e
1e-
000.e
++1
-
1e-
0e
--2
0e
--2
000.e
000.e
+
0e
1e-
1ee2
0e
0e
1e+
abc
1.2.3
+
.
++1
1e
1ee2
0e
1e+
e10
++1
.
+
e10
1ee2
abc
--2
1ee2
1ee2
0e
1ee2
+
1.2.3
+
1e-
1e+
-
000.e
--2
1e
.
1ee2
e10
--2
1.2.3
0e
-
abc
1e-
1e-
.
.
e10
+
1ee2
+
abc
e10
1.2.3
e10
--2
1e
.
000.e
e10
0e
1ee2
1.2.3
--2
+
.
e10
+
1ee2
e10
++1
1e
abc
1e+
+
1.2.3
++1
.
+
1e-
.
.
1.2.3
000.e
.
1ee2
1e-
--2
0e
1ee2
1.2.3
--2
abc
0e
abc
1e-
1e+
++1
++1
+
-
1.2.3
-
+
1ee2
.
abc
0e
--2
1e-
1e
000.e
1e-
+
+
e10
0e
1e-
1e+
1e+
1ee2
000.e
000.e
1ee2
1ee2
abc
++1
1e-
e10
+
0e
--2
--2
+
000.e
1e+
1e+
abc
.
+
1e
1e-
++1
+
1ee2
+
++1
1e
1e-
0e
1e
1.2.3
000.e
0e
-
1e-
.
--2
+
1.2.3
.
1e
1ee2
.
+
000.e
e10
1ee2
abc
-
000.e
0e
+
1e-
++1
++1
.
e10
1.2.3
-
--2
1e
--2
-
+
1e+
0e
-
1e-
++1
++1
e10
1e
1ee2
0e
abc
1.2.3
1ee2
1e+
+
.
1.2.3
1e+
--2
abc
1.2.3
--2
1e
1e-
1e
1ee2
--2
000.e
1ee2
1e
1.2.3
1.2.3
1e-
.
-
++1
1.2.3
--2
1e
000.e
1e+
1.2.3
1ee2
000.e
0e
1ee2
1e
1ee2
++1
1e-
1e-
1e
--2
000.e
1e+
0e
0e
1ee2
1e
++1
--2
--2
.
abc
e10
1.2.3
--2
e10
++1
++1
1e+
1.2.3
abc
0e
e10
-
0e
--2
--2
1e+
1ee2
abc
abc
1e
--2
.
0e
.
1e+
+
e10
.
.
000.e
+
++1
e10
-
abc
e10
1e-
1e
++1
000.e
++1
+
e10
1ee2
1e-
abc
1e+
1e-
.
1e+
+
++1
1.2.3
1.2.3
.
+
000.e
.
000.e
-
-
--2
1ee2
1ee2
++1
1e+
0e
1ee2
-
++1
0e
0e
++1
-
000.e
1e+
0e
e10
1e
e10
1ee2
.
1.2.3
+
+
000.e
1e+
e10
--2
e10
++1
.
++1
000.e
1e+
abc
--2
e10
1.2.3
+
++1
+
-
1.2.3
++1
1ee2
e10
+
1ee2
--2
-
abc
1e
1.2.3
1e-
e10
-
abc
--2
1.2.3
000.e
.
++1
abc
++1
1e
1e-
1.2.3
++1
000.e
000.e
+
1e
0e
0e
1e-
+
+
e10
1.2.3
0e
1ee2
1ee2
-
000.e
1e
.
+
abc
1.2.3
abc
0e
e10
+
1e-
.
1e+
1.2.3
000.e
1.2.3
1e
--2
abc
abc
1e-
1e+
0e
e10
000.e
.
1ee2
--2
+
1e+
+
abc
1e-
--2
1ee2
++1
1ee2
e10
-
++1
--2
1e
0e
000.e
e10
1e
1e+
-
-
++1
1e-
.
--2
1e+
0e
1e-
1.2.3
-
abc
e10
.
++1
abc
-
--2
--2
++1
++1
1.2.3
.
1e
.
0e
1e+
0e
abc
++1
1e
1e-
e10
.
.
1e-
abc
e10
+
-
abc
1e-
1e+
--2
1e
000.e
1ee2
1e
1ee2
1.2.3
abc
1e
.
0e
e10
1e-
+
1ee2
1.2.3
abc
-
abc
0e
1e+
--2
000.e
000.e
+
++1
.
+
1e
e10
.
-
1ee2
-
1ee2
1.2.3
1.2.3
1e-
000.e
abc
-
++1
.
+
.
abc
1.2.3
--2
1e-
.
.
abc
000.e
-
000.e
1e+
1.2.3
abc
e10
1.2.3
+
+
0e
1.2.3
-
0e
-
1e
--2
1.2.3
1e-
1e-
1e+
-
+
1.2.3
+
1e-
e10
++1
--2
1.2.3
-
000.e
abc
abc
+
.
1e+
1e-
abc
--2
+
1ee2
e10
.
abc
1e
0e
0e
++1
0e
.
abc
-
--2
.
.
e10
+
1e+
+
++1
.
000.e
1e
1e
1e
+
.
000.e
1e
1e+
abc
1e-
e10
0e
1e-
1e+
1.2.3
1e
+
abc
1e-
-
--2
1ee2
+
1.2.3
1ee2
1.2.3
1.2.3
1.2.3
--2
+
1e+
1e-
1ee2
++1
000.e
0e
000.e
1e+
1ee2
e10
+
1e-
1ee2
000.e
++1
+
1ee2
1ee2
0e
1ee2
1e+
e10
0e
1ee2
.
e10
1e-
1e-
--2
1e
-
.
-
++1
.
1.2.3
0e
000.e
--2
e10
.
1e-
+
abc
000.e
.
000.e
1.2.3
++1
-
++1
+
0e
1e+
--2
abc
.
-
000.e
000.e
+
e10
.
1e-
1e+
0e
.
++1
1e-
1e
++1
abc
abc
1e-
.
abc
++1
0e
--2
--2
1.2.3
-
+
.
1.2.3
1ee2
abc
+
1e
++1
1e
++1
1.2.3
e10
1e
1e+
+
-
000.e
-
1e-
--2
-
1.2.3
-
0e
1e-
1ee2
1.2.3
000.e
+
000.e
++1
1e-
--2
1e-
+
.
1ee2
--2
+
1e+
0e
--2
1e
1.2.3
+
-
.
+
++1
abc
1e+
abc
e10
-
-
0e
+
+
abc
++1
+
0e
+
1e+
1e-
.
abc
+
1e-
++1
1e-
000.e
++1
1e
-
0e
--2
1e
e10
-
1ee2
abc
++1
000.e
1e-
1ee2
1e
000.e
-
1e
+
++1
1ee2
1ee2
.
abc
--2
abc
.
0e
0e
abc
-
000.e
1ee2
1.2.3
+
--2
1e-
1e
e10
0e
1.2.3
1e
+
1.2.3
1ee2
-
1e+
1e-
1e-
e10
.
1e-
000.e
.
abc
++1
1e
000.e
1ee2
abc
1e
1e-
000.e
-
e10
0e
-
--2
000.e
1ee2
000.e
-
e10
1e
.
+
abc
abc
e10
.
1e
1e+
--2
1ee2
1ee2
000.e
.
++1
000.e
++1
1e+
abc
1e+
1.2.3
1ee2
000.e
--2
0e
1.2.3
--2
+
1e+
1e+
0e
abc
1e
++1
1.2.3
1e
.
1e
-
1.2.3
1ee2
e10
000.e
1e+
0e
1e-
1e-
1e
1ee2
000.e
1e+
1e+
1e-
1e
1ee2
--2
000.e
e10
1e+
+
e10
e10
1e
abc
++1
1.2.3
--2
1e+
1e-
1e+
1e
1e-
1e+
1e-
1ee2
1e-
1ee2
abc
abc
1ee2
abc
1e+
1e-
.
-
--2
0e
+
1ee2
e10
+
--2
.
.
1e+
1e-
++1
.
0e
0e
--2
1e-
1e-
0e
+
e10
abc
-
.
abc
1e
1e-
+
0e
1e-
1.2.3
+
.
1ee2
.
.
1e-
e10
1ee2
+
1e-
--2
1e
0e
.
.
1e
1e-
1e+
+
1e-
1e-
.
++1
1.2.3
.
abc
1e+
+
abc
1e+
000.e
-
--2
+
e10
1e+
-
1e+
e10
++1
abc
+
1ee2
-
.
++1
abc
1e-
++1
1ee2
+
1e-
.
0e
000.e
++1
.
000.e
1ee2
e10
.
-
-
-
1e-
.
--2
1e-
1e
1.2.3
+
1.2.3
1e-
-
+
.
000.e
++1
.
++1
+
++1
e10
++1
.
1ee2
abc
1ee2
1e+
--2
abc
++1
0e
abc
-
0e
1.2.3
1e+
e10
abc
0e
e10
-
e10
1.2.3
1e
abc
.
1e+
1e
1e+
1e+
1e-
abc
+
abc
abc
.
.
++1
000.e
-
1.2.3
1e
1e-
0e
++1
+
1e+
1e+
000.e
1e-
e10
1e
+
0e
1e+
1e
1e
.
e10
000.e
1e-
+
1e+
1e
.
e10
000.e
++1
1ee2
000.e
000.e
-
.
.
1ee2
--2
0e
000.e
+
1ee2
000.e
++1
++1
1ee2
1.2.3
++1
e10
e10
000.e
.
1.2.3
--2
+
000.e
000.e
++1
-
abc
.
1e+
-
.
1ee2
e10
000.e
.
+
abc
1e+
1e+
000.e
+
1.2.3
abc
-
-
0e
0e
1e-
.
1e+
+
1e-
e10
1e
1e+
-
1e+
+
1e
-
1.2.3
1.2.3
1ee2
abc
++1
1.2.3
++1
0e
000.e
--2
1ee2
1e-
1e-
1e
-
000.e
1e+
1.2.3
++1
.
-
0e
.
1e-
1e+
e10
e10
0e
.
-
+
1e
0e
+
1.2.3
.
--2
abc
e10
1e
--2
000.e
000.e
-
1.2.3
+
--2
abc
1e-
000.e
1.2.3
1e+
1ee2
+
1e-
1.2.3
++1
1ee2
++1
1.2.3
e10
++1
+
1e-
abc
.
abc
++1
abc
abc
1.2.3
000.e
1e+
abc
1e-
0e
1.2.3
-
0e
.
++1
++1
0e
--2
1e-
1e-
+
e10
1ee2
000.e
1e
1.2.3
1ee2
++1
1e
+
0e
1e-
-
+
-
1e-
1.2.3
0e
1e+
1ee2
abc
1.2.3
abc
-
1e-
1e+
1e-
-
e10
1e+
--2
e10
.
1ee2
abc
+
0e
e10
abc
e10
++1
1e-
e10
000.e
000.e
+
1e
++1
1ee2
1e+
1e-
+
000.e
1.2.3
000.e
1ee2
abc
1ee2
1e+
--2
1e
000.e
1ee2
abc
.
--2
0e
1.2.3
+
1ee2
1ee2
.
-
1.2.3
abc
1ee2
e10
--2
.
0e
1e-
0e
abc
e10
1e-
abc
1e
1ee2
1ee2
000.e
1e-
0e
--2
1e+
e10
1e+
--2
--2
1ee2
--2
1.2.3
000.e
-
.
1ee2
1e+
.
++1
abc
-
1.2.3
.
1e+
.
.
1e+
-
++1
-
1e+
000.e
++1
-
1e-
1.2.3
+
+
1ee2
1.2.3
0e
1.2.3
1e+
e10
1e+
abc
1.2.3
e10
000.e
-
e10
.
1ee2
+
1e
-
1.2.3
1.2.3
++1
1e
+
e10
--2
1e-
abc
1ee2
1e-
1ee2
0e
e10
000.e
e10
0e
0e
.
-
000.e
1.2.3
e10
1.2.3
1ee2
.
+
--2
++1
+
e10
++1
1.2.3
1.2.3
0e
1e+
1e-
abc
++1
--2
1e+
e10
++1
0e
1e
1e+
1ee2
1e-
1ee2
abc
-
1ee2
1.2.3
++1
.
000.e
1e+
000.e
0e
--2
+
++1
-
e10
++1
000.e
1e
--2
1e
--2
1e
abc
.
e10
0e
abc
++1
000.e
.
+
000.e
.
1e
1.2.3
.
e10
1e
1e+
.
1.2.3
.
+
1ee2
abc
++1
1e-
000.e
abc
1e
1.2.3
1e-
++1
1e+
e10
-
0e
1e
1ee2
1e-
1e-
++1
+
1e
abc
e10
-
1.2.3
abc
0e
000.e
++1
0e
1e+
1e+
0e
1.2.3
1e
1.2.3
1e+
e10
+
++1
1e+
000.e
+
1e
abc
.
-
000.e
++1
abc
--2
1e+
000.e
1e-
000.e
.
e10
abc
1e
abc
0e
abc
abc
+
.
++1
abc
1ee2
e10
1e+
-
.
+
1ee2
.
0e
.
+
1e+
-
-
e10
0e
000.e
1ee2
-
abc
+
abc
e10
1e
000.e
000.e
+
1e
e10
000.e
++1
-
1.2.3
1ee2
--2
1ee2
1e+
--2
1e-
--2
0e
1ee2
+
-
000.e
++1
1.2.3
.
000.e
.
000.e
e10
1.2.3
-
1e-
1.2.3
1ee2
.
1e-
--2
abc
1.2.3
0e
1e
1ee2
e10
e10
++1
.
e10
.
0e
--2
0e
++1
1.2.3
-
--2
1e
1ee2
e10
000.e
1e+
1ee2
-
000.e
0e
+
000.e
0e
1.2.3
000.e
1e
000.e
1e+
1.2.3
+
+
++1
.
1.2.3
1e
abc
e10
0e
-
-
++1
1e-
+
--2
++1
1e-
000.e
e10
++1
1ee2
000.e
abc
1e+
-
1.2.3
1e
+
1e
000.e
.
-
1ee2
000.e
abc
abc
1e+
1.2.3
-
+
--2
e10
+
e10
000.e
1e-
1e
1e-
-
abc
e10
+
1ee2
1e+
1.2.3
1e+
1e-
.
abc
1e
000.e
abc
abc
-
-
.
+
--2
e10
-
e10
++1
+
.
1e
+
-
1e
+
000.e
1.2.3
0e
1ee2
abc
abc
0e
++1
1.2.3
.
1e
000.e
++1
1e
000.e
e10
1.2.3
.
1.2.3
1e-
.
.
e10
1e-
++1
e10
1e+
1.2.3
abc
1e
abc
1.2.3
0e
1e+
-
-
.
1e
e10
1ee2
1e
1ee2
.
1e-
1e
0e
1.2.3
0e
000.e
1e-
1e
--2
abc
-
+
1ee2
1e-
1ee2
0e
++1
--2
abc
+
000.e
--2
1ee2
1e
-
1e+
1e
.
+
e10
0e
1ee2
1ee2
1.2.3
abc
.
--2
1e-
1e+
+
0e
0e
--2
.
abc
0e
abc
++1
--2
1.2.3
e10
1ee2
abc
.
1e-
--2
1e
1e-
+
1e-
1e+
+
000.e
e10
0e
1e
000.e
1e-
1e+
000.e
1ee2
+
1e+
1e
++1
1e
0e
.
1e-
-
0e
abc
0e
.
1e+
e10
0e
.
-
++1
--2
1ee2
1e-
++1
-
1ee2
1ee2
1ee2
1.2.3
0e
-
++1
+
1e-
-
--2
-
1e-
1ee2
abc
1ee2
000.e
1.2.3
1e+
e10
1e
000.e
++1
000.e
.
1.2.3
-
1e-
1e-
abc
abc
.
1ee2
--2
1e
1.2.3
+
--2
e10
1ee2
-
-
1ee2
e10
1e-
+
.
1e-
.
--2
e10
--2
1ee2
1.2.3
1e-
0e
abc
--2
e10
abc
++1
1.2.3
1ee2
1e+
0e
1e-
--2
1e
000.e
-
0e
++1
1.2.3
-
++1
1e-
1e
1ee2
-
0e
+
1e-
1e+
--2
000.e
1.2.3
0e
1e-
abc
+
0e
.
1.2.3
1e
1e-
abc
++1
1e
++1
+
+
1e-
+
0e
0e
0e
1e+
000.e
1e-
-
1e-
1e-
--2
1ee2
000.e
1.2.3
--2
1e+
e10
e10
1e
000.e
1ee2
000.e
000.e
--2
1e-
.
1e+
1e-
abc
e10
.
+
e10
1e
1e
1e
+
+
0e
1e-
.
e10
1e-
-
+
1e-
0e
1ee2
++1
e10
1.2.3
.
+
000.e
abc
1e-
-
0e
+
abc
e10
e10
0e
1e
abc
abc
+
1ee2
-
--2
abc
.
--2
1e
-
+
.
++1
000.e
-
++1
abc
+
1ee2
1.2.3
1.2.3
+
-
1.2.3
1ee2
1.2.3
1ee2
.
1ee2
0e
+
0e
--2
++1
+
e10
+
-
1e-
-
1e+
--2
.
1ee2
0e
1e
1.2.3
1.2.3
1e+
1e+
+
1e-
e10
1e+
000.e
1e
1e+
--2
000.e
-
--2
--2
e10
1e+
.
0e
1e+
1e
1e-
1e+
-
++1
abc
1e
1ee2
++1
0e
abc
1.2.3
0e
1ee2
1e+
--2
.
1e-
0e
000.e
1.2.3
1e+
abc
.
1e+
1.2.3
.
--2
000.e
.
1e+
.
-
1.2.3
1e-
-
abc
abc
e10
1ee2
.
1e
abc
.
abc
.
1.2.3
+
1e-
e10
abc
0e
000.e
-
--2
0e
000.e
1ee2
abc
.
--2
1ee2
1ee2
++1
++1
1ee2
++1
1.2.3
++1
++1
abc
-
1.2.3
e10
-
1ee2
--2
-
.
1e+
1e+
1ee2
+
+
abc
000.e
+
abc
e10
.
1e
1e-
1e+
1ee2
+
1e
+
0e
e10
1.2.3
0e
--2
.
0e
+
1e
1e
0e
1e+
1e
e10
1ee2
.
1e+
1e+
0e
0e
0e
+
-
+
+
000.e
--2
.
1e+
--2
1.2.3
.
1ee2
--2
1e+
1.2.3
-
--2
.
.
abc
1e+
1ee2
1e
1e
e10
1e+
abc
++1
e10
abc
abc
e10
-
abc
0e
.
.
--2
1e-
+
1e
1e
+
--2
e10
abc
-
0e
0e
--2
1.2.3
000.e
1.2.3
-
1ee2
000.e
1e-
abc
++1
+
1ee2
-
e10
0e
1.2.3
000.e
++1
1e
1e-
--2
.
-
1e-
++1
++1
1e+
e10
000.e
abc
.
0e
1e+
1e-
++1
e10
0e
1e-
--2
0e
--2
.
++1
1e
-
1e+
--2
e10
.
000.e
1ee2
000.e
1.2.3
e10
-
+
.
1.2.3
++1
.
000.e
0e
-
000.e
-
1.2.3
e10
0e
.
abc
0e
++1
-
000.e
.
000.e
-
1e
1ee2
++1
.
1e+
0e
0e
1ee2
++1
1e-
1.2.3
1e-
1e-
1ee2
1e
+
1e+
++1
e10
1e-
1ee2
000.e
-
1ee2
1e
0e
1e
000.e
++1
abc
1.2.3
-
e10
1e
--2
0e
abc
--2
--2
-
1.2.3
++1
000.e
+
1.2.3
1ee2
e10
1ee2
e10
.
--2
1e+
1e+
1ee2
1e
e10
0e
abc
1.2.3
1.2.3
+
1e
.
e10
0e
abc
1e-
1e+
1e+
.
.
.
1e+
000.e
1ee2
.
e10
--2
e10
.
1ee2
-
000.e
1e+
000.e
1e-
-
1e+
1e+
000.e
0e
1.2.3
-
e10
1e
-
0e
1.2.3
1e-
.
0e
1.2.3
000.e
+
abc
000.e
+
-
abc
--2
1.2.3
1e+
--2
1e
1e-
1ee2
0e
-
000.e
1e
++1
1ee2
--2
000.e
1.2.3
abc
000.e
+
+
+
000.e
--2
1ee2
e10
++1
--2
000.e
1ee2
1e-
-
++1
0e
--2
1ee2
1e
++1
++1
.
-
000.e
++1
0e
-
000.e
--2
1e+
e10
1.2.3
1.2.3
++1
--2
--2
--2
+
0e
.
1ee2
+
1.2.3
1e
abc
1ee2
+
0e
1e+
abc
abc
abc
.
1ee2
1ee2
+
+
e10
--2
1e-
.
-
+
--2
--2
000.e
0e
1.2.3
--2
++1
0e
1e+
++1
000.e
++1
e10
000.e
e10
-
000.e
abc
0e
-
0e
1e-
1e
1.2.3
.
abc
0e
--2
1e
.
-
++1
1.2.3
+
1.2.3
000.e
1e+
1e-
++1
1e+
e10
1e-
1.2.3
e10
++1
1e
+
--2
--2
1e-
000.e
000.e
1e-
1e-
-
e10
e10
+
++1
1e+
000.e
e10
abc
.
.
e10
e10
1e+
++1
e10
1.2.3
1e-
1.2.3
1.2.3
+
1e
+
1e-
++1
1ee2
.
1e-
1ee2
.
000.e
e10
1ee2
0e
1e
--2
1e
1e
+
abc
000.e
++1
e10
+
e10
e10
.
1e
abc
000.e
1e+
.
1e+
e10
000.e
1e+
+
abc
1.2.3
--2
1e-
1e
+
-
0e
.
1e
abc
1e+
1e-
.
1.2.3
++1
--2
1e
1.2.3
--2
abc
1e-
++1
--2
-
1e+
1e+
++1
.
1e-
0e
++1
1e
1e-
000.e
-
++1
++1
1e
--2
-
--2
1e
1e-
1e-
--2
000.e
0e
0e
1e+
--2
e10
0e
+
000.e
1e
abc
e10
--2
1e
++1
+
1.2.3
1e
1e
1e+
--2
1e+
1e
1.2.3
1e
--2
+
1.2.3
0e
000.e
1e
+
--2
+
.
1.2.3
++1
e10
1ee2
1ee2
abc
e10
1e+
000.e
0e
-
--2
1.2.3
1ee2
1ee2
e10
000.e
1ee2
e10
abc
1e-
.
1.2.3
+
abc
000.e
--2
++1
000.e
.
--2
+
000.e
-
000.e
1.2.3
1e-
abc
1.2.3
0e
0e
000.e
1ee2
e10
+
++1
0e
1e-
.
--2
000.e
1ee2
abc
+
1e
e10
++1
.
+
abc
++1
+
1.2.3
1e
1.2.3
++1
abc
1ee2
+
-
++1
abc
++1
000.e
1e-
1.2.3
.
1.2.3
abc
1.2.3
1.2.3
--2
abc
1ee2
--2
--2
1.2.3
0e
0e
1e+
abc
1e
1e
-
1ee2
.
1e+
1.2.3
abc
++1
000.e
1e-
1e-
1e
000.e
+
+
e10
1e+
1e+
abc
1e-
.
1ee2
000.e
1ee2
000.e
1.2.3
abc
000.e
-
1e
1.2.3
.
1e+
1.2.3
-
e10
1e+
1e
-
e10
1.2.3
++1
1.2.3
+
-
--2
1.2.3
1e-
++1
0e
++1
1e+
000.e
1e
1e-
++1
-
e10
abc
1.2.3
e10
1e-
1.2.3
1ee2
--2
000.e
++1
.
1e
+
0e
--2
.
abc
++1
1e
1e+
1.2.3
.
000.e
++1
1e
-
-
1.2.3
--2
--2
++1
++1
1.2.3
1e
1.2.3
000.e
1ee2
++1
000.e
abc
1e+
1e-
+
0e
--2
abc
000.e
-
e10
--2
1.2.3
1e
+
--2
-
--2
1e+
1.2.3
abc
abc
1.2.3
-
+
1e-
1e+
+
++1
000.e
++1
000.e
--2
1e-
000.e
1ee2
0e
1e-
++1
000.e
0e
000.e
1.2.3
abc
--2
++1
1e
1ee2
1ee2
000.e
+
+
1e
-
1ee2
--2
+
1e
e10
1e+
--2
0e
++1
-
abc
1e
+
000.e
++1
e10
abc
1e
+
0e
0e
e10
abc
-
1.2.3
e10
abc
abc
-
abc
1e+
1e-
--2
e10
.
.
000.e
1.2.3
+
e10
1e
+
1e-
1e
1e+
+
+
1e+
.
++1
0e
+
000.e
1.2.3
000.e
1.2.3
0e
+
-
1e
--2
e10
e10
+
1e+
1e+
-
+
.
000.e
--2
-
--2
1e
1e-
0e
++1
1e+
1e
e10
-
1e
1.2.3
000.e
0e
.
1e-
+
++1
1e-
1e+
1e-
1e+
--2
++1
-
1e-
000.e
1ee2
abc
abc
e10
1e
1e+
000.e
1.2.3
e10
+
++1
--2
.
e10
e10
000.e
1e-
1.2.3
--2
1ee2
.
+
000.e
-
abc
.
abc
1.2.3
1e-
-
1e
e10
++1
abc
.
++1
+
abc
1e+
++1
++1
0e
1.2.3
0e
+
0e
abc
++1
e10
e10
--2
.
1e+
0e
-
1e-
e10
++1
abc
abc
.
++1
1ee2
0e
1ee2
1ee2
1e-
+
000.e
0e
0e
e10
abc
1e-
--2
1e+
1ee2
000.e
1e+
++1
.
1ee2
--2
1ee2
1ee2
e10
abc
.
++1
1ee2
1ee2
1e-
1e
1e+
0e
-
1.2.3
-
--2
+
abc
--2
1e-
0e
-
e10
1.2.3
0e
-
.
1ee2
abc
.
1e
000.e
000.e
000.e
-
++1
e10
0e
1.2.3
1ee2
-
-
1ee2
abc
-
++1
1e-
abc
1.2.3
1e
abc
1.2.3
e10
000.e
-
1e
0e
1.2.3
abc
1.2.3
-
.
1e
1e-
1e-
abc
1e
0e
1ee2
1e+
0e
1ee2
1ee2
e10
+
1e
--2
abc
1e+
1.2.3
1e+
1e+
1.2.3
0e
000.e
0e
+
abc
1ee2
e10
e10
+
1e+
e10
.
.
++1
1e+
1e-
e10
1e-
++1
1.2.3
1e
1e
abc
1e+
+
++1
0e
1e-
1.2.3
1e+
000.e
abc
-
0e
0e
abc
1.2.3
++1
1e-
e10
+
+
+
abc
.
e10
1.2.3
1ee2
1e+
1ee2
++1
1e+
1.2.3
1.2.3
.
0e
000.e
0e
e10
1ee2
-
1ee2
++1
abc
abc
1e+
-
-
1e-
--2
0e
1.2.3
+
abc
0e
--2
+
++1
1e+
000.e
1ee2
--2
0e
+
1e+
1e
1e
1e+
000.e
--2
1.2.3
1e
1e-
1e-
abc
abc
++1
++1
1ee2
-
e10
1e
++1
1e+
1.2.3
0e
abc
++1
abc
-
1e+
++1
0e
--2
1ee2
1.2.3
1e
1e
1ee2
0e
abc
1ee2
1e+
abc
1.2.3
-
+
.
-
e10
1ee2
1.2.3
++1
1.2.3
++1
0e
--2
.
000.e
1e
--2
1e-
.
-
abc
0e
+
1.2.3
e10
+
++1
1.2.3
1e+
.
1e+
-
1.2.3
++1
1.2.3
0e
1e-
0e
1ee2
abc
1e
++1
1.2.3
+
1ee2
--2
1e+
1ee2
000.e
1e
++1
1e-
--2
++1
.
1e-
1e
0e
+
0e
000.e
e10
1e-
e10
1e+
+
0e
0e
.
1.2.3
abc
e10
1.2.3
000.e
000.e
1e+
000.e
1.2.3
-
.
0e
-
1e
--2
1e-
1.2.3
e10
.
1e
1e
0e
e10
1e
++1
1.2.3
1e
abc
1e-
1.2.3
1e-
1e+
.
1ee2
+
--2
1e+
+
1e
++1
1ee2
.
1e
++1
.
-
0e
1e-
.
000.e
1e+
0e
-
1e
--2
1ee2
1e-
1e-
.
+
0e
0e
abc
.
++1
abc
000.e
.
++1
.
0e
1ee2
-
abc
abc
1ee2
e10
1ee2
++1
1e+
-
abc
1ee2
++1
1e
abc
.
1.2.3
000.e
e10
1.2.3
-
1e
000.e
000.e
1.2.3
1ee2
1ee2
1e-
000.e
000.e
1e-
.
--2
1e-
e10
e10
1e
-
000.e
1ee2
-
-
0e
1e-
-
0e
.
000.e
e10
abc
1ee2
1.2.3
000.e
--2
-
1e-
--2
abc
abc
1e-
+
1e-
+
e10
1e+
--2
++1
0e
1e-
1.2.3
1e
-
1.2.3
1.2.3
e10
1.2.3
0e
++1
-
1e+
abc
0e
000.e
+
1e+
1e-
000.e
1ee2
abc
e10
1.2.3
1e+
1ee2
abc
e10
1ee2
e10
--2
1e
1ee2
1e-
++1
1.2.3
1e-
1ee2
0e
--2
.
e10
+
-
1e-
000.e
1e-
0e
0e
++1
1e
-
000.e
1ee2
--2
1e-
++1
abc
1e-
1e
-
1.2.3
1e+
e10
+
e10
++1
0e
1e
000.e
e10
0e
++1
0e
1e
1e-
1e-
1e-
--2
000.e
-
1ee2
000.e
1e
e10
.
1e
0e
1e-
1e-
1.2.3
e10
.
1e-
--2
1.2.3
1.2.3
1e
++1
1e+
+
-
1e
1e-
1e+
.
+
1e
.
e10
-
abc
1e-
1e
++1
--2
++1
++1
.
1e-
000.e
.
abc
+
--2
abc
1e-
++1
abc
1e
000.e
1e
1e
--2
1e-
000.e
abc
++1
1.2.3
1ee2
+
--2
1ee2
1ee2
.
1e-
1.2.3
000.e
000.e
1e-
++1
--2
1e+
1e+
-
.
1e
0e
e10
+
0e
+
1e
e10
abc
-
++1
e10
-
-
abc
1.2.3
1e
1e-
++1
1e
--2
1e+
0e
1ee2
abc
abc
.
1e-
+
+
-
abc
abc
1ee2
+
-
000.e
0e
-
--2
+
1.2.3
++1
--2
.
0e
1ee2
1e-
.
++1
e10
0e
-
1e
e10
1e-
000.e
0e
1e
1ee2
-
1ee2
1e-
1.2.3
000.e
+
abc
1.2.3
--2
1e+
-
++1
1e+
abc
-
e10
000.e
++1
1e+
0e
1e-
1.2.3
0e
1.2.3
1.2.3
e10
0e
0e
--2
+
1e-
abc
000.e
1ee2
1e+
000.e
++1
0e
e10
--2
e10
1.2.3
+
0e
e10
.
000.e
1e+
1e-
.
e10
-
000.e
1e-
1e+
--2
abc
++1
++1
1e-
+
1e
.
1e-
++1
0e
--2
1e+
1e+
0e
+
1.2.3
1e
0e
1e+
--2
e10
1ee2
1.2.3
1e-
1ee2
+
1ee2
0e
.
-
000.e
1.2.3
1.2.3
1e+
abc
++1
0e
.
+
--2
e10
-
abc
+
1e
0e
1ee2
1e-
1e+
++1
1e-
1e+
1e
abc
1.2.3
abc
1e-
+
1ee2
1ee2
0e
000.e
.
0e
abc
.
e10
1ee2
000.e
+
1e+
0e
abc
000.e
abc
000.e
abc
abc
+
abc
--2
1e
1e
1e-
1ee2
1e
1e-
1e-
.
1e+
000.e
1e-
--2
-
1e
--2
e10
1e-
--2
1e
1e
e10
.
1e+
1e-
1e-
0e
1ee2
0e
000.e
++1
+
e10
000.e
e10
1e-
1ee2
.
+
++1
e10
1ee2
1e
1ee2
--2
.
1e+
e10
-
000.e
1e
.
000.e
1ee2
abc
--2
e10
--2
1.2.3
+
++1
1.2.3
0e
1.2.3
1e-
1e+
e10
1e-
+
--2
--2
-
.
++1
.
++1
1ee2
1.2.3
abc
1e-
1.2.3
++1
--2
e10
1e
1.2.3
0e
1e
e10
0e
0e
++1
000.e
1e+
1e-
.
e10
e10
1ee2
1e
abc
1ee2
1e+
000.e
e10
++1
--2
+
e10
1.2.3
1e+
1.2.3
--2
.
e10
-
1e
1ee2
0e
-
+
1e
.
--2
1e+
000.e
-
1e-
.
abc
abc
1ee2
1e+
000.e
0e
-
e10
1ee2
1.2.3
0e
1e-
-
++1
1e
++1
0e
abc
abc
--2
1.2.3
000.e
.
abc
e10
--2
0e
1e-
-
e10
1e+
abc
e10
1e+
1e
.
1.2.3
1e-
1e
e10
++1
-
+
000.e
0e
abc
1.2.3
++1
++1
000.e
.
1e
++1
1e-
1e
1e
1e
1ee2
+
++1
--2
e10
--2
000.e
+
--2
1e-
1e-
++1
1e+
000.e
1.2.3
++1
.
.
--2
abc
1.2.3
1.2.3
--2
-
--2
++1
000.e
.
--2
1.2.3
--2
0e
1e-
1e
e10
1.2.3
--2
1e
1e
++1
abc
++1
0e
abc
+
1e-
e10
1e+
abc
000.e
abc
--2
e10
-
0e
++1
++1
1.2.3
1.2.3
1e
000.e
+
1e+
abc
1e
1ee2
--2
000.e
-
--2
000.e
++1
1e+
++1
-
--2
1.2.3
abc
0e
--2
e10
.
1e+
--2
0e
.
1e+
1ee2
0e
1ee2
.
1e-
000.e
0e
++1
1e
abc
1.2.3
e10
0e
1e
1ee2
++1
e10
+
1.2.3
1ee2
.
1e-
abc
0e
.
1e-
0e
1e
000.e
000.e
1e
1e+
1e
000.e
1ee2
+
--2
000.e
.
+
000.e
1.2.3
abc
1e
1e+
abc
++1
1e
1.2.3
e10
e10
0e
1ee2
1ee2
.
1e-
1e-
+
abc
0e
1e+
.
1ee2
++1
++1
1e+
0e
-
--2
1e+
1.2.3
-
--2
++1
1.2.3
1e+
0e
1e
e10
+
000.e
1ee2
+
-
+
+
-
.
.
-
1ee2
1e
e10
abc
1ee2
e10
1.2.3
.
1e-
0e
++1
--2
-
.
abc
1e+
--2
1e-
abc
-
--2
e10
e10
+
--2
1e
1e-
+
1ee2
1ee2
1e+
1ee2
1ee2
0e
.
++1
-
+
--2
1e
+
0e
++1
-
--2
++1
1.2.3
1e-
.
-
.
e10
0e
1ee2
1e
1.2.3
0e
1ee2
000.e
++1
+
++1
1e+
1e+
--2
0e
++1
+
1e-
abc
+
1e+
1e-
1.2.3
1e-
000.e
++1
0e
1e+
1e-
+
-
1e-
1e+
--2
1.2.3
--2
+
--2
--2
.
1ee2
++1
1ee2
1e-
1.2.3
++1
++1
++1
1ee2
-
+
0e
++1
e10
000.e
-
1e-
--2
--2
++1
1ee2
0e
e10
--2
1e+
000.e
0e
000.e
1.2.3
+
1e
--2
--2
+
.
1.2.3
-
0e
+
.
1e-
0e
.
1e-
1e-
1.2.3
0e
+
--2
1ee2
1e
000.e
--2
1e
abc
1.2.3
abc
++1
abc
000.e
abc
1e+
.
--2
--2
.
e10
1e-
-
000.e
+
++1
--2
000.e
1e+
1.2.3
1ee2
++1
1.2.3
1ee2
e10
1e
1.2.3
1ee2
1e+
1ee2
--2
-
1e-
++1
--2
1ee2
1e
+
-
--2
1e
1e-
+
e10
1e
000.e
e10
-
abc
abc
+
0e
1.2.3
e10
1e-
+
-
1e-
++1
0e
1e-
+
1.2.3
+
--2
e10
1.2.3
0e
.
abc
++1
+
1e-
1.2.3
--2
-
1.2.3
.
++1
1e
abc
+
.
0e
++1
0e
1e-
++1
e10
1.2.3
1e
--2
1.2.3
1e
abc
++1
-
--2
1e
1ee2
.
1e
1.2.3
1.2.3
+
e10
-
0e
0e
++1
1.2.3
1e+
.
1e-
1e+
--2
--2
.
-
-
1e-
1e-
.
-
+
000.e
1ee2
abc
1e-
--2
1e+
1e-
000.e
-
+
--2
+
1e
-
000.e
e10
+
000.e
abc
--2
-
1.2.3
1e-
1e+
abc
.
1ee2
1ee2
abc
.
1e-
++1
abc
000.e
1e+
1e-
1.2.3
+
++1
1ee2
1.2.3
1e-
+
1e-
1e
1e+
1.2.3
+
000.e
0e
1e-
abc
+
1e-
+
1ee2
1e
abc
++1
000.e
0e
1e+
+
1ee2
++1
0e
-
abc
1.2.3
--2
abc
abc
e10
++1
1.2.3
1e+
++1
000.e
e10
1e-
.
++1
e10
000.e
1.2.3
e10
0e
1e-
--2
.
e10
++1
1ee2
1e-
+
+
1.2.3
--2
1ee2
abc
1ee2
1.2.3
e10
--2
abc
0e
e10
-
1.2.3
--2
1ee2
1.2.3
1e
0e
.
1.2.3
-
++1
abc
e10
+
1.2.3
+
+
000.e
1e
1e
0e
++1
-
1e
e10
++1
++1
e10
-
1ee2
1e
1e
+
1ee2
++1
000.e
abc
+
abc
1e
1e+
e10
000.e
1.2.3
1e+
1e
1e+
1e-
1e-
+
e10
1ee2
0e
1ee2
.
1e
1.2.3
-
++1
1ee2
1e+
+
e10
1e-
+
1e+
.
1e+
1.2.3
1e
++1
1e-
+
abc
1e+
1e
1e
1e
+
++1
0e
-
1e-
0e
1e
1e-
1e-
1.2.3
.
1.2.3
+
1e
+
.
1e-
e10
--2
000.e
--2
--2
1e-
000.e
1ee2
e10
1e+
.
++1
.
0e
e10
1ee2
abc
e10
1e+
--2
1.2.3
++1
1e
0e
1e
abc
0e
1e
000.e
++1
.
0e
1e+
0e
1e
0e
000.e
0e
1ee2
000.e
.
1e-
--2
1e
++1
.
++1
000.e
--2
abc
1e+
+
abc
1e-
1e
1e
1e+
1e
0e
0e
e10
+
1.2.3
1e
+
0e
e10
+
1e-
-
--2
000.e
++1
++1
0e
.
0e
-
+
1e+
1e-
1e+
-
-
1ee2
abc
1e
.
-
000.e
.
000.e
0e
e10
1e
.
-
000.e
0e
1.2.3
1e+
e10
++1
0e
e10
1e
-
+
+
1ee2
++1
.
++1
+
-
0e
.
+
1e+
e10
--2
1e
1e
0e
000.e
1.2.3
1e+
1.2.3
1e-
1e-
--2
++1
000.e
e10
1.2.3
000.e
1e-
abc
--2
000.e
1e-
.
e10
0e
0e
1ee2
000.e
1.2.3
1ee2
+
000.e
+
.
1e
--2
++1
++1
e10
e10
-
--2
+
++1
e10
1e
1e+
-
++1
--2
1.2.3
abc
--2
abc
1.2.3
abc
0e
+
-
1ee2
0e
++1
1e-
abc
e10
--2
abc
1.2.3
1ee2
.
1e
+
+
1e+
.
+
++1
e10
0e
1e+
1e
1ee2
1.2.3
--2
abc
1.2.3
++1
1ee2
1e
1e+
.
0e
--2
0e
1e-
-
++1
1.2.3
0e
--2
++1
1e+
+
abc
1e
000.e
1e
abc
++1
abc
++1
e10
1ee2
1e
1ee2
1e-
1.2.3
abc
-
1ee2
+
e10
++1
0e
0e
000.e
--2
-
1ee2
--2
+
+
--2
-
e10
1ee2
--2
--2
++1
-
1ee2
+
e10
++1
1e
1e
1ee2
1.2.3
1e
1e
e10
1e+
1e
0e
1e-
.
000.e
1ee2
abc
1e
abc
1e+
1ee2
1.2.3
1ee2
000.e
abc
000.e
++1
1e+
1.2.3
0e
0e
abc
000.e
--2
abc
++1
1e+
1e
1ee2
+
000.e
1e+
1.2.3
1e-
+
1e+
-
e10
e10
1.2.3
0e
abc
1e+
1.2.3
+
+
1e
.
+
+
+
e10
-
0e
0e
1e+
000.e
1e+
+
1e+
e10
++1
1ee2
abc
0e
.
++1
1e
1e
1e
--2
0e
1e-
e10
--2
e10
e10
abc
.
--2
e10
+
1.2.3
--2
+
-
1e+
0e
0e
1e-
.
1.2.3
abc
1e+
1ee2
1ee2
1.2.3
.
++1
--2
++1
1ee2
+
1e
1ee2
1.2.3
--2
1.2.3
.
++1
-
0e
1.2.3
000.e
1ee2
0e
abc
1.2.3
.
++1
++1
000.e
e10
0e
1e
+
-
-
0e
+
+
+
1ee2
000.e
-
+
+
--2
abc
1.2.3
0e
1e-
1e+
.
--2
1e
0e
e10
abc
.
e10
abc
1ee2
1e-
1.2.3
1e
.
abc
e10
--2
++1
1.2.3
+
1e
1ee2
--2
-
1e-
+
0e
+
0e
+
--2
0e
1e+
abc
.
1.2.3
1.2.3
-
+
++1
1.2.3
+
1.2.3
-
1ee2
-
1e-
--2
000.e
+
0e
1ee2
1e
000.e
1ee2
-
--2
-
e10
++1
+
1e-
+
0e
+
abc
.
0e
e10
-
++1
1e+
abc
000.e
++1
e10
1ee2
0e
000.e
0e
.
-
.
--2
e10
abc
1e+
e10
+
+
.
++1
1e
1e
e10
1.2.3
.
1e-
1e
e10
0e
.
1e+
++1
1e-
1.2.3
--2
abc
-
abc
000.e
1e-
abc
1e
.
+
e10
abc
.
1ee2
1ee2
1e
1e-
0e
-
++1
+
1ee2
+
abc
+
.
.
.
1ee2
.
0e
abc
--2
000.e
abc
--2
+
1.2.3
1ee2
++1
+
0e
e10
1.2.3
0e
-
1e
-
e10
+
--2
e10
e10
+
+
-
1.2.3
000.e
--2
0e
abc
1.2.3
1e+
1.2.3
--2
000.e
+
1ee2
abc
+
--2
1ee2
abc
++1
.
1e+
-
1ee2
++1
000.e
++1
1e
1e-
1e
-
000.e
1e-
abc
1e-
e10
.
+
-
1ee2
1ee2
.
1e+
e10
1e-
1e
e10
000.e
1e-
1e+
+
1.2.3
abc
.
+
abc
e10
e10
1e
1e
0e
+
e10
1ee2
000.e
++1
abc
-
000.e
1e
1e+
1.2.3
--2
++1
e10
1e-
000.e
0e
1ee2
--2
1e
e10
1e-
000.e
.
1.2.3
--2
1ee2
e10
1e-
1e+
1e-
000.e
.
--2
-
1e+
+
000.e
++1
1e+
000.e
--2
1.2.3
1ee2
abc
++1
++1
abc
++1
1e+
-
1.2.3
+
e10
++1
0e
--2
1.2.3
-
++1
e10
0e
--2
1e
-
1.2.3
1e-
1e
1e+
000.e
++1
e10
abc
000.e
1e
000.e
-
++1
000.e
1e
1.2.3
1e+
1e-
++1
1e-
--2
-
1e
-
-
--2
e10
abc
+
.
.
e10
0e
1e
1.2.3
000.e
0e
+
0e
1e
--2
1e+
.
0e
e10
1e+
0e
-
1e+
abc
1ee2
.
-
.
1e
.
0e
000.e
1.2.3
000.e
0e
1e
1.2.3
abc
1e
--2
000.e
1e-
1ee2
.
--2
1e+
1e
1e
+
-
++1
++1
.
1.2.3
000.e
++1
1e-
1e-
e10
++1
--2
000.e
.
.
--2
-
1e-
++1
0e
+
++1
000.e
1.2.3
0e
-
e10
1.2.3
1e+
.
0e
e10
++1
0e
1e
-
1e-
e10
1e+
.
1e+
abc
-
1e-
1.2.3
+
0e
1e-
1e-
1e
.
e10
abc
.
1e+
000.e
.
1e
000.e
-
.
+
e10
1.2.3
abc
1e
1.2.3
+
++1
1ee2
.
1.2.3
1e
1e-
abc
1.2.3
000.e
1ee2
000.e
--2
+
+
1e
abc
000.e
++1
1.2.3
0e
abc
1e-
-
.
1e+
1e-
000.e
++1
1ee2
+
0e
+
000.e
1.2.3
-
1ee2
abc
-
1ee2
e10
000.e
0e
1ee2
000.e
1.2.3
abc
--2
-
+
e10
1e
--2
--2
e10
-
++1
e10
1e
1.2.3
1e-
1.2.3
1ee2
-
000.e
1.2.3
abc
0e
1e+
1e+
abc
1e
abc
abc
e10
1.2.3
e10
-
000.e
1ee2
-
++1
+
1e
000.e
1ee2
0e
1e+
e10
abc
e10
1e
e10
1.2.3
1e-
++1
++1
1e
e10
1e-
1e+
e10
1e+
--2
0e
1e+
++1
-
000.e
1.2.3
++1
1e
++1
-
1e
1.2.3
--2
1e
1e+
1e+
++1
abc
1e+
1.2.3
+
0e
1ee2
1e-
000.e
1e
0e
1ee2
1e
-
0e
000.e
++1
abc
1e+
1.2.3
e10
e10
abc
++1
1.2.3
1e-
e10
--2
1e
-
1e-
++1
0e
--2
+
.
abc
.
1e
abc
++1
-
1e+
--2
++1
e10
1.2.3
--2
1e+
e10
1.2.3
1e-
1.2.3
0e
1.2.3
1.2.3
-
1e-
1e+
1ee2
abc
1e-
++1
000.e
e10
1e
1e
1ee2
+
-
--2
.
1e
1e-
0e
.
0e
e10
1e
1ee2
-
1e+
+
000.e
1e
.
1e-
000.e
+
1e-
abc
abc
--2
1.2.3
++1
++1
+
1ee2
e10
1ee2
++1
++1
000.e
1e-
abc
000.e
1e-
e10
abc
1ee2
0e
1e+
++1
0e
1e+
1e
1e+
1e
abc
1.2.3
abc
1e+
0e
.
.
.
1e-
1e+
1e
++1
e10
++1
1e-
++1
000.e
e10
e10
1e
+
1e
++1
1e+
1e
1e
0e
1e+
1.2.3
-
1e-
+
abc
1e-
000.e
e10
1ee2
.
000.e
000.e
abc
++1
--2
++1
+
1e
--2
1.2.3
abc
0e
e10
1ee2
+
-
1ee2
e10
1ee2
abc
--2
000.e
+
.
.
1e-
-
1e
1.2.3
1ee2
+
abc
1ee2
++1
++1
--2
1e+
1e-
++1
1.2.3
0e
-
+
.
1e-
1e
0e
1.2.3
1e
000.e
0e
-
++1
+
--2
1e
000.e
.
e10
-
e10
1e
.
.
-
1ee2
-
--2
++1
1ee2
--2
1e+
1.2.3
-
+
++1
--2
1e
0e
1e
.
1e+
1ee2
abc
0e
1.2.3
abc
0e
abc
000.e
1e+
1e-
1ee2
+
000.e
e10
-
1e+
--2
+
abc
--2
1e-
e10
1e+
000.e
-
000.e
1ee2
+
--2
-
1.2.3
1e-
0e
.
-
++1
+
0e
+
000.e
-
000.e
1ee2
.
-
.
1ee2
0e
1ee2
1e-
1e
+
1ee2
+
--2
-
1e+
abc
1.2.3
0e
+
1e-
+
0e
1.2.3
1e+
-
1.2.3
abc
1e-
--2
-
1e-
1e-
0e
e10
-
0e
1e+
abc
++1
1.2.3
000.e
000.e
+
-
0e
-
--2
e10
000.e
1e+
0e
1e
1ee2
-
1ee2
1e-
--2
1ee2
1e+
++1
abc
1e
e10
1ee2
+
1.2.3
1e
--2
--2
+
+
0e
.
1ee2
0e
0e
e10
abc
++1
e10
+
1e
1e
--2
e10
e10
1.2.3
1ee2
1e-
1.2.3
+
1e+
1e-
0e
+
0e
--2
1ee2
e10
abc
0e
1e-
1e-
++1
1ee2
abc
-
1ee2
1ee2
1e-
abc
1e-
-
.
.
1e+
+
1e+
1.2.3
+
1ee2
0e
-
000.e
1e-
1e+
e10
1ee2
1.2.3
1.2.3
0e
e10
1e-
1e
+
+
--2
1e-
e10
0e
.
1e
.
e10
1.2.3
1e+
--2
0e
1ee2
abc
abc
--2
1.2.3
++1
--2
0e
1e-
+
1.2.3
1e-
++1
e10
1e+
++1
000.e
0e
abc
1ee2
e10
e10
1.2.3
.
0e
1.2.3
1ee2
.
0e
--2
.
abc
--2
1.2.3
.
1e+
-
abc
--2
e10
000.e
1e+
000.e
-
1ee2
1ee2
1e+
e10
-
+
1.2.3
000.e
+
000.e
.
+
0e
1e
.
1ee2
1.2.3
abc
1ee2
0e
.
++1
000.e
1.2.3
abc
0e
e10
1ee2
000.e
1e-
e10
1e-
1e-
++1
1e-
1e-
0e
0e
0e
0e
e10
1ee2
1ee2
.
1e+
-
1e-
+
1e-
abc
-
++1
1.2.3
-
.
1e
.
1e
.
1e+
abc
1ee2
e10
.
++1
1ee2
0e
1e+
1e-
e10
1e-
1ee2
0e
1e
1e
-
1ee2
1e
++1
000.e
1e+
.
abc
000.e
+
000.e
-
+
0e
1e+
++1
1.2.3
+
abc
abc
1e
+
-
abc
1.2.3
+
1e+
e10
e10
e10
e10
.
++1
000.e
e10
1.2.3
1ee2
+
-
1.2.3
0e
++1
+
.
e10
000.e
1e
1ee2
.
abc
1e
++1
1.2.3
.
e10
1e+
1e-
+
-
e10
1.2.3
1.2.3
000.e
000.e
abc
abc
-
0e
+
.
1.2.3
1ee2
++1
1.2.3
1e+
1ee2
--2
-
-
000.e
++1
-
1e
1e+
1.2.3
1e
1e
e10
1e
++1
1e
1e
1e
.
.
1e+
++1
0e
1e-
1.2.3
1.2.3
0e
1e-
e10
1e-
1.2.3
0e
000.e
.
1e-
1ee2
+
1e-
e10
e10
0e
1.2.3
1e+
1e-
-
1.2.3
+
1e+
1e
000.e
.
e10
000.e
1e
0e
abc
1.2.3
e10
abc
.
-
+
1e
e10
e10
1e
1ee2
0e
-
++1
000.e
1e-
000.e
.
abc
e10
1.2.3
+
1e-
1.2.3
1e+
1e-
1e-
1.2.3
000.e
.
1ee2
.
--2
+
1.2.3
1e
1.2.3
-
++1
--2
+
e10
++1
e10
1e
000.e
++1
1e-
--2
1e-
+
-
0e
abc
1e
++1
0e
e10
--2
1e
0e
1e+
++1
-
--2
1ee2
1ee2
0e
1ee2
1ee2
0e
1e+
-
1e-
++1
1ee2
1e-
1ee2
1.2.3
+
000.e
1.2.3
--2
1e-
-
--2
++1
-
1e
0e
abc
e10
+
0e
e10
0e
1e+
e10
abc
1e+
++1
++1
-
.
1.2.3
1.2.3
1e-
abc
++1
1e+
-
1ee2
+
1ee2
-
e10
--2
1.2.3
e10
1e
e10
+
1ee2
-
1e
.
-
0e
++1
.
.
.
000.e
++1
1e-
000.e
1ee2
+
.
e10
1e-
1.2.3
1e-
1ee2
++1
1e+
000.e
.
-
.
000.e
-
--2
1e-
1e
000.e
0e
000.e
1.2.3
1e-
1ee2
1e-
abc
++1
-
e10
1.2.3
abc
1.2.3
1ee2
abc
000.e
e10
1e+
1e
1ee2
1.2.3
-
.
1e+
e10
-
1e+
abc
+
0e
1e
++1
+
1e-
++1
1e-
1e-
-
--2
000.e
000.e
+
0e
1e+
-
1e-
1ee2
.
1e
1e
1ee2
1e
1.2.3
.
1ee2
-
+
1ee2
1ee2
abc
abc
.
1e+
++1
1e-
1e+
1.2.3
.
e10
1e-
1e-
e10
--2
+
1ee2
1e-
1e+
1e-
1ee2
000.e
0e
++1
000.e
-
--2
0e
1ee2
+
1e-
0e
1e+
abc
1ee2
0e
1ee2
++1
++1
1e-
-
0e
1e-
abc
--2
1.2.3
1.2.3
-
0e
1e+
0e
abc
1e+
++1
1.2.3
.
0e
0e
1.2.3
--2
1e+
-
e10
000.e
.
1e
1ee2
0e
1e+
1.2.3
+
000.e
e10
0e
000.e
+
e10
000.e
-
1.2.3
abc
000.e
1.2.3
1e
++1
++1
0e
1.2.3
1e
1e-
1e
1.2.3
.
0e
+
e10
abc
.
1.2.3
abc
1.2.3
.
--2
.
000.e
+
1e+
+
abc
1e+
0e
-
.
1ee2
++1
.
000.e
-
-
000.e
000.e
-
0e
1e-
1.2.3
1.2.3
abc
0e
e10
1ee2
-
+
1e
0e
000.e
+
1e-
.
e10
++1
000.e
-
.
1ee2
.
1.2.3
e10
1e-
+
abc
++1
++1
1.2.3
1e+
abc
++1
1e-
e10
1ee2
--2
++1
e10
1.2.3
e10
-
--2
+
.
++1
.
1.2.3
.
abc
--2
000.e
1e
++1
1e-
1e-
-
-
000.e
e10
e10
000.e
000.e
.
-
+
000.e
abc
.
0e
abc
--2
.
1.2.3
-
1e+
1e
1.2.3
1ee2
1e+
1e-
.
1e
000.e
++1
1e
000.e
1e+
1.2.3
--2
+
1e-
++1
1.2.3
++1
e10
e10
1e-
0e
.
-
1e+
1e-
+
-
abc
--2
1e-
0e
.
1e+
++1
++1
1ee2
+
e10
1ee2
1.2.3
1e
abc
e10
+
.
000.e
1.2.3
0e
-
+
1e-
1e
-
0e
e10
1e-
1.2.3
0e
+
1e
++1
--2
1e+
+
+
++1
e10
1e+
abc
1e-
1.2.3
abc
+
1e
e10
1ee2
abc
1e+
+
e10
+
abc
0e
--2
1ee2
abc
1ee2
1e+
1e-
1e
-
-
0e
1.2.3
1e+
000.e
1e
++1
1e-
1e-
--2
1e-
1.2.3
--2
+
e10
-
1e-
1.2.3
1e-
e10
1e+
++1
++1
-
1e-
1e
abc
e10
-
1e-
1e
1e+
1.2.3
+
0e
+
--2
1ee2
1e
1e+
abc
1e+
1e+
abc
000.e
1e+
1e
-
e10
0e
abc
-
++1
1e
e10
e10
abc
--2
abc
+
.
++1
0e
1e
1e+
1ee2
++1
abc
e10
e10
--2
000.e
0e
.
1ee2
1ee2
.
1e-
0e
1e+
1e+
1e+
1e-
1.2.3
1.2.3
1e-
e10
--2
1e+
--2
e10
1e+
1e
1e-
1e-
--2
.
1.2.3
0e
abc
1e-
+
000.e
0e
1.2.3
++1
--2
.
e10
++1
.
++1
e10
.
e10
.
000.e
1e-
1e
--2
++1
++1
1e
1e+
1e-
1.2.3
-
000.e
1e
+
++1
1ee2
+
1e+
000.e
1e+
1e
--2
1ee2
.
000.e
.
++1
000.e
--2
.
--2
--2
1e+
1.2.3
1e-
1e-
1e-
abc
-
000.e
abc
.
000.e
abc
-
1e
1.2.3
1e+
1e
1e
++1
--2
+
1.2.3
0e
0e
e10
1ee2
+
--2
++1
1ee2
+
1ee2
1.2.3
e10
0e
+
abc
--2
1e
-
-
1e+
e10
--2
0e
+
1.2.3
1ee2
e10
000.e
.
1.2.3
000.e
--2
e10
0e
1e-
--2
--2
+
.
1e
1e+
abc
--2
--2
1e-
1e
000.e
e10
++1
0e
-
e10
++1
1e+
000.e
.
.
1e+
+
0e
1e
e10
.
++1
1e+
--2
++1
.
000.e
0e
e10
1e+
000.e
.
+
abc
abc
+
000.e
1e
e10
.
--2
1e-
--2
1ee2
e10
.
--2
1e-
e10
++1
++1
--2
1ee2
0e
e10
-
1e-
1e
000.e
1e+
++1
++1
-
1e
+
1ee2
e10
1.2.3
1e-
abc
1e-
abc
000.e
-
1.2.3
000.e
.
1e+
abc
1.2.3
1e
1e
1e-
1e+
000.e
abc
1e-
0e
++1
1ee2
++1
1e+
1.2.3
.
+
.
1e+
.
+
1e+
1ee2
-
.
abc
000.e
1.2.3
--2
.
-
0e
--2
e10
.
.
e10
0e
-
+
000.e
++1
1e
+
abc
1.2.3
000.e
--2
000.e
++1
--2
000.e
-
1ee2
+
1e+
1.2.3
000.e
e10
--2
+
1e-
1ee2
0e
--2
0e
--2
1.2.3
.
.
-
1.2.3
+
abc
1e
1e
1.2.3
1ee2
-
0e
.
e10
++1
--2
1e+
1e
1e+
1e-
1ee2
1e-
1e
1e+
1e+
.
+
1e
1e
--2
000.e
++1
++1
1ee2
0e
1.2.3
1e-
e10
000.e
abc
-
++1
1e+
e10
-
e10
1e-
000.e
1ee2
1e-
1ee2
0e
-
-
abc
1e
abc
0e
1e
abc
+
1e+
1ee2
1ee2
000.e
1ee2
.
1ee2
1.2.3
1e+
.
++1
1e
1.2.3
1ee2
1.2.3
1e+
.
-
1e
1e+
1.2.3
1.2.3
e10
1e+
++1
++1
0e
0e
1.2.3
abc
--2
+
.
0e
++1
+
+
1e
-
1.2.3
1e-
1e
++1
1e+
000.e
e10
.
1.2.3
e10
e10
0e
1e
1e+
000.e
0e
1ee2
e10
1.2.3
1.2.3
+
1e+
-
++1
1.2.3
abc
1e
1e
++1
abc
-
++1
1.2.3
1e
abc
--2
0e
0e
1e
1e-
e10
-
1e
abc
1.2.3
1e+
1e-
1e+
e10
-
1e+
abc
-
1.2.3
+
000.e
0e
000.e
1e+
1ee2
abc
--2
-
000.e
++1
1e-
e10
1.2.3
.
1.2.3
000.e
1e+
1e-
--2
1.2.3
.
++1
.
000.e
1e-
1.2.3
++1
-
-
-
000.e
1e+
+
--2
0e
-
1.2.3
000.e
0e
000.e
000.e
000.e
e10
-
000.e
abc
++1
--2
1ee2
--2
.
1e-
1.2.3
1e
e10
000.e
++1
1e+
1ee2
1.2.3
1e
.
0e
abc
++1
++1
.
0e
+
000.e
0e
++1
000.e
e10
0e
1e+
+
e10
-
0e
+
-
1ee2
abc
--2
.
e10
1e
1.2.3
1e+
+
++1
1e-
--2
e10
0e
1ee2
0e
1e+
1ee2
-
++1
.
1.2.3
++1
1.2.3
0e
1e+
0e
--2
++1
.
abc
0e
-
abc
0e
1e
+
-
abc
e10
1.2.3
++1
1e-
.
+
--2
++1
--2
0e
0e
0e
1e+
0e
1e+
1e-
e10
1ee2
1ee2
1ee2
1e+
e10
1ee2
--2
1e
1.2.3
e10
1ee2
abc
--2
0e
1ee2
1ee2
e10
--2
0e
1e
1ee2
0e
--2
++1
abc
.
0e
0e
1.2.3
000.e
1.2.3
1e+
1e-
++1
++1
1ee2
+
1e+
-
+
+
abc
1e+
1e+
-
-
abc
000.e
e10
++1
.
+
-
1e+
+
1.2.3
1e+
1e-
1ee2
000.e
1.2.3
e10
--2
--2
1.2.3
1e+
abc
-
abc
1.2.3
++1
+
++1
e10
000.e
.
e10
e10
+
++1
-
1e
.
--2
0e
--2
1e+
-
abc
.
1.2.3
++1
000.e
1e
++1
--2
0e
e10
1e+
abc
++1
abc
1.2.3
0e
+
000.e
1e-
000.e
e10
+
e10
1e+
+
--2
1e-
1e-
e10
.
0e
--2
-
e10
e10
000.e
1.2.3
e10
-
1.2.3
1e+
1e
0e
abc
.
000.e
1ee2
0e
.
1ee2
1e
1ee2
1e+
000.e
1ee2
1ee2
--2
e10
+
+
++1
1e-
e10
.
1e
1.2.3
1.2.3
1.2.3
-
abc
--2
.
e10
++1
000.e
1e-
0e
abc
0e
--2
000.e
+
1e-
e10
+
e10
e10
1e+
++1
++1
0e
++1
--2
abc
-
--2
1ee2
-
1e-
++1
1ee2
1ee2
1.2.3
0e
0e
1e+
e10
+
.
-
.
1e+
000.e
abc
1.2.3
.
--2
000.e
--2
+
-
--2
--2
1e
0e
1.2.3
e10
--2
-
++1
1e-
abc
e10
1e
1ee2
.
e10
1e
0e
0e
1ee2
000.e
+
-
e10
1.2.3
1.2.3
1ee2
1e
1e
e10
1ee2
1e-
abc
1e
++1
1e-
.
--2
1e+
000.e
++1
1e+
abc
++1
1e+
1e-
1ee2
1e
1e+
1.2.3
.
1e+
1e-
000.e
000.e
--2
000.e
0e
++1
.
e10
+
1ee2
--2
-
-
1ee2
abc
1.2.3
1ee2
000.e
abc
1ee2
e10
e10
1.2.3
1.2.3
.
1.2.3
--2
1.2.3
1e
1.2.3
1e+
--2
1e-
1e
.
000.e
e10
++1
0e
.
000.e
000.e
.
+
1.2.3
0e
1e-
000.e
1ee2
++1
+
1e+
000.e
+
e10
--2
.
++1
0e
.
.
1e
000.e
0e
1.2.3
000.e
1ee2
1ee2
-
1ee2
.
.
1e+
1ee2
000.e
abc
+
+
+
1e-
1e
1e
abc
000.e
.
abc
e10
1e
1.2.3
-
1ee2
e10
--2
000.e
1.2.3
1e-
1e
-
1ee2
++1
--2
abc
1e-
1ee2
--2
1ee2
1e+
1e-
++1
++1
++1
1.2.3
.
1e-
1e
1e+
--2
--2
.
1e+
abc
-
1e+
000.e
1e
abc
+
000.e
1ee2
1e-
1e
000.e
++1
1e
1e+
0e
abc
++1
.
1e
e10
1ee2
1e
abc
-
.
++1
1e+
1e+
--2
000.e
000.e
0e
1e-
1e
.
++1
.
0e
000.e
--2
1e
+
+
1e+
-
1e
-
1ee2
1.2.3
1e-
1ee2
0e
--2
abc
000.e
1ee2
+
++1
-
1e-
-
1e
e10
000.e
000.e
1ee2
1e+
++1
1e-
1.2.3
0e
1ee2
e10
.
0e
1e
abc
0e
1ee2
.
1e
--2
1.2.3
-
1.2.3
e10
e10
0e
++1
-
000.e
++1
.
abc
0e
-
000.e
1ee2
1ee2
1.2.3
1e
e10
1e
000.e
--2
1.2.3
--2
1ee2
.
1e
abc
000.e
.
abc
abc
++1
abc
1.2.3
e10
abc
1.2.3
1ee2
000.e
000.e
1e
1ee2
e10
1ee2
1e
0e
--2
0e
0e
1ee2
+
++1
1ee2
0e
.
+
+
e10
1e-
1ee2
1e-
+
+
--2
.
1e+
++1
-
1ee2
-
abc
-
1e
0e
.
1e+
1ee2
.
++1
0e
1.2.3
1e-
1ee2
++1
e10
1ee2
1ee2
.
abc
000.e
000.e
1ee2
000.e
abc
0e
+
1e+
1e+
1e+
e10
1e
1e-
.
1ee2
--2
1e+
+
1.2.3
abc
1ee2
000.e
1ee2
e10
--2
abc
-
--2
-
1e-
0e
-
+
.
1e+
-
1e
-
1e
--2
+
++1
--2
1.2.3
e10
--2
--2
1e+
000.e
1ee2
1e+
-
1e-
++1
.
+
abc
-
-
--2
-
1e+
++1
1e
1e+
1e-
--2
e10
.
+
+
0e
--2
1e
.
1e-
1e+
1.2.3
0e
e10
abc
1ee2
+
e10
1e
000.e
.
.
-
1e+
000.e
+
1ee2
000.e
1.2.3
1e-
++1
1ee2
--2
++1
1e
-
1.2.3
e10
++1
1.2.3
1e
000.e
.
--2
-
++1
1e-
1ee2
1e+
1e
1e
1e+
1e+
1.2.3
1e-
1e
-
0e
--2
--2
.
.
1e-
0e
1.2.3
1e+
1e
++1
--2
.
e10
000.e
e10
.
1e
1.2.3
1e
abc
++1
++1
1ee2
1ee2
++1
1e
0e
1ee2
1e
1ee2
.
1e
1ee2
e10
1e-
1e-
1e
0e
.
1e+
1ee2
.
1e-
1e-
abc
0e
-
1e
e10
1e
1e
++1
1e
+
--2
1ee2
-
1e+
--2
++1
e10
-
--2
+
+
0e
1e
1.2.3
1e+
1e
+
0e
e10
1ee2
1.2.3
e10
--2
000.e
+
1.2.3
0e
1e
-
1e
e10
1e-
abc
1.2.3
e10
+
1ee2
--2
1.2.3
1ee2
-
1ee2
1e+
e10
1e
000.e
.
1e
1e-
0e
1.2.3
abc
1e+
-
000.e
+
abc
1e-
.
abc
++1
1e-
.
--2
abc
1.2.3
abc
000.e
0e
1ee2
1.2.3
abc
abc
+
0e
+
1e
1e+
1ee2
1e
0e
abc
+
0e
--2
1e
1e+
++1
+
1e+
1e
1e-
+
1ee2
.
--2
++1
abc
1e+
000.e
1e+
--2
1e-
--2
1.2.3
0e
-
abc
abc
1e-
e10
++1
.
abc
1e+
1e-
++1
abc
e10
e10
1ee2
000.e
1e
1ee2
-
e10
e10
abc
1e+
+
1e
++1
0e
e10
e10
.
1.2.3
1e
-
0e
1.2.3
e10
-
0e
abc
-
abc
-
1e-
e10
1.2.3
abc
++1
abc
+
1ee2
-
abc
e10
1e+
-
000.e
1ee2
abc
abc
1e-
1.2.3
e10
abc
abc
+
000.e
1e-
+
--2
e10
1.2.3
1e+
1ee2
000.e
--2
0e
e10
1e
++1
0e
++1
000.e
--2
1.2.3
1e
1ee2
1ee2
1e-
0e
--2
1e-
1e+
1.2.3
.
-
++1
0e
--2
e10
000.e
e10
abc
.
1e
1e
000.e
abc
1.2.3
1.2.3
.
.
.
1e+
++1
1.2.3
+
-
1ee2
1e
+
+
1e
+
000.e
++1
abc
1.2.3
1ee2
0e
abc
1e
1.2.3
+
000.e
-
1.2.3
-
1.2.3
-
1e
1.2.3
000.e
1e
0e
1e-
-
1e
abc
++1
--2
000.e
1.2.3
000.e
1e+
-
-
.
1e+
.
-
1e-
-
1e+
1.2.3
.
000.e
abc
1e+
++1
1e
0e
.
.
1e+
000.e
-
1e+
1ee2
1e
0e
1e+
+
++1
1.2.3
-
e10
e10
++1
1.2.3
-
-
1ee2
+
1.2.3
1e-
abc
000.e
000.e
0e
.
1e-
++1
--2
-
000.e
--2
.
1e-
1e-
+
e10
.
1e-
+
++1
1ee2
1e
1e
.
000.e
1e
e10
e10
1e+
+
--2
.
1ee2
+
.
+
1e
1.2.3
1ee2
++1
--2
1e-
000.e
0e
1e+
0e
-
+
1e-
1e-
--2
.
1e
1e
+
+
e10
1ee2
1.2.3
1e+
000.e
1e+
--2
-
-
e10
e10
1ee2
--2
.
1e
e10
1e-
1e
.
.
1.2.3
+
1e+
+
e10
1e-
1ee2
1.2.3
++1
-
1.2.3
abc
.
1e-
1.2.3
1e-
.
-
abc
.
--2
-
.
1e+
.
e10
1ee2
abc
-
--2
1e
000.e
-
++1
-
abc
1e
0e
0e
++1
1e
1.2.3
1.2.3
1ee2
1ee2
0e
000.e
1e-
+
-
+
1ee2
1e+
+
--2
+
abc
1e+
1e-
abc
1e-
1e+
+
abc
abc
-
000.e
-
abc
--2
1.2.3
1e
000.e
-
abc
--2
+
1ee2
1e
--2
000.e
++1
1e
1e
abc
++1
000.e
++1
1e+
--2
e10
1ee2
-
1.2.3
.
abc
-
0e
1e
1.2.3
++1
++1
++1
abc
.
.
e10
--2
++1
e10
1ee2
-
abc
0e
-
abc
1e-
--2
--2
000.e
e10
++1
1.2.3
.
0e
++1
++1
0e
1e-
+
1e-
++1
++1
1e
abc
1.2.3
++1
1e-
-
e10
1e
1.2.3
1.2.3
000.e
1ee2
1e
-
1e-
e10
.
0e
-
e10
1e+
.
1e+
1e+
+
1e+
000.e
1e
1e-
1e
--2
1.2.3
1e+
-
-
-
1e-
-
1e
abc
+
1e
1ee2
.
1.2.3
1e
1ee2
1e-
0e
++1
.
0e
1e
-
000.e
000.e
e10
1e-
abc
++1
e10
.
+
1.2.3
--2
000.e
000.e
-
0e
abc
1ee2
abc
-
000.e
1ee2
e10
+
0e
1e
e10
--2
-
e10
1e+
1e+
-
.
--2
abc
1.2.3
--2
0e
000.e
1e+
++1
1e
e10
--2
1e-
.
1e
1.2.3
1e
.
.
1ee2
e10
--2
1e
+
-
e10
1e-
1.2.3
1e
--2
+
1e+
abc
1.2.3
1e+
1e-
000.e
abc
-
1e+
000.e
+
0e
++1
abc
-
1.2.3
+
1.2.3
-
1e+
++1
1e+
+
1ee2
e10
-
1.2.3
++1
1.2.3
1ee2
1e+
1.2.3
e10
--2
1e+
1.2.3
000.e
e10
1ee2
0e
1e-
e10
1e+
-
e10
1e+
abc
1e
1.2.3
.
1e
1e-
++1
++1
1e+
+
0e
.
1e+
abc
000.e
+
abc
1.2.3
abc
--2
1e-
1ee2
1e-
1.2.3
e10
+
-
.
1e+
abc
1ee2
0e
000.e
1e-
-
1e
000.e
e10
1.2.3
1e+
abc
-
1e+
000.e
e10
e10
0e
1ee2
1ee2
0e
1e+
--2
e10
-
000.e
++1
--2
--2
1.2.3
0e
e10
++1
1e
.
1e+
1e-
1.2.3
-
+
+
1ee2
1e+
--2
abc
1.2.3
+
abc
--2
1ee2
000.e
--2
0e
.
++1
.
+
1e+
1e+
.
1e-
1e-
-
1e+
1e-
++1
++1
0e
1e+
.
++1
000.e
++1
++1
abc
000.e
1.2.3
000.e
+
1.2.3
.
+
e10
1.2.3
--2
-
1.2.3
e10
abc
1ee2
.
+
1e
1e
.
-
1e-
-
e10
-
0e
0e
--2
--2
e10
1e-
--2
++1
1ee2
0e
1ee2
1ee2
--2
1.2.3
abc
0e
.
1e+
-
-
1e
.
abc
+
--2
1.2.3
1e+
.
++1
e10
1ee2
0e
++1
1e
--2
++1
.
-
1e-
e10
++1
1e+
1e+
--2
1e-
++1
0e
1ee2
+
1ee2
e10
1e-
abc
1e
-
1.2.3
+
000.e
1.2.3
000.e
1e-
000.e
e10
1e
1ee2
abc
1e
++1
-
-
000.e
1e
abc
abc
--2
.
+
1e
-
1e
1e+
1e
abc
+
+
0e
0e
1ee2
.
e10
++1
.
0e
abc
++1
abc
1e
1ee2
1ee2
abc
1e
0e
-
1e-
0e
0e
--2
+
000.e
e10
-
1e
1e+
++1
1e-
1e+
1.2.3
abc
abc
.
000.e
1e-
1e+
+
-
++1
1ee2
e10
1e+
.
abc
1.2.3
--2
000.e
.
1e
.
1e
1e
1.2.3
++1
1.2.3
abc
1e+
1e+
.
++1
e10
1e+
1e-
1e+
--2
++1
1ee2
+
++1
000.e
+
1e-
1e+
+
1.2.3
abc
1e
1ee2
1e-
.
++1
e10
0e
--2
1e
1ee2
++1
000.e
+
0e
1e+
e10
1e+
-
1e-
abc
1e+
1e-
--2
+
.
1.2.3
--2
1e-
1ee2
000.e
-
0e
e10
000.e
-
e10
++1
1e+
+
1e
+
++1
+
++1
0e
000.e
1.2.3
++1
0e
--2
1e+
--2
e10
-
1e
+
++1
.
1e-
000.e
abc
abc
1ee2
abc
.
e10
1e+
000.e
.
e10
++1
1.2.3
1ee2
1e+
0e
.
1.2.3
1e+
1e+
e10
--2
-
1.2.3
1e
--2
000.e
abc
+
-
+
1e+
1e-
.
1e
++1
++1
1.2.3
0e
0e
e10
1.2.3
1e
.
abc
--2
1.2.3
000.e
e10
000.e
1e-
-
1e
++1
+
++1
1ee2
++1
--2
1e+
1e
-
-
000.e
1e-
1ee2
abc
1e
1e
abc
1ee2
e10
0e
++1
1ee2
-
1e-
--2
.
1e
-
e10
+
--2
abc
-
+
1e
.
++1
1e
++1
+
abc
.
+
e10
-
0e
000.e
.
1.2.3
1.2.3
1e+
-
1e-
++1
++1
e10
0e
1ee2
1e
1ee2
1e+
1ee2
++1
0e
1.2.3
1e-
--2
+
abc
-
1ee2
1e
e10
.
-
1ee2
1e-
1ee2
++1
abc
1e+
-
1e
1e
++1
.
abc
000.e
1e
1ee2
.
1e+
1e+
abc
1e+
1e
e10
.
1e
+
1.2.3
000.e
1e
e10
.
1e-
1ee2
0e
1e
e10
1e+
0e
.
abc
1e-
1e
1.2.3
1.2.3
1e-
+
+
+
0e
000.e
abc
--2
1.2.3
.
1ee2
000.e
+
1e
1ee2
--2
+
.
abc
0e
1e
abc
1e-
1e
abc
++1
e10
abc
0e
1.2.3
--2
abc
000.e
1e-
1.2.3
1ee2
--2
0e
000.e
e10
1e-
++1
1ee2
1e
1ee2
--2
000.e
1.2.3
.
1e
1ee2
.
e10
++1
1e-
--2
--2
-
+
1.2.3
0e
+
1.2.3
000.e
abc
.
1e-
.
abc
-
abc
abc
++1
1.2.3
abc
1e-
0e
1e-
e10
000.e
1e
abc
--2
1e-
abc
.
--2
++1
000.e
1ee2
--2
1.2.3
000.e
+
000.e
1e
abc
1e-
1e+
0e
1e-
abc
++1
e10
1e
abc
e10
0e
++1
000.e
+
0e
0e
1e
-
1e
0e
1e+
++1
++1
+
1.2.3
000.e
--2
--2
000.e
0e
-
1e-
++1
-
1.2.3
+
1e+
000.e
-
.
.
-
++1
1e-
1e
1.2.3
abc
0e
1e-
+
000.e
+
.
1e+
--2
0e
.
000.e
e10
--2
1e+
1.2.3
1e
000.e
e10
--2
--2
++1
abc
000.e
--2
abc
000.e
1.2.3
1.2.3
++1
--2
1e+
1e
0e
000.e
1ee2
1e+
abc
1e
1.2.3
--2
1.2.3
--2
.
--2
1e+
+
000.e
++1
.
1.2.3
-
1ee2
--2
1.2.3
000.e
+
abc
1e
+
1e-
000.e
-
000.e
e10
.
-
1e-
.
000.e
000.e
abc
0e
.
1.2.3
-
1ee2
1.2.3
000.e
000.e
e10
1.2.3
0e
1e
+
1e+
--2
000.e
1e+
.
1e+
e10
1ee2
-
1e-
1e-
1e+
1.2.3
e10
1ee2
1.2.3
--2
abc
1e
e10
e10
abc
e10
++1
1.2.3
abc
1.2.3
++1
+
1e
+
1.2.3
1e
0e
++1
+
1.2.3
1e+
--2
1.2.3
000.e
1e-
--2
0e
1e-
1e+
0e
000.e
-
.
1e+
1e
abc
.
abc
1e-
abc
++1
000.e
e10
++1
e10
abc
0e
1.2.3
.
000.e
1.2.3
.
1e+
0e
abc
--2
1e
+
1e-
1e
1e-
e10
abc
.
++1
--2
1e+
-
abc
1e
1e+
1e+
1e
-
1e
0e
0e
0e
0e
1e+
1e+
--2
e10
-
1e-
.
1.2.3
++1
e10
1ee2
1ee2
0e
0e
000.e
1.2.3
e10
-
1e
.
++1
+
--2
.
1e-
+
000.e
000.e
1e-
e10
1e
+
1.2.3
1e
e10
1e+
++1
1e-
-
0e
1.2.3
abc
e10
1e-
1.2.3
1e+
0e
0e
1e
1ee2
1e+
--2
0e
0e
000.e
+
0e
1e
.
e10
1e+
-
1e+
1ee2
000.e
++1
1e+
-
1e+
1e
1e
1ee2
+
000.e
000.e
+
e10
abc
abc
1e+
1ee2
0e
+
+
--2
abc
e10
1e-
abc
1ee2
1e+
++1
000.e
0e
000.e
-
1e-
+
e10
1ee2
1e
0e
abc
.
0e
-
e10
000.e
-
0e
1e
1.2.3
1e
1e
abc
.
0e
1e+
000.e
1e+
abc
+
1e
.
1.2.3
1e-
1e-
--2
1e+
1.2.3
-
000.e
++1
1ee2
1e-
+
1ee2
1e+
1e-
++1
1e
1ee2
1e-
1e+
0e
1e+
++1
++1
1e-
1ee2
000.e
0e
++1
0e
1e
0e
1e+
1.2.3
1e-
--2
e10
++1
e10
1.2.3
1e+
.
+
--2
1.2.3
-
.
++1
+
abc
1.2.3
e10
000.e
1.2.3
++1
++1
-
000.e
1e+
1ee2
1e
++1
1e+
1e+
.
0e
0e
+
e10
-
++1
e10
1.2.3
000.e
1e
1e+
0e
0e
abc
-
e10
1e+
abc
1ee2
1e+
1e-
1.2.3
.
1e-
1.2.3
1e+
abc
e10
e10
1.2.3
--2
0e
.
1e
.
1e+
-
++1
abc
000.e
0e
1e
e10
1e+
1e+
1.2.3
e10
e10
+
0e
e10
e10
1e-
1.2.3
.
1e+
1e-
++1
1e-
000.e
1e+
e10
--2
.
abc
1e
-
+
.
1e+
1e+
1e
1.2.3
000.e
.
e10
.
abc
1e
1.2.3
+
++1
--2
1ee2
1e
1.2.3
1e-
abc
.
.
1.2.3
--2
1e+
e10
1e-
++1
1.2.3
.
000.e
e10
.
abc
1e+
000.e
.
abc
000.e
.
1e-
--2
0e
-
1.2.3
--2
-
abc
++1
-
1ee2
e10
abc
1e-
000.e
1e-
1ee2
-
1e
1ee2
--2
-
1e+
-
+
1e+
1e-
--2
--2
000.e
.
1.2.3
++1
-
-
0e
-
+
1e+
e10
000.e
1e-
1ee2
.
1e-
1.2.3
-
abc
--2
1e+
1e
1e+
1e
1e-
+
1e+
000.e
--2
+
000.e
0e
000.e
--2
000.e
-
+
1e-
1e-
1e+
e10
000.e
+
--2
+
1e+
1e-
abc
1e-
000.e
000.e
0e
1e+
+
1e-
abc
abc
1e
+
1e-
e10
000.e
abc
+
000.e
1.2.3
+
0e
.
e10
0e
++1
.
0e
000.e
-
+
.
1e-
1ee2
1e
1e+
e10
--2
--2
1e-
++1
e10
1e-
1e
-
1ee2
000.e
abc
.
0e
--2
1e
--2
--2
e10
1e+
0e
1e+
1e+
1ee2
.
abc
.
-
++1
.
abc
e10
.
0e
--2
1ee2
0e
--2
.
000.e
1.2.3
++1
abc
.
1e+
1e+
.
0e
1.2.3
abc
1e
1e
--2
1e-
1e-
1e+
1e+
1.2.3
e10
++1
1ee2
1e-
1e-
1ee2
--2
.
++1
0e
1.2.3
-
.
++1
-
000.e
000.e
--2
e10
1e+
abc
1ee2
1e-
--2
1e
.
0e
++1
.
1e+
1e
++1
1e
-
--2
1e-
-
--2
1e
.
1.2.3
-
++1
--2
0e
1ee2
1ee2
1e-
0e
0e
+
1e-
0e
--2
1e+
0e
1e
1e+
000.e
1e+
1.2.3
--2
1e
abc
1e+
1e+
000.e
--2
1ee2
1.2.3
--2
e10
.
1ee2
1e-
1.2.3
0e
1e
-
1ee2
-
e10
++1
+
--2
000.e
1ee2
1e-
++1
1ee2
++1
1ee2
0e
0e
e10
abc
--2
.
++1
1e
--2
+
1e+
1.2.3
1e-
1ee2
0e
abc
1ee2
1e
abc
000.e
++1
--2
1e+
1.2.3
++1
+
.
1ee2
-
0e
1ee2
1.2.3
e10
0e
1e+
--2
1e-
.
+
-
000.e
e10
.
1.2.3
1e
e10
1ee2
+
.
1e
1e+
abc
-
1e+
1e-
0e
.
+
1e
0e
1.2.3
1e+
--2
0e
e10
++1
abc
1e-
+
1.2.3
++1
abc
1e+
1e
0e
++1
abc
e10
1.2.3
1e-
+
e10
1e
-
.
1e
.
--2
1e
1e
1e+
0e
e10
+
1e-
e10
++1
abc
1ee2
e10
1e
1e+
e10
.
-
1e
++1
abc
0e
++1
.
1ee2
-
-
-
.
000.e
-
e10
1e-
+
1e
1e-
1.2.3
0e
--2
abc
000.e
1ee2
1e
1e+
+
-
e10
-
e10
1.2.3
e10
++1
e10
--2
+
abc
1e+
.
0e
000.e
1e-
1e+
1e
1.2.3
abc
0e
1e+
-
1e+
1ee2
000.e
abc
.
.
1ee2
-
abc
000.e
1e
1.2.3
1.2.3
--2
++1
+
1e
1.2.3
abc
1e-
--2
000.e
--2
1ee2
000.e
000.e
++1
0e
abc
abc
1ee2
1ee2
1ee2
1e
--2
1.2.3
1.2.3
abc
1e+
+
--2
0e
-
abc
000.e
0e
0e
0e
1e
1e+
.
000.e
-
1ee2
1e-
e10
+
++1
1e
1e
1e-
0e
1e
0e
+
1ee2
1ee2
1e
abc
1e-
e10
1ee2
--2
1ee2
-
1e+
000.e
1e+
++1
1ee2
1.2.3
1.2.3
abc
000.e
.
++1
1.2.3
1e
1.2.3
1e
0e
000.e
000.e
1e
1ee2
e10
.
1e
1.2.3
1e-
1.2.3
1e+
++1
1e
++1
1ee2
1e+
--2
e10
1e
1e
000.e
1ee2
1ee2
++1
000.e
000.e
e10
1e+
--2
1e+
.
000.e
1e
1ee2
1e-
+
abc
1e
+
1e+
e10
++1
000.e
1e+
abc
1.2.3
abc
abc
1e+
000.e
--2
.
1e+
-
-
e10
--2
1e
+
000.e
000.e
e10
1e-
1ee2
--2
1e
1ee2
.
1.2.3
+
1.2.3
1e+
--2
--2
.
1ee2
++1
0e
000.e
1.2.3
1ee2
--2
abc
--2
1.2.3
000.e
abc
1e+
e10
-
abc
--2
.
1ee2
++1
0e
0e
1e
1ee2
++1
1e+
+
.
--2
1.2.3
e10
1.2.3
0e
1e
1e
0e
1e-
-
1ee2
.
--2
1ee2
+
abc
--2
++1
-
1.2.3
++1
000.e
e10
abc
e10
-
++1
1ee2
+
abc
000.e
e10
--2
+
0e
1.2.3
1e-
1.2.3
++1
1e-
+
0e
1e-
1.2.3
-
1.2.3
0e
1e
++1
e10
.
1e-
e10
1ee2
1e+
1.2.3
abc
1.2.3
1e
1e-
1e
-
.
1.2.3
1ee2
1e
+
1ee2
abc
1e
1e
-
+
abc
++1
++1
e10
+
1e+
--2
++1
-
+
--2
0e
.
e10
1e
000.e
1e-
++1
--2
++1
1ee2
-
--2
1e+
++1
e10
abc
1e
1.2.3
1e
1e-
-
.
.
000.e
0e
++1
-
1.2.3
0e
-
.
0e
000.e
1e-
1ee2
1e+
-
abc
e10
000.e
1.2.3
e10
e10
1e
1ee2
1e
1e
1.2.3
1e
-
-
1e-
1e+
1ee2
0e
e10
-
1e+
0e
++1
0e
1ee2
0e
000.e
0e
000.e
1e-
abc
--2
++1
-
--2
1e+
+
.
abc
abc
++1
000.e
.
++1
abc
1e
1e-
e10
1.2.3
.
1ee2
--2
e10
++1
--2
.
.
abc
1.2.3
1.2.3
0e
--2
1e+
1e+
+
++1
1ee2
abc
0e
--2
000.e
+
1e+
.
1e
0e
--2
000.e
1e-
.
-
+
1e
000.e
-
-
1e-
--2
1ee2
1.2.3
abc
1e+
+
000.e
--2
000.e
+
000.e
.
1e
abc
1ee2
1e+
1e-
-
++1
.
--2
abc
-
e10
.
-
0e
+
abc
0e
1e
e10
e10
000.e
0e
1e+
000.e
--2
--2
1e
--2
abc
0e
1.2.3
.
1e+
++1
1e+
e10
1e
-
e10
.
1e+
1e-
e10
.
1ee2
000.e
+
e10
1e-
e10
+
abc
1e
--2
1.2.3
++1
1ee2
1ee2
1.2.3
--2
e10
1e
--2
e10
abc
1e+
1e+
++1
1.2.3
++1
1.2.3
abc
0e
0e
1e
--2
abc
+
abc
.
1e-
++1
1.2.3
0e
1e+
1ee2
++1
1e
++1
1.2.3
e10
abc
--2
e10
e10
++1
1e
+
+
000.e
1ee2
1e
-
e10
000.e
0e
000.e
0e
1e
1.2.3
+
1e
-
1e-
1e+
0e
abc
1e
.
1ee2
1e
--2
0e
1e-
1e
0e
e10
1e-
e10
000.e
000.e
1e
1e+
1e+
1e
0e
--2
.
0e
--2
+
--2
1e+
0e
000.e
e10
1e-
1e+
e10
abc
e10
1.2.3
--2
abc
-
1.2.3
1e
+
++1
1e+
1.2.3
abc
000.e
+
1e+
-
e10
1.2.3
.
-
+
-
1ee2
000.e
1.2.3
1.2.3
-
--2
1.2.3
++1
--2
1ee2
1.2.3
1ee2
.
e10
--2
1ee2
1e-
++1
e10
1e
.
--2
e10
1e
000.e
+
.
.
-
+
abc
1ee2
000.e
e10
.
000.e
abc
1.2.3
1e-
.
000.e
1.2.3
-
1.2.3
1e+
+
1.2.3
1.2.3
1.2.3
1e
1e
e10
1e-
000.e
1.2.3
1e-
e10
abc
+
1e-
+
0e
.
-
.
1e-
1e+
e10
1e-
.
000.e
e10
1e
++1
1e-
++1
1ee2
000.e
1e+
e10
1.2.3
+
e10
e10
-
0e
1e+
0e
.
1ee2
++1
-
1e-
1e-
e10
-
++1
0e
1e-
000.e
1e+
1e-
abc
abc
1e-
1ee2
1e
e10
1ee2
abc
1e
abc
1.2.3
1e-
+
000.e
.
+
--2
++1
abc
1e+
1e
e10
1ee2
1e
1.2.3
1e+
000.e
1e
e10
1e+
1e+
--2
1e+
--2
1e-
abc
1ee2
-
1.2.3
000.e
0e
1e+
++1
1ee2
abc
000.e
000.e
+
-
0e
abc
+
.
0e
abc
.
0e
1e-
-
0e
000.e
1e-
--2
0e
0e
abc
+
--2
.
--2
++1
000.e
1ee2
1e-
1e+
e10
--2
++1
1e-
-
abc
000.e
-
.
abc
-
000.e
000.e
1ee2
e10
+
1e+
1e
0e
+
1ee2
1e
-
1ee2
1ee2
++1
--2
-
1e
.
1e-
1e
000.e
.
++1
--2
1ee2
1e-
++1
0e
000.e
1e
000.e
0e
.
++1
.
-
1ee2
1ee2
.
0e
-
--2
1e-
.
--2
e10
.
e10
+
1.2.3
.
000.e
e10
1e+
000.e
1ee2
.
.
1e
0e
+
+
--2
1e
000.e
e10
1ee2
1e-
e10
1e+
1e+
e10
1ee2
1ee2
1e
--2
1e
--2
1.2.3
1e
abc
1e-
-
abc
1e
1e+
.
e10
1e
1e-
-
--2
1ee2
1e
abc
abc
0e
.
1e-
1e+
--2
+
-
e10
-
1.2.3
-
abc
0e
1ee2
-
++1
.
000.e
abc
e10
1e-
1e-
1e
1e-
--2
+
--2
1.2.3
1.2.3
1e-
+
-
abc
1.2.3
++1
0e
1ee2
+
--2
1e-
1e-
e10
1e+
0e
1e-
+
1e+
+
++1
1e-
1ee2
--2
+
abc
-
.
1e+
1.2.3
1e+
+
000.e
1e-
abc
+
1ee2
1e
1e
-
.
1e+
1ee2
e10
000.e
0e
abc
abc
1e-
1ee2
1e
1e+
-
.
1e
--2
-
1ee2
1.2.3
.
--2
-
abc
--2
1e
+
1e+
e10
.
1e
1ee2
abc
000.e
-
1e-
--2
-
.
++1
.
1e+
+
1e
000.e
000.e
1e
e10
.
abc
1.2.3
1e
+
++1
1e+
1ee2
--2
abc
1e-
1e
000.e
1e+
1ee2
e10
--2
abc
--2
-
1e-
1ee2
-
++1
e10
1e
1e+
abc
--2
.
1e
--2
abc
.
1e
1ee2
1ee2
abc
1e-
1e
-
++1
.
1e+
-
1e-
1e-
1ee2
-
+
1e-
.
1e-
0e
++1
-
--2
0e
.
+
1e
--2
1ee2
1.2.3
1ee2
0e
e10
.
0e
+
+
1.2.3
0e
1e+
abc
000.e
000.e
-
+
000.e
++1
--2
--2
abc
1e
0e
.
1e
0e
+
-
0e
+
-
.
+
0e
000.e
000.e
1.2.3
1e
1.2.3
+
-
--2
+
e10
1e-
+
--2
e10
000.e
-
abc
1e
--2
+
e10
e10
1e-
+
e10
--2
1ee2
1e+
0e
.
0e
0e
1.2.3
-
-
+
.
1ee2
0e
--2
-
1.2.3
0e
abc
abc
e10
1.2.3
--2
++1
000.e
0e
.
+
1ee2
-
e10
1e+
++1
1e+
1e
1e-
abc
1.2.3
--2
.
++1
1e-
1e
e10
000.e
e10
1.2.3
e10
1.2.3
abc
abc
abc
e10
e10
0e
++1
000.e
1e-
-
000.e
1.2.3
++1
1.2.3
+
0e
0e
.
e10
1e
1.2.3
.
1e
-
++1
.
1e
++1
1e
1e+
0e
.
1e+
+
1.2.3
++1
-
0e
1.2.3
1ee2
.
.
0e
-
+
0e
1e
1e
--2
1ee2
1ee2
abc
0e
1e-
1.2.3
1e+
-
-
.
--2
1e-
1ee2
1e-
1ee2
1e+
+
e10
1e+
e10
++1
-
1e
1e+
+
-
0e
-
abc
0e
-
+
1ee2
abc
1.2.3
1.2.3
++1
0e
++1
++1
.
e10
1e
++1
--2
+
.
1e
1.2.3
++1
.
-
--2
e10
1e+
1e+
1e+
abc
abc
1e-
1e+
abc
000.e
1ee2
1e-
1e
1e
1.2.3
1e+
-
1.2.3
0e
1.2.3
abc
0e
+
abc
-
1.2.3
-
000.e
--2
--2
+
--2
000.e
+
1e
1e+
000.e
0e
e10
1e
.
1e
abc
--2
abc
000.e
.
--2
1e+
1ee2
0e
e10
1e
1ee2
1e
1ee2
1ee2
+
abc
000.e
1e+
000.e
abc
1e
--2
-
-
-
1ee2
--2
1.2.3
abc
+
--2
--2
--2
1ee2
abc
1e
1e
++1
000.e
+
1.2.3
++1
-
1e+
+
+
--2
1e-
--2
++1
--2
000.e
-
0e
1e-
1e-
000.e
-
1.2.3
0e
000.e
+
--2
+
++1
-
--2
1e+
+
abc
+
abc
000.e
e10
+
1e+
1e
1.2.3
abc
0e
1e
1e+
1e+
1e-
e10
0e
1e+
++1
--2
abc
.
1e+
-
abc
-
e10
e10
1e-
e10
+
abc
-
000.e
abc
+
.
1.2.3
1e+
1ee2
.
+
0e
-
1ee2
1ee2
1e-
000.e
++1
+
1e+
1ee2
e10
1e+
1.2.3
000.e
--2
abc
-
1e-
+
0e
1.2.3
+
1ee2
abc
-
1.2.3
abc
000.e
e10
e10
.
++1
1e
1e-
1.2.3
--2
--2
-
1ee2
-
1.2.3
.
e10
++1
1e-
e10
1ee2
e10
+
1e
1e-
.
1.2.3
e10
000.e
1.2.3
1e-
+
--2
1ee2
e10
-
1e
.
+
++1
.
--2
1e
.
+
.
1e+
-
+
000.e
1ee2
--2
+
1ee2
1ee2
1e
abc
1e+
+
--2
--2
1e
++1
+
.
1ee2
1ee2
-
1ee2
e10
e10
.
1.2.3
0e
1ee2
-
e10
e10
1e+
-
-
+
1e-
000.e
1ee2
1.2.3
+
.
e10
--2
abc
e10
.
abc
1e
-
.
1e+
-
0e
--2
1e-
1e+
1e
-
1ee2
000.e
abc
e10
abc
1e-
e10
--2
1e-
1.2.3
-
000.e
.
1e+
--2
1e+
-
000.e
1e
--2
1e-
.
000.e
--2
.
1.2.3
--2
1.2.3
1e-
1e-
1.2.3
--2
+
1e+
abc
1e-
0e
--2
1e-
-
1e
.
1ee2
1e+
++1
1ee2
1ee2
1ee2
abc
.
1e-
000.e
+
e10
000.e
e10
000.e
0e
000.e
-
1.2.3
.
1ee2
-
000.e
++1
+
1ee2
++1
1e-
--2
1.2.3
.
+
1ee2
1ee2
1e
1e-
1ee2
1e+
1e
000.e
1e
000.e
--2
--2
1.2.3
--2
1e+
-
e10
1e
1.2.3
--2
1.2.3
1ee2
e10
++1
-
1.2.3
.
e10
1e+
.
0e
+
abc
e10
.
1e+
--2
-
000.e
1.2.3
1e-
1e+
++1
1e
1ee2
1ee2
000.e
+
000.e
1e+
1ee2
000.e
1ee2
.
000.e
0e
abc
1e+
1e
1e+
abc
1ee2
++1
1e+
-
--2
--2
+
0e
-
+
.
abc
+
++1
1e-
e10
-
+
1e
-
1.2.3
0e
.
000.e
1ee2
000.e
.
++1
++1
++1
e10
1ee2
1ee2
.
0e
1e+
e10
1.2.3
0e
1ee2
000.e
+
--2
+
1e-
1e
.
1e+
000.e
e10
1e+
-
abc
1e
1.2.3
000.e
1.2.3
-
1e
000.e
1ee2
1.2.3
.
abc
1e-
.
--2
++1
--2
1ee2
-
abc
e10
--2
+
1.2.3
e10
1e
--2
++1
1e-
-
0e
1ee2
1e-
++1
1.2.3
.
++1
1e+
.
++1
1.2.3
--2
000.e
1.2.3
1e
1.2.3
.
1.2.3
.
1ee2
1e+
-
abc
1ee2
abc
-
0e
000.e
1e+
abc
++1
1e+
e10
-
+
-
e10
1.2.3
.
--2
e10
1e
--2
1e+
.
1ee2
000.e
abc
1e
1e+
0e
+
++1
+
1e+
0e
1e-
1e-
e10
e10
1.2.3
-
-
abc
1e-
e10
000.e
0e
e10
+
1ee2
0e
0e
--2
1e+
1.2.3
0e
.
.
e10
abc
.
-
000.e
1e-
-
abc
000.e
1ee2
1ee2
abc
1.2.3
+
1e+
+
abc
.
0e
++1
abc
1ee2
1e-
000.e
--2
.
+
000.e
abc
-
1e+
--2
1e
e10
1ee2
1ee2
+
1e+
++1
e10
--2
1e+
0e
.
--2
0e
+
1e-
.
0e
1e-
1e
1.2.3
1e
1e-
.
e10
+
++1
e10
000.e
0e
1e+
1e-
0e
000.e
000.e
1ee2
0e
1e+
1.2.3
1ee2
1e
1e+
++1
1ee2
000.e
000.e
1ee2
0e
e10
e10
-
000.e
abc
1e-
1ee2
000.e
--2
++1
.
1.2.3
++1
1e
0e
abc
1e
1e-
1e
-
1e+
0e
000.e
-
e10
1e+
1.2.3
-
-
--2
-
+
1.2.3
.
1e
1.2.3
1e+
1e
e10
abc
000.e
1.2.3
abc
1e-
--2
1e
abc
1e+
abc
1e+
1.2.3
++1
0e
-
-
e10
.
1e+
e10
+
+
1e+
1e
1e-
000.e
++1
1.2.3
abc
1e-
.
1e
1e-
1.2.3
0e
.
--2
0e
1ee2
000.e
++1
1ee2
e10
++1
0e
++1
+
-
1.2.3
1ee2
1e
+
1e-
1e-
000.e
1e
+
000.e
+
--2
--2
abc
abc
000.e
1ee2
0e
+
0e
+
1e+
e10
1.2.3
1e
000.e
1ee2
.
1e
abc
e10
1e-
000.e
1ee2
0e
.
1e
+
+
-
-
+
1e+
1ee2
000.e
+
.
--2
1e+
000.e
.
--2
.
000.e
++1
000.e
--2
1e+
1e-
1e-
abc
--2
1e-
--2
++1
0e
1e
1ee2
.
000.e
--2
++1
abc
0e
1ee2
--2
1ee2
+
1e
1.2.3
0e
++1
1e
+
+
-
1e-
1ee2
1ee2
000.e
1e+
1e+
1e-
+
.
++1
1e-
abc
1e
e10
1.2.3
1e
+
1e
0e
-
1e
--2
1.2.3
1e+
000.e
--2
.
.
-
000.e
-
000.e
1e+
1e
+
1ee2
000.e
0e
1ee2
-
1e
abc
1.2.3
1.2.3
1e-
1e+
1.2.3
e10
1e+
e10
e10
000.e
1ee2
-
abc
abc
1e-
1.2.3
1ee2
-
1.2.3
1.2.3
++1
abc
0e
.
1e
.
-
++1
e10
1e
1ee2
1e
000.e
abc
1e
1.2.3
.
1e
.
--2
000.e
abc
abc
++1
+
1ee2
1e-
e10
0e
1e
abc
000.e
e10
1.2.3
+
++1
abc
e10
1e
e10
1e-
+
1e-
++1
1e+
e10
e10
1e+
e10
.
0e
--2
.
1.2.3
abc
--2
--2
+
1e
-
000.e
1e
1e+
000.e
000.e
e10
e10
e10
abc
.
abc
1e+
1ee2
--2
1e
000.e
1.2.3
0e
-
.
-
--2
--2
-
1e+
++1
e10
000.e
1e-
000.e
++1
1ee2
1e
1e-
abc
+
.
.
+
-
++1
--2
-
-
1e+
abc
--2
-
1.2.3
1e+
0e
0e
--2
.
1.2.3
000.e
1e
--2
1e+
000.e
++1
-
+
++1
1ee2
1e
++1
--2
1ee2
1e+
.
--2
1e+
e10
--2
--2
-
--2
1ee2
1.2.3
e10
.
1.2.3
0e
+
1.2.3
000.e
+
e10
0e
--2
1e
1e
1.2.3
1e
--2
000.e
1.2.3
e10
0e
-
abc
--2
e10
+
1.2.3
++1
1e
0e
--2
1e+
+
1.2.3
1e-
000.e
1e+
000.e
1e
-
1e
0e
1e+
abc
abc
1e+
.
1e
000.e
-
++1
abc
1e-
1e
+
1e+
1.2.3
++1
1e+
000.e
1e+
1.2.3
000.e
abc
--2
1e
1.2.3
++1
000.e
1ee2
1e
+
1.2.3
0e
--2
0e
-
1e+
+
1ee2
abc
+
1ee2
1e+
+
1ee2
+
abc
1e+
0e
1e+
++1
0e
1ee2
1e+
1e+
1e-
000.e
1e+
1ee2
1ee2
+
1e+
.
1e-
1ee2
000.e
0e
.
-
1ee2
1ee2
1e
abc
1ee2
.
e10
1e+
+
1e
1e+
+
1e
++1
000.e
1e
-
+
+
.
e10
1e
1e+
-
0e
1ee2
+
1.2.3
0e
++1
1e-
1.2.3
1.2.3
e10
+
--2
--2
abc
++1
0e
0e
--2
1.2.3
+
+
0e
1e-
1e-
1e-
--2
1e-
1e
e10
000.e
1e
-
e10
1.2.3
++1
e10
1e
000.e
1.2.3
1e-
1e-
.
++1
.
-
+
1.2.3
+
-
abc
1.2.3
0e
abc
1e+
+
000.e
1.2.3
--2
0e
1.2.3
-
++1
1e
+
e10
--2
++1
abc
e10
-
-
000.e
abc
1ee2
1e
1.2.3
000.e
--2
--2
1.2.3
.
.
000.e
1e-
e10
0e
1ee2
1e+
+
--2
1.2.3
1e
+
1e-
0e
000.e
1.2.3
abc
0e
.
1e-
0e
1e+
1.2.3
1e
000.e
1e+
+
1ee2
--2
++1
--2
1ee2
e10
1e
--2
0e
1e
abc
0e
1.2.3
-
e10
1.2.3
1ee2
0e
.
1e
1ee2
0e
++1
1e+
+
+
000.e
1e
1e-
.
1e-
1e-
e10
1e
1e-
abc
000.e
0e
e10
1e-
1e
++1
0e
e10
1.2.3
1e+
-
1.2.3
--2
-
1ee2
--2
000.e
0e
e10
1e
000.e
+
e10
.
--2
1ee2
+
1ee2
-
++1
000.e
0e
--2
e10
-
--2
1e+
1.2.3
0e
abc
++1
1ee2
000.e
-
1e-
1e
1e-
++1
e10
0e
+
.
.
e10
1e+
.
1e+
-
1ee2
++1
1e+
000.e
1ee2
1.2.3
1ee2
1e+
++1
-
+
abc
1e
1.2.3
1.2.3
++1
abc
1e-
-
1ee2
0e
+
+
++1
e10
e10
1.2.3
000.e
abc
abc
-
e10
1e-
0e
1e+
.
.
++1
1ee2
0e
1ee2
e10
++1
1.2.3
+
-
1e-
1ee2
++1
--2
1e-
1e-
.
1.2.3
1e
1e-
1e-
1e+
-
+
1e
+
e10
1ee2
000.e
e10
--2
e10
1e+
1e
1e-
1ee2
0e
1e-
0e
--2
e10
abc
-
++1
++1
000.e
abc
1e-
000.e
e10
1.2.3
1ee2
1e-
-
1e+
-
e10
+
1e+
0e
1ee2
++1
0e
.
0e
1e+
e10
1e-
0e
0e
1e-
000.e
1ee2
0e
abc
++1
1.2.3
1e+
1e+
+
000.e
1.2.3
+
000.e
+
000.e
e10
1ee2
++1
1.2.3
1.2.3
1.2.3
abc
-
++1
1e-
1ee2
.
abc
-
1e-
1e
0e
-
+
+
0e
++1
1e-
1e
1ee2
000.e
1e
1ee2
1e+
1e-
1.2.3
1.2.3
+
1e+
abc
0e
1e-
+
1e+
1e+
1.2.3
e10
1e-
abc
+
++1
e10
abc
1e+
--2
e10
1.2.3
1.2.3
.
-
000.e
1ee2
1e+
1e
e10
1.2.3
1e
1e+
abc
1e-
-
1.2.3
0e
1e
-
1.2.3
1.2.3
.
0e
1e
1e-
-
++1
000.e
-
+
1e
1.2.3
e10
-
-
1ee2
abc
000.e
e10
1e
0e
e10
abc
+
1ee2
.
1e
0e
e10
abc
1e
1ee2
0e
1e
000.e
-
1e-
1e+
abc
--2
.
-
.
--2
1.2.3
+
1ee2
e10
--2
e10
1ee2
abc
000.e
0e
+
000.e
--2
.
+
+
000.e
1e+
-
0e
1e-
1.2.3
0e
+
0e
--2
++1
1e
+
000.e
1ee2
+
0e
000.e
1e
0e
1.2.3
--2
e10
0e
e10
1e
e10
.
.
1e+
000.e
+
--2
1ee2
000.e
1.2.3
1.2.3
1ee2
-
0e
--2
1e-
--2
1e-
--2
000.e
+
1ee2
+
1e
++1
.
0e
1e
1.2.3
1e
+
+
-
--2
.
000.e
++1
000.e
0e
000.e
e10
0e
++1
-
1ee2
abc
000.e
1e+
-
--2
e10
000.e
+
e10
+
1e-
--2
.
abc
1ee2
+
000.e
--2
e10
.
++1
0e
abc
1e-
e10
000.e
-
1ee2
1e-
.
++1
1ee2
abc
abc
1.2.3
++1
++1
0e
.
000.e
1ee2
1ee2
abc
++1
.
.
.
000.e
1.2.3
1e-
-
1e+
-
+
--2
--2
1e
+
e10
.
1e
000.e
.
--2
++1
e10
e10
1e+
-
1.2.3
1ee2
1ee2
--2
abc
1e+
.
--2
--2
+
-
e10
000.e
1e
-
1e+
++1
000.e
1e
1e+
e10
abc
e10
abc
.
1e-
1.2.3
++1
--2
-
000.e
1ee2
000.e
1ee2
000.e
++1
++1
--2
--2
abc
000.e
1ee2
.
-
1e-
0e
.
1e+
+
1e
1e-
000.e
1ee2
--2
+
0e
.
-
abc
-
0e
1e+
1ee2
0e
e10
000.e
abc
--2
1.2.3
abc
0e
-
1e+
--2
++1
.
1e+
--2
abc
000.e
e10
1ee2
.
1ee2
.
-
.
1e-
-
+
.
abc
-
1e+
000.e
.
++1
--2
1ee2
abc
-
e10
-
abc
+
e10
000.e
000.e
1e+
-
000.e
--2
000.e
1e
1e+
000.e
--2
000.e
000.e
1.2.3
000.e
1e-
e10
+
1ee2
abc
--2
e10
1.2.3
1e+
.
-
1ee2
.
abc
--2
1e+
0e
1.2.3
1e-
1ee2
++1
0e
-
-
1.2.3
e10
++1
1.2.3
1ee2
000.e
1e+
-
000.e
+
--2
.
1ee2
1e+
++1
e10
1e+
e10
-
-
1e-
++1
1e-
+
1e+
.
1e+
1e+
1e+
-
1e
abc
-
1.2.3
1.2.3
1.2.3
1.2.3
abc
+
1ee2
1e+
000.e
.
abc
1.2.3
1e
-
--2
1e+
1e+
--2
-
1ee2
1e
-
abc
1e-
0e
1e-
1ee2
+
e10
--2
000.e
1e-
1.2.3
abc
1e+
--2
abc
1.2.3
.
1.2.3
1.2.3
1ee2
1ee2
1e
000.e
1e+
+
000.e
e10
1e-
--2
1e
1e+
1e-
0e
abc
++1
--2
--2
0e
.
0e
abc
000.e
0e
1.2.3
000.e
1.2.3
1ee2
-
0e
0e
000.e
-
--2
-
0e
+
1e+
1e+
1e+
-
1ee2
1ee2
abc
1e-
1.2.3
-
0e
--2
++1
-
1e-
--2
-
1e-
-
1e
abc
1e+
1ee2
-
1e
1e
1e-
--2
1e-
1e-
1.2.3
1.2.3
0e
e10
1e+
e10
++1
++1
1ee2
-
0e
000.e
1.2.3
e10
+
--2
.
000.e
1e+
1e+
000.e
0e
0e
1e
e10
000.e
1e
1e
.
1ee2
--2
-
1e-
--2
000.e
abc
.
+
1e+
--2
.
1ee2
abc
abc
1ee2
1.2.3
abc
000.e
+
1e-
000.e
.
e10
000.e
0e
+
+
+
1ee2
e10
000.e
0e
1e-
.
1.2.3
abc
-
0e
-
1e
1e
1e
++1
.
0e
1e+
e10
1.2.3
1.2.3
-
-
abc
000.e
1e-
1.2.3
++1
+
++1
1.2.3
1e+
++1
1e-
+
0e
1e+
++1
-
1ee2
1ee2
1e
000.e
1e
-
.
.
1.2.3
++1
e10
++1
-
1.2.3
abc
1e-
-
+
1e+
++1
1e-
.
0e
--2
0e
.
1ee2
-
1.2.3
1e-
e10
1ee2
000.e
+
000.e
000.e
--2
1e
-
1ee2
--2
--2
e10
abc
.
1ee2
1ee2
1e+
++1
-
1.2.3
0e
--2
1e+
+
1e
0e
1ee2
e10
1e-
.
0e
abc
1e-
0e
1.2.3
1e
1e-
++1
-
+
000.e
abc
--2
+
000.e
1.2.3
e10
1.2.3
1.2.3
-
--2
abc
-
++1
+
+
-
1e
0e
+
abc
000.e
-
0e
.
--2
1ee2
-
1.2.3
--2
++1
0e
1.2.3
0e
1e
1ee2
0e
1e+
1.2.3
--2
++1
0e
+
0e
1e-
e10
-
abc
000.e
000.e
++1
000.e
1e+
+
000.e
-
1ee2
e10
1.2.3
1e
1e
.
abc
--2
1.2.3
1e+
abc
.
-
-
+
.
abc
e10
++1
--2
000.e
1.2.3
--2
000.e
1e
1.2.3
-
e10
++1
++1
1ee2
-
1e-
++1
abc
1.2.3
000.e
.
--2
0e
1.2.3
1ee2
abc
+
.
.
.
1.2.3
1e
abc
+
1e-
1ee2
1ee2
1e+
1ee2
0e
-
e10
++1
.
1ee2
++1
1e+
--2
e10
1ee2
1e
e10
e10
+
1e
abc
--2
.
++1
--2
1e
.
000.e
.
++1
abc
e10
++1
--2
000.e
0e
+
0e
1e-
0e
0e
0e
1ee2
+
e10
--2
abc
1e-
1.2.3
-
1.2.3
0e
-
--2
-
e10
000.e
+
000.e
.
1ee2
e10
000.e
e10
-
.
e10
000.e
.
e10
1.2.3
1ee2
e10
++1
1ee2
1ee2
e10
e10
abc
-
--2
1e
+
+
+
1e-
++1
1ee2
-
1e+
+
++1
1e
+
1.2.3
abc
1e+
000.e
1e
000.e
-
1e
1.2.3
+
++1
1e-
.
0e
++1
.
1e
-
-
-
++1
1e+
++1
e10
+
.
1e
1e-
e10
1e
0e
-
++1
1.2.3
1ee2
1ee2
1ee2
000.e
+
1e-
1e
e10
e10
--2
1ee2
1e-
000.e
1ee2
.
abc
000.e
++1
1e
--2
--2
1e+
.
000.e
++1
-
.
000.e
+
++1
1e
1e-
+
++1
0e
1.2.3
1e+
++1
1e
--2
1ee2
--2
1e-
-
1e+
1.2.3
.
1e-
1ee2
1e
1e+
000.e
--2
0e
1e-
0e
e10
1e-
1e
--2
000.e
1ee2
1e
--2
e10
e10
--2
0e
0e
e10
++1
--2
--2
0e
1e+
e10
1e
abc
1e+
e10
1e
1e+
1ee2
abc
e10
abc
--2
abc
++1
.
1.2.3
1e+
+
--2
1e-
abc
1e-
0e
e10
1ee2
000.e
-
1e+
++1
abc
abc
1ee2
000.e
0e
abc
++1
1e
++1
1e+
000.e
1e-
1.2.3
abc
abc
1e-
1ee2
1e
000.e
++1
0e
1e-
1ee2
0e
e10
.
-
e10
+
.
.
-
--2
--2
1ee2
+
.
e10
1ee2
1e-
.
-
1e+
--2
-
1e-
-
--2
1e+
1e-
1e+
--2
1e+
+
--2
--2
-
--2
0e
abc
1e+
0e
-
1e-
1ee2
.
0e
1e
0e
0e
e10
000.e
+
0e
++1
.
-
.
.
1ee2
1e+
abc
1e-
1ee2
1e
-
1e
1ee2
abc
1e-
e10
000.e
e10
1ee2
0e
0e
000.e
1e-
1e
.
++1
1.2.3
000.e
1e-
.
0e
1e-
abc
1e
abc
++1
--2
0e
abc
-
--2
1e-
abc
.
000.e
+
1ee2
1.2.3
e10
1e
000.e
++1
+
1.2.3
-
++1
1e-
1e-
1e
++1
000.e
e10
1e+
0e
--2
.
.
1e+
000.e
--2
1ee2
.
1.2.3
000.e
1e+
-
-
0e
1e+
1.2.3
1ee2
.
1e
.
1ee2
1ee2
1e-
abc
000.e
abc
000.e
1e
1e-
1.2.3
000.e
abc
+
-
1ee2
+
.
0e
++1
-
1ee2
1.2.3
+
e10
1e+
e10
e10
1.2.3
0e
1e-
000.e
--2
1e-
1ee2
abc
000.e
0e
1e-
e10
+
1.2.3
1e-
1ee2
0e
000.e
abc
.
1e
000.e
++1
0e
-
-
++1
.
1e-
.
000.e
1ee2
-
1e-
1e
1e-
e10
abc
++1
1.2.3
000.e
+
+
--2
-
1e-
++1
1ee2
abc
-
e10
000.e
1ee2
1.2.3
++1
++1
1e
++1
--2
1e
++1
abc
abc
000.e
1e
abc
.
+
000.e
abc
e10
1e
--2
abc
1.2.3
++1
+
++1
0e
+
e10
0e
0e
-
1.2.3
abc
0e
+
0e
--2
--2
++1
-
abc
--2
++1
+
++1
+
++1
1.2.3
0e
--2
1e+
+
+
++1
0e
e10
000.e
--2
1e+
abc
abc
1.2.3
1ee2
1e-
e10
1e
+
1.2.3
--2
1e+
.
1.2.3
++1
000.e
0e
1e
e10
1ee2
1.2.3
1.2.3
.
000.e
.
1e
-
1ee2
0e
1e+
-
1.2.3
0e
000.e
-
0e
+
++1
000.e
.
e10
+
.
.
0e
1e
.
-
1.2.3
++1
.
abc
abc
--2
1ee2
0e
++1
000.e
e10
1e+
e10
--2
abc
-
0e
.
1.2.3
0e
abc
000.e
.
1e
1e
+
000.e
0e
1e+
1e
1e
++1
1ee2
1e+
1ee2
1e+
--2
e10
1ee2
1e+
000.e
0e
0e
.
1e
--2
000.e
.
1e+
-
--2
-
1e-
1e-
-
1ee2
1.2.3
abc
1ee2
+
1.2.3
-
+
0e
++1
abc
1.2.3
.
1e-
++1
000.e
1e+
abc
-
0e
++1
e10
0e
.
+
.
1e-
0e
+
000.e
1.2.3
+
+
--2
1ee2
++1
1e+
1e+
--2
1.2.3
e10
0e
1e+
-
1.2.3
e10
abc
1ee2
++1
+
++1
1.2.3
e10
1e-
.
++1
-
1.2.3
e10
--2
1e-
.
e10
--2
000.e
e10
+
1e+
1e+
abc
--2
.
0e
0e
++1
-
+
1ee2
1e-
1e+
-
0e
.
+
000.e
1e
1e
--2
0e
+
0e
1ee2
0e
0e
--2
000.e
--2
1e-
--2
e10
1e-
0e
--2
++1
1e-
+
1.2.3
1e
000.e
1.2.3
1.2.3
000.e
-
1.2.3
1e
1e
1ee2
1ee2
0e
++1
e10
1e+
1e-
+
+
+
1ee2
1ee2
e10
e10
1e
0e
abc
++1
abc
1e
+
+
000.e
e10
e10
0e
--2
1e+
--2
1.2.3
1ee2
+
abc
e10
+
--2
000.e
1e+
abc
--2
0e
000.e
++1
1ee2
1.2.3
abc
+
1e-
++1
+
++1
.
-
-
1e
+
1.2.3
000.e
--2
++1
--2
-
1.2.3
1e+
1ee2
+
1.2.3
1e+
1e-
000.e
1e-
1e-
000.e
000.e
1e+
abc
-
++1
1ee2
0e
0e
e10
1.2.3
1.2.3
-
--2
000.e
1e-
+
000.e
1.2.3
e10
e10
1ee2
+
1e
1e
e10
+
1.2.3
abc
abc
abc
000.e
1e
0e
1e-
--2
1e-
0e
++1
-
--2
1ee2
.
000.e
e10
000.e
++1
1.2.3
+
1e+
1e
e10
1.2.3
1e-
1.2.3
--2
1e-
.
1.2.3
1e-
000.e
0e
abc
1e
.
1.2.3
1e
1ee2
--2
1ee2
++1
0e
1e+
0e
1.2.3
-
1e+
1ee2
1ee2
-
1ee2
0e
e10
abc
abc
abc
1e-
1.2.3
0e
1ee2
1e+
0e
--2
1ee2
e10
e10
--2
0e
1e
1e+
0e
1ee2
abc
+
e10
1e-
++1
1ee2
++1
abc
-
1.2.3
++1
-
0e
000.e
++1
--2
++1
-
abc
1e-
1e+
.
0e
.
abc
0e
1e-
abc
+
abc
1e-
000.e
+
1ee2
+
0e
.
abc
1ee2
1ee2
.
++1
e10
abc
e10
1ee2
++1
e10
000.e
.
--2
--2
1e+
1e-
1e-
0e
abc
--2
1ee2
abc
--2
-
e10
-
abc
000.e
e10
1.2.3
1e+
1e
+
abc
abc
1e
1.2.3
e10
1e-
+
.
--2
1.2.3
1.2.3
1e+
1e+
++1
1ee2
1e
1e+
-
++1
++1
--2
1ee2
e10
1ee2
.
e10
1e
e10
.
1e+
0e
-
-
1e
--2
abc
e10
1ee2
+
--2
-
1e+
1e-
1.2.3
.
1.2.3
+
1ee2
+
.
abc
0e
--2
e10
-
e10
-
+
abc
.
0e
++1
000.e
--2
1.2.3
--2
+
1.2.3
1.2.3
-
0e
1.2.3
--2
++1
1ee2
--2
.
000.e
+
abc
+
++1
.
1ee2
1e-
e10
1.2.3
.
+
1e
0e
1e+
e10
++1
abc
e10
.
--2
000.e
e10
0e
abc
1e-
.
1e
1e+
1.2.3
000.e
1.2.3
1.2.3
++1
.
1ee2
1e
1e
e10
1ee2
abc
++1
1.2.3
--2
1.2.3
1e+
-
000.e
+
0e
e10
1e
000.e
--2
1e-
1ee2
.
000.e
0e
--2
--2
1e-
e10
.
0e
-
1e+
0e
0e
1e+
0e
.
0e
++1
e10
000.e
1ee2
-
1e+
1e+
.
+
1ee2
+
.
--2
abc
--2
0e
abc
1e+
++1
.
0e
--2
1e-
++1
1e+
1.2.3
abc
e10
1e-
1e+
1e+
1ee2
0e
0e
1e+
e10
+
.
+
1e
+
abc
-
+
1ee2
0e
1e-
1ee2
abc
.
0e
1e+
abc
.
abc
0e
1ee2
--2
.
1e-
1e+
e10
1e
1.2.3
0e
++1
1e
++1
0e
-
1.2.3
e10
++1
e10
000.e
1e+
000.e
0e
.
1ee2
1.2.3
--2
+
e10
+
1.2.3
+
1e-
++1
--2
000.e
.
1ee2
000.e
000.e
1e
1ee2
1e+
1.2.3
1ee2
1e
1e-
.
1e
000.e
0e
e10
-
++1
0e
1e+
.
++1
--2
++1
++1
++1
1e+
.
e10
1e+
1e-
1e
000.e
1e
--2
1e
-
000.e
+
.
1.2.3
1e
1ee2
1e
000.e
1e
1ee2
1e-
--2
1e-
.
--2
1ee2
1.2.3
e10
1ee2
abc
1e+
1e+
1.2.3
1e
abc
0e
000.e
+
0e
1e+
abc
--2
.
e10
e10
-
0e
000.e
1e+
000.e
-
0e
--2
1ee2
.
+
1.2.3
1e+
1.2.3
.
1ee2
-
-
0e
000.e
1e
1ee2
000.e
1ee2
1e+
abc
+
-
1e-
+
--2
1e+
1.2.3
-
1.2.3
-
1e+
++1
e10
1e-
1e-
1e+
-
abc
1.2.3
000.e
++1
0e
1e-
1e+
abc
.
e10
.
-
1.2.3
abc
1ee2
e10
+
0e
1e-
1e+
abc
1ee2
1.2.3
1.2.3
abc
1e-
++1
1e
e10
++1
+
1e
000.e
abc
000.e
+
-
1e-
1e-
-
++1
++1
1e+
1e
1e
e10
e10
1e+
1e-
+
e10
e10
1.2.3
-
--2
-
e10
e10
0e
1e+
++1
-
1ee2
--2
abc
--2
000.e
1ee2
.
1.2.3
.
1e
1ee2
+
1ee2
--2
++1
abc
1e+
abc
++1
++1
1e-
++1
abc
1e
0e
1e
-
-
1e-
--2
1e-
1e-
abc
1.2.3
1e
abc
1e+
++1
abc
--2
1ee2
000.e
-
1e+
--2
.
1e-
-
1e+
1.2.3
-
1.2.3
-
1ee2
000.e
0e
1e
--2
1e
-
abc
000.e
1.2.3
000.e
-
1.2.3
1e-
1ee2
1e+
0e
--2
1.2.3
e10
000.e
1e
.
1e-
-
.
++1
000.e
1.2.3
+
000.e
000.e
-
.
-
000.e
000.e
.
++1
abc
1.2.3
.
1ee2
.
-
.
+
++1
abc
1ee2
1e
1e+
1e
1e
0e
1e-
1e+
-
1e+
1e-
1e
abc
1e-
.
1.2.3
000.e
1ee2
e10
-
.
000.e
0e
-
+
.
abc
0e
1e
.
e10
0e
000.e
++1
.
.
--2
.
1.2.3
1e+
1e+
1.2.3
--2
1.2.3
-
abc
+
--2
0e
++1
1.2.3
+
1e+
.
--2
1e-
1e+
+
1e
0e
1e-
+
1e-
0e
.
.
1ee2
000.e
--2
1e
000.e
1.2.3
--2
-
e10
abc
+
e10
e10
1e
1e-
abc
-
1e-
1e-
.
abc
abc
abc
0e
-
0e
abc
1.2.3
000.e
1e+
e10
1.2.3
1e-
--2
--2
1ee2
+
0e
1e+
0e
0e
000.e
1e
.
e10
1e
1.2.3
1e-
0e
+
000.e
1e
1e
--2
1e
1e-
1e
abc
e10
1.2.3
++1
.
1e+
--2
1ee2
e10
.
1e+
0e
-
--2
0e
1.2.3
+
0e
000.e
1e-
1e
abc
0e
abc
1.2.3
+
.
-
+
1ee2
e10
1ee2
1e+
-
e10
abc
++1
-
abc
e10
1.2.3
1.2.3
e10
--2
1e-
abc
1.2.3
--2
e10
.
1ee2
+
000.e
1e
++1
000.e
1e-
000.e
1e-
--2
1e+
--2
1.2.3
1e
1e-
abc
e10
1.2.3
1.2.3
000.e
e10
--2
+
-
1e+
++1
1ee2
--2
--2
-
1e
--2
0e
--2
.
+
1e+
1.2.3
1ee2
++1
-
e10
1e
e10
--2
e10
000.e
0e
++1
e10
.
0e
000.e
1ee2
000.e
.
0e
.
abc
1e-
0e
abc
1.2.3
1.2.3
abc
1e-
0e
.
++1
1.2.3
000.e
000.e
++1
-
.
000.e
+
abc
--2
--2
000.e
1ee2
+
--2
--2
1e-
e10
.
1.2.3
e10
0e
1e
1.2.3
e10
--2
abc
0e
+
abc
e10
.
000.e
-
1.2.3
1e+
1.2.3
-
--2
++1
-
.
000.e
1.2.3
0e
1ee2
+
1e-
+
0e
0e
1e-
-
1.2.3
0e
000.e
abc
0e
000.e
1e
e10
e10
1e
--2
1.2.3
1e+
1.2.3
000.e
++1
abc
1e+
-
000.e
0e
1e
+
++1
1e+
abc
e10
000.e
-
000.e
-
0e
1e-
1.2.3
--2
1.2.3
1e
abc
e10
1ee2
0e
0e
e10
1e+
0e
.
e10
1ee2
+
e10
1e-
-
1e
1e-
+
1e-
1e+
-
abc
--2
0e
++1
1e+
1e
+
000.e
000.e
.
1e-
0e
1.2.3
--2
1ee2
1e
+
.
1e+
--2
--2
e10
++1
1e
+
1.2.3
0e
1e+
1e-
-
--2
1.2.3
.
e10
e10
-
1e
1e
1e+
000.e
e10
000.e
1e-
abc
e10
.
e10
abc
.
.
1e-
.
1.2.3
1e
1e-
+
--2
++1
e10
abc
0e
abc
+
1ee2
1e+
abc
e10
1e
1ee2
1e-
1e
-
000.e
000.e
1e-
1ee2
+
1e-
-
1ee2
abc
1e
+
-
.
+
-
000.e
000.e
+
0e
-
1.2.3
1e-
1ee2
1e+
-
+
000.e
.
--2
1ee2
abc
++1
000.e
e10
+
0e
1.2.3
.
++1
.
e10
1ee2
.
-
++1
0e
1e+
+
1e
1e+
0e
1e-
1e-
abc
abc
0e
-
1ee2
000.e
abc
1ee2
1e-
+
++1
+
--2
1e+
1e-
e10
.
++1
1e
1e
1.2.3
.
0e
--2
1e-
0e
1ee2
.
1.2.3
0e
e10
0e
--2
1ee2
++1
+
+
abc
+
--2
+
++1
1ee2
1e+
1e+
1e
.
1ee2
1e-
1e
1e-
+
abc
1ee2
+
1e-
000.e
++1
1e-
--2
0e
--2
++1
1.2.3
+
0e
1ee2
1e-
1.2.3
1.2.3
e10
1.2.3
1ee2
1e-
abc
1e+
--2
1e-
+
000.e
abc
++1
1.2.3
+
+
0e
1.2.3
1e
abc
1.2.3
1ee2
1ee2
.
1e+
1e
0e
1e+
--2
abc
000.e
1e-
-
abc
1e+
++1
+
1e-
--2
.
++1
000.e
000.e
1.2.3
abc
1ee2
+
000.e
1.2.3
1.2.3
1.2.3
++1
-
e10
1e+
1e+
e10
-
1e
1.2.3
++1
++1
abc
.
+
+
abc
1e-
000.e
1e
--2
+
1e-
000.e
1e-
1e
1.2.3
++1
000.e
1e+
1e+
+
1ee2
1.2.3
000.e
1e-
0e
1e
1e+
0e
1e+
-
1e-
-
++1
1e+
.
1.2.3
0e
-
1.2.3
.
1e
1e+
--2
1.2.3
1.2.3
abc
-
1.2.3
1.2.3
1e
-
e10
e10
+
.
1e+
1.2.3
abc
1e
.
1.2.3
0e
1e+
-
1e+
abc
1e+
.
abc
000.e
000.e
+
+
--2
--2
abc
1e+
.
abc
1ee2
++1
e10
e10
0e
0e
++1
1ee2
1e+
0e
-
0e
.
0e
1ee2
+
++1
1ee2
1e-
--2
1e-
1ee2
0e
0e
++1
++1
1e
++1
+
1ee2
1ee2
000.e
1.2.3
1.2.3
e10
-
--2
+
abc
1ee2
.
0e
--2
1e-
000.e
1.2.3
abc
e10
.
1e-
-
--2
1e+
1ee2
1.2.3
1e
++1
-
1e
.
0e
+
1ee2
abc
000.e
e10
--2
.
++1
++1
1.2.3
1ee2
1e-
abc
.
++1
1.2.3
+
000.e
+
1.2.3
1e
1.2.3
+
1.2.3
--2
.
000.e
000.e
+
1e-
1.2.3
e10
1e+
1.2.3
+
1.2.3
0e
.
-
--2
+
--2
++1
000.e
1e+
--2
1ee2
+
000.e
+
.
e10
1.2.3
--2
--2
1e-
1e-
--2
000.e
-
+
1e
1e
-
.
abc
000.e
++1
1ee2
abc
e10
0e
0e
1e
e10
1e
0e
.
0e
--2
++1
e10
000.e
++1
-
++1
1e-
0e
-
1e+
.
++1
1ee2
abc
000.e
++1
1.2.3
1e
.
1ee2
.
1.2.3
1e+
abc
.
-
0e
e10
1e+
0e
1.2.3
1ee2
1e+
1e-
abc
1e
1e+
+
1e+
+
1e
1e
+
0e
1.2.3
e10
+
++1
1e
abc
000.e
1e-
--2
--2
--2
+
e10
abc
abc
.
--2
0e
0e
++1
e10
1e
+
-
++1
1e+
.
-
--2
1ee2
abc
++1
1ee2
1e
0e
e10
+
.
0e
abc
e10
+
+
++1
1e+
1e+
abc
.
.
1e-
-
1e+
1e+
000.e
--2
1e-
000.e
1e+
.
1e+
0e
1e
000.e
-
abc
.
000.e
++1
1e
000.e
+
1e+
-
abc
0e
000.e
e10
.
+
0e
1e+
1e+
.
1ee2
1e-
++1
--2
+
1ee2
.
e10
1e+
1.2.3
e10
0e
--2
++1
1e-
1ee2
1e+
+
e10
e10
1ee2
e10
000.e
1e
1e+
.
1.2.3
000.e
1e-
000.e
e10
.
-
e10
.
-
-
+
1e+
e10
e10
1e-
1.2.3
+
1e-
abc
0e
++1
1ee2
e10
1e-
e10
-
++1
.
1.2.3
e10
000.e
++1
.
000.e
1e+
1ee2
000.e
000.e
e10
--2
e10
--2
1e-
+
++1
1.2.3
1ee2
e10
abc
abc
e10
000.e
1ee2
abc
0e
1.2.3
abc
1e
0e
1e+
1e
0e
1.2.3
1ee2
-
-
000.e
+
+
1e+
e10
abc
abc
000.e
1e-
++1
0e
0e
-
-
000.e
1e-
1e
1.2.3
++1
-
0e
1e-
000.e
+
+
0e
abc
.
abc
1e+
++1
1e
--2
--2
1e+
.
.
e10
1e
.
++1
1e+
abc
1e
1e+
++1
++1
-
1e-
++1
e10
1e+
1.2.3
abc
.
000.e
.
1e
+
1.2.3
-
000.e
+
abc
+
1e
abc
1e
.
1e-
1e+
+
e10
1e-
++1
+
--2
1e-
abc
e10
000.e
--2
1ee2
1.2.3
000.e
1.2.3
--2
--2
1ee2
abc
1ee2
e10
000.e
1e+
1ee2
-
.
1e+
abc
1e
+
-
1e-
1e+
0e
++1
++1
-
+
--2
-
1e
1e
--2
--2
1e+
1ee2
1e
+
000.e
++1
1.2.3
--2
1e
1.2.3
.
abc
1e-
1e
1e-
e10
.
-
1.2.3
abc
1e-
1e-
abc
+
1e-
0e
abc
1e+
abc
+
1e+
-
1ee2
-
000.e
++1
+
+
.
1.2.3
1ee2
0e
+
abc
--2
+
1e
-
0e
-
.
0e
abc
+
1.2.3
1ee2
1e+
.
1ee2
1ee2
1e-
++1
++1
e10
1e
e10
+
1e
++1
000.e
--2
0e
1e-
-
0e
1.2.3
-
++1
000.e
e10
-
.
abc
1.2.3
1e
0e
1e+
1.2.3
1.2.3
e10
+
1.2.3
++1
++1
1e-
++1
1e
1e-
.
e10
000.e
+
0e
1e
1e+
+
.
000.e
e10
abc
e10
1e-
1ee2
0e
+
+
--2
1e
++1
.
e10
000.e
--2
1e+
000.e
000.e
000.e
1e+
e10
.
.
1e-
.
1e-
1ee2
.
0e
++1
1.2.3
e10
1e+
1e+
1.2.3
1e+
abc
e10
1e-
e10
1e+
1e
abc
--2
1e-
1.2.3
1e+
1e
-
1ee2
1e-
e10
000.e
000.e
1ee2
--2
abc
1ee2
1e-
+
000.e
000.e
0e
1e-
0e
1e+
abc
0e
e10
1e
+
--2
e10
1e-
1.2.3
-
1e-
--2
1e
+
1e-
1.2.3
000.e
-
e10
1.2.3
0e
1.2.3
--2
++1
++1
e10
1e-
++1
abc
+
.
e10
abc
+
--2
1e
1e+
1e-
1ee2
1.2.3
abc
1e-
0e
1.2.3
.
++1
000.e
1e+
+
.
0e
0e
.
1ee2
abc
abc
.
abc
e10
1e
1e
000.e
-
-
.
1e+
--2
+
1e+
.
1e
e10
--2
.
1ee2
-
abc
++1
1.2.3
000.e
1e
1e-
1ee2
--2
.
abc
1e-
--2
abc
.
--2
e10
--2
1e+
0e
1e-
+
--2
abc
1e+
1e+
++1
.
1.2.3
.
-
e10
abc
1e-
--2
1e-
1ee2
1ee2
0e
1e-
--2
++1
0e
-
1e-
.
-
000.e
1e+
1ee2
.
+
1e-
abc
1e+
1e+
1.2.3
1e
--2
e10
1e+
000.e
-
++1
1e
000.e
0e
++1
.
1e
0e
.
0e
.
1ee2
1e
1.2.3
abc
--2
abc
--2
abc
1e
000.e
1ee2
1e-
e10
--2
0e
000.e
1e-
0e
+
1ee2
--2
+
000.e
1.2.3
--2
1ee2
1e
1e+
1e+
1e+
+
0e
1.2.3
1e
0e
1e
abc
-
1ee2
-
000.e
1e+
++1
000.e
--2
-
000.e
-
1.2.3
1e+
--2
1.2.3
0e
--2
1e+
e10
.
-
000.e
abc
1e+
0e
1e+
-
e10
abc
abc
--2
1e+
1e+
-
1e-
++1
abc
000.e
1ee2
e10
0e
--2
abc
e10
1.2.3
-
1e-
1e
.
1ee2
1e-
000.e
-
0e
1e
000.e
0e
e10
++1
abc
1e
e10
+
.
-
+
--2
1.2.3
++1
1e-
++1
1e+
1.2.3
e10
1e+
abc
abc
1ee2
1ee2
000.e
1e
1e-
1e-
1e+
.
abc
--2
--2
abc
000.e
1ee2
++1
1.2.3
+
1e-
.
1e+
+
1e-
1e
1e+
e10
000.e
-
1.2.3
1ee2
1ee2
1.2.3
abc
--2
++1
-
000.e
1e-
1.2.3
abc
1e
+
1ee2
abc
1e-
e10
e10
1ee2
1ee2
-
0e
-
++1
+
1.2.3
0e
1e
-
0e
.
+
+
.
000.e
.
e10
1ee2
1e
e10
e10
1e
e10
1ee2
1ee2
++1
-
+
+
e10
1e-
1e+
1ee2
+
abc
1e-
+
000.e
1e-
1ee2
1.2.3
+
++1
++1
1e
+
0e
-
1e-
e10
0e
1e
-
1.2.3
1.2.3
1.2.3
+
++1
1e+
abc
.
-
-
1e+
000.e
1e-
1e
e10
0e
1.2.3
abc
.
1ee2
000.e
e10
++1
000.e
abc
1e-
-
1ee2
-
e10
1e
--2
abc
1e
abc
+
+
1e
-
1.2.3
++1
.
-
-
-
000.e
-
1e
1e+
--2
1e
1e-
1.2.3
abc
abc
.
.
--2
1.2.3
1e+
e10
1e+
1e+
000.e
1ee2
000.e
abc
--2
--2
abc
000.e
000.e
e10
e10
-
1e-
1e+
e10
1.2.3
1e
1e-
000.e
++1
++1
.
-
1.2.3
--2
.
.
--2
1e+
000.e
-
0e
+
1.2.3
1e-
e10
+
1.2.3
.
000.e
+
e10
1e
1.2.3
++1
-
000.e
e10
000.e
0e
1.2.3
1e
1ee2
--2
1e-
--2
1e-
000.e
++1
--2
e10
.
1e
--2
e10
1e-
1.2.3
++1
1ee2
++1
1e-
0e
1e
1e-
e10
1.2.3
abc
abc
++1
++1
abc
++1
000.e
1.2.3
e10
e10
++1
1ee2
1e+
-
.
+
+
e10
1e-
1e
1e-
1e
-
1.2.3
-
++1
+
1e-
--2
abc
++1
1.2.3
1e
1e+
+
--2
e10
1e+
--2
abc
+
1e-
1ee2
1.2.3
1ee2
abc
++1
e10
abc
e10
1ee2
1.2.3
1ee2
1ee2
.
abc
abc
1.2.3
e10
1e-
--2
e10
++1
abc
1e+
e10
+
000.e
1e-
--2
-
1e-
000.e
--2
abc
0e
1e+
1e+
000.e
000.e
000.e
.
1ee2
1.2.3
.
++1
-
++1
1e+
1.2.3
e10
1.2.3
++1
1.2.3
+
1ee2
+
abc
000.e
1e+
1e+
0e
1e
++1
000.e
1e+
0e
000.e
.
1e
1.2.3
1ee2
1e-
++1
+
abc
1.2.3
1e+
-
0e
--2
1.2.3
abc
0e
e10
+
-
+
--2
1.2.3
1ee2
++1
e10
1e-
000.e
1ee2
000.e
e10
1ee2
1ee2
1e+
e10
1e
--2
e10
000.e
e10
000.e
1e+
.
1e+
0e
1ee2
-
0e
1e
1e+
1e-
-
+
000.e
+
1.2.3
1e+
.
-
000.e
1e+
e10
.
.
e10
1ee2
e10
++1
+
1e+
.
1.2.3
1ee2
e10
++1
.
--2
++1
--2
000.e
--2
.
1e+
0e
-
abc
abc
abc
1ee2
1ee2
1ee2
1.2.3
1.2.3
0e
1.2.3
.
1e+
0e
1e-
.
++1
1e
1ee2
1ee2
+
1e
0e
000.e
0e
+
1e+
++1
1e
1e+
1e+
1ee2
1ee2
abc
000.e
e10
abc
--2
abc
.
++1
--2
000.e
1e-
0e
000.e
1ee2
e10
--2
+
-
e10
--2
e10
1.2.3
abc
e10
1e+
1.2.3
1e-
0e
.
1ee2
.
0e
abc
.
--2
+
e10
1e-
abc
0e
++1
1e
1e-
1e-
--2
abc
.
.
1e
-
1ee2
000.e
+
--2
1e-
--2
++1
++1
1.2.3
1e
++1
1e-
000.e
+
.
1ee2
0e
++1
1.2.3
.
1e+
1e
0e
000.e
--2
1e+
1e-
1e-
.
1.2.3
++1
abc
.
1e-
1e
abc
abc
000.e
e10
1e
1e+
abc
1e-
1e+
abc
-
.
e10
1e-
1ee2
1.2.3
000.e
1e-
+
e10
-
e10
+
+
1e
0e
1e-
.
1e-
++1
1e+
1e-
1ee2
++1
.
000.e
1.2.3
1e+
abc
1ee2
1ee2
e10
1.2.3
--2
0e
1e-
1.2.3
abc
000.e
1ee2
1.2.3
1ee2
1e-
1e+
1e
-
1.2.3
--2
--2
e10
1e
1e+
1ee2
1.2.3
1e
1ee2
1e
--2
+
1.2.3
1e-
abc
--2
1ee2
000.e
000.e
-
-
e10
--2
abc
++1
+
000.e
e10
.
1ee2
e10
1e-
1ee2
abc
+
e10
1.2.3
.
.
--2
1e-
abc
1e
1e
000.e
.
abc
e10
abc
1e
+
1e-
e10
0e
1e-
.
abc
+
-
--2
1e-
0e
e10
.
0e
-
1.2.3
+
-
1ee2
.
+
--2
.
0e
1e
1e-
++1
.
.
e10
-
1ee2
.
--2
1e+
+
+
-
--2
1e-
e10
-
1.2.3
+
1e+
+
1e
abc
++1
000.e
abc
-
-
++1
1e
1e+
1e-
-
0e
1e+
1ee2
e10
000.e
.
.
1.2.3
0e
++1
1.2.3
1.2.3
+
e10
++1
.
1e-
1ee2
1e-
-
--2
++1
0e
.
.
0e
1.2.3
1ee2
--2
-
000.e
abc
1e
+
1e
1ee2
1ee2
++1
.
1e+
1.2.3
+
+
+
+
1ee2
-
--2
++1
abc
1e
++1
-
1e
--2
1e+
1ee2
+
1.2.3
1e+
.
e10
000.e
.
1e-
1e-
-
1e-
1ee2
abc
0e
e10
-
1e-
++1
1e-
1e+
e10
--2
-
1.2.3
1e+
0e
0e
1e
--2
1e
1e+
0e
1.2.3
1e+
1e+
-
--2
1e
abc
1e-
1.2.3
000.e
1e+
000.e
0e
--2
-
.
1ee2
1.2.3
1.2.3
1ee2
1e
-
-
+
.
-
e10
+
-
++1
000.e
1e
000.e
1e+
000.e
-
--2
1ee2
0e
++1
-
1.2.3
1e+
.
-
0e
+
abc
--2
abc
000.e
1e+
abc
.
++1
1e-
1e-
0e
1.2.3
1.2.3
1e-
1e+
-
1e
abc
e10
.
abc
+
0e
1.2.3
--2
000.e
0e
--2
0e
++1
abc
1ee2
1.2.3
1e+
--2
1ee2
++1
+
1ee2
1ee2
-
e10
e10
1e-
1.2.3
1e-
1e-
++1
++1
.
++1
000.e
abc
-
abc
e10
++1
e10
1e+
1e
.
abc
e10
1e+
+
.
1e+
1e
+
1e+
e10
1e
-
++1
--2
1ee2
1e+
1e
.
1.2.3
++1
--2
1e+
-
000.e
++1
--2
++1
++1
--2
1e-
abc
1e-
++1
e10
e10
0e
e10
1.2.3
.
abc
1e+
++1
1e+
.
1e+
1e
1e-
+
++1
1e+
1e+
000.e
1e
1e
--2
e10
1.2.3
1e-
++1
0e
+
1e
+
--2
abc
++1
0e
1e-
1.2.3
1e+
1e+
e10
0e
0e
000.e
1e+
1.2.3
++1
1e-
--2
++1
1e
++1
++1
1.2.3
1.2.3
.
++1
.
--2
abc
-
abc
1ee2
1e-
0e
000.e
1e-
1e
1e
000.e
abc
1e-
e10
.
--2
-
+
1.2.3
+
--2
1e+
++1
1e+
0e
+
+
1.2.3
--2
+
abc
.
++1
abc
1e+
abc
1.2.3
+
++1
.
.
1e-
1.2.3
1e+
-
--2
0e
0e
000.e
0e
-
1.2.3
1e+
abc
1e
1e-
1e-
e10
1e-
.
1e
.
1e-
1.2.3
e10
.
1e
--2
+
1e-
+
1e+
1ee2
++1
0e
000.e
+
+
1e
e10
000.e
-
1e-
e10
e10
000.e
++1
0e
abc
1e+
1e-
++1
-
1ee2
0e
0e
1.2.3
e10
1ee2
.
.
1ee2
1e
1e-
1e-
000.e
1e
++1
--2
1.2.3
1.2.3
1ee2
e10
1e
-
1e-
--2
++1
e10
1e-
000.e
++1
1e+
++1
1.2.3
000.e
.
++1
--2
.
e10
1ee2
1e-
1.2.3
1e+
1.2.3
.
1ee2
1e+
e10
000.e
.
--2
+
000.e
abc
++1
abc
000.e
1ee2
0e
1e
e10
1e-
1e
--2
000.e
1.2.3
--2
000.e
000.e
+
1.2.3
-
1e-
1ee2
1ee2
1e
000.e
1e-
+
1e-
.
-
0e
000.e
1e
000.e
.
0e
000.e
-
-
+
++1
abc
0e
abc
1e+
1ee2
0e
000.e
1.2.3
+
abc
0e
e10
1e+
1ee2
++1
1e-
1e+
abc
0e
--2
.
-
--2
0e
1.2.3
++1
abc
000.e
1e-
+
1e
++1
-
1e+
--2
+
0e
e10
-
++1
++1
e10
1e-
.
1e-
+
-
1e-
e10
000.e
--2
+
1.2.3
000.e
abc
++1
000.e
0e
-
1e
--2
e10
+
1e
++1
1e
abc
1ee2
e10
